
NR_DPUS:500
NR_TASKLETS:12
NR_SEATS_PER_DPU:12
NUM Trees per DPU(init):3
NUM Trees per DPU(max):12
no. of requests per batch: 1000000
Allocated 0 DPU(s)
[Debug at /home/okudahi/upmem-sdk/bp-forest-exp/bp-forest/host/src/host.cpp:223] inserting initial keys
DPU initialization:0.00000
initialization finished
zipfian_const, NR_DPUS, NR_TASKLETS, batch_num, num_keys, max_query_num, preprocess_time1, preprocess_time2, migration_plan_time, migration_time, send_time, execution_time, recieve_result_time, merge_time, batch_time, throughput
======= batch 0 =======
key_index before (DPU 0) [0]=   0 [1]=138765 [2]=210607 [3]=258691 [4]=258691 [5]=258691 [6]=258691 [7]=258691 [8]=258691 [9]=258691 [10]=258691 [11]=258691 [12]=258691 
key_index before (DPU 1) [0]=   0 [1]=32939 [2]=58898 [3]=80228 [4]=80228 [5]=80228 [6]=80228 [7]=80228 [8]=80228 [9]=80228 [10]=80228 [11]=80228 [12]=80228 
key_index before (DPU 2) [0]=   0 [1]=17807 [2]=33411 [3]=46975 [4]=46975 [5]=46975 [6]=46975 [7]=46975 [8]=46975 [9]=46975 [10]=46975 [11]=46975 [12]=46975 
key_index before (DPU 3) [0]=   0 [1]=12243 [2]=23774 [3]=33883 [4]=33883 [5]=33883 [6]=33883 [7]=33883 [8]=33883 [9]=33883 [10]=33883 [11]=33883 [12]=33883 
key_index before (DPU 4) [0]=   0 [1]=9501 [2]=18131 [3]=26239 [4]=26239 [5]=26239 [6]=26239 [7]=26239 [8]=26239 [9]=26239 [10]=26239 [11]=26239 [12]=26239 
key_index before (DPU 5) [0]=   0 [1]=7634 [2]=14661 [3]=21450 [4]=21450 [5]=21450 [6]=21450 [7]=21450 [8]=21450 [9]=21450 [10]=21450 [11]=21450 [12]=21450 
key_index before (DPU 6) [0]=   0 [1]=6428 [2]=12468 [3]=18347 [4]=18347 [5]=18347 [6]=18347 [7]=18347 [8]=18347 [9]=18347 [10]=18347 [11]=18347 [12]=18347 
key_index before (DPU 7) [0]=   0 [1]=5456 [2]=10652 [3]=15651 [4]=15651 [5]=15651 [6]=15651 [7]=15651 [8]=15651 [9]=15651 [10]=15651 [11]=15651 [12]=15651 
key_index before (DPU 8) [0]=   0 [1]=4861 [2]=9472 [3]=13954 [4]=13954 [5]=13954 [6]=13954 [7]=13954 [8]=13954 [9]=13954 [10]=13954 [11]=13954 [12]=13954 
key_index before (DPU 9) [0]=   0 [1]=4260 [2]=8425 [3]=12507 [4]=12507 [5]=12507 [6]=12507 [7]=12507 [8]=12507 [9]=12507 [10]=12507 [11]=12507 [12]=12507 
key_index before (DPU 10) [0]=   0 [1]=3840 [2]=7621 [3]=11223 [4]=11223 [5]=11223 [6]=11223 [7]=11223 [8]=11223 [9]=11223 [10]=11223 [11]=11223 [12]=11223 
key_index before (DPU 11) [0]=   0 [1]=3604 [2]=7090 [3]=10484 [4]=10484 [5]=10484 [6]=10484 [7]=10484 [8]=10484 [9]=10484 [10]=10484 [11]=10484 [12]=10484 
key_index before (DPU 12) [0]=   0 [1]=3314 [2]=6335 [3]=9437 [4]=9437 [5]=9437 [6]=9437 [7]=9437 [8]=9437 [9]=9437 [10]=9437 [11]=9437 [12]=9437 
key_index before (DPU 13) [0]=   0 [1]=2974 [2]=5882 [3]=8715 [4]=8715 [5]=8715 [6]=8715 [7]=8715 [8]=8715 [9]=8715 [10]=8715 [11]=8715 [12]=8715 
key_index before (DPU 14) [0]=   0 [1]=2799 [2]=5538 [3]=8202 [4]=8202 [5]=8202 [6]=8202 [7]=8202 [8]=8202 [9]=8202 [10]=8202 [11]=8202 [12]=8202 
key_index before (DPU 15) [0]=   0 [1]=2660 [2]=5315 [3]=7840 [4]=7840 [5]=7840 [6]=7840 [7]=7840 [8]=7840 [9]=7840 [10]=7840 [11]=7840 [12]=7840 
key_index before (DPU 16) [0]=   0 [1]=2362 [2]=4799 [3]=7208 [4]=7208 [5]=7208 [6]=7208 [7]=7208 [8]=7208 [9]=7208 [10]=7208 [11]=7208 [12]=7208 
key_index before (DPU 17) [0]=   0 [1]=2337 [2]=4617 [3]=6824 [4]=6824 [5]=6824 [6]=6824 [7]=6824 [8]=6824 [9]=6824 [10]=6824 [11]=6824 [12]=6824 
key_index before (DPU 18) [0]=   0 [1]=2195 [2]=4346 [3]=6500 [4]=6500 [5]=6500 [6]=6500 [7]=6500 [8]=6500 [9]=6500 [10]=6500 [11]=6500 [12]=6500 
key_index before (DPU 19) [0]=   0 [1]=2031 [2]=4031 [3]=6083 [4]=6083 [5]=6083 [6]=6083 [7]=6083 [8]=6083 [9]=6083 [10]=6083 [11]=6083 [12]=6083 
key_index before (DPU 20) [0]=   0 [1]=2019 [2]=3955 [3]=5765 [4]=5765 [5]=5765 [6]=5765 [7]=5765 [8]=5765 [9]=5765 [10]=5765 [11]=5765 [12]=5765 
key_index before (DPU 21) [0]=   0 [1]=1808 [2]=3619 [3]=5370 [4]=5370 [5]=5370 [6]=5370 [7]=5370 [8]=5370 [9]=5370 [10]=5370 [11]=5370 [12]=5370 
key_index before (DPU 22) [0]=   0 [1]=1800 [2]=3547 [3]=5308 [4]=5308 [5]=5308 [6]=5308 [7]=5308 [8]=5308 [9]=5308 [10]=5308 [11]=5308 [12]=5308 
key_index before (DPU 23) [0]=   0 [1]=1792 [2]=3514 [3]=5218 [4]=5218 [5]=5218 [6]=5218 [7]=5218 [8]=5218 [9]=5218 [10]=5218 [11]=5218 [12]=5218 
key_index before (DPU 24) [0]=   0 [1]=1607 [2]=3219 [3]=4893 [4]=4893 [5]=4893 [6]=4893 [7]=4893 [8]=4893 [9]=4893 [10]=4893 [11]=4893 [12]=4893 
key_index before (DPU 25) [0]=   0 [1]=1550 [2]=3124 [3]=4643 [4]=4643 [5]=4643 [6]=4643 [7]=4643 [8]=4643 [9]=4643 [10]=4643 [11]=4643 [12]=4643 
key_index before (DPU 26) [0]=   0 [1]=1482 [2]=2935 [3]=4492 [4]=4492 [5]=4492 [6]=4492 [7]=4492 [8]=4492 [9]=4492 [10]=4492 [11]=4492 [12]=4492 
key_index before (DPU 27) [0]=   0 [1]=1460 [2]=2892 [3]=4361 [4]=4361 [5]=4361 [6]=4361 [7]=4361 [8]=4361 [9]=4361 [10]=4361 [11]=4361 [12]=4361 
key_index before (DPU 28) [0]=   0 [1]=1428 [2]=2784 [3]=4114 [4]=4114 [5]=4114 [6]=4114 [7]=4114 [8]=4114 [9]=4114 [10]=4114 [11]=4114 [12]=4114 
key_index before (DPU 29) [0]=   0 [1]=1375 [2]=2713 [3]=4076 [4]=4076 [5]=4076 [6]=4076 [7]=4076 [8]=4076 [9]=4076 [10]=4076 [11]=4076 [12]=4076 
key_index before (DPU 30) [0]=   0 [1]=1359 [2]=2659 [3]=3920 [4]=3920 [5]=3920 [6]=3920 [7]=3920 [8]=3920 [9]=3920 [10]=3920 [11]=3920 [12]=3920 
key_index before (DPU 31) [0]=   0 [1]=1282 [2]=2531 [3]=3755 [4]=3755 [5]=3755 [6]=3755 [7]=3755 [8]=3755 [9]=3755 [10]=3755 [11]=3755 [12]=3755 
key_index before (DPU 32) [0]=   0 [1]=1220 [2]=2441 [3]=3651 [4]=3651 [5]=3651 [6]=3651 [7]=3651 [8]=3651 [9]=3651 [10]=3651 [11]=3651 [12]=3651 
key_index before (DPU 33) [0]=   0 [1]=1191 [2]=2477 [3]=3693 [4]=3693 [5]=3693 [6]=3693 [7]=3693 [8]=3693 [9]=3693 [10]=3693 [11]=3693 [12]=3693 
key_index before (DPU 34) [0]=   0 [1]=1232 [2]=2362 [3]=3475 [4]=3475 [5]=3475 [6]=3475 [7]=3475 [8]=3475 [9]=3475 [10]=3475 [11]=3475 [12]=3475 
key_index before (DPU 35) [0]=   0 [1]=1103 [2]=2184 [3]=3313 [4]=3313 [5]=3313 [6]=3313 [7]=3313 [8]=3313 [9]=3313 [10]=3313 [11]=3313 [12]=3313 
key_index before (DPU 36) [0]=   0 [1]=1147 [2]=2254 [3]=3332 [4]=3332 [5]=3332 [6]=3332 [7]=3332 [8]=3332 [9]=3332 [10]=3332 [11]=3332 [12]=3332 
key_index before (DPU 37) [0]=   0 [1]=1082 [2]=2145 [3]=3226 [4]=3226 [5]=3226 [6]=3226 [7]=3226 [8]=3226 [9]=3226 [10]=3226 [11]=3226 [12]=3226 
key_index before (DPU 38) [0]=   0 [1]=1052 [2]=2058 [3]=3140 [4]=3140 [5]=3140 [6]=3140 [7]=3140 [8]=3140 [9]=3140 [10]=3140 [11]=3140 [12]=3140 
key_index before (DPU 39) [0]=   0 [1]=1022 [2]=2089 [3]=3062 [4]=3062 [5]=3062 [6]=3062 [7]=3062 [8]=3062 [9]=3062 [10]=3062 [11]=3062 [12]=3062 
key_index before (DPU 40) [0]=   0 [1]= 996 [2]=2019 [3]=3022 [4]=3022 [5]=3022 [6]=3022 [7]=3022 [8]=3022 [9]=3022 [10]=3022 [11]=3022 [12]=3022 
key_index before (DPU 41) [0]=   0 [1]= 977 [2]=2003 [3]=2993 [4]=2993 [5]=2993 [6]=2993 [7]=2993 [8]=2993 [9]=2993 [10]=2993 [11]=2993 [12]=2993 
key_index before (DPU 42) [0]=   0 [1]= 987 [2]=1922 [3]=2862 [4]=2862 [5]=2862 [6]=2862 [7]=2862 [8]=2862 [9]=2862 [10]=2862 [11]=2862 [12]=2862 
key_index before (DPU 43) [0]=   0 [1]= 919 [2]=1849 [3]=2783 [4]=2783 [5]=2783 [6]=2783 [7]=2783 [8]=2783 [9]=2783 [10]=2783 [11]=2783 [12]=2783 
key_index before (DPU 44) [0]=   0 [1]= 928 [2]=1831 [3]=2710 [4]=2710 [5]=2710 [6]=2710 [7]=2710 [8]=2710 [9]=2710 [10]=2710 [11]=2710 [12]=2710 
key_index before (DPU 45) [0]=   0 [1]= 846 [2]=1741 [3]=2591 [4]=2591 [5]=2591 [6]=2591 [7]=2591 [8]=2591 [9]=2591 [10]=2591 [11]=2591 [12]=2591 
key_index before (DPU 46) [0]=   0 [1]= 807 [2]=1709 [3]=2542 [4]=2542 [5]=2542 [6]=2542 [7]=2542 [8]=2542 [9]=2542 [10]=2542 [11]=2542 [12]=2542 
key_index before (DPU 47) [0]=   0 [1]= 865 [2]=1639 [3]=2518 [4]=2518 [5]=2518 [6]=2518 [7]=2518 [8]=2518 [9]=2518 [10]=2518 [11]=2518 [12]=2518 
key_index before (DPU 48) [0]=   0 [1]= 866 [2]=1691 [3]=2518 [4]=2518 [5]=2518 [6]=2518 [7]=2518 [8]=2518 [9]=2518 [10]=2518 [11]=2518 [12]=2518 
key_index before (DPU 49) [0]=   0 [1]= 786 [2]=1592 [3]=2415 [4]=2415 [5]=2415 [6]=2415 [7]=2415 [8]=2415 [9]=2415 [10]=2415 [11]=2415 [12]=2415 
key_index before (DPU 50) [0]=   0 [1]= 784 [2]=1556 [3]=2326 [4]=2326 [5]=2326 [6]=2326 [7]=2326 [8]=2326 [9]=2326 [10]=2326 [11]=2326 [12]=2326 
key_index before (DPU 51) [0]=   0 [1]= 723 [2]=1494 [3]=2253 [4]=2253 [5]=2253 [6]=2253 [7]=2253 [8]=2253 [9]=2253 [10]=2253 [11]=2253 [12]=2253 
key_index before (DPU 52) [0]=   0 [1]= 773 [2]=1557 [3]=2312 [4]=2312 [5]=2312 [6]=2312 [7]=2312 [8]=2312 [9]=2312 [10]=2312 [11]=2312 [12]=2312 
key_index before (DPU 53) [0]=   0 [1]= 743 [2]=1498 [3]=2249 [4]=2249 [5]=2249 [6]=2249 [7]=2249 [8]=2249 [9]=2249 [10]=2249 [11]=2249 [12]=2249 
key_index before (DPU 54) [0]=   0 [1]= 783 [2]=1525 [3]=2245 [4]=2245 [5]=2245 [6]=2245 [7]=2245 [8]=2245 [9]=2245 [10]=2245 [11]=2245 [12]=2245 
key_index before (DPU 55) [0]=   0 [1]= 717 [2]=1421 [3]=2174 [4]=2174 [5]=2174 [6]=2174 [7]=2174 [8]=2174 [9]=2174 [10]=2174 [11]=2174 [12]=2174 
key_index before (DPU 56) [0]=   0 [1]= 694 [2]=1412 [3]=2127 [4]=2127 [5]=2127 [6]=2127 [7]=2127 [8]=2127 [9]=2127 [10]=2127 [11]=2127 [12]=2127 
key_index before (DPU 57) [0]=   0 [1]= 661 [2]=1334 [3]=2035 [4]=2035 [5]=2035 [6]=2035 [7]=2035 [8]=2035 [9]=2035 [10]=2035 [11]=2035 [12]=2035 
key_index before (DPU 58) [0]=   0 [1]= 686 [2]=1372 [3]=2046 [4]=2046 [5]=2046 [6]=2046 [7]=2046 [8]=2046 [9]=2046 [10]=2046 [11]=2046 [12]=2046 
key_index before (DPU 59) [0]=   0 [1]= 656 [2]=1314 [3]=2045 [4]=2045 [5]=2045 [6]=2045 [7]=2045 [8]=2045 [9]=2045 [10]=2045 [11]=2045 [12]=2045 
key_index before (DPU 60) [0]=   0 [1]= 685 [2]=1351 [3]=2060 [4]=2060 [5]=2060 [6]=2060 [7]=2060 [8]=2060 [9]=2060 [10]=2060 [11]=2060 [12]=2060 
key_index before (DPU 61) [0]=   0 [1]= 679 [2]=1288 [3]=1966 [4]=1966 [5]=1966 [6]=1966 [7]=1966 [8]=1966 [9]=1966 [10]=1966 [11]=1966 [12]=1966 
key_index before (DPU 62) [0]=   0 [1]= 650 [2]=1285 [3]=1893 [4]=1893 [5]=1893 [6]=1893 [7]=1893 [8]=1893 [9]=1893 [10]=1893 [11]=1893 [12]=1893 
key_index before (DPU 63) [0]=   0 [1]= 632 [2]=1249 [3]=1851 [4]=1851 [5]=1851 [6]=1851 [7]=1851 [8]=1851 [9]=1851 [10]=1851 [11]=1851 [12]=1851 
key_index before (DPU 64) [0]=   0 [1]= 644 [2]=1280 [3]=1909 [4]=1909 [5]=1909 [6]=1909 [7]=1909 [8]=1909 [9]=1909 [10]=1909 [11]=1909 [12]=1909 
key_index before (DPU 65) [0]=   0 [1]= 646 [2]=1248 [3]=1818 [4]=1818 [5]=1818 [6]=1818 [7]=1818 [8]=1818 [9]=1818 [10]=1818 [11]=1818 [12]=1818 
key_index before (DPU 66) [0]=   0 [1]= 641 [2]=1266 [3]=1874 [4]=1874 [5]=1874 [6]=1874 [7]=1874 [8]=1874 [9]=1874 [10]=1874 [11]=1874 [12]=1874 
key_index before (DPU 67) [0]=   0 [1]= 630 [2]=1245 [3]=1825 [4]=1825 [5]=1825 [6]=1825 [7]=1825 [8]=1825 [9]=1825 [10]=1825 [11]=1825 [12]=1825 
key_index before (DPU 68) [0]=   0 [1]= 613 [2]=1192 [3]=1833 [4]=1833 [5]=1833 [6]=1833 [7]=1833 [8]=1833 [9]=1833 [10]=1833 [11]=1833 [12]=1833 
key_index before (DPU 69) [0]=   0 [1]= 597 [2]=1144 [3]=1746 [4]=1746 [5]=1746 [6]=1746 [7]=1746 [8]=1746 [9]=1746 [10]=1746 [11]=1746 [12]=1746 
key_index before (DPU 70) [0]=   0 [1]= 583 [2]=1153 [3]=1680 [4]=1680 [5]=1680 [6]=1680 [7]=1680 [8]=1680 [9]=1680 [10]=1680 [11]=1680 [12]=1680 
key_index before (DPU 71) [0]=   0 [1]= 579 [2]=1124 [3]=1674 [4]=1674 [5]=1674 [6]=1674 [7]=1674 [8]=1674 [9]=1674 [10]=1674 [11]=1674 [12]=1674 
key_index before (DPU 72) [0]=   0 [1]= 545 [2]=1121 [3]=1684 [4]=1684 [5]=1684 [6]=1684 [7]=1684 [8]=1684 [9]=1684 [10]=1684 [11]=1684 [12]=1684 
key_index before (DPU 73) [0]=   0 [1]= 541 [2]=1099 [3]=1653 [4]=1653 [5]=1653 [6]=1653 [7]=1653 [8]=1653 [9]=1653 [10]=1653 [11]=1653 [12]=1653 
key_index before (DPU 74) [0]=   0 [1]= 539 [2]=1086 [3]=1611 [4]=1611 [5]=1611 [6]=1611 [7]=1611 [8]=1611 [9]=1611 [10]=1611 [11]=1611 [12]=1611 
key_index before (DPU 75) [0]=   0 [1]= 518 [2]=1058 [3]=1586 [4]=1586 [5]=1586 [6]=1586 [7]=1586 [8]=1586 [9]=1586 [10]=1586 [11]=1586 [12]=1586 
key_index before (DPU 76) [0]=   0 [1]= 560 [2]=1092 [3]=1636 [4]=1636 [5]=1636 [6]=1636 [7]=1636 [8]=1636 [9]=1636 [10]=1636 [11]=1636 [12]=1636 
key_index before (DPU 77) [0]=   0 [1]= 551 [2]=1093 [3]=1580 [4]=1580 [5]=1580 [6]=1580 [7]=1580 [8]=1580 [9]=1580 [10]=1580 [11]=1580 [12]=1580 
key_index before (DPU 78) [0]=   0 [1]= 538 [2]=1053 [3]=1551 [4]=1551 [5]=1551 [6]=1551 [7]=1551 [8]=1551 [9]=1551 [10]=1551 [11]=1551 [12]=1551 
key_index before (DPU 79) [0]=   0 [1]= 507 [2]=1024 [3]=1537 [4]=1537 [5]=1537 [6]=1537 [7]=1537 [8]=1537 [9]=1537 [10]=1537 [11]=1537 [12]=1537 
key_index before (DPU 80) [0]=   0 [1]= 473 [2]= 966 [3]=1477 [4]=1477 [5]=1477 [6]=1477 [7]=1477 [8]=1477 [9]=1477 [10]=1477 [11]=1477 [12]=1477 
key_index before (DPU 81) [0]=   0 [1]= 502 [2]= 988 [3]=1498 [4]=1498 [5]=1498 [6]=1498 [7]=1498 [8]=1498 [9]=1498 [10]=1498 [11]=1498 [12]=1498 
key_index before (DPU 82) [0]=   0 [1]= 515 [2]=1021 [3]=1484 [4]=1484 [5]=1484 [6]=1484 [7]=1484 [8]=1484 [9]=1484 [10]=1484 [11]=1484 [12]=1484 
key_index before (DPU 83) [0]=   0 [1]= 440 [2]= 925 [3]=1402 [4]=1402 [5]=1402 [6]=1402 [7]=1402 [8]=1402 [9]=1402 [10]=1402 [11]=1402 [12]=1402 
key_index before (DPU 84) [0]=   0 [1]= 492 [2]= 965 [3]=1445 [4]=1445 [5]=1445 [6]=1445 [7]=1445 [8]=1445 [9]=1445 [10]=1445 [11]=1445 [12]=1445 
key_index before (DPU 85) [0]=   0 [1]= 454 [2]= 924 [3]=1397 [4]=1397 [5]=1397 [6]=1397 [7]=1397 [8]=1397 [9]=1397 [10]=1397 [11]=1397 [12]=1397 
key_index before (DPU 86) [0]=   0 [1]= 482 [2]= 927 [3]=1356 [4]=1356 [5]=1356 [6]=1356 [7]=1356 [8]=1356 [9]=1356 [10]=1356 [11]=1356 [12]=1356 
key_index before (DPU 87) [0]=   0 [1]= 419 [2]= 915 [3]=1358 [4]=1358 [5]=1358 [6]=1358 [7]=1358 [8]=1358 [9]=1358 [10]=1358 [11]=1358 [12]=1358 
key_index before (DPU 88) [0]=   0 [1]= 446 [2]= 898 [3]=1363 [4]=1363 [5]=1363 [6]=1363 [7]=1363 [8]=1363 [9]=1363 [10]=1363 [11]=1363 [12]=1363 
key_index before (DPU 89) [0]=   0 [1]= 481 [2]= 931 [3]=1348 [4]=1348 [5]=1348 [6]=1348 [7]=1348 [8]=1348 [9]=1348 [10]=1348 [11]=1348 [12]=1348 
key_index before (DPU 90) [0]=   0 [1]= 449 [2]= 878 [3]=1307 [4]=1307 [5]=1307 [6]=1307 [7]=1307 [8]=1307 [9]=1307 [10]=1307 [11]=1307 [12]=1307 
key_index before (DPU 91) [0]=   0 [1]= 487 [2]= 927 [3]=1373 [4]=1373 [5]=1373 [6]=1373 [7]=1373 [8]=1373 [9]=1373 [10]=1373 [11]=1373 [12]=1373 
key_index before (DPU 92) [0]=   0 [1]= 440 [2]= 836 [3]=1241 [4]=1241 [5]=1241 [6]=1241 [7]=1241 [8]=1241 [9]=1241 [10]=1241 [11]=1241 [12]=1241 
key_index before (DPU 93) [0]=   0 [1]= 444 [2]= 891 [3]=1303 [4]=1303 [5]=1303 [6]=1303 [7]=1303 [8]=1303 [9]=1303 [10]=1303 [11]=1303 [12]=1303 
key_index before (DPU 94) [0]=   0 [1]= 410 [2]= 850 [3]=1265 [4]=1265 [5]=1265 [6]=1265 [7]=1265 [8]=1265 [9]=1265 [10]=1265 [11]=1265 [12]=1265 
key_index before (DPU 95) [0]=   0 [1]= 415 [2]= 876 [3]=1284 [4]=1284 [5]=1284 [6]=1284 [7]=1284 [8]=1284 [9]=1284 [10]=1284 [11]=1284 [12]=1284 
key_index before (DPU 96) [0]=   0 [1]= 433 [2]= 892 [3]=1291 [4]=1291 [5]=1291 [6]=1291 [7]=1291 [8]=1291 [9]=1291 [10]=1291 [11]=1291 [12]=1291 
key_index before (DPU 97) [0]=   0 [1]= 378 [2]= 774 [3]=1191 [4]=1191 [5]=1191 [6]=1191 [7]=1191 [8]=1191 [9]=1191 [10]=1191 [11]=1191 [12]=1191 
key_index before (DPU 98) [0]=   0 [1]= 418 [2]= 813 [3]=1229 [4]=1229 [5]=1229 [6]=1229 [7]=1229 [8]=1229 [9]=1229 [10]=1229 [11]=1229 [12]=1229 
key_index before (DPU 99) [0]=   0 [1]= 415 [2]= 831 [3]=1237 [4]=1237 [5]=1237 [6]=1237 [7]=1237 [8]=1237 [9]=1237 [10]=1237 [11]=1237 [12]=1237 
key_index before (DPU 100) [0]=   0 [1]= 404 [2]= 795 [3]=1210 [4]=1210 [5]=1210 [6]=1210 [7]=1210 [8]=1210 [9]=1210 [10]=1210 [11]=1210 [12]=1210 
key_index before (DPU 101) [0]=   0 [1]= 387 [2]= 818 [3]=1218 [4]=1218 [5]=1218 [6]=1218 [7]=1218 [8]=1218 [9]=1218 [10]=1218 [11]=1218 [12]=1218 
key_index before (DPU 102) [0]=   0 [1]= 399 [2]= 799 [3]=1192 [4]=1192 [5]=1192 [6]=1192 [7]=1192 [8]=1192 [9]=1192 [10]=1192 [11]=1192 [12]=1192 
key_index before (DPU 103) [0]=   0 [1]= 384 [2]= 773 [3]=1135 [4]=1135 [5]=1135 [6]=1135 [7]=1135 [8]=1135 [9]=1135 [10]=1135 [11]=1135 [12]=1135 
key_index before (DPU 104) [0]=   0 [1]= 410 [2]= 804 [3]=1199 [4]=1199 [5]=1199 [6]=1199 [7]=1199 [8]=1199 [9]=1199 [10]=1199 [11]=1199 [12]=1199 
key_index before (DPU 105) [0]=   0 [1]= 373 [2]= 742 [3]=1142 [4]=1142 [5]=1142 [6]=1142 [7]=1142 [8]=1142 [9]=1142 [10]=1142 [11]=1142 [12]=1142 
key_index before (DPU 106) [0]=   0 [1]= 399 [2]= 809 [3]=1157 [4]=1157 [5]=1157 [6]=1157 [7]=1157 [8]=1157 [9]=1157 [10]=1157 [11]=1157 [12]=1157 
key_index before (DPU 107) [0]=   0 [1]= 349 [2]= 722 [3]=1104 [4]=1104 [5]=1104 [6]=1104 [7]=1104 [8]=1104 [9]=1104 [10]=1104 [11]=1104 [12]=1104 
key_index before (DPU 108) [0]=   0 [1]= 421 [2]= 777 [3]=1122 [4]=1122 [5]=1122 [6]=1122 [7]=1122 [8]=1122 [9]=1122 [10]=1122 [11]=1122 [12]=1122 
key_index before (DPU 109) [0]=   0 [1]= 339 [2]= 709 [3]=1072 [4]=1072 [5]=1072 [6]=1072 [7]=1072 [8]=1072 [9]=1072 [10]=1072 [11]=1072 [12]=1072 
key_index before (DPU 110) [0]=   0 [1]= 363 [2]= 728 [3]=1112 [4]=1112 [5]=1112 [6]=1112 [7]=1112 [8]=1112 [9]=1112 [10]=1112 [11]=1112 [12]=1112 
key_index before (DPU 111) [0]=   0 [1]= 359 [2]= 698 [3]=1083 [4]=1083 [5]=1083 [6]=1083 [7]=1083 [8]=1083 [9]=1083 [10]=1083 [11]=1083 [12]=1083 
key_index before (DPU 112) [0]=   0 [1]= 390 [2]= 751 [3]=1118 [4]=1118 [5]=1118 [6]=1118 [7]=1118 [8]=1118 [9]=1118 [10]=1118 [11]=1118 [12]=1118 
key_index before (DPU 113) [0]=   0 [1]= 323 [2]= 629 [3]=1010 [4]=1010 [5]=1010 [6]=1010 [7]=1010 [8]=1010 [9]=1010 [10]=1010 [11]=1010 [12]=1010 
key_index before (DPU 114) [0]=   0 [1]= 334 [2]= 681 [3]=1038 [4]=1038 [5]=1038 [6]=1038 [7]=1038 [8]=1038 [9]=1038 [10]=1038 [11]=1038 [12]=1038 
key_index before (DPU 115) [0]=   0 [1]= 366 [2]= 750 [3]=1082 [4]=1082 [5]=1082 [6]=1082 [7]=1082 [8]=1082 [9]=1082 [10]=1082 [11]=1082 [12]=1082 
key_index before (DPU 116) [0]=   0 [1]= 359 [2]= 697 [3]=1061 [4]=1061 [5]=1061 [6]=1061 [7]=1061 [8]=1061 [9]=1061 [10]=1061 [11]=1061 [12]=1061 
key_index before (DPU 117) [0]=   0 [1]= 346 [2]= 691 [3]=1038 [4]=1038 [5]=1038 [6]=1038 [7]=1038 [8]=1038 [9]=1038 [10]=1038 [11]=1038 [12]=1038 
key_index before (DPU 118) [0]=   0 [1]= 333 [2]= 662 [3]=1002 [4]=1002 [5]=1002 [6]=1002 [7]=1002 [8]=1002 [9]=1002 [10]=1002 [11]=1002 [12]=1002 
key_index before (DPU 119) [0]=   0 [1]= 329 [2]= 710 [3]=1047 [4]=1047 [5]=1047 [6]=1047 [7]=1047 [8]=1047 [9]=1047 [10]=1047 [11]=1047 [12]=1047 
key_index before (DPU 120) [0]=   0 [1]= 340 [2]= 668 [3]= 972 [4]= 972 [5]= 972 [6]= 972 [7]= 972 [8]= 972 [9]= 972 [10]= 972 [11]= 972 [12]= 972 
key_index before (DPU 121) [0]=   0 [1]= 366 [2]= 752 [3]=1107 [4]=1107 [5]=1107 [6]=1107 [7]=1107 [8]=1107 [9]=1107 [10]=1107 [11]=1107 [12]=1107 
key_index before (DPU 122) [0]=   0 [1]= 319 [2]= 658 [3]= 974 [4]= 974 [5]= 974 [6]= 974 [7]= 974 [8]= 974 [9]= 974 [10]= 974 [11]= 974 [12]= 974 
key_index before (DPU 123) [0]=   0 [1]= 331 [2]= 652 [3]= 958 [4]= 958 [5]= 958 [6]= 958 [7]= 958 [8]= 958 [9]= 958 [10]= 958 [11]= 958 [12]= 958 
key_index before (DPU 124) [0]=   0 [1]= 338 [2]= 643 [3]= 962 [4]= 962 [5]= 962 [6]= 962 [7]= 962 [8]= 962 [9]= 962 [10]= 962 [11]= 962 [12]= 962 
key_index before (DPU 125) [0]=   0 [1]= 328 [2]= 643 [3]= 955 [4]= 955 [5]= 955 [6]= 955 [7]= 955 [8]= 955 [9]= 955 [10]= 955 [11]= 955 [12]= 955 
key_index before (DPU 126) [0]=   0 [1]= 364 [2]= 676 [3]= 976 [4]= 976 [5]= 976 [6]= 976 [7]= 976 [8]= 976 [9]= 976 [10]= 976 [11]= 976 [12]= 976 
key_index before (DPU 127) [0]=   0 [1]= 303 [2]= 643 [3]= 979 [4]= 979 [5]= 979 [6]= 979 [7]= 979 [8]= 979 [9]= 979 [10]= 979 [11]= 979 [12]= 979 
key_index before (DPU 128) [0]=   0 [1]= 305 [2]= 571 [3]= 872 [4]= 872 [5]= 872 [6]= 872 [7]= 872 [8]= 872 [9]= 872 [10]= 872 [11]= 872 [12]= 872 
key_index before (DPU 129) [0]=   0 [1]= 330 [2]= 680 [3]=1006 [4]=1006 [5]=1006 [6]=1006 [7]=1006 [8]=1006 [9]=1006 [10]=1006 [11]=1006 [12]=1006 
key_index before (DPU 130) [0]=   0 [1]= 302 [2]= 605 [3]= 925 [4]= 925 [5]= 925 [6]= 925 [7]= 925 [8]= 925 [9]= 925 [10]= 925 [11]= 925 [12]= 925 
key_index before (DPU 131) [0]=   0 [1]= 308 [2]= 622 [3]= 916 [4]= 916 [5]= 916 [6]= 916 [7]= 916 [8]= 916 [9]= 916 [10]= 916 [11]= 916 [12]= 916 
key_index before (DPU 132) [0]=   0 [1]= 313 [2]= 640 [3]= 932 [4]= 932 [5]= 932 [6]= 932 [7]= 932 [8]= 932 [9]= 932 [10]= 932 [11]= 932 [12]= 932 
key_index before (DPU 133) [0]=   0 [1]= 313 [2]= 642 [3]= 966 [4]= 966 [5]= 966 [6]= 966 [7]= 966 [8]= 966 [9]= 966 [10]= 966 [11]= 966 [12]= 966 
key_index before (DPU 134) [0]=   0 [1]= 289 [2]= 565 [3]= 865 [4]= 865 [5]= 865 [6]= 865 [7]= 865 [8]= 865 [9]= 865 [10]= 865 [11]= 865 [12]= 865 
key_index before (DPU 135) [0]=   0 [1]= 306 [2]= 591 [3]= 868 [4]= 868 [5]= 868 [6]= 868 [7]= 868 [8]= 868 [9]= 868 [10]= 868 [11]= 868 [12]= 868 
key_index before (DPU 136) [0]=   0 [1]= 305 [2]= 595 [3]= 899 [4]= 899 [5]= 899 [6]= 899 [7]= 899 [8]= 899 [9]= 899 [10]= 899 [11]= 899 [12]= 899 
key_index before (DPU 137) [0]=   0 [1]= 316 [2]= 587 [3]= 877 [4]= 877 [5]= 877 [6]= 877 [7]= 877 [8]= 877 [9]= 877 [10]= 877 [11]= 877 [12]= 877 
key_index before (DPU 138) [0]=   0 [1]= 307 [2]= 592 [3]= 867 [4]= 867 [5]= 867 [6]= 867 [7]= 867 [8]= 867 [9]= 867 [10]= 867 [11]= 867 [12]= 867 
key_index before (DPU 139) [0]=   0 [1]= 272 [2]= 583 [3]= 847 [4]= 847 [5]= 847 [6]= 847 [7]= 847 [8]= 847 [9]= 847 [10]= 847 [11]= 847 [12]= 847 
key_index before (DPU 140) [0]=   0 [1]= 308 [2]= 627 [3]= 923 [4]= 923 [5]= 923 [6]= 923 [7]= 923 [8]= 923 [9]= 923 [10]= 923 [11]= 923 [12]= 923 
key_index before (DPU 141) [0]=   0 [1]= 304 [2]= 606 [3]= 905 [4]= 905 [5]= 905 [6]= 905 [7]= 905 [8]= 905 [9]= 905 [10]= 905 [11]= 905 [12]= 905 
key_index before (DPU 142) [0]=   0 [1]= 313 [2]= 591 [3]= 906 [4]= 906 [5]= 906 [6]= 906 [7]= 906 [8]= 906 [9]= 906 [10]= 906 [11]= 906 [12]= 906 
key_index before (DPU 143) [0]=   0 [1]= 284 [2]= 554 [3]= 839 [4]= 839 [5]= 839 [6]= 839 [7]= 839 [8]= 839 [9]= 839 [10]= 839 [11]= 839 [12]= 839 
key_index before (DPU 144) [0]=   0 [1]= 270 [2]= 577 [3]= 867 [4]= 867 [5]= 867 [6]= 867 [7]= 867 [8]= 867 [9]= 867 [10]= 867 [11]= 867 [12]= 867 
key_index before (DPU 145) [0]=   0 [1]= 294 [2]= 564 [3]= 839 [4]= 839 [5]= 839 [6]= 839 [7]= 839 [8]= 839 [9]= 839 [10]= 839 [11]= 839 [12]= 839 
key_index before (DPU 146) [0]=   0 [1]= 323 [2]= 565 [3]= 842 [4]= 842 [5]= 842 [6]= 842 [7]= 842 [8]= 842 [9]= 842 [10]= 842 [11]= 842 [12]= 842 
key_index before (DPU 147) [0]=   0 [1]= 284 [2]= 554 [3]= 824 [4]= 824 [5]= 824 [6]= 824 [7]= 824 [8]= 824 [9]= 824 [10]= 824 [11]= 824 [12]= 824 
key_index before (DPU 148) [0]=   0 [1]= 278 [2]= 542 [3]= 804 [4]= 804 [5]= 804 [6]= 804 [7]= 804 [8]= 804 [9]= 804 [10]= 804 [11]= 804 [12]= 804 
key_index before (DPU 149) [0]=   0 [1]= 276 [2]= 525 [3]= 810 [4]= 810 [5]= 810 [6]= 810 [7]= 810 [8]= 810 [9]= 810 [10]= 810 [11]= 810 [12]= 810 
key_index before (DPU 150) [0]=   0 [1]= 276 [2]= 549 [3]= 773 [4]= 773 [5]= 773 [6]= 773 [7]= 773 [8]= 773 [9]= 773 [10]= 773 [11]= 773 [12]= 773 
key_index before (DPU 151) [0]=   0 [1]= 253 [2]= 520 [3]= 794 [4]= 794 [5]= 794 [6]= 794 [7]= 794 [8]= 794 [9]= 794 [10]= 794 [11]= 794 [12]= 794 
key_index before (DPU 152) [0]=   0 [1]= 282 [2]= 540 [3]= 809 [4]= 809 [5]= 809 [6]= 809 [7]= 809 [8]= 809 [9]= 809 [10]= 809 [11]= 809 [12]= 809 
key_index before (DPU 153) [0]=   0 [1]= 246 [2]= 513 [3]= 798 [4]= 798 [5]= 798 [6]= 798 [7]= 798 [8]= 798 [9]= 798 [10]= 798 [11]= 798 [12]= 798 
key_index before (DPU 154) [0]=   0 [1]= 252 [2]= 469 [3]= 721 [4]= 721 [5]= 721 [6]= 721 [7]= 721 [8]= 721 [9]= 721 [10]= 721 [11]= 721 [12]= 721 
key_index before (DPU 155) [0]=   0 [1]= 257 [2]= 531 [3]= 788 [4]= 788 [5]= 788 [6]= 788 [7]= 788 [8]= 788 [9]= 788 [10]= 788 [11]= 788 [12]= 788 
key_index before (DPU 156) [0]=   0 [1]= 222 [2]= 476 [3]= 724 [4]= 724 [5]= 724 [6]= 724 [7]= 724 [8]= 724 [9]= 724 [10]= 724 [11]= 724 [12]= 724 
key_index before (DPU 157) [0]=   0 [1]= 265 [2]= 522 [3]= 763 [4]= 763 [5]= 763 [6]= 763 [7]= 763 [8]= 763 [9]= 763 [10]= 763 [11]= 763 [12]= 763 
key_index before (DPU 158) [0]=   0 [1]= 216 [2]= 484 [3]= 728 [4]= 728 [5]= 728 [6]= 728 [7]= 728 [8]= 728 [9]= 728 [10]= 728 [11]= 728 [12]= 728 
key_index before (DPU 159) [0]=   0 [1]= 253 [2]= 523 [3]= 787 [4]= 787 [5]= 787 [6]= 787 [7]= 787 [8]= 787 [9]= 787 [10]= 787 [11]= 787 [12]= 787 
key_index before (DPU 160) [0]=   0 [1]= 257 [2]= 543 [3]= 788 [4]= 788 [5]= 788 [6]= 788 [7]= 788 [8]= 788 [9]= 788 [10]= 788 [11]= 788 [12]= 788 
key_index before (DPU 161) [0]=   0 [1]= 235 [2]= 477 [3]= 728 [4]= 728 [5]= 728 [6]= 728 [7]= 728 [8]= 728 [9]= 728 [10]= 728 [11]= 728 [12]= 728 
key_index before (DPU 162) [0]=   0 [1]= 258 [2]= 544 [3]= 800 [4]= 800 [5]= 800 [6]= 800 [7]= 800 [8]= 800 [9]= 800 [10]= 800 [11]= 800 [12]= 800 
key_index before (DPU 163) [0]=   0 [1]= 239 [2]= 475 [3]= 719 [4]= 719 [5]= 719 [6]= 719 [7]= 719 [8]= 719 [9]= 719 [10]= 719 [11]= 719 [12]= 719 
key_index before (DPU 164) [0]=   0 [1]= 233 [2]= 479 [3]= 732 [4]= 732 [5]= 732 [6]= 732 [7]= 732 [8]= 732 [9]= 732 [10]= 732 [11]= 732 [12]= 732 
key_index before (DPU 165) [0]=   0 [1]= 236 [2]= 488 [3]= 738 [4]= 738 [5]= 738 [6]= 738 [7]= 738 [8]= 738 [9]= 738 [10]= 738 [11]= 738 [12]= 738 
key_index before (DPU 166) [0]=   0 [1]= 254 [2]= 519 [3]= 753 [4]= 753 [5]= 753 [6]= 753 [7]= 753 [8]= 753 [9]= 753 [10]= 753 [11]= 753 [12]= 753 
key_index before (DPU 167) [0]=   0 [1]= 221 [2]= 443 [3]= 685 [4]= 685 [5]= 685 [6]= 685 [7]= 685 [8]= 685 [9]= 685 [10]= 685 [11]= 685 [12]= 685 
key_index before (DPU 168) [0]=   0 [1]= 232 [2]= 467 [3]= 715 [4]= 715 [5]= 715 [6]= 715 [7]= 715 [8]= 715 [9]= 715 [10]= 715 [11]= 715 [12]= 715 
key_index before (DPU 169) [0]=   0 [1]= 239 [2]= 481 [3]= 715 [4]= 715 [5]= 715 [6]= 715 [7]= 715 [8]= 715 [9]= 715 [10]= 715 [11]= 715 [12]= 715 
key_index before (DPU 170) [0]=   0 [1]= 244 [2]= 482 [3]= 714 [4]= 714 [5]= 714 [6]= 714 [7]= 714 [8]= 714 [9]= 714 [10]= 714 [11]= 714 [12]= 714 
key_index before (DPU 171) [0]=   0 [1]= 235 [2]= 456 [3]= 712 [4]= 712 [5]= 712 [6]= 712 [7]= 712 [8]= 712 [9]= 712 [10]= 712 [11]= 712 [12]= 712 
key_index before (DPU 172) [0]=   0 [1]= 258 [2]= 493 [3]= 725 [4]= 725 [5]= 725 [6]= 725 [7]= 725 [8]= 725 [9]= 725 [10]= 725 [11]= 725 [12]= 725 
key_index before (DPU 173) [0]=   0 [1]= 220 [2]= 443 [3]= 704 [4]= 704 [5]= 704 [6]= 704 [7]= 704 [8]= 704 [9]= 704 [10]= 704 [11]= 704 [12]= 704 
key_index before (DPU 174) [0]=   0 [1]= 227 [2]= 448 [3]= 690 [4]= 690 [5]= 690 [6]= 690 [7]= 690 [8]= 690 [9]= 690 [10]= 690 [11]= 690 [12]= 690 
key_index before (DPU 175) [0]=   0 [1]= 225 [2]= 442 [3]= 657 [4]= 657 [5]= 657 [6]= 657 [7]= 657 [8]= 657 [9]= 657 [10]= 657 [11]= 657 [12]= 657 
key_index before (DPU 176) [0]=   0 [1]= 225 [2]= 460 [3]= 690 [4]= 690 [5]= 690 [6]= 690 [7]= 690 [8]= 690 [9]= 690 [10]= 690 [11]= 690 [12]= 690 
key_index before (DPU 177) [0]=   0 [1]= 230 [2]= 447 [3]= 688 [4]= 688 [5]= 688 [6]= 688 [7]= 688 [8]= 688 [9]= 688 [10]= 688 [11]= 688 [12]= 688 
key_index before (DPU 178) [0]=   0 [1]= 221 [2]= 434 [3]= 646 [4]= 646 [5]= 646 [6]= 646 [7]= 646 [8]= 646 [9]= 646 [10]= 646 [11]= 646 [12]= 646 
key_index before (DPU 179) [0]=   0 [1]= 179 [2]= 420 [3]= 635 [4]= 635 [5]= 635 [6]= 635 [7]= 635 [8]= 635 [9]= 635 [10]= 635 [11]= 635 [12]= 635 
key_index before (DPU 180) [0]=   0 [1]= 228 [2]= 452 [3]= 681 [4]= 681 [5]= 681 [6]= 681 [7]= 681 [8]= 681 [9]= 681 [10]= 681 [11]= 681 [12]= 681 
key_index before (DPU 181) [0]=   0 [1]= 233 [2]= 434 [3]= 681 [4]= 681 [5]= 681 [6]= 681 [7]= 681 [8]= 681 [9]= 681 [10]= 681 [11]= 681 [12]= 681 
key_index before (DPU 182) [0]=   0 [1]= 215 [2]= 453 [3]= 650 [4]= 650 [5]= 650 [6]= 650 [7]= 650 [8]= 650 [9]= 650 [10]= 650 [11]= 650 [12]= 650 
key_index before (DPU 183) [0]=   0 [1]= 227 [2]= 443 [3]= 675 [4]= 675 [5]= 675 [6]= 675 [7]= 675 [8]= 675 [9]= 675 [10]= 675 [11]= 675 [12]= 675 
key_index before (DPU 184) [0]=   0 [1]= 230 [2]= 459 [3]= 683 [4]= 683 [5]= 683 [6]= 683 [7]= 683 [8]= 683 [9]= 683 [10]= 683 [11]= 683 [12]= 683 
key_index before (DPU 185) [0]=   0 [1]= 244 [2]= 449 [3]= 636 [4]= 636 [5]= 636 [6]= 636 [7]= 636 [8]= 636 [9]= 636 [10]= 636 [11]= 636 [12]= 636 
key_index before (DPU 186) [0]=   0 [1]= 215 [2]= 413 [3]= 647 [4]= 647 [5]= 647 [6]= 647 [7]= 647 [8]= 647 [9]= 647 [10]= 647 [11]= 647 [12]= 647 
key_index before (DPU 187) [0]=   0 [1]= 208 [2]= 438 [3]= 650 [4]= 650 [5]= 650 [6]= 650 [7]= 650 [8]= 650 [9]= 650 [10]= 650 [11]= 650 [12]= 650 
key_index before (DPU 188) [0]=   0 [1]= 231 [2]= 437 [3]= 646 [4]= 646 [5]= 646 [6]= 646 [7]= 646 [8]= 646 [9]= 646 [10]= 646 [11]= 646 [12]= 646 
key_index before (DPU 189) [0]=   0 [1]= 221 [2]= 431 [3]= 629 [4]= 629 [5]= 629 [6]= 629 [7]= 629 [8]= 629 [9]= 629 [10]= 629 [11]= 629 [12]= 629 
key_index before (DPU 190) [0]=   0 [1]= 186 [2]= 432 [3]= 644 [4]= 644 [5]= 644 [6]= 644 [7]= 644 [8]= 644 [9]= 644 [10]= 644 [11]= 644 [12]= 644 
key_index before (DPU 191) [0]=   0 [1]= 206 [2]= 426 [3]= 641 [4]= 641 [5]= 641 [6]= 641 [7]= 641 [8]= 641 [9]= 641 [10]= 641 [11]= 641 [12]= 641 
key_index before (DPU 192) [0]=   0 [1]= 195 [2]= 396 [3]= 618 [4]= 618 [5]= 618 [6]= 618 [7]= 618 [8]= 618 [9]= 618 [10]= 618 [11]= 618 [12]= 618 
key_index before (DPU 193) [0]=   0 [1]= 189 [2]= 403 [3]= 610 [4]= 610 [5]= 610 [6]= 610 [7]= 610 [8]= 610 [9]= 610 [10]= 610 [11]= 610 [12]= 610 
key_index before (DPU 194) [0]=   0 [1]= 195 [2]= 399 [3]= 598 [4]= 598 [5]= 598 [6]= 598 [7]= 598 [8]= 598 [9]= 598 [10]= 598 [11]= 598 [12]= 598 
key_index before (DPU 195) [0]=   0 [1]= 196 [2]= 403 [3]= 615 [4]= 615 [5]= 615 [6]= 615 [7]= 615 [8]= 615 [9]= 615 [10]= 615 [11]= 615 [12]= 615 
key_index before (DPU 196) [0]=   0 [1]= 215 [2]= 407 [3]= 608 [4]= 608 [5]= 608 [6]= 608 [7]= 608 [8]= 608 [9]= 608 [10]= 608 [11]= 608 [12]= 608 
key_index before (DPU 197) [0]=   0 [1]= 187 [2]= 370 [3]= 555 [4]= 555 [5]= 555 [6]= 555 [7]= 555 [8]= 555 [9]= 555 [10]= 555 [11]= 555 [12]= 555 
key_index before (DPU 198) [0]=   0 [1]= 184 [2]= 391 [3]= 580 [4]= 580 [5]= 580 [6]= 580 [7]= 580 [8]= 580 [9]= 580 [10]= 580 [11]= 580 [12]= 580 
key_index before (DPU 199) [0]=   0 [1]= 196 [2]= 387 [3]= 556 [4]= 556 [5]= 556 [6]= 556 [7]= 556 [8]= 556 [9]= 556 [10]= 556 [11]= 556 [12]= 556 
key_index before (DPU 200) [0]=   0 [1]= 189 [2]= 371 [3]= 595 [4]= 595 [5]= 595 [6]= 595 [7]= 595 [8]= 595 [9]= 595 [10]= 595 [11]= 595 [12]= 595 
key_index before (DPU 201) [0]=   0 [1]= 189 [2]= 386 [3]= 564 [4]= 564 [5]= 564 [6]= 564 [7]= 564 [8]= 564 [9]= 564 [10]= 564 [11]= 564 [12]= 564 
key_index before (DPU 202) [0]=   0 [1]= 224 [2]= 399 [3]= 583 [4]= 583 [5]= 583 [6]= 583 [7]= 583 [8]= 583 [9]= 583 [10]= 583 [11]= 583 [12]= 583 
key_index before (DPU 203) [0]=   0 [1]= 196 [2]= 403 [3]= 618 [4]= 618 [5]= 618 [6]= 618 [7]= 618 [8]= 618 [9]= 618 [10]= 618 [11]= 618 [12]= 618 
key_index before (DPU 204) [0]=   0 [1]= 178 [2]= 358 [3]= 569 [4]= 569 [5]= 569 [6]= 569 [7]= 569 [8]= 569 [9]= 569 [10]= 569 [11]= 569 [12]= 569 
key_index before (DPU 205) [0]=   0 [1]= 169 [2]= 368 [3]= 556 [4]= 556 [5]= 556 [6]= 556 [7]= 556 [8]= 556 [9]= 556 [10]= 556 [11]= 556 [12]= 556 
key_index before (DPU 206) [0]=   0 [1]= 210 [2]= 382 [3]= 570 [4]= 570 [5]= 570 [6]= 570 [7]= 570 [8]= 570 [9]= 570 [10]= 570 [11]= 570 [12]= 570 
key_index before (DPU 207) [0]=   0 [1]= 185 [2]= 366 [3]= 585 [4]= 585 [5]= 585 [6]= 585 [7]= 585 [8]= 585 [9]= 585 [10]= 585 [11]= 585 [12]= 585 
key_index before (DPU 208) [0]=   0 [1]= 216 [2]= 418 [3]= 580 [4]= 580 [5]= 580 [6]= 580 [7]= 580 [8]= 580 [9]= 580 [10]= 580 [11]= 580 [12]= 580 
key_index before (DPU 209) [0]=   0 [1]= 196 [2]= 390 [3]= 591 [4]= 591 [5]= 591 [6]= 591 [7]= 591 [8]= 591 [9]= 591 [10]= 591 [11]= 591 [12]= 591 
key_index before (DPU 210) [0]=   0 [1]= 193 [2]= 395 [3]= 584 [4]= 584 [5]= 584 [6]= 584 [7]= 584 [8]= 584 [9]= 584 [10]= 584 [11]= 584 [12]= 584 
key_index before (DPU 211) [0]=   0 [1]= 185 [2]= 403 [3]= 591 [4]= 591 [5]= 591 [6]= 591 [7]= 591 [8]= 591 [9]= 591 [10]= 591 [11]= 591 [12]= 591 
key_index before (DPU 212) [0]=   0 [1]= 193 [2]= 387 [3]= 583 [4]= 583 [5]= 583 [6]= 583 [7]= 583 [8]= 583 [9]= 583 [10]= 583 [11]= 583 [12]= 583 
key_index before (DPU 213) [0]=   0 [1]= 188 [2]= 371 [3]= 562 [4]= 562 [5]= 562 [6]= 562 [7]= 562 [8]= 562 [9]= 562 [10]= 562 [11]= 562 [12]= 562 
key_index before (DPU 214) [0]=   0 [1]= 204 [2]= 381 [3]= 553 [4]= 553 [5]= 553 [6]= 553 [7]= 553 [8]= 553 [9]= 553 [10]= 553 [11]= 553 [12]= 553 
key_index before (DPU 215) [0]=   0 [1]= 199 [2]= 382 [3]= 553 [4]= 553 [5]= 553 [6]= 553 [7]= 553 [8]= 553 [9]= 553 [10]= 553 [11]= 553 [12]= 553 
key_index before (DPU 216) [0]=   0 [1]= 163 [2]= 346 [3]= 537 [4]= 537 [5]= 537 [6]= 537 [7]= 537 [8]= 537 [9]= 537 [10]= 537 [11]= 537 [12]= 537 
key_index before (DPU 217) [0]=   0 [1]= 172 [2]= 362 [3]= 549 [4]= 549 [5]= 549 [6]= 549 [7]= 549 [8]= 549 [9]= 549 [10]= 549 [11]= 549 [12]= 549 
key_index before (DPU 218) [0]=   0 [1]= 197 [2]= 374 [3]= 590 [4]= 590 [5]= 590 [6]= 590 [7]= 590 [8]= 590 [9]= 590 [10]= 590 [11]= 590 [12]= 590 
key_index before (DPU 219) [0]=   0 [1]= 201 [2]= 393 [3]= 583 [4]= 583 [5]= 583 [6]= 583 [7]= 583 [8]= 583 [9]= 583 [10]= 583 [11]= 583 [12]= 583 
key_index before (DPU 220) [0]=   0 [1]= 195 [2]= 397 [3]= 604 [4]= 604 [5]= 604 [6]= 604 [7]= 604 [8]= 604 [9]= 604 [10]= 604 [11]= 604 [12]= 604 
key_index before (DPU 221) [0]=   0 [1]= 195 [2]= 385 [3]= 572 [4]= 572 [5]= 572 [6]= 572 [7]= 572 [8]= 572 [9]= 572 [10]= 572 [11]= 572 [12]= 572 
key_index before (DPU 222) [0]=   0 [1]= 182 [2]= 368 [3]= 548 [4]= 548 [5]= 548 [6]= 548 [7]= 548 [8]= 548 [9]= 548 [10]= 548 [11]= 548 [12]= 548 
key_index before (DPU 223) [0]=   0 [1]= 193 [2]= 387 [3]= 555 [4]= 555 [5]= 555 [6]= 555 [7]= 555 [8]= 555 [9]= 555 [10]= 555 [11]= 555 [12]= 555 
key_index before (DPU 224) [0]=   0 [1]= 178 [2]= 363 [3]= 543 [4]= 543 [5]= 543 [6]= 543 [7]= 543 [8]= 543 [9]= 543 [10]= 543 [11]= 543 [12]= 543 
key_index before (DPU 225) [0]=   0 [1]= 187 [2]= 368 [3]= 542 [4]= 542 [5]= 542 [6]= 542 [7]= 542 [8]= 542 [9]= 542 [10]= 542 [11]= 542 [12]= 542 
key_index before (DPU 226) [0]=   0 [1]= 168 [2]= 348 [3]= 520 [4]= 520 [5]= 520 [6]= 520 [7]= 520 [8]= 520 [9]= 520 [10]= 520 [11]= 520 [12]= 520 
key_index before (DPU 227) [0]=   0 [1]= 195 [2]= 365 [3]= 520 [4]= 520 [5]= 520 [6]= 520 [7]= 520 [8]= 520 [9]= 520 [10]= 520 [11]= 520 [12]= 520 
key_index before (DPU 228) [0]=   0 [1]= 202 [2]= 387 [3]= 556 [4]= 556 [5]= 556 [6]= 556 [7]= 556 [8]= 556 [9]= 556 [10]= 556 [11]= 556 [12]= 556 
key_index before (DPU 229) [0]=   0 [1]= 168 [2]= 339 [3]= 518 [4]= 518 [5]= 518 [6]= 518 [7]= 518 [8]= 518 [9]= 518 [10]= 518 [11]= 518 [12]= 518 
key_index before (DPU 230) [0]=   0 [1]= 162 [2]= 349 [3]= 518 [4]= 518 [5]= 518 [6]= 518 [7]= 518 [8]= 518 [9]= 518 [10]= 518 [11]= 518 [12]= 518 
key_index before (DPU 231) [0]=   0 [1]= 165 [2]= 336 [3]= 496 [4]= 496 [5]= 496 [6]= 496 [7]= 496 [8]= 496 [9]= 496 [10]= 496 [11]= 496 [12]= 496 
key_index before (DPU 232) [0]=   0 [1]= 176 [2]= 348 [3]= 535 [4]= 535 [5]= 535 [6]= 535 [7]= 535 [8]= 535 [9]= 535 [10]= 535 [11]= 535 [12]= 535 
key_index before (DPU 233) [0]=   0 [1]= 194 [2]= 371 [3]= 545 [4]= 545 [5]= 545 [6]= 545 [7]= 545 [8]= 545 [9]= 545 [10]= 545 [11]= 545 [12]= 545 
key_index before (DPU 234) [0]=   0 [1]= 157 [2]= 322 [3]= 507 [4]= 507 [5]= 507 [6]= 507 [7]= 507 [8]= 507 [9]= 507 [10]= 507 [11]= 507 [12]= 507 
key_index before (DPU 235) [0]=   0 [1]= 161 [2]= 331 [3]= 505 [4]= 505 [5]= 505 [6]= 505 [7]= 505 [8]= 505 [9]= 505 [10]= 505 [11]= 505 [12]= 505 
key_index before (DPU 236) [0]=   0 [1]= 178 [2]= 354 [3]= 525 [4]= 525 [5]= 525 [6]= 525 [7]= 525 [8]= 525 [9]= 525 [10]= 525 [11]= 525 [12]= 525 
key_index before (DPU 237) [0]=   0 [1]= 164 [2]= 338 [3]= 536 [4]= 536 [5]= 536 [6]= 536 [7]= 536 [8]= 536 [9]= 536 [10]= 536 [11]= 536 [12]= 536 
key_index before (DPU 238) [0]=   0 [1]= 175 [2]= 346 [3]= 497 [4]= 497 [5]= 497 [6]= 497 [7]= 497 [8]= 497 [9]= 497 [10]= 497 [11]= 497 [12]= 497 
key_index before (DPU 239) [0]=   0 [1]= 146 [2]= 322 [3]= 495 [4]= 495 [5]= 495 [6]= 495 [7]= 495 [8]= 495 [9]= 495 [10]= 495 [11]= 495 [12]= 495 
key_index before (DPU 240) [0]=   0 [1]= 174 [2]= 354 [3]= 507 [4]= 507 [5]= 507 [6]= 507 [7]= 507 [8]= 507 [9]= 507 [10]= 507 [11]= 507 [12]= 507 
key_index before (DPU 241) [0]=   0 [1]= 170 [2]= 345 [3]= 522 [4]= 522 [5]= 522 [6]= 522 [7]= 522 [8]= 522 [9]= 522 [10]= 522 [11]= 522 [12]= 522 
key_index before (DPU 242) [0]=   0 [1]= 179 [2]= 358 [3]= 505 [4]= 505 [5]= 505 [6]= 505 [7]= 505 [8]= 505 [9]= 505 [10]= 505 [11]= 505 [12]= 505 
key_index before (DPU 243) [0]=   0 [1]= 171 [2]= 345 [3]= 483 [4]= 483 [5]= 483 [6]= 483 [7]= 483 [8]= 483 [9]= 483 [10]= 483 [11]= 483 [12]= 483 
key_index before (DPU 244) [0]=   0 [1]= 166 [2]= 319 [3]= 466 [4]= 466 [5]= 466 [6]= 466 [7]= 466 [8]= 466 [9]= 466 [10]= 466 [11]= 466 [12]= 466 
key_index before (DPU 245) [0]=   0 [1]= 144 [2]= 326 [3]= 500 [4]= 500 [5]= 500 [6]= 500 [7]= 500 [8]= 500 [9]= 500 [10]= 500 [11]= 500 [12]= 500 
key_index before (DPU 246) [0]=   0 [1]= 175 [2]= 327 [3]= 503 [4]= 503 [5]= 503 [6]= 503 [7]= 503 [8]= 503 [9]= 503 [10]= 503 [11]= 503 [12]= 503 
key_index before (DPU 247) [0]=   0 [1]= 155 [2]= 321 [3]= 485 [4]= 485 [5]= 485 [6]= 485 [7]= 485 [8]= 485 [9]= 485 [10]= 485 [11]= 485 [12]= 485 
key_index before (DPU 248) [0]=   0 [1]= 168 [2]= 349 [3]= 510 [4]= 510 [5]= 510 [6]= 510 [7]= 510 [8]= 510 [9]= 510 [10]= 510 [11]= 510 [12]= 510 
key_index before (DPU 249) [0]=   0 [1]= 167 [2]= 322 [3]= 508 [4]= 508 [5]= 508 [6]= 508 [7]= 508 [8]= 508 [9]= 508 [10]= 508 [11]= 508 [12]= 508 
key_index before (DPU 250) [0]=   0 [1]= 164 [2]= 307 [3]= 486 [4]= 486 [5]= 486 [6]= 486 [7]= 486 [8]= 486 [9]= 486 [10]= 486 [11]= 486 [12]= 486 
key_index before (DPU 251) [0]=   0 [1]= 169 [2]= 358 [3]= 504 [4]= 504 [5]= 504 [6]= 504 [7]= 504 [8]= 504 [9]= 504 [10]= 504 [11]= 504 [12]= 504 
key_index before (DPU 252) [0]=   0 [1]= 148 [2]= 310 [3]= 480 [4]= 480 [5]= 480 [6]= 480 [7]= 480 [8]= 480 [9]= 480 [10]= 480 [11]= 480 [12]= 480 
key_index before (DPU 253) [0]=   0 [1]= 152 [2]= 317 [3]= 487 [4]= 487 [5]= 487 [6]= 487 [7]= 487 [8]= 487 [9]= 487 [10]= 487 [11]= 487 [12]= 487 
key_index before (DPU 254) [0]=   0 [1]= 176 [2]= 358 [3]= 526 [4]= 526 [5]= 526 [6]= 526 [7]= 526 [8]= 526 [9]= 526 [10]= 526 [11]= 526 [12]= 526 
key_index before (DPU 255) [0]=   0 [1]= 176 [2]= 346 [3]= 499 [4]= 499 [5]= 499 [6]= 499 [7]= 499 [8]= 499 [9]= 499 [10]= 499 [11]= 499 [12]= 499 
key_index before (DPU 256) [0]=   0 [1]= 167 [2]= 307 [3]= 449 [4]= 449 [5]= 449 [6]= 449 [7]= 449 [8]= 449 [9]= 449 [10]= 449 [11]= 449 [12]= 449 
key_index before (DPU 257) [0]=   0 [1]= 155 [2]= 295 [3]= 444 [4]= 444 [5]= 444 [6]= 444 [7]= 444 [8]= 444 [9]= 444 [10]= 444 [11]= 444 [12]= 444 
key_index before (DPU 258) [0]=   0 [1]= 183 [2]= 349 [3]= 493 [4]= 493 [5]= 493 [6]= 493 [7]= 493 [8]= 493 [9]= 493 [10]= 493 [11]= 493 [12]= 493 
key_index before (DPU 259) [0]=   0 [1]= 166 [2]= 330 [3]= 497 [4]= 497 [5]= 497 [6]= 497 [7]= 497 [8]= 497 [9]= 497 [10]= 497 [11]= 497 [12]= 497 
key_index before (DPU 260) [0]=   0 [1]= 157 [2]= 297 [3]= 453 [4]= 453 [5]= 453 [6]= 453 [7]= 453 [8]= 453 [9]= 453 [10]= 453 [11]= 453 [12]= 453 
key_index before (DPU 261) [0]=   0 [1]= 160 [2]= 300 [3]= 455 [4]= 455 [5]= 455 [6]= 455 [7]= 455 [8]= 455 [9]= 455 [10]= 455 [11]= 455 [12]= 455 
key_index before (DPU 262) [0]=   0 [1]= 151 [2]= 319 [3]= 481 [4]= 481 [5]= 481 [6]= 481 [7]= 481 [8]= 481 [9]= 481 [10]= 481 [11]= 481 [12]= 481 
key_index before (DPU 263) [0]=   0 [1]= 151 [2]= 294 [3]= 446 [4]= 446 [5]= 446 [6]= 446 [7]= 446 [8]= 446 [9]= 446 [10]= 446 [11]= 446 [12]= 446 
key_index before (DPU 264) [0]=   0 [1]= 147 [2]= 315 [3]= 468 [4]= 468 [5]= 468 [6]= 468 [7]= 468 [8]= 468 [9]= 468 [10]= 468 [11]= 468 [12]= 468 
key_index before (DPU 265) [0]=   0 [1]= 147 [2]= 293 [3]= 446 [4]= 446 [5]= 446 [6]= 446 [7]= 446 [8]= 446 [9]= 446 [10]= 446 [11]= 446 [12]= 446 
key_index before (DPU 266) [0]=   0 [1]= 142 [2]= 305 [3]= 471 [4]= 471 [5]= 471 [6]= 471 [7]= 471 [8]= 471 [9]= 471 [10]= 471 [11]= 471 [12]= 471 
key_index before (DPU 267) [0]=   0 [1]= 141 [2]= 298 [3]= 438 [4]= 438 [5]= 438 [6]= 438 [7]= 438 [8]= 438 [9]= 438 [10]= 438 [11]= 438 [12]= 438 
key_index before (DPU 268) [0]=   0 [1]= 155 [2]= 308 [3]= 450 [4]= 450 [5]= 450 [6]= 450 [7]= 450 [8]= 450 [9]= 450 [10]= 450 [11]= 450 [12]= 450 
key_index before (DPU 269) [0]=   0 [1]= 135 [2]= 297 [3]= 439 [4]= 439 [5]= 439 [6]= 439 [7]= 439 [8]= 439 [9]= 439 [10]= 439 [11]= 439 [12]= 439 
key_index before (DPU 270) [0]=   0 [1]= 141 [2]= 302 [3]= 455 [4]= 455 [5]= 455 [6]= 455 [7]= 455 [8]= 455 [9]= 455 [10]= 455 [11]= 455 [12]= 455 
key_index before (DPU 271) [0]=   0 [1]= 154 [2]= 293 [3]= 439 [4]= 439 [5]= 439 [6]= 439 [7]= 439 [8]= 439 [9]= 439 [10]= 439 [11]= 439 [12]= 439 
key_index before (DPU 272) [0]=   0 [1]= 140 [2]= 303 [3]= 450 [4]= 450 [5]= 450 [6]= 450 [7]= 450 [8]= 450 [9]= 450 [10]= 450 [11]= 450 [12]= 450 
key_index before (DPU 273) [0]=   0 [1]= 153 [2]= 282 [3]= 446 [4]= 446 [5]= 446 [6]= 446 [7]= 446 [8]= 446 [9]= 446 [10]= 446 [11]= 446 [12]= 446 
key_index before (DPU 274) [0]=   0 [1]= 133 [2]= 272 [3]= 432 [4]= 432 [5]= 432 [6]= 432 [7]= 432 [8]= 432 [9]= 432 [10]= 432 [11]= 432 [12]= 432 
key_index before (DPU 275) [0]=   0 [1]= 135 [2]= 295 [3]= 450 [4]= 450 [5]= 450 [6]= 450 [7]= 450 [8]= 450 [9]= 450 [10]= 450 [11]= 450 [12]= 450 
key_index before (DPU 276) [0]=   0 [1]= 161 [2]= 313 [3]= 460 [4]= 460 [5]= 460 [6]= 460 [7]= 460 [8]= 460 [9]= 460 [10]= 460 [11]= 460 [12]= 460 
key_index before (DPU 277) [0]=   0 [1]= 117 [2]= 289 [3]= 437 [4]= 437 [5]= 437 [6]= 437 [7]= 437 [8]= 437 [9]= 437 [10]= 437 [11]= 437 [12]= 437 
key_index before (DPU 278) [0]=   0 [1]= 169 [2]= 314 [3]= 452 [4]= 452 [5]= 452 [6]= 452 [7]= 452 [8]= 452 [9]= 452 [10]= 452 [11]= 452 [12]= 452 
key_index before (DPU 279) [0]=   0 [1]= 143 [2]= 312 [3]= 465 [4]= 465 [5]= 465 [6]= 465 [7]= 465 [8]= 465 [9]= 465 [10]= 465 [11]= 465 [12]= 465 
key_index before (DPU 280) [0]=   0 [1]= 145 [2]= 282 [3]= 422 [4]= 422 [5]= 422 [6]= 422 [7]= 422 [8]= 422 [9]= 422 [10]= 422 [11]= 422 [12]= 422 
key_index before (DPU 281) [0]=   0 [1]= 146 [2]= 288 [3]= 440 [4]= 440 [5]= 440 [6]= 440 [7]= 440 [8]= 440 [9]= 440 [10]= 440 [11]= 440 [12]= 440 
key_index before (DPU 282) [0]=   0 [1]= 148 [2]= 287 [3]= 434 [4]= 434 [5]= 434 [6]= 434 [7]= 434 [8]= 434 [9]= 434 [10]= 434 [11]= 434 [12]= 434 
key_index before (DPU 283) [0]=   0 [1]= 151 [2]= 278 [3]= 434 [4]= 434 [5]= 434 [6]= 434 [7]= 434 [8]= 434 [9]= 434 [10]= 434 [11]= 434 [12]= 434 
key_index before (DPU 284) [0]=   0 [1]= 173 [2]= 316 [3]= 429 [4]= 429 [5]= 429 [6]= 429 [7]= 429 [8]= 429 [9]= 429 [10]= 429 [11]= 429 [12]= 429 
key_index before (DPU 285) [0]=   0 [1]= 153 [2]= 293 [3]= 437 [4]= 437 [5]= 437 [6]= 437 [7]= 437 [8]= 437 [9]= 437 [10]= 437 [11]= 437 [12]= 437 
key_index before (DPU 286) [0]=   0 [1]= 152 [2]= 290 [3]= 427 [4]= 427 [5]= 427 [6]= 427 [7]= 427 [8]= 427 [9]= 427 [10]= 427 [11]= 427 [12]= 427 
key_index before (DPU 287) [0]=   0 [1]= 139 [2]= 292 [3]= 420 [4]= 420 [5]= 420 [6]= 420 [7]= 420 [8]= 420 [9]= 420 [10]= 420 [11]= 420 [12]= 420 
key_index before (DPU 288) [0]=   0 [1]= 142 [2]= 288 [3]= 424 [4]= 424 [5]= 424 [6]= 424 [7]= 424 [8]= 424 [9]= 424 [10]= 424 [11]= 424 [12]= 424 
key_index before (DPU 289) [0]=   0 [1]= 141 [2]= 306 [3]= 425 [4]= 425 [5]= 425 [6]= 425 [7]= 425 [8]= 425 [9]= 425 [10]= 425 [11]= 425 [12]= 425 
key_index before (DPU 290) [0]=   0 [1]= 148 [2]= 274 [3]= 422 [4]= 422 [5]= 422 [6]= 422 [7]= 422 [8]= 422 [9]= 422 [10]= 422 [11]= 422 [12]= 422 
key_index before (DPU 291) [0]=   0 [1]= 169 [2]= 310 [3]= 458 [4]= 458 [5]= 458 [6]= 458 [7]= 458 [8]= 458 [9]= 458 [10]= 458 [11]= 458 [12]= 458 
key_index before (DPU 292) [0]=   0 [1]= 129 [2]= 274 [3]= 392 [4]= 392 [5]= 392 [6]= 392 [7]= 392 [8]= 392 [9]= 392 [10]= 392 [11]= 392 [12]= 392 
key_index before (DPU 293) [0]=   0 [1]= 126 [2]= 301 [3]= 426 [4]= 426 [5]= 426 [6]= 426 [7]= 426 [8]= 426 [9]= 426 [10]= 426 [11]= 426 [12]= 426 
key_index before (DPU 294) [0]=   0 [1]= 133 [2]= 290 [3]= 450 [4]= 450 [5]= 450 [6]= 450 [7]= 450 [8]= 450 [9]= 450 [10]= 450 [11]= 450 [12]= 450 
key_index before (DPU 295) [0]=   0 [1]= 145 [2]= 283 [3]= 421 [4]= 421 [5]= 421 [6]= 421 [7]= 421 [8]= 421 [9]= 421 [10]= 421 [11]= 421 [12]= 421 
key_index before (DPU 296) [0]=   0 [1]= 147 [2]= 286 [3]= 430 [4]= 430 [5]= 430 [6]= 430 [7]= 430 [8]= 430 [9]= 430 [10]= 430 [11]= 430 [12]= 430 
key_index before (DPU 297) [0]=   0 [1]= 133 [2]= 272 [3]= 389 [4]= 389 [5]= 389 [6]= 389 [7]= 389 [8]= 389 [9]= 389 [10]= 389 [11]= 389 [12]= 389 
key_index before (DPU 298) [0]=   0 [1]= 139 [2]= 272 [3]= 403 [4]= 403 [5]= 403 [6]= 403 [7]= 403 [8]= 403 [9]= 403 [10]= 403 [11]= 403 [12]= 403 
key_index before (DPU 299) [0]=   0 [1]= 136 [2]= 282 [3]= 417 [4]= 417 [5]= 417 [6]= 417 [7]= 417 [8]= 417 [9]= 417 [10]= 417 [11]= 417 [12]= 417 
key_index before (DPU 300) [0]=   0 [1]= 133 [2]= 278 [3]= 431 [4]= 431 [5]= 431 [6]= 431 [7]= 431 [8]= 431 [9]= 431 [10]= 431 [11]= 431 [12]= 431 
key_index before (DPU 301) [0]=   0 [1]= 141 [2]= 260 [3]= 400 [4]= 400 [5]= 400 [6]= 400 [7]= 400 [8]= 400 [9]= 400 [10]= 400 [11]= 400 [12]= 400 
key_index before (DPU 302) [0]=   0 [1]= 141 [2]= 287 [3]= 421 [4]= 421 [5]= 421 [6]= 421 [7]= 421 [8]= 421 [9]= 421 [10]= 421 [11]= 421 [12]= 421 
key_index before (DPU 303) [0]=   0 [1]= 119 [2]= 257 [3]= 393 [4]= 393 [5]= 393 [6]= 393 [7]= 393 [8]= 393 [9]= 393 [10]= 393 [11]= 393 [12]= 393 
key_index before (DPU 304) [0]=   0 [1]= 133 [2]= 288 [3]= 436 [4]= 436 [5]= 436 [6]= 436 [7]= 436 [8]= 436 [9]= 436 [10]= 436 [11]= 436 [12]= 436 
key_index before (DPU 305) [0]=   0 [1]= 144 [2]= 285 [3]= 405 [4]= 405 [5]= 405 [6]= 405 [7]= 405 [8]= 405 [9]= 405 [10]= 405 [11]= 405 [12]= 405 
key_index before (DPU 306) [0]=   0 [1]= 127 [2]= 263 [3]= 420 [4]= 420 [5]= 420 [6]= 420 [7]= 420 [8]= 420 [9]= 420 [10]= 420 [11]= 420 [12]= 420 
key_index before (DPU 307) [0]=   0 [1]= 131 [2]= 254 [3]= 381 [4]= 381 [5]= 381 [6]= 381 [7]= 381 [8]= 381 [9]= 381 [10]= 381 [11]= 381 [12]= 381 
key_index before (DPU 308) [0]=   0 [1]= 122 [2]= 259 [3]= 371 [4]= 371 [5]= 371 [6]= 371 [7]= 371 [8]= 371 [9]= 371 [10]= 371 [11]= 371 [12]= 371 
key_index before (DPU 309) [0]=   0 [1]= 115 [2]= 252 [3]= 385 [4]= 385 [5]= 385 [6]= 385 [7]= 385 [8]= 385 [9]= 385 [10]= 385 [11]= 385 [12]= 385 
key_index before (DPU 310) [0]=   0 [1]= 136 [2]= 276 [3]= 398 [4]= 398 [5]= 398 [6]= 398 [7]= 398 [8]= 398 [9]= 398 [10]= 398 [11]= 398 [12]= 398 
key_index before (DPU 311) [0]=   0 [1]= 120 [2]= 250 [3]= 383 [4]= 383 [5]= 383 [6]= 383 [7]= 383 [8]= 383 [9]= 383 [10]= 383 [11]= 383 [12]= 383 
key_index before (DPU 312) [0]=   0 [1]= 124 [2]= 259 [3]= 412 [4]= 412 [5]= 412 [6]= 412 [7]= 412 [8]= 412 [9]= 412 [10]= 412 [11]= 412 [12]= 412 
key_index before (DPU 313) [0]=   0 [1]= 130 [2]= 261 [3]= 377 [4]= 377 [5]= 377 [6]= 377 [7]= 377 [8]= 377 [9]= 377 [10]= 377 [11]= 377 [12]= 377 
key_index before (DPU 314) [0]=   0 [1]= 135 [2]= 263 [3]= 389 [4]= 389 [5]= 389 [6]= 389 [7]= 389 [8]= 389 [9]= 389 [10]= 389 [11]= 389 [12]= 389 
key_index before (DPU 315) [0]=   0 [1]= 138 [2]= 281 [3]= 422 [4]= 422 [5]= 422 [6]= 422 [7]= 422 [8]= 422 [9]= 422 [10]= 422 [11]= 422 [12]= 422 
key_index before (DPU 316) [0]=   0 [1]= 137 [2]= 269 [3]= 405 [4]= 405 [5]= 405 [6]= 405 [7]= 405 [8]= 405 [9]= 405 [10]= 405 [11]= 405 [12]= 405 
key_index before (DPU 317) [0]=   0 [1]= 130 [2]= 251 [3]= 378 [4]= 378 [5]= 378 [6]= 378 [7]= 378 [8]= 378 [9]= 378 [10]= 378 [11]= 378 [12]= 378 
key_index before (DPU 318) [0]=   0 [1]= 129 [2]= 249 [3]= 367 [4]= 367 [5]= 367 [6]= 367 [7]= 367 [8]= 367 [9]= 367 [10]= 367 [11]= 367 [12]= 367 
key_index before (DPU 319) [0]=   0 [1]= 115 [2]= 248 [3]= 374 [4]= 374 [5]= 374 [6]= 374 [7]= 374 [8]= 374 [9]= 374 [10]= 374 [11]= 374 [12]= 374 
key_index before (DPU 320) [0]=   0 [1]= 126 [2]= 243 [3]= 375 [4]= 375 [5]= 375 [6]= 375 [7]= 375 [8]= 375 [9]= 375 [10]= 375 [11]= 375 [12]= 375 
key_index before (DPU 321) [0]=   0 [1]= 140 [2]= 265 [3]= 394 [4]= 394 [5]= 394 [6]= 394 [7]= 394 [8]= 394 [9]= 394 [10]= 394 [11]= 394 [12]= 394 
key_index before (DPU 322) [0]=   0 [1]= 138 [2]= 271 [3]= 385 [4]= 385 [5]= 385 [6]= 385 [7]= 385 [8]= 385 [9]= 385 [10]= 385 [11]= 385 [12]= 385 
key_index before (DPU 323) [0]=   0 [1]= 121 [2]= 234 [3]= 371 [4]= 371 [5]= 371 [6]= 371 [7]= 371 [8]= 371 [9]= 371 [10]= 371 [11]= 371 [12]= 371 
key_index before (DPU 324) [0]=   0 [1]= 129 [2]= 273 [3]= 379 [4]= 379 [5]= 379 [6]= 379 [7]= 379 [8]= 379 [9]= 379 [10]= 379 [11]= 379 [12]= 379 
key_index before (DPU 325) [0]=   0 [1]= 147 [2]= 274 [3]= 392 [4]= 392 [5]= 392 [6]= 392 [7]= 392 [8]= 392 [9]= 392 [10]= 392 [11]= 392 [12]= 392 
key_index before (DPU 326) [0]=   0 [1]= 138 [2]= 274 [3]= 401 [4]= 401 [5]= 401 [6]= 401 [7]= 401 [8]= 401 [9]= 401 [10]= 401 [11]= 401 [12]= 401 
key_index before (DPU 327) [0]=   0 [1]= 122 [2]= 255 [3]= 368 [4]= 368 [5]= 368 [6]= 368 [7]= 368 [8]= 368 [9]= 368 [10]= 368 [11]= 368 [12]= 368 
key_index before (DPU 328) [0]=   0 [1]= 130 [2]= 258 [3]= 390 [4]= 390 [5]= 390 [6]= 390 [7]= 390 [8]= 390 [9]= 390 [10]= 390 [11]= 390 [12]= 390 
key_index before (DPU 329) [0]=   0 [1]= 140 [2]= 263 [3]= 383 [4]= 383 [5]= 383 [6]= 383 [7]= 383 [8]= 383 [9]= 383 [10]= 383 [11]= 383 [12]= 383 
key_index before (DPU 330) [0]=   0 [1]= 117 [2]= 244 [3]= 379 [4]= 379 [5]= 379 [6]= 379 [7]= 379 [8]= 379 [9]= 379 [10]= 379 [11]= 379 [12]= 379 
key_index before (DPU 331) [0]=   0 [1]= 136 [2]= 247 [3]= 381 [4]= 381 [5]= 381 [6]= 381 [7]= 381 [8]= 381 [9]= 381 [10]= 381 [11]= 381 [12]= 381 
key_index before (DPU 332) [0]=   0 [1]= 126 [2]= 228 [3]= 352 [4]= 352 [5]= 352 [6]= 352 [7]= 352 [8]= 352 [9]= 352 [10]= 352 [11]= 352 [12]= 352 
key_index before (DPU 333) [0]=   0 [1]= 122 [2]= 252 [3]= 388 [4]= 388 [5]= 388 [6]= 388 [7]= 388 [8]= 388 [9]= 388 [10]= 388 [11]= 388 [12]= 388 
key_index before (DPU 334) [0]=   0 [1]= 136 [2]= 250 [3]= 363 [4]= 363 [5]= 363 [6]= 363 [7]= 363 [8]= 363 [9]= 363 [10]= 363 [11]= 363 [12]= 363 
key_index before (DPU 335) [0]=   0 [1]= 129 [2]= 259 [3]= 389 [4]= 389 [5]= 389 [6]= 389 [7]= 389 [8]= 389 [9]= 389 [10]= 389 [11]= 389 [12]= 389 
key_index before (DPU 336) [0]=   0 [1]= 121 [2]= 229 [3]= 351 [4]= 351 [5]= 351 [6]= 351 [7]= 351 [8]= 351 [9]= 351 [10]= 351 [11]= 351 [12]= 351 
key_index before (DPU 337) [0]=   0 [1]= 116 [2]= 241 [3]= 365 [4]= 365 [5]= 365 [6]= 365 [7]= 365 [8]= 365 [9]= 365 [10]= 365 [11]= 365 [12]= 365 
key_index before (DPU 338) [0]=   0 [1]= 118 [2]= 227 [3]= 357 [4]= 357 [5]= 357 [6]= 357 [7]= 357 [8]= 357 [9]= 357 [10]= 357 [11]= 357 [12]= 357 
key_index before (DPU 339) [0]=   0 [1]= 116 [2]= 239 [3]= 381 [4]= 381 [5]= 381 [6]= 381 [7]= 381 [8]= 381 [9]= 381 [10]= 381 [11]= 381 [12]= 381 
key_index before (DPU 340) [0]=   0 [1]= 115 [2]= 240 [3]= 366 [4]= 366 [5]= 366 [6]= 366 [7]= 366 [8]= 366 [9]= 366 [10]= 366 [11]= 366 [12]= 366 
key_index before (DPU 341) [0]=   0 [1]= 113 [2]= 213 [3]= 334 [4]= 334 [5]= 334 [6]= 334 [7]= 334 [8]= 334 [9]= 334 [10]= 334 [11]= 334 [12]= 334 
key_index before (DPU 342) [0]=   0 [1]= 131 [2]= 239 [3]= 367 [4]= 367 [5]= 367 [6]= 367 [7]= 367 [8]= 367 [9]= 367 [10]= 367 [11]= 367 [12]= 367 
key_index before (DPU 343) [0]=   0 [1]= 118 [2]= 220 [3]= 340 [4]= 340 [5]= 340 [6]= 340 [7]= 340 [8]= 340 [9]= 340 [10]= 340 [11]= 340 [12]= 340 
key_index before (DPU 344) [0]=   0 [1]= 141 [2]= 270 [3]= 380 [4]= 380 [5]= 380 [6]= 380 [7]= 380 [8]= 380 [9]= 380 [10]= 380 [11]= 380 [12]= 380 
key_index before (DPU 345) [0]=   0 [1]= 133 [2]= 254 [3]= 362 [4]= 362 [5]= 362 [6]= 362 [7]= 362 [8]= 362 [9]= 362 [10]= 362 [11]= 362 [12]= 362 
key_index before (DPU 346) [0]=   0 [1]= 119 [2]= 251 [3]= 367 [4]= 367 [5]= 367 [6]= 367 [7]= 367 [8]= 367 [9]= 367 [10]= 367 [11]= 367 [12]= 367 
key_index before (DPU 347) [0]=   0 [1]=  97 [2]= 217 [3]= 319 [4]= 319 [5]= 319 [6]= 319 [7]= 319 [8]= 319 [9]= 319 [10]= 319 [11]= 319 [12]= 319 
key_index before (DPU 348) [0]=   0 [1]= 119 [2]= 227 [3]= 339 [4]= 339 [5]= 339 [6]= 339 [7]= 339 [8]= 339 [9]= 339 [10]= 339 [11]= 339 [12]= 339 
key_index before (DPU 349) [0]=   0 [1]= 121 [2]= 236 [3]= 357 [4]= 357 [5]= 357 [6]= 357 [7]= 357 [8]= 357 [9]= 357 [10]= 357 [11]= 357 [12]= 357 
key_index before (DPU 350) [0]=   0 [1]= 110 [2]= 224 [3]= 333 [4]= 333 [5]= 333 [6]= 333 [7]= 333 [8]= 333 [9]= 333 [10]= 333 [11]= 333 [12]= 333 
key_index before (DPU 351) [0]=   0 [1]= 116 [2]= 238 [3]= 378 [4]= 378 [5]= 378 [6]= 378 [7]= 378 [8]= 378 [9]= 378 [10]= 378 [11]= 378 [12]= 378 
key_index before (DPU 352) [0]=   0 [1]= 116 [2]= 243 [3]= 358 [4]= 358 [5]= 358 [6]= 358 [7]= 358 [8]= 358 [9]= 358 [10]= 358 [11]= 358 [12]= 358 
key_index before (DPU 353) [0]=   0 [1]= 113 [2]= 231 [3]= 350 [4]= 350 [5]= 350 [6]= 350 [7]= 350 [8]= 350 [9]= 350 [10]= 350 [11]= 350 [12]= 350 
key_index before (DPU 354) [0]=   0 [1]= 118 [2]= 227 [3]= 345 [4]= 345 [5]= 345 [6]= 345 [7]= 345 [8]= 345 [9]= 345 [10]= 345 [11]= 345 [12]= 345 
key_index before (DPU 355) [0]=   0 [1]= 113 [2]= 208 [3]= 337 [4]= 337 [5]= 337 [6]= 337 [7]= 337 [8]= 337 [9]= 337 [10]= 337 [11]= 337 [12]= 337 
key_index before (DPU 356) [0]=   0 [1]= 123 [2]= 245 [3]= 361 [4]= 361 [5]= 361 [6]= 361 [7]= 361 [8]= 361 [9]= 361 [10]= 361 [11]= 361 [12]= 361 
key_index before (DPU 357) [0]=   0 [1]= 115 [2]= 231 [3]= 357 [4]= 357 [5]= 357 [6]= 357 [7]= 357 [8]= 357 [9]= 357 [10]= 357 [11]= 357 [12]= 357 
key_index before (DPU 358) [0]=   0 [1]= 119 [2]= 223 [3]= 322 [4]= 322 [5]= 322 [6]= 322 [7]= 322 [8]= 322 [9]= 322 [10]= 322 [11]= 322 [12]= 322 
key_index before (DPU 359) [0]=   0 [1]= 105 [2]= 208 [3]= 317 [4]= 317 [5]= 317 [6]= 317 [7]= 317 [8]= 317 [9]= 317 [10]= 317 [11]= 317 [12]= 317 
key_index before (DPU 360) [0]=   0 [1]= 105 [2]= 217 [3]= 310 [4]= 310 [5]= 310 [6]= 310 [7]= 310 [8]= 310 [9]= 310 [10]= 310 [11]= 310 [12]= 310 
key_index before (DPU 361) [0]=   0 [1]= 124 [2]= 233 [3]= 340 [4]= 340 [5]= 340 [6]= 340 [7]= 340 [8]= 340 [9]= 340 [10]= 340 [11]= 340 [12]= 340 
key_index before (DPU 362) [0]=   0 [1]= 100 [2]= 197 [3]= 307 [4]= 307 [5]= 307 [6]= 307 [7]= 307 [8]= 307 [9]= 307 [10]= 307 [11]= 307 [12]= 307 
key_index before (DPU 363) [0]=   0 [1]= 115 [2]= 237 [3]= 363 [4]= 363 [5]= 363 [6]= 363 [7]= 363 [8]= 363 [9]= 363 [10]= 363 [11]= 363 [12]= 363 
key_index before (DPU 364) [0]=   0 [1]= 108 [2]= 206 [3]= 319 [4]= 319 [5]= 319 [6]= 319 [7]= 319 [8]= 319 [9]= 319 [10]= 319 [11]= 319 [12]= 319 
key_index before (DPU 365) [0]=   0 [1]= 131 [2]= 238 [3]= 369 [4]= 369 [5]= 369 [6]= 369 [7]= 369 [8]= 369 [9]= 369 [10]= 369 [11]= 369 [12]= 369 
key_index before (DPU 366) [0]=   0 [1]= 114 [2]= 202 [3]= 306 [4]= 306 [5]= 306 [6]= 306 [7]= 306 [8]= 306 [9]= 306 [10]= 306 [11]= 306 [12]= 306 
key_index before (DPU 367) [0]=   0 [1]= 102 [2]= 210 [3]= 313 [4]= 313 [5]= 313 [6]= 313 [7]= 313 [8]= 313 [9]= 313 [10]= 313 [11]= 313 [12]= 313 
key_index before (DPU 368) [0]=   0 [1]= 104 [2]= 214 [3]= 327 [4]= 327 [5]= 327 [6]= 327 [7]= 327 [8]= 327 [9]= 327 [10]= 327 [11]= 327 [12]= 327 
key_index before (DPU 369) [0]=   0 [1]= 100 [2]= 231 [3]= 364 [4]= 364 [5]= 364 [6]= 364 [7]= 364 [8]= 364 [9]= 364 [10]= 364 [11]= 364 [12]= 364 
key_index before (DPU 370) [0]=   0 [1]= 115 [2]= 236 [3]= 336 [4]= 336 [5]= 336 [6]= 336 [7]= 336 [8]= 336 [9]= 336 [10]= 336 [11]= 336 [12]= 336 
key_index before (DPU 371) [0]=   0 [1]= 107 [2]= 222 [3]= 339 [4]= 339 [5]= 339 [6]= 339 [7]= 339 [8]= 339 [9]= 339 [10]= 339 [11]= 339 [12]= 339 
key_index before (DPU 372) [0]=   0 [1]=  97 [2]= 191 [3]= 302 [4]= 302 [5]= 302 [6]= 302 [7]= 302 [8]= 302 [9]= 302 [10]= 302 [11]= 302 [12]= 302 
key_index before (DPU 373) [0]=   0 [1]= 110 [2]= 214 [3]= 313 [4]= 313 [5]= 313 [6]= 313 [7]= 313 [8]= 313 [9]= 313 [10]= 313 [11]= 313 [12]= 313 
key_index before (DPU 374) [0]=   0 [1]= 113 [2]= 235 [3]= 346 [4]= 346 [5]= 346 [6]= 346 [7]= 346 [8]= 346 [9]= 346 [10]= 346 [11]= 346 [12]= 346 
key_index before (DPU 375) [0]=   0 [1]= 110 [2]= 232 [3]= 360 [4]= 360 [5]= 360 [6]= 360 [7]= 360 [8]= 360 [9]= 360 [10]= 360 [11]= 360 [12]= 360 
key_index before (DPU 376) [0]=   0 [1]= 104 [2]= 223 [3]= 356 [4]= 356 [5]= 356 [6]= 356 [7]= 356 [8]= 356 [9]= 356 [10]= 356 [11]= 356 [12]= 356 
key_index before (DPU 377) [0]=   0 [1]=  91 [2]= 205 [3]= 309 [4]= 309 [5]= 309 [6]= 309 [7]= 309 [8]= 309 [9]= 309 [10]= 309 [11]= 309 [12]= 309 
key_index before (DPU 378) [0]=   0 [1]= 100 [2]= 221 [3]= 338 [4]= 338 [5]= 338 [6]= 338 [7]= 338 [8]= 338 [9]= 338 [10]= 338 [11]= 338 [12]= 338 
key_index before (DPU 379) [0]=   0 [1]=  85 [2]= 178 [3]= 283 [4]= 283 [5]= 283 [6]= 283 [7]= 283 [8]= 283 [9]= 283 [10]= 283 [11]= 283 [12]= 283 
key_index before (DPU 380) [0]=   0 [1]= 119 [2]= 236 [3]= 349 [4]= 349 [5]= 349 [6]= 349 [7]= 349 [8]= 349 [9]= 349 [10]= 349 [11]= 349 [12]= 349 
key_index before (DPU 381) [0]=   0 [1]= 116 [2]= 220 [3]= 330 [4]= 330 [5]= 330 [6]= 330 [7]= 330 [8]= 330 [9]= 330 [10]= 330 [11]= 330 [12]= 330 
key_index before (DPU 382) [0]=   0 [1]= 100 [2]= 220 [3]= 331 [4]= 331 [5]= 331 [6]= 331 [7]= 331 [8]= 331 [9]= 331 [10]= 331 [11]= 331 [12]= 331 
key_index before (DPU 383) [0]=   0 [1]= 111 [2]= 213 [3]= 317 [4]= 317 [5]= 317 [6]= 317 [7]= 317 [8]= 317 [9]= 317 [10]= 317 [11]= 317 [12]= 317 
key_index before (DPU 384) [0]=   0 [1]= 113 [2]= 219 [3]= 314 [4]= 314 [5]= 314 [6]= 314 [7]= 314 [8]= 314 [9]= 314 [10]= 314 [11]= 314 [12]= 314 
key_index before (DPU 385) [0]=   0 [1]= 109 [2]= 226 [3]= 330 [4]= 330 [5]= 330 [6]= 330 [7]= 330 [8]= 330 [9]= 330 [10]= 330 [11]= 330 [12]= 330 
key_index before (DPU 386) [0]=   0 [1]=  86 [2]= 178 [3]= 274 [4]= 274 [5]= 274 [6]= 274 [7]= 274 [8]= 274 [9]= 274 [10]= 274 [11]= 274 [12]= 274 
key_index before (DPU 387) [0]=   0 [1]= 107 [2]= 213 [3]= 315 [4]= 315 [5]= 315 [6]= 315 [7]= 315 [8]= 315 [9]= 315 [10]= 315 [11]= 315 [12]= 315 
key_index before (DPU 388) [0]=   0 [1]= 104 [2]= 199 [3]= 295 [4]= 295 [5]= 295 [6]= 295 [7]= 295 [8]= 295 [9]= 295 [10]= 295 [11]= 295 [12]= 295 
key_index before (DPU 389) [0]=   0 [1]=  96 [2]= 209 [3]= 311 [4]= 311 [5]= 311 [6]= 311 [7]= 311 [8]= 311 [9]= 311 [10]= 311 [11]= 311 [12]= 311 
key_index before (DPU 390) [0]=   0 [1]=  99 [2]= 203 [3]= 307 [4]= 307 [5]= 307 [6]= 307 [7]= 307 [8]= 307 [9]= 307 [10]= 307 [11]= 307 [12]= 307 
key_index before (DPU 391) [0]=   0 [1]= 110 [2]= 231 [3]= 341 [4]= 341 [5]= 341 [6]= 341 [7]= 341 [8]= 341 [9]= 341 [10]= 341 [11]= 341 [12]= 341 
key_index before (DPU 392) [0]=   0 [1]= 101 [2]= 210 [3]= 323 [4]= 323 [5]= 323 [6]= 323 [7]= 323 [8]= 323 [9]= 323 [10]= 323 [11]= 323 [12]= 323 
key_index before (DPU 393) [0]=   0 [1]=  88 [2]= 178 [3]= 277 [4]= 277 [5]= 277 [6]= 277 [7]= 277 [8]= 277 [9]= 277 [10]= 277 [11]= 277 [12]= 277 
key_index before (DPU 394) [0]=   0 [1]=  99 [2]= 212 [3]= 315 [4]= 315 [5]= 315 [6]= 315 [7]= 315 [8]= 315 [9]= 315 [10]= 315 [11]= 315 [12]= 315 
key_index before (DPU 395) [0]=   0 [1]= 101 [2]= 201 [3]= 299 [4]= 299 [5]= 299 [6]= 299 [7]= 299 [8]= 299 [9]= 299 [10]= 299 [11]= 299 [12]= 299 
key_index before (DPU 396) [0]=   0 [1]= 101 [2]= 209 [3]= 306 [4]= 306 [5]= 306 [6]= 306 [7]= 306 [8]= 306 [9]= 306 [10]= 306 [11]= 306 [12]= 306 
key_index before (DPU 397) [0]=   0 [1]=  86 [2]= 175 [3]= 286 [4]= 286 [5]= 286 [6]= 286 [7]= 286 [8]= 286 [9]= 286 [10]= 286 [11]= 286 [12]= 286 
key_index before (DPU 398) [0]=   0 [1]= 108 [2]= 219 [3]= 312 [4]= 312 [5]= 312 [6]= 312 [7]= 312 [8]= 312 [9]= 312 [10]= 312 [11]= 312 [12]= 312 
key_index before (DPU 399) [0]=   0 [1]= 105 [2]= 215 [3]= 316 [4]= 316 [5]= 316 [6]= 316 [7]= 316 [8]= 316 [9]= 316 [10]= 316 [11]= 316 [12]= 316 
key_index before (DPU 400) [0]=   0 [1]=  91 [2]= 204 [3]= 295 [4]= 295 [5]= 295 [6]= 295 [7]= 295 [8]= 295 [9]= 295 [10]= 295 [11]= 295 [12]= 295 
key_index before (DPU 401) [0]=   0 [1]=  99 [2]= 205 [3]= 305 [4]= 305 [5]= 305 [6]= 305 [7]= 305 [8]= 305 [9]= 305 [10]= 305 [11]= 305 [12]= 305 
key_index before (DPU 402) [0]=   0 [1]=  89 [2]= 178 [3]= 300 [4]= 300 [5]= 300 [6]= 300 [7]= 300 [8]= 300 [9]= 300 [10]= 300 [11]= 300 [12]= 300 
key_index before (DPU 403) [0]=   0 [1]=  91 [2]= 206 [3]= 298 [4]= 298 [5]= 298 [6]= 298 [7]= 298 [8]= 298 [9]= 298 [10]= 298 [11]= 298 [12]= 298 
key_index before (DPU 404) [0]=   0 [1]=  93 [2]= 201 [3]= 306 [4]= 306 [5]= 306 [6]= 306 [7]= 306 [8]= 306 [9]= 306 [10]= 306 [11]= 306 [12]= 306 
key_index before (DPU 405) [0]=   0 [1]=  94 [2]= 189 [3]= 280 [4]= 280 [5]= 280 [6]= 280 [7]= 280 [8]= 280 [9]= 280 [10]= 280 [11]= 280 [12]= 280 
key_index before (DPU 406) [0]=   0 [1]=  91 [2]= 196 [3]= 284 [4]= 284 [5]= 284 [6]= 284 [7]= 284 [8]= 284 [9]= 284 [10]= 284 [11]= 284 [12]= 284 
key_index before (DPU 407) [0]=   0 [1]=  92 [2]= 192 [3]= 284 [4]= 284 [5]= 284 [6]= 284 [7]= 284 [8]= 284 [9]= 284 [10]= 284 [11]= 284 [12]= 284 
key_index before (DPU 408) [0]=   0 [1]= 107 [2]= 213 [3]= 324 [4]= 324 [5]= 324 [6]= 324 [7]= 324 [8]= 324 [9]= 324 [10]= 324 [11]= 324 [12]= 324 
key_index before (DPU 409) [0]=   0 [1]= 100 [2]= 198 [3]= 295 [4]= 295 [5]= 295 [6]= 295 [7]= 295 [8]= 295 [9]= 295 [10]= 295 [11]= 295 [12]= 295 
key_index before (DPU 410) [0]=   0 [1]= 105 [2]= 210 [3]= 299 [4]= 299 [5]= 299 [6]= 299 [7]= 299 [8]= 299 [9]= 299 [10]= 299 [11]= 299 [12]= 299 
key_index before (DPU 411) [0]=   0 [1]=  98 [2]= 178 [3]= 264 [4]= 264 [5]= 264 [6]= 264 [7]= 264 [8]= 264 [9]= 264 [10]= 264 [11]= 264 [12]= 264 
key_index before (DPU 412) [0]=   0 [1]=  84 [2]= 197 [3]= 308 [4]= 308 [5]= 308 [6]= 308 [7]= 308 [8]= 308 [9]= 308 [10]= 308 [11]= 308 [12]= 308 
key_index before (DPU 413) [0]=   0 [1]=  79 [2]= 174 [3]= 287 [4]= 287 [5]= 287 [6]= 287 [7]= 287 [8]= 287 [9]= 287 [10]= 287 [11]= 287 [12]= 287 
key_index before (DPU 414) [0]=   0 [1]=  90 [2]= 203 [3]= 308 [4]= 308 [5]= 308 [6]= 308 [7]= 308 [8]= 308 [9]= 308 [10]= 308 [11]= 308 [12]= 308 
key_index before (DPU 415) [0]=   0 [1]= 102 [2]= 192 [3]= 274 [4]= 274 [5]= 274 [6]= 274 [7]= 274 [8]= 274 [9]= 274 [10]= 274 [11]= 274 [12]= 274 
key_index before (DPU 416) [0]=   0 [1]=  83 [2]= 181 [3]= 275 [4]= 275 [5]= 275 [6]= 275 [7]= 275 [8]= 275 [9]= 275 [10]= 275 [11]= 275 [12]= 275 
key_index before (DPU 417) [0]=   0 [1]= 103 [2]= 208 [3]= 293 [4]= 293 [5]= 293 [6]= 293 [7]= 293 [8]= 293 [9]= 293 [10]= 293 [11]= 293 [12]= 293 
key_index before (DPU 418) [0]=   0 [1]=  85 [2]= 180 [3]= 288 [4]= 288 [5]= 288 [6]= 288 [7]= 288 [8]= 288 [9]= 288 [10]= 288 [11]= 288 [12]= 288 
key_index before (DPU 419) [0]=   0 [1]= 112 [2]= 210 [3]= 316 [4]= 316 [5]= 316 [6]= 316 [7]= 316 [8]= 316 [9]= 316 [10]= 316 [11]= 316 [12]= 316 
key_index before (DPU 420) [0]=   0 [1]= 104 [2]= 194 [3]= 287 [4]= 287 [5]= 287 [6]= 287 [7]= 287 [8]= 287 [9]= 287 [10]= 287 [11]= 287 [12]= 287 
key_index before (DPU 421) [0]=   0 [1]=  92 [2]= 206 [3]= 315 [4]= 315 [5]= 315 [6]= 315 [7]= 315 [8]= 315 [9]= 315 [10]= 315 [11]= 315 [12]= 315 
key_index before (DPU 422) [0]=   0 [1]=  89 [2]= 179 [3]= 278 [4]= 278 [5]= 278 [6]= 278 [7]= 278 [8]= 278 [9]= 278 [10]= 278 [11]= 278 [12]= 278 
key_index before (DPU 423) [0]=   0 [1]= 109 [2]= 186 [3]= 307 [4]= 307 [5]= 307 [6]= 307 [7]= 307 [8]= 307 [9]= 307 [10]= 307 [11]= 307 [12]= 307 
key_index before (DPU 424) [0]=   0 [1]=  88 [2]= 193 [3]= 281 [4]= 281 [5]= 281 [6]= 281 [7]= 281 [8]= 281 [9]= 281 [10]= 281 [11]= 281 [12]= 281 
key_index before (DPU 425) [0]=   0 [1]=  86 [2]= 190 [3]= 284 [4]= 284 [5]= 284 [6]= 284 [7]= 284 [8]= 284 [9]= 284 [10]= 284 [11]= 284 [12]= 284 
key_index before (DPU 426) [0]=   0 [1]=  89 [2]= 183 [3]= 269 [4]= 269 [5]= 269 [6]= 269 [7]= 269 [8]= 269 [9]= 269 [10]= 269 [11]= 269 [12]= 269 
key_index before (DPU 427) [0]=   0 [1]= 103 [2]= 183 [3]= 277 [4]= 277 [5]= 277 [6]= 277 [7]= 277 [8]= 277 [9]= 277 [10]= 277 [11]= 277 [12]= 277 
key_index before (DPU 428) [0]=   0 [1]=  96 [2]= 187 [3]= 291 [4]= 291 [5]= 291 [6]= 291 [7]= 291 [8]= 291 [9]= 291 [10]= 291 [11]= 291 [12]= 291 
key_index before (DPU 429) [0]=   0 [1]=  89 [2]= 180 [3]= 285 [4]= 285 [5]= 285 [6]= 285 [7]= 285 [8]= 285 [9]= 285 [10]= 285 [11]= 285 [12]= 285 
key_index before (DPU 430) [0]=   0 [1]= 103 [2]= 184 [3]= 273 [4]= 273 [5]= 273 [6]= 273 [7]= 273 [8]= 273 [9]= 273 [10]= 273 [11]= 273 [12]= 273 
key_index before (DPU 431) [0]=   0 [1]=  77 [2]= 172 [3]= 271 [4]= 271 [5]= 271 [6]= 271 [7]= 271 [8]= 271 [9]= 271 [10]= 271 [11]= 271 [12]= 271 
key_index before (DPU 432) [0]=   0 [1]=  98 [2]= 198 [3]= 301 [4]= 301 [5]= 301 [6]= 301 [7]= 301 [8]= 301 [9]= 301 [10]= 301 [11]= 301 [12]= 301 
key_index before (DPU 433) [0]=   0 [1]= 114 [2]= 212 [3]= 318 [4]= 318 [5]= 318 [6]= 318 [7]= 318 [8]= 318 [9]= 318 [10]= 318 [11]= 318 [12]= 318 
key_index before (DPU 434) [0]=   0 [1]=  95 [2]= 200 [3]= 318 [4]= 318 [5]= 318 [6]= 318 [7]= 318 [8]= 318 [9]= 318 [10]= 318 [11]= 318 [12]= 318 
key_index before (DPU 435) [0]=   0 [1]=  92 [2]= 188 [3]= 260 [4]= 260 [5]= 260 [6]= 260 [7]= 260 [8]= 260 [9]= 260 [10]= 260 [11]= 260 [12]= 260 
key_index before (DPU 436) [0]=   0 [1]=  97 [2]= 198 [3]= 282 [4]= 282 [5]= 282 [6]= 282 [7]= 282 [8]= 282 [9]= 282 [10]= 282 [11]= 282 [12]= 282 
key_index before (DPU 437) [0]=   0 [1]=  90 [2]= 184 [3]= 284 [4]= 284 [5]= 284 [6]= 284 [7]= 284 [8]= 284 [9]= 284 [10]= 284 [11]= 284 [12]= 284 
key_index before (DPU 438) [0]=   0 [1]=  82 [2]= 171 [3]= 265 [4]= 265 [5]= 265 [6]= 265 [7]= 265 [8]= 265 [9]= 265 [10]= 265 [11]= 265 [12]= 265 
key_index before (DPU 439) [0]=   0 [1]=  99 [2]= 181 [3]= 281 [4]= 281 [5]= 281 [6]= 281 [7]= 281 [8]= 281 [9]= 281 [10]= 281 [11]= 281 [12]= 281 
key_index before (DPU 440) [0]=   0 [1]= 110 [2]= 212 [3]= 296 [4]= 296 [5]= 296 [6]= 296 [7]= 296 [8]= 296 [9]= 296 [10]= 296 [11]= 296 [12]= 296 
key_index before (DPU 441) [0]=   0 [1]=  81 [2]= 172 [3]= 264 [4]= 264 [5]= 264 [6]= 264 [7]= 264 [8]= 264 [9]= 264 [10]= 264 [11]= 264 [12]= 264 
key_index before (DPU 442) [0]=   0 [1]=  75 [2]= 167 [3]= 258 [4]= 258 [5]= 258 [6]= 258 [7]= 258 [8]= 258 [9]= 258 [10]= 258 [11]= 258 [12]= 258 
key_index before (DPU 443) [0]=   0 [1]=  92 [2]= 167 [3]= 257 [4]= 257 [5]= 257 [6]= 257 [7]= 257 [8]= 257 [9]= 257 [10]= 257 [11]= 257 [12]= 257 
key_index before (DPU 444) [0]=   0 [1]=  99 [2]= 205 [3]= 284 [4]= 284 [5]= 284 [6]= 284 [7]= 284 [8]= 284 [9]= 284 [10]= 284 [11]= 284 [12]= 284 
key_index before (DPU 445) [0]=   0 [1]=  84 [2]= 189 [3]= 280 [4]= 280 [5]= 280 [6]= 280 [7]= 280 [8]= 280 [9]= 280 [10]= 280 [11]= 280 [12]= 280 
key_index before (DPU 446) [0]=   0 [1]=  90 [2]= 194 [3]= 285 [4]= 285 [5]= 285 [6]= 285 [7]= 285 [8]= 285 [9]= 285 [10]= 285 [11]= 285 [12]= 285 
key_index before (DPU 447) [0]=   0 [1]= 105 [2]= 194 [3]= 286 [4]= 286 [5]= 286 [6]= 286 [7]= 286 [8]= 286 [9]= 286 [10]= 286 [11]= 286 [12]= 286 
key_index before (DPU 448) [0]=   0 [1]= 107 [2]= 193 [3]= 288 [4]= 288 [5]= 288 [6]= 288 [7]= 288 [8]= 288 [9]= 288 [10]= 288 [11]= 288 [12]= 288 
key_index before (DPU 449) [0]=   0 [1]=  89 [2]= 174 [3]= 258 [4]= 258 [5]= 258 [6]= 258 [7]= 258 [8]= 258 [9]= 258 [10]= 258 [11]= 258 [12]= 258 
key_index before (DPU 450) [0]=   0 [1]= 104 [2]= 190 [3]= 274 [4]= 274 [5]= 274 [6]= 274 [7]= 274 [8]= 274 [9]= 274 [10]= 274 [11]= 274 [12]= 274 
key_index before (DPU 451) [0]=   0 [1]=  89 [2]= 169 [3]= 249 [4]= 249 [5]= 249 [6]= 249 [7]= 249 [8]= 249 [9]= 249 [10]= 249 [11]= 249 [12]= 249 
key_index before (DPU 452) [0]=   0 [1]=  76 [2]= 172 [3]= 275 [4]= 275 [5]= 275 [6]= 275 [7]= 275 [8]= 275 [9]= 275 [10]= 275 [11]= 275 [12]= 275 
key_index before (DPU 453) [0]=   0 [1]=  86 [2]= 164 [3]= 243 [4]= 243 [5]= 243 [6]= 243 [7]= 243 [8]= 243 [9]= 243 [10]= 243 [11]= 243 [12]= 243 
key_index before (DPU 454) [0]=   0 [1]=  97 [2]= 193 [3]= 272 [4]= 272 [5]= 272 [6]= 272 [7]= 272 [8]= 272 [9]= 272 [10]= 272 [11]= 272 [12]= 272 
key_index before (DPU 455) [0]=   0 [1]=  94 [2]= 188 [3]= 269 [4]= 269 [5]= 269 [6]= 269 [7]= 269 [8]= 269 [9]= 269 [10]= 269 [11]= 269 [12]= 269 
key_index before (DPU 456) [0]=   0 [1]= 102 [2]= 204 [3]= 276 [4]= 276 [5]= 276 [6]= 276 [7]= 276 [8]= 276 [9]= 276 [10]= 276 [11]= 276 [12]= 276 
key_index before (DPU 457) [0]=   0 [1]= 102 [2]= 200 [3]= 292 [4]= 292 [5]= 292 [6]= 292 [7]= 292 [8]= 292 [9]= 292 [10]= 292 [11]= 292 [12]= 292 
key_index before (DPU 458) [0]=   0 [1]=  85 [2]= 172 [3]= 272 [4]= 272 [5]= 272 [6]= 272 [7]= 272 [8]= 272 [9]= 272 [10]= 272 [11]= 272 [12]= 272 
key_index before (DPU 459) [0]=   0 [1]=  89 [2]= 179 [3]= 279 [4]= 279 [5]= 279 [6]= 279 [7]= 279 [8]= 279 [9]= 279 [10]= 279 [11]= 279 [12]= 279 
key_index before (DPU 460) [0]=   0 [1]=  97 [2]= 188 [3]= 281 [4]= 281 [5]= 281 [6]= 281 [7]= 281 [8]= 281 [9]= 281 [10]= 281 [11]= 281 [12]= 281 
key_index before (DPU 461) [0]=   0 [1]= 100 [2]= 217 [3]= 289 [4]= 289 [5]= 289 [6]= 289 [7]= 289 [8]= 289 [9]= 289 [10]= 289 [11]= 289 [12]= 289 
key_index before (DPU 462) [0]=   0 [1]=  94 [2]= 180 [3]= 260 [4]= 260 [5]= 260 [6]= 260 [7]= 260 [8]= 260 [9]= 260 [10]= 260 [11]= 260 [12]= 260 
key_index before (DPU 463) [0]=   0 [1]=  96 [2]= 194 [3]= 284 [4]= 284 [5]= 284 [6]= 284 [7]= 284 [8]= 284 [9]= 284 [10]= 284 [11]= 284 [12]= 284 
key_index before (DPU 464) [0]=   0 [1]=  90 [2]= 180 [3]= 273 [4]= 273 [5]= 273 [6]= 273 [7]= 273 [8]= 273 [9]= 273 [10]= 273 [11]= 273 [12]= 273 
key_index before (DPU 465) [0]=   0 [1]=  87 [2]= 180 [3]= 269 [4]= 269 [5]= 269 [6]= 269 [7]= 269 [8]= 269 [9]= 269 [10]= 269 [11]= 269 [12]= 269 
key_index before (DPU 466) [0]=   0 [1]=  69 [2]= 159 [3]= 216 [4]= 216 [5]= 216 [6]= 216 [7]= 216 [8]= 216 [9]= 216 [10]= 216 [11]= 216 [12]= 216 
key_index before (DPU 467) [0]=   0 [1]= 106 [2]= 206 [3]= 304 [4]= 304 [5]= 304 [6]= 304 [7]= 304 [8]= 304 [9]= 304 [10]= 304 [11]= 304 [12]= 304 
key_index before (DPU 468) [0]=   0 [1]=  80 [2]= 166 [3]= 262 [4]= 262 [5]= 262 [6]= 262 [7]= 262 [8]= 262 [9]= 262 [10]= 262 [11]= 262 [12]= 262 
key_index before (DPU 469) [0]=   0 [1]= 103 [2]= 179 [3]= 273 [4]= 273 [5]= 273 [6]= 273 [7]= 273 [8]= 273 [9]= 273 [10]= 273 [11]= 273 [12]= 273 
key_index before (DPU 470) [0]=   0 [1]=  74 [2]= 167 [3]= 252 [4]= 252 [5]= 252 [6]= 252 [7]= 252 [8]= 252 [9]= 252 [10]= 252 [11]= 252 [12]= 252 
key_index before (DPU 471) [0]=   0 [1]=  84 [2]= 164 [3]= 267 [4]= 267 [5]= 267 [6]= 267 [7]= 267 [8]= 267 [9]= 267 [10]= 267 [11]= 267 [12]= 267 
key_index before (DPU 472) [0]=   0 [1]=  88 [2]= 163 [3]= 263 [4]= 263 [5]= 263 [6]= 263 [7]= 263 [8]= 263 [9]= 263 [10]= 263 [11]= 263 [12]= 263 
key_index before (DPU 473) [0]=   0 [1]=  89 [2]= 154 [3]= 230 [4]= 230 [5]= 230 [6]= 230 [7]= 230 [8]= 230 [9]= 230 [10]= 230 [11]= 230 [12]= 230 
key_index before (DPU 474) [0]=   0 [1]=  87 [2]= 184 [3]= 269 [4]= 269 [5]= 269 [6]= 269 [7]= 269 [8]= 269 [9]= 269 [10]= 269 [11]= 269 [12]= 269 
key_index before (DPU 475) [0]=   0 [1]=  94 [2]= 165 [3]= 257 [4]= 257 [5]= 257 [6]= 257 [7]= 257 [8]= 257 [9]= 257 [10]= 257 [11]= 257 [12]= 257 
key_index before (DPU 476) [0]=   0 [1]=  96 [2]= 185 [3]= 265 [4]= 265 [5]= 265 [6]= 265 [7]= 265 [8]= 265 [9]= 265 [10]= 265 [11]= 265 [12]= 265 
key_index before (DPU 477) [0]=   0 [1]=  77 [2]= 174 [3]= 265 [4]= 265 [5]= 265 [6]= 265 [7]= 265 [8]= 265 [9]= 265 [10]= 265 [11]= 265 [12]= 265 
key_index before (DPU 478) [0]=   0 [1]=  78 [2]= 175 [3]= 266 [4]= 266 [5]= 266 [6]= 266 [7]= 266 [8]= 266 [9]= 266 [10]= 266 [11]= 266 [12]= 266 
key_index before (DPU 479) [0]=   0 [1]=  90 [2]= 158 [3]= 237 [4]= 237 [5]= 237 [6]= 237 [7]= 237 [8]= 237 [9]= 237 [10]= 237 [11]= 237 [12]= 237 
key_index before (DPU 480) [0]=   0 [1]=  67 [2]= 136 [3]= 238 [4]= 238 [5]= 238 [6]= 238 [7]= 238 [8]= 238 [9]= 238 [10]= 238 [11]= 238 [12]= 238 
key_index before (DPU 481) [0]=   0 [1]=  82 [2]= 167 [3]= 270 [4]= 270 [5]= 270 [6]= 270 [7]= 270 [8]= 270 [9]= 270 [10]= 270 [11]= 270 [12]= 270 
key_index before (DPU 482) [0]=   0 [1]=  84 [2]= 165 [3]= 250 [4]= 250 [5]= 250 [6]= 250 [7]= 250 [8]= 250 [9]= 250 [10]= 250 [11]= 250 [12]= 250 
key_index before (DPU 483) [0]=   0 [1]=  83 [2]= 155 [3]= 229 [4]= 229 [5]= 229 [6]= 229 [7]= 229 [8]= 229 [9]= 229 [10]= 229 [11]= 229 [12]= 229 
key_index before (DPU 484) [0]=   0 [1]=  93 [2]= 179 [3]= 245 [4]= 245 [5]= 245 [6]= 245 [7]= 245 [8]= 245 [9]= 245 [10]= 245 [11]= 245 [12]= 245 
key_index before (DPU 485) [0]=   0 [1]=  77 [2]= 163 [3]= 266 [4]= 266 [5]= 266 [6]= 266 [7]= 266 [8]= 266 [9]= 266 [10]= 266 [11]= 266 [12]= 266 
key_index before (DPU 486) [0]=   0 [1]=  88 [2]= 168 [3]= 251 [4]= 251 [5]= 251 [6]= 251 [7]= 251 [8]= 251 [9]= 251 [10]= 251 [11]= 251 [12]= 251 
key_index before (DPU 487) [0]=   0 [1]=  80 [2]= 169 [3]= 272 [4]= 272 [5]= 272 [6]= 272 [7]= 272 [8]= 272 [9]= 272 [10]= 272 [11]= 272 [12]= 272 
key_index before (DPU 488) [0]=   0 [1]=  94 [2]= 174 [3]= 249 [4]= 249 [5]= 249 [6]= 249 [7]= 249 [8]= 249 [9]= 249 [10]= 249 [11]= 249 [12]= 249 
key_index before (DPU 489) [0]=   0 [1]=  94 [2]= 176 [3]= 257 [4]= 257 [5]= 257 [6]= 257 [7]= 257 [8]= 257 [9]= 257 [10]= 257 [11]= 257 [12]= 257 
key_index before (DPU 490) [0]=   0 [1]=  85 [2]= 191 [3]= 280 [4]= 280 [5]= 280 [6]= 280 [7]= 280 [8]= 280 [9]= 280 [10]= 280 [11]= 280 [12]= 280 
key_index before (DPU 491) [0]=   0 [1]=  81 [2]= 153 [3]= 244 [4]= 244 [5]= 244 [6]= 244 [7]= 244 [8]= 244 [9]= 244 [10]= 244 [11]= 244 [12]= 244 
key_index before (DPU 492) [0]=   0 [1]=  78 [2]= 175 [3]= 263 [4]= 263 [5]= 263 [6]= 263 [7]= 263 [8]= 263 [9]= 263 [10]= 263 [11]= 263 [12]= 263 
key_index before (DPU 493) [0]=   0 [1]= 107 [2]= 200 [3]= 272 [4]= 272 [5]= 272 [6]= 272 [7]= 272 [8]= 272 [9]= 272 [10]= 272 [11]= 272 [12]= 272 
key_index before (DPU 494) [0]=   0 [1]=  73 [2]= 151 [3]= 236 [4]= 236 [5]= 236 [6]= 236 [7]= 236 [8]= 236 [9]= 236 [10]= 236 [11]= 236 [12]= 236 
key_index before (DPU 495) [0]=   0 [1]=  84 [2]= 160 [3]= 244 [4]= 244 [5]= 244 [6]= 244 [7]= 244 [8]= 244 [9]= 244 [10]= 244 [11]= 244 [12]= 244 
key_index before (DPU 496) [0]=   0 [1]=  84 [2]= 160 [3]= 256 [4]= 256 [5]= 256 [6]= 256 [7]= 256 [8]= 256 [9]= 256 [10]= 256 [11]= 256 [12]= 256 
key_index before (DPU 497) [0]=   0 [1]=  70 [2]= 146 [3]= 222 [4]= 222 [5]= 222 [6]= 222 [7]= 222 [8]= 222 [9]= 222 [10]= 222 [11]= 222 [12]= 222 
key_index before (DPU 498) [0]=   0 [1]=  81 [2]= 170 [3]= 245 [4]= 245 [5]= 245 [6]= 245 [7]= 245 [8]= 245 [9]= 245 [10]= 245 [11]= 245 [12]= 245 
key_index before (DPU 499) [0]=   0 [1]=  91 [2]= 155 [3]= 237 [4]= 237 [5]= 237 [6]= 237 [7]= 237 [8]= 237 [9]= 237 [10]= 237 [11]= 237 [12]= 237 
before (DPU 0) [0]=138765 [1]=71842 [2]=48084 [3]=   0 [4]=   0 [5]=   0 [6]=   0 [7]=   0 [8]=   0 [9]=   0 [10]=   0 [11]=   0 
after  (DPU 0) [0]=138765 [1]=71842 [2]=48084 [3]=   0 [4]=   0 [5]=   0 [6]=   0 [7]=   0 [8]=   0 [9]=   0 [10]=   0 [11]=   0 
before (DPU 1) [0]=32939 [1]=25959 [2]=21330 [3]=   0 [4]=   0 [5]=   0 [6]=   0 [7]=   0 [8]=   0 [9]=   0 [10]=   0 [11]=   0 
after  (DPU 1) [0]=32939 [1]=25959 [2]=21330 [3]=   0 [4]=   0 [5]=   0 [6]=   0 [7]=   0 [8]=   0 [9]=   0 [10]=   0 [11]=   0 
before (DPU 2) [0]=17807 [1]=15604 [2]=13564 [3]=   0 [4]=   0 [5]=   0 [6]=   0 [7]=   0 [8]=   0 [9]=   0 [10]=   0 [11]=   0 
after  (DPU 2) [0]=17807 [1]=15604 [2]=13564 [3]=   0 [4]=   0 [5]=   0 [6]=   0 [7]=   0 [8]=   0 [9]=   0 [10]=   0 [11]=   0 
before (DPU 3) [0]=12243 [1]=11531 [2]=10109 [3]=   0 [4]=   0 [5]=   0 [6]=   0 [7]=   0 [8]=   0 [9]=   0 [10]=   0 [11]=   0 
after  (DPU 3) [0]=12243 [1]=11531 [2]=10109 [3]=   0 [4]=   0 [5]=   0 [6]=   0 [7]=   0 [8]=   0 [9]=   0 [10]=   0 [11]=   0 
before (DPU 4) [0]=9501 [1]=8630 [2]=8108 [3]=   0 [4]=   0 [5]=   0 [6]=   0 [7]=   0 [8]=   0 [9]=   0 [10]=   0 [11]=   0 
after  (DPU 4) [0]=9501 [1]=8630 [2]=8108 [3]=   0 [4]=   0 [5]=   0 [6]=   0 [7]=   0 [8]=   0 [9]=   0 [10]=   0 [11]=   0 
before (DPU 5) [0]=7634 [1]=7027 [2]=6789 [3]=   0 [4]=   0 [5]=   0 [6]=   0 [7]=   0 [8]=   0 [9]=   0 [10]=   0 [11]=   0 
after  (DPU 5) [0]=7634 [1]=7027 [2]=6789 [3]=   0 [4]=   0 [5]=   0 [6]=   0 [7]=   0 [8]=   0 [9]=   0 [10]=   0 [11]=   0 
before (DPU 6) [0]=6428 [1]=6040 [2]=5879 [3]=   0 [4]=   0 [5]=   0 [6]=   0 [7]=   0 [8]=   0 [9]=   0 [10]=   0 [11]=   0 
after  (DPU 6) [0]=6428 [1]=6040 [2]=5879 [3]=   0 [4]=   0 [5]=   0 [6]=   0 [7]=   0 [8]=   0 [9]=   0 [10]=   0 [11]=   0 
before (DPU 7) [0]=5456 [1]=5196 [2]=4999 [3]=   0 [4]=   0 [5]=   0 [6]=   0 [7]=   0 [8]=   0 [9]=   0 [10]=   0 [11]=   0 
after  (DPU 7) [0]=5456 [1]=5196 [2]=4999 [3]=   0 [4]=   0 [5]=   0 [6]=   0 [7]=   0 [8]=   0 [9]=   0 [10]=   0 [11]=   0 
before (DPU 8) [0]=4861 [1]=4611 [2]=4482 [3]=   0 [4]=   0 [5]=   0 [6]=   0 [7]=   0 [8]=   0 [9]=   0 [10]=   0 [11]=   0 
after  (DPU 8) [0]=4861 [1]=4611 [2]=4482 [3]=   0 [4]=   0 [5]=   0 [6]=   0 [7]=   0 [8]=   0 [9]=   0 [10]=   0 [11]=   0 
before (DPU 9) [0]=4260 [1]=4165 [2]=4082 [3]=   0 [4]=   0 [5]=   0 [6]=   0 [7]=   0 [8]=   0 [9]=   0 [10]=   0 [11]=   0 
after  (DPU 9) [0]=4260 [1]=4165 [2]=4082 [3]=   0 [4]=   0 [5]=   0 [6]=   0 [7]=   0 [8]=   0 [9]=   0 [10]=   0 [11]=   0 
before (DPU 10) [0]=3840 [1]=3781 [2]=3602 [3]=   0 [4]=   0 [5]=   0 [6]=   0 [7]=   0 [8]=   0 [9]=   0 [10]=   0 [11]=   0 
after  (DPU 10) [0]=3840 [1]=3781 [2]=3602 [3]=   0 [4]=   0 [5]=   0 [6]=   0 [7]=   0 [8]=   0 [9]=   0 [10]=   0 [11]=   0 
before (DPU 11) [0]=3604 [1]=3486 [2]=3394 [3]=   0 [4]=   0 [5]=   0 [6]=   0 [7]=   0 [8]=   0 [9]=   0 [10]=   0 [11]=   0 
after  (DPU 11) [0]=3604 [1]=3486 [2]=3394 [3]=   0 [4]=   0 [5]=   0 [6]=   0 [7]=   0 [8]=   0 [9]=   0 [10]=   0 [11]=   0 
before (DPU 12) [0]=3314 [1]=3021 [2]=3102 [3]=   0 [4]=   0 [5]=   0 [6]=   0 [7]=   0 [8]=   0 [9]=   0 [10]=   0 [11]=   0 
after  (DPU 12) [0]=3314 [1]=3021 [2]=3102 [3]=   0 [4]=   0 [5]=   0 [6]=   0 [7]=   0 [8]=   0 [9]=   0 [10]=   0 [11]=   0 
before (DPU 13) [0]=2974 [1]=2908 [2]=2833 [3]=   0 [4]=   0 [5]=   0 [6]=   0 [7]=   0 [8]=   0 [9]=   0 [10]=   0 [11]=   0 
after  (DPU 13) [0]=2974 [1]=2908 [2]=2833 [3]=   0 [4]=   0 [5]=   0 [6]=   0 [7]=   0 [8]=   0 [9]=   0 [10]=   0 [11]=   0 
before (DPU 14) [0]=2799 [1]=2739 [2]=2664 [3]=   0 [4]=   0 [5]=   0 [6]=   0 [7]=   0 [8]=   0 [9]=   0 [10]=   0 [11]=   0 
after  (DPU 14) [0]=2799 [1]=2739 [2]=2664 [3]=   0 [4]=   0 [5]=   0 [6]=   0 [7]=   0 [8]=   0 [9]=   0 [10]=   0 [11]=   0 
before (DPU 15) [0]=2660 [1]=2655 [2]=2525 [3]=   0 [4]=   0 [5]=   0 [6]=   0 [7]=   0 [8]=   0 [9]=   0 [10]=   0 [11]=   0 
after  (DPU 15) [0]=2660 [1]=2655 [2]=2525 [3]=   0 [4]=   0 [5]=   0 [6]=   0 [7]=   0 [8]=   0 [9]=   0 [10]=   0 [11]=   0 
before (DPU 16) [0]=2362 [1]=2437 [2]=2409 [3]=   0 [4]=   0 [5]=   0 [6]=   0 [7]=   0 [8]=   0 [9]=   0 [10]=   0 [11]=   0 
after  (DPU 16) [0]=2362 [1]=2437 [2]=2409 [3]=   0 [4]=   0 [5]=   0 [6]=   0 [7]=   0 [8]=   0 [9]=   0 [10]=   0 [11]=   0 
before (DPU 17) [0]=2337 [1]=2280 [2]=2207 [3]=   0 [4]=   0 [5]=   0 [6]=   0 [7]=   0 [8]=   0 [9]=   0 [10]=   0 [11]=   0 
after  (DPU 17) [0]=2337 [1]=2280 [2]=2207 [3]=   0 [4]=   0 [5]=   0 [6]=   0 [7]=   0 [8]=   0 [9]=   0 [10]=   0 [11]=   0 
before (DPU 18) [0]=2195 [1]=2151 [2]=2154 [3]=   0 [4]=   0 [5]=   0 [6]=   0 [7]=   0 [8]=   0 [9]=   0 [10]=   0 [11]=   0 
after  (DPU 18) [0]=2195 [1]=2151 [2]=2154 [3]=   0 [4]=   0 [5]=   0 [6]=   0 [7]=   0 [8]=   0 [9]=   0 [10]=   0 [11]=   0 
before (DPU 19) [0]=2031 [1]=2000 [2]=2052 [3]=   0 [4]=   0 [5]=   0 [6]=   0 [7]=   0 [8]=   0 [9]=   0 [10]=   0 [11]=   0 
after  (DPU 19) [0]=2031 [1]=2000 [2]=2052 [3]=   0 [4]=   0 [5]=   0 [6]=   0 [7]=   0 [8]=   0 [9]=   0 [10]=   0 [11]=   0 
before (DPU 20) [0]=2019 [1]=1936 [2]=1810 [3]=   0 [4]=   0 [5]=   0 [6]=   0 [7]=   0 [8]=   0 [9]=   0 [10]=   0 [11]=   0 
after  (DPU 20) [0]=2019 [1]=1936 [2]=1810 [3]=   0 [4]=   0 [5]=   0 [6]=   0 [7]=   0 [8]=   0 [9]=   0 [10]=   0 [11]=   0 
before (DPU 21) [0]=1808 [1]=1811 [2]=1751 [3]=   0 [4]=   0 [5]=   0 [6]=   0 [7]=   0 [8]=   0 [9]=   0 [10]=   0 [11]=   0 
after  (DPU 21) [0]=1808 [1]=1811 [2]=1751 [3]=   0 [4]=   0 [5]=   0 [6]=   0 [7]=   0 [8]=   0 [9]=   0 [10]=   0 [11]=   0 
before (DPU 22) [0]=1800 [1]=1747 [2]=1761 [3]=   0 [4]=   0 [5]=   0 [6]=   0 [7]=   0 [8]=   0 [9]=   0 [10]=   0 [11]=   0 
after  (DPU 22) [0]=1800 [1]=1747 [2]=1761 [3]=   0 [4]=   0 [5]=   0 [6]=   0 [7]=   0 [8]=   0 [9]=   0 [10]=   0 [11]=   0 
before (DPU 23) [0]=1792 [1]=1722 [2]=1704 [3]=   0 [4]=   0 [5]=   0 [6]=   0 [7]=   0 [8]=   0 [9]=   0 [10]=   0 [11]=   0 
after  (DPU 23) [0]=1792 [1]=1722 [2]=1704 [3]=   0 [4]=   0 [5]=   0 [6]=   0 [7]=   0 [8]=   0 [9]=   0 [10]=   0 [11]=   0 
before (DPU 24) [0]=1607 [1]=1612 [2]=1674 [3]=   0 [4]=   0 [5]=   0 [6]=   0 [7]=   0 [8]=   0 [9]=   0 [10]=   0 [11]=   0 
after  (DPU 24) [0]=1607 [1]=1612 [2]=1674 [3]=   0 [4]=   0 [5]=   0 [6]=   0 [7]=   0 [8]=   0 [9]=   0 [10]=   0 [11]=   0 
before (DPU 25) [0]=1550 [1]=1574 [2]=1519 [3]=   0 [4]=   0 [5]=   0 [6]=   0 [7]=   0 [8]=   0 [9]=   0 [10]=   0 [11]=   0 
after  (DPU 25) [0]=1550 [1]=1574 [2]=1519 [3]=   0 [4]=   0 [5]=   0 [6]=   0 [7]=   0 [8]=   0 [9]=   0 [10]=   0 [11]=   0 
before (DPU 26) [0]=1482 [1]=1453 [2]=1557 [3]=   0 [4]=   0 [5]=   0 [6]=   0 [7]=   0 [8]=   0 [9]=   0 [10]=   0 [11]=   0 
after  (DPU 26) [0]=1482 [1]=1453 [2]=1557 [3]=   0 [4]=   0 [5]=   0 [6]=   0 [7]=   0 [8]=   0 [9]=   0 [10]=   0 [11]=   0 
before (DPU 27) [0]=1460 [1]=1432 [2]=1469 [3]=   0 [4]=   0 [5]=   0 [6]=   0 [7]=   0 [8]=   0 [9]=   0 [10]=   0 [11]=   0 
after  (DPU 27) [0]=1460 [1]=1432 [2]=1469 [3]=   0 [4]=   0 [5]=   0 [6]=   0 [7]=   0 [8]=   0 [9]=   0 [10]=   0 [11]=   0 
before (DPU 28) [0]=1428 [1]=1356 [2]=1330 [3]=   0 [4]=   0 [5]=   0 [6]=   0 [7]=   0 [8]=   0 [9]=   0 [10]=   0 [11]=   0 
after  (DPU 28) [0]=1428 [1]=1356 [2]=1330 [3]=   0 [4]=   0 [5]=   0 [6]=   0 [7]=   0 [8]=   0 [9]=   0 [10]=   0 [11]=   0 
before (DPU 29) [0]=1375 [1]=1338 [2]=1363 [3]=   0 [4]=   0 [5]=   0 [6]=   0 [7]=   0 [8]=   0 [9]=   0 [10]=   0 [11]=   0 
after  (DPU 29) [0]=1375 [1]=1338 [2]=1363 [3]=   0 [4]=   0 [5]=   0 [6]=   0 [7]=   0 [8]=   0 [9]=   0 [10]=   0 [11]=   0 
before (DPU 30) [0]=1359 [1]=1300 [2]=1261 [3]=   0 [4]=   0 [5]=   0 [6]=   0 [7]=   0 [8]=   0 [9]=   0 [10]=   0 [11]=   0 
after  (DPU 30) [0]=1359 [1]=1300 [2]=1261 [3]=   0 [4]=   0 [5]=   0 [6]=   0 [7]=   0 [8]=   0 [9]=   0 [10]=   0 [11]=   0 
before (DPU 31) [0]=1282 [1]=1249 [2]=1224 [3]=   0 [4]=   0 [5]=   0 [6]=   0 [7]=   0 [8]=   0 [9]=   0 [10]=   0 [11]=   0 
after  (DPU 31) [0]=1282 [1]=1249 [2]=1224 [3]=   0 [4]=   0 [5]=   0 [6]=   0 [7]=   0 [8]=   0 [9]=   0 [10]=   0 [11]=   0 
before (DPU 32) [0]=1220 [1]=1221 [2]=1210 [3]=   0 [4]=   0 [5]=   0 [6]=   0 [7]=   0 [8]=   0 [9]=   0 [10]=   0 [11]=   0 
after  (DPU 32) [0]=1220 [1]=1221 [2]=1210 [3]=   0 [4]=   0 [5]=   0 [6]=   0 [7]=   0 [8]=   0 [9]=   0 [10]=   0 [11]=   0 
before (DPU 33) [0]=1191 [1]=1286 [2]=1216 [3]=   0 [4]=   0 [5]=   0 [6]=   0 [7]=   0 [8]=   0 [9]=   0 [10]=   0 [11]=   0 
after  (DPU 33) [0]=1191 [1]=1286 [2]=1216 [3]=   0 [4]=   0 [5]=   0 [6]=   0 [7]=   0 [8]=   0 [9]=   0 [10]=   0 [11]=   0 
before (DPU 34) [0]=1232 [1]=1130 [2]=1113 [3]=   0 [4]=   0 [5]=   0 [6]=   0 [7]=   0 [8]=   0 [9]=   0 [10]=   0 [11]=   0 
after  (DPU 34) [0]=1232 [1]=1130 [2]=1113 [3]=   0 [4]=   0 [5]=   0 [6]=   0 [7]=   0 [8]=   0 [9]=   0 [10]=   0 [11]=   0 
before (DPU 35) [0]=1103 [1]=1081 [2]=1129 [3]=   0 [4]=   0 [5]=   0 [6]=   0 [7]=   0 [8]=   0 [9]=   0 [10]=   0 [11]=   0 
after  (DPU 35) [0]=1103 [1]=1081 [2]=1129 [3]=   0 [4]=   0 [5]=   0 [6]=   0 [7]=   0 [8]=   0 [9]=   0 [10]=   0 [11]=   0 
before (DPU 36) [0]=1147 [1]=1107 [2]=1078 [3]=   0 [4]=   0 [5]=   0 [6]=   0 [7]=   0 [8]=   0 [9]=   0 [10]=   0 [11]=   0 
after  (DPU 36) [0]=1147 [1]=1107 [2]=1078 [3]=   0 [4]=   0 [5]=   0 [6]=   0 [7]=   0 [8]=   0 [9]=   0 [10]=   0 [11]=   0 
before (DPU 37) [0]=1082 [1]=1063 [2]=1081 [3]=   0 [4]=   0 [5]=   0 [6]=   0 [7]=   0 [8]=   0 [9]=   0 [10]=   0 [11]=   0 
after  (DPU 37) [0]=1082 [1]=1063 [2]=1081 [3]=   0 [4]=   0 [5]=   0 [6]=   0 [7]=   0 [8]=   0 [9]=   0 [10]=   0 [11]=   0 
before (DPU 38) [0]=1052 [1]=1006 [2]=1082 [3]=   0 [4]=   0 [5]=   0 [6]=   0 [7]=   0 [8]=   0 [9]=   0 [10]=   0 [11]=   0 
after  (DPU 38) [0]=1052 [1]=1006 [2]=1082 [3]=   0 [4]=   0 [5]=   0 [6]=   0 [7]=   0 [8]=   0 [9]=   0 [10]=   0 [11]=   0 
before (DPU 39) [0]=1022 [1]=1067 [2]= 973 [3]=   0 [4]=   0 [5]=   0 [6]=   0 [7]=   0 [8]=   0 [9]=   0 [10]=   0 [11]=   0 
after  (DPU 39) [0]=1022 [1]=1067 [2]= 973 [3]=   0 [4]=   0 [5]=   0 [6]=   0 [7]=   0 [8]=   0 [9]=   0 [10]=   0 [11]=   0 
before (DPU 40) [0]= 996 [1]=1023 [2]=1003 [3]=   0 [4]=   0 [5]=   0 [6]=   0 [7]=   0 [8]=   0 [9]=   0 [10]=   0 [11]=   0 
after  (DPU 40) [0]= 996 [1]=1023 [2]=1003 [3]=   0 [4]=   0 [5]=   0 [6]=   0 [7]=   0 [8]=   0 [9]=   0 [10]=   0 [11]=   0 
before (DPU 41) [0]= 977 [1]=1026 [2]= 990 [3]=   0 [4]=   0 [5]=   0 [6]=   0 [7]=   0 [8]=   0 [9]=   0 [10]=   0 [11]=   0 
after  (DPU 41) [0]= 977 [1]=1026 [2]= 990 [3]=   0 [4]=   0 [5]=   0 [6]=   0 [7]=   0 [8]=   0 [9]=   0 [10]=   0 [11]=   0 
before (DPU 42) [0]= 987 [1]= 935 [2]= 940 [3]=   0 [4]=   0 [5]=   0 [6]=   0 [7]=   0 [8]=   0 [9]=   0 [10]=   0 [11]=   0 
after  (DPU 42) [0]= 987 [1]= 935 [2]= 940 [3]=   0 [4]=   0 [5]=   0 [6]=   0 [7]=   0 [8]=   0 [9]=   0 [10]=   0 [11]=   0 
before (DPU 43) [0]= 919 [1]= 930 [2]= 934 [3]=   0 [4]=   0 [5]=   0 [6]=   0 [7]=   0 [8]=   0 [9]=   0 [10]=   0 [11]=   0 
after  (DPU 43) [0]= 919 [1]= 930 [2]= 934 [3]=   0 [4]=   0 [5]=   0 [6]=   0 [7]=   0 [8]=   0 [9]=   0 [10]=   0 [11]=   0 
before (DPU 44) [0]= 928 [1]= 903 [2]= 879 [3]=   0 [4]=   0 [5]=   0 [6]=   0 [7]=   0 [8]=   0 [9]=   0 [10]=   0 [11]=   0 
after  (DPU 44) [0]= 928 [1]= 903 [2]= 879 [3]=   0 [4]=   0 [5]=   0 [6]=   0 [7]=   0 [8]=   0 [9]=   0 [10]=   0 [11]=   0 
before (DPU 45) [0]= 846 [1]= 895 [2]= 850 [3]=   0 [4]=   0 [5]=   0 [6]=   0 [7]=   0 [8]=   0 [9]=   0 [10]=   0 [11]=   0 
after  (DPU 45) [0]= 846 [1]= 895 [2]= 850 [3]=   0 [4]=   0 [5]=   0 [6]=   0 [7]=   0 [8]=   0 [9]=   0 [10]=   0 [11]=   0 
before (DPU 46) [0]= 807 [1]= 902 [2]= 833 [3]=   0 [4]=   0 [5]=   0 [6]=   0 [7]=   0 [8]=   0 [9]=   0 [10]=   0 [11]=   0 
after  (DPU 46) [0]= 807 [1]= 902 [2]= 833 [3]=   0 [4]=   0 [5]=   0 [6]=   0 [7]=   0 [8]=   0 [9]=   0 [10]=   0 [11]=   0 
before (DPU 47) [0]= 865 [1]= 774 [2]= 879 [3]=   0 [4]=   0 [5]=   0 [6]=   0 [7]=   0 [8]=   0 [9]=   0 [10]=   0 [11]=   0 
after  (DPU 47) [0]= 865 [1]= 774 [2]= 879 [3]=   0 [4]=   0 [5]=   0 [6]=   0 [7]=   0 [8]=   0 [9]=   0 [10]=   0 [11]=   0 
before (DPU 48) [0]= 866 [1]= 825 [2]= 827 [3]=   0 [4]=   0 [5]=   0 [6]=   0 [7]=   0 [8]=   0 [9]=   0 [10]=   0 [11]=   0 
after  (DPU 48) [0]= 866 [1]= 825 [2]= 827 [3]=   0 [4]=   0 [5]=   0 [6]=   0 [7]=   0 [8]=   0 [9]=   0 [10]=   0 [11]=   0 
before (DPU 49) [0]= 786 [1]= 806 [2]= 823 [3]=   0 [4]=   0 [5]=   0 [6]=   0 [7]=   0 [8]=   0 [9]=   0 [10]=   0 [11]=   0 
after  (DPU 49) [0]= 786 [1]= 806 [2]= 823 [3]=   0 [4]=   0 [5]=   0 [6]=   0 [7]=   0 [8]=   0 [9]=   0 [10]=   0 [11]=   0 
before (DPU 50) [0]= 784 [1]= 772 [2]= 770 [3]=   0 [4]=   0 [5]=   0 [6]=   0 [7]=   0 [8]=   0 [9]=   0 [10]=   0 [11]=   0 
after  (DPU 50) [0]= 784 [1]= 772 [2]= 770 [3]=   0 [4]=   0 [5]=   0 [6]=   0 [7]=   0 [8]=   0 [9]=   0 [10]=   0 [11]=   0 
before (DPU 51) [0]= 723 [1]= 771 [2]= 759 [3]=   0 [4]=   0 [5]=   0 [6]=   0 [7]=   0 [8]=   0 [9]=   0 [10]=   0 [11]=   0 
after  (DPU 51) [0]= 723 [1]= 771 [2]= 759 [3]=   0 [4]=   0 [5]=   0 [6]=   0 [7]=   0 [8]=   0 [9]=   0 [10]=   0 [11]=   0 
before (DPU 52) [0]= 773 [1]= 784 [2]= 755 [3]=   0 [4]=   0 [5]=   0 [6]=   0 [7]=   0 [8]=   0 [9]=   0 [10]=   0 [11]=   0 
after  (DPU 52) [0]= 773 [1]= 784 [2]= 755 [3]=   0 [4]=   0 [5]=   0 [6]=   0 [7]=   0 [8]=   0 [9]=   0 [10]=   0 [11]=   0 
before (DPU 53) [0]= 743 [1]= 755 [2]= 751 [3]=   0 [4]=   0 [5]=   0 [6]=   0 [7]=   0 [8]=   0 [9]=   0 [10]=   0 [11]=   0 
after  (DPU 53) [0]= 743 [1]= 755 [2]= 751 [3]=   0 [4]=   0 [5]=   0 [6]=   0 [7]=   0 [8]=   0 [9]=   0 [10]=   0 [11]=   0 
before (DPU 54) [0]= 783 [1]= 742 [2]= 720 [3]=   0 [4]=   0 [5]=   0 [6]=   0 [7]=   0 [8]=   0 [9]=   0 [10]=   0 [11]=   0 
after  (DPU 54) [0]= 783 [1]= 742 [2]= 720 [3]=   0 [4]=   0 [5]=   0 [6]=   0 [7]=   0 [8]=   0 [9]=   0 [10]=   0 [11]=   0 
before (DPU 55) [0]= 717 [1]= 704 [2]= 753 [3]=   0 [4]=   0 [5]=   0 [6]=   0 [7]=   0 [8]=   0 [9]=   0 [10]=   0 [11]=   0 
after  (DPU 55) [0]= 717 [1]= 704 [2]= 753 [3]=   0 [4]=   0 [5]=   0 [6]=   0 [7]=   0 [8]=   0 [9]=   0 [10]=   0 [11]=   0 
before (DPU 56) [0]= 694 [1]= 718 [2]= 715 [3]=   0 [4]=   0 [5]=   0 [6]=   0 [7]=   0 [8]=   0 [9]=   0 [10]=   0 [11]=   0 
after  (DPU 56) [0]= 694 [1]= 718 [2]= 715 [3]=   0 [4]=   0 [5]=   0 [6]=   0 [7]=   0 [8]=   0 [9]=   0 [10]=   0 [11]=   0 
before (DPU 57) [0]= 661 [1]= 673 [2]= 701 [3]=   0 [4]=   0 [5]=   0 [6]=   0 [7]=   0 [8]=   0 [9]=   0 [10]=   0 [11]=   0 
after  (DPU 57) [0]= 661 [1]= 673 [2]= 701 [3]=   0 [4]=   0 [5]=   0 [6]=   0 [7]=   0 [8]=   0 [9]=   0 [10]=   0 [11]=   0 
before (DPU 58) [0]= 686 [1]= 686 [2]= 674 [3]=   0 [4]=   0 [5]=   0 [6]=   0 [7]=   0 [8]=   0 [9]=   0 [10]=   0 [11]=   0 
after  (DPU 58) [0]= 686 [1]= 686 [2]= 674 [3]=   0 [4]=   0 [5]=   0 [6]=   0 [7]=   0 [8]=   0 [9]=   0 [10]=   0 [11]=   0 
before (DPU 59) [0]= 656 [1]= 658 [2]= 731 [3]=   0 [4]=   0 [5]=   0 [6]=   0 [7]=   0 [8]=   0 [9]=   0 [10]=   0 [11]=   0 
after  (DPU 59) [0]= 656 [1]= 658 [2]= 731 [3]=   0 [4]=   0 [5]=   0 [6]=   0 [7]=   0 [8]=   0 [9]=   0 [10]=   0 [11]=   0 
before (DPU 60) [0]= 685 [1]= 666 [2]= 709 [3]=   0 [4]=   0 [5]=   0 [6]=   0 [7]=   0 [8]=   0 [9]=   0 [10]=   0 [11]=   0 
after  (DPU 60) [0]= 685 [1]= 666 [2]= 709 [3]=   0 [4]=   0 [5]=   0 [6]=   0 [7]=   0 [8]=   0 [9]=   0 [10]=   0 [11]=   0 
before (DPU 61) [0]= 679 [1]= 609 [2]= 678 [3]=   0 [4]=   0 [5]=   0 [6]=   0 [7]=   0 [8]=   0 [9]=   0 [10]=   0 [11]=   0 
after  (DPU 61) [0]= 679 [1]= 609 [2]= 678 [3]=   0 [4]=   0 [5]=   0 [6]=   0 [7]=   0 [8]=   0 [9]=   0 [10]=   0 [11]=   0 
before (DPU 62) [0]= 650 [1]= 635 [2]= 608 [3]=   0 [4]=   0 [5]=   0 [6]=   0 [7]=   0 [8]=   0 [9]=   0 [10]=   0 [11]=   0 
after  (DPU 62) [0]= 650 [1]= 635 [2]= 608 [3]=   0 [4]=   0 [5]=   0 [6]=   0 [7]=   0 [8]=   0 [9]=   0 [10]=   0 [11]=   0 
before (DPU 63) [0]= 632 [1]= 617 [2]= 602 [3]=   0 [4]=   0 [5]=   0 [6]=   0 [7]=   0 [8]=   0 [9]=   0 [10]=   0 [11]=   0 
after  (DPU 63) [0]= 632 [1]= 617 [2]= 602 [3]=   0 [4]=   0 [5]=   0 [6]=   0 [7]=   0 [8]=   0 [9]=   0 [10]=   0 [11]=   0 
before (DPU 64) [0]= 644 [1]= 636 [2]= 629 [3]=   0 [4]=   0 [5]=   0 [6]=   0 [7]=   0 [8]=   0 [9]=   0 [10]=   0 [11]=   0 
after  (DPU 64) [0]= 644 [1]= 636 [2]= 629 [3]=   0 [4]=   0 [5]=   0 [6]=   0 [7]=   0 [8]=   0 [9]=   0 [10]=   0 [11]=   0 
before (DPU 65) [0]= 646 [1]= 602 [2]= 570 [3]=   0 [4]=   0 [5]=   0 [6]=   0 [7]=   0 [8]=   0 [9]=   0 [10]=   0 [11]=   0 
after  (DPU 65) [0]= 646 [1]= 602 [2]= 570 [3]=   0 [4]=   0 [5]=   0 [6]=   0 [7]=   0 [8]=   0 [9]=   0 [10]=   0 [11]=   0 
before (DPU 66) [0]= 641 [1]= 625 [2]= 608 [3]=   0 [4]=   0 [5]=   0 [6]=   0 [7]=   0 [8]=   0 [9]=   0 [10]=   0 [11]=   0 
after  (DPU 66) [0]= 641 [1]= 625 [2]= 608 [3]=   0 [4]=   0 [5]=   0 [6]=   0 [7]=   0 [8]=   0 [9]=   0 [10]=   0 [11]=   0 
before (DPU 67) [0]= 630 [1]= 615 [2]= 580 [3]=   0 [4]=   0 [5]=   0 [6]=   0 [7]=   0 [8]=   0 [9]=   0 [10]=   0 [11]=   0 
after  (DPU 67) [0]= 630 [1]= 615 [2]= 580 [3]=   0 [4]=   0 [5]=   0 [6]=   0 [7]=   0 [8]=   0 [9]=   0 [10]=   0 [11]=   0 
before (DPU 68) [0]= 613 [1]= 579 [2]= 641 [3]=   0 [4]=   0 [5]=   0 [6]=   0 [7]=   0 [8]=   0 [9]=   0 [10]=   0 [11]=   0 
after  (DPU 68) [0]= 613 [1]= 579 [2]= 641 [3]=   0 [4]=   0 [5]=   0 [6]=   0 [7]=   0 [8]=   0 [9]=   0 [10]=   0 [11]=   0 
before (DPU 69) [0]= 597 [1]= 547 [2]= 602 [3]=   0 [4]=   0 [5]=   0 [6]=   0 [7]=   0 [8]=   0 [9]=   0 [10]=   0 [11]=   0 
after  (DPU 69) [0]= 597 [1]= 547 [2]= 602 [3]=   0 [4]=   0 [5]=   0 [6]=   0 [7]=   0 [8]=   0 [9]=   0 [10]=   0 [11]=   0 
before (DPU 70) [0]= 583 [1]= 570 [2]= 527 [3]=   0 [4]=   0 [5]=   0 [6]=   0 [7]=   0 [8]=   0 [9]=   0 [10]=   0 [11]=   0 
after  (DPU 70) [0]= 583 [1]= 570 [2]= 527 [3]=   0 [4]=   0 [5]=   0 [6]=   0 [7]=   0 [8]=   0 [9]=   0 [10]=   0 [11]=   0 
before (DPU 71) [0]= 579 [1]= 545 [2]= 550 [3]=   0 [4]=   0 [5]=   0 [6]=   0 [7]=   0 [8]=   0 [9]=   0 [10]=   0 [11]=   0 
after  (DPU 71) [0]= 579 [1]= 545 [2]= 550 [3]=   0 [4]=   0 [5]=   0 [6]=   0 [7]=   0 [8]=   0 [9]=   0 [10]=   0 [11]=   0 
before (DPU 72) [0]= 545 [1]= 576 [2]= 563 [3]=   0 [4]=   0 [5]=   0 [6]=   0 [7]=   0 [8]=   0 [9]=   0 [10]=   0 [11]=   0 
after  (DPU 72) [0]= 545 [1]= 576 [2]= 563 [3]=   0 [4]=   0 [5]=   0 [6]=   0 [7]=   0 [8]=   0 [9]=   0 [10]=   0 [11]=   0 
before (DPU 73) [0]= 541 [1]= 558 [2]= 554 [3]=   0 [4]=   0 [5]=   0 [6]=   0 [7]=   0 [8]=   0 [9]=   0 [10]=   0 [11]=   0 
after  (DPU 73) [0]= 541 [1]= 558 [2]= 554 [3]=   0 [4]=   0 [5]=   0 [6]=   0 [7]=   0 [8]=   0 [9]=   0 [10]=   0 [11]=   0 
before (DPU 74) [0]= 539 [1]= 547 [2]= 525 [3]=   0 [4]=   0 [5]=   0 [6]=   0 [7]=   0 [8]=   0 [9]=   0 [10]=   0 [11]=   0 
after  (DPU 74) [0]= 539 [1]= 547 [2]= 525 [3]=   0 [4]=   0 [5]=   0 [6]=   0 [7]=   0 [8]=   0 [9]=   0 [10]=   0 [11]=   0 
before (DPU 75) [0]= 518 [1]= 540 [2]= 528 [3]=   0 [4]=   0 [5]=   0 [6]=   0 [7]=   0 [8]=   0 [9]=   0 [10]=   0 [11]=   0 
after  (DPU 75) [0]= 518 [1]= 540 [2]= 528 [3]=   0 [4]=   0 [5]=   0 [6]=   0 [7]=   0 [8]=   0 [9]=   0 [10]=   0 [11]=   0 
before (DPU 76) [0]= 560 [1]= 532 [2]= 544 [3]=   0 [4]=   0 [5]=   0 [6]=   0 [7]=   0 [8]=   0 [9]=   0 [10]=   0 [11]=   0 
after  (DPU 76) [0]= 560 [1]= 532 [2]= 544 [3]=   0 [4]=   0 [5]=   0 [6]=   0 [7]=   0 [8]=   0 [9]=   0 [10]=   0 [11]=   0 
before (DPU 77) [0]= 551 [1]= 542 [2]= 487 [3]=   0 [4]=   0 [5]=   0 [6]=   0 [7]=   0 [8]=   0 [9]=   0 [10]=   0 [11]=   0 
after  (DPU 77) [0]= 551 [1]= 542 [2]= 487 [3]=   0 [4]=   0 [5]=   0 [6]=   0 [7]=   0 [8]=   0 [9]=   0 [10]=   0 [11]=   0 
before (DPU 78) [0]= 538 [1]= 515 [2]= 498 [3]=   0 [4]=   0 [5]=   0 [6]=   0 [7]=   0 [8]=   0 [9]=   0 [10]=   0 [11]=   0 
after  (DPU 78) [0]= 538 [1]= 515 [2]= 498 [3]=   0 [4]=   0 [5]=   0 [6]=   0 [7]=   0 [8]=   0 [9]=   0 [10]=   0 [11]=   0 
before (DPU 79) [0]= 507 [1]= 517 [2]= 513 [3]=   0 [4]=   0 [5]=   0 [6]=   0 [7]=   0 [8]=   0 [9]=   0 [10]=   0 [11]=   0 
after  (DPU 79) [0]= 507 [1]= 517 [2]= 513 [3]=   0 [4]=   0 [5]=   0 [6]=   0 [7]=   0 [8]=   0 [9]=   0 [10]=   0 [11]=   0 
before (DPU 80) [0]= 473 [1]= 493 [2]= 511 [3]=   0 [4]=   0 [5]=   0 [6]=   0 [7]=   0 [8]=   0 [9]=   0 [10]=   0 [11]=   0 
after  (DPU 80) [0]= 473 [1]= 493 [2]= 511 [3]=   0 [4]=   0 [5]=   0 [6]=   0 [7]=   0 [8]=   0 [9]=   0 [10]=   0 [11]=   0 
before (DPU 81) [0]= 502 [1]= 486 [2]= 510 [3]=   0 [4]=   0 [5]=   0 [6]=   0 [7]=   0 [8]=   0 [9]=   0 [10]=   0 [11]=   0 
after  (DPU 81) [0]= 502 [1]= 486 [2]= 510 [3]=   0 [4]=   0 [5]=   0 [6]=   0 [7]=   0 [8]=   0 [9]=   0 [10]=   0 [11]=   0 
before (DPU 82) [0]= 515 [1]= 506 [2]= 463 [3]=   0 [4]=   0 [5]=   0 [6]=   0 [7]=   0 [8]=   0 [9]=   0 [10]=   0 [11]=   0 
after  (DPU 82) [0]= 515 [1]= 506 [2]= 463 [3]=   0 [4]=   0 [5]=   0 [6]=   0 [7]=   0 [8]=   0 [9]=   0 [10]=   0 [11]=   0 
before (DPU 83) [0]= 440 [1]= 485 [2]= 477 [3]=   0 [4]=   0 [5]=   0 [6]=   0 [7]=   0 [8]=   0 [9]=   0 [10]=   0 [11]=   0 
after  (DPU 83) [0]= 440 [1]= 485 [2]= 477 [3]=   0 [4]=   0 [5]=   0 [6]=   0 [7]=   0 [8]=   0 [9]=   0 [10]=   0 [11]=   0 
before (DPU 84) [0]= 492 [1]= 473 [2]= 480 [3]=   0 [4]=   0 [5]=   0 [6]=   0 [7]=   0 [8]=   0 [9]=   0 [10]=   0 [11]=   0 
after  (DPU 84) [0]= 492 [1]= 473 [2]= 480 [3]=   0 [4]=   0 [5]=   0 [6]=   0 [7]=   0 [8]=   0 [9]=   0 [10]=   0 [11]=   0 
before (DPU 85) [0]= 454 [1]= 470 [2]= 473 [3]=   0 [4]=   0 [5]=   0 [6]=   0 [7]=   0 [8]=   0 [9]=   0 [10]=   0 [11]=   0 
after  (DPU 85) [0]= 454 [1]= 470 [2]= 473 [3]=   0 [4]=   0 [5]=   0 [6]=   0 [7]=   0 [8]=   0 [9]=   0 [10]=   0 [11]=   0 
before (DPU 86) [0]= 482 [1]= 445 [2]= 429 [3]=   0 [4]=   0 [5]=   0 [6]=   0 [7]=   0 [8]=   0 [9]=   0 [10]=   0 [11]=   0 
after  (DPU 86) [0]= 482 [1]= 445 [2]= 429 [3]=   0 [4]=   0 [5]=   0 [6]=   0 [7]=   0 [8]=   0 [9]=   0 [10]=   0 [11]=   0 
before (DPU 87) [0]= 419 [1]= 496 [2]= 443 [3]=   0 [4]=   0 [5]=   0 [6]=   0 [7]=   0 [8]=   0 [9]=   0 [10]=   0 [11]=   0 
after  (DPU 87) [0]= 419 [1]= 496 [2]= 443 [3]=   0 [4]=   0 [5]=   0 [6]=   0 [7]=   0 [8]=   0 [9]=   0 [10]=   0 [11]=   0 
before (DPU 88) [0]= 446 [1]= 452 [2]= 465 [3]=   0 [4]=   0 [5]=   0 [6]=   0 [7]=   0 [8]=   0 [9]=   0 [10]=   0 [11]=   0 
after  (DPU 88) [0]= 446 [1]= 452 [2]= 465 [3]=   0 [4]=   0 [5]=   0 [6]=   0 [7]=   0 [8]=   0 [9]=   0 [10]=   0 [11]=   0 
before (DPU 89) [0]= 481 [1]= 450 [2]= 417 [3]=   0 [4]=   0 [5]=   0 [6]=   0 [7]=   0 [8]=   0 [9]=   0 [10]=   0 [11]=   0 
after  (DPU 89) [0]= 481 [1]= 450 [2]= 417 [3]=   0 [4]=   0 [5]=   0 [6]=   0 [7]=   0 [8]=   0 [9]=   0 [10]=   0 [11]=   0 
before (DPU 90) [0]= 449 [1]= 429 [2]= 429 [3]=   0 [4]=   0 [5]=   0 [6]=   0 [7]=   0 [8]=   0 [9]=   0 [10]=   0 [11]=   0 
after  (DPU 90) [0]= 449 [1]= 429 [2]= 429 [3]=   0 [4]=   0 [5]=   0 [6]=   0 [7]=   0 [8]=   0 [9]=   0 [10]=   0 [11]=   0 
before (DPU 91) [0]= 487 [1]= 440 [2]= 446 [3]=   0 [4]=   0 [5]=   0 [6]=   0 [7]=   0 [8]=   0 [9]=   0 [10]=   0 [11]=   0 
after  (DPU 91) [0]= 487 [1]= 440 [2]= 446 [3]=   0 [4]=   0 [5]=   0 [6]=   0 [7]=   0 [8]=   0 [9]=   0 [10]=   0 [11]=   0 
before (DPU 92) [0]= 440 [1]= 396 [2]= 405 [3]=   0 [4]=   0 [5]=   0 [6]=   0 [7]=   0 [8]=   0 [9]=   0 [10]=   0 [11]=   0 
after  (DPU 92) [0]= 440 [1]= 396 [2]= 405 [3]=   0 [4]=   0 [5]=   0 [6]=   0 [7]=   0 [8]=   0 [9]=   0 [10]=   0 [11]=   0 
before (DPU 93) [0]= 444 [1]= 447 [2]= 412 [3]=   0 [4]=   0 [5]=   0 [6]=   0 [7]=   0 [8]=   0 [9]=   0 [10]=   0 [11]=   0 
after  (DPU 93) [0]= 444 [1]= 447 [2]= 412 [3]=   0 [4]=   0 [5]=   0 [6]=   0 [7]=   0 [8]=   0 [9]=   0 [10]=   0 [11]=   0 
before (DPU 94) [0]= 410 [1]= 440 [2]= 415 [3]=   0 [4]=   0 [5]=   0 [6]=   0 [7]=   0 [8]=   0 [9]=   0 [10]=   0 [11]=   0 
after  (DPU 94) [0]= 410 [1]= 440 [2]= 415 [3]=   0 [4]=   0 [5]=   0 [6]=   0 [7]=   0 [8]=   0 [9]=   0 [10]=   0 [11]=   0 
before (DPU 95) [0]= 415 [1]= 461 [2]= 408 [3]=   0 [4]=   0 [5]=   0 [6]=   0 [7]=   0 [8]=   0 [9]=   0 [10]=   0 [11]=   0 
after  (DPU 95) [0]= 415 [1]= 461 [2]= 408 [3]=   0 [4]=   0 [5]=   0 [6]=   0 [7]=   0 [8]=   0 [9]=   0 [10]=   0 [11]=   0 
before (DPU 96) [0]= 433 [1]= 459 [2]= 399 [3]=   0 [4]=   0 [5]=   0 [6]=   0 [7]=   0 [8]=   0 [9]=   0 [10]=   0 [11]=   0 
after  (DPU 96) [0]= 433 [1]= 459 [2]= 399 [3]=   0 [4]=   0 [5]=   0 [6]=   0 [7]=   0 [8]=   0 [9]=   0 [10]=   0 [11]=   0 
before (DPU 97) [0]= 378 [1]= 396 [2]= 417 [3]=   0 [4]=   0 [5]=   0 [6]=   0 [7]=   0 [8]=   0 [9]=   0 [10]=   0 [11]=   0 
after  (DPU 97) [0]= 378 [1]= 396 [2]= 417 [3]=   0 [4]=   0 [5]=   0 [6]=   0 [7]=   0 [8]=   0 [9]=   0 [10]=   0 [11]=   0 
before (DPU 98) [0]= 418 [1]= 395 [2]= 416 [3]=   0 [4]=   0 [5]=   0 [6]=   0 [7]=   0 [8]=   0 [9]=   0 [10]=   0 [11]=   0 
after  (DPU 98) [0]= 418 [1]= 395 [2]= 416 [3]=   0 [4]=   0 [5]=   0 [6]=   0 [7]=   0 [8]=   0 [9]=   0 [10]=   0 [11]=   0 
before (DPU 99) [0]= 415 [1]= 416 [2]= 406 [3]=   0 [4]=   0 [5]=   0 [6]=   0 [7]=   0 [8]=   0 [9]=   0 [10]=   0 [11]=   0 
after  (DPU 99) [0]= 415 [1]= 416 [2]= 406 [3]=   0 [4]=   0 [5]=   0 [6]=   0 [7]=   0 [8]=   0 [9]=   0 [10]=   0 [11]=   0 
before (DPU 100) [0]= 404 [1]= 391 [2]= 415 [3]=   0 [4]=   0 [5]=   0 [6]=   0 [7]=   0 [8]=   0 [9]=   0 [10]=   0 [11]=   0 
after  (DPU 100) [0]= 404 [1]= 391 [2]= 415 [3]=   0 [4]=   0 [5]=   0 [6]=   0 [7]=   0 [8]=   0 [9]=   0 [10]=   0 [11]=   0 
before (DPU 101) [0]= 387 [1]= 431 [2]= 400 [3]=   0 [4]=   0 [5]=   0 [6]=   0 [7]=   0 [8]=   0 [9]=   0 [10]=   0 [11]=   0 
after  (DPU 101) [0]= 387 [1]= 431 [2]= 400 [3]=   0 [4]=   0 [5]=   0 [6]=   0 [7]=   0 [8]=   0 [9]=   0 [10]=   0 [11]=   0 
before (DPU 102) [0]= 399 [1]= 400 [2]= 393 [3]=   0 [4]=   0 [5]=   0 [6]=   0 [7]=   0 [8]=   0 [9]=   0 [10]=   0 [11]=   0 
after  (DPU 102) [0]= 399 [1]= 400 [2]= 393 [3]=   0 [4]=   0 [5]=   0 [6]=   0 [7]=   0 [8]=   0 [9]=   0 [10]=   0 [11]=   0 
before (DPU 103) [0]= 384 [1]= 389 [2]= 362 [3]=   0 [4]=   0 [5]=   0 [6]=   0 [7]=   0 [8]=   0 [9]=   0 [10]=   0 [11]=   0 
after  (DPU 103) [0]= 384 [1]= 389 [2]= 362 [3]=   0 [4]=   0 [5]=   0 [6]=   0 [7]=   0 [8]=   0 [9]=   0 [10]=   0 [11]=   0 
before (DPU 104) [0]= 410 [1]= 394 [2]= 395 [3]=   0 [4]=   0 [5]=   0 [6]=   0 [7]=   0 [8]=   0 [9]=   0 [10]=   0 [11]=   0 
after  (DPU 104) [0]= 410 [1]= 394 [2]= 395 [3]=   0 [4]=   0 [5]=   0 [6]=   0 [7]=   0 [8]=   0 [9]=   0 [10]=   0 [11]=   0 
before (DPU 105) [0]= 373 [1]= 369 [2]= 400 [3]=   0 [4]=   0 [5]=   0 [6]=   0 [7]=   0 [8]=   0 [9]=   0 [10]=   0 [11]=   0 
after  (DPU 105) [0]= 373 [1]= 369 [2]= 400 [3]=   0 [4]=   0 [5]=   0 [6]=   0 [7]=   0 [8]=   0 [9]=   0 [10]=   0 [11]=   0 
before (DPU 106) [0]= 399 [1]= 410 [2]= 348 [3]=   0 [4]=   0 [5]=   0 [6]=   0 [7]=   0 [8]=   0 [9]=   0 [10]=   0 [11]=   0 
after  (DPU 106) [0]= 399 [1]= 410 [2]= 348 [3]=   0 [4]=   0 [5]=   0 [6]=   0 [7]=   0 [8]=   0 [9]=   0 [10]=   0 [11]=   0 
before (DPU 107) [0]= 349 [1]= 373 [2]= 382 [3]=   0 [4]=   0 [5]=   0 [6]=   0 [7]=   0 [8]=   0 [9]=   0 [10]=   0 [11]=   0 
after  (DPU 107) [0]= 349 [1]= 373 [2]= 382 [3]=   0 [4]=   0 [5]=   0 [6]=   0 [7]=   0 [8]=   0 [9]=   0 [10]=   0 [11]=   0 
before (DPU 108) [0]= 421 [1]= 356 [2]= 345 [3]=   0 [4]=   0 [5]=   0 [6]=   0 [7]=   0 [8]=   0 [9]=   0 [10]=   0 [11]=   0 
after  (DPU 108) [0]= 421 [1]= 356 [2]= 345 [3]=   0 [4]=   0 [5]=   0 [6]=   0 [7]=   0 [8]=   0 [9]=   0 [10]=   0 [11]=   0 
before (DPU 109) [0]= 339 [1]= 370 [2]= 363 [3]=   0 [4]=   0 [5]=   0 [6]=   0 [7]=   0 [8]=   0 [9]=   0 [10]=   0 [11]=   0 
after  (DPU 109) [0]= 339 [1]= 370 [2]= 363 [3]=   0 [4]=   0 [5]=   0 [6]=   0 [7]=   0 [8]=   0 [9]=   0 [10]=   0 [11]=   0 
before (DPU 110) [0]= 363 [1]= 365 [2]= 384 [3]=   0 [4]=   0 [5]=   0 [6]=   0 [7]=   0 [8]=   0 [9]=   0 [10]=   0 [11]=   0 
after  (DPU 110) [0]= 363 [1]= 365 [2]= 384 [3]=   0 [4]=   0 [5]=   0 [6]=   0 [7]=   0 [8]=   0 [9]=   0 [10]=   0 [11]=   0 
before (DPU 111) [0]= 359 [1]= 339 [2]= 385 [3]=   0 [4]=   0 [5]=   0 [6]=   0 [7]=   0 [8]=   0 [9]=   0 [10]=   0 [11]=   0 
after  (DPU 111) [0]= 359 [1]= 339 [2]= 385 [3]=   0 [4]=   0 [5]=   0 [6]=   0 [7]=   0 [8]=   0 [9]=   0 [10]=   0 [11]=   0 
before (DPU 112) [0]= 390 [1]= 361 [2]= 367 [3]=   0 [4]=   0 [5]=   0 [6]=   0 [7]=   0 [8]=   0 [9]=   0 [10]=   0 [11]=   0 
after  (DPU 112) [0]= 390 [1]= 361 [2]= 367 [3]=   0 [4]=   0 [5]=   0 [6]=   0 [7]=   0 [8]=   0 [9]=   0 [10]=   0 [11]=   0 
before (DPU 113) [0]= 323 [1]= 306 [2]= 381 [3]=   0 [4]=   0 [5]=   0 [6]=   0 [7]=   0 [8]=   0 [9]=   0 [10]=   0 [11]=   0 
after  (DPU 113) [0]= 323 [1]= 306 [2]= 381 [3]=   0 [4]=   0 [5]=   0 [6]=   0 [7]=   0 [8]=   0 [9]=   0 [10]=   0 [11]=   0 
before (DPU 114) [0]= 334 [1]= 347 [2]= 357 [3]=   0 [4]=   0 [5]=   0 [6]=   0 [7]=   0 [8]=   0 [9]=   0 [10]=   0 [11]=   0 
after  (DPU 114) [0]= 334 [1]= 347 [2]= 357 [3]=   0 [4]=   0 [5]=   0 [6]=   0 [7]=   0 [8]=   0 [9]=   0 [10]=   0 [11]=   0 
before (DPU 115) [0]= 366 [1]= 384 [2]= 332 [3]=   0 [4]=   0 [5]=   0 [6]=   0 [7]=   0 [8]=   0 [9]=   0 [10]=   0 [11]=   0 
after  (DPU 115) [0]= 366 [1]= 384 [2]= 332 [3]=   0 [4]=   0 [5]=   0 [6]=   0 [7]=   0 [8]=   0 [9]=   0 [10]=   0 [11]=   0 
before (DPU 116) [0]= 359 [1]= 338 [2]= 364 [3]=   0 [4]=   0 [5]=   0 [6]=   0 [7]=   0 [8]=   0 [9]=   0 [10]=   0 [11]=   0 
after  (DPU 116) [0]= 359 [1]= 338 [2]= 364 [3]=   0 [4]=   0 [5]=   0 [6]=   0 [7]=   0 [8]=   0 [9]=   0 [10]=   0 [11]=   0 
before (DPU 117) [0]= 346 [1]= 345 [2]= 347 [3]=   0 [4]=   0 [5]=   0 [6]=   0 [7]=   0 [8]=   0 [9]=   0 [10]=   0 [11]=   0 
after  (DPU 117) [0]= 346 [1]= 345 [2]= 347 [3]=   0 [4]=   0 [5]=   0 [6]=   0 [7]=   0 [8]=   0 [9]=   0 [10]=   0 [11]=   0 
before (DPU 118) [0]= 333 [1]= 329 [2]= 340 [3]=   0 [4]=   0 [5]=   0 [6]=   0 [7]=   0 [8]=   0 [9]=   0 [10]=   0 [11]=   0 
after  (DPU 118) [0]= 333 [1]= 329 [2]= 340 [3]=   0 [4]=   0 [5]=   0 [6]=   0 [7]=   0 [8]=   0 [9]=   0 [10]=   0 [11]=   0 
before (DPU 119) [0]= 329 [1]= 381 [2]= 337 [3]=   0 [4]=   0 [5]=   0 [6]=   0 [7]=   0 [8]=   0 [9]=   0 [10]=   0 [11]=   0 
after  (DPU 119) [0]= 329 [1]= 381 [2]= 337 [3]=   0 [4]=   0 [5]=   0 [6]=   0 [7]=   0 [8]=   0 [9]=   0 [10]=   0 [11]=   0 
before (DPU 120) [0]= 340 [1]= 328 [2]= 304 [3]=   0 [4]=   0 [5]=   0 [6]=   0 [7]=   0 [8]=   0 [9]=   0 [10]=   0 [11]=   0 
after  (DPU 120) [0]= 340 [1]= 328 [2]= 304 [3]=   0 [4]=   0 [5]=   0 [6]=   0 [7]=   0 [8]=   0 [9]=   0 [10]=   0 [11]=   0 
before (DPU 121) [0]= 366 [1]= 386 [2]= 355 [3]=   0 [4]=   0 [5]=   0 [6]=   0 [7]=   0 [8]=   0 [9]=   0 [10]=   0 [11]=   0 
after  (DPU 121) [0]= 366 [1]= 386 [2]= 355 [3]=   0 [4]=   0 [5]=   0 [6]=   0 [7]=   0 [8]=   0 [9]=   0 [10]=   0 [11]=   0 
before (DPU 122) [0]= 319 [1]= 339 [2]= 316 [3]=   0 [4]=   0 [5]=   0 [6]=   0 [7]=   0 [8]=   0 [9]=   0 [10]=   0 [11]=   0 
after  (DPU 122) [0]= 319 [1]= 339 [2]= 316 [3]=   0 [4]=   0 [5]=   0 [6]=   0 [7]=   0 [8]=   0 [9]=   0 [10]=   0 [11]=   0 
before (DPU 123) [0]= 331 [1]= 321 [2]= 306 [3]=   0 [4]=   0 [5]=   0 [6]=   0 [7]=   0 [8]=   0 [9]=   0 [10]=   0 [11]=   0 
after  (DPU 123) [0]= 331 [1]= 321 [2]= 306 [3]=   0 [4]=   0 [5]=   0 [6]=   0 [7]=   0 [8]=   0 [9]=   0 [10]=   0 [11]=   0 
before (DPU 124) [0]= 338 [1]= 305 [2]= 319 [3]=   0 [4]=   0 [5]=   0 [6]=   0 [7]=   0 [8]=   0 [9]=   0 [10]=   0 [11]=   0 
after  (DPU 124) [0]= 338 [1]= 305 [2]= 319 [3]=   0 [4]=   0 [5]=   0 [6]=   0 [7]=   0 [8]=   0 [9]=   0 [10]=   0 [11]=   0 
before (DPU 125) [0]= 328 [1]= 315 [2]= 312 [3]=   0 [4]=   0 [5]=   0 [6]=   0 [7]=   0 [8]=   0 [9]=   0 [10]=   0 [11]=   0 
after  (DPU 125) [0]= 328 [1]= 315 [2]= 312 [3]=   0 [4]=   0 [5]=   0 [6]=   0 [7]=   0 [8]=   0 [9]=   0 [10]=   0 [11]=   0 
before (DPU 126) [0]= 364 [1]= 312 [2]= 300 [3]=   0 [4]=   0 [5]=   0 [6]=   0 [7]=   0 [8]=   0 [9]=   0 [10]=   0 [11]=   0 
after  (DPU 126) [0]= 364 [1]= 312 [2]= 300 [3]=   0 [4]=   0 [5]=   0 [6]=   0 [7]=   0 [8]=   0 [9]=   0 [10]=   0 [11]=   0 
before (DPU 127) [0]= 303 [1]= 340 [2]= 336 [3]=   0 [4]=   0 [5]=   0 [6]=   0 [7]=   0 [8]=   0 [9]=   0 [10]=   0 [11]=   0 
after  (DPU 127) [0]= 303 [1]= 340 [2]= 336 [3]=   0 [4]=   0 [5]=   0 [6]=   0 [7]=   0 [8]=   0 [9]=   0 [10]=   0 [11]=   0 
before (DPU 128) [0]= 305 [1]= 266 [2]= 301 [3]=   0 [4]=   0 [5]=   0 [6]=   0 [7]=   0 [8]=   0 [9]=   0 [10]=   0 [11]=   0 
after  (DPU 128) [0]= 305 [1]= 266 [2]= 301 [3]=   0 [4]=   0 [5]=   0 [6]=   0 [7]=   0 [8]=   0 [9]=   0 [10]=   0 [11]=   0 
before (DPU 129) [0]= 330 [1]= 350 [2]= 326 [3]=   0 [4]=   0 [5]=   0 [6]=   0 [7]=   0 [8]=   0 [9]=   0 [10]=   0 [11]=   0 
after  (DPU 129) [0]= 330 [1]= 350 [2]= 326 [3]=   0 [4]=   0 [5]=   0 [6]=   0 [7]=   0 [8]=   0 [9]=   0 [10]=   0 [11]=   0 
before (DPU 130) [0]= 302 [1]= 303 [2]= 320 [3]=   0 [4]=   0 [5]=   0 [6]=   0 [7]=   0 [8]=   0 [9]=   0 [10]=   0 [11]=   0 
after  (DPU 130) [0]= 302 [1]= 303 [2]= 320 [3]=   0 [4]=   0 [5]=   0 [6]=   0 [7]=   0 [8]=   0 [9]=   0 [10]=   0 [11]=   0 
before (DPU 131) [0]= 308 [1]= 314 [2]= 294 [3]=   0 [4]=   0 [5]=   0 [6]=   0 [7]=   0 [8]=   0 [9]=   0 [10]=   0 [11]=   0 
after  (DPU 131) [0]= 308 [1]= 314 [2]= 294 [3]=   0 [4]=   0 [5]=   0 [6]=   0 [7]=   0 [8]=   0 [9]=   0 [10]=   0 [11]=   0 
before (DPU 132) [0]= 313 [1]= 327 [2]= 292 [3]=   0 [4]=   0 [5]=   0 [6]=   0 [7]=   0 [8]=   0 [9]=   0 [10]=   0 [11]=   0 
after  (DPU 132) [0]= 313 [1]= 327 [2]= 292 [3]=   0 [4]=   0 [5]=   0 [6]=   0 [7]=   0 [8]=   0 [9]=   0 [10]=   0 [11]=   0 
before (DPU 133) [0]= 313 [1]= 329 [2]= 324 [3]=   0 [4]=   0 [5]=   0 [6]=   0 [7]=   0 [8]=   0 [9]=   0 [10]=   0 [11]=   0 
after  (DPU 133) [0]= 313 [1]= 329 [2]= 324 [3]=   0 [4]=   0 [5]=   0 [6]=   0 [7]=   0 [8]=   0 [9]=   0 [10]=   0 [11]=   0 
before (DPU 134) [0]= 289 [1]= 276 [2]= 300 [3]=   0 [4]=   0 [5]=   0 [6]=   0 [7]=   0 [8]=   0 [9]=   0 [10]=   0 [11]=   0 
after  (DPU 134) [0]= 289 [1]= 276 [2]= 300 [3]=   0 [4]=   0 [5]=   0 [6]=   0 [7]=   0 [8]=   0 [9]=   0 [10]=   0 [11]=   0 
before (DPU 135) [0]= 306 [1]= 285 [2]= 277 [3]=   0 [4]=   0 [5]=   0 [6]=   0 [7]=   0 [8]=   0 [9]=   0 [10]=   0 [11]=   0 
after  (DPU 135) [0]= 306 [1]= 285 [2]= 277 [3]=   0 [4]=   0 [5]=   0 [6]=   0 [7]=   0 [8]=   0 [9]=   0 [10]=   0 [11]=   0 
before (DPU 136) [0]= 305 [1]= 290 [2]= 304 [3]=   0 [4]=   0 [5]=   0 [6]=   0 [7]=   0 [8]=   0 [9]=   0 [10]=   0 [11]=   0 
after  (DPU 136) [0]= 305 [1]= 290 [2]= 304 [3]=   0 [4]=   0 [5]=   0 [6]=   0 [7]=   0 [8]=   0 [9]=   0 [10]=   0 [11]=   0 
before (DPU 137) [0]= 316 [1]= 271 [2]= 290 [3]=   0 [4]=   0 [5]=   0 [6]=   0 [7]=   0 [8]=   0 [9]=   0 [10]=   0 [11]=   0 
after  (DPU 137) [0]= 316 [1]= 271 [2]= 290 [3]=   0 [4]=   0 [5]=   0 [6]=   0 [7]=   0 [8]=   0 [9]=   0 [10]=   0 [11]=   0 
before (DPU 138) [0]= 307 [1]= 285 [2]= 275 [3]=   0 [4]=   0 [5]=   0 [6]=   0 [7]=   0 [8]=   0 [9]=   0 [10]=   0 [11]=   0 
after  (DPU 138) [0]= 307 [1]= 285 [2]= 275 [3]=   0 [4]=   0 [5]=   0 [6]=   0 [7]=   0 [8]=   0 [9]=   0 [10]=   0 [11]=   0 
before (DPU 139) [0]= 272 [1]= 311 [2]= 264 [3]=   0 [4]=   0 [5]=   0 [6]=   0 [7]=   0 [8]=   0 [9]=   0 [10]=   0 [11]=   0 
after  (DPU 139) [0]= 272 [1]= 311 [2]= 264 [3]=   0 [4]=   0 [5]=   0 [6]=   0 [7]=   0 [8]=   0 [9]=   0 [10]=   0 [11]=   0 
before (DPU 140) [0]= 308 [1]= 319 [2]= 296 [3]=   0 [4]=   0 [5]=   0 [6]=   0 [7]=   0 [8]=   0 [9]=   0 [10]=   0 [11]=   0 
after  (DPU 140) [0]= 308 [1]= 319 [2]= 296 [3]=   0 [4]=   0 [5]=   0 [6]=   0 [7]=   0 [8]=   0 [9]=   0 [10]=   0 [11]=   0 
before (DPU 141) [0]= 304 [1]= 302 [2]= 299 [3]=   0 [4]=   0 [5]=   0 [6]=   0 [7]=   0 [8]=   0 [9]=   0 [10]=   0 [11]=   0 
after  (DPU 141) [0]= 304 [1]= 302 [2]= 299 [3]=   0 [4]=   0 [5]=   0 [6]=   0 [7]=   0 [8]=   0 [9]=   0 [10]=   0 [11]=   0 
before (DPU 142) [0]= 313 [1]= 278 [2]= 315 [3]=   0 [4]=   0 [5]=   0 [6]=   0 [7]=   0 [8]=   0 [9]=   0 [10]=   0 [11]=   0 
after  (DPU 142) [0]= 313 [1]= 278 [2]= 315 [3]=   0 [4]=   0 [5]=   0 [6]=   0 [7]=   0 [8]=   0 [9]=   0 [10]=   0 [11]=   0 
before (DPU 143) [0]= 284 [1]= 270 [2]= 285 [3]=   0 [4]=   0 [5]=   0 [6]=   0 [7]=   0 [8]=   0 [9]=   0 [10]=   0 [11]=   0 
after  (DPU 143) [0]= 284 [1]= 270 [2]= 285 [3]=   0 [4]=   0 [5]=   0 [6]=   0 [7]=   0 [8]=   0 [9]=   0 [10]=   0 [11]=   0 
before (DPU 144) [0]= 270 [1]= 307 [2]= 290 [3]=   0 [4]=   0 [5]=   0 [6]=   0 [7]=   0 [8]=   0 [9]=   0 [10]=   0 [11]=   0 
after  (DPU 144) [0]= 270 [1]= 307 [2]= 290 [3]=   0 [4]=   0 [5]=   0 [6]=   0 [7]=   0 [8]=   0 [9]=   0 [10]=   0 [11]=   0 
before (DPU 145) [0]= 294 [1]= 270 [2]= 275 [3]=   0 [4]=   0 [5]=   0 [6]=   0 [7]=   0 [8]=   0 [9]=   0 [10]=   0 [11]=   0 
after  (DPU 145) [0]= 294 [1]= 270 [2]= 275 [3]=   0 [4]=   0 [5]=   0 [6]=   0 [7]=   0 [8]=   0 [9]=   0 [10]=   0 [11]=   0 
before (DPU 146) [0]= 323 [1]= 242 [2]= 277 [3]=   0 [4]=   0 [5]=   0 [6]=   0 [7]=   0 [8]=   0 [9]=   0 [10]=   0 [11]=   0 
after  (DPU 146) [0]= 323 [1]= 242 [2]= 277 [3]=   0 [4]=   0 [5]=   0 [6]=   0 [7]=   0 [8]=   0 [9]=   0 [10]=   0 [11]=   0 
before (DPU 147) [0]= 284 [1]= 270 [2]= 270 [3]=   0 [4]=   0 [5]=   0 [6]=   0 [7]=   0 [8]=   0 [9]=   0 [10]=   0 [11]=   0 
after  (DPU 147) [0]= 284 [1]= 270 [2]= 270 [3]=   0 [4]=   0 [5]=   0 [6]=   0 [7]=   0 [8]=   0 [9]=   0 [10]=   0 [11]=   0 
before (DPU 148) [0]= 278 [1]= 264 [2]= 262 [3]=   0 [4]=   0 [5]=   0 [6]=   0 [7]=   0 [8]=   0 [9]=   0 [10]=   0 [11]=   0 
after  (DPU 148) [0]= 278 [1]= 264 [2]= 262 [3]=   0 [4]=   0 [5]=   0 [6]=   0 [7]=   0 [8]=   0 [9]=   0 [10]=   0 [11]=   0 
before (DPU 149) [0]= 276 [1]= 249 [2]= 285 [3]=   0 [4]=   0 [5]=   0 [6]=   0 [7]=   0 [8]=   0 [9]=   0 [10]=   0 [11]=   0 
after  (DPU 149) [0]= 276 [1]= 249 [2]= 285 [3]=   0 [4]=   0 [5]=   0 [6]=   0 [7]=   0 [8]=   0 [9]=   0 [10]=   0 [11]=   0 
before (DPU 150) [0]= 276 [1]= 273 [2]= 224 [3]=   0 [4]=   0 [5]=   0 [6]=   0 [7]=   0 [8]=   0 [9]=   0 [10]=   0 [11]=   0 
after  (DPU 150) [0]= 276 [1]= 273 [2]= 224 [3]=   0 [4]=   0 [5]=   0 [6]=   0 [7]=   0 [8]=   0 [9]=   0 [10]=   0 [11]=   0 
before (DPU 151) [0]= 253 [1]= 267 [2]= 274 [3]=   0 [4]=   0 [5]=   0 [6]=   0 [7]=   0 [8]=   0 [9]=   0 [10]=   0 [11]=   0 
after  (DPU 151) [0]= 253 [1]= 267 [2]= 274 [3]=   0 [4]=   0 [5]=   0 [6]=   0 [7]=   0 [8]=   0 [9]=   0 [10]=   0 [11]=   0 
before (DPU 152) [0]= 282 [1]= 258 [2]= 269 [3]=   0 [4]=   0 [5]=   0 [6]=   0 [7]=   0 [8]=   0 [9]=   0 [10]=   0 [11]=   0 
after  (DPU 152) [0]= 282 [1]= 258 [2]= 269 [3]=   0 [4]=   0 [5]=   0 [6]=   0 [7]=   0 [8]=   0 [9]=   0 [10]=   0 [11]=   0 
before (DPU 153) [0]= 246 [1]= 267 [2]= 285 [3]=   0 [4]=   0 [5]=   0 [6]=   0 [7]=   0 [8]=   0 [9]=   0 [10]=   0 [11]=   0 
after  (DPU 153) [0]= 246 [1]= 267 [2]= 285 [3]=   0 [4]=   0 [5]=   0 [6]=   0 [7]=   0 [8]=   0 [9]=   0 [10]=   0 [11]=   0 
before (DPU 154) [0]= 252 [1]= 217 [2]= 252 [3]=   0 [4]=   0 [5]=   0 [6]=   0 [7]=   0 [8]=   0 [9]=   0 [10]=   0 [11]=   0 
after  (DPU 154) [0]= 252 [1]= 217 [2]= 252 [3]=   0 [4]=   0 [5]=   0 [6]=   0 [7]=   0 [8]=   0 [9]=   0 [10]=   0 [11]=   0 
before (DPU 155) [0]= 257 [1]= 274 [2]= 257 [3]=   0 [4]=   0 [5]=   0 [6]=   0 [7]=   0 [8]=   0 [9]=   0 [10]=   0 [11]=   0 
after  (DPU 155) [0]= 257 [1]= 274 [2]= 257 [3]=   0 [4]=   0 [5]=   0 [6]=   0 [7]=   0 [8]=   0 [9]=   0 [10]=   0 [11]=   0 
before (DPU 156) [0]= 222 [1]= 254 [2]= 248 [3]=   0 [4]=   0 [5]=   0 [6]=   0 [7]=   0 [8]=   0 [9]=   0 [10]=   0 [11]=   0 
after  (DPU 156) [0]= 222 [1]= 254 [2]= 248 [3]=   0 [4]=   0 [5]=   0 [6]=   0 [7]=   0 [8]=   0 [9]=   0 [10]=   0 [11]=   0 
before (DPU 157) [0]= 265 [1]= 257 [2]= 241 [3]=   0 [4]=   0 [5]=   0 [6]=   0 [7]=   0 [8]=   0 [9]=   0 [10]=   0 [11]=   0 
after  (DPU 157) [0]= 265 [1]= 257 [2]= 241 [3]=   0 [4]=   0 [5]=   0 [6]=   0 [7]=   0 [8]=   0 [9]=   0 [10]=   0 [11]=   0 
before (DPU 158) [0]= 216 [1]= 268 [2]= 244 [3]=   0 [4]=   0 [5]=   0 [6]=   0 [7]=   0 [8]=   0 [9]=   0 [10]=   0 [11]=   0 
after  (DPU 158) [0]= 216 [1]= 268 [2]= 244 [3]=   0 [4]=   0 [5]=   0 [6]=   0 [7]=   0 [8]=   0 [9]=   0 [10]=   0 [11]=   0 
before (DPU 159) [0]= 253 [1]= 270 [2]= 264 [3]=   0 [4]=   0 [5]=   0 [6]=   0 [7]=   0 [8]=   0 [9]=   0 [10]=   0 [11]=   0 
after  (DPU 159) [0]= 253 [1]= 270 [2]= 264 [3]=   0 [4]=   0 [5]=   0 [6]=   0 [7]=   0 [8]=   0 [9]=   0 [10]=   0 [11]=   0 
before (DPU 160) [0]= 257 [1]= 286 [2]= 245 [3]=   0 [4]=   0 [5]=   0 [6]=   0 [7]=   0 [8]=   0 [9]=   0 [10]=   0 [11]=   0 
after  (DPU 160) [0]= 257 [1]= 286 [2]= 245 [3]=   0 [4]=   0 [5]=   0 [6]=   0 [7]=   0 [8]=   0 [9]=   0 [10]=   0 [11]=   0 
before (DPU 161) [0]= 235 [1]= 242 [2]= 251 [3]=   0 [4]=   0 [5]=   0 [6]=   0 [7]=   0 [8]=   0 [9]=   0 [10]=   0 [11]=   0 
after  (DPU 161) [0]= 235 [1]= 242 [2]= 251 [3]=   0 [4]=   0 [5]=   0 [6]=   0 [7]=   0 [8]=   0 [9]=   0 [10]=   0 [11]=   0 
before (DPU 162) [0]= 258 [1]= 286 [2]= 256 [3]=   0 [4]=   0 [5]=   0 [6]=   0 [7]=   0 [8]=   0 [9]=   0 [10]=   0 [11]=   0 
after  (DPU 162) [0]= 258 [1]= 286 [2]= 256 [3]=   0 [4]=   0 [5]=   0 [6]=   0 [7]=   0 [8]=   0 [9]=   0 [10]=   0 [11]=   0 
before (DPU 163) [0]= 239 [1]= 236 [2]= 244 [3]=   0 [4]=   0 [5]=   0 [6]=   0 [7]=   0 [8]=   0 [9]=   0 [10]=   0 [11]=   0 
after  (DPU 163) [0]= 239 [1]= 236 [2]= 244 [3]=   0 [4]=   0 [5]=   0 [6]=   0 [7]=   0 [8]=   0 [9]=   0 [10]=   0 [11]=   0 
before (DPU 164) [0]= 233 [1]= 246 [2]= 253 [3]=   0 [4]=   0 [5]=   0 [6]=   0 [7]=   0 [8]=   0 [9]=   0 [10]=   0 [11]=   0 
after  (DPU 164) [0]= 233 [1]= 246 [2]= 253 [3]=   0 [4]=   0 [5]=   0 [6]=   0 [7]=   0 [8]=   0 [9]=   0 [10]=   0 [11]=   0 
before (DPU 165) [0]= 236 [1]= 252 [2]= 250 [3]=   0 [4]=   0 [5]=   0 [6]=   0 [7]=   0 [8]=   0 [9]=   0 [10]=   0 [11]=   0 
after  (DPU 165) [0]= 236 [1]= 252 [2]= 250 [3]=   0 [4]=   0 [5]=   0 [6]=   0 [7]=   0 [8]=   0 [9]=   0 [10]=   0 [11]=   0 
before (DPU 166) [0]= 254 [1]= 265 [2]= 234 [3]=   0 [4]=   0 [5]=   0 [6]=   0 [7]=   0 [8]=   0 [9]=   0 [10]=   0 [11]=   0 
after  (DPU 166) [0]= 254 [1]= 265 [2]= 234 [3]=   0 [4]=   0 [5]=   0 [6]=   0 [7]=   0 [8]=   0 [9]=   0 [10]=   0 [11]=   0 
before (DPU 167) [0]= 221 [1]= 222 [2]= 242 [3]=   0 [4]=   0 [5]=   0 [6]=   0 [7]=   0 [8]=   0 [9]=   0 [10]=   0 [11]=   0 
after  (DPU 167) [0]= 221 [1]= 222 [2]= 242 [3]=   0 [4]=   0 [5]=   0 [6]=   0 [7]=   0 [8]=   0 [9]=   0 [10]=   0 [11]=   0 
before (DPU 168) [0]= 232 [1]= 235 [2]= 248 [3]=   0 [4]=   0 [5]=   0 [6]=   0 [7]=   0 [8]=   0 [9]=   0 [10]=   0 [11]=   0 
after  (DPU 168) [0]= 232 [1]= 235 [2]= 248 [3]=   0 [4]=   0 [5]=   0 [6]=   0 [7]=   0 [8]=   0 [9]=   0 [10]=   0 [11]=   0 
before (DPU 169) [0]= 239 [1]= 242 [2]= 234 [3]=   0 [4]=   0 [5]=   0 [6]=   0 [7]=   0 [8]=   0 [9]=   0 [10]=   0 [11]=   0 
after  (DPU 169) [0]= 239 [1]= 242 [2]= 234 [3]=   0 [4]=   0 [5]=   0 [6]=   0 [7]=   0 [8]=   0 [9]=   0 [10]=   0 [11]=   0 
before (DPU 170) [0]= 244 [1]= 238 [2]= 232 [3]=   0 [4]=   0 [5]=   0 [6]=   0 [7]=   0 [8]=   0 [9]=   0 [10]=   0 [11]=   0 
after  (DPU 170) [0]= 244 [1]= 238 [2]= 232 [3]=   0 [4]=   0 [5]=   0 [6]=   0 [7]=   0 [8]=   0 [9]=   0 [10]=   0 [11]=   0 
before (DPU 171) [0]= 235 [1]= 221 [2]= 256 [3]=   0 [4]=   0 [5]=   0 [6]=   0 [7]=   0 [8]=   0 [9]=   0 [10]=   0 [11]=   0 
after  (DPU 171) [0]= 235 [1]= 221 [2]= 256 [3]=   0 [4]=   0 [5]=   0 [6]=   0 [7]=   0 [8]=   0 [9]=   0 [10]=   0 [11]=   0 
before (DPU 172) [0]= 258 [1]= 235 [2]= 232 [3]=   0 [4]=   0 [5]=   0 [6]=   0 [7]=   0 [8]=   0 [9]=   0 [10]=   0 [11]=   0 
after  (DPU 172) [0]= 258 [1]= 235 [2]= 232 [3]=   0 [4]=   0 [5]=   0 [6]=   0 [7]=   0 [8]=   0 [9]=   0 [10]=   0 [11]=   0 
before (DPU 173) [0]= 220 [1]= 223 [2]= 261 [3]=   0 [4]=   0 [5]=   0 [6]=   0 [7]=   0 [8]=   0 [9]=   0 [10]=   0 [11]=   0 
after  (DPU 173) [0]= 220 [1]= 223 [2]= 261 [3]=   0 [4]=   0 [5]=   0 [6]=   0 [7]=   0 [8]=   0 [9]=   0 [10]=   0 [11]=   0 
before (DPU 174) [0]= 227 [1]= 221 [2]= 242 [3]=   0 [4]=   0 [5]=   0 [6]=   0 [7]=   0 [8]=   0 [9]=   0 [10]=   0 [11]=   0 
after  (DPU 174) [0]= 227 [1]= 221 [2]= 242 [3]=   0 [4]=   0 [5]=   0 [6]=   0 [7]=   0 [8]=   0 [9]=   0 [10]=   0 [11]=   0 
before (DPU 175) [0]= 225 [1]= 217 [2]= 215 [3]=   0 [4]=   0 [5]=   0 [6]=   0 [7]=   0 [8]=   0 [9]=   0 [10]=   0 [11]=   0 
after  (DPU 175) [0]= 225 [1]= 217 [2]= 215 [3]=   0 [4]=   0 [5]=   0 [6]=   0 [7]=   0 [8]=   0 [9]=   0 [10]=   0 [11]=   0 
before (DPU 176) [0]= 225 [1]= 235 [2]= 230 [3]=   0 [4]=   0 [5]=   0 [6]=   0 [7]=   0 [8]=   0 [9]=   0 [10]=   0 [11]=   0 
after  (DPU 176) [0]= 225 [1]= 235 [2]= 230 [3]=   0 [4]=   0 [5]=   0 [6]=   0 [7]=   0 [8]=   0 [9]=   0 [10]=   0 [11]=   0 
before (DPU 177) [0]= 230 [1]= 217 [2]= 241 [3]=   0 [4]=   0 [5]=   0 [6]=   0 [7]=   0 [8]=   0 [9]=   0 [10]=   0 [11]=   0 
after  (DPU 177) [0]= 230 [1]= 217 [2]= 241 [3]=   0 [4]=   0 [5]=   0 [6]=   0 [7]=   0 [8]=   0 [9]=   0 [10]=   0 [11]=   0 
before (DPU 178) [0]= 221 [1]= 213 [2]= 212 [3]=   0 [4]=   0 [5]=   0 [6]=   0 [7]=   0 [8]=   0 [9]=   0 [10]=   0 [11]=   0 
after  (DPU 178) [0]= 221 [1]= 213 [2]= 212 [3]=   0 [4]=   0 [5]=   0 [6]=   0 [7]=   0 [8]=   0 [9]=   0 [10]=   0 [11]=   0 
before (DPU 179) [0]= 179 [1]= 241 [2]= 215 [3]=   0 [4]=   0 [5]=   0 [6]=   0 [7]=   0 [8]=   0 [9]=   0 [10]=   0 [11]=   0 
after  (DPU 179) [0]= 179 [1]= 241 [2]= 215 [3]=   0 [4]=   0 [5]=   0 [6]=   0 [7]=   0 [8]=   0 [9]=   0 [10]=   0 [11]=   0 
before (DPU 180) [0]= 228 [1]= 224 [2]= 229 [3]=   0 [4]=   0 [5]=   0 [6]=   0 [7]=   0 [8]=   0 [9]=   0 [10]=   0 [11]=   0 
after  (DPU 180) [0]= 228 [1]= 224 [2]= 229 [3]=   0 [4]=   0 [5]=   0 [6]=   0 [7]=   0 [8]=   0 [9]=   0 [10]=   0 [11]=   0 
before (DPU 181) [0]= 233 [1]= 201 [2]= 247 [3]=   0 [4]=   0 [5]=   0 [6]=   0 [7]=   0 [8]=   0 [9]=   0 [10]=   0 [11]=   0 
after  (DPU 181) [0]= 233 [1]= 201 [2]= 247 [3]=   0 [4]=   0 [5]=   0 [6]=   0 [7]=   0 [8]=   0 [9]=   0 [10]=   0 [11]=   0 
before (DPU 182) [0]= 215 [1]= 238 [2]= 197 [3]=   0 [4]=   0 [5]=   0 [6]=   0 [7]=   0 [8]=   0 [9]=   0 [10]=   0 [11]=   0 
after  (DPU 182) [0]= 215 [1]= 238 [2]= 197 [3]=   0 [4]=   0 [5]=   0 [6]=   0 [7]=   0 [8]=   0 [9]=   0 [10]=   0 [11]=   0 
before (DPU 183) [0]= 227 [1]= 216 [2]= 232 [3]=   0 [4]=   0 [5]=   0 [6]=   0 [7]=   0 [8]=   0 [9]=   0 [10]=   0 [11]=   0 
after  (DPU 183) [0]= 227 [1]= 216 [2]= 232 [3]=   0 [4]=   0 [5]=   0 [6]=   0 [7]=   0 [8]=   0 [9]=   0 [10]=   0 [11]=   0 
before (DPU 184) [0]= 230 [1]= 229 [2]= 224 [3]=   0 [4]=   0 [5]=   0 [6]=   0 [7]=   0 [8]=   0 [9]=   0 [10]=   0 [11]=   0 
after  (DPU 184) [0]= 230 [1]= 229 [2]= 224 [3]=   0 [4]=   0 [5]=   0 [6]=   0 [7]=   0 [8]=   0 [9]=   0 [10]=   0 [11]=   0 
before (DPU 185) [0]= 244 [1]= 205 [2]= 187 [3]=   0 [4]=   0 [5]=   0 [6]=   0 [7]=   0 [8]=   0 [9]=   0 [10]=   0 [11]=   0 
after  (DPU 185) [0]= 244 [1]= 205 [2]= 187 [3]=   0 [4]=   0 [5]=   0 [6]=   0 [7]=   0 [8]=   0 [9]=   0 [10]=   0 [11]=   0 
before (DPU 186) [0]= 215 [1]= 198 [2]= 234 [3]=   0 [4]=   0 [5]=   0 [6]=   0 [7]=   0 [8]=   0 [9]=   0 [10]=   0 [11]=   0 
after  (DPU 186) [0]= 215 [1]= 198 [2]= 234 [3]=   0 [4]=   0 [5]=   0 [6]=   0 [7]=   0 [8]=   0 [9]=   0 [10]=   0 [11]=   0 
before (DPU 187) [0]= 208 [1]= 230 [2]= 212 [3]=   0 [4]=   0 [5]=   0 [6]=   0 [7]=   0 [8]=   0 [9]=   0 [10]=   0 [11]=   0 
after  (DPU 187) [0]= 208 [1]= 230 [2]= 212 [3]=   0 [4]=   0 [5]=   0 [6]=   0 [7]=   0 [8]=   0 [9]=   0 [10]=   0 [11]=   0 
before (DPU 188) [0]= 231 [1]= 206 [2]= 209 [3]=   0 [4]=   0 [5]=   0 [6]=   0 [7]=   0 [8]=   0 [9]=   0 [10]=   0 [11]=   0 
after  (DPU 188) [0]= 231 [1]= 206 [2]= 209 [3]=   0 [4]=   0 [5]=   0 [6]=   0 [7]=   0 [8]=   0 [9]=   0 [10]=   0 [11]=   0 
before (DPU 189) [0]= 221 [1]= 210 [2]= 198 [3]=   0 [4]=   0 [5]=   0 [6]=   0 [7]=   0 [8]=   0 [9]=   0 [10]=   0 [11]=   0 
after  (DPU 189) [0]= 221 [1]= 210 [2]= 198 [3]=   0 [4]=   0 [5]=   0 [6]=   0 [7]=   0 [8]=   0 [9]=   0 [10]=   0 [11]=   0 
before (DPU 190) [0]= 186 [1]= 246 [2]= 212 [3]=   0 [4]=   0 [5]=   0 [6]=   0 [7]=   0 [8]=   0 [9]=   0 [10]=   0 [11]=   0 
after  (DPU 190) [0]= 186 [1]= 246 [2]= 212 [3]=   0 [4]=   0 [5]=   0 [6]=   0 [7]=   0 [8]=   0 [9]=   0 [10]=   0 [11]=   0 
before (DPU 191) [0]= 206 [1]= 220 [2]= 215 [3]=   0 [4]=   0 [5]=   0 [6]=   0 [7]=   0 [8]=   0 [9]=   0 [10]=   0 [11]=   0 
after  (DPU 191) [0]= 206 [1]= 220 [2]= 215 [3]=   0 [4]=   0 [5]=   0 [6]=   0 [7]=   0 [8]=   0 [9]=   0 [10]=   0 [11]=   0 
before (DPU 192) [0]= 195 [1]= 201 [2]= 222 [3]=   0 [4]=   0 [5]=   0 [6]=   0 [7]=   0 [8]=   0 [9]=   0 [10]=   0 [11]=   0 
after  (DPU 192) [0]= 195 [1]= 201 [2]= 222 [3]=   0 [4]=   0 [5]=   0 [6]=   0 [7]=   0 [8]=   0 [9]=   0 [10]=   0 [11]=   0 
before (DPU 193) [0]= 189 [1]= 214 [2]= 207 [3]=   0 [4]=   0 [5]=   0 [6]=   0 [7]=   0 [8]=   0 [9]=   0 [10]=   0 [11]=   0 
after  (DPU 193) [0]= 189 [1]= 214 [2]= 207 [3]=   0 [4]=   0 [5]=   0 [6]=   0 [7]=   0 [8]=   0 [9]=   0 [10]=   0 [11]=   0 
before (DPU 194) [0]= 195 [1]= 204 [2]= 199 [3]=   0 [4]=   0 [5]=   0 [6]=   0 [7]=   0 [8]=   0 [9]=   0 [10]=   0 [11]=   0 
after  (DPU 194) [0]= 195 [1]= 204 [2]= 199 [3]=   0 [4]=   0 [5]=   0 [6]=   0 [7]=   0 [8]=   0 [9]=   0 [10]=   0 [11]=   0 
before (DPU 195) [0]= 196 [1]= 207 [2]= 212 [3]=   0 [4]=   0 [5]=   0 [6]=   0 [7]=   0 [8]=   0 [9]=   0 [10]=   0 [11]=   0 
after  (DPU 195) [0]= 196 [1]= 207 [2]= 212 [3]=   0 [4]=   0 [5]=   0 [6]=   0 [7]=   0 [8]=   0 [9]=   0 [10]=   0 [11]=   0 
before (DPU 196) [0]= 215 [1]= 192 [2]= 201 [3]=   0 [4]=   0 [5]=   0 [6]=   0 [7]=   0 [8]=   0 [9]=   0 [10]=   0 [11]=   0 
after  (DPU 196) [0]= 215 [1]= 192 [2]= 201 [3]=   0 [4]=   0 [5]=   0 [6]=   0 [7]=   0 [8]=   0 [9]=   0 [10]=   0 [11]=   0 
before (DPU 197) [0]= 187 [1]= 183 [2]= 185 [3]=   0 [4]=   0 [5]=   0 [6]=   0 [7]=   0 [8]=   0 [9]=   0 [10]=   0 [11]=   0 
after  (DPU 197) [0]= 187 [1]= 183 [2]= 185 [3]=   0 [4]=   0 [5]=   0 [6]=   0 [7]=   0 [8]=   0 [9]=   0 [10]=   0 [11]=   0 
before (DPU 198) [0]= 184 [1]= 207 [2]= 189 [3]=   0 [4]=   0 [5]=   0 [6]=   0 [7]=   0 [8]=   0 [9]=   0 [10]=   0 [11]=   0 
after  (DPU 198) [0]= 184 [1]= 207 [2]= 189 [3]=   0 [4]=   0 [5]=   0 [6]=   0 [7]=   0 [8]=   0 [9]=   0 [10]=   0 [11]=   0 
before (DPU 199) [0]= 196 [1]= 191 [2]= 169 [3]=   0 [4]=   0 [5]=   0 [6]=   0 [7]=   0 [8]=   0 [9]=   0 [10]=   0 [11]=   0 
after  (DPU 199) [0]= 196 [1]= 191 [2]= 169 [3]=   0 [4]=   0 [5]=   0 [6]=   0 [7]=   0 [8]=   0 [9]=   0 [10]=   0 [11]=   0 
before (DPU 200) [0]= 189 [1]= 182 [2]= 224 [3]=   0 [4]=   0 [5]=   0 [6]=   0 [7]=   0 [8]=   0 [9]=   0 [10]=   0 [11]=   0 
after  (DPU 200) [0]= 189 [1]= 182 [2]= 224 [3]=   0 [4]=   0 [5]=   0 [6]=   0 [7]=   0 [8]=   0 [9]=   0 [10]=   0 [11]=   0 
before (DPU 201) [0]= 189 [1]= 197 [2]= 178 [3]=   0 [4]=   0 [5]=   0 [6]=   0 [7]=   0 [8]=   0 [9]=   0 [10]=   0 [11]=   0 
after  (DPU 201) [0]= 189 [1]= 197 [2]= 178 [3]=   0 [4]=   0 [5]=   0 [6]=   0 [7]=   0 [8]=   0 [9]=   0 [10]=   0 [11]=   0 
before (DPU 202) [0]= 224 [1]= 175 [2]= 184 [3]=   0 [4]=   0 [5]=   0 [6]=   0 [7]=   0 [8]=   0 [9]=   0 [10]=   0 [11]=   0 
after  (DPU 202) [0]= 224 [1]= 175 [2]= 184 [3]=   0 [4]=   0 [5]=   0 [6]=   0 [7]=   0 [8]=   0 [9]=   0 [10]=   0 [11]=   0 
before (DPU 203) [0]= 196 [1]= 207 [2]= 215 [3]=   0 [4]=   0 [5]=   0 [6]=   0 [7]=   0 [8]=   0 [9]=   0 [10]=   0 [11]=   0 
after  (DPU 203) [0]= 196 [1]= 207 [2]= 215 [3]=   0 [4]=   0 [5]=   0 [6]=   0 [7]=   0 [8]=   0 [9]=   0 [10]=   0 [11]=   0 
before (DPU 204) [0]= 178 [1]= 180 [2]= 211 [3]=   0 [4]=   0 [5]=   0 [6]=   0 [7]=   0 [8]=   0 [9]=   0 [10]=   0 [11]=   0 
after  (DPU 204) [0]= 178 [1]= 180 [2]= 211 [3]=   0 [4]=   0 [5]=   0 [6]=   0 [7]=   0 [8]=   0 [9]=   0 [10]=   0 [11]=   0 
before (DPU 205) [0]= 169 [1]= 199 [2]= 188 [3]=   0 [4]=   0 [5]=   0 [6]=   0 [7]=   0 [8]=   0 [9]=   0 [10]=   0 [11]=   0 
after  (DPU 205) [0]= 169 [1]= 199 [2]= 188 [3]=   0 [4]=   0 [5]=   0 [6]=   0 [7]=   0 [8]=   0 [9]=   0 [10]=   0 [11]=   0 
before (DPU 206) [0]= 210 [1]= 172 [2]= 188 [3]=   0 [4]=   0 [5]=   0 [6]=   0 [7]=   0 [8]=   0 [9]=   0 [10]=   0 [11]=   0 
after  (DPU 206) [0]= 210 [1]= 172 [2]= 188 [3]=   0 [4]=   0 [5]=   0 [6]=   0 [7]=   0 [8]=   0 [9]=   0 [10]=   0 [11]=   0 
before (DPU 207) [0]= 185 [1]= 181 [2]= 219 [3]=   0 [4]=   0 [5]=   0 [6]=   0 [7]=   0 [8]=   0 [9]=   0 [10]=   0 [11]=   0 
after  (DPU 207) [0]= 185 [1]= 181 [2]= 219 [3]=   0 [4]=   0 [5]=   0 [6]=   0 [7]=   0 [8]=   0 [9]=   0 [10]=   0 [11]=   0 
before (DPU 208) [0]= 216 [1]= 202 [2]= 162 [3]=   0 [4]=   0 [5]=   0 [6]=   0 [7]=   0 [8]=   0 [9]=   0 [10]=   0 [11]=   0 
after  (DPU 208) [0]= 216 [1]= 202 [2]= 162 [3]=   0 [4]=   0 [5]=   0 [6]=   0 [7]=   0 [8]=   0 [9]=   0 [10]=   0 [11]=   0 
before (DPU 209) [0]= 196 [1]= 194 [2]= 201 [3]=   0 [4]=   0 [5]=   0 [6]=   0 [7]=   0 [8]=   0 [9]=   0 [10]=   0 [11]=   0 
after  (DPU 209) [0]= 196 [1]= 194 [2]= 201 [3]=   0 [4]=   0 [5]=   0 [6]=   0 [7]=   0 [8]=   0 [9]=   0 [10]=   0 [11]=   0 
before (DPU 210) [0]= 193 [1]= 202 [2]= 189 [3]=   0 [4]=   0 [5]=   0 [6]=   0 [7]=   0 [8]=   0 [9]=   0 [10]=   0 [11]=   0 
after  (DPU 210) [0]= 193 [1]= 202 [2]= 189 [3]=   0 [4]=   0 [5]=   0 [6]=   0 [7]=   0 [8]=   0 [9]=   0 [10]=   0 [11]=   0 
before (DPU 211) [0]= 185 [1]= 218 [2]= 188 [3]=   0 [4]=   0 [5]=   0 [6]=   0 [7]=   0 [8]=   0 [9]=   0 [10]=   0 [11]=   0 
after  (DPU 211) [0]= 185 [1]= 218 [2]= 188 [3]=   0 [4]=   0 [5]=   0 [6]=   0 [7]=   0 [8]=   0 [9]=   0 [10]=   0 [11]=   0 
before (DPU 212) [0]= 193 [1]= 194 [2]= 196 [3]=   0 [4]=   0 [5]=   0 [6]=   0 [7]=   0 [8]=   0 [9]=   0 [10]=   0 [11]=   0 
after  (DPU 212) [0]= 193 [1]= 194 [2]= 196 [3]=   0 [4]=   0 [5]=   0 [6]=   0 [7]=   0 [8]=   0 [9]=   0 [10]=   0 [11]=   0 
before (DPU 213) [0]= 188 [1]= 183 [2]= 191 [3]=   0 [4]=   0 [5]=   0 [6]=   0 [7]=   0 [8]=   0 [9]=   0 [10]=   0 [11]=   0 
after  (DPU 213) [0]= 188 [1]= 183 [2]= 191 [3]=   0 [4]=   0 [5]=   0 [6]=   0 [7]=   0 [8]=   0 [9]=   0 [10]=   0 [11]=   0 
before (DPU 214) [0]= 204 [1]= 177 [2]= 172 [3]=   0 [4]=   0 [5]=   0 [6]=   0 [7]=   0 [8]=   0 [9]=   0 [10]=   0 [11]=   0 
after  (DPU 214) [0]= 204 [1]= 177 [2]= 172 [3]=   0 [4]=   0 [5]=   0 [6]=   0 [7]=   0 [8]=   0 [9]=   0 [10]=   0 [11]=   0 
before (DPU 215) [0]= 199 [1]= 183 [2]= 171 [3]=   0 [4]=   0 [5]=   0 [6]=   0 [7]=   0 [8]=   0 [9]=   0 [10]=   0 [11]=   0 
after  (DPU 215) [0]= 199 [1]= 183 [2]= 171 [3]=   0 [4]=   0 [5]=   0 [6]=   0 [7]=   0 [8]=   0 [9]=   0 [10]=   0 [11]=   0 
before (DPU 216) [0]= 163 [1]= 183 [2]= 191 [3]=   0 [4]=   0 [5]=   0 [6]=   0 [7]=   0 [8]=   0 [9]=   0 [10]=   0 [11]=   0 
after  (DPU 216) [0]= 163 [1]= 183 [2]= 191 [3]=   0 [4]=   0 [5]=   0 [6]=   0 [7]=   0 [8]=   0 [9]=   0 [10]=   0 [11]=   0 
before (DPU 217) [0]= 172 [1]= 190 [2]= 187 [3]=   0 [4]=   0 [5]=   0 [6]=   0 [7]=   0 [8]=   0 [9]=   0 [10]=   0 [11]=   0 
after  (DPU 217) [0]= 172 [1]= 190 [2]= 187 [3]=   0 [4]=   0 [5]=   0 [6]=   0 [7]=   0 [8]=   0 [9]=   0 [10]=   0 [11]=   0 
before (DPU 218) [0]= 197 [1]= 177 [2]= 216 [3]=   0 [4]=   0 [5]=   0 [6]=   0 [7]=   0 [8]=   0 [9]=   0 [10]=   0 [11]=   0 
after  (DPU 218) [0]= 197 [1]= 177 [2]= 216 [3]=   0 [4]=   0 [5]=   0 [6]=   0 [7]=   0 [8]=   0 [9]=   0 [10]=   0 [11]=   0 
before (DPU 219) [0]= 201 [1]= 192 [2]= 190 [3]=   0 [4]=   0 [5]=   0 [6]=   0 [7]=   0 [8]=   0 [9]=   0 [10]=   0 [11]=   0 
after  (DPU 219) [0]= 201 [1]= 192 [2]= 190 [3]=   0 [4]=   0 [5]=   0 [6]=   0 [7]=   0 [8]=   0 [9]=   0 [10]=   0 [11]=   0 
before (DPU 220) [0]= 195 [1]= 202 [2]= 207 [3]=   0 [4]=   0 [5]=   0 [6]=   0 [7]=   0 [8]=   0 [9]=   0 [10]=   0 [11]=   0 
after  (DPU 220) [0]= 195 [1]= 202 [2]= 207 [3]=   0 [4]=   0 [5]=   0 [6]=   0 [7]=   0 [8]=   0 [9]=   0 [10]=   0 [11]=   0 
before (DPU 221) [0]= 195 [1]= 190 [2]= 187 [3]=   0 [4]=   0 [5]=   0 [6]=   0 [7]=   0 [8]=   0 [9]=   0 [10]=   0 [11]=   0 
after  (DPU 221) [0]= 195 [1]= 190 [2]= 187 [3]=   0 [4]=   0 [5]=   0 [6]=   0 [7]=   0 [8]=   0 [9]=   0 [10]=   0 [11]=   0 
before (DPU 222) [0]= 182 [1]= 186 [2]= 180 [3]=   0 [4]=   0 [5]=   0 [6]=   0 [7]=   0 [8]=   0 [9]=   0 [10]=   0 [11]=   0 
after  (DPU 222) [0]= 182 [1]= 186 [2]= 180 [3]=   0 [4]=   0 [5]=   0 [6]=   0 [7]=   0 [8]=   0 [9]=   0 [10]=   0 [11]=   0 
before (DPU 223) [0]= 193 [1]= 194 [2]= 168 [3]=   0 [4]=   0 [5]=   0 [6]=   0 [7]=   0 [8]=   0 [9]=   0 [10]=   0 [11]=   0 
after  (DPU 223) [0]= 193 [1]= 194 [2]= 168 [3]=   0 [4]=   0 [5]=   0 [6]=   0 [7]=   0 [8]=   0 [9]=   0 [10]=   0 [11]=   0 
before (DPU 224) [0]= 178 [1]= 185 [2]= 180 [3]=   0 [4]=   0 [5]=   0 [6]=   0 [7]=   0 [8]=   0 [9]=   0 [10]=   0 [11]=   0 
after  (DPU 224) [0]= 178 [1]= 185 [2]= 180 [3]=   0 [4]=   0 [5]=   0 [6]=   0 [7]=   0 [8]=   0 [9]=   0 [10]=   0 [11]=   0 
before (DPU 225) [0]= 187 [1]= 181 [2]= 174 [3]=   0 [4]=   0 [5]=   0 [6]=   0 [7]=   0 [8]=   0 [9]=   0 [10]=   0 [11]=   0 
after  (DPU 225) [0]= 187 [1]= 181 [2]= 174 [3]=   0 [4]=   0 [5]=   0 [6]=   0 [7]=   0 [8]=   0 [9]=   0 [10]=   0 [11]=   0 
before (DPU 226) [0]= 168 [1]= 180 [2]= 172 [3]=   0 [4]=   0 [5]=   0 [6]=   0 [7]=   0 [8]=   0 [9]=   0 [10]=   0 [11]=   0 
after  (DPU 226) [0]= 168 [1]= 180 [2]= 172 [3]=   0 [4]=   0 [5]=   0 [6]=   0 [7]=   0 [8]=   0 [9]=   0 [10]=   0 [11]=   0 
before (DPU 227) [0]= 195 [1]= 170 [2]= 155 [3]=   0 [4]=   0 [5]=   0 [6]=   0 [7]=   0 [8]=   0 [9]=   0 [10]=   0 [11]=   0 
after  (DPU 227) [0]= 195 [1]= 170 [2]= 155 [3]=   0 [4]=   0 [5]=   0 [6]=   0 [7]=   0 [8]=   0 [9]=   0 [10]=   0 [11]=   0 
before (DPU 228) [0]= 202 [1]= 185 [2]= 169 [3]=   0 [4]=   0 [5]=   0 [6]=   0 [7]=   0 [8]=   0 [9]=   0 [10]=   0 [11]=   0 
after  (DPU 228) [0]= 202 [1]= 185 [2]= 169 [3]=   0 [4]=   0 [5]=   0 [6]=   0 [7]=   0 [8]=   0 [9]=   0 [10]=   0 [11]=   0 
before (DPU 229) [0]= 168 [1]= 171 [2]= 179 [3]=   0 [4]=   0 [5]=   0 [6]=   0 [7]=   0 [8]=   0 [9]=   0 [10]=   0 [11]=   0 
after  (DPU 229) [0]= 168 [1]= 171 [2]= 179 [3]=   0 [4]=   0 [5]=   0 [6]=   0 [7]=   0 [8]=   0 [9]=   0 [10]=   0 [11]=   0 
before (DPU 230) [0]= 162 [1]= 187 [2]= 169 [3]=   0 [4]=   0 [5]=   0 [6]=   0 [7]=   0 [8]=   0 [9]=   0 [10]=   0 [11]=   0 
after  (DPU 230) [0]= 162 [1]= 187 [2]= 169 [3]=   0 [4]=   0 [5]=   0 [6]=   0 [7]=   0 [8]=   0 [9]=   0 [10]=   0 [11]=   0 
before (DPU 231) [0]= 165 [1]= 171 [2]= 160 [3]=   0 [4]=   0 [5]=   0 [6]=   0 [7]=   0 [8]=   0 [9]=   0 [10]=   0 [11]=   0 
after  (DPU 231) [0]= 165 [1]= 171 [2]= 160 [3]=   0 [4]=   0 [5]=   0 [6]=   0 [7]=   0 [8]=   0 [9]=   0 [10]=   0 [11]=   0 
before (DPU 232) [0]= 176 [1]= 172 [2]= 187 [3]=   0 [4]=   0 [5]=   0 [6]=   0 [7]=   0 [8]=   0 [9]=   0 [10]=   0 [11]=   0 
after  (DPU 232) [0]= 176 [1]= 172 [2]= 187 [3]=   0 [4]=   0 [5]=   0 [6]=   0 [7]=   0 [8]=   0 [9]=   0 [10]=   0 [11]=   0 
before (DPU 233) [0]= 194 [1]= 177 [2]= 174 [3]=   0 [4]=   0 [5]=   0 [6]=   0 [7]=   0 [8]=   0 [9]=   0 [10]=   0 [11]=   0 
after  (DPU 233) [0]= 194 [1]= 177 [2]= 174 [3]=   0 [4]=   0 [5]=   0 [6]=   0 [7]=   0 [8]=   0 [9]=   0 [10]=   0 [11]=   0 
before (DPU 234) [0]= 157 [1]= 165 [2]= 185 [3]=   0 [4]=   0 [5]=   0 [6]=   0 [7]=   0 [8]=   0 [9]=   0 [10]=   0 [11]=   0 
after  (DPU 234) [0]= 157 [1]= 165 [2]= 185 [3]=   0 [4]=   0 [5]=   0 [6]=   0 [7]=   0 [8]=   0 [9]=   0 [10]=   0 [11]=   0 
before (DPU 235) [0]= 161 [1]= 170 [2]= 174 [3]=   0 [4]=   0 [5]=   0 [6]=   0 [7]=   0 [8]=   0 [9]=   0 [10]=   0 [11]=   0 
after  (DPU 235) [0]= 161 [1]= 170 [2]= 174 [3]=   0 [4]=   0 [5]=   0 [6]=   0 [7]=   0 [8]=   0 [9]=   0 [10]=   0 [11]=   0 
before (DPU 236) [0]= 178 [1]= 176 [2]= 171 [3]=   0 [4]=   0 [5]=   0 [6]=   0 [7]=   0 [8]=   0 [9]=   0 [10]=   0 [11]=   0 
after  (DPU 236) [0]= 178 [1]= 176 [2]= 171 [3]=   0 [4]=   0 [5]=   0 [6]=   0 [7]=   0 [8]=   0 [9]=   0 [10]=   0 [11]=   0 
before (DPU 237) [0]= 164 [1]= 174 [2]= 198 [3]=   0 [4]=   0 [5]=   0 [6]=   0 [7]=   0 [8]=   0 [9]=   0 [10]=   0 [11]=   0 
after  (DPU 237) [0]= 164 [1]= 174 [2]= 198 [3]=   0 [4]=   0 [5]=   0 [6]=   0 [7]=   0 [8]=   0 [9]=   0 [10]=   0 [11]=   0 
before (DPU 238) [0]= 175 [1]= 171 [2]= 151 [3]=   0 [4]=   0 [5]=   0 [6]=   0 [7]=   0 [8]=   0 [9]=   0 [10]=   0 [11]=   0 
after  (DPU 238) [0]= 175 [1]= 171 [2]= 151 [3]=   0 [4]=   0 [5]=   0 [6]=   0 [7]=   0 [8]=   0 [9]=   0 [10]=   0 [11]=   0 
before (DPU 239) [0]= 146 [1]= 176 [2]= 173 [3]=   0 [4]=   0 [5]=   0 [6]=   0 [7]=   0 [8]=   0 [9]=   0 [10]=   0 [11]=   0 
after  (DPU 239) [0]= 146 [1]= 176 [2]= 173 [3]=   0 [4]=   0 [5]=   0 [6]=   0 [7]=   0 [8]=   0 [9]=   0 [10]=   0 [11]=   0 
before (DPU 240) [0]= 174 [1]= 180 [2]= 153 [3]=   0 [4]=   0 [5]=   0 [6]=   0 [7]=   0 [8]=   0 [9]=   0 [10]=   0 [11]=   0 
after  (DPU 240) [0]= 174 [1]= 180 [2]= 153 [3]=   0 [4]=   0 [5]=   0 [6]=   0 [7]=   0 [8]=   0 [9]=   0 [10]=   0 [11]=   0 
before (DPU 241) [0]= 170 [1]= 175 [2]= 177 [3]=   0 [4]=   0 [5]=   0 [6]=   0 [7]=   0 [8]=   0 [9]=   0 [10]=   0 [11]=   0 
after  (DPU 241) [0]= 170 [1]= 175 [2]= 177 [3]=   0 [4]=   0 [5]=   0 [6]=   0 [7]=   0 [8]=   0 [9]=   0 [10]=   0 [11]=   0 
before (DPU 242) [0]= 179 [1]= 179 [2]= 147 [3]=   0 [4]=   0 [5]=   0 [6]=   0 [7]=   0 [8]=   0 [9]=   0 [10]=   0 [11]=   0 
after  (DPU 242) [0]= 179 [1]= 179 [2]= 147 [3]=   0 [4]=   0 [5]=   0 [6]=   0 [7]=   0 [8]=   0 [9]=   0 [10]=   0 [11]=   0 
before (DPU 243) [0]= 171 [1]= 174 [2]= 138 [3]=   0 [4]=   0 [5]=   0 [6]=   0 [7]=   0 [8]=   0 [9]=   0 [10]=   0 [11]=   0 
after  (DPU 243) [0]= 171 [1]= 174 [2]= 138 [3]=   0 [4]=   0 [5]=   0 [6]=   0 [7]=   0 [8]=   0 [9]=   0 [10]=   0 [11]=   0 
before (DPU 244) [0]= 166 [1]= 153 [2]= 147 [3]=   0 [4]=   0 [5]=   0 [6]=   0 [7]=   0 [8]=   0 [9]=   0 [10]=   0 [11]=   0 
after  (DPU 244) [0]= 166 [1]= 153 [2]= 147 [3]=   0 [4]=   0 [5]=   0 [6]=   0 [7]=   0 [8]=   0 [9]=   0 [10]=   0 [11]=   0 
before (DPU 245) [0]= 144 [1]= 182 [2]= 174 [3]=   0 [4]=   0 [5]=   0 [6]=   0 [7]=   0 [8]=   0 [9]=   0 [10]=   0 [11]=   0 
after  (DPU 245) [0]= 144 [1]= 182 [2]= 174 [3]=   0 [4]=   0 [5]=   0 [6]=   0 [7]=   0 [8]=   0 [9]=   0 [10]=   0 [11]=   0 
before (DPU 246) [0]= 175 [1]= 152 [2]= 176 [3]=   0 [4]=   0 [5]=   0 [6]=   0 [7]=   0 [8]=   0 [9]=   0 [10]=   0 [11]=   0 
after  (DPU 246) [0]= 175 [1]= 152 [2]= 176 [3]=   0 [4]=   0 [5]=   0 [6]=   0 [7]=   0 [8]=   0 [9]=   0 [10]=   0 [11]=   0 
before (DPU 247) [0]= 155 [1]= 166 [2]= 164 [3]=   0 [4]=   0 [5]=   0 [6]=   0 [7]=   0 [8]=   0 [9]=   0 [10]=   0 [11]=   0 
after  (DPU 247) [0]= 155 [1]= 166 [2]= 164 [3]=   0 [4]=   0 [5]=   0 [6]=   0 [7]=   0 [8]=   0 [9]=   0 [10]=   0 [11]=   0 
before (DPU 248) [0]= 168 [1]= 181 [2]= 161 [3]=   0 [4]=   0 [5]=   0 [6]=   0 [7]=   0 [8]=   0 [9]=   0 [10]=   0 [11]=   0 
after  (DPU 248) [0]= 168 [1]= 181 [2]= 161 [3]=   0 [4]=   0 [5]=   0 [6]=   0 [7]=   0 [8]=   0 [9]=   0 [10]=   0 [11]=   0 
before (DPU 249) [0]= 167 [1]= 155 [2]= 186 [3]=   0 [4]=   0 [5]=   0 [6]=   0 [7]=   0 [8]=   0 [9]=   0 [10]=   0 [11]=   0 
after  (DPU 249) [0]= 167 [1]= 155 [2]= 186 [3]=   0 [4]=   0 [5]=   0 [6]=   0 [7]=   0 [8]=   0 [9]=   0 [10]=   0 [11]=   0 
before (DPU 250) [0]= 164 [1]= 143 [2]= 179 [3]=   0 [4]=   0 [5]=   0 [6]=   0 [7]=   0 [8]=   0 [9]=   0 [10]=   0 [11]=   0 
after  (DPU 250) [0]= 164 [1]= 143 [2]= 179 [3]=   0 [4]=   0 [5]=   0 [6]=   0 [7]=   0 [8]=   0 [9]=   0 [10]=   0 [11]=   0 
before (DPU 251) [0]= 169 [1]= 189 [2]= 146 [3]=   0 [4]=   0 [5]=   0 [6]=   0 [7]=   0 [8]=   0 [9]=   0 [10]=   0 [11]=   0 
after  (DPU 251) [0]= 169 [1]= 189 [2]= 146 [3]=   0 [4]=   0 [5]=   0 [6]=   0 [7]=   0 [8]=   0 [9]=   0 [10]=   0 [11]=   0 
before (DPU 252) [0]= 148 [1]= 162 [2]= 170 [3]=   0 [4]=   0 [5]=   0 [6]=   0 [7]=   0 [8]=   0 [9]=   0 [10]=   0 [11]=   0 
after  (DPU 252) [0]= 148 [1]= 162 [2]= 170 [3]=   0 [4]=   0 [5]=   0 [6]=   0 [7]=   0 [8]=   0 [9]=   0 [10]=   0 [11]=   0 
before (DPU 253) [0]= 152 [1]= 165 [2]= 170 [3]=   0 [4]=   0 [5]=   0 [6]=   0 [7]=   0 [8]=   0 [9]=   0 [10]=   0 [11]=   0 
after  (DPU 253) [0]= 152 [1]= 165 [2]= 170 [3]=   0 [4]=   0 [5]=   0 [6]=   0 [7]=   0 [8]=   0 [9]=   0 [10]=   0 [11]=   0 
before (DPU 254) [0]= 176 [1]= 182 [2]= 168 [3]=   0 [4]=   0 [5]=   0 [6]=   0 [7]=   0 [8]=   0 [9]=   0 [10]=   0 [11]=   0 
after  (DPU 254) [0]= 176 [1]= 182 [2]= 168 [3]=   0 [4]=   0 [5]=   0 [6]=   0 [7]=   0 [8]=   0 [9]=   0 [10]=   0 [11]=   0 
before (DPU 255) [0]= 176 [1]= 170 [2]= 153 [3]=   0 [4]=   0 [5]=   0 [6]=   0 [7]=   0 [8]=   0 [9]=   0 [10]=   0 [11]=   0 
after  (DPU 255) [0]= 176 [1]= 170 [2]= 153 [3]=   0 [4]=   0 [5]=   0 [6]=   0 [7]=   0 [8]=   0 [9]=   0 [10]=   0 [11]=   0 
before (DPU 256) [0]= 167 [1]= 140 [2]= 142 [3]=   0 [4]=   0 [5]=   0 [6]=   0 [7]=   0 [8]=   0 [9]=   0 [10]=   0 [11]=   0 
after  (DPU 256) [0]= 167 [1]= 140 [2]= 142 [3]=   0 [4]=   0 [5]=   0 [6]=   0 [7]=   0 [8]=   0 [9]=   0 [10]=   0 [11]=   0 
before (DPU 257) [0]= 155 [1]= 140 [2]= 149 [3]=   0 [4]=   0 [5]=   0 [6]=   0 [7]=   0 [8]=   0 [9]=   0 [10]=   0 [11]=   0 
after  (DPU 257) [0]= 155 [1]= 140 [2]= 149 [3]=   0 [4]=   0 [5]=   0 [6]=   0 [7]=   0 [8]=   0 [9]=   0 [10]=   0 [11]=   0 
before (DPU 258) [0]= 183 [1]= 166 [2]= 144 [3]=   0 [4]=   0 [5]=   0 [6]=   0 [7]=   0 [8]=   0 [9]=   0 [10]=   0 [11]=   0 
after  (DPU 258) [0]= 183 [1]= 166 [2]= 144 [3]=   0 [4]=   0 [5]=   0 [6]=   0 [7]=   0 [8]=   0 [9]=   0 [10]=   0 [11]=   0 
before (DPU 259) [0]= 166 [1]= 164 [2]= 167 [3]=   0 [4]=   0 [5]=   0 [6]=   0 [7]=   0 [8]=   0 [9]=   0 [10]=   0 [11]=   0 
after  (DPU 259) [0]= 166 [1]= 164 [2]= 167 [3]=   0 [4]=   0 [5]=   0 [6]=   0 [7]=   0 [8]=   0 [9]=   0 [10]=   0 [11]=   0 
before (DPU 260) [0]= 157 [1]= 140 [2]= 156 [3]=   0 [4]=   0 [5]=   0 [6]=   0 [7]=   0 [8]=   0 [9]=   0 [10]=   0 [11]=   0 
after  (DPU 260) [0]= 157 [1]= 140 [2]= 156 [3]=   0 [4]=   0 [5]=   0 [6]=   0 [7]=   0 [8]=   0 [9]=   0 [10]=   0 [11]=   0 
before (DPU 261) [0]= 160 [1]= 140 [2]= 155 [3]=   0 [4]=   0 [5]=   0 [6]=   0 [7]=   0 [8]=   0 [9]=   0 [10]=   0 [11]=   0 
after  (DPU 261) [0]= 160 [1]= 140 [2]= 155 [3]=   0 [4]=   0 [5]=   0 [6]=   0 [7]=   0 [8]=   0 [9]=   0 [10]=   0 [11]=   0 
before (DPU 262) [0]= 151 [1]= 168 [2]= 162 [3]=   0 [4]=   0 [5]=   0 [6]=   0 [7]=   0 [8]=   0 [9]=   0 [10]=   0 [11]=   0 
after  (DPU 262) [0]= 151 [1]= 168 [2]= 162 [3]=   0 [4]=   0 [5]=   0 [6]=   0 [7]=   0 [8]=   0 [9]=   0 [10]=   0 [11]=   0 
before (DPU 263) [0]= 151 [1]= 143 [2]= 152 [3]=   0 [4]=   0 [5]=   0 [6]=   0 [7]=   0 [8]=   0 [9]=   0 [10]=   0 [11]=   0 
after  (DPU 263) [0]= 151 [1]= 143 [2]= 152 [3]=   0 [4]=   0 [5]=   0 [6]=   0 [7]=   0 [8]=   0 [9]=   0 [10]=   0 [11]=   0 
before (DPU 264) [0]= 147 [1]= 168 [2]= 153 [3]=   0 [4]=   0 [5]=   0 [6]=   0 [7]=   0 [8]=   0 [9]=   0 [10]=   0 [11]=   0 
after  (DPU 264) [0]= 147 [1]= 168 [2]= 153 [3]=   0 [4]=   0 [5]=   0 [6]=   0 [7]=   0 [8]=   0 [9]=   0 [10]=   0 [11]=   0 
before (DPU 265) [0]= 147 [1]= 146 [2]= 153 [3]=   0 [4]=   0 [5]=   0 [6]=   0 [7]=   0 [8]=   0 [9]=   0 [10]=   0 [11]=   0 
after  (DPU 265) [0]= 147 [1]= 146 [2]= 153 [3]=   0 [4]=   0 [5]=   0 [6]=   0 [7]=   0 [8]=   0 [9]=   0 [10]=   0 [11]=   0 
before (DPU 266) [0]= 142 [1]= 163 [2]= 166 [3]=   0 [4]=   0 [5]=   0 [6]=   0 [7]=   0 [8]=   0 [9]=   0 [10]=   0 [11]=   0 
after  (DPU 266) [0]= 142 [1]= 163 [2]= 166 [3]=   0 [4]=   0 [5]=   0 [6]=   0 [7]=   0 [8]=   0 [9]=   0 [10]=   0 [11]=   0 
before (DPU 267) [0]= 141 [1]= 157 [2]= 140 [3]=   0 [4]=   0 [5]=   0 [6]=   0 [7]=   0 [8]=   0 [9]=   0 [10]=   0 [11]=   0 
after  (DPU 267) [0]= 141 [1]= 157 [2]= 140 [3]=   0 [4]=   0 [5]=   0 [6]=   0 [7]=   0 [8]=   0 [9]=   0 [10]=   0 [11]=   0 
before (DPU 268) [0]= 155 [1]= 153 [2]= 142 [3]=   0 [4]=   0 [5]=   0 [6]=   0 [7]=   0 [8]=   0 [9]=   0 [10]=   0 [11]=   0 
after  (DPU 268) [0]= 155 [1]= 153 [2]= 142 [3]=   0 [4]=   0 [5]=   0 [6]=   0 [7]=   0 [8]=   0 [9]=   0 [10]=   0 [11]=   0 
before (DPU 269) [0]= 135 [1]= 162 [2]= 142 [3]=   0 [4]=   0 [5]=   0 [6]=   0 [7]=   0 [8]=   0 [9]=   0 [10]=   0 [11]=   0 
after  (DPU 269) [0]= 135 [1]= 162 [2]= 142 [3]=   0 [4]=   0 [5]=   0 [6]=   0 [7]=   0 [8]=   0 [9]=   0 [10]=   0 [11]=   0 
before (DPU 270) [0]= 141 [1]= 161 [2]= 153 [3]=   0 [4]=   0 [5]=   0 [6]=   0 [7]=   0 [8]=   0 [9]=   0 [10]=   0 [11]=   0 
after  (DPU 270) [0]= 141 [1]= 161 [2]= 153 [3]=   0 [4]=   0 [5]=   0 [6]=   0 [7]=   0 [8]=   0 [9]=   0 [10]=   0 [11]=   0 
before (DPU 271) [0]= 154 [1]= 139 [2]= 146 [3]=   0 [4]=   0 [5]=   0 [6]=   0 [7]=   0 [8]=   0 [9]=   0 [10]=   0 [11]=   0 
after  (DPU 271) [0]= 154 [1]= 139 [2]= 146 [3]=   0 [4]=   0 [5]=   0 [6]=   0 [7]=   0 [8]=   0 [9]=   0 [10]=   0 [11]=   0 
before (DPU 272) [0]= 140 [1]= 163 [2]= 147 [3]=   0 [4]=   0 [5]=   0 [6]=   0 [7]=   0 [8]=   0 [9]=   0 [10]=   0 [11]=   0 
after  (DPU 272) [0]= 140 [1]= 163 [2]= 147 [3]=   0 [4]=   0 [5]=   0 [6]=   0 [7]=   0 [8]=   0 [9]=   0 [10]=   0 [11]=   0 
before (DPU 273) [0]= 153 [1]= 129 [2]= 164 [3]=   0 [4]=   0 [5]=   0 [6]=   0 [7]=   0 [8]=   0 [9]=   0 [10]=   0 [11]=   0 
after  (DPU 273) [0]= 153 [1]= 129 [2]= 164 [3]=   0 [4]=   0 [5]=   0 [6]=   0 [7]=   0 [8]=   0 [9]=   0 [10]=   0 [11]=   0 
before (DPU 274) [0]= 133 [1]= 139 [2]= 160 [3]=   0 [4]=   0 [5]=   0 [6]=   0 [7]=   0 [8]=   0 [9]=   0 [10]=   0 [11]=   0 
after  (DPU 274) [0]= 133 [1]= 139 [2]= 160 [3]=   0 [4]=   0 [5]=   0 [6]=   0 [7]=   0 [8]=   0 [9]=   0 [10]=   0 [11]=   0 
before (DPU 275) [0]= 135 [1]= 160 [2]= 155 [3]=   0 [4]=   0 [5]=   0 [6]=   0 [7]=   0 [8]=   0 [9]=   0 [10]=   0 [11]=   0 
after  (DPU 275) [0]= 135 [1]= 160 [2]= 155 [3]=   0 [4]=   0 [5]=   0 [6]=   0 [7]=   0 [8]=   0 [9]=   0 [10]=   0 [11]=   0 
before (DPU 276) [0]= 161 [1]= 152 [2]= 147 [3]=   0 [4]=   0 [5]=   0 [6]=   0 [7]=   0 [8]=   0 [9]=   0 [10]=   0 [11]=   0 
after  (DPU 276) [0]= 161 [1]= 152 [2]= 147 [3]=   0 [4]=   0 [5]=   0 [6]=   0 [7]=   0 [8]=   0 [9]=   0 [10]=   0 [11]=   0 
before (DPU 277) [0]= 117 [1]= 172 [2]= 148 [3]=   0 [4]=   0 [5]=   0 [6]=   0 [7]=   0 [8]=   0 [9]=   0 [10]=   0 [11]=   0 
after  (DPU 277) [0]= 117 [1]= 172 [2]= 148 [3]=   0 [4]=   0 [5]=   0 [6]=   0 [7]=   0 [8]=   0 [9]=   0 [10]=   0 [11]=   0 
before (DPU 278) [0]= 169 [1]= 145 [2]= 138 [3]=   0 [4]=   0 [5]=   0 [6]=   0 [7]=   0 [8]=   0 [9]=   0 [10]=   0 [11]=   0 
after  (DPU 278) [0]= 169 [1]= 145 [2]= 138 [3]=   0 [4]=   0 [5]=   0 [6]=   0 [7]=   0 [8]=   0 [9]=   0 [10]=   0 [11]=   0 
before (DPU 279) [0]= 143 [1]= 169 [2]= 153 [3]=   0 [4]=   0 [5]=   0 [6]=   0 [7]=   0 [8]=   0 [9]=   0 [10]=   0 [11]=   0 
after  (DPU 279) [0]= 143 [1]= 169 [2]= 153 [3]=   0 [4]=   0 [5]=   0 [6]=   0 [7]=   0 [8]=   0 [9]=   0 [10]=   0 [11]=   0 
before (DPU 280) [0]= 145 [1]= 137 [2]= 140 [3]=   0 [4]=   0 [5]=   0 [6]=   0 [7]=   0 [8]=   0 [9]=   0 [10]=   0 [11]=   0 
after  (DPU 280) [0]= 145 [1]= 137 [2]= 140 [3]=   0 [4]=   0 [5]=   0 [6]=   0 [7]=   0 [8]=   0 [9]=   0 [10]=   0 [11]=   0 
before (DPU 281) [0]= 146 [1]= 142 [2]= 152 [3]=   0 [4]=   0 [5]=   0 [6]=   0 [7]=   0 [8]=   0 [9]=   0 [10]=   0 [11]=   0 
after  (DPU 281) [0]= 146 [1]= 142 [2]= 152 [3]=   0 [4]=   0 [5]=   0 [6]=   0 [7]=   0 [8]=   0 [9]=   0 [10]=   0 [11]=   0 
before (DPU 282) [0]= 148 [1]= 139 [2]= 147 [3]=   0 [4]=   0 [5]=   0 [6]=   0 [7]=   0 [8]=   0 [9]=   0 [10]=   0 [11]=   0 
after  (DPU 282) [0]= 148 [1]= 139 [2]= 147 [3]=   0 [4]=   0 [5]=   0 [6]=   0 [7]=   0 [8]=   0 [9]=   0 [10]=   0 [11]=   0 
before (DPU 283) [0]= 151 [1]= 127 [2]= 156 [3]=   0 [4]=   0 [5]=   0 [6]=   0 [7]=   0 [8]=   0 [9]=   0 [10]=   0 [11]=   0 
after  (DPU 283) [0]= 151 [1]= 127 [2]= 156 [3]=   0 [4]=   0 [5]=   0 [6]=   0 [7]=   0 [8]=   0 [9]=   0 [10]=   0 [11]=   0 
before (DPU 284) [0]= 173 [1]= 143 [2]= 113 [3]=   0 [4]=   0 [5]=   0 [6]=   0 [7]=   0 [8]=   0 [9]=   0 [10]=   0 [11]=   0 
after  (DPU 284) [0]= 173 [1]= 143 [2]= 113 [3]=   0 [4]=   0 [5]=   0 [6]=   0 [7]=   0 [8]=   0 [9]=   0 [10]=   0 [11]=   0 
before (DPU 285) [0]= 153 [1]= 140 [2]= 144 [3]=   0 [4]=   0 [5]=   0 [6]=   0 [7]=   0 [8]=   0 [9]=   0 [10]=   0 [11]=   0 
after  (DPU 285) [0]= 153 [1]= 140 [2]= 144 [3]=   0 [4]=   0 [5]=   0 [6]=   0 [7]=   0 [8]=   0 [9]=   0 [10]=   0 [11]=   0 
before (DPU 286) [0]= 152 [1]= 138 [2]= 137 [3]=   0 [4]=   0 [5]=   0 [6]=   0 [7]=   0 [8]=   0 [9]=   0 [10]=   0 [11]=   0 
after  (DPU 286) [0]= 152 [1]= 138 [2]= 137 [3]=   0 [4]=   0 [5]=   0 [6]=   0 [7]=   0 [8]=   0 [9]=   0 [10]=   0 [11]=   0 
before (DPU 287) [0]= 139 [1]= 153 [2]= 128 [3]=   0 [4]=   0 [5]=   0 [6]=   0 [7]=   0 [8]=   0 [9]=   0 [10]=   0 [11]=   0 
after  (DPU 287) [0]= 139 [1]= 153 [2]= 128 [3]=   0 [4]=   0 [5]=   0 [6]=   0 [7]=   0 [8]=   0 [9]=   0 [10]=   0 [11]=   0 
before (DPU 288) [0]= 142 [1]= 146 [2]= 136 [3]=   0 [4]=   0 [5]=   0 [6]=   0 [7]=   0 [8]=   0 [9]=   0 [10]=   0 [11]=   0 
after  (DPU 288) [0]= 142 [1]= 146 [2]= 136 [3]=   0 [4]=   0 [5]=   0 [6]=   0 [7]=   0 [8]=   0 [9]=   0 [10]=   0 [11]=   0 
before (DPU 289) [0]= 141 [1]= 165 [2]= 119 [3]=   0 [4]=   0 [5]=   0 [6]=   0 [7]=   0 [8]=   0 [9]=   0 [10]=   0 [11]=   0 
after  (DPU 289) [0]= 141 [1]= 165 [2]= 119 [3]=   0 [4]=   0 [5]=   0 [6]=   0 [7]=   0 [8]=   0 [9]=   0 [10]=   0 [11]=   0 
before (DPU 290) [0]= 148 [1]= 126 [2]= 148 [3]=   0 [4]=   0 [5]=   0 [6]=   0 [7]=   0 [8]=   0 [9]=   0 [10]=   0 [11]=   0 
after  (DPU 290) [0]= 148 [1]= 126 [2]= 148 [3]=   0 [4]=   0 [5]=   0 [6]=   0 [7]=   0 [8]=   0 [9]=   0 [10]=   0 [11]=   0 
before (DPU 291) [0]= 169 [1]= 141 [2]= 148 [3]=   0 [4]=   0 [5]=   0 [6]=   0 [7]=   0 [8]=   0 [9]=   0 [10]=   0 [11]=   0 
after  (DPU 291) [0]= 169 [1]= 141 [2]= 148 [3]=   0 [4]=   0 [5]=   0 [6]=   0 [7]=   0 [8]=   0 [9]=   0 [10]=   0 [11]=   0 
before (DPU 292) [0]= 129 [1]= 145 [2]= 118 [3]=   0 [4]=   0 [5]=   0 [6]=   0 [7]=   0 [8]=   0 [9]=   0 [10]=   0 [11]=   0 
after  (DPU 292) [0]= 129 [1]= 145 [2]= 118 [3]=   0 [4]=   0 [5]=   0 [6]=   0 [7]=   0 [8]=   0 [9]=   0 [10]=   0 [11]=   0 
before (DPU 293) [0]= 126 [1]= 175 [2]= 125 [3]=   0 [4]=   0 [5]=   0 [6]=   0 [7]=   0 [8]=   0 [9]=   0 [10]=   0 [11]=   0 
after  (DPU 293) [0]= 126 [1]= 175 [2]= 125 [3]=   0 [4]=   0 [5]=   0 [6]=   0 [7]=   0 [8]=   0 [9]=   0 [10]=   0 [11]=   0 
before (DPU 294) [0]= 133 [1]= 157 [2]= 160 [3]=   0 [4]=   0 [5]=   0 [6]=   0 [7]=   0 [8]=   0 [9]=   0 [10]=   0 [11]=   0 
after  (DPU 294) [0]= 133 [1]= 157 [2]= 160 [3]=   0 [4]=   0 [5]=   0 [6]=   0 [7]=   0 [8]=   0 [9]=   0 [10]=   0 [11]=   0 
before (DPU 295) [0]= 145 [1]= 138 [2]= 138 [3]=   0 [4]=   0 [5]=   0 [6]=   0 [7]=   0 [8]=   0 [9]=   0 [10]=   0 [11]=   0 
after  (DPU 295) [0]= 145 [1]= 138 [2]= 138 [3]=   0 [4]=   0 [5]=   0 [6]=   0 [7]=   0 [8]=   0 [9]=   0 [10]=   0 [11]=   0 
before (DPU 296) [0]= 147 [1]= 139 [2]= 144 [3]=   0 [4]=   0 [5]=   0 [6]=   0 [7]=   0 [8]=   0 [9]=   0 [10]=   0 [11]=   0 
after  (DPU 296) [0]= 147 [1]= 139 [2]= 144 [3]=   0 [4]=   0 [5]=   0 [6]=   0 [7]=   0 [8]=   0 [9]=   0 [10]=   0 [11]=   0 
before (DPU 297) [0]= 133 [1]= 139 [2]= 117 [3]=   0 [4]=   0 [5]=   0 [6]=   0 [7]=   0 [8]=   0 [9]=   0 [10]=   0 [11]=   0 
after  (DPU 297) [0]= 133 [1]= 139 [2]= 117 [3]=   0 [4]=   0 [5]=   0 [6]=   0 [7]=   0 [8]=   0 [9]=   0 [10]=   0 [11]=   0 
before (DPU 298) [0]= 139 [1]= 133 [2]= 131 [3]=   0 [4]=   0 [5]=   0 [6]=   0 [7]=   0 [8]=   0 [9]=   0 [10]=   0 [11]=   0 
after  (DPU 298) [0]= 139 [1]= 133 [2]= 131 [3]=   0 [4]=   0 [5]=   0 [6]=   0 [7]=   0 [8]=   0 [9]=   0 [10]=   0 [11]=   0 
before (DPU 299) [0]= 136 [1]= 146 [2]= 135 [3]=   0 [4]=   0 [5]=   0 [6]=   0 [7]=   0 [8]=   0 [9]=   0 [10]=   0 [11]=   0 
after  (DPU 299) [0]= 136 [1]= 146 [2]= 135 [3]=   0 [4]=   0 [5]=   0 [6]=   0 [7]=   0 [8]=   0 [9]=   0 [10]=   0 [11]=   0 
before (DPU 300) [0]= 133 [1]= 145 [2]= 153 [3]=   0 [4]=   0 [5]=   0 [6]=   0 [7]=   0 [8]=   0 [9]=   0 [10]=   0 [11]=   0 
after  (DPU 300) [0]= 133 [1]= 145 [2]= 153 [3]=   0 [4]=   0 [5]=   0 [6]=   0 [7]=   0 [8]=   0 [9]=   0 [10]=   0 [11]=   0 
before (DPU 301) [0]= 141 [1]= 119 [2]= 140 [3]=   0 [4]=   0 [5]=   0 [6]=   0 [7]=   0 [8]=   0 [9]=   0 [10]=   0 [11]=   0 
after  (DPU 301) [0]= 141 [1]= 119 [2]= 140 [3]=   0 [4]=   0 [5]=   0 [6]=   0 [7]=   0 [8]=   0 [9]=   0 [10]=   0 [11]=   0 
before (DPU 302) [0]= 141 [1]= 146 [2]= 134 [3]=   0 [4]=   0 [5]=   0 [6]=   0 [7]=   0 [8]=   0 [9]=   0 [10]=   0 [11]=   0 
after  (DPU 302) [0]= 141 [1]= 146 [2]= 134 [3]=   0 [4]=   0 [5]=   0 [6]=   0 [7]=   0 [8]=   0 [9]=   0 [10]=   0 [11]=   0 
before (DPU 303) [0]= 119 [1]= 138 [2]= 136 [3]=   0 [4]=   0 [5]=   0 [6]=   0 [7]=   0 [8]=   0 [9]=   0 [10]=   0 [11]=   0 
after  (DPU 303) [0]= 119 [1]= 138 [2]= 136 [3]=   0 [4]=   0 [5]=   0 [6]=   0 [7]=   0 [8]=   0 [9]=   0 [10]=   0 [11]=   0 
before (DPU 304) [0]= 133 [1]= 155 [2]= 148 [3]=   0 [4]=   0 [5]=   0 [6]=   0 [7]=   0 [8]=   0 [9]=   0 [10]=   0 [11]=   0 
after  (DPU 304) [0]= 133 [1]= 155 [2]= 148 [3]=   0 [4]=   0 [5]=   0 [6]=   0 [7]=   0 [8]=   0 [9]=   0 [10]=   0 [11]=   0 
before (DPU 305) [0]= 144 [1]= 141 [2]= 120 [3]=   0 [4]=   0 [5]=   0 [6]=   0 [7]=   0 [8]=   0 [9]=   0 [10]=   0 [11]=   0 
after  (DPU 305) [0]= 144 [1]= 141 [2]= 120 [3]=   0 [4]=   0 [5]=   0 [6]=   0 [7]=   0 [8]=   0 [9]=   0 [10]=   0 [11]=   0 
before (DPU 306) [0]= 127 [1]= 136 [2]= 157 [3]=   0 [4]=   0 [5]=   0 [6]=   0 [7]=   0 [8]=   0 [9]=   0 [10]=   0 [11]=   0 
after  (DPU 306) [0]= 127 [1]= 136 [2]= 157 [3]=   0 [4]=   0 [5]=   0 [6]=   0 [7]=   0 [8]=   0 [9]=   0 [10]=   0 [11]=   0 
before (DPU 307) [0]= 131 [1]= 123 [2]= 127 [3]=   0 [4]=   0 [5]=   0 [6]=   0 [7]=   0 [8]=   0 [9]=   0 [10]=   0 [11]=   0 
after  (DPU 307) [0]= 131 [1]= 123 [2]= 127 [3]=   0 [4]=   0 [5]=   0 [6]=   0 [7]=   0 [8]=   0 [9]=   0 [10]=   0 [11]=   0 
before (DPU 308) [0]= 122 [1]= 137 [2]= 112 [3]=   0 [4]=   0 [5]=   0 [6]=   0 [7]=   0 [8]=   0 [9]=   0 [10]=   0 [11]=   0 
after  (DPU 308) [0]= 122 [1]= 137 [2]= 112 [3]=   0 [4]=   0 [5]=   0 [6]=   0 [7]=   0 [8]=   0 [9]=   0 [10]=   0 [11]=   0 
before (DPU 309) [0]= 115 [1]= 137 [2]= 133 [3]=   0 [4]=   0 [5]=   0 [6]=   0 [7]=   0 [8]=   0 [9]=   0 [10]=   0 [11]=   0 
after  (DPU 309) [0]= 115 [1]= 137 [2]= 133 [3]=   0 [4]=   0 [5]=   0 [6]=   0 [7]=   0 [8]=   0 [9]=   0 [10]=   0 [11]=   0 
before (DPU 310) [0]= 136 [1]= 140 [2]= 122 [3]=   0 [4]=   0 [5]=   0 [6]=   0 [7]=   0 [8]=   0 [9]=   0 [10]=   0 [11]=   0 
after  (DPU 310) [0]= 136 [1]= 140 [2]= 122 [3]=   0 [4]=   0 [5]=   0 [6]=   0 [7]=   0 [8]=   0 [9]=   0 [10]=   0 [11]=   0 
before (DPU 311) [0]= 120 [1]= 130 [2]= 133 [3]=   0 [4]=   0 [5]=   0 [6]=   0 [7]=   0 [8]=   0 [9]=   0 [10]=   0 [11]=   0 
after  (DPU 311) [0]= 120 [1]= 130 [2]= 133 [3]=   0 [4]=   0 [5]=   0 [6]=   0 [7]=   0 [8]=   0 [9]=   0 [10]=   0 [11]=   0 
before (DPU 312) [0]= 124 [1]= 135 [2]= 153 [3]=   0 [4]=   0 [5]=   0 [6]=   0 [7]=   0 [8]=   0 [9]=   0 [10]=   0 [11]=   0 
after  (DPU 312) [0]= 124 [1]= 135 [2]= 153 [3]=   0 [4]=   0 [5]=   0 [6]=   0 [7]=   0 [8]=   0 [9]=   0 [10]=   0 [11]=   0 
before (DPU 313) [0]= 130 [1]= 131 [2]= 116 [3]=   0 [4]=   0 [5]=   0 [6]=   0 [7]=   0 [8]=   0 [9]=   0 [10]=   0 [11]=   0 
after  (DPU 313) [0]= 130 [1]= 131 [2]= 116 [3]=   0 [4]=   0 [5]=   0 [6]=   0 [7]=   0 [8]=   0 [9]=   0 [10]=   0 [11]=   0 
before (DPU 314) [0]= 135 [1]= 128 [2]= 126 [3]=   0 [4]=   0 [5]=   0 [6]=   0 [7]=   0 [8]=   0 [9]=   0 [10]=   0 [11]=   0 
after  (DPU 314) [0]= 135 [1]= 128 [2]= 126 [3]=   0 [4]=   0 [5]=   0 [6]=   0 [7]=   0 [8]=   0 [9]=   0 [10]=   0 [11]=   0 
before (DPU 315) [0]= 138 [1]= 143 [2]= 141 [3]=   0 [4]=   0 [5]=   0 [6]=   0 [7]=   0 [8]=   0 [9]=   0 [10]=   0 [11]=   0 
after  (DPU 315) [0]= 138 [1]= 143 [2]= 141 [3]=   0 [4]=   0 [5]=   0 [6]=   0 [7]=   0 [8]=   0 [9]=   0 [10]=   0 [11]=   0 
before (DPU 316) [0]= 137 [1]= 132 [2]= 136 [3]=   0 [4]=   0 [5]=   0 [6]=   0 [7]=   0 [8]=   0 [9]=   0 [10]=   0 [11]=   0 
after  (DPU 316) [0]= 137 [1]= 132 [2]= 136 [3]=   0 [4]=   0 [5]=   0 [6]=   0 [7]=   0 [8]=   0 [9]=   0 [10]=   0 [11]=   0 
before (DPU 317) [0]= 130 [1]= 121 [2]= 127 [3]=   0 [4]=   0 [5]=   0 [6]=   0 [7]=   0 [8]=   0 [9]=   0 [10]=   0 [11]=   0 
after  (DPU 317) [0]= 130 [1]= 121 [2]= 127 [3]=   0 [4]=   0 [5]=   0 [6]=   0 [7]=   0 [8]=   0 [9]=   0 [10]=   0 [11]=   0 
before (DPU 318) [0]= 129 [1]= 120 [2]= 118 [3]=   0 [4]=   0 [5]=   0 [6]=   0 [7]=   0 [8]=   0 [9]=   0 [10]=   0 [11]=   0 
after  (DPU 318) [0]= 129 [1]= 120 [2]= 118 [3]=   0 [4]=   0 [5]=   0 [6]=   0 [7]=   0 [8]=   0 [9]=   0 [10]=   0 [11]=   0 
before (DPU 319) [0]= 115 [1]= 133 [2]= 126 [3]=   0 [4]=   0 [5]=   0 [6]=   0 [7]=   0 [8]=   0 [9]=   0 [10]=   0 [11]=   0 
after  (DPU 319) [0]= 115 [1]= 133 [2]= 126 [3]=   0 [4]=   0 [5]=   0 [6]=   0 [7]=   0 [8]=   0 [9]=   0 [10]=   0 [11]=   0 
before (DPU 320) [0]= 126 [1]= 117 [2]= 132 [3]=   0 [4]=   0 [5]=   0 [6]=   0 [7]=   0 [8]=   0 [9]=   0 [10]=   0 [11]=   0 
after  (DPU 320) [0]= 126 [1]= 117 [2]= 132 [3]=   0 [4]=   0 [5]=   0 [6]=   0 [7]=   0 [8]=   0 [9]=   0 [10]=   0 [11]=   0 
before (DPU 321) [0]= 140 [1]= 125 [2]= 129 [3]=   0 [4]=   0 [5]=   0 [6]=   0 [7]=   0 [8]=   0 [9]=   0 [10]=   0 [11]=   0 
after  (DPU 321) [0]= 140 [1]= 125 [2]= 129 [3]=   0 [4]=   0 [5]=   0 [6]=   0 [7]=   0 [8]=   0 [9]=   0 [10]=   0 [11]=   0 
before (DPU 322) [0]= 138 [1]= 133 [2]= 114 [3]=   0 [4]=   0 [5]=   0 [6]=   0 [7]=   0 [8]=   0 [9]=   0 [10]=   0 [11]=   0 
after  (DPU 322) [0]= 138 [1]= 133 [2]= 114 [3]=   0 [4]=   0 [5]=   0 [6]=   0 [7]=   0 [8]=   0 [9]=   0 [10]=   0 [11]=   0 
before (DPU 323) [0]= 121 [1]= 113 [2]= 137 [3]=   0 [4]=   0 [5]=   0 [6]=   0 [7]=   0 [8]=   0 [9]=   0 [10]=   0 [11]=   0 
after  (DPU 323) [0]= 121 [1]= 113 [2]= 137 [3]=   0 [4]=   0 [5]=   0 [6]=   0 [7]=   0 [8]=   0 [9]=   0 [10]=   0 [11]=   0 
before (DPU 324) [0]= 129 [1]= 144 [2]= 106 [3]=   0 [4]=   0 [5]=   0 [6]=   0 [7]=   0 [8]=   0 [9]=   0 [10]=   0 [11]=   0 
after  (DPU 324) [0]= 129 [1]= 144 [2]= 106 [3]=   0 [4]=   0 [5]=   0 [6]=   0 [7]=   0 [8]=   0 [9]=   0 [10]=   0 [11]=   0 
before (DPU 325) [0]= 147 [1]= 127 [2]= 118 [3]=   0 [4]=   0 [5]=   0 [6]=   0 [7]=   0 [8]=   0 [9]=   0 [10]=   0 [11]=   0 
after  (DPU 325) [0]= 147 [1]= 127 [2]= 118 [3]=   0 [4]=   0 [5]=   0 [6]=   0 [7]=   0 [8]=   0 [9]=   0 [10]=   0 [11]=   0 
before (DPU 326) [0]= 138 [1]= 136 [2]= 127 [3]=   0 [4]=   0 [5]=   0 [6]=   0 [7]=   0 [8]=   0 [9]=   0 [10]=   0 [11]=   0 
after  (DPU 326) [0]= 138 [1]= 136 [2]= 127 [3]=   0 [4]=   0 [5]=   0 [6]=   0 [7]=   0 [8]=   0 [9]=   0 [10]=   0 [11]=   0 
before (DPU 327) [0]= 122 [1]= 133 [2]= 113 [3]=   0 [4]=   0 [5]=   0 [6]=   0 [7]=   0 [8]=   0 [9]=   0 [10]=   0 [11]=   0 
after  (DPU 327) [0]= 122 [1]= 133 [2]= 113 [3]=   0 [4]=   0 [5]=   0 [6]=   0 [7]=   0 [8]=   0 [9]=   0 [10]=   0 [11]=   0 
before (DPU 328) [0]= 130 [1]= 128 [2]= 132 [3]=   0 [4]=   0 [5]=   0 [6]=   0 [7]=   0 [8]=   0 [9]=   0 [10]=   0 [11]=   0 
after  (DPU 328) [0]= 130 [1]= 128 [2]= 132 [3]=   0 [4]=   0 [5]=   0 [6]=   0 [7]=   0 [8]=   0 [9]=   0 [10]=   0 [11]=   0 
before (DPU 329) [0]= 140 [1]= 123 [2]= 120 [3]=   0 [4]=   0 [5]=   0 [6]=   0 [7]=   0 [8]=   0 [9]=   0 [10]=   0 [11]=   0 
after  (DPU 329) [0]= 140 [1]= 123 [2]= 120 [3]=   0 [4]=   0 [5]=   0 [6]=   0 [7]=   0 [8]=   0 [9]=   0 [10]=   0 [11]=   0 
before (DPU 330) [0]= 117 [1]= 127 [2]= 135 [3]=   0 [4]=   0 [5]=   0 [6]=   0 [7]=   0 [8]=   0 [9]=   0 [10]=   0 [11]=   0 
after  (DPU 330) [0]= 117 [1]= 127 [2]= 135 [3]=   0 [4]=   0 [5]=   0 [6]=   0 [7]=   0 [8]=   0 [9]=   0 [10]=   0 [11]=   0 
before (DPU 331) [0]= 136 [1]= 111 [2]= 134 [3]=   0 [4]=   0 [5]=   0 [6]=   0 [7]=   0 [8]=   0 [9]=   0 [10]=   0 [11]=   0 
after  (DPU 331) [0]= 136 [1]= 111 [2]= 134 [3]=   0 [4]=   0 [5]=   0 [6]=   0 [7]=   0 [8]=   0 [9]=   0 [10]=   0 [11]=   0 
before (DPU 332) [0]= 126 [1]= 102 [2]= 124 [3]=   0 [4]=   0 [5]=   0 [6]=   0 [7]=   0 [8]=   0 [9]=   0 [10]=   0 [11]=   0 
after  (DPU 332) [0]= 126 [1]= 102 [2]= 124 [3]=   0 [4]=   0 [5]=   0 [6]=   0 [7]=   0 [8]=   0 [9]=   0 [10]=   0 [11]=   0 
before (DPU 333) [0]= 122 [1]= 130 [2]= 136 [3]=   0 [4]=   0 [5]=   0 [6]=   0 [7]=   0 [8]=   0 [9]=   0 [10]=   0 [11]=   0 
after  (DPU 333) [0]= 122 [1]= 130 [2]= 136 [3]=   0 [4]=   0 [5]=   0 [6]=   0 [7]=   0 [8]=   0 [9]=   0 [10]=   0 [11]=   0 
before (DPU 334) [0]= 136 [1]= 114 [2]= 113 [3]=   0 [4]=   0 [5]=   0 [6]=   0 [7]=   0 [8]=   0 [9]=   0 [10]=   0 [11]=   0 
after  (DPU 334) [0]= 136 [1]= 114 [2]= 113 [3]=   0 [4]=   0 [5]=   0 [6]=   0 [7]=   0 [8]=   0 [9]=   0 [10]=   0 [11]=   0 
before (DPU 335) [0]= 129 [1]= 130 [2]= 130 [3]=   0 [4]=   0 [5]=   0 [6]=   0 [7]=   0 [8]=   0 [9]=   0 [10]=   0 [11]=   0 
after  (DPU 335) [0]= 129 [1]= 130 [2]= 130 [3]=   0 [4]=   0 [5]=   0 [6]=   0 [7]=   0 [8]=   0 [9]=   0 [10]=   0 [11]=   0 
before (DPU 336) [0]= 121 [1]= 108 [2]= 122 [3]=   0 [4]=   0 [5]=   0 [6]=   0 [7]=   0 [8]=   0 [9]=   0 [10]=   0 [11]=   0 
after  (DPU 336) [0]= 121 [1]= 108 [2]= 122 [3]=   0 [4]=   0 [5]=   0 [6]=   0 [7]=   0 [8]=   0 [9]=   0 [10]=   0 [11]=   0 
before (DPU 337) [0]= 116 [1]= 125 [2]= 124 [3]=   0 [4]=   0 [5]=   0 [6]=   0 [7]=   0 [8]=   0 [9]=   0 [10]=   0 [11]=   0 
after  (DPU 337) [0]= 116 [1]= 125 [2]= 124 [3]=   0 [4]=   0 [5]=   0 [6]=   0 [7]=   0 [8]=   0 [9]=   0 [10]=   0 [11]=   0 
before (DPU 338) [0]= 118 [1]= 109 [2]= 130 [3]=   0 [4]=   0 [5]=   0 [6]=   0 [7]=   0 [8]=   0 [9]=   0 [10]=   0 [11]=   0 
after  (DPU 338) [0]= 118 [1]= 109 [2]= 130 [3]=   0 [4]=   0 [5]=   0 [6]=   0 [7]=   0 [8]=   0 [9]=   0 [10]=   0 [11]=   0 
before (DPU 339) [0]= 116 [1]= 123 [2]= 142 [3]=   0 [4]=   0 [5]=   0 [6]=   0 [7]=   0 [8]=   0 [9]=   0 [10]=   0 [11]=   0 
after  (DPU 339) [0]= 116 [1]= 123 [2]= 142 [3]=   0 [4]=   0 [5]=   0 [6]=   0 [7]=   0 [8]=   0 [9]=   0 [10]=   0 [11]=   0 
before (DPU 340) [0]= 115 [1]= 125 [2]= 126 [3]=   0 [4]=   0 [5]=   0 [6]=   0 [7]=   0 [8]=   0 [9]=   0 [10]=   0 [11]=   0 
after  (DPU 340) [0]= 115 [1]= 125 [2]= 126 [3]=   0 [4]=   0 [5]=   0 [6]=   0 [7]=   0 [8]=   0 [9]=   0 [10]=   0 [11]=   0 
before (DPU 341) [0]= 113 [1]= 100 [2]= 121 [3]=   0 [4]=   0 [5]=   0 [6]=   0 [7]=   0 [8]=   0 [9]=   0 [10]=   0 [11]=   0 
after  (DPU 341) [0]= 113 [1]= 100 [2]= 121 [3]=   0 [4]=   0 [5]=   0 [6]=   0 [7]=   0 [8]=   0 [9]=   0 [10]=   0 [11]=   0 
before (DPU 342) [0]= 131 [1]= 108 [2]= 128 [3]=   0 [4]=   0 [5]=   0 [6]=   0 [7]=   0 [8]=   0 [9]=   0 [10]=   0 [11]=   0 
after  (DPU 342) [0]= 131 [1]= 108 [2]= 128 [3]=   0 [4]=   0 [5]=   0 [6]=   0 [7]=   0 [8]=   0 [9]=   0 [10]=   0 [11]=   0 
before (DPU 343) [0]= 118 [1]= 102 [2]= 120 [3]=   0 [4]=   0 [5]=   0 [6]=   0 [7]=   0 [8]=   0 [9]=   0 [10]=   0 [11]=   0 
after  (DPU 343) [0]= 118 [1]= 102 [2]= 120 [3]=   0 [4]=   0 [5]=   0 [6]=   0 [7]=   0 [8]=   0 [9]=   0 [10]=   0 [11]=   0 
before (DPU 344) [0]= 141 [1]= 129 [2]= 110 [3]=   0 [4]=   0 [5]=   0 [6]=   0 [7]=   0 [8]=   0 [9]=   0 [10]=   0 [11]=   0 
after  (DPU 344) [0]= 141 [1]= 129 [2]= 110 [3]=   0 [4]=   0 [5]=   0 [6]=   0 [7]=   0 [8]=   0 [9]=   0 [10]=   0 [11]=   0 
before (DPU 345) [0]= 133 [1]= 121 [2]= 108 [3]=   0 [4]=   0 [5]=   0 [6]=   0 [7]=   0 [8]=   0 [9]=   0 [10]=   0 [11]=   0 
after  (DPU 345) [0]= 133 [1]= 121 [2]= 108 [3]=   0 [4]=   0 [5]=   0 [6]=   0 [7]=   0 [8]=   0 [9]=   0 [10]=   0 [11]=   0 
before (DPU 346) [0]= 119 [1]= 132 [2]= 116 [3]=   0 [4]=   0 [5]=   0 [6]=   0 [7]=   0 [8]=   0 [9]=   0 [10]=   0 [11]=   0 
after  (DPU 346) [0]= 119 [1]= 132 [2]= 116 [3]=   0 [4]=   0 [5]=   0 [6]=   0 [7]=   0 [8]=   0 [9]=   0 [10]=   0 [11]=   0 
before (DPU 347) [0]=  97 [1]= 120 [2]= 102 [3]=   0 [4]=   0 [5]=   0 [6]=   0 [7]=   0 [8]=   0 [9]=   0 [10]=   0 [11]=   0 
after  (DPU 347) [0]=  97 [1]= 120 [2]= 102 [3]=   0 [4]=   0 [5]=   0 [6]=   0 [7]=   0 [8]=   0 [9]=   0 [10]=   0 [11]=   0 
before (DPU 348) [0]= 119 [1]= 108 [2]= 112 [3]=   0 [4]=   0 [5]=   0 [6]=   0 [7]=   0 [8]=   0 [9]=   0 [10]=   0 [11]=   0 
after  (DPU 348) [0]= 119 [1]= 108 [2]= 112 [3]=   0 [4]=   0 [5]=   0 [6]=   0 [7]=   0 [8]=   0 [9]=   0 [10]=   0 [11]=   0 
before (DPU 349) [0]= 121 [1]= 115 [2]= 121 [3]=   0 [4]=   0 [5]=   0 [6]=   0 [7]=   0 [8]=   0 [9]=   0 [10]=   0 [11]=   0 
after  (DPU 349) [0]= 121 [1]= 115 [2]= 121 [3]=   0 [4]=   0 [5]=   0 [6]=   0 [7]=   0 [8]=   0 [9]=   0 [10]=   0 [11]=   0 
before (DPU 350) [0]= 110 [1]= 114 [2]= 109 [3]=   0 [4]=   0 [5]=   0 [6]=   0 [7]=   0 [8]=   0 [9]=   0 [10]=   0 [11]=   0 
after  (DPU 350) [0]= 110 [1]= 114 [2]= 109 [3]=   0 [4]=   0 [5]=   0 [6]=   0 [7]=   0 [8]=   0 [9]=   0 [10]=   0 [11]=   0 
before (DPU 351) [0]= 116 [1]= 122 [2]= 140 [3]=   0 [4]=   0 [5]=   0 [6]=   0 [7]=   0 [8]=   0 [9]=   0 [10]=   0 [11]=   0 
after  (DPU 351) [0]= 116 [1]= 122 [2]= 140 [3]=   0 [4]=   0 [5]=   0 [6]=   0 [7]=   0 [8]=   0 [9]=   0 [10]=   0 [11]=   0 
before (DPU 352) [0]= 116 [1]= 127 [2]= 115 [3]=   0 [4]=   0 [5]=   0 [6]=   0 [7]=   0 [8]=   0 [9]=   0 [10]=   0 [11]=   0 
after  (DPU 352) [0]= 116 [1]= 127 [2]= 115 [3]=   0 [4]=   0 [5]=   0 [6]=   0 [7]=   0 [8]=   0 [9]=   0 [10]=   0 [11]=   0 
before (DPU 353) [0]= 113 [1]= 118 [2]= 119 [3]=   0 [4]=   0 [5]=   0 [6]=   0 [7]=   0 [8]=   0 [9]=   0 [10]=   0 [11]=   0 
after  (DPU 353) [0]= 113 [1]= 118 [2]= 119 [3]=   0 [4]=   0 [5]=   0 [6]=   0 [7]=   0 [8]=   0 [9]=   0 [10]=   0 [11]=   0 
before (DPU 354) [0]= 118 [1]= 109 [2]= 118 [3]=   0 [4]=   0 [5]=   0 [6]=   0 [7]=   0 [8]=   0 [9]=   0 [10]=   0 [11]=   0 
after  (DPU 354) [0]= 118 [1]= 109 [2]= 118 [3]=   0 [4]=   0 [5]=   0 [6]=   0 [7]=   0 [8]=   0 [9]=   0 [10]=   0 [11]=   0 
before (DPU 355) [0]= 113 [1]=  95 [2]= 129 [3]=   0 [4]=   0 [5]=   0 [6]=   0 [7]=   0 [8]=   0 [9]=   0 [10]=   0 [11]=   0 
after  (DPU 355) [0]= 113 [1]=  95 [2]= 129 [3]=   0 [4]=   0 [5]=   0 [6]=   0 [7]=   0 [8]=   0 [9]=   0 [10]=   0 [11]=   0 
before (DPU 356) [0]= 123 [1]= 122 [2]= 116 [3]=   0 [4]=   0 [5]=   0 [6]=   0 [7]=   0 [8]=   0 [9]=   0 [10]=   0 [11]=   0 
after  (DPU 356) [0]= 123 [1]= 122 [2]= 116 [3]=   0 [4]=   0 [5]=   0 [6]=   0 [7]=   0 [8]=   0 [9]=   0 [10]=   0 [11]=   0 
before (DPU 357) [0]= 115 [1]= 116 [2]= 126 [3]=   0 [4]=   0 [5]=   0 [6]=   0 [7]=   0 [8]=   0 [9]=   0 [10]=   0 [11]=   0 
after  (DPU 357) [0]= 115 [1]= 116 [2]= 126 [3]=   0 [4]=   0 [5]=   0 [6]=   0 [7]=   0 [8]=   0 [9]=   0 [10]=   0 [11]=   0 
before (DPU 358) [0]= 119 [1]= 104 [2]=  99 [3]=   0 [4]=   0 [5]=   0 [6]=   0 [7]=   0 [8]=   0 [9]=   0 [10]=   0 [11]=   0 
after  (DPU 358) [0]= 119 [1]= 104 [2]=  99 [3]=   0 [4]=   0 [5]=   0 [6]=   0 [7]=   0 [8]=   0 [9]=   0 [10]=   0 [11]=   0 
before (DPU 359) [0]= 105 [1]= 103 [2]= 109 [3]=   0 [4]=   0 [5]=   0 [6]=   0 [7]=   0 [8]=   0 [9]=   0 [10]=   0 [11]=   0 
after  (DPU 359) [0]= 105 [1]= 103 [2]= 109 [3]=   0 [4]=   0 [5]=   0 [6]=   0 [7]=   0 [8]=   0 [9]=   0 [10]=   0 [11]=   0 
before (DPU 360) [0]= 105 [1]= 112 [2]=  93 [3]=   0 [4]=   0 [5]=   0 [6]=   0 [7]=   0 [8]=   0 [9]=   0 [10]=   0 [11]=   0 
after  (DPU 360) [0]= 105 [1]= 112 [2]=  93 [3]=   0 [4]=   0 [5]=   0 [6]=   0 [7]=   0 [8]=   0 [9]=   0 [10]=   0 [11]=   0 
before (DPU 361) [0]= 124 [1]= 109 [2]= 107 [3]=   0 [4]=   0 [5]=   0 [6]=   0 [7]=   0 [8]=   0 [9]=   0 [10]=   0 [11]=   0 
after  (DPU 361) [0]= 124 [1]= 109 [2]= 107 [3]=   0 [4]=   0 [5]=   0 [6]=   0 [7]=   0 [8]=   0 [9]=   0 [10]=   0 [11]=   0 
before (DPU 362) [0]= 100 [1]=  97 [2]= 110 [3]=   0 [4]=   0 [5]=   0 [6]=   0 [7]=   0 [8]=   0 [9]=   0 [10]=   0 [11]=   0 
after  (DPU 362) [0]= 100 [1]=  97 [2]= 110 [3]=   0 [4]=   0 [5]=   0 [6]=   0 [7]=   0 [8]=   0 [9]=   0 [10]=   0 [11]=   0 
before (DPU 363) [0]= 115 [1]= 122 [2]= 126 [3]=   0 [4]=   0 [5]=   0 [6]=   0 [7]=   0 [8]=   0 [9]=   0 [10]=   0 [11]=   0 
after  (DPU 363) [0]= 115 [1]= 122 [2]= 126 [3]=   0 [4]=   0 [5]=   0 [6]=   0 [7]=   0 [8]=   0 [9]=   0 [10]=   0 [11]=   0 
before (DPU 364) [0]= 108 [1]=  98 [2]= 113 [3]=   0 [4]=   0 [5]=   0 [6]=   0 [7]=   0 [8]=   0 [9]=   0 [10]=   0 [11]=   0 
after  (DPU 364) [0]= 108 [1]=  98 [2]= 113 [3]=   0 [4]=   0 [5]=   0 [6]=   0 [7]=   0 [8]=   0 [9]=   0 [10]=   0 [11]=   0 
before (DPU 365) [0]= 131 [1]= 107 [2]= 131 [3]=   0 [4]=   0 [5]=   0 [6]=   0 [7]=   0 [8]=   0 [9]=   0 [10]=   0 [11]=   0 
after  (DPU 365) [0]= 131 [1]= 107 [2]= 131 [3]=   0 [4]=   0 [5]=   0 [6]=   0 [7]=   0 [8]=   0 [9]=   0 [10]=   0 [11]=   0 
before (DPU 366) [0]= 114 [1]=  88 [2]= 104 [3]=   0 [4]=   0 [5]=   0 [6]=   0 [7]=   0 [8]=   0 [9]=   0 [10]=   0 [11]=   0 
after  (DPU 366) [0]= 114 [1]=  88 [2]= 104 [3]=   0 [4]=   0 [5]=   0 [6]=   0 [7]=   0 [8]=   0 [9]=   0 [10]=   0 [11]=   0 
before (DPU 367) [0]= 102 [1]= 108 [2]= 103 [3]=   0 [4]=   0 [5]=   0 [6]=   0 [7]=   0 [8]=   0 [9]=   0 [10]=   0 [11]=   0 
after  (DPU 367) [0]= 102 [1]= 108 [2]= 103 [3]=   0 [4]=   0 [5]=   0 [6]=   0 [7]=   0 [8]=   0 [9]=   0 [10]=   0 [11]=   0 
before (DPU 368) [0]= 104 [1]= 110 [2]= 113 [3]=   0 [4]=   0 [5]=   0 [6]=   0 [7]=   0 [8]=   0 [9]=   0 [10]=   0 [11]=   0 
after  (DPU 368) [0]= 104 [1]= 110 [2]= 113 [3]=   0 [4]=   0 [5]=   0 [6]=   0 [7]=   0 [8]=   0 [9]=   0 [10]=   0 [11]=   0 
before (DPU 369) [0]= 100 [1]= 131 [2]= 133 [3]=   0 [4]=   0 [5]=   0 [6]=   0 [7]=   0 [8]=   0 [9]=   0 [10]=   0 [11]=   0 
after  (DPU 369) [0]= 100 [1]= 131 [2]= 133 [3]=   0 [4]=   0 [5]=   0 [6]=   0 [7]=   0 [8]=   0 [9]=   0 [10]=   0 [11]=   0 
before (DPU 370) [0]= 115 [1]= 121 [2]= 100 [3]=   0 [4]=   0 [5]=   0 [6]=   0 [7]=   0 [8]=   0 [9]=   0 [10]=   0 [11]=   0 
after  (DPU 370) [0]= 115 [1]= 121 [2]= 100 [3]=   0 [4]=   0 [5]=   0 [6]=   0 [7]=   0 [8]=   0 [9]=   0 [10]=   0 [11]=   0 
before (DPU 371) [0]= 107 [1]= 115 [2]= 117 [3]=   0 [4]=   0 [5]=   0 [6]=   0 [7]=   0 [8]=   0 [9]=   0 [10]=   0 [11]=   0 
after  (DPU 371) [0]= 107 [1]= 115 [2]= 117 [3]=   0 [4]=   0 [5]=   0 [6]=   0 [7]=   0 [8]=   0 [9]=   0 [10]=   0 [11]=   0 
before (DPU 372) [0]=  97 [1]=  94 [2]= 111 [3]=   0 [4]=   0 [5]=   0 [6]=   0 [7]=   0 [8]=   0 [9]=   0 [10]=   0 [11]=   0 
after  (DPU 372) [0]=  97 [1]=  94 [2]= 111 [3]=   0 [4]=   0 [5]=   0 [6]=   0 [7]=   0 [8]=   0 [9]=   0 [10]=   0 [11]=   0 
before (DPU 373) [0]= 110 [1]= 104 [2]=  99 [3]=   0 [4]=   0 [5]=   0 [6]=   0 [7]=   0 [8]=   0 [9]=   0 [10]=   0 [11]=   0 
after  (DPU 373) [0]= 110 [1]= 104 [2]=  99 [3]=   0 [4]=   0 [5]=   0 [6]=   0 [7]=   0 [8]=   0 [9]=   0 [10]=   0 [11]=   0 
before (DPU 374) [0]= 113 [1]= 122 [2]= 111 [3]=   0 [4]=   0 [5]=   0 [6]=   0 [7]=   0 [8]=   0 [9]=   0 [10]=   0 [11]=   0 
after  (DPU 374) [0]= 113 [1]= 122 [2]= 111 [3]=   0 [4]=   0 [5]=   0 [6]=   0 [7]=   0 [8]=   0 [9]=   0 [10]=   0 [11]=   0 
before (DPU 375) [0]= 110 [1]= 122 [2]= 128 [3]=   0 [4]=   0 [5]=   0 [6]=   0 [7]=   0 [8]=   0 [9]=   0 [10]=   0 [11]=   0 
after  (DPU 375) [0]= 110 [1]= 122 [2]= 128 [3]=   0 [4]=   0 [5]=   0 [6]=   0 [7]=   0 [8]=   0 [9]=   0 [10]=   0 [11]=   0 
before (DPU 376) [0]= 104 [1]= 119 [2]= 133 [3]=   0 [4]=   0 [5]=   0 [6]=   0 [7]=   0 [8]=   0 [9]=   0 [10]=   0 [11]=   0 
after  (DPU 376) [0]= 104 [1]= 119 [2]= 133 [3]=   0 [4]=   0 [5]=   0 [6]=   0 [7]=   0 [8]=   0 [9]=   0 [10]=   0 [11]=   0 
before (DPU 377) [0]=  91 [1]= 114 [2]= 104 [3]=   0 [4]=   0 [5]=   0 [6]=   0 [7]=   0 [8]=   0 [9]=   0 [10]=   0 [11]=   0 
after  (DPU 377) [0]=  91 [1]= 114 [2]= 104 [3]=   0 [4]=   0 [5]=   0 [6]=   0 [7]=   0 [8]=   0 [9]=   0 [10]=   0 [11]=   0 
before (DPU 378) [0]= 100 [1]= 121 [2]= 117 [3]=   0 [4]=   0 [5]=   0 [6]=   0 [7]=   0 [8]=   0 [9]=   0 [10]=   0 [11]=   0 
after  (DPU 378) [0]= 100 [1]= 121 [2]= 117 [3]=   0 [4]=   0 [5]=   0 [6]=   0 [7]=   0 [8]=   0 [9]=   0 [10]=   0 [11]=   0 
before (DPU 379) [0]=  85 [1]=  93 [2]= 105 [3]=   0 [4]=   0 [5]=   0 [6]=   0 [7]=   0 [8]=   0 [9]=   0 [10]=   0 [11]=   0 
after  (DPU 379) [0]=  85 [1]=  93 [2]= 105 [3]=   0 [4]=   0 [5]=   0 [6]=   0 [7]=   0 [8]=   0 [9]=   0 [10]=   0 [11]=   0 
before (DPU 380) [0]= 119 [1]= 117 [2]= 113 [3]=   0 [4]=   0 [5]=   0 [6]=   0 [7]=   0 [8]=   0 [9]=   0 [10]=   0 [11]=   0 
after  (DPU 380) [0]= 119 [1]= 117 [2]= 113 [3]=   0 [4]=   0 [5]=   0 [6]=   0 [7]=   0 [8]=   0 [9]=   0 [10]=   0 [11]=   0 
before (DPU 381) [0]= 116 [1]= 104 [2]= 110 [3]=   0 [4]=   0 [5]=   0 [6]=   0 [7]=   0 [8]=   0 [9]=   0 [10]=   0 [11]=   0 
after  (DPU 381) [0]= 116 [1]= 104 [2]= 110 [3]=   0 [4]=   0 [5]=   0 [6]=   0 [7]=   0 [8]=   0 [9]=   0 [10]=   0 [11]=   0 
before (DPU 382) [0]= 100 [1]= 120 [2]= 111 [3]=   0 [4]=   0 [5]=   0 [6]=   0 [7]=   0 [8]=   0 [9]=   0 [10]=   0 [11]=   0 
after  (DPU 382) [0]= 100 [1]= 120 [2]= 111 [3]=   0 [4]=   0 [5]=   0 [6]=   0 [7]=   0 [8]=   0 [9]=   0 [10]=   0 [11]=   0 
before (DPU 383) [0]= 111 [1]= 102 [2]= 104 [3]=   0 [4]=   0 [5]=   0 [6]=   0 [7]=   0 [8]=   0 [9]=   0 [10]=   0 [11]=   0 
after  (DPU 383) [0]= 111 [1]= 102 [2]= 104 [3]=   0 [4]=   0 [5]=   0 [6]=   0 [7]=   0 [8]=   0 [9]=   0 [10]=   0 [11]=   0 
before (DPU 384) [0]= 113 [1]= 106 [2]=  95 [3]=   0 [4]=   0 [5]=   0 [6]=   0 [7]=   0 [8]=   0 [9]=   0 [10]=   0 [11]=   0 
after  (DPU 384) [0]= 113 [1]= 106 [2]=  95 [3]=   0 [4]=   0 [5]=   0 [6]=   0 [7]=   0 [8]=   0 [9]=   0 [10]=   0 [11]=   0 
before (DPU 385) [0]= 109 [1]= 117 [2]= 104 [3]=   0 [4]=   0 [5]=   0 [6]=   0 [7]=   0 [8]=   0 [9]=   0 [10]=   0 [11]=   0 
after  (DPU 385) [0]= 109 [1]= 117 [2]= 104 [3]=   0 [4]=   0 [5]=   0 [6]=   0 [7]=   0 [8]=   0 [9]=   0 [10]=   0 [11]=   0 
before (DPU 386) [0]=  86 [1]=  92 [2]=  96 [3]=   0 [4]=   0 [5]=   0 [6]=   0 [7]=   0 [8]=   0 [9]=   0 [10]=   0 [11]=   0 
after  (DPU 386) [0]=  86 [1]=  92 [2]=  96 [3]=   0 [4]=   0 [5]=   0 [6]=   0 [7]=   0 [8]=   0 [9]=   0 [10]=   0 [11]=   0 
before (DPU 387) [0]= 107 [1]= 106 [2]= 102 [3]=   0 [4]=   0 [5]=   0 [6]=   0 [7]=   0 [8]=   0 [9]=   0 [10]=   0 [11]=   0 
after  (DPU 387) [0]= 107 [1]= 106 [2]= 102 [3]=   0 [4]=   0 [5]=   0 [6]=   0 [7]=   0 [8]=   0 [9]=   0 [10]=   0 [11]=   0 
before (DPU 388) [0]= 104 [1]=  95 [2]=  96 [3]=   0 [4]=   0 [5]=   0 [6]=   0 [7]=   0 [8]=   0 [9]=   0 [10]=   0 [11]=   0 
after  (DPU 388) [0]= 104 [1]=  95 [2]=  96 [3]=   0 [4]=   0 [5]=   0 [6]=   0 [7]=   0 [8]=   0 [9]=   0 [10]=   0 [11]=   0 
before (DPU 389) [0]=  96 [1]= 113 [2]= 102 [3]=   0 [4]=   0 [5]=   0 [6]=   0 [7]=   0 [8]=   0 [9]=   0 [10]=   0 [11]=   0 
after  (DPU 389) [0]=  96 [1]= 113 [2]= 102 [3]=   0 [4]=   0 [5]=   0 [6]=   0 [7]=   0 [8]=   0 [9]=   0 [10]=   0 [11]=   0 
before (DPU 390) [0]=  99 [1]= 104 [2]= 104 [3]=   0 [4]=   0 [5]=   0 [6]=   0 [7]=   0 [8]=   0 [9]=   0 [10]=   0 [11]=   0 
after  (DPU 390) [0]=  99 [1]= 104 [2]= 104 [3]=   0 [4]=   0 [5]=   0 [6]=   0 [7]=   0 [8]=   0 [9]=   0 [10]=   0 [11]=   0 
before (DPU 391) [0]= 110 [1]= 121 [2]= 110 [3]=   0 [4]=   0 [5]=   0 [6]=   0 [7]=   0 [8]=   0 [9]=   0 [10]=   0 [11]=   0 
after  (DPU 391) [0]= 110 [1]= 121 [2]= 110 [3]=   0 [4]=   0 [5]=   0 [6]=   0 [7]=   0 [8]=   0 [9]=   0 [10]=   0 [11]=   0 
before (DPU 392) [0]= 101 [1]= 109 [2]= 113 [3]=   0 [4]=   0 [5]=   0 [6]=   0 [7]=   0 [8]=   0 [9]=   0 [10]=   0 [11]=   0 
after  (DPU 392) [0]= 101 [1]= 109 [2]= 113 [3]=   0 [4]=   0 [5]=   0 [6]=   0 [7]=   0 [8]=   0 [9]=   0 [10]=   0 [11]=   0 
before (DPU 393) [0]=  88 [1]=  90 [2]=  99 [3]=   0 [4]=   0 [5]=   0 [6]=   0 [7]=   0 [8]=   0 [9]=   0 [10]=   0 [11]=   0 
after  (DPU 393) [0]=  88 [1]=  90 [2]=  99 [3]=   0 [4]=   0 [5]=   0 [6]=   0 [7]=   0 [8]=   0 [9]=   0 [10]=   0 [11]=   0 
before (DPU 394) [0]=  99 [1]= 113 [2]= 103 [3]=   0 [4]=   0 [5]=   0 [6]=   0 [7]=   0 [8]=   0 [9]=   0 [10]=   0 [11]=   0 
after  (DPU 394) [0]=  99 [1]= 113 [2]= 103 [3]=   0 [4]=   0 [5]=   0 [6]=   0 [7]=   0 [8]=   0 [9]=   0 [10]=   0 [11]=   0 
before (DPU 395) [0]= 101 [1]= 100 [2]=  98 [3]=   0 [4]=   0 [5]=   0 [6]=   0 [7]=   0 [8]=   0 [9]=   0 [10]=   0 [11]=   0 
after  (DPU 395) [0]= 101 [1]= 100 [2]=  98 [3]=   0 [4]=   0 [5]=   0 [6]=   0 [7]=   0 [8]=   0 [9]=   0 [10]=   0 [11]=   0 
before (DPU 396) [0]= 101 [1]= 108 [2]=  97 [3]=   0 [4]=   0 [5]=   0 [6]=   0 [7]=   0 [8]=   0 [9]=   0 [10]=   0 [11]=   0 
after  (DPU 396) [0]= 101 [1]= 108 [2]=  97 [3]=   0 [4]=   0 [5]=   0 [6]=   0 [7]=   0 [8]=   0 [9]=   0 [10]=   0 [11]=   0 
before (DPU 397) [0]=  86 [1]=  89 [2]= 111 [3]=   0 [4]=   0 [5]=   0 [6]=   0 [7]=   0 [8]=   0 [9]=   0 [10]=   0 [11]=   0 
after  (DPU 397) [0]=  86 [1]=  89 [2]= 111 [3]=   0 [4]=   0 [5]=   0 [6]=   0 [7]=   0 [8]=   0 [9]=   0 [10]=   0 [11]=   0 
before (DPU 398) [0]= 108 [1]= 111 [2]=  93 [3]=   0 [4]=   0 [5]=   0 [6]=   0 [7]=   0 [8]=   0 [9]=   0 [10]=   0 [11]=   0 
after  (DPU 398) [0]= 108 [1]= 111 [2]=  93 [3]=   0 [4]=   0 [5]=   0 [6]=   0 [7]=   0 [8]=   0 [9]=   0 [10]=   0 [11]=   0 
before (DPU 399) [0]= 105 [1]= 110 [2]= 101 [3]=   0 [4]=   0 [5]=   0 [6]=   0 [7]=   0 [8]=   0 [9]=   0 [10]=   0 [11]=   0 
after  (DPU 399) [0]= 105 [1]= 110 [2]= 101 [3]=   0 [4]=   0 [5]=   0 [6]=   0 [7]=   0 [8]=   0 [9]=   0 [10]=   0 [11]=   0 
before (DPU 400) [0]=  91 [1]= 113 [2]=  91 [3]=   0 [4]=   0 [5]=   0 [6]=   0 [7]=   0 [8]=   0 [9]=   0 [10]=   0 [11]=   0 
after  (DPU 400) [0]=  91 [1]= 113 [2]=  91 [3]=   0 [4]=   0 [5]=   0 [6]=   0 [7]=   0 [8]=   0 [9]=   0 [10]=   0 [11]=   0 
before (DPU 401) [0]=  99 [1]= 106 [2]= 100 [3]=   0 [4]=   0 [5]=   0 [6]=   0 [7]=   0 [8]=   0 [9]=   0 [10]=   0 [11]=   0 
after  (DPU 401) [0]=  99 [1]= 106 [2]= 100 [3]=   0 [4]=   0 [5]=   0 [6]=   0 [7]=   0 [8]=   0 [9]=   0 [10]=   0 [11]=   0 
before (DPU 402) [0]=  89 [1]=  89 [2]= 122 [3]=   0 [4]=   0 [5]=   0 [6]=   0 [7]=   0 [8]=   0 [9]=   0 [10]=   0 [11]=   0 
after  (DPU 402) [0]=  89 [1]=  89 [2]= 122 [3]=   0 [4]=   0 [5]=   0 [6]=   0 [7]=   0 [8]=   0 [9]=   0 [10]=   0 [11]=   0 
before (DPU 403) [0]=  91 [1]= 115 [2]=  92 [3]=   0 [4]=   0 [5]=   0 [6]=   0 [7]=   0 [8]=   0 [9]=   0 [10]=   0 [11]=   0 
after  (DPU 403) [0]=  91 [1]= 115 [2]=  92 [3]=   0 [4]=   0 [5]=   0 [6]=   0 [7]=   0 [8]=   0 [9]=   0 [10]=   0 [11]=   0 
before (DPU 404) [0]=  93 [1]= 108 [2]= 105 [3]=   0 [4]=   0 [5]=   0 [6]=   0 [7]=   0 [8]=   0 [9]=   0 [10]=   0 [11]=   0 
after  (DPU 404) [0]=  93 [1]= 108 [2]= 105 [3]=   0 [4]=   0 [5]=   0 [6]=   0 [7]=   0 [8]=   0 [9]=   0 [10]=   0 [11]=   0 
before (DPU 405) [0]=  94 [1]=  95 [2]=  91 [3]=   0 [4]=   0 [5]=   0 [6]=   0 [7]=   0 [8]=   0 [9]=   0 [10]=   0 [11]=   0 
after  (DPU 405) [0]=  94 [1]=  95 [2]=  91 [3]=   0 [4]=   0 [5]=   0 [6]=   0 [7]=   0 [8]=   0 [9]=   0 [10]=   0 [11]=   0 
before (DPU 406) [0]=  91 [1]= 105 [2]=  88 [3]=   0 [4]=   0 [5]=   0 [6]=   0 [7]=   0 [8]=   0 [9]=   0 [10]=   0 [11]=   0 
after  (DPU 406) [0]=  91 [1]= 105 [2]=  88 [3]=   0 [4]=   0 [5]=   0 [6]=   0 [7]=   0 [8]=   0 [9]=   0 [10]=   0 [11]=   0 
before (DPU 407) [0]=  92 [1]= 100 [2]=  92 [3]=   0 [4]=   0 [5]=   0 [6]=   0 [7]=   0 [8]=   0 [9]=   0 [10]=   0 [11]=   0 
after  (DPU 407) [0]=  92 [1]= 100 [2]=  92 [3]=   0 [4]=   0 [5]=   0 [6]=   0 [7]=   0 [8]=   0 [9]=   0 [10]=   0 [11]=   0 
before (DPU 408) [0]= 107 [1]= 106 [2]= 111 [3]=   0 [4]=   0 [5]=   0 [6]=   0 [7]=   0 [8]=   0 [9]=   0 [10]=   0 [11]=   0 
after  (DPU 408) [0]= 107 [1]= 106 [2]= 111 [3]=   0 [4]=   0 [5]=   0 [6]=   0 [7]=   0 [8]=   0 [9]=   0 [10]=   0 [11]=   0 
before (DPU 409) [0]= 100 [1]=  98 [2]=  97 [3]=   0 [4]=   0 [5]=   0 [6]=   0 [7]=   0 [8]=   0 [9]=   0 [10]=   0 [11]=   0 
after  (DPU 409) [0]= 100 [1]=  98 [2]=  97 [3]=   0 [4]=   0 [5]=   0 [6]=   0 [7]=   0 [8]=   0 [9]=   0 [10]=   0 [11]=   0 
before (DPU 410) [0]= 105 [1]= 105 [2]=  89 [3]=   0 [4]=   0 [5]=   0 [6]=   0 [7]=   0 [8]=   0 [9]=   0 [10]=   0 [11]=   0 
after  (DPU 410) [0]= 105 [1]= 105 [2]=  89 [3]=   0 [4]=   0 [5]=   0 [6]=   0 [7]=   0 [8]=   0 [9]=   0 [10]=   0 [11]=   0 
before (DPU 411) [0]=  98 [1]=  80 [2]=  86 [3]=   0 [4]=   0 [5]=   0 [6]=   0 [7]=   0 [8]=   0 [9]=   0 [10]=   0 [11]=   0 
after  (DPU 411) [0]=  98 [1]=  80 [2]=  86 [3]=   0 [4]=   0 [5]=   0 [6]=   0 [7]=   0 [8]=   0 [9]=   0 [10]=   0 [11]=   0 
before (DPU 412) [0]=  84 [1]= 113 [2]= 111 [3]=   0 [4]=   0 [5]=   0 [6]=   0 [7]=   0 [8]=   0 [9]=   0 [10]=   0 [11]=   0 
after  (DPU 412) [0]=  84 [1]= 113 [2]= 111 [3]=   0 [4]=   0 [5]=   0 [6]=   0 [7]=   0 [8]=   0 [9]=   0 [10]=   0 [11]=   0 
before (DPU 413) [0]=  79 [1]=  95 [2]= 113 [3]=   0 [4]=   0 [5]=   0 [6]=   0 [7]=   0 [8]=   0 [9]=   0 [10]=   0 [11]=   0 
after  (DPU 413) [0]=  79 [1]=  95 [2]= 113 [3]=   0 [4]=   0 [5]=   0 [6]=   0 [7]=   0 [8]=   0 [9]=   0 [10]=   0 [11]=   0 
before (DPU 414) [0]=  90 [1]= 113 [2]= 105 [3]=   0 [4]=   0 [5]=   0 [6]=   0 [7]=   0 [8]=   0 [9]=   0 [10]=   0 [11]=   0 
after  (DPU 414) [0]=  90 [1]= 113 [2]= 105 [3]=   0 [4]=   0 [5]=   0 [6]=   0 [7]=   0 [8]=   0 [9]=   0 [10]=   0 [11]=   0 
before (DPU 415) [0]= 102 [1]=  90 [2]=  82 [3]=   0 [4]=   0 [5]=   0 [6]=   0 [7]=   0 [8]=   0 [9]=   0 [10]=   0 [11]=   0 
after  (DPU 415) [0]= 102 [1]=  90 [2]=  82 [3]=   0 [4]=   0 [5]=   0 [6]=   0 [7]=   0 [8]=   0 [9]=   0 [10]=   0 [11]=   0 
before (DPU 416) [0]=  83 [1]=  98 [2]=  94 [3]=   0 [4]=   0 [5]=   0 [6]=   0 [7]=   0 [8]=   0 [9]=   0 [10]=   0 [11]=   0 
after  (DPU 416) [0]=  83 [1]=  98 [2]=  94 [3]=   0 [4]=   0 [5]=   0 [6]=   0 [7]=   0 [8]=   0 [9]=   0 [10]=   0 [11]=   0 
before (DPU 417) [0]= 103 [1]= 105 [2]=  85 [3]=   0 [4]=   0 [5]=   0 [6]=   0 [7]=   0 [8]=   0 [9]=   0 [10]=   0 [11]=   0 
after  (DPU 417) [0]= 103 [1]= 105 [2]=  85 [3]=   0 [4]=   0 [5]=   0 [6]=   0 [7]=   0 [8]=   0 [9]=   0 [10]=   0 [11]=   0 
before (DPU 418) [0]=  85 [1]=  95 [2]= 108 [3]=   0 [4]=   0 [5]=   0 [6]=   0 [7]=   0 [8]=   0 [9]=   0 [10]=   0 [11]=   0 
after  (DPU 418) [0]=  85 [1]=  95 [2]= 108 [3]=   0 [4]=   0 [5]=   0 [6]=   0 [7]=   0 [8]=   0 [9]=   0 [10]=   0 [11]=   0 
before (DPU 419) [0]= 112 [1]=  98 [2]= 106 [3]=   0 [4]=   0 [5]=   0 [6]=   0 [7]=   0 [8]=   0 [9]=   0 [10]=   0 [11]=   0 
after  (DPU 419) [0]= 112 [1]=  98 [2]= 106 [3]=   0 [4]=   0 [5]=   0 [6]=   0 [7]=   0 [8]=   0 [9]=   0 [10]=   0 [11]=   0 
before (DPU 420) [0]= 104 [1]=  90 [2]=  93 [3]=   0 [4]=   0 [5]=   0 [6]=   0 [7]=   0 [8]=   0 [9]=   0 [10]=   0 [11]=   0 
after  (DPU 420) [0]= 104 [1]=  90 [2]=  93 [3]=   0 [4]=   0 [5]=   0 [6]=   0 [7]=   0 [8]=   0 [9]=   0 [10]=   0 [11]=   0 
before (DPU 421) [0]=  92 [1]= 114 [2]= 109 [3]=   0 [4]=   0 [5]=   0 [6]=   0 [7]=   0 [8]=   0 [9]=   0 [10]=   0 [11]=   0 
after  (DPU 421) [0]=  92 [1]= 114 [2]= 109 [3]=   0 [4]=   0 [5]=   0 [6]=   0 [7]=   0 [8]=   0 [9]=   0 [10]=   0 [11]=   0 
before (DPU 422) [0]=  89 [1]=  90 [2]=  99 [3]=   0 [4]=   0 [5]=   0 [6]=   0 [7]=   0 [8]=   0 [9]=   0 [10]=   0 [11]=   0 
after  (DPU 422) [0]=  89 [1]=  90 [2]=  99 [3]=   0 [4]=   0 [5]=   0 [6]=   0 [7]=   0 [8]=   0 [9]=   0 [10]=   0 [11]=   0 
before (DPU 423) [0]= 109 [1]=  77 [2]= 121 [3]=   0 [4]=   0 [5]=   0 [6]=   0 [7]=   0 [8]=   0 [9]=   0 [10]=   0 [11]=   0 
after  (DPU 423) [0]= 109 [1]=  77 [2]= 121 [3]=   0 [4]=   0 [5]=   0 [6]=   0 [7]=   0 [8]=   0 [9]=   0 [10]=   0 [11]=   0 
before (DPU 424) [0]=  88 [1]= 105 [2]=  88 [3]=   0 [4]=   0 [5]=   0 [6]=   0 [7]=   0 [8]=   0 [9]=   0 [10]=   0 [11]=   0 
after  (DPU 424) [0]=  88 [1]= 105 [2]=  88 [3]=   0 [4]=   0 [5]=   0 [6]=   0 [7]=   0 [8]=   0 [9]=   0 [10]=   0 [11]=   0 
before (DPU 425) [0]=  86 [1]= 104 [2]=  94 [3]=   0 [4]=   0 [5]=   0 [6]=   0 [7]=   0 [8]=   0 [9]=   0 [10]=   0 [11]=   0 
after  (DPU 425) [0]=  86 [1]= 104 [2]=  94 [3]=   0 [4]=   0 [5]=   0 [6]=   0 [7]=   0 [8]=   0 [9]=   0 [10]=   0 [11]=   0 
before (DPU 426) [0]=  89 [1]=  94 [2]=  86 [3]=   0 [4]=   0 [5]=   0 [6]=   0 [7]=   0 [8]=   0 [9]=   0 [10]=   0 [11]=   0 
after  (DPU 426) [0]=  89 [1]=  94 [2]=  86 [3]=   0 [4]=   0 [5]=   0 [6]=   0 [7]=   0 [8]=   0 [9]=   0 [10]=   0 [11]=   0 
before (DPU 427) [0]= 103 [1]=  80 [2]=  94 [3]=   0 [4]=   0 [5]=   0 [6]=   0 [7]=   0 [8]=   0 [9]=   0 [10]=   0 [11]=   0 
after  (DPU 427) [0]= 103 [1]=  80 [2]=  94 [3]=   0 [4]=   0 [5]=   0 [6]=   0 [7]=   0 [8]=   0 [9]=   0 [10]=   0 [11]=   0 
before (DPU 428) [0]=  96 [1]=  91 [2]= 104 [3]=   0 [4]=   0 [5]=   0 [6]=   0 [7]=   0 [8]=   0 [9]=   0 [10]=   0 [11]=   0 
after  (DPU 428) [0]=  96 [1]=  91 [2]= 104 [3]=   0 [4]=   0 [5]=   0 [6]=   0 [7]=   0 [8]=   0 [9]=   0 [10]=   0 [11]=   0 
before (DPU 429) [0]=  89 [1]=  91 [2]= 105 [3]=   0 [4]=   0 [5]=   0 [6]=   0 [7]=   0 [8]=   0 [9]=   0 [10]=   0 [11]=   0 
after  (DPU 429) [0]=  89 [1]=  91 [2]= 105 [3]=   0 [4]=   0 [5]=   0 [6]=   0 [7]=   0 [8]=   0 [9]=   0 [10]=   0 [11]=   0 
before (DPU 430) [0]= 103 [1]=  81 [2]=  89 [3]=   0 [4]=   0 [5]=   0 [6]=   0 [7]=   0 [8]=   0 [9]=   0 [10]=   0 [11]=   0 
after  (DPU 430) [0]= 103 [1]=  81 [2]=  89 [3]=   0 [4]=   0 [5]=   0 [6]=   0 [7]=   0 [8]=   0 [9]=   0 [10]=   0 [11]=   0 
before (DPU 431) [0]=  77 [1]=  95 [2]=  99 [3]=   0 [4]=   0 [5]=   0 [6]=   0 [7]=   0 [8]=   0 [9]=   0 [10]=   0 [11]=   0 
after  (DPU 431) [0]=  77 [1]=  95 [2]=  99 [3]=   0 [4]=   0 [5]=   0 [6]=   0 [7]=   0 [8]=   0 [9]=   0 [10]=   0 [11]=   0 
before (DPU 432) [0]=  98 [1]= 100 [2]= 103 [3]=   0 [4]=   0 [5]=   0 [6]=   0 [7]=   0 [8]=   0 [9]=   0 [10]=   0 [11]=   0 
after  (DPU 432) [0]=  98 [1]= 100 [2]= 103 [3]=   0 [4]=   0 [5]=   0 [6]=   0 [7]=   0 [8]=   0 [9]=   0 [10]=   0 [11]=   0 
before (DPU 433) [0]= 114 [1]=  98 [2]= 106 [3]=   0 [4]=   0 [5]=   0 [6]=   0 [7]=   0 [8]=   0 [9]=   0 [10]=   0 [11]=   0 
after  (DPU 433) [0]= 114 [1]=  98 [2]= 106 [3]=   0 [4]=   0 [5]=   0 [6]=   0 [7]=   0 [8]=   0 [9]=   0 [10]=   0 [11]=   0 
before (DPU 434) [0]=  95 [1]= 105 [2]= 118 [3]=   0 [4]=   0 [5]=   0 [6]=   0 [7]=   0 [8]=   0 [9]=   0 [10]=   0 [11]=   0 
after  (DPU 434) [0]=  95 [1]= 105 [2]= 118 [3]=   0 [4]=   0 [5]=   0 [6]=   0 [7]=   0 [8]=   0 [9]=   0 [10]=   0 [11]=   0 
before (DPU 435) [0]=  92 [1]=  96 [2]=  72 [3]=   0 [4]=   0 [5]=   0 [6]=   0 [7]=   0 [8]=   0 [9]=   0 [10]=   0 [11]=   0 
after  (DPU 435) [0]=  92 [1]=  96 [2]=  72 [3]=   0 [4]=   0 [5]=   0 [6]=   0 [7]=   0 [8]=   0 [9]=   0 [10]=   0 [11]=   0 
before (DPU 436) [0]=  97 [1]= 101 [2]=  84 [3]=   0 [4]=   0 [5]=   0 [6]=   0 [7]=   0 [8]=   0 [9]=   0 [10]=   0 [11]=   0 
after  (DPU 436) [0]=  97 [1]= 101 [2]=  84 [3]=   0 [4]=   0 [5]=   0 [6]=   0 [7]=   0 [8]=   0 [9]=   0 [10]=   0 [11]=   0 
before (DPU 437) [0]=  90 [1]=  94 [2]= 100 [3]=   0 [4]=   0 [5]=   0 [6]=   0 [7]=   0 [8]=   0 [9]=   0 [10]=   0 [11]=   0 
after  (DPU 437) [0]=  90 [1]=  94 [2]= 100 [3]=   0 [4]=   0 [5]=   0 [6]=   0 [7]=   0 [8]=   0 [9]=   0 [10]=   0 [11]=   0 
before (DPU 438) [0]=  82 [1]=  89 [2]=  94 [3]=   0 [4]=   0 [5]=   0 [6]=   0 [7]=   0 [8]=   0 [9]=   0 [10]=   0 [11]=   0 
after  (DPU 438) [0]=  82 [1]=  89 [2]=  94 [3]=   0 [4]=   0 [5]=   0 [6]=   0 [7]=   0 [8]=   0 [9]=   0 [10]=   0 [11]=   0 
before (DPU 439) [0]=  99 [1]=  82 [2]= 100 [3]=   0 [4]=   0 [5]=   0 [6]=   0 [7]=   0 [8]=   0 [9]=   0 [10]=   0 [11]=   0 
after  (DPU 439) [0]=  99 [1]=  82 [2]= 100 [3]=   0 [4]=   0 [5]=   0 [6]=   0 [7]=   0 [8]=   0 [9]=   0 [10]=   0 [11]=   0 
before (DPU 440) [0]= 110 [1]= 102 [2]=  84 [3]=   0 [4]=   0 [5]=   0 [6]=   0 [7]=   0 [8]=   0 [9]=   0 [10]=   0 [11]=   0 
after  (DPU 440) [0]= 110 [1]= 102 [2]=  84 [3]=   0 [4]=   0 [5]=   0 [6]=   0 [7]=   0 [8]=   0 [9]=   0 [10]=   0 [11]=   0 
before (DPU 441) [0]=  81 [1]=  91 [2]=  92 [3]=   0 [4]=   0 [5]=   0 [6]=   0 [7]=   0 [8]=   0 [9]=   0 [10]=   0 [11]=   0 
after  (DPU 441) [0]=  81 [1]=  91 [2]=  92 [3]=   0 [4]=   0 [5]=   0 [6]=   0 [7]=   0 [8]=   0 [9]=   0 [10]=   0 [11]=   0 
before (DPU 442) [0]=  75 [1]=  92 [2]=  91 [3]=   0 [4]=   0 [5]=   0 [6]=   0 [7]=   0 [8]=   0 [9]=   0 [10]=   0 [11]=   0 
after  (DPU 442) [0]=  75 [1]=  92 [2]=  91 [3]=   0 [4]=   0 [5]=   0 [6]=   0 [7]=   0 [8]=   0 [9]=   0 [10]=   0 [11]=   0 
before (DPU 443) [0]=  92 [1]=  75 [2]=  90 [3]=   0 [4]=   0 [5]=   0 [6]=   0 [7]=   0 [8]=   0 [9]=   0 [10]=   0 [11]=   0 
after  (DPU 443) [0]=  92 [1]=  75 [2]=  90 [3]=   0 [4]=   0 [5]=   0 [6]=   0 [7]=   0 [8]=   0 [9]=   0 [10]=   0 [11]=   0 
before (DPU 444) [0]=  99 [1]= 106 [2]=  79 [3]=   0 [4]=   0 [5]=   0 [6]=   0 [7]=   0 [8]=   0 [9]=   0 [10]=   0 [11]=   0 
after  (DPU 444) [0]=  99 [1]= 106 [2]=  79 [3]=   0 [4]=   0 [5]=   0 [6]=   0 [7]=   0 [8]=   0 [9]=   0 [10]=   0 [11]=   0 
before (DPU 445) [0]=  84 [1]= 105 [2]=  91 [3]=   0 [4]=   0 [5]=   0 [6]=   0 [7]=   0 [8]=   0 [9]=   0 [10]=   0 [11]=   0 
after  (DPU 445) [0]=  84 [1]= 105 [2]=  91 [3]=   0 [4]=   0 [5]=   0 [6]=   0 [7]=   0 [8]=   0 [9]=   0 [10]=   0 [11]=   0 
before (DPU 446) [0]=  90 [1]= 104 [2]=  91 [3]=   0 [4]=   0 [5]=   0 [6]=   0 [7]=   0 [8]=   0 [9]=   0 [10]=   0 [11]=   0 
after  (DPU 446) [0]=  90 [1]= 104 [2]=  91 [3]=   0 [4]=   0 [5]=   0 [6]=   0 [7]=   0 [8]=   0 [9]=   0 [10]=   0 [11]=   0 
before (DPU 447) [0]= 105 [1]=  89 [2]=  92 [3]=   0 [4]=   0 [5]=   0 [6]=   0 [7]=   0 [8]=   0 [9]=   0 [10]=   0 [11]=   0 
after  (DPU 447) [0]= 105 [1]=  89 [2]=  92 [3]=   0 [4]=   0 [5]=   0 [6]=   0 [7]=   0 [8]=   0 [9]=   0 [10]=   0 [11]=   0 
before (DPU 448) [0]= 107 [1]=  86 [2]=  95 [3]=   0 [4]=   0 [5]=   0 [6]=   0 [7]=   0 [8]=   0 [9]=   0 [10]=   0 [11]=   0 
after  (DPU 448) [0]= 107 [1]=  86 [2]=  95 [3]=   0 [4]=   0 [5]=   0 [6]=   0 [7]=   0 [8]=   0 [9]=   0 [10]=   0 [11]=   0 
before (DPU 449) [0]=  89 [1]=  85 [2]=  84 [3]=   0 [4]=   0 [5]=   0 [6]=   0 [7]=   0 [8]=   0 [9]=   0 [10]=   0 [11]=   0 
after  (DPU 449) [0]=  89 [1]=  85 [2]=  84 [3]=   0 [4]=   0 [5]=   0 [6]=   0 [7]=   0 [8]=   0 [9]=   0 [10]=   0 [11]=   0 
before (DPU 450) [0]= 104 [1]=  86 [2]=  84 [3]=   0 [4]=   0 [5]=   0 [6]=   0 [7]=   0 [8]=   0 [9]=   0 [10]=   0 [11]=   0 
after  (DPU 450) [0]= 104 [1]=  86 [2]=  84 [3]=   0 [4]=   0 [5]=   0 [6]=   0 [7]=   0 [8]=   0 [9]=   0 [10]=   0 [11]=   0 
before (DPU 451) [0]=  89 [1]=  80 [2]=  80 [3]=   0 [4]=   0 [5]=   0 [6]=   0 [7]=   0 [8]=   0 [9]=   0 [10]=   0 [11]=   0 
after  (DPU 451) [0]=  89 [1]=  80 [2]=  80 [3]=   0 [4]=   0 [5]=   0 [6]=   0 [7]=   0 [8]=   0 [9]=   0 [10]=   0 [11]=   0 
before (DPU 452) [0]=  76 [1]=  96 [2]= 103 [3]=   0 [4]=   0 [5]=   0 [6]=   0 [7]=   0 [8]=   0 [9]=   0 [10]=   0 [11]=   0 
after  (DPU 452) [0]=  76 [1]=  96 [2]= 103 [3]=   0 [4]=   0 [5]=   0 [6]=   0 [7]=   0 [8]=   0 [9]=   0 [10]=   0 [11]=   0 
before (DPU 453) [0]=  86 [1]=  78 [2]=  79 [3]=   0 [4]=   0 [5]=   0 [6]=   0 [7]=   0 [8]=   0 [9]=   0 [10]=   0 [11]=   0 
after  (DPU 453) [0]=  86 [1]=  78 [2]=  79 [3]=   0 [4]=   0 [5]=   0 [6]=   0 [7]=   0 [8]=   0 [9]=   0 [10]=   0 [11]=   0 
before (DPU 454) [0]=  97 [1]=  96 [2]=  79 [3]=   0 [4]=   0 [5]=   0 [6]=   0 [7]=   0 [8]=   0 [9]=   0 [10]=   0 [11]=   0 
after  (DPU 454) [0]=  97 [1]=  96 [2]=  79 [3]=   0 [4]=   0 [5]=   0 [6]=   0 [7]=   0 [8]=   0 [9]=   0 [10]=   0 [11]=   0 
before (DPU 455) [0]=  94 [1]=  94 [2]=  81 [3]=   0 [4]=   0 [5]=   0 [6]=   0 [7]=   0 [8]=   0 [9]=   0 [10]=   0 [11]=   0 
after  (DPU 455) [0]=  94 [1]=  94 [2]=  81 [3]=   0 [4]=   0 [5]=   0 [6]=   0 [7]=   0 [8]=   0 [9]=   0 [10]=   0 [11]=   0 
before (DPU 456) [0]= 102 [1]= 102 [2]=  72 [3]=   0 [4]=   0 [5]=   0 [6]=   0 [7]=   0 [8]=   0 [9]=   0 [10]=   0 [11]=   0 
after  (DPU 456) [0]= 102 [1]= 102 [2]=  72 [3]=   0 [4]=   0 [5]=   0 [6]=   0 [7]=   0 [8]=   0 [9]=   0 [10]=   0 [11]=   0 
before (DPU 457) [0]= 102 [1]=  98 [2]=  92 [3]=   0 [4]=   0 [5]=   0 [6]=   0 [7]=   0 [8]=   0 [9]=   0 [10]=   0 [11]=   0 
after  (DPU 457) [0]= 102 [1]=  98 [2]=  92 [3]=   0 [4]=   0 [5]=   0 [6]=   0 [7]=   0 [8]=   0 [9]=   0 [10]=   0 [11]=   0 
before (DPU 458) [0]=  85 [1]=  87 [2]= 100 [3]=   0 [4]=   0 [5]=   0 [6]=   0 [7]=   0 [8]=   0 [9]=   0 [10]=   0 [11]=   0 
after  (DPU 458) [0]=  85 [1]=  87 [2]= 100 [3]=   0 [4]=   0 [5]=   0 [6]=   0 [7]=   0 [8]=   0 [9]=   0 [10]=   0 [11]=   0 
before (DPU 459) [0]=  89 [1]=  90 [2]= 100 [3]=   0 [4]=   0 [5]=   0 [6]=   0 [7]=   0 [8]=   0 [9]=   0 [10]=   0 [11]=   0 
after  (DPU 459) [0]=  89 [1]=  90 [2]= 100 [3]=   0 [4]=   0 [5]=   0 [6]=   0 [7]=   0 [8]=   0 [9]=   0 [10]=   0 [11]=   0 
before (DPU 460) [0]=  97 [1]=  91 [2]=  93 [3]=   0 [4]=   0 [5]=   0 [6]=   0 [7]=   0 [8]=   0 [9]=   0 [10]=   0 [11]=   0 
after  (DPU 460) [0]=  97 [1]=  91 [2]=  93 [3]=   0 [4]=   0 [5]=   0 [6]=   0 [7]=   0 [8]=   0 [9]=   0 [10]=   0 [11]=   0 
before (DPU 461) [0]= 100 [1]= 117 [2]=  72 [3]=   0 [4]=   0 [5]=   0 [6]=   0 [7]=   0 [8]=   0 [9]=   0 [10]=   0 [11]=   0 
after  (DPU 461) [0]= 100 [1]= 117 [2]=  72 [3]=   0 [4]=   0 [5]=   0 [6]=   0 [7]=   0 [8]=   0 [9]=   0 [10]=   0 [11]=   0 
before (DPU 462) [0]=  94 [1]=  86 [2]=  80 [3]=   0 [4]=   0 [5]=   0 [6]=   0 [7]=   0 [8]=   0 [9]=   0 [10]=   0 [11]=   0 
after  (DPU 462) [0]=  94 [1]=  86 [2]=  80 [3]=   0 [4]=   0 [5]=   0 [6]=   0 [7]=   0 [8]=   0 [9]=   0 [10]=   0 [11]=   0 
before (DPU 463) [0]=  96 [1]=  98 [2]=  90 [3]=   0 [4]=   0 [5]=   0 [6]=   0 [7]=   0 [8]=   0 [9]=   0 [10]=   0 [11]=   0 
after  (DPU 463) [0]=  96 [1]=  98 [2]=  90 [3]=   0 [4]=   0 [5]=   0 [6]=   0 [7]=   0 [8]=   0 [9]=   0 [10]=   0 [11]=   0 
before (DPU 464) [0]=  90 [1]=  90 [2]=  93 [3]=   0 [4]=   0 [5]=   0 [6]=   0 [7]=   0 [8]=   0 [9]=   0 [10]=   0 [11]=   0 
after  (DPU 464) [0]=  90 [1]=  90 [2]=  93 [3]=   0 [4]=   0 [5]=   0 [6]=   0 [7]=   0 [8]=   0 [9]=   0 [10]=   0 [11]=   0 
before (DPU 465) [0]=  87 [1]=  93 [2]=  89 [3]=   0 [4]=   0 [5]=   0 [6]=   0 [7]=   0 [8]=   0 [9]=   0 [10]=   0 [11]=   0 
after  (DPU 465) [0]=  87 [1]=  93 [2]=  89 [3]=   0 [4]=   0 [5]=   0 [6]=   0 [7]=   0 [8]=   0 [9]=   0 [10]=   0 [11]=   0 
before (DPU 466) [0]=  69 [1]=  90 [2]=  57 [3]=   0 [4]=   0 [5]=   0 [6]=   0 [7]=   0 [8]=   0 [9]=   0 [10]=   0 [11]=   0 
after  (DPU 466) [0]=  69 [1]=  90 [2]=  57 [3]=   0 [4]=   0 [5]=   0 [6]=   0 [7]=   0 [8]=   0 [9]=   0 [10]=   0 [11]=   0 
before (DPU 467) [0]= 106 [1]= 100 [2]=  98 [3]=   0 [4]=   0 [5]=   0 [6]=   0 [7]=   0 [8]=   0 [9]=   0 [10]=   0 [11]=   0 
after  (DPU 467) [0]= 106 [1]= 100 [2]=  98 [3]=   0 [4]=   0 [5]=   0 [6]=   0 [7]=   0 [8]=   0 [9]=   0 [10]=   0 [11]=   0 
before (DPU 468) [0]=  80 [1]=  86 [2]=  96 [3]=   0 [4]=   0 [5]=   0 [6]=   0 [7]=   0 [8]=   0 [9]=   0 [10]=   0 [11]=   0 
after  (DPU 468) [0]=  80 [1]=  86 [2]=  96 [3]=   0 [4]=   0 [5]=   0 [6]=   0 [7]=   0 [8]=   0 [9]=   0 [10]=   0 [11]=   0 
before (DPU 469) [0]= 103 [1]=  76 [2]=  94 [3]=   0 [4]=   0 [5]=   0 [6]=   0 [7]=   0 [8]=   0 [9]=   0 [10]=   0 [11]=   0 
after  (DPU 469) [0]= 103 [1]=  76 [2]=  94 [3]=   0 [4]=   0 [5]=   0 [6]=   0 [7]=   0 [8]=   0 [9]=   0 [10]=   0 [11]=   0 
before (DPU 470) [0]=  74 [1]=  93 [2]=  85 [3]=   0 [4]=   0 [5]=   0 [6]=   0 [7]=   0 [8]=   0 [9]=   0 [10]=   0 [11]=   0 
after  (DPU 470) [0]=  74 [1]=  93 [2]=  85 [3]=   0 [4]=   0 [5]=   0 [6]=   0 [7]=   0 [8]=   0 [9]=   0 [10]=   0 [11]=   0 
before (DPU 471) [0]=  84 [1]=  80 [2]= 103 [3]=   0 [4]=   0 [5]=   0 [6]=   0 [7]=   0 [8]=   0 [9]=   0 [10]=   0 [11]=   0 
after  (DPU 471) [0]=  84 [1]=  80 [2]= 103 [3]=   0 [4]=   0 [5]=   0 [6]=   0 [7]=   0 [8]=   0 [9]=   0 [10]=   0 [11]=   0 
before (DPU 472) [0]=  88 [1]=  75 [2]= 100 [3]=   0 [4]=   0 [5]=   0 [6]=   0 [7]=   0 [8]=   0 [9]=   0 [10]=   0 [11]=   0 
after  (DPU 472) [0]=  88 [1]=  75 [2]= 100 [3]=   0 [4]=   0 [5]=   0 [6]=   0 [7]=   0 [8]=   0 [9]=   0 [10]=   0 [11]=   0 
before (DPU 473) [0]=  89 [1]=  65 [2]=  76 [3]=   0 [4]=   0 [5]=   0 [6]=   0 [7]=   0 [8]=   0 [9]=   0 [10]=   0 [11]=   0 
after  (DPU 473) [0]=  89 [1]=  65 [2]=  76 [3]=   0 [4]=   0 [5]=   0 [6]=   0 [7]=   0 [8]=   0 [9]=   0 [10]=   0 [11]=   0 
before (DPU 474) [0]=  87 [1]=  97 [2]=  85 [3]=   0 [4]=   0 [5]=   0 [6]=   0 [7]=   0 [8]=   0 [9]=   0 [10]=   0 [11]=   0 
after  (DPU 474) [0]=  87 [1]=  97 [2]=  85 [3]=   0 [4]=   0 [5]=   0 [6]=   0 [7]=   0 [8]=   0 [9]=   0 [10]=   0 [11]=   0 
before (DPU 475) [0]=  94 [1]=  71 [2]=  92 [3]=   0 [4]=   0 [5]=   0 [6]=   0 [7]=   0 [8]=   0 [9]=   0 [10]=   0 [11]=   0 
after  (DPU 475) [0]=  94 [1]=  71 [2]=  92 [3]=   0 [4]=   0 [5]=   0 [6]=   0 [7]=   0 [8]=   0 [9]=   0 [10]=   0 [11]=   0 
before (DPU 476) [0]=  96 [1]=  89 [2]=  80 [3]=   0 [4]=   0 [5]=   0 [6]=   0 [7]=   0 [8]=   0 [9]=   0 [10]=   0 [11]=   0 
after  (DPU 476) [0]=  96 [1]=  89 [2]=  80 [3]=   0 [4]=   0 [5]=   0 [6]=   0 [7]=   0 [8]=   0 [9]=   0 [10]=   0 [11]=   0 
before (DPU 477) [0]=  77 [1]=  97 [2]=  91 [3]=   0 [4]=   0 [5]=   0 [6]=   0 [7]=   0 [8]=   0 [9]=   0 [10]=   0 [11]=   0 
after  (DPU 477) [0]=  77 [1]=  97 [2]=  91 [3]=   0 [4]=   0 [5]=   0 [6]=   0 [7]=   0 [8]=   0 [9]=   0 [10]=   0 [11]=   0 
before (DPU 478) [0]=  78 [1]=  97 [2]=  91 [3]=   0 [4]=   0 [5]=   0 [6]=   0 [7]=   0 [8]=   0 [9]=   0 [10]=   0 [11]=   0 
after  (DPU 478) [0]=  78 [1]=  97 [2]=  91 [3]=   0 [4]=   0 [5]=   0 [6]=   0 [7]=   0 [8]=   0 [9]=   0 [10]=   0 [11]=   0 
before (DPU 479) [0]=  90 [1]=  68 [2]=  79 [3]=   0 [4]=   0 [5]=   0 [6]=   0 [7]=   0 [8]=   0 [9]=   0 [10]=   0 [11]=   0 
after  (DPU 479) [0]=  90 [1]=  68 [2]=  79 [3]=   0 [4]=   0 [5]=   0 [6]=   0 [7]=   0 [8]=   0 [9]=   0 [10]=   0 [11]=   0 
before (DPU 480) [0]=  67 [1]=  69 [2]= 102 [3]=   0 [4]=   0 [5]=   0 [6]=   0 [7]=   0 [8]=   0 [9]=   0 [10]=   0 [11]=   0 
after  (DPU 480) [0]=  67 [1]=  69 [2]= 102 [3]=   0 [4]=   0 [5]=   0 [6]=   0 [7]=   0 [8]=   0 [9]=   0 [10]=   0 [11]=   0 
before (DPU 481) [0]=  82 [1]=  85 [2]= 103 [3]=   0 [4]=   0 [5]=   0 [6]=   0 [7]=   0 [8]=   0 [9]=   0 [10]=   0 [11]=   0 
after  (DPU 481) [0]=  82 [1]=  85 [2]= 103 [3]=   0 [4]=   0 [5]=   0 [6]=   0 [7]=   0 [8]=   0 [9]=   0 [10]=   0 [11]=   0 
before (DPU 482) [0]=  84 [1]=  81 [2]=  85 [3]=   0 [4]=   0 [5]=   0 [6]=   0 [7]=   0 [8]=   0 [9]=   0 [10]=   0 [11]=   0 
after  (DPU 482) [0]=  84 [1]=  81 [2]=  85 [3]=   0 [4]=   0 [5]=   0 [6]=   0 [7]=   0 [8]=   0 [9]=   0 [10]=   0 [11]=   0 
before (DPU 483) [0]=  83 [1]=  72 [2]=  74 [3]=   0 [4]=   0 [5]=   0 [6]=   0 [7]=   0 [8]=   0 [9]=   0 [10]=   0 [11]=   0 
after  (DPU 483) [0]=  83 [1]=  72 [2]=  74 [3]=   0 [4]=   0 [5]=   0 [6]=   0 [7]=   0 [8]=   0 [9]=   0 [10]=   0 [11]=   0 
before (DPU 484) [0]=  93 [1]=  86 [2]=  66 [3]=   0 [4]=   0 [5]=   0 [6]=   0 [7]=   0 [8]=   0 [9]=   0 [10]=   0 [11]=   0 
after  (DPU 484) [0]=  93 [1]=  86 [2]=  66 [3]=   0 [4]=   0 [5]=   0 [6]=   0 [7]=   0 [8]=   0 [9]=   0 [10]=   0 [11]=   0 
before (DPU 485) [0]=  77 [1]=  86 [2]= 103 [3]=   0 [4]=   0 [5]=   0 [6]=   0 [7]=   0 [8]=   0 [9]=   0 [10]=   0 [11]=   0 
after  (DPU 485) [0]=  77 [1]=  86 [2]= 103 [3]=   0 [4]=   0 [5]=   0 [6]=   0 [7]=   0 [8]=   0 [9]=   0 [10]=   0 [11]=   0 
before (DPU 486) [0]=  88 [1]=  80 [2]=  83 [3]=   0 [4]=   0 [5]=   0 [6]=   0 [7]=   0 [8]=   0 [9]=   0 [10]=   0 [11]=   0 
after  (DPU 486) [0]=  88 [1]=  80 [2]=  83 [3]=   0 [4]=   0 [5]=   0 [6]=   0 [7]=   0 [8]=   0 [9]=   0 [10]=   0 [11]=   0 
before (DPU 487) [0]=  80 [1]=  89 [2]= 103 [3]=   0 [4]=   0 [5]=   0 [6]=   0 [7]=   0 [8]=   0 [9]=   0 [10]=   0 [11]=   0 
after  (DPU 487) [0]=  80 [1]=  89 [2]= 103 [3]=   0 [4]=   0 [5]=   0 [6]=   0 [7]=   0 [8]=   0 [9]=   0 [10]=   0 [11]=   0 
before (DPU 488) [0]=  94 [1]=  80 [2]=  75 [3]=   0 [4]=   0 [5]=   0 [6]=   0 [7]=   0 [8]=   0 [9]=   0 [10]=   0 [11]=   0 
after  (DPU 488) [0]=  94 [1]=  80 [2]=  75 [3]=   0 [4]=   0 [5]=   0 [6]=   0 [7]=   0 [8]=   0 [9]=   0 [10]=   0 [11]=   0 
before (DPU 489) [0]=  94 [1]=  82 [2]=  81 [3]=   0 [4]=   0 [5]=   0 [6]=   0 [7]=   0 [8]=   0 [9]=   0 [10]=   0 [11]=   0 
after  (DPU 489) [0]=  94 [1]=  82 [2]=  81 [3]=   0 [4]=   0 [5]=   0 [6]=   0 [7]=   0 [8]=   0 [9]=   0 [10]=   0 [11]=   0 
before (DPU 490) [0]=  85 [1]= 106 [2]=  89 [3]=   0 [4]=   0 [5]=   0 [6]=   0 [7]=   0 [8]=   0 [9]=   0 [10]=   0 [11]=   0 
after  (DPU 490) [0]=  85 [1]= 106 [2]=  89 [3]=   0 [4]=   0 [5]=   0 [6]=   0 [7]=   0 [8]=   0 [9]=   0 [10]=   0 [11]=   0 
before (DPU 491) [0]=  81 [1]=  72 [2]=  91 [3]=   0 [4]=   0 [5]=   0 [6]=   0 [7]=   0 [8]=   0 [9]=   0 [10]=   0 [11]=   0 
after  (DPU 491) [0]=  81 [1]=  72 [2]=  91 [3]=   0 [4]=   0 [5]=   0 [6]=   0 [7]=   0 [8]=   0 [9]=   0 [10]=   0 [11]=   0 
before (DPU 492) [0]=  78 [1]=  97 [2]=  88 [3]=   0 [4]=   0 [5]=   0 [6]=   0 [7]=   0 [8]=   0 [9]=   0 [10]=   0 [11]=   0 
after  (DPU 492) [0]=  78 [1]=  97 [2]=  88 [3]=   0 [4]=   0 [5]=   0 [6]=   0 [7]=   0 [8]=   0 [9]=   0 [10]=   0 [11]=   0 
before (DPU 493) [0]= 107 [1]=  93 [2]=  72 [3]=   0 [4]=   0 [5]=   0 [6]=   0 [7]=   0 [8]=   0 [9]=   0 [10]=   0 [11]=   0 
after  (DPU 493) [0]= 107 [1]=  93 [2]=  72 [3]=   0 [4]=   0 [5]=   0 [6]=   0 [7]=   0 [8]=   0 [9]=   0 [10]=   0 [11]=   0 
before (DPU 494) [0]=  73 [1]=  78 [2]=  85 [3]=   0 [4]=   0 [5]=   0 [6]=   0 [7]=   0 [8]=   0 [9]=   0 [10]=   0 [11]=   0 
after  (DPU 494) [0]=  73 [1]=  78 [2]=  85 [3]=   0 [4]=   0 [5]=   0 [6]=   0 [7]=   0 [8]=   0 [9]=   0 [10]=   0 [11]=   0 
before (DPU 495) [0]=  84 [1]=  76 [2]=  84 [3]=   0 [4]=   0 [5]=   0 [6]=   0 [7]=   0 [8]=   0 [9]=   0 [10]=   0 [11]=   0 
after  (DPU 495) [0]=  84 [1]=  76 [2]=  84 [3]=   0 [4]=   0 [5]=   0 [6]=   0 [7]=   0 [8]=   0 [9]=   0 [10]=   0 [11]=   0 
before (DPU 496) [0]=  84 [1]=  76 [2]=  96 [3]=   0 [4]=   0 [5]=   0 [6]=   0 [7]=   0 [8]=   0 [9]=   0 [10]=   0 [11]=   0 
after  (DPU 496) [0]=  84 [1]=  76 [2]=  96 [3]=   0 [4]=   0 [5]=   0 [6]=   0 [7]=   0 [8]=   0 [9]=   0 [10]=   0 [11]=   0 
before (DPU 497) [0]=  70 [1]=  76 [2]=  76 [3]=   0 [4]=   0 [5]=   0 [6]=   0 [7]=   0 [8]=   0 [9]=   0 [10]=   0 [11]=   0 
after  (DPU 497) [0]=  70 [1]=  76 [2]=  76 [3]=   0 [4]=   0 [5]=   0 [6]=   0 [7]=   0 [8]=   0 [9]=   0 [10]=   0 [11]=   0 
before (DPU 498) [0]=  81 [1]=  89 [2]=  75 [3]=   0 [4]=   0 [5]=   0 [6]=   0 [7]=   0 [8]=   0 [9]=   0 [10]=   0 [11]=   0 
after  (DPU 498) [0]=  81 [1]=  89 [2]=  75 [3]=   0 [4]=   0 [5]=   0 [6]=   0 [7]=   0 [8]=   0 [9]=   0 [10]=   0 [11]=   0 
before (DPU 499) [0]=  91 [1]=  64 [2]=  82 [3]=   0 [4]=   0 [5]=   0 [6]=   0 [7]=   0 [8]=   0 [9]=   0 [10]=   0 [11]=   0 
after  (DPU 499) [0]=  91 [1]=  64 [2]=  82 [3]=   0 [4]=   0 [5]=   0 [6]=   0 [7]=   0 [8]=   0 [9]=   0 [10]=   0 [11]=   0 
key_index after (DPU 0) [0]=138765 [1]=210607 [2]=258691 [3]=258691 [4]=258691 [5]=258691 [6]=258691 [7]=258691 [8]=258691 [9]=258691 [10]=258691 [11]=258691 [12]=258691 
key_index after (DPU 1) [0]=32939 [1]=58898 [2]=80228 [3]=80228 [4]=80228 [5]=80228 [6]=80228 [7]=80228 [8]=80228 [9]=80228 [10]=80228 [11]=80228 [12]=80228 
key_index after (DPU 2) [0]=17807 [1]=33411 [2]=46975 [3]=46975 [4]=46975 [5]=46975 [6]=46975 [7]=46975 [8]=46975 [9]=46975 [10]=46975 [11]=46975 [12]=46975 
key_index after (DPU 3) [0]=12243 [1]=23774 [2]=33883 [3]=33883 [4]=33883 [5]=33883 [6]=33883 [7]=33883 [8]=33883 [9]=33883 [10]=33883 [11]=33883 [12]=33883 
key_index after (DPU 4) [0]=9501 [1]=18131 [2]=26239 [3]=26239 [4]=26239 [5]=26239 [6]=26239 [7]=26239 [8]=26239 [9]=26239 [10]=26239 [11]=26239 [12]=26239 
key_index after (DPU 5) [0]=7634 [1]=14661 [2]=21450 [3]=21450 [4]=21450 [5]=21450 [6]=21450 [7]=21450 [8]=21450 [9]=21450 [10]=21450 [11]=21450 [12]=21450 
key_index after (DPU 6) [0]=6428 [1]=12468 [2]=18347 [3]=18347 [4]=18347 [5]=18347 [6]=18347 [7]=18347 [8]=18347 [9]=18347 [10]=18347 [11]=18347 [12]=18347 
key_index after (DPU 7) [0]=5456 [1]=10652 [2]=15651 [3]=15651 [4]=15651 [5]=15651 [6]=15651 [7]=15651 [8]=15651 [9]=15651 [10]=15651 [11]=15651 [12]=15651 
key_index after (DPU 8) [0]=4861 [1]=9472 [2]=13954 [3]=13954 [4]=13954 [5]=13954 [6]=13954 [7]=13954 [8]=13954 [9]=13954 [10]=13954 [11]=13954 [12]=13954 
key_index after (DPU 9) [0]=4260 [1]=8425 [2]=12507 [3]=12507 [4]=12507 [5]=12507 [6]=12507 [7]=12507 [8]=12507 [9]=12507 [10]=12507 [11]=12507 [12]=12507 
key_index after (DPU 10) [0]=3840 [1]=7621 [2]=11223 [3]=11223 [4]=11223 [5]=11223 [6]=11223 [7]=11223 [8]=11223 [9]=11223 [10]=11223 [11]=11223 [12]=11223 
key_index after (DPU 11) [0]=3604 [1]=7090 [2]=10484 [3]=10484 [4]=10484 [5]=10484 [6]=10484 [7]=10484 [8]=10484 [9]=10484 [10]=10484 [11]=10484 [12]=10484 
key_index after (DPU 12) [0]=3314 [1]=6335 [2]=9437 [3]=9437 [4]=9437 [5]=9437 [6]=9437 [7]=9437 [8]=9437 [9]=9437 [10]=9437 [11]=9437 [12]=9437 
key_index after (DPU 13) [0]=2974 [1]=5882 [2]=8715 [3]=8715 [4]=8715 [5]=8715 [6]=8715 [7]=8715 [8]=8715 [9]=8715 [10]=8715 [11]=8715 [12]=8715 
key_index after (DPU 14) [0]=2799 [1]=5538 [2]=8202 [3]=8202 [4]=8202 [5]=8202 [6]=8202 [7]=8202 [8]=8202 [9]=8202 [10]=8202 [11]=8202 [12]=8202 
key_index after (DPU 15) [0]=2660 [1]=5315 [2]=7840 [3]=7840 [4]=7840 [5]=7840 [6]=7840 [7]=7840 [8]=7840 [9]=7840 [10]=7840 [11]=7840 [12]=7840 
key_index after (DPU 16) [0]=2362 [1]=4799 [2]=7208 [3]=7208 [4]=7208 [5]=7208 [6]=7208 [7]=7208 [8]=7208 [9]=7208 [10]=7208 [11]=7208 [12]=7208 
key_index after (DPU 17) [0]=2337 [1]=4617 [2]=6824 [3]=6824 [4]=6824 [5]=6824 [6]=6824 [7]=6824 [8]=6824 [9]=6824 [10]=6824 [11]=6824 [12]=6824 
key_index after (DPU 18) [0]=2195 [1]=4346 [2]=6500 [3]=6500 [4]=6500 [5]=6500 [6]=6500 [7]=6500 [8]=6500 [9]=6500 [10]=6500 [11]=6500 [12]=6500 
key_index after (DPU 19) [0]=2031 [1]=4031 [2]=6083 [3]=6083 [4]=6083 [5]=6083 [6]=6083 [7]=6083 [8]=6083 [9]=6083 [10]=6083 [11]=6083 [12]=6083 
key_index after (DPU 20) [0]=2019 [1]=3955 [2]=5765 [3]=5765 [4]=5765 [5]=5765 [6]=5765 [7]=5765 [8]=5765 [9]=5765 [10]=5765 [11]=5765 [12]=5765 
key_index after (DPU 21) [0]=1808 [1]=3619 [2]=5370 [3]=5370 [4]=5370 [5]=5370 [6]=5370 [7]=5370 [8]=5370 [9]=5370 [10]=5370 [11]=5370 [12]=5370 
key_index after (DPU 22) [0]=1800 [1]=3547 [2]=5308 [3]=5308 [4]=5308 [5]=5308 [6]=5308 [7]=5308 [8]=5308 [9]=5308 [10]=5308 [11]=5308 [12]=5308 
key_index after (DPU 23) [0]=1792 [1]=3514 [2]=5218 [3]=5218 [4]=5218 [5]=5218 [6]=5218 [7]=5218 [8]=5218 [9]=5218 [10]=5218 [11]=5218 [12]=5218 
key_index after (DPU 24) [0]=1607 [1]=3219 [2]=4893 [3]=4893 [4]=4893 [5]=4893 [6]=4893 [7]=4893 [8]=4893 [9]=4893 [10]=4893 [11]=4893 [12]=4893 
key_index after (DPU 25) [0]=1550 [1]=3124 [2]=4643 [3]=4643 [4]=4643 [5]=4643 [6]=4643 [7]=4643 [8]=4643 [9]=4643 [10]=4643 [11]=4643 [12]=4643 
key_index after (DPU 26) [0]=1482 [1]=2935 [2]=4492 [3]=4492 [4]=4492 [5]=4492 [6]=4492 [7]=4492 [8]=4492 [9]=4492 [10]=4492 [11]=4492 [12]=4492 
key_index after (DPU 27) [0]=1460 [1]=2892 [2]=4361 [3]=4361 [4]=4361 [5]=4361 [6]=4361 [7]=4361 [8]=4361 [9]=4361 [10]=4361 [11]=4361 [12]=4361 
key_index after (DPU 28) [0]=1428 [1]=2784 [2]=4114 [3]=4114 [4]=4114 [5]=4114 [6]=4114 [7]=4114 [8]=4114 [9]=4114 [10]=4114 [11]=4114 [12]=4114 
key_index after (DPU 29) [0]=1375 [1]=2713 [2]=4076 [3]=4076 [4]=4076 [5]=4076 [6]=4076 [7]=4076 [8]=4076 [9]=4076 [10]=4076 [11]=4076 [12]=4076 
key_index after (DPU 30) [0]=1359 [1]=2659 [2]=3920 [3]=3920 [4]=3920 [5]=3920 [6]=3920 [7]=3920 [8]=3920 [9]=3920 [10]=3920 [11]=3920 [12]=3920 
key_index after (DPU 31) [0]=1282 [1]=2531 [2]=3755 [3]=3755 [4]=3755 [5]=3755 [6]=3755 [7]=3755 [8]=3755 [9]=3755 [10]=3755 [11]=3755 [12]=3755 
key_index after (DPU 32) [0]=1220 [1]=2441 [2]=3651 [3]=3651 [4]=3651 [5]=3651 [6]=3651 [7]=3651 [8]=3651 [9]=3651 [10]=3651 [11]=3651 [12]=3651 
key_index after (DPU 33) [0]=1191 [1]=2477 [2]=3693 [3]=3693 [4]=3693 [5]=3693 [6]=3693 [7]=3693 [8]=3693 [9]=3693 [10]=3693 [11]=3693 [12]=3693 
key_index after (DPU 34) [0]=1232 [1]=2362 [2]=3475 [3]=3475 [4]=3475 [5]=3475 [6]=3475 [7]=3475 [8]=3475 [9]=3475 [10]=3475 [11]=3475 [12]=3475 
key_index after (DPU 35) [0]=1103 [1]=2184 [2]=3313 [3]=3313 [4]=3313 [5]=3313 [6]=3313 [7]=3313 [8]=3313 [9]=3313 [10]=3313 [11]=3313 [12]=3313 
key_index after (DPU 36) [0]=1147 [1]=2254 [2]=3332 [3]=3332 [4]=3332 [5]=3332 [6]=3332 [7]=3332 [8]=3332 [9]=3332 [10]=3332 [11]=3332 [12]=3332 
key_index after (DPU 37) [0]=1082 [1]=2145 [2]=3226 [3]=3226 [4]=3226 [5]=3226 [6]=3226 [7]=3226 [8]=3226 [9]=3226 [10]=3226 [11]=3226 [12]=3226 
key_index after (DPU 38) [0]=1052 [1]=2058 [2]=3140 [3]=3140 [4]=3140 [5]=3140 [6]=3140 [7]=3140 [8]=3140 [9]=3140 [10]=3140 [11]=3140 [12]=3140 
key_index after (DPU 39) [0]=1022 [1]=2089 [2]=3062 [3]=3062 [4]=3062 [5]=3062 [6]=3062 [7]=3062 [8]=3062 [9]=3062 [10]=3062 [11]=3062 [12]=3062 
key_index after (DPU 40) [0]= 996 [1]=2019 [2]=3022 [3]=3022 [4]=3022 [5]=3022 [6]=3022 [7]=3022 [8]=3022 [9]=3022 [10]=3022 [11]=3022 [12]=3022 
key_index after (DPU 41) [0]= 977 [1]=2003 [2]=2993 [3]=2993 [4]=2993 [5]=2993 [6]=2993 [7]=2993 [8]=2993 [9]=2993 [10]=2993 [11]=2993 [12]=2993 
key_index after (DPU 42) [0]= 987 [1]=1922 [2]=2862 [3]=2862 [4]=2862 [5]=2862 [6]=2862 [7]=2862 [8]=2862 [9]=2862 [10]=2862 [11]=2862 [12]=2862 
key_index after (DPU 43) [0]= 919 [1]=1849 [2]=2783 [3]=2783 [4]=2783 [5]=2783 [6]=2783 [7]=2783 [8]=2783 [9]=2783 [10]=2783 [11]=2783 [12]=2783 
key_index after (DPU 44) [0]= 928 [1]=1831 [2]=2710 [3]=2710 [4]=2710 [5]=2710 [6]=2710 [7]=2710 [8]=2710 [9]=2710 [10]=2710 [11]=2710 [12]=2710 
key_index after (DPU 45) [0]= 846 [1]=1741 [2]=2591 [3]=2591 [4]=2591 [5]=2591 [6]=2591 [7]=2591 [8]=2591 [9]=2591 [10]=2591 [11]=2591 [12]=2591 
key_index after (DPU 46) [0]= 807 [1]=1709 [2]=2542 [3]=2542 [4]=2542 [5]=2542 [6]=2542 [7]=2542 [8]=2542 [9]=2542 [10]=2542 [11]=2542 [12]=2542 
key_index after (DPU 47) [0]= 865 [1]=1639 [2]=2518 [3]=2518 [4]=2518 [5]=2518 [6]=2518 [7]=2518 [8]=2518 [9]=2518 [10]=2518 [11]=2518 [12]=2518 
key_index after (DPU 48) [0]= 866 [1]=1691 [2]=2518 [3]=2518 [4]=2518 [5]=2518 [6]=2518 [7]=2518 [8]=2518 [9]=2518 [10]=2518 [11]=2518 [12]=2518 
key_index after (DPU 49) [0]= 786 [1]=1592 [2]=2415 [3]=2415 [4]=2415 [5]=2415 [6]=2415 [7]=2415 [8]=2415 [9]=2415 [10]=2415 [11]=2415 [12]=2415 
key_index after (DPU 50) [0]= 784 [1]=1556 [2]=2326 [3]=2326 [4]=2326 [5]=2326 [6]=2326 [7]=2326 [8]=2326 [9]=2326 [10]=2326 [11]=2326 [12]=2326 
key_index after (DPU 51) [0]= 723 [1]=1494 [2]=2253 [3]=2253 [4]=2253 [5]=2253 [6]=2253 [7]=2253 [8]=2253 [9]=2253 [10]=2253 [11]=2253 [12]=2253 
key_index after (DPU 52) [0]= 773 [1]=1557 [2]=2312 [3]=2312 [4]=2312 [5]=2312 [6]=2312 [7]=2312 [8]=2312 [9]=2312 [10]=2312 [11]=2312 [12]=2312 
key_index after (DPU 53) [0]= 743 [1]=1498 [2]=2249 [3]=2249 [4]=2249 [5]=2249 [6]=2249 [7]=2249 [8]=2249 [9]=2249 [10]=2249 [11]=2249 [12]=2249 
key_index after (DPU 54) [0]= 783 [1]=1525 [2]=2245 [3]=2245 [4]=2245 [5]=2245 [6]=2245 [7]=2245 [8]=2245 [9]=2245 [10]=2245 [11]=2245 [12]=2245 
key_index after (DPU 55) [0]= 717 [1]=1421 [2]=2174 [3]=2174 [4]=2174 [5]=2174 [6]=2174 [7]=2174 [8]=2174 [9]=2174 [10]=2174 [11]=2174 [12]=2174 
key_index after (DPU 56) [0]= 694 [1]=1412 [2]=2127 [3]=2127 [4]=2127 [5]=2127 [6]=2127 [7]=2127 [8]=2127 [9]=2127 [10]=2127 [11]=2127 [12]=2127 
key_index after (DPU 57) [0]= 661 [1]=1334 [2]=2035 [3]=2035 [4]=2035 [5]=2035 [6]=2035 [7]=2035 [8]=2035 [9]=2035 [10]=2035 [11]=2035 [12]=2035 
key_index after (DPU 58) [0]= 686 [1]=1372 [2]=2046 [3]=2046 [4]=2046 [5]=2046 [6]=2046 [7]=2046 [8]=2046 [9]=2046 [10]=2046 [11]=2046 [12]=2046 
key_index after (DPU 59) [0]= 656 [1]=1314 [2]=2045 [3]=2045 [4]=2045 [5]=2045 [6]=2045 [7]=2045 [8]=2045 [9]=2045 [10]=2045 [11]=2045 [12]=2045 
key_index after (DPU 60) [0]= 685 [1]=1351 [2]=2060 [3]=2060 [4]=2060 [5]=2060 [6]=2060 [7]=2060 [8]=2060 [9]=2060 [10]=2060 [11]=2060 [12]=2060 
key_index after (DPU 61) [0]= 679 [1]=1288 [2]=1966 [3]=1966 [4]=1966 [5]=1966 [6]=1966 [7]=1966 [8]=1966 [9]=1966 [10]=1966 [11]=1966 [12]=1966 
key_index after (DPU 62) [0]= 650 [1]=1285 [2]=1893 [3]=1893 [4]=1893 [5]=1893 [6]=1893 [7]=1893 [8]=1893 [9]=1893 [10]=1893 [11]=1893 [12]=1893 
key_index after (DPU 63) [0]= 632 [1]=1249 [2]=1851 [3]=1851 [4]=1851 [5]=1851 [6]=1851 [7]=1851 [8]=1851 [9]=1851 [10]=1851 [11]=1851 [12]=1851 
key_index after (DPU 64) [0]= 644 [1]=1280 [2]=1909 [3]=1909 [4]=1909 [5]=1909 [6]=1909 [7]=1909 [8]=1909 [9]=1909 [10]=1909 [11]=1909 [12]=1909 
key_index after (DPU 65) [0]= 646 [1]=1248 [2]=1818 [3]=1818 [4]=1818 [5]=1818 [6]=1818 [7]=1818 [8]=1818 [9]=1818 [10]=1818 [11]=1818 [12]=1818 
key_index after (DPU 66) [0]= 641 [1]=1266 [2]=1874 [3]=1874 [4]=1874 [5]=1874 [6]=1874 [7]=1874 [8]=1874 [9]=1874 [10]=1874 [11]=1874 [12]=1874 
key_index after (DPU 67) [0]= 630 [1]=1245 [2]=1825 [3]=1825 [4]=1825 [5]=1825 [6]=1825 [7]=1825 [8]=1825 [9]=1825 [10]=1825 [11]=1825 [12]=1825 
key_index after (DPU 68) [0]= 613 [1]=1192 [2]=1833 [3]=1833 [4]=1833 [5]=1833 [6]=1833 [7]=1833 [8]=1833 [9]=1833 [10]=1833 [11]=1833 [12]=1833 
key_index after (DPU 69) [0]= 597 [1]=1144 [2]=1746 [3]=1746 [4]=1746 [5]=1746 [6]=1746 [7]=1746 [8]=1746 [9]=1746 [10]=1746 [11]=1746 [12]=1746 
key_index after (DPU 70) [0]= 583 [1]=1153 [2]=1680 [3]=1680 [4]=1680 [5]=1680 [6]=1680 [7]=1680 [8]=1680 [9]=1680 [10]=1680 [11]=1680 [12]=1680 
key_index after (DPU 71) [0]= 579 [1]=1124 [2]=1674 [3]=1674 [4]=1674 [5]=1674 [6]=1674 [7]=1674 [8]=1674 [9]=1674 [10]=1674 [11]=1674 [12]=1674 
key_index after (DPU 72) [0]= 545 [1]=1121 [2]=1684 [3]=1684 [4]=1684 [5]=1684 [6]=1684 [7]=1684 [8]=1684 [9]=1684 [10]=1684 [11]=1684 [12]=1684 
key_index after (DPU 73) [0]= 541 [1]=1099 [2]=1653 [3]=1653 [4]=1653 [5]=1653 [6]=1653 [7]=1653 [8]=1653 [9]=1653 [10]=1653 [11]=1653 [12]=1653 
key_index after (DPU 74) [0]= 539 [1]=1086 [2]=1611 [3]=1611 [4]=1611 [5]=1611 [6]=1611 [7]=1611 [8]=1611 [9]=1611 [10]=1611 [11]=1611 [12]=1611 
key_index after (DPU 75) [0]= 518 [1]=1058 [2]=1586 [3]=1586 [4]=1586 [5]=1586 [6]=1586 [7]=1586 [8]=1586 [9]=1586 [10]=1586 [11]=1586 [12]=1586 
key_index after (DPU 76) [0]= 560 [1]=1092 [2]=1636 [3]=1636 [4]=1636 [5]=1636 [6]=1636 [7]=1636 [8]=1636 [9]=1636 [10]=1636 [11]=1636 [12]=1636 
key_index after (DPU 77) [0]= 551 [1]=1093 [2]=1580 [3]=1580 [4]=1580 [5]=1580 [6]=1580 [7]=1580 [8]=1580 [9]=1580 [10]=1580 [11]=1580 [12]=1580 
key_index after (DPU 78) [0]= 538 [1]=1053 [2]=1551 [3]=1551 [4]=1551 [5]=1551 [6]=1551 [7]=1551 [8]=1551 [9]=1551 [10]=1551 [11]=1551 [12]=1551 
key_index after (DPU 79) [0]= 507 [1]=1024 [2]=1537 [3]=1537 [4]=1537 [5]=1537 [6]=1537 [7]=1537 [8]=1537 [9]=1537 [10]=1537 [11]=1537 [12]=1537 
key_index after (DPU 80) [0]= 473 [1]= 966 [2]=1477 [3]=1477 [4]=1477 [5]=1477 [6]=1477 [7]=1477 [8]=1477 [9]=1477 [10]=1477 [11]=1477 [12]=1477 
key_index after (DPU 81) [0]= 502 [1]= 988 [2]=1498 [3]=1498 [4]=1498 [5]=1498 [6]=1498 [7]=1498 [8]=1498 [9]=1498 [10]=1498 [11]=1498 [12]=1498 
key_index after (DPU 82) [0]= 515 [1]=1021 [2]=1484 [3]=1484 [4]=1484 [5]=1484 [6]=1484 [7]=1484 [8]=1484 [9]=1484 [10]=1484 [11]=1484 [12]=1484 
key_index after (DPU 83) [0]= 440 [1]= 925 [2]=1402 [3]=1402 [4]=1402 [5]=1402 [6]=1402 [7]=1402 [8]=1402 [9]=1402 [10]=1402 [11]=1402 [12]=1402 
key_index after (DPU 84) [0]= 492 [1]= 965 [2]=1445 [3]=1445 [4]=1445 [5]=1445 [6]=1445 [7]=1445 [8]=1445 [9]=1445 [10]=1445 [11]=1445 [12]=1445 
key_index after (DPU 85) [0]= 454 [1]= 924 [2]=1397 [3]=1397 [4]=1397 [5]=1397 [6]=1397 [7]=1397 [8]=1397 [9]=1397 [10]=1397 [11]=1397 [12]=1397 
key_index after (DPU 86) [0]= 482 [1]= 927 [2]=1356 [3]=1356 [4]=1356 [5]=1356 [6]=1356 [7]=1356 [8]=1356 [9]=1356 [10]=1356 [11]=1356 [12]=1356 
key_index after (DPU 87) [0]= 419 [1]= 915 [2]=1358 [3]=1358 [4]=1358 [5]=1358 [6]=1358 [7]=1358 [8]=1358 [9]=1358 [10]=1358 [11]=1358 [12]=1358 
key_index after (DPU 88) [0]= 446 [1]= 898 [2]=1363 [3]=1363 [4]=1363 [5]=1363 [6]=1363 [7]=1363 [8]=1363 [9]=1363 [10]=1363 [11]=1363 [12]=1363 
key_index after (DPU 89) [0]= 481 [1]= 931 [2]=1348 [3]=1348 [4]=1348 [5]=1348 [6]=1348 [7]=1348 [8]=1348 [9]=1348 [10]=1348 [11]=1348 [12]=1348 
key_index after (DPU 90) [0]= 449 [1]= 878 [2]=1307 [3]=1307 [4]=1307 [5]=1307 [6]=1307 [7]=1307 [8]=1307 [9]=1307 [10]=1307 [11]=1307 [12]=1307 
key_index after (DPU 91) [0]= 487 [1]= 927 [2]=1373 [3]=1373 [4]=1373 [5]=1373 [6]=1373 [7]=1373 [8]=1373 [9]=1373 [10]=1373 [11]=1373 [12]=1373 
key_index after (DPU 92) [0]= 440 [1]= 836 [2]=1241 [3]=1241 [4]=1241 [5]=1241 [6]=1241 [7]=1241 [8]=1241 [9]=1241 [10]=1241 [11]=1241 [12]=1241 
key_index after (DPU 93) [0]= 444 [1]= 891 [2]=1303 [3]=1303 [4]=1303 [5]=1303 [6]=1303 [7]=1303 [8]=1303 [9]=1303 [10]=1303 [11]=1303 [12]=1303 
key_index after (DPU 94) [0]= 410 [1]= 850 [2]=1265 [3]=1265 [4]=1265 [5]=1265 [6]=1265 [7]=1265 [8]=1265 [9]=1265 [10]=1265 [11]=1265 [12]=1265 
key_index after (DPU 95) [0]= 415 [1]= 876 [2]=1284 [3]=1284 [4]=1284 [5]=1284 [6]=1284 [7]=1284 [8]=1284 [9]=1284 [10]=1284 [11]=1284 [12]=1284 
key_index after (DPU 96) [0]= 433 [1]= 892 [2]=1291 [3]=1291 [4]=1291 [5]=1291 [6]=1291 [7]=1291 [8]=1291 [9]=1291 [10]=1291 [11]=1291 [12]=1291 
key_index after (DPU 97) [0]= 378 [1]= 774 [2]=1191 [3]=1191 [4]=1191 [5]=1191 [6]=1191 [7]=1191 [8]=1191 [9]=1191 [10]=1191 [11]=1191 [12]=1191 
key_index after (DPU 98) [0]= 418 [1]= 813 [2]=1229 [3]=1229 [4]=1229 [5]=1229 [6]=1229 [7]=1229 [8]=1229 [9]=1229 [10]=1229 [11]=1229 [12]=1229 
key_index after (DPU 99) [0]= 415 [1]= 831 [2]=1237 [3]=1237 [4]=1237 [5]=1237 [6]=1237 [7]=1237 [8]=1237 [9]=1237 [10]=1237 [11]=1237 [12]=1237 
key_index after (DPU 100) [0]= 404 [1]= 795 [2]=1210 [3]=1210 [4]=1210 [5]=1210 [6]=1210 [7]=1210 [8]=1210 [9]=1210 [10]=1210 [11]=1210 [12]=1210 
key_index after (DPU 101) [0]= 387 [1]= 818 [2]=1218 [3]=1218 [4]=1218 [5]=1218 [6]=1218 [7]=1218 [8]=1218 [9]=1218 [10]=1218 [11]=1218 [12]=1218 
key_index after (DPU 102) [0]= 399 [1]= 799 [2]=1192 [3]=1192 [4]=1192 [5]=1192 [6]=1192 [7]=1192 [8]=1192 [9]=1192 [10]=1192 [11]=1192 [12]=1192 
key_index after (DPU 103) [0]= 384 [1]= 773 [2]=1135 [3]=1135 [4]=1135 [5]=1135 [6]=1135 [7]=1135 [8]=1135 [9]=1135 [10]=1135 [11]=1135 [12]=1135 
key_index after (DPU 104) [0]= 410 [1]= 804 [2]=1199 [3]=1199 [4]=1199 [5]=1199 [6]=1199 [7]=1199 [8]=1199 [9]=1199 [10]=1199 [11]=1199 [12]=1199 
key_index after (DPU 105) [0]= 373 [1]= 742 [2]=1142 [3]=1142 [4]=1142 [5]=1142 [6]=1142 [7]=1142 [8]=1142 [9]=1142 [10]=1142 [11]=1142 [12]=1142 
key_index after (DPU 106) [0]= 399 [1]= 809 [2]=1157 [3]=1157 [4]=1157 [5]=1157 [6]=1157 [7]=1157 [8]=1157 [9]=1157 [10]=1157 [11]=1157 [12]=1157 
key_index after (DPU 107) [0]= 349 [1]= 722 [2]=1104 [3]=1104 [4]=1104 [5]=1104 [6]=1104 [7]=1104 [8]=1104 [9]=1104 [10]=1104 [11]=1104 [12]=1104 
key_index after (DPU 108) [0]= 421 [1]= 777 [2]=1122 [3]=1122 [4]=1122 [5]=1122 [6]=1122 [7]=1122 [8]=1122 [9]=1122 [10]=1122 [11]=1122 [12]=1122 
key_index after (DPU 109) [0]= 339 [1]= 709 [2]=1072 [3]=1072 [4]=1072 [5]=1072 [6]=1072 [7]=1072 [8]=1072 [9]=1072 [10]=1072 [11]=1072 [12]=1072 
key_index after (DPU 110) [0]= 363 [1]= 728 [2]=1112 [3]=1112 [4]=1112 [5]=1112 [6]=1112 [7]=1112 [8]=1112 [9]=1112 [10]=1112 [11]=1112 [12]=1112 
key_index after (DPU 111) [0]= 359 [1]= 698 [2]=1083 [3]=1083 [4]=1083 [5]=1083 [6]=1083 [7]=1083 [8]=1083 [9]=1083 [10]=1083 [11]=1083 [12]=1083 
key_index after (DPU 112) [0]= 390 [1]= 751 [2]=1118 [3]=1118 [4]=1118 [5]=1118 [6]=1118 [7]=1118 [8]=1118 [9]=1118 [10]=1118 [11]=1118 [12]=1118 
key_index after (DPU 113) [0]= 323 [1]= 629 [2]=1010 [3]=1010 [4]=1010 [5]=1010 [6]=1010 [7]=1010 [8]=1010 [9]=1010 [10]=1010 [11]=1010 [12]=1010 
key_index after (DPU 114) [0]= 334 [1]= 681 [2]=1038 [3]=1038 [4]=1038 [5]=1038 [6]=1038 [7]=1038 [8]=1038 [9]=1038 [10]=1038 [11]=1038 [12]=1038 
key_index after (DPU 115) [0]= 366 [1]= 750 [2]=1082 [3]=1082 [4]=1082 [5]=1082 [6]=1082 [7]=1082 [8]=1082 [9]=1082 [10]=1082 [11]=1082 [12]=1082 
key_index after (DPU 116) [0]= 359 [1]= 697 [2]=1061 [3]=1061 [4]=1061 [5]=1061 [6]=1061 [7]=1061 [8]=1061 [9]=1061 [10]=1061 [11]=1061 [12]=1061 
key_index after (DPU 117) [0]= 346 [1]= 691 [2]=1038 [3]=1038 [4]=1038 [5]=1038 [6]=1038 [7]=1038 [8]=1038 [9]=1038 [10]=1038 [11]=1038 [12]=1038 
key_index after (DPU 118) [0]= 333 [1]= 662 [2]=1002 [3]=1002 [4]=1002 [5]=1002 [6]=1002 [7]=1002 [8]=1002 [9]=1002 [10]=1002 [11]=1002 [12]=1002 
key_index after (DPU 119) [0]= 329 [1]= 710 [2]=1047 [3]=1047 [4]=1047 [5]=1047 [6]=1047 [7]=1047 [8]=1047 [9]=1047 [10]=1047 [11]=1047 [12]=1047 
key_index after (DPU 120) [0]= 340 [1]= 668 [2]= 972 [3]= 972 [4]= 972 [5]= 972 [6]= 972 [7]= 972 [8]= 972 [9]= 972 [10]= 972 [11]= 972 [12]= 972 
key_index after (DPU 121) [0]= 366 [1]= 752 [2]=1107 [3]=1107 [4]=1107 [5]=1107 [6]=1107 [7]=1107 [8]=1107 [9]=1107 [10]=1107 [11]=1107 [12]=1107 
key_index after (DPU 122) [0]= 319 [1]= 658 [2]= 974 [3]= 974 [4]= 974 [5]= 974 [6]= 974 [7]= 974 [8]= 974 [9]= 974 [10]= 974 [11]= 974 [12]= 974 
key_index after (DPU 123) [0]= 331 [1]= 652 [2]= 958 [3]= 958 [4]= 958 [5]= 958 [6]= 958 [7]= 958 [8]= 958 [9]= 958 [10]= 958 [11]= 958 [12]= 958 
key_index after (DPU 124) [0]= 338 [1]= 643 [2]= 962 [3]= 962 [4]= 962 [5]= 962 [6]= 962 [7]= 962 [8]= 962 [9]= 962 [10]= 962 [11]= 962 [12]= 962 
key_index after (DPU 125) [0]= 328 [1]= 643 [2]= 955 [3]= 955 [4]= 955 [5]= 955 [6]= 955 [7]= 955 [8]= 955 [9]= 955 [10]= 955 [11]= 955 [12]= 955 
key_index after (DPU 126) [0]= 364 [1]= 676 [2]= 976 [3]= 976 [4]= 976 [5]= 976 [6]= 976 [7]= 976 [8]= 976 [9]= 976 [10]= 976 [11]= 976 [12]= 976 
key_index after (DPU 127) [0]= 303 [1]= 643 [2]= 979 [3]= 979 [4]= 979 [5]= 979 [6]= 979 [7]= 979 [8]= 979 [9]= 979 [10]= 979 [11]= 979 [12]= 979 
key_index after (DPU 128) [0]= 305 [1]= 571 [2]= 872 [3]= 872 [4]= 872 [5]= 872 [6]= 872 [7]= 872 [8]= 872 [9]= 872 [10]= 872 [11]= 872 [12]= 872 
key_index after (DPU 129) [0]= 330 [1]= 680 [2]=1006 [3]=1006 [4]=1006 [5]=1006 [6]=1006 [7]=1006 [8]=1006 [9]=1006 [10]=1006 [11]=1006 [12]=1006 
key_index after (DPU 130) [0]= 302 [1]= 605 [2]= 925 [3]= 925 [4]= 925 [5]= 925 [6]= 925 [7]= 925 [8]= 925 [9]= 925 [10]= 925 [11]= 925 [12]= 925 
key_index after (DPU 131) [0]= 308 [1]= 622 [2]= 916 [3]= 916 [4]= 916 [5]= 916 [6]= 916 [7]= 916 [8]= 916 [9]= 916 [10]= 916 [11]= 916 [12]= 916 
key_index after (DPU 132) [0]= 313 [1]= 640 [2]= 932 [3]= 932 [4]= 932 [5]= 932 [6]= 932 [7]= 932 [8]= 932 [9]= 932 [10]= 932 [11]= 932 [12]= 932 
key_index after (DPU 133) [0]= 313 [1]= 642 [2]= 966 [3]= 966 [4]= 966 [5]= 966 [6]= 966 [7]= 966 [8]= 966 [9]= 966 [10]= 966 [11]= 966 [12]= 966 
key_index after (DPU 134) [0]= 289 [1]= 565 [2]= 865 [3]= 865 [4]= 865 [5]= 865 [6]= 865 [7]= 865 [8]= 865 [9]= 865 [10]= 865 [11]= 865 [12]= 865 
key_index after (DPU 135) [0]= 306 [1]= 591 [2]= 868 [3]= 868 [4]= 868 [5]= 868 [6]= 868 [7]= 868 [8]= 868 [9]= 868 [10]= 868 [11]= 868 [12]= 868 
key_index after (DPU 136) [0]= 305 [1]= 595 [2]= 899 [3]= 899 [4]= 899 [5]= 899 [6]= 899 [7]= 899 [8]= 899 [9]= 899 [10]= 899 [11]= 899 [12]= 899 
key_index after (DPU 137) [0]= 316 [1]= 587 [2]= 877 [3]= 877 [4]= 877 [5]= 877 [6]= 877 [7]= 877 [8]= 877 [9]= 877 [10]= 877 [11]= 877 [12]= 877 
key_index after (DPU 138) [0]= 307 [1]= 592 [2]= 867 [3]= 867 [4]= 867 [5]= 867 [6]= 867 [7]= 867 [8]= 867 [9]= 867 [10]= 867 [11]= 867 [12]= 867 
key_index after (DPU 139) [0]= 272 [1]= 583 [2]= 847 [3]= 847 [4]= 847 [5]= 847 [6]= 847 [7]= 847 [8]= 847 [9]= 847 [10]= 847 [11]= 847 [12]= 847 
key_index after (DPU 140) [0]= 308 [1]= 627 [2]= 923 [3]= 923 [4]= 923 [5]= 923 [6]= 923 [7]= 923 [8]= 923 [9]= 923 [10]= 923 [11]= 923 [12]= 923 
key_index after (DPU 141) [0]= 304 [1]= 606 [2]= 905 [3]= 905 [4]= 905 [5]= 905 [6]= 905 [7]= 905 [8]= 905 [9]= 905 [10]= 905 [11]= 905 [12]= 905 
key_index after (DPU 142) [0]= 313 [1]= 591 [2]= 906 [3]= 906 [4]= 906 [5]= 906 [6]= 906 [7]= 906 [8]= 906 [9]= 906 [10]= 906 [11]= 906 [12]= 906 
key_index after (DPU 143) [0]= 284 [1]= 554 [2]= 839 [3]= 839 [4]= 839 [5]= 839 [6]= 839 [7]= 839 [8]= 839 [9]= 839 [10]= 839 [11]= 839 [12]= 839 
key_index after (DPU 144) [0]= 270 [1]= 577 [2]= 867 [3]= 867 [4]= 867 [5]= 867 [6]= 867 [7]= 867 [8]= 867 [9]= 867 [10]= 867 [11]= 867 [12]= 867 
key_index after (DPU 145) [0]= 294 [1]= 564 [2]= 839 [3]= 839 [4]= 839 [5]= 839 [6]= 839 [7]= 839 [8]= 839 [9]= 839 [10]= 839 [11]= 839 [12]= 839 
key_index after (DPU 146) [0]= 323 [1]= 565 [2]= 842 [3]= 842 [4]= 842 [5]= 842 [6]= 842 [7]= 842 [8]= 842 [9]= 842 [10]= 842 [11]= 842 [12]= 842 
key_index after (DPU 147) [0]= 284 [1]= 554 [2]= 824 [3]= 824 [4]= 824 [5]= 824 [6]= 824 [7]= 824 [8]= 824 [9]= 824 [10]= 824 [11]= 824 [12]= 824 
key_index after (DPU 148) [0]= 278 [1]= 542 [2]= 804 [3]= 804 [4]= 804 [5]= 804 [6]= 804 [7]= 804 [8]= 804 [9]= 804 [10]= 804 [11]= 804 [12]= 804 
key_index after (DPU 149) [0]= 276 [1]= 525 [2]= 810 [3]= 810 [4]= 810 [5]= 810 [6]= 810 [7]= 810 [8]= 810 [9]= 810 [10]= 810 [11]= 810 [12]= 810 
key_index after (DPU 150) [0]= 276 [1]= 549 [2]= 773 [3]= 773 [4]= 773 [5]= 773 [6]= 773 [7]= 773 [8]= 773 [9]= 773 [10]= 773 [11]= 773 [12]= 773 
key_index after (DPU 151) [0]= 253 [1]= 520 [2]= 794 [3]= 794 [4]= 794 [5]= 794 [6]= 794 [7]= 794 [8]= 794 [9]= 794 [10]= 794 [11]= 794 [12]= 794 
key_index after (DPU 152) [0]= 282 [1]= 540 [2]= 809 [3]= 809 [4]= 809 [5]= 809 [6]= 809 [7]= 809 [8]= 809 [9]= 809 [10]= 809 [11]= 809 [12]= 809 
key_index after (DPU 153) [0]= 246 [1]= 513 [2]= 798 [3]= 798 [4]= 798 [5]= 798 [6]= 798 [7]= 798 [8]= 798 [9]= 798 [10]= 798 [11]= 798 [12]= 798 
key_index after (DPU 154) [0]= 252 [1]= 469 [2]= 721 [3]= 721 [4]= 721 [5]= 721 [6]= 721 [7]= 721 [8]= 721 [9]= 721 [10]= 721 [11]= 721 [12]= 721 
key_index after (DPU 155) [0]= 257 [1]= 531 [2]= 788 [3]= 788 [4]= 788 [5]= 788 [6]= 788 [7]= 788 [8]= 788 [9]= 788 [10]= 788 [11]= 788 [12]= 788 
key_index after (DPU 156) [0]= 222 [1]= 476 [2]= 724 [3]= 724 [4]= 724 [5]= 724 [6]= 724 [7]= 724 [8]= 724 [9]= 724 [10]= 724 [11]= 724 [12]= 724 
key_index after (DPU 157) [0]= 265 [1]= 522 [2]= 763 [3]= 763 [4]= 763 [5]= 763 [6]= 763 [7]= 763 [8]= 763 [9]= 763 [10]= 763 [11]= 763 [12]= 763 
key_index after (DPU 158) [0]= 216 [1]= 484 [2]= 728 [3]= 728 [4]= 728 [5]= 728 [6]= 728 [7]= 728 [8]= 728 [9]= 728 [10]= 728 [11]= 728 [12]= 728 
key_index after (DPU 159) [0]= 253 [1]= 523 [2]= 787 [3]= 787 [4]= 787 [5]= 787 [6]= 787 [7]= 787 [8]= 787 [9]= 787 [10]= 787 [11]= 787 [12]= 787 
key_index after (DPU 160) [0]= 257 [1]= 543 [2]= 788 [3]= 788 [4]= 788 [5]= 788 [6]= 788 [7]= 788 [8]= 788 [9]= 788 [10]= 788 [11]= 788 [12]= 788 
key_index after (DPU 161) [0]= 235 [1]= 477 [2]= 728 [3]= 728 [4]= 728 [5]= 728 [6]= 728 [7]= 728 [8]= 728 [9]= 728 [10]= 728 [11]= 728 [12]= 728 
key_index after (DPU 162) [0]= 258 [1]= 544 [2]= 800 [3]= 800 [4]= 800 [5]= 800 [6]= 800 [7]= 800 [8]= 800 [9]= 800 [10]= 800 [11]= 800 [12]= 800 
key_index after (DPU 163) [0]= 239 [1]= 475 [2]= 719 [3]= 719 [4]= 719 [5]= 719 [6]= 719 [7]= 719 [8]= 719 [9]= 719 [10]= 719 [11]= 719 [12]= 719 
key_index after (DPU 164) [0]= 233 [1]= 479 [2]= 732 [3]= 732 [4]= 732 [5]= 732 [6]= 732 [7]= 732 [8]= 732 [9]= 732 [10]= 732 [11]= 732 [12]= 732 
key_index after (DPU 165) [0]= 236 [1]= 488 [2]= 738 [3]= 738 [4]= 738 [5]= 738 [6]= 738 [7]= 738 [8]= 738 [9]= 738 [10]= 738 [11]= 738 [12]= 738 
key_index after (DPU 166) [0]= 254 [1]= 519 [2]= 753 [3]= 753 [4]= 753 [5]= 753 [6]= 753 [7]= 753 [8]= 753 [9]= 753 [10]= 753 [11]= 753 [12]= 753 
key_index after (DPU 167) [0]= 221 [1]= 443 [2]= 685 [3]= 685 [4]= 685 [5]= 685 [6]= 685 [7]= 685 [8]= 685 [9]= 685 [10]= 685 [11]= 685 [12]= 685 
key_index after (DPU 168) [0]= 232 [1]= 467 [2]= 715 [3]= 715 [4]= 715 [5]= 715 [6]= 715 [7]= 715 [8]= 715 [9]= 715 [10]= 715 [11]= 715 [12]= 715 
key_index after (DPU 169) [0]= 239 [1]= 481 [2]= 715 [3]= 715 [4]= 715 [5]= 715 [6]= 715 [7]= 715 [8]= 715 [9]= 715 [10]= 715 [11]= 715 [12]= 715 
key_index after (DPU 170) [0]= 244 [1]= 482 [2]= 714 [3]= 714 [4]= 714 [5]= 714 [6]= 714 [7]= 714 [8]= 714 [9]= 714 [10]= 714 [11]= 714 [12]= 714 
key_index after (DPU 171) [0]= 235 [1]= 456 [2]= 712 [3]= 712 [4]= 712 [5]= 712 [6]= 712 [7]= 712 [8]= 712 [9]= 712 [10]= 712 [11]= 712 [12]= 712 
key_index after (DPU 172) [0]= 258 [1]= 493 [2]= 725 [3]= 725 [4]= 725 [5]= 725 [6]= 725 [7]= 725 [8]= 725 [9]= 725 [10]= 725 [11]= 725 [12]= 725 
key_index after (DPU 173) [0]= 220 [1]= 443 [2]= 704 [3]= 704 [4]= 704 [5]= 704 [6]= 704 [7]= 704 [8]= 704 [9]= 704 [10]= 704 [11]= 704 [12]= 704 
key_index after (DPU 174) [0]= 227 [1]= 448 [2]= 690 [3]= 690 [4]= 690 [5]= 690 [6]= 690 [7]= 690 [8]= 690 [9]= 690 [10]= 690 [11]= 690 [12]= 690 
key_index after (DPU 175) [0]= 225 [1]= 442 [2]= 657 [3]= 657 [4]= 657 [5]= 657 [6]= 657 [7]= 657 [8]= 657 [9]= 657 [10]= 657 [11]= 657 [12]= 657 
key_index after (DPU 176) [0]= 225 [1]= 460 [2]= 690 [3]= 690 [4]= 690 [5]= 690 [6]= 690 [7]= 690 [8]= 690 [9]= 690 [10]= 690 [11]= 690 [12]= 690 
key_index after (DPU 177) [0]= 230 [1]= 447 [2]= 688 [3]= 688 [4]= 688 [5]= 688 [6]= 688 [7]= 688 [8]= 688 [9]= 688 [10]= 688 [11]= 688 [12]= 688 
key_index after (DPU 178) [0]= 221 [1]= 434 [2]= 646 [3]= 646 [4]= 646 [5]= 646 [6]= 646 [7]= 646 [8]= 646 [9]= 646 [10]= 646 [11]= 646 [12]= 646 
key_index after (DPU 179) [0]= 179 [1]= 420 [2]= 635 [3]= 635 [4]= 635 [5]= 635 [6]= 635 [7]= 635 [8]= 635 [9]= 635 [10]= 635 [11]= 635 [12]= 635 
key_index after (DPU 180) [0]= 228 [1]= 452 [2]= 681 [3]= 681 [4]= 681 [5]= 681 [6]= 681 [7]= 681 [8]= 681 [9]= 681 [10]= 681 [11]= 681 [12]= 681 
key_index after (DPU 181) [0]= 233 [1]= 434 [2]= 681 [3]= 681 [4]= 681 [5]= 681 [6]= 681 [7]= 681 [8]= 681 [9]= 681 [10]= 681 [11]= 681 [12]= 681 
key_index after (DPU 182) [0]= 215 [1]= 453 [2]= 650 [3]= 650 [4]= 650 [5]= 650 [6]= 650 [7]= 650 [8]= 650 [9]= 650 [10]= 650 [11]= 650 [12]= 650 
key_index after (DPU 183) [0]= 227 [1]= 443 [2]= 675 [3]= 675 [4]= 675 [5]= 675 [6]= 675 [7]= 675 [8]= 675 [9]= 675 [10]= 675 [11]= 675 [12]= 675 
key_index after (DPU 184) [0]= 230 [1]= 459 [2]= 683 [3]= 683 [4]= 683 [5]= 683 [6]= 683 [7]= 683 [8]= 683 [9]= 683 [10]= 683 [11]= 683 [12]= 683 
key_index after (DPU 185) [0]= 244 [1]= 449 [2]= 636 [3]= 636 [4]= 636 [5]= 636 [6]= 636 [7]= 636 [8]= 636 [9]= 636 [10]= 636 [11]= 636 [12]= 636 
key_index after (DPU 186) [0]= 215 [1]= 413 [2]= 647 [3]= 647 [4]= 647 [5]= 647 [6]= 647 [7]= 647 [8]= 647 [9]= 647 [10]= 647 [11]= 647 [12]= 647 
key_index after (DPU 187) [0]= 208 [1]= 438 [2]= 650 [3]= 650 [4]= 650 [5]= 650 [6]= 650 [7]= 650 [8]= 650 [9]= 650 [10]= 650 [11]= 650 [12]= 650 
key_index after (DPU 188) [0]= 231 [1]= 437 [2]= 646 [3]= 646 [4]= 646 [5]= 646 [6]= 646 [7]= 646 [8]= 646 [9]= 646 [10]= 646 [11]= 646 [12]= 646 
key_index after (DPU 189) [0]= 221 [1]= 431 [2]= 629 [3]= 629 [4]= 629 [5]= 629 [6]= 629 [7]= 629 [8]= 629 [9]= 629 [10]= 629 [11]= 629 [12]= 629 
key_index after (DPU 190) [0]= 186 [1]= 432 [2]= 644 [3]= 644 [4]= 644 [5]= 644 [6]= 644 [7]= 644 [8]= 644 [9]= 644 [10]= 644 [11]= 644 [12]= 644 
key_index after (DPU 191) [0]= 206 [1]= 426 [2]= 641 [3]= 641 [4]= 641 [5]= 641 [6]= 641 [7]= 641 [8]= 641 [9]= 641 [10]= 641 [11]= 641 [12]= 641 
key_index after (DPU 192) [0]= 195 [1]= 396 [2]= 618 [3]= 618 [4]= 618 [5]= 618 [6]= 618 [7]= 618 [8]= 618 [9]= 618 [10]= 618 [11]= 618 [12]= 618 
key_index after (DPU 193) [0]= 189 [1]= 403 [2]= 610 [3]= 610 [4]= 610 [5]= 610 [6]= 610 [7]= 610 [8]= 610 [9]= 610 [10]= 610 [11]= 610 [12]= 610 
key_index after (DPU 194) [0]= 195 [1]= 399 [2]= 598 [3]= 598 [4]= 598 [5]= 598 [6]= 598 [7]= 598 [8]= 598 [9]= 598 [10]= 598 [11]= 598 [12]= 598 
key_index after (DPU 195) [0]= 196 [1]= 403 [2]= 615 [3]= 615 [4]= 615 [5]= 615 [6]= 615 [7]= 615 [8]= 615 [9]= 615 [10]= 615 [11]= 615 [12]= 615 
key_index after (DPU 196) [0]= 215 [1]= 407 [2]= 608 [3]= 608 [4]= 608 [5]= 608 [6]= 608 [7]= 608 [8]= 608 [9]= 608 [10]= 608 [11]= 608 [12]= 608 
key_index after (DPU 197) [0]= 187 [1]= 370 [2]= 555 [3]= 555 [4]= 555 [5]= 555 [6]= 555 [7]= 555 [8]= 555 [9]= 555 [10]= 555 [11]= 555 [12]= 555 
key_index after (DPU 198) [0]= 184 [1]= 391 [2]= 580 [3]= 580 [4]= 580 [5]= 580 [6]= 580 [7]= 580 [8]= 580 [9]= 580 [10]= 580 [11]= 580 [12]= 580 
key_index after (DPU 199) [0]= 196 [1]= 387 [2]= 556 [3]= 556 [4]= 556 [5]= 556 [6]= 556 [7]= 556 [8]= 556 [9]= 556 [10]= 556 [11]= 556 [12]= 556 
key_index after (DPU 200) [0]= 189 [1]= 371 [2]= 595 [3]= 595 [4]= 595 [5]= 595 [6]= 595 [7]= 595 [8]= 595 [9]= 595 [10]= 595 [11]= 595 [12]= 595 
key_index after (DPU 201) [0]= 189 [1]= 386 [2]= 564 [3]= 564 [4]= 564 [5]= 564 [6]= 564 [7]= 564 [8]= 564 [9]= 564 [10]= 564 [11]= 564 [12]= 564 
key_index after (DPU 202) [0]= 224 [1]= 399 [2]= 583 [3]= 583 [4]= 583 [5]= 583 [6]= 583 [7]= 583 [8]= 583 [9]= 583 [10]= 583 [11]= 583 [12]= 583 
key_index after (DPU 203) [0]= 196 [1]= 403 [2]= 618 [3]= 618 [4]= 618 [5]= 618 [6]= 618 [7]= 618 [8]= 618 [9]= 618 [10]= 618 [11]= 618 [12]= 618 
key_index after (DPU 204) [0]= 178 [1]= 358 [2]= 569 [3]= 569 [4]= 569 [5]= 569 [6]= 569 [7]= 569 [8]= 569 [9]= 569 [10]= 569 [11]= 569 [12]= 569 
key_index after (DPU 205) [0]= 169 [1]= 368 [2]= 556 [3]= 556 [4]= 556 [5]= 556 [6]= 556 [7]= 556 [8]= 556 [9]= 556 [10]= 556 [11]= 556 [12]= 556 
key_index after (DPU 206) [0]= 210 [1]= 382 [2]= 570 [3]= 570 [4]= 570 [5]= 570 [6]= 570 [7]= 570 [8]= 570 [9]= 570 [10]= 570 [11]= 570 [12]= 570 
key_index after (DPU 207) [0]= 185 [1]= 366 [2]= 585 [3]= 585 [4]= 585 [5]= 585 [6]= 585 [7]= 585 [8]= 585 [9]= 585 [10]= 585 [11]= 585 [12]= 585 
key_index after (DPU 208) [0]= 216 [1]= 418 [2]= 580 [3]= 580 [4]= 580 [5]= 580 [6]= 580 [7]= 580 [8]= 580 [9]= 580 [10]= 580 [11]= 580 [12]= 580 
key_index after (DPU 209) [0]= 196 [1]= 390 [2]= 591 [3]= 591 [4]= 591 [5]= 591 [6]= 591 [7]= 591 [8]= 591 [9]= 591 [10]= 591 [11]= 591 [12]= 591 
key_index after (DPU 210) [0]= 193 [1]= 395 [2]= 584 [3]= 584 [4]= 584 [5]= 584 [6]= 584 [7]= 584 [8]= 584 [9]= 584 [10]= 584 [11]= 584 [12]= 584 
key_index after (DPU 211) [0]= 185 [1]= 403 [2]= 591 [3]= 591 [4]= 591 [5]= 591 [6]= 591 [7]= 591 [8]= 591 [9]= 591 [10]= 591 [11]= 591 [12]= 591 
key_index after (DPU 212) [0]= 193 [1]= 387 [2]= 583 [3]= 583 [4]= 583 [5]= 583 [6]= 583 [7]= 583 [8]= 583 [9]= 583 [10]= 583 [11]= 583 [12]= 583 
key_index after (DPU 213) [0]= 188 [1]= 371 [2]= 562 [3]= 562 [4]= 562 [5]= 562 [6]= 562 [7]= 562 [8]= 562 [9]= 562 [10]= 562 [11]= 562 [12]= 562 
key_index after (DPU 214) [0]= 204 [1]= 381 [2]= 553 [3]= 553 [4]= 553 [5]= 553 [6]= 553 [7]= 553 [8]= 553 [9]= 553 [10]= 553 [11]= 553 [12]= 553 
key_index after (DPU 215) [0]= 199 [1]= 382 [2]= 553 [3]= 553 [4]= 553 [5]= 553 [6]= 553 [7]= 553 [8]= 553 [9]= 553 [10]= 553 [11]= 553 [12]= 553 
key_index after (DPU 216) [0]= 163 [1]= 346 [2]= 537 [3]= 537 [4]= 537 [5]= 537 [6]= 537 [7]= 537 [8]= 537 [9]= 537 [10]= 537 [11]= 537 [12]= 537 
key_index after (DPU 217) [0]= 172 [1]= 362 [2]= 549 [3]= 549 [4]= 549 [5]= 549 [6]= 549 [7]= 549 [8]= 549 [9]= 549 [10]= 549 [11]= 549 [12]= 549 
key_index after (DPU 218) [0]= 197 [1]= 374 [2]= 590 [3]= 590 [4]= 590 [5]= 590 [6]= 590 [7]= 590 [8]= 590 [9]= 590 [10]= 590 [11]= 590 [12]= 590 
key_index after (DPU 219) [0]= 201 [1]= 393 [2]= 583 [3]= 583 [4]= 583 [5]= 583 [6]= 583 [7]= 583 [8]= 583 [9]= 583 [10]= 583 [11]= 583 [12]= 583 
key_index after (DPU 220) [0]= 195 [1]= 397 [2]= 604 [3]= 604 [4]= 604 [5]= 604 [6]= 604 [7]= 604 [8]= 604 [9]= 604 [10]= 604 [11]= 604 [12]= 604 
key_index after (DPU 221) [0]= 195 [1]= 385 [2]= 572 [3]= 572 [4]= 572 [5]= 572 [6]= 572 [7]= 572 [8]= 572 [9]= 572 [10]= 572 [11]= 572 [12]= 572 
key_index after (DPU 222) [0]= 182 [1]= 368 [2]= 548 [3]= 548 [4]= 548 [5]= 548 [6]= 548 [7]= 548 [8]= 548 [9]= 548 [10]= 548 [11]= 548 [12]= 548 
key_index after (DPU 223) [0]= 193 [1]= 387 [2]= 555 [3]= 555 [4]= 555 [5]= 555 [6]= 555 [7]= 555 [8]= 555 [9]= 555 [10]= 555 [11]= 555 [12]= 555 
key_index after (DPU 224) [0]= 178 [1]= 363 [2]= 543 [3]= 543 [4]= 543 [5]= 543 [6]= 543 [7]= 543 [8]= 543 [9]= 543 [10]= 543 [11]= 543 [12]= 543 
key_index after (DPU 225) [0]= 187 [1]= 368 [2]= 542 [3]= 542 [4]= 542 [5]= 542 [6]= 542 [7]= 542 [8]= 542 [9]= 542 [10]= 542 [11]= 542 [12]= 542 
key_index after (DPU 226) [0]= 168 [1]= 348 [2]= 520 [3]= 520 [4]= 520 [5]= 520 [6]= 520 [7]= 520 [8]= 520 [9]= 520 [10]= 520 [11]= 520 [12]= 520 
key_index after (DPU 227) [0]= 195 [1]= 365 [2]= 520 [3]= 520 [4]= 520 [5]= 520 [6]= 520 [7]= 520 [8]= 520 [9]= 520 [10]= 520 [11]= 520 [12]= 520 
key_index after (DPU 228) [0]= 202 [1]= 387 [2]= 556 [3]= 556 [4]= 556 [5]= 556 [6]= 556 [7]= 556 [8]= 556 [9]= 556 [10]= 556 [11]= 556 [12]= 556 
key_index after (DPU 229) [0]= 168 [1]= 339 [2]= 518 [3]= 518 [4]= 518 [5]= 518 [6]= 518 [7]= 518 [8]= 518 [9]= 518 [10]= 518 [11]= 518 [12]= 518 
key_index after (DPU 230) [0]= 162 [1]= 349 [2]= 518 [3]= 518 [4]= 518 [5]= 518 [6]= 518 [7]= 518 [8]= 518 [9]= 518 [10]= 518 [11]= 518 [12]= 518 
key_index after (DPU 231) [0]= 165 [1]= 336 [2]= 496 [3]= 496 [4]= 496 [5]= 496 [6]= 496 [7]= 496 [8]= 496 [9]= 496 [10]= 496 [11]= 496 [12]= 496 
key_index after (DPU 232) [0]= 176 [1]= 348 [2]= 535 [3]= 535 [4]= 535 [5]= 535 [6]= 535 [7]= 535 [8]= 535 [9]= 535 [10]= 535 [11]= 535 [12]= 535 
key_index after (DPU 233) [0]= 194 [1]= 371 [2]= 545 [3]= 545 [4]= 545 [5]= 545 [6]= 545 [7]= 545 [8]= 545 [9]= 545 [10]= 545 [11]= 545 [12]= 545 
key_index after (DPU 234) [0]= 157 [1]= 322 [2]= 507 [3]= 507 [4]= 507 [5]= 507 [6]= 507 [7]= 507 [8]= 507 [9]= 507 [10]= 507 [11]= 507 [12]= 507 
key_index after (DPU 235) [0]= 161 [1]= 331 [2]= 505 [3]= 505 [4]= 505 [5]= 505 [6]= 505 [7]= 505 [8]= 505 [9]= 505 [10]= 505 [11]= 505 [12]= 505 
key_index after (DPU 236) [0]= 178 [1]= 354 [2]= 525 [3]= 525 [4]= 525 [5]= 525 [6]= 525 [7]= 525 [8]= 525 [9]= 525 [10]= 525 [11]= 525 [12]= 525 
key_index after (DPU 237) [0]= 164 [1]= 338 [2]= 536 [3]= 536 [4]= 536 [5]= 536 [6]= 536 [7]= 536 [8]= 536 [9]= 536 [10]= 536 [11]= 536 [12]= 536 
key_index after (DPU 238) [0]= 175 [1]= 346 [2]= 497 [3]= 497 [4]= 497 [5]= 497 [6]= 497 [7]= 497 [8]= 497 [9]= 497 [10]= 497 [11]= 497 [12]= 497 
key_index after (DPU 239) [0]= 146 [1]= 322 [2]= 495 [3]= 495 [4]= 495 [5]= 495 [6]= 495 [7]= 495 [8]= 495 [9]= 495 [10]= 495 [11]= 495 [12]= 495 
key_index after (DPU 240) [0]= 174 [1]= 354 [2]= 507 [3]= 507 [4]= 507 [5]= 507 [6]= 507 [7]= 507 [8]= 507 [9]= 507 [10]= 507 [11]= 507 [12]= 507 
key_index after (DPU 241) [0]= 170 [1]= 345 [2]= 522 [3]= 522 [4]= 522 [5]= 522 [6]= 522 [7]= 522 [8]= 522 [9]= 522 [10]= 522 [11]= 522 [12]= 522 
key_index after (DPU 242) [0]= 179 [1]= 358 [2]= 505 [3]= 505 [4]= 505 [5]= 505 [6]= 505 [7]= 505 [8]= 505 [9]= 505 [10]= 505 [11]= 505 [12]= 505 
key_index after (DPU 243) [0]= 171 [1]= 345 [2]= 483 [3]= 483 [4]= 483 [5]= 483 [6]= 483 [7]= 483 [8]= 483 [9]= 483 [10]= 483 [11]= 483 [12]= 483 
key_index after (DPU 244) [0]= 166 [1]= 319 [2]= 466 [3]= 466 [4]= 466 [5]= 466 [6]= 466 [7]= 466 [8]= 466 [9]= 466 [10]= 466 [11]= 466 [12]= 466 
key_index after (DPU 245) [0]= 144 [1]= 326 [2]= 500 [3]= 500 [4]= 500 [5]= 500 [6]= 500 [7]= 500 [8]= 500 [9]= 500 [10]= 500 [11]= 500 [12]= 500 
key_index after (DPU 246) [0]= 175 [1]= 327 [2]= 503 [3]= 503 [4]= 503 [5]= 503 [6]= 503 [7]= 503 [8]= 503 [9]= 503 [10]= 503 [11]= 503 [12]= 503 
key_index after (DPU 247) [0]= 155 [1]= 321 [2]= 485 [3]= 485 [4]= 485 [5]= 485 [6]= 485 [7]= 485 [8]= 485 [9]= 485 [10]= 485 [11]= 485 [12]= 485 
key_index after (DPU 248) [0]= 168 [1]= 349 [2]= 510 [3]= 510 [4]= 510 [5]= 510 [6]= 510 [7]= 510 [8]= 510 [9]= 510 [10]= 510 [11]= 510 [12]= 510 
key_index after (DPU 249) [0]= 167 [1]= 322 [2]= 508 [3]= 508 [4]= 508 [5]= 508 [6]= 508 [7]= 508 [8]= 508 [9]= 508 [10]= 508 [11]= 508 [12]= 508 
key_index after (DPU 250) [0]= 164 [1]= 307 [2]= 486 [3]= 486 [4]= 486 [5]= 486 [6]= 486 [7]= 486 [8]= 486 [9]= 486 [10]= 486 [11]= 486 [12]= 486 
key_index after (DPU 251) [0]= 169 [1]= 358 [2]= 504 [3]= 504 [4]= 504 [5]= 504 [6]= 504 [7]= 504 [8]= 504 [9]= 504 [10]= 504 [11]= 504 [12]= 504 
key_index after (DPU 252) [0]= 148 [1]= 310 [2]= 480 [3]= 480 [4]= 480 [5]= 480 [6]= 480 [7]= 480 [8]= 480 [9]= 480 [10]= 480 [11]= 480 [12]= 480 
key_index after (DPU 253) [0]= 152 [1]= 317 [2]= 487 [3]= 487 [4]= 487 [5]= 487 [6]= 487 [7]= 487 [8]= 487 [9]= 487 [10]= 487 [11]= 487 [12]= 487 
key_index after (DPU 254) [0]= 176 [1]= 358 [2]= 526 [3]= 526 [4]= 526 [5]= 526 [6]= 526 [7]= 526 [8]= 526 [9]= 526 [10]= 526 [11]= 526 [12]= 526 
key_index after (DPU 255) [0]= 176 [1]= 346 [2]= 499 [3]= 499 [4]= 499 [5]= 499 [6]= 499 [7]= 499 [8]= 499 [9]= 499 [10]= 499 [11]= 499 [12]= 499 
key_index after (DPU 256) [0]= 167 [1]= 307 [2]= 449 [3]= 449 [4]= 449 [5]= 449 [6]= 449 [7]= 449 [8]= 449 [9]= 449 [10]= 449 [11]= 449 [12]= 449 
key_index after (DPU 257) [0]= 155 [1]= 295 [2]= 444 [3]= 444 [4]= 444 [5]= 444 [6]= 444 [7]= 444 [8]= 444 [9]= 444 [10]= 444 [11]= 444 [12]= 444 
key_index after (DPU 258) [0]= 183 [1]= 349 [2]= 493 [3]= 493 [4]= 493 [5]= 493 [6]= 493 [7]= 493 [8]= 493 [9]= 493 [10]= 493 [11]= 493 [12]= 493 
key_index after (DPU 259) [0]= 166 [1]= 330 [2]= 497 [3]= 497 [4]= 497 [5]= 497 [6]= 497 [7]= 497 [8]= 497 [9]= 497 [10]= 497 [11]= 497 [12]= 497 
key_index after (DPU 260) [0]= 157 [1]= 297 [2]= 453 [3]= 453 [4]= 453 [5]= 453 [6]= 453 [7]= 453 [8]= 453 [9]= 453 [10]= 453 [11]= 453 [12]= 453 
key_index after (DPU 261) [0]= 160 [1]= 300 [2]= 455 [3]= 455 [4]= 455 [5]= 455 [6]= 455 [7]= 455 [8]= 455 [9]= 455 [10]= 455 [11]= 455 [12]= 455 
key_index after (DPU 262) [0]= 151 [1]= 319 [2]= 481 [3]= 481 [4]= 481 [5]= 481 [6]= 481 [7]= 481 [8]= 481 [9]= 481 [10]= 481 [11]= 481 [12]= 481 
key_index after (DPU 263) [0]= 151 [1]= 294 [2]= 446 [3]= 446 [4]= 446 [5]= 446 [6]= 446 [7]= 446 [8]= 446 [9]= 446 [10]= 446 [11]= 446 [12]= 446 
key_index after (DPU 264) [0]= 147 [1]= 315 [2]= 468 [3]= 468 [4]= 468 [5]= 468 [6]= 468 [7]= 468 [8]= 468 [9]= 468 [10]= 468 [11]= 468 [12]= 468 
key_index after (DPU 265) [0]= 147 [1]= 293 [2]= 446 [3]= 446 [4]= 446 [5]= 446 [6]= 446 [7]= 446 [8]= 446 [9]= 446 [10]= 446 [11]= 446 [12]= 446 
key_index after (DPU 266) [0]= 142 [1]= 305 [2]= 471 [3]= 471 [4]= 471 [5]= 471 [6]= 471 [7]= 471 [8]= 471 [9]= 471 [10]= 471 [11]= 471 [12]= 471 
key_index after (DPU 267) [0]= 141 [1]= 298 [2]= 438 [3]= 438 [4]= 438 [5]= 438 [6]= 438 [7]= 438 [8]= 438 [9]= 438 [10]= 438 [11]= 438 [12]= 438 
key_index after (DPU 268) [0]= 155 [1]= 308 [2]= 450 [3]= 450 [4]= 450 [5]= 450 [6]= 450 [7]= 450 [8]= 450 [9]= 450 [10]= 450 [11]= 450 [12]= 450 
key_index after (DPU 269) [0]= 135 [1]= 297 [2]= 439 [3]= 439 [4]= 439 [5]= 439 [6]= 439 [7]= 439 [8]= 439 [9]= 439 [10]= 439 [11]= 439 [12]= 439 
key_index after (DPU 270) [0]= 141 [1]= 302 [2]= 455 [3]= 455 [4]= 455 [5]= 455 [6]= 455 [7]= 455 [8]= 455 [9]= 455 [10]= 455 [11]= 455 [12]= 455 
key_index after (DPU 271) [0]= 154 [1]= 293 [2]= 439 [3]= 439 [4]= 439 [5]= 439 [6]= 439 [7]= 439 [8]= 439 [9]= 439 [10]= 439 [11]= 439 [12]= 439 
key_index after (DPU 272) [0]= 140 [1]= 303 [2]= 450 [3]= 450 [4]= 450 [5]= 450 [6]= 450 [7]= 450 [8]= 450 [9]= 450 [10]= 450 [11]= 450 [12]= 450 
key_index after (DPU 273) [0]= 153 [1]= 282 [2]= 446 [3]= 446 [4]= 446 [5]= 446 [6]= 446 [7]= 446 [8]= 446 [9]= 446 [10]= 446 [11]= 446 [12]= 446 
key_index after (DPU 274) [0]= 133 [1]= 272 [2]= 432 [3]= 432 [4]= 432 [5]= 432 [6]= 432 [7]= 432 [8]= 432 [9]= 432 [10]= 432 [11]= 432 [12]= 432 
key_index after (DPU 275) [0]= 135 [1]= 295 [2]= 450 [3]= 450 [4]= 450 [5]= 450 [6]= 450 [7]= 450 [8]= 450 [9]= 450 [10]= 450 [11]= 450 [12]= 450 
key_index after (DPU 276) [0]= 161 [1]= 313 [2]= 460 [3]= 460 [4]= 460 [5]= 460 [6]= 460 [7]= 460 [8]= 460 [9]= 460 [10]= 460 [11]= 460 [12]= 460 
key_index after (DPU 277) [0]= 117 [1]= 289 [2]= 437 [3]= 437 [4]= 437 [5]= 437 [6]= 437 [7]= 437 [8]= 437 [9]= 437 [10]= 437 [11]= 437 [12]= 437 
key_index after (DPU 278) [0]= 169 [1]= 314 [2]= 452 [3]= 452 [4]= 452 [5]= 452 [6]= 452 [7]= 452 [8]= 452 [9]= 452 [10]= 452 [11]= 452 [12]= 452 
key_index after (DPU 279) [0]= 143 [1]= 312 [2]= 465 [3]= 465 [4]= 465 [5]= 465 [6]= 465 [7]= 465 [8]= 465 [9]= 465 [10]= 465 [11]= 465 [12]= 465 
key_index after (DPU 280) [0]= 145 [1]= 282 [2]= 422 [3]= 422 [4]= 422 [5]= 422 [6]= 422 [7]= 422 [8]= 422 [9]= 422 [10]= 422 [11]= 422 [12]= 422 
key_index after (DPU 281) [0]= 146 [1]= 288 [2]= 440 [3]= 440 [4]= 440 [5]= 440 [6]= 440 [7]= 440 [8]= 440 [9]= 440 [10]= 440 [11]= 440 [12]= 440 
key_index after (DPU 282) [0]= 148 [1]= 287 [2]= 434 [3]= 434 [4]= 434 [5]= 434 [6]= 434 [7]= 434 [8]= 434 [9]= 434 [10]= 434 [11]= 434 [12]= 434 
key_index after (DPU 283) [0]= 151 [1]= 278 [2]= 434 [3]= 434 [4]= 434 [5]= 434 [6]= 434 [7]= 434 [8]= 434 [9]= 434 [10]= 434 [11]= 434 [12]= 434 
key_index after (DPU 284) [0]= 173 [1]= 316 [2]= 429 [3]= 429 [4]= 429 [5]= 429 [6]= 429 [7]= 429 [8]= 429 [9]= 429 [10]= 429 [11]= 429 [12]= 429 
key_index after (DPU 285) [0]= 153 [1]= 293 [2]= 437 [3]= 437 [4]= 437 [5]= 437 [6]= 437 [7]= 437 [8]= 437 [9]= 437 [10]= 437 [11]= 437 [12]= 437 
key_index after (DPU 286) [0]= 152 [1]= 290 [2]= 427 [3]= 427 [4]= 427 [5]= 427 [6]= 427 [7]= 427 [8]= 427 [9]= 427 [10]= 427 [11]= 427 [12]= 427 
key_index after (DPU 287) [0]= 139 [1]= 292 [2]= 420 [3]= 420 [4]= 420 [5]= 420 [6]= 420 [7]= 420 [8]= 420 [9]= 420 [10]= 420 [11]= 420 [12]= 420 
key_index after (DPU 288) [0]= 142 [1]= 288 [2]= 424 [3]= 424 [4]= 424 [5]= 424 [6]= 424 [7]= 424 [8]= 424 [9]= 424 [10]= 424 [11]= 424 [12]= 424 
key_index after (DPU 289) [0]= 141 [1]= 306 [2]= 425 [3]= 425 [4]= 425 [5]= 425 [6]= 425 [7]= 425 [8]= 425 [9]= 425 [10]= 425 [11]= 425 [12]= 425 
key_index after (DPU 290) [0]= 148 [1]= 274 [2]= 422 [3]= 422 [4]= 422 [5]= 422 [6]= 422 [7]= 422 [8]= 422 [9]= 422 [10]= 422 [11]= 422 [12]= 422 
key_index after (DPU 291) [0]= 169 [1]= 310 [2]= 458 [3]= 458 [4]= 458 [5]= 458 [6]= 458 [7]= 458 [8]= 458 [9]= 458 [10]= 458 [11]= 458 [12]= 458 
key_index after (DPU 292) [0]= 129 [1]= 274 [2]= 392 [3]= 392 [4]= 392 [5]= 392 [6]= 392 [7]= 392 [8]= 392 [9]= 392 [10]= 392 [11]= 392 [12]= 392 
key_index after (DPU 293) [0]= 126 [1]= 301 [2]= 426 [3]= 426 [4]= 426 [5]= 426 [6]= 426 [7]= 426 [8]= 426 [9]= 426 [10]= 426 [11]= 426 [12]= 426 
key_index after (DPU 294) [0]= 133 [1]= 290 [2]= 450 [3]= 450 [4]= 450 [5]= 450 [6]= 450 [7]= 450 [8]= 450 [9]= 450 [10]= 450 [11]= 450 [12]= 450 
key_index after (DPU 295) [0]= 145 [1]= 283 [2]= 421 [3]= 421 [4]= 421 [5]= 421 [6]= 421 [7]= 421 [8]= 421 [9]= 421 [10]= 421 [11]= 421 [12]= 421 
key_index after (DPU 296) [0]= 147 [1]= 286 [2]= 430 [3]= 430 [4]= 430 [5]= 430 [6]= 430 [7]= 430 [8]= 430 [9]= 430 [10]= 430 [11]= 430 [12]= 430 
key_index after (DPU 297) [0]= 133 [1]= 272 [2]= 389 [3]= 389 [4]= 389 [5]= 389 [6]= 389 [7]= 389 [8]= 389 [9]= 389 [10]= 389 [11]= 389 [12]= 389 
key_index after (DPU 298) [0]= 139 [1]= 272 [2]= 403 [3]= 403 [4]= 403 [5]= 403 [6]= 403 [7]= 403 [8]= 403 [9]= 403 [10]= 403 [11]= 403 [12]= 403 
key_index after (DPU 299) [0]= 136 [1]= 282 [2]= 417 [3]= 417 [4]= 417 [5]= 417 [6]= 417 [7]= 417 [8]= 417 [9]= 417 [10]= 417 [11]= 417 [12]= 417 
key_index after (DPU 300) [0]= 133 [1]= 278 [2]= 431 [3]= 431 [4]= 431 [5]= 431 [6]= 431 [7]= 431 [8]= 431 [9]= 431 [10]= 431 [11]= 431 [12]= 431 
key_index after (DPU 301) [0]= 141 [1]= 260 [2]= 400 [3]= 400 [4]= 400 [5]= 400 [6]= 400 [7]= 400 [8]= 400 [9]= 400 [10]= 400 [11]= 400 [12]= 400 
key_index after (DPU 302) [0]= 141 [1]= 287 [2]= 421 [3]= 421 [4]= 421 [5]= 421 [6]= 421 [7]= 421 [8]= 421 [9]= 421 [10]= 421 [11]= 421 [12]= 421 
key_index after (DPU 303) [0]= 119 [1]= 257 [2]= 393 [3]= 393 [4]= 393 [5]= 393 [6]= 393 [7]= 393 [8]= 393 [9]= 393 [10]= 393 [11]= 393 [12]= 393 
key_index after (DPU 304) [0]= 133 [1]= 288 [2]= 436 [3]= 436 [4]= 436 [5]= 436 [6]= 436 [7]= 436 [8]= 436 [9]= 436 [10]= 436 [11]= 436 [12]= 436 
key_index after (DPU 305) [0]= 144 [1]= 285 [2]= 405 [3]= 405 [4]= 405 [5]= 405 [6]= 405 [7]= 405 [8]= 405 [9]= 405 [10]= 405 [11]= 405 [12]= 405 
key_index after (DPU 306) [0]= 127 [1]= 263 [2]= 420 [3]= 420 [4]= 420 [5]= 420 [6]= 420 [7]= 420 [8]= 420 [9]= 420 [10]= 420 [11]= 420 [12]= 420 
key_index after (DPU 307) [0]= 131 [1]= 254 [2]= 381 [3]= 381 [4]= 381 [5]= 381 [6]= 381 [7]= 381 [8]= 381 [9]= 381 [10]= 381 [11]= 381 [12]= 381 
key_index after (DPU 308) [0]= 122 [1]= 259 [2]= 371 [3]= 371 [4]= 371 [5]= 371 [6]= 371 [7]= 371 [8]= 371 [9]= 371 [10]= 371 [11]= 371 [12]= 371 
key_index after (DPU 309) [0]= 115 [1]= 252 [2]= 385 [3]= 385 [4]= 385 [5]= 385 [6]= 385 [7]= 385 [8]= 385 [9]= 385 [10]= 385 [11]= 385 [12]= 385 
key_index after (DPU 310) [0]= 136 [1]= 276 [2]= 398 [3]= 398 [4]= 398 [5]= 398 [6]= 398 [7]= 398 [8]= 398 [9]= 398 [10]= 398 [11]= 398 [12]= 398 
key_index after (DPU 311) [0]= 120 [1]= 250 [2]= 383 [3]= 383 [4]= 383 [5]= 383 [6]= 383 [7]= 383 [8]= 383 [9]= 383 [10]= 383 [11]= 383 [12]= 383 
key_index after (DPU 312) [0]= 124 [1]= 259 [2]= 412 [3]= 412 [4]= 412 [5]= 412 [6]= 412 [7]= 412 [8]= 412 [9]= 412 [10]= 412 [11]= 412 [12]= 412 
key_index after (DPU 313) [0]= 130 [1]= 261 [2]= 377 [3]= 377 [4]= 377 [5]= 377 [6]= 377 [7]= 377 [8]= 377 [9]= 377 [10]= 377 [11]= 377 [12]= 377 
key_index after (DPU 314) [0]= 135 [1]= 263 [2]= 389 [3]= 389 [4]= 389 [5]= 389 [6]= 389 [7]= 389 [8]= 389 [9]= 389 [10]= 389 [11]= 389 [12]= 389 
key_index after (DPU 315) [0]= 138 [1]= 281 [2]= 422 [3]= 422 [4]= 422 [5]= 422 [6]= 422 [7]= 422 [8]= 422 [9]= 422 [10]= 422 [11]= 422 [12]= 422 
key_index after (DPU 316) [0]= 137 [1]= 269 [2]= 405 [3]= 405 [4]= 405 [5]= 405 [6]= 405 [7]= 405 [8]= 405 [9]= 405 [10]= 405 [11]= 405 [12]= 405 
key_index after (DPU 317) [0]= 130 [1]= 251 [2]= 378 [3]= 378 [4]= 378 [5]= 378 [6]= 378 [7]= 378 [8]= 378 [9]= 378 [10]= 378 [11]= 378 [12]= 378 
key_index after (DPU 318) [0]= 129 [1]= 249 [2]= 367 [3]= 367 [4]= 367 [5]= 367 [6]= 367 [7]= 367 [8]= 367 [9]= 367 [10]= 367 [11]= 367 [12]= 367 
key_index after (DPU 319) [0]= 115 [1]= 248 [2]= 374 [3]= 374 [4]= 374 [5]= 374 [6]= 374 [7]= 374 [8]= 374 [9]= 374 [10]= 374 [11]= 374 [12]= 374 
key_index after (DPU 320) [0]= 126 [1]= 243 [2]= 375 [3]= 375 [4]= 375 [5]= 375 [6]= 375 [7]= 375 [8]= 375 [9]= 375 [10]= 375 [11]= 375 [12]= 375 
key_index after (DPU 321) [0]= 140 [1]= 265 [2]= 394 [3]= 394 [4]= 394 [5]= 394 [6]= 394 [7]= 394 [8]= 394 [9]= 394 [10]= 394 [11]= 394 [12]= 394 
key_index after (DPU 322) [0]= 138 [1]= 271 [2]= 385 [3]= 385 [4]= 385 [5]= 385 [6]= 385 [7]= 385 [8]= 385 [9]= 385 [10]= 385 [11]= 385 [12]= 385 
key_index after (DPU 323) [0]= 121 [1]= 234 [2]= 371 [3]= 371 [4]= 371 [5]= 371 [6]= 371 [7]= 371 [8]= 371 [9]= 371 [10]= 371 [11]= 371 [12]= 371 
key_index after (DPU 324) [0]= 129 [1]= 273 [2]= 379 [3]= 379 [4]= 379 [5]= 379 [6]= 379 [7]= 379 [8]= 379 [9]= 379 [10]= 379 [11]= 379 [12]= 379 
key_index after (DPU 325) [0]= 147 [1]= 274 [2]= 392 [3]= 392 [4]= 392 [5]= 392 [6]= 392 [7]= 392 [8]= 392 [9]= 392 [10]= 392 [11]= 392 [12]= 392 
key_index after (DPU 326) [0]= 138 [1]= 274 [2]= 401 [3]= 401 [4]= 401 [5]= 401 [6]= 401 [7]= 401 [8]= 401 [9]= 401 [10]= 401 [11]= 401 [12]= 401 
key_index after (DPU 327) [0]= 122 [1]= 255 [2]= 368 [3]= 368 [4]= 368 [5]= 368 [6]= 368 [7]= 368 [8]= 368 [9]= 368 [10]= 368 [11]= 368 [12]= 368 
key_index after (DPU 328) [0]= 130 [1]= 258 [2]= 390 [3]= 390 [4]= 390 [5]= 390 [6]= 390 [7]= 390 [8]= 390 [9]= 390 [10]= 390 [11]= 390 [12]= 390 
key_index after (DPU 329) [0]= 140 [1]= 263 [2]= 383 [3]= 383 [4]= 383 [5]= 383 [6]= 383 [7]= 383 [8]= 383 [9]= 383 [10]= 383 [11]= 383 [12]= 383 
key_index after (DPU 330) [0]= 117 [1]= 244 [2]= 379 [3]= 379 [4]= 379 [5]= 379 [6]= 379 [7]= 379 [8]= 379 [9]= 379 [10]= 379 [11]= 379 [12]= 379 
key_index after (DPU 331) [0]= 136 [1]= 247 [2]= 381 [3]= 381 [4]= 381 [5]= 381 [6]= 381 [7]= 381 [8]= 381 [9]= 381 [10]= 381 [11]= 381 [12]= 381 
key_index after (DPU 332) [0]= 126 [1]= 228 [2]= 352 [3]= 352 [4]= 352 [5]= 352 [6]= 352 [7]= 352 [8]= 352 [9]= 352 [10]= 352 [11]= 352 [12]= 352 
key_index after (DPU 333) [0]= 122 [1]= 252 [2]= 388 [3]= 388 [4]= 388 [5]= 388 [6]= 388 [7]= 388 [8]= 388 [9]= 388 [10]= 388 [11]= 388 [12]= 388 
key_index after (DPU 334) [0]= 136 [1]= 250 [2]= 363 [3]= 363 [4]= 363 [5]= 363 [6]= 363 [7]= 363 [8]= 363 [9]= 363 [10]= 363 [11]= 363 [12]= 363 
key_index after (DPU 335) [0]= 129 [1]= 259 [2]= 389 [3]= 389 [4]= 389 [5]= 389 [6]= 389 [7]= 389 [8]= 389 [9]= 389 [10]= 389 [11]= 389 [12]= 389 
key_index after (DPU 336) [0]= 121 [1]= 229 [2]= 351 [3]= 351 [4]= 351 [5]= 351 [6]= 351 [7]= 351 [8]= 351 [9]= 351 [10]= 351 [11]= 351 [12]= 351 
key_index after (DPU 337) [0]= 116 [1]= 241 [2]= 365 [3]= 365 [4]= 365 [5]= 365 [6]= 365 [7]= 365 [8]= 365 [9]= 365 [10]= 365 [11]= 365 [12]= 365 
key_index after (DPU 338) [0]= 118 [1]= 227 [2]= 357 [3]= 357 [4]= 357 [5]= 357 [6]= 357 [7]= 357 [8]= 357 [9]= 357 [10]= 357 [11]= 357 [12]= 357 
key_index after (DPU 339) [0]= 116 [1]= 239 [2]= 381 [3]= 381 [4]= 381 [5]= 381 [6]= 381 [7]= 381 [8]= 381 [9]= 381 [10]= 381 [11]= 381 [12]= 381 
key_index after (DPU 340) [0]= 115 [1]= 240 [2]= 366 [3]= 366 [4]= 366 [5]= 366 [6]= 366 [7]= 366 [8]= 366 [9]= 366 [10]= 366 [11]= 366 [12]= 366 
key_index after (DPU 341) [0]= 113 [1]= 213 [2]= 334 [3]= 334 [4]= 334 [5]= 334 [6]= 334 [7]= 334 [8]= 334 [9]= 334 [10]= 334 [11]= 334 [12]= 334 
key_index after (DPU 342) [0]= 131 [1]= 239 [2]= 367 [3]= 367 [4]= 367 [5]= 367 [6]= 367 [7]= 367 [8]= 367 [9]= 367 [10]= 367 [11]= 367 [12]= 367 
key_index after (DPU 343) [0]= 118 [1]= 220 [2]= 340 [3]= 340 [4]= 340 [5]= 340 [6]= 340 [7]= 340 [8]= 340 [9]= 340 [10]= 340 [11]= 340 [12]= 340 
key_index after (DPU 344) [0]= 141 [1]= 270 [2]= 380 [3]= 380 [4]= 380 [5]= 380 [6]= 380 [7]= 380 [8]= 380 [9]= 380 [10]= 380 [11]= 380 [12]= 380 
key_index after (DPU 345) [0]= 133 [1]= 254 [2]= 362 [3]= 362 [4]= 362 [5]= 362 [6]= 362 [7]= 362 [8]= 362 [9]= 362 [10]= 362 [11]= 362 [12]= 362 
key_index after (DPU 346) [0]= 119 [1]= 251 [2]= 367 [3]= 367 [4]= 367 [5]= 367 [6]= 367 [7]= 367 [8]= 367 [9]= 367 [10]= 367 [11]= 367 [12]= 367 
key_index after (DPU 347) [0]=  97 [1]= 217 [2]= 319 [3]= 319 [4]= 319 [5]= 319 [6]= 319 [7]= 319 [8]= 319 [9]= 319 [10]= 319 [11]= 319 [12]= 319 
key_index after (DPU 348) [0]= 119 [1]= 227 [2]= 339 [3]= 339 [4]= 339 [5]= 339 [6]= 339 [7]= 339 [8]= 339 [9]= 339 [10]= 339 [11]= 339 [12]= 339 
key_index after (DPU 349) [0]= 121 [1]= 236 [2]= 357 [3]= 357 [4]= 357 [5]= 357 [6]= 357 [7]= 357 [8]= 357 [9]= 357 [10]= 357 [11]= 357 [12]= 357 
key_index after (DPU 350) [0]= 110 [1]= 224 [2]= 333 [3]= 333 [4]= 333 [5]= 333 [6]= 333 [7]= 333 [8]= 333 [9]= 333 [10]= 333 [11]= 333 [12]= 333 
key_index after (DPU 351) [0]= 116 [1]= 238 [2]= 378 [3]= 378 [4]= 378 [5]= 378 [6]= 378 [7]= 378 [8]= 378 [9]= 378 [10]= 378 [11]= 378 [12]= 378 
key_index after (DPU 352) [0]= 116 [1]= 243 [2]= 358 [3]= 358 [4]= 358 [5]= 358 [6]= 358 [7]= 358 [8]= 358 [9]= 358 [10]= 358 [11]= 358 [12]= 358 
key_index after (DPU 353) [0]= 113 [1]= 231 [2]= 350 [3]= 350 [4]= 350 [5]= 350 [6]= 350 [7]= 350 [8]= 350 [9]= 350 [10]= 350 [11]= 350 [12]= 350 
key_index after (DPU 354) [0]= 118 [1]= 227 [2]= 345 [3]= 345 [4]= 345 [5]= 345 [6]= 345 [7]= 345 [8]= 345 [9]= 345 [10]= 345 [11]= 345 [12]= 345 
key_index after (DPU 355) [0]= 113 [1]= 208 [2]= 337 [3]= 337 [4]= 337 [5]= 337 [6]= 337 [7]= 337 [8]= 337 [9]= 337 [10]= 337 [11]= 337 [12]= 337 
key_index after (DPU 356) [0]= 123 [1]= 245 [2]= 361 [3]= 361 [4]= 361 [5]= 361 [6]= 361 [7]= 361 [8]= 361 [9]= 361 [10]= 361 [11]= 361 [12]= 361 
key_index after (DPU 357) [0]= 115 [1]= 231 [2]= 357 [3]= 357 [4]= 357 [5]= 357 [6]= 357 [7]= 357 [8]= 357 [9]= 357 [10]= 357 [11]= 357 [12]= 357 
key_index after (DPU 358) [0]= 119 [1]= 223 [2]= 322 [3]= 322 [4]= 322 [5]= 322 [6]= 322 [7]= 322 [8]= 322 [9]= 322 [10]= 322 [11]= 322 [12]= 322 
key_index after (DPU 359) [0]= 105 [1]= 208 [2]= 317 [3]= 317 [4]= 317 [5]= 317 [6]= 317 [7]= 317 [8]= 317 [9]= 317 [10]= 317 [11]= 317 [12]= 317 
key_index after (DPU 360) [0]= 105 [1]= 217 [2]= 310 [3]= 310 [4]= 310 [5]= 310 [6]= 310 [7]= 310 [8]= 310 [9]= 310 [10]= 310 [11]= 310 [12]= 310 
key_index after (DPU 361) [0]= 124 [1]= 233 [2]= 340 [3]= 340 [4]= 340 [5]= 340 [6]= 340 [7]= 340 [8]= 340 [9]= 340 [10]= 340 [11]= 340 [12]= 340 
key_index after (DPU 362) [0]= 100 [1]= 197 [2]= 307 [3]= 307 [4]= 307 [5]= 307 [6]= 307 [7]= 307 [8]= 307 [9]= 307 [10]= 307 [11]= 307 [12]= 307 
key_index after (DPU 363) [0]= 115 [1]= 237 [2]= 363 [3]= 363 [4]= 363 [5]= 363 [6]= 363 [7]= 363 [8]= 363 [9]= 363 [10]= 363 [11]= 363 [12]= 363 
key_index after (DPU 364) [0]= 108 [1]= 206 [2]= 319 [3]= 319 [4]= 319 [5]= 319 [6]= 319 [7]= 319 [8]= 319 [9]= 319 [10]= 319 [11]= 319 [12]= 319 
key_index after (DPU 365) [0]= 131 [1]= 238 [2]= 369 [3]= 369 [4]= 369 [5]= 369 [6]= 369 [7]= 369 [8]= 369 [9]= 369 [10]= 369 [11]= 369 [12]= 369 
key_index after (DPU 366) [0]= 114 [1]= 202 [2]= 306 [3]= 306 [4]= 306 [5]= 306 [6]= 306 [7]= 306 [8]= 306 [9]= 306 [10]= 306 [11]= 306 [12]= 306 
key_index after (DPU 367) [0]= 102 [1]= 210 [2]= 313 [3]= 313 [4]= 313 [5]= 313 [6]= 313 [7]= 313 [8]= 313 [9]= 313 [10]= 313 [11]= 313 [12]= 313 
key_index after (DPU 368) [0]= 104 [1]= 214 [2]= 327 [3]= 327 [4]= 327 [5]= 327 [6]= 327 [7]= 327 [8]= 327 [9]= 327 [10]= 327 [11]= 327 [12]= 327 
key_index after (DPU 369) [0]= 100 [1]= 231 [2]= 364 [3]= 364 [4]= 364 [5]= 364 [6]= 364 [7]= 364 [8]= 364 [9]= 364 [10]= 364 [11]= 364 [12]= 364 
key_index after (DPU 370) [0]= 115 [1]= 236 [2]= 336 [3]= 336 [4]= 336 [5]= 336 [6]= 336 [7]= 336 [8]= 336 [9]= 336 [10]= 336 [11]= 336 [12]= 336 
key_index after (DPU 371) [0]= 107 [1]= 222 [2]= 339 [3]= 339 [4]= 339 [5]= 339 [6]= 339 [7]= 339 [8]= 339 [9]= 339 [10]= 339 [11]= 339 [12]= 339 
key_index after (DPU 372) [0]=  97 [1]= 191 [2]= 302 [3]= 302 [4]= 302 [5]= 302 [6]= 302 [7]= 302 [8]= 302 [9]= 302 [10]= 302 [11]= 302 [12]= 302 
key_index after (DPU 373) [0]= 110 [1]= 214 [2]= 313 [3]= 313 [4]= 313 [5]= 313 [6]= 313 [7]= 313 [8]= 313 [9]= 313 [10]= 313 [11]= 313 [12]= 313 
key_index after (DPU 374) [0]= 113 [1]= 235 [2]= 346 [3]= 346 [4]= 346 [5]= 346 [6]= 346 [7]= 346 [8]= 346 [9]= 346 [10]= 346 [11]= 346 [12]= 346 
key_index after (DPU 375) [0]= 110 [1]= 232 [2]= 360 [3]= 360 [4]= 360 [5]= 360 [6]= 360 [7]= 360 [8]= 360 [9]= 360 [10]= 360 [11]= 360 [12]= 360 
key_index after (DPU 376) [0]= 104 [1]= 223 [2]= 356 [3]= 356 [4]= 356 [5]= 356 [6]= 356 [7]= 356 [8]= 356 [9]= 356 [10]= 356 [11]= 356 [12]= 356 
key_index after (DPU 377) [0]=  91 [1]= 205 [2]= 309 [3]= 309 [4]= 309 [5]= 309 [6]= 309 [7]= 309 [8]= 309 [9]= 309 [10]= 309 [11]= 309 [12]= 309 
key_index after (DPU 378) [0]= 100 [1]= 221 [2]= 338 [3]= 338 [4]= 338 [5]= 338 [6]= 338 [7]= 338 [8]= 338 [9]= 338 [10]= 338 [11]= 338 [12]= 338 
key_index after (DPU 379) [0]=  85 [1]= 178 [2]= 283 [3]= 283 [4]= 283 [5]= 283 [6]= 283 [7]= 283 [8]= 283 [9]= 283 [10]= 283 [11]= 283 [12]= 283 
key_index after (DPU 380) [0]= 119 [1]= 236 [2]= 349 [3]= 349 [4]= 349 [5]= 349 [6]= 349 [7]= 349 [8]= 349 [9]= 349 [10]= 349 [11]= 349 [12]= 349 
key_index after (DPU 381) [0]= 116 [1]= 220 [2]= 330 [3]= 330 [4]= 330 [5]= 330 [6]= 330 [7]= 330 [8]= 330 [9]= 330 [10]= 330 [11]= 330 [12]= 330 
key_index after (DPU 382) [0]= 100 [1]= 220 [2]= 331 [3]= 331 [4]= 331 [5]= 331 [6]= 331 [7]= 331 [8]= 331 [9]= 331 [10]= 331 [11]= 331 [12]= 331 
key_index after (DPU 383) [0]= 111 [1]= 213 [2]= 317 [3]= 317 [4]= 317 [5]= 317 [6]= 317 [7]= 317 [8]= 317 [9]= 317 [10]= 317 [11]= 317 [12]= 317 
key_index after (DPU 384) [0]= 113 [1]= 219 [2]= 314 [3]= 314 [4]= 314 [5]= 314 [6]= 314 [7]= 314 [8]= 314 [9]= 314 [10]= 314 [11]= 314 [12]= 314 
key_index after (DPU 385) [0]= 109 [1]= 226 [2]= 330 [3]= 330 [4]= 330 [5]= 330 [6]= 330 [7]= 330 [8]= 330 [9]= 330 [10]= 330 [11]= 330 [12]= 330 
key_index after (DPU 386) [0]=  86 [1]= 178 [2]= 274 [3]= 274 [4]= 274 [5]= 274 [6]= 274 [7]= 274 [8]= 274 [9]= 274 [10]= 274 [11]= 274 [12]= 274 
key_index after (DPU 387) [0]= 107 [1]= 213 [2]= 315 [3]= 315 [4]= 315 [5]= 315 [6]= 315 [7]= 315 [8]= 315 [9]= 315 [10]= 315 [11]= 315 [12]= 315 
key_index after (DPU 388) [0]= 104 [1]= 199 [2]= 295 [3]= 295 [4]= 295 [5]= 295 [6]= 295 [7]= 295 [8]= 295 [9]= 295 [10]= 295 [11]= 295 [12]= 295 
key_index after (DPU 389) [0]=  96 [1]= 209 [2]= 311 [3]= 311 [4]= 311 [5]= 311 [6]= 311 [7]= 311 [8]= 311 [9]= 311 [10]= 311 [11]= 311 [12]= 311 
key_index after (DPU 390) [0]=  99 [1]= 203 [2]= 307 [3]= 307 [4]= 307 [5]= 307 [6]= 307 [7]= 307 [8]= 307 [9]= 307 [10]= 307 [11]= 307 [12]= 307 
key_index after (DPU 391) [0]= 110 [1]= 231 [2]= 341 [3]= 341 [4]= 341 [5]= 341 [6]= 341 [7]= 341 [8]= 341 [9]= 341 [10]= 341 [11]= 341 [12]= 341 
key_index after (DPU 392) [0]= 101 [1]= 210 [2]= 323 [3]= 323 [4]= 323 [5]= 323 [6]= 323 [7]= 323 [8]= 323 [9]= 323 [10]= 323 [11]= 323 [12]= 323 
key_index after (DPU 393) [0]=  88 [1]= 178 [2]= 277 [3]= 277 [4]= 277 [5]= 277 [6]= 277 [7]= 277 [8]= 277 [9]= 277 [10]= 277 [11]= 277 [12]= 277 
key_index after (DPU 394) [0]=  99 [1]= 212 [2]= 315 [3]= 315 [4]= 315 [5]= 315 [6]= 315 [7]= 315 [8]= 315 [9]= 315 [10]= 315 [11]= 315 [12]= 315 
key_index after (DPU 395) [0]= 101 [1]= 201 [2]= 299 [3]= 299 [4]= 299 [5]= 299 [6]= 299 [7]= 299 [8]= 299 [9]= 299 [10]= 299 [11]= 299 [12]= 299 
key_index after (DPU 396) [0]= 101 [1]= 209 [2]= 306 [3]= 306 [4]= 306 [5]= 306 [6]= 306 [7]= 306 [8]= 306 [9]= 306 [10]= 306 [11]= 306 [12]= 306 
key_index after (DPU 397) [0]=  86 [1]= 175 [2]= 286 [3]= 286 [4]= 286 [5]= 286 [6]= 286 [7]= 286 [8]= 286 [9]= 286 [10]= 286 [11]= 286 [12]= 286 
key_index after (DPU 398) [0]= 108 [1]= 219 [2]= 312 [3]= 312 [4]= 312 [5]= 312 [6]= 312 [7]= 312 [8]= 312 [9]= 312 [10]= 312 [11]= 312 [12]= 312 
key_index after (DPU 399) [0]= 105 [1]= 215 [2]= 316 [3]= 316 [4]= 316 [5]= 316 [6]= 316 [7]= 316 [8]= 316 [9]= 316 [10]= 316 [11]= 316 [12]= 316 
key_index after (DPU 400) [0]=  91 [1]= 204 [2]= 295 [3]= 295 [4]= 295 [5]= 295 [6]= 295 [7]= 295 [8]= 295 [9]= 295 [10]= 295 [11]= 295 [12]= 295 
key_index after (DPU 401) [0]=  99 [1]= 205 [2]= 305 [3]= 305 [4]= 305 [5]= 305 [6]= 305 [7]= 305 [8]= 305 [9]= 305 [10]= 305 [11]= 305 [12]= 305 
key_index after (DPU 402) [0]=  89 [1]= 178 [2]= 300 [3]= 300 [4]= 300 [5]= 300 [6]= 300 [7]= 300 [8]= 300 [9]= 300 [10]= 300 [11]= 300 [12]= 300 
key_index after (DPU 403) [0]=  91 [1]= 206 [2]= 298 [3]= 298 [4]= 298 [5]= 298 [6]= 298 [7]= 298 [8]= 298 [9]= 298 [10]= 298 [11]= 298 [12]= 298 
key_index after (DPU 404) [0]=  93 [1]= 201 [2]= 306 [3]= 306 [4]= 306 [5]= 306 [6]= 306 [7]= 306 [8]= 306 [9]= 306 [10]= 306 [11]= 306 [12]= 306 
key_index after (DPU 405) [0]=  94 [1]= 189 [2]= 280 [3]= 280 [4]= 280 [5]= 280 [6]= 280 [7]= 280 [8]= 280 [9]= 280 [10]= 280 [11]= 280 [12]= 280 
key_index after (DPU 406) [0]=  91 [1]= 196 [2]= 284 [3]= 284 [4]= 284 [5]= 284 [6]= 284 [7]= 284 [8]= 284 [9]= 284 [10]= 284 [11]= 284 [12]= 284 
key_index after (DPU 407) [0]=  92 [1]= 192 [2]= 284 [3]= 284 [4]= 284 [5]= 284 [6]= 284 [7]= 284 [8]= 284 [9]= 284 [10]= 284 [11]= 284 [12]= 284 
key_index after (DPU 408) [0]= 107 [1]= 213 [2]= 324 [3]= 324 [4]= 324 [5]= 324 [6]= 324 [7]= 324 [8]= 324 [9]= 324 [10]= 324 [11]= 324 [12]= 324 
key_index after (DPU 409) [0]= 100 [1]= 198 [2]= 295 [3]= 295 [4]= 295 [5]= 295 [6]= 295 [7]= 295 [8]= 295 [9]= 295 [10]= 295 [11]= 295 [12]= 295 
key_index after (DPU 410) [0]= 105 [1]= 210 [2]= 299 [3]= 299 [4]= 299 [5]= 299 [6]= 299 [7]= 299 [8]= 299 [9]= 299 [10]= 299 [11]= 299 [12]= 299 
key_index after (DPU 411) [0]=  98 [1]= 178 [2]= 264 [3]= 264 [4]= 264 [5]= 264 [6]= 264 [7]= 264 [8]= 264 [9]= 264 [10]= 264 [11]= 264 [12]= 264 
key_index after (DPU 412) [0]=  84 [1]= 197 [2]= 308 [3]= 308 [4]= 308 [5]= 308 [6]= 308 [7]= 308 [8]= 308 [9]= 308 [10]= 308 [11]= 308 [12]= 308 
key_index after (DPU 413) [0]=  79 [1]= 174 [2]= 287 [3]= 287 [4]= 287 [5]= 287 [6]= 287 [7]= 287 [8]= 287 [9]= 287 [10]= 287 [11]= 287 [12]= 287 
key_index after (DPU 414) [0]=  90 [1]= 203 [2]= 308 [3]= 308 [4]= 308 [5]= 308 [6]= 308 [7]= 308 [8]= 308 [9]= 308 [10]= 308 [11]= 308 [12]= 308 
key_index after (DPU 415) [0]= 102 [1]= 192 [2]= 274 [3]= 274 [4]= 274 [5]= 274 [6]= 274 [7]= 274 [8]= 274 [9]= 274 [10]= 274 [11]= 274 [12]= 274 
key_index after (DPU 416) [0]=  83 [1]= 181 [2]= 275 [3]= 275 [4]= 275 [5]= 275 [6]= 275 [7]= 275 [8]= 275 [9]= 275 [10]= 275 [11]= 275 [12]= 275 
key_index after (DPU 417) [0]= 103 [1]= 208 [2]= 293 [3]= 293 [4]= 293 [5]= 293 [6]= 293 [7]= 293 [8]= 293 [9]= 293 [10]= 293 [11]= 293 [12]= 293 
key_index after (DPU 418) [0]=  85 [1]= 180 [2]= 288 [3]= 288 [4]= 288 [5]= 288 [6]= 288 [7]= 288 [8]= 288 [9]= 288 [10]= 288 [11]= 288 [12]= 288 
key_index after (DPU 419) [0]= 112 [1]= 210 [2]= 316 [3]= 316 [4]= 316 [5]= 316 [6]= 316 [7]= 316 [8]= 316 [9]= 316 [10]= 316 [11]= 316 [12]= 316 
key_index after (DPU 420) [0]= 104 [1]= 194 [2]= 287 [3]= 287 [4]= 287 [5]= 287 [6]= 287 [7]= 287 [8]= 287 [9]= 287 [10]= 287 [11]= 287 [12]= 287 
key_index after (DPU 421) [0]=  92 [1]= 206 [2]= 315 [3]= 315 [4]= 315 [5]= 315 [6]= 315 [7]= 315 [8]= 315 [9]= 315 [10]= 315 [11]= 315 [12]= 315 
key_index after (DPU 422) [0]=  89 [1]= 179 [2]= 278 [3]= 278 [4]= 278 [5]= 278 [6]= 278 [7]= 278 [8]= 278 [9]= 278 [10]= 278 [11]= 278 [12]= 278 
key_index after (DPU 423) [0]= 109 [1]= 186 [2]= 307 [3]= 307 [4]= 307 [5]= 307 [6]= 307 [7]= 307 [8]= 307 [9]= 307 [10]= 307 [11]= 307 [12]= 307 
key_index after (DPU 424) [0]=  88 [1]= 193 [2]= 281 [3]= 281 [4]= 281 [5]= 281 [6]= 281 [7]= 281 [8]= 281 [9]= 281 [10]= 281 [11]= 281 [12]= 281 
key_index after (DPU 425) [0]=  86 [1]= 190 [2]= 284 [3]= 284 [4]= 284 [5]= 284 [6]= 284 [7]= 284 [8]= 284 [9]= 284 [10]= 284 [11]= 284 [12]= 284 
key_index after (DPU 426) [0]=  89 [1]= 183 [2]= 269 [3]= 269 [4]= 269 [5]= 269 [6]= 269 [7]= 269 [8]= 269 [9]= 269 [10]= 269 [11]= 269 [12]= 269 
key_index after (DPU 427) [0]= 103 [1]= 183 [2]= 277 [3]= 277 [4]= 277 [5]= 277 [6]= 277 [7]= 277 [8]= 277 [9]= 277 [10]= 277 [11]= 277 [12]= 277 
key_index after (DPU 428) [0]=  96 [1]= 187 [2]= 291 [3]= 291 [4]= 291 [5]= 291 [6]= 291 [7]= 291 [8]= 291 [9]= 291 [10]= 291 [11]= 291 [12]= 291 
key_index after (DPU 429) [0]=  89 [1]= 180 [2]= 285 [3]= 285 [4]= 285 [5]= 285 [6]= 285 [7]= 285 [8]= 285 [9]= 285 [10]= 285 [11]= 285 [12]= 285 
key_index after (DPU 430) [0]= 103 [1]= 184 [2]= 273 [3]= 273 [4]= 273 [5]= 273 [6]= 273 [7]= 273 [8]= 273 [9]= 273 [10]= 273 [11]= 273 [12]= 273 
key_index after (DPU 431) [0]=  77 [1]= 172 [2]= 271 [3]= 271 [4]= 271 [5]= 271 [6]= 271 [7]= 271 [8]= 271 [9]= 271 [10]= 271 [11]= 271 [12]= 271 
key_index after (DPU 432) [0]=  98 [1]= 198 [2]= 301 [3]= 301 [4]= 301 [5]= 301 [6]= 301 [7]= 301 [8]= 301 [9]= 301 [10]= 301 [11]= 301 [12]= 301 
key_index after (DPU 433) [0]= 114 [1]= 212 [2]= 318 [3]= 318 [4]= 318 [5]= 318 [6]= 318 [7]= 318 [8]= 318 [9]= 318 [10]= 318 [11]= 318 [12]= 318 
key_index after (DPU 434) [0]=  95 [1]= 200 [2]= 318 [3]= 318 [4]= 318 [5]= 318 [6]= 318 [7]= 318 [8]= 318 [9]= 318 [10]= 318 [11]= 318 [12]= 318 
key_index after (DPU 435) [0]=  92 [1]= 188 [2]= 260 [3]= 260 [4]= 260 [5]= 260 [6]= 260 [7]= 260 [8]= 260 [9]= 260 [10]= 260 [11]= 260 [12]= 260 
key_index after (DPU 436) [0]=  97 [1]= 198 [2]= 282 [3]= 282 [4]= 282 [5]= 282 [6]= 282 [7]= 282 [8]= 282 [9]= 282 [10]= 282 [11]= 282 [12]= 282 
key_index after (DPU 437) [0]=  90 [1]= 184 [2]= 284 [3]= 284 [4]= 284 [5]= 284 [6]= 284 [7]= 284 [8]= 284 [9]= 284 [10]= 284 [11]= 284 [12]= 284 
key_index after (DPU 438) [0]=  82 [1]= 171 [2]= 265 [3]= 265 [4]= 265 [5]= 265 [6]= 265 [7]= 265 [8]= 265 [9]= 265 [10]= 265 [11]= 265 [12]= 265 
key_index after (DPU 439) [0]=  99 [1]= 181 [2]= 281 [3]= 281 [4]= 281 [5]= 281 [6]= 281 [7]= 281 [8]= 281 [9]= 281 [10]= 281 [11]= 281 [12]= 281 
key_index after (DPU 440) [0]= 110 [1]= 212 [2]= 296 [3]= 296 [4]= 296 [5]= 296 [6]= 296 [7]= 296 [8]= 296 [9]= 296 [10]= 296 [11]= 296 [12]= 296 
key_index after (DPU 441) [0]=  81 [1]= 172 [2]= 264 [3]= 264 [4]= 264 [5]= 264 [6]= 264 [7]= 264 [8]= 264 [9]= 264 [10]= 264 [11]= 264 [12]= 264 
key_index after (DPU 442) [0]=  75 [1]= 167 [2]= 258 [3]= 258 [4]= 258 [5]= 258 [6]= 258 [7]= 258 [8]= 258 [9]= 258 [10]= 258 [11]= 258 [12]= 258 
key_index after (DPU 443) [0]=  92 [1]= 167 [2]= 257 [3]= 257 [4]= 257 [5]= 257 [6]= 257 [7]= 257 [8]= 257 [9]= 257 [10]= 257 [11]= 257 [12]= 257 
key_index after (DPU 444) [0]=  99 [1]= 205 [2]= 284 [3]= 284 [4]= 284 [5]= 284 [6]= 284 [7]= 284 [8]= 284 [9]= 284 [10]= 284 [11]= 284 [12]= 284 
key_index after (DPU 445) [0]=  84 [1]= 189 [2]= 280 [3]= 280 [4]= 280 [5]= 280 [6]= 280 [7]= 280 [8]= 280 [9]= 280 [10]= 280 [11]= 280 [12]= 280 
key_index after (DPU 446) [0]=  90 [1]= 194 [2]= 285 [3]= 285 [4]= 285 [5]= 285 [6]= 285 [7]= 285 [8]= 285 [9]= 285 [10]= 285 [11]= 285 [12]= 285 
key_index after (DPU 447) [0]= 105 [1]= 194 [2]= 286 [3]= 286 [4]= 286 [5]= 286 [6]= 286 [7]= 286 [8]= 286 [9]= 286 [10]= 286 [11]= 286 [12]= 286 
key_index after (DPU 448) [0]= 107 [1]= 193 [2]= 288 [3]= 288 [4]= 288 [5]= 288 [6]= 288 [7]= 288 [8]= 288 [9]= 288 [10]= 288 [11]= 288 [12]= 288 
key_index after (DPU 449) [0]=  89 [1]= 174 [2]= 258 [3]= 258 [4]= 258 [5]= 258 [6]= 258 [7]= 258 [8]= 258 [9]= 258 [10]= 258 [11]= 258 [12]= 258 
key_index after (DPU 450) [0]= 104 [1]= 190 [2]= 274 [3]= 274 [4]= 274 [5]= 274 [6]= 274 [7]= 274 [8]= 274 [9]= 274 [10]= 274 [11]= 274 [12]= 274 
key_index after (DPU 451) [0]=  89 [1]= 169 [2]= 249 [3]= 249 [4]= 249 [5]= 249 [6]= 249 [7]= 249 [8]= 249 [9]= 249 [10]= 249 [11]= 249 [12]= 249 
key_index after (DPU 452) [0]=  76 [1]= 172 [2]= 275 [3]= 275 [4]= 275 [5]= 275 [6]= 275 [7]= 275 [8]= 275 [9]= 275 [10]= 275 [11]= 275 [12]= 275 
key_index after (DPU 453) [0]=  86 [1]= 164 [2]= 243 [3]= 243 [4]= 243 [5]= 243 [6]= 243 [7]= 243 [8]= 243 [9]= 243 [10]= 243 [11]= 243 [12]= 243 
key_index after (DPU 454) [0]=  97 [1]= 193 [2]= 272 [3]= 272 [4]= 272 [5]= 272 [6]= 272 [7]= 272 [8]= 272 [9]= 272 [10]= 272 [11]= 272 [12]= 272 
key_index after (DPU 455) [0]=  94 [1]= 188 [2]= 269 [3]= 269 [4]= 269 [5]= 269 [6]= 269 [7]= 269 [8]= 269 [9]= 269 [10]= 269 [11]= 269 [12]= 269 
key_index after (DPU 456) [0]= 102 [1]= 204 [2]= 276 [3]= 276 [4]= 276 [5]= 276 [6]= 276 [7]= 276 [8]= 276 [9]= 276 [10]= 276 [11]= 276 [12]= 276 
key_index after (DPU 457) [0]= 102 [1]= 200 [2]= 292 [3]= 292 [4]= 292 [5]= 292 [6]= 292 [7]= 292 [8]= 292 [9]= 292 [10]= 292 [11]= 292 [12]= 292 
key_index after (DPU 458) [0]=  85 [1]= 172 [2]= 272 [3]= 272 [4]= 272 [5]= 272 [6]= 272 [7]= 272 [8]= 272 [9]= 272 [10]= 272 [11]= 272 [12]= 272 
key_index after (DPU 459) [0]=  89 [1]= 179 [2]= 279 [3]= 279 [4]= 279 [5]= 279 [6]= 279 [7]= 279 [8]= 279 [9]= 279 [10]= 279 [11]= 279 [12]= 279 
key_index after (DPU 460) [0]=  97 [1]= 188 [2]= 281 [3]= 281 [4]= 281 [5]= 281 [6]= 281 [7]= 281 [8]= 281 [9]= 281 [10]= 281 [11]= 281 [12]= 281 
key_index after (DPU 461) [0]= 100 [1]= 217 [2]= 289 [3]= 289 [4]= 289 [5]= 289 [6]= 289 [7]= 289 [8]= 289 [9]= 289 [10]= 289 [11]= 289 [12]= 289 
key_index after (DPU 462) [0]=  94 [1]= 180 [2]= 260 [3]= 260 [4]= 260 [5]= 260 [6]= 260 [7]= 260 [8]= 260 [9]= 260 [10]= 260 [11]= 260 [12]= 260 
key_index after (DPU 463) [0]=  96 [1]= 194 [2]= 284 [3]= 284 [4]= 284 [5]= 284 [6]= 284 [7]= 284 [8]= 284 [9]= 284 [10]= 284 [11]= 284 [12]= 284 
key_index after (DPU 464) [0]=  90 [1]= 180 [2]= 273 [3]= 273 [4]= 273 [5]= 273 [6]= 273 [7]= 273 [8]= 273 [9]= 273 [10]= 273 [11]= 273 [12]= 273 
key_index after (DPU 465) [0]=  87 [1]= 180 [2]= 269 [3]= 269 [4]= 269 [5]= 269 [6]= 269 [7]= 269 [8]= 269 [9]= 269 [10]= 269 [11]= 269 [12]= 269 
key_index after (DPU 466) [0]=  69 [1]= 159 [2]= 216 [3]= 216 [4]= 216 [5]= 216 [6]= 216 [7]= 216 [8]= 216 [9]= 216 [10]= 216 [11]= 216 [12]= 216 
key_index after (DPU 467) [0]= 106 [1]= 206 [2]= 304 [3]= 304 [4]= 304 [5]= 304 [6]= 304 [7]= 304 [8]= 304 [9]= 304 [10]= 304 [11]= 304 [12]= 304 
key_index after (DPU 468) [0]=  80 [1]= 166 [2]= 262 [3]= 262 [4]= 262 [5]= 262 [6]= 262 [7]= 262 [8]= 262 [9]= 262 [10]= 262 [11]= 262 [12]= 262 
key_index after (DPU 469) [0]= 103 [1]= 179 [2]= 273 [3]= 273 [4]= 273 [5]= 273 [6]= 273 [7]= 273 [8]= 273 [9]= 273 [10]= 273 [11]= 273 [12]= 273 
key_index after (DPU 470) [0]=  74 [1]= 167 [2]= 252 [3]= 252 [4]= 252 [5]= 252 [6]= 252 [7]= 252 [8]= 252 [9]= 252 [10]= 252 [11]= 252 [12]= 252 
key_index after (DPU 471) [0]=  84 [1]= 164 [2]= 267 [3]= 267 [4]= 267 [5]= 267 [6]= 267 [7]= 267 [8]= 267 [9]= 267 [10]= 267 [11]= 267 [12]= 267 
key_index after (DPU 472) [0]=  88 [1]= 163 [2]= 263 [3]= 263 [4]= 263 [5]= 263 [6]= 263 [7]= 263 [8]= 263 [9]= 263 [10]= 263 [11]= 263 [12]= 263 
key_index after (DPU 473) [0]=  89 [1]= 154 [2]= 230 [3]= 230 [4]= 230 [5]= 230 [6]= 230 [7]= 230 [8]= 230 [9]= 230 [10]= 230 [11]= 230 [12]= 230 
key_index after (DPU 474) [0]=  87 [1]= 184 [2]= 269 [3]= 269 [4]= 269 [5]= 269 [6]= 269 [7]= 269 [8]= 269 [9]= 269 [10]= 269 [11]= 269 [12]= 269 
key_index after (DPU 475) [0]=  94 [1]= 165 [2]= 257 [3]= 257 [4]= 257 [5]= 257 [6]= 257 [7]= 257 [8]= 257 [9]= 257 [10]= 257 [11]= 257 [12]= 257 
key_index after (DPU 476) [0]=  96 [1]= 185 [2]= 265 [3]= 265 [4]= 265 [5]= 265 [6]= 265 [7]= 265 [8]= 265 [9]= 265 [10]= 265 [11]= 265 [12]= 265 
key_index after (DPU 477) [0]=  77 [1]= 174 [2]= 265 [3]= 265 [4]= 265 [5]= 265 [6]= 265 [7]= 265 [8]= 265 [9]= 265 [10]= 265 [11]= 265 [12]= 265 
key_index after (DPU 478) [0]=  78 [1]= 175 [2]= 266 [3]= 266 [4]= 266 [5]= 266 [6]= 266 [7]= 266 [8]= 266 [9]= 266 [10]= 266 [11]= 266 [12]= 266 
key_index after (DPU 479) [0]=  90 [1]= 158 [2]= 237 [3]= 237 [4]= 237 [5]= 237 [6]= 237 [7]= 237 [8]= 237 [9]= 237 [10]= 237 [11]= 237 [12]= 237 
key_index after (DPU 480) [0]=  67 [1]= 136 [2]= 238 [3]= 238 [4]= 238 [5]= 238 [6]= 238 [7]= 238 [8]= 238 [9]= 238 [10]= 238 [11]= 238 [12]= 238 
key_index after (DPU 481) [0]=  82 [1]= 167 [2]= 270 [3]= 270 [4]= 270 [5]= 270 [6]= 270 [7]= 270 [8]= 270 [9]= 270 [10]= 270 [11]= 270 [12]= 270 
key_index after (DPU 482) [0]=  84 [1]= 165 [2]= 250 [3]= 250 [4]= 250 [5]= 250 [6]= 250 [7]= 250 [8]= 250 [9]= 250 [10]= 250 [11]= 250 [12]= 250 
key_index after (DPU 483) [0]=  83 [1]= 155 [2]= 229 [3]= 229 [4]= 229 [5]= 229 [6]= 229 [7]= 229 [8]= 229 [9]= 229 [10]= 229 [11]= 229 [12]= 229 
key_index after (DPU 484) [0]=  93 [1]= 179 [2]= 245 [3]= 245 [4]= 245 [5]= 245 [6]= 245 [7]= 245 [8]= 245 [9]= 245 [10]= 245 [11]= 245 [12]= 245 
key_index after (DPU 485) [0]=  77 [1]= 163 [2]= 266 [3]= 266 [4]= 266 [5]= 266 [6]= 266 [7]= 266 [8]= 266 [9]= 266 [10]= 266 [11]= 266 [12]= 266 
key_index after (DPU 486) [0]=  88 [1]= 168 [2]= 251 [3]= 251 [4]= 251 [5]= 251 [6]= 251 [7]= 251 [8]= 251 [9]= 251 [10]= 251 [11]= 251 [12]= 251 
key_index after (DPU 487) [0]=  80 [1]= 169 [2]= 272 [3]= 272 [4]= 272 [5]= 272 [6]= 272 [7]= 272 [8]= 272 [9]= 272 [10]= 272 [11]= 272 [12]= 272 
key_index after (DPU 488) [0]=  94 [1]= 174 [2]= 249 [3]= 249 [4]= 249 [5]= 249 [6]= 249 [7]= 249 [8]= 249 [9]= 249 [10]= 249 [11]= 249 [12]= 249 
key_index after (DPU 489) [0]=  94 [1]= 176 [2]= 257 [3]= 257 [4]= 257 [5]= 257 [6]= 257 [7]= 257 [8]= 257 [9]= 257 [10]= 257 [11]= 257 [12]= 257 
key_index after (DPU 490) [0]=  85 [1]= 191 [2]= 280 [3]= 280 [4]= 280 [5]= 280 [6]= 280 [7]= 280 [8]= 280 [9]= 280 [10]= 280 [11]= 280 [12]= 280 
key_index after (DPU 491) [0]=  81 [1]= 153 [2]= 244 [3]= 244 [4]= 244 [5]= 244 [6]= 244 [7]= 244 [8]= 244 [9]= 244 [10]= 244 [11]= 244 [12]= 244 
key_index after (DPU 492) [0]=  78 [1]= 175 [2]= 263 [3]= 263 [4]= 263 [5]= 263 [6]= 263 [7]= 263 [8]= 263 [9]= 263 [10]= 263 [11]= 263 [12]= 263 
key_index after (DPU 493) [0]= 107 [1]= 200 [2]= 272 [3]= 272 [4]= 272 [5]= 272 [6]= 272 [7]= 272 [8]= 272 [9]= 272 [10]= 272 [11]= 272 [12]= 272 
key_index after (DPU 494) [0]=  73 [1]= 151 [2]= 236 [3]= 236 [4]= 236 [5]= 236 [6]= 236 [7]= 236 [8]= 236 [9]= 236 [10]= 236 [11]= 236 [12]= 236 
key_index after (DPU 495) [0]=  84 [1]= 160 [2]= 244 [3]= 244 [4]= 244 [5]= 244 [6]= 244 [7]= 244 [8]= 244 [9]= 244 [10]= 244 [11]= 244 [12]= 244 
key_index after (DPU 496) [0]=  84 [1]= 160 [2]= 256 [3]= 256 [4]= 256 [5]= 256 [6]= 256 [7]= 256 [8]= 256 [9]= 256 [10]= 256 [11]= 256 [12]= 256 
key_index after (DPU 497) [0]=  70 [1]= 146 [2]= 222 [3]= 222 [4]= 222 [5]= 222 [6]= 222 [7]= 222 [8]= 222 [9]= 222 [10]= 222 [11]= 222 [12]= 222 
key_index after (DPU 498) [0]=  81 [1]= 170 [2]= 245 [3]= 245 [4]= 245 [5]= 245 [6]= 245 [7]= 245 [8]= 245 [9]= 245 [10]= 245 [11]= 245 [12]= 245 
key_index after (DPU 499) [0]=  91 [1]= 155 [2]= 237 [3]= 237 [4]= 237 [5]= 237 [6]= 237 [7]= 237 [8]= 237 [9]= 237 [10]= 237 [11]= 237 [12]= 237 
[1/4] preprocess finished 0.00000sec
sending 1000000 requests for 0 DPUS...
[2/4] send finished 0.00000sec
[3/4]all the dpu execution finished: 0.00000sec
[4/4] batch postprocess finished: 0.00000sec
0.99, 500, 12, 1, 1000000, 258691, 0.43059, 0.31838, 0.00011, 0.00003, 0.00000, 0.00000, 0.00000, 0.00000, 0.74911, 1334924
======= batch 1 =======
key_index before (DPU 0) [0]=   0 [1]=   0 [2]=71421 [3]=120165 [4]=120165 [5]=120165 [6]=120165 [7]=120165 [8]=120165 [9]=120165 [10]=120165 [11]=120165 [12]=120165 
key_index before (DPU 1) [0]=   0 [1]=   0 [2]=26089 [3]=47217 [4]=47217 [5]=47217 [6]=47217 [7]=47217 [8]=47217 [9]=47217 [10]=47217 [11]=47217 [12]=47217 
key_index before (DPU 2) [0]=   0 [1]=   0 [2]=15769 [3]=29539 [4]=29539 [5]=29539 [6]=29539 [7]=29539 [8]=29539 [9]=29539 [10]=29539 [11]=29539 [12]=29539 
key_index before (DPU 3) [0]=   0 [1]=   0 [2]=11424 [3]=21415 [4]=21415 [5]=21415 [6]=21415 [7]=21415 [8]=21415 [9]=21415 [10]=21415 [11]=21415 [12]=21415 
key_index before (DPU 4) [0]=   0 [1]=   0 [2]=8809 [3]=16826 [4]=16826 [5]=16826 [6]=16826 [7]=16826 [8]=16826 [9]=16826 [10]=16826 [11]=16826 [12]=16826 
key_index before (DPU 5) [0]=   0 [1]=7680 [2]=14816 [3]=21492 [4]=21492 [5]=21492 [6]=21492 [7]=21492 [8]=21492 [9]=21492 [10]=21492 [11]=21492 [12]=21492 
key_index before (DPU 6) [0]=   0 [1]=6426 [2]=12475 [3]=18139 [4]=18139 [5]=18139 [6]=18139 [7]=18139 [8]=18139 [9]=18139 [10]=18139 [11]=18139 [12]=18139 
key_index before (DPU 7) [0]=   0 [1]=5511 [2]=10782 [3]=15870 [4]=15870 [5]=15870 [6]=15870 [7]=15870 [8]=15870 [9]=15870 [10]=15870 [11]=15870 [12]=15870 
key_index before (DPU 8) [0]=   0 [1]=4777 [2]=9415 [3]=13837 [4]=13837 [5]=13837 [6]=13837 [7]=13837 [8]=13837 [9]=13837 [10]=13837 [11]=13837 [12]=13837 
key_index before (DPU 9) [0]=   0 [1]=4382 [2]=8450 [3]=12530 [4]=12530 [5]=12530 [6]=12530 [7]=12530 [8]=12530 [9]=12530 [10]=12530 [11]=12530 [12]=12530 
key_index before (DPU 10) [0]=   0 [1]=3889 [2]=7675 [3]=11379 [4]=11379 [5]=11379 [6]=11379 [7]=11379 [8]=11379 [9]=11379 [10]=11379 [11]=11379 [12]=11379 
key_index before (DPU 11) [0]=   0 [1]=3627 [2]=7093 [3]=10461 [4]=10461 [5]=10461 [6]=10461 [7]=10461 [8]=10461 [9]=10461 [10]=10461 [11]=10461 [12]=10461 
key_index before (DPU 12) [0]=   0 [1]=3219 [2]=6390 [3]=9403 [4]=9403 [5]=9403 [6]=9403 [7]=9403 [8]=9403 [9]=9403 [10]=9403 [11]=9403 [12]=9403 
key_index before (DPU 13) [0]=   0 [1]=2971 [2]=5907 [3]=8807 [4]=8807 [5]=8807 [6]=8807 [7]=8807 [8]=8807 [9]=8807 [10]=8807 [11]=8807 [12]=8807 
key_index before (DPU 14) [0]=   0 [1]=2765 [2]=5402 [3]=8024 [4]=8024 [5]=8024 [6]=8024 [7]=8024 [8]=8024 [9]=8024 [10]=8024 [11]=8024 [12]=8024 
key_index before (DPU 15) [0]=   0 [1]=2609 [2]=5129 [3]=7615 [4]=7615 [5]=7615 [6]=7615 [7]=7615 [8]=7615 [9]=7615 [10]=7615 [11]=7615 [12]=7615 
key_index before (DPU 16) [0]=   0 [1]=2466 [2]=4861 [3]=7167 [4]=7167 [5]=7167 [6]=7167 [7]=7167 [8]=7167 [9]=7167 [10]=7167 [11]=7167 [12]=7167 
key_index before (DPU 17) [0]=   0 [1]=2304 [2]=4565 [3]=6689 [4]=6689 [5]=6689 [6]=6689 [7]=6689 [8]=6689 [9]=6689 [10]=6689 [11]=6689 [12]=6689 
key_index before (DPU 18) [0]=   0 [1]=2187 [2]=4243 [3]=6299 [4]=6299 [5]=6299 [6]=6299 [7]=6299 [8]=6299 [9]=6299 [10]=6299 [11]=6299 [12]=6299 
key_index before (DPU 19) [0]=   0 [1]=2127 [2]=4195 [3]=6221 [4]=6221 [5]=6221 [6]=6221 [7]=6221 [8]=6221 [9]=6221 [10]=6221 [11]=6221 [12]=6221 
key_index before (DPU 20) [0]=   0 [1]=1921 [2]=3801 [3]=5750 [4]=5750 [5]=5750 [6]=5750 [7]=5750 [8]=5750 [9]=5750 [10]=5750 [11]=5750 [12]=5750 
key_index before (DPU 21) [0]=   0 [1]=1953 [2]=3734 [3]=5586 [4]=5586 [5]=5586 [6]=5586 [7]=5586 [8]=5586 [9]=5586 [10]=5586 [11]=5586 [12]=5586 
key_index before (DPU 22) [0]=   0 [1]=1792 [2]=3547 [3]=5255 [4]=5255 [5]=5255 [6]=5255 [7]=5255 [8]=5255 [9]=5255 [10]=5255 [11]=5255 [12]=5255 
key_index before (DPU 23) [0]=   0 [1]=1759 [2]=3492 [3]=5108 [4]=5108 [5]=5108 [6]=5108 [7]=5108 [8]=5108 [9]=5108 [10]=5108 [11]=5108 [12]=5108 
key_index before (DPU 24) [0]=   0 [1]=1598 [2]=3173 [3]=4804 [4]=4804 [5]=4804 [6]=4804 [7]=4804 [8]=4804 [9]=4804 [10]=4804 [11]=4804 [12]=4804 
key_index before (DPU 25) [0]=   0 [1]=1584 [2]=3182 [3]=4704 [4]=4704 [5]=4704 [6]=4704 [7]=4704 [8]=4704 [9]=4704 [10]=4704 [11]=4704 [12]=4704 
key_index before (DPU 26) [0]=   0 [1]=1494 [2]=3037 [3]=4427 [4]=4427 [5]=4427 [6]=4427 [7]=4427 [8]=4427 [9]=4427 [10]=4427 [11]=4427 [12]=4427 
key_index before (DPU 27) [0]=   0 [1]=1387 [2]=2814 [3]=4239 [4]=4239 [5]=4239 [6]=4239 [7]=4239 [8]=4239 [9]=4239 [10]=4239 [11]=4239 [12]=4239 
key_index before (DPU 28) [0]=   0 [1]=1419 [2]=2795 [3]=4144 [4]=4144 [5]=4144 [6]=4144 [7]=4144 [8]=4144 [9]=4144 [10]=4144 [11]=4144 [12]=4144 
key_index before (DPU 29) [0]=   0 [1]=1372 [2]=2734 [3]=4075 [4]=4075 [5]=4075 [6]=4075 [7]=4075 [8]=4075 [9]=4075 [10]=4075 [11]=4075 [12]=4075 
key_index before (DPU 30) [0]=   0 [1]=1296 [2]=2583 [3]=3866 [4]=3866 [5]=3866 [6]=3866 [7]=3866 [8]=3866 [9]=3866 [10]=3866 [11]=3866 [12]=3866 
key_index before (DPU 31) [0]=   0 [1]=1243 [2]=2571 [3]=3878 [4]=3878 [5]=3878 [6]=3878 [7]=3878 [8]=3878 [9]=3878 [10]=3878 [11]=3878 [12]=3878 
key_index before (DPU 32) [0]=   0 [1]=1256 [2]=2494 [3]=3678 [4]=3678 [5]=3678 [6]=3678 [7]=3678 [8]=3678 [9]=3678 [10]=3678 [11]=3678 [12]=3678 
key_index before (DPU 33) [0]=   0 [1]=1207 [2]=2347 [3]=3476 [4]=3476 [5]=3476 [6]=3476 [7]=3476 [8]=3476 [9]=3476 [10]=3476 [11]=3476 [12]=3476 
key_index before (DPU 34) [0]=   0 [1]=1215 [2]=2411 [3]=3604 [4]=3604 [5]=3604 [6]=3604 [7]=3604 [8]=3604 [9]=3604 [10]=3604 [11]=3604 [12]=3604 
key_index before (DPU 35) [0]=   0 [1]=1095 [2]=2214 [3]=3354 [4]=3354 [5]=3354 [6]=3354 [7]=3354 [8]=3354 [9]=3354 [10]=3354 [11]=3354 [12]=3354 
key_index before (DPU 36) [0]=   0 [1]=1145 [2]=2281 [3]=3354 [4]=3354 [5]=3354 [6]=3354 [7]=3354 [8]=3354 [9]=3354 [10]=3354 [11]=3354 [12]=3354 
key_index before (DPU 37) [0]=   0 [1]=1113 [2]=2131 [3]=3233 [4]=3233 [5]=3233 [6]=3233 [7]=3233 [8]=3233 [9]=3233 [10]=3233 [11]=3233 [12]=3233 
key_index before (DPU 38) [0]=   0 [1]=1112 [2]=2112 [3]=3174 [4]=3174 [5]=3174 [6]=3174 [7]=3174 [8]=3174 [9]=3174 [10]=3174 [11]=3174 [12]=3174 
key_index before (DPU 39) [0]=   0 [1]=1049 [2]=2077 [3]=3102 [4]=3102 [5]=3102 [6]=3102 [7]=3102 [8]=3102 [9]=3102 [10]=3102 [11]=3102 [12]=3102 
key_index before (DPU 40) [0]=   0 [1]= 945 [2]=1930 [3]=2920 [4]=2920 [5]=2920 [6]=2920 [7]=2920 [8]=2920 [9]=2920 [10]=2920 [11]=2920 [12]=2920 
key_index before (DPU 41) [0]=   0 [1]= 969 [2]=1945 [3]=2926 [4]=2926 [5]=2926 [6]=2926 [7]=2926 [8]=2926 [9]=2926 [10]=2926 [11]=2926 [12]=2926 
key_index before (DPU 42) [0]=   0 [1]= 991 [2]=1920 [3]=2888 [4]=2888 [5]=2888 [6]=2888 [7]=2888 [8]=2888 [9]=2888 [10]=2888 [11]=2888 [12]=2888 
key_index before (DPU 43) [0]=   0 [1]= 927 [2]=1844 [3]=2764 [4]=2764 [5]=2764 [6]=2764 [7]=2764 [8]=2764 [9]=2764 [10]=2764 [11]=2764 [12]=2764 
key_index before (DPU 44) [0]=   0 [1]= 846 [2]=1758 [3]=2674 [4]=2674 [5]=2674 [6]=2674 [7]=2674 [8]=2674 [9]=2674 [10]=2674 [11]=2674 [12]=2674 
key_index before (DPU 45) [0]=   0 [1]= 879 [2]=1777 [3]=2626 [4]=2626 [5]=2626 [6]=2626 [7]=2626 [8]=2626 [9]=2626 [10]=2626 [11]=2626 [12]=2626 
key_index before (DPU 46) [0]=   0 [1]= 877 [2]=1688 [3]=2518 [4]=2518 [5]=2518 [6]=2518 [7]=2518 [8]=2518 [9]=2518 [10]=2518 [11]=2518 [12]=2518 
key_index before (DPU 47) [0]=   0 [1]= 809 [2]=1611 [3]=2416 [4]=2416 [5]=2416 [6]=2416 [7]=2416 [8]=2416 [9]=2416 [10]=2416 [11]=2416 [12]=2416 
key_index before (DPU 48) [0]=   0 [1]= 874 [2]=1672 [3]=2470 [4]=2470 [5]=2470 [6]=2470 [7]=2470 [8]=2470 [9]=2470 [10]=2470 [11]=2470 [12]=2470 
key_index before (DPU 49) [0]=   0 [1]= 822 [2]=1611 [3]=2423 [4]=2423 [5]=2423 [6]=2423 [7]=2423 [8]=2423 [9]=2423 [10]=2423 [11]=2423 [12]=2423 
key_index before (DPU 50) [0]=   0 [1]= 781 [2]=1574 [3]=2305 [4]=2305 [5]=2305 [6]=2305 [7]=2305 [8]=2305 [9]=2305 [10]=2305 [11]=2305 [12]=2305 
key_index before (DPU 51) [0]=   0 [1]= 840 [2]=1647 [3]=2433 [4]=2433 [5]=2433 [6]=2433 [7]=2433 [8]=2433 [9]=2433 [10]=2433 [11]=2433 [12]=2433 
key_index before (DPU 52) [0]=   0 [1]= 788 [2]=1579 [3]=2366 [4]=2366 [5]=2366 [6]=2366 [7]=2366 [8]=2366 [9]=2366 [10]=2366 [11]=2366 [12]=2366 
key_index before (DPU 53) [0]=   0 [1]= 715 [2]=1397 [3]=2118 [4]=2118 [5]=2118 [6]=2118 [7]=2118 [8]=2118 [9]=2118 [10]=2118 [11]=2118 [12]=2118 
key_index before (DPU 54) [0]=   0 [1]= 759 [2]=1486 [3]=2213 [4]=2213 [5]=2213 [6]=2213 [7]=2213 [8]=2213 [9]=2213 [10]=2213 [11]=2213 [12]=2213 
key_index before (DPU 55) [0]=   0 [1]= 766 [2]=1530 [3]=2231 [4]=2231 [5]=2231 [6]=2231 [7]=2231 [8]=2231 [9]=2231 [10]=2231 [11]=2231 [12]=2231 
key_index before (DPU 56) [0]=   0 [1]= 722 [2]=1453 [3]=2119 [4]=2119 [5]=2119 [6]=2119 [7]=2119 [8]=2119 [9]=2119 [10]=2119 [11]=2119 [12]=2119 
key_index before (DPU 57) [0]=   0 [1]= 698 [2]=1380 [3]=2117 [4]=2117 [5]=2117 [6]=2117 [7]=2117 [8]=2117 [9]=2117 [10]=2117 [11]=2117 [12]=2117 
key_index before (DPU 58) [0]=   0 [1]= 721 [2]=1398 [3]=2065 [4]=2065 [5]=2065 [6]=2065 [7]=2065 [8]=2065 [9]=2065 [10]=2065 [11]=2065 [12]=2065 
key_index before (DPU 59) [0]=   0 [1]= 695 [2]=1370 [3]=2067 [4]=2067 [5]=2067 [6]=2067 [7]=2067 [8]=2067 [9]=2067 [10]=2067 [11]=2067 [12]=2067 
key_index before (DPU 60) [0]=   0 [1]= 639 [2]=1300 [3]=1972 [4]=1972 [5]=1972 [6]=1972 [7]=1972 [8]=1972 [9]=1972 [10]=1972 [11]=1972 [12]=1972 
key_index before (DPU 61) [0]=   0 [1]= 629 [2]=1273 [3]=1925 [4]=1925 [5]=1925 [6]=1925 [7]=1925 [8]=1925 [9]=1925 [10]=1925 [11]=1925 [12]=1925 
key_index before (DPU 62) [0]=   0 [1]= 626 [2]=1242 [3]=1870 [4]=1870 [5]=1870 [6]=1870 [7]=1870 [8]=1870 [9]=1870 [10]=1870 [11]=1870 [12]=1870 
key_index before (DPU 63) [0]=   0 [1]= 646 [2]=1235 [3]=1873 [4]=1873 [5]=1873 [6]=1873 [7]=1873 [8]=1873 [9]=1873 [10]=1873 [11]=1873 [12]=1873 
key_index before (DPU 64) [0]=   0 [1]= 638 [2]=1292 [3]=1899 [4]=1899 [5]=1899 [6]=1899 [7]=1899 [8]=1899 [9]=1899 [10]=1899 [11]=1899 [12]=1899 
key_index before (DPU 65) [0]=   0 [1]= 569 [2]=1188 [3]=1816 [4]=1816 [5]=1816 [6]=1816 [7]=1816 [8]=1816 [9]=1816 [10]=1816 [11]=1816 [12]=1816 
key_index before (DPU 66) [0]=   0 [1]= 583 [2]=1199 [3]=1814 [4]=1814 [5]=1814 [6]=1814 [7]=1814 [8]=1814 [9]=1814 [10]=1814 [11]=1814 [12]=1814 
key_index before (DPU 67) [0]=   0 [1]= 609 [2]=1218 [3]=1829 [4]=1829 [5]=1829 [6]=1829 [7]=1829 [8]=1829 [9]=1829 [10]=1829 [11]=1829 [12]=1829 
key_index before (DPU 68) [0]=   0 [1]= 576 [2]=1170 [3]=1783 [4]=1783 [5]=1783 [6]=1783 [7]=1783 [8]=1783 [9]=1783 [10]=1783 [11]=1783 [12]=1783 
key_index before (DPU 69) [0]=   0 [1]= 580 [2]=1158 [3]=1701 [4]=1701 [5]=1701 [6]=1701 [7]=1701 [8]=1701 [9]=1701 [10]=1701 [11]=1701 [12]=1701 
key_index before (DPU 70) [0]=   0 [1]= 596 [2]=1108 [3]=1684 [4]=1684 [5]=1684 [6]=1684 [7]=1684 [8]=1684 [9]=1684 [10]=1684 [11]=1684 [12]=1684 
key_index before (DPU 71) [0]=   0 [1]= 620 [2]=1183 [3]=1711 [4]=1711 [5]=1711 [6]=1711 [7]=1711 [8]=1711 [9]=1711 [10]=1711 [11]=1711 [12]=1711 
key_index before (DPU 72) [0]=   0 [1]= 524 [2]=1100 [3]=1647 [4]=1647 [5]=1647 [6]=1647 [7]=1647 [8]=1647 [9]=1647 [10]=1647 [11]=1647 [12]=1647 
key_index before (DPU 73) [0]=   0 [1]= 553 [2]=1069 [3]=1610 [4]=1610 [5]=1610 [6]=1610 [7]=1610 [8]=1610 [9]=1610 [10]=1610 [11]=1610 [12]=1610 
key_index before (DPU 74) [0]=   0 [1]= 543 [2]=1106 [3]=1702 [4]=1702 [5]=1702 [6]=1702 [7]=1702 [8]=1702 [9]=1702 [10]=1702 [11]=1702 [12]=1702 
key_index before (DPU 75) [0]=   0 [1]= 516 [2]= 997 [3]=1533 [4]=1533 [5]=1533 [6]=1533 [7]=1533 [8]=1533 [9]=1533 [10]=1533 [11]=1533 [12]=1533 
key_index before (DPU 76) [0]=   0 [1]= 487 [2]= 979 [3]=1516 [4]=1516 [5]=1516 [6]=1516 [7]=1516 [8]=1516 [9]=1516 [10]=1516 [11]=1516 [12]=1516 
key_index before (DPU 77) [0]=   0 [1]= 518 [2]= 996 [3]=1518 [4]=1518 [5]=1518 [6]=1518 [7]=1518 [8]=1518 [9]=1518 [10]=1518 [11]=1518 [12]=1518 
key_index before (DPU 78) [0]=   0 [1]= 512 [2]=1017 [3]=1528 [4]=1528 [5]=1528 [6]=1528 [7]=1528 [8]=1528 [9]=1528 [10]=1528 [11]=1528 [12]=1528 
key_index before (DPU 79) [0]=   0 [1]= 484 [2]=1001 [3]=1486 [4]=1486 [5]=1486 [6]=1486 [7]=1486 [8]=1486 [9]=1486 [10]=1486 [11]=1486 [12]=1486 
key_index before (DPU 80) [0]=   0 [1]= 505 [2]= 993 [3]=1473 [4]=1473 [5]=1473 [6]=1473 [7]=1473 [8]=1473 [9]=1473 [10]=1473 [11]=1473 [12]=1473 
key_index before (DPU 81) [0]=   0 [1]= 459 [2]= 955 [3]=1486 [4]=1486 [5]=1486 [6]=1486 [7]=1486 [8]=1486 [9]=1486 [10]=1486 [11]=1486 [12]=1486 
key_index before (DPU 82) [0]=   0 [1]= 476 [2]= 964 [3]=1418 [4]=1418 [5]=1418 [6]=1418 [7]=1418 [8]=1418 [9]=1418 [10]=1418 [11]=1418 [12]=1418 
key_index before (DPU 83) [0]=   0 [1]= 505 [2]=1003 [3]=1483 [4]=1483 [5]=1483 [6]=1483 [7]=1483 [8]=1483 [9]=1483 [10]=1483 [11]=1483 [12]=1483 
key_index before (DPU 84) [0]=   0 [1]= 470 [2]= 936 [3]=1424 [4]=1424 [5]=1424 [6]=1424 [7]=1424 [8]=1424 [9]=1424 [10]=1424 [11]=1424 [12]=1424 
key_index before (DPU 85) [0]=   0 [1]= 452 [2]= 956 [3]=1453 [4]=1453 [5]=1453 [6]=1453 [7]=1453 [8]=1453 [9]=1453 [10]=1453 [11]=1453 [12]=1453 
key_index before (DPU 86) [0]=   0 [1]= 454 [2]= 934 [3]=1414 [4]=1414 [5]=1414 [6]=1414 [7]=1414 [8]=1414 [9]=1414 [10]=1414 [11]=1414 [12]=1414 
key_index before (DPU 87) [0]=   0 [1]= 434 [2]= 927 [3]=1397 [4]=1397 [5]=1397 [6]=1397 [7]=1397 [8]=1397 [9]=1397 [10]=1397 [11]=1397 [12]=1397 
key_index before (DPU 88) [0]=   0 [1]= 428 [2]= 885 [3]=1355 [4]=1355 [5]=1355 [6]=1355 [7]=1355 [8]=1355 [9]=1355 [10]=1355 [11]=1355 [12]=1355 
key_index before (DPU 89) [0]=   0 [1]= 408 [2]= 835 [3]=1304 [4]=1304 [5]=1304 [6]=1304 [7]=1304 [8]=1304 [9]=1304 [10]=1304 [11]=1304 [12]=1304 
key_index before (DPU 90) [0]=   0 [1]= 429 [2]= 844 [3]=1277 [4]=1277 [5]=1277 [6]=1277 [7]=1277 [8]=1277 [9]=1277 [10]=1277 [11]=1277 [12]=1277 
key_index before (DPU 91) [0]=   0 [1]= 443 [2]= 879 [3]=1340 [4]=1340 [5]=1340 [6]=1340 [7]=1340 [8]=1340 [9]=1340 [10]=1340 [11]=1340 [12]=1340 
key_index before (DPU 92) [0]=   0 [1]= 416 [2]= 861 [3]=1256 [4]=1256 [5]=1256 [6]=1256 [7]=1256 [8]=1256 [9]=1256 [10]=1256 [11]=1256 [12]=1256 
key_index before (DPU 93) [0]=   0 [1]= 441 [2]= 840 [3]=1290 [4]=1290 [5]=1290 [6]=1290 [7]=1290 [8]=1290 [9]=1290 [10]=1290 [11]=1290 [12]=1290 
key_index before (DPU 94) [0]=   0 [1]= 450 [2]= 850 [3]=1258 [4]=1258 [5]=1258 [6]=1258 [7]=1258 [8]=1258 [9]=1258 [10]=1258 [11]=1258 [12]=1258 
key_index before (DPU 95) [0]=   0 [1]= 479 [2]= 937 [3]=1344 [4]=1344 [5]=1344 [6]=1344 [7]=1344 [8]=1344 [9]=1344 [10]=1344 [11]=1344 [12]=1344 
key_index before (DPU 96) [0]=   0 [1]= 446 [2]= 874 [3]=1326 [4]=1326 [5]=1326 [6]=1326 [7]=1326 [8]=1326 [9]=1326 [10]=1326 [11]=1326 [12]=1326 
key_index before (DPU 97) [0]=   0 [1]= 446 [2]= 865 [3]=1285 [4]=1285 [5]=1285 [6]=1285 [7]=1285 [8]=1285 [9]=1285 [10]=1285 [11]=1285 [12]=1285 
key_index before (DPU 98) [0]=   0 [1]= 388 [2]= 826 [3]=1285 [4]=1285 [5]=1285 [6]=1285 [7]=1285 [8]=1285 [9]=1285 [10]=1285 [11]=1285 [12]=1285 
key_index before (DPU 99) [0]=   0 [1]= 401 [2]= 786 [3]=1158 [4]=1158 [5]=1158 [6]=1158 [7]=1158 [8]=1158 [9]=1158 [10]=1158 [11]=1158 [12]=1158 
key_index before (DPU 100) [0]=   0 [1]= 412 [2]= 777 [3]=1155 [4]=1155 [5]=1155 [6]=1155 [7]=1155 [8]=1155 [9]=1155 [10]=1155 [11]=1155 [12]=1155 
key_index before (DPU 101) [0]=   0 [1]= 413 [2]= 797 [3]=1225 [4]=1225 [5]=1225 [6]=1225 [7]=1225 [8]=1225 [9]=1225 [10]=1225 [11]=1225 [12]=1225 
key_index before (DPU 102) [0]=   0 [1]= 368 [2]= 730 [3]=1127 [4]=1127 [5]=1127 [6]=1127 [7]=1127 [8]=1127 [9]=1127 [10]=1127 [11]=1127 [12]=1127 
key_index before (DPU 103) [0]=   0 [1]= 390 [2]= 792 [3]=1200 [4]=1200 [5]=1200 [6]=1200 [7]=1200 [8]=1200 [9]=1200 [10]=1200 [11]=1200 [12]=1200 
key_index before (DPU 104) [0]=   0 [1]= 395 [2]= 773 [3]=1130 [4]=1130 [5]=1130 [6]=1130 [7]=1130 [8]=1130 [9]=1130 [10]=1130 [11]=1130 [12]=1130 
key_index before (DPU 105) [0]=   0 [1]= 405 [2]= 813 [3]=1177 [4]=1177 [5]=1177 [6]=1177 [7]=1177 [8]=1177 [9]=1177 [10]=1177 [11]=1177 [12]=1177 
key_index before (DPU 106) [0]=   0 [1]= 375 [2]= 817 [3]=1180 [4]=1180 [5]=1180 [6]=1180 [7]=1180 [8]=1180 [9]=1180 [10]=1180 [11]=1180 [12]=1180 
key_index before (DPU 107) [0]=   0 [1]= 384 [2]= 745 [3]=1129 [4]=1129 [5]=1129 [6]=1129 [7]=1129 [8]=1129 [9]=1129 [10]=1129 [11]=1129 [12]=1129 
key_index before (DPU 108) [0]=   0 [1]= 367 [2]= 755 [3]=1144 [4]=1144 [5]=1144 [6]=1144 [7]=1144 [8]=1144 [9]=1144 [10]=1144 [11]=1144 [12]=1144 
key_index before (DPU 109) [0]=   0 [1]= 337 [2]= 693 [3]=1090 [4]=1090 [5]=1090 [6]=1090 [7]=1090 [8]=1090 [9]=1090 [10]=1090 [11]=1090 [12]=1090 
key_index before (DPU 110) [0]=   0 [1]= 363 [2]= 720 [3]=1075 [4]=1075 [5]=1075 [6]=1075 [7]=1075 [8]=1075 [9]=1075 [10]=1075 [11]=1075 [12]=1075 
key_index before (DPU 111) [0]=   0 [1]= 363 [2]= 735 [3]=1096 [4]=1096 [5]=1096 [6]=1096 [7]=1096 [8]=1096 [9]=1096 [10]=1096 [11]=1096 [12]=1096 
key_index before (DPU 112) [0]=   0 [1]= 359 [2]= 714 [3]=1083 [4]=1083 [5]=1083 [6]=1083 [7]=1083 [8]=1083 [9]=1083 [10]=1083 [11]=1083 [12]=1083 
key_index before (DPU 113) [0]=   0 [1]= 338 [2]= 657 [3]= 984 [4]= 984 [5]= 984 [6]= 984 [7]= 984 [8]= 984 [9]= 984 [10]= 984 [11]= 984 [12]= 984 
key_index before (DPU 114) [0]=   0 [1]= 340 [2]= 670 [3]=1033 [4]=1033 [5]=1033 [6]=1033 [7]=1033 [8]=1033 [9]=1033 [10]=1033 [11]=1033 [12]=1033 
key_index before (DPU 115) [0]=   0 [1]= 320 [2]= 662 [3]= 988 [4]= 988 [5]= 988 [6]= 988 [7]= 988 [8]= 988 [9]= 988 [10]= 988 [11]= 988 [12]= 988 
key_index before (DPU 116) [0]=   0 [1]= 346 [2]= 710 [3]=1013 [4]=1013 [5]=1013 [6]=1013 [7]=1013 [8]=1013 [9]=1013 [10]=1013 [11]=1013 [12]=1013 
key_index before (DPU 117) [0]=   0 [1]= 337 [2]= 690 [3]=1048 [4]=1048 [5]=1048 [6]=1048 [7]=1048 [8]=1048 [9]=1048 [10]=1048 [11]=1048 [12]=1048 
key_index before (DPU 118) [0]=   0 [1]= 319 [2]= 660 [3]=1010 [4]=1010 [5]=1010 [6]=1010 [7]=1010 [8]=1010 [9]=1010 [10]=1010 [11]=1010 [12]=1010 
key_index before (DPU 119) [0]=   0 [1]= 324 [2]= 655 [3]= 989 [4]= 989 [5]= 989 [6]= 989 [7]= 989 [8]= 989 [9]= 989 [10]= 989 [11]= 989 [12]= 989 
key_index before (DPU 120) [0]=   0 [1]= 330 [2]= 654 [3]= 976 [4]= 976 [5]= 976 [6]= 976 [7]= 976 [8]= 976 [9]= 976 [10]= 976 [11]= 976 [12]= 976 
key_index before (DPU 121) [0]=   0 [1]= 345 [2]= 667 [3]=1017 [4]=1017 [5]=1017 [6]=1017 [7]=1017 [8]=1017 [9]=1017 [10]=1017 [11]=1017 [12]=1017 
key_index before (DPU 122) [0]=   0 [1]= 338 [2]= 640 [3]= 953 [4]= 953 [5]= 953 [6]= 953 [7]= 953 [8]= 953 [9]= 953 [10]= 953 [11]= 953 [12]= 953 
key_index before (DPU 123) [0]=   0 [1]= 324 [2]= 661 [3]=1009 [4]=1009 [5]=1009 [6]=1009 [7]=1009 [8]=1009 [9]=1009 [10]=1009 [11]=1009 [12]=1009 
key_index before (DPU 124) [0]=   0 [1]= 331 [2]= 655 [3]= 972 [4]= 972 [5]= 972 [6]= 972 [7]= 972 [8]= 972 [9]= 972 [10]= 972 [11]= 972 [12]= 972 
key_index before (DPU 125) [0]=   0 [1]= 294 [2]= 630 [3]= 929 [4]= 929 [5]= 929 [6]= 929 [7]= 929 [8]= 929 [9]= 929 [10]= 929 [11]= 929 [12]= 929 
key_index before (DPU 126) [0]=   0 [1]= 319 [2]= 654 [3]= 989 [4]= 989 [5]= 989 [6]= 989 [7]= 989 [8]= 989 [9]= 989 [10]= 989 [11]= 989 [12]= 989 
key_index before (DPU 127) [0]=   0 [1]= 312 [2]= 669 [3]= 983 [4]= 983 [5]= 983 [6]= 983 [7]= 983 [8]= 983 [9]= 983 [10]= 983 [11]= 983 [12]= 983 
key_index before (DPU 128) [0]=   0 [1]= 329 [2]= 653 [3]= 951 [4]= 951 [5]= 951 [6]= 951 [7]= 951 [8]= 951 [9]= 951 [10]= 951 [11]= 951 [12]= 951 
key_index before (DPU 129) [0]=   0 [1]= 283 [2]= 575 [3]= 894 [4]= 894 [5]= 894 [6]= 894 [7]= 894 [8]= 894 [9]= 894 [10]= 894 [11]= 894 [12]= 894 
key_index before (DPU 130) [0]=   0 [1]= 295 [2]= 592 [3]= 895 [4]= 895 [5]= 895 [6]= 895 [7]= 895 [8]= 895 [9]= 895 [10]= 895 [11]= 895 [12]= 895 
key_index before (DPU 131) [0]=   0 [1]= 315 [2]= 606 [3]= 906 [4]= 906 [5]= 906 [6]= 906 [7]= 906 [8]= 906 [9]= 906 [10]= 906 [11]= 906 [12]= 906 
key_index before (DPU 132) [0]=   0 [1]= 317 [2]= 623 [3]= 944 [4]= 944 [5]= 944 [6]= 944 [7]= 944 [8]= 944 [9]= 944 [10]= 944 [11]= 944 [12]= 944 
key_index before (DPU 133) [0]=   0 [1]= 312 [2]= 630 [3]= 946 [4]= 946 [5]= 946 [6]= 946 [7]= 946 [8]= 946 [9]= 946 [10]= 946 [11]= 946 [12]= 946 
key_index before (DPU 134) [0]=   0 [1]= 330 [2]= 603 [3]= 926 [4]= 926 [5]= 926 [6]= 926 [7]= 926 [8]= 926 [9]= 926 [10]= 926 [11]= 926 [12]= 926 
key_index before (DPU 135) [0]=   0 [1]= 270 [2]= 581 [3]= 886 [4]= 886 [5]= 886 [6]= 886 [7]= 886 [8]= 886 [9]= 886 [10]= 886 [11]= 886 [12]= 886 
key_index before (DPU 136) [0]=   0 [1]= 294 [2]= 595 [3]= 906 [4]= 906 [5]= 906 [6]= 906 [7]= 906 [8]= 906 [9]= 906 [10]= 906 [11]= 906 [12]= 906 
key_index before (DPU 137) [0]=   0 [1]= 262 [2]= 565 [3]= 832 [4]= 832 [5]= 832 [6]= 832 [7]= 832 [8]= 832 [9]= 832 [10]= 832 [11]= 832 [12]= 832 
key_index before (DPU 138) [0]=   0 [1]= 317 [2]= 618 [3]= 903 [4]= 903 [5]= 903 [6]= 903 [7]= 903 [8]= 903 [9]= 903 [10]= 903 [11]= 903 [12]= 903 
key_index before (DPU 139) [0]=   0 [1]= 281 [2]= 559 [3]= 840 [4]= 840 [5]= 840 [6]= 840 [7]= 840 [8]= 840 [9]= 840 [10]= 840 [11]= 840 [12]= 840 
key_index before (DPU 140) [0]=   0 [1]= 301 [2]= 588 [3]= 871 [4]= 871 [5]= 871 [6]= 871 [7]= 871 [8]= 871 [9]= 871 [10]= 871 [11]= 871 [12]= 871 
key_index before (DPU 141) [0]=   0 [1]= 303 [2]= 591 [3]= 871 [4]= 871 [5]= 871 [6]= 871 [7]= 871 [8]= 871 [9]= 871 [10]= 871 [11]= 871 [12]= 871 
key_index before (DPU 142) [0]=   0 [1]= 317 [2]= 593 [3]= 895 [4]= 895 [5]= 895 [6]= 895 [7]= 895 [8]= 895 [9]= 895 [10]= 895 [11]= 895 [12]= 895 
key_index before (DPU 143) [0]=   0 [1]= 282 [2]= 565 [3]= 851 [4]= 851 [5]= 851 [6]= 851 [7]= 851 [8]= 851 [9]= 851 [10]= 851 [11]= 851 [12]= 851 
key_index before (DPU 144) [0]=   0 [1]= 276 [2]= 536 [3]= 799 [4]= 799 [5]= 799 [6]= 799 [7]= 799 [8]= 799 [9]= 799 [10]= 799 [11]= 799 [12]= 799 
key_index before (DPU 145) [0]=   0 [1]= 313 [2]= 582 [3]= 853 [4]= 853 [5]= 853 [6]= 853 [7]= 853 [8]= 853 [9]= 853 [10]= 853 [11]= 853 [12]= 853 
key_index before (DPU 146) [0]=   0 [1]= 272 [2]= 549 [3]= 846 [4]= 846 [5]= 846 [6]= 846 [7]= 846 [8]= 846 [9]= 846 [10]= 846 [11]= 846 [12]= 846 
key_index before (DPU 147) [0]=   0 [1]= 286 [2]= 555 [3]= 828 [4]= 828 [5]= 828 [6]= 828 [7]= 828 [8]= 828 [9]= 828 [10]= 828 [11]= 828 [12]= 828 
key_index before (DPU 148) [0]=   0 [1]= 281 [2]= 541 [3]= 812 [4]= 812 [5]= 812 [6]= 812 [7]= 812 [8]= 812 [9]= 812 [10]= 812 [11]= 812 [12]= 812 
key_index before (DPU 149) [0]=   0 [1]= 282 [2]= 544 [3]= 795 [4]= 795 [5]= 795 [6]= 795 [7]= 795 [8]= 795 [9]= 795 [10]= 795 [11]= 795 [12]= 795 
key_index before (DPU 150) [0]=   0 [1]= 280 [2]= 572 [3]= 825 [4]= 825 [5]= 825 [6]= 825 [7]= 825 [8]= 825 [9]= 825 [10]= 825 [11]= 825 [12]= 825 
key_index before (DPU 151) [0]=   0 [1]= 277 [2]= 543 [3]= 834 [4]= 834 [5]= 834 [6]= 834 [7]= 834 [8]= 834 [9]= 834 [10]= 834 [11]= 834 [12]= 834 
key_index before (DPU 152) [0]=   0 [1]= 252 [2]= 498 [3]= 775 [4]= 775 [5]= 775 [6]= 775 [7]= 775 [8]= 775 [9]= 775 [10]= 775 [11]= 775 [12]= 775 
key_index before (DPU 153) [0]=   0 [1]= 249 [2]= 498 [3]= 758 [4]= 758 [5]= 758 [6]= 758 [7]= 758 [8]= 758 [9]= 758 [10]= 758 [11]= 758 [12]= 758 
key_index before (DPU 154) [0]=   0 [1]= 269 [2]= 533 [3]= 786 [4]= 786 [5]= 786 [6]= 786 [7]= 786 [8]= 786 [9]= 786 [10]= 786 [11]= 786 [12]= 786 
key_index before (DPU 155) [0]=   0 [1]= 281 [2]= 543 [3]= 803 [4]= 803 [5]= 803 [6]= 803 [7]= 803 [8]= 803 [9]= 803 [10]= 803 [11]= 803 [12]= 803 
key_index before (DPU 156) [0]=   0 [1]= 262 [2]= 518 [3]= 790 [4]= 790 [5]= 790 [6]= 790 [7]= 790 [8]= 790 [9]= 790 [10]= 790 [11]= 790 [12]= 790 
key_index before (DPU 157) [0]=   0 [1]= 294 [2]= 548 [3]= 798 [4]= 798 [5]= 798 [6]= 798 [7]= 798 [8]= 798 [9]= 798 [10]= 798 [11]= 798 [12]= 798 
key_index before (DPU 158) [0]=   0 [1]= 285 [2]= 532 [3]= 801 [4]= 801 [5]= 801 [6]= 801 [7]= 801 [8]= 801 [9]= 801 [10]= 801 [11]= 801 [12]= 801 
key_index before (DPU 159) [0]=   0 [1]= 267 [2]= 500 [3]= 781 [4]= 781 [5]= 781 [6]= 781 [7]= 781 [8]= 781 [9]= 781 [10]= 781 [11]= 781 [12]= 781 
key_index before (DPU 160) [0]=   0 [1]= 242 [2]= 492 [3]= 732 [4]= 732 [5]= 732 [6]= 732 [7]= 732 [8]= 732 [9]= 732 [10]= 732 [11]= 732 [12]= 732 
key_index before (DPU 161) [0]=   0 [1]= 267 [2]= 512 [3]= 742 [4]= 742 [5]= 742 [6]= 742 [7]= 742 [8]= 742 [9]= 742 [10]= 742 [11]= 742 [12]= 742 
key_index before (DPU 162) [0]=   0 [1]= 263 [2]= 494 [3]= 740 [4]= 740 [5]= 740 [6]= 740 [7]= 740 [8]= 740 [9]= 740 [10]= 740 [11]= 740 [12]= 740 
key_index before (DPU 163) [0]=   0 [1]= 232 [2]= 508 [3]= 766 [4]= 766 [5]= 766 [6]= 766 [7]= 766 [8]= 766 [9]= 766 [10]= 766 [11]= 766 [12]= 766 
key_index before (DPU 164) [0]=   0 [1]= 230 [2]= 463 [3]= 716 [4]= 716 [5]= 716 [6]= 716 [7]= 716 [8]= 716 [9]= 716 [10]= 716 [11]= 716 [12]= 716 
key_index before (DPU 165) [0]=   0 [1]= 256 [2]= 503 [3]= 768 [4]= 768 [5]= 768 [6]= 768 [7]= 768 [8]= 768 [9]= 768 [10]= 768 [11]= 768 [12]= 768 
key_index before (DPU 166) [0]=   0 [1]= 248 [2]= 503 [3]= 743 [4]= 743 [5]= 743 [6]= 743 [7]= 743 [8]= 743 [9]= 743 [10]= 743 [11]= 743 [12]= 743 
key_index before (DPU 167) [0]=   0 [1]= 226 [2]= 458 [3]= 675 [4]= 675 [5]= 675 [6]= 675 [7]= 675 [8]= 675 [9]= 675 [10]= 675 [11]= 675 [12]= 675 
key_index before (DPU 168) [0]=   0 [1]= 229 [2]= 496 [3]= 744 [4]= 744 [5]= 744 [6]= 744 [7]= 744 [8]= 744 [9]= 744 [10]= 744 [11]= 744 [12]= 744 
key_index before (DPU 169) [0]=   0 [1]= 239 [2]= 488 [3]= 719 [4]= 719 [5]= 719 [6]= 719 [7]= 719 [8]= 719 [9]= 719 [10]= 719 [11]= 719 [12]= 719 
key_index before (DPU 170) [0]=   0 [1]= 234 [2]= 456 [3]= 688 [4]= 688 [5]= 688 [6]= 688 [7]= 688 [8]= 688 [9]= 688 [10]= 688 [11]= 688 [12]= 688 
key_index before (DPU 171) [0]=   0 [1]= 229 [2]= 487 [3]= 725 [4]= 725 [5]= 725 [6]= 725 [7]= 725 [8]= 725 [9]= 725 [10]= 725 [11]= 725 [12]= 725 
key_index before (DPU 172) [0]=   0 [1]= 204 [2]= 432 [3]= 658 [4]= 658 [5]= 658 [6]= 658 [7]= 658 [8]= 658 [9]= 658 [10]= 658 [11]= 658 [12]= 658 
key_index before (DPU 173) [0]=   0 [1]= 251 [2]= 500 [3]= 759 [4]= 759 [5]= 759 [6]= 759 [7]= 759 [8]= 759 [9]= 759 [10]= 759 [11]= 759 [12]= 759 
key_index before (DPU 174) [0]=   0 [1]= 246 [2]= 498 [3]= 712 [4]= 712 [5]= 712 [6]= 712 [7]= 712 [8]= 712 [9]= 712 [10]= 712 [11]= 712 [12]= 712 
key_index before (DPU 175) [0]=   0 [1]= 261 [2]= 483 [3]= 739 [4]= 739 [5]= 739 [6]= 739 [7]= 739 [8]= 739 [9]= 739 [10]= 739 [11]= 739 [12]= 739 
key_index before (DPU 176) [0]=   0 [1]= 253 [2]= 491 [3]= 762 [4]= 762 [5]= 762 [6]= 762 [7]= 762 [8]= 762 [9]= 762 [10]= 762 [11]= 762 [12]= 762 
key_index before (DPU 177) [0]=   0 [1]= 205 [2]= 426 [3]= 638 [4]= 638 [5]= 638 [6]= 638 [7]= 638 [8]= 638 [9]= 638 [10]= 638 [11]= 638 [12]= 638 
key_index before (DPU 178) [0]=   0 [1]= 237 [2]= 460 [3]= 697 [4]= 697 [5]= 697 [6]= 697 [7]= 697 [8]= 697 [9]= 697 [10]= 697 [11]= 697 [12]= 697 
key_index before (DPU 179) [0]=   0 [1]= 229 [2]= 464 [3]= 694 [4]= 694 [5]= 694 [6]= 694 [7]= 694 [8]= 694 [9]= 694 [10]= 694 [11]= 694 [12]= 694 
key_index before (DPU 180) [0]=   0 [1]= 245 [2]= 464 [3]= 681 [4]= 681 [5]= 681 [6]= 681 [7]= 681 [8]= 681 [9]= 681 [10]= 681 [11]= 681 [12]= 681 
key_index before (DPU 181) [0]=   0 [1]= 224 [2]= 453 [3]= 679 [4]= 679 [5]= 679 [6]= 679 [7]= 679 [8]= 679 [9]= 679 [10]= 679 [11]= 679 [12]= 679 
key_index before (DPU 182) [0]=   0 [1]= 211 [2]= 444 [3]= 686 [4]= 686 [5]= 686 [6]= 686 [7]= 686 [8]= 686 [9]= 686 [10]= 686 [11]= 686 [12]= 686 
key_index before (DPU 183) [0]=   0 [1]= 233 [2]= 448 [3]= 641 [4]= 641 [5]= 641 [6]= 641 [7]= 641 [8]= 641 [9]= 641 [10]= 641 [11]= 641 [12]= 641 
key_index before (DPU 184) [0]=   0 [1]= 214 [2]= 428 [3]= 643 [4]= 643 [5]= 643 [6]= 643 [7]= 643 [8]= 643 [9]= 643 [10]= 643 [11]= 643 [12]= 643 
key_index before (DPU 185) [0]=   0 [1]= 203 [2]= 411 [3]= 636 [4]= 636 [5]= 636 [6]= 636 [7]= 636 [8]= 636 [9]= 636 [10]= 636 [11]= 636 [12]= 636 
key_index before (DPU 186) [0]=   0 [1]= 214 [2]= 428 [3]= 649 [4]= 649 [5]= 649 [6]= 649 [7]= 649 [8]= 649 [9]= 649 [10]= 649 [11]= 649 [12]= 649 
key_index before (DPU 187) [0]=   0 [1]= 196 [2]= 422 [3]= 650 [4]= 650 [5]= 650 [6]= 650 [7]= 650 [8]= 650 [9]= 650 [10]= 650 [11]= 650 [12]= 650 
key_index before (DPU 188) [0]=   0 [1]= 200 [2]= 415 [3]= 611 [4]= 611 [5]= 611 [6]= 611 [7]= 611 [8]= 611 [9]= 611 [10]= 611 [11]= 611 [12]= 611 
key_index before (DPU 189) [0]=   0 [1]= 195 [2]= 450 [3]= 685 [4]= 685 [5]= 685 [6]= 685 [7]= 685 [8]= 685 [9]= 685 [10]= 685 [11]= 685 [12]= 685 
key_index before (DPU 190) [0]=   0 [1]= 218 [2]= 430 [3]= 637 [4]= 637 [5]= 637 [6]= 637 [7]= 637 [8]= 637 [9]= 637 [10]= 637 [11]= 637 [12]= 637 
key_index before (DPU 191) [0]=   0 [1]= 195 [2]= 409 [3]= 634 [4]= 634 [5]= 634 [6]= 634 [7]= 634 [8]= 634 [9]= 634 [10]= 634 [11]= 634 [12]= 634 
key_index before (DPU 192) [0]=   0 [1]= 228 [2]= 475 [3]= 685 [4]= 685 [5]= 685 [6]= 685 [7]= 685 [8]= 685 [9]= 685 [10]= 685 [11]= 685 [12]= 685 
key_index before (DPU 193) [0]=   0 [1]= 205 [2]= 430 [3]= 636 [4]= 636 [5]= 636 [6]= 636 [7]= 636 [8]= 636 [9]= 636 [10]= 636 [11]= 636 [12]= 636 
key_index before (DPU 194) [0]=   0 [1]= 185 [2]= 430 [3]= 632 [4]= 632 [5]= 632 [6]= 632 [7]= 632 [8]= 632 [9]= 632 [10]= 632 [11]= 632 [12]= 632 
key_index before (DPU 195) [0]=   0 [1]= 215 [2]= 403 [3]= 612 [4]= 612 [5]= 612 [6]= 612 [7]= 612 [8]= 612 [9]= 612 [10]= 612 [11]= 612 [12]= 612 
key_index before (DPU 196) [0]=   0 [1]= 202 [2]= 404 [3]= 616 [4]= 616 [5]= 616 [6]= 616 [7]= 616 [8]= 616 [9]= 616 [10]= 616 [11]= 616 [12]= 616 
key_index before (DPU 197) [0]=   0 [1]= 201 [2]= 428 [3]= 635 [4]= 635 [5]= 635 [6]= 635 [7]= 635 [8]= 635 [9]= 635 [10]= 635 [11]= 635 [12]= 635 
key_index before (DPU 198) [0]=   0 [1]= 203 [2]= 405 [3]= 634 [4]= 634 [5]= 634 [6]= 634 [7]= 634 [8]= 634 [9]= 634 [10]= 634 [11]= 634 [12]= 634 
key_index before (DPU 199) [0]=   0 [1]= 195 [2]= 407 [3]= 609 [4]= 609 [5]= 609 [6]= 609 [7]= 609 [8]= 609 [9]= 609 [10]= 609 [11]= 609 [12]= 609 
key_index before (DPU 200) [0]=   0 [1]= 191 [2]= 405 [3]= 615 [4]= 615 [5]= 615 [6]= 615 [7]= 615 [8]= 615 [9]= 615 [10]= 615 [11]= 615 [12]= 615 
key_index before (DPU 201) [0]=   0 [1]= 218 [2]= 423 [3]= 608 [4]= 608 [5]= 608 [6]= 608 [7]= 608 [8]= 608 [9]= 608 [10]= 608 [11]= 608 [12]= 608 
key_index before (DPU 202) [0]=   0 [1]= 192 [2]= 383 [3]= 592 [4]= 592 [5]= 592 [6]= 592 [7]= 592 [8]= 592 [9]= 592 [10]= 592 [11]= 592 [12]= 592 
key_index before (DPU 203) [0]=   0 [1]= 211 [2]= 409 [3]= 621 [4]= 621 [5]= 621 [6]= 621 [7]= 621 [8]= 621 [9]= 621 [10]= 621 [11]= 621 [12]= 621 
key_index before (DPU 204) [0]=   0 [1]= 184 [2]= 396 [3]= 575 [4]= 575 [5]= 575 [6]= 575 [7]= 575 [8]= 575 [9]= 575 [10]= 575 [11]= 575 [12]= 575 
key_index before (DPU 205) [0]=   0 [1]= 217 [2]= 417 [3]= 609 [4]= 609 [5]= 609 [6]= 609 [7]= 609 [8]= 609 [9]= 609 [10]= 609 [11]= 609 [12]= 609 
key_index before (DPU 206) [0]=   0 [1]= 185 [2]= 379 [3]= 590 [4]= 590 [5]= 590 [6]= 590 [7]= 590 [8]= 590 [9]= 590 [10]= 590 [11]= 590 [12]= 590 
key_index before (DPU 207) [0]=   0 [1]= 202 [2]= 406 [3]= 632 [4]= 632 [5]= 632 [6]= 632 [7]= 632 [8]= 632 [9]= 632 [10]= 632 [11]= 632 [12]= 632 
key_index before (DPU 208) [0]=   0 [1]= 189 [2]= 402 [3]= 598 [4]= 598 [5]= 598 [6]= 598 [7]= 598 [8]= 598 [9]= 598 [10]= 598 [11]= 598 [12]= 598 
key_index before (DPU 209) [0]=   0 [1]= 211 [2]= 383 [3]= 589 [4]= 589 [5]= 589 [6]= 589 [7]= 589 [8]= 589 [9]= 589 [10]= 589 [11]= 589 [12]= 589 
key_index before (DPU 210) [0]=   0 [1]= 191 [2]= 372 [3]= 567 [4]= 567 [5]= 567 [6]= 567 [7]= 567 [8]= 567 [9]= 567 [10]= 567 [11]= 567 [12]= 567 
key_index before (DPU 211) [0]=   0 [1]= 162 [2]= 336 [3]= 522 [4]= 522 [5]= 522 [6]= 522 [7]= 522 [8]= 522 [9]= 522 [10]= 522 [11]= 522 [12]= 522 
key_index before (DPU 212) [0]=   0 [1]= 188 [2]= 371 [3]= 559 [4]= 559 [5]= 559 [6]= 559 [7]= 559 [8]= 559 [9]= 559 [10]= 559 [11]= 559 [12]= 559 
key_index before (DPU 213) [0]=   0 [1]= 211 [2]= 400 [3]= 569 [4]= 569 [5]= 569 [6]= 569 [7]= 569 [8]= 569 [9]= 569 [10]= 569 [11]= 569 [12]= 569 
key_index before (DPU 214) [0]=   0 [1]= 195 [2]= 368 [3]= 567 [4]= 567 [5]= 567 [6]= 567 [7]= 567 [8]= 567 [9]= 567 [10]= 567 [11]= 567 [12]= 567 
key_index before (DPU 215) [0]=   0 [1]= 221 [2]= 405 [3]= 585 [4]= 585 [5]= 585 [6]= 585 [7]= 585 [8]= 585 [9]= 585 [10]= 585 [11]= 585 [12]= 585 
key_index before (DPU 216) [0]=   0 [1]= 174 [2]= 347 [3]= 534 [4]= 534 [5]= 534 [6]= 534 [7]= 534 [8]= 534 [9]= 534 [10]= 534 [11]= 534 [12]= 534 
key_index before (DPU 217) [0]=   0 [1]= 181 [2]= 381 [3]= 576 [4]= 576 [5]= 576 [6]= 576 [7]= 576 [8]= 576 [9]= 576 [10]= 576 [11]= 576 [12]= 576 
key_index before (DPU 218) [0]=   0 [1]= 181 [2]= 368 [3]= 556 [4]= 556 [5]= 556 [6]= 556 [7]= 556 [8]= 556 [9]= 556 [10]= 556 [11]= 556 [12]= 556 
key_index before (DPU 219) [0]=   0 [1]= 184 [2]= 385 [3]= 579 [4]= 579 [5]= 579 [6]= 579 [7]= 579 [8]= 579 [9]= 579 [10]= 579 [11]= 579 [12]= 579 
key_index before (DPU 220) [0]=   0 [1]= 190 [2]= 383 [3]= 568 [4]= 568 [5]= 568 [6]= 568 [7]= 568 [8]= 568 [9]= 568 [10]= 568 [11]= 568 [12]= 568 
key_index before (DPU 221) [0]=   0 [1]= 172 [2]= 349 [3]= 517 [4]= 517 [5]= 517 [6]= 517 [7]= 517 [8]= 517 [9]= 517 [10]= 517 [11]= 517 [12]= 517 
key_index before (DPU 222) [0]=   0 [1]= 209 [2]= 385 [3]= 566 [4]= 566 [5]= 566 [6]= 566 [7]= 566 [8]= 566 [9]= 566 [10]= 566 [11]= 566 [12]= 566 
key_index before (DPU 223) [0]=   0 [1]= 197 [2]= 382 [3]= 560 [4]= 560 [5]= 560 [6]= 560 [7]= 560 [8]= 560 [9]= 560 [10]= 560 [11]= 560 [12]= 560 
key_index before (DPU 224) [0]=   0 [1]= 186 [2]= 362 [3]= 562 [4]= 562 [5]= 562 [6]= 562 [7]= 562 [8]= 562 [9]= 562 [10]= 562 [11]= 562 [12]= 562 
key_index before (DPU 225) [0]=   0 [1]= 161 [2]= 343 [3]= 533 [4]= 533 [5]= 533 [6]= 533 [7]= 533 [8]= 533 [9]= 533 [10]= 533 [11]= 533 [12]= 533 
key_index before (DPU 226) [0]=   0 [1]= 170 [2]= 360 [3]= 541 [4]= 541 [5]= 541 [6]= 541 [7]= 541 [8]= 541 [9]= 541 [10]= 541 [11]= 541 [12]= 541 
key_index before (DPU 227) [0]=   0 [1]= 197 [2]= 391 [3]= 598 [4]= 598 [5]= 598 [6]= 598 [7]= 598 [8]= 598 [9]= 598 [10]= 598 [11]= 598 [12]= 598 
key_index before (DPU 228) [0]=   0 [1]= 174 [2]= 368 [3]= 557 [4]= 557 [5]= 557 [6]= 557 [7]= 557 [8]= 557 [9]= 557 [10]= 557 [11]= 557 [12]= 557 
key_index before (DPU 229) [0]=   0 [1]= 198 [2]= 367 [3]= 526 [4]= 526 [5]= 526 [6]= 526 [7]= 526 [8]= 526 [9]= 526 [10]= 526 [11]= 526 [12]= 526 
key_index before (DPU 230) [0]=   0 [1]= 167 [2]= 345 [3]= 513 [4]= 513 [5]= 513 [6]= 513 [7]= 513 [8]= 513 [9]= 513 [10]= 513 [11]= 513 [12]= 513 
key_index before (DPU 231) [0]=   0 [1]= 204 [2]= 368 [3]= 529 [4]= 529 [5]= 529 [6]= 529 [7]= 529 [8]= 529 [9]= 529 [10]= 529 [11]= 529 [12]= 529 
key_index before (DPU 232) [0]=   0 [1]= 178 [2]= 367 [3]= 530 [4]= 530 [5]= 530 [6]= 530 [7]= 530 [8]= 530 [9]= 530 [10]= 530 [11]= 530 [12]= 530 
key_index before (DPU 233) [0]=   0 [1]= 190 [2]= 372 [3]= 585 [4]= 585 [5]= 585 [6]= 585 [7]= 585 [8]= 585 [9]= 585 [10]= 585 [11]= 585 [12]= 585 
key_index before (DPU 234) [0]=   0 [1]= 182 [2]= 365 [3]= 573 [4]= 573 [5]= 573 [6]= 573 [7]= 573 [8]= 573 [9]= 573 [10]= 573 [11]= 573 [12]= 573 
key_index before (DPU 235) [0]=   0 [1]= 190 [2]= 371 [3]= 529 [4]= 529 [5]= 529 [6]= 529 [7]= 529 [8]= 529 [9]= 529 [10]= 529 [11]= 529 [12]= 529 
key_index before (DPU 236) [0]=   0 [1]= 180 [2]= 331 [3]= 487 [4]= 487 [5]= 487 [6]= 487 [7]= 487 [8]= 487 [9]= 487 [10]= 487 [11]= 487 [12]= 487 
key_index before (DPU 237) [0]=   0 [1]= 169 [2]= 342 [3]= 498 [4]= 498 [5]= 498 [6]= 498 [7]= 498 [8]= 498 [9]= 498 [10]= 498 [11]= 498 [12]= 498 
key_index before (DPU 238) [0]=   0 [1]= 168 [2]= 327 [3]= 511 [4]= 511 [5]= 511 [6]= 511 [7]= 511 [8]= 511 [9]= 511 [10]= 511 [11]= 511 [12]= 511 
key_index before (DPU 239) [0]=   0 [1]= 165 [2]= 367 [3]= 526 [4]= 526 [5]= 526 [6]= 526 [7]= 526 [8]= 526 [9]= 526 [10]= 526 [11]= 526 [12]= 526 
key_index before (DPU 240) [0]=   0 [1]= 195 [2]= 350 [3]= 544 [4]= 544 [5]= 544 [6]= 544 [7]= 544 [8]= 544 [9]= 544 [10]= 544 [11]= 544 [12]= 544 
key_index before (DPU 241) [0]=   0 [1]= 158 [2]= 311 [3]= 483 [4]= 483 [5]= 483 [6]= 483 [7]= 483 [8]= 483 [9]= 483 [10]= 483 [11]= 483 [12]= 483 
key_index before (DPU 242) [0]=   0 [1]= 174 [2]= 346 [3]= 504 [4]= 504 [5]= 504 [6]= 504 [7]= 504 [8]= 504 [9]= 504 [10]= 504 [11]= 504 [12]= 504 
key_index before (DPU 243) [0]=   0 [1]= 191 [2]= 370 [3]= 530 [4]= 530 [5]= 530 [6]= 530 [7]= 530 [8]= 530 [9]= 530 [10]= 530 [11]= 530 [12]= 530 
key_index before (DPU 244) [0]=   0 [1]= 159 [2]= 325 [3]= 487 [4]= 487 [5]= 487 [6]= 487 [7]= 487 [8]= 487 [9]= 487 [10]= 487 [11]= 487 [12]= 487 
key_index before (DPU 245) [0]=   0 [1]= 173 [2]= 321 [3]= 487 [4]= 487 [5]= 487 [6]= 487 [7]= 487 [8]= 487 [9]= 487 [10]= 487 [11]= 487 [12]= 487 
key_index before (DPU 246) [0]=   0 [1]= 170 [2]= 332 [3]= 483 [4]= 483 [5]= 483 [6]= 483 [7]= 483 [8]= 483 [9]= 483 [10]= 483 [11]= 483 [12]= 483 
key_index before (DPU 247) [0]=   0 [1]= 164 [2]= 338 [3]= 510 [4]= 510 [5]= 510 [6]= 510 [7]= 510 [8]= 510 [9]= 510 [10]= 510 [11]= 510 [12]= 510 
key_index before (DPU 248) [0]=   0 [1]= 137 [2]= 306 [3]= 454 [4]= 454 [5]= 454 [6]= 454 [7]= 454 [8]= 454 [9]= 454 [10]= 454 [11]= 454 [12]= 454 
key_index before (DPU 249) [0]=   0 [1]= 154 [2]= 308 [3]= 469 [4]= 469 [5]= 469 [6]= 469 [7]= 469 [8]= 469 [9]= 469 [10]= 469 [11]= 469 [12]= 469 
key_index before (DPU 250) [0]=   0 [1]= 161 [2]= 315 [3]= 489 [4]= 489 [5]= 489 [6]= 489 [7]= 489 [8]= 489 [9]= 489 [10]= 489 [11]= 489 [12]= 489 
key_index before (DPU 251) [0]=   0 [1]= 164 [2]= 346 [3]= 503 [4]= 503 [5]= 503 [6]= 503 [7]= 503 [8]= 503 [9]= 503 [10]= 503 [11]= 503 [12]= 503 
key_index before (DPU 252) [0]=   0 [1]= 140 [2]= 295 [3]= 459 [4]= 459 [5]= 459 [6]= 459 [7]= 459 [8]= 459 [9]= 459 [10]= 459 [11]= 459 [12]= 459 
key_index before (DPU 253) [0]=   0 [1]= 165 [2]= 327 [3]= 500 [4]= 500 [5]= 500 [6]= 500 [7]= 500 [8]= 500 [9]= 500 [10]= 500 [11]= 500 [12]= 500 
key_index before (DPU 254) [0]=   0 [1]= 178 [2]= 342 [3]= 494 [4]= 494 [5]= 494 [6]= 494 [7]= 494 [8]= 494 [9]= 494 [10]= 494 [11]= 494 [12]= 494 
key_index before (DPU 255) [0]=   0 [1]= 168 [2]= 325 [3]= 519 [4]= 519 [5]= 519 [6]= 519 [7]= 519 [8]= 519 [9]= 519 [10]= 519 [11]= 519 [12]= 519 
key_index before (DPU 256) [0]=   0 [1]= 158 [2]= 329 [3]= 488 [4]= 488 [5]= 488 [6]= 488 [7]= 488 [8]= 488 [9]= 488 [10]= 488 [11]= 488 [12]= 488 
key_index before (DPU 257) [0]=   0 [1]= 176 [2]= 327 [3]= 503 [4]= 503 [5]= 503 [6]= 503 [7]= 503 [8]= 503 [9]= 503 [10]= 503 [11]= 503 [12]= 503 
key_index before (DPU 258) [0]=   0 [1]= 150 [2]= 286 [3]= 431 [4]= 431 [5]= 431 [6]= 431 [7]= 431 [8]= 431 [9]= 431 [10]= 431 [11]= 431 [12]= 431 
key_index before (DPU 259) [0]=   0 [1]= 174 [2]= 343 [3]= 485 [4]= 485 [5]= 485 [6]= 485 [7]= 485 [8]= 485 [9]= 485 [10]= 485 [11]= 485 [12]= 485 
key_index before (DPU 260) [0]=   0 [1]= 130 [2]= 261 [3]= 433 [4]= 433 [5]= 433 [6]= 433 [7]= 433 [8]= 433 [9]= 433 [10]= 433 [11]= 433 [12]= 433 
key_index before (DPU 261) [0]=   0 [1]= 165 [2]= 305 [3]= 469 [4]= 469 [5]= 469 [6]= 469 [7]= 469 [8]= 469 [9]= 469 [10]= 469 [11]= 469 [12]= 469 
key_index before (DPU 262) [0]=   0 [1]= 147 [2]= 301 [3]= 463 [4]= 463 [5]= 463 [6]= 463 [7]= 463 [8]= 463 [9]= 463 [10]= 463 [11]= 463 [12]= 463 
key_index before (DPU 263) [0]=   0 [1]= 137 [2]= 278 [3]= 416 [4]= 416 [5]= 416 [6]= 416 [7]= 416 [8]= 416 [9]= 416 [10]= 416 [11]= 416 [12]= 416 
key_index before (DPU 264) [0]=   0 [1]= 163 [2]= 320 [3]= 473 [4]= 473 [5]= 473 [6]= 473 [7]= 473 [8]= 473 [9]= 473 [10]= 473 [11]= 473 [12]= 473 
key_index before (DPU 265) [0]=   0 [1]= 143 [2]= 285 [3]= 419 [4]= 419 [5]= 419 [6]= 419 [7]= 419 [8]= 419 [9]= 419 [10]= 419 [11]= 419 [12]= 419 
key_index before (DPU 266) [0]=   0 [1]= 165 [2]= 324 [3]= 465 [4]= 465 [5]= 465 [6]= 465 [7]= 465 [8]= 465 [9]= 465 [10]= 465 [11]= 465 [12]= 465 
key_index before (DPU 267) [0]=   0 [1]= 140 [2]= 278 [3]= 424 [4]= 424 [5]= 424 [6]= 424 [7]= 424 [8]= 424 [9]= 424 [10]= 424 [11]= 424 [12]= 424 
key_index before (DPU 268) [0]=   0 [1]= 171 [2]= 316 [3]= 461 [4]= 461 [5]= 461 [6]= 461 [7]= 461 [8]= 461 [9]= 461 [10]= 461 [11]= 461 [12]= 461 
key_index before (DPU 269) [0]=   0 [1]= 151 [2]= 302 [3]= 451 [4]= 451 [5]= 451 [6]= 451 [7]= 451 [8]= 451 [9]= 451 [10]= 451 [11]= 451 [12]= 451 
key_index before (DPU 270) [0]=   0 [1]= 147 [2]= 274 [3]= 421 [4]= 421 [5]= 421 [6]= 421 [7]= 421 [8]= 421 [9]= 421 [10]= 421 [11]= 421 [12]= 421 
key_index before (DPU 271) [0]=   0 [1]= 155 [2]= 318 [3]= 461 [4]= 461 [5]= 461 [6]= 461 [7]= 461 [8]= 461 [9]= 461 [10]= 461 [11]= 461 [12]= 461 
key_index before (DPU 272) [0]=   0 [1]= 147 [2]= 297 [3]= 441 [4]= 441 [5]= 441 [6]= 441 [7]= 441 [8]= 441 [9]= 441 [10]= 441 [11]= 441 [12]= 441 
key_index before (DPU 273) [0]=   0 [1]= 154 [2]= 317 [3]= 479 [4]= 479 [5]= 479 [6]= 479 [7]= 479 [8]= 479 [9]= 479 [10]= 479 [11]= 479 [12]= 479 
key_index before (DPU 274) [0]=   0 [1]= 153 [2]= 309 [3]= 462 [4]= 462 [5]= 462 [6]= 462 [7]= 462 [8]= 462 [9]= 462 [10]= 462 [11]= 462 [12]= 462 
key_index before (DPU 275) [0]=   0 [1]= 141 [2]= 280 [3]= 416 [4]= 416 [5]= 416 [6]= 416 [7]= 416 [8]= 416 [9]= 416 [10]= 416 [11]= 416 [12]= 416 
key_index before (DPU 276) [0]=   0 [1]= 161 [2]= 297 [3]= 440 [4]= 440 [5]= 440 [6]= 440 [7]= 440 [8]= 440 [9]= 440 [10]= 440 [11]= 440 [12]= 440 
key_index before (DPU 277) [0]=   0 [1]= 151 [2]= 302 [3]= 453 [4]= 453 [5]= 453 [6]= 453 [7]= 453 [8]= 453 [9]= 453 [10]= 453 [11]= 453 [12]= 453 
key_index before (DPU 278) [0]=   0 [1]= 152 [2]= 294 [3]= 441 [4]= 441 [5]= 441 [6]= 441 [7]= 441 [8]= 441 [9]= 441 [10]= 441 [11]= 441 [12]= 441 
key_index before (DPU 279) [0]=   0 [1]= 149 [2]= 306 [3]= 479 [4]= 479 [5]= 479 [6]= 479 [7]= 479 [8]= 479 [9]= 479 [10]= 479 [11]= 479 [12]= 479 
key_index before (DPU 280) [0]=   0 [1]= 149 [2]= 282 [3]= 476 [4]= 476 [5]= 476 [6]= 476 [7]= 476 [8]= 476 [9]= 476 [10]= 476 [11]= 476 [12]= 476 
key_index before (DPU 281) [0]=   0 [1]= 111 [2]= 269 [3]= 393 [4]= 393 [5]= 393 [6]= 393 [7]= 393 [8]= 393 [9]= 393 [10]= 393 [11]= 393 [12]= 393 
key_index before (DPU 282) [0]=   0 [1]= 137 [2]= 273 [3]= 435 [4]= 435 [5]= 435 [6]= 435 [7]= 435 [8]= 435 [9]= 435 [10]= 435 [11]= 435 [12]= 435 
key_index before (DPU 283) [0]=   0 [1]= 139 [2]= 277 [3]= 444 [4]= 444 [5]= 444 [6]= 444 [7]= 444 [8]= 444 [9]= 444 [10]= 444 [11]= 444 [12]= 444 
key_index before (DPU 284) [0]=   0 [1]= 153 [2]= 310 [3]= 454 [4]= 454 [5]= 454 [6]= 454 [7]= 454 [8]= 454 [9]= 454 [10]= 454 [11]= 454 [12]= 454 
key_index before (DPU 285) [0]=   0 [1]= 140 [2]= 279 [3]= 426 [4]= 426 [5]= 426 [6]= 426 [7]= 426 [8]= 426 [9]= 426 [10]= 426 [11]= 426 [12]= 426 
key_index before (DPU 286) [0]=   0 [1]= 117 [2]= 270 [3]= 411 [4]= 411 [5]= 411 [6]= 411 [7]= 411 [8]= 411 [9]= 411 [10]= 411 [11]= 411 [12]= 411 
key_index before (DPU 287) [0]=   0 [1]= 148 [2]= 297 [3]= 435 [4]= 435 [5]= 435 [6]= 435 [7]= 435 [8]= 435 [9]= 435 [10]= 435 [11]= 435 [12]= 435 
key_index before (DPU 288) [0]=   0 [1]= 152 [2]= 293 [3]= 446 [4]= 446 [5]= 446 [6]= 446 [7]= 446 [8]= 446 [9]= 446 [10]= 446 [11]= 446 [12]= 446 
key_index before (DPU 289) [0]=   0 [1]= 134 [2]= 283 [3]= 428 [4]= 428 [5]= 428 [6]= 428 [7]= 428 [8]= 428 [9]= 428 [10]= 428 [11]= 428 [12]= 428 
key_index before (DPU 290) [0]=   0 [1]= 139 [2]= 262 [3]= 382 [4]= 382 [5]= 382 [6]= 382 [7]= 382 [8]= 382 [9]= 382 [10]= 382 [11]= 382 [12]= 382 
key_index before (DPU 291) [0]=   0 [1]= 133 [2]= 280 [3]= 424 [4]= 424 [5]= 424 [6]= 424 [7]= 424 [8]= 424 [9]= 424 [10]= 424 [11]= 424 [12]= 424 
key_index before (DPU 292) [0]=   0 [1]= 151 [2]= 281 [3]= 421 [4]= 421 [5]= 421 [6]= 421 [7]= 421 [8]= 421 [9]= 421 [10]= 421 [11]= 421 [12]= 421 
key_index before (DPU 293) [0]=   0 [1]= 127 [2]= 264 [3]= 435 [4]= 435 [5]= 435 [6]= 435 [7]= 435 [8]= 435 [9]= 435 [10]= 435 [11]= 435 [12]= 435 
key_index before (DPU 294) [0]=   0 [1]= 140 [2]= 297 [3]= 442 [4]= 442 [5]= 442 [6]= 442 [7]= 442 [8]= 442 [9]= 442 [10]= 442 [11]= 442 [12]= 442 
key_index before (DPU 295) [0]=   0 [1]= 129 [2]= 265 [3]= 404 [4]= 404 [5]= 404 [6]= 404 [7]= 404 [8]= 404 [9]= 404 [10]= 404 [11]= 404 [12]= 404 
key_index before (DPU 296) [0]=   0 [1]= 134 [2]= 269 [3]= 429 [4]= 429 [5]= 429 [6]= 429 [7]= 429 [8]= 429 [9]= 429 [10]= 429 [11]= 429 [12]= 429 
key_index before (DPU 297) [0]=   0 [1]= 136 [2]= 271 [3]= 394 [4]= 394 [5]= 394 [6]= 394 [7]= 394 [8]= 394 [9]= 394 [10]= 394 [11]= 394 [12]= 394 
key_index before (DPU 298) [0]=   0 [1]= 135 [2]= 261 [3]= 422 [4]= 422 [5]= 422 [6]= 422 [7]= 422 [8]= 422 [9]= 422 [10]= 422 [11]= 422 [12]= 422 
key_index before (DPU 299) [0]=   0 [1]= 138 [2]= 274 [3]= 421 [4]= 421 [5]= 421 [6]= 421 [7]= 421 [8]= 421 [9]= 421 [10]= 421 [11]= 421 [12]= 421 
key_index before (DPU 300) [0]=   0 [1]= 164 [2]= 314 [3]= 432 [4]= 432 [5]= 432 [6]= 432 [7]= 432 [8]= 432 [9]= 432 [10]= 432 [11]= 432 [12]= 432 
key_index before (DPU 301) [0]=   0 [1]= 122 [2]= 261 [3]= 413 [4]= 413 [5]= 413 [6]= 413 [7]= 413 [8]= 413 [9]= 413 [10]= 413 [11]= 413 [12]= 413 
key_index before (DPU 302) [0]=   0 [1]= 144 [2]= 263 [3]= 418 [4]= 418 [5]= 418 [6]= 418 [7]= 418 [8]= 418 [9]= 418 [10]= 418 [11]= 418 [12]= 418 
key_index before (DPU 303) [0]=   0 [1]= 141 [2]= 276 [3]= 407 [4]= 407 [5]= 407 [6]= 407 [7]= 407 [8]= 407 [9]= 407 [10]= 407 [11]= 407 [12]= 407 
key_index before (DPU 304) [0]=   0 [1]= 132 [2]= 270 [3]= 392 [4]= 392 [5]= 392 [6]= 392 [7]= 392 [8]= 392 [9]= 392 [10]= 392 [11]= 392 [12]= 392 
key_index before (DPU 305) [0]=   0 [1]= 128 [2]= 285 [3]= 390 [4]= 390 [5]= 390 [6]= 390 [7]= 390 [8]= 390 [9]= 390 [10]= 390 [11]= 390 [12]= 390 
key_index before (DPU 306) [0]=   0 [1]= 135 [2]= 241 [3]= 363 [4]= 363 [5]= 363 [6]= 363 [7]= 363 [8]= 363 [9]= 363 [10]= 363 [11]= 363 [12]= 363 
key_index before (DPU 307) [0]=   0 [1]= 134 [2]= 270 [3]= 400 [4]= 400 [5]= 400 [6]= 400 [7]= 400 [8]= 400 [9]= 400 [10]= 400 [11]= 400 [12]= 400 
key_index before (DPU 308) [0]=   0 [1]= 158 [2]= 294 [3]= 413 [4]= 413 [5]= 413 [6]= 413 [7]= 413 [8]= 413 [9]= 413 [10]= 413 [11]= 413 [12]= 413 
key_index before (DPU 309) [0]=   0 [1]= 131 [2]= 274 [3]= 410 [4]= 410 [5]= 410 [6]= 410 [7]= 410 [8]= 410 [9]= 410 [10]= 410 [11]= 410 [12]= 410 
key_index before (DPU 310) [0]=   0 [1]= 116 [2]= 258 [3]= 390 [4]= 390 [5]= 390 [6]= 390 [7]= 390 [8]= 390 [9]= 390 [10]= 390 [11]= 390 [12]= 390 
key_index before (DPU 311) [0]=   0 [1]= 145 [2]= 268 [3]= 376 [4]= 376 [5]= 376 [6]= 376 [7]= 376 [8]= 376 [9]= 376 [10]= 376 [11]= 376 [12]= 376 
key_index before (DPU 312) [0]=   0 [1]= 127 [2]= 266 [3]= 406 [4]= 406 [5]= 406 [6]= 406 [7]= 406 [8]= 406 [9]= 406 [10]= 406 [11]= 406 [12]= 406 
key_index before (DPU 313) [0]=   0 [1]= 117 [2]= 256 [3]= 383 [4]= 383 [5]= 383 [6]= 383 [7]= 383 [8]= 383 [9]= 383 [10]= 383 [11]= 383 [12]= 383 
key_index before (DPU 314) [0]=   0 [1]= 141 [2]= 269 [3]= 399 [4]= 399 [5]= 399 [6]= 399 [7]= 399 [8]= 399 [9]= 399 [10]= 399 [11]= 399 [12]= 399 
key_index before (DPU 315) [0]=   0 [1]= 123 [2]= 256 [3]= 394 [4]= 394 [5]= 394 [6]= 394 [7]= 394 [8]= 394 [9]= 394 [10]= 394 [11]= 394 [12]= 394 
key_index before (DPU 316) [0]=   0 [1]= 125 [2]= 247 [3]= 393 [4]= 393 [5]= 393 [6]= 393 [7]= 393 [8]= 393 [9]= 393 [10]= 393 [11]= 393 [12]= 393 
key_index before (DPU 317) [0]=   0 [1]= 152 [2]= 273 [3]= 408 [4]= 408 [5]= 408 [6]= 408 [7]= 408 [8]= 408 [9]= 408 [10]= 408 [11]= 408 [12]= 408 
key_index before (DPU 318) [0]=   0 [1]= 134 [2]= 248 [3]= 362 [4]= 362 [5]= 362 [6]= 362 [7]= 362 [8]= 362 [9]= 362 [10]= 362 [11]= 362 [12]= 362 
key_index before (DPU 319) [0]=   0 [1]= 125 [2]= 246 [3]= 372 [4]= 372 [5]= 372 [6]= 372 [7]= 372 [8]= 372 [9]= 372 [10]= 372 [11]= 372 [12]= 372 
key_index before (DPU 320) [0]=   0 [1]= 139 [2]= 274 [3]= 378 [4]= 378 [5]= 378 [6]= 378 [7]= 378 [8]= 378 [9]= 378 [10]= 378 [11]= 378 [12]= 378 
key_index before (DPU 321) [0]=   0 [1]= 104 [2]= 244 [3]= 382 [4]= 382 [5]= 382 [6]= 382 [7]= 382 [8]= 382 [9]= 382 [10]= 382 [11]= 382 [12]= 382 
key_index before (DPU 322) [0]=   0 [1]= 131 [2]= 247 [3]= 369 [4]= 369 [5]= 369 [6]= 369 [7]= 369 [8]= 369 [9]= 369 [10]= 369 [11]= 369 [12]= 369 
key_index before (DPU 323) [0]=   0 [1]= 128 [2]= 244 [3]= 356 [4]= 356 [5]= 356 [6]= 356 [7]= 356 [8]= 356 [9]= 356 [10]= 356 [11]= 356 [12]= 356 
key_index before (DPU 324) [0]=   0 [1]= 126 [2]= 238 [3]= 372 [4]= 372 [5]= 372 [6]= 372 [7]= 372 [8]= 372 [9]= 372 [10]= 372 [11]= 372 [12]= 372 
key_index before (DPU 325) [0]=   0 [1]= 115 [2]= 252 [3]= 375 [4]= 375 [5]= 375 [6]= 375 [7]= 375 [8]= 375 [9]= 375 [10]= 375 [11]= 375 [12]= 375 
key_index before (DPU 326) [0]=   0 [1]= 156 [2]= 285 [3]= 399 [4]= 399 [5]= 399 [6]= 399 [7]= 399 [8]= 399 [9]= 399 [10]= 399 [11]= 399 [12]= 399 
key_index before (DPU 327) [0]=   0 [1]= 113 [2]= 238 [3]= 365 [4]= 365 [5]= 365 [6]= 365 [7]= 365 [8]= 365 [9]= 365 [10]= 365 [11]= 365 [12]= 365 
key_index before (DPU 328) [0]=   0 [1]= 111 [2]= 213 [3]= 347 [4]= 347 [5]= 347 [6]= 347 [7]= 347 [8]= 347 [9]= 347 [10]= 347 [11]= 347 [12]= 347 
key_index before (DPU 329) [0]=   0 [1]= 116 [2]= 219 [3]= 355 [4]= 355 [5]= 355 [6]= 355 [7]= 355 [8]= 355 [9]= 355 [10]= 355 [11]= 355 [12]= 355 
key_index before (DPU 330) [0]=   0 [1]= 132 [2]= 258 [3]= 378 [4]= 378 [5]= 378 [6]= 378 [7]= 378 [8]= 378 [9]= 378 [10]= 378 [11]= 378 [12]= 378 
key_index before (DPU 331) [0]=   0 [1]= 129 [2]= 253 [3]= 361 [4]= 361 [5]= 361 [6]= 361 [7]= 361 [8]= 361 [9]= 361 [10]= 361 [11]= 361 [12]= 361 
key_index before (DPU 332) [0]=   0 [1]= 108 [2]= 244 [3]= 371 [4]= 371 [5]= 371 [6]= 371 [7]= 371 [8]= 371 [9]= 371 [10]= 371 [11]= 371 [12]= 371 
key_index before (DPU 333) [0]=   0 [1]= 125 [2]= 252 [3]= 385 [4]= 385 [5]= 385 [6]= 385 [7]= 385 [8]= 385 [9]= 385 [10]= 385 [11]= 385 [12]= 385 
key_index before (DPU 334) [0]=   0 [1]= 124 [2]= 256 [3]= 384 [4]= 384 [5]= 384 [6]= 384 [7]= 384 [8]= 384 [9]= 384 [10]= 384 [11]= 384 [12]= 384 
key_index before (DPU 335) [0]=   0 [1]= 122 [2]= 250 [3]= 368 [4]= 368 [5]= 368 [6]= 368 [7]= 368 [8]= 368 [9]= 368 [10]= 368 [11]= 368 [12]= 368 
key_index before (DPU 336) [0]=   0 [1]= 137 [2]= 273 [3]= 379 [4]= 379 [5]= 379 [6]= 379 [7]= 379 [8]= 379 [9]= 379 [10]= 379 [11]= 379 [12]= 379 
key_index before (DPU 337) [0]=   0 [1]= 108 [2]= 225 [3]= 355 [4]= 355 [5]= 355 [6]= 355 [7]= 355 [8]= 355 [9]= 355 [10]= 355 [11]= 355 [12]= 355 
key_index before (DPU 338) [0]=   0 [1]= 102 [2]= 216 [3]= 332 [4]= 332 [5]= 332 [6]= 332 [7]= 332 [8]= 332 [9]= 332 [10]= 332 [11]= 332 [12]= 332 
key_index before (DPU 339) [0]=   0 [1]= 117 [2]= 228 [3]= 325 [4]= 325 [5]= 325 [6]= 325 [7]= 325 [8]= 325 [9]= 325 [10]= 325 [11]= 325 [12]= 325 
key_index before (DPU 340) [0]=   0 [1]= 119 [2]= 241 [3]= 363 [4]= 363 [5]= 363 [6]= 363 [7]= 363 [8]= 363 [9]= 363 [10]= 363 [11]= 363 [12]= 363 
key_index before (DPU 341) [0]=   0 [1]= 125 [2]= 230 [3]= 328 [4]= 328 [5]= 328 [6]= 328 [7]= 328 [8]= 328 [9]= 328 [10]= 328 [11]= 328 [12]= 328 
key_index before (DPU 342) [0]=   0 [1]= 124 [2]= 243 [3]= 364 [4]= 364 [5]= 364 [6]= 364 [7]= 364 [8]= 364 [9]= 364 [10]= 364 [11]= 364 [12]= 364 
key_index before (DPU 343) [0]=   0 [1]= 112 [2]= 214 [3]= 338 [4]= 338 [5]= 338 [6]= 338 [7]= 338 [8]= 338 [9]= 338 [10]= 338 [11]= 338 [12]= 338 
key_index before (DPU 344) [0]=   0 [1]= 136 [2]= 257 [3]= 392 [4]= 392 [5]= 392 [6]= 392 [7]= 392 [8]= 392 [9]= 392 [10]= 392 [11]= 392 [12]= 392 
key_index before (DPU 345) [0]=   0 [1]= 112 [2]= 239 [3]= 343 [4]= 343 [5]= 343 [6]= 343 [7]= 343 [8]= 343 [9]= 343 [10]= 343 [11]= 343 [12]= 343 
key_index before (DPU 346) [0]=   0 [1]= 125 [2]= 254 [3]= 360 [4]= 360 [5]= 360 [6]= 360 [7]= 360 [8]= 360 [9]= 360 [10]= 360 [11]= 360 [12]= 360 
key_index before (DPU 347) [0]=   0 [1]= 113 [2]= 225 [3]= 318 [4]= 318 [5]= 318 [6]= 318 [7]= 318 [8]= 318 [9]= 318 [10]= 318 [11]= 318 [12]= 318 
key_index before (DPU 348) [0]=   0 [1]= 107 [2]= 238 [3]= 347 [4]= 347 [5]= 347 [6]= 347 [7]= 347 [8]= 347 [9]= 347 [10]= 347 [11]= 347 [12]= 347 
key_index before (DPU 349) [0]=   0 [1]= 135 [2]= 242 [3]= 355 [4]= 355 [5]= 355 [6]= 355 [7]= 355 [8]= 355 [9]= 355 [10]= 355 [11]= 355 [12]= 355 
key_index before (DPU 350) [0]=   0 [1]= 108 [2]= 220 [3]= 330 [4]= 330 [5]= 330 [6]= 330 [7]= 330 [8]= 330 [9]= 330 [10]= 330 [11]= 330 [12]= 330 
key_index before (DPU 351) [0]=   0 [1]= 103 [2]= 226 [3]= 352 [4]= 352 [5]= 352 [6]= 352 [7]= 352 [8]= 352 [9]= 352 [10]= 352 [11]= 352 [12]= 352 
key_index before (DPU 352) [0]=   0 [1]= 109 [2]= 236 [3]= 361 [4]= 361 [5]= 361 [6]= 361 [7]= 361 [8]= 361 [9]= 361 [10]= 361 [11]= 361 [12]= 361 
key_index before (DPU 353) [0]=   0 [1]= 121 [2]= 235 [3]= 349 [4]= 349 [5]= 349 [6]= 349 [7]= 349 [8]= 349 [9]= 349 [10]= 349 [11]= 349 [12]= 349 
key_index before (DPU 354) [0]=   0 [1]= 123 [2]= 240 [3]= 356 [4]= 356 [5]= 356 [6]= 356 [7]= 356 [8]= 356 [9]= 356 [10]= 356 [11]= 356 [12]= 356 
key_index before (DPU 355) [0]=   0 [1]= 122 [2]= 236 [3]= 350 [4]= 350 [5]= 350 [6]= 350 [7]= 350 [8]= 350 [9]= 350 [10]= 350 [11]= 350 [12]= 350 
key_index before (DPU 356) [0]=   0 [1]= 118 [2]= 227 [3]= 347 [4]= 347 [5]= 347 [6]= 347 [7]= 347 [8]= 347 [9]= 347 [10]= 347 [11]= 347 [12]= 347 
key_index before (DPU 357) [0]=   0 [1]= 100 [2]= 200 [3]= 312 [4]= 312 [5]= 312 [6]= 312 [7]= 312 [8]= 312 [9]= 312 [10]= 312 [11]= 312 [12]= 312 
key_index before (DPU 358) [0]=   0 [1]= 119 [2]= 222 [3]= 324 [4]= 324 [5]= 324 [6]= 324 [7]= 324 [8]= 324 [9]= 324 [10]= 324 [11]= 324 [12]= 324 
key_index before (DPU 359) [0]=   0 [1]=  97 [2]= 205 [3]= 312 [4]= 312 [5]= 312 [6]= 312 [7]= 312 [8]= 312 [9]= 312 [10]= 312 [11]= 312 [12]= 312 
key_index before (DPU 360) [0]=   0 [1]= 144 [2]= 277 [3]= 408 [4]= 408 [5]= 408 [6]= 408 [7]= 408 [8]= 408 [9]= 408 [10]= 408 [11]= 408 [12]= 408 
key_index before (DPU 361) [0]=   0 [1]= 123 [2]= 250 [3]= 338 [4]= 338 [5]= 338 [6]= 338 [7]= 338 [8]= 338 [9]= 338 [10]= 338 [11]= 338 [12]= 338 
key_index before (DPU 362) [0]=   0 [1]=  99 [2]= 201 [3]= 314 [4]= 314 [5]= 314 [6]= 314 [7]= 314 [8]= 314 [9]= 314 [10]= 314 [11]= 314 [12]= 314 
key_index before (DPU 363) [0]=   0 [1]= 110 [2]= 218 [3]= 353 [4]= 353 [5]= 353 [6]= 353 [7]= 353 [8]= 353 [9]= 353 [10]= 353 [11]= 353 [12]= 353 
key_index before (DPU 364) [0]=   0 [1]=  99 [2]= 209 [3]= 314 [4]= 314 [5]= 314 [6]= 314 [7]= 314 [8]= 314 [9]= 314 [10]= 314 [11]= 314 [12]= 314 
key_index before (DPU 365) [0]=   0 [1]= 119 [2]= 231 [3]= 341 [4]= 341 [5]= 341 [6]= 341 [7]= 341 [8]= 341 [9]= 341 [10]= 341 [11]= 341 [12]= 341 
key_index before (DPU 366) [0]=   0 [1]= 120 [2]= 233 [3]= 347 [4]= 347 [5]= 347 [6]= 347 [7]= 347 [8]= 347 [9]= 347 [10]= 347 [11]= 347 [12]= 347 
key_index before (DPU 367) [0]=   0 [1]= 115 [2]= 221 [3]= 344 [4]= 344 [5]= 344 [6]= 344 [7]= 344 [8]= 344 [9]= 344 [10]= 344 [11]= 344 [12]= 344 
key_index before (DPU 368) [0]=   0 [1]= 134 [2]= 259 [3]= 348 [4]= 348 [5]= 348 [6]= 348 [7]= 348 [8]= 348 [9]= 348 [10]= 348 [11]= 348 [12]= 348 
key_index before (DPU 369) [0]=   0 [1]= 117 [2]= 221 [3]= 341 [4]= 341 [5]= 341 [6]= 341 [7]= 341 [8]= 341 [9]= 341 [10]= 341 [11]= 341 [12]= 341 
key_index before (DPU 370) [0]=   0 [1]= 102 [2]= 210 [3]= 321 [4]= 321 [5]= 321 [6]= 321 [7]= 321 [8]= 321 [9]= 321 [10]= 321 [11]= 321 [12]= 321 
key_index before (DPU 371) [0]=   0 [1]=  92 [2]= 203 [3]= 296 [4]= 296 [5]= 296 [6]= 296 [7]= 296 [8]= 296 [9]= 296 [10]= 296 [11]= 296 [12]= 296 
key_index before (DPU 372) [0]=   0 [1]= 120 [2]= 225 [3]= 343 [4]= 343 [5]= 343 [6]= 343 [7]= 343 [8]= 343 [9]= 343 [10]= 343 [11]= 343 [12]= 343 
key_index before (DPU 373) [0]=   0 [1]=  94 [2]= 183 [3]= 306 [4]= 306 [5]= 306 [6]= 306 [7]= 306 [8]= 306 [9]= 306 [10]= 306 [11]= 306 [12]= 306 
key_index before (DPU 374) [0]=   0 [1]= 108 [2]= 213 [3]= 324 [4]= 324 [5]= 324 [6]= 324 [7]= 324 [8]= 324 [9]= 324 [10]= 324 [11]= 324 [12]= 324 
key_index before (DPU 375) [0]=   0 [1]=  97 [2]= 200 [3]= 315 [4]= 315 [5]= 315 [6]= 315 [7]= 315 [8]= 315 [9]= 315 [10]= 315 [11]= 315 [12]= 315 
key_index before (DPU 376) [0]=   0 [1]= 109 [2]= 203 [3]= 316 [4]= 316 [5]= 316 [6]= 316 [7]= 316 [8]= 316 [9]= 316 [10]= 316 [11]= 316 [12]= 316 
key_index before (DPU 377) [0]=   0 [1]= 102 [2]= 223 [3]= 340 [4]= 340 [5]= 340 [6]= 340 [7]= 340 [8]= 340 [9]= 340 [10]= 340 [11]= 340 [12]= 340 
key_index before (DPU 378) [0]=   0 [1]=  82 [2]= 210 [3]= 321 [4]= 321 [5]= 321 [6]= 321 [7]= 321 [8]= 321 [9]= 321 [10]= 321 [11]= 321 [12]= 321 
key_index before (DPU 379) [0]=   0 [1]= 131 [2]= 223 [3]= 320 [4]= 320 [5]= 320 [6]= 320 [7]= 320 [8]= 320 [9]= 320 [10]= 320 [11]= 320 [12]= 320 
key_index before (DPU 380) [0]=   0 [1]= 103 [2]= 210 [3]= 322 [4]= 322 [5]= 322 [6]= 322 [7]= 322 [8]= 322 [9]= 322 [10]= 322 [11]= 322 [12]= 322 
key_index before (DPU 381) [0]=   0 [1]= 113 [2]= 215 [3]= 315 [4]= 315 [5]= 315 [6]= 315 [7]= 315 [8]= 315 [9]= 315 [10]= 315 [11]= 315 [12]= 315 
key_index before (DPU 382) [0]=   0 [1]= 105 [2]= 212 [3]= 313 [4]= 313 [5]= 313 [6]= 313 [7]= 313 [8]= 313 [9]= 313 [10]= 313 [11]= 313 [12]= 313 
key_index before (DPU 383) [0]=   0 [1]= 106 [2]= 221 [3]= 330 [4]= 330 [5]= 330 [6]= 330 [7]= 330 [8]= 330 [9]= 330 [10]= 330 [11]= 330 [12]= 330 
key_index before (DPU 384) [0]=   0 [1]= 107 [2]= 216 [3]= 326 [4]= 326 [5]= 326 [6]= 326 [7]= 326 [8]= 326 [9]= 326 [10]= 326 [11]= 326 [12]= 326 
key_index before (DPU 385) [0]=   0 [1]= 102 [2]= 201 [3]= 299 [4]= 299 [5]= 299 [6]= 299 [7]= 299 [8]= 299 [9]= 299 [10]= 299 [11]= 299 [12]= 299 
key_index before (DPU 386) [0]=   0 [1]= 107 [2]= 215 [3]= 322 [4]= 322 [5]= 322 [6]= 322 [7]= 322 [8]= 322 [9]= 322 [10]= 322 [11]= 322 [12]= 322 
key_index before (DPU 387) [0]=   0 [1]= 104 [2]= 226 [3]= 330 [4]= 330 [5]= 330 [6]= 330 [7]= 330 [8]= 330 [9]= 330 [10]= 330 [11]= 330 [12]= 330 
key_index before (DPU 388) [0]=   0 [1]= 121 [2]= 225 [3]= 342 [4]= 342 [5]= 342 [6]= 342 [7]= 342 [8]= 342 [9]= 342 [10]= 342 [11]= 342 [12]= 342 
key_index before (DPU 389) [0]=   0 [1]= 101 [2]= 224 [3]= 317 [4]= 317 [5]= 317 [6]= 317 [7]= 317 [8]= 317 [9]= 317 [10]= 317 [11]= 317 [12]= 317 
key_index before (DPU 390) [0]=   0 [1]=  91 [2]= 203 [3]= 303 [4]= 303 [5]= 303 [6]= 303 [7]= 303 [8]= 303 [9]= 303 [10]= 303 [11]= 303 [12]= 303 
key_index before (DPU 391) [0]=   0 [1]= 113 [2]= 217 [3]= 322 [4]= 322 [5]= 322 [6]= 322 [7]= 322 [8]= 322 [9]= 322 [10]= 322 [11]= 322 [12]= 322 
key_index before (DPU 392) [0]=   0 [1]=  96 [2]= 189 [3]= 294 [4]= 294 [5]= 294 [6]= 294 [7]= 294 [8]= 294 [9]= 294 [10]= 294 [11]= 294 [12]= 294 
key_index before (DPU 393) [0]=   0 [1]=  95 [2]= 197 [3]= 318 [4]= 318 [5]= 318 [6]= 318 [7]= 318 [8]= 318 [9]= 318 [10]= 318 [11]= 318 [12]= 318 
key_index before (DPU 394) [0]=   0 [1]= 111 [2]= 202 [3]= 306 [4]= 306 [5]= 306 [6]= 306 [7]= 306 [8]= 306 [9]= 306 [10]= 306 [11]= 306 [12]= 306 
key_index before (DPU 395) [0]=   0 [1]= 118 [2]= 207 [3]= 320 [4]= 320 [5]= 320 [6]= 320 [7]= 320 [8]= 320 [9]= 320 [10]= 320 [11]= 320 [12]= 320 
key_index before (DPU 396) [0]=   0 [1]=  92 [2]= 192 [3]= 303 [4]= 303 [5]= 303 [6]= 303 [7]= 303 [8]= 303 [9]= 303 [10]= 303 [11]= 303 [12]= 303 
key_index before (DPU 397) [0]=   0 [1]= 121 [2]= 212 [3]= 309 [4]= 309 [5]= 309 [6]= 309 [7]= 309 [8]= 309 [9]= 309 [10]= 309 [11]= 309 [12]= 309 
key_index before (DPU 398) [0]=   0 [1]=  99 [2]= 196 [3]= 312 [4]= 312 [5]= 312 [6]= 312 [7]= 312 [8]= 312 [9]= 312 [10]= 312 [11]= 312 [12]= 312 
key_index before (DPU 399) [0]=   0 [1]= 113 [2]= 226 [3]= 332 [4]= 332 [5]= 332 [6]= 332 [7]= 332 [8]= 332 [9]= 332 [10]= 332 [11]= 332 [12]= 332 
key_index before (DPU 400) [0]=   0 [1]= 100 [2]= 225 [3]= 315 [4]= 315 [5]= 315 [6]= 315 [7]= 315 [8]= 315 [9]= 315 [10]= 315 [11]= 315 [12]= 315 
key_index before (DPU 401) [0]=   0 [1]= 115 [2]= 211 [3]= 323 [4]= 323 [5]= 323 [6]= 323 [7]= 323 [8]= 323 [9]= 323 [10]= 323 [11]= 323 [12]= 323 
key_index before (DPU 402) [0]=   0 [1]=  79 [2]= 166 [3]= 252 [4]= 252 [5]= 252 [6]= 252 [7]= 252 [8]= 252 [9]= 252 [10]= 252 [11]= 252 [12]= 252 
key_index before (DPU 403) [0]=   0 [1]=  96 [2]= 190 [3]= 286 [4]= 286 [5]= 286 [6]= 286 [7]= 286 [8]= 286 [9]= 286 [10]= 286 [11]= 286 [12]= 286 
key_index before (DPU 404) [0]=   0 [1]= 111 [2]= 205 [3]= 305 [4]= 305 [5]= 305 [6]= 305 [7]= 305 [8]= 305 [9]= 305 [10]= 305 [11]= 305 [12]= 305 
key_index before (DPU 405) [0]=   0 [1]= 105 [2]= 196 [3]= 284 [4]= 284 [5]= 284 [6]= 284 [7]= 284 [8]= 284 [9]= 284 [10]= 284 [11]= 284 [12]= 284 
key_index before (DPU 406) [0]=   0 [1]= 118 [2]= 203 [3]= 304 [4]= 304 [5]= 304 [6]= 304 [7]= 304 [8]= 304 [9]= 304 [10]= 304 [11]= 304 [12]= 304 
key_index before (DPU 407) [0]=   0 [1]=  99 [2]= 212 [3]= 301 [4]= 301 [5]= 301 [6]= 301 [7]= 301 [8]= 301 [9]= 301 [10]= 301 [11]= 301 [12]= 301 
key_index before (DPU 408) [0]=   0 [1]= 109 [2]= 207 [3]= 302 [4]= 302 [5]= 302 [6]= 302 [7]= 302 [8]= 302 [9]= 302 [10]= 302 [11]= 302 [12]= 302 
key_index before (DPU 409) [0]=   0 [1]=  79 [2]= 173 [3]= 274 [4]= 274 [5]= 274 [6]= 274 [7]= 274 [8]= 274 [9]= 274 [10]= 274 [11]= 274 [12]= 274 
key_index before (DPU 410) [0]=   0 [1]=  99 [2]= 209 [3]= 313 [4]= 313 [5]= 313 [6]= 313 [7]= 313 [8]= 313 [9]= 313 [10]= 313 [11]= 313 [12]= 313 
key_index before (DPU 411) [0]=   0 [1]=  96 [2]= 194 [3]= 284 [4]= 284 [5]= 284 [6]= 284 [7]= 284 [8]= 284 [9]= 284 [10]= 284 [11]= 284 [12]= 284 
key_index before (DPU 412) [0]=   0 [1]= 104 [2]= 198 [3]= 303 [4]= 303 [5]= 303 [6]= 303 [7]= 303 [8]= 303 [9]= 303 [10]= 303 [11]= 303 [12]= 303 
key_index before (DPU 413) [0]=   0 [1]= 101 [2]= 186 [3]= 286 [4]= 286 [5]= 286 [6]= 286 [7]= 286 [8]= 286 [9]= 286 [10]= 286 [11]= 286 [12]= 286 
key_index before (DPU 414) [0]=   0 [1]=  92 [2]= 187 [3]= 295 [4]= 295 [5]= 295 [6]= 295 [7]= 295 [8]= 295 [9]= 295 [10]= 295 [11]= 295 [12]= 295 
key_index before (DPU 415) [0]=   0 [1]= 106 [2]= 215 [3]= 313 [4]= 313 [5]= 313 [6]= 313 [7]= 313 [8]= 313 [9]= 313 [10]= 313 [11]= 313 [12]= 313 
key_index before (DPU 416) [0]=   0 [1]=  75 [2]= 184 [3]= 299 [4]= 299 [5]= 299 [6]= 299 [7]= 299 [8]= 299 [9]= 299 [10]= 299 [11]= 299 [12]= 299 
key_index before (DPU 417) [0]=   0 [1]=  95 [2]= 189 [3]= 288 [4]= 288 [5]= 288 [6]= 288 [7]= 288 [8]= 288 [9]= 288 [10]= 288 [11]= 288 [12]= 288 
key_index before (DPU 418) [0]=   0 [1]=  86 [2]= 178 [3]= 285 [4]= 285 [5]= 285 [6]= 285 [7]= 285 [8]= 285 [9]= 285 [10]= 285 [11]= 285 [12]= 285 
key_index before (DPU 419) [0]=   0 [1]= 104 [2]= 196 [3]= 312 [4]= 312 [5]= 312 [6]= 312 [7]= 312 [8]= 312 [9]= 312 [10]= 312 [11]= 312 [12]= 312 
key_index before (DPU 420) [0]=   0 [1]=  86 [2]= 166 [3]= 265 [4]= 265 [5]= 265 [6]= 265 [7]= 265 [8]= 265 [9]= 265 [10]= 265 [11]= 265 [12]= 265 
key_index before (DPU 421) [0]=   0 [1]=  97 [2]= 175 [3]= 272 [4]= 272 [5]= 272 [6]= 272 [7]= 272 [8]= 272 [9]= 272 [10]= 272 [11]= 272 [12]= 272 
key_index before (DPU 422) [0]=   0 [1]=  96 [2]= 187 [3]= 292 [4]= 292 [5]= 292 [6]= 292 [7]= 292 [8]= 292 [9]= 292 [10]= 292 [11]= 292 [12]= 292 
key_index before (DPU 423) [0]=   0 [1]=  88 [2]= 192 [3]= 279 [4]= 279 [5]= 279 [6]= 279 [7]= 279 [8]= 279 [9]= 279 [10]= 279 [11]= 279 [12]= 279 
key_index before (DPU 424) [0]=   0 [1]=  87 [2]= 174 [3]= 256 [4]= 256 [5]= 256 [6]= 256 [7]= 256 [8]= 256 [9]= 256 [10]= 256 [11]= 256 [12]= 256 
key_index before (DPU 425) [0]=   0 [1]=  98 [2]= 187 [3]= 289 [4]= 289 [5]= 289 [6]= 289 [7]= 289 [8]= 289 [9]= 289 [10]= 289 [11]= 289 [12]= 289 
key_index before (DPU 426) [0]=   0 [1]=  99 [2]= 174 [3]= 280 [4]= 280 [5]= 280 [6]= 280 [7]= 280 [8]= 280 [9]= 280 [10]= 280 [11]= 280 [12]= 280 
key_index before (DPU 427) [0]=   0 [1]= 103 [2]= 199 [3]= 303 [4]= 303 [5]= 303 [6]= 303 [7]= 303 [8]= 303 [9]= 303 [10]= 303 [11]= 303 [12]= 303 
key_index before (DPU 428) [0]=   0 [1]=  96 [2]= 177 [3]= 275 [4]= 275 [5]= 275 [6]= 275 [7]= 275 [8]= 275 [9]= 275 [10]= 275 [11]= 275 [12]= 275 
key_index before (DPU 429) [0]=   0 [1]=  85 [2]= 193 [3]= 284 [4]= 284 [5]= 284 [6]= 284 [7]= 284 [8]= 284 [9]= 284 [10]= 284 [11]= 284 [12]= 284 
key_index before (DPU 430) [0]=   0 [1]=  89 [2]= 187 [3]= 284 [4]= 284 [5]= 284 [6]= 284 [7]= 284 [8]= 284 [9]= 284 [10]= 284 [11]= 284 [12]= 284 
key_index before (DPU 431) [0]=   0 [1]= 104 [2]= 205 [3]= 301 [4]= 301 [5]= 301 [6]= 301 [7]= 301 [8]= 301 [9]= 301 [10]= 301 [11]= 301 [12]= 301 
key_index before (DPU 432) [0]=   0 [1]= 105 [2]= 203 [3]= 291 [4]= 291 [5]= 291 [6]= 291 [7]= 291 [8]= 291 [9]= 291 [10]= 291 [11]= 291 [12]= 291 
key_index before (DPU 433) [0]=   0 [1]=  96 [2]= 185 [3]= 277 [4]= 277 [5]= 277 [6]= 277 [7]= 277 [8]= 277 [9]= 277 [10]= 277 [11]= 277 [12]= 277 
key_index before (DPU 434) [0]=   0 [1]=  95 [2]= 193 [3]= 285 [4]= 285 [5]= 285 [6]= 285 [7]= 285 [8]= 285 [9]= 285 [10]= 285 [11]= 285 [12]= 285 
key_index before (DPU 435) [0]=   0 [1]=  78 [2]= 168 [3]= 257 [4]= 257 [5]= 257 [6]= 257 [7]= 257 [8]= 257 [9]= 257 [10]= 257 [11]= 257 [12]= 257 
key_index before (DPU 436) [0]=   0 [1]=  97 [2]= 210 [3]= 311 [4]= 311 [5]= 311 [6]= 311 [7]= 311 [8]= 311 [9]= 311 [10]= 311 [11]= 311 [12]= 311 
key_index before (DPU 437) [0]=   0 [1]= 108 [2]= 205 [3]= 297 [4]= 297 [5]= 297 [6]= 297 [7]= 297 [8]= 297 [9]= 297 [10]= 297 [11]= 297 [12]= 297 
key_index before (DPU 438) [0]=   0 [1]= 108 [2]= 214 [3]= 311 [4]= 311 [5]= 311 [6]= 311 [7]= 311 [8]= 311 [9]= 311 [10]= 311 [11]= 311 [12]= 311 
key_index before (DPU 439) [0]=   0 [1]=  97 [2]= 200 [3]= 296 [4]= 296 [5]= 296 [6]= 296 [7]= 296 [8]= 296 [9]= 296 [10]= 296 [11]= 296 [12]= 296 
key_index before (DPU 440) [0]=   0 [1]= 100 [2]= 194 [3]= 296 [4]= 296 [5]= 296 [6]= 296 [7]= 296 [8]= 296 [9]= 296 [10]= 296 [11]= 296 [12]= 296 
key_index before (DPU 441) [0]=   0 [1]= 109 [2]= 203 [3]= 290 [4]= 290 [5]= 290 [6]= 290 [7]= 290 [8]= 290 [9]= 290 [10]= 290 [11]= 290 [12]= 290 
key_index before (DPU 442) [0]=   0 [1]=  77 [2]= 180 [3]= 260 [4]= 260 [5]= 260 [6]= 260 [7]= 260 [8]= 260 [9]= 260 [10]= 260 [11]= 260 [12]= 260 
key_index before (DPU 443) [0]=   0 [1]=  85 [2]= 191 [3]= 296 [4]= 296 [5]= 296 [6]= 296 [7]= 296 [8]= 296 [9]= 296 [10]= 296 [11]= 296 [12]= 296 
key_index before (DPU 444) [0]=   0 [1]= 108 [2]= 196 [3]= 283 [4]= 283 [5]= 283 [6]= 283 [7]= 283 [8]= 283 [9]= 283 [10]= 283 [11]= 283 [12]= 283 
key_index before (DPU 445) [0]=   0 [1]=  85 [2]= 169 [3]= 265 [4]= 265 [5]= 265 [6]= 265 [7]= 265 [8]= 265 [9]= 265 [10]= 265 [11]= 265 [12]= 265 
key_index before (DPU 446) [0]=   0 [1]=  70 [2]= 151 [3]= 221 [4]=139002 [5]=139002 [6]=139002 [7]=139002 [8]=139002 [9]=139002 [10]=139002 [11]=139002 [12]=139002 
key_index before (DPU 447) [0]=   0 [1]=  79 [2]= 166 [3]= 265 [4]= 265 [5]= 265 [6]= 265 [7]= 265 [8]= 265 [9]= 265 [10]= 265 [11]= 265 [12]= 265 
key_index before (DPU 448) [0]=   0 [1]=  93 [2]= 174 [3]= 275 [4]= 275 [5]= 275 [6]= 275 [7]= 275 [8]= 275 [9]= 275 [10]= 275 [11]= 275 [12]= 275 
key_index before (DPU 449) [0]=   0 [1]=  79 [2]= 178 [3]= 273 [4]= 273 [5]= 273 [6]= 273 [7]= 273 [8]= 273 [9]= 273 [10]= 273 [11]= 273 [12]= 273 
key_index before (DPU 450) [0]=   0 [1]=  86 [2]= 175 [3]= 271 [4]= 271 [5]= 271 [6]= 271 [7]= 271 [8]= 271 [9]= 271 [10]= 271 [11]= 271 [12]= 271 
key_index before (DPU 451) [0]=   0 [1]=  87 [2]= 188 [3]= 261 [4]= 261 [5]= 261 [6]= 261 [7]= 261 [8]= 261 [9]= 261 [10]= 261 [11]= 261 [12]= 261 
key_index before (DPU 452) [0]=   0 [1]=  83 [2]= 179 [3]= 261 [4]= 261 [5]= 261 [6]= 261 [7]= 261 [8]= 261 [9]= 261 [10]= 261 [11]= 261 [12]= 261 
key_index before (DPU 453) [0]=   0 [1]=  73 [2]= 157 [3]= 263 [4]= 263 [5]= 263 [6]= 263 [7]= 263 [8]= 263 [9]= 263 [10]= 263 [11]= 263 [12]= 263 
key_index before (DPU 454) [0]=   0 [1]=  91 [2]= 176 [3]= 265 [4]= 265 [5]= 265 [6]= 265 [7]= 265 [8]= 265 [9]= 265 [10]= 265 [11]= 265 [12]= 265 
key_index before (DPU 455) [0]=   0 [1]=  90 [2]= 190 [3]= 289 [4]= 289 [5]= 289 [6]= 289 [7]= 289 [8]= 289 [9]= 289 [10]= 289 [11]= 289 [12]= 289 
key_index before (DPU 456) [0]=   0 [1]=  73 [2]= 158 [3]= 245 [4]= 245 [5]= 245 [6]= 245 [7]= 245 [8]= 245 [9]= 245 [10]= 245 [11]= 245 [12]= 245 
key_index before (DPU 457) [0]=   0 [1]=  83 [2]= 182 [3]= 261 [4]= 261 [5]= 261 [6]= 261 [7]= 261 [8]= 261 [9]= 261 [10]= 261 [11]= 261 [12]= 261 
key_index before (DPU 458) [0]=   0 [1]=  73 [2]= 171 [3]= 268 [4]= 268 [5]= 268 [6]= 268 [7]= 268 [8]= 268 [9]= 268 [10]= 268 [11]= 268 [12]= 268 
key_index before (DPU 459) [0]=   0 [1]=  73 [2]= 151 [3]= 229 [4]=12637 [5]=12637 [6]=12637 [7]=12637 [8]=12637 [9]=12637 [10]=12637 [11]=12637 [12]=12637 
key_index before (DPU 460) [0]=   0 [1]=  74 [2]= 170 [3]= 247 [4]= 247 [5]= 247 [6]= 247 [7]= 247 [8]= 247 [9]= 247 [10]= 247 [11]= 247 [12]= 247 
key_index before (DPU 461) [0]=   0 [1]=  79 [2]= 172 [3]= 286 [4]= 286 [5]= 286 [6]= 286 [7]= 286 [8]= 286 [9]= 286 [10]= 286 [11]= 286 [12]= 286 
key_index before (DPU 462) [0]=   0 [1]=  85 [2]= 179 [3]= 274 [4]= 274 [5]= 274 [6]= 274 [7]= 274 [8]= 274 [9]= 274 [10]= 274 [11]= 274 [12]= 274 
key_index before (DPU 463) [0]=   0 [1]=  79 [2]= 158 [3]= 246 [4]= 246 [5]= 246 [6]= 246 [7]= 246 [8]= 246 [9]= 246 [10]= 246 [11]= 246 [12]= 246 
key_index before (DPU 464) [0]=   0 [1]=  93 [2]= 173 [3]= 269 [4]= 269 [5]= 269 [6]= 269 [7]= 269 [8]= 269 [9]= 269 [10]= 269 [11]= 269 [12]= 269 
key_index before (DPU 465) [0]=   0 [1]=  97 [2]= 178 [3]= 260 [4]= 260 [5]= 260 [6]= 260 [7]= 260 [8]= 260 [9]= 260 [10]= 260 [11]= 260 [12]= 260 
key_index before (DPU 466) [0]=   0 [1]=  80 [2]= 157 [3]= 248 [4]= 248 [5]= 248 [6]= 248 [7]= 248 [8]= 248 [9]= 248 [10]= 248 [11]= 248 [12]= 248 
key_index before (DPU 467) [0]=   0 [1]=  86 [2]= 171 [3]= 258 [4]= 258 [5]= 258 [6]= 258 [7]= 258 [8]= 258 [9]= 258 [10]= 258 [11]= 258 [12]= 258 
key_index before (DPU 468) [0]=   0 [1]=  78 [2]= 171 [3]= 256 [4]= 256 [5]= 256 [6]= 256 [7]= 256 [8]= 256 [9]= 256 [10]= 256 [11]= 256 [12]= 256 
key_index before (DPU 469) [0]=   0 [1]=  79 [2]= 175 [3]= 272 [4]= 272 [5]= 272 [6]= 272 [7]= 272 [8]= 272 [9]= 272 [10]= 272 [11]= 272 [12]= 272 
key_index before (DPU 470) [0]=   0 [1]=  61 [2]= 148 [3]= 228 [4]=18225 [5]=18225 [6]=18225 [7]=18225 [8]=18225 [9]=18225 [10]=18225 [11]=18225 [12]=18225 
key_index before (DPU 471) [0]=   0 [1]=  84 [2]= 167 [3]= 260 [4]= 260 [5]= 260 [6]= 260 [7]= 260 [8]= 260 [9]= 260 [10]= 260 [11]= 260 [12]= 260 
key_index before (DPU 472) [0]=   0 [1]=  82 [2]= 174 [3]= 256 [4]= 256 [5]= 256 [6]= 256 [7]= 256 [8]= 256 [9]= 256 [10]= 256 [11]= 256 [12]= 256 
key_index before (DPU 473) [0]=   0 [1]= 106 [2]= 196 [3]= 281 [4]= 281 [5]= 281 [6]= 281 [7]= 281 [8]= 281 [9]= 281 [10]= 281 [11]= 281 [12]= 281 
key_index before (DPU 474) [0]=   0 [1]=  94 [2]= 178 [3]= 289 [4]= 289 [5]= 289 [6]= 289 [7]= 289 [8]= 289 [9]= 289 [10]= 289 [11]= 289 [12]= 289 
key_index before (DPU 475) [0]=   0 [1]=  78 [2]= 155 [3]= 238 [4]= 238 [5]= 238 [6]= 238 [7]= 238 [8]= 238 [9]= 238 [10]= 238 [11]= 238 [12]= 238 
key_index before (DPU 476) [0]=   0 [1]=  77 [2]= 168 [3]= 249 [4]= 249 [5]= 249 [6]= 249 [7]= 249 [8]= 249 [9]= 249 [10]= 249 [11]= 249 [12]= 249 
key_index before (DPU 477) [0]=   0 [1]=  96 [2]= 171 [3]= 242 [4]= 242 [5]= 242 [6]= 242 [7]= 242 [8]= 242 [9]= 242 [10]= 242 [11]= 242 [12]= 242 
key_index before (DPU 478) [0]=   0 [1]=  79 [2]= 160 [3]= 247 [4]= 247 [5]= 247 [6]= 247 [7]= 247 [8]= 247 [9]= 247 [10]= 247 [11]= 247 [12]= 247 
key_index before (DPU 479) [0]=   0 [1]=  80 [2]= 177 [3]= 250 [4]= 250 [5]= 250 [6]= 250 [7]= 250 [8]= 250 [9]= 250 [10]= 250 [11]= 250 [12]= 250 
key_index before (DPU 480) [0]=   0 [1]=  87 [2]= 177 [3]= 259 [4]= 259 [5]= 259 [6]= 259 [7]= 259 [8]= 259 [9]= 259 [10]= 259 [11]= 259 [12]= 259 
key_index before (DPU 481) [0]=   0 [1]=  72 [2]= 149 [3]= 225 [4]=33366 [5]=33366 [6]=33366 [7]=33366 [8]=33366 [9]=33366 [10]=33366 [11]=33366 [12]=33366 
key_index before (DPU 482) [0]=   0 [1]=  86 [2]= 186 [3]= 266 [4]= 266 [5]= 266 [6]= 266 [7]= 266 [8]= 266 [9]= 266 [10]= 266 [11]= 266 [12]= 266 
key_index before (DPU 483) [0]=   0 [1]=  99 [2]= 183 [3]= 270 [4]= 270 [5]= 270 [6]= 270 [7]= 270 [8]= 270 [9]= 270 [10]= 270 [11]= 270 [12]= 270 
key_index before (DPU 484) [0]=   0 [1]=  82 [2]= 162 [3]= 245 [4]= 245 [5]= 245 [6]= 245 [7]= 245 [8]= 245 [9]= 245 [10]= 245 [11]= 245 [12]= 245 
key_index before (DPU 485) [0]=   0 [1]=  67 [2]= 161 [3]= 248 [4]= 248 [5]= 248 [6]= 248 [7]= 248 [8]= 248 [9]= 248 [10]= 248 [11]= 248 [12]= 248 
key_index before (DPU 486) [0]=   0 [1]=  79 [2]= 160 [3]= 237 [4]= 237 [5]= 237 [6]= 237 [7]= 237 [8]= 237 [9]= 237 [10]= 237 [11]= 237 [12]= 237 
key_index before (DPU 487) [0]=   0 [1]=  91 [2]= 184 [3]= 265 [4]= 265 [5]= 265 [6]= 265 [7]= 265 [8]= 265 [9]= 265 [10]= 265 [11]= 265 [12]= 265 
key_index before (DPU 488) [0]=   0 [1]=  79 [2]= 165 [3]= 252 [4]= 252 [5]= 252 [6]= 252 [7]= 252 [8]= 252 [9]= 252 [10]= 252 [11]= 252 [12]= 252 
key_index before (DPU 489) [0]=   0 [1]=  83 [2]= 168 [3]= 255 [4]= 255 [5]= 255 [6]= 255 [7]= 255 [8]= 255 [9]= 255 [10]= 255 [11]= 255 [12]= 255 
key_index before (DPU 490) [0]=   0 [1]=  89 [2]= 172 [3]= 264 [4]= 264 [5]= 264 [6]= 264 [7]= 264 [8]= 264 [9]= 264 [10]= 264 [11]= 264 [12]= 264 
key_index before (DPU 491) [0]=   0 [1]=  95 [2]= 175 [3]= 255 [4]= 255 [5]= 255 [6]= 255 [7]= 255 [8]= 255 [9]= 255 [10]= 255 [11]= 255 [12]= 255 
key_index before (DPU 492) [0]=   0 [1]=  90 [2]= 173 [3]= 258 [4]= 258 [5]= 258 [6]= 258 [7]= 258 [8]= 258 [9]= 258 [10]= 258 [11]= 258 [12]= 258 
key_index before (DPU 493) [0]=   0 [1]=  76 [2]= 157 [3]= 262 [4]= 262 [5]= 262 [6]= 262 [7]= 262 [8]= 262 [9]= 262 [10]= 262 [11]= 262 [12]= 262 
key_index before (DPU 494) [0]=   0 [1]= 101 [2]= 177 [3]= 247 [4]= 247 [5]= 247 [6]= 247 [7]= 247 [8]= 247 [9]= 247 [10]= 247 [11]= 247 [12]= 247 
key_index before (DPU 495) [0]=   0 [1]=  61 [2]= 142 [3]= 233 [4]=9582 [5]=9582 [6]=9582 [7]=9582 [8]=9582 [9]=9582 [10]=9582 [11]=9582 [12]=9582 
key_index before (DPU 496) [0]=   0 [1]=  86 [2]= 183 [3]= 260 [4]= 260 [5]= 260 [6]= 260 [7]= 260 [8]= 260 [9]= 260 [10]= 260 [11]= 260 [12]= 260 
key_index before (DPU 497) [0]=   0 [1]=  92 [2]= 176 [3]= 265 [4]= 265 [5]= 265 [6]= 265 [7]= 265 [8]= 265 [9]= 265 [10]= 265 [11]= 265 [12]= 265 
key_index before (DPU 498) [0]=   0 [1]=  94 [2]= 182 [3]= 264 [4]= 264 [5]= 264 [6]= 264 [7]= 264 [8]= 264 [9]= 264 [10]= 264 [11]= 264 [12]= 264 
key_index before (DPU 499) [0]=   0 [1]=  75 [2]= 171 [3]= 245 [4]= 245 [5]= 245 [6]= 245 [7]= 245 [8]= 245 [9]= 245 [10]= 245 [11]= 245 [12]= 245 
before (DPU 0) [0]=138781 [1]=71421 [2]=48744 [3]=   0 [4]=   0 [5]=   0 [6]=   0 [7]=   0 [8]=   0 [9]=   0 [10]=   0 [11]=   0 
after  (DPU 0) [0]=   0 [1]=71421 [2]=48744 [3]=   0 [4]=   0 [5]=   0 [6]=   0 [7]=   0 [8]=   0 [9]=   0 [10]=   0 [11]=   0 
before (DPU 1) [0]=33141 [1]=26089 [2]=21128 [3]=   0 [4]=   0 [5]=   0 [6]=   0 [7]=   0 [8]=   0 [9]=   0 [10]=   0 [11]=   0 
after  (DPU 1) [0]=   0 [1]=26089 [2]=21128 [3]=   0 [4]=   0 [5]=   0 [6]=   0 [7]=   0 [8]=   0 [9]=   0 [10]=   0 [11]=   0 
before (DPU 2) [0]=17997 [1]=15769 [2]=13770 [3]=   0 [4]=   0 [5]=   0 [6]=   0 [7]=   0 [8]=   0 [9]=   0 [10]=   0 [11]=   0 
after  (DPU 2) [0]=   0 [1]=15769 [2]=13770 [3]=   0 [4]=   0 [5]=   0 [6]=   0 [7]=   0 [8]=   0 [9]=   0 [10]=   0 [11]=   0 
before (DPU 3) [0]=12408 [1]=11424 [2]=9991 [3]=   0 [4]=   0 [5]=   0 [6]=   0 [7]=   0 [8]=   0 [9]=   0 [10]=   0 [11]=   0 
after  (DPU 3) [0]=   0 [1]=11424 [2]=9991 [3]=   0 [4]=   0 [5]=   0 [6]=   0 [7]=   0 [8]=   0 [9]=   0 [10]=   0 [11]=   0 
before (DPU 4) [0]=9349 [1]=8809 [2]=8017 [3]=   0 [4]=   0 [5]=   0 [6]=   0 [7]=   0 [8]=   0 [9]=   0 [10]=   0 [11]=   0 
after  (DPU 4) [0]=   0 [1]=8809 [2]=8017 [3]=   0 [4]=   0 [5]=   0 [6]=   0 [7]=   0 [8]=   0 [9]=   0 [10]=   0 [11]=   0 
before (DPU 5) [0]=7680 [1]=7136 [2]=6676 [3]=   0 [4]=   0 [5]=   0 [6]=   0 [7]=   0 [8]=   0 [9]=   0 [10]=   0 [11]=   0 
after  (DPU 5) [0]=7680 [1]=7136 [2]=6676 [3]=   0 [4]=   0 [5]=   0 [6]=   0 [7]=   0 [8]=   0 [9]=   0 [10]=   0 [11]=   0 
before (DPU 6) [0]=6426 [1]=6049 [2]=5664 [3]=   0 [4]=   0 [5]=   0 [6]=   0 [7]=   0 [8]=   0 [9]=   0 [10]=   0 [11]=   0 
after  (DPU 6) [0]=6426 [1]=6049 [2]=5664 [3]=   0 [4]=   0 [5]=   0 [6]=   0 [7]=   0 [8]=   0 [9]=   0 [10]=   0 [11]=   0 
before (DPU 7) [0]=5511 [1]=5271 [2]=5088 [3]=   0 [4]=   0 [5]=   0 [6]=   0 [7]=   0 [8]=   0 [9]=   0 [10]=   0 [11]=   0 
after  (DPU 7) [0]=5511 [1]=5271 [2]=5088 [3]=   0 [4]=   0 [5]=   0 [6]=   0 [7]=   0 [8]=   0 [9]=   0 [10]=   0 [11]=   0 
before (DPU 8) [0]=4777 [1]=4638 [2]=4422 [3]=   0 [4]=   0 [5]=   0 [6]=   0 [7]=   0 [8]=   0 [9]=   0 [10]=   0 [11]=   0 
after  (DPU 8) [0]=4777 [1]=4638 [2]=4422 [3]=   0 [4]=   0 [5]=   0 [6]=   0 [7]=   0 [8]=   0 [9]=   0 [10]=   0 [11]=   0 
before (DPU 9) [0]=4382 [1]=4068 [2]=4080 [3]=   0 [4]=   0 [5]=   0 [6]=   0 [7]=   0 [8]=   0 [9]=   0 [10]=   0 [11]=   0 
after  (DPU 9) [0]=4382 [1]=4068 [2]=4080 [3]=   0 [4]=   0 [5]=   0 [6]=   0 [7]=   0 [8]=   0 [9]=   0 [10]=   0 [11]=   0 
before (DPU 10) [0]=3889 [1]=3786 [2]=3704 [3]=   0 [4]=   0 [5]=   0 [6]=   0 [7]=   0 [8]=   0 [9]=   0 [10]=   0 [11]=   0 
after  (DPU 10) [0]=3889 [1]=3786 [2]=3704 [3]=   0 [4]=   0 [5]=   0 [6]=   0 [7]=   0 [8]=   0 [9]=   0 [10]=   0 [11]=   0 
before (DPU 11) [0]=3627 [1]=3466 [2]=3368 [3]=   0 [4]=   0 [5]=   0 [6]=   0 [7]=   0 [8]=   0 [9]=   0 [10]=   0 [11]=   0 
after  (DPU 11) [0]=3627 [1]=3466 [2]=3368 [3]=   0 [4]=   0 [5]=   0 [6]=   0 [7]=   0 [8]=   0 [9]=   0 [10]=   0 [11]=   0 
before (DPU 12) [0]=3219 [1]=3171 [2]=3013 [3]=   0 [4]=   0 [5]=   0 [6]=   0 [7]=   0 [8]=   0 [9]=   0 [10]=   0 [11]=   0 
after  (DPU 12) [0]=3219 [1]=3171 [2]=3013 [3]=   0 [4]=   0 [5]=   0 [6]=   0 [7]=   0 [8]=   0 [9]=   0 [10]=   0 [11]=   0 
before (DPU 13) [0]=2971 [1]=2936 [2]=2900 [3]=   0 [4]=   0 [5]=   0 [6]=   0 [7]=   0 [8]=   0 [9]=   0 [10]=   0 [11]=   0 
after  (DPU 13) [0]=2971 [1]=2936 [2]=2900 [3]=   0 [4]=   0 [5]=   0 [6]=   0 [7]=   0 [8]=   0 [9]=   0 [10]=   0 [11]=   0 
before (DPU 14) [0]=2765 [1]=2637 [2]=2622 [3]=   0 [4]=   0 [5]=   0 [6]=   0 [7]=   0 [8]=   0 [9]=   0 [10]=   0 [11]=   0 
after  (DPU 14) [0]=2765 [1]=2637 [2]=2622 [3]=   0 [4]=   0 [5]=   0 [6]=   0 [7]=   0 [8]=   0 [9]=   0 [10]=   0 [11]=   0 
before (DPU 15) [0]=2609 [1]=2520 [2]=2486 [3]=   0 [4]=   0 [5]=   0 [6]=   0 [7]=   0 [8]=   0 [9]=   0 [10]=   0 [11]=   0 
after  (DPU 15) [0]=2609 [1]=2520 [2]=2486 [3]=   0 [4]=   0 [5]=   0 [6]=   0 [7]=   0 [8]=   0 [9]=   0 [10]=   0 [11]=   0 
before (DPU 16) [0]=2466 [1]=2395 [2]=2306 [3]=   0 [4]=   0 [5]=   0 [6]=   0 [7]=   0 [8]=   0 [9]=   0 [10]=   0 [11]=   0 
after  (DPU 16) [0]=2466 [1]=2395 [2]=2306 [3]=   0 [4]=   0 [5]=   0 [6]=   0 [7]=   0 [8]=   0 [9]=   0 [10]=   0 [11]=   0 
before (DPU 17) [0]=2304 [1]=2261 [2]=2124 [3]=   0 [4]=   0 [5]=   0 [6]=   0 [7]=   0 [8]=   0 [9]=   0 [10]=   0 [11]=   0 
after  (DPU 17) [0]=2304 [1]=2261 [2]=2124 [3]=   0 [4]=   0 [5]=   0 [6]=   0 [7]=   0 [8]=   0 [9]=   0 [10]=   0 [11]=   0 
before (DPU 18) [0]=2187 [1]=2056 [2]=2056 [3]=   0 [4]=   0 [5]=   0 [6]=   0 [7]=   0 [8]=   0 [9]=   0 [10]=   0 [11]=   0 
after  (DPU 18) [0]=2187 [1]=2056 [2]=2056 [3]=   0 [4]=   0 [5]=   0 [6]=   0 [7]=   0 [8]=   0 [9]=   0 [10]=   0 [11]=   0 
before (DPU 19) [0]=2127 [1]=2068 [2]=2026 [3]=   0 [4]=   0 [5]=   0 [6]=   0 [7]=   0 [8]=   0 [9]=   0 [10]=   0 [11]=   0 
after  (DPU 19) [0]=2127 [1]=2068 [2]=2026 [3]=   0 [4]=   0 [5]=   0 [6]=   0 [7]=   0 [8]=   0 [9]=   0 [10]=   0 [11]=   0 
before (DPU 20) [0]=1921 [1]=1880 [2]=1949 [3]=   0 [4]=   0 [5]=   0 [6]=   0 [7]=   0 [8]=   0 [9]=   0 [10]=   0 [11]=   0 
after  (DPU 20) [0]=1921 [1]=1880 [2]=1949 [3]=   0 [4]=   0 [5]=   0 [6]=   0 [7]=   0 [8]=   0 [9]=   0 [10]=   0 [11]=   0 
before (DPU 21) [0]=1953 [1]=1781 [2]=1852 [3]=   0 [4]=   0 [5]=   0 [6]=   0 [7]=   0 [8]=   0 [9]=   0 [10]=   0 [11]=   0 
after  (DPU 21) [0]=1953 [1]=1781 [2]=1852 [3]=   0 [4]=   0 [5]=   0 [6]=   0 [7]=   0 [8]=   0 [9]=   0 [10]=   0 [11]=   0 
before (DPU 22) [0]=1792 [1]=1755 [2]=1708 [3]=   0 [4]=   0 [5]=   0 [6]=   0 [7]=   0 [8]=   0 [9]=   0 [10]=   0 [11]=   0 
after  (DPU 22) [0]=1792 [1]=1755 [2]=1708 [3]=   0 [4]=   0 [5]=   0 [6]=   0 [7]=   0 [8]=   0 [9]=   0 [10]=   0 [11]=   0 
before (DPU 23) [0]=1759 [1]=1733 [2]=1616 [3]=   0 [4]=   0 [5]=   0 [6]=   0 [7]=   0 [8]=   0 [9]=   0 [10]=   0 [11]=   0 
after  (DPU 23) [0]=1759 [1]=1733 [2]=1616 [3]=   0 [4]=   0 [5]=   0 [6]=   0 [7]=   0 [8]=   0 [9]=   0 [10]=   0 [11]=   0 
before (DPU 24) [0]=1598 [1]=1575 [2]=1631 [3]=   0 [4]=   0 [5]=   0 [6]=   0 [7]=   0 [8]=   0 [9]=   0 [10]=   0 [11]=   0 
after  (DPU 24) [0]=1598 [1]=1575 [2]=1631 [3]=   0 [4]=   0 [5]=   0 [6]=   0 [7]=   0 [8]=   0 [9]=   0 [10]=   0 [11]=   0 
before (DPU 25) [0]=1584 [1]=1598 [2]=1522 [3]=   0 [4]=   0 [5]=   0 [6]=   0 [7]=   0 [8]=   0 [9]=   0 [10]=   0 [11]=   0 
after  (DPU 25) [0]=1584 [1]=1598 [2]=1522 [3]=   0 [4]=   0 [5]=   0 [6]=   0 [7]=   0 [8]=   0 [9]=   0 [10]=   0 [11]=   0 
before (DPU 26) [0]=1494 [1]=1543 [2]=1390 [3]=   0 [4]=   0 [5]=   0 [6]=   0 [7]=   0 [8]=   0 [9]=   0 [10]=   0 [11]=   0 
after  (DPU 26) [0]=1494 [1]=1543 [2]=1390 [3]=   0 [4]=   0 [5]=   0 [6]=   0 [7]=   0 [8]=   0 [9]=   0 [10]=   0 [11]=   0 
before (DPU 27) [0]=1387 [1]=1427 [2]=1425 [3]=   0 [4]=   0 [5]=   0 [6]=   0 [7]=   0 [8]=   0 [9]=   0 [10]=   0 [11]=   0 
after  (DPU 27) [0]=1387 [1]=1427 [2]=1425 [3]=   0 [4]=   0 [5]=   0 [6]=   0 [7]=   0 [8]=   0 [9]=   0 [10]=   0 [11]=   0 
before (DPU 28) [0]=1419 [1]=1376 [2]=1349 [3]=   0 [4]=   0 [5]=   0 [6]=   0 [7]=   0 [8]=   0 [9]=   0 [10]=   0 [11]=   0 
after  (DPU 28) [0]=1419 [1]=1376 [2]=1349 [3]=   0 [4]=   0 [5]=   0 [6]=   0 [7]=   0 [8]=   0 [9]=   0 [10]=   0 [11]=   0 
before (DPU 29) [0]=1372 [1]=1362 [2]=1341 [3]=   0 [4]=   0 [5]=   0 [6]=   0 [7]=   0 [8]=   0 [9]=   0 [10]=   0 [11]=   0 
after  (DPU 29) [0]=1372 [1]=1362 [2]=1341 [3]=   0 [4]=   0 [5]=   0 [6]=   0 [7]=   0 [8]=   0 [9]=   0 [10]=   0 [11]=   0 
before (DPU 30) [0]=1296 [1]=1287 [2]=1283 [3]=   0 [4]=   0 [5]=   0 [6]=   0 [7]=   0 [8]=   0 [9]=   0 [10]=   0 [11]=   0 
after  (DPU 30) [0]=1296 [1]=1287 [2]=1283 [3]=   0 [4]=   0 [5]=   0 [6]=   0 [7]=   0 [8]=   0 [9]=   0 [10]=   0 [11]=   0 
before (DPU 31) [0]=1243 [1]=1328 [2]=1307 [3]=   0 [4]=   0 [5]=   0 [6]=   0 [7]=   0 [8]=   0 [9]=   0 [10]=   0 [11]=   0 
after  (DPU 31) [0]=1243 [1]=1328 [2]=1307 [3]=   0 [4]=   0 [5]=   0 [6]=   0 [7]=   0 [8]=   0 [9]=   0 [10]=   0 [11]=   0 
before (DPU 32) [0]=1256 [1]=1238 [2]=1184 [3]=   0 [4]=   0 [5]=   0 [6]=   0 [7]=   0 [8]=   0 [9]=   0 [10]=   0 [11]=   0 
after  (DPU 32) [0]=1256 [1]=1238 [2]=1184 [3]=   0 [4]=   0 [5]=   0 [6]=   0 [7]=   0 [8]=   0 [9]=   0 [10]=   0 [11]=   0 
before (DPU 33) [0]=1207 [1]=1140 [2]=1129 [3]=   0 [4]=   0 [5]=   0 [6]=   0 [7]=   0 [8]=   0 [9]=   0 [10]=   0 [11]=   0 
after  (DPU 33) [0]=1207 [1]=1140 [2]=1129 [3]=   0 [4]=   0 [5]=   0 [6]=   0 [7]=   0 [8]=   0 [9]=   0 [10]=   0 [11]=   0 
before (DPU 34) [0]=1215 [1]=1196 [2]=1193 [3]=   0 [4]=   0 [5]=   0 [6]=   0 [7]=   0 [8]=   0 [9]=   0 [10]=   0 [11]=   0 
after  (DPU 34) [0]=1215 [1]=1196 [2]=1193 [3]=   0 [4]=   0 [5]=   0 [6]=   0 [7]=   0 [8]=   0 [9]=   0 [10]=   0 [11]=   0 
before (DPU 35) [0]=1095 [1]=1119 [2]=1140 [3]=   0 [4]=   0 [5]=   0 [6]=   0 [7]=   0 [8]=   0 [9]=   0 [10]=   0 [11]=   0 
after  (DPU 35) [0]=1095 [1]=1119 [2]=1140 [3]=   0 [4]=   0 [5]=   0 [6]=   0 [7]=   0 [8]=   0 [9]=   0 [10]=   0 [11]=   0 
before (DPU 36) [0]=1145 [1]=1136 [2]=1073 [3]=   0 [4]=   0 [5]=   0 [6]=   0 [7]=   0 [8]=   0 [9]=   0 [10]=   0 [11]=   0 
after  (DPU 36) [0]=1145 [1]=1136 [2]=1073 [3]=   0 [4]=   0 [5]=   0 [6]=   0 [7]=   0 [8]=   0 [9]=   0 [10]=   0 [11]=   0 
before (DPU 37) [0]=1113 [1]=1018 [2]=1102 [3]=   0 [4]=   0 [5]=   0 [6]=   0 [7]=   0 [8]=   0 [9]=   0 [10]=   0 [11]=   0 
after  (DPU 37) [0]=1113 [1]=1018 [2]=1102 [3]=   0 [4]=   0 [5]=   0 [6]=   0 [7]=   0 [8]=   0 [9]=   0 [10]=   0 [11]=   0 
before (DPU 38) [0]=1112 [1]=1000 [2]=1062 [3]=   0 [4]=   0 [5]=   0 [6]=   0 [7]=   0 [8]=   0 [9]=   0 [10]=   0 [11]=   0 
after  (DPU 38) [0]=1112 [1]=1000 [2]=1062 [3]=   0 [4]=   0 [5]=   0 [6]=   0 [7]=   0 [8]=   0 [9]=   0 [10]=   0 [11]=   0 
before (DPU 39) [0]=1049 [1]=1028 [2]=1025 [3]=   0 [4]=   0 [5]=   0 [6]=   0 [7]=   0 [8]=   0 [9]=   0 [10]=   0 [11]=   0 
after  (DPU 39) [0]=1049 [1]=1028 [2]=1025 [3]=   0 [4]=   0 [5]=   0 [6]=   0 [7]=   0 [8]=   0 [9]=   0 [10]=   0 [11]=   0 
before (DPU 40) [0]= 945 [1]= 985 [2]= 990 [3]=   0 [4]=   0 [5]=   0 [6]=   0 [7]=   0 [8]=   0 [9]=   0 [10]=   0 [11]=   0 
after  (DPU 40) [0]= 945 [1]= 985 [2]= 990 [3]=   0 [4]=   0 [5]=   0 [6]=   0 [7]=   0 [8]=   0 [9]=   0 [10]=   0 [11]=   0 
before (DPU 41) [0]= 969 [1]= 976 [2]= 981 [3]=   0 [4]=   0 [5]=   0 [6]=   0 [7]=   0 [8]=   0 [9]=   0 [10]=   0 [11]=   0 
after  (DPU 41) [0]= 969 [1]= 976 [2]= 981 [3]=   0 [4]=   0 [5]=   0 [6]=   0 [7]=   0 [8]=   0 [9]=   0 [10]=   0 [11]=   0 
before (DPU 42) [0]= 991 [1]= 929 [2]= 968 [3]=   0 [4]=   0 [5]=   0 [6]=   0 [7]=   0 [8]=   0 [9]=   0 [10]=   0 [11]=   0 
after  (DPU 42) [0]= 991 [1]= 929 [2]= 968 [3]=   0 [4]=   0 [5]=   0 [6]=   0 [7]=   0 [8]=   0 [9]=   0 [10]=   0 [11]=   0 
before (DPU 43) [0]= 927 [1]= 917 [2]= 920 [3]=   0 [4]=   0 [5]=   0 [6]=   0 [7]=   0 [8]=   0 [9]=   0 [10]=   0 [11]=   0 
after  (DPU 43) [0]= 927 [1]= 917 [2]= 920 [3]=   0 [4]=   0 [5]=   0 [6]=   0 [7]=   0 [8]=   0 [9]=   0 [10]=   0 [11]=   0 
before (DPU 44) [0]= 846 [1]= 912 [2]= 916 [3]=   0 [4]=   0 [5]=   0 [6]=   0 [7]=   0 [8]=   0 [9]=   0 [10]=   0 [11]=   0 
after  (DPU 44) [0]= 846 [1]= 912 [2]= 916 [3]=   0 [4]=   0 [5]=   0 [6]=   0 [7]=   0 [8]=   0 [9]=   0 [10]=   0 [11]=   0 
before (DPU 45) [0]= 879 [1]= 898 [2]= 849 [3]=   0 [4]=   0 [5]=   0 [6]=   0 [7]=   0 [8]=   0 [9]=   0 [10]=   0 [11]=   0 
after  (DPU 45) [0]= 879 [1]= 898 [2]= 849 [3]=   0 [4]=   0 [5]=   0 [6]=   0 [7]=   0 [8]=   0 [9]=   0 [10]=   0 [11]=   0 
before (DPU 46) [0]= 877 [1]= 811 [2]= 830 [3]=   0 [4]=   0 [5]=   0 [6]=   0 [7]=   0 [8]=   0 [9]=   0 [10]=   0 [11]=   0 
after  (DPU 46) [0]= 877 [1]= 811 [2]= 830 [3]=   0 [4]=   0 [5]=   0 [6]=   0 [7]=   0 [8]=   0 [9]=   0 [10]=   0 [11]=   0 
before (DPU 47) [0]= 809 [1]= 802 [2]= 805 [3]=   0 [4]=   0 [5]=   0 [6]=   0 [7]=   0 [8]=   0 [9]=   0 [10]=   0 [11]=   0 
after  (DPU 47) [0]= 809 [1]= 802 [2]= 805 [3]=   0 [4]=   0 [5]=   0 [6]=   0 [7]=   0 [8]=   0 [9]=   0 [10]=   0 [11]=   0 
before (DPU 48) [0]= 874 [1]= 798 [2]= 798 [3]=   0 [4]=   0 [5]=   0 [6]=   0 [7]=   0 [8]=   0 [9]=   0 [10]=   0 [11]=   0 
after  (DPU 48) [0]= 874 [1]= 798 [2]= 798 [3]=   0 [4]=   0 [5]=   0 [6]=   0 [7]=   0 [8]=   0 [9]=   0 [10]=   0 [11]=   0 
before (DPU 49) [0]= 822 [1]= 789 [2]= 812 [3]=   0 [4]=   0 [5]=   0 [6]=   0 [7]=   0 [8]=   0 [9]=   0 [10]=   0 [11]=   0 
after  (DPU 49) [0]= 822 [1]= 789 [2]= 812 [3]=   0 [4]=   0 [5]=   0 [6]=   0 [7]=   0 [8]=   0 [9]=   0 [10]=   0 [11]=   0 
before (DPU 50) [0]= 781 [1]= 793 [2]= 731 [3]=   0 [4]=   0 [5]=   0 [6]=   0 [7]=   0 [8]=   0 [9]=   0 [10]=   0 [11]=   0 
after  (DPU 50) [0]= 781 [1]= 793 [2]= 731 [3]=   0 [4]=   0 [5]=   0 [6]=   0 [7]=   0 [8]=   0 [9]=   0 [10]=   0 [11]=   0 
before (DPU 51) [0]= 840 [1]= 807 [2]= 786 [3]=   0 [4]=   0 [5]=   0 [6]=   0 [7]=   0 [8]=   0 [9]=   0 [10]=   0 [11]=   0 
after  (DPU 51) [0]= 840 [1]= 807 [2]= 786 [3]=   0 [4]=   0 [5]=   0 [6]=   0 [7]=   0 [8]=   0 [9]=   0 [10]=   0 [11]=   0 
before (DPU 52) [0]= 788 [1]= 791 [2]= 787 [3]=   0 [4]=   0 [5]=   0 [6]=   0 [7]=   0 [8]=   0 [9]=   0 [10]=   0 [11]=   0 
after  (DPU 52) [0]= 788 [1]= 791 [2]= 787 [3]=   0 [4]=   0 [5]=   0 [6]=   0 [7]=   0 [8]=   0 [9]=   0 [10]=   0 [11]=   0 
before (DPU 53) [0]= 715 [1]= 682 [2]= 721 [3]=   0 [4]=   0 [5]=   0 [6]=   0 [7]=   0 [8]=   0 [9]=   0 [10]=   0 [11]=   0 
after  (DPU 53) [0]= 715 [1]= 682 [2]= 721 [3]=   0 [4]=   0 [5]=   0 [6]=   0 [7]=   0 [8]=   0 [9]=   0 [10]=   0 [11]=   0 
before (DPU 54) [0]= 759 [1]= 727 [2]= 727 [3]=   0 [4]=   0 [5]=   0 [6]=   0 [7]=   0 [8]=   0 [9]=   0 [10]=   0 [11]=   0 
after  (DPU 54) [0]= 759 [1]= 727 [2]= 727 [3]=   0 [4]=   0 [5]=   0 [6]=   0 [7]=   0 [8]=   0 [9]=   0 [10]=   0 [11]=   0 
before (DPU 55) [0]= 766 [1]= 764 [2]= 701 [3]=   0 [4]=   0 [5]=   0 [6]=   0 [7]=   0 [8]=   0 [9]=   0 [10]=   0 [11]=   0 
after  (DPU 55) [0]= 766 [1]= 764 [2]= 701 [3]=   0 [4]=   0 [5]=   0 [6]=   0 [7]=   0 [8]=   0 [9]=   0 [10]=   0 [11]=   0 
before (DPU 56) [0]= 722 [1]= 731 [2]= 666 [3]=   0 [4]=   0 [5]=   0 [6]=   0 [7]=   0 [8]=   0 [9]=   0 [10]=   0 [11]=   0 
after  (DPU 56) [0]= 722 [1]= 731 [2]= 666 [3]=   0 [4]=   0 [5]=   0 [6]=   0 [7]=   0 [8]=   0 [9]=   0 [10]=   0 [11]=   0 
before (DPU 57) [0]= 698 [1]= 682 [2]= 737 [3]=   0 [4]=   0 [5]=   0 [6]=   0 [7]=   0 [8]=   0 [9]=   0 [10]=   0 [11]=   0 
after  (DPU 57) [0]= 698 [1]= 682 [2]= 737 [3]=   0 [4]=   0 [5]=   0 [6]=   0 [7]=   0 [8]=   0 [9]=   0 [10]=   0 [11]=   0 
before (DPU 58) [0]= 721 [1]= 677 [2]= 667 [3]=   0 [4]=   0 [5]=   0 [6]=   0 [7]=   0 [8]=   0 [9]=   0 [10]=   0 [11]=   0 
after  (DPU 58) [0]= 721 [1]= 677 [2]= 667 [3]=   0 [4]=   0 [5]=   0 [6]=   0 [7]=   0 [8]=   0 [9]=   0 [10]=   0 [11]=   0 
before (DPU 59) [0]= 695 [1]= 675 [2]= 697 [3]=   0 [4]=   0 [5]=   0 [6]=   0 [7]=   0 [8]=   0 [9]=   0 [10]=   0 [11]=   0 
after  (DPU 59) [0]= 695 [1]= 675 [2]= 697 [3]=   0 [4]=   0 [5]=   0 [6]=   0 [7]=   0 [8]=   0 [9]=   0 [10]=   0 [11]=   0 
before (DPU 60) [0]= 639 [1]= 661 [2]= 672 [3]=   0 [4]=   0 [5]=   0 [6]=   0 [7]=   0 [8]=   0 [9]=   0 [10]=   0 [11]=   0 
after  (DPU 60) [0]= 639 [1]= 661 [2]= 672 [3]=   0 [4]=   0 [5]=   0 [6]=   0 [7]=   0 [8]=   0 [9]=   0 [10]=   0 [11]=   0 
before (DPU 61) [0]= 629 [1]= 644 [2]= 652 [3]=   0 [4]=   0 [5]=   0 [6]=   0 [7]=   0 [8]=   0 [9]=   0 [10]=   0 [11]=   0 
after  (DPU 61) [0]= 629 [1]= 644 [2]= 652 [3]=   0 [4]=   0 [5]=   0 [6]=   0 [7]=   0 [8]=   0 [9]=   0 [10]=   0 [11]=   0 
before (DPU 62) [0]= 626 [1]= 616 [2]= 628 [3]=   0 [4]=   0 [5]=   0 [6]=   0 [7]=   0 [8]=   0 [9]=   0 [10]=   0 [11]=   0 
after  (DPU 62) [0]= 626 [1]= 616 [2]= 628 [3]=   0 [4]=   0 [5]=   0 [6]=   0 [7]=   0 [8]=   0 [9]=   0 [10]=   0 [11]=   0 
before (DPU 63) [0]= 646 [1]= 589 [2]= 638 [3]=   0 [4]=   0 [5]=   0 [6]=   0 [7]=   0 [8]=   0 [9]=   0 [10]=   0 [11]=   0 
after  (DPU 63) [0]= 646 [1]= 589 [2]= 638 [3]=   0 [4]=   0 [5]=   0 [6]=   0 [7]=   0 [8]=   0 [9]=   0 [10]=   0 [11]=   0 
before (DPU 64) [0]= 638 [1]= 654 [2]= 607 [3]=   0 [4]=   0 [5]=   0 [6]=   0 [7]=   0 [8]=   0 [9]=   0 [10]=   0 [11]=   0 
after  (DPU 64) [0]= 638 [1]= 654 [2]= 607 [3]=   0 [4]=   0 [5]=   0 [6]=   0 [7]=   0 [8]=   0 [9]=   0 [10]=   0 [11]=   0 
before (DPU 65) [0]= 569 [1]= 619 [2]= 628 [3]=   0 [4]=   0 [5]=   0 [6]=   0 [7]=   0 [8]=   0 [9]=   0 [10]=   0 [11]=   0 
after  (DPU 65) [0]= 569 [1]= 619 [2]= 628 [3]=   0 [4]=   0 [5]=   0 [6]=   0 [7]=   0 [8]=   0 [9]=   0 [10]=   0 [11]=   0 
before (DPU 66) [0]= 583 [1]= 616 [2]= 615 [3]=   0 [4]=   0 [5]=   0 [6]=   0 [7]=   0 [8]=   0 [9]=   0 [10]=   0 [11]=   0 
after  (DPU 66) [0]= 583 [1]= 616 [2]= 615 [3]=   0 [4]=   0 [5]=   0 [6]=   0 [7]=   0 [8]=   0 [9]=   0 [10]=   0 [11]=   0 
before (DPU 67) [0]= 609 [1]= 609 [2]= 611 [3]=   0 [4]=   0 [5]=   0 [6]=   0 [7]=   0 [8]=   0 [9]=   0 [10]=   0 [11]=   0 
after  (DPU 67) [0]= 609 [1]= 609 [2]= 611 [3]=   0 [4]=   0 [5]=   0 [6]=   0 [7]=   0 [8]=   0 [9]=   0 [10]=   0 [11]=   0 
before (DPU 68) [0]= 576 [1]= 594 [2]= 613 [3]=   0 [4]=   0 [5]=   0 [6]=   0 [7]=   0 [8]=   0 [9]=   0 [10]=   0 [11]=   0 
after  (DPU 68) [0]= 576 [1]= 594 [2]= 613 [3]=   0 [4]=   0 [5]=   0 [6]=   0 [7]=   0 [8]=   0 [9]=   0 [10]=   0 [11]=   0 
before (DPU 69) [0]= 580 [1]= 578 [2]= 543 [3]=   0 [4]=   0 [5]=   0 [6]=   0 [7]=   0 [8]=   0 [9]=   0 [10]=   0 [11]=   0 
after  (DPU 69) [0]= 580 [1]= 578 [2]= 543 [3]=   0 [4]=   0 [5]=   0 [6]=   0 [7]=   0 [8]=   0 [9]=   0 [10]=   0 [11]=   0 
before (DPU 70) [0]= 596 [1]= 512 [2]= 576 [3]=   0 [4]=   0 [5]=   0 [6]=   0 [7]=   0 [8]=   0 [9]=   0 [10]=   0 [11]=   0 
after  (DPU 70) [0]= 596 [1]= 512 [2]= 576 [3]=   0 [4]=   0 [5]=   0 [6]=   0 [7]=   0 [8]=   0 [9]=   0 [10]=   0 [11]=   0 
before (DPU 71) [0]= 620 [1]= 563 [2]= 528 [3]=   0 [4]=   0 [5]=   0 [6]=   0 [7]=   0 [8]=   0 [9]=   0 [10]=   0 [11]=   0 
after  (DPU 71) [0]= 620 [1]= 563 [2]= 528 [3]=   0 [4]=   0 [5]=   0 [6]=   0 [7]=   0 [8]=   0 [9]=   0 [10]=   0 [11]=   0 
before (DPU 72) [0]= 524 [1]= 576 [2]= 547 [3]=   0 [4]=   0 [5]=   0 [6]=   0 [7]=   0 [8]=   0 [9]=   0 [10]=   0 [11]=   0 
after  (DPU 72) [0]= 524 [1]= 576 [2]= 547 [3]=   0 [4]=   0 [5]=   0 [6]=   0 [7]=   0 [8]=   0 [9]=   0 [10]=   0 [11]=   0 
before (DPU 73) [0]= 553 [1]= 516 [2]= 541 [3]=   0 [4]=   0 [5]=   0 [6]=   0 [7]=   0 [8]=   0 [9]=   0 [10]=   0 [11]=   0 
after  (DPU 73) [0]= 553 [1]= 516 [2]= 541 [3]=   0 [4]=   0 [5]=   0 [6]=   0 [7]=   0 [8]=   0 [9]=   0 [10]=   0 [11]=   0 
before (DPU 74) [0]= 543 [1]= 563 [2]= 596 [3]=   0 [4]=   0 [5]=   0 [6]=   0 [7]=   0 [8]=   0 [9]=   0 [10]=   0 [11]=   0 
after  (DPU 74) [0]= 543 [1]= 563 [2]= 596 [3]=   0 [4]=   0 [5]=   0 [6]=   0 [7]=   0 [8]=   0 [9]=   0 [10]=   0 [11]=   0 
before (DPU 75) [0]= 516 [1]= 481 [2]= 536 [3]=   0 [4]=   0 [5]=   0 [6]=   0 [7]=   0 [8]=   0 [9]=   0 [10]=   0 [11]=   0 
after  (DPU 75) [0]= 516 [1]= 481 [2]= 536 [3]=   0 [4]=   0 [5]=   0 [6]=   0 [7]=   0 [8]=   0 [9]=   0 [10]=   0 [11]=   0 
before (DPU 76) [0]= 487 [1]= 492 [2]= 537 [3]=   0 [4]=   0 [5]=   0 [6]=   0 [7]=   0 [8]=   0 [9]=   0 [10]=   0 [11]=   0 
after  (DPU 76) [0]= 487 [1]= 492 [2]= 537 [3]=   0 [4]=   0 [5]=   0 [6]=   0 [7]=   0 [8]=   0 [9]=   0 [10]=   0 [11]=   0 
before (DPU 77) [0]= 518 [1]= 478 [2]= 522 [3]=   0 [4]=   0 [5]=   0 [6]=   0 [7]=   0 [8]=   0 [9]=   0 [10]=   0 [11]=   0 
after  (DPU 77) [0]= 518 [1]= 478 [2]= 522 [3]=   0 [4]=   0 [5]=   0 [6]=   0 [7]=   0 [8]=   0 [9]=   0 [10]=   0 [11]=   0 
before (DPU 78) [0]= 512 [1]= 505 [2]= 511 [3]=   0 [4]=   0 [5]=   0 [6]=   0 [7]=   0 [8]=   0 [9]=   0 [10]=   0 [11]=   0 
after  (DPU 78) [0]= 512 [1]= 505 [2]= 511 [3]=   0 [4]=   0 [5]=   0 [6]=   0 [7]=   0 [8]=   0 [9]=   0 [10]=   0 [11]=   0 
before (DPU 79) [0]= 484 [1]= 517 [2]= 485 [3]=   0 [4]=   0 [5]=   0 [6]=   0 [7]=   0 [8]=   0 [9]=   0 [10]=   0 [11]=   0 
after  (DPU 79) [0]= 484 [1]= 517 [2]= 485 [3]=   0 [4]=   0 [5]=   0 [6]=   0 [7]=   0 [8]=   0 [9]=   0 [10]=   0 [11]=   0 
before (DPU 80) [0]= 505 [1]= 488 [2]= 480 [3]=   0 [4]=   0 [5]=   0 [6]=   0 [7]=   0 [8]=   0 [9]=   0 [10]=   0 [11]=   0 
after  (DPU 80) [0]= 505 [1]= 488 [2]= 480 [3]=   0 [4]=   0 [5]=   0 [6]=   0 [7]=   0 [8]=   0 [9]=   0 [10]=   0 [11]=   0 
before (DPU 81) [0]= 459 [1]= 496 [2]= 531 [3]=   0 [4]=   0 [5]=   0 [6]=   0 [7]=   0 [8]=   0 [9]=   0 [10]=   0 [11]=   0 
after  (DPU 81) [0]= 459 [1]= 496 [2]= 531 [3]=   0 [4]=   0 [5]=   0 [6]=   0 [7]=   0 [8]=   0 [9]=   0 [10]=   0 [11]=   0 
before (DPU 82) [0]= 476 [1]= 488 [2]= 454 [3]=   0 [4]=   0 [5]=   0 [6]=   0 [7]=   0 [8]=   0 [9]=   0 [10]=   0 [11]=   0 
after  (DPU 82) [0]= 476 [1]= 488 [2]= 454 [3]=   0 [4]=   0 [5]=   0 [6]=   0 [7]=   0 [8]=   0 [9]=   0 [10]=   0 [11]=   0 
before (DPU 83) [0]= 505 [1]= 498 [2]= 480 [3]=   0 [4]=   0 [5]=   0 [6]=   0 [7]=   0 [8]=   0 [9]=   0 [10]=   0 [11]=   0 
after  (DPU 83) [0]= 505 [1]= 498 [2]= 480 [3]=   0 [4]=   0 [5]=   0 [6]=   0 [7]=   0 [8]=   0 [9]=   0 [10]=   0 [11]=   0 
before (DPU 84) [0]= 470 [1]= 466 [2]= 488 [3]=   0 [4]=   0 [5]=   0 [6]=   0 [7]=   0 [8]=   0 [9]=   0 [10]=   0 [11]=   0 
after  (DPU 84) [0]= 470 [1]= 466 [2]= 488 [3]=   0 [4]=   0 [5]=   0 [6]=   0 [7]=   0 [8]=   0 [9]=   0 [10]=   0 [11]=   0 
before (DPU 85) [0]= 452 [1]= 504 [2]= 497 [3]=   0 [4]=   0 [5]=   0 [6]=   0 [7]=   0 [8]=   0 [9]=   0 [10]=   0 [11]=   0 
after  (DPU 85) [0]= 452 [1]= 504 [2]= 497 [3]=   0 [4]=   0 [5]=   0 [6]=   0 [7]=   0 [8]=   0 [9]=   0 [10]=   0 [11]=   0 
before (DPU 86) [0]= 454 [1]= 480 [2]= 480 [3]=   0 [4]=   0 [5]=   0 [6]=   0 [7]=   0 [8]=   0 [9]=   0 [10]=   0 [11]=   0 
after  (DPU 86) [0]= 454 [1]= 480 [2]= 480 [3]=   0 [4]=   0 [5]=   0 [6]=   0 [7]=   0 [8]=   0 [9]=   0 [10]=   0 [11]=   0 
before (DPU 87) [0]= 434 [1]= 493 [2]= 470 [3]=   0 [4]=   0 [5]=   0 [6]=   0 [7]=   0 [8]=   0 [9]=   0 [10]=   0 [11]=   0 
after  (DPU 87) [0]= 434 [1]= 493 [2]= 470 [3]=   0 [4]=   0 [5]=   0 [6]=   0 [7]=   0 [8]=   0 [9]=   0 [10]=   0 [11]=   0 
before (DPU 88) [0]= 428 [1]= 457 [2]= 470 [3]=   0 [4]=   0 [5]=   0 [6]=   0 [7]=   0 [8]=   0 [9]=   0 [10]=   0 [11]=   0 
after  (DPU 88) [0]= 428 [1]= 457 [2]= 470 [3]=   0 [4]=   0 [5]=   0 [6]=   0 [7]=   0 [8]=   0 [9]=   0 [10]=   0 [11]=   0 
before (DPU 89) [0]= 408 [1]= 427 [2]= 469 [3]=   0 [4]=   0 [5]=   0 [6]=   0 [7]=   0 [8]=   0 [9]=   0 [10]=   0 [11]=   0 
after  (DPU 89) [0]= 408 [1]= 427 [2]= 469 [3]=   0 [4]=   0 [5]=   0 [6]=   0 [7]=   0 [8]=   0 [9]=   0 [10]=   0 [11]=   0 
before (DPU 90) [0]= 429 [1]= 415 [2]= 433 [3]=   0 [4]=   0 [5]=   0 [6]=   0 [7]=   0 [8]=   0 [9]=   0 [10]=   0 [11]=   0 
after  (DPU 90) [0]= 429 [1]= 415 [2]= 433 [3]=   0 [4]=   0 [5]=   0 [6]=   0 [7]=   0 [8]=   0 [9]=   0 [10]=   0 [11]=   0 
before (DPU 91) [0]= 443 [1]= 436 [2]= 461 [3]=   0 [4]=   0 [5]=   0 [6]=   0 [7]=   0 [8]=   0 [9]=   0 [10]=   0 [11]=   0 
after  (DPU 91) [0]= 443 [1]= 436 [2]= 461 [3]=   0 [4]=   0 [5]=   0 [6]=   0 [7]=   0 [8]=   0 [9]=   0 [10]=   0 [11]=   0 
before (DPU 92) [0]= 416 [1]= 445 [2]= 395 [3]=   0 [4]=   0 [5]=   0 [6]=   0 [7]=   0 [8]=   0 [9]=   0 [10]=   0 [11]=   0 
after  (DPU 92) [0]= 416 [1]= 445 [2]= 395 [3]=   0 [4]=   0 [5]=   0 [6]=   0 [7]=   0 [8]=   0 [9]=   0 [10]=   0 [11]=   0 
before (DPU 93) [0]= 441 [1]= 399 [2]= 450 [3]=   0 [4]=   0 [5]=   0 [6]=   0 [7]=   0 [8]=   0 [9]=   0 [10]=   0 [11]=   0 
after  (DPU 93) [0]= 441 [1]= 399 [2]= 450 [3]=   0 [4]=   0 [5]=   0 [6]=   0 [7]=   0 [8]=   0 [9]=   0 [10]=   0 [11]=   0 
before (DPU 94) [0]= 450 [1]= 400 [2]= 408 [3]=   0 [4]=   0 [5]=   0 [6]=   0 [7]=   0 [8]=   0 [9]=   0 [10]=   0 [11]=   0 
after  (DPU 94) [0]= 450 [1]= 400 [2]= 408 [3]=   0 [4]=   0 [5]=   0 [6]=   0 [7]=   0 [8]=   0 [9]=   0 [10]=   0 [11]=   0 
before (DPU 95) [0]= 479 [1]= 458 [2]= 407 [3]=   0 [4]=   0 [5]=   0 [6]=   0 [7]=   0 [8]=   0 [9]=   0 [10]=   0 [11]=   0 
after  (DPU 95) [0]= 479 [1]= 458 [2]= 407 [3]=   0 [4]=   0 [5]=   0 [6]=   0 [7]=   0 [8]=   0 [9]=   0 [10]=   0 [11]=   0 
before (DPU 96) [0]= 446 [1]= 428 [2]= 452 [3]=   0 [4]=   0 [5]=   0 [6]=   0 [7]=   0 [8]=   0 [9]=   0 [10]=   0 [11]=   0 
after  (DPU 96) [0]= 446 [1]= 428 [2]= 452 [3]=   0 [4]=   0 [5]=   0 [6]=   0 [7]=   0 [8]=   0 [9]=   0 [10]=   0 [11]=   0 
before (DPU 97) [0]= 446 [1]= 419 [2]= 420 [3]=   0 [4]=   0 [5]=   0 [6]=   0 [7]=   0 [8]=   0 [9]=   0 [10]=   0 [11]=   0 
after  (DPU 97) [0]= 446 [1]= 419 [2]= 420 [3]=   0 [4]=   0 [5]=   0 [6]=   0 [7]=   0 [8]=   0 [9]=   0 [10]=   0 [11]=   0 
before (DPU 98) [0]= 388 [1]= 438 [2]= 459 [3]=   0 [4]=   0 [5]=   0 [6]=   0 [7]=   0 [8]=   0 [9]=   0 [10]=   0 [11]=   0 
after  (DPU 98) [0]= 388 [1]= 438 [2]= 459 [3]=   0 [4]=   0 [5]=   0 [6]=   0 [7]=   0 [8]=   0 [9]=   0 [10]=   0 [11]=   0 
before (DPU 99) [0]= 401 [1]= 385 [2]= 372 [3]=   0 [4]=   0 [5]=   0 [6]=   0 [7]=   0 [8]=   0 [9]=   0 [10]=   0 [11]=   0 
after  (DPU 99) [0]= 401 [1]= 385 [2]= 372 [3]=   0 [4]=   0 [5]=   0 [6]=   0 [7]=   0 [8]=   0 [9]=   0 [10]=   0 [11]=   0 
before (DPU 100) [0]= 412 [1]= 365 [2]= 378 [3]=   0 [4]=   0 [5]=   0 [6]=   0 [7]=   0 [8]=   0 [9]=   0 [10]=   0 [11]=   0 
after  (DPU 100) [0]= 412 [1]= 365 [2]= 378 [3]=   0 [4]=   0 [5]=   0 [6]=   0 [7]=   0 [8]=   0 [9]=   0 [10]=   0 [11]=   0 
before (DPU 101) [0]= 413 [1]= 384 [2]= 428 [3]=   0 [4]=   0 [5]=   0 [6]=   0 [7]=   0 [8]=   0 [9]=   0 [10]=   0 [11]=   0 
after  (DPU 101) [0]= 413 [1]= 384 [2]= 428 [3]=   0 [4]=   0 [5]=   0 [6]=   0 [7]=   0 [8]=   0 [9]=   0 [10]=   0 [11]=   0 
before (DPU 102) [0]= 368 [1]= 362 [2]= 397 [3]=   0 [4]=   0 [5]=   0 [6]=   0 [7]=   0 [8]=   0 [9]=   0 [10]=   0 [11]=   0 
after  (DPU 102) [0]= 368 [1]= 362 [2]= 397 [3]=   0 [4]=   0 [5]=   0 [6]=   0 [7]=   0 [8]=   0 [9]=   0 [10]=   0 [11]=   0 
before (DPU 103) [0]= 390 [1]= 402 [2]= 408 [3]=   0 [4]=   0 [5]=   0 [6]=   0 [7]=   0 [8]=   0 [9]=   0 [10]=   0 [11]=   0 
after  (DPU 103) [0]= 390 [1]= 402 [2]= 408 [3]=   0 [4]=   0 [5]=   0 [6]=   0 [7]=   0 [8]=   0 [9]=   0 [10]=   0 [11]=   0 
before (DPU 104) [0]= 395 [1]= 378 [2]= 357 [3]=   0 [4]=   0 [5]=   0 [6]=   0 [7]=   0 [8]=   0 [9]=   0 [10]=   0 [11]=   0 
after  (DPU 104) [0]= 395 [1]= 378 [2]= 357 [3]=   0 [4]=   0 [5]=   0 [6]=   0 [7]=   0 [8]=   0 [9]=   0 [10]=   0 [11]=   0 
before (DPU 105) [0]= 405 [1]= 408 [2]= 364 [3]=   0 [4]=   0 [5]=   0 [6]=   0 [7]=   0 [8]=   0 [9]=   0 [10]=   0 [11]=   0 
after  (DPU 105) [0]= 405 [1]= 408 [2]= 364 [3]=   0 [4]=   0 [5]=   0 [6]=   0 [7]=   0 [8]=   0 [9]=   0 [10]=   0 [11]=   0 
before (DPU 106) [0]= 375 [1]= 442 [2]= 363 [3]=   0 [4]=   0 [5]=   0 [6]=   0 [7]=   0 [8]=   0 [9]=   0 [10]=   0 [11]=   0 
after  (DPU 106) [0]= 375 [1]= 442 [2]= 363 [3]=   0 [4]=   0 [5]=   0 [6]=   0 [7]=   0 [8]=   0 [9]=   0 [10]=   0 [11]=   0 
before (DPU 107) [0]= 384 [1]= 361 [2]= 384 [3]=   0 [4]=   0 [5]=   0 [6]=   0 [7]=   0 [8]=   0 [9]=   0 [10]=   0 [11]=   0 
after  (DPU 107) [0]= 384 [1]= 361 [2]= 384 [3]=   0 [4]=   0 [5]=   0 [6]=   0 [7]=   0 [8]=   0 [9]=   0 [10]=   0 [11]=   0 
before (DPU 108) [0]= 367 [1]= 388 [2]= 389 [3]=   0 [4]=   0 [5]=   0 [6]=   0 [7]=   0 [8]=   0 [9]=   0 [10]=   0 [11]=   0 
after  (DPU 108) [0]= 367 [1]= 388 [2]= 389 [3]=   0 [4]=   0 [5]=   0 [6]=   0 [7]=   0 [8]=   0 [9]=   0 [10]=   0 [11]=   0 
before (DPU 109) [0]= 337 [1]= 356 [2]= 397 [3]=   0 [4]=   0 [5]=   0 [6]=   0 [7]=   0 [8]=   0 [9]=   0 [10]=   0 [11]=   0 
after  (DPU 109) [0]= 337 [1]= 356 [2]= 397 [3]=   0 [4]=   0 [5]=   0 [6]=   0 [7]=   0 [8]=   0 [9]=   0 [10]=   0 [11]=   0 
before (DPU 110) [0]= 363 [1]= 357 [2]= 355 [3]=   0 [4]=   0 [5]=   0 [6]=   0 [7]=   0 [8]=   0 [9]=   0 [10]=   0 [11]=   0 
after  (DPU 110) [0]= 363 [1]= 357 [2]= 355 [3]=   0 [4]=   0 [5]=   0 [6]=   0 [7]=   0 [8]=   0 [9]=   0 [10]=   0 [11]=   0 
before (DPU 111) [0]= 363 [1]= 372 [2]= 361 [3]=   0 [4]=   0 [5]=   0 [6]=   0 [7]=   0 [8]=   0 [9]=   0 [10]=   0 [11]=   0 
after  (DPU 111) [0]= 363 [1]= 372 [2]= 361 [3]=   0 [4]=   0 [5]=   0 [6]=   0 [7]=   0 [8]=   0 [9]=   0 [10]=   0 [11]=   0 
before (DPU 112) [0]= 359 [1]= 355 [2]= 369 [3]=   0 [4]=   0 [5]=   0 [6]=   0 [7]=   0 [8]=   0 [9]=   0 [10]=   0 [11]=   0 
after  (DPU 112) [0]= 359 [1]= 355 [2]= 369 [3]=   0 [4]=   0 [5]=   0 [6]=   0 [7]=   0 [8]=   0 [9]=   0 [10]=   0 [11]=   0 
before (DPU 113) [0]= 338 [1]= 319 [2]= 327 [3]=   0 [4]=   0 [5]=   0 [6]=   0 [7]=   0 [8]=   0 [9]=   0 [10]=   0 [11]=   0 
after  (DPU 113) [0]= 338 [1]= 319 [2]= 327 [3]=   0 [4]=   0 [5]=   0 [6]=   0 [7]=   0 [8]=   0 [9]=   0 [10]=   0 [11]=   0 
before (DPU 114) [0]= 340 [1]= 330 [2]= 363 [3]=   0 [4]=   0 [5]=   0 [6]=   0 [7]=   0 [8]=   0 [9]=   0 [10]=   0 [11]=   0 
after  (DPU 114) [0]= 340 [1]= 330 [2]= 363 [3]=   0 [4]=   0 [5]=   0 [6]=   0 [7]=   0 [8]=   0 [9]=   0 [10]=   0 [11]=   0 
before (DPU 115) [0]= 320 [1]= 342 [2]= 326 [3]=   0 [4]=   0 [5]=   0 [6]=   0 [7]=   0 [8]=   0 [9]=   0 [10]=   0 [11]=   0 
after  (DPU 115) [0]= 320 [1]= 342 [2]= 326 [3]=   0 [4]=   0 [5]=   0 [6]=   0 [7]=   0 [8]=   0 [9]=   0 [10]=   0 [11]=   0 
before (DPU 116) [0]= 346 [1]= 364 [2]= 303 [3]=   0 [4]=   0 [5]=   0 [6]=   0 [7]=   0 [8]=   0 [9]=   0 [10]=   0 [11]=   0 
after  (DPU 116) [0]= 346 [1]= 364 [2]= 303 [3]=   0 [4]=   0 [5]=   0 [6]=   0 [7]=   0 [8]=   0 [9]=   0 [10]=   0 [11]=   0 
before (DPU 117) [0]= 337 [1]= 353 [2]= 358 [3]=   0 [4]=   0 [5]=   0 [6]=   0 [7]=   0 [8]=   0 [9]=   0 [10]=   0 [11]=   0 
after  (DPU 117) [0]= 337 [1]= 353 [2]= 358 [3]=   0 [4]=   0 [5]=   0 [6]=   0 [7]=   0 [8]=   0 [9]=   0 [10]=   0 [11]=   0 
before (DPU 118) [0]= 319 [1]= 341 [2]= 350 [3]=   0 [4]=   0 [5]=   0 [6]=   0 [7]=   0 [8]=   0 [9]=   0 [10]=   0 [11]=   0 
after  (DPU 118) [0]= 319 [1]= 341 [2]= 350 [3]=   0 [4]=   0 [5]=   0 [6]=   0 [7]=   0 [8]=   0 [9]=   0 [10]=   0 [11]=   0 
before (DPU 119) [0]= 324 [1]= 331 [2]= 334 [3]=   0 [4]=   0 [5]=   0 [6]=   0 [7]=   0 [8]=   0 [9]=   0 [10]=   0 [11]=   0 
after  (DPU 119) [0]= 324 [1]= 331 [2]= 334 [3]=   0 [4]=   0 [5]=   0 [6]=   0 [7]=   0 [8]=   0 [9]=   0 [10]=   0 [11]=   0 
before (DPU 120) [0]= 330 [1]= 324 [2]= 322 [3]=   0 [4]=   0 [5]=   0 [6]=   0 [7]=   0 [8]=   0 [9]=   0 [10]=   0 [11]=   0 
after  (DPU 120) [0]= 330 [1]= 324 [2]= 322 [3]=   0 [4]=   0 [5]=   0 [6]=   0 [7]=   0 [8]=   0 [9]=   0 [10]=   0 [11]=   0 
before (DPU 121) [0]= 345 [1]= 322 [2]= 350 [3]=   0 [4]=   0 [5]=   0 [6]=   0 [7]=   0 [8]=   0 [9]=   0 [10]=   0 [11]=   0 
after  (DPU 121) [0]= 345 [1]= 322 [2]= 350 [3]=   0 [4]=   0 [5]=   0 [6]=   0 [7]=   0 [8]=   0 [9]=   0 [10]=   0 [11]=   0 
before (DPU 122) [0]= 338 [1]= 302 [2]= 313 [3]=   0 [4]=   0 [5]=   0 [6]=   0 [7]=   0 [8]=   0 [9]=   0 [10]=   0 [11]=   0 
after  (DPU 122) [0]= 338 [1]= 302 [2]= 313 [3]=   0 [4]=   0 [5]=   0 [6]=   0 [7]=   0 [8]=   0 [9]=   0 [10]=   0 [11]=   0 
before (DPU 123) [0]= 324 [1]= 337 [2]= 348 [3]=   0 [4]=   0 [5]=   0 [6]=   0 [7]=   0 [8]=   0 [9]=   0 [10]=   0 [11]=   0 
after  (DPU 123) [0]= 324 [1]= 337 [2]= 348 [3]=   0 [4]=   0 [5]=   0 [6]=   0 [7]=   0 [8]=   0 [9]=   0 [10]=   0 [11]=   0 
before (DPU 124) [0]= 331 [1]= 324 [2]= 317 [3]=   0 [4]=   0 [5]=   0 [6]=   0 [7]=   0 [8]=   0 [9]=   0 [10]=   0 [11]=   0 
after  (DPU 124) [0]= 331 [1]= 324 [2]= 317 [3]=   0 [4]=   0 [5]=   0 [6]=   0 [7]=   0 [8]=   0 [9]=   0 [10]=   0 [11]=   0 
before (DPU 125) [0]= 294 [1]= 336 [2]= 299 [3]=   0 [4]=   0 [5]=   0 [6]=   0 [7]=   0 [8]=   0 [9]=   0 [10]=   0 [11]=   0 
after  (DPU 125) [0]= 294 [1]= 336 [2]= 299 [3]=   0 [4]=   0 [5]=   0 [6]=   0 [7]=   0 [8]=   0 [9]=   0 [10]=   0 [11]=   0 
before (DPU 126) [0]= 319 [1]= 335 [2]= 335 [3]=   0 [4]=   0 [5]=   0 [6]=   0 [7]=   0 [8]=   0 [9]=   0 [10]=   0 [11]=   0 
after  (DPU 126) [0]= 319 [1]= 335 [2]= 335 [3]=   0 [4]=   0 [5]=   0 [6]=   0 [7]=   0 [8]=   0 [9]=   0 [10]=   0 [11]=   0 
before (DPU 127) [0]= 312 [1]= 357 [2]= 314 [3]=   0 [4]=   0 [5]=   0 [6]=   0 [7]=   0 [8]=   0 [9]=   0 [10]=   0 [11]=   0 
after  (DPU 127) [0]= 312 [1]= 357 [2]= 314 [3]=   0 [4]=   0 [5]=   0 [6]=   0 [7]=   0 [8]=   0 [9]=   0 [10]=   0 [11]=   0 
before (DPU 128) [0]= 329 [1]= 324 [2]= 298 [3]=   0 [4]=   0 [5]=   0 [6]=   0 [7]=   0 [8]=   0 [9]=   0 [10]=   0 [11]=   0 
after  (DPU 128) [0]= 329 [1]= 324 [2]= 298 [3]=   0 [4]=   0 [5]=   0 [6]=   0 [7]=   0 [8]=   0 [9]=   0 [10]=   0 [11]=   0 
before (DPU 129) [0]= 283 [1]= 292 [2]= 319 [3]=   0 [4]=   0 [5]=   0 [6]=   0 [7]=   0 [8]=   0 [9]=   0 [10]=   0 [11]=   0 
after  (DPU 129) [0]= 283 [1]= 292 [2]= 319 [3]=   0 [4]=   0 [5]=   0 [6]=   0 [7]=   0 [8]=   0 [9]=   0 [10]=   0 [11]=   0 
before (DPU 130) [0]= 295 [1]= 297 [2]= 303 [3]=   0 [4]=   0 [5]=   0 [6]=   0 [7]=   0 [8]=   0 [9]=   0 [10]=   0 [11]=   0 
after  (DPU 130) [0]= 295 [1]= 297 [2]= 303 [3]=   0 [4]=   0 [5]=   0 [6]=   0 [7]=   0 [8]=   0 [9]=   0 [10]=   0 [11]=   0 
before (DPU 131) [0]= 315 [1]= 291 [2]= 300 [3]=   0 [4]=   0 [5]=   0 [6]=   0 [7]=   0 [8]=   0 [9]=   0 [10]=   0 [11]=   0 
after  (DPU 131) [0]= 315 [1]= 291 [2]= 300 [3]=   0 [4]=   0 [5]=   0 [6]=   0 [7]=   0 [8]=   0 [9]=   0 [10]=   0 [11]=   0 
before (DPU 132) [0]= 317 [1]= 306 [2]= 321 [3]=   0 [4]=   0 [5]=   0 [6]=   0 [7]=   0 [8]=   0 [9]=   0 [10]=   0 [11]=   0 
after  (DPU 132) [0]= 317 [1]= 306 [2]= 321 [3]=   0 [4]=   0 [5]=   0 [6]=   0 [7]=   0 [8]=   0 [9]=   0 [10]=   0 [11]=   0 
before (DPU 133) [0]= 312 [1]= 318 [2]= 316 [3]=   0 [4]=   0 [5]=   0 [6]=   0 [7]=   0 [8]=   0 [9]=   0 [10]=   0 [11]=   0 
after  (DPU 133) [0]= 312 [1]= 318 [2]= 316 [3]=   0 [4]=   0 [5]=   0 [6]=   0 [7]=   0 [8]=   0 [9]=   0 [10]=   0 [11]=   0 
before (DPU 134) [0]= 330 [1]= 273 [2]= 323 [3]=   0 [4]=   0 [5]=   0 [6]=   0 [7]=   0 [8]=   0 [9]=   0 [10]=   0 [11]=   0 
after  (DPU 134) [0]= 330 [1]= 273 [2]= 323 [3]=   0 [4]=   0 [5]=   0 [6]=   0 [7]=   0 [8]=   0 [9]=   0 [10]=   0 [11]=   0 
before (DPU 135) [0]= 270 [1]= 311 [2]= 305 [3]=   0 [4]=   0 [5]=   0 [6]=   0 [7]=   0 [8]=   0 [9]=   0 [10]=   0 [11]=   0 
after  (DPU 135) [0]= 270 [1]= 311 [2]= 305 [3]=   0 [4]=   0 [5]=   0 [6]=   0 [7]=   0 [8]=   0 [9]=   0 [10]=   0 [11]=   0 
before (DPU 136) [0]= 294 [1]= 301 [2]= 311 [3]=   0 [4]=   0 [5]=   0 [6]=   0 [7]=   0 [8]=   0 [9]=   0 [10]=   0 [11]=   0 
after  (DPU 136) [0]= 294 [1]= 301 [2]= 311 [3]=   0 [4]=   0 [5]=   0 [6]=   0 [7]=   0 [8]=   0 [9]=   0 [10]=   0 [11]=   0 
before (DPU 137) [0]= 262 [1]= 303 [2]= 267 [3]=   0 [4]=   0 [5]=   0 [6]=   0 [7]=   0 [8]=   0 [9]=   0 [10]=   0 [11]=   0 
after  (DPU 137) [0]= 262 [1]= 303 [2]= 267 [3]=   0 [4]=   0 [5]=   0 [6]=   0 [7]=   0 [8]=   0 [9]=   0 [10]=   0 [11]=   0 
before (DPU 138) [0]= 317 [1]= 301 [2]= 285 [3]=   0 [4]=   0 [5]=   0 [6]=   0 [7]=   0 [8]=   0 [9]=   0 [10]=   0 [11]=   0 
after  (DPU 138) [0]= 317 [1]= 301 [2]= 285 [3]=   0 [4]=   0 [5]=   0 [6]=   0 [7]=   0 [8]=   0 [9]=   0 [10]=   0 [11]=   0 
before (DPU 139) [0]= 281 [1]= 278 [2]= 281 [3]=   0 [4]=   0 [5]=   0 [6]=   0 [7]=   0 [8]=   0 [9]=   0 [10]=   0 [11]=   0 
after  (DPU 139) [0]= 281 [1]= 278 [2]= 281 [3]=   0 [4]=   0 [5]=   0 [6]=   0 [7]=   0 [8]=   0 [9]=   0 [10]=   0 [11]=   0 
before (DPU 140) [0]= 301 [1]= 287 [2]= 283 [3]=   0 [4]=   0 [5]=   0 [6]=   0 [7]=   0 [8]=   0 [9]=   0 [10]=   0 [11]=   0 
after  (DPU 140) [0]= 301 [1]= 287 [2]= 283 [3]=   0 [4]=   0 [5]=   0 [6]=   0 [7]=   0 [8]=   0 [9]=   0 [10]=   0 [11]=   0 
before (DPU 141) [0]= 303 [1]= 288 [2]= 280 [3]=   0 [4]=   0 [5]=   0 [6]=   0 [7]=   0 [8]=   0 [9]=   0 [10]=   0 [11]=   0 
after  (DPU 141) [0]= 303 [1]= 288 [2]= 280 [3]=   0 [4]=   0 [5]=   0 [6]=   0 [7]=   0 [8]=   0 [9]=   0 [10]=   0 [11]=   0 
before (DPU 142) [0]= 317 [1]= 276 [2]= 302 [3]=   0 [4]=   0 [5]=   0 [6]=   0 [7]=   0 [8]=   0 [9]=   0 [10]=   0 [11]=   0 
after  (DPU 142) [0]= 317 [1]= 276 [2]= 302 [3]=   0 [4]=   0 [5]=   0 [6]=   0 [7]=   0 [8]=   0 [9]=   0 [10]=   0 [11]=   0 
before (DPU 143) [0]= 282 [1]= 283 [2]= 286 [3]=   0 [4]=   0 [5]=   0 [6]=   0 [7]=   0 [8]=   0 [9]=   0 [10]=   0 [11]=   0 
after  (DPU 143) [0]= 282 [1]= 283 [2]= 286 [3]=   0 [4]=   0 [5]=   0 [6]=   0 [7]=   0 [8]=   0 [9]=   0 [10]=   0 [11]=   0 
before (DPU 144) [0]= 276 [1]= 260 [2]= 263 [3]=   0 [4]=   0 [5]=   0 [6]=   0 [7]=   0 [8]=   0 [9]=   0 [10]=   0 [11]=   0 
after  (DPU 144) [0]= 276 [1]= 260 [2]= 263 [3]=   0 [4]=   0 [5]=   0 [6]=   0 [7]=   0 [8]=   0 [9]=   0 [10]=   0 [11]=   0 
before (DPU 145) [0]= 313 [1]= 269 [2]= 271 [3]=   0 [4]=   0 [5]=   0 [6]=   0 [7]=   0 [8]=   0 [9]=   0 [10]=   0 [11]=   0 
after  (DPU 145) [0]= 313 [1]= 269 [2]= 271 [3]=   0 [4]=   0 [5]=   0 [6]=   0 [7]=   0 [8]=   0 [9]=   0 [10]=   0 [11]=   0 
before (DPU 146) [0]= 272 [1]= 277 [2]= 297 [3]=   0 [4]=   0 [5]=   0 [6]=   0 [7]=   0 [8]=   0 [9]=   0 [10]=   0 [11]=   0 
after  (DPU 146) [0]= 272 [1]= 277 [2]= 297 [3]=   0 [4]=   0 [5]=   0 [6]=   0 [7]=   0 [8]=   0 [9]=   0 [10]=   0 [11]=   0 
before (DPU 147) [0]= 286 [1]= 269 [2]= 273 [3]=   0 [4]=   0 [5]=   0 [6]=   0 [7]=   0 [8]=   0 [9]=   0 [10]=   0 [11]=   0 
after  (DPU 147) [0]= 286 [1]= 269 [2]= 273 [3]=   0 [4]=   0 [5]=   0 [6]=   0 [7]=   0 [8]=   0 [9]=   0 [10]=   0 [11]=   0 
before (DPU 148) [0]= 281 [1]= 260 [2]= 271 [3]=   0 [4]=   0 [5]=   0 [6]=   0 [7]=   0 [8]=   0 [9]=   0 [10]=   0 [11]=   0 
after  (DPU 148) [0]= 281 [1]= 260 [2]= 271 [3]=   0 [4]=   0 [5]=   0 [6]=   0 [7]=   0 [8]=   0 [9]=   0 [10]=   0 [11]=   0 
before (DPU 149) [0]= 282 [1]= 262 [2]= 251 [3]=   0 [4]=   0 [5]=   0 [6]=   0 [7]=   0 [8]=   0 [9]=   0 [10]=   0 [11]=   0 
after  (DPU 149) [0]= 282 [1]= 262 [2]= 251 [3]=   0 [4]=   0 [5]=   0 [6]=   0 [7]=   0 [8]=   0 [9]=   0 [10]=   0 [11]=   0 
before (DPU 150) [0]= 280 [1]= 292 [2]= 253 [3]=   0 [4]=   0 [5]=   0 [6]=   0 [7]=   0 [8]=   0 [9]=   0 [10]=   0 [11]=   0 
after  (DPU 150) [0]= 280 [1]= 292 [2]= 253 [3]=   0 [4]=   0 [5]=   0 [6]=   0 [7]=   0 [8]=   0 [9]=   0 [10]=   0 [11]=   0 
before (DPU 151) [0]= 277 [1]= 266 [2]= 291 [3]=   0 [4]=   0 [5]=   0 [6]=   0 [7]=   0 [8]=   0 [9]=   0 [10]=   0 [11]=   0 
after  (DPU 151) [0]= 277 [1]= 266 [2]= 291 [3]=   0 [4]=   0 [5]=   0 [6]=   0 [7]=   0 [8]=   0 [9]=   0 [10]=   0 [11]=   0 
before (DPU 152) [0]= 252 [1]= 246 [2]= 277 [3]=   0 [4]=   0 [5]=   0 [6]=   0 [7]=   0 [8]=   0 [9]=   0 [10]=   0 [11]=   0 
after  (DPU 152) [0]= 252 [1]= 246 [2]= 277 [3]=   0 [4]=   0 [5]=   0 [6]=   0 [7]=   0 [8]=   0 [9]=   0 [10]=   0 [11]=   0 
before (DPU 153) [0]= 249 [1]= 249 [2]= 260 [3]=   0 [4]=   0 [5]=   0 [6]=   0 [7]=   0 [8]=   0 [9]=   0 [10]=   0 [11]=   0 
after  (DPU 153) [0]= 249 [1]= 249 [2]= 260 [3]=   0 [4]=   0 [5]=   0 [6]=   0 [7]=   0 [8]=   0 [9]=   0 [10]=   0 [11]=   0 
before (DPU 154) [0]= 269 [1]= 264 [2]= 253 [3]=   0 [4]=   0 [5]=   0 [6]=   0 [7]=   0 [8]=   0 [9]=   0 [10]=   0 [11]=   0 
after  (DPU 154) [0]= 269 [1]= 264 [2]= 253 [3]=   0 [4]=   0 [5]=   0 [6]=   0 [7]=   0 [8]=   0 [9]=   0 [10]=   0 [11]=   0 
before (DPU 155) [0]= 281 [1]= 262 [2]= 260 [3]=   0 [4]=   0 [5]=   0 [6]=   0 [7]=   0 [8]=   0 [9]=   0 [10]=   0 [11]=   0 
after  (DPU 155) [0]= 281 [1]= 262 [2]= 260 [3]=   0 [4]=   0 [5]=   0 [6]=   0 [7]=   0 [8]=   0 [9]=   0 [10]=   0 [11]=   0 
before (DPU 156) [0]= 262 [1]= 256 [2]= 272 [3]=   0 [4]=   0 [5]=   0 [6]=   0 [7]=   0 [8]=   0 [9]=   0 [10]=   0 [11]=   0 
after  (DPU 156) [0]= 262 [1]= 256 [2]= 272 [3]=   0 [4]=   0 [5]=   0 [6]=   0 [7]=   0 [8]=   0 [9]=   0 [10]=   0 [11]=   0 
before (DPU 157) [0]= 294 [1]= 254 [2]= 250 [3]=   0 [4]=   0 [5]=   0 [6]=   0 [7]=   0 [8]=   0 [9]=   0 [10]=   0 [11]=   0 
after  (DPU 157) [0]= 294 [1]= 254 [2]= 250 [3]=   0 [4]=   0 [5]=   0 [6]=   0 [7]=   0 [8]=   0 [9]=   0 [10]=   0 [11]=   0 
before (DPU 158) [0]= 285 [1]= 247 [2]= 269 [3]=   0 [4]=   0 [5]=   0 [6]=   0 [7]=   0 [8]=   0 [9]=   0 [10]=   0 [11]=   0 
after  (DPU 158) [0]= 285 [1]= 247 [2]= 269 [3]=   0 [4]=   0 [5]=   0 [6]=   0 [7]=   0 [8]=   0 [9]=   0 [10]=   0 [11]=   0 
before (DPU 159) [0]= 267 [1]= 233 [2]= 281 [3]=   0 [4]=   0 [5]=   0 [6]=   0 [7]=   0 [8]=   0 [9]=   0 [10]=   0 [11]=   0 
after  (DPU 159) [0]= 267 [1]= 233 [2]= 281 [3]=   0 [4]=   0 [5]=   0 [6]=   0 [7]=   0 [8]=   0 [9]=   0 [10]=   0 [11]=   0 
before (DPU 160) [0]= 242 [1]= 250 [2]= 240 [3]=   0 [4]=   0 [5]=   0 [6]=   0 [7]=   0 [8]=   0 [9]=   0 [10]=   0 [11]=   0 
after  (DPU 160) [0]= 242 [1]= 250 [2]= 240 [3]=   0 [4]=   0 [5]=   0 [6]=   0 [7]=   0 [8]=   0 [9]=   0 [10]=   0 [11]=   0 
before (DPU 161) [0]= 267 [1]= 245 [2]= 230 [3]=   0 [4]=   0 [5]=   0 [6]=   0 [7]=   0 [8]=   0 [9]=   0 [10]=   0 [11]=   0 
after  (DPU 161) [0]= 267 [1]= 245 [2]= 230 [3]=   0 [4]=   0 [5]=   0 [6]=   0 [7]=   0 [8]=   0 [9]=   0 [10]=   0 [11]=   0 
before (DPU 162) [0]= 263 [1]= 231 [2]= 246 [3]=   0 [4]=   0 [5]=   0 [6]=   0 [7]=   0 [8]=   0 [9]=   0 [10]=   0 [11]=   0 
after  (DPU 162) [0]= 263 [1]= 231 [2]= 246 [3]=   0 [4]=   0 [5]=   0 [6]=   0 [7]=   0 [8]=   0 [9]=   0 [10]=   0 [11]=   0 
before (DPU 163) [0]= 232 [1]= 276 [2]= 258 [3]=   0 [4]=   0 [5]=   0 [6]=   0 [7]=   0 [8]=   0 [9]=   0 [10]=   0 [11]=   0 
after  (DPU 163) [0]= 232 [1]= 276 [2]= 258 [3]=   0 [4]=   0 [5]=   0 [6]=   0 [7]=   0 [8]=   0 [9]=   0 [10]=   0 [11]=   0 
before (DPU 164) [0]= 230 [1]= 233 [2]= 253 [3]=   0 [4]=   0 [5]=   0 [6]=   0 [7]=   0 [8]=   0 [9]=   0 [10]=   0 [11]=   0 
after  (DPU 164) [0]= 230 [1]= 233 [2]= 253 [3]=   0 [4]=   0 [5]=   0 [6]=   0 [7]=   0 [8]=   0 [9]=   0 [10]=   0 [11]=   0 
before (DPU 165) [0]= 256 [1]= 247 [2]= 265 [3]=   0 [4]=   0 [5]=   0 [6]=   0 [7]=   0 [8]=   0 [9]=   0 [10]=   0 [11]=   0 
after  (DPU 165) [0]= 256 [1]= 247 [2]= 265 [3]=   0 [4]=   0 [5]=   0 [6]=   0 [7]=   0 [8]=   0 [9]=   0 [10]=   0 [11]=   0 
before (DPU 166) [0]= 248 [1]= 255 [2]= 240 [3]=   0 [4]=   0 [5]=   0 [6]=   0 [7]=   0 [8]=   0 [9]=   0 [10]=   0 [11]=   0 
after  (DPU 166) [0]= 248 [1]= 255 [2]= 240 [3]=   0 [4]=   0 [5]=   0 [6]=   0 [7]=   0 [8]=   0 [9]=   0 [10]=   0 [11]=   0 
before (DPU 167) [0]= 226 [1]= 232 [2]= 217 [3]=   0 [4]=   0 [5]=   0 [6]=   0 [7]=   0 [8]=   0 [9]=   0 [10]=   0 [11]=   0 
after  (DPU 167) [0]= 226 [1]= 232 [2]= 217 [3]=   0 [4]=   0 [5]=   0 [6]=   0 [7]=   0 [8]=   0 [9]=   0 [10]=   0 [11]=   0 
before (DPU 168) [0]= 229 [1]= 267 [2]= 248 [3]=   0 [4]=   0 [5]=   0 [6]=   0 [7]=   0 [8]=   0 [9]=   0 [10]=   0 [11]=   0 
after  (DPU 168) [0]= 229 [1]= 267 [2]= 248 [3]=   0 [4]=   0 [5]=   0 [6]=   0 [7]=   0 [8]=   0 [9]=   0 [10]=   0 [11]=   0 
before (DPU 169) [0]= 239 [1]= 249 [2]= 231 [3]=   0 [4]=   0 [5]=   0 [6]=   0 [7]=   0 [8]=   0 [9]=   0 [10]=   0 [11]=   0 
after  (DPU 169) [0]= 239 [1]= 249 [2]= 231 [3]=   0 [4]=   0 [5]=   0 [6]=   0 [7]=   0 [8]=   0 [9]=   0 [10]=   0 [11]=   0 
before (DPU 170) [0]= 234 [1]= 222 [2]= 232 [3]=   0 [4]=   0 [5]=   0 [6]=   0 [7]=   0 [8]=   0 [9]=   0 [10]=   0 [11]=   0 
after  (DPU 170) [0]= 234 [1]= 222 [2]= 232 [3]=   0 [4]=   0 [5]=   0 [6]=   0 [7]=   0 [8]=   0 [9]=   0 [10]=   0 [11]=   0 
before (DPU 171) [0]= 229 [1]= 258 [2]= 238 [3]=   0 [4]=   0 [5]=   0 [6]=   0 [7]=   0 [8]=   0 [9]=   0 [10]=   0 [11]=   0 
after  (DPU 171) [0]= 229 [1]= 258 [2]= 238 [3]=   0 [4]=   0 [5]=   0 [6]=   0 [7]=   0 [8]=   0 [9]=   0 [10]=   0 [11]=   0 
before (DPU 172) [0]= 204 [1]= 228 [2]= 226 [3]=   0 [4]=   0 [5]=   0 [6]=   0 [7]=   0 [8]=   0 [9]=   0 [10]=   0 [11]=   0 
after  (DPU 172) [0]= 204 [1]= 228 [2]= 226 [3]=   0 [4]=   0 [5]=   0 [6]=   0 [7]=   0 [8]=   0 [9]=   0 [10]=   0 [11]=   0 
before (DPU 173) [0]= 251 [1]= 249 [2]= 259 [3]=   0 [4]=   0 [5]=   0 [6]=   0 [7]=   0 [8]=   0 [9]=   0 [10]=   0 [11]=   0 
after  (DPU 173) [0]= 251 [1]= 249 [2]= 259 [3]=   0 [4]=   0 [5]=   0 [6]=   0 [7]=   0 [8]=   0 [9]=   0 [10]=   0 [11]=   0 
before (DPU 174) [0]= 246 [1]= 252 [2]= 214 [3]=   0 [4]=   0 [5]=   0 [6]=   0 [7]=   0 [8]=   0 [9]=   0 [10]=   0 [11]=   0 
after  (DPU 174) [0]= 246 [1]= 252 [2]= 214 [3]=   0 [4]=   0 [5]=   0 [6]=   0 [7]=   0 [8]=   0 [9]=   0 [10]=   0 [11]=   0 
before (DPU 175) [0]= 261 [1]= 222 [2]= 256 [3]=   0 [4]=   0 [5]=   0 [6]=   0 [7]=   0 [8]=   0 [9]=   0 [10]=   0 [11]=   0 
after  (DPU 175) [0]= 261 [1]= 222 [2]= 256 [3]=   0 [4]=   0 [5]=   0 [6]=   0 [7]=   0 [8]=   0 [9]=   0 [10]=   0 [11]=   0 
before (DPU 176) [0]= 253 [1]= 238 [2]= 271 [3]=   0 [4]=   0 [5]=   0 [6]=   0 [7]=   0 [8]=   0 [9]=   0 [10]=   0 [11]=   0 
after  (DPU 176) [0]= 253 [1]= 238 [2]= 271 [3]=   0 [4]=   0 [5]=   0 [6]=   0 [7]=   0 [8]=   0 [9]=   0 [10]=   0 [11]=   0 
before (DPU 177) [0]= 205 [1]= 221 [2]= 212 [3]=   0 [4]=   0 [5]=   0 [6]=   0 [7]=   0 [8]=   0 [9]=   0 [10]=   0 [11]=   0 
after  (DPU 177) [0]= 205 [1]= 221 [2]= 212 [3]=   0 [4]=   0 [5]=   0 [6]=   0 [7]=   0 [8]=   0 [9]=   0 [10]=   0 [11]=   0 
before (DPU 178) [0]= 237 [1]= 223 [2]= 237 [3]=   0 [4]=   0 [5]=   0 [6]=   0 [7]=   0 [8]=   0 [9]=   0 [10]=   0 [11]=   0 
after  (DPU 178) [0]= 237 [1]= 223 [2]= 237 [3]=   0 [4]=   0 [5]=   0 [6]=   0 [7]=   0 [8]=   0 [9]=   0 [10]=   0 [11]=   0 
before (DPU 179) [0]= 229 [1]= 235 [2]= 230 [3]=   0 [4]=   0 [5]=   0 [6]=   0 [7]=   0 [8]=   0 [9]=   0 [10]=   0 [11]=   0 
after  (DPU 179) [0]= 229 [1]= 235 [2]= 230 [3]=   0 [4]=   0 [5]=   0 [6]=   0 [7]=   0 [8]=   0 [9]=   0 [10]=   0 [11]=   0 
before (DPU 180) [0]= 245 [1]= 219 [2]= 217 [3]=   0 [4]=   0 [5]=   0 [6]=   0 [7]=   0 [8]=   0 [9]=   0 [10]=   0 [11]=   0 
after  (DPU 180) [0]= 245 [1]= 219 [2]= 217 [3]=   0 [4]=   0 [5]=   0 [6]=   0 [7]=   0 [8]=   0 [9]=   0 [10]=   0 [11]=   0 
before (DPU 181) [0]= 224 [1]= 229 [2]= 226 [3]=   0 [4]=   0 [5]=   0 [6]=   0 [7]=   0 [8]=   0 [9]=   0 [10]=   0 [11]=   0 
after  (DPU 181) [0]= 224 [1]= 229 [2]= 226 [3]=   0 [4]=   0 [5]=   0 [6]=   0 [7]=   0 [8]=   0 [9]=   0 [10]=   0 [11]=   0 
before (DPU 182) [0]= 211 [1]= 233 [2]= 242 [3]=   0 [4]=   0 [5]=   0 [6]=   0 [7]=   0 [8]=   0 [9]=   0 [10]=   0 [11]=   0 
after  (DPU 182) [0]= 211 [1]= 233 [2]= 242 [3]=   0 [4]=   0 [5]=   0 [6]=   0 [7]=   0 [8]=   0 [9]=   0 [10]=   0 [11]=   0 
before (DPU 183) [0]= 233 [1]= 215 [2]= 193 [3]=   0 [4]=   0 [5]=   0 [6]=   0 [7]=   0 [8]=   0 [9]=   0 [10]=   0 [11]=   0 
after  (DPU 183) [0]= 233 [1]= 215 [2]= 193 [3]=   0 [4]=   0 [5]=   0 [6]=   0 [7]=   0 [8]=   0 [9]=   0 [10]=   0 [11]=   0 
before (DPU 184) [0]= 214 [1]= 214 [2]= 215 [3]=   0 [4]=   0 [5]=   0 [6]=   0 [7]=   0 [8]=   0 [9]=   0 [10]=   0 [11]=   0 
after  (DPU 184) [0]= 214 [1]= 214 [2]= 215 [3]=   0 [4]=   0 [5]=   0 [6]=   0 [7]=   0 [8]=   0 [9]=   0 [10]=   0 [11]=   0 
before (DPU 185) [0]= 203 [1]= 208 [2]= 225 [3]=   0 [4]=   0 [5]=   0 [6]=   0 [7]=   0 [8]=   0 [9]=   0 [10]=   0 [11]=   0 
after  (DPU 185) [0]= 203 [1]= 208 [2]= 225 [3]=   0 [4]=   0 [5]=   0 [6]=   0 [7]=   0 [8]=   0 [9]=   0 [10]=   0 [11]=   0 
before (DPU 186) [0]= 214 [1]= 214 [2]= 221 [3]=   0 [4]=   0 [5]=   0 [6]=   0 [7]=   0 [8]=   0 [9]=   0 [10]=   0 [11]=   0 
after  (DPU 186) [0]= 214 [1]= 214 [2]= 221 [3]=   0 [4]=   0 [5]=   0 [6]=   0 [7]=   0 [8]=   0 [9]=   0 [10]=   0 [11]=   0 
before (DPU 187) [0]= 196 [1]= 226 [2]= 228 [3]=   0 [4]=   0 [5]=   0 [6]=   0 [7]=   0 [8]=   0 [9]=   0 [10]=   0 [11]=   0 
after  (DPU 187) [0]= 196 [1]= 226 [2]= 228 [3]=   0 [4]=   0 [5]=   0 [6]=   0 [7]=   0 [8]=   0 [9]=   0 [10]=   0 [11]=   0 
before (DPU 188) [0]= 200 [1]= 215 [2]= 196 [3]=   0 [4]=   0 [5]=   0 [6]=   0 [7]=   0 [8]=   0 [9]=   0 [10]=   0 [11]=   0 
after  (DPU 188) [0]= 200 [1]= 215 [2]= 196 [3]=   0 [4]=   0 [5]=   0 [6]=   0 [7]=   0 [8]=   0 [9]=   0 [10]=   0 [11]=   0 
before (DPU 189) [0]= 195 [1]= 255 [2]= 235 [3]=   0 [4]=   0 [5]=   0 [6]=   0 [7]=   0 [8]=   0 [9]=   0 [10]=   0 [11]=   0 
after  (DPU 189) [0]= 195 [1]= 255 [2]= 235 [3]=   0 [4]=   0 [5]=   0 [6]=   0 [7]=   0 [8]=   0 [9]=   0 [10]=   0 [11]=   0 
before (DPU 190) [0]= 218 [1]= 212 [2]= 207 [3]=   0 [4]=   0 [5]=   0 [6]=   0 [7]=   0 [8]=   0 [9]=   0 [10]=   0 [11]=   0 
after  (DPU 190) [0]= 218 [1]= 212 [2]= 207 [3]=   0 [4]=   0 [5]=   0 [6]=   0 [7]=   0 [8]=   0 [9]=   0 [10]=   0 [11]=   0 
before (DPU 191) [0]= 195 [1]= 214 [2]= 225 [3]=   0 [4]=   0 [5]=   0 [6]=   0 [7]=   0 [8]=   0 [9]=   0 [10]=   0 [11]=   0 
after  (DPU 191) [0]= 195 [1]= 214 [2]= 225 [3]=   0 [4]=   0 [5]=   0 [6]=   0 [7]=   0 [8]=   0 [9]=   0 [10]=   0 [11]=   0 
before (DPU 192) [0]= 228 [1]= 247 [2]= 210 [3]=   0 [4]=   0 [5]=   0 [6]=   0 [7]=   0 [8]=   0 [9]=   0 [10]=   0 [11]=   0 
after  (DPU 192) [0]= 228 [1]= 247 [2]= 210 [3]=   0 [4]=   0 [5]=   0 [6]=   0 [7]=   0 [8]=   0 [9]=   0 [10]=   0 [11]=   0 
before (DPU 193) [0]= 205 [1]= 225 [2]= 206 [3]=   0 [4]=   0 [5]=   0 [6]=   0 [7]=   0 [8]=   0 [9]=   0 [10]=   0 [11]=   0 
after  (DPU 193) [0]= 205 [1]= 225 [2]= 206 [3]=   0 [4]=   0 [5]=   0 [6]=   0 [7]=   0 [8]=   0 [9]=   0 [10]=   0 [11]=   0 
before (DPU 194) [0]= 185 [1]= 245 [2]= 202 [3]=   0 [4]=   0 [5]=   0 [6]=   0 [7]=   0 [8]=   0 [9]=   0 [10]=   0 [11]=   0 
after  (DPU 194) [0]= 185 [1]= 245 [2]= 202 [3]=   0 [4]=   0 [5]=   0 [6]=   0 [7]=   0 [8]=   0 [9]=   0 [10]=   0 [11]=   0 
before (DPU 195) [0]= 215 [1]= 188 [2]= 209 [3]=   0 [4]=   0 [5]=   0 [6]=   0 [7]=   0 [8]=   0 [9]=   0 [10]=   0 [11]=   0 
after  (DPU 195) [0]= 215 [1]= 188 [2]= 209 [3]=   0 [4]=   0 [5]=   0 [6]=   0 [7]=   0 [8]=   0 [9]=   0 [10]=   0 [11]=   0 
before (DPU 196) [0]= 202 [1]= 202 [2]= 212 [3]=   0 [4]=   0 [5]=   0 [6]=   0 [7]=   0 [8]=   0 [9]=   0 [10]=   0 [11]=   0 
after  (DPU 196) [0]= 202 [1]= 202 [2]= 212 [3]=   0 [4]=   0 [5]=   0 [6]=   0 [7]=   0 [8]=   0 [9]=   0 [10]=   0 [11]=   0 
before (DPU 197) [0]= 201 [1]= 227 [2]= 207 [3]=   0 [4]=   0 [5]=   0 [6]=   0 [7]=   0 [8]=   0 [9]=   0 [10]=   0 [11]=   0 
after  (DPU 197) [0]= 201 [1]= 227 [2]= 207 [3]=   0 [4]=   0 [5]=   0 [6]=   0 [7]=   0 [8]=   0 [9]=   0 [10]=   0 [11]=   0 
before (DPU 198) [0]= 203 [1]= 202 [2]= 229 [3]=   0 [4]=   0 [5]=   0 [6]=   0 [7]=   0 [8]=   0 [9]=   0 [10]=   0 [11]=   0 
after  (DPU 198) [0]= 203 [1]= 202 [2]= 229 [3]=   0 [4]=   0 [5]=   0 [6]=   0 [7]=   0 [8]=   0 [9]=   0 [10]=   0 [11]=   0 
before (DPU 199) [0]= 195 [1]= 212 [2]= 202 [3]=   0 [4]=   0 [5]=   0 [6]=   0 [7]=   0 [8]=   0 [9]=   0 [10]=   0 [11]=   0 
after  (DPU 199) [0]= 195 [1]= 212 [2]= 202 [3]=   0 [4]=   0 [5]=   0 [6]=   0 [7]=   0 [8]=   0 [9]=   0 [10]=   0 [11]=   0 
before (DPU 200) [0]= 191 [1]= 214 [2]= 210 [3]=   0 [4]=   0 [5]=   0 [6]=   0 [7]=   0 [8]=   0 [9]=   0 [10]=   0 [11]=   0 
after  (DPU 200) [0]= 191 [1]= 214 [2]= 210 [3]=   0 [4]=   0 [5]=   0 [6]=   0 [7]=   0 [8]=   0 [9]=   0 [10]=   0 [11]=   0 
before (DPU 201) [0]= 218 [1]= 205 [2]= 185 [3]=   0 [4]=   0 [5]=   0 [6]=   0 [7]=   0 [8]=   0 [9]=   0 [10]=   0 [11]=   0 
after  (DPU 201) [0]= 218 [1]= 205 [2]= 185 [3]=   0 [4]=   0 [5]=   0 [6]=   0 [7]=   0 [8]=   0 [9]=   0 [10]=   0 [11]=   0 
before (DPU 202) [0]= 192 [1]= 191 [2]= 209 [3]=   0 [4]=   0 [5]=   0 [6]=   0 [7]=   0 [8]=   0 [9]=   0 [10]=   0 [11]=   0 
after  (DPU 202) [0]= 192 [1]= 191 [2]= 209 [3]=   0 [4]=   0 [5]=   0 [6]=   0 [7]=   0 [8]=   0 [9]=   0 [10]=   0 [11]=   0 
before (DPU 203) [0]= 211 [1]= 198 [2]= 212 [3]=   0 [4]=   0 [5]=   0 [6]=   0 [7]=   0 [8]=   0 [9]=   0 [10]=   0 [11]=   0 
after  (DPU 203) [0]= 211 [1]= 198 [2]= 212 [3]=   0 [4]=   0 [5]=   0 [6]=   0 [7]=   0 [8]=   0 [9]=   0 [10]=   0 [11]=   0 
before (DPU 204) [0]= 184 [1]= 212 [2]= 179 [3]=   0 [4]=   0 [5]=   0 [6]=   0 [7]=   0 [8]=   0 [9]=   0 [10]=   0 [11]=   0 
after  (DPU 204) [0]= 184 [1]= 212 [2]= 179 [3]=   0 [4]=   0 [5]=   0 [6]=   0 [7]=   0 [8]=   0 [9]=   0 [10]=   0 [11]=   0 
before (DPU 205) [0]= 217 [1]= 200 [2]= 192 [3]=   0 [4]=   0 [5]=   0 [6]=   0 [7]=   0 [8]=   0 [9]=   0 [10]=   0 [11]=   0 
after  (DPU 205) [0]= 217 [1]= 200 [2]= 192 [3]=   0 [4]=   0 [5]=   0 [6]=   0 [7]=   0 [8]=   0 [9]=   0 [10]=   0 [11]=   0 
before (DPU 206) [0]= 185 [1]= 194 [2]= 211 [3]=   0 [4]=   0 [5]=   0 [6]=   0 [7]=   0 [8]=   0 [9]=   0 [10]=   0 [11]=   0 
after  (DPU 206) [0]= 185 [1]= 194 [2]= 211 [3]=   0 [4]=   0 [5]=   0 [6]=   0 [7]=   0 [8]=   0 [9]=   0 [10]=   0 [11]=   0 
before (DPU 207) [0]= 202 [1]= 204 [2]= 226 [3]=   0 [4]=   0 [5]=   0 [6]=   0 [7]=   0 [8]=   0 [9]=   0 [10]=   0 [11]=   0 
after  (DPU 207) [0]= 202 [1]= 204 [2]= 226 [3]=   0 [4]=   0 [5]=   0 [6]=   0 [7]=   0 [8]=   0 [9]=   0 [10]=   0 [11]=   0 
before (DPU 208) [0]= 189 [1]= 213 [2]= 196 [3]=   0 [4]=   0 [5]=   0 [6]=   0 [7]=   0 [8]=   0 [9]=   0 [10]=   0 [11]=   0 
after  (DPU 208) [0]= 189 [1]= 213 [2]= 196 [3]=   0 [4]=   0 [5]=   0 [6]=   0 [7]=   0 [8]=   0 [9]=   0 [10]=   0 [11]=   0 
before (DPU 209) [0]= 211 [1]= 172 [2]= 206 [3]=   0 [4]=   0 [5]=   0 [6]=   0 [7]=   0 [8]=   0 [9]=   0 [10]=   0 [11]=   0 
after  (DPU 209) [0]= 211 [1]= 172 [2]= 206 [3]=   0 [4]=   0 [5]=   0 [6]=   0 [7]=   0 [8]=   0 [9]=   0 [10]=   0 [11]=   0 
before (DPU 210) [0]= 191 [1]= 181 [2]= 195 [3]=   0 [4]=   0 [5]=   0 [6]=   0 [7]=   0 [8]=   0 [9]=   0 [10]=   0 [11]=   0 
after  (DPU 210) [0]= 191 [1]= 181 [2]= 195 [3]=   0 [4]=   0 [5]=   0 [6]=   0 [7]=   0 [8]=   0 [9]=   0 [10]=   0 [11]=   0 
before (DPU 211) [0]= 162 [1]= 174 [2]= 186 [3]=   0 [4]=   0 [5]=   0 [6]=   0 [7]=   0 [8]=   0 [9]=   0 [10]=   0 [11]=   0 
after  (DPU 211) [0]= 162 [1]= 174 [2]= 186 [3]=   0 [4]=   0 [5]=   0 [6]=   0 [7]=   0 [8]=   0 [9]=   0 [10]=   0 [11]=   0 
before (DPU 212) [0]= 188 [1]= 183 [2]= 188 [3]=   0 [4]=   0 [5]=   0 [6]=   0 [7]=   0 [8]=   0 [9]=   0 [10]=   0 [11]=   0 
after  (DPU 212) [0]= 188 [1]= 183 [2]= 188 [3]=   0 [4]=   0 [5]=   0 [6]=   0 [7]=   0 [8]=   0 [9]=   0 [10]=   0 [11]=   0 
before (DPU 213) [0]= 211 [1]= 189 [2]= 169 [3]=   0 [4]=   0 [5]=   0 [6]=   0 [7]=   0 [8]=   0 [9]=   0 [10]=   0 [11]=   0 
after  (DPU 213) [0]= 211 [1]= 189 [2]= 169 [3]=   0 [4]=   0 [5]=   0 [6]=   0 [7]=   0 [8]=   0 [9]=   0 [10]=   0 [11]=   0 
before (DPU 214) [0]= 195 [1]= 173 [2]= 199 [3]=   0 [4]=   0 [5]=   0 [6]=   0 [7]=   0 [8]=   0 [9]=   0 [10]=   0 [11]=   0 
after  (DPU 214) [0]= 195 [1]= 173 [2]= 199 [3]=   0 [4]=   0 [5]=   0 [6]=   0 [7]=   0 [8]=   0 [9]=   0 [10]=   0 [11]=   0 
before (DPU 215) [0]= 221 [1]= 184 [2]= 180 [3]=   0 [4]=   0 [5]=   0 [6]=   0 [7]=   0 [8]=   0 [9]=   0 [10]=   0 [11]=   0 
after  (DPU 215) [0]= 221 [1]= 184 [2]= 180 [3]=   0 [4]=   0 [5]=   0 [6]=   0 [7]=   0 [8]=   0 [9]=   0 [10]=   0 [11]=   0 
before (DPU 216) [0]= 174 [1]= 173 [2]= 187 [3]=   0 [4]=   0 [5]=   0 [6]=   0 [7]=   0 [8]=   0 [9]=   0 [10]=   0 [11]=   0 
after  (DPU 216) [0]= 174 [1]= 173 [2]= 187 [3]=   0 [4]=   0 [5]=   0 [6]=   0 [7]=   0 [8]=   0 [9]=   0 [10]=   0 [11]=   0 
before (DPU 217) [0]= 181 [1]= 200 [2]= 195 [3]=   0 [4]=   0 [5]=   0 [6]=   0 [7]=   0 [8]=   0 [9]=   0 [10]=   0 [11]=   0 
after  (DPU 217) [0]= 181 [1]= 200 [2]= 195 [3]=   0 [4]=   0 [5]=   0 [6]=   0 [7]=   0 [8]=   0 [9]=   0 [10]=   0 [11]=   0 
before (DPU 218) [0]= 181 [1]= 187 [2]= 188 [3]=   0 [4]=   0 [5]=   0 [6]=   0 [7]=   0 [8]=   0 [9]=   0 [10]=   0 [11]=   0 
after  (DPU 218) [0]= 181 [1]= 187 [2]= 188 [3]=   0 [4]=   0 [5]=   0 [6]=   0 [7]=   0 [8]=   0 [9]=   0 [10]=   0 [11]=   0 
before (DPU 219) [0]= 184 [1]= 201 [2]= 194 [3]=   0 [4]=   0 [5]=   0 [6]=   0 [7]=   0 [8]=   0 [9]=   0 [10]=   0 [11]=   0 
after  (DPU 219) [0]= 184 [1]= 201 [2]= 194 [3]=   0 [4]=   0 [5]=   0 [6]=   0 [7]=   0 [8]=   0 [9]=   0 [10]=   0 [11]=   0 
before (DPU 220) [0]= 190 [1]= 193 [2]= 185 [3]=   0 [4]=   0 [5]=   0 [6]=   0 [7]=   0 [8]=   0 [9]=   0 [10]=   0 [11]=   0 
after  (DPU 220) [0]= 190 [1]= 193 [2]= 185 [3]=   0 [4]=   0 [5]=   0 [6]=   0 [7]=   0 [8]=   0 [9]=   0 [10]=   0 [11]=   0 
before (DPU 221) [0]= 172 [1]= 177 [2]= 168 [3]=   0 [4]=   0 [5]=   0 [6]=   0 [7]=   0 [8]=   0 [9]=   0 [10]=   0 [11]=   0 
after  (DPU 221) [0]= 172 [1]= 177 [2]= 168 [3]=   0 [4]=   0 [5]=   0 [6]=   0 [7]=   0 [8]=   0 [9]=   0 [10]=   0 [11]=   0 
before (DPU 222) [0]= 209 [1]= 176 [2]= 181 [3]=   0 [4]=   0 [5]=   0 [6]=   0 [7]=   0 [8]=   0 [9]=   0 [10]=   0 [11]=   0 
after  (DPU 222) [0]= 209 [1]= 176 [2]= 181 [3]=   0 [4]=   0 [5]=   0 [6]=   0 [7]=   0 [8]=   0 [9]=   0 [10]=   0 [11]=   0 
before (DPU 223) [0]= 197 [1]= 185 [2]= 178 [3]=   0 [4]=   0 [5]=   0 [6]=   0 [7]=   0 [8]=   0 [9]=   0 [10]=   0 [11]=   0 
after  (DPU 223) [0]= 197 [1]= 185 [2]= 178 [3]=   0 [4]=   0 [5]=   0 [6]=   0 [7]=   0 [8]=   0 [9]=   0 [10]=   0 [11]=   0 
before (DPU 224) [0]= 186 [1]= 176 [2]= 200 [3]=   0 [4]=   0 [5]=   0 [6]=   0 [7]=   0 [8]=   0 [9]=   0 [10]=   0 [11]=   0 
after  (DPU 224) [0]= 186 [1]= 176 [2]= 200 [3]=   0 [4]=   0 [5]=   0 [6]=   0 [7]=   0 [8]=   0 [9]=   0 [10]=   0 [11]=   0 
before (DPU 225) [0]= 161 [1]= 182 [2]= 190 [3]=   0 [4]=   0 [5]=   0 [6]=   0 [7]=   0 [8]=   0 [9]=   0 [10]=   0 [11]=   0 
after  (DPU 225) [0]= 161 [1]= 182 [2]= 190 [3]=   0 [4]=   0 [5]=   0 [6]=   0 [7]=   0 [8]=   0 [9]=   0 [10]=   0 [11]=   0 
before (DPU 226) [0]= 170 [1]= 190 [2]= 181 [3]=   0 [4]=   0 [5]=   0 [6]=   0 [7]=   0 [8]=   0 [9]=   0 [10]=   0 [11]=   0 
after  (DPU 226) [0]= 170 [1]= 190 [2]= 181 [3]=   0 [4]=   0 [5]=   0 [6]=   0 [7]=   0 [8]=   0 [9]=   0 [10]=   0 [11]=   0 
before (DPU 227) [0]= 197 [1]= 194 [2]= 207 [3]=   0 [4]=   0 [5]=   0 [6]=   0 [7]=   0 [8]=   0 [9]=   0 [10]=   0 [11]=   0 
after  (DPU 227) [0]= 197 [1]= 194 [2]= 207 [3]=   0 [4]=   0 [5]=   0 [6]=   0 [7]=   0 [8]=   0 [9]=   0 [10]=   0 [11]=   0 
before (DPU 228) [0]= 174 [1]= 194 [2]= 189 [3]=   0 [4]=   0 [5]=   0 [6]=   0 [7]=   0 [8]=   0 [9]=   0 [10]=   0 [11]=   0 
after  (DPU 228) [0]= 174 [1]= 194 [2]= 189 [3]=   0 [4]=   0 [5]=   0 [6]=   0 [7]=   0 [8]=   0 [9]=   0 [10]=   0 [11]=   0 
before (DPU 229) [0]= 198 [1]= 169 [2]= 159 [3]=   0 [4]=   0 [5]=   0 [6]=   0 [7]=   0 [8]=   0 [9]=   0 [10]=   0 [11]=   0 
after  (DPU 229) [0]= 198 [1]= 169 [2]= 159 [3]=   0 [4]=   0 [5]=   0 [6]=   0 [7]=   0 [8]=   0 [9]=   0 [10]=   0 [11]=   0 
before (DPU 230) [0]= 167 [1]= 178 [2]= 168 [3]=   0 [4]=   0 [5]=   0 [6]=   0 [7]=   0 [8]=   0 [9]=   0 [10]=   0 [11]=   0 
after  (DPU 230) [0]= 167 [1]= 178 [2]= 168 [3]=   0 [4]=   0 [5]=   0 [6]=   0 [7]=   0 [8]=   0 [9]=   0 [10]=   0 [11]=   0 
before (DPU 231) [0]= 204 [1]= 164 [2]= 161 [3]=   0 [4]=   0 [5]=   0 [6]=   0 [7]=   0 [8]=   0 [9]=   0 [10]=   0 [11]=   0 
after  (DPU 231) [0]= 204 [1]= 164 [2]= 161 [3]=   0 [4]=   0 [5]=   0 [6]=   0 [7]=   0 [8]=   0 [9]=   0 [10]=   0 [11]=   0 
before (DPU 232) [0]= 178 [1]= 189 [2]= 163 [3]=   0 [4]=   0 [5]=   0 [6]=   0 [7]=   0 [8]=   0 [9]=   0 [10]=   0 [11]=   0 
after  (DPU 232) [0]= 178 [1]= 189 [2]= 163 [3]=   0 [4]=   0 [5]=   0 [6]=   0 [7]=   0 [8]=   0 [9]=   0 [10]=   0 [11]=   0 
before (DPU 233) [0]= 190 [1]= 182 [2]= 213 [3]=   0 [4]=   0 [5]=   0 [6]=   0 [7]=   0 [8]=   0 [9]=   0 [10]=   0 [11]=   0 
after  (DPU 233) [0]= 190 [1]= 182 [2]= 213 [3]=   0 [4]=   0 [5]=   0 [6]=   0 [7]=   0 [8]=   0 [9]=   0 [10]=   0 [11]=   0 
before (DPU 234) [0]= 182 [1]= 183 [2]= 208 [3]=   0 [4]=   0 [5]=   0 [6]=   0 [7]=   0 [8]=   0 [9]=   0 [10]=   0 [11]=   0 
after  (DPU 234) [0]= 182 [1]= 183 [2]= 208 [3]=   0 [4]=   0 [5]=   0 [6]=   0 [7]=   0 [8]=   0 [9]=   0 [10]=   0 [11]=   0 
before (DPU 235) [0]= 190 [1]= 181 [2]= 158 [3]=   0 [4]=   0 [5]=   0 [6]=   0 [7]=   0 [8]=   0 [9]=   0 [10]=   0 [11]=   0 
after  (DPU 235) [0]= 190 [1]= 181 [2]= 158 [3]=   0 [4]=   0 [5]=   0 [6]=   0 [7]=   0 [8]=   0 [9]=   0 [10]=   0 [11]=   0 
before (DPU 236) [0]= 180 [1]= 151 [2]= 156 [3]=   0 [4]=   0 [5]=   0 [6]=   0 [7]=   0 [8]=   0 [9]=   0 [10]=   0 [11]=   0 
after  (DPU 236) [0]= 180 [1]= 151 [2]= 156 [3]=   0 [4]=   0 [5]=   0 [6]=   0 [7]=   0 [8]=   0 [9]=   0 [10]=   0 [11]=   0 
before (DPU 237) [0]= 169 [1]= 173 [2]= 156 [3]=   0 [4]=   0 [5]=   0 [6]=   0 [7]=   0 [8]=   0 [9]=   0 [10]=   0 [11]=   0 
after  (DPU 237) [0]= 169 [1]= 173 [2]= 156 [3]=   0 [4]=   0 [5]=   0 [6]=   0 [7]=   0 [8]=   0 [9]=   0 [10]=   0 [11]=   0 
before (DPU 238) [0]= 168 [1]= 159 [2]= 184 [3]=   0 [4]=   0 [5]=   0 [6]=   0 [7]=   0 [8]=   0 [9]=   0 [10]=   0 [11]=   0 
after  (DPU 238) [0]= 168 [1]= 159 [2]= 184 [3]=   0 [4]=   0 [5]=   0 [6]=   0 [7]=   0 [8]=   0 [9]=   0 [10]=   0 [11]=   0 
before (DPU 239) [0]= 165 [1]= 202 [2]= 159 [3]=   0 [4]=   0 [5]=   0 [6]=   0 [7]=   0 [8]=   0 [9]=   0 [10]=   0 [11]=   0 
after  (DPU 239) [0]= 165 [1]= 202 [2]= 159 [3]=   0 [4]=   0 [5]=   0 [6]=   0 [7]=   0 [8]=   0 [9]=   0 [10]=   0 [11]=   0 
before (DPU 240) [0]= 195 [1]= 155 [2]= 194 [3]=   0 [4]=   0 [5]=   0 [6]=   0 [7]=   0 [8]=   0 [9]=   0 [10]=   0 [11]=   0 
after  (DPU 240) [0]= 195 [1]= 155 [2]= 194 [3]=   0 [4]=   0 [5]=   0 [6]=   0 [7]=   0 [8]=   0 [9]=   0 [10]=   0 [11]=   0 
before (DPU 241) [0]= 158 [1]= 153 [2]= 172 [3]=   0 [4]=   0 [5]=   0 [6]=   0 [7]=   0 [8]=   0 [9]=   0 [10]=   0 [11]=   0 
after  (DPU 241) [0]= 158 [1]= 153 [2]= 172 [3]=   0 [4]=   0 [5]=   0 [6]=   0 [7]=   0 [8]=   0 [9]=   0 [10]=   0 [11]=   0 
before (DPU 242) [0]= 174 [1]= 172 [2]= 158 [3]=   0 [4]=   0 [5]=   0 [6]=   0 [7]=   0 [8]=   0 [9]=   0 [10]=   0 [11]=   0 
after  (DPU 242) [0]= 174 [1]= 172 [2]= 158 [3]=   0 [4]=   0 [5]=   0 [6]=   0 [7]=   0 [8]=   0 [9]=   0 [10]=   0 [11]=   0 
before (DPU 243) [0]= 191 [1]= 179 [2]= 160 [3]=   0 [4]=   0 [5]=   0 [6]=   0 [7]=   0 [8]=   0 [9]=   0 [10]=   0 [11]=   0 
after  (DPU 243) [0]= 191 [1]= 179 [2]= 160 [3]=   0 [4]=   0 [5]=   0 [6]=   0 [7]=   0 [8]=   0 [9]=   0 [10]=   0 [11]=   0 
before (DPU 244) [0]= 159 [1]= 166 [2]= 162 [3]=   0 [4]=   0 [5]=   0 [6]=   0 [7]=   0 [8]=   0 [9]=   0 [10]=   0 [11]=   0 
after  (DPU 244) [0]= 159 [1]= 166 [2]= 162 [3]=   0 [4]=   0 [5]=   0 [6]=   0 [7]=   0 [8]=   0 [9]=   0 [10]=   0 [11]=   0 
before (DPU 245) [0]= 173 [1]= 148 [2]= 166 [3]=   0 [4]=   0 [5]=   0 [6]=   0 [7]=   0 [8]=   0 [9]=   0 [10]=   0 [11]=   0 
after  (DPU 245) [0]= 173 [1]= 148 [2]= 166 [3]=   0 [4]=   0 [5]=   0 [6]=   0 [7]=   0 [8]=   0 [9]=   0 [10]=   0 [11]=   0 
before (DPU 246) [0]= 170 [1]= 162 [2]= 151 [3]=   0 [4]=   0 [5]=   0 [6]=   0 [7]=   0 [8]=   0 [9]=   0 [10]=   0 [11]=   0 
after  (DPU 246) [0]= 170 [1]= 162 [2]= 151 [3]=   0 [4]=   0 [5]=   0 [6]=   0 [7]=   0 [8]=   0 [9]=   0 [10]=   0 [11]=   0 
before (DPU 247) [0]= 164 [1]= 174 [2]= 172 [3]=   0 [4]=   0 [5]=   0 [6]=   0 [7]=   0 [8]=   0 [9]=   0 [10]=   0 [11]=   0 
after  (DPU 247) [0]= 164 [1]= 174 [2]= 172 [3]=   0 [4]=   0 [5]=   0 [6]=   0 [7]=   0 [8]=   0 [9]=   0 [10]=   0 [11]=   0 
before (DPU 248) [0]= 137 [1]= 169 [2]= 148 [3]=   0 [4]=   0 [5]=   0 [6]=   0 [7]=   0 [8]=   0 [9]=   0 [10]=   0 [11]=   0 
after  (DPU 248) [0]= 137 [1]= 169 [2]= 148 [3]=   0 [4]=   0 [5]=   0 [6]=   0 [7]=   0 [8]=   0 [9]=   0 [10]=   0 [11]=   0 
before (DPU 249) [0]= 154 [1]= 154 [2]= 161 [3]=   0 [4]=   0 [5]=   0 [6]=   0 [7]=   0 [8]=   0 [9]=   0 [10]=   0 [11]=   0 
after  (DPU 249) [0]= 154 [1]= 154 [2]= 161 [3]=   0 [4]=   0 [5]=   0 [6]=   0 [7]=   0 [8]=   0 [9]=   0 [10]=   0 [11]=   0 
before (DPU 250) [0]= 161 [1]= 154 [2]= 174 [3]=   0 [4]=   0 [5]=   0 [6]=   0 [7]=   0 [8]=   0 [9]=   0 [10]=   0 [11]=   0 
after  (DPU 250) [0]= 161 [1]= 154 [2]= 174 [3]=   0 [4]=   0 [5]=   0 [6]=   0 [7]=   0 [8]=   0 [9]=   0 [10]=   0 [11]=   0 
before (DPU 251) [0]= 164 [1]= 182 [2]= 157 [3]=   0 [4]=   0 [5]=   0 [6]=   0 [7]=   0 [8]=   0 [9]=   0 [10]=   0 [11]=   0 
after  (DPU 251) [0]= 164 [1]= 182 [2]= 157 [3]=   0 [4]=   0 [5]=   0 [6]=   0 [7]=   0 [8]=   0 [9]=   0 [10]=   0 [11]=   0 
before (DPU 252) [0]= 140 [1]= 155 [2]= 164 [3]=   0 [4]=   0 [5]=   0 [6]=   0 [7]=   0 [8]=   0 [9]=   0 [10]=   0 [11]=   0 
after  (DPU 252) [0]= 140 [1]= 155 [2]= 164 [3]=   0 [4]=   0 [5]=   0 [6]=   0 [7]=   0 [8]=   0 [9]=   0 [10]=   0 [11]=   0 
before (DPU 253) [0]= 165 [1]= 162 [2]= 173 [3]=   0 [4]=   0 [5]=   0 [6]=   0 [7]=   0 [8]=   0 [9]=   0 [10]=   0 [11]=   0 
after  (DPU 253) [0]= 165 [1]= 162 [2]= 173 [3]=   0 [4]=   0 [5]=   0 [6]=   0 [7]=   0 [8]=   0 [9]=   0 [10]=   0 [11]=   0 
before (DPU 254) [0]= 178 [1]= 164 [2]= 152 [3]=   0 [4]=   0 [5]=   0 [6]=   0 [7]=   0 [8]=   0 [9]=   0 [10]=   0 [11]=   0 
after  (DPU 254) [0]= 178 [1]= 164 [2]= 152 [3]=   0 [4]=   0 [5]=   0 [6]=   0 [7]=   0 [8]=   0 [9]=   0 [10]=   0 [11]=   0 
before (DPU 255) [0]= 168 [1]= 157 [2]= 194 [3]=   0 [4]=   0 [5]=   0 [6]=   0 [7]=   0 [8]=   0 [9]=   0 [10]=   0 [11]=   0 
after  (DPU 255) [0]= 168 [1]= 157 [2]= 194 [3]=   0 [4]=   0 [5]=   0 [6]=   0 [7]=   0 [8]=   0 [9]=   0 [10]=   0 [11]=   0 
before (DPU 256) [0]= 158 [1]= 171 [2]= 159 [3]=   0 [4]=   0 [5]=   0 [6]=   0 [7]=   0 [8]=   0 [9]=   0 [10]=   0 [11]=   0 
after  (DPU 256) [0]= 158 [1]= 171 [2]= 159 [3]=   0 [4]=   0 [5]=   0 [6]=   0 [7]=   0 [8]=   0 [9]=   0 [10]=   0 [11]=   0 
before (DPU 257) [0]= 176 [1]= 151 [2]= 176 [3]=   0 [4]=   0 [5]=   0 [6]=   0 [7]=   0 [8]=   0 [9]=   0 [10]=   0 [11]=   0 
after  (DPU 257) [0]= 176 [1]= 151 [2]= 176 [3]=   0 [4]=   0 [5]=   0 [6]=   0 [7]=   0 [8]=   0 [9]=   0 [10]=   0 [11]=   0 
before (DPU 258) [0]= 150 [1]= 136 [2]= 145 [3]=   0 [4]=   0 [5]=   0 [6]=   0 [7]=   0 [8]=   0 [9]=   0 [10]=   0 [11]=   0 
after  (DPU 258) [0]= 150 [1]= 136 [2]= 145 [3]=   0 [4]=   0 [5]=   0 [6]=   0 [7]=   0 [8]=   0 [9]=   0 [10]=   0 [11]=   0 
before (DPU 259) [0]= 174 [1]= 169 [2]= 142 [3]=   0 [4]=   0 [5]=   0 [6]=   0 [7]=   0 [8]=   0 [9]=   0 [10]=   0 [11]=   0 
after  (DPU 259) [0]= 174 [1]= 169 [2]= 142 [3]=   0 [4]=   0 [5]=   0 [6]=   0 [7]=   0 [8]=   0 [9]=   0 [10]=   0 [11]=   0 
before (DPU 260) [0]= 130 [1]= 131 [2]= 172 [3]=   0 [4]=   0 [5]=   0 [6]=   0 [7]=   0 [8]=   0 [9]=   0 [10]=   0 [11]=   0 
after  (DPU 260) [0]= 130 [1]= 131 [2]= 172 [3]=   0 [4]=   0 [5]=   0 [6]=   0 [7]=   0 [8]=   0 [9]=   0 [10]=   0 [11]=   0 
before (DPU 261) [0]= 165 [1]= 140 [2]= 164 [3]=   0 [4]=   0 [5]=   0 [6]=   0 [7]=   0 [8]=   0 [9]=   0 [10]=   0 [11]=   0 
after  (DPU 261) [0]= 165 [1]= 140 [2]= 164 [3]=   0 [4]=   0 [5]=   0 [6]=   0 [7]=   0 [8]=   0 [9]=   0 [10]=   0 [11]=   0 
before (DPU 262) [0]= 147 [1]= 154 [2]= 162 [3]=   0 [4]=   0 [5]=   0 [6]=   0 [7]=   0 [8]=   0 [9]=   0 [10]=   0 [11]=   0 
after  (DPU 262) [0]= 147 [1]= 154 [2]= 162 [3]=   0 [4]=   0 [5]=   0 [6]=   0 [7]=   0 [8]=   0 [9]=   0 [10]=   0 [11]=   0 
before (DPU 263) [0]= 137 [1]= 141 [2]= 138 [3]=   0 [4]=   0 [5]=   0 [6]=   0 [7]=   0 [8]=   0 [9]=   0 [10]=   0 [11]=   0 
after  (DPU 263) [0]= 137 [1]= 141 [2]= 138 [3]=   0 [4]=   0 [5]=   0 [6]=   0 [7]=   0 [8]=   0 [9]=   0 [10]=   0 [11]=   0 
before (DPU 264) [0]= 163 [1]= 157 [2]= 153 [3]=   0 [4]=   0 [5]=   0 [6]=   0 [7]=   0 [8]=   0 [9]=   0 [10]=   0 [11]=   0 
after  (DPU 264) [0]= 163 [1]= 157 [2]= 153 [3]=   0 [4]=   0 [5]=   0 [6]=   0 [7]=   0 [8]=   0 [9]=   0 [10]=   0 [11]=   0 
before (DPU 265) [0]= 143 [1]= 142 [2]= 134 [3]=   0 [4]=   0 [5]=   0 [6]=   0 [7]=   0 [8]=   0 [9]=   0 [10]=   0 [11]=   0 
after  (DPU 265) [0]= 143 [1]= 142 [2]= 134 [3]=   0 [4]=   0 [5]=   0 [6]=   0 [7]=   0 [8]=   0 [9]=   0 [10]=   0 [11]=   0 
before (DPU 266) [0]= 165 [1]= 159 [2]= 141 [3]=   0 [4]=   0 [5]=   0 [6]=   0 [7]=   0 [8]=   0 [9]=   0 [10]=   0 [11]=   0 
after  (DPU 266) [0]= 165 [1]= 159 [2]= 141 [3]=   0 [4]=   0 [5]=   0 [6]=   0 [7]=   0 [8]=   0 [9]=   0 [10]=   0 [11]=   0 
before (DPU 267) [0]= 140 [1]= 138 [2]= 146 [3]=   0 [4]=   0 [5]=   0 [6]=   0 [7]=   0 [8]=   0 [9]=   0 [10]=   0 [11]=   0 
after  (DPU 267) [0]= 140 [1]= 138 [2]= 146 [3]=   0 [4]=   0 [5]=   0 [6]=   0 [7]=   0 [8]=   0 [9]=   0 [10]=   0 [11]=   0 
before (DPU 268) [0]= 171 [1]= 145 [2]= 145 [3]=   0 [4]=   0 [5]=   0 [6]=   0 [7]=   0 [8]=   0 [9]=   0 [10]=   0 [11]=   0 
after  (DPU 268) [0]= 171 [1]= 145 [2]= 145 [3]=   0 [4]=   0 [5]=   0 [6]=   0 [7]=   0 [8]=   0 [9]=   0 [10]=   0 [11]=   0 
before (DPU 269) [0]= 151 [1]= 151 [2]= 149 [3]=   0 [4]=   0 [5]=   0 [6]=   0 [7]=   0 [8]=   0 [9]=   0 [10]=   0 [11]=   0 
after  (DPU 269) [0]= 151 [1]= 151 [2]= 149 [3]=   0 [4]=   0 [5]=   0 [6]=   0 [7]=   0 [8]=   0 [9]=   0 [10]=   0 [11]=   0 
before (DPU 270) [0]= 147 [1]= 127 [2]= 147 [3]=   0 [4]=   0 [5]=   0 [6]=   0 [7]=   0 [8]=   0 [9]=   0 [10]=   0 [11]=   0 
after  (DPU 270) [0]= 147 [1]= 127 [2]= 147 [3]=   0 [4]=   0 [5]=   0 [6]=   0 [7]=   0 [8]=   0 [9]=   0 [10]=   0 [11]=   0 
before (DPU 271) [0]= 155 [1]= 163 [2]= 143 [3]=   0 [4]=   0 [5]=   0 [6]=   0 [7]=   0 [8]=   0 [9]=   0 [10]=   0 [11]=   0 
after  (DPU 271) [0]= 155 [1]= 163 [2]= 143 [3]=   0 [4]=   0 [5]=   0 [6]=   0 [7]=   0 [8]=   0 [9]=   0 [10]=   0 [11]=   0 
before (DPU 272) [0]= 147 [1]= 150 [2]= 144 [3]=   0 [4]=   0 [5]=   0 [6]=   0 [7]=   0 [8]=   0 [9]=   0 [10]=   0 [11]=   0 
after  (DPU 272) [0]= 147 [1]= 150 [2]= 144 [3]=   0 [4]=   0 [5]=   0 [6]=   0 [7]=   0 [8]=   0 [9]=   0 [10]=   0 [11]=   0 
before (DPU 273) [0]= 154 [1]= 163 [2]= 162 [3]=   0 [4]=   0 [5]=   0 [6]=   0 [7]=   0 [8]=   0 [9]=   0 [10]=   0 [11]=   0 
after  (DPU 273) [0]= 154 [1]= 163 [2]= 162 [3]=   0 [4]=   0 [5]=   0 [6]=   0 [7]=   0 [8]=   0 [9]=   0 [10]=   0 [11]=   0 
before (DPU 274) [0]= 153 [1]= 156 [2]= 153 [3]=   0 [4]=   0 [5]=   0 [6]=   0 [7]=   0 [8]=   0 [9]=   0 [10]=   0 [11]=   0 
after  (DPU 274) [0]= 153 [1]= 156 [2]= 153 [3]=   0 [4]=   0 [5]=   0 [6]=   0 [7]=   0 [8]=   0 [9]=   0 [10]=   0 [11]=   0 
before (DPU 275) [0]= 141 [1]= 139 [2]= 136 [3]=   0 [4]=   0 [5]=   0 [6]=   0 [7]=   0 [8]=   0 [9]=   0 [10]=   0 [11]=   0 
after  (DPU 275) [0]= 141 [1]= 139 [2]= 136 [3]=   0 [4]=   0 [5]=   0 [6]=   0 [7]=   0 [8]=   0 [9]=   0 [10]=   0 [11]=   0 
before (DPU 276) [0]= 161 [1]= 136 [2]= 143 [3]=   0 [4]=   0 [5]=   0 [6]=   0 [7]=   0 [8]=   0 [9]=   0 [10]=   0 [11]=   0 
after  (DPU 276) [0]= 161 [1]= 136 [2]= 143 [3]=   0 [4]=   0 [5]=   0 [6]=   0 [7]=   0 [8]=   0 [9]=   0 [10]=   0 [11]=   0 
before (DPU 277) [0]= 151 [1]= 151 [2]= 151 [3]=   0 [4]=   0 [5]=   0 [6]=   0 [7]=   0 [8]=   0 [9]=   0 [10]=   0 [11]=   0 
after  (DPU 277) [0]= 151 [1]= 151 [2]= 151 [3]=   0 [4]=   0 [5]=   0 [6]=   0 [7]=   0 [8]=   0 [9]=   0 [10]=   0 [11]=   0 
before (DPU 278) [0]= 152 [1]= 142 [2]= 147 [3]=   0 [4]=   0 [5]=   0 [6]=   0 [7]=   0 [8]=   0 [9]=   0 [10]=   0 [11]=   0 
after  (DPU 278) [0]= 152 [1]= 142 [2]= 147 [3]=   0 [4]=   0 [5]=   0 [6]=   0 [7]=   0 [8]=   0 [9]=   0 [10]=   0 [11]=   0 
before (DPU 279) [0]= 149 [1]= 157 [2]= 173 [3]=   0 [4]=   0 [5]=   0 [6]=   0 [7]=   0 [8]=   0 [9]=   0 [10]=   0 [11]=   0 
after  (DPU 279) [0]= 149 [1]= 157 [2]= 173 [3]=   0 [4]=   0 [5]=   0 [6]=   0 [7]=   0 [8]=   0 [9]=   0 [10]=   0 [11]=   0 
before (DPU 280) [0]= 149 [1]= 133 [2]= 194 [3]=   0 [4]=   0 [5]=   0 [6]=   0 [7]=   0 [8]=   0 [9]=   0 [10]=   0 [11]=   0 
after  (DPU 280) [0]= 149 [1]= 133 [2]= 194 [3]=   0 [4]=   0 [5]=   0 [6]=   0 [7]=   0 [8]=   0 [9]=   0 [10]=   0 [11]=   0 
before (DPU 281) [0]= 111 [1]= 158 [2]= 124 [3]=   0 [4]=   0 [5]=   0 [6]=   0 [7]=   0 [8]=   0 [9]=   0 [10]=   0 [11]=   0 
after  (DPU 281) [0]= 111 [1]= 158 [2]= 124 [3]=   0 [4]=   0 [5]=   0 [6]=   0 [7]=   0 [8]=   0 [9]=   0 [10]=   0 [11]=   0 
before (DPU 282) [0]= 137 [1]= 136 [2]= 162 [3]=   0 [4]=   0 [5]=   0 [6]=   0 [7]=   0 [8]=   0 [9]=   0 [10]=   0 [11]=   0 
after  (DPU 282) [0]= 137 [1]= 136 [2]= 162 [3]=   0 [4]=   0 [5]=   0 [6]=   0 [7]=   0 [8]=   0 [9]=   0 [10]=   0 [11]=   0 
before (DPU 283) [0]= 139 [1]= 138 [2]= 167 [3]=   0 [4]=   0 [5]=   0 [6]=   0 [7]=   0 [8]=   0 [9]=   0 [10]=   0 [11]=   0 
after  (DPU 283) [0]= 139 [1]= 138 [2]= 167 [3]=   0 [4]=   0 [5]=   0 [6]=   0 [7]=   0 [8]=   0 [9]=   0 [10]=   0 [11]=   0 
before (DPU 284) [0]= 153 [1]= 157 [2]= 144 [3]=   0 [4]=   0 [5]=   0 [6]=   0 [7]=   0 [8]=   0 [9]=   0 [10]=   0 [11]=   0 
after  (DPU 284) [0]= 153 [1]= 157 [2]= 144 [3]=   0 [4]=   0 [5]=   0 [6]=   0 [7]=   0 [8]=   0 [9]=   0 [10]=   0 [11]=   0 
before (DPU 285) [0]= 140 [1]= 139 [2]= 147 [3]=   0 [4]=   0 [5]=   0 [6]=   0 [7]=   0 [8]=   0 [9]=   0 [10]=   0 [11]=   0 
after  (DPU 285) [0]= 140 [1]= 139 [2]= 147 [3]=   0 [4]=   0 [5]=   0 [6]=   0 [7]=   0 [8]=   0 [9]=   0 [10]=   0 [11]=   0 
before (DPU 286) [0]= 117 [1]= 153 [2]= 141 [3]=   0 [4]=   0 [5]=   0 [6]=   0 [7]=   0 [8]=   0 [9]=   0 [10]=   0 [11]=   0 
after  (DPU 286) [0]= 117 [1]= 153 [2]= 141 [3]=   0 [4]=   0 [5]=   0 [6]=   0 [7]=   0 [8]=   0 [9]=   0 [10]=   0 [11]=   0 
before (DPU 287) [0]= 148 [1]= 149 [2]= 138 [3]=   0 [4]=   0 [5]=   0 [6]=   0 [7]=   0 [8]=   0 [9]=   0 [10]=   0 [11]=   0 
after  (DPU 287) [0]= 148 [1]= 149 [2]= 138 [3]=   0 [4]=   0 [5]=   0 [6]=   0 [7]=   0 [8]=   0 [9]=   0 [10]=   0 [11]=   0 
before (DPU 288) [0]= 152 [1]= 141 [2]= 153 [3]=   0 [4]=   0 [5]=   0 [6]=   0 [7]=   0 [8]=   0 [9]=   0 [10]=   0 [11]=   0 
after  (DPU 288) [0]= 152 [1]= 141 [2]= 153 [3]=   0 [4]=   0 [5]=   0 [6]=   0 [7]=   0 [8]=   0 [9]=   0 [10]=   0 [11]=   0 
before (DPU 289) [0]= 134 [1]= 149 [2]= 145 [3]=   0 [4]=   0 [5]=   0 [6]=   0 [7]=   0 [8]=   0 [9]=   0 [10]=   0 [11]=   0 
after  (DPU 289) [0]= 134 [1]= 149 [2]= 145 [3]=   0 [4]=   0 [5]=   0 [6]=   0 [7]=   0 [8]=   0 [9]=   0 [10]=   0 [11]=   0 
before (DPU 290) [0]= 139 [1]= 123 [2]= 120 [3]=   0 [4]=   0 [5]=   0 [6]=   0 [7]=   0 [8]=   0 [9]=   0 [10]=   0 [11]=   0 
after  (DPU 290) [0]= 139 [1]= 123 [2]= 120 [3]=   0 [4]=   0 [5]=   0 [6]=   0 [7]=   0 [8]=   0 [9]=   0 [10]=   0 [11]=   0 
before (DPU 291) [0]= 133 [1]= 147 [2]= 144 [3]=   0 [4]=   0 [5]=   0 [6]=   0 [7]=   0 [8]=   0 [9]=   0 [10]=   0 [11]=   0 
after  (DPU 291) [0]= 133 [1]= 147 [2]= 144 [3]=   0 [4]=   0 [5]=   0 [6]=   0 [7]=   0 [8]=   0 [9]=   0 [10]=   0 [11]=   0 
before (DPU 292) [0]= 151 [1]= 130 [2]= 140 [3]=   0 [4]=   0 [5]=   0 [6]=   0 [7]=   0 [8]=   0 [9]=   0 [10]=   0 [11]=   0 
after  (DPU 292) [0]= 151 [1]= 130 [2]= 140 [3]=   0 [4]=   0 [5]=   0 [6]=   0 [7]=   0 [8]=   0 [9]=   0 [10]=   0 [11]=   0 
before (DPU 293) [0]= 127 [1]= 137 [2]= 171 [3]=   0 [4]=   0 [5]=   0 [6]=   0 [7]=   0 [8]=   0 [9]=   0 [10]=   0 [11]=   0 
after  (DPU 293) [0]= 127 [1]= 137 [2]= 171 [3]=   0 [4]=   0 [5]=   0 [6]=   0 [7]=   0 [8]=   0 [9]=   0 [10]=   0 [11]=   0 
before (DPU 294) [0]= 140 [1]= 157 [2]= 145 [3]=   0 [4]=   0 [5]=   0 [6]=   0 [7]=   0 [8]=   0 [9]=   0 [10]=   0 [11]=   0 
after  (DPU 294) [0]= 140 [1]= 157 [2]= 145 [3]=   0 [4]=   0 [5]=   0 [6]=   0 [7]=   0 [8]=   0 [9]=   0 [10]=   0 [11]=   0 
before (DPU 295) [0]= 129 [1]= 136 [2]= 139 [3]=   0 [4]=   0 [5]=   0 [6]=   0 [7]=   0 [8]=   0 [9]=   0 [10]=   0 [11]=   0 
after  (DPU 295) [0]= 129 [1]= 136 [2]= 139 [3]=   0 [4]=   0 [5]=   0 [6]=   0 [7]=   0 [8]=   0 [9]=   0 [10]=   0 [11]=   0 
before (DPU 296) [0]= 134 [1]= 135 [2]= 160 [3]=   0 [4]=   0 [5]=   0 [6]=   0 [7]=   0 [8]=   0 [9]=   0 [10]=   0 [11]=   0 
after  (DPU 296) [0]= 134 [1]= 135 [2]= 160 [3]=   0 [4]=   0 [5]=   0 [6]=   0 [7]=   0 [8]=   0 [9]=   0 [10]=   0 [11]=   0 
before (DPU 297) [0]= 136 [1]= 135 [2]= 123 [3]=   0 [4]=   0 [5]=   0 [6]=   0 [7]=   0 [8]=   0 [9]=   0 [10]=   0 [11]=   0 
after  (DPU 297) [0]= 136 [1]= 135 [2]= 123 [3]=   0 [4]=   0 [5]=   0 [6]=   0 [7]=   0 [8]=   0 [9]=   0 [10]=   0 [11]=   0 
before (DPU 298) [0]= 135 [1]= 126 [2]= 161 [3]=   0 [4]=   0 [5]=   0 [6]=   0 [7]=   0 [8]=   0 [9]=   0 [10]=   0 [11]=   0 
after  (DPU 298) [0]= 135 [1]= 126 [2]= 161 [3]=   0 [4]=   0 [5]=   0 [6]=   0 [7]=   0 [8]=   0 [9]=   0 [10]=   0 [11]=   0 
before (DPU 299) [0]= 138 [1]= 136 [2]= 147 [3]=   0 [4]=   0 [5]=   0 [6]=   0 [7]=   0 [8]=   0 [9]=   0 [10]=   0 [11]=   0 
after  (DPU 299) [0]= 138 [1]= 136 [2]= 147 [3]=   0 [4]=   0 [5]=   0 [6]=   0 [7]=   0 [8]=   0 [9]=   0 [10]=   0 [11]=   0 
before (DPU 300) [0]= 164 [1]= 150 [2]= 118 [3]=   0 [4]=   0 [5]=   0 [6]=   0 [7]=   0 [8]=   0 [9]=   0 [10]=   0 [11]=   0 
after  (DPU 300) [0]= 164 [1]= 150 [2]= 118 [3]=   0 [4]=   0 [5]=   0 [6]=   0 [7]=   0 [8]=   0 [9]=   0 [10]=   0 [11]=   0 
before (DPU 301) [0]= 122 [1]= 139 [2]= 152 [3]=   0 [4]=   0 [5]=   0 [6]=   0 [7]=   0 [8]=   0 [9]=   0 [10]=   0 [11]=   0 
after  (DPU 301) [0]= 122 [1]= 139 [2]= 152 [3]=   0 [4]=   0 [5]=   0 [6]=   0 [7]=   0 [8]=   0 [9]=   0 [10]=   0 [11]=   0 
before (DPU 302) [0]= 144 [1]= 119 [2]= 155 [3]=   0 [4]=   0 [5]=   0 [6]=   0 [7]=   0 [8]=   0 [9]=   0 [10]=   0 [11]=   0 
after  (DPU 302) [0]= 144 [1]= 119 [2]= 155 [3]=   0 [4]=   0 [5]=   0 [6]=   0 [7]=   0 [8]=   0 [9]=   0 [10]=   0 [11]=   0 
before (DPU 303) [0]= 141 [1]= 135 [2]= 131 [3]=   0 [4]=   0 [5]=   0 [6]=   0 [7]=   0 [8]=   0 [9]=   0 [10]=   0 [11]=   0 
after  (DPU 303) [0]= 141 [1]= 135 [2]= 131 [3]=   0 [4]=   0 [5]=   0 [6]=   0 [7]=   0 [8]=   0 [9]=   0 [10]=   0 [11]=   0 
before (DPU 304) [0]= 132 [1]= 138 [2]= 122 [3]=   0 [4]=   0 [5]=   0 [6]=   0 [7]=   0 [8]=   0 [9]=   0 [10]=   0 [11]=   0 
after  (DPU 304) [0]= 132 [1]= 138 [2]= 122 [3]=   0 [4]=   0 [5]=   0 [6]=   0 [7]=   0 [8]=   0 [9]=   0 [10]=   0 [11]=   0 
before (DPU 305) [0]= 128 [1]= 157 [2]= 105 [3]=   0 [4]=   0 [5]=   0 [6]=   0 [7]=   0 [8]=   0 [9]=   0 [10]=   0 [11]=   0 
after  (DPU 305) [0]= 128 [1]= 157 [2]= 105 [3]=   0 [4]=   0 [5]=   0 [6]=   0 [7]=   0 [8]=   0 [9]=   0 [10]=   0 [11]=   0 
before (DPU 306) [0]= 135 [1]= 106 [2]= 122 [3]=   0 [4]=   0 [5]=   0 [6]=   0 [7]=   0 [8]=   0 [9]=   0 [10]=   0 [11]=   0 
after  (DPU 306) [0]= 135 [1]= 106 [2]= 122 [3]=   0 [4]=   0 [5]=   0 [6]=   0 [7]=   0 [8]=   0 [9]=   0 [10]=   0 [11]=   0 
before (DPU 307) [0]= 134 [1]= 136 [2]= 130 [3]=   0 [4]=   0 [5]=   0 [6]=   0 [7]=   0 [8]=   0 [9]=   0 [10]=   0 [11]=   0 
after  (DPU 307) [0]= 134 [1]= 136 [2]= 130 [3]=   0 [4]=   0 [5]=   0 [6]=   0 [7]=   0 [8]=   0 [9]=   0 [10]=   0 [11]=   0 
before (DPU 308) [0]= 158 [1]= 136 [2]= 119 [3]=   0 [4]=   0 [5]=   0 [6]=   0 [7]=   0 [8]=   0 [9]=   0 [10]=   0 [11]=   0 
after  (DPU 308) [0]= 158 [1]= 136 [2]= 119 [3]=   0 [4]=   0 [5]=   0 [6]=   0 [7]=   0 [8]=   0 [9]=   0 [10]=   0 [11]=   0 
before (DPU 309) [0]= 131 [1]= 143 [2]= 136 [3]=   0 [4]=   0 [5]=   0 [6]=   0 [7]=   0 [8]=   0 [9]=   0 [10]=   0 [11]=   0 
after  (DPU 309) [0]= 131 [1]= 143 [2]= 136 [3]=   0 [4]=   0 [5]=   0 [6]=   0 [7]=   0 [8]=   0 [9]=   0 [10]=   0 [11]=   0 
before (DPU 310) [0]= 116 [1]= 142 [2]= 132 [3]=   0 [4]=   0 [5]=   0 [6]=   0 [7]=   0 [8]=   0 [9]=   0 [10]=   0 [11]=   0 
after  (DPU 310) [0]= 116 [1]= 142 [2]= 132 [3]=   0 [4]=   0 [5]=   0 [6]=   0 [7]=   0 [8]=   0 [9]=   0 [10]=   0 [11]=   0 
before (DPU 311) [0]= 145 [1]= 123 [2]= 108 [3]=   0 [4]=   0 [5]=   0 [6]=   0 [7]=   0 [8]=   0 [9]=   0 [10]=   0 [11]=   0 
after  (DPU 311) [0]= 145 [1]= 123 [2]= 108 [3]=   0 [4]=   0 [5]=   0 [6]=   0 [7]=   0 [8]=   0 [9]=   0 [10]=   0 [11]=   0 
before (DPU 312) [0]= 127 [1]= 139 [2]= 140 [3]=   0 [4]=   0 [5]=   0 [6]=   0 [7]=   0 [8]=   0 [9]=   0 [10]=   0 [11]=   0 
after  (DPU 312) [0]= 127 [1]= 139 [2]= 140 [3]=   0 [4]=   0 [5]=   0 [6]=   0 [7]=   0 [8]=   0 [9]=   0 [10]=   0 [11]=   0 
before (DPU 313) [0]= 117 [1]= 139 [2]= 127 [3]=   0 [4]=   0 [5]=   0 [6]=   0 [7]=   0 [8]=   0 [9]=   0 [10]=   0 [11]=   0 
after  (DPU 313) [0]= 117 [1]= 139 [2]= 127 [3]=   0 [4]=   0 [5]=   0 [6]=   0 [7]=   0 [8]=   0 [9]=   0 [10]=   0 [11]=   0 
before (DPU 314) [0]= 141 [1]= 128 [2]= 130 [3]=   0 [4]=   0 [5]=   0 [6]=   0 [7]=   0 [8]=   0 [9]=   0 [10]=   0 [11]=   0 
after  (DPU 314) [0]= 141 [1]= 128 [2]= 130 [3]=   0 [4]=   0 [5]=   0 [6]=   0 [7]=   0 [8]=   0 [9]=   0 [10]=   0 [11]=   0 
before (DPU 315) [0]= 123 [1]= 133 [2]= 138 [3]=   0 [4]=   0 [5]=   0 [6]=   0 [7]=   0 [8]=   0 [9]=   0 [10]=   0 [11]=   0 
after  (DPU 315) [0]= 123 [1]= 133 [2]= 138 [3]=   0 [4]=   0 [5]=   0 [6]=   0 [7]=   0 [8]=   0 [9]=   0 [10]=   0 [11]=   0 
before (DPU 316) [0]= 125 [1]= 122 [2]= 146 [3]=   0 [4]=   0 [5]=   0 [6]=   0 [7]=   0 [8]=   0 [9]=   0 [10]=   0 [11]=   0 
after  (DPU 316) [0]= 125 [1]= 122 [2]= 146 [3]=   0 [4]=   0 [5]=   0 [6]=   0 [7]=   0 [8]=   0 [9]=   0 [10]=   0 [11]=   0 
before (DPU 317) [0]= 152 [1]= 121 [2]= 135 [3]=   0 [4]=   0 [5]=   0 [6]=   0 [7]=   0 [8]=   0 [9]=   0 [10]=   0 [11]=   0 
after  (DPU 317) [0]= 152 [1]= 121 [2]= 135 [3]=   0 [4]=   0 [5]=   0 [6]=   0 [7]=   0 [8]=   0 [9]=   0 [10]=   0 [11]=   0 
before (DPU 318) [0]= 134 [1]= 114 [2]= 114 [3]=   0 [4]=   0 [5]=   0 [6]=   0 [7]=   0 [8]=   0 [9]=   0 [10]=   0 [11]=   0 
after  (DPU 318) [0]= 134 [1]= 114 [2]= 114 [3]=   0 [4]=   0 [5]=   0 [6]=   0 [7]=   0 [8]=   0 [9]=   0 [10]=   0 [11]=   0 
before (DPU 319) [0]= 125 [1]= 121 [2]= 126 [3]=   0 [4]=   0 [5]=   0 [6]=   0 [7]=   0 [8]=   0 [9]=   0 [10]=   0 [11]=   0 
after  (DPU 319) [0]= 125 [1]= 121 [2]= 126 [3]=   0 [4]=   0 [5]=   0 [6]=   0 [7]=   0 [8]=   0 [9]=   0 [10]=   0 [11]=   0 
before (DPU 320) [0]= 139 [1]= 135 [2]= 104 [3]=   0 [4]=   0 [5]=   0 [6]=   0 [7]=   0 [8]=   0 [9]=   0 [10]=   0 [11]=   0 
after  (DPU 320) [0]= 139 [1]= 135 [2]= 104 [3]=   0 [4]=   0 [5]=   0 [6]=   0 [7]=   0 [8]=   0 [9]=   0 [10]=   0 [11]=   0 
before (DPU 321) [0]= 104 [1]= 140 [2]= 138 [3]=   0 [4]=   0 [5]=   0 [6]=   0 [7]=   0 [8]=   0 [9]=   0 [10]=   0 [11]=   0 
after  (DPU 321) [0]= 104 [1]= 140 [2]= 138 [3]=   0 [4]=   0 [5]=   0 [6]=   0 [7]=   0 [8]=   0 [9]=   0 [10]=   0 [11]=   0 
before (DPU 322) [0]= 131 [1]= 116 [2]= 122 [3]=   0 [4]=   0 [5]=   0 [6]=   0 [7]=   0 [8]=   0 [9]=   0 [10]=   0 [11]=   0 
after  (DPU 322) [0]= 131 [1]= 116 [2]= 122 [3]=   0 [4]=   0 [5]=   0 [6]=   0 [7]=   0 [8]=   0 [9]=   0 [10]=   0 [11]=   0 
before (DPU 323) [0]= 128 [1]= 116 [2]= 112 [3]=   0 [4]=   0 [5]=   0 [6]=   0 [7]=   0 [8]=   0 [9]=   0 [10]=   0 [11]=   0 
after  (DPU 323) [0]= 128 [1]= 116 [2]= 112 [3]=   0 [4]=   0 [5]=   0 [6]=   0 [7]=   0 [8]=   0 [9]=   0 [10]=   0 [11]=   0 
before (DPU 324) [0]= 126 [1]= 112 [2]= 134 [3]=   0 [4]=   0 [5]=   0 [6]=   0 [7]=   0 [8]=   0 [9]=   0 [10]=   0 [11]=   0 
after  (DPU 324) [0]= 126 [1]= 112 [2]= 134 [3]=   0 [4]=   0 [5]=   0 [6]=   0 [7]=   0 [8]=   0 [9]=   0 [10]=   0 [11]=   0 
before (DPU 325) [0]= 115 [1]= 137 [2]= 123 [3]=   0 [4]=   0 [5]=   0 [6]=   0 [7]=   0 [8]=   0 [9]=   0 [10]=   0 [11]=   0 
after  (DPU 325) [0]= 115 [1]= 137 [2]= 123 [3]=   0 [4]=   0 [5]=   0 [6]=   0 [7]=   0 [8]=   0 [9]=   0 [10]=   0 [11]=   0 
before (DPU 326) [0]= 156 [1]= 129 [2]= 114 [3]=   0 [4]=   0 [5]=   0 [6]=   0 [7]=   0 [8]=   0 [9]=   0 [10]=   0 [11]=   0 
after  (DPU 326) [0]= 156 [1]= 129 [2]= 114 [3]=   0 [4]=   0 [5]=   0 [6]=   0 [7]=   0 [8]=   0 [9]=   0 [10]=   0 [11]=   0 
before (DPU 327) [0]= 113 [1]= 125 [2]= 127 [3]=   0 [4]=   0 [5]=   0 [6]=   0 [7]=   0 [8]=   0 [9]=   0 [10]=   0 [11]=   0 
after  (DPU 327) [0]= 113 [1]= 125 [2]= 127 [3]=   0 [4]=   0 [5]=   0 [6]=   0 [7]=   0 [8]=   0 [9]=   0 [10]=   0 [11]=   0 
before (DPU 328) [0]= 111 [1]= 102 [2]= 134 [3]=   0 [4]=   0 [5]=   0 [6]=   0 [7]=   0 [8]=   0 [9]=   0 [10]=   0 [11]=   0 
after  (DPU 328) [0]= 111 [1]= 102 [2]= 134 [3]=   0 [4]=   0 [5]=   0 [6]=   0 [7]=   0 [8]=   0 [9]=   0 [10]=   0 [11]=   0 
before (DPU 329) [0]= 116 [1]= 103 [2]= 136 [3]=   0 [4]=   0 [5]=   0 [6]=   0 [7]=   0 [8]=   0 [9]=   0 [10]=   0 [11]=   0 
after  (DPU 329) [0]= 116 [1]= 103 [2]= 136 [3]=   0 [4]=   0 [5]=   0 [6]=   0 [7]=   0 [8]=   0 [9]=   0 [10]=   0 [11]=   0 
before (DPU 330) [0]= 132 [1]= 126 [2]= 120 [3]=   0 [4]=   0 [5]=   0 [6]=   0 [7]=   0 [8]=   0 [9]=   0 [10]=   0 [11]=   0 
after  (DPU 330) [0]= 132 [1]= 126 [2]= 120 [3]=   0 [4]=   0 [5]=   0 [6]=   0 [7]=   0 [8]=   0 [9]=   0 [10]=   0 [11]=   0 
before (DPU 331) [0]= 129 [1]= 124 [2]= 108 [3]=   0 [4]=   0 [5]=   0 [6]=   0 [7]=   0 [8]=   0 [9]=   0 [10]=   0 [11]=   0 
after  (DPU 331) [0]= 129 [1]= 124 [2]= 108 [3]=   0 [4]=   0 [5]=   0 [6]=   0 [7]=   0 [8]=   0 [9]=   0 [10]=   0 [11]=   0 
before (DPU 332) [0]= 108 [1]= 136 [2]= 127 [3]=   0 [4]=   0 [5]=   0 [6]=   0 [7]=   0 [8]=   0 [9]=   0 [10]=   0 [11]=   0 
after  (DPU 332) [0]= 108 [1]= 136 [2]= 127 [3]=   0 [4]=   0 [5]=   0 [6]=   0 [7]=   0 [8]=   0 [9]=   0 [10]=   0 [11]=   0 
before (DPU 333) [0]= 125 [1]= 127 [2]= 133 [3]=   0 [4]=   0 [5]=   0 [6]=   0 [7]=   0 [8]=   0 [9]=   0 [10]=   0 [11]=   0 
after  (DPU 333) [0]= 125 [1]= 127 [2]= 133 [3]=   0 [4]=   0 [5]=   0 [6]=   0 [7]=   0 [8]=   0 [9]=   0 [10]=   0 [11]=   0 
before (DPU 334) [0]= 124 [1]= 132 [2]= 128 [3]=   0 [4]=   0 [5]=   0 [6]=   0 [7]=   0 [8]=   0 [9]=   0 [10]=   0 [11]=   0 
after  (DPU 334) [0]= 124 [1]= 132 [2]= 128 [3]=   0 [4]=   0 [5]=   0 [6]=   0 [7]=   0 [8]=   0 [9]=   0 [10]=   0 [11]=   0 
before (DPU 335) [0]= 122 [1]= 128 [2]= 118 [3]=   0 [4]=   0 [5]=   0 [6]=   0 [7]=   0 [8]=   0 [9]=   0 [10]=   0 [11]=   0 
after  (DPU 335) [0]= 122 [1]= 128 [2]= 118 [3]=   0 [4]=   0 [5]=   0 [6]=   0 [7]=   0 [8]=   0 [9]=   0 [10]=   0 [11]=   0 
before (DPU 336) [0]= 137 [1]= 136 [2]= 106 [3]=   0 [4]=   0 [5]=   0 [6]=   0 [7]=   0 [8]=   0 [9]=   0 [10]=   0 [11]=   0 
after  (DPU 336) [0]= 137 [1]= 136 [2]= 106 [3]=   0 [4]=   0 [5]=   0 [6]=   0 [7]=   0 [8]=   0 [9]=   0 [10]=   0 [11]=   0 
before (DPU 337) [0]= 108 [1]= 117 [2]= 130 [3]=   0 [4]=   0 [5]=   0 [6]=   0 [7]=   0 [8]=   0 [9]=   0 [10]=   0 [11]=   0 
after  (DPU 337) [0]= 108 [1]= 117 [2]= 130 [3]=   0 [4]=   0 [5]=   0 [6]=   0 [7]=   0 [8]=   0 [9]=   0 [10]=   0 [11]=   0 
before (DPU 338) [0]= 102 [1]= 114 [2]= 116 [3]=   0 [4]=   0 [5]=   0 [6]=   0 [7]=   0 [8]=   0 [9]=   0 [10]=   0 [11]=   0 
after  (DPU 338) [0]= 102 [1]= 114 [2]= 116 [3]=   0 [4]=   0 [5]=   0 [6]=   0 [7]=   0 [8]=   0 [9]=   0 [10]=   0 [11]=   0 
before (DPU 339) [0]= 117 [1]= 111 [2]=  97 [3]=   0 [4]=   0 [5]=   0 [6]=   0 [7]=   0 [8]=   0 [9]=   0 [10]=   0 [11]=   0 
after  (DPU 339) [0]= 117 [1]= 111 [2]=  97 [3]=   0 [4]=   0 [5]=   0 [6]=   0 [7]=   0 [8]=   0 [9]=   0 [10]=   0 [11]=   0 
before (DPU 340) [0]= 119 [1]= 122 [2]= 122 [3]=   0 [4]=   0 [5]=   0 [6]=   0 [7]=   0 [8]=   0 [9]=   0 [10]=   0 [11]=   0 
after  (DPU 340) [0]= 119 [1]= 122 [2]= 122 [3]=   0 [4]=   0 [5]=   0 [6]=   0 [7]=   0 [8]=   0 [9]=   0 [10]=   0 [11]=   0 
before (DPU 341) [0]= 125 [1]= 105 [2]=  98 [3]=   0 [4]=   0 [5]=   0 [6]=   0 [7]=   0 [8]=   0 [9]=   0 [10]=   0 [11]=   0 
after  (DPU 341) [0]= 125 [1]= 105 [2]=  98 [3]=   0 [4]=   0 [5]=   0 [6]=   0 [7]=   0 [8]=   0 [9]=   0 [10]=   0 [11]=   0 
before (DPU 342) [0]= 124 [1]= 119 [2]= 121 [3]=   0 [4]=   0 [5]=   0 [6]=   0 [7]=   0 [8]=   0 [9]=   0 [10]=   0 [11]=   0 
after  (DPU 342) [0]= 124 [1]= 119 [2]= 121 [3]=   0 [4]=   0 [5]=   0 [6]=   0 [7]=   0 [8]=   0 [9]=   0 [10]=   0 [11]=   0 
before (DPU 343) [0]= 112 [1]= 102 [2]= 124 [3]=   0 [4]=   0 [5]=   0 [6]=   0 [7]=   0 [8]=   0 [9]=   0 [10]=   0 [11]=   0 
after  (DPU 343) [0]= 112 [1]= 102 [2]= 124 [3]=   0 [4]=   0 [5]=   0 [6]=   0 [7]=   0 [8]=   0 [9]=   0 [10]=   0 [11]=   0 
before (DPU 344) [0]= 136 [1]= 121 [2]= 135 [3]=   0 [4]=   0 [5]=   0 [6]=   0 [7]=   0 [8]=   0 [9]=   0 [10]=   0 [11]=   0 
after  (DPU 344) [0]= 136 [1]= 121 [2]= 135 [3]=   0 [4]=   0 [5]=   0 [6]=   0 [7]=   0 [8]=   0 [9]=   0 [10]=   0 [11]=   0 
before (DPU 345) [0]= 112 [1]= 127 [2]= 104 [3]=   0 [4]=   0 [5]=   0 [6]=   0 [7]=   0 [8]=   0 [9]=   0 [10]=   0 [11]=   0 
after  (DPU 345) [0]= 112 [1]= 127 [2]= 104 [3]=   0 [4]=   0 [5]=   0 [6]=   0 [7]=   0 [8]=   0 [9]=   0 [10]=   0 [11]=   0 
before (DPU 346) [0]= 125 [1]= 129 [2]= 106 [3]=   0 [4]=   0 [5]=   0 [6]=   0 [7]=   0 [8]=   0 [9]=   0 [10]=   0 [11]=   0 
after  (DPU 346) [0]= 125 [1]= 129 [2]= 106 [3]=   0 [4]=   0 [5]=   0 [6]=   0 [7]=   0 [8]=   0 [9]=   0 [10]=   0 [11]=   0 
before (DPU 347) [0]= 113 [1]= 112 [2]=  93 [3]=   0 [4]=   0 [5]=   0 [6]=   0 [7]=   0 [8]=   0 [9]=   0 [10]=   0 [11]=   0 
after  (DPU 347) [0]= 113 [1]= 112 [2]=  93 [3]=   0 [4]=   0 [5]=   0 [6]=   0 [7]=   0 [8]=   0 [9]=   0 [10]=   0 [11]=   0 
before (DPU 348) [0]= 107 [1]= 131 [2]= 109 [3]=   0 [4]=   0 [5]=   0 [6]=   0 [7]=   0 [8]=   0 [9]=   0 [10]=   0 [11]=   0 
after  (DPU 348) [0]= 107 [1]= 131 [2]= 109 [3]=   0 [4]=   0 [5]=   0 [6]=   0 [7]=   0 [8]=   0 [9]=   0 [10]=   0 [11]=   0 
before (DPU 349) [0]= 135 [1]= 107 [2]= 113 [3]=   0 [4]=   0 [5]=   0 [6]=   0 [7]=   0 [8]=   0 [9]=   0 [10]=   0 [11]=   0 
after  (DPU 349) [0]= 135 [1]= 107 [2]= 113 [3]=   0 [4]=   0 [5]=   0 [6]=   0 [7]=   0 [8]=   0 [9]=   0 [10]=   0 [11]=   0 
before (DPU 350) [0]= 108 [1]= 112 [2]= 110 [3]=   0 [4]=   0 [5]=   0 [6]=   0 [7]=   0 [8]=   0 [9]=   0 [10]=   0 [11]=   0 
after  (DPU 350) [0]= 108 [1]= 112 [2]= 110 [3]=   0 [4]=   0 [5]=   0 [6]=   0 [7]=   0 [8]=   0 [9]=   0 [10]=   0 [11]=   0 
before (DPU 351) [0]= 103 [1]= 123 [2]= 126 [3]=   0 [4]=   0 [5]=   0 [6]=   0 [7]=   0 [8]=   0 [9]=   0 [10]=   0 [11]=   0 
after  (DPU 351) [0]= 103 [1]= 123 [2]= 126 [3]=   0 [4]=   0 [5]=   0 [6]=   0 [7]=   0 [8]=   0 [9]=   0 [10]=   0 [11]=   0 
before (DPU 352) [0]= 109 [1]= 127 [2]= 125 [3]=   0 [4]=   0 [5]=   0 [6]=   0 [7]=   0 [8]=   0 [9]=   0 [10]=   0 [11]=   0 
after  (DPU 352) [0]= 109 [1]= 127 [2]= 125 [3]=   0 [4]=   0 [5]=   0 [6]=   0 [7]=   0 [8]=   0 [9]=   0 [10]=   0 [11]=   0 
before (DPU 353) [0]= 121 [1]= 114 [2]= 114 [3]=   0 [4]=   0 [5]=   0 [6]=   0 [7]=   0 [8]=   0 [9]=   0 [10]=   0 [11]=   0 
after  (DPU 353) [0]= 121 [1]= 114 [2]= 114 [3]=   0 [4]=   0 [5]=   0 [6]=   0 [7]=   0 [8]=   0 [9]=   0 [10]=   0 [11]=   0 
before (DPU 354) [0]= 123 [1]= 117 [2]= 116 [3]=   0 [4]=   0 [5]=   0 [6]=   0 [7]=   0 [8]=   0 [9]=   0 [10]=   0 [11]=   0 
after  (DPU 354) [0]= 123 [1]= 117 [2]= 116 [3]=   0 [4]=   0 [5]=   0 [6]=   0 [7]=   0 [8]=   0 [9]=   0 [10]=   0 [11]=   0 
before (DPU 355) [0]= 122 [1]= 114 [2]= 114 [3]=   0 [4]=   0 [5]=   0 [6]=   0 [7]=   0 [8]=   0 [9]=   0 [10]=   0 [11]=   0 
after  (DPU 355) [0]= 122 [1]= 114 [2]= 114 [3]=   0 [4]=   0 [5]=   0 [6]=   0 [7]=   0 [8]=   0 [9]=   0 [10]=   0 [11]=   0 
before (DPU 356) [0]= 118 [1]= 109 [2]= 120 [3]=   0 [4]=   0 [5]=   0 [6]=   0 [7]=   0 [8]=   0 [9]=   0 [10]=   0 [11]=   0 
after  (DPU 356) [0]= 118 [1]= 109 [2]= 120 [3]=   0 [4]=   0 [5]=   0 [6]=   0 [7]=   0 [8]=   0 [9]=   0 [10]=   0 [11]=   0 
before (DPU 357) [0]= 100 [1]= 100 [2]= 112 [3]=   0 [4]=   0 [5]=   0 [6]=   0 [7]=   0 [8]=   0 [9]=   0 [10]=   0 [11]=   0 
after  (DPU 357) [0]= 100 [1]= 100 [2]= 112 [3]=   0 [4]=   0 [5]=   0 [6]=   0 [7]=   0 [8]=   0 [9]=   0 [10]=   0 [11]=   0 
before (DPU 358) [0]= 119 [1]= 103 [2]= 102 [3]=   0 [4]=   0 [5]=   0 [6]=   0 [7]=   0 [8]=   0 [9]=   0 [10]=   0 [11]=   0 
after  (DPU 358) [0]= 119 [1]= 103 [2]= 102 [3]=   0 [4]=   0 [5]=   0 [6]=   0 [7]=   0 [8]=   0 [9]=   0 [10]=   0 [11]=   0 
before (DPU 359) [0]=  97 [1]= 108 [2]= 107 [3]=   0 [4]=   0 [5]=   0 [6]=   0 [7]=   0 [8]=   0 [9]=   0 [10]=   0 [11]=   0 
after  (DPU 359) [0]=  97 [1]= 108 [2]= 107 [3]=   0 [4]=   0 [5]=   0 [6]=   0 [7]=   0 [8]=   0 [9]=   0 [10]=   0 [11]=   0 
before (DPU 360) [0]= 144 [1]= 133 [2]= 131 [3]=   0 [4]=   0 [5]=   0 [6]=   0 [7]=   0 [8]=   0 [9]=   0 [10]=   0 [11]=   0 
after  (DPU 360) [0]= 144 [1]= 133 [2]= 131 [3]=   0 [4]=   0 [5]=   0 [6]=   0 [7]=   0 [8]=   0 [9]=   0 [10]=   0 [11]=   0 
before (DPU 361) [0]= 123 [1]= 127 [2]=  88 [3]=   0 [4]=   0 [5]=   0 [6]=   0 [7]=   0 [8]=   0 [9]=   0 [10]=   0 [11]=   0 
after  (DPU 361) [0]= 123 [1]= 127 [2]=  88 [3]=   0 [4]=   0 [5]=   0 [6]=   0 [7]=   0 [8]=   0 [9]=   0 [10]=   0 [11]=   0 
before (DPU 362) [0]=  99 [1]= 102 [2]= 113 [3]=   0 [4]=   0 [5]=   0 [6]=   0 [7]=   0 [8]=   0 [9]=   0 [10]=   0 [11]=   0 
after  (DPU 362) [0]=  99 [1]= 102 [2]= 113 [3]=   0 [4]=   0 [5]=   0 [6]=   0 [7]=   0 [8]=   0 [9]=   0 [10]=   0 [11]=   0 
before (DPU 363) [0]= 110 [1]= 108 [2]= 135 [3]=   0 [4]=   0 [5]=   0 [6]=   0 [7]=   0 [8]=   0 [9]=   0 [10]=   0 [11]=   0 
after  (DPU 363) [0]= 110 [1]= 108 [2]= 135 [3]=   0 [4]=   0 [5]=   0 [6]=   0 [7]=   0 [8]=   0 [9]=   0 [10]=   0 [11]=   0 
before (DPU 364) [0]=  99 [1]= 110 [2]= 105 [3]=   0 [4]=   0 [5]=   0 [6]=   0 [7]=   0 [8]=   0 [9]=   0 [10]=   0 [11]=   0 
after  (DPU 364) [0]=  99 [1]= 110 [2]= 105 [3]=   0 [4]=   0 [5]=   0 [6]=   0 [7]=   0 [8]=   0 [9]=   0 [10]=   0 [11]=   0 
before (DPU 365) [0]= 119 [1]= 112 [2]= 110 [3]=   0 [4]=   0 [5]=   0 [6]=   0 [7]=   0 [8]=   0 [9]=   0 [10]=   0 [11]=   0 
after  (DPU 365) [0]= 119 [1]= 112 [2]= 110 [3]=   0 [4]=   0 [5]=   0 [6]=   0 [7]=   0 [8]=   0 [9]=   0 [10]=   0 [11]=   0 
before (DPU 366) [0]= 120 [1]= 113 [2]= 114 [3]=   0 [4]=   0 [5]=   0 [6]=   0 [7]=   0 [8]=   0 [9]=   0 [10]=   0 [11]=   0 
after  (DPU 366) [0]= 120 [1]= 113 [2]= 114 [3]=   0 [4]=   0 [5]=   0 [6]=   0 [7]=   0 [8]=   0 [9]=   0 [10]=   0 [11]=   0 
before (DPU 367) [0]= 115 [1]= 106 [2]= 123 [3]=   0 [4]=   0 [5]=   0 [6]=   0 [7]=   0 [8]=   0 [9]=   0 [10]=   0 [11]=   0 
after  (DPU 367) [0]= 115 [1]= 106 [2]= 123 [3]=   0 [4]=   0 [5]=   0 [6]=   0 [7]=   0 [8]=   0 [9]=   0 [10]=   0 [11]=   0 
before (DPU 368) [0]= 134 [1]= 125 [2]=  89 [3]=   0 [4]=   0 [5]=   0 [6]=   0 [7]=   0 [8]=   0 [9]=   0 [10]=   0 [11]=   0 
after  (DPU 368) [0]= 134 [1]= 125 [2]=  89 [3]=   0 [4]=   0 [5]=   0 [6]=   0 [7]=   0 [8]=   0 [9]=   0 [10]=   0 [11]=   0 
before (DPU 369) [0]= 117 [1]= 104 [2]= 120 [3]=   0 [4]=   0 [5]=   0 [6]=   0 [7]=   0 [8]=   0 [9]=   0 [10]=   0 [11]=   0 
after  (DPU 369) [0]= 117 [1]= 104 [2]= 120 [3]=   0 [4]=   0 [5]=   0 [6]=   0 [7]=   0 [8]=   0 [9]=   0 [10]=   0 [11]=   0 
before (DPU 370) [0]= 102 [1]= 108 [2]= 111 [3]=   0 [4]=   0 [5]=   0 [6]=   0 [7]=   0 [8]=   0 [9]=   0 [10]=   0 [11]=   0 
after  (DPU 370) [0]= 102 [1]= 108 [2]= 111 [3]=   0 [4]=   0 [5]=   0 [6]=   0 [7]=   0 [8]=   0 [9]=   0 [10]=   0 [11]=   0 
before (DPU 371) [0]=  92 [1]= 111 [2]=  93 [3]=   0 [4]=   0 [5]=   0 [6]=   0 [7]=   0 [8]=   0 [9]=   0 [10]=   0 [11]=   0 
after  (DPU 371) [0]=  92 [1]= 111 [2]=  93 [3]=   0 [4]=   0 [5]=   0 [6]=   0 [7]=   0 [8]=   0 [9]=   0 [10]=   0 [11]=   0 
before (DPU 372) [0]= 120 [1]= 105 [2]= 118 [3]=   0 [4]=   0 [5]=   0 [6]=   0 [7]=   0 [8]=   0 [9]=   0 [10]=   0 [11]=   0 
after  (DPU 372) [0]= 120 [1]= 105 [2]= 118 [3]=   0 [4]=   0 [5]=   0 [6]=   0 [7]=   0 [8]=   0 [9]=   0 [10]=   0 [11]=   0 
before (DPU 373) [0]=  94 [1]=  89 [2]= 123 [3]=   0 [4]=   0 [5]=   0 [6]=   0 [7]=   0 [8]=   0 [9]=   0 [10]=   0 [11]=   0 
after  (DPU 373) [0]=  94 [1]=  89 [2]= 123 [3]=   0 [4]=   0 [5]=   0 [6]=   0 [7]=   0 [8]=   0 [9]=   0 [10]=   0 [11]=   0 
before (DPU 374) [0]= 108 [1]= 105 [2]= 111 [3]=   0 [4]=   0 [5]=   0 [6]=   0 [7]=   0 [8]=   0 [9]=   0 [10]=   0 [11]=   0 
after  (DPU 374) [0]= 108 [1]= 105 [2]= 111 [3]=   0 [4]=   0 [5]=   0 [6]=   0 [7]=   0 [8]=   0 [9]=   0 [10]=   0 [11]=   0 
before (DPU 375) [0]=  97 [1]= 103 [2]= 115 [3]=   0 [4]=   0 [5]=   0 [6]=   0 [7]=   0 [8]=   0 [9]=   0 [10]=   0 [11]=   0 
after  (DPU 375) [0]=  97 [1]= 103 [2]= 115 [3]=   0 [4]=   0 [5]=   0 [6]=   0 [7]=   0 [8]=   0 [9]=   0 [10]=   0 [11]=   0 
before (DPU 376) [0]= 109 [1]=  94 [2]= 113 [3]=   0 [4]=   0 [5]=   0 [6]=   0 [7]=   0 [8]=   0 [9]=   0 [10]=   0 [11]=   0 
after  (DPU 376) [0]= 109 [1]=  94 [2]= 113 [3]=   0 [4]=   0 [5]=   0 [6]=   0 [7]=   0 [8]=   0 [9]=   0 [10]=   0 [11]=   0 
before (DPU 377) [0]= 102 [1]= 121 [2]= 117 [3]=   0 [4]=   0 [5]=   0 [6]=   0 [7]=   0 [8]=   0 [9]=   0 [10]=   0 [11]=   0 
after  (DPU 377) [0]= 102 [1]= 121 [2]= 117 [3]=   0 [4]=   0 [5]=   0 [6]=   0 [7]=   0 [8]=   0 [9]=   0 [10]=   0 [11]=   0 
before (DPU 378) [0]=  82 [1]= 128 [2]= 111 [3]=   0 [4]=   0 [5]=   0 [6]=   0 [7]=   0 [8]=   0 [9]=   0 [10]=   0 [11]=   0 
after  (DPU 378) [0]=  82 [1]= 128 [2]= 111 [3]=   0 [4]=   0 [5]=   0 [6]=   0 [7]=   0 [8]=   0 [9]=   0 [10]=   0 [11]=   0 
before (DPU 379) [0]= 131 [1]=  92 [2]=  97 [3]=   0 [4]=   0 [5]=   0 [6]=   0 [7]=   0 [8]=   0 [9]=   0 [10]=   0 [11]=   0 
after  (DPU 379) [0]= 131 [1]=  92 [2]=  97 [3]=   0 [4]=   0 [5]=   0 [6]=   0 [7]=   0 [8]=   0 [9]=   0 [10]=   0 [11]=   0 
before (DPU 380) [0]= 103 [1]= 107 [2]= 112 [3]=   0 [4]=   0 [5]=   0 [6]=   0 [7]=   0 [8]=   0 [9]=   0 [10]=   0 [11]=   0 
after  (DPU 380) [0]= 103 [1]= 107 [2]= 112 [3]=   0 [4]=   0 [5]=   0 [6]=   0 [7]=   0 [8]=   0 [9]=   0 [10]=   0 [11]=   0 
before (DPU 381) [0]= 113 [1]= 102 [2]= 100 [3]=   0 [4]=   0 [5]=   0 [6]=   0 [7]=   0 [8]=   0 [9]=   0 [10]=   0 [11]=   0 
after  (DPU 381) [0]= 113 [1]= 102 [2]= 100 [3]=   0 [4]=   0 [5]=   0 [6]=   0 [7]=   0 [8]=   0 [9]=   0 [10]=   0 [11]=   0 
before (DPU 382) [0]= 105 [1]= 107 [2]= 101 [3]=   0 [4]=   0 [5]=   0 [6]=   0 [7]=   0 [8]=   0 [9]=   0 [10]=   0 [11]=   0 
after  (DPU 382) [0]= 105 [1]= 107 [2]= 101 [3]=   0 [4]=   0 [5]=   0 [6]=   0 [7]=   0 [8]=   0 [9]=   0 [10]=   0 [11]=   0 
before (DPU 383) [0]= 106 [1]= 115 [2]= 109 [3]=   0 [4]=   0 [5]=   0 [6]=   0 [7]=   0 [8]=   0 [9]=   0 [10]=   0 [11]=   0 
after  (DPU 383) [0]= 106 [1]= 115 [2]= 109 [3]=   0 [4]=   0 [5]=   0 [6]=   0 [7]=   0 [8]=   0 [9]=   0 [10]=   0 [11]=   0 
before (DPU 384) [0]= 107 [1]= 109 [2]= 110 [3]=   0 [4]=   0 [5]=   0 [6]=   0 [7]=   0 [8]=   0 [9]=   0 [10]=   0 [11]=   0 
after  (DPU 384) [0]= 107 [1]= 109 [2]= 110 [3]=   0 [4]=   0 [5]=   0 [6]=   0 [7]=   0 [8]=   0 [9]=   0 [10]=   0 [11]=   0 
before (DPU 385) [0]= 102 [1]=  99 [2]=  98 [3]=   0 [4]=   0 [5]=   0 [6]=   0 [7]=   0 [8]=   0 [9]=   0 [10]=   0 [11]=   0 
after  (DPU 385) [0]= 102 [1]=  99 [2]=  98 [3]=   0 [4]=   0 [5]=   0 [6]=   0 [7]=   0 [8]=   0 [9]=   0 [10]=   0 [11]=   0 
before (DPU 386) [0]= 107 [1]= 108 [2]= 107 [3]=   0 [4]=   0 [5]=   0 [6]=   0 [7]=   0 [8]=   0 [9]=   0 [10]=   0 [11]=   0 
after  (DPU 386) [0]= 107 [1]= 108 [2]= 107 [3]=   0 [4]=   0 [5]=   0 [6]=   0 [7]=   0 [8]=   0 [9]=   0 [10]=   0 [11]=   0 
before (DPU 387) [0]= 104 [1]= 122 [2]= 104 [3]=   0 [4]=   0 [5]=   0 [6]=   0 [7]=   0 [8]=   0 [9]=   0 [10]=   0 [11]=   0 
after  (DPU 387) [0]= 104 [1]= 122 [2]= 104 [3]=   0 [4]=   0 [5]=   0 [6]=   0 [7]=   0 [8]=   0 [9]=   0 [10]=   0 [11]=   0 
before (DPU 388) [0]= 121 [1]= 104 [2]= 117 [3]=   0 [4]=   0 [5]=   0 [6]=   0 [7]=   0 [8]=   0 [9]=   0 [10]=   0 [11]=   0 
after  (DPU 388) [0]= 121 [1]= 104 [2]= 117 [3]=   0 [4]=   0 [5]=   0 [6]=   0 [7]=   0 [8]=   0 [9]=   0 [10]=   0 [11]=   0 
before (DPU 389) [0]= 101 [1]= 123 [2]=  93 [3]=   0 [4]=   0 [5]=   0 [6]=   0 [7]=   0 [8]=   0 [9]=   0 [10]=   0 [11]=   0 
after  (DPU 389) [0]= 101 [1]= 123 [2]=  93 [3]=   0 [4]=   0 [5]=   0 [6]=   0 [7]=   0 [8]=   0 [9]=   0 [10]=   0 [11]=   0 
before (DPU 390) [0]=  91 [1]= 112 [2]= 100 [3]=   0 [4]=   0 [5]=   0 [6]=   0 [7]=   0 [8]=   0 [9]=   0 [10]=   0 [11]=   0 
after  (DPU 390) [0]=  91 [1]= 112 [2]= 100 [3]=   0 [4]=   0 [5]=   0 [6]=   0 [7]=   0 [8]=   0 [9]=   0 [10]=   0 [11]=   0 
before (DPU 391) [0]= 113 [1]= 104 [2]= 105 [3]=   0 [4]=   0 [5]=   0 [6]=   0 [7]=   0 [8]=   0 [9]=   0 [10]=   0 [11]=   0 
after  (DPU 391) [0]= 113 [1]= 104 [2]= 105 [3]=   0 [4]=   0 [5]=   0 [6]=   0 [7]=   0 [8]=   0 [9]=   0 [10]=   0 [11]=   0 
before (DPU 392) [0]=  96 [1]=  93 [2]= 105 [3]=   0 [4]=   0 [5]=   0 [6]=   0 [7]=   0 [8]=   0 [9]=   0 [10]=   0 [11]=   0 
after  (DPU 392) [0]=  96 [1]=  93 [2]= 105 [3]=   0 [4]=   0 [5]=   0 [6]=   0 [7]=   0 [8]=   0 [9]=   0 [10]=   0 [11]=   0 
before (DPU 393) [0]=  95 [1]= 102 [2]= 121 [3]=   0 [4]=   0 [5]=   0 [6]=   0 [7]=   0 [8]=   0 [9]=   0 [10]=   0 [11]=   0 
after  (DPU 393) [0]=  95 [1]= 102 [2]= 121 [3]=   0 [4]=   0 [5]=   0 [6]=   0 [7]=   0 [8]=   0 [9]=   0 [10]=   0 [11]=   0 
before (DPU 394) [0]= 111 [1]=  91 [2]= 104 [3]=   0 [4]=   0 [5]=   0 [6]=   0 [7]=   0 [8]=   0 [9]=   0 [10]=   0 [11]=   0 
after  (DPU 394) [0]= 111 [1]=  91 [2]= 104 [3]=   0 [4]=   0 [5]=   0 [6]=   0 [7]=   0 [8]=   0 [9]=   0 [10]=   0 [11]=   0 
before (DPU 395) [0]= 118 [1]=  89 [2]= 113 [3]=   0 [4]=   0 [5]=   0 [6]=   0 [7]=   0 [8]=   0 [9]=   0 [10]=   0 [11]=   0 
after  (DPU 395) [0]= 118 [1]=  89 [2]= 113 [3]=   0 [4]=   0 [5]=   0 [6]=   0 [7]=   0 [8]=   0 [9]=   0 [10]=   0 [11]=   0 
before (DPU 396) [0]=  92 [1]= 100 [2]= 111 [3]=   0 [4]=   0 [5]=   0 [6]=   0 [7]=   0 [8]=   0 [9]=   0 [10]=   0 [11]=   0 
after  (DPU 396) [0]=  92 [1]= 100 [2]= 111 [3]=   0 [4]=   0 [5]=   0 [6]=   0 [7]=   0 [8]=   0 [9]=   0 [10]=   0 [11]=   0 
before (DPU 397) [0]= 121 [1]=  91 [2]=  97 [3]=   0 [4]=   0 [5]=   0 [6]=   0 [7]=   0 [8]=   0 [9]=   0 [10]=   0 [11]=   0 
after  (DPU 397) [0]= 121 [1]=  91 [2]=  97 [3]=   0 [4]=   0 [5]=   0 [6]=   0 [7]=   0 [8]=   0 [9]=   0 [10]=   0 [11]=   0 
before (DPU 398) [0]=  99 [1]=  97 [2]= 116 [3]=   0 [4]=   0 [5]=   0 [6]=   0 [7]=   0 [8]=   0 [9]=   0 [10]=   0 [11]=   0 
after  (DPU 398) [0]=  99 [1]=  97 [2]= 116 [3]=   0 [4]=   0 [5]=   0 [6]=   0 [7]=   0 [8]=   0 [9]=   0 [10]=   0 [11]=   0 
before (DPU 399) [0]= 113 [1]= 113 [2]= 106 [3]=   0 [4]=   0 [5]=   0 [6]=   0 [7]=   0 [8]=   0 [9]=   0 [10]=   0 [11]=   0 
after  (DPU 399) [0]= 113 [1]= 113 [2]= 106 [3]=   0 [4]=   0 [5]=   0 [6]=   0 [7]=   0 [8]=   0 [9]=   0 [10]=   0 [11]=   0 
before (DPU 400) [0]= 100 [1]= 125 [2]=  90 [3]=   0 [4]=   0 [5]=   0 [6]=   0 [7]=   0 [8]=   0 [9]=   0 [10]=   0 [11]=   0 
after  (DPU 400) [0]= 100 [1]= 125 [2]=  90 [3]=   0 [4]=   0 [5]=   0 [6]=   0 [7]=   0 [8]=   0 [9]=   0 [10]=   0 [11]=   0 
before (DPU 401) [0]= 115 [1]=  96 [2]= 112 [3]=   0 [4]=   0 [5]=   0 [6]=   0 [7]=   0 [8]=   0 [9]=   0 [10]=   0 [11]=   0 
after  (DPU 401) [0]= 115 [1]=  96 [2]= 112 [3]=   0 [4]=   0 [5]=   0 [6]=   0 [7]=   0 [8]=   0 [9]=   0 [10]=   0 [11]=   0 
before (DPU 402) [0]=  79 [1]=  87 [2]=  86 [3]=   0 [4]=   0 [5]=   0 [6]=   0 [7]=   0 [8]=   0 [9]=   0 [10]=   0 [11]=   0 
after  (DPU 402) [0]=  79 [1]=  87 [2]=  86 [3]=   0 [4]=   0 [5]=   0 [6]=   0 [7]=   0 [8]=   0 [9]=   0 [10]=   0 [11]=   0 
before (DPU 403) [0]=  96 [1]=  94 [2]=  96 [3]=   0 [4]=   0 [5]=   0 [6]=   0 [7]=   0 [8]=   0 [9]=   0 [10]=   0 [11]=   0 
after  (DPU 403) [0]=  96 [1]=  94 [2]=  96 [3]=   0 [4]=   0 [5]=   0 [6]=   0 [7]=   0 [8]=   0 [9]=   0 [10]=   0 [11]=   0 
before (DPU 404) [0]= 111 [1]=  94 [2]= 100 [3]=   0 [4]=   0 [5]=   0 [6]=   0 [7]=   0 [8]=   0 [9]=   0 [10]=   0 [11]=   0 
after  (DPU 404) [0]= 111 [1]=  94 [2]= 100 [3]=   0 [4]=   0 [5]=   0 [6]=   0 [7]=   0 [8]=   0 [9]=   0 [10]=   0 [11]=   0 
before (DPU 405) [0]= 105 [1]=  91 [2]=  88 [3]=   0 [4]=   0 [5]=   0 [6]=   0 [7]=   0 [8]=   0 [9]=   0 [10]=   0 [11]=   0 
after  (DPU 405) [0]= 105 [1]=  91 [2]=  88 [3]=   0 [4]=   0 [5]=   0 [6]=   0 [7]=   0 [8]=   0 [9]=   0 [10]=   0 [11]=   0 
before (DPU 406) [0]= 118 [1]=  85 [2]= 101 [3]=   0 [4]=   0 [5]=   0 [6]=   0 [7]=   0 [8]=   0 [9]=   0 [10]=   0 [11]=   0 
after  (DPU 406) [0]= 118 [1]=  85 [2]= 101 [3]=   0 [4]=   0 [5]=   0 [6]=   0 [7]=   0 [8]=   0 [9]=   0 [10]=   0 [11]=   0 
before (DPU 407) [0]=  99 [1]= 113 [2]=  89 [3]=   0 [4]=   0 [5]=   0 [6]=   0 [7]=   0 [8]=   0 [9]=   0 [10]=   0 [11]=   0 
after  (DPU 407) [0]=  99 [1]= 113 [2]=  89 [3]=   0 [4]=   0 [5]=   0 [6]=   0 [7]=   0 [8]=   0 [9]=   0 [10]=   0 [11]=   0 
before (DPU 408) [0]= 109 [1]=  98 [2]=  95 [3]=   0 [4]=   0 [5]=   0 [6]=   0 [7]=   0 [8]=   0 [9]=   0 [10]=   0 [11]=   0 
after  (DPU 408) [0]= 109 [1]=  98 [2]=  95 [3]=   0 [4]=   0 [5]=   0 [6]=   0 [7]=   0 [8]=   0 [9]=   0 [10]=   0 [11]=   0 
before (DPU 409) [0]=  79 [1]=  94 [2]= 101 [3]=   0 [4]=   0 [5]=   0 [6]=   0 [7]=   0 [8]=   0 [9]=   0 [10]=   0 [11]=   0 
after  (DPU 409) [0]=  79 [1]=  94 [2]= 101 [3]=   0 [4]=   0 [5]=   0 [6]=   0 [7]=   0 [8]=   0 [9]=   0 [10]=   0 [11]=   0 
before (DPU 410) [0]=  99 [1]= 110 [2]= 104 [3]=   0 [4]=   0 [5]=   0 [6]=   0 [7]=   0 [8]=   0 [9]=   0 [10]=   0 [11]=   0 
after  (DPU 410) [0]=  99 [1]= 110 [2]= 104 [3]=   0 [4]=   0 [5]=   0 [6]=   0 [7]=   0 [8]=   0 [9]=   0 [10]=   0 [11]=   0 
before (DPU 411) [0]=  96 [1]=  98 [2]=  90 [3]=   0 [4]=   0 [5]=   0 [6]=   0 [7]=   0 [8]=   0 [9]=   0 [10]=   0 [11]=   0 
after  (DPU 411) [0]=  96 [1]=  98 [2]=  90 [3]=   0 [4]=   0 [5]=   0 [6]=   0 [7]=   0 [8]=   0 [9]=   0 [10]=   0 [11]=   0 
before (DPU 412) [0]= 104 [1]=  94 [2]= 105 [3]=   0 [4]=   0 [5]=   0 [6]=   0 [7]=   0 [8]=   0 [9]=   0 [10]=   0 [11]=   0 
after  (DPU 412) [0]= 104 [1]=  94 [2]= 105 [3]=   0 [4]=   0 [5]=   0 [6]=   0 [7]=   0 [8]=   0 [9]=   0 [10]=   0 [11]=   0 
before (DPU 413) [0]= 101 [1]=  85 [2]= 100 [3]=   0 [4]=   0 [5]=   0 [6]=   0 [7]=   0 [8]=   0 [9]=   0 [10]=   0 [11]=   0 
after  (DPU 413) [0]= 101 [1]=  85 [2]= 100 [3]=   0 [4]=   0 [5]=   0 [6]=   0 [7]=   0 [8]=   0 [9]=   0 [10]=   0 [11]=   0 
before (DPU 414) [0]=  92 [1]=  95 [2]= 108 [3]=   0 [4]=   0 [5]=   0 [6]=   0 [7]=   0 [8]=   0 [9]=   0 [10]=   0 [11]=   0 
after  (DPU 414) [0]=  92 [1]=  95 [2]= 108 [3]=   0 [4]=   0 [5]=   0 [6]=   0 [7]=   0 [8]=   0 [9]=   0 [10]=   0 [11]=   0 
before (DPU 415) [0]= 106 [1]= 109 [2]=  98 [3]=   0 [4]=   0 [5]=   0 [6]=   0 [7]=   0 [8]=   0 [9]=   0 [10]=   0 [11]=   0 
after  (DPU 415) [0]= 106 [1]= 109 [2]=  98 [3]=   0 [4]=   0 [5]=   0 [6]=   0 [7]=   0 [8]=   0 [9]=   0 [10]=   0 [11]=   0 
before (DPU 416) [0]=  75 [1]= 109 [2]= 115 [3]=   0 [4]=   0 [5]=   0 [6]=   0 [7]=   0 [8]=   0 [9]=   0 [10]=   0 [11]=   0 
after  (DPU 416) [0]=  75 [1]= 109 [2]= 115 [3]=   0 [4]=   0 [5]=   0 [6]=   0 [7]=   0 [8]=   0 [9]=   0 [10]=   0 [11]=   0 
before (DPU 417) [0]=  95 [1]=  94 [2]=  99 [3]=   0 [4]=   0 [5]=   0 [6]=   0 [7]=   0 [8]=   0 [9]=   0 [10]=   0 [11]=   0 
after  (DPU 417) [0]=  95 [1]=  94 [2]=  99 [3]=   0 [4]=   0 [5]=   0 [6]=   0 [7]=   0 [8]=   0 [9]=   0 [10]=   0 [11]=   0 
before (DPU 418) [0]=  86 [1]=  92 [2]= 107 [3]=   0 [4]=   0 [5]=   0 [6]=   0 [7]=   0 [8]=   0 [9]=   0 [10]=   0 [11]=   0 
after  (DPU 418) [0]=  86 [1]=  92 [2]= 107 [3]=   0 [4]=   0 [5]=   0 [6]=   0 [7]=   0 [8]=   0 [9]=   0 [10]=   0 [11]=   0 
before (DPU 419) [0]= 104 [1]=  92 [2]= 116 [3]=   0 [4]=   0 [5]=   0 [6]=   0 [7]=   0 [8]=   0 [9]=   0 [10]=   0 [11]=   0 
after  (DPU 419) [0]= 104 [1]=  92 [2]= 116 [3]=   0 [4]=   0 [5]=   0 [6]=   0 [7]=   0 [8]=   0 [9]=   0 [10]=   0 [11]=   0 
before (DPU 420) [0]=  86 [1]=  80 [2]=  99 [3]=   0 [4]=   0 [5]=   0 [6]=   0 [7]=   0 [8]=   0 [9]=   0 [10]=   0 [11]=   0 
after  (DPU 420) [0]=  86 [1]=  80 [2]=  99 [3]=   0 [4]=   0 [5]=   0 [6]=   0 [7]=   0 [8]=   0 [9]=   0 [10]=   0 [11]=   0 
before (DPU 421) [0]=  97 [1]=  78 [2]=  97 [3]=   0 [4]=   0 [5]=   0 [6]=   0 [7]=   0 [8]=   0 [9]=   0 [10]=   0 [11]=   0 
after  (DPU 421) [0]=  97 [1]=  78 [2]=  97 [3]=   0 [4]=   0 [5]=   0 [6]=   0 [7]=   0 [8]=   0 [9]=   0 [10]=   0 [11]=   0 
before (DPU 422) [0]=  96 [1]=  91 [2]= 105 [3]=   0 [4]=   0 [5]=   0 [6]=   0 [7]=   0 [8]=   0 [9]=   0 [10]=   0 [11]=   0 
after  (DPU 422) [0]=  96 [1]=  91 [2]= 105 [3]=   0 [4]=   0 [5]=   0 [6]=   0 [7]=   0 [8]=   0 [9]=   0 [10]=   0 [11]=   0 
before (DPU 423) [0]=  88 [1]= 104 [2]=  87 [3]=   0 [4]=   0 [5]=   0 [6]=   0 [7]=   0 [8]=   0 [9]=   0 [10]=   0 [11]=   0 
after  (DPU 423) [0]=  88 [1]= 104 [2]=  87 [3]=   0 [4]=   0 [5]=   0 [6]=   0 [7]=   0 [8]=   0 [9]=   0 [10]=   0 [11]=   0 
before (DPU 424) [0]=  87 [1]=  87 [2]=  82 [3]=   0 [4]=   0 [5]=   0 [6]=   0 [7]=   0 [8]=   0 [9]=   0 [10]=   0 [11]=   0 
after  (DPU 424) [0]=  87 [1]=  87 [2]=  82 [3]=   0 [4]=   0 [5]=   0 [6]=   0 [7]=   0 [8]=   0 [9]=   0 [10]=   0 [11]=   0 
before (DPU 425) [0]=  98 [1]=  89 [2]= 102 [3]=   0 [4]=   0 [5]=   0 [6]=   0 [7]=   0 [8]=   0 [9]=   0 [10]=   0 [11]=   0 
after  (DPU 425) [0]=  98 [1]=  89 [2]= 102 [3]=   0 [4]=   0 [5]=   0 [6]=   0 [7]=   0 [8]=   0 [9]=   0 [10]=   0 [11]=   0 
before (DPU 426) [0]=  99 [1]=  75 [2]= 106 [3]=   0 [4]=   0 [5]=   0 [6]=   0 [7]=   0 [8]=   0 [9]=   0 [10]=   0 [11]=   0 
after  (DPU 426) [0]=  99 [1]=  75 [2]= 106 [3]=   0 [4]=   0 [5]=   0 [6]=   0 [7]=   0 [8]=   0 [9]=   0 [10]=   0 [11]=   0 
before (DPU 427) [0]= 103 [1]=  96 [2]= 104 [3]=   0 [4]=   0 [5]=   0 [6]=   0 [7]=   0 [8]=   0 [9]=   0 [10]=   0 [11]=   0 
after  (DPU 427) [0]= 103 [1]=  96 [2]= 104 [3]=   0 [4]=   0 [5]=   0 [6]=   0 [7]=   0 [8]=   0 [9]=   0 [10]=   0 [11]=   0 
before (DPU 428) [0]=  96 [1]=  81 [2]=  98 [3]=   0 [4]=   0 [5]=   0 [6]=   0 [7]=   0 [8]=   0 [9]=   0 [10]=   0 [11]=   0 
after  (DPU 428) [0]=  96 [1]=  81 [2]=  98 [3]=   0 [4]=   0 [5]=   0 [6]=   0 [7]=   0 [8]=   0 [9]=   0 [10]=   0 [11]=   0 
before (DPU 429) [0]=  85 [1]= 108 [2]=  91 [3]=   0 [4]=   0 [5]=   0 [6]=   0 [7]=   0 [8]=   0 [9]=   0 [10]=   0 [11]=   0 
after  (DPU 429) [0]=  85 [1]= 108 [2]=  91 [3]=   0 [4]=   0 [5]=   0 [6]=   0 [7]=   0 [8]=   0 [9]=   0 [10]=   0 [11]=   0 
before (DPU 430) [0]=  89 [1]=  98 [2]=  97 [3]=   0 [4]=   0 [5]=   0 [6]=   0 [7]=   0 [8]=   0 [9]=   0 [10]=   0 [11]=   0 
after  (DPU 430) [0]=  89 [1]=  98 [2]=  97 [3]=   0 [4]=   0 [5]=   0 [6]=   0 [7]=   0 [8]=   0 [9]=   0 [10]=   0 [11]=   0 
before (DPU 431) [0]= 104 [1]= 101 [2]=  96 [3]=   0 [4]=   0 [5]=   0 [6]=   0 [7]=   0 [8]=   0 [9]=   0 [10]=   0 [11]=   0 
after  (DPU 431) [0]= 104 [1]= 101 [2]=  96 [3]=   0 [4]=   0 [5]=   0 [6]=   0 [7]=   0 [8]=   0 [9]=   0 [10]=   0 [11]=   0 
before (DPU 432) [0]= 105 [1]=  98 [2]=  88 [3]=   0 [4]=   0 [5]=   0 [6]=   0 [7]=   0 [8]=   0 [9]=   0 [10]=   0 [11]=   0 
after  (DPU 432) [0]= 105 [1]=  98 [2]=  88 [3]=   0 [4]=   0 [5]=   0 [6]=   0 [7]=   0 [8]=   0 [9]=   0 [10]=   0 [11]=   0 
before (DPU 433) [0]=  96 [1]=  89 [2]=  92 [3]=   0 [4]=   0 [5]=   0 [6]=   0 [7]=   0 [8]=   0 [9]=   0 [10]=   0 [11]=   0 
after  (DPU 433) [0]=  96 [1]=  89 [2]=  92 [3]=   0 [4]=   0 [5]=   0 [6]=   0 [7]=   0 [8]=   0 [9]=   0 [10]=   0 [11]=   0 
before (DPU 434) [0]=  95 [1]=  98 [2]=  92 [3]=   0 [4]=   0 [5]=   0 [6]=   0 [7]=   0 [8]=   0 [9]=   0 [10]=   0 [11]=   0 
after  (DPU 434) [0]=  95 [1]=  98 [2]=  92 [3]=   0 [4]=   0 [5]=   0 [6]=   0 [7]=   0 [8]=   0 [9]=   0 [10]=   0 [11]=   0 
before (DPU 435) [0]=  78 [1]=  90 [2]=  89 [3]=   0 [4]=   0 [5]=   0 [6]=   0 [7]=   0 [8]=   0 [9]=   0 [10]=   0 [11]=   0 
after  (DPU 435) [0]=  78 [1]=  90 [2]=  89 [3]=   0 [4]=   0 [5]=   0 [6]=   0 [7]=   0 [8]=   0 [9]=   0 [10]=   0 [11]=   0 
before (DPU 436) [0]=  97 [1]= 113 [2]= 101 [3]=   0 [4]=   0 [5]=   0 [6]=   0 [7]=   0 [8]=   0 [9]=   0 [10]=   0 [11]=   0 
after  (DPU 436) [0]=  97 [1]= 113 [2]= 101 [3]=   0 [4]=   0 [5]=   0 [6]=   0 [7]=   0 [8]=   0 [9]=   0 [10]=   0 [11]=   0 
before (DPU 437) [0]= 108 [1]=  97 [2]=  92 [3]=   0 [4]=   0 [5]=   0 [6]=   0 [7]=   0 [8]=   0 [9]=   0 [10]=   0 [11]=   0 
after  (DPU 437) [0]= 108 [1]=  97 [2]=  92 [3]=   0 [4]=   0 [5]=   0 [6]=   0 [7]=   0 [8]=   0 [9]=   0 [10]=   0 [11]=   0 
before (DPU 438) [0]= 108 [1]= 106 [2]=  97 [3]=   0 [4]=   0 [5]=   0 [6]=   0 [7]=   0 [8]=   0 [9]=   0 [10]=   0 [11]=   0 
after  (DPU 438) [0]= 108 [1]= 106 [2]=  97 [3]=   0 [4]=   0 [5]=   0 [6]=   0 [7]=   0 [8]=   0 [9]=   0 [10]=   0 [11]=   0 
before (DPU 439) [0]=  97 [1]= 103 [2]=  96 [3]=   0 [4]=   0 [5]=   0 [6]=   0 [7]=   0 [8]=   0 [9]=   0 [10]=   0 [11]=   0 
after  (DPU 439) [0]=  97 [1]= 103 [2]=  96 [3]=   0 [4]=   0 [5]=   0 [6]=   0 [7]=   0 [8]=   0 [9]=   0 [10]=   0 [11]=   0 
before (DPU 440) [0]= 100 [1]=  94 [2]= 102 [3]=   0 [4]=   0 [5]=   0 [6]=   0 [7]=   0 [8]=   0 [9]=   0 [10]=   0 [11]=   0 
after  (DPU 440) [0]= 100 [1]=  94 [2]= 102 [3]=   0 [4]=   0 [5]=   0 [6]=   0 [7]=   0 [8]=   0 [9]=   0 [10]=   0 [11]=   0 
before (DPU 441) [0]= 109 [1]=  94 [2]=  87 [3]=   0 [4]=   0 [5]=   0 [6]=   0 [7]=   0 [8]=   0 [9]=   0 [10]=   0 [11]=   0 
after  (DPU 441) [0]= 109 [1]=  94 [2]=  87 [3]=   0 [4]=   0 [5]=   0 [6]=   0 [7]=   0 [8]=   0 [9]=   0 [10]=   0 [11]=   0 
before (DPU 442) [0]=  77 [1]= 103 [2]=  80 [3]=   0 [4]=   0 [5]=   0 [6]=   0 [7]=   0 [8]=   0 [9]=   0 [10]=   0 [11]=   0 
after  (DPU 442) [0]=  77 [1]= 103 [2]=  80 [3]=   0 [4]=   0 [5]=   0 [6]=   0 [7]=   0 [8]=   0 [9]=   0 [10]=   0 [11]=   0 
before (DPU 443) [0]=  85 [1]= 106 [2]= 105 [3]=   0 [4]=   0 [5]=   0 [6]=   0 [7]=   0 [8]=   0 [9]=   0 [10]=   0 [11]=   0 
after  (DPU 443) [0]=  85 [1]= 106 [2]= 105 [3]=   0 [4]=   0 [5]=   0 [6]=   0 [7]=   0 [8]=   0 [9]=   0 [10]=   0 [11]=   0 
before (DPU 444) [0]= 108 [1]=  88 [2]=  87 [3]=   0 [4]=   0 [5]=   0 [6]=   0 [7]=   0 [8]=   0 [9]=   0 [10]=   0 [11]=   0 
after  (DPU 444) [0]= 108 [1]=  88 [2]=  87 [3]=   0 [4]=   0 [5]=   0 [6]=   0 [7]=   0 [8]=   0 [9]=   0 [10]=   0 [11]=   0 
before (DPU 445) [0]=  85 [1]=  84 [2]=  96 [3]=   0 [4]=   0 [5]=   0 [6]=   0 [7]=   0 [8]=   0 [9]=   0 [10]=   0 [11]=   0 
after  (DPU 445) [0]=  85 [1]=  84 [2]=  96 [3]=   0 [4]=   0 [5]=   0 [6]=   0 [7]=   0 [8]=   0 [9]=   0 [10]=   0 [11]=   0 
before (DPU 446) [0]=  70 [1]=  81 [2]=  70 [3]=   0 [4]=   0 [5]=   0 [6]=   0 [7]=   0 [8]=   0 [9]=   0 [10]=   0 [11]=   0 
after  (DPU 446) [0]=  70 [1]=  81 [2]=  70 [3]=138781 [4]=   0 [5]=   0 [6]=   0 [7]=   0 [8]=   0 [9]=   0 [10]=   0 [11]=   0 
before (DPU 447) [0]=  79 [1]=  87 [2]=  99 [3]=   0 [4]=   0 [5]=   0 [6]=   0 [7]=   0 [8]=   0 [9]=   0 [10]=   0 [11]=   0 
after  (DPU 447) [0]=  79 [1]=  87 [2]=  99 [3]=   0 [4]=   0 [5]=   0 [6]=   0 [7]=   0 [8]=   0 [9]=   0 [10]=   0 [11]=   0 
before (DPU 448) [0]=  93 [1]=  81 [2]= 101 [3]=   0 [4]=   0 [5]=   0 [6]=   0 [7]=   0 [8]=   0 [9]=   0 [10]=   0 [11]=   0 
after  (DPU 448) [0]=  93 [1]=  81 [2]= 101 [3]=   0 [4]=   0 [5]=   0 [6]=   0 [7]=   0 [8]=   0 [9]=   0 [10]=   0 [11]=   0 
before (DPU 449) [0]=  79 [1]=  99 [2]=  95 [3]=   0 [4]=   0 [5]=   0 [6]=   0 [7]=   0 [8]=   0 [9]=   0 [10]=   0 [11]=   0 
after  (DPU 449) [0]=  79 [1]=  99 [2]=  95 [3]=   0 [4]=   0 [5]=   0 [6]=   0 [7]=   0 [8]=   0 [9]=   0 [10]=   0 [11]=   0 
before (DPU 450) [0]=  86 [1]=  89 [2]=  96 [3]=   0 [4]=   0 [5]=   0 [6]=   0 [7]=   0 [8]=   0 [9]=   0 [10]=   0 [11]=   0 
after  (DPU 450) [0]=  86 [1]=  89 [2]=  96 [3]=   0 [4]=   0 [5]=   0 [6]=   0 [7]=   0 [8]=   0 [9]=   0 [10]=   0 [11]=   0 
before (DPU 451) [0]=  87 [1]= 101 [2]=  73 [3]=   0 [4]=   0 [5]=   0 [6]=   0 [7]=   0 [8]=   0 [9]=   0 [10]=   0 [11]=   0 
after  (DPU 451) [0]=  87 [1]= 101 [2]=  73 [3]=   0 [4]=   0 [5]=   0 [6]=   0 [7]=   0 [8]=   0 [9]=   0 [10]=   0 [11]=   0 
before (DPU 452) [0]=  83 [1]=  96 [2]=  82 [3]=   0 [4]=   0 [5]=   0 [6]=   0 [7]=   0 [8]=   0 [9]=   0 [10]=   0 [11]=   0 
after  (DPU 452) [0]=  83 [1]=  96 [2]=  82 [3]=   0 [4]=   0 [5]=   0 [6]=   0 [7]=   0 [8]=   0 [9]=   0 [10]=   0 [11]=   0 
before (DPU 453) [0]=  73 [1]=  84 [2]= 106 [3]=   0 [4]=   0 [5]=   0 [6]=   0 [7]=   0 [8]=   0 [9]=   0 [10]=   0 [11]=   0 
after  (DPU 453) [0]=  73 [1]=  84 [2]= 106 [3]=   0 [4]=   0 [5]=   0 [6]=   0 [7]=   0 [8]=   0 [9]=   0 [10]=   0 [11]=   0 
before (DPU 454) [0]=  91 [1]=  85 [2]=  89 [3]=   0 [4]=   0 [5]=   0 [6]=   0 [7]=   0 [8]=   0 [9]=   0 [10]=   0 [11]=   0 
after  (DPU 454) [0]=  91 [1]=  85 [2]=  89 [3]=   0 [4]=   0 [5]=   0 [6]=   0 [7]=   0 [8]=   0 [9]=   0 [10]=   0 [11]=   0 
before (DPU 455) [0]=  90 [1]= 100 [2]=  99 [3]=   0 [4]=   0 [5]=   0 [6]=   0 [7]=   0 [8]=   0 [9]=   0 [10]=   0 [11]=   0 
after  (DPU 455) [0]=  90 [1]= 100 [2]=  99 [3]=   0 [4]=   0 [5]=   0 [6]=   0 [7]=   0 [8]=   0 [9]=   0 [10]=   0 [11]=   0 
before (DPU 456) [0]=  73 [1]=  85 [2]=  87 [3]=   0 [4]=   0 [5]=   0 [6]=   0 [7]=   0 [8]=   0 [9]=   0 [10]=   0 [11]=   0 
after  (DPU 456) [0]=  73 [1]=  85 [2]=  87 [3]=   0 [4]=   0 [5]=   0 [6]=   0 [7]=   0 [8]=   0 [9]=   0 [10]=   0 [11]=   0 
before (DPU 457) [0]=  83 [1]=  99 [2]=  79 [3]=   0 [4]=   0 [5]=   0 [6]=   0 [7]=   0 [8]=   0 [9]=   0 [10]=   0 [11]=   0 
after  (DPU 457) [0]=  83 [1]=  99 [2]=  79 [3]=   0 [4]=   0 [5]=   0 [6]=   0 [7]=   0 [8]=   0 [9]=   0 [10]=   0 [11]=   0 
before (DPU 458) [0]=  73 [1]=  98 [2]=  97 [3]=   0 [4]=   0 [5]=   0 [6]=   0 [7]=   0 [8]=   0 [9]=   0 [10]=   0 [11]=   0 
after  (DPU 458) [0]=  73 [1]=  98 [2]=  97 [3]=   0 [4]=   0 [5]=   0 [6]=   0 [7]=   0 [8]=   0 [9]=   0 [10]=   0 [11]=   0 
before (DPU 459) [0]=  73 [1]=  78 [2]=  78 [3]=   0 [4]=   0 [5]=   0 [6]=   0 [7]=   0 [8]=   0 [9]=   0 [10]=   0 [11]=   0 
after  (DPU 459) [0]=  73 [1]=  78 [2]=  78 [3]=12408 [4]=   0 [5]=   0 [6]=   0 [7]=   0 [8]=   0 [9]=   0 [10]=   0 [11]=   0 
before (DPU 460) [0]=  74 [1]=  96 [2]=  77 [3]=   0 [4]=   0 [5]=   0 [6]=   0 [7]=   0 [8]=   0 [9]=   0 [10]=   0 [11]=   0 
after  (DPU 460) [0]=  74 [1]=  96 [2]=  77 [3]=   0 [4]=   0 [5]=   0 [6]=   0 [7]=   0 [8]=   0 [9]=   0 [10]=   0 [11]=   0 
before (DPU 461) [0]=  79 [1]=  93 [2]= 114 [3]=   0 [4]=   0 [5]=   0 [6]=   0 [7]=   0 [8]=   0 [9]=   0 [10]=   0 [11]=   0 
after  (DPU 461) [0]=  79 [1]=  93 [2]= 114 [3]=   0 [4]=   0 [5]=   0 [6]=   0 [7]=   0 [8]=   0 [9]=   0 [10]=   0 [11]=   0 
before (DPU 462) [0]=  85 [1]=  94 [2]=  95 [3]=   0 [4]=   0 [5]=   0 [6]=   0 [7]=   0 [8]=   0 [9]=   0 [10]=   0 [11]=   0 
after  (DPU 462) [0]=  85 [1]=  94 [2]=  95 [3]=   0 [4]=   0 [5]=   0 [6]=   0 [7]=   0 [8]=   0 [9]=   0 [10]=   0 [11]=   0 
before (DPU 463) [0]=  79 [1]=  79 [2]=  88 [3]=   0 [4]=   0 [5]=   0 [6]=   0 [7]=   0 [8]=   0 [9]=   0 [10]=   0 [11]=   0 
after  (DPU 463) [0]=  79 [1]=  79 [2]=  88 [3]=   0 [4]=   0 [5]=   0 [6]=   0 [7]=   0 [8]=   0 [9]=   0 [10]=   0 [11]=   0 
before (DPU 464) [0]=  93 [1]=  80 [2]=  96 [3]=   0 [4]=   0 [5]=   0 [6]=   0 [7]=   0 [8]=   0 [9]=   0 [10]=   0 [11]=   0 
after  (DPU 464) [0]=  93 [1]=  80 [2]=  96 [3]=   0 [4]=   0 [5]=   0 [6]=   0 [7]=   0 [8]=   0 [9]=   0 [10]=   0 [11]=   0 
before (DPU 465) [0]=  97 [1]=  81 [2]=  82 [3]=   0 [4]=   0 [5]=   0 [6]=   0 [7]=   0 [8]=   0 [9]=   0 [10]=   0 [11]=   0 
after  (DPU 465) [0]=  97 [1]=  81 [2]=  82 [3]=   0 [4]=   0 [5]=   0 [6]=   0 [7]=   0 [8]=   0 [9]=   0 [10]=   0 [11]=   0 
before (DPU 466) [0]=  80 [1]=  77 [2]=  91 [3]=   0 [4]=   0 [5]=   0 [6]=   0 [7]=   0 [8]=   0 [9]=   0 [10]=   0 [11]=   0 
after  (DPU 466) [0]=  80 [1]=  77 [2]=  91 [3]=   0 [4]=   0 [5]=   0 [6]=   0 [7]=   0 [8]=   0 [9]=   0 [10]=   0 [11]=   0 
before (DPU 467) [0]=  86 [1]=  85 [2]=  87 [3]=   0 [4]=   0 [5]=   0 [6]=   0 [7]=   0 [8]=   0 [9]=   0 [10]=   0 [11]=   0 
after  (DPU 467) [0]=  86 [1]=  85 [2]=  87 [3]=   0 [4]=   0 [5]=   0 [6]=   0 [7]=   0 [8]=   0 [9]=   0 [10]=   0 [11]=   0 
before (DPU 468) [0]=  78 [1]=  93 [2]=  85 [3]=   0 [4]=   0 [5]=   0 [6]=   0 [7]=   0 [8]=   0 [9]=   0 [10]=   0 [11]=   0 
after  (DPU 468) [0]=  78 [1]=  93 [2]=  85 [3]=   0 [4]=   0 [5]=   0 [6]=   0 [7]=   0 [8]=   0 [9]=   0 [10]=   0 [11]=   0 
before (DPU 469) [0]=  79 [1]=  96 [2]=  97 [3]=   0 [4]=   0 [5]=   0 [6]=   0 [7]=   0 [8]=   0 [9]=   0 [10]=   0 [11]=   0 
after  (DPU 469) [0]=  79 [1]=  96 [2]=  97 [3]=   0 [4]=   0 [5]=   0 [6]=   0 [7]=   0 [8]=   0 [9]=   0 [10]=   0 [11]=   0 
before (DPU 470) [0]=  61 [1]=  87 [2]=  80 [3]=   0 [4]=   0 [5]=   0 [6]=   0 [7]=   0 [8]=   0 [9]=   0 [10]=   0 [11]=   0 
after  (DPU 470) [0]=  61 [1]=  87 [2]=  80 [3]=17997 [4]=   0 [5]=   0 [6]=   0 [7]=   0 [8]=   0 [9]=   0 [10]=   0 [11]=   0 
before (DPU 471) [0]=  84 [1]=  83 [2]=  93 [3]=   0 [4]=   0 [5]=   0 [6]=   0 [7]=   0 [8]=   0 [9]=   0 [10]=   0 [11]=   0 
after  (DPU 471) [0]=  84 [1]=  83 [2]=  93 [3]=   0 [4]=   0 [5]=   0 [6]=   0 [7]=   0 [8]=   0 [9]=   0 [10]=   0 [11]=   0 
before (DPU 472) [0]=  82 [1]=  92 [2]=  82 [3]=   0 [4]=   0 [5]=   0 [6]=   0 [7]=   0 [8]=   0 [9]=   0 [10]=   0 [11]=   0 
after  (DPU 472) [0]=  82 [1]=  92 [2]=  82 [3]=   0 [4]=   0 [5]=   0 [6]=   0 [7]=   0 [8]=   0 [9]=   0 [10]=   0 [11]=   0 
before (DPU 473) [0]= 106 [1]=  90 [2]=  85 [3]=   0 [4]=   0 [5]=   0 [6]=   0 [7]=   0 [8]=   0 [9]=   0 [10]=   0 [11]=   0 
after  (DPU 473) [0]= 106 [1]=  90 [2]=  85 [3]=   0 [4]=   0 [5]=   0 [6]=   0 [7]=   0 [8]=   0 [9]=   0 [10]=   0 [11]=   0 
before (DPU 474) [0]=  94 [1]=  84 [2]= 111 [3]=   0 [4]=   0 [5]=   0 [6]=   0 [7]=   0 [8]=   0 [9]=   0 [10]=   0 [11]=   0 
after  (DPU 474) [0]=  94 [1]=  84 [2]= 111 [3]=   0 [4]=   0 [5]=   0 [6]=   0 [7]=   0 [8]=   0 [9]=   0 [10]=   0 [11]=   0 
before (DPU 475) [0]=  78 [1]=  77 [2]=  83 [3]=   0 [4]=   0 [5]=   0 [6]=   0 [7]=   0 [8]=   0 [9]=   0 [10]=   0 [11]=   0 
after  (DPU 475) [0]=  78 [1]=  77 [2]=  83 [3]=   0 [4]=   0 [5]=   0 [6]=   0 [7]=   0 [8]=   0 [9]=   0 [10]=   0 [11]=   0 
before (DPU 476) [0]=  77 [1]=  91 [2]=  81 [3]=   0 [4]=   0 [5]=   0 [6]=   0 [7]=   0 [8]=   0 [9]=   0 [10]=   0 [11]=   0 
after  (DPU 476) [0]=  77 [1]=  91 [2]=  81 [3]=   0 [4]=   0 [5]=   0 [6]=   0 [7]=   0 [8]=   0 [9]=   0 [10]=   0 [11]=   0 
before (DPU 477) [0]=  96 [1]=  75 [2]=  71 [3]=   0 [4]=   0 [5]=   0 [6]=   0 [7]=   0 [8]=   0 [9]=   0 [10]=   0 [11]=   0 
after  (DPU 477) [0]=  96 [1]=  75 [2]=  71 [3]=   0 [4]=   0 [5]=   0 [6]=   0 [7]=   0 [8]=   0 [9]=   0 [10]=   0 [11]=   0 
before (DPU 478) [0]=  79 [1]=  81 [2]=  87 [3]=   0 [4]=   0 [5]=   0 [6]=   0 [7]=   0 [8]=   0 [9]=   0 [10]=   0 [11]=   0 
after  (DPU 478) [0]=  79 [1]=  81 [2]=  87 [3]=   0 [4]=   0 [5]=   0 [6]=   0 [7]=   0 [8]=   0 [9]=   0 [10]=   0 [11]=   0 
before (DPU 479) [0]=  80 [1]=  97 [2]=  73 [3]=   0 [4]=   0 [5]=   0 [6]=   0 [7]=   0 [8]=   0 [9]=   0 [10]=   0 [11]=   0 
after  (DPU 479) [0]=  80 [1]=  97 [2]=  73 [3]=   0 [4]=   0 [5]=   0 [6]=   0 [7]=   0 [8]=   0 [9]=   0 [10]=   0 [11]=   0 
before (DPU 480) [0]=  87 [1]=  90 [2]=  82 [3]=   0 [4]=   0 [5]=   0 [6]=   0 [7]=   0 [8]=   0 [9]=   0 [10]=   0 [11]=   0 
after  (DPU 480) [0]=  87 [1]=  90 [2]=  82 [3]=   0 [4]=   0 [5]=   0 [6]=   0 [7]=   0 [8]=   0 [9]=   0 [10]=   0 [11]=   0 
before (DPU 481) [0]=  72 [1]=  77 [2]=  76 [3]=   0 [4]=   0 [5]=   0 [6]=   0 [7]=   0 [8]=   0 [9]=   0 [10]=   0 [11]=   0 
after  (DPU 481) [0]=  72 [1]=  77 [2]=  76 [3]=33141 [4]=   0 [5]=   0 [6]=   0 [7]=   0 [8]=   0 [9]=   0 [10]=   0 [11]=   0 
before (DPU 482) [0]=  86 [1]= 100 [2]=  80 [3]=   0 [4]=   0 [5]=   0 [6]=   0 [7]=   0 [8]=   0 [9]=   0 [10]=   0 [11]=   0 
after  (DPU 482) [0]=  86 [1]= 100 [2]=  80 [3]=   0 [4]=   0 [5]=   0 [6]=   0 [7]=   0 [8]=   0 [9]=   0 [10]=   0 [11]=   0 
before (DPU 483) [0]=  99 [1]=  84 [2]=  87 [3]=   0 [4]=   0 [5]=   0 [6]=   0 [7]=   0 [8]=   0 [9]=   0 [10]=   0 [11]=   0 
after  (DPU 483) [0]=  99 [1]=  84 [2]=  87 [3]=   0 [4]=   0 [5]=   0 [6]=   0 [7]=   0 [8]=   0 [9]=   0 [10]=   0 [11]=   0 
before (DPU 484) [0]=  82 [1]=  80 [2]=  83 [3]=   0 [4]=   0 [5]=   0 [6]=   0 [7]=   0 [8]=   0 [9]=   0 [10]=   0 [11]=   0 
after  (DPU 484) [0]=  82 [1]=  80 [2]=  83 [3]=   0 [4]=   0 [5]=   0 [6]=   0 [7]=   0 [8]=   0 [9]=   0 [10]=   0 [11]=   0 
before (DPU 485) [0]=  67 [1]=  94 [2]=  87 [3]=   0 [4]=   0 [5]=   0 [6]=   0 [7]=   0 [8]=   0 [9]=   0 [10]=   0 [11]=   0 
after  (DPU 485) [0]=  67 [1]=  94 [2]=  87 [3]=   0 [4]=   0 [5]=   0 [6]=   0 [7]=   0 [8]=   0 [9]=   0 [10]=   0 [11]=   0 
before (DPU 486) [0]=  79 [1]=  81 [2]=  77 [3]=   0 [4]=   0 [5]=   0 [6]=   0 [7]=   0 [8]=   0 [9]=   0 [10]=   0 [11]=   0 
after  (DPU 486) [0]=  79 [1]=  81 [2]=  77 [3]=   0 [4]=   0 [5]=   0 [6]=   0 [7]=   0 [8]=   0 [9]=   0 [10]=   0 [11]=   0 
before (DPU 487) [0]=  91 [1]=  93 [2]=  81 [3]=   0 [4]=   0 [5]=   0 [6]=   0 [7]=   0 [8]=   0 [9]=   0 [10]=   0 [11]=   0 
after  (DPU 487) [0]=  91 [1]=  93 [2]=  81 [3]=   0 [4]=   0 [5]=   0 [6]=   0 [7]=   0 [8]=   0 [9]=   0 [10]=   0 [11]=   0 
before (DPU 488) [0]=  79 [1]=  86 [2]=  87 [3]=   0 [4]=   0 [5]=   0 [6]=   0 [7]=   0 [8]=   0 [9]=   0 [10]=   0 [11]=   0 
after  (DPU 488) [0]=  79 [1]=  86 [2]=  87 [3]=   0 [4]=   0 [5]=   0 [6]=   0 [7]=   0 [8]=   0 [9]=   0 [10]=   0 [11]=   0 
before (DPU 489) [0]=  83 [1]=  85 [2]=  87 [3]=   0 [4]=   0 [5]=   0 [6]=   0 [7]=   0 [8]=   0 [9]=   0 [10]=   0 [11]=   0 
after  (DPU 489) [0]=  83 [1]=  85 [2]=  87 [3]=   0 [4]=   0 [5]=   0 [6]=   0 [7]=   0 [8]=   0 [9]=   0 [10]=   0 [11]=   0 
before (DPU 490) [0]=  89 [1]=  83 [2]=  92 [3]=   0 [4]=   0 [5]=   0 [6]=   0 [7]=   0 [8]=   0 [9]=   0 [10]=   0 [11]=   0 
after  (DPU 490) [0]=  89 [1]=  83 [2]=  92 [3]=   0 [4]=   0 [5]=   0 [6]=   0 [7]=   0 [8]=   0 [9]=   0 [10]=   0 [11]=   0 
before (DPU 491) [0]=  95 [1]=  80 [2]=  80 [3]=   0 [4]=   0 [5]=   0 [6]=   0 [7]=   0 [8]=   0 [9]=   0 [10]=   0 [11]=   0 
after  (DPU 491) [0]=  95 [1]=  80 [2]=  80 [3]=   0 [4]=   0 [5]=   0 [6]=   0 [7]=   0 [8]=   0 [9]=   0 [10]=   0 [11]=   0 
before (DPU 492) [0]=  90 [1]=  83 [2]=  85 [3]=   0 [4]=   0 [5]=   0 [6]=   0 [7]=   0 [8]=   0 [9]=   0 [10]=   0 [11]=   0 
after  (DPU 492) [0]=  90 [1]=  83 [2]=  85 [3]=   0 [4]=   0 [5]=   0 [6]=   0 [7]=   0 [8]=   0 [9]=   0 [10]=   0 [11]=   0 
before (DPU 493) [0]=  76 [1]=  81 [2]= 105 [3]=   0 [4]=   0 [5]=   0 [6]=   0 [7]=   0 [8]=   0 [9]=   0 [10]=   0 [11]=   0 
after  (DPU 493) [0]=  76 [1]=  81 [2]= 105 [3]=   0 [4]=   0 [5]=   0 [6]=   0 [7]=   0 [8]=   0 [9]=   0 [10]=   0 [11]=   0 
before (DPU 494) [0]= 101 [1]=  76 [2]=  70 [3]=   0 [4]=   0 [5]=   0 [6]=   0 [7]=   0 [8]=   0 [9]=   0 [10]=   0 [11]=   0 
after  (DPU 494) [0]= 101 [1]=  76 [2]=  70 [3]=   0 [4]=   0 [5]=   0 [6]=   0 [7]=   0 [8]=   0 [9]=   0 [10]=   0 [11]=   0 
before (DPU 495) [0]=  61 [1]=  81 [2]=  91 [3]=   0 [4]=   0 [5]=   0 [6]=   0 [7]=   0 [8]=   0 [9]=   0 [10]=   0 [11]=   0 
after  (DPU 495) [0]=  61 [1]=  81 [2]=  91 [3]=9349 [4]=   0 [5]=   0 [6]=   0 [7]=   0 [8]=   0 [9]=   0 [10]=   0 [11]=   0 
before (DPU 496) [0]=  86 [1]=  97 [2]=  77 [3]=   0 [4]=   0 [5]=   0 [6]=   0 [7]=   0 [8]=   0 [9]=   0 [10]=   0 [11]=   0 
after  (DPU 496) [0]=  86 [1]=  97 [2]=  77 [3]=   0 [4]=   0 [5]=   0 [6]=   0 [7]=   0 [8]=   0 [9]=   0 [10]=   0 [11]=   0 
before (DPU 497) [0]=  92 [1]=  84 [2]=  89 [3]=   0 [4]=   0 [5]=   0 [6]=   0 [7]=   0 [8]=   0 [9]=   0 [10]=   0 [11]=   0 
after  (DPU 497) [0]=  92 [1]=  84 [2]=  89 [3]=   0 [4]=   0 [5]=   0 [6]=   0 [7]=   0 [8]=   0 [9]=   0 [10]=   0 [11]=   0 
before (DPU 498) [0]=  94 [1]=  88 [2]=  82 [3]=   0 [4]=   0 [5]=   0 [6]=   0 [7]=   0 [8]=   0 [9]=   0 [10]=   0 [11]=   0 
after  (DPU 498) [0]=  94 [1]=  88 [2]=  82 [3]=   0 [4]=   0 [5]=   0 [6]=   0 [7]=   0 [8]=   0 [9]=   0 [10]=   0 [11]=   0 
before (DPU 499) [0]=  75 [1]=  96 [2]=  74 [3]=   0 [4]=   0 [5]=   0 [6]=   0 [7]=   0 [8]=   0 [9]=   0 [10]=   0 [11]=   0 
after  (DPU 499) [0]=  75 [1]=  96 [2]=  74 [3]=   0 [4]=   0 [5]=   0 [6]=   0 [7]=   0 [8]=   0 [9]=   0 [10]=   0 [11]=   0 
key_index after (DPU 0) [0]=   0 [1]=71421 [2]=120165 [3]=120165 [4]=120165 [5]=120165 [6]=120165 [7]=120165 [8]=120165 [9]=120165 [10]=120165 [11]=120165 [12]=120165 
key_index after (DPU 1) [0]=   0 [1]=26089 [2]=47217 [3]=47217 [4]=47217 [5]=47217 [6]=47217 [7]=47217 [8]=47217 [9]=47217 [10]=47217 [11]=47217 [12]=47217 
key_index after (DPU 2) [0]=   0 [1]=15769 [2]=29539 [3]=29539 [4]=29539 [5]=29539 [6]=29539 [7]=29539 [8]=29539 [9]=29539 [10]=29539 [11]=29539 [12]=29539 
key_index after (DPU 3) [0]=   0 [1]=11424 [2]=21415 [3]=21415 [4]=21415 [5]=21415 [6]=21415 [7]=21415 [8]=21415 [9]=21415 [10]=21415 [11]=21415 [12]=21415 
key_index after (DPU 4) [0]=   0 [1]=8809 [2]=16826 [3]=16826 [4]=16826 [5]=16826 [6]=16826 [7]=16826 [8]=16826 [9]=16826 [10]=16826 [11]=16826 [12]=16826 
key_index after (DPU 5) [0]=7680 [1]=14816 [2]=21492 [3]=21492 [4]=21492 [5]=21492 [6]=21492 [7]=21492 [8]=21492 [9]=21492 [10]=21492 [11]=21492 [12]=21492 
key_index after (DPU 6) [0]=6426 [1]=12475 [2]=18139 [3]=18139 [4]=18139 [5]=18139 [6]=18139 [7]=18139 [8]=18139 [9]=18139 [10]=18139 [11]=18139 [12]=18139 
key_index after (DPU 7) [0]=5511 [1]=10782 [2]=15870 [3]=15870 [4]=15870 [5]=15870 [6]=15870 [7]=15870 [8]=15870 [9]=15870 [10]=15870 [11]=15870 [12]=15870 
key_index after (DPU 8) [0]=4777 [1]=9415 [2]=13837 [3]=13837 [4]=13837 [5]=13837 [6]=13837 [7]=13837 [8]=13837 [9]=13837 [10]=13837 [11]=13837 [12]=13837 
key_index after (DPU 9) [0]=4382 [1]=8450 [2]=12530 [3]=12530 [4]=12530 [5]=12530 [6]=12530 [7]=12530 [8]=12530 [9]=12530 [10]=12530 [11]=12530 [12]=12530 
key_index after (DPU 10) [0]=3889 [1]=7675 [2]=11379 [3]=11379 [4]=11379 [5]=11379 [6]=11379 [7]=11379 [8]=11379 [9]=11379 [10]=11379 [11]=11379 [12]=11379 
key_index after (DPU 11) [0]=3627 [1]=7093 [2]=10461 [3]=10461 [4]=10461 [5]=10461 [6]=10461 [7]=10461 [8]=10461 [9]=10461 [10]=10461 [11]=10461 [12]=10461 
key_index after (DPU 12) [0]=3219 [1]=6390 [2]=9403 [3]=9403 [4]=9403 [5]=9403 [6]=9403 [7]=9403 [8]=9403 [9]=9403 [10]=9403 [11]=9403 [12]=9403 
key_index after (DPU 13) [0]=2971 [1]=5907 [2]=8807 [3]=8807 [4]=8807 [5]=8807 [6]=8807 [7]=8807 [8]=8807 [9]=8807 [10]=8807 [11]=8807 [12]=8807 
key_index after (DPU 14) [0]=2765 [1]=5402 [2]=8024 [3]=8024 [4]=8024 [5]=8024 [6]=8024 [7]=8024 [8]=8024 [9]=8024 [10]=8024 [11]=8024 [12]=8024 
key_index after (DPU 15) [0]=2609 [1]=5129 [2]=7615 [3]=7615 [4]=7615 [5]=7615 [6]=7615 [7]=7615 [8]=7615 [9]=7615 [10]=7615 [11]=7615 [12]=7615 
key_index after (DPU 16) [0]=2466 [1]=4861 [2]=7167 [3]=7167 [4]=7167 [5]=7167 [6]=7167 [7]=7167 [8]=7167 [9]=7167 [10]=7167 [11]=7167 [12]=7167 
key_index after (DPU 17) [0]=2304 [1]=4565 [2]=6689 [3]=6689 [4]=6689 [5]=6689 [6]=6689 [7]=6689 [8]=6689 [9]=6689 [10]=6689 [11]=6689 [12]=6689 
key_index after (DPU 18) [0]=2187 [1]=4243 [2]=6299 [3]=6299 [4]=6299 [5]=6299 [6]=6299 [7]=6299 [8]=6299 [9]=6299 [10]=6299 [11]=6299 [12]=6299 
key_index after (DPU 19) [0]=2127 [1]=4195 [2]=6221 [3]=6221 [4]=6221 [5]=6221 [6]=6221 [7]=6221 [8]=6221 [9]=6221 [10]=6221 [11]=6221 [12]=6221 
key_index after (DPU 20) [0]=1921 [1]=3801 [2]=5750 [3]=5750 [4]=5750 [5]=5750 [6]=5750 [7]=5750 [8]=5750 [9]=5750 [10]=5750 [11]=5750 [12]=5750 
key_index after (DPU 21) [0]=1953 [1]=3734 [2]=5586 [3]=5586 [4]=5586 [5]=5586 [6]=5586 [7]=5586 [8]=5586 [9]=5586 [10]=5586 [11]=5586 [12]=5586 
key_index after (DPU 22) [0]=1792 [1]=3547 [2]=5255 [3]=5255 [4]=5255 [5]=5255 [6]=5255 [7]=5255 [8]=5255 [9]=5255 [10]=5255 [11]=5255 [12]=5255 
key_index after (DPU 23) [0]=1759 [1]=3492 [2]=5108 [3]=5108 [4]=5108 [5]=5108 [6]=5108 [7]=5108 [8]=5108 [9]=5108 [10]=5108 [11]=5108 [12]=5108 
key_index after (DPU 24) [0]=1598 [1]=3173 [2]=4804 [3]=4804 [4]=4804 [5]=4804 [6]=4804 [7]=4804 [8]=4804 [9]=4804 [10]=4804 [11]=4804 [12]=4804 
key_index after (DPU 25) [0]=1584 [1]=3182 [2]=4704 [3]=4704 [4]=4704 [5]=4704 [6]=4704 [7]=4704 [8]=4704 [9]=4704 [10]=4704 [11]=4704 [12]=4704 
key_index after (DPU 26) [0]=1494 [1]=3037 [2]=4427 [3]=4427 [4]=4427 [5]=4427 [6]=4427 [7]=4427 [8]=4427 [9]=4427 [10]=4427 [11]=4427 [12]=4427 
key_index after (DPU 27) [0]=1387 [1]=2814 [2]=4239 [3]=4239 [4]=4239 [5]=4239 [6]=4239 [7]=4239 [8]=4239 [9]=4239 [10]=4239 [11]=4239 [12]=4239 
key_index after (DPU 28) [0]=1419 [1]=2795 [2]=4144 [3]=4144 [4]=4144 [5]=4144 [6]=4144 [7]=4144 [8]=4144 [9]=4144 [10]=4144 [11]=4144 [12]=4144 
key_index after (DPU 29) [0]=1372 [1]=2734 [2]=4075 [3]=4075 [4]=4075 [5]=4075 [6]=4075 [7]=4075 [8]=4075 [9]=4075 [10]=4075 [11]=4075 [12]=4075 
key_index after (DPU 30) [0]=1296 [1]=2583 [2]=3866 [3]=3866 [4]=3866 [5]=3866 [6]=3866 [7]=3866 [8]=3866 [9]=3866 [10]=3866 [11]=3866 [12]=3866 
key_index after (DPU 31) [0]=1243 [1]=2571 [2]=3878 [3]=3878 [4]=3878 [5]=3878 [6]=3878 [7]=3878 [8]=3878 [9]=3878 [10]=3878 [11]=3878 [12]=3878 
key_index after (DPU 32) [0]=1256 [1]=2494 [2]=3678 [3]=3678 [4]=3678 [5]=3678 [6]=3678 [7]=3678 [8]=3678 [9]=3678 [10]=3678 [11]=3678 [12]=3678 
key_index after (DPU 33) [0]=1207 [1]=2347 [2]=3476 [3]=3476 [4]=3476 [5]=3476 [6]=3476 [7]=3476 [8]=3476 [9]=3476 [10]=3476 [11]=3476 [12]=3476 
key_index after (DPU 34) [0]=1215 [1]=2411 [2]=3604 [3]=3604 [4]=3604 [5]=3604 [6]=3604 [7]=3604 [8]=3604 [9]=3604 [10]=3604 [11]=3604 [12]=3604 
key_index after (DPU 35) [0]=1095 [1]=2214 [2]=3354 [3]=3354 [4]=3354 [5]=3354 [6]=3354 [7]=3354 [8]=3354 [9]=3354 [10]=3354 [11]=3354 [12]=3354 
key_index after (DPU 36) [0]=1145 [1]=2281 [2]=3354 [3]=3354 [4]=3354 [5]=3354 [6]=3354 [7]=3354 [8]=3354 [9]=3354 [10]=3354 [11]=3354 [12]=3354 
key_index after (DPU 37) [0]=1113 [1]=2131 [2]=3233 [3]=3233 [4]=3233 [5]=3233 [6]=3233 [7]=3233 [8]=3233 [9]=3233 [10]=3233 [11]=3233 [12]=3233 
key_index after (DPU 38) [0]=1112 [1]=2112 [2]=3174 [3]=3174 [4]=3174 [5]=3174 [6]=3174 [7]=3174 [8]=3174 [9]=3174 [10]=3174 [11]=3174 [12]=3174 
key_index after (DPU 39) [0]=1049 [1]=2077 [2]=3102 [3]=3102 [4]=3102 [5]=3102 [6]=3102 [7]=3102 [8]=3102 [9]=3102 [10]=3102 [11]=3102 [12]=3102 
key_index after (DPU 40) [0]= 945 [1]=1930 [2]=2920 [3]=2920 [4]=2920 [5]=2920 [6]=2920 [7]=2920 [8]=2920 [9]=2920 [10]=2920 [11]=2920 [12]=2920 
key_index after (DPU 41) [0]= 969 [1]=1945 [2]=2926 [3]=2926 [4]=2926 [5]=2926 [6]=2926 [7]=2926 [8]=2926 [9]=2926 [10]=2926 [11]=2926 [12]=2926 
key_index after (DPU 42) [0]= 991 [1]=1920 [2]=2888 [3]=2888 [4]=2888 [5]=2888 [6]=2888 [7]=2888 [8]=2888 [9]=2888 [10]=2888 [11]=2888 [12]=2888 
key_index after (DPU 43) [0]= 927 [1]=1844 [2]=2764 [3]=2764 [4]=2764 [5]=2764 [6]=2764 [7]=2764 [8]=2764 [9]=2764 [10]=2764 [11]=2764 [12]=2764 
key_index after (DPU 44) [0]= 846 [1]=1758 [2]=2674 [3]=2674 [4]=2674 [5]=2674 [6]=2674 [7]=2674 [8]=2674 [9]=2674 [10]=2674 [11]=2674 [12]=2674 
key_index after (DPU 45) [0]= 879 [1]=1777 [2]=2626 [3]=2626 [4]=2626 [5]=2626 [6]=2626 [7]=2626 [8]=2626 [9]=2626 [10]=2626 [11]=2626 [12]=2626 
key_index after (DPU 46) [0]= 877 [1]=1688 [2]=2518 [3]=2518 [4]=2518 [5]=2518 [6]=2518 [7]=2518 [8]=2518 [9]=2518 [10]=2518 [11]=2518 [12]=2518 
key_index after (DPU 47) [0]= 809 [1]=1611 [2]=2416 [3]=2416 [4]=2416 [5]=2416 [6]=2416 [7]=2416 [8]=2416 [9]=2416 [10]=2416 [11]=2416 [12]=2416 
key_index after (DPU 48) [0]= 874 [1]=1672 [2]=2470 [3]=2470 [4]=2470 [5]=2470 [6]=2470 [7]=2470 [8]=2470 [9]=2470 [10]=2470 [11]=2470 [12]=2470 
key_index after (DPU 49) [0]= 822 [1]=1611 [2]=2423 [3]=2423 [4]=2423 [5]=2423 [6]=2423 [7]=2423 [8]=2423 [9]=2423 [10]=2423 [11]=2423 [12]=2423 
key_index after (DPU 50) [0]= 781 [1]=1574 [2]=2305 [3]=2305 [4]=2305 [5]=2305 [6]=2305 [7]=2305 [8]=2305 [9]=2305 [10]=2305 [11]=2305 [12]=2305 
key_index after (DPU 51) [0]= 840 [1]=1647 [2]=2433 [3]=2433 [4]=2433 [5]=2433 [6]=2433 [7]=2433 [8]=2433 [9]=2433 [10]=2433 [11]=2433 [12]=2433 
key_index after (DPU 52) [0]= 788 [1]=1579 [2]=2366 [3]=2366 [4]=2366 [5]=2366 [6]=2366 [7]=2366 [8]=2366 [9]=2366 [10]=2366 [11]=2366 [12]=2366 
key_index after (DPU 53) [0]= 715 [1]=1397 [2]=2118 [3]=2118 [4]=2118 [5]=2118 [6]=2118 [7]=2118 [8]=2118 [9]=2118 [10]=2118 [11]=2118 [12]=2118 
key_index after (DPU 54) [0]= 759 [1]=1486 [2]=2213 [3]=2213 [4]=2213 [5]=2213 [6]=2213 [7]=2213 [8]=2213 [9]=2213 [10]=2213 [11]=2213 [12]=2213 
key_index after (DPU 55) [0]= 766 [1]=1530 [2]=2231 [3]=2231 [4]=2231 [5]=2231 [6]=2231 [7]=2231 [8]=2231 [9]=2231 [10]=2231 [11]=2231 [12]=2231 
key_index after (DPU 56) [0]= 722 [1]=1453 [2]=2119 [3]=2119 [4]=2119 [5]=2119 [6]=2119 [7]=2119 [8]=2119 [9]=2119 [10]=2119 [11]=2119 [12]=2119 
key_index after (DPU 57) [0]= 698 [1]=1380 [2]=2117 [3]=2117 [4]=2117 [5]=2117 [6]=2117 [7]=2117 [8]=2117 [9]=2117 [10]=2117 [11]=2117 [12]=2117 
key_index after (DPU 58) [0]= 721 [1]=1398 [2]=2065 [3]=2065 [4]=2065 [5]=2065 [6]=2065 [7]=2065 [8]=2065 [9]=2065 [10]=2065 [11]=2065 [12]=2065 
key_index after (DPU 59) [0]= 695 [1]=1370 [2]=2067 [3]=2067 [4]=2067 [5]=2067 [6]=2067 [7]=2067 [8]=2067 [9]=2067 [10]=2067 [11]=2067 [12]=2067 
key_index after (DPU 60) [0]= 639 [1]=1300 [2]=1972 [3]=1972 [4]=1972 [5]=1972 [6]=1972 [7]=1972 [8]=1972 [9]=1972 [10]=1972 [11]=1972 [12]=1972 
key_index after (DPU 61) [0]= 629 [1]=1273 [2]=1925 [3]=1925 [4]=1925 [5]=1925 [6]=1925 [7]=1925 [8]=1925 [9]=1925 [10]=1925 [11]=1925 [12]=1925 
key_index after (DPU 62) [0]= 626 [1]=1242 [2]=1870 [3]=1870 [4]=1870 [5]=1870 [6]=1870 [7]=1870 [8]=1870 [9]=1870 [10]=1870 [11]=1870 [12]=1870 
key_index after (DPU 63) [0]= 646 [1]=1235 [2]=1873 [3]=1873 [4]=1873 [5]=1873 [6]=1873 [7]=1873 [8]=1873 [9]=1873 [10]=1873 [11]=1873 [12]=1873 
key_index after (DPU 64) [0]= 638 [1]=1292 [2]=1899 [3]=1899 [4]=1899 [5]=1899 [6]=1899 [7]=1899 [8]=1899 [9]=1899 [10]=1899 [11]=1899 [12]=1899 
key_index after (DPU 65) [0]= 569 [1]=1188 [2]=1816 [3]=1816 [4]=1816 [5]=1816 [6]=1816 [7]=1816 [8]=1816 [9]=1816 [10]=1816 [11]=1816 [12]=1816 
key_index after (DPU 66) [0]= 583 [1]=1199 [2]=1814 [3]=1814 [4]=1814 [5]=1814 [6]=1814 [7]=1814 [8]=1814 [9]=1814 [10]=1814 [11]=1814 [12]=1814 
key_index after (DPU 67) [0]= 609 [1]=1218 [2]=1829 [3]=1829 [4]=1829 [5]=1829 [6]=1829 [7]=1829 [8]=1829 [9]=1829 [10]=1829 [11]=1829 [12]=1829 
key_index after (DPU 68) [0]= 576 [1]=1170 [2]=1783 [3]=1783 [4]=1783 [5]=1783 [6]=1783 [7]=1783 [8]=1783 [9]=1783 [10]=1783 [11]=1783 [12]=1783 
key_index after (DPU 69) [0]= 580 [1]=1158 [2]=1701 [3]=1701 [4]=1701 [5]=1701 [6]=1701 [7]=1701 [8]=1701 [9]=1701 [10]=1701 [11]=1701 [12]=1701 
key_index after (DPU 70) [0]= 596 [1]=1108 [2]=1684 [3]=1684 [4]=1684 [5]=1684 [6]=1684 [7]=1684 [8]=1684 [9]=1684 [10]=1684 [11]=1684 [12]=1684 
key_index after (DPU 71) [0]= 620 [1]=1183 [2]=1711 [3]=1711 [4]=1711 [5]=1711 [6]=1711 [7]=1711 [8]=1711 [9]=1711 [10]=1711 [11]=1711 [12]=1711 
key_index after (DPU 72) [0]= 524 [1]=1100 [2]=1647 [3]=1647 [4]=1647 [5]=1647 [6]=1647 [7]=1647 [8]=1647 [9]=1647 [10]=1647 [11]=1647 [12]=1647 
key_index after (DPU 73) [0]= 553 [1]=1069 [2]=1610 [3]=1610 [4]=1610 [5]=1610 [6]=1610 [7]=1610 [8]=1610 [9]=1610 [10]=1610 [11]=1610 [12]=1610 
key_index after (DPU 74) [0]= 543 [1]=1106 [2]=1702 [3]=1702 [4]=1702 [5]=1702 [6]=1702 [7]=1702 [8]=1702 [9]=1702 [10]=1702 [11]=1702 [12]=1702 
key_index after (DPU 75) [0]= 516 [1]= 997 [2]=1533 [3]=1533 [4]=1533 [5]=1533 [6]=1533 [7]=1533 [8]=1533 [9]=1533 [10]=1533 [11]=1533 [12]=1533 
key_index after (DPU 76) [0]= 487 [1]= 979 [2]=1516 [3]=1516 [4]=1516 [5]=1516 [6]=1516 [7]=1516 [8]=1516 [9]=1516 [10]=1516 [11]=1516 [12]=1516 
key_index after (DPU 77) [0]= 518 [1]= 996 [2]=1518 [3]=1518 [4]=1518 [5]=1518 [6]=1518 [7]=1518 [8]=1518 [9]=1518 [10]=1518 [11]=1518 [12]=1518 
key_index after (DPU 78) [0]= 512 [1]=1017 [2]=1528 [3]=1528 [4]=1528 [5]=1528 [6]=1528 [7]=1528 [8]=1528 [9]=1528 [10]=1528 [11]=1528 [12]=1528 
key_index after (DPU 79) [0]= 484 [1]=1001 [2]=1486 [3]=1486 [4]=1486 [5]=1486 [6]=1486 [7]=1486 [8]=1486 [9]=1486 [10]=1486 [11]=1486 [12]=1486 
key_index after (DPU 80) [0]= 505 [1]= 993 [2]=1473 [3]=1473 [4]=1473 [5]=1473 [6]=1473 [7]=1473 [8]=1473 [9]=1473 [10]=1473 [11]=1473 [12]=1473 
key_index after (DPU 81) [0]= 459 [1]= 955 [2]=1486 [3]=1486 [4]=1486 [5]=1486 [6]=1486 [7]=1486 [8]=1486 [9]=1486 [10]=1486 [11]=1486 [12]=1486 
key_index after (DPU 82) [0]= 476 [1]= 964 [2]=1418 [3]=1418 [4]=1418 [5]=1418 [6]=1418 [7]=1418 [8]=1418 [9]=1418 [10]=1418 [11]=1418 [12]=1418 
key_index after (DPU 83) [0]= 505 [1]=1003 [2]=1483 [3]=1483 [4]=1483 [5]=1483 [6]=1483 [7]=1483 [8]=1483 [9]=1483 [10]=1483 [11]=1483 [12]=1483 
key_index after (DPU 84) [0]= 470 [1]= 936 [2]=1424 [3]=1424 [4]=1424 [5]=1424 [6]=1424 [7]=1424 [8]=1424 [9]=1424 [10]=1424 [11]=1424 [12]=1424 
key_index after (DPU 85) [0]= 452 [1]= 956 [2]=1453 [3]=1453 [4]=1453 [5]=1453 [6]=1453 [7]=1453 [8]=1453 [9]=1453 [10]=1453 [11]=1453 [12]=1453 
key_index after (DPU 86) [0]= 454 [1]= 934 [2]=1414 [3]=1414 [4]=1414 [5]=1414 [6]=1414 [7]=1414 [8]=1414 [9]=1414 [10]=1414 [11]=1414 [12]=1414 
key_index after (DPU 87) [0]= 434 [1]= 927 [2]=1397 [3]=1397 [4]=1397 [5]=1397 [6]=1397 [7]=1397 [8]=1397 [9]=1397 [10]=1397 [11]=1397 [12]=1397 
key_index after (DPU 88) [0]= 428 [1]= 885 [2]=1355 [3]=1355 [4]=1355 [5]=1355 [6]=1355 [7]=1355 [8]=1355 [9]=1355 [10]=1355 [11]=1355 [12]=1355 
key_index after (DPU 89) [0]= 408 [1]= 835 [2]=1304 [3]=1304 [4]=1304 [5]=1304 [6]=1304 [7]=1304 [8]=1304 [9]=1304 [10]=1304 [11]=1304 [12]=1304 
key_index after (DPU 90) [0]= 429 [1]= 844 [2]=1277 [3]=1277 [4]=1277 [5]=1277 [6]=1277 [7]=1277 [8]=1277 [9]=1277 [10]=1277 [11]=1277 [12]=1277 
key_index after (DPU 91) [0]= 443 [1]= 879 [2]=1340 [3]=1340 [4]=1340 [5]=1340 [6]=1340 [7]=1340 [8]=1340 [9]=1340 [10]=1340 [11]=1340 [12]=1340 
key_index after (DPU 92) [0]= 416 [1]= 861 [2]=1256 [3]=1256 [4]=1256 [5]=1256 [6]=1256 [7]=1256 [8]=1256 [9]=1256 [10]=1256 [11]=1256 [12]=1256 
key_index after (DPU 93) [0]= 441 [1]= 840 [2]=1290 [3]=1290 [4]=1290 [5]=1290 [6]=1290 [7]=1290 [8]=1290 [9]=1290 [10]=1290 [11]=1290 [12]=1290 
key_index after (DPU 94) [0]= 450 [1]= 850 [2]=1258 [3]=1258 [4]=1258 [5]=1258 [6]=1258 [7]=1258 [8]=1258 [9]=1258 [10]=1258 [11]=1258 [12]=1258 
key_index after (DPU 95) [0]= 479 [1]= 937 [2]=1344 [3]=1344 [4]=1344 [5]=1344 [6]=1344 [7]=1344 [8]=1344 [9]=1344 [10]=1344 [11]=1344 [12]=1344 
key_index after (DPU 96) [0]= 446 [1]= 874 [2]=1326 [3]=1326 [4]=1326 [5]=1326 [6]=1326 [7]=1326 [8]=1326 [9]=1326 [10]=1326 [11]=1326 [12]=1326 
key_index after (DPU 97) [0]= 446 [1]= 865 [2]=1285 [3]=1285 [4]=1285 [5]=1285 [6]=1285 [7]=1285 [8]=1285 [9]=1285 [10]=1285 [11]=1285 [12]=1285 
key_index after (DPU 98) [0]= 388 [1]= 826 [2]=1285 [3]=1285 [4]=1285 [5]=1285 [6]=1285 [7]=1285 [8]=1285 [9]=1285 [10]=1285 [11]=1285 [12]=1285 
key_index after (DPU 99) [0]= 401 [1]= 786 [2]=1158 [3]=1158 [4]=1158 [5]=1158 [6]=1158 [7]=1158 [8]=1158 [9]=1158 [10]=1158 [11]=1158 [12]=1158 
key_index after (DPU 100) [0]= 412 [1]= 777 [2]=1155 [3]=1155 [4]=1155 [5]=1155 [6]=1155 [7]=1155 [8]=1155 [9]=1155 [10]=1155 [11]=1155 [12]=1155 
key_index after (DPU 101) [0]= 413 [1]= 797 [2]=1225 [3]=1225 [4]=1225 [5]=1225 [6]=1225 [7]=1225 [8]=1225 [9]=1225 [10]=1225 [11]=1225 [12]=1225 
key_index after (DPU 102) [0]= 368 [1]= 730 [2]=1127 [3]=1127 [4]=1127 [5]=1127 [6]=1127 [7]=1127 [8]=1127 [9]=1127 [10]=1127 [11]=1127 [12]=1127 
key_index after (DPU 103) [0]= 390 [1]= 792 [2]=1200 [3]=1200 [4]=1200 [5]=1200 [6]=1200 [7]=1200 [8]=1200 [9]=1200 [10]=1200 [11]=1200 [12]=1200 
key_index after (DPU 104) [0]= 395 [1]= 773 [2]=1130 [3]=1130 [4]=1130 [5]=1130 [6]=1130 [7]=1130 [8]=1130 [9]=1130 [10]=1130 [11]=1130 [12]=1130 
key_index after (DPU 105) [0]= 405 [1]= 813 [2]=1177 [3]=1177 [4]=1177 [5]=1177 [6]=1177 [7]=1177 [8]=1177 [9]=1177 [10]=1177 [11]=1177 [12]=1177 
key_index after (DPU 106) [0]= 375 [1]= 817 [2]=1180 [3]=1180 [4]=1180 [5]=1180 [6]=1180 [7]=1180 [8]=1180 [9]=1180 [10]=1180 [11]=1180 [12]=1180 
key_index after (DPU 107) [0]= 384 [1]= 745 [2]=1129 [3]=1129 [4]=1129 [5]=1129 [6]=1129 [7]=1129 [8]=1129 [9]=1129 [10]=1129 [11]=1129 [12]=1129 
key_index after (DPU 108) [0]= 367 [1]= 755 [2]=1144 [3]=1144 [4]=1144 [5]=1144 [6]=1144 [7]=1144 [8]=1144 [9]=1144 [10]=1144 [11]=1144 [12]=1144 
key_index after (DPU 109) [0]= 337 [1]= 693 [2]=1090 [3]=1090 [4]=1090 [5]=1090 [6]=1090 [7]=1090 [8]=1090 [9]=1090 [10]=1090 [11]=1090 [12]=1090 
key_index after (DPU 110) [0]= 363 [1]= 720 [2]=1075 [3]=1075 [4]=1075 [5]=1075 [6]=1075 [7]=1075 [8]=1075 [9]=1075 [10]=1075 [11]=1075 [12]=1075 
key_index after (DPU 111) [0]= 363 [1]= 735 [2]=1096 [3]=1096 [4]=1096 [5]=1096 [6]=1096 [7]=1096 [8]=1096 [9]=1096 [10]=1096 [11]=1096 [12]=1096 
key_index after (DPU 112) [0]= 359 [1]= 714 [2]=1083 [3]=1083 [4]=1083 [5]=1083 [6]=1083 [7]=1083 [8]=1083 [9]=1083 [10]=1083 [11]=1083 [12]=1083 
key_index after (DPU 113) [0]= 338 [1]= 657 [2]= 984 [3]= 984 [4]= 984 [5]= 984 [6]= 984 [7]= 984 [8]= 984 [9]= 984 [10]= 984 [11]= 984 [12]= 984 
key_index after (DPU 114) [0]= 340 [1]= 670 [2]=1033 [3]=1033 [4]=1033 [5]=1033 [6]=1033 [7]=1033 [8]=1033 [9]=1033 [10]=1033 [11]=1033 [12]=1033 
key_index after (DPU 115) [0]= 320 [1]= 662 [2]= 988 [3]= 988 [4]= 988 [5]= 988 [6]= 988 [7]= 988 [8]= 988 [9]= 988 [10]= 988 [11]= 988 [12]= 988 
key_index after (DPU 116) [0]= 346 [1]= 710 [2]=1013 [3]=1013 [4]=1013 [5]=1013 [6]=1013 [7]=1013 [8]=1013 [9]=1013 [10]=1013 [11]=1013 [12]=1013 
key_index after (DPU 117) [0]= 337 [1]= 690 [2]=1048 [3]=1048 [4]=1048 [5]=1048 [6]=1048 [7]=1048 [8]=1048 [9]=1048 [10]=1048 [11]=1048 [12]=1048 
key_index after (DPU 118) [0]= 319 [1]= 660 [2]=1010 [3]=1010 [4]=1010 [5]=1010 [6]=1010 [7]=1010 [8]=1010 [9]=1010 [10]=1010 [11]=1010 [12]=1010 
key_index after (DPU 119) [0]= 324 [1]= 655 [2]= 989 [3]= 989 [4]= 989 [5]= 989 [6]= 989 [7]= 989 [8]= 989 [9]= 989 [10]= 989 [11]= 989 [12]= 989 
key_index after (DPU 120) [0]= 330 [1]= 654 [2]= 976 [3]= 976 [4]= 976 [5]= 976 [6]= 976 [7]= 976 [8]= 976 [9]= 976 [10]= 976 [11]= 976 [12]= 976 
key_index after (DPU 121) [0]= 345 [1]= 667 [2]=1017 [3]=1017 [4]=1017 [5]=1017 [6]=1017 [7]=1017 [8]=1017 [9]=1017 [10]=1017 [11]=1017 [12]=1017 
key_index after (DPU 122) [0]= 338 [1]= 640 [2]= 953 [3]= 953 [4]= 953 [5]= 953 [6]= 953 [7]= 953 [8]= 953 [9]= 953 [10]= 953 [11]= 953 [12]= 953 
key_index after (DPU 123) [0]= 324 [1]= 661 [2]=1009 [3]=1009 [4]=1009 [5]=1009 [6]=1009 [7]=1009 [8]=1009 [9]=1009 [10]=1009 [11]=1009 [12]=1009 
key_index after (DPU 124) [0]= 331 [1]= 655 [2]= 972 [3]= 972 [4]= 972 [5]= 972 [6]= 972 [7]= 972 [8]= 972 [9]= 972 [10]= 972 [11]= 972 [12]= 972 
key_index after (DPU 125) [0]= 294 [1]= 630 [2]= 929 [3]= 929 [4]= 929 [5]= 929 [6]= 929 [7]= 929 [8]= 929 [9]= 929 [10]= 929 [11]= 929 [12]= 929 
key_index after (DPU 126) [0]= 319 [1]= 654 [2]= 989 [3]= 989 [4]= 989 [5]= 989 [6]= 989 [7]= 989 [8]= 989 [9]= 989 [10]= 989 [11]= 989 [12]= 989 
key_index after (DPU 127) [0]= 312 [1]= 669 [2]= 983 [3]= 983 [4]= 983 [5]= 983 [6]= 983 [7]= 983 [8]= 983 [9]= 983 [10]= 983 [11]= 983 [12]= 983 
key_index after (DPU 128) [0]= 329 [1]= 653 [2]= 951 [3]= 951 [4]= 951 [5]= 951 [6]= 951 [7]= 951 [8]= 951 [9]= 951 [10]= 951 [11]= 951 [12]= 951 
key_index after (DPU 129) [0]= 283 [1]= 575 [2]= 894 [3]= 894 [4]= 894 [5]= 894 [6]= 894 [7]= 894 [8]= 894 [9]= 894 [10]= 894 [11]= 894 [12]= 894 
key_index after (DPU 130) [0]= 295 [1]= 592 [2]= 895 [3]= 895 [4]= 895 [5]= 895 [6]= 895 [7]= 895 [8]= 895 [9]= 895 [10]= 895 [11]= 895 [12]= 895 
key_index after (DPU 131) [0]= 315 [1]= 606 [2]= 906 [3]= 906 [4]= 906 [5]= 906 [6]= 906 [7]= 906 [8]= 906 [9]= 906 [10]= 906 [11]= 906 [12]= 906 
key_index after (DPU 132) [0]= 317 [1]= 623 [2]= 944 [3]= 944 [4]= 944 [5]= 944 [6]= 944 [7]= 944 [8]= 944 [9]= 944 [10]= 944 [11]= 944 [12]= 944 
key_index after (DPU 133) [0]= 312 [1]= 630 [2]= 946 [3]= 946 [4]= 946 [5]= 946 [6]= 946 [7]= 946 [8]= 946 [9]= 946 [10]= 946 [11]= 946 [12]= 946 
key_index after (DPU 134) [0]= 330 [1]= 603 [2]= 926 [3]= 926 [4]= 926 [5]= 926 [6]= 926 [7]= 926 [8]= 926 [9]= 926 [10]= 926 [11]= 926 [12]= 926 
key_index after (DPU 135) [0]= 270 [1]= 581 [2]= 886 [3]= 886 [4]= 886 [5]= 886 [6]= 886 [7]= 886 [8]= 886 [9]= 886 [10]= 886 [11]= 886 [12]= 886 
key_index after (DPU 136) [0]= 294 [1]= 595 [2]= 906 [3]= 906 [4]= 906 [5]= 906 [6]= 906 [7]= 906 [8]= 906 [9]= 906 [10]= 906 [11]= 906 [12]= 906 
key_index after (DPU 137) [0]= 262 [1]= 565 [2]= 832 [3]= 832 [4]= 832 [5]= 832 [6]= 832 [7]= 832 [8]= 832 [9]= 832 [10]= 832 [11]= 832 [12]= 832 
key_index after (DPU 138) [0]= 317 [1]= 618 [2]= 903 [3]= 903 [4]= 903 [5]= 903 [6]= 903 [7]= 903 [8]= 903 [9]= 903 [10]= 903 [11]= 903 [12]= 903 
key_index after (DPU 139) [0]= 281 [1]= 559 [2]= 840 [3]= 840 [4]= 840 [5]= 840 [6]= 840 [7]= 840 [8]= 840 [9]= 840 [10]= 840 [11]= 840 [12]= 840 
key_index after (DPU 140) [0]= 301 [1]= 588 [2]= 871 [3]= 871 [4]= 871 [5]= 871 [6]= 871 [7]= 871 [8]= 871 [9]= 871 [10]= 871 [11]= 871 [12]= 871 
key_index after (DPU 141) [0]= 303 [1]= 591 [2]= 871 [3]= 871 [4]= 871 [5]= 871 [6]= 871 [7]= 871 [8]= 871 [9]= 871 [10]= 871 [11]= 871 [12]= 871 
key_index after (DPU 142) [0]= 317 [1]= 593 [2]= 895 [3]= 895 [4]= 895 [5]= 895 [6]= 895 [7]= 895 [8]= 895 [9]= 895 [10]= 895 [11]= 895 [12]= 895 
key_index after (DPU 143) [0]= 282 [1]= 565 [2]= 851 [3]= 851 [4]= 851 [5]= 851 [6]= 851 [7]= 851 [8]= 851 [9]= 851 [10]= 851 [11]= 851 [12]= 851 
key_index after (DPU 144) [0]= 276 [1]= 536 [2]= 799 [3]= 799 [4]= 799 [5]= 799 [6]= 799 [7]= 799 [8]= 799 [9]= 799 [10]= 799 [11]= 799 [12]= 799 
key_index after (DPU 145) [0]= 313 [1]= 582 [2]= 853 [3]= 853 [4]= 853 [5]= 853 [6]= 853 [7]= 853 [8]= 853 [9]= 853 [10]= 853 [11]= 853 [12]= 853 
key_index after (DPU 146) [0]= 272 [1]= 549 [2]= 846 [3]= 846 [4]= 846 [5]= 846 [6]= 846 [7]= 846 [8]= 846 [9]= 846 [10]= 846 [11]= 846 [12]= 846 
key_index after (DPU 147) [0]= 286 [1]= 555 [2]= 828 [3]= 828 [4]= 828 [5]= 828 [6]= 828 [7]= 828 [8]= 828 [9]= 828 [10]= 828 [11]= 828 [12]= 828 
key_index after (DPU 148) [0]= 281 [1]= 541 [2]= 812 [3]= 812 [4]= 812 [5]= 812 [6]= 812 [7]= 812 [8]= 812 [9]= 812 [10]= 812 [11]= 812 [12]= 812 
key_index after (DPU 149) [0]= 282 [1]= 544 [2]= 795 [3]= 795 [4]= 795 [5]= 795 [6]= 795 [7]= 795 [8]= 795 [9]= 795 [10]= 795 [11]= 795 [12]= 795 
key_index after (DPU 150) [0]= 280 [1]= 572 [2]= 825 [3]= 825 [4]= 825 [5]= 825 [6]= 825 [7]= 825 [8]= 825 [9]= 825 [10]= 825 [11]= 825 [12]= 825 
key_index after (DPU 151) [0]= 277 [1]= 543 [2]= 834 [3]= 834 [4]= 834 [5]= 834 [6]= 834 [7]= 834 [8]= 834 [9]= 834 [10]= 834 [11]= 834 [12]= 834 
key_index after (DPU 152) [0]= 252 [1]= 498 [2]= 775 [3]= 775 [4]= 775 [5]= 775 [6]= 775 [7]= 775 [8]= 775 [9]= 775 [10]= 775 [11]= 775 [12]= 775 
key_index after (DPU 153) [0]= 249 [1]= 498 [2]= 758 [3]= 758 [4]= 758 [5]= 758 [6]= 758 [7]= 758 [8]= 758 [9]= 758 [10]= 758 [11]= 758 [12]= 758 
key_index after (DPU 154) [0]= 269 [1]= 533 [2]= 786 [3]= 786 [4]= 786 [5]= 786 [6]= 786 [7]= 786 [8]= 786 [9]= 786 [10]= 786 [11]= 786 [12]= 786 
key_index after (DPU 155) [0]= 281 [1]= 543 [2]= 803 [3]= 803 [4]= 803 [5]= 803 [6]= 803 [7]= 803 [8]= 803 [9]= 803 [10]= 803 [11]= 803 [12]= 803 
key_index after (DPU 156) [0]= 262 [1]= 518 [2]= 790 [3]= 790 [4]= 790 [5]= 790 [6]= 790 [7]= 790 [8]= 790 [9]= 790 [10]= 790 [11]= 790 [12]= 790 
key_index after (DPU 157) [0]= 294 [1]= 548 [2]= 798 [3]= 798 [4]= 798 [5]= 798 [6]= 798 [7]= 798 [8]= 798 [9]= 798 [10]= 798 [11]= 798 [12]= 798 
key_index after (DPU 158) [0]= 285 [1]= 532 [2]= 801 [3]= 801 [4]= 801 [5]= 801 [6]= 801 [7]= 801 [8]= 801 [9]= 801 [10]= 801 [11]= 801 [12]= 801 
key_index after (DPU 159) [0]= 267 [1]= 500 [2]= 781 [3]= 781 [4]= 781 [5]= 781 [6]= 781 [7]= 781 [8]= 781 [9]= 781 [10]= 781 [11]= 781 [12]= 781 
key_index after (DPU 160) [0]= 242 [1]= 492 [2]= 732 [3]= 732 [4]= 732 [5]= 732 [6]= 732 [7]= 732 [8]= 732 [9]= 732 [10]= 732 [11]= 732 [12]= 732 
key_index after (DPU 161) [0]= 267 [1]= 512 [2]= 742 [3]= 742 [4]= 742 [5]= 742 [6]= 742 [7]= 742 [8]= 742 [9]= 742 [10]= 742 [11]= 742 [12]= 742 
key_index after (DPU 162) [0]= 263 [1]= 494 [2]= 740 [3]= 740 [4]= 740 [5]= 740 [6]= 740 [7]= 740 [8]= 740 [9]= 740 [10]= 740 [11]= 740 [12]= 740 
key_index after (DPU 163) [0]= 232 [1]= 508 [2]= 766 [3]= 766 [4]= 766 [5]= 766 [6]= 766 [7]= 766 [8]= 766 [9]= 766 [10]= 766 [11]= 766 [12]= 766 
key_index after (DPU 164) [0]= 230 [1]= 463 [2]= 716 [3]= 716 [4]= 716 [5]= 716 [6]= 716 [7]= 716 [8]= 716 [9]= 716 [10]= 716 [11]= 716 [12]= 716 
key_index after (DPU 165) [0]= 256 [1]= 503 [2]= 768 [3]= 768 [4]= 768 [5]= 768 [6]= 768 [7]= 768 [8]= 768 [9]= 768 [10]= 768 [11]= 768 [12]= 768 
key_index after (DPU 166) [0]= 248 [1]= 503 [2]= 743 [3]= 743 [4]= 743 [5]= 743 [6]= 743 [7]= 743 [8]= 743 [9]= 743 [10]= 743 [11]= 743 [12]= 743 
key_index after (DPU 167) [0]= 226 [1]= 458 [2]= 675 [3]= 675 [4]= 675 [5]= 675 [6]= 675 [7]= 675 [8]= 675 [9]= 675 [10]= 675 [11]= 675 [12]= 675 
key_index after (DPU 168) [0]= 229 [1]= 496 [2]= 744 [3]= 744 [4]= 744 [5]= 744 [6]= 744 [7]= 744 [8]= 744 [9]= 744 [10]= 744 [11]= 744 [12]= 744 
key_index after (DPU 169) [0]= 239 [1]= 488 [2]= 719 [3]= 719 [4]= 719 [5]= 719 [6]= 719 [7]= 719 [8]= 719 [9]= 719 [10]= 719 [11]= 719 [12]= 719 
key_index after (DPU 170) [0]= 234 [1]= 456 [2]= 688 [3]= 688 [4]= 688 [5]= 688 [6]= 688 [7]= 688 [8]= 688 [9]= 688 [10]= 688 [11]= 688 [12]= 688 
key_index after (DPU 171) [0]= 229 [1]= 487 [2]= 725 [3]= 725 [4]= 725 [5]= 725 [6]= 725 [7]= 725 [8]= 725 [9]= 725 [10]= 725 [11]= 725 [12]= 725 
key_index after (DPU 172) [0]= 204 [1]= 432 [2]= 658 [3]= 658 [4]= 658 [5]= 658 [6]= 658 [7]= 658 [8]= 658 [9]= 658 [10]= 658 [11]= 658 [12]= 658 
key_index after (DPU 173) [0]= 251 [1]= 500 [2]= 759 [3]= 759 [4]= 759 [5]= 759 [6]= 759 [7]= 759 [8]= 759 [9]= 759 [10]= 759 [11]= 759 [12]= 759 
key_index after (DPU 174) [0]= 246 [1]= 498 [2]= 712 [3]= 712 [4]= 712 [5]= 712 [6]= 712 [7]= 712 [8]= 712 [9]= 712 [10]= 712 [11]= 712 [12]= 712 
key_index after (DPU 175) [0]= 261 [1]= 483 [2]= 739 [3]= 739 [4]= 739 [5]= 739 [6]= 739 [7]= 739 [8]= 739 [9]= 739 [10]= 739 [11]= 739 [12]= 739 
key_index after (DPU 176) [0]= 253 [1]= 491 [2]= 762 [3]= 762 [4]= 762 [5]= 762 [6]= 762 [7]= 762 [8]= 762 [9]= 762 [10]= 762 [11]= 762 [12]= 762 
key_index after (DPU 177) [0]= 205 [1]= 426 [2]= 638 [3]= 638 [4]= 638 [5]= 638 [6]= 638 [7]= 638 [8]= 638 [9]= 638 [10]= 638 [11]= 638 [12]= 638 
key_index after (DPU 178) [0]= 237 [1]= 460 [2]= 697 [3]= 697 [4]= 697 [5]= 697 [6]= 697 [7]= 697 [8]= 697 [9]= 697 [10]= 697 [11]= 697 [12]= 697 
key_index after (DPU 179) [0]= 229 [1]= 464 [2]= 694 [3]= 694 [4]= 694 [5]= 694 [6]= 694 [7]= 694 [8]= 694 [9]= 694 [10]= 694 [11]= 694 [12]= 694 
key_index after (DPU 180) [0]= 245 [1]= 464 [2]= 681 [3]= 681 [4]= 681 [5]= 681 [6]= 681 [7]= 681 [8]= 681 [9]= 681 [10]= 681 [11]= 681 [12]= 681 
key_index after (DPU 181) [0]= 224 [1]= 453 [2]= 679 [3]= 679 [4]= 679 [5]= 679 [6]= 679 [7]= 679 [8]= 679 [9]= 679 [10]= 679 [11]= 679 [12]= 679 
key_index after (DPU 182) [0]= 211 [1]= 444 [2]= 686 [3]= 686 [4]= 686 [5]= 686 [6]= 686 [7]= 686 [8]= 686 [9]= 686 [10]= 686 [11]= 686 [12]= 686 
key_index after (DPU 183) [0]= 233 [1]= 448 [2]= 641 [3]= 641 [4]= 641 [5]= 641 [6]= 641 [7]= 641 [8]= 641 [9]= 641 [10]= 641 [11]= 641 [12]= 641 
key_index after (DPU 184) [0]= 214 [1]= 428 [2]= 643 [3]= 643 [4]= 643 [5]= 643 [6]= 643 [7]= 643 [8]= 643 [9]= 643 [10]= 643 [11]= 643 [12]= 643 
key_index after (DPU 185) [0]= 203 [1]= 411 [2]= 636 [3]= 636 [4]= 636 [5]= 636 [6]= 636 [7]= 636 [8]= 636 [9]= 636 [10]= 636 [11]= 636 [12]= 636 
key_index after (DPU 186) [0]= 214 [1]= 428 [2]= 649 [3]= 649 [4]= 649 [5]= 649 [6]= 649 [7]= 649 [8]= 649 [9]= 649 [10]= 649 [11]= 649 [12]= 649 
key_index after (DPU 187) [0]= 196 [1]= 422 [2]= 650 [3]= 650 [4]= 650 [5]= 650 [6]= 650 [7]= 650 [8]= 650 [9]= 650 [10]= 650 [11]= 650 [12]= 650 
key_index after (DPU 188) [0]= 200 [1]= 415 [2]= 611 [3]= 611 [4]= 611 [5]= 611 [6]= 611 [7]= 611 [8]= 611 [9]= 611 [10]= 611 [11]= 611 [12]= 611 
key_index after (DPU 189) [0]= 195 [1]= 450 [2]= 685 [3]= 685 [4]= 685 [5]= 685 [6]= 685 [7]= 685 [8]= 685 [9]= 685 [10]= 685 [11]= 685 [12]= 685 
key_index after (DPU 190) [0]= 218 [1]= 430 [2]= 637 [3]= 637 [4]= 637 [5]= 637 [6]= 637 [7]= 637 [8]= 637 [9]= 637 [10]= 637 [11]= 637 [12]= 637 
key_index after (DPU 191) [0]= 195 [1]= 409 [2]= 634 [3]= 634 [4]= 634 [5]= 634 [6]= 634 [7]= 634 [8]= 634 [9]= 634 [10]= 634 [11]= 634 [12]= 634 
key_index after (DPU 192) [0]= 228 [1]= 475 [2]= 685 [3]= 685 [4]= 685 [5]= 685 [6]= 685 [7]= 685 [8]= 685 [9]= 685 [10]= 685 [11]= 685 [12]= 685 
key_index after (DPU 193) [0]= 205 [1]= 430 [2]= 636 [3]= 636 [4]= 636 [5]= 636 [6]= 636 [7]= 636 [8]= 636 [9]= 636 [10]= 636 [11]= 636 [12]= 636 
key_index after (DPU 194) [0]= 185 [1]= 430 [2]= 632 [3]= 632 [4]= 632 [5]= 632 [6]= 632 [7]= 632 [8]= 632 [9]= 632 [10]= 632 [11]= 632 [12]= 632 
key_index after (DPU 195) [0]= 215 [1]= 403 [2]= 612 [3]= 612 [4]= 612 [5]= 612 [6]= 612 [7]= 612 [8]= 612 [9]= 612 [10]= 612 [11]= 612 [12]= 612 
key_index after (DPU 196) [0]= 202 [1]= 404 [2]= 616 [3]= 616 [4]= 616 [5]= 616 [6]= 616 [7]= 616 [8]= 616 [9]= 616 [10]= 616 [11]= 616 [12]= 616 
key_index after (DPU 197) [0]= 201 [1]= 428 [2]= 635 [3]= 635 [4]= 635 [5]= 635 [6]= 635 [7]= 635 [8]= 635 [9]= 635 [10]= 635 [11]= 635 [12]= 635 
key_index after (DPU 198) [0]= 203 [1]= 405 [2]= 634 [3]= 634 [4]= 634 [5]= 634 [6]= 634 [7]= 634 [8]= 634 [9]= 634 [10]= 634 [11]= 634 [12]= 634 
key_index after (DPU 199) [0]= 195 [1]= 407 [2]= 609 [3]= 609 [4]= 609 [5]= 609 [6]= 609 [7]= 609 [8]= 609 [9]= 609 [10]= 609 [11]= 609 [12]= 609 
key_index after (DPU 200) [0]= 191 [1]= 405 [2]= 615 [3]= 615 [4]= 615 [5]= 615 [6]= 615 [7]= 615 [8]= 615 [9]= 615 [10]= 615 [11]= 615 [12]= 615 
key_index after (DPU 201) [0]= 218 [1]= 423 [2]= 608 [3]= 608 [4]= 608 [5]= 608 [6]= 608 [7]= 608 [8]= 608 [9]= 608 [10]= 608 [11]= 608 [12]= 608 
key_index after (DPU 202) [0]= 192 [1]= 383 [2]= 592 [3]= 592 [4]= 592 [5]= 592 [6]= 592 [7]= 592 [8]= 592 [9]= 592 [10]= 592 [11]= 592 [12]= 592 
key_index after (DPU 203) [0]= 211 [1]= 409 [2]= 621 [3]= 621 [4]= 621 [5]= 621 [6]= 621 [7]= 621 [8]= 621 [9]= 621 [10]= 621 [11]= 621 [12]= 621 
key_index after (DPU 204) [0]= 184 [1]= 396 [2]= 575 [3]= 575 [4]= 575 [5]= 575 [6]= 575 [7]= 575 [8]= 575 [9]= 575 [10]= 575 [11]= 575 [12]= 575 
key_index after (DPU 205) [0]= 217 [1]= 417 [2]= 609 [3]= 609 [4]= 609 [5]= 609 [6]= 609 [7]= 609 [8]= 609 [9]= 609 [10]= 609 [11]= 609 [12]= 609 
key_index after (DPU 206) [0]= 185 [1]= 379 [2]= 590 [3]= 590 [4]= 590 [5]= 590 [6]= 590 [7]= 590 [8]= 590 [9]= 590 [10]= 590 [11]= 590 [12]= 590 
key_index after (DPU 207) [0]= 202 [1]= 406 [2]= 632 [3]= 632 [4]= 632 [5]= 632 [6]= 632 [7]= 632 [8]= 632 [9]= 632 [10]= 632 [11]= 632 [12]= 632 
key_index after (DPU 208) [0]= 189 [1]= 402 [2]= 598 [3]= 598 [4]= 598 [5]= 598 [6]= 598 [7]= 598 [8]= 598 [9]= 598 [10]= 598 [11]= 598 [12]= 598 
key_index after (DPU 209) [0]= 211 [1]= 383 [2]= 589 [3]= 589 [4]= 589 [5]= 589 [6]= 589 [7]= 589 [8]= 589 [9]= 589 [10]= 589 [11]= 589 [12]= 589 
key_index after (DPU 210) [0]= 191 [1]= 372 [2]= 567 [3]= 567 [4]= 567 [5]= 567 [6]= 567 [7]= 567 [8]= 567 [9]= 567 [10]= 567 [11]= 567 [12]= 567 
key_index after (DPU 211) [0]= 162 [1]= 336 [2]= 522 [3]= 522 [4]= 522 [5]= 522 [6]= 522 [7]= 522 [8]= 522 [9]= 522 [10]= 522 [11]= 522 [12]= 522 
key_index after (DPU 212) [0]= 188 [1]= 371 [2]= 559 [3]= 559 [4]= 559 [5]= 559 [6]= 559 [7]= 559 [8]= 559 [9]= 559 [10]= 559 [11]= 559 [12]= 559 
key_index after (DPU 213) [0]= 211 [1]= 400 [2]= 569 [3]= 569 [4]= 569 [5]= 569 [6]= 569 [7]= 569 [8]= 569 [9]= 569 [10]= 569 [11]= 569 [12]= 569 
key_index after (DPU 214) [0]= 195 [1]= 368 [2]= 567 [3]= 567 [4]= 567 [5]= 567 [6]= 567 [7]= 567 [8]= 567 [9]= 567 [10]= 567 [11]= 567 [12]= 567 
key_index after (DPU 215) [0]= 221 [1]= 405 [2]= 585 [3]= 585 [4]= 585 [5]= 585 [6]= 585 [7]= 585 [8]= 585 [9]= 585 [10]= 585 [11]= 585 [12]= 585 
key_index after (DPU 216) [0]= 174 [1]= 347 [2]= 534 [3]= 534 [4]= 534 [5]= 534 [6]= 534 [7]= 534 [8]= 534 [9]= 534 [10]= 534 [11]= 534 [12]= 534 
key_index after (DPU 217) [0]= 181 [1]= 381 [2]= 576 [3]= 576 [4]= 576 [5]= 576 [6]= 576 [7]= 576 [8]= 576 [9]= 576 [10]= 576 [11]= 576 [12]= 576 
key_index after (DPU 218) [0]= 181 [1]= 368 [2]= 556 [3]= 556 [4]= 556 [5]= 556 [6]= 556 [7]= 556 [8]= 556 [9]= 556 [10]= 556 [11]= 556 [12]= 556 
key_index after (DPU 219) [0]= 184 [1]= 385 [2]= 579 [3]= 579 [4]= 579 [5]= 579 [6]= 579 [7]= 579 [8]= 579 [9]= 579 [10]= 579 [11]= 579 [12]= 579 
key_index after (DPU 220) [0]= 190 [1]= 383 [2]= 568 [3]= 568 [4]= 568 [5]= 568 [6]= 568 [7]= 568 [8]= 568 [9]= 568 [10]= 568 [11]= 568 [12]= 568 
key_index after (DPU 221) [0]= 172 [1]= 349 [2]= 517 [3]= 517 [4]= 517 [5]= 517 [6]= 517 [7]= 517 [8]= 517 [9]= 517 [10]= 517 [11]= 517 [12]= 517 
key_index after (DPU 222) [0]= 209 [1]= 385 [2]= 566 [3]= 566 [4]= 566 [5]= 566 [6]= 566 [7]= 566 [8]= 566 [9]= 566 [10]= 566 [11]= 566 [12]= 566 
key_index after (DPU 223) [0]= 197 [1]= 382 [2]= 560 [3]= 560 [4]= 560 [5]= 560 [6]= 560 [7]= 560 [8]= 560 [9]= 560 [10]= 560 [11]= 560 [12]= 560 
key_index after (DPU 224) [0]= 186 [1]= 362 [2]= 562 [3]= 562 [4]= 562 [5]= 562 [6]= 562 [7]= 562 [8]= 562 [9]= 562 [10]= 562 [11]= 562 [12]= 562 
key_index after (DPU 225) [0]= 161 [1]= 343 [2]= 533 [3]= 533 [4]= 533 [5]= 533 [6]= 533 [7]= 533 [8]= 533 [9]= 533 [10]= 533 [11]= 533 [12]= 533 
key_index after (DPU 226) [0]= 170 [1]= 360 [2]= 541 [3]= 541 [4]= 541 [5]= 541 [6]= 541 [7]= 541 [8]= 541 [9]= 541 [10]= 541 [11]= 541 [12]= 541 
key_index after (DPU 227) [0]= 197 [1]= 391 [2]= 598 [3]= 598 [4]= 598 [5]= 598 [6]= 598 [7]= 598 [8]= 598 [9]= 598 [10]= 598 [11]= 598 [12]= 598 
key_index after (DPU 228) [0]= 174 [1]= 368 [2]= 557 [3]= 557 [4]= 557 [5]= 557 [6]= 557 [7]= 557 [8]= 557 [9]= 557 [10]= 557 [11]= 557 [12]= 557 
key_index after (DPU 229) [0]= 198 [1]= 367 [2]= 526 [3]= 526 [4]= 526 [5]= 526 [6]= 526 [7]= 526 [8]= 526 [9]= 526 [10]= 526 [11]= 526 [12]= 526 
key_index after (DPU 230) [0]= 167 [1]= 345 [2]= 513 [3]= 513 [4]= 513 [5]= 513 [6]= 513 [7]= 513 [8]= 513 [9]= 513 [10]= 513 [11]= 513 [12]= 513 
key_index after (DPU 231) [0]= 204 [1]= 368 [2]= 529 [3]= 529 [4]= 529 [5]= 529 [6]= 529 [7]= 529 [8]= 529 [9]= 529 [10]= 529 [11]= 529 [12]= 529 
key_index after (DPU 232) [0]= 178 [1]= 367 [2]= 530 [3]= 530 [4]= 530 [5]= 530 [6]= 530 [7]= 530 [8]= 530 [9]= 530 [10]= 530 [11]= 530 [12]= 530 
key_index after (DPU 233) [0]= 190 [1]= 372 [2]= 585 [3]= 585 [4]= 585 [5]= 585 [6]= 585 [7]= 585 [8]= 585 [9]= 585 [10]= 585 [11]= 585 [12]= 585 
key_index after (DPU 234) [0]= 182 [1]= 365 [2]= 573 [3]= 573 [4]= 573 [5]= 573 [6]= 573 [7]= 573 [8]= 573 [9]= 573 [10]= 573 [11]= 573 [12]= 573 
key_index after (DPU 235) [0]= 190 [1]= 371 [2]= 529 [3]= 529 [4]= 529 [5]= 529 [6]= 529 [7]= 529 [8]= 529 [9]= 529 [10]= 529 [11]= 529 [12]= 529 
key_index after (DPU 236) [0]= 180 [1]= 331 [2]= 487 [3]= 487 [4]= 487 [5]= 487 [6]= 487 [7]= 487 [8]= 487 [9]= 487 [10]= 487 [11]= 487 [12]= 487 
key_index after (DPU 237) [0]= 169 [1]= 342 [2]= 498 [3]= 498 [4]= 498 [5]= 498 [6]= 498 [7]= 498 [8]= 498 [9]= 498 [10]= 498 [11]= 498 [12]= 498 
key_index after (DPU 238) [0]= 168 [1]= 327 [2]= 511 [3]= 511 [4]= 511 [5]= 511 [6]= 511 [7]= 511 [8]= 511 [9]= 511 [10]= 511 [11]= 511 [12]= 511 
key_index after (DPU 239) [0]= 165 [1]= 367 [2]= 526 [3]= 526 [4]= 526 [5]= 526 [6]= 526 [7]= 526 [8]= 526 [9]= 526 [10]= 526 [11]= 526 [12]= 526 
key_index after (DPU 240) [0]= 195 [1]= 350 [2]= 544 [3]= 544 [4]= 544 [5]= 544 [6]= 544 [7]= 544 [8]= 544 [9]= 544 [10]= 544 [11]= 544 [12]= 544 
key_index after (DPU 241) [0]= 158 [1]= 311 [2]= 483 [3]= 483 [4]= 483 [5]= 483 [6]= 483 [7]= 483 [8]= 483 [9]= 483 [10]= 483 [11]= 483 [12]= 483 
key_index after (DPU 242) [0]= 174 [1]= 346 [2]= 504 [3]= 504 [4]= 504 [5]= 504 [6]= 504 [7]= 504 [8]= 504 [9]= 504 [10]= 504 [11]= 504 [12]= 504 
key_index after (DPU 243) [0]= 191 [1]= 370 [2]= 530 [3]= 530 [4]= 530 [5]= 530 [6]= 530 [7]= 530 [8]= 530 [9]= 530 [10]= 530 [11]= 530 [12]= 530 
key_index after (DPU 244) [0]= 159 [1]= 325 [2]= 487 [3]= 487 [4]= 487 [5]= 487 [6]= 487 [7]= 487 [8]= 487 [9]= 487 [10]= 487 [11]= 487 [12]= 487 
key_index after (DPU 245) [0]= 173 [1]= 321 [2]= 487 [3]= 487 [4]= 487 [5]= 487 [6]= 487 [7]= 487 [8]= 487 [9]= 487 [10]= 487 [11]= 487 [12]= 487 
key_index after (DPU 246) [0]= 170 [1]= 332 [2]= 483 [3]= 483 [4]= 483 [5]= 483 [6]= 483 [7]= 483 [8]= 483 [9]= 483 [10]= 483 [11]= 483 [12]= 483 
key_index after (DPU 247) [0]= 164 [1]= 338 [2]= 510 [3]= 510 [4]= 510 [5]= 510 [6]= 510 [7]= 510 [8]= 510 [9]= 510 [10]= 510 [11]= 510 [12]= 510 
key_index after (DPU 248) [0]= 137 [1]= 306 [2]= 454 [3]= 454 [4]= 454 [5]= 454 [6]= 454 [7]= 454 [8]= 454 [9]= 454 [10]= 454 [11]= 454 [12]= 454 
key_index after (DPU 249) [0]= 154 [1]= 308 [2]= 469 [3]= 469 [4]= 469 [5]= 469 [6]= 469 [7]= 469 [8]= 469 [9]= 469 [10]= 469 [11]= 469 [12]= 469 
key_index after (DPU 250) [0]= 161 [1]= 315 [2]= 489 [3]= 489 [4]= 489 [5]= 489 [6]= 489 [7]= 489 [8]= 489 [9]= 489 [10]= 489 [11]= 489 [12]= 489 
key_index after (DPU 251) [0]= 164 [1]= 346 [2]= 503 [3]= 503 [4]= 503 [5]= 503 [6]= 503 [7]= 503 [8]= 503 [9]= 503 [10]= 503 [11]= 503 [12]= 503 
key_index after (DPU 252) [0]= 140 [1]= 295 [2]= 459 [3]= 459 [4]= 459 [5]= 459 [6]= 459 [7]= 459 [8]= 459 [9]= 459 [10]= 459 [11]= 459 [12]= 459 
key_index after (DPU 253) [0]= 165 [1]= 327 [2]= 500 [3]= 500 [4]= 500 [5]= 500 [6]= 500 [7]= 500 [8]= 500 [9]= 500 [10]= 500 [11]= 500 [12]= 500 
key_index after (DPU 254) [0]= 178 [1]= 342 [2]= 494 [3]= 494 [4]= 494 [5]= 494 [6]= 494 [7]= 494 [8]= 494 [9]= 494 [10]= 494 [11]= 494 [12]= 494 
key_index after (DPU 255) [0]= 168 [1]= 325 [2]= 519 [3]= 519 [4]= 519 [5]= 519 [6]= 519 [7]= 519 [8]= 519 [9]= 519 [10]= 519 [11]= 519 [12]= 519 
key_index after (DPU 256) [0]= 158 [1]= 329 [2]= 488 [3]= 488 [4]= 488 [5]= 488 [6]= 488 [7]= 488 [8]= 488 [9]= 488 [10]= 488 [11]= 488 [12]= 488 
key_index after (DPU 257) [0]= 176 [1]= 327 [2]= 503 [3]= 503 [4]= 503 [5]= 503 [6]= 503 [7]= 503 [8]= 503 [9]= 503 [10]= 503 [11]= 503 [12]= 503 
key_index after (DPU 258) [0]= 150 [1]= 286 [2]= 431 [3]= 431 [4]= 431 [5]= 431 [6]= 431 [7]= 431 [8]= 431 [9]= 431 [10]= 431 [11]= 431 [12]= 431 
key_index after (DPU 259) [0]= 174 [1]= 343 [2]= 485 [3]= 485 [4]= 485 [5]= 485 [6]= 485 [7]= 485 [8]= 485 [9]= 485 [10]= 485 [11]= 485 [12]= 485 
key_index after (DPU 260) [0]= 130 [1]= 261 [2]= 433 [3]= 433 [4]= 433 [5]= 433 [6]= 433 [7]= 433 [8]= 433 [9]= 433 [10]= 433 [11]= 433 [12]= 433 
key_index after (DPU 261) [0]= 165 [1]= 305 [2]= 469 [3]= 469 [4]= 469 [5]= 469 [6]= 469 [7]= 469 [8]= 469 [9]= 469 [10]= 469 [11]= 469 [12]= 469 
key_index after (DPU 262) [0]= 147 [1]= 301 [2]= 463 [3]= 463 [4]= 463 [5]= 463 [6]= 463 [7]= 463 [8]= 463 [9]= 463 [10]= 463 [11]= 463 [12]= 463 
key_index after (DPU 263) [0]= 137 [1]= 278 [2]= 416 [3]= 416 [4]= 416 [5]= 416 [6]= 416 [7]= 416 [8]= 416 [9]= 416 [10]= 416 [11]= 416 [12]= 416 
key_index after (DPU 264) [0]= 163 [1]= 320 [2]= 473 [3]= 473 [4]= 473 [5]= 473 [6]= 473 [7]= 473 [8]= 473 [9]= 473 [10]= 473 [11]= 473 [12]= 473 
key_index after (DPU 265) [0]= 143 [1]= 285 [2]= 419 [3]= 419 [4]= 419 [5]= 419 [6]= 419 [7]= 419 [8]= 419 [9]= 419 [10]= 419 [11]= 419 [12]= 419 
key_index after (DPU 266) [0]= 165 [1]= 324 [2]= 465 [3]= 465 [4]= 465 [5]= 465 [6]= 465 [7]= 465 [8]= 465 [9]= 465 [10]= 465 [11]= 465 [12]= 465 
key_index after (DPU 267) [0]= 140 [1]= 278 [2]= 424 [3]= 424 [4]= 424 [5]= 424 [6]= 424 [7]= 424 [8]= 424 [9]= 424 [10]= 424 [11]= 424 [12]= 424 
key_index after (DPU 268) [0]= 171 [1]= 316 [2]= 461 [3]= 461 [4]= 461 [5]= 461 [6]= 461 [7]= 461 [8]= 461 [9]= 461 [10]= 461 [11]= 461 [12]= 461 
key_index after (DPU 269) [0]= 151 [1]= 302 [2]= 451 [3]= 451 [4]= 451 [5]= 451 [6]= 451 [7]= 451 [8]= 451 [9]= 451 [10]= 451 [11]= 451 [12]= 451 
key_index after (DPU 270) [0]= 147 [1]= 274 [2]= 421 [3]= 421 [4]= 421 [5]= 421 [6]= 421 [7]= 421 [8]= 421 [9]= 421 [10]= 421 [11]= 421 [12]= 421 
key_index after (DPU 271) [0]= 155 [1]= 318 [2]= 461 [3]= 461 [4]= 461 [5]= 461 [6]= 461 [7]= 461 [8]= 461 [9]= 461 [10]= 461 [11]= 461 [12]= 461 
key_index after (DPU 272) [0]= 147 [1]= 297 [2]= 441 [3]= 441 [4]= 441 [5]= 441 [6]= 441 [7]= 441 [8]= 441 [9]= 441 [10]= 441 [11]= 441 [12]= 441 
key_index after (DPU 273) [0]= 154 [1]= 317 [2]= 479 [3]= 479 [4]= 479 [5]= 479 [6]= 479 [7]= 479 [8]= 479 [9]= 479 [10]= 479 [11]= 479 [12]= 479 
key_index after (DPU 274) [0]= 153 [1]= 309 [2]= 462 [3]= 462 [4]= 462 [5]= 462 [6]= 462 [7]= 462 [8]= 462 [9]= 462 [10]= 462 [11]= 462 [12]= 462 
key_index after (DPU 275) [0]= 141 [1]= 280 [2]= 416 [3]= 416 [4]= 416 [5]= 416 [6]= 416 [7]= 416 [8]= 416 [9]= 416 [10]= 416 [11]= 416 [12]= 416 
key_index after (DPU 276) [0]= 161 [1]= 297 [2]= 440 [3]= 440 [4]= 440 [5]= 440 [6]= 440 [7]= 440 [8]= 440 [9]= 440 [10]= 440 [11]= 440 [12]= 440 
key_index after (DPU 277) [0]= 151 [1]= 302 [2]= 453 [3]= 453 [4]= 453 [5]= 453 [6]= 453 [7]= 453 [8]= 453 [9]= 453 [10]= 453 [11]= 453 [12]= 453 
key_index after (DPU 278) [0]= 152 [1]= 294 [2]= 441 [3]= 441 [4]= 441 [5]= 441 [6]= 441 [7]= 441 [8]= 441 [9]= 441 [10]= 441 [11]= 441 [12]= 441 
key_index after (DPU 279) [0]= 149 [1]= 306 [2]= 479 [3]= 479 [4]= 479 [5]= 479 [6]= 479 [7]= 479 [8]= 479 [9]= 479 [10]= 479 [11]= 479 [12]= 479 
key_index after (DPU 280) [0]= 149 [1]= 282 [2]= 476 [3]= 476 [4]= 476 [5]= 476 [6]= 476 [7]= 476 [8]= 476 [9]= 476 [10]= 476 [11]= 476 [12]= 476 
key_index after (DPU 281) [0]= 111 [1]= 269 [2]= 393 [3]= 393 [4]= 393 [5]= 393 [6]= 393 [7]= 393 [8]= 393 [9]= 393 [10]= 393 [11]= 393 [12]= 393 
key_index after (DPU 282) [0]= 137 [1]= 273 [2]= 435 [3]= 435 [4]= 435 [5]= 435 [6]= 435 [7]= 435 [8]= 435 [9]= 435 [10]= 435 [11]= 435 [12]= 435 
key_index after (DPU 283) [0]= 139 [1]= 277 [2]= 444 [3]= 444 [4]= 444 [5]= 444 [6]= 444 [7]= 444 [8]= 444 [9]= 444 [10]= 444 [11]= 444 [12]= 444 
key_index after (DPU 284) [0]= 153 [1]= 310 [2]= 454 [3]= 454 [4]= 454 [5]= 454 [6]= 454 [7]= 454 [8]= 454 [9]= 454 [10]= 454 [11]= 454 [12]= 454 
key_index after (DPU 285) [0]= 140 [1]= 279 [2]= 426 [3]= 426 [4]= 426 [5]= 426 [6]= 426 [7]= 426 [8]= 426 [9]= 426 [10]= 426 [11]= 426 [12]= 426 
key_index after (DPU 286) [0]= 117 [1]= 270 [2]= 411 [3]= 411 [4]= 411 [5]= 411 [6]= 411 [7]= 411 [8]= 411 [9]= 411 [10]= 411 [11]= 411 [12]= 411 
key_index after (DPU 287) [0]= 148 [1]= 297 [2]= 435 [3]= 435 [4]= 435 [5]= 435 [6]= 435 [7]= 435 [8]= 435 [9]= 435 [10]= 435 [11]= 435 [12]= 435 
key_index after (DPU 288) [0]= 152 [1]= 293 [2]= 446 [3]= 446 [4]= 446 [5]= 446 [6]= 446 [7]= 446 [8]= 446 [9]= 446 [10]= 446 [11]= 446 [12]= 446 
key_index after (DPU 289) [0]= 134 [1]= 283 [2]= 428 [3]= 428 [4]= 428 [5]= 428 [6]= 428 [7]= 428 [8]= 428 [9]= 428 [10]= 428 [11]= 428 [12]= 428 
key_index after (DPU 290) [0]= 139 [1]= 262 [2]= 382 [3]= 382 [4]= 382 [5]= 382 [6]= 382 [7]= 382 [8]= 382 [9]= 382 [10]= 382 [11]= 382 [12]= 382 
key_index after (DPU 291) [0]= 133 [1]= 280 [2]= 424 [3]= 424 [4]= 424 [5]= 424 [6]= 424 [7]= 424 [8]= 424 [9]= 424 [10]= 424 [11]= 424 [12]= 424 
key_index after (DPU 292) [0]= 151 [1]= 281 [2]= 421 [3]= 421 [4]= 421 [5]= 421 [6]= 421 [7]= 421 [8]= 421 [9]= 421 [10]= 421 [11]= 421 [12]= 421 
key_index after (DPU 293) [0]= 127 [1]= 264 [2]= 435 [3]= 435 [4]= 435 [5]= 435 [6]= 435 [7]= 435 [8]= 435 [9]= 435 [10]= 435 [11]= 435 [12]= 435 
key_index after (DPU 294) [0]= 140 [1]= 297 [2]= 442 [3]= 442 [4]= 442 [5]= 442 [6]= 442 [7]= 442 [8]= 442 [9]= 442 [10]= 442 [11]= 442 [12]= 442 
key_index after (DPU 295) [0]= 129 [1]= 265 [2]= 404 [3]= 404 [4]= 404 [5]= 404 [6]= 404 [7]= 404 [8]= 404 [9]= 404 [10]= 404 [11]= 404 [12]= 404 
key_index after (DPU 296) [0]= 134 [1]= 269 [2]= 429 [3]= 429 [4]= 429 [5]= 429 [6]= 429 [7]= 429 [8]= 429 [9]= 429 [10]= 429 [11]= 429 [12]= 429 
key_index after (DPU 297) [0]= 136 [1]= 271 [2]= 394 [3]= 394 [4]= 394 [5]= 394 [6]= 394 [7]= 394 [8]= 394 [9]= 394 [10]= 394 [11]= 394 [12]= 394 
key_index after (DPU 298) [0]= 135 [1]= 261 [2]= 422 [3]= 422 [4]= 422 [5]= 422 [6]= 422 [7]= 422 [8]= 422 [9]= 422 [10]= 422 [11]= 422 [12]= 422 
key_index after (DPU 299) [0]= 138 [1]= 274 [2]= 421 [3]= 421 [4]= 421 [5]= 421 [6]= 421 [7]= 421 [8]= 421 [9]= 421 [10]= 421 [11]= 421 [12]= 421 
key_index after (DPU 300) [0]= 164 [1]= 314 [2]= 432 [3]= 432 [4]= 432 [5]= 432 [6]= 432 [7]= 432 [8]= 432 [9]= 432 [10]= 432 [11]= 432 [12]= 432 
key_index after (DPU 301) [0]= 122 [1]= 261 [2]= 413 [3]= 413 [4]= 413 [5]= 413 [6]= 413 [7]= 413 [8]= 413 [9]= 413 [10]= 413 [11]= 413 [12]= 413 
key_index after (DPU 302) [0]= 144 [1]= 263 [2]= 418 [3]= 418 [4]= 418 [5]= 418 [6]= 418 [7]= 418 [8]= 418 [9]= 418 [10]= 418 [11]= 418 [12]= 418 
key_index after (DPU 303) [0]= 141 [1]= 276 [2]= 407 [3]= 407 [4]= 407 [5]= 407 [6]= 407 [7]= 407 [8]= 407 [9]= 407 [10]= 407 [11]= 407 [12]= 407 
key_index after (DPU 304) [0]= 132 [1]= 270 [2]= 392 [3]= 392 [4]= 392 [5]= 392 [6]= 392 [7]= 392 [8]= 392 [9]= 392 [10]= 392 [11]= 392 [12]= 392 
key_index after (DPU 305) [0]= 128 [1]= 285 [2]= 390 [3]= 390 [4]= 390 [5]= 390 [6]= 390 [7]= 390 [8]= 390 [9]= 390 [10]= 390 [11]= 390 [12]= 390 
key_index after (DPU 306) [0]= 135 [1]= 241 [2]= 363 [3]= 363 [4]= 363 [5]= 363 [6]= 363 [7]= 363 [8]= 363 [9]= 363 [10]= 363 [11]= 363 [12]= 363 
key_index after (DPU 307) [0]= 134 [1]= 270 [2]= 400 [3]= 400 [4]= 400 [5]= 400 [6]= 400 [7]= 400 [8]= 400 [9]= 400 [10]= 400 [11]= 400 [12]= 400 
key_index after (DPU 308) [0]= 158 [1]= 294 [2]= 413 [3]= 413 [4]= 413 [5]= 413 [6]= 413 [7]= 413 [8]= 413 [9]= 413 [10]= 413 [11]= 413 [12]= 413 
key_index after (DPU 309) [0]= 131 [1]= 274 [2]= 410 [3]= 410 [4]= 410 [5]= 410 [6]= 410 [7]= 410 [8]= 410 [9]= 410 [10]= 410 [11]= 410 [12]= 410 
key_index after (DPU 310) [0]= 116 [1]= 258 [2]= 390 [3]= 390 [4]= 390 [5]= 390 [6]= 390 [7]= 390 [8]= 390 [9]= 390 [10]= 390 [11]= 390 [12]= 390 
key_index after (DPU 311) [0]= 145 [1]= 268 [2]= 376 [3]= 376 [4]= 376 [5]= 376 [6]= 376 [7]= 376 [8]= 376 [9]= 376 [10]= 376 [11]= 376 [12]= 376 
key_index after (DPU 312) [0]= 127 [1]= 266 [2]= 406 [3]= 406 [4]= 406 [5]= 406 [6]= 406 [7]= 406 [8]= 406 [9]= 406 [10]= 406 [11]= 406 [12]= 406 
key_index after (DPU 313) [0]= 117 [1]= 256 [2]= 383 [3]= 383 [4]= 383 [5]= 383 [6]= 383 [7]= 383 [8]= 383 [9]= 383 [10]= 383 [11]= 383 [12]= 383 
key_index after (DPU 314) [0]= 141 [1]= 269 [2]= 399 [3]= 399 [4]= 399 [5]= 399 [6]= 399 [7]= 399 [8]= 399 [9]= 399 [10]= 399 [11]= 399 [12]= 399 
key_index after (DPU 315) [0]= 123 [1]= 256 [2]= 394 [3]= 394 [4]= 394 [5]= 394 [6]= 394 [7]= 394 [8]= 394 [9]= 394 [10]= 394 [11]= 394 [12]= 394 
key_index after (DPU 316) [0]= 125 [1]= 247 [2]= 393 [3]= 393 [4]= 393 [5]= 393 [6]= 393 [7]= 393 [8]= 393 [9]= 393 [10]= 393 [11]= 393 [12]= 393 
key_index after (DPU 317) [0]= 152 [1]= 273 [2]= 408 [3]= 408 [4]= 408 [5]= 408 [6]= 408 [7]= 408 [8]= 408 [9]= 408 [10]= 408 [11]= 408 [12]= 408 
key_index after (DPU 318) [0]= 134 [1]= 248 [2]= 362 [3]= 362 [4]= 362 [5]= 362 [6]= 362 [7]= 362 [8]= 362 [9]= 362 [10]= 362 [11]= 362 [12]= 362 
key_index after (DPU 319) [0]= 125 [1]= 246 [2]= 372 [3]= 372 [4]= 372 [5]= 372 [6]= 372 [7]= 372 [8]= 372 [9]= 372 [10]= 372 [11]= 372 [12]= 372 
key_index after (DPU 320) [0]= 139 [1]= 274 [2]= 378 [3]= 378 [4]= 378 [5]= 378 [6]= 378 [7]= 378 [8]= 378 [9]= 378 [10]= 378 [11]= 378 [12]= 378 
key_index after (DPU 321) [0]= 104 [1]= 244 [2]= 382 [3]= 382 [4]= 382 [5]= 382 [6]= 382 [7]= 382 [8]= 382 [9]= 382 [10]= 382 [11]= 382 [12]= 382 
key_index after (DPU 322) [0]= 131 [1]= 247 [2]= 369 [3]= 369 [4]= 369 [5]= 369 [6]= 369 [7]= 369 [8]= 369 [9]= 369 [10]= 369 [11]= 369 [12]= 369 
key_index after (DPU 323) [0]= 128 [1]= 244 [2]= 356 [3]= 356 [4]= 356 [5]= 356 [6]= 356 [7]= 356 [8]= 356 [9]= 356 [10]= 356 [11]= 356 [12]= 356 
key_index after (DPU 324) [0]= 126 [1]= 238 [2]= 372 [3]= 372 [4]= 372 [5]= 372 [6]= 372 [7]= 372 [8]= 372 [9]= 372 [10]= 372 [11]= 372 [12]= 372 
key_index after (DPU 325) [0]= 115 [1]= 252 [2]= 375 [3]= 375 [4]= 375 [5]= 375 [6]= 375 [7]= 375 [8]= 375 [9]= 375 [10]= 375 [11]= 375 [12]= 375 
key_index after (DPU 326) [0]= 156 [1]= 285 [2]= 399 [3]= 399 [4]= 399 [5]= 399 [6]= 399 [7]= 399 [8]= 399 [9]= 399 [10]= 399 [11]= 399 [12]= 399 
key_index after (DPU 327) [0]= 113 [1]= 238 [2]= 365 [3]= 365 [4]= 365 [5]= 365 [6]= 365 [7]= 365 [8]= 365 [9]= 365 [10]= 365 [11]= 365 [12]= 365 
key_index after (DPU 328) [0]= 111 [1]= 213 [2]= 347 [3]= 347 [4]= 347 [5]= 347 [6]= 347 [7]= 347 [8]= 347 [9]= 347 [10]= 347 [11]= 347 [12]= 347 
key_index after (DPU 329) [0]= 116 [1]= 219 [2]= 355 [3]= 355 [4]= 355 [5]= 355 [6]= 355 [7]= 355 [8]= 355 [9]= 355 [10]= 355 [11]= 355 [12]= 355 
key_index after (DPU 330) [0]= 132 [1]= 258 [2]= 378 [3]= 378 [4]= 378 [5]= 378 [6]= 378 [7]= 378 [8]= 378 [9]= 378 [10]= 378 [11]= 378 [12]= 378 
key_index after (DPU 331) [0]= 129 [1]= 253 [2]= 361 [3]= 361 [4]= 361 [5]= 361 [6]= 361 [7]= 361 [8]= 361 [9]= 361 [10]= 361 [11]= 361 [12]= 361 
key_index after (DPU 332) [0]= 108 [1]= 244 [2]= 371 [3]= 371 [4]= 371 [5]= 371 [6]= 371 [7]= 371 [8]= 371 [9]= 371 [10]= 371 [11]= 371 [12]= 371 
key_index after (DPU 333) [0]= 125 [1]= 252 [2]= 385 [3]= 385 [4]= 385 [5]= 385 [6]= 385 [7]= 385 [8]= 385 [9]= 385 [10]= 385 [11]= 385 [12]= 385 
key_index after (DPU 334) [0]= 124 [1]= 256 [2]= 384 [3]= 384 [4]= 384 [5]= 384 [6]= 384 [7]= 384 [8]= 384 [9]= 384 [10]= 384 [11]= 384 [12]= 384 
key_index after (DPU 335) [0]= 122 [1]= 250 [2]= 368 [3]= 368 [4]= 368 [5]= 368 [6]= 368 [7]= 368 [8]= 368 [9]= 368 [10]= 368 [11]= 368 [12]= 368 
key_index after (DPU 336) [0]= 137 [1]= 273 [2]= 379 [3]= 379 [4]= 379 [5]= 379 [6]= 379 [7]= 379 [8]= 379 [9]= 379 [10]= 379 [11]= 379 [12]= 379 
key_index after (DPU 337) [0]= 108 [1]= 225 [2]= 355 [3]= 355 [4]= 355 [5]= 355 [6]= 355 [7]= 355 [8]= 355 [9]= 355 [10]= 355 [11]= 355 [12]= 355 
key_index after (DPU 338) [0]= 102 [1]= 216 [2]= 332 [3]= 332 [4]= 332 [5]= 332 [6]= 332 [7]= 332 [8]= 332 [9]= 332 [10]= 332 [11]= 332 [12]= 332 
key_index after (DPU 339) [0]= 117 [1]= 228 [2]= 325 [3]= 325 [4]= 325 [5]= 325 [6]= 325 [7]= 325 [8]= 325 [9]= 325 [10]= 325 [11]= 325 [12]= 325 
key_index after (DPU 340) [0]= 119 [1]= 241 [2]= 363 [3]= 363 [4]= 363 [5]= 363 [6]= 363 [7]= 363 [8]= 363 [9]= 363 [10]= 363 [11]= 363 [12]= 363 
key_index after (DPU 341) [0]= 125 [1]= 230 [2]= 328 [3]= 328 [4]= 328 [5]= 328 [6]= 328 [7]= 328 [8]= 328 [9]= 328 [10]= 328 [11]= 328 [12]= 328 
key_index after (DPU 342) [0]= 124 [1]= 243 [2]= 364 [3]= 364 [4]= 364 [5]= 364 [6]= 364 [7]= 364 [8]= 364 [9]= 364 [10]= 364 [11]= 364 [12]= 364 
key_index after (DPU 343) [0]= 112 [1]= 214 [2]= 338 [3]= 338 [4]= 338 [5]= 338 [6]= 338 [7]= 338 [8]= 338 [9]= 338 [10]= 338 [11]= 338 [12]= 338 
key_index after (DPU 344) [0]= 136 [1]= 257 [2]= 392 [3]= 392 [4]= 392 [5]= 392 [6]= 392 [7]= 392 [8]= 392 [9]= 392 [10]= 392 [11]= 392 [12]= 392 
key_index after (DPU 345) [0]= 112 [1]= 239 [2]= 343 [3]= 343 [4]= 343 [5]= 343 [6]= 343 [7]= 343 [8]= 343 [9]= 343 [10]= 343 [11]= 343 [12]= 343 
key_index after (DPU 346) [0]= 125 [1]= 254 [2]= 360 [3]= 360 [4]= 360 [5]= 360 [6]= 360 [7]= 360 [8]= 360 [9]= 360 [10]= 360 [11]= 360 [12]= 360 
key_index after (DPU 347) [0]= 113 [1]= 225 [2]= 318 [3]= 318 [4]= 318 [5]= 318 [6]= 318 [7]= 318 [8]= 318 [9]= 318 [10]= 318 [11]= 318 [12]= 318 
key_index after (DPU 348) [0]= 107 [1]= 238 [2]= 347 [3]= 347 [4]= 347 [5]= 347 [6]= 347 [7]= 347 [8]= 347 [9]= 347 [10]= 347 [11]= 347 [12]= 347 
key_index after (DPU 349) [0]= 135 [1]= 242 [2]= 355 [3]= 355 [4]= 355 [5]= 355 [6]= 355 [7]= 355 [8]= 355 [9]= 355 [10]= 355 [11]= 355 [12]= 355 
key_index after (DPU 350) [0]= 108 [1]= 220 [2]= 330 [3]= 330 [4]= 330 [5]= 330 [6]= 330 [7]= 330 [8]= 330 [9]= 330 [10]= 330 [11]= 330 [12]= 330 
key_index after (DPU 351) [0]= 103 [1]= 226 [2]= 352 [3]= 352 [4]= 352 [5]= 352 [6]= 352 [7]= 352 [8]= 352 [9]= 352 [10]= 352 [11]= 352 [12]= 352 
key_index after (DPU 352) [0]= 109 [1]= 236 [2]= 361 [3]= 361 [4]= 361 [5]= 361 [6]= 361 [7]= 361 [8]= 361 [9]= 361 [10]= 361 [11]= 361 [12]= 361 
key_index after (DPU 353) [0]= 121 [1]= 235 [2]= 349 [3]= 349 [4]= 349 [5]= 349 [6]= 349 [7]= 349 [8]= 349 [9]= 349 [10]= 349 [11]= 349 [12]= 349 
key_index after (DPU 354) [0]= 123 [1]= 240 [2]= 356 [3]= 356 [4]= 356 [5]= 356 [6]= 356 [7]= 356 [8]= 356 [9]= 356 [10]= 356 [11]= 356 [12]= 356 
key_index after (DPU 355) [0]= 122 [1]= 236 [2]= 350 [3]= 350 [4]= 350 [5]= 350 [6]= 350 [7]= 350 [8]= 350 [9]= 350 [10]= 350 [11]= 350 [12]= 350 
key_index after (DPU 356) [0]= 118 [1]= 227 [2]= 347 [3]= 347 [4]= 347 [5]= 347 [6]= 347 [7]= 347 [8]= 347 [9]= 347 [10]= 347 [11]= 347 [12]= 347 
key_index after (DPU 357) [0]= 100 [1]= 200 [2]= 312 [3]= 312 [4]= 312 [5]= 312 [6]= 312 [7]= 312 [8]= 312 [9]= 312 [10]= 312 [11]= 312 [12]= 312 
key_index after (DPU 358) [0]= 119 [1]= 222 [2]= 324 [3]= 324 [4]= 324 [5]= 324 [6]= 324 [7]= 324 [8]= 324 [9]= 324 [10]= 324 [11]= 324 [12]= 324 
key_index after (DPU 359) [0]=  97 [1]= 205 [2]= 312 [3]= 312 [4]= 312 [5]= 312 [6]= 312 [7]= 312 [8]= 312 [9]= 312 [10]= 312 [11]= 312 [12]= 312 
key_index after (DPU 360) [0]= 144 [1]= 277 [2]= 408 [3]= 408 [4]= 408 [5]= 408 [6]= 408 [7]= 408 [8]= 408 [9]= 408 [10]= 408 [11]= 408 [12]= 408 
key_index after (DPU 361) [0]= 123 [1]= 250 [2]= 338 [3]= 338 [4]= 338 [5]= 338 [6]= 338 [7]= 338 [8]= 338 [9]= 338 [10]= 338 [11]= 338 [12]= 338 
key_index after (DPU 362) [0]=  99 [1]= 201 [2]= 314 [3]= 314 [4]= 314 [5]= 314 [6]= 314 [7]= 314 [8]= 314 [9]= 314 [10]= 314 [11]= 314 [12]= 314 
key_index after (DPU 363) [0]= 110 [1]= 218 [2]= 353 [3]= 353 [4]= 353 [5]= 353 [6]= 353 [7]= 353 [8]= 353 [9]= 353 [10]= 353 [11]= 353 [12]= 353 
key_index after (DPU 364) [0]=  99 [1]= 209 [2]= 314 [3]= 314 [4]= 314 [5]= 314 [6]= 314 [7]= 314 [8]= 314 [9]= 314 [10]= 314 [11]= 314 [12]= 314 
key_index after (DPU 365) [0]= 119 [1]= 231 [2]= 341 [3]= 341 [4]= 341 [5]= 341 [6]= 341 [7]= 341 [8]= 341 [9]= 341 [10]= 341 [11]= 341 [12]= 341 
key_index after (DPU 366) [0]= 120 [1]= 233 [2]= 347 [3]= 347 [4]= 347 [5]= 347 [6]= 347 [7]= 347 [8]= 347 [9]= 347 [10]= 347 [11]= 347 [12]= 347 
key_index after (DPU 367) [0]= 115 [1]= 221 [2]= 344 [3]= 344 [4]= 344 [5]= 344 [6]= 344 [7]= 344 [8]= 344 [9]= 344 [10]= 344 [11]= 344 [12]= 344 
key_index after (DPU 368) [0]= 134 [1]= 259 [2]= 348 [3]= 348 [4]= 348 [5]= 348 [6]= 348 [7]= 348 [8]= 348 [9]= 348 [10]= 348 [11]= 348 [12]= 348 
key_index after (DPU 369) [0]= 117 [1]= 221 [2]= 341 [3]= 341 [4]= 341 [5]= 341 [6]= 341 [7]= 341 [8]= 341 [9]= 341 [10]= 341 [11]= 341 [12]= 341 
key_index after (DPU 370) [0]= 102 [1]= 210 [2]= 321 [3]= 321 [4]= 321 [5]= 321 [6]= 321 [7]= 321 [8]= 321 [9]= 321 [10]= 321 [11]= 321 [12]= 321 
key_index after (DPU 371) [0]=  92 [1]= 203 [2]= 296 [3]= 296 [4]= 296 [5]= 296 [6]= 296 [7]= 296 [8]= 296 [9]= 296 [10]= 296 [11]= 296 [12]= 296 
key_index after (DPU 372) [0]= 120 [1]= 225 [2]= 343 [3]= 343 [4]= 343 [5]= 343 [6]= 343 [7]= 343 [8]= 343 [9]= 343 [10]= 343 [11]= 343 [12]= 343 
key_index after (DPU 373) [0]=  94 [1]= 183 [2]= 306 [3]= 306 [4]= 306 [5]= 306 [6]= 306 [7]= 306 [8]= 306 [9]= 306 [10]= 306 [11]= 306 [12]= 306 
key_index after (DPU 374) [0]= 108 [1]= 213 [2]= 324 [3]= 324 [4]= 324 [5]= 324 [6]= 324 [7]= 324 [8]= 324 [9]= 324 [10]= 324 [11]= 324 [12]= 324 
key_index after (DPU 375) [0]=  97 [1]= 200 [2]= 315 [3]= 315 [4]= 315 [5]= 315 [6]= 315 [7]= 315 [8]= 315 [9]= 315 [10]= 315 [11]= 315 [12]= 315 
key_index after (DPU 376) [0]= 109 [1]= 203 [2]= 316 [3]= 316 [4]= 316 [5]= 316 [6]= 316 [7]= 316 [8]= 316 [9]= 316 [10]= 316 [11]= 316 [12]= 316 
key_index after (DPU 377) [0]= 102 [1]= 223 [2]= 340 [3]= 340 [4]= 340 [5]= 340 [6]= 340 [7]= 340 [8]= 340 [9]= 340 [10]= 340 [11]= 340 [12]= 340 
key_index after (DPU 378) [0]=  82 [1]= 210 [2]= 321 [3]= 321 [4]= 321 [5]= 321 [6]= 321 [7]= 321 [8]= 321 [9]= 321 [10]= 321 [11]= 321 [12]= 321 
key_index after (DPU 379) [0]= 131 [1]= 223 [2]= 320 [3]= 320 [4]= 320 [5]= 320 [6]= 320 [7]= 320 [8]= 320 [9]= 320 [10]= 320 [11]= 320 [12]= 320 
key_index after (DPU 380) [0]= 103 [1]= 210 [2]= 322 [3]= 322 [4]= 322 [5]= 322 [6]= 322 [7]= 322 [8]= 322 [9]= 322 [10]= 322 [11]= 322 [12]= 322 
key_index after (DPU 381) [0]= 113 [1]= 215 [2]= 315 [3]= 315 [4]= 315 [5]= 315 [6]= 315 [7]= 315 [8]= 315 [9]= 315 [10]= 315 [11]= 315 [12]= 315 
key_index after (DPU 382) [0]= 105 [1]= 212 [2]= 313 [3]= 313 [4]= 313 [5]= 313 [6]= 313 [7]= 313 [8]= 313 [9]= 313 [10]= 313 [11]= 313 [12]= 313 
key_index after (DPU 383) [0]= 106 [1]= 221 [2]= 330 [3]= 330 [4]= 330 [5]= 330 [6]= 330 [7]= 330 [8]= 330 [9]= 330 [10]= 330 [11]= 330 [12]= 330 
key_index after (DPU 384) [0]= 107 [1]= 216 [2]= 326 [3]= 326 [4]= 326 [5]= 326 [6]= 326 [7]= 326 [8]= 326 [9]= 326 [10]= 326 [11]= 326 [12]= 326 
key_index after (DPU 385) [0]= 102 [1]= 201 [2]= 299 [3]= 299 [4]= 299 [5]= 299 [6]= 299 [7]= 299 [8]= 299 [9]= 299 [10]= 299 [11]= 299 [12]= 299 
key_index after (DPU 386) [0]= 107 [1]= 215 [2]= 322 [3]= 322 [4]= 322 [5]= 322 [6]= 322 [7]= 322 [8]= 322 [9]= 322 [10]= 322 [11]= 322 [12]= 322 
key_index after (DPU 387) [0]= 104 [1]= 226 [2]= 330 [3]= 330 [4]= 330 [5]= 330 [6]= 330 [7]= 330 [8]= 330 [9]= 330 [10]= 330 [11]= 330 [12]= 330 
key_index after (DPU 388) [0]= 121 [1]= 225 [2]= 342 [3]= 342 [4]= 342 [5]= 342 [6]= 342 [7]= 342 [8]= 342 [9]= 342 [10]= 342 [11]= 342 [12]= 342 
key_index after (DPU 389) [0]= 101 [1]= 224 [2]= 317 [3]= 317 [4]= 317 [5]= 317 [6]= 317 [7]= 317 [8]= 317 [9]= 317 [10]= 317 [11]= 317 [12]= 317 
key_index after (DPU 390) [0]=  91 [1]= 203 [2]= 303 [3]= 303 [4]= 303 [5]= 303 [6]= 303 [7]= 303 [8]= 303 [9]= 303 [10]= 303 [11]= 303 [12]= 303 
key_index after (DPU 391) [0]= 113 [1]= 217 [2]= 322 [3]= 322 [4]= 322 [5]= 322 [6]= 322 [7]= 322 [8]= 322 [9]= 322 [10]= 322 [11]= 322 [12]= 322 
key_index after (DPU 392) [0]=  96 [1]= 189 [2]= 294 [3]= 294 [4]= 294 [5]= 294 [6]= 294 [7]= 294 [8]= 294 [9]= 294 [10]= 294 [11]= 294 [12]= 294 
key_index after (DPU 393) [0]=  95 [1]= 197 [2]= 318 [3]= 318 [4]= 318 [5]= 318 [6]= 318 [7]= 318 [8]= 318 [9]= 318 [10]= 318 [11]= 318 [12]= 318 
key_index after (DPU 394) [0]= 111 [1]= 202 [2]= 306 [3]= 306 [4]= 306 [5]= 306 [6]= 306 [7]= 306 [8]= 306 [9]= 306 [10]= 306 [11]= 306 [12]= 306 
key_index after (DPU 395) [0]= 118 [1]= 207 [2]= 320 [3]= 320 [4]= 320 [5]= 320 [6]= 320 [7]= 320 [8]= 320 [9]= 320 [10]= 320 [11]= 320 [12]= 320 
key_index after (DPU 396) [0]=  92 [1]= 192 [2]= 303 [3]= 303 [4]= 303 [5]= 303 [6]= 303 [7]= 303 [8]= 303 [9]= 303 [10]= 303 [11]= 303 [12]= 303 
key_index after (DPU 397) [0]= 121 [1]= 212 [2]= 309 [3]= 309 [4]= 309 [5]= 309 [6]= 309 [7]= 309 [8]= 309 [9]= 309 [10]= 309 [11]= 309 [12]= 309 
key_index after (DPU 398) [0]=  99 [1]= 196 [2]= 312 [3]= 312 [4]= 312 [5]= 312 [6]= 312 [7]= 312 [8]= 312 [9]= 312 [10]= 312 [11]= 312 [12]= 312 
key_index after (DPU 399) [0]= 113 [1]= 226 [2]= 332 [3]= 332 [4]= 332 [5]= 332 [6]= 332 [7]= 332 [8]= 332 [9]= 332 [10]= 332 [11]= 332 [12]= 332 
key_index after (DPU 400) [0]= 100 [1]= 225 [2]= 315 [3]= 315 [4]= 315 [5]= 315 [6]= 315 [7]= 315 [8]= 315 [9]= 315 [10]= 315 [11]= 315 [12]= 315 
key_index after (DPU 401) [0]= 115 [1]= 211 [2]= 323 [3]= 323 [4]= 323 [5]= 323 [6]= 323 [7]= 323 [8]= 323 [9]= 323 [10]= 323 [11]= 323 [12]= 323 
key_index after (DPU 402) [0]=  79 [1]= 166 [2]= 252 [3]= 252 [4]= 252 [5]= 252 [6]= 252 [7]= 252 [8]= 252 [9]= 252 [10]= 252 [11]= 252 [12]= 252 
key_index after (DPU 403) [0]=  96 [1]= 190 [2]= 286 [3]= 286 [4]= 286 [5]= 286 [6]= 286 [7]= 286 [8]= 286 [9]= 286 [10]= 286 [11]= 286 [12]= 286 
key_index after (DPU 404) [0]= 111 [1]= 205 [2]= 305 [3]= 305 [4]= 305 [5]= 305 [6]= 305 [7]= 305 [8]= 305 [9]= 305 [10]= 305 [11]= 305 [12]= 305 
key_index after (DPU 405) [0]= 105 [1]= 196 [2]= 284 [3]= 284 [4]= 284 [5]= 284 [6]= 284 [7]= 284 [8]= 284 [9]= 284 [10]= 284 [11]= 284 [12]= 284 
key_index after (DPU 406) [0]= 118 [1]= 203 [2]= 304 [3]= 304 [4]= 304 [5]= 304 [6]= 304 [7]= 304 [8]= 304 [9]= 304 [10]= 304 [11]= 304 [12]= 304 
key_index after (DPU 407) [0]=  99 [1]= 212 [2]= 301 [3]= 301 [4]= 301 [5]= 301 [6]= 301 [7]= 301 [8]= 301 [9]= 301 [10]= 301 [11]= 301 [12]= 301 
key_index after (DPU 408) [0]= 109 [1]= 207 [2]= 302 [3]= 302 [4]= 302 [5]= 302 [6]= 302 [7]= 302 [8]= 302 [9]= 302 [10]= 302 [11]= 302 [12]= 302 
key_index after (DPU 409) [0]=  79 [1]= 173 [2]= 274 [3]= 274 [4]= 274 [5]= 274 [6]= 274 [7]= 274 [8]= 274 [9]= 274 [10]= 274 [11]= 274 [12]= 274 
key_index after (DPU 410) [0]=  99 [1]= 209 [2]= 313 [3]= 313 [4]= 313 [5]= 313 [6]= 313 [7]= 313 [8]= 313 [9]= 313 [10]= 313 [11]= 313 [12]= 313 
key_index after (DPU 411) [0]=  96 [1]= 194 [2]= 284 [3]= 284 [4]= 284 [5]= 284 [6]= 284 [7]= 284 [8]= 284 [9]= 284 [10]= 284 [11]= 284 [12]= 284 
key_index after (DPU 412) [0]= 104 [1]= 198 [2]= 303 [3]= 303 [4]= 303 [5]= 303 [6]= 303 [7]= 303 [8]= 303 [9]= 303 [10]= 303 [11]= 303 [12]= 303 
key_index after (DPU 413) [0]= 101 [1]= 186 [2]= 286 [3]= 286 [4]= 286 [5]= 286 [6]= 286 [7]= 286 [8]= 286 [9]= 286 [10]= 286 [11]= 286 [12]= 286 
key_index after (DPU 414) [0]=  92 [1]= 187 [2]= 295 [3]= 295 [4]= 295 [5]= 295 [6]= 295 [7]= 295 [8]= 295 [9]= 295 [10]= 295 [11]= 295 [12]= 295 
key_index after (DPU 415) [0]= 106 [1]= 215 [2]= 313 [3]= 313 [4]= 313 [5]= 313 [6]= 313 [7]= 313 [8]= 313 [9]= 313 [10]= 313 [11]= 313 [12]= 313 
key_index after (DPU 416) [0]=  75 [1]= 184 [2]= 299 [3]= 299 [4]= 299 [5]= 299 [6]= 299 [7]= 299 [8]= 299 [9]= 299 [10]= 299 [11]= 299 [12]= 299 
key_index after (DPU 417) [0]=  95 [1]= 189 [2]= 288 [3]= 288 [4]= 288 [5]= 288 [6]= 288 [7]= 288 [8]= 288 [9]= 288 [10]= 288 [11]= 288 [12]= 288 
key_index after (DPU 418) [0]=  86 [1]= 178 [2]= 285 [3]= 285 [4]= 285 [5]= 285 [6]= 285 [7]= 285 [8]= 285 [9]= 285 [10]= 285 [11]= 285 [12]= 285 
key_index after (DPU 419) [0]= 104 [1]= 196 [2]= 312 [3]= 312 [4]= 312 [5]= 312 [6]= 312 [7]= 312 [8]= 312 [9]= 312 [10]= 312 [11]= 312 [12]= 312 
key_index after (DPU 420) [0]=  86 [1]= 166 [2]= 265 [3]= 265 [4]= 265 [5]= 265 [6]= 265 [7]= 265 [8]= 265 [9]= 265 [10]= 265 [11]= 265 [12]= 265 
key_index after (DPU 421) [0]=  97 [1]= 175 [2]= 272 [3]= 272 [4]= 272 [5]= 272 [6]= 272 [7]= 272 [8]= 272 [9]= 272 [10]= 272 [11]= 272 [12]= 272 
key_index after (DPU 422) [0]=  96 [1]= 187 [2]= 292 [3]= 292 [4]= 292 [5]= 292 [6]= 292 [7]= 292 [8]= 292 [9]= 292 [10]= 292 [11]= 292 [12]= 292 
key_index after (DPU 423) [0]=  88 [1]= 192 [2]= 279 [3]= 279 [4]= 279 [5]= 279 [6]= 279 [7]= 279 [8]= 279 [9]= 279 [10]= 279 [11]= 279 [12]= 279 
key_index after (DPU 424) [0]=  87 [1]= 174 [2]= 256 [3]= 256 [4]= 256 [5]= 256 [6]= 256 [7]= 256 [8]= 256 [9]= 256 [10]= 256 [11]= 256 [12]= 256 
key_index after (DPU 425) [0]=  98 [1]= 187 [2]= 289 [3]= 289 [4]= 289 [5]= 289 [6]= 289 [7]= 289 [8]= 289 [9]= 289 [10]= 289 [11]= 289 [12]= 289 
key_index after (DPU 426) [0]=  99 [1]= 174 [2]= 280 [3]= 280 [4]= 280 [5]= 280 [6]= 280 [7]= 280 [8]= 280 [9]= 280 [10]= 280 [11]= 280 [12]= 280 
key_index after (DPU 427) [0]= 103 [1]= 199 [2]= 303 [3]= 303 [4]= 303 [5]= 303 [6]= 303 [7]= 303 [8]= 303 [9]= 303 [10]= 303 [11]= 303 [12]= 303 
key_index after (DPU 428) [0]=  96 [1]= 177 [2]= 275 [3]= 275 [4]= 275 [5]= 275 [6]= 275 [7]= 275 [8]= 275 [9]= 275 [10]= 275 [11]= 275 [12]= 275 
key_index after (DPU 429) [0]=  85 [1]= 193 [2]= 284 [3]= 284 [4]= 284 [5]= 284 [6]= 284 [7]= 284 [8]= 284 [9]= 284 [10]= 284 [11]= 284 [12]= 284 
key_index after (DPU 430) [0]=  89 [1]= 187 [2]= 284 [3]= 284 [4]= 284 [5]= 284 [6]= 284 [7]= 284 [8]= 284 [9]= 284 [10]= 284 [11]= 284 [12]= 284 
key_index after (DPU 431) [0]= 104 [1]= 205 [2]= 301 [3]= 301 [4]= 301 [5]= 301 [6]= 301 [7]= 301 [8]= 301 [9]= 301 [10]= 301 [11]= 301 [12]= 301 
key_index after (DPU 432) [0]= 105 [1]= 203 [2]= 291 [3]= 291 [4]= 291 [5]= 291 [6]= 291 [7]= 291 [8]= 291 [9]= 291 [10]= 291 [11]= 291 [12]= 291 
key_index after (DPU 433) [0]=  96 [1]= 185 [2]= 277 [3]= 277 [4]= 277 [5]= 277 [6]= 277 [7]= 277 [8]= 277 [9]= 277 [10]= 277 [11]= 277 [12]= 277 
key_index after (DPU 434) [0]=  95 [1]= 193 [2]= 285 [3]= 285 [4]= 285 [5]= 285 [6]= 285 [7]= 285 [8]= 285 [9]= 285 [10]= 285 [11]= 285 [12]= 285 
key_index after (DPU 435) [0]=  78 [1]= 168 [2]= 257 [3]= 257 [4]= 257 [5]= 257 [6]= 257 [7]= 257 [8]= 257 [9]= 257 [10]= 257 [11]= 257 [12]= 257 
key_index after (DPU 436) [0]=  97 [1]= 210 [2]= 311 [3]= 311 [4]= 311 [5]= 311 [6]= 311 [7]= 311 [8]= 311 [9]= 311 [10]= 311 [11]= 311 [12]= 311 
key_index after (DPU 437) [0]= 108 [1]= 205 [2]= 297 [3]= 297 [4]= 297 [5]= 297 [6]= 297 [7]= 297 [8]= 297 [9]= 297 [10]= 297 [11]= 297 [12]= 297 
key_index after (DPU 438) [0]= 108 [1]= 214 [2]= 311 [3]= 311 [4]= 311 [5]= 311 [6]= 311 [7]= 311 [8]= 311 [9]= 311 [10]= 311 [11]= 311 [12]= 311 
key_index after (DPU 439) [0]=  97 [1]= 200 [2]= 296 [3]= 296 [4]= 296 [5]= 296 [6]= 296 [7]= 296 [8]= 296 [9]= 296 [10]= 296 [11]= 296 [12]= 296 
key_index after (DPU 440) [0]= 100 [1]= 194 [2]= 296 [3]= 296 [4]= 296 [5]= 296 [6]= 296 [7]= 296 [8]= 296 [9]= 296 [10]= 296 [11]= 296 [12]= 296 
key_index after (DPU 441) [0]= 109 [1]= 203 [2]= 290 [3]= 290 [4]= 290 [5]= 290 [6]= 290 [7]= 290 [8]= 290 [9]= 290 [10]= 290 [11]= 290 [12]= 290 
key_index after (DPU 442) [0]=  77 [1]= 180 [2]= 260 [3]= 260 [4]= 260 [5]= 260 [6]= 260 [7]= 260 [8]= 260 [9]= 260 [10]= 260 [11]= 260 [12]= 260 
key_index after (DPU 443) [0]=  85 [1]= 191 [2]= 296 [3]= 296 [4]= 296 [5]= 296 [6]= 296 [7]= 296 [8]= 296 [9]= 296 [10]= 296 [11]= 296 [12]= 296 
key_index after (DPU 444) [0]= 108 [1]= 196 [2]= 283 [3]= 283 [4]= 283 [5]= 283 [6]= 283 [7]= 283 [8]= 283 [9]= 283 [10]= 283 [11]= 283 [12]= 283 
key_index after (DPU 445) [0]=  85 [1]= 169 [2]= 265 [3]= 265 [4]= 265 [5]= 265 [6]= 265 [7]= 265 [8]= 265 [9]= 265 [10]= 265 [11]= 265 [12]= 265 
key_index after (DPU 446) [0]=  70 [1]= 151 [2]= 221 [3]=139002 [4]=139002 [5]=139002 [6]=139002 [7]=139002 [8]=139002 [9]=139002 [10]=139002 [11]=139002 [12]=139002 
key_index after (DPU 447) [0]=  79 [1]= 166 [2]= 265 [3]= 265 [4]= 265 [5]= 265 [6]= 265 [7]= 265 [8]= 265 [9]= 265 [10]= 265 [11]= 265 [12]= 265 
key_index after (DPU 448) [0]=  93 [1]= 174 [2]= 275 [3]= 275 [4]= 275 [5]= 275 [6]= 275 [7]= 275 [8]= 275 [9]= 275 [10]= 275 [11]= 275 [12]= 275 
key_index after (DPU 449) [0]=  79 [1]= 178 [2]= 273 [3]= 273 [4]= 273 [5]= 273 [6]= 273 [7]= 273 [8]= 273 [9]= 273 [10]= 273 [11]= 273 [12]= 273 
key_index after (DPU 450) [0]=  86 [1]= 175 [2]= 271 [3]= 271 [4]= 271 [5]= 271 [6]= 271 [7]= 271 [8]= 271 [9]= 271 [10]= 271 [11]= 271 [12]= 271 
key_index after (DPU 451) [0]=  87 [1]= 188 [2]= 261 [3]= 261 [4]= 261 [5]= 261 [6]= 261 [7]= 261 [8]= 261 [9]= 261 [10]= 261 [11]= 261 [12]= 261 
key_index after (DPU 452) [0]=  83 [1]= 179 [2]= 261 [3]= 261 [4]= 261 [5]= 261 [6]= 261 [7]= 261 [8]= 261 [9]= 261 [10]= 261 [11]= 261 [12]= 261 
key_index after (DPU 453) [0]=  73 [1]= 157 [2]= 263 [3]= 263 [4]= 263 [5]= 263 [6]= 263 [7]= 263 [8]= 263 [9]= 263 [10]= 263 [11]= 263 [12]= 263 
key_index after (DPU 454) [0]=  91 [1]= 176 [2]= 265 [3]= 265 [4]= 265 [5]= 265 [6]= 265 [7]= 265 [8]= 265 [9]= 265 [10]= 265 [11]= 265 [12]= 265 
key_index after (DPU 455) [0]=  90 [1]= 190 [2]= 289 [3]= 289 [4]= 289 [5]= 289 [6]= 289 [7]= 289 [8]= 289 [9]= 289 [10]= 289 [11]= 289 [12]= 289 
key_index after (DPU 456) [0]=  73 [1]= 158 [2]= 245 [3]= 245 [4]= 245 [5]= 245 [6]= 245 [7]= 245 [8]= 245 [9]= 245 [10]= 245 [11]= 245 [12]= 245 
key_index after (DPU 457) [0]=  83 [1]= 182 [2]= 261 [3]= 261 [4]= 261 [5]= 261 [6]= 261 [7]= 261 [8]= 261 [9]= 261 [10]= 261 [11]= 261 [12]= 261 
key_index after (DPU 458) [0]=  73 [1]= 171 [2]= 268 [3]= 268 [4]= 268 [5]= 268 [6]= 268 [7]= 268 [8]= 268 [9]= 268 [10]= 268 [11]= 268 [12]= 268 
key_index after (DPU 459) [0]=  73 [1]= 151 [2]= 229 [3]=12637 [4]=12637 [5]=12637 [6]=12637 [7]=12637 [8]=12637 [9]=12637 [10]=12637 [11]=12637 [12]=12637 
key_index after (DPU 460) [0]=  74 [1]= 170 [2]= 247 [3]= 247 [4]= 247 [5]= 247 [6]= 247 [7]= 247 [8]= 247 [9]= 247 [10]= 247 [11]= 247 [12]= 247 
key_index after (DPU 461) [0]=  79 [1]= 172 [2]= 286 [3]= 286 [4]= 286 [5]= 286 [6]= 286 [7]= 286 [8]= 286 [9]= 286 [10]= 286 [11]= 286 [12]= 286 
key_index after (DPU 462) [0]=  85 [1]= 179 [2]= 274 [3]= 274 [4]= 274 [5]= 274 [6]= 274 [7]= 274 [8]= 274 [9]= 274 [10]= 274 [11]= 274 [12]= 274 
key_index after (DPU 463) [0]=  79 [1]= 158 [2]= 246 [3]= 246 [4]= 246 [5]= 246 [6]= 246 [7]= 246 [8]= 246 [9]= 246 [10]= 246 [11]= 246 [12]= 246 
key_index after (DPU 464) [0]=  93 [1]= 173 [2]= 269 [3]= 269 [4]= 269 [5]= 269 [6]= 269 [7]= 269 [8]= 269 [9]= 269 [10]= 269 [11]= 269 [12]= 269 
key_index after (DPU 465) [0]=  97 [1]= 178 [2]= 260 [3]= 260 [4]= 260 [5]= 260 [6]= 260 [7]= 260 [8]= 260 [9]= 260 [10]= 260 [11]= 260 [12]= 260 
key_index after (DPU 466) [0]=  80 [1]= 157 [2]= 248 [3]= 248 [4]= 248 [5]= 248 [6]= 248 [7]= 248 [8]= 248 [9]= 248 [10]= 248 [11]= 248 [12]= 248 
key_index after (DPU 467) [0]=  86 [1]= 171 [2]= 258 [3]= 258 [4]= 258 [5]= 258 [6]= 258 [7]= 258 [8]= 258 [9]= 258 [10]= 258 [11]= 258 [12]= 258 
key_index after (DPU 468) [0]=  78 [1]= 171 [2]= 256 [3]= 256 [4]= 256 [5]= 256 [6]= 256 [7]= 256 [8]= 256 [9]= 256 [10]= 256 [11]= 256 [12]= 256 
key_index after (DPU 469) [0]=  79 [1]= 175 [2]= 272 [3]= 272 [4]= 272 [5]= 272 [6]= 272 [7]= 272 [8]= 272 [9]= 272 [10]= 272 [11]= 272 [12]= 272 
key_index after (DPU 470) [0]=  61 [1]= 148 [2]= 228 [3]=18225 [4]=18225 [5]=18225 [6]=18225 [7]=18225 [8]=18225 [9]=18225 [10]=18225 [11]=18225 [12]=18225 
key_index after (DPU 471) [0]=  84 [1]= 167 [2]= 260 [3]= 260 [4]= 260 [5]= 260 [6]= 260 [7]= 260 [8]= 260 [9]= 260 [10]= 260 [11]= 260 [12]= 260 
key_index after (DPU 472) [0]=  82 [1]= 174 [2]= 256 [3]= 256 [4]= 256 [5]= 256 [6]= 256 [7]= 256 [8]= 256 [9]= 256 [10]= 256 [11]= 256 [12]= 256 
key_index after (DPU 473) [0]= 106 [1]= 196 [2]= 281 [3]= 281 [4]= 281 [5]= 281 [6]= 281 [7]= 281 [8]= 281 [9]= 281 [10]= 281 [11]= 281 [12]= 281 
key_index after (DPU 474) [0]=  94 [1]= 178 [2]= 289 [3]= 289 [4]= 289 [5]= 289 [6]= 289 [7]= 289 [8]= 289 [9]= 289 [10]= 289 [11]= 289 [12]= 289 
key_index after (DPU 475) [0]=  78 [1]= 155 [2]= 238 [3]= 238 [4]= 238 [5]= 238 [6]= 238 [7]= 238 [8]= 238 [9]= 238 [10]= 238 [11]= 238 [12]= 238 
key_index after (DPU 476) [0]=  77 [1]= 168 [2]= 249 [3]= 249 [4]= 249 [5]= 249 [6]= 249 [7]= 249 [8]= 249 [9]= 249 [10]= 249 [11]= 249 [12]= 249 
key_index after (DPU 477) [0]=  96 [1]= 171 [2]= 242 [3]= 242 [4]= 242 [5]= 242 [6]= 242 [7]= 242 [8]= 242 [9]= 242 [10]= 242 [11]= 242 [12]= 242 
key_index after (DPU 478) [0]=  79 [1]= 160 [2]= 247 [3]= 247 [4]= 247 [5]= 247 [6]= 247 [7]= 247 [8]= 247 [9]= 247 [10]= 247 [11]= 247 [12]= 247 
key_index after (DPU 479) [0]=  80 [1]= 177 [2]= 250 [3]= 250 [4]= 250 [5]= 250 [6]= 250 [7]= 250 [8]= 250 [9]= 250 [10]= 250 [11]= 250 [12]= 250 
key_index after (DPU 480) [0]=  87 [1]= 177 [2]= 259 [3]= 259 [4]= 259 [5]= 259 [6]= 259 [7]= 259 [8]= 259 [9]= 259 [10]= 259 [11]= 259 [12]= 259 
key_index after (DPU 481) [0]=  72 [1]= 149 [2]= 225 [3]=33366 [4]=33366 [5]=33366 [6]=33366 [7]=33366 [8]=33366 [9]=33366 [10]=33366 [11]=33366 [12]=33366 
key_index after (DPU 482) [0]=  86 [1]= 186 [2]= 266 [3]= 266 [4]= 266 [5]= 266 [6]= 266 [7]= 266 [8]= 266 [9]= 266 [10]= 266 [11]= 266 [12]= 266 
key_index after (DPU 483) [0]=  99 [1]= 183 [2]= 270 [3]= 270 [4]= 270 [5]= 270 [6]= 270 [7]= 270 [8]= 270 [9]= 270 [10]= 270 [11]= 270 [12]= 270 
key_index after (DPU 484) [0]=  82 [1]= 162 [2]= 245 [3]= 245 [4]= 245 [5]= 245 [6]= 245 [7]= 245 [8]= 245 [9]= 245 [10]= 245 [11]= 245 [12]= 245 
key_index after (DPU 485) [0]=  67 [1]= 161 [2]= 248 [3]= 248 [4]= 248 [5]= 248 [6]= 248 [7]= 248 [8]= 248 [9]= 248 [10]= 248 [11]= 248 [12]= 248 
key_index after (DPU 486) [0]=  79 [1]= 160 [2]= 237 [3]= 237 [4]= 237 [5]= 237 [6]= 237 [7]= 237 [8]= 237 [9]= 237 [10]= 237 [11]= 237 [12]= 237 
key_index after (DPU 487) [0]=  91 [1]= 184 [2]= 265 [3]= 265 [4]= 265 [5]= 265 [6]= 265 [7]= 265 [8]= 265 [9]= 265 [10]= 265 [11]= 265 [12]= 265 
key_index after (DPU 488) [0]=  79 [1]= 165 [2]= 252 [3]= 252 [4]= 252 [5]= 252 [6]= 252 [7]= 252 [8]= 252 [9]= 252 [10]= 252 [11]= 252 [12]= 252 
key_index after (DPU 489) [0]=  83 [1]= 168 [2]= 255 [3]= 255 [4]= 255 [5]= 255 [6]= 255 [7]= 255 [8]= 255 [9]= 255 [10]= 255 [11]= 255 [12]= 255 
key_index after (DPU 490) [0]=  89 [1]= 172 [2]= 264 [3]= 264 [4]= 264 [5]= 264 [6]= 264 [7]= 264 [8]= 264 [9]= 264 [10]= 264 [11]= 264 [12]= 264 
key_index after (DPU 491) [0]=  95 [1]= 175 [2]= 255 [3]= 255 [4]= 255 [5]= 255 [6]= 255 [7]= 255 [8]= 255 [9]= 255 [10]= 255 [11]= 255 [12]= 255 
key_index after (DPU 492) [0]=  90 [1]= 173 [2]= 258 [3]= 258 [4]= 258 [5]= 258 [6]= 258 [7]= 258 [8]= 258 [9]= 258 [10]= 258 [11]= 258 [12]= 258 
key_index after (DPU 493) [0]=  76 [1]= 157 [2]= 262 [3]= 262 [4]= 262 [5]= 262 [6]= 262 [7]= 262 [8]= 262 [9]= 262 [10]= 262 [11]= 262 [12]= 262 
key_index after (DPU 494) [0]= 101 [1]= 177 [2]= 247 [3]= 247 [4]= 247 [5]= 247 [6]= 247 [7]= 247 [8]= 247 [9]= 247 [10]= 247 [11]= 247 [12]= 247 
key_index after (DPU 495) [0]=  61 [1]= 142 [2]= 233 [3]=9582 [4]=9582 [5]=9582 [6]=9582 [7]=9582 [8]=9582 [9]=9582 [10]=9582 [11]=9582 [12]=9582 
key_index after (DPU 496) [0]=  86 [1]= 183 [2]= 260 [3]= 260 [4]= 260 [5]= 260 [6]= 260 [7]= 260 [8]= 260 [9]= 260 [10]= 260 [11]= 260 [12]= 260 
key_index after (DPU 497) [0]=  92 [1]= 176 [2]= 265 [3]= 265 [4]= 265 [5]= 265 [6]= 265 [7]= 265 [8]= 265 [9]= 265 [10]= 265 [11]= 265 [12]= 265 
key_index after (DPU 498) [0]=  94 [1]= 182 [2]= 264 [3]= 264 [4]= 264 [5]= 264 [6]= 264 [7]= 264 [8]= 264 [9]= 264 [10]= 264 [11]= 264 [12]= 264 
key_index after (DPU 499) [0]=  75 [1]= 171 [2]= 245 [3]= 245 [4]= 245 [5]= 245 [6]= 245 [7]= 245 [8]= 245 [9]= 245 [10]= 245 [11]= 245 [12]= 245 
[1/4] preprocess finished 0.00000sec
sending 1000000 requests for 0 DPUS...
[2/4] send finished 0.00000sec
[3/4]all the dpu execution finished: 0.00000sec
[4/4] batch postprocess finished: 0.00000sec
0.99, 500, 12, 2, 1000000, 139002, 0.42218, 0.33831, 0.00011, 0.00003, 0.00000, 0.00000, 0.00000, 0.00000, 0.76063, 1314694
======= batch 2 =======
key_index before (DPU 0) [0]=   0 [1]=   0 [2]=71837 [3]=71837 [4]=71837 [5]=71837 [6]=71837 [7]=71837 [8]=71837 [9]=71837 [10]=71837 [11]=71837 [12]=71837 
key_index before (DPU 1) [0]=   0 [1]=   0 [2]=25828 [3]=25828 [4]=25828 [5]=25828 [6]=25828 [7]=25828 [8]=25828 [9]=25828 [10]=25828 [11]=25828 [12]=25828 
key_index before (DPU 2) [0]=   0 [1]=   0 [2]=15793 [3]=15793 [4]=15793 [5]=15793 [6]=15793 [7]=15793 [8]=15793 [9]=15793 [10]=15793 [11]=15793 [12]=15793 
key_index before (DPU 3) [0]=   0 [1]=   0 [2]=11296 [3]=21419 [4]=21419 [5]=21419 [6]=21419 [7]=21419 [8]=21419 [9]=21419 [10]=21419 [11]=21419 [12]=21419 
key_index before (DPU 4) [0]=   0 [1]=   0 [2]=8820 [3]=16845 [4]=16845 [5]=16845 [6]=16845 [7]=16845 [8]=16845 [9]=16845 [10]=16845 [11]=16845 [12]=16845 
key_index before (DPU 5) [0]=   0 [1]=7556 [2]=14788 [3]=21601 [4]=21601 [5]=21601 [6]=21601 [7]=21601 [8]=21601 [9]=21601 [10]=21601 [11]=21601 [12]=21601 
key_index before (DPU 6) [0]=   0 [1]=6357 [2]=12285 [3]=18118 [4]=18118 [5]=18118 [6]=18118 [7]=18118 [8]=18118 [9]=18118 [10]=18118 [11]=18118 [12]=18118 
key_index before (DPU 7) [0]=   0 [1]=5372 [2]=10664 [3]=15705 [4]=15705 [5]=15705 [6]=15705 [7]=15705 [8]=15705 [9]=15705 [10]=15705 [11]=15705 [12]=15705 
key_index before (DPU 8) [0]=   0 [1]=4735 [2]=9485 [3]=13994 [4]=13994 [5]=13994 [6]=13994 [7]=13994 [8]=13994 [9]=13994 [10]=13994 [11]=13994 [12]=13994 
key_index before (DPU 9) [0]=   0 [1]=4177 [2]=8324 [3]=12357 [4]=12357 [5]=12357 [6]=12357 [7]=12357 [8]=12357 [9]=12357 [10]=12357 [11]=12357 [12]=12357 
key_index before (DPU 10) [0]=   0 [1]=3831 [2]=7444 [3]=11010 [4]=11010 [5]=11010 [6]=11010 [7]=11010 [8]=11010 [9]=11010 [10]=11010 [11]=11010 [12]=11010 
key_index before (DPU 11) [0]=   0 [1]=3506 [2]=6828 [3]=10127 [4]=10127 [5]=10127 [6]=10127 [7]=10127 [8]=10127 [9]=10127 [10]=10127 [11]=10127 [12]=10127 
key_index before (DPU 12) [0]=   0 [1]=3154 [2]=6263 [3]=9310 [4]=9310 [5]=9310 [6]=9310 [7]=9310 [8]=9310 [9]=9310 [10]=9310 [11]=9310 [12]=9310 
key_index before (DPU 13) [0]=   0 [1]=2961 [2]=5909 [3]=8790 [4]=8790 [5]=8790 [6]=8790 [7]=8790 [8]=8790 [9]=8790 [10]=8790 [11]=8790 [12]=8790 
key_index before (DPU 14) [0]=   0 [1]=2858 [2]=5586 [3]=8270 [4]=8270 [5]=8270 [6]=8270 [7]=8270 [8]=8270 [9]=8270 [10]=8270 [11]=8270 [12]=8270 
key_index before (DPU 15) [0]=   0 [1]=2568 [2]=5151 [3]=7785 [4]=7785 [5]=7785 [6]=7785 [7]=7785 [8]=7785 [9]=7785 [10]=7785 [11]=7785 [12]=7785 
key_index before (DPU 16) [0]=   0 [1]=2428 [2]=4773 [3]=7125 [4]=7125 [5]=7125 [6]=7125 [7]=7125 [8]=7125 [9]=7125 [10]=7125 [11]=7125 [12]=7125 
key_index before (DPU 17) [0]=   0 [1]=2340 [2]=4581 [3]=6796 [4]=6796 [5]=6796 [6]=6796 [7]=6796 [8]=6796 [9]=6796 [10]=6796 [11]=6796 [12]=6796 
key_index before (DPU 18) [0]=   0 [1]=2150 [2]=4305 [3]=6409 [4]=6409 [5]=6409 [6]=6409 [7]=6409 [8]=6409 [9]=6409 [10]=6409 [11]=6409 [12]=6409 
key_index before (DPU 19) [0]=   0 [1]=2140 [2]=4157 [3]=6146 [4]=6146 [5]=6146 [6]=6146 [7]=6146 [8]=6146 [9]=6146 [10]=6146 [11]=6146 [12]=6146 
key_index before (DPU 20) [0]=   0 [1]=1949 [2]=3904 [3]=5822 [4]=5822 [5]=5822 [6]=5822 [7]=5822 [8]=5822 [9]=5822 [10]=5822 [11]=5822 [12]=5822 
key_index before (DPU 21) [0]=   0 [1]=1831 [2]=3707 [3]=5531 [4]=5531 [5]=5531 [6]=5531 [7]=5531 [8]=5531 [9]=5531 [10]=5531 [11]=5531 [12]=5531 
key_index before (DPU 22) [0]=   0 [1]=1792 [2]=3592 [3]=5316 [4]=5316 [5]=5316 [6]=5316 [7]=5316 [8]=5316 [9]=5316 [10]=5316 [11]=5316 [12]=5316 
key_index before (DPU 23) [0]=   0 [1]=1694 [2]=3390 [3]=5039 [4]=5039 [5]=5039 [6]=5039 [7]=5039 [8]=5039 [9]=5039 [10]=5039 [11]=5039 [12]=5039 
key_index before (DPU 24) [0]=   0 [1]=1651 [2]=3204 [3]=4782 [4]=4782 [5]=4782 [6]=4782 [7]=4782 [8]=4782 [9]=4782 [10]=4782 [11]=4782 [12]=4782 
key_index before (DPU 25) [0]=   0 [1]=1615 [2]=3184 [3]=4742 [4]=4742 [5]=4742 [6]=4742 [7]=4742 [8]=4742 [9]=4742 [10]=4742 [11]=4742 [12]=4742 
key_index before (DPU 26) [0]=   0 [1]=1527 [2]=3032 [3]=4551 [4]=4551 [5]=4551 [6]=4551 [7]=4551 [8]=4551 [9]=4551 [10]=4551 [11]=4551 [12]=4551 
key_index before (DPU 27) [0]=   0 [1]=1442 [2]=2850 [3]=4243 [4]=4243 [5]=4243 [6]=4243 [7]=4243 [8]=4243 [9]=4243 [10]=4243 [11]=4243 [12]=4243 
key_index before (DPU 28) [0]=   0 [1]=1451 [2]=2785 [3]=4229 [4]=4229 [5]=4229 [6]=4229 [7]=4229 [8]=4229 [9]=4229 [10]=4229 [11]=4229 [12]=4229 
key_index before (DPU 29) [0]=   0 [1]=1351 [2]=2679 [3]=4029 [4]=4029 [5]=4029 [6]=4029 [7]=4029 [8]=4029 [9]=4029 [10]=4029 [11]=4029 [12]=4029 
key_index before (DPU 30) [0]=   0 [1]=1359 [2]=2646 [3]=3957 [4]=3957 [5]=3957 [6]=3957 [7]=3957 [8]=3957 [9]=3957 [10]=3957 [11]=3957 [12]=3957 
key_index before (DPU 31) [0]=   0 [1]=1303 [2]=2556 [3]=3768 [4]=3768 [5]=3768 [6]=3768 [7]=3768 [8]=3768 [9]=3768 [10]=3768 [11]=3768 [12]=3768 
key_index before (DPU 32) [0]=   0 [1]=1218 [2]=2416 [3]=3638 [4]=3638 [5]=3638 [6]=3638 [7]=3638 [8]=3638 [9]=3638 [10]=3638 [11]=3638 [12]=3638 
key_index before (DPU 33) [0]=   0 [1]=1210 [2]=2404 [3]=3590 [4]=3590 [5]=3590 [6]=3590 [7]=3590 [8]=3590 [9]=3590 [10]=3590 [11]=3590 [12]=3590 
key_index before (DPU 34) [0]=   0 [1]=1197 [2]=2337 [3]=3399 [4]=3399 [5]=3399 [6]=3399 [7]=3399 [8]=3399 [9]=3399 [10]=3399 [11]=3399 [12]=3399 
key_index before (DPU 35) [0]=   0 [1]=1116 [2]=2183 [3]=3286 [4]=3286 [5]=3286 [6]=3286 [7]=3286 [8]=3286 [9]=3286 [10]=3286 [11]=3286 [12]=3286 
key_index before (DPU 36) [0]=   0 [1]=1046 [2]=2182 [3]=3287 [4]=3287 [5]=3287 [6]=3287 [7]=3287 [8]=3287 [9]=3287 [10]=3287 [11]=3287 [12]=3287 
key_index before (DPU 37) [0]=   0 [1]=1081 [2]=2130 [3]=3152 [4]=3152 [5]=3152 [6]=3152 [7]=3152 [8]=3152 [9]=3152 [10]=3152 [11]=3152 [12]=3152 
key_index before (DPU 38) [0]=   0 [1]=1074 [2]=2079 [3]=3115 [4]=3115 [5]=3115 [6]=3115 [7]=3115 [8]=3115 [9]=3115 [10]=3115 [11]=3115 [12]=3115 
key_index before (DPU 39) [0]=   0 [1]=1047 [2]=2064 [3]=3133 [4]=3133 [5]=3133 [6]=3133 [7]=3133 [8]=3133 [9]=3133 [10]=3133 [11]=3133 [12]=3133 
key_index before (DPU 40) [0]=   0 [1]= 993 [2]=2022 [3]=2991 [4]=2991 [5]=2991 [6]=2991 [7]=2991 [8]=2991 [9]=2991 [10]=2991 [11]=2991 [12]=2991 
key_index before (DPU 41) [0]=   0 [1]= 982 [2]=1972 [3]=2960 [4]=2960 [5]=2960 [6]=2960 [7]=2960 [8]=2960 [9]=2960 [10]=2960 [11]=2960 [12]=2960 
key_index before (DPU 42) [0]=   0 [1]= 956 [2]=1910 [3]=2836 [4]=2836 [5]=2836 [6]=2836 [7]=2836 [8]=2836 [9]=2836 [10]=2836 [11]=2836 [12]=2836 
key_index before (DPU 43) [0]=   0 [1]= 934 [2]=1861 [3]=2818 [4]=2818 [5]=2818 [6]=2818 [7]=2818 [8]=2818 [9]=2818 [10]=2818 [11]=2818 [12]=2818 
key_index before (DPU 44) [0]=   0 [1]= 890 [2]=1782 [3]=2707 [4]=2707 [5]=2707 [6]=2707 [7]=2707 [8]=2707 [9]=2707 [10]=2707 [11]=2707 [12]=2707 
key_index before (DPU 45) [0]=   0 [1]= 940 [2]=1804 [3]=2660 [4]=2660 [5]=2660 [6]=2660 [7]=2660 [8]=2660 [9]=2660 [10]=2660 [11]=2660 [12]=2660 
key_index before (DPU 46) [0]=   0 [1]= 849 [2]=1650 [3]=2503 [4]=2503 [5]=2503 [6]=2503 [7]=2503 [8]=2503 [9]=2503 [10]=2503 [11]=2503 [12]=2503 
key_index before (DPU 47) [0]=   0 [1]= 870 [2]=1789 [3]=2623 [4]=2623 [5]=2623 [6]=2623 [7]=2623 [8]=2623 [9]=2623 [10]=2623 [11]=2623 [12]=2623 
key_index before (DPU 48) [0]=   0 [1]= 862 [2]=1663 [3]=2409 [4]=2409 [5]=2409 [6]=2409 [7]=2409 [8]=2409 [9]=2409 [10]=2409 [11]=2409 [12]=2409 
key_index before (DPU 49) [0]=   0 [1]= 802 [2]=1621 [3]=2378 [4]=2378 [5]=2378 [6]=2378 [7]=2378 [8]=2378 [9]=2378 [10]=2378 [11]=2378 [12]=2378 
key_index before (DPU 50) [0]=   0 [1]= 836 [2]=1624 [3]=2396 [4]=2396 [5]=2396 [6]=2396 [7]=2396 [8]=2396 [9]=2396 [10]=2396 [11]=2396 [12]=2396 
key_index before (DPU 51) [0]=   0 [1]= 763 [2]=1537 [3]=2339 [4]=2339 [5]=2339 [6]=2339 [7]=2339 [8]=2339 [9]=2339 [10]=2339 [11]=2339 [12]=2339 
key_index before (DPU 52) [0]=   0 [1]= 709 [2]=1492 [3]=2224 [4]=2224 [5]=2224 [6]=2224 [7]=2224 [8]=2224 [9]=2224 [10]=2224 [11]=2224 [12]=2224 
key_index before (DPU 53) [0]=   0 [1]= 711 [2]=1446 [3]=2181 [4]=2181 [5]=2181 [6]=2181 [7]=2181 [8]=2181 [9]=2181 [10]=2181 [11]=2181 [12]=2181 
key_index before (DPU 54) [0]=   0 [1]= 736 [2]=1457 [3]=2210 [4]=2210 [5]=2210 [6]=2210 [7]=2210 [8]=2210 [9]=2210 [10]=2210 [11]=2210 [12]=2210 
key_index before (DPU 55) [0]=   0 [1]= 733 [2]=1454 [3]=2150 [4]=2150 [5]=2150 [6]=2150 [7]=2150 [8]=2150 [9]=2150 [10]=2150 [11]=2150 [12]=2150 
key_index before (DPU 56) [0]=   0 [1]= 739 [2]=1420 [3]=2177 [4]=2177 [5]=2177 [6]=2177 [7]=2177 [8]=2177 [9]=2177 [10]=2177 [11]=2177 [12]=2177 
key_index before (DPU 57) [0]=   0 [1]= 684 [2]=1363 [3]=2021 [4]=2021 [5]=2021 [6]=2021 [7]=2021 [8]=2021 [9]=2021 [10]=2021 [11]=2021 [12]=2021 
key_index before (DPU 58) [0]=   0 [1]= 704 [2]=1376 [3]=2038 [4]=2038 [5]=2038 [6]=2038 [7]=2038 [8]=2038 [9]=2038 [10]=2038 [11]=2038 [12]=2038 
key_index before (DPU 59) [0]=   0 [1]= 666 [2]=1334 [3]=1990 [4]=1990 [5]=1990 [6]=1990 [7]=1990 [8]=1990 [9]=1990 [10]=1990 [11]=1990 [12]=1990 
key_index before (DPU 60) [0]=   0 [1]= 681 [2]=1315 [3]=1955 [4]=1955 [5]=1955 [6]=1955 [7]=1955 [8]=1955 [9]=1955 [10]=1955 [11]=1955 [12]=1955 
key_index before (DPU 61) [0]=   0 [1]= 679 [2]=1354 [3]=1984 [4]=1984 [5]=1984 [6]=1984 [7]=1984 [8]=1984 [9]=1984 [10]=1984 [11]=1984 [12]=1984 
key_index before (DPU 62) [0]=   0 [1]= 657 [2]=1342 [3]=1955 [4]=1955 [5]=1955 [6]=1955 [7]=1955 [8]=1955 [9]=1955 [10]=1955 [11]=1955 [12]=1955 
key_index before (DPU 63) [0]=   0 [1]= 603 [2]=1252 [3]=1862 [4]=1862 [5]=1862 [6]=1862 [7]=1862 [8]=1862 [9]=1862 [10]=1862 [11]=1862 [12]=1862 
key_index before (DPU 64) [0]=   0 [1]= 608 [2]=1250 [3]=1872 [4]=1872 [5]=1872 [6]=1872 [7]=1872 [8]=1872 [9]=1872 [10]=1872 [11]=1872 [12]=1872 
key_index before (DPU 65) [0]=   0 [1]= 598 [2]=1217 [3]=1789 [4]=1789 [5]=1789 [6]=1789 [7]=1789 [8]=1789 [9]=1789 [10]=1789 [11]=1789 [12]=1789 
key_index before (DPU 66) [0]=   0 [1]= 629 [2]=1250 [3]=1837 [4]=1837 [5]=1837 [6]=1837 [7]=1837 [8]=1837 [9]=1837 [10]=1837 [11]=1837 [12]=1837 
key_index before (DPU 67) [0]=   0 [1]= 648 [2]=1259 [3]=1872 [4]=1872 [5]=1872 [6]=1872 [7]=1872 [8]=1872 [9]=1872 [10]=1872 [11]=1872 [12]=1872 
key_index before (DPU 68) [0]=   0 [1]= 589 [2]=1167 [3]=1784 [4]=1784 [5]=1784 [6]=1784 [7]=1784 [8]=1784 [9]=1784 [10]=1784 [11]=1784 [12]=1784 
key_index before (DPU 69) [0]=   0 [1]= 563 [2]=1139 [3]=1690 [4]=1690 [5]=1690 [6]=1690 [7]=1690 [8]=1690 [9]=1690 [10]=1690 [11]=1690 [12]=1690 
key_index before (DPU 70) [0]=   0 [1]= 573 [2]=1177 [3]=1717 [4]=1717 [5]=1717 [6]=1717 [7]=1717 [8]=1717 [9]=1717 [10]=1717 [11]=1717 [12]=1717 
key_index before (DPU 71) [0]=   0 [1]= 564 [2]=1149 [3]=1714 [4]=1714 [5]=1714 [6]=1714 [7]=1714 [8]=1714 [9]=1714 [10]=1714 [11]=1714 [12]=1714 
key_index before (DPU 72) [0]=   0 [1]= 490 [2]=1031 [3]=1647 [4]=1647 [5]=1647 [6]=1647 [7]=1647 [8]=1647 [9]=1647 [10]=1647 [11]=1647 [12]=1647 
key_index before (DPU 73) [0]=   0 [1]= 530 [2]=1130 [3]=1668 [4]=1668 [5]=1668 [6]=1668 [7]=1668 [8]=1668 [9]=1668 [10]=1668 [11]=1668 [12]=1668 
key_index before (DPU 74) [0]=   0 [1]= 543 [2]=1112 [3]=1653 [4]=1653 [5]=1653 [6]=1653 [7]=1653 [8]=1653 [9]=1653 [10]=1653 [11]=1653 [12]=1653 
key_index before (DPU 75) [0]=   0 [1]= 511 [2]=1082 [3]=1571 [4]=1571 [5]=1571 [6]=1571 [7]=1571 [8]=1571 [9]=1571 [10]=1571 [11]=1571 [12]=1571 
key_index before (DPU 76) [0]=   0 [1]= 498 [2]=1066 [3]=1586 [4]=1586 [5]=1586 [6]=1586 [7]=1586 [8]=1586 [9]=1586 [10]=1586 [11]=1586 [12]=1586 
key_index before (DPU 77) [0]=   0 [1]= 542 [2]=1066 [3]=1619 [4]=1619 [5]=1619 [6]=1619 [7]=1619 [8]=1619 [9]=1619 [10]=1619 [11]=1619 [12]=1619 
key_index before (DPU 78) [0]=   0 [1]= 498 [2]= 978 [3]=1514 [4]=1514 [5]=1514 [6]=1514 [7]=1514 [8]=1514 [9]=1514 [10]=1514 [11]=1514 [12]=1514 
key_index before (DPU 79) [0]=   0 [1]= 486 [2]= 966 [3]=1479 [4]=1479 [5]=1479 [6]=1479 [7]=1479 [8]=1479 [9]=1479 [10]=1479 [11]=1479 [12]=1479 
key_index before (DPU 80) [0]=   0 [1]= 523 [2]=1076 [3]=1532 [4]=1532 [5]=1532 [6]=1532 [7]=1532 [8]=1532 [9]=1532 [10]=1532 [11]=1532 [12]=1532 
key_index before (DPU 81) [0]=   0 [1]= 529 [2]=1029 [3]=1495 [4]=1495 [5]=1495 [6]=1495 [7]=1495 [8]=1495 [9]=1495 [10]=1495 [11]=1495 [12]=1495 
key_index before (DPU 82) [0]=   0 [1]= 494 [2]= 968 [3]=1463 [4]=1463 [5]=1463 [6]=1463 [7]=1463 [8]=1463 [9]=1463 [10]=1463 [11]=1463 [12]=1463 
key_index before (DPU 83) [0]=   0 [1]= 477 [2]= 962 [3]=1446 [4]=1446 [5]=1446 [6]=1446 [7]=1446 [8]=1446 [9]=1446 [10]=1446 [11]=1446 [12]=1446 
key_index before (DPU 84) [0]=   0 [1]= 471 [2]= 940 [3]=1374 [4]=1374 [5]=1374 [6]=1374 [7]=1374 [8]=1374 [9]=1374 [10]=1374 [11]=1374 [12]=1374 
key_index before (DPU 85) [0]=   0 [1]= 451 [2]= 932 [3]=1390 [4]=1390 [5]=1390 [6]=1390 [7]=1390 [8]=1390 [9]=1390 [10]=1390 [11]=1390 [12]=1390 
key_index before (DPU 86) [0]=   0 [1]= 459 [2]= 918 [3]=1402 [4]=1402 [5]=1402 [6]=1402 [7]=1402 [8]=1402 [9]=1402 [10]=1402 [11]=1402 [12]=1402 
key_index before (DPU 87) [0]=   0 [1]= 477 [2]= 925 [3]=1369 [4]=1369 [5]=1369 [6]=1369 [7]=1369 [8]=1369 [9]=1369 [10]=1369 [11]=1369 [12]=1369 
key_index before (DPU 88) [0]=   0 [1]= 472 [2]= 913 [3]=1344 [4]=1344 [5]=1344 [6]=1344 [7]=1344 [8]=1344 [9]=1344 [10]=1344 [11]=1344 [12]=1344 
key_index before (DPU 89) [0]=   0 [1]= 416 [2]= 830 [3]=1304 [4]=1304 [5]=1304 [6]=1304 [7]=1304 [8]=1304 [9]=1304 [10]=1304 [11]=1304 [12]=1304 
key_index before (DPU 90) [0]=   0 [1]= 440 [2]= 867 [3]=1323 [4]=1323 [5]=1323 [6]=1323 [7]=1323 [8]=1323 [9]=1323 [10]=1323 [11]=1323 [12]=1323 
key_index before (DPU 91) [0]=   0 [1]= 429 [2]= 888 [3]=1301 [4]=1301 [5]=1301 [6]=1301 [7]=1301 [8]=1301 [9]=1301 [10]=1301 [11]=1301 [12]=1301 
key_index before (DPU 92) [0]=   0 [1]= 437 [2]= 806 [3]=1289 [4]=1289 [5]=1289 [6]=1289 [7]=1289 [8]=1289 [9]=1289 [10]=1289 [11]=1289 [12]=1289 
key_index before (DPU 93) [0]=   0 [1]= 432 [2]= 828 [3]=1249 [4]=1249 [5]=1249 [6]=1249 [7]=1249 [8]=1249 [9]=1249 [10]=1249 [11]=1249 [12]=1249 
key_index before (DPU 94) [0]=   0 [1]= 430 [2]= 856 [3]=1276 [4]=1276 [5]=1276 [6]=1276 [7]=1276 [8]=1276 [9]=1276 [10]=1276 [11]=1276 [12]=1276 
key_index before (DPU 95) [0]=   0 [1]= 417 [2]= 830 [3]=1259 [4]=1259 [5]=1259 [6]=1259 [7]=1259 [8]=1259 [9]=1259 [10]=1259 [11]=1259 [12]=1259 
key_index before (DPU 96) [0]=   0 [1]= 400 [2]= 857 [3]=1246 [4]=1246 [5]=1246 [6]=1246 [7]=1246 [8]=1246 [9]=1246 [10]=1246 [11]=1246 [12]=1246 
key_index before (DPU 97) [0]=   0 [1]= 441 [2]= 846 [3]=1282 [4]=1282 [5]=1282 [6]=1282 [7]=1282 [8]=1282 [9]=1282 [10]=1282 [11]=1282 [12]=1282 
key_index before (DPU 98) [0]=   0 [1]= 419 [2]= 839 [3]=1255 [4]=1255 [5]=1255 [6]=1255 [7]=1255 [8]=1255 [9]=1255 [10]=1255 [11]=1255 [12]=1255 
key_index before (DPU 99) [0]=   0 [1]= 410 [2]= 849 [3]=1243 [4]=1243 [5]=1243 [6]=1243 [7]=1243 [8]=1243 [9]=1243 [10]=1243 [11]=1243 [12]=1243 
key_index before (DPU 100) [0]=   0 [1]= 411 [2]= 829 [3]=1212 [4]=1212 [5]=1212 [6]=1212 [7]=1212 [8]=1212 [9]=1212 [10]=1212 [11]=1212 [12]=1212 
key_index before (DPU 101) [0]=   0 [1]= 398 [2]= 801 [3]=1161 [4]=1161 [5]=1161 [6]=1161 [7]=1161 [8]=1161 [9]=1161 [10]=1161 [11]=1161 [12]=1161 
key_index before (DPU 102) [0]=   0 [1]= 391 [2]= 777 [3]=1153 [4]=1153 [5]=1153 [6]=1153 [7]=1153 [8]=1153 [9]=1153 [10]=1153 [11]=1153 [12]=1153 
key_index before (DPU 103) [0]=   0 [1]= 342 [2]= 729 [3]=1138 [4]=1138 [5]=1138 [6]=1138 [7]=1138 [8]=1138 [9]=1138 [10]=1138 [11]=1138 [12]=1138 
key_index before (DPU 104) [0]=   0 [1]= 375 [2]= 746 [3]=1163 [4]=1163 [5]=1163 [6]=1163 [7]=1163 [8]=1163 [9]=1163 [10]=1163 [11]=1163 [12]=1163 
key_index before (DPU 105) [0]=   0 [1]= 388 [2]= 737 [3]=1142 [4]=1142 [5]=1142 [6]=1142 [7]=1142 [8]=1142 [9]=1142 [10]=1142 [11]=1142 [12]=1142 
key_index before (DPU 106) [0]=   0 [1]= 369 [2]= 771 [3]=1159 [4]=1159 [5]=1159 [6]=1159 [7]=1159 [8]=1159 [9]=1159 [10]=1159 [11]=1159 [12]=1159 
key_index before (DPU 107) [0]=   0 [1]= 411 [2]= 763 [3]=1144 [4]=1144 [5]=1144 [6]=1144 [7]=1144 [8]=1144 [9]=1144 [10]=1144 [11]=1144 [12]=1144 
key_index before (DPU 108) [0]=   0 [1]= 353 [2]= 712 [3]=1086 [4]=1086 [5]=1086 [6]=1086 [7]=1086 [8]=1086 [9]=1086 [10]=1086 [11]=1086 [12]=1086 
key_index before (DPU 109) [0]=   0 [1]= 389 [2]= 747 [3]=1139 [4]=1139 [5]=1139 [6]=1139 [7]=1139 [8]=1139 [9]=1139 [10]=1139 [11]=1139 [12]=1139 
key_index before (DPU 110) [0]=   0 [1]= 374 [2]= 733 [3]=1086 [4]=1086 [5]=1086 [6]=1086 [7]=1086 [8]=1086 [9]=1086 [10]=1086 [11]=1086 [12]=1086 
key_index before (DPU 111) [0]=   0 [1]= 393 [2]= 776 [3]=1169 [4]=1169 [5]=1169 [6]=1169 [7]=1169 [8]=1169 [9]=1169 [10]=1169 [11]=1169 [12]=1169 
key_index before (DPU 112) [0]=   0 [1]= 371 [2]= 710 [3]=1078 [4]=1078 [5]=1078 [6]=1078 [7]=1078 [8]=1078 [9]=1078 [10]=1078 [11]=1078 [12]=1078 
key_index before (DPU 113) [0]=   0 [1]= 373 [2]= 740 [3]=1101 [4]=1101 [5]=1101 [6]=1101 [7]=1101 [8]=1101 [9]=1101 [10]=1101 [11]=1101 [12]=1101 
key_index before (DPU 114) [0]=   0 [1]= 375 [2]= 743 [3]=1108 [4]=1108 [5]=1108 [6]=1108 [7]=1108 [8]=1108 [9]=1108 [10]=1108 [11]=1108 [12]=1108 
key_index before (DPU 115) [0]=   0 [1]= 349 [2]= 680 [3]=1015 [4]=1015 [5]=1015 [6]=1015 [7]=1015 [8]=1015 [9]=1015 [10]=1015 [11]=1015 [12]=1015 
key_index before (DPU 116) [0]=   0 [1]= 337 [2]= 672 [3]=1015 [4]=1015 [5]=1015 [6]=1015 [7]=1015 [8]=1015 [9]=1015 [10]=1015 [11]=1015 [12]=1015 
key_index before (DPU 117) [0]=   0 [1]= 357 [2]= 698 [3]=1048 [4]=1048 [5]=1048 [6]=1048 [7]=1048 [8]=1048 [9]=1048 [10]=1048 [11]=1048 [12]=1048 
key_index before (DPU 118) [0]=   0 [1]= 334 [2]= 670 [3]= 990 [4]= 990 [5]= 990 [6]= 990 [7]= 990 [8]= 990 [9]= 990 [10]= 990 [11]= 990 [12]= 990 
key_index before (DPU 119) [0]=   0 [1]= 339 [2]= 680 [3]=1006 [4]=1006 [5]=1006 [6]=1006 [7]=1006 [8]=1006 [9]=1006 [10]=1006 [11]=1006 [12]=1006 
key_index before (DPU 120) [0]=   0 [1]= 333 [2]= 662 [3]=1034 [4]=1034 [5]=1034 [6]=1034 [7]=1034 [8]=1034 [9]=1034 [10]=1034 [11]=1034 [12]=1034 
key_index before (DPU 121) [0]=   0 [1]= 356 [2]= 678 [3]= 981 [4]= 981 [5]= 981 [6]= 981 [7]= 981 [8]= 981 [9]= 981 [10]= 981 [11]= 981 [12]= 981 
key_index before (DPU 122) [0]=   0 [1]= 352 [2]= 675 [3]=1008 [4]=1008 [5]=1008 [6]=1008 [7]=1008 [8]=1008 [9]=1008 [10]=1008 [11]=1008 [12]=1008 
key_index before (DPU 123) [0]=   0 [1]= 327 [2]= 643 [3]= 987 [4]= 987 [5]= 987 [6]= 987 [7]= 987 [8]= 987 [9]= 987 [10]= 987 [11]= 987 [12]= 987 
key_index before (DPU 124) [0]=   0 [1]= 318 [2]= 685 [3]= 964 [4]= 964 [5]= 964 [6]= 964 [7]= 964 [8]= 964 [9]= 964 [10]= 964 [11]= 964 [12]= 964 
key_index before (DPU 125) [0]=   0 [1]= 325 [2]= 646 [3]= 988 [4]= 988 [5]= 988 [6]= 988 [7]= 988 [8]= 988 [9]= 988 [10]= 988 [11]= 988 [12]= 988 
key_index before (DPU 126) [0]=   0 [1]= 336 [2]= 649 [3]= 927 [4]= 927 [5]= 927 [6]= 927 [7]= 927 [8]= 927 [9]= 927 [10]= 927 [11]= 927 [12]= 927 
key_index before (DPU 127) [0]=   0 [1]= 316 [2]= 664 [3]= 967 [4]= 967 [5]= 967 [6]= 967 [7]= 967 [8]= 967 [9]= 967 [10]= 967 [11]= 967 [12]= 967 
key_index before (DPU 128) [0]=   0 [1]= 326 [2]= 638 [3]= 945 [4]= 945 [5]= 945 [6]= 945 [7]= 945 [8]= 945 [9]= 945 [10]= 945 [11]= 945 [12]= 945 
key_index before (DPU 129) [0]=   0 [1]= 351 [2]= 704 [3]=1017 [4]=1017 [5]=1017 [6]=1017 [7]=1017 [8]=1017 [9]=1017 [10]=1017 [11]=1017 [12]=1017 
key_index before (DPU 130) [0]=   0 [1]= 315 [2]= 620 [3]= 924 [4]= 924 [5]= 924 [6]= 924 [7]= 924 [8]= 924 [9]= 924 [10]= 924 [11]= 924 [12]= 924 
key_index before (DPU 131) [0]=   0 [1]= 346 [2]= 669 [3]= 971 [4]= 971 [5]= 971 [6]= 971 [7]= 971 [8]= 971 [9]= 971 [10]= 971 [11]= 971 [12]= 971 
key_index before (DPU 132) [0]=   0 [1]= 328 [2]= 617 [3]= 946 [4]= 946 [5]= 946 [6]= 946 [7]= 946 [8]= 946 [9]= 946 [10]= 946 [11]= 946 [12]= 946 
key_index before (DPU 133) [0]=   0 [1]= 313 [2]= 618 [3]= 921 [4]= 921 [5]= 921 [6]= 921 [7]= 921 [8]= 921 [9]= 921 [10]= 921 [11]= 921 [12]= 921 
key_index before (DPU 134) [0]=   0 [1]= 314 [2]= 631 [3]= 941 [4]= 941 [5]= 941 [6]= 941 [7]= 941 [8]= 941 [9]= 941 [10]= 941 [11]= 941 [12]= 941 
key_index before (DPU 135) [0]=   0 [1]= 284 [2]= 591 [3]= 858 [4]= 858 [5]= 858 [6]= 858 [7]= 858 [8]= 858 [9]= 858 [10]= 858 [11]= 858 [12]= 858 
key_index before (DPU 136) [0]=   0 [1]= 302 [2]= 600 [3]= 886 [4]= 886 [5]= 886 [6]= 886 [7]= 886 [8]= 886 [9]= 886 [10]= 886 [11]= 886 [12]= 886 
key_index before (DPU 137) [0]=   0 [1]= 290 [2]= 571 [3]= 856 [4]= 856 [5]= 856 [6]= 856 [7]= 856 [8]= 856 [9]= 856 [10]= 856 [11]= 856 [12]= 856 
key_index before (DPU 138) [0]=   0 [1]= 328 [2]= 615 [3]= 925 [4]= 925 [5]= 925 [6]= 925 [7]= 925 [8]= 925 [9]= 925 [10]= 925 [11]= 925 [12]= 925 
key_index before (DPU 139) [0]=   0 [1]= 275 [2]= 546 [3]= 839 [4]= 839 [5]= 839 [6]= 839 [7]= 839 [8]= 839 [9]= 839 [10]= 839 [11]= 839 [12]= 839 
key_index before (DPU 140) [0]=   0 [1]= 285 [2]= 560 [3]= 836 [4]= 836 [5]= 836 [6]= 836 [7]= 836 [8]= 836 [9]= 836 [10]= 836 [11]= 836 [12]= 836 
key_index before (DPU 141) [0]=   0 [1]= 263 [2]= 556 [3]= 844 [4]= 844 [5]= 844 [6]= 844 [7]= 844 [8]= 844 [9]= 844 [10]= 844 [11]= 844 [12]= 844 
key_index before (DPU 142) [0]=   0 [1]= 295 [2]= 587 [3]= 861 [4]= 861 [5]= 861 [6]= 861 [7]= 861 [8]= 861 [9]= 861 [10]= 861 [11]= 861 [12]= 861 
key_index before (DPU 143) [0]=   0 [1]= 258 [2]= 517 [3]= 761 [4]= 761 [5]= 761 [6]= 761 [7]= 761 [8]= 761 [9]= 761 [10]= 761 [11]= 761 [12]= 761 
key_index before (DPU 144) [0]=   0 [1]= 279 [2]= 579 [3]= 832 [4]= 832 [5]= 832 [6]= 832 [7]= 832 [8]= 832 [9]= 832 [10]= 832 [11]= 832 [12]= 832 
key_index before (DPU 145) [0]=   0 [1]= 283 [2]= 542 [3]= 787 [4]= 787 [5]= 787 [6]= 787 [7]= 787 [8]= 787 [9]= 787 [10]= 787 [11]= 787 [12]= 787 
key_index before (DPU 146) [0]=   0 [1]= 285 [2]= 587 [3]= 886 [4]= 886 [5]= 886 [6]= 886 [7]= 886 [8]= 886 [9]= 886 [10]= 886 [11]= 886 [12]= 886 
key_index before (DPU 147) [0]=   0 [1]= 284 [2]= 538 [3]= 813 [4]= 813 [5]= 813 [6]= 813 [7]= 813 [8]= 813 [9]= 813 [10]= 813 [11]= 813 [12]= 813 
key_index before (DPU 148) [0]=   0 [1]= 279 [2]= 552 [3]= 828 [4]= 828 [5]= 828 [6]= 828 [7]= 828 [8]= 828 [9]= 828 [10]= 828 [11]= 828 [12]= 828 
key_index before (DPU 149) [0]=   0 [1]= 266 [2]= 549 [3]= 823 [4]= 823 [5]= 823 [6]= 823 [7]= 823 [8]= 823 [9]= 823 [10]= 823 [11]= 823 [12]= 823 
key_index before (DPU 150) [0]=   0 [1]= 268 [2]= 531 [3]= 789 [4]= 789 [5]= 789 [6]= 789 [7]= 789 [8]= 789 [9]= 789 [10]= 789 [11]= 789 [12]= 789 
key_index before (DPU 151) [0]=   0 [1]= 282 [2]= 552 [3]= 806 [4]= 806 [5]= 806 [6]= 806 [7]= 806 [8]= 806 [9]= 806 [10]= 806 [11]= 806 [12]= 806 
key_index before (DPU 152) [0]=   0 [1]= 238 [2]= 499 [3]= 751 [4]= 751 [5]= 751 [6]= 751 [7]= 751 [8]= 751 [9]= 751 [10]= 751 [11]= 751 [12]= 751 
key_index before (DPU 153) [0]=   0 [1]= 297 [2]= 545 [3]= 787 [4]= 787 [5]= 787 [6]= 787 [7]= 787 [8]= 787 [9]= 787 [10]= 787 [11]= 787 [12]= 787 
key_index before (DPU 154) [0]=   0 [1]= 239 [2]= 494 [3]= 739 [4]= 739 [5]= 739 [6]= 739 [7]= 739 [8]= 739 [9]= 739 [10]= 739 [11]= 739 [12]= 739 
key_index before (DPU 155) [0]=   0 [1]= 276 [2]= 517 [3]= 775 [4]= 775 [5]= 775 [6]= 775 [7]= 775 [8]= 775 [9]= 775 [10]= 775 [11]= 775 [12]= 775 
key_index before (DPU 156) [0]=   0 [1]= 269 [2]= 558 [3]= 801 [4]= 801 [5]= 801 [6]= 801 [7]= 801 [8]= 801 [9]= 801 [10]= 801 [11]= 801 [12]= 801 
key_index before (DPU 157) [0]=   0 [1]= 263 [2]= 514 [3]= 770 [4]= 770 [5]= 770 [6]= 770 [7]= 770 [8]= 770 [9]= 770 [10]= 770 [11]= 770 [12]= 770 
key_index before (DPU 158) [0]=   0 [1]= 274 [2]= 542 [3]= 769 [4]= 769 [5]= 769 [6]= 769 [7]= 769 [8]= 769 [9]= 769 [10]= 769 [11]= 769 [12]= 769 
key_index before (DPU 159) [0]=   0 [1]= 217 [2]= 476 [3]= 740 [4]= 740 [5]= 740 [6]= 740 [7]= 740 [8]= 740 [9]= 740 [10]= 740 [11]= 740 [12]= 740 
key_index before (DPU 160) [0]=   0 [1]= 241 [2]= 477 [3]= 748 [4]= 748 [5]= 748 [6]= 748 [7]= 748 [8]= 748 [9]= 748 [10]= 748 [11]= 748 [12]= 748 
key_index before (DPU 161) [0]=   0 [1]= 247 [2]= 531 [3]= 816 [4]= 816 [5]= 816 [6]= 816 [7]= 816 [8]= 816 [9]= 816 [10]= 816 [11]= 816 [12]= 816 
key_index before (DPU 162) [0]=   0 [1]= 251 [2]= 501 [3]= 721 [4]= 721 [5]= 721 [6]= 721 [7]= 721 [8]= 721 [9]= 721 [10]= 721 [11]= 721 [12]= 721 
key_index before (DPU 163) [0]=   0 [1]= 257 [2]= 481 [3]= 712 [4]= 712 [5]= 712 [6]= 712 [7]= 712 [8]= 712 [9]= 712 [10]= 712 [11]= 712 [12]= 712 
key_index before (DPU 164) [0]=   0 [1]= 282 [2]= 522 [3]= 766 [4]= 766 [5]= 766 [6]= 766 [7]= 766 [8]= 766 [9]= 766 [10]= 766 [11]= 766 [12]= 766 
key_index before (DPU 165) [0]=   0 [1]= 256 [2]= 525 [3]= 770 [4]= 770 [5]= 770 [6]= 770 [7]= 770 [8]= 770 [9]= 770 [10]= 770 [11]= 770 [12]= 770 
key_index before (DPU 166) [0]=   0 [1]= 271 [2]= 529 [3]= 766 [4]= 766 [5]= 766 [6]= 766 [7]= 766 [8]= 766 [9]= 766 [10]= 766 [11]= 766 [12]= 766 
key_index before (DPU 167) [0]=   0 [1]= 216 [2]= 455 [3]= 682 [4]= 682 [5]= 682 [6]= 682 [7]= 682 [8]= 682 [9]= 682 [10]= 682 [11]= 682 [12]= 682 
key_index before (DPU 168) [0]=   0 [1]= 231 [2]= 482 [3]= 719 [4]= 719 [5]= 719 [6]= 719 [7]= 719 [8]= 719 [9]= 719 [10]= 719 [11]= 719 [12]= 719 
key_index before (DPU 169) [0]=   0 [1]= 250 [2]= 515 [3]= 748 [4]= 748 [5]= 748 [6]= 748 [7]= 748 [8]= 748 [9]= 748 [10]= 748 [11]= 748 [12]= 748 
key_index before (DPU 170) [0]=   0 [1]= 230 [2]= 447 [3]= 660 [4]= 660 [5]= 660 [6]= 660 [7]= 660 [8]= 660 [9]= 660 [10]= 660 [11]= 660 [12]= 660 
key_index before (DPU 171) [0]=   0 [1]= 272 [2]= 513 [3]= 753 [4]= 753 [5]= 753 [6]= 753 [7]= 753 [8]= 753 [9]= 753 [10]= 753 [11]= 753 [12]= 753 
key_index before (DPU 172) [0]=   0 [1]= 244 [2]= 500 [3]= 740 [4]= 740 [5]= 740 [6]= 740 [7]= 740 [8]= 740 [9]= 740 [10]= 740 [11]= 740 [12]= 740 
key_index before (DPU 173) [0]=   0 [1]= 217 [2]= 442 [3]= 679 [4]= 679 [5]= 679 [6]= 679 [7]= 679 [8]= 679 [9]= 679 [10]= 679 [11]= 679 [12]= 679 
key_index before (DPU 174) [0]=   0 [1]= 235 [2]= 477 [3]= 683 [4]= 683 [5]= 683 [6]= 683 [7]= 683 [8]= 683 [9]= 683 [10]= 683 [11]= 683 [12]= 683 
key_index before (DPU 175) [0]=   0 [1]= 245 [2]= 499 [3]= 723 [4]= 723 [5]= 723 [6]= 723 [7]= 723 [8]= 723 [9]= 723 [10]= 723 [11]= 723 [12]= 723 
key_index before (DPU 176) [0]=   0 [1]= 226 [2]= 444 [3]= 659 [4]= 659 [5]= 659 [6]= 659 [7]= 659 [8]= 659 [9]= 659 [10]= 659 [11]= 659 [12]= 659 
key_index before (DPU 177) [0]=   0 [1]= 217 [2]= 434 [3]= 684 [4]= 684 [5]= 684 [6]= 684 [7]= 684 [8]= 684 [9]= 684 [10]= 684 [11]= 684 [12]= 684 
key_index before (DPU 178) [0]=   0 [1]= 250 [2]= 495 [3]= 703 [4]= 703 [5]= 703 [6]= 703 [7]= 703 [8]= 703 [9]= 703 [10]= 703 [11]= 703 [12]= 703 
key_index before (DPU 179) [0]=   0 [1]= 221 [2]= 435 [3]= 647 [4]= 647 [5]= 647 [6]= 647 [7]= 647 [8]= 647 [9]= 647 [10]= 647 [11]= 647 [12]= 647 
key_index before (DPU 180) [0]=   0 [1]= 241 [2]= 469 [3]= 711 [4]= 711 [5]= 711 [6]= 711 [7]= 711 [8]= 711 [9]= 711 [10]= 711 [11]= 711 [12]= 711 
key_index before (DPU 181) [0]=   0 [1]= 246 [2]= 468 [3]= 689 [4]= 689 [5]= 689 [6]= 689 [7]= 689 [8]= 689 [9]= 689 [10]= 689 [11]= 689 [12]= 689 
key_index before (DPU 182) [0]=   0 [1]= 217 [2]= 438 [3]= 677 [4]= 677 [5]= 677 [6]= 677 [7]= 677 [8]= 677 [9]= 677 [10]= 677 [11]= 677 [12]= 677 
key_index before (DPU 183) [0]=   0 [1]= 214 [2]= 412 [3]= 635 [4]= 635 [5]= 635 [6]= 635 [7]= 635 [8]= 635 [9]= 635 [10]= 635 [11]= 635 [12]= 635 
key_index before (DPU 184) [0]=   0 [1]= 222 [2]= 437 [3]= 634 [4]= 634 [5]= 634 [6]= 634 [7]= 634 [8]= 634 [9]= 634 [10]= 634 [11]= 634 [12]= 634 
key_index before (DPU 185) [0]=   0 [1]= 243 [2]= 470 [3]= 694 [4]= 694 [5]= 694 [6]= 694 [7]= 694 [8]= 694 [9]= 694 [10]= 694 [11]= 694 [12]= 694 
key_index before (DPU 186) [0]=   0 [1]= 202 [2]= 428 [3]= 637 [4]= 637 [5]= 637 [6]= 637 [7]= 637 [8]= 637 [9]= 637 [10]= 637 [11]= 637 [12]= 637 
key_index before (DPU 187) [0]=   0 [1]= 209 [2]= 411 [3]= 627 [4]= 627 [5]= 627 [6]= 627 [7]= 627 [8]= 627 [9]= 627 [10]= 627 [11]= 627 [12]= 627 
key_index before (DPU 188) [0]=   0 [1]= 199 [2]= 385 [3]= 598 [4]= 598 [5]= 598 [6]= 598 [7]= 598 [8]= 598 [9]= 598 [10]= 598 [11]= 598 [12]= 598 
key_index before (DPU 189) [0]=   0 [1]= 236 [2]= 458 [3]= 673 [4]= 673 [5]= 673 [6]= 673 [7]= 673 [8]= 673 [9]= 673 [10]= 673 [11]= 673 [12]= 673 
key_index before (DPU 190) [0]=   0 [1]= 214 [2]= 421 [3]= 623 [4]= 623 [5]= 623 [6]= 623 [7]= 623 [8]= 623 [9]= 623 [10]= 623 [11]= 623 [12]= 623 
key_index before (DPU 191) [0]=   0 [1]= 211 [2]= 427 [3]= 655 [4]= 655 [5]= 655 [6]= 655 [7]= 655 [8]= 655 [9]= 655 [10]= 655 [11]= 655 [12]= 655 
key_index before (DPU 192) [0]=   0 [1]= 200 [2]= 411 [3]= 617 [4]= 617 [5]= 617 [6]= 617 [7]= 617 [8]= 617 [9]= 617 [10]= 617 [11]= 617 [12]= 617 
key_index before (DPU 193) [0]=   0 [1]= 210 [2]= 399 [3]= 599 [4]= 599 [5]= 599 [6]= 599 [7]= 599 [8]= 599 [9]= 599 [10]= 599 [11]= 599 [12]= 599 
key_index before (DPU 194) [0]=   0 [1]= 224 [2]= 438 [3]= 660 [4]= 660 [5]= 660 [6]= 660 [7]= 660 [8]= 660 [9]= 660 [10]= 660 [11]= 660 [12]= 660 
key_index before (DPU 195) [0]=   0 [1]= 210 [2]= 397 [3]= 612 [4]= 612 [5]= 612 [6]= 612 [7]= 612 [8]= 612 [9]= 612 [10]= 612 [11]= 612 [12]= 612 
key_index before (DPU 196) [0]=   0 [1]= 220 [2]= 409 [3]= 632 [4]= 632 [5]= 632 [6]= 632 [7]= 632 [8]= 632 [9]= 632 [10]= 632 [11]= 632 [12]= 632 
key_index before (DPU 197) [0]=   0 [1]= 211 [2]= 429 [3]= 607 [4]= 607 [5]= 607 [6]= 607 [7]= 607 [8]= 607 [9]= 607 [10]= 607 [11]= 607 [12]= 607 
key_index before (DPU 198) [0]=   0 [1]= 185 [2]= 375 [3]= 574 [4]= 574 [5]= 574 [6]= 574 [7]= 574 [8]= 574 [9]= 574 [10]= 574 [11]= 574 [12]= 574 
key_index before (DPU 199) [0]=   0 [1]= 189 [2]= 418 [3]= 607 [4]= 607 [5]= 607 [6]= 607 [7]= 607 [8]= 607 [9]= 607 [10]= 607 [11]= 607 [12]= 607 
key_index before (DPU 200) [0]=   0 [1]= 200 [2]= 398 [3]= 602 [4]= 602 [5]= 602 [6]= 602 [7]= 602 [8]= 602 [9]= 602 [10]= 602 [11]= 602 [12]= 602 
key_index before (DPU 201) [0]=   0 [1]= 206 [2]= 413 [3]= 611 [4]= 611 [5]= 611 [6]= 611 [7]= 611 [8]= 611 [9]= 611 [10]= 611 [11]= 611 [12]= 611 
key_index before (DPU 202) [0]=   0 [1]= 194 [2]= 416 [3]= 617 [4]= 617 [5]= 617 [6]= 617 [7]= 617 [8]= 617 [9]= 617 [10]= 617 [11]= 617 [12]= 617 
key_index before (DPU 203) [0]=   0 [1]= 198 [2]= 396 [3]= 603 [4]= 603 [5]= 603 [6]= 603 [7]= 603 [8]= 603 [9]= 603 [10]= 603 [11]= 603 [12]= 603 
key_index before (DPU 204) [0]=   0 [1]= 179 [2]= 365 [3]= 551 [4]= 551 [5]= 551 [6]= 551 [7]= 551 [8]= 551 [9]= 551 [10]= 551 [11]= 551 [12]= 551 
key_index before (DPU 205) [0]=   0 [1]= 189 [2]= 391 [3]= 578 [4]= 578 [5]= 578 [6]= 578 [7]= 578 [8]= 578 [9]= 578 [10]= 578 [11]= 578 [12]= 578 
key_index before (DPU 206) [0]=   0 [1]= 202 [2]= 387 [3]= 571 [4]= 571 [5]= 571 [6]= 571 [7]= 571 [8]= 571 [9]= 571 [10]= 571 [11]= 571 [12]= 571 
key_index before (DPU 207) [0]=   0 [1]= 196 [2]= 403 [3]= 592 [4]= 592 [5]= 592 [6]= 592 [7]= 592 [8]= 592 [9]= 592 [10]= 592 [11]= 592 [12]= 592 
key_index before (DPU 208) [0]=   0 [1]= 188 [2]= 353 [3]= 552 [4]= 552 [5]= 552 [6]= 552 [7]= 552 [8]= 552 [9]= 552 [10]= 552 [11]= 552 [12]= 552 
key_index before (DPU 209) [0]=   0 [1]= 188 [2]= 370 [3]= 552 [4]= 552 [5]= 552 [6]= 552 [7]= 552 [8]= 552 [9]= 552 [10]= 552 [11]= 552 [12]= 552 
key_index before (DPU 210) [0]=   0 [1]= 192 [2]= 398 [3]= 582 [4]= 582 [5]= 582 [6]= 582 [7]= 582 [8]= 582 [9]= 582 [10]= 582 [11]= 582 [12]= 582 
key_index before (DPU 211) [0]=   0 [1]= 185 [2]= 384 [3]= 575 [4]= 575 [5]= 575 [6]= 575 [7]= 575 [8]= 575 [9]= 575 [10]= 575 [11]= 575 [12]= 575 
key_index before (DPU 212) [0]=   0 [1]= 191 [2]= 389 [3]= 587 [4]= 587 [5]= 587 [6]= 587 [7]= 587 [8]= 587 [9]= 587 [10]= 587 [11]= 587 [12]= 587 
key_index before (DPU 213) [0]=   0 [1]= 198 [2]= 398 [3]= 604 [4]= 604 [5]= 604 [6]= 604 [7]= 604 [8]= 604 [9]= 604 [10]= 604 [11]= 604 [12]= 604 
key_index before (DPU 214) [0]=   0 [1]= 199 [2]= 387 [3]= 585 [4]= 585 [5]= 585 [6]= 585 [7]= 585 [8]= 585 [9]= 585 [10]= 585 [11]= 585 [12]= 585 
key_index before (DPU 215) [0]=   0 [1]= 186 [2]= 381 [3]= 579 [4]= 579 [5]= 579 [6]= 579 [7]= 579 [8]= 579 [9]= 579 [10]= 579 [11]= 579 [12]= 579 
key_index before (DPU 216) [0]=   0 [1]= 182 [2]= 395 [3]= 588 [4]= 588 [5]= 588 [6]= 588 [7]= 588 [8]= 588 [9]= 588 [10]= 588 [11]= 588 [12]= 588 
key_index before (DPU 217) [0]=   0 [1]= 184 [2]= 379 [3]= 550 [4]= 550 [5]= 550 [6]= 550 [7]= 550 [8]= 550 [9]= 550 [10]= 550 [11]= 550 [12]= 550 
key_index before (DPU 218) [0]=   0 [1]= 182 [2]= 354 [3]= 529 [4]= 529 [5]= 529 [6]= 529 [7]= 529 [8]= 529 [9]= 529 [10]= 529 [11]= 529 [12]= 529 
key_index before (DPU 219) [0]=   0 [1]= 198 [2]= 392 [3]= 574 [4]= 574 [5]= 574 [6]= 574 [7]= 574 [8]= 574 [9]= 574 [10]= 574 [11]= 574 [12]= 574 
key_index before (DPU 220) [0]=   0 [1]= 175 [2]= 344 [3]= 519 [4]= 519 [5]= 519 [6]= 519 [7]= 519 [8]= 519 [9]= 519 [10]= 519 [11]= 519 [12]= 519 
key_index before (DPU 221) [0]=   0 [1]= 161 [2]= 365 [3]= 553 [4]= 553 [5]= 553 [6]= 553 [7]= 553 [8]= 553 [9]= 553 [10]= 553 [11]= 553 [12]= 553 
key_index before (DPU 222) [0]=   0 [1]= 173 [2]= 354 [3]= 536 [4]= 536 [5]= 536 [6]= 536 [7]= 536 [8]= 536 [9]= 536 [10]= 536 [11]= 536 [12]= 536 
key_index before (DPU 223) [0]=   0 [1]= 164 [2]= 351 [3]= 529 [4]= 529 [5]= 529 [6]= 529 [7]= 529 [8]= 529 [9]= 529 [10]= 529 [11]= 529 [12]= 529 
key_index before (DPU 224) [0]=   0 [1]= 182 [2]= 361 [3]= 553 [4]= 553 [5]= 553 [6]= 553 [7]= 553 [8]= 553 [9]= 553 [10]= 553 [11]= 553 [12]= 553 
key_index before (DPU 225) [0]=   0 [1]= 193 [2]= 399 [3]= 578 [4]= 578 [5]= 578 [6]= 578 [7]= 578 [8]= 578 [9]= 578 [10]= 578 [11]= 578 [12]= 578 
key_index before (DPU 226) [0]=   0 [1]= 194 [2]= 389 [3]= 559 [4]= 559 [5]= 559 [6]= 559 [7]= 559 [8]= 559 [9]= 559 [10]= 559 [11]= 559 [12]= 559 
key_index before (DPU 227) [0]=   0 [1]= 187 [2]= 400 [3]= 585 [4]= 585 [5]= 585 [6]= 585 [7]= 585 [8]= 585 [9]= 585 [10]= 585 [11]= 585 [12]= 585 
key_index before (DPU 228) [0]=   0 [1]= 198 [2]= 389 [3]= 550 [4]= 550 [5]= 550 [6]= 550 [7]= 550 [8]= 550 [9]= 550 [10]= 550 [11]= 550 [12]= 550 
key_index before (DPU 229) [0]=   0 [1]= 186 [2]= 348 [3]= 522 [4]= 522 [5]= 522 [6]= 522 [7]= 522 [8]= 522 [9]= 522 [10]= 522 [11]= 522 [12]= 522 
key_index before (DPU 230) [0]=   0 [1]= 196 [2]= 392 [3]= 554 [4]= 554 [5]= 554 [6]= 554 [7]= 554 [8]= 554 [9]= 554 [10]= 554 [11]= 554 [12]= 554 
key_index before (DPU 231) [0]=   0 [1]= 179 [2]= 337 [3]= 539 [4]= 539 [5]= 539 [6]= 539 [7]= 539 [8]= 539 [9]= 539 [10]= 539 [11]= 539 [12]= 539 
key_index before (DPU 232) [0]=   0 [1]= 164 [2]= 338 [3]= 495 [4]= 495 [5]= 495 [6]= 495 [7]= 495 [8]= 495 [9]= 495 [10]= 495 [11]= 495 [12]= 495 
key_index before (DPU 233) [0]=   0 [1]= 165 [2]= 326 [3]= 487 [4]= 487 [5]= 487 [6]= 487 [7]= 487 [8]= 487 [9]= 487 [10]= 487 [11]= 487 [12]= 487 
key_index before (DPU 234) [0]=   0 [1]= 176 [2]= 357 [3]= 537 [4]= 537 [5]= 537 [6]= 537 [7]= 537 [8]= 537 [9]= 537 [10]= 537 [11]= 537 [12]= 537 
key_index before (DPU 235) [0]=   0 [1]= 164 [2]= 332 [3]= 483 [4]= 483 [5]= 483 [6]= 483 [7]= 483 [8]= 483 [9]= 483 [10]= 483 [11]= 483 [12]= 483 
key_index before (DPU 236) [0]=   0 [1]= 168 [2]= 347 [3]= 517 [4]= 517 [5]= 517 [6]= 517 [7]= 517 [8]= 517 [9]= 517 [10]= 517 [11]= 517 [12]= 517 
key_index before (DPU 237) [0]=   0 [1]= 160 [2]= 311 [3]= 478 [4]= 478 [5]= 478 [6]= 478 [7]= 478 [8]= 478 [9]= 478 [10]= 478 [11]= 478 [12]= 478 
key_index before (DPU 238) [0]=   0 [1]= 164 [2]= 334 [3]= 478 [4]= 478 [5]= 478 [6]= 478 [7]= 478 [8]= 478 [9]= 478 [10]= 478 [11]= 478 [12]= 478 
key_index before (DPU 239) [0]=   0 [1]= 164 [2]= 339 [3]= 526 [4]= 526 [5]= 526 [6]= 526 [7]= 526 [8]= 526 [9]= 526 [10]= 526 [11]= 526 [12]= 526 
key_index before (DPU 240) [0]=   0 [1]= 157 [2]= 335 [3]= 524 [4]= 524 [5]= 524 [6]= 524 [7]= 524 [8]= 524 [9]= 524 [10]= 524 [11]= 524 [12]= 524 
key_index before (DPU 241) [0]=   0 [1]= 177 [2]= 348 [3]= 535 [4]= 535 [5]= 535 [6]= 535 [7]= 535 [8]= 535 [9]= 535 [10]= 535 [11]= 535 [12]= 535 
key_index before (DPU 242) [0]=   0 [1]= 165 [2]= 345 [3]= 499 [4]= 499 [5]= 499 [6]= 499 [7]= 499 [8]= 499 [9]= 499 [10]= 499 [11]= 499 [12]= 499 
key_index before (DPU 243) [0]=   0 [1]= 144 [2]= 293 [3]= 477 [4]= 477 [5]= 477 [6]= 477 [7]= 477 [8]= 477 [9]= 477 [10]= 477 [11]= 477 [12]= 477 
key_index before (DPU 244) [0]=   0 [1]= 177 [2]= 357 [3]= 540 [4]= 540 [5]= 540 [6]= 540 [7]= 540 [8]= 540 [9]= 540 [10]= 540 [11]= 540 [12]= 540 
key_index before (DPU 245) [0]=   0 [1]= 173 [2]= 329 [3]= 499 [4]= 499 [5]= 499 [6]= 499 [7]= 499 [8]= 499 [9]= 499 [10]= 499 [11]= 499 [12]= 499 
key_index before (DPU 246) [0]=   0 [1]= 160 [2]= 306 [3]= 471 [4]= 471 [5]= 471 [6]= 471 [7]= 471 [8]= 471 [9]= 471 [10]= 471 [11]= 471 [12]= 471 
key_index before (DPU 247) [0]=   0 [1]= 160 [2]= 329 [3]= 499 [4]= 499 [5]= 499 [6]= 499 [7]= 499 [8]= 499 [9]= 499 [10]= 499 [11]= 499 [12]= 499 
key_index before (DPU 248) [0]=   0 [1]= 150 [2]= 348 [3]= 507 [4]= 507 [5]= 507 [6]= 507 [7]= 507 [8]= 507 [9]= 507 [10]= 507 [11]= 507 [12]= 507 
key_index before (DPU 249) [0]=   0 [1]= 165 [2]= 331 [3]= 481 [4]= 481 [5]= 481 [6]= 481 [7]= 481 [8]= 481 [9]= 481 [10]= 481 [11]= 481 [12]= 481 
key_index before (DPU 250) [0]=   0 [1]= 157 [2]= 328 [3]= 493 [4]= 493 [5]= 493 [6]= 493 [7]= 493 [8]= 493 [9]= 493 [10]= 493 [11]= 493 [12]= 493 
key_index before (DPU 251) [0]=   0 [1]= 163 [2]= 306 [3]= 482 [4]= 482 [5]= 482 [6]= 482 [7]= 482 [8]= 482 [9]= 482 [10]= 482 [11]= 482 [12]= 482 
key_index before (DPU 252) [0]=   0 [1]= 160 [2]= 330 [3]= 483 [4]= 483 [5]= 483 [6]= 483 [7]= 483 [8]= 483 [9]= 483 [10]= 483 [11]= 483 [12]= 483 
key_index before (DPU 253) [0]=   0 [1]= 147 [2]= 320 [3]= 487 [4]= 487 [5]= 487 [6]= 487 [7]= 487 [8]= 487 [9]= 487 [10]= 487 [11]= 487 [12]= 487 
key_index before (DPU 254) [0]=   0 [1]= 161 [2]= 330 [3]= 484 [4]= 484 [5]= 484 [6]= 484 [7]= 484 [8]= 484 [9]= 484 [10]= 484 [11]= 484 [12]= 484 
key_index before (DPU 255) [0]=   0 [1]= 162 [2]= 326 [3]= 487 [4]= 487 [5]= 487 [6]= 487 [7]= 487 [8]= 487 [9]= 487 [10]= 487 [11]= 487 [12]= 487 
key_index before (DPU 256) [0]=   0 [1]= 155 [2]= 305 [3]= 447 [4]= 447 [5]= 447 [6]= 447 [7]= 447 [8]= 447 [9]= 447 [10]= 447 [11]= 447 [12]= 447 
key_index before (DPU 257) [0]=   0 [1]= 162 [2]= 305 [3]= 469 [4]= 469 [5]= 469 [6]= 469 [7]= 469 [8]= 469 [9]= 469 [10]= 469 [11]= 469 [12]= 469 
key_index before (DPU 258) [0]=   0 [1]= 152 [2]= 320 [3]= 472 [4]= 472 [5]= 472 [6]= 472 [7]= 472 [8]= 472 [9]= 472 [10]= 472 [11]= 472 [12]= 472 
key_index before (DPU 259) [0]=   0 [1]= 171 [2]= 325 [3]= 485 [4]= 485 [5]= 485 [6]= 485 [7]= 485 [8]= 485 [9]= 485 [10]= 485 [11]= 485 [12]= 485 
key_index before (DPU 260) [0]=   0 [1]= 165 [2]= 317 [3]= 459 [4]= 459 [5]= 459 [6]= 459 [7]= 459 [8]= 459 [9]= 459 [10]= 459 [11]= 459 [12]= 459 
key_index before (DPU 261) [0]=   0 [1]= 162 [2]= 332 [3]= 471 [4]= 471 [5]= 471 [6]= 471 [7]= 471 [8]= 471 [9]= 471 [10]= 471 [11]= 471 [12]= 471 
key_index before (DPU 262) [0]=   0 [1]= 143 [2]= 302 [3]= 456 [4]= 456 [5]= 456 [6]= 456 [7]= 456 [8]= 456 [9]= 456 [10]= 456 [11]= 456 [12]= 456 
key_index before (DPU 263) [0]=   0 [1]= 161 [2]= 320 [3]= 516 [4]= 516 [5]= 516 [6]= 516 [7]= 516 [8]= 516 [9]= 516 [10]= 516 [11]= 516 [12]= 516 
key_index before (DPU 264) [0]=   0 [1]= 158 [2]= 312 [3]= 458 [4]= 458 [5]= 458 [6]= 458 [7]= 458 [8]= 458 [9]= 458 [10]= 458 [11]= 458 [12]= 458 
key_index before (DPU 265) [0]=   0 [1]= 147 [2]= 298 [3]= 463 [4]= 463 [5]= 463 [6]= 463 [7]= 463 [8]= 463 [9]= 463 [10]= 463 [11]= 463 [12]= 463 
key_index before (DPU 266) [0]=   0 [1]= 147 [2]= 284 [3]= 426 [4]= 426 [5]= 426 [6]= 426 [7]= 426 [8]= 426 [9]= 426 [10]= 426 [11]= 426 [12]= 426 
key_index before (DPU 267) [0]=   0 [1]= 156 [2]= 315 [3]= 458 [4]= 458 [5]= 458 [6]= 458 [7]= 458 [8]= 458 [9]= 458 [10]= 458 [11]= 458 [12]= 458 
key_index before (DPU 268) [0]=   0 [1]= 155 [2]= 306 [3]= 456 [4]= 456 [5]= 456 [6]= 456 [7]= 456 [8]= 456 [9]= 456 [10]= 456 [11]= 456 [12]= 456 
key_index before (DPU 269) [0]=   0 [1]= 147 [2]= 314 [3]= 486 [4]= 486 [5]= 486 [6]= 486 [7]= 486 [8]= 486 [9]= 486 [10]= 486 [11]= 486 [12]= 486 
key_index before (DPU 270) [0]=   0 [1]= 146 [2]= 306 [3]= 447 [4]= 447 [5]= 447 [6]= 447 [7]= 447 [8]= 447 [9]= 447 [10]= 447 [11]= 447 [12]= 447 
key_index before (DPU 271) [0]=   0 [1]= 142 [2]= 304 [3]= 445 [4]= 445 [5]= 445 [6]= 445 [7]= 445 [8]= 445 [9]= 445 [10]= 445 [11]= 445 [12]= 445 
key_index before (DPU 272) [0]=   0 [1]= 141 [2]= 288 [3]= 443 [4]= 443 [5]= 443 [6]= 443 [7]= 443 [8]= 443 [9]= 443 [10]= 443 [11]= 443 [12]= 443 
key_index before (DPU 273) [0]=   0 [1]= 145 [2]= 273 [3]= 407 [4]= 407 [5]= 407 [6]= 407 [7]= 407 [8]= 407 [9]= 407 [10]= 407 [11]= 407 [12]= 407 
key_index before (DPU 274) [0]=   0 [1]= 133 [2]= 271 [3]= 431 [4]= 431 [5]= 431 [6]= 431 [7]= 431 [8]= 431 [9]= 431 [10]= 431 [11]= 431 [12]= 431 
key_index before (DPU 275) [0]=   0 [1]= 156 [2]= 292 [3]= 447 [4]= 447 [5]= 447 [6]= 447 [7]= 447 [8]= 447 [9]= 447 [10]= 447 [11]= 447 [12]= 447 
key_index before (DPU 276) [0]=   0 [1]= 132 [2]= 259 [3]= 422 [4]= 422 [5]= 422 [6]= 422 [7]= 422 [8]= 422 [9]= 422 [10]= 422 [11]= 422 [12]= 422 
key_index before (DPU 277) [0]=   0 [1]= 168 [2]= 296 [3]= 462 [4]= 462 [5]= 462 [6]= 462 [7]= 462 [8]= 462 [9]= 462 [10]= 462 [11]= 462 [12]= 462 
key_index before (DPU 278) [0]=   0 [1]= 132 [2]= 298 [3]= 440 [4]= 440 [5]= 440 [6]= 440 [7]= 440 [8]= 440 [9]= 440 [10]= 440 [11]= 440 [12]= 440 
key_index before (DPU 279) [0]=   0 [1]= 150 [2]= 306 [3]= 452 [4]= 452 [5]= 452 [6]= 452 [7]= 452 [8]= 452 [9]= 452 [10]= 452 [11]= 452 [12]= 452 
key_index before (DPU 280) [0]=   0 [1]= 141 [2]= 284 [3]= 439 [4]= 439 [5]= 439 [6]= 439 [7]= 439 [8]= 439 [9]= 439 [10]= 439 [11]= 439 [12]= 439 
key_index before (DPU 281) [0]=   0 [1]= 159 [2]= 299 [3]= 449 [4]= 449 [5]= 449 [6]= 449 [7]= 449 [8]= 449 [9]= 449 [10]= 449 [11]= 449 [12]= 449 
key_index before (DPU 282) [0]=   0 [1]= 144 [2]= 306 [3]= 457 [4]= 457 [5]= 457 [6]= 457 [7]= 457 [8]= 457 [9]= 457 [10]= 457 [11]= 457 [12]= 457 
key_index before (DPU 283) [0]=   0 [1]= 134 [2]= 292 [3]= 435 [4]= 435 [5]= 435 [6]= 435 [7]= 435 [8]= 435 [9]= 435 [10]= 435 [11]= 435 [12]= 435 
key_index before (DPU 284) [0]=   0 [1]= 144 [2]= 273 [3]= 406 [4]= 406 [5]= 406 [6]= 406 [7]= 406 [8]= 406 [9]= 406 [10]= 406 [11]= 406 [12]= 406 
key_index before (DPU 285) [0]=   0 [1]= 127 [2]= 260 [3]= 399 [4]= 399 [5]= 399 [6]= 399 [7]= 399 [8]= 399 [9]= 399 [10]= 399 [11]= 399 [12]= 399 
key_index before (DPU 286) [0]=   0 [1]= 124 [2]= 270 [3]= 410 [4]= 410 [5]= 410 [6]= 410 [7]= 410 [8]= 410 [9]= 410 [10]= 410 [11]= 410 [12]= 410 
key_index before (DPU 287) [0]=   0 [1]= 145 [2]= 292 [3]= 455 [4]= 455 [5]= 455 [6]= 455 [7]= 455 [8]= 455 [9]= 455 [10]= 455 [11]= 455 [12]= 455 
key_index before (DPU 288) [0]=   0 [1]= 154 [2]= 297 [3]= 445 [4]= 445 [5]= 445 [6]= 445 [7]= 445 [8]= 445 [9]= 445 [10]= 445 [11]= 445 [12]= 445 
key_index before (DPU 289) [0]=   0 [1]= 146 [2]= 293 [3]= 431 [4]= 431 [5]= 431 [6]= 431 [7]= 431 [8]= 431 [9]= 431 [10]= 431 [11]= 431 [12]= 431 
key_index before (DPU 290) [0]=   0 [1]= 126 [2]= 271 [3]= 390 [4]= 390 [5]= 390 [6]= 390 [7]= 390 [8]= 390 [9]= 390 [10]= 390 [11]= 390 [12]= 390 
key_index before (DPU 291) [0]=   0 [1]= 150 [2]= 285 [3]= 424 [4]= 424 [5]= 424 [6]= 424 [7]= 424 [8]= 424 [9]= 424 [10]= 424 [11]= 424 [12]= 424 
key_index before (DPU 292) [0]=   0 [1]= 146 [2]= 292 [3]= 444 [4]= 444 [5]= 444 [6]= 444 [7]= 444 [8]= 444 [9]= 444 [10]= 444 [11]= 444 [12]= 444 
key_index before (DPU 293) [0]=   0 [1]= 160 [2]= 328 [3]= 464 [4]= 464 [5]= 464 [6]= 464 [7]= 464 [8]= 464 [9]= 464 [10]= 464 [11]= 464 [12]= 464 
key_index before (DPU 294) [0]=   0 [1]= 143 [2]= 286 [3]= 419 [4]= 419 [5]= 419 [6]= 419 [7]= 419 [8]= 419 [9]= 419 [10]= 419 [11]= 419 [12]= 419 
key_index before (DPU 295) [0]=   0 [1]= 131 [2]= 265 [3]= 400 [4]= 400 [5]= 400 [6]= 400 [7]= 400 [8]= 400 [9]= 400 [10]= 400 [11]= 400 [12]= 400 
key_index before (DPU 296) [0]=   0 [1]= 134 [2]= 275 [3]= 412 [4]= 412 [5]= 412 [6]= 412 [7]= 412 [8]= 412 [9]= 412 [10]= 412 [11]= 412 [12]= 412 
key_index before (DPU 297) [0]=   0 [1]= 156 [2]= 277 [3]= 421 [4]= 421 [5]= 421 [6]= 421 [7]= 421 [8]= 421 [9]= 421 [10]= 421 [11]= 421 [12]= 421 
key_index before (DPU 298) [0]=   0 [1]= 143 [2]= 289 [3]= 421 [4]= 421 [5]= 421 [6]= 421 [7]= 421 [8]= 421 [9]= 421 [10]= 421 [11]= 421 [12]= 421 
key_index before (DPU 299) [0]=   0 [1]= 133 [2]= 287 [3]= 406 [4]= 406 [5]= 406 [6]= 406 [7]= 406 [8]= 406 [9]= 406 [10]= 406 [11]= 406 [12]= 406 
key_index before (DPU 300) [0]=   0 [1]= 153 [2]= 261 [3]= 394 [4]= 394 [5]= 394 [6]= 394 [7]= 394 [8]= 394 [9]= 394 [10]= 394 [11]= 394 [12]= 394 
key_index before (DPU 301) [0]=   0 [1]= 129 [2]= 270 [3]= 399 [4]= 399 [5]= 399 [6]= 399 [7]= 399 [8]= 399 [9]= 399 [10]= 399 [11]= 399 [12]= 399 
key_index before (DPU 302) [0]=   0 [1]= 135 [2]= 279 [3]= 394 [4]= 394 [5]= 394 [6]= 394 [7]= 394 [8]= 394 [9]= 394 [10]= 394 [11]= 394 [12]= 394 
key_index before (DPU 303) [0]=   0 [1]= 136 [2]= 266 [3]= 401 [4]= 401 [5]= 401 [6]= 401 [7]= 401 [8]= 401 [9]= 401 [10]= 401 [11]= 401 [12]= 401 
key_index before (DPU 304) [0]=   0 [1]= 138 [2]= 286 [3]= 428 [4]= 428 [5]= 428 [6]= 428 [7]= 428 [8]= 428 [9]= 428 [10]= 428 [11]= 428 [12]= 428 
key_index before (DPU 305) [0]=   0 [1]= 135 [2]= 284 [3]= 427 [4]= 427 [5]= 427 [6]= 427 [7]= 427 [8]= 427 [9]= 427 [10]= 427 [11]= 427 [12]= 427 
key_index before (DPU 306) [0]=   0 [1]= 136 [2]= 280 [3]= 408 [4]= 408 [5]= 408 [6]= 408 [7]= 408 [8]= 408 [9]= 408 [10]= 408 [11]= 408 [12]= 408 
key_index before (DPU 307) [0]=   0 [1]= 121 [2]= 257 [3]= 392 [4]= 392 [5]= 392 [6]= 392 [7]= 392 [8]= 392 [9]= 392 [10]= 392 [11]= 392 [12]= 392 
key_index before (DPU 308) [0]=   0 [1]= 140 [2]= 263 [3]= 415 [4]= 415 [5]= 415 [6]= 415 [7]= 415 [8]= 415 [9]= 415 [10]= 415 [11]= 415 [12]= 415 
key_index before (DPU 309) [0]=   0 [1]= 123 [2]= 253 [3]= 395 [4]= 395 [5]= 395 [6]= 395 [7]= 395 [8]= 395 [9]= 395 [10]= 395 [11]= 395 [12]= 395 
key_index before (DPU 310) [0]=   0 [1]= 109 [2]= 247 [3]= 384 [4]= 384 [5]= 384 [6]= 384 [7]= 384 [8]= 384 [9]= 384 [10]= 384 [11]= 384 [12]= 384 
key_index before (DPU 311) [0]=   0 [1]= 112 [2]= 252 [3]= 377 [4]= 377 [5]= 377 [6]= 377 [7]= 377 [8]= 377 [9]= 377 [10]= 377 [11]= 377 [12]= 377 
key_index before (DPU 312) [0]=   0 [1]= 125 [2]= 248 [3]= 400 [4]= 400 [5]= 400 [6]= 400 [7]= 400 [8]= 400 [9]= 400 [10]= 400 [11]= 400 [12]= 400 
key_index before (DPU 313) [0]=   0 [1]= 119 [2]= 260 [3]= 401 [4]= 401 [5]= 401 [6]= 401 [7]= 401 [8]= 401 [9]= 401 [10]= 401 [11]= 401 [12]= 401 
key_index before (DPU 314) [0]=   0 [1]= 134 [2]= 261 [3]= 384 [4]= 384 [5]= 384 [6]= 384 [7]= 384 [8]= 384 [9]= 384 [10]= 384 [11]= 384 [12]= 384 
key_index before (DPU 315) [0]=   0 [1]= 120 [2]= 233 [3]= 364 [4]= 364 [5]= 364 [6]= 364 [7]= 364 [8]= 364 [9]= 364 [10]= 364 [11]= 364 [12]= 364 
key_index before (DPU 316) [0]=   0 [1]= 138 [2]= 278 [3]= 411 [4]= 411 [5]= 411 [6]= 411 [7]= 411 [8]= 411 [9]= 411 [10]= 411 [11]= 411 [12]= 411 
key_index before (DPU 317) [0]=   0 [1]= 121 [2]= 257 [3]= 381 [4]= 381 [5]= 381 [6]= 381 [7]= 381 [8]= 381 [9]= 381 [10]= 381 [11]= 381 [12]= 381 
key_index before (DPU 318) [0]=   0 [1]= 116 [2]= 266 [3]= 410 [4]= 410 [5]= 410 [6]= 410 [7]= 410 [8]= 410 [9]= 410 [10]= 410 [11]= 410 [12]= 410 
key_index before (DPU 319) [0]=   0 [1]= 129 [2]= 255 [3]= 390 [4]= 390 [5]= 390 [6]= 390 [7]= 390 [8]= 390 [9]= 390 [10]= 390 [11]= 390 [12]= 390 
key_index before (DPU 320) [0]=   0 [1]= 138 [2]= 279 [3]= 426 [4]= 426 [5]= 426 [6]= 426 [7]= 426 [8]= 426 [9]= 426 [10]= 426 [11]= 426 [12]= 426 
key_index before (DPU 321) [0]=   0 [1]= 125 [2]= 255 [3]= 384 [4]= 384 [5]= 384 [6]= 384 [7]= 384 [8]= 384 [9]= 384 [10]= 384 [11]= 384 [12]= 384 
key_index before (DPU 322) [0]=   0 [1]= 109 [2]= 242 [3]= 354 [4]= 354 [5]= 354 [6]= 354 [7]= 354 [8]= 354 [9]= 354 [10]= 354 [11]= 354 [12]= 354 
key_index before (DPU 323) [0]=   0 [1]= 137 [2]= 252 [3]= 386 [4]= 386 [5]= 386 [6]= 386 [7]= 386 [8]= 386 [9]= 386 [10]= 386 [11]= 386 [12]= 386 
key_index before (DPU 324) [0]=   0 [1]= 124 [2]= 234 [3]= 350 [4]= 350 [5]= 350 [6]= 350 [7]= 350 [8]= 350 [9]= 350 [10]= 350 [11]= 350 [12]= 350 
key_index before (DPU 325) [0]=   0 [1]= 124 [2]= 259 [3]= 379 [4]= 379 [5]= 379 [6]= 379 [7]= 379 [8]= 379 [9]= 379 [10]= 379 [11]= 379 [12]= 379 
key_index before (DPU 326) [0]=   0 [1]= 137 [2]= 254 [3]= 373 [4]= 373 [5]= 373 [6]= 373 [7]= 373 [8]= 373 [9]= 373 [10]= 373 [11]= 373 [12]= 373 
key_index before (DPU 327) [0]=   0 [1]= 134 [2]= 265 [3]= 382 [4]= 382 [5]= 382 [6]= 382 [7]= 382 [8]= 382 [9]= 382 [10]= 382 [11]= 382 [12]= 382 
key_index before (DPU 328) [0]=   0 [1]= 136 [2]= 249 [3]= 361 [4]= 361 [5]= 361 [6]= 361 [7]= 361 [8]= 361 [9]= 361 [10]= 361 [11]= 361 [12]= 361 
key_index before (DPU 329) [0]=   0 [1]= 115 [2]= 219 [3]= 327 [4]= 327 [5]= 327 [6]= 327 [7]= 327 [8]= 327 [9]= 327 [10]= 327 [11]= 327 [12]= 327 
key_index before (DPU 330) [0]=   0 [1]=  98 [2]= 225 [3]= 356 [4]= 356 [5]= 356 [6]= 356 [7]= 356 [8]= 356 [9]= 356 [10]= 356 [11]= 356 [12]= 356 
key_index before (DPU 331) [0]=   0 [1]= 130 [2]= 248 [3]= 386 [4]= 386 [5]= 386 [6]= 386 [7]= 386 [8]= 386 [9]= 386 [10]= 386 [11]= 386 [12]= 386 
key_index before (DPU 332) [0]=   0 [1]= 122 [2]= 249 [3]= 372 [4]= 372 [5]= 372 [6]= 372 [7]= 372 [8]= 372 [9]= 372 [10]= 372 [11]= 372 [12]= 372 
key_index before (DPU 333) [0]=   0 [1]= 119 [2]= 232 [3]= 361 [4]= 361 [5]= 361 [6]= 361 [7]= 361 [8]= 361 [9]= 361 [10]= 361 [11]= 361 [12]= 361 
key_index before (DPU 334) [0]=   0 [1]= 114 [2]= 246 [3]= 367 [4]= 367 [5]= 367 [6]= 367 [7]= 367 [8]= 367 [9]= 367 [10]= 367 [11]= 367 [12]= 367 
key_index before (DPU 335) [0]=   0 [1]=  98 [2]= 208 [3]= 340 [4]= 340 [5]= 340 [6]= 340 [7]= 340 [8]= 340 [9]= 340 [10]= 340 [11]= 340 [12]= 340 
key_index before (DPU 336) [0]=   0 [1]= 125 [2]= 243 [3]= 373 [4]= 373 [5]= 373 [6]= 373 [7]= 373 [8]= 373 [9]= 373 [10]= 373 [11]= 373 [12]= 373 
key_index before (DPU 337) [0]=   0 [1]= 136 [2]= 256 [3]= 379 [4]= 379 [5]= 379 [6]= 379 [7]= 379 [8]= 379 [9]= 379 [10]= 379 [11]= 379 [12]= 379 
key_index before (DPU 338) [0]=   0 [1]= 122 [2]= 265 [3]= 386 [4]= 386 [5]= 386 [6]= 386 [7]= 386 [8]= 386 [9]= 386 [10]= 386 [11]= 386 [12]= 386 
key_index before (DPU 339) [0]=   0 [1]= 140 [2]= 242 [3]= 381 [4]= 381 [5]= 381 [6]= 381 [7]= 381 [8]= 381 [9]= 381 [10]= 381 [11]= 381 [12]= 381 
key_index before (DPU 340) [0]=   0 [1]= 109 [2]= 216 [3]= 334 [4]= 334 [5]= 334 [6]= 334 [7]= 334 [8]= 334 [9]= 334 [10]= 334 [11]= 334 [12]= 334 
key_index before (DPU 341) [0]=   0 [1]= 115 [2]= 257 [3]= 377 [4]= 377 [5]= 377 [6]= 377 [7]= 377 [8]= 377 [9]= 377 [10]= 377 [11]= 377 [12]= 377 
key_index before (DPU 342) [0]=   0 [1]= 116 [2]= 250 [3]= 363 [4]= 363 [5]= 363 [6]= 363 [7]= 363 [8]= 363 [9]= 363 [10]= 363 [11]= 363 [12]= 363 
key_index before (DPU 343) [0]=   0 [1]= 109 [2]= 231 [3]= 347 [4]= 347 [5]= 347 [6]= 347 [7]= 347 [8]= 347 [9]= 347 [10]= 347 [11]= 347 [12]= 347 
key_index before (DPU 344) [0]=   0 [1]= 113 [2]= 232 [3]= 336 [4]= 336 [5]= 336 [6]= 336 [7]= 336 [8]= 336 [9]= 336 [10]= 336 [11]= 336 [12]= 336 
key_index before (DPU 345) [0]=   0 [1]= 122 [2]= 247 [3]= 371 [4]= 371 [5]= 371 [6]= 371 [7]= 371 [8]= 371 [9]= 371 [10]= 371 [11]= 371 [12]= 371 
key_index before (DPU 346) [0]=   0 [1]= 103 [2]= 217 [3]= 321 [4]= 321 [5]= 321 [6]= 321 [7]= 321 [8]= 321 [9]= 321 [10]= 321 [11]= 321 [12]= 321 
key_index before (DPU 347) [0]=   0 [1]= 119 [2]= 255 [3]= 376 [4]= 376 [5]= 376 [6]= 376 [7]= 376 [8]= 376 [9]= 376 [10]= 376 [11]= 376 [12]= 376 
key_index before (DPU 348) [0]=   0 [1]= 100 [2]= 219 [3]= 339 [4]= 339 [5]= 339 [6]= 339 [7]= 339 [8]= 339 [9]= 339 [10]= 339 [11]= 339 [12]= 339 
key_index before (DPU 349) [0]=   0 [1]= 116 [2]= 227 [3]= 340 [4]= 340 [5]= 340 [6]= 340 [7]= 340 [8]= 340 [9]= 340 [10]= 340 [11]= 340 [12]= 340 
key_index before (DPU 350) [0]=   0 [1]= 111 [2]= 211 [3]= 345 [4]= 345 [5]= 345 [6]= 345 [7]= 345 [8]= 345 [9]= 345 [10]= 345 [11]= 345 [12]= 345 
key_index before (DPU 351) [0]=   0 [1]= 134 [2]= 282 [3]= 392 [4]= 392 [5]= 392 [6]= 392 [7]= 392 [8]= 392 [9]= 392 [10]= 392 [11]= 392 [12]= 392 
key_index before (DPU 352) [0]=   0 [1]= 112 [2]= 218 [3]= 330 [4]= 330 [5]= 330 [6]= 330 [7]= 330 [8]= 330 [9]= 330 [10]= 330 [11]= 330 [12]= 330 
key_index before (DPU 353) [0]=   0 [1]= 131 [2]= 247 [3]= 370 [4]= 370 [5]= 370 [6]= 370 [7]= 370 [8]= 370 [9]= 370 [10]= 370 [11]= 370 [12]= 370 
key_index before (DPU 354) [0]=   0 [1]= 119 [2]= 250 [3]= 351 [4]= 351 [5]= 351 [6]= 351 [7]= 351 [8]= 351 [9]= 351 [10]= 351 [11]= 351 [12]= 351 
key_index before (DPU 355) [0]=   0 [1]= 116 [2]= 223 [3]= 324 [4]= 324 [5]= 324 [6]= 324 [7]= 324 [8]= 324 [9]= 324 [10]= 324 [11]= 324 [12]= 324 
key_index before (DPU 356) [0]=   0 [1]= 108 [2]= 219 [3]= 357 [4]= 357 [5]= 357 [6]= 357 [7]= 357 [8]= 357 [9]= 357 [10]= 357 [11]= 357 [12]= 357 
key_index before (DPU 357) [0]=   0 [1]= 131 [2]= 244 [3]= 381 [4]= 381 [5]= 381 [6]= 381 [7]= 381 [8]= 381 [9]= 381 [10]= 381 [11]= 381 [12]= 381 
key_index before (DPU 358) [0]=   0 [1]= 101 [2]= 206 [3]= 312 [4]= 312 [5]= 312 [6]= 312 [7]= 312 [8]= 312 [9]= 312 [10]= 312 [11]= 312 [12]= 312 
key_index before (DPU 359) [0]=   0 [1]= 101 [2]= 212 [3]= 322 [4]= 322 [5]= 322 [6]= 322 [7]= 322 [8]= 322 [9]= 322 [10]= 322 [11]= 322 [12]= 322 
key_index before (DPU 360) [0]=   0 [1]= 118 [2]= 233 [3]= 328 [4]= 328 [5]= 328 [6]= 328 [7]= 328 [8]= 328 [9]= 328 [10]= 328 [11]= 328 [12]= 328 
key_index before (DPU 361) [0]=   0 [1]= 117 [2]= 228 [3]= 330 [4]= 330 [5]= 330 [6]= 330 [7]= 330 [8]= 330 [9]= 330 [10]= 330 [11]= 330 [12]= 330 
key_index before (DPU 362) [0]=   0 [1]= 112 [2]= 219 [3]= 333 [4]= 333 [5]= 333 [6]= 333 [7]= 333 [8]= 333 [9]= 333 [10]= 333 [11]= 333 [12]= 333 
key_index before (DPU 363) [0]=   0 [1]= 127 [2]= 253 [3]= 356 [4]= 356 [5]= 356 [6]= 356 [7]= 356 [8]= 356 [9]= 356 [10]= 356 [11]= 356 [12]= 356 
key_index before (DPU 364) [0]=   0 [1]= 121 [2]= 235 [3]= 349 [4]= 349 [5]= 349 [6]= 349 [7]= 349 [8]= 349 [9]= 349 [10]= 349 [11]= 349 [12]= 349 
key_index before (DPU 365) [0]=   0 [1]= 105 [2]= 220 [3]= 327 [4]= 327 [5]= 327 [6]= 327 [7]= 327 [8]= 327 [9]= 327 [10]= 327 [11]= 327 [12]= 327 
key_index before (DPU 366) [0]=   0 [1]= 122 [2]= 234 [3]= 349 [4]= 349 [5]= 349 [6]= 349 [7]= 349 [8]= 349 [9]= 349 [10]= 349 [11]= 349 [12]= 349 
key_index before (DPU 367) [0]=   0 [1]= 102 [2]= 230 [3]= 350 [4]= 350 [5]= 350 [6]= 350 [7]= 350 [8]= 350 [9]= 350 [10]= 350 [11]= 350 [12]= 350 
key_index before (DPU 368) [0]=   0 [1]= 112 [2]= 213 [3]= 326 [4]= 326 [5]= 326 [6]= 326 [7]= 326 [8]= 326 [9]= 326 [10]= 326 [11]= 326 [12]= 326 
key_index before (DPU 369) [0]=   0 [1]= 105 [2]= 217 [3]= 318 [4]= 318 [5]= 318 [6]= 318 [7]= 318 [8]= 318 [9]= 318 [10]= 318 [11]= 318 [12]= 318 
key_index before (DPU 370) [0]=   0 [1]=  97 [2]= 211 [3]= 318 [4]= 318 [5]= 318 [6]= 318 [7]= 318 [8]= 318 [9]= 318 [10]= 318 [11]= 318 [12]= 318 
key_index before (DPU 371) [0]=   0 [1]= 113 [2]= 220 [3]= 345 [4]= 345 [5]= 345 [6]= 345 [7]= 345 [8]= 345 [9]= 345 [10]= 345 [11]= 345 [12]= 345 
key_index before (DPU 372) [0]=   0 [1]= 100 [2]= 220 [3]= 323 [4]= 323 [5]= 323 [6]= 323 [7]= 323 [8]= 323 [9]= 323 [10]= 323 [11]= 323 [12]= 323 
key_index before (DPU 373) [0]=   0 [1]=  93 [2]= 217 [3]= 328 [4]= 328 [5]= 328 [6]= 328 [7]= 328 [8]= 328 [9]= 328 [10]= 328 [11]= 328 [12]= 328 
key_index before (DPU 374) [0]=   0 [1]= 115 [2]= 233 [3]= 343 [4]= 343 [5]= 343 [6]= 343 [7]= 343 [8]= 343 [9]= 343 [10]= 343 [11]= 343 [12]= 343 
key_index before (DPU 375) [0]=   0 [1]=  90 [2]= 183 [3]= 277 [4]= 277 [5]= 277 [6]= 277 [7]= 277 [8]= 277 [9]= 277 [10]= 277 [11]= 277 [12]= 277 
key_index before (DPU 376) [0]=   0 [1]= 126 [2]= 248 [3]= 353 [4]= 353 [5]= 353 [6]= 353 [7]= 353 [8]= 353 [9]= 353 [10]= 353 [11]= 353 [12]= 353 
key_index before (DPU 377) [0]=   0 [1]= 112 [2]= 218 [3]= 338 [4]= 338 [5]= 338 [6]= 338 [7]= 338 [8]= 338 [9]= 338 [10]= 338 [11]= 338 [12]= 338 
key_index before (DPU 378) [0]=   0 [1]= 127 [2]= 215 [3]= 335 [4]= 335 [5]= 335 [6]= 335 [7]= 335 [8]= 335 [9]= 335 [10]= 335 [11]= 335 [12]= 335 
key_index before (DPU 379) [0]=   0 [1]=  93 [2]= 203 [3]= 306 [4]= 306 [5]= 306 [6]= 306 [7]= 306 [8]= 306 [9]= 306 [10]= 306 [11]= 306 [12]= 306 
key_index before (DPU 380) [0]=   0 [1]= 114 [2]= 212 [3]= 304 [4]= 304 [5]= 304 [6]= 304 [7]= 304 [8]= 304 [9]= 304 [10]= 304 [11]= 304 [12]= 304 
key_index before (DPU 381) [0]=   0 [1]= 121 [2]= 212 [3]= 338 [4]= 338 [5]= 338 [6]= 338 [7]= 338 [8]= 338 [9]= 338 [10]= 338 [11]= 338 [12]= 338 
key_index before (DPU 382) [0]=   0 [1]= 143 [2]= 233 [3]= 341 [4]= 341 [5]= 341 [6]= 341 [7]= 341 [8]= 341 [9]= 341 [10]= 341 [11]= 341 [12]= 341 
key_index before (DPU 383) [0]=   0 [1]= 104 [2]= 221 [3]= 323 [4]= 323 [5]= 323 [6]= 323 [7]= 323 [8]= 323 [9]= 323 [10]= 323 [11]= 323 [12]= 323 
key_index before (DPU 384) [0]=   0 [1]= 104 [2]= 192 [3]= 289 [4]= 289 [5]= 289 [6]= 289 [7]= 289 [8]= 289 [9]= 289 [10]= 289 [11]= 289 [12]= 289 
key_index before (DPU 385) [0]=   0 [1]= 102 [2]= 221 [3]= 336 [4]= 336 [5]= 336 [6]= 336 [7]= 336 [8]= 336 [9]= 336 [10]= 336 [11]= 336 [12]= 336 
key_index before (DPU 386) [0]=   0 [1]= 114 [2]= 218 [3]= 331 [4]= 331 [5]= 331 [6]= 331 [7]= 331 [8]= 331 [9]= 331 [10]= 331 [11]= 331 [12]= 331 
key_index before (DPU 387) [0]=   0 [1]= 110 [2]= 211 [3]= 317 [4]= 317 [5]= 317 [6]= 317 [7]= 317 [8]= 317 [9]= 317 [10]= 317 [11]= 317 [12]= 317 
key_index before (DPU 388) [0]=   0 [1]=  95 [2]= 208 [3]= 308 [4]= 308 [5]= 308 [6]= 308 [7]= 308 [8]= 308 [9]= 308 [10]= 308 [11]= 308 [12]= 308 
key_index before (DPU 389) [0]=   0 [1]=  90 [2]= 186 [3]= 292 [4]= 292 [5]= 292 [6]= 292 [7]= 292 [8]= 292 [9]= 292 [10]= 292 [11]= 292 [12]= 292 
key_index before (DPU 390) [0]=   0 [1]= 110 [2]= 223 [3]= 327 [4]= 327 [5]= 327 [6]= 327 [7]= 327 [8]= 327 [9]= 327 [10]= 327 [11]= 327 [12]= 327 
key_index before (DPU 391) [0]=   0 [1]=  90 [2]= 183 [3]= 303 [4]= 303 [5]= 303 [6]= 303 [7]= 303 [8]= 303 [9]= 303 [10]= 303 [11]= 303 [12]= 303 
key_index before (DPU 392) [0]=   0 [1]= 109 [2]= 213 [3]= 308 [4]= 308 [5]= 308 [6]= 308 [7]= 308 [8]= 308 [9]= 308 [10]= 308 [11]= 308 [12]= 308 
key_index before (DPU 393) [0]=   0 [1]= 106 [2]= 207 [3]= 295 [4]= 295 [5]= 295 [6]= 295 [7]= 295 [8]= 295 [9]= 295 [10]= 295 [11]= 295 [12]= 295 
key_index before (DPU 394) [0]=   0 [1]=  98 [2]= 222 [3]= 331 [4]= 331 [5]= 331 [6]= 331 [7]= 331 [8]= 331 [9]= 331 [10]= 331 [11]= 331 [12]= 331 
key_index before (DPU 395) [0]=   0 [1]=  88 [2]= 178 [3]= 292 [4]= 292 [5]= 292 [6]= 292 [7]= 292 [8]= 292 [9]= 292 [10]= 292 [11]= 292 [12]= 292 
key_index before (DPU 396) [0]=   0 [1]= 111 [2]= 233 [3]= 342 [4]= 342 [5]= 342 [6]= 342 [7]= 342 [8]= 342 [9]= 342 [10]= 342 [11]= 342 [12]= 342 
key_index before (DPU 397) [0]=   0 [1]= 106 [2]= 201 [3]= 301 [4]= 301 [5]= 301 [6]= 301 [7]= 301 [8]= 301 [9]= 301 [10]= 301 [11]= 301 [12]= 301 
key_index before (DPU 398) [0]=   0 [1]= 112 [2]= 209 [3]= 316 [4]= 316 [5]= 316 [6]= 316 [7]= 316 [8]= 316 [9]= 316 [10]= 316 [11]= 316 [12]= 316 
key_index before (DPU 399) [0]=   0 [1]= 104 [2]= 197 [3]= 301 [4]= 301 [5]= 301 [6]= 301 [7]= 301 [8]= 301 [9]= 301 [10]= 301 [11]= 301 [12]= 301 
key_index before (DPU 400) [0]=   0 [1]= 105 [2]= 197 [3]= 313 [4]= 313 [5]= 313 [6]= 313 [7]= 313 [8]= 313 [9]= 313 [10]= 313 [11]= 313 [12]= 313 
key_index before (DPU 401) [0]=   0 [1]= 106 [2]= 208 [3]= 302 [4]= 302 [5]= 302 [6]= 302 [7]= 302 [8]= 302 [9]= 302 [10]= 302 [11]= 302 [12]= 302 
key_index before (DPU 402) [0]=   0 [1]= 109 [2]= 206 [3]= 315 [4]= 315 [5]= 315 [6]= 315 [7]= 315 [8]= 315 [9]= 315 [10]= 315 [11]= 315 [12]= 315 
key_index before (DPU 403) [0]=   0 [1]= 114 [2]= 208 [3]= 322 [4]= 322 [5]= 322 [6]= 322 [7]= 322 [8]= 322 [9]= 322 [10]= 322 [11]= 322 [12]= 322 
key_index before (DPU 404) [0]=   0 [1]= 103 [2]= 192 [3]= 302 [4]= 302 [5]= 302 [6]= 302 [7]= 302 [8]= 302 [9]= 302 [10]= 302 [11]= 302 [12]= 302 
key_index before (DPU 405) [0]=   0 [1]=  85 [2]= 168 [3]= 269 [4]= 269 [5]= 269 [6]= 269 [7]= 269 [8]= 269 [9]= 269 [10]= 269 [11]= 269 [12]= 269 
key_index before (DPU 406) [0]=   0 [1]= 119 [2]= 230 [3]= 329 [4]= 329 [5]= 329 [6]= 329 [7]= 329 [8]= 329 [9]= 329 [10]= 329 [11]= 329 [12]= 329 
key_index before (DPU 407) [0]=   0 [1]= 113 [2]= 233 [3]= 344 [4]= 344 [5]= 344 [6]= 344 [7]= 344 [8]= 344 [9]= 344 [10]= 344 [11]= 344 [12]= 344 
key_index before (DPU 408) [0]=   0 [1]=  87 [2]= 193 [3]= 292 [4]= 292 [5]= 292 [6]= 292 [7]= 292 [8]= 292 [9]= 292 [10]= 292 [11]= 292 [12]= 292 
key_index before (DPU 409) [0]=   0 [1]=  94 [2]= 186 [3]= 282 [4]= 282 [5]= 282 [6]= 282 [7]= 282 [8]= 282 [9]= 282 [10]= 282 [11]= 282 [12]= 282 
key_index before (DPU 410) [0]=   0 [1]= 102 [2]= 193 [3]= 292 [4]= 292 [5]= 292 [6]= 292 [7]= 292 [8]= 292 [9]= 292 [10]= 292 [11]= 292 [12]= 292 
key_index before (DPU 411) [0]=   0 [1]=  96 [2]= 196 [3]= 294 [4]= 294 [5]= 294 [6]= 294 [7]= 294 [8]= 294 [9]= 294 [10]= 294 [11]= 294 [12]= 294 
key_index before (DPU 412) [0]=   0 [1]= 109 [2]= 208 [3]= 308 [4]= 308 [5]= 308 [6]= 308 [7]= 308 [8]= 308 [9]= 308 [10]= 308 [11]= 308 [12]= 308 
key_index before (DPU 413) [0]=   0 [1]= 106 [2]= 208 [3]= 320 [4]= 320 [5]= 320 [6]= 320 [7]= 320 [8]= 320 [9]= 320 [10]= 320 [11]= 320 [12]= 320 
key_index before (DPU 414) [0]=   0 [1]= 108 [2]= 215 [3]= 313 [4]= 313 [5]= 313 [6]= 313 [7]= 313 [8]= 313 [9]= 313 [10]= 313 [11]= 313 [12]= 313 
key_index before (DPU 415) [0]=   0 [1]= 120 [2]= 219 [3]= 321 [4]= 321 [5]= 321 [6]= 321 [7]= 321 [8]= 321 [9]= 321 [10]= 321 [11]= 321 [12]= 321 
key_index before (DPU 416) [0]=   0 [1]= 106 [2]= 223 [3]= 318 [4]= 318 [5]= 318 [6]= 318 [7]= 318 [8]= 318 [9]= 318 [10]= 318 [11]= 318 [12]= 318 
key_index before (DPU 417) [0]=   0 [1]=  94 [2]= 205 [3]= 304 [4]= 304 [5]= 304 [6]= 304 [7]= 304 [8]= 304 [9]= 304 [10]= 304 [11]= 304 [12]= 304 
key_index before (DPU 418) [0]=   0 [1]=  95 [2]= 187 [3]= 276 [4]= 276 [5]= 276 [6]= 276 [7]= 276 [8]= 276 [9]= 276 [10]= 276 [11]= 276 [12]= 276 
key_index before (DPU 419) [0]=   0 [1]=  88 [2]= 172 [3]= 285 [4]= 285 [5]= 285 [6]= 285 [7]= 285 [8]= 285 [9]= 285 [10]= 285 [11]= 285 [12]= 285 
key_index before (DPU 420) [0]=   0 [1]=  80 [2]= 187 [3]= 277 [4]= 277 [5]= 277 [6]= 277 [7]= 277 [8]= 277 [9]= 277 [10]= 277 [11]= 277 [12]= 277 
key_index before (DPU 421) [0]=   0 [1]=  90 [2]= 187 [3]= 273 [4]= 273 [5]= 273 [6]= 273 [7]= 273 [8]= 273 [9]= 273 [10]= 273 [11]= 273 [12]= 273 
key_index before (DPU 422) [0]=   0 [1]=  94 [2]= 183 [3]= 281 [4]= 281 [5]= 281 [6]= 281 [7]= 281 [8]= 281 [9]= 281 [10]= 281 [11]= 281 [12]= 281 
key_index before (DPU 423) [0]=   0 [1]=  93 [2]= 195 [3]= 304 [4]= 304 [5]= 304 [6]= 304 [7]= 304 [8]= 304 [9]= 304 [10]= 304 [11]= 304 [12]= 304 
key_index before (DPU 424) [0]=   0 [1]=  99 [2]= 186 [3]= 294 [4]= 294 [5]= 294 [6]= 294 [7]= 294 [8]= 294 [9]= 294 [10]= 294 [11]= 294 [12]= 294 
key_index before (DPU 425) [0]=   0 [1]=  69 [2]= 162 [3]= 255 [4]= 255 [5]= 255 [6]= 255 [7]= 255 [8]= 255 [9]= 255 [10]= 255 [11]= 255 [12]= 255 
key_index before (DPU 426) [0]=   0 [1]=  82 [2]= 172 [3]= 264 [4]= 264 [5]= 264 [6]= 264 [7]= 264 [8]= 264 [9]= 264 [10]= 264 [11]= 264 [12]= 264 
key_index before (DPU 427) [0]=   0 [1]=  97 [2]= 202 [3]= 298 [4]= 298 [5]= 298 [6]= 298 [7]= 298 [8]= 298 [9]= 298 [10]= 298 [11]= 298 [12]= 298 
key_index before (DPU 428) [0]=   0 [1]=  95 [2]= 190 [3]= 281 [4]= 281 [5]= 281 [6]= 281 [7]= 281 [8]= 281 [9]= 281 [10]= 281 [11]= 281 [12]= 281 
key_index before (DPU 429) [0]=   0 [1]=  68 [2]= 177 [3]= 282 [4]= 282 [5]= 282 [6]= 282 [7]= 282 [8]= 282 [9]= 282 [10]= 282 [11]= 282 [12]= 282 
key_index before (DPU 430) [0]=   0 [1]=  88 [2]= 169 [3]= 258 [4]= 258 [5]= 258 [6]= 258 [7]= 258 [8]= 258 [9]= 258 [10]= 258 [11]= 258 [12]= 258 
key_index before (DPU 431) [0]=   0 [1]=  91 [2]= 200 [3]= 301 [4]= 301 [5]= 301 [6]= 301 [7]= 301 [8]= 301 [9]= 301 [10]= 301 [11]= 301 [12]= 301 
key_index before (DPU 432) [0]=   0 [1]=  85 [2]= 176 [3]= 259 [4]= 259 [5]= 259 [6]= 259 [7]= 259 [8]= 259 [9]= 259 [10]= 259 [11]= 259 [12]= 259 
key_index before (DPU 433) [0]=   0 [1]=  95 [2]= 190 [3]= 268 [4]= 268 [5]= 268 [6]= 268 [7]= 268 [8]= 268 [9]= 268 [10]= 268 [11]= 268 [12]= 268 
key_index before (DPU 434) [0]=   0 [1]=  90 [2]= 184 [3]= 282 [4]= 282 [5]= 282 [6]= 282 [7]= 282 [8]= 282 [9]= 282 [10]= 282 [11]= 282 [12]= 282 
key_index before (DPU 435) [0]=   0 [1]=  95 [2]= 183 [3]= 263 [4]= 263 [5]= 263 [6]= 263 [7]= 263 [8]= 263 [9]= 263 [10]= 263 [11]= 263 [12]= 263 
key_index before (DPU 436) [0]=   0 [1]=  84 [2]= 171 [3]= 263 [4]= 263 [5]= 263 [6]= 263 [7]= 263 [8]= 263 [9]= 263 [10]= 263 [11]= 263 [12]= 263 
key_index before (DPU 437) [0]=   0 [1]=  86 [2]= 183 [3]= 274 [4]= 274 [5]= 274 [6]= 274 [7]= 274 [8]= 274 [9]= 274 [10]= 274 [11]= 274 [12]= 274 
key_index before (DPU 438) [0]=   0 [1]=  88 [2]= 190 [3]= 282 [4]= 282 [5]= 282 [6]= 282 [7]= 282 [8]= 282 [9]= 282 [10]= 282 [11]= 282 [12]= 282 
key_index before (DPU 439) [0]=   0 [1]= 100 [2]= 188 [3]= 280 [4]= 280 [5]= 280 [6]= 280 [7]= 280 [8]= 280 [9]= 280 [10]= 280 [11]= 280 [12]= 280 
key_index before (DPU 440) [0]=   0 [1]=  82 [2]= 173 [3]= 269 [4]= 269 [5]= 269 [6]= 269 [7]= 269 [8]= 269 [9]= 269 [10]= 269 [11]= 269 [12]= 269 
key_index before (DPU 441) [0]=   0 [1]= 104 [2]= 200 [3]= 287 [4]= 287 [5]= 287 [6]= 287 [7]= 287 [8]= 287 [9]= 287 [10]= 287 [11]= 287 [12]= 287 
key_index before (DPU 442) [0]=   0 [1]=  82 [2]= 175 [3]= 277 [4]= 277 [5]= 277 [6]= 277 [7]= 277 [8]= 277 [9]= 277 [10]= 277 [11]= 277 [12]= 277 
key_index before (DPU 443) [0]=   0 [1]= 105 [2]= 201 [3]= 307 [4]= 307 [5]= 307 [6]= 307 [7]= 307 [8]= 307 [9]= 307 [10]= 307 [11]= 307 [12]= 307 
key_index before (DPU 444) [0]=   0 [1]= 104 [2]= 191 [3]= 283 [4]= 283 [5]= 283 [6]= 283 [7]= 283 [8]= 283 [9]= 283 [10]= 283 [11]= 283 [12]= 283 
key_index before (DPU 445) [0]=   0 [1]=  92 [2]= 195 [3]= 285 [4]= 285 [5]= 285 [6]= 285 [7]= 285 [8]= 285 [9]= 285 [10]= 285 [11]= 285 [12]= 285 
key_index before (DPU 446) [0]=   0 [1]=  81 [2]= 167 [3]= 167 [4]=139133 [5]=139133 [6]=139133 [7]=139133 [8]=139133 [9]=139133 [10]=139133 [11]=139133 [12]=139133 
key_index before (DPU 447) [0]=   0 [1]=  86 [2]= 180 [3]= 270 [4]= 270 [5]= 270 [6]= 270 [7]= 270 [8]= 270 [9]= 270 [10]= 270 [11]= 270 [12]= 270 
key_index before (DPU 448) [0]=   0 [1]= 100 [2]= 183 [3]= 267 [4]= 267 [5]= 267 [6]= 267 [7]= 267 [8]= 267 [9]= 267 [10]= 267 [11]= 267 [12]= 267 
key_index before (DPU 449) [0]=   0 [1]=  81 [2]= 163 [3]= 231 [4]=21817 [5]=21817 [6]=21817 [7]=21817 [8]=21817 [9]=21817 [10]=21817 [11]=21817 [12]=21817 
key_index before (DPU 450) [0]=   0 [1]=  86 [2]= 168 [3]= 260 [4]= 260 [5]= 260 [6]= 260 [7]= 260 [8]= 260 [9]= 260 [10]= 260 [11]= 260 [12]= 260 
key_index before (DPU 451) [0]=   0 [1]=  94 [2]= 189 [3]= 273 [4]= 273 [5]= 273 [6]= 273 [7]= 273 [8]= 273 [9]= 273 [10]= 273 [11]= 273 [12]= 273 
key_index before (DPU 452) [0]=   0 [1]=  78 [2]= 173 [3]= 248 [4]= 248 [5]= 248 [6]= 248 [7]= 248 [8]= 248 [9]= 248 [10]= 248 [11]= 248 [12]= 248 
key_index before (DPU 453) [0]=   0 [1]= 103 [2]= 186 [3]= 276 [4]= 276 [5]= 276 [6]= 276 [7]= 276 [8]= 276 [9]= 276 [10]= 276 [11]= 276 [12]= 276 
key_index before (DPU 454) [0]=   0 [1]=  75 [2]= 163 [3]= 253 [4]= 253 [5]= 253 [6]= 253 [7]= 253 [8]= 253 [9]= 253 [10]= 253 [11]= 253 [12]= 253 
key_index before (DPU 455) [0]=   0 [1]= 100 [2]= 198 [3]= 291 [4]= 291 [5]= 291 [6]= 291 [7]= 291 [8]= 291 [9]= 291 [10]= 291 [11]= 291 [12]= 291 
key_index before (DPU 456) [0]=   0 [1]=  98 [2]= 184 [3]= 264 [4]= 264 [5]= 264 [6]= 264 [7]= 264 [8]= 264 [9]= 264 [10]= 264 [11]= 264 [12]= 264 
key_index before (DPU 457) [0]=   0 [1]=  91 [2]= 185 [3]= 277 [4]= 277 [5]= 277 [6]= 277 [7]= 277 [8]= 277 [9]= 277 [10]= 277 [11]= 277 [12]= 277 
key_index before (DPU 458) [0]=   0 [1]=  81 [2]= 188 [3]= 284 [4]= 284 [5]= 284 [6]= 284 [7]= 284 [8]= 284 [9]= 284 [10]= 284 [11]= 284 [12]= 284 
key_index before (DPU 459) [0]=   0 [1]= 105 [2]= 195 [3]= 287 [4]=12529 [5]=12529 [6]=12529 [7]=12529 [8]=12529 [9]=12529 [10]=12529 [11]=12529 [12]=12529 
key_index before (DPU 460) [0]=   0 [1]=  92 [2]= 177 [3]= 258 [4]= 258 [5]= 258 [6]= 258 [7]= 258 [8]= 258 [9]= 258 [10]= 258 [11]= 258 [12]= 258 
key_index before (DPU 461) [0]=   0 [1]=  77 [2]= 149 [3]= 247 [4]= 247 [5]= 247 [6]= 247 [7]= 247 [8]= 247 [9]= 247 [10]= 247 [11]= 247 [12]= 247 
key_index before (DPU 462) [0]=   0 [1]=  88 [2]= 168 [3]= 262 [4]= 262 [5]= 262 [6]= 262 [7]= 262 [8]= 262 [9]= 262 [10]= 262 [11]= 262 [12]= 262 
key_index before (DPU 463) [0]=   0 [1]=  79 [2]= 164 [3]= 249 [4]= 249 [5]= 249 [6]= 249 [7]= 249 [8]= 249 [9]= 249 [10]= 249 [11]= 249 [12]= 249 
key_index before (DPU 464) [0]=   0 [1]= 107 [2]= 192 [3]= 265 [4]= 265 [5]= 265 [6]= 265 [7]= 265 [8]= 265 [9]= 265 [10]= 265 [11]= 265 [12]= 265 
key_index before (DPU 465) [0]=   0 [1]=  72 [2]= 147 [3]= 237 [4]= 237 [5]= 237 [6]= 237 [7]= 237 [8]= 237 [9]= 237 [10]= 237 [11]= 237 [12]= 237 
key_index before (DPU 466) [0]=   0 [1]=  97 [2]= 190 [3]= 285 [4]= 285 [5]= 285 [6]= 285 [7]= 285 [8]= 285 [9]= 285 [10]= 285 [11]= 285 [12]= 285 
key_index before (DPU 467) [0]=   0 [1]=  92 [2]= 183 [3]= 281 [4]= 281 [5]= 281 [6]= 281 [7]= 281 [8]= 281 [9]= 281 [10]= 281 [11]= 281 [12]= 281 
key_index before (DPU 468) [0]=   0 [1]=  93 [2]= 181 [3]= 256 [4]= 256 [5]= 256 [6]= 256 [7]= 256 [8]= 256 [9]= 256 [10]= 256 [11]= 256 [12]= 256 
key_index before (DPU 469) [0]=   0 [1]=  69 [2]= 145 [3]= 244 [4]= 244 [5]= 244 [6]= 244 [7]= 244 [8]= 244 [9]= 244 [10]= 244 [11]= 244 [12]= 244 
key_index before (DPU 470) [0]=   0 [1]=  83 [2]= 182 [3]= 247 [4]=18143 [5]=18143 [6]=18143 [7]=18143 [8]=18143 [9]=18143 [10]=18143 [11]=18143 [12]=18143 
key_index before (DPU 471) [0]=   0 [1]=  86 [2]= 178 [3]= 265 [4]= 265 [5]= 265 [6]= 265 [7]= 265 [8]= 265 [9]= 265 [10]= 265 [11]= 265 [12]= 265 
key_index before (DPU 472) [0]=   0 [1]= 100 [2]= 186 [3]= 269 [4]= 269 [5]= 269 [6]= 269 [7]= 269 [8]= 269 [9]= 269 [10]= 269 [11]= 269 [12]= 269 
key_index before (DPU 473) [0]=   0 [1]=  88 [2]= 179 [3]= 271 [4]= 271 [5]= 271 [6]= 271 [7]= 271 [8]= 271 [9]= 271 [10]= 271 [11]= 271 [12]= 271 
key_index before (DPU 474) [0]=   0 [1]=  91 [2]= 175 [3]= 254 [4]= 254 [5]= 254 [6]= 254 [7]= 254 [8]= 254 [9]= 254 [10]= 254 [11]= 254 [12]= 254 
key_index before (DPU 475) [0]=   0 [1]=  94 [2]= 189 [3]= 264 [4]= 264 [5]= 264 [6]= 264 [7]= 264 [8]= 264 [9]= 264 [10]= 264 [11]= 264 [12]= 264 
key_index before (DPU 476) [0]=   0 [1]=  88 [2]= 177 [3]= 255 [4]= 255 [5]= 255 [6]= 255 [7]= 255 [8]= 255 [9]= 255 [10]= 255 [11]= 255 [12]= 255 
key_index before (DPU 477) [0]=   0 [1]=  86 [2]= 180 [3]= 261 [4]= 261 [5]= 261 [6]= 261 [7]= 261 [8]= 261 [9]= 261 [10]= 261 [11]= 261 [12]= 261 
key_index before (DPU 478) [0]=   0 [1]=  83 [2]= 155 [3]= 231 [4]= 328 [5]= 328 [6]= 328 [7]= 328 [8]= 328 [9]= 328 [10]= 328 [11]= 328 [12]= 328 
key_index before (DPU 479) [0]=   0 [1]=  90 [2]= 196 [3]= 288 [4]= 288 [5]= 288 [6]= 288 [7]= 288 [8]= 288 [9]= 288 [10]= 288 [11]= 288 [12]= 288 
key_index before (DPU 480) [0]=   0 [1]=  99 [2]= 186 [3]= 276 [4]= 276 [5]= 276 [6]= 276 [7]= 276 [8]= 276 [9]= 276 [10]= 276 [11]= 276 [12]= 276 
key_index before (DPU 481) [0]=   0 [1]=  82 [2]=  82 [3]= 170 [4]=33410 [5]=33410 [6]=33410 [7]=33410 [8]=33410 [9]=33410 [10]=33410 [11]=33410 [12]=33410 
key_index before (DPU 482) [0]=   0 [1]=  81 [2]= 156 [3]= 241 [4]= 241 [5]= 241 [6]= 241 [7]= 241 [8]= 241 [9]= 241 [10]= 241 [11]= 241 [12]= 241 
key_index before (DPU 483) [0]=   0 [1]=  84 [2]= 170 [3]= 266 [4]= 266 [5]= 266 [6]= 266 [7]= 266 [8]= 266 [9]= 266 [10]= 266 [11]= 266 [12]= 266 
key_index before (DPU 484) [0]=   0 [1]=  66 [2]= 152 [3]= 239 [4]= 239 [5]= 239 [6]= 239 [7]= 239 [8]= 239 [9]= 239 [10]= 239 [11]= 239 [12]= 239 
key_index before (DPU 485) [0]=   0 [1]=  77 [2]= 160 [3]= 249 [4]= 249 [5]= 249 [6]= 249 [7]= 249 [8]= 249 [9]= 249 [10]= 249 [11]= 249 [12]= 249 
key_index before (DPU 486) [0]=   0 [1]=  76 [2]= 178 [3]= 276 [4]= 276 [5]= 276 [6]= 276 [7]= 276 [8]= 276 [9]= 276 [10]= 276 [11]= 276 [12]= 276 
key_index before (DPU 487) [0]=   0 [1]=  80 [2]= 167 [3]= 255 [4]= 255 [5]= 255 [6]= 255 [7]= 255 [8]= 255 [9]= 255 [10]= 255 [11]= 255 [12]= 255 
key_index before (DPU 488) [0]=   0 [1]=  77 [2]= 163 [3]= 244 [4]= 244 [5]= 244 [6]= 244 [7]= 244 [8]= 244 [9]= 244 [10]= 244 [11]= 244 [12]= 244 
key_index before (DPU 489) [0]=   0 [1]=  94 [2]= 178 [3]= 275 [4]= 275 [5]= 275 [6]= 275 [7]= 275 [8]= 275 [9]= 275 [10]= 275 [11]= 275 [12]= 275 
key_index before (DPU 490) [0]=   0 [1]=  73 [2]= 150 [3]= 227 [4]= 330 [5]= 330 [6]= 330 [7]= 330 [8]= 330 [9]= 330 [10]= 330 [11]= 330 [12]= 330 
key_index before (DPU 491) [0]=   0 [1]=  97 [2]= 192 [3]= 268 [4]= 268 [5]= 268 [6]= 268 [7]= 268 [8]= 268 [9]= 268 [10]= 268 [11]= 268 [12]= 268 
key_index before (DPU 492) [0]=   0 [1]=  70 [2]= 155 [3]= 242 [4]= 242 [5]= 242 [6]= 242 [7]= 242 [8]= 242 [9]= 242 [10]= 242 [11]= 242 [12]= 242 
key_index before (DPU 493) [0]=   0 [1]=  85 [2]= 157 [3]= 238 [4]= 238 [5]= 238 [6]= 238 [7]= 238 [8]= 238 [9]= 238 [10]= 238 [11]= 238 [12]= 238 
key_index before (DPU 494) [0]=   0 [1]=  90 [2]= 177 [3]= 277 [4]= 277 [5]= 277 [6]= 277 [7]= 277 [8]= 277 [9]= 277 [10]= 277 [11]= 277 [12]= 277 
key_index before (DPU 495) [0]=   0 [1]=  95 [2]= 184 [3]= 272 [4]=9736 [5]=9736 [6]=9736 [7]=9736 [8]=9736 [9]=9736 [10]=9736 [11]=9736 [12]=9736 
key_index before (DPU 496) [0]=   0 [1]=  83 [2]= 157 [3]= 234 [4]=13826 [5]=13826 [6]=13826 [7]=13826 [8]=13826 [9]=13826 [10]=13826 [11]=13826 [12]=13826 
key_index before (DPU 497) [0]=   0 [1]=  93 [2]= 191 [3]= 270 [4]= 270 [5]= 270 [6]= 270 [7]= 270 [8]= 270 [9]= 270 [10]= 270 [11]= 270 [12]= 270 
key_index before (DPU 498) [0]=   0 [1]=  79 [2]= 165 [3]= 246 [4]= 246 [5]= 246 [6]= 246 [7]= 246 [8]= 246 [9]= 246 [10]= 246 [11]= 246 [12]= 246 
key_index before (DPU 499) [0]=   0 [1]=  70 [2]= 155 [3]= 228 [4]=48787 [5]=48787 [6]=48787 [7]=48787 [8]=48787 [9]=48787 [10]=48787 [11]=48787 [12]=48787 
before (DPU 0) [0]=   0 [1]=71837 [2]=48559 [3]=   0 [4]=   0 [5]=   0 [6]=   0 [7]=   0 [8]=   0 [9]=   0 [10]=   0 [11]=   0 
after  (DPU 0) [0]=   0 [1]=71837 [2]=   0 [3]=   0 [4]=   0 [5]=   0 [6]=   0 [7]=   0 [8]=   0 [9]=   0 [10]=   0 [11]=   0 
before (DPU 1) [0]=   0 [1]=25828 [2]=21586 [3]=   0 [4]=   0 [5]=   0 [6]=   0 [7]=   0 [8]=   0 [9]=   0 [10]=   0 [11]=   0 
after  (DPU 1) [0]=   0 [1]=25828 [2]=   0 [3]=   0 [4]=   0 [5]=   0 [6]=   0 [7]=   0 [8]=   0 [9]=   0 [10]=   0 [11]=   0 
before (DPU 2) [0]=   0 [1]=15793 [2]=13592 [3]=   0 [4]=   0 [5]=   0 [6]=   0 [7]=   0 [8]=   0 [9]=   0 [10]=   0 [11]=   0 
after  (DPU 2) [0]=   0 [1]=15793 [2]=   0 [3]=   0 [4]=   0 [5]=   0 [6]=   0 [7]=   0 [8]=   0 [9]=   0 [10]=   0 [11]=   0 
before (DPU 3) [0]=   0 [1]=11296 [2]=10123 [3]=   0 [4]=   0 [5]=   0 [6]=   0 [7]=   0 [8]=   0 [9]=   0 [10]=   0 [11]=   0 
after  (DPU 3) [0]=   0 [1]=11296 [2]=10123 [3]=   0 [4]=   0 [5]=   0 [6]=   0 [7]=   0 [8]=   0 [9]=   0 [10]=   0 [11]=   0 
before (DPU 4) [0]=   0 [1]=8820 [2]=8025 [3]=   0 [4]=   0 [5]=   0 [6]=   0 [7]=   0 [8]=   0 [9]=   0 [10]=   0 [11]=   0 
after  (DPU 4) [0]=   0 [1]=8820 [2]=8025 [3]=   0 [4]=   0 [5]=   0 [6]=   0 [7]=   0 [8]=   0 [9]=   0 [10]=   0 [11]=   0 
before (DPU 5) [0]=7556 [1]=7232 [2]=6813 [3]=   0 [4]=   0 [5]=   0 [6]=   0 [7]=   0 [8]=   0 [9]=   0 [10]=   0 [11]=   0 
after  (DPU 5) [0]=7556 [1]=7232 [2]=6813 [3]=   0 [4]=   0 [5]=   0 [6]=   0 [7]=   0 [8]=   0 [9]=   0 [10]=   0 [11]=   0 
before (DPU 6) [0]=6357 [1]=5928 [2]=5833 [3]=   0 [4]=   0 [5]=   0 [6]=   0 [7]=   0 [8]=   0 [9]=   0 [10]=   0 [11]=   0 
after  (DPU 6) [0]=6357 [1]=5928 [2]=5833 [3]=   0 [4]=   0 [5]=   0 [6]=   0 [7]=   0 [8]=   0 [9]=   0 [10]=   0 [11]=   0 
before (DPU 7) [0]=5372 [1]=5292 [2]=5041 [3]=   0 [4]=   0 [5]=   0 [6]=   0 [7]=   0 [8]=   0 [9]=   0 [10]=   0 [11]=   0 
after  (DPU 7) [0]=5372 [1]=5292 [2]=5041 [3]=   0 [4]=   0 [5]=   0 [6]=   0 [7]=   0 [8]=   0 [9]=   0 [10]=   0 [11]=   0 
before (DPU 8) [0]=4735 [1]=4750 [2]=4509 [3]=   0 [4]=   0 [5]=   0 [6]=   0 [7]=   0 [8]=   0 [9]=   0 [10]=   0 [11]=   0 
after  (DPU 8) [0]=4735 [1]=4750 [2]=4509 [3]=   0 [4]=   0 [5]=   0 [6]=   0 [7]=   0 [8]=   0 [9]=   0 [10]=   0 [11]=   0 
before (DPU 9) [0]=4177 [1]=4147 [2]=4033 [3]=   0 [4]=   0 [5]=   0 [6]=   0 [7]=   0 [8]=   0 [9]=   0 [10]=   0 [11]=   0 
after  (DPU 9) [0]=4177 [1]=4147 [2]=4033 [3]=   0 [4]=   0 [5]=   0 [6]=   0 [7]=   0 [8]=   0 [9]=   0 [10]=   0 [11]=   0 
before (DPU 10) [0]=3831 [1]=3613 [2]=3566 [3]=   0 [4]=   0 [5]=   0 [6]=   0 [7]=   0 [8]=   0 [9]=   0 [10]=   0 [11]=   0 
after  (DPU 10) [0]=3831 [1]=3613 [2]=3566 [3]=   0 [4]=   0 [5]=   0 [6]=   0 [7]=   0 [8]=   0 [9]=   0 [10]=   0 [11]=   0 
before (DPU 11) [0]=3506 [1]=3322 [2]=3299 [3]=   0 [4]=   0 [5]=   0 [6]=   0 [7]=   0 [8]=   0 [9]=   0 [10]=   0 [11]=   0 
after  (DPU 11) [0]=3506 [1]=3322 [2]=3299 [3]=   0 [4]=   0 [5]=   0 [6]=   0 [7]=   0 [8]=   0 [9]=   0 [10]=   0 [11]=   0 
before (DPU 12) [0]=3154 [1]=3109 [2]=3047 [3]=   0 [4]=   0 [5]=   0 [6]=   0 [7]=   0 [8]=   0 [9]=   0 [10]=   0 [11]=   0 
after  (DPU 12) [0]=3154 [1]=3109 [2]=3047 [3]=   0 [4]=   0 [5]=   0 [6]=   0 [7]=   0 [8]=   0 [9]=   0 [10]=   0 [11]=   0 
before (DPU 13) [0]=2961 [1]=2948 [2]=2881 [3]=   0 [4]=   0 [5]=   0 [6]=   0 [7]=   0 [8]=   0 [9]=   0 [10]=   0 [11]=   0 
after  (DPU 13) [0]=2961 [1]=2948 [2]=2881 [3]=   0 [4]=   0 [5]=   0 [6]=   0 [7]=   0 [8]=   0 [9]=   0 [10]=   0 [11]=   0 
before (DPU 14) [0]=2858 [1]=2728 [2]=2684 [3]=   0 [4]=   0 [5]=   0 [6]=   0 [7]=   0 [8]=   0 [9]=   0 [10]=   0 [11]=   0 
after  (DPU 14) [0]=2858 [1]=2728 [2]=2684 [3]=   0 [4]=   0 [5]=   0 [6]=   0 [7]=   0 [8]=   0 [9]=   0 [10]=   0 [11]=   0 
before (DPU 15) [0]=2568 [1]=2583 [2]=2634 [3]=   0 [4]=   0 [5]=   0 [6]=   0 [7]=   0 [8]=   0 [9]=   0 [10]=   0 [11]=   0 
after  (DPU 15) [0]=2568 [1]=2583 [2]=2634 [3]=   0 [4]=   0 [5]=   0 [6]=   0 [7]=   0 [8]=   0 [9]=   0 [10]=   0 [11]=   0 
before (DPU 16) [0]=2428 [1]=2345 [2]=2352 [3]=   0 [4]=   0 [5]=   0 [6]=   0 [7]=   0 [8]=   0 [9]=   0 [10]=   0 [11]=   0 
after  (DPU 16) [0]=2428 [1]=2345 [2]=2352 [3]=   0 [4]=   0 [5]=   0 [6]=   0 [7]=   0 [8]=   0 [9]=   0 [10]=   0 [11]=   0 
before (DPU 17) [0]=2340 [1]=2241 [2]=2215 [3]=   0 [4]=   0 [5]=   0 [6]=   0 [7]=   0 [8]=   0 [9]=   0 [10]=   0 [11]=   0 
after  (DPU 17) [0]=2340 [1]=2241 [2]=2215 [3]=   0 [4]=   0 [5]=   0 [6]=   0 [7]=   0 [8]=   0 [9]=   0 [10]=   0 [11]=   0 
before (DPU 18) [0]=2150 [1]=2155 [2]=2104 [3]=   0 [4]=   0 [5]=   0 [6]=   0 [7]=   0 [8]=   0 [9]=   0 [10]=   0 [11]=   0 
after  (DPU 18) [0]=2150 [1]=2155 [2]=2104 [3]=   0 [4]=   0 [5]=   0 [6]=   0 [7]=   0 [8]=   0 [9]=   0 [10]=   0 [11]=   0 
before (DPU 19) [0]=2140 [1]=2017 [2]=1989 [3]=   0 [4]=   0 [5]=   0 [6]=   0 [7]=   0 [8]=   0 [9]=   0 [10]=   0 [11]=   0 
after  (DPU 19) [0]=2140 [1]=2017 [2]=1989 [3]=   0 [4]=   0 [5]=   0 [6]=   0 [7]=   0 [8]=   0 [9]=   0 [10]=   0 [11]=   0 
before (DPU 20) [0]=1949 [1]=1955 [2]=1918 [3]=   0 [4]=   0 [5]=   0 [6]=   0 [7]=   0 [8]=   0 [9]=   0 [10]=   0 [11]=   0 
after  (DPU 20) [0]=1949 [1]=1955 [2]=1918 [3]=   0 [4]=   0 [5]=   0 [6]=   0 [7]=   0 [8]=   0 [9]=   0 [10]=   0 [11]=   0 
before (DPU 21) [0]=1831 [1]=1876 [2]=1824 [3]=   0 [4]=   0 [5]=   0 [6]=   0 [7]=   0 [8]=   0 [9]=   0 [10]=   0 [11]=   0 
after  (DPU 21) [0]=1831 [1]=1876 [2]=1824 [3]=   0 [4]=   0 [5]=   0 [6]=   0 [7]=   0 [8]=   0 [9]=   0 [10]=   0 [11]=   0 
before (DPU 22) [0]=1792 [1]=1800 [2]=1724 [3]=   0 [4]=   0 [5]=   0 [6]=   0 [7]=   0 [8]=   0 [9]=   0 [10]=   0 [11]=   0 
after  (DPU 22) [0]=1792 [1]=1800 [2]=1724 [3]=   0 [4]=   0 [5]=   0 [6]=   0 [7]=   0 [8]=   0 [9]=   0 [10]=   0 [11]=   0 
before (DPU 23) [0]=1694 [1]=1696 [2]=1649 [3]=   0 [4]=   0 [5]=   0 [6]=   0 [7]=   0 [8]=   0 [9]=   0 [10]=   0 [11]=   0 
after  (DPU 23) [0]=1694 [1]=1696 [2]=1649 [3]=   0 [4]=   0 [5]=   0 [6]=   0 [7]=   0 [8]=   0 [9]=   0 [10]=   0 [11]=   0 
before (DPU 24) [0]=1651 [1]=1553 [2]=1578 [3]=   0 [4]=   0 [5]=   0 [6]=   0 [7]=   0 [8]=   0 [9]=   0 [10]=   0 [11]=   0 
after  (DPU 24) [0]=1651 [1]=1553 [2]=1578 [3]=   0 [4]=   0 [5]=   0 [6]=   0 [7]=   0 [8]=   0 [9]=   0 [10]=   0 [11]=   0 
before (DPU 25) [0]=1615 [1]=1569 [2]=1558 [3]=   0 [4]=   0 [5]=   0 [6]=   0 [7]=   0 [8]=   0 [9]=   0 [10]=   0 [11]=   0 
after  (DPU 25) [0]=1615 [1]=1569 [2]=1558 [3]=   0 [4]=   0 [5]=   0 [6]=   0 [7]=   0 [8]=   0 [9]=   0 [10]=   0 [11]=   0 
before (DPU 26) [0]=1527 [1]=1505 [2]=1519 [3]=   0 [4]=   0 [5]=   0 [6]=   0 [7]=   0 [8]=   0 [9]=   0 [10]=   0 [11]=   0 
after  (DPU 26) [0]=1527 [1]=1505 [2]=1519 [3]=   0 [4]=   0 [5]=   0 [6]=   0 [7]=   0 [8]=   0 [9]=   0 [10]=   0 [11]=   0 
before (DPU 27) [0]=1442 [1]=1408 [2]=1393 [3]=   0 [4]=   0 [5]=   0 [6]=   0 [7]=   0 [8]=   0 [9]=   0 [10]=   0 [11]=   0 
after  (DPU 27) [0]=1442 [1]=1408 [2]=1393 [3]=   0 [4]=   0 [5]=   0 [6]=   0 [7]=   0 [8]=   0 [9]=   0 [10]=   0 [11]=   0 
before (DPU 28) [0]=1451 [1]=1334 [2]=1444 [3]=   0 [4]=   0 [5]=   0 [6]=   0 [7]=   0 [8]=   0 [9]=   0 [10]=   0 [11]=   0 
after  (DPU 28) [0]=1451 [1]=1334 [2]=1444 [3]=   0 [4]=   0 [5]=   0 [6]=   0 [7]=   0 [8]=   0 [9]=   0 [10]=   0 [11]=   0 
before (DPU 29) [0]=1351 [1]=1328 [2]=1350 [3]=   0 [4]=   0 [5]=   0 [6]=   0 [7]=   0 [8]=   0 [9]=   0 [10]=   0 [11]=   0 
after  (DPU 29) [0]=1351 [1]=1328 [2]=1350 [3]=   0 [4]=   0 [5]=   0 [6]=   0 [7]=   0 [8]=   0 [9]=   0 [10]=   0 [11]=   0 
before (DPU 30) [0]=1359 [1]=1287 [2]=1311 [3]=   0 [4]=   0 [5]=   0 [6]=   0 [7]=   0 [8]=   0 [9]=   0 [10]=   0 [11]=   0 
after  (DPU 30) [0]=1359 [1]=1287 [2]=1311 [3]=   0 [4]=   0 [5]=   0 [6]=   0 [7]=   0 [8]=   0 [9]=   0 [10]=   0 [11]=   0 
before (DPU 31) [0]=1303 [1]=1253 [2]=1212 [3]=   0 [4]=   0 [5]=   0 [6]=   0 [7]=   0 [8]=   0 [9]=   0 [10]=   0 [11]=   0 
after  (DPU 31) [0]=1303 [1]=1253 [2]=1212 [3]=   0 [4]=   0 [5]=   0 [6]=   0 [7]=   0 [8]=   0 [9]=   0 [10]=   0 [11]=   0 
before (DPU 32) [0]=1218 [1]=1198 [2]=1222 [3]=   0 [4]=   0 [5]=   0 [6]=   0 [7]=   0 [8]=   0 [9]=   0 [10]=   0 [11]=   0 
after  (DPU 32) [0]=1218 [1]=1198 [2]=1222 [3]=   0 [4]=   0 [5]=   0 [6]=   0 [7]=   0 [8]=   0 [9]=   0 [10]=   0 [11]=   0 
before (DPU 33) [0]=1210 [1]=1194 [2]=1186 [3]=   0 [4]=   0 [5]=   0 [6]=   0 [7]=   0 [8]=   0 [9]=   0 [10]=   0 [11]=   0 
after  (DPU 33) [0]=1210 [1]=1194 [2]=1186 [3]=   0 [4]=   0 [5]=   0 [6]=   0 [7]=   0 [8]=   0 [9]=   0 [10]=   0 [11]=   0 
before (DPU 34) [0]=1197 [1]=1140 [2]=1062 [3]=   0 [4]=   0 [5]=   0 [6]=   0 [7]=   0 [8]=   0 [9]=   0 [10]=   0 [11]=   0 
after  (DPU 34) [0]=1197 [1]=1140 [2]=1062 [3]=   0 [4]=   0 [5]=   0 [6]=   0 [7]=   0 [8]=   0 [9]=   0 [10]=   0 [11]=   0 
before (DPU 35) [0]=1116 [1]=1067 [2]=1103 [3]=   0 [4]=   0 [5]=   0 [6]=   0 [7]=   0 [8]=   0 [9]=   0 [10]=   0 [11]=   0 
after  (DPU 35) [0]=1116 [1]=1067 [2]=1103 [3]=   0 [4]=   0 [5]=   0 [6]=   0 [7]=   0 [8]=   0 [9]=   0 [10]=   0 [11]=   0 
before (DPU 36) [0]=1046 [1]=1136 [2]=1105 [3]=   0 [4]=   0 [5]=   0 [6]=   0 [7]=   0 [8]=   0 [9]=   0 [10]=   0 [11]=   0 
after  (DPU 36) [0]=1046 [1]=1136 [2]=1105 [3]=   0 [4]=   0 [5]=   0 [6]=   0 [7]=   0 [8]=   0 [9]=   0 [10]=   0 [11]=   0 
before (DPU 37) [0]=1081 [1]=1049 [2]=1022 [3]=   0 [4]=   0 [5]=   0 [6]=   0 [7]=   0 [8]=   0 [9]=   0 [10]=   0 [11]=   0 
after  (DPU 37) [0]=1081 [1]=1049 [2]=1022 [3]=   0 [4]=   0 [5]=   0 [6]=   0 [7]=   0 [8]=   0 [9]=   0 [10]=   0 [11]=   0 
before (DPU 38) [0]=1074 [1]=1005 [2]=1036 [3]=   0 [4]=   0 [5]=   0 [6]=   0 [7]=   0 [8]=   0 [9]=   0 [10]=   0 [11]=   0 
after  (DPU 38) [0]=1074 [1]=1005 [2]=1036 [3]=   0 [4]=   0 [5]=   0 [6]=   0 [7]=   0 [8]=   0 [9]=   0 [10]=   0 [11]=   0 
before (DPU 39) [0]=1047 [1]=1017 [2]=1069 [3]=   0 [4]=   0 [5]=   0 [6]=   0 [7]=   0 [8]=   0 [9]=   0 [10]=   0 [11]=   0 
after  (DPU 39) [0]=1047 [1]=1017 [2]=1069 [3]=   0 [4]=   0 [5]=   0 [6]=   0 [7]=   0 [8]=   0 [9]=   0 [10]=   0 [11]=   0 
before (DPU 40) [0]= 993 [1]=1029 [2]= 969 [3]=   0 [4]=   0 [5]=   0 [6]=   0 [7]=   0 [8]=   0 [9]=   0 [10]=   0 [11]=   0 
after  (DPU 40) [0]= 993 [1]=1029 [2]= 969 [3]=   0 [4]=   0 [5]=   0 [6]=   0 [7]=   0 [8]=   0 [9]=   0 [10]=   0 [11]=   0 
before (DPU 41) [0]= 982 [1]= 990 [2]= 988 [3]=   0 [4]=   0 [5]=   0 [6]=   0 [7]=   0 [8]=   0 [9]=   0 [10]=   0 [11]=   0 
after  (DPU 41) [0]= 982 [1]= 990 [2]= 988 [3]=   0 [4]=   0 [5]=   0 [6]=   0 [7]=   0 [8]=   0 [9]=   0 [10]=   0 [11]=   0 
before (DPU 42) [0]= 956 [1]= 954 [2]= 926 [3]=   0 [4]=   0 [5]=   0 [6]=   0 [7]=   0 [8]=   0 [9]=   0 [10]=   0 [11]=   0 
after  (DPU 42) [0]= 956 [1]= 954 [2]= 926 [3]=   0 [4]=   0 [5]=   0 [6]=   0 [7]=   0 [8]=   0 [9]=   0 [10]=   0 [11]=   0 
before (DPU 43) [0]= 934 [1]= 927 [2]= 957 [3]=   0 [4]=   0 [5]=   0 [6]=   0 [7]=   0 [8]=   0 [9]=   0 [10]=   0 [11]=   0 
after  (DPU 43) [0]= 934 [1]= 927 [2]= 957 [3]=   0 [4]=   0 [5]=   0 [6]=   0 [7]=   0 [8]=   0 [9]=   0 [10]=   0 [11]=   0 
before (DPU 44) [0]= 890 [1]= 892 [2]= 925 [3]=   0 [4]=   0 [5]=   0 [6]=   0 [7]=   0 [8]=   0 [9]=   0 [10]=   0 [11]=   0 
after  (DPU 44) [0]= 890 [1]= 892 [2]= 925 [3]=   0 [4]=   0 [5]=   0 [6]=   0 [7]=   0 [8]=   0 [9]=   0 [10]=   0 [11]=   0 
before (DPU 45) [0]= 940 [1]= 864 [2]= 856 [3]=   0 [4]=   0 [5]=   0 [6]=   0 [7]=   0 [8]=   0 [9]=   0 [10]=   0 [11]=   0 
after  (DPU 45) [0]= 940 [1]= 864 [2]= 856 [3]=   0 [4]=   0 [5]=   0 [6]=   0 [7]=   0 [8]=   0 [9]=   0 [10]=   0 [11]=   0 
before (DPU 46) [0]= 849 [1]= 801 [2]= 853 [3]=   0 [4]=   0 [5]=   0 [6]=   0 [7]=   0 [8]=   0 [9]=   0 [10]=   0 [11]=   0 
after  (DPU 46) [0]= 849 [1]= 801 [2]= 853 [3]=   0 [4]=   0 [5]=   0 [6]=   0 [7]=   0 [8]=   0 [9]=   0 [10]=   0 [11]=   0 
before (DPU 47) [0]= 870 [1]= 919 [2]= 834 [3]=   0 [4]=   0 [5]=   0 [6]=   0 [7]=   0 [8]=   0 [9]=   0 [10]=   0 [11]=   0 
after  (DPU 47) [0]= 870 [1]= 919 [2]= 834 [3]=   0 [4]=   0 [5]=   0 [6]=   0 [7]=   0 [8]=   0 [9]=   0 [10]=   0 [11]=   0 
before (DPU 48) [0]= 862 [1]= 801 [2]= 746 [3]=   0 [4]=   0 [5]=   0 [6]=   0 [7]=   0 [8]=   0 [9]=   0 [10]=   0 [11]=   0 
after  (DPU 48) [0]= 862 [1]= 801 [2]= 746 [3]=   0 [4]=   0 [5]=   0 [6]=   0 [7]=   0 [8]=   0 [9]=   0 [10]=   0 [11]=   0 
before (DPU 49) [0]= 802 [1]= 819 [2]= 757 [3]=   0 [4]=   0 [5]=   0 [6]=   0 [7]=   0 [8]=   0 [9]=   0 [10]=   0 [11]=   0 
after  (DPU 49) [0]= 802 [1]= 819 [2]= 757 [3]=   0 [4]=   0 [5]=   0 [6]=   0 [7]=   0 [8]=   0 [9]=   0 [10]=   0 [11]=   0 
before (DPU 50) [0]= 836 [1]= 788 [2]= 772 [3]=   0 [4]=   0 [5]=   0 [6]=   0 [7]=   0 [8]=   0 [9]=   0 [10]=   0 [11]=   0 
after  (DPU 50) [0]= 836 [1]= 788 [2]= 772 [3]=   0 [4]=   0 [5]=   0 [6]=   0 [7]=   0 [8]=   0 [9]=   0 [10]=   0 [11]=   0 
before (DPU 51) [0]= 763 [1]= 774 [2]= 802 [3]=   0 [4]=   0 [5]=   0 [6]=   0 [7]=   0 [8]=   0 [9]=   0 [10]=   0 [11]=   0 
after  (DPU 51) [0]= 763 [1]= 774 [2]= 802 [3]=   0 [4]=   0 [5]=   0 [6]=   0 [7]=   0 [8]=   0 [9]=   0 [10]=   0 [11]=   0 
before (DPU 52) [0]= 709 [1]= 783 [2]= 732 [3]=   0 [4]=   0 [5]=   0 [6]=   0 [7]=   0 [8]=   0 [9]=   0 [10]=   0 [11]=   0 
after  (DPU 52) [0]= 709 [1]= 783 [2]= 732 [3]=   0 [4]=   0 [5]=   0 [6]=   0 [7]=   0 [8]=   0 [9]=   0 [10]=   0 [11]=   0 
before (DPU 53) [0]= 711 [1]= 735 [2]= 735 [3]=   0 [4]=   0 [5]=   0 [6]=   0 [7]=   0 [8]=   0 [9]=   0 [10]=   0 [11]=   0 
after  (DPU 53) [0]= 711 [1]= 735 [2]= 735 [3]=   0 [4]=   0 [5]=   0 [6]=   0 [7]=   0 [8]=   0 [9]=   0 [10]=   0 [11]=   0 
before (DPU 54) [0]= 736 [1]= 721 [2]= 753 [3]=   0 [4]=   0 [5]=   0 [6]=   0 [7]=   0 [8]=   0 [9]=   0 [10]=   0 [11]=   0 
after  (DPU 54) [0]= 736 [1]= 721 [2]= 753 [3]=   0 [4]=   0 [5]=   0 [6]=   0 [7]=   0 [8]=   0 [9]=   0 [10]=   0 [11]=   0 
before (DPU 55) [0]= 733 [1]= 721 [2]= 696 [3]=   0 [4]=   0 [5]=   0 [6]=   0 [7]=   0 [8]=   0 [9]=   0 [10]=   0 [11]=   0 
after  (DPU 55) [0]= 733 [1]= 721 [2]= 696 [3]=   0 [4]=   0 [5]=   0 [6]=   0 [7]=   0 [8]=   0 [9]=   0 [10]=   0 [11]=   0 
before (DPU 56) [0]= 739 [1]= 681 [2]= 757 [3]=   0 [4]=   0 [5]=   0 [6]=   0 [7]=   0 [8]=   0 [9]=   0 [10]=   0 [11]=   0 
after  (DPU 56) [0]= 739 [1]= 681 [2]= 757 [3]=   0 [4]=   0 [5]=   0 [6]=   0 [7]=   0 [8]=   0 [9]=   0 [10]=   0 [11]=   0 
before (DPU 57) [0]= 684 [1]= 679 [2]= 658 [3]=   0 [4]=   0 [5]=   0 [6]=   0 [7]=   0 [8]=   0 [9]=   0 [10]=   0 [11]=   0 
after  (DPU 57) [0]= 684 [1]= 679 [2]= 658 [3]=   0 [4]=   0 [5]=   0 [6]=   0 [7]=   0 [8]=   0 [9]=   0 [10]=   0 [11]=   0 
before (DPU 58) [0]= 704 [1]= 672 [2]= 662 [3]=   0 [4]=   0 [5]=   0 [6]=   0 [7]=   0 [8]=   0 [9]=   0 [10]=   0 [11]=   0 
after  (DPU 58) [0]= 704 [1]= 672 [2]= 662 [3]=   0 [4]=   0 [5]=   0 [6]=   0 [7]=   0 [8]=   0 [9]=   0 [10]=   0 [11]=   0 
before (DPU 59) [0]= 666 [1]= 668 [2]= 656 [3]=   0 [4]=   0 [5]=   0 [6]=   0 [7]=   0 [8]=   0 [9]=   0 [10]=   0 [11]=   0 
after  (DPU 59) [0]= 666 [1]= 668 [2]= 656 [3]=   0 [4]=   0 [5]=   0 [6]=   0 [7]=   0 [8]=   0 [9]=   0 [10]=   0 [11]=   0 
before (DPU 60) [0]= 681 [1]= 634 [2]= 640 [3]=   0 [4]=   0 [5]=   0 [6]=   0 [7]=   0 [8]=   0 [9]=   0 [10]=   0 [11]=   0 
after  (DPU 60) [0]= 681 [1]= 634 [2]= 640 [3]=   0 [4]=   0 [5]=   0 [6]=   0 [7]=   0 [8]=   0 [9]=   0 [10]=   0 [11]=   0 
before (DPU 61) [0]= 679 [1]= 675 [2]= 630 [3]=   0 [4]=   0 [5]=   0 [6]=   0 [7]=   0 [8]=   0 [9]=   0 [10]=   0 [11]=   0 
after  (DPU 61) [0]= 679 [1]= 675 [2]= 630 [3]=   0 [4]=   0 [5]=   0 [6]=   0 [7]=   0 [8]=   0 [9]=   0 [10]=   0 [11]=   0 
before (DPU 62) [0]= 657 [1]= 685 [2]= 613 [3]=   0 [4]=   0 [5]=   0 [6]=   0 [7]=   0 [8]=   0 [9]=   0 [10]=   0 [11]=   0 
after  (DPU 62) [0]= 657 [1]= 685 [2]= 613 [3]=   0 [4]=   0 [5]=   0 [6]=   0 [7]=   0 [8]=   0 [9]=   0 [10]=   0 [11]=   0 
before (DPU 63) [0]= 603 [1]= 649 [2]= 610 [3]=   0 [4]=   0 [5]=   0 [6]=   0 [7]=   0 [8]=   0 [9]=   0 [10]=   0 [11]=   0 
after  (DPU 63) [0]= 603 [1]= 649 [2]= 610 [3]=   0 [4]=   0 [5]=   0 [6]=   0 [7]=   0 [8]=   0 [9]=   0 [10]=   0 [11]=   0 
before (DPU 64) [0]= 608 [1]= 642 [2]= 622 [3]=   0 [4]=   0 [5]=   0 [6]=   0 [7]=   0 [8]=   0 [9]=   0 [10]=   0 [11]=   0 
after  (DPU 64) [0]= 608 [1]= 642 [2]= 622 [3]=   0 [4]=   0 [5]=   0 [6]=   0 [7]=   0 [8]=   0 [9]=   0 [10]=   0 [11]=   0 
before (DPU 65) [0]= 598 [1]= 619 [2]= 572 [3]=   0 [4]=   0 [5]=   0 [6]=   0 [7]=   0 [8]=   0 [9]=   0 [10]=   0 [11]=   0 
after  (DPU 65) [0]= 598 [1]= 619 [2]= 572 [3]=   0 [4]=   0 [5]=   0 [6]=   0 [7]=   0 [8]=   0 [9]=   0 [10]=   0 [11]=   0 
before (DPU 66) [0]= 629 [1]= 621 [2]= 587 [3]=   0 [4]=   0 [5]=   0 [6]=   0 [7]=   0 [8]=   0 [9]=   0 [10]=   0 [11]=   0 
after  (DPU 66) [0]= 629 [1]= 621 [2]= 587 [3]=   0 [4]=   0 [5]=   0 [6]=   0 [7]=   0 [8]=   0 [9]=   0 [10]=   0 [11]=   0 
before (DPU 67) [0]= 648 [1]= 611 [2]= 613 [3]=   0 [4]=   0 [5]=   0 [6]=   0 [7]=   0 [8]=   0 [9]=   0 [10]=   0 [11]=   0 
after  (DPU 67) [0]= 648 [1]= 611 [2]= 613 [3]=   0 [4]=   0 [5]=   0 [6]=   0 [7]=   0 [8]=   0 [9]=   0 [10]=   0 [11]=   0 
before (DPU 68) [0]= 589 [1]= 578 [2]= 617 [3]=   0 [4]=   0 [5]=   0 [6]=   0 [7]=   0 [8]=   0 [9]=   0 [10]=   0 [11]=   0 
after  (DPU 68) [0]= 589 [1]= 578 [2]= 617 [3]=   0 [4]=   0 [5]=   0 [6]=   0 [7]=   0 [8]=   0 [9]=   0 [10]=   0 [11]=   0 
before (DPU 69) [0]= 563 [1]= 576 [2]= 551 [3]=   0 [4]=   0 [5]=   0 [6]=   0 [7]=   0 [8]=   0 [9]=   0 [10]=   0 [11]=   0 
after  (DPU 69) [0]= 563 [1]= 576 [2]= 551 [3]=   0 [4]=   0 [5]=   0 [6]=   0 [7]=   0 [8]=   0 [9]=   0 [10]=   0 [11]=   0 
before (DPU 70) [0]= 573 [1]= 604 [2]= 540 [3]=   0 [4]=   0 [5]=   0 [6]=   0 [7]=   0 [8]=   0 [9]=   0 [10]=   0 [11]=   0 
after  (DPU 70) [0]= 573 [1]= 604 [2]= 540 [3]=   0 [4]=   0 [5]=   0 [6]=   0 [7]=   0 [8]=   0 [9]=   0 [10]=   0 [11]=   0 
before (DPU 71) [0]= 564 [1]= 585 [2]= 565 [3]=   0 [4]=   0 [5]=   0 [6]=   0 [7]=   0 [8]=   0 [9]=   0 [10]=   0 [11]=   0 
after  (DPU 71) [0]= 564 [1]= 585 [2]= 565 [3]=   0 [4]=   0 [5]=   0 [6]=   0 [7]=   0 [8]=   0 [9]=   0 [10]=   0 [11]=   0 
before (DPU 72) [0]= 490 [1]= 541 [2]= 616 [3]=   0 [4]=   0 [5]=   0 [6]=   0 [7]=   0 [8]=   0 [9]=   0 [10]=   0 [11]=   0 
after  (DPU 72) [0]= 490 [1]= 541 [2]= 616 [3]=   0 [4]=   0 [5]=   0 [6]=   0 [7]=   0 [8]=   0 [9]=   0 [10]=   0 [11]=   0 
before (DPU 73) [0]= 530 [1]= 600 [2]= 538 [3]=   0 [4]=   0 [5]=   0 [6]=   0 [7]=   0 [8]=   0 [9]=   0 [10]=   0 [11]=   0 
after  (DPU 73) [0]= 530 [1]= 600 [2]= 538 [3]=   0 [4]=   0 [5]=   0 [6]=   0 [7]=   0 [8]=   0 [9]=   0 [10]=   0 [11]=   0 
before (DPU 74) [0]= 543 [1]= 569 [2]= 541 [3]=   0 [4]=   0 [5]=   0 [6]=   0 [7]=   0 [8]=   0 [9]=   0 [10]=   0 [11]=   0 
after  (DPU 74) [0]= 543 [1]= 569 [2]= 541 [3]=   0 [4]=   0 [5]=   0 [6]=   0 [7]=   0 [8]=   0 [9]=   0 [10]=   0 [11]=   0 
before (DPU 75) [0]= 511 [1]= 571 [2]= 489 [3]=   0 [4]=   0 [5]=   0 [6]=   0 [7]=   0 [8]=   0 [9]=   0 [10]=   0 [11]=   0 
after  (DPU 75) [0]= 511 [1]= 571 [2]= 489 [3]=   0 [4]=   0 [5]=   0 [6]=   0 [7]=   0 [8]=   0 [9]=   0 [10]=   0 [11]=   0 
before (DPU 76) [0]= 498 [1]= 568 [2]= 520 [3]=   0 [4]=   0 [5]=   0 [6]=   0 [7]=   0 [8]=   0 [9]=   0 [10]=   0 [11]=   0 
after  (DPU 76) [0]= 498 [1]= 568 [2]= 520 [3]=   0 [4]=   0 [5]=   0 [6]=   0 [7]=   0 [8]=   0 [9]=   0 [10]=   0 [11]=   0 
before (DPU 77) [0]= 542 [1]= 524 [2]= 553 [3]=   0 [4]=   0 [5]=   0 [6]=   0 [7]=   0 [8]=   0 [9]=   0 [10]=   0 [11]=   0 
after  (DPU 77) [0]= 542 [1]= 524 [2]= 553 [3]=   0 [4]=   0 [5]=   0 [6]=   0 [7]=   0 [8]=   0 [9]=   0 [10]=   0 [11]=   0 
before (DPU 78) [0]= 498 [1]= 480 [2]= 536 [3]=   0 [4]=   0 [5]=   0 [6]=   0 [7]=   0 [8]=   0 [9]=   0 [10]=   0 [11]=   0 
after  (DPU 78) [0]= 498 [1]= 480 [2]= 536 [3]=   0 [4]=   0 [5]=   0 [6]=   0 [7]=   0 [8]=   0 [9]=   0 [10]=   0 [11]=   0 
before (DPU 79) [0]= 486 [1]= 480 [2]= 513 [3]=   0 [4]=   0 [5]=   0 [6]=   0 [7]=   0 [8]=   0 [9]=   0 [10]=   0 [11]=   0 
after  (DPU 79) [0]= 486 [1]= 480 [2]= 513 [3]=   0 [4]=   0 [5]=   0 [6]=   0 [7]=   0 [8]=   0 [9]=   0 [10]=   0 [11]=   0 
before (DPU 80) [0]= 523 [1]= 553 [2]= 456 [3]=   0 [4]=   0 [5]=   0 [6]=   0 [7]=   0 [8]=   0 [9]=   0 [10]=   0 [11]=   0 
after  (DPU 80) [0]= 523 [1]= 553 [2]= 456 [3]=   0 [4]=   0 [5]=   0 [6]=   0 [7]=   0 [8]=   0 [9]=   0 [10]=   0 [11]=   0 
before (DPU 81) [0]= 529 [1]= 500 [2]= 466 [3]=   0 [4]=   0 [5]=   0 [6]=   0 [7]=   0 [8]=   0 [9]=   0 [10]=   0 [11]=   0 
after  (DPU 81) [0]= 529 [1]= 500 [2]= 466 [3]=   0 [4]=   0 [5]=   0 [6]=   0 [7]=   0 [8]=   0 [9]=   0 [10]=   0 [11]=   0 
before (DPU 82) [0]= 494 [1]= 474 [2]= 495 [3]=   0 [4]=   0 [5]=   0 [6]=   0 [7]=   0 [8]=   0 [9]=   0 [10]=   0 [11]=   0 
after  (DPU 82) [0]= 494 [1]= 474 [2]= 495 [3]=   0 [4]=   0 [5]=   0 [6]=   0 [7]=   0 [8]=   0 [9]=   0 [10]=   0 [11]=   0 
before (DPU 83) [0]= 477 [1]= 485 [2]= 484 [3]=   0 [4]=   0 [5]=   0 [6]=   0 [7]=   0 [8]=   0 [9]=   0 [10]=   0 [11]=   0 
after  (DPU 83) [0]= 477 [1]= 485 [2]= 484 [3]=   0 [4]=   0 [5]=   0 [6]=   0 [7]=   0 [8]=   0 [9]=   0 [10]=   0 [11]=   0 
before (DPU 84) [0]= 471 [1]= 469 [2]= 434 [3]=   0 [4]=   0 [5]=   0 [6]=   0 [7]=   0 [8]=   0 [9]=   0 [10]=   0 [11]=   0 
after  (DPU 84) [0]= 471 [1]= 469 [2]= 434 [3]=   0 [4]=   0 [5]=   0 [6]=   0 [7]=   0 [8]=   0 [9]=   0 [10]=   0 [11]=   0 
before (DPU 85) [0]= 451 [1]= 481 [2]= 458 [3]=   0 [4]=   0 [5]=   0 [6]=   0 [7]=   0 [8]=   0 [9]=   0 [10]=   0 [11]=   0 
after  (DPU 85) [0]= 451 [1]= 481 [2]= 458 [3]=   0 [4]=   0 [5]=   0 [6]=   0 [7]=   0 [8]=   0 [9]=   0 [10]=   0 [11]=   0 
before (DPU 86) [0]= 459 [1]= 459 [2]= 484 [3]=   0 [4]=   0 [5]=   0 [6]=   0 [7]=   0 [8]=   0 [9]=   0 [10]=   0 [11]=   0 
after  (DPU 86) [0]= 459 [1]= 459 [2]= 484 [3]=   0 [4]=   0 [5]=   0 [6]=   0 [7]=   0 [8]=   0 [9]=   0 [10]=   0 [11]=   0 
before (DPU 87) [0]= 477 [1]= 448 [2]= 444 [3]=   0 [4]=   0 [5]=   0 [6]=   0 [7]=   0 [8]=   0 [9]=   0 [10]=   0 [11]=   0 
after  (DPU 87) [0]= 477 [1]= 448 [2]= 444 [3]=   0 [4]=   0 [5]=   0 [6]=   0 [7]=   0 [8]=   0 [9]=   0 [10]=   0 [11]=   0 
before (DPU 88) [0]= 472 [1]= 441 [2]= 431 [3]=   0 [4]=   0 [5]=   0 [6]=   0 [7]=   0 [8]=   0 [9]=   0 [10]=   0 [11]=   0 
after  (DPU 88) [0]= 472 [1]= 441 [2]= 431 [3]=   0 [4]=   0 [5]=   0 [6]=   0 [7]=   0 [8]=   0 [9]=   0 [10]=   0 [11]=   0 
before (DPU 89) [0]= 416 [1]= 414 [2]= 474 [3]=   0 [4]=   0 [5]=   0 [6]=   0 [7]=   0 [8]=   0 [9]=   0 [10]=   0 [11]=   0 
after  (DPU 89) [0]= 416 [1]= 414 [2]= 474 [3]=   0 [4]=   0 [5]=   0 [6]=   0 [7]=   0 [8]=   0 [9]=   0 [10]=   0 [11]=   0 
before (DPU 90) [0]= 440 [1]= 427 [2]= 456 [3]=   0 [4]=   0 [5]=   0 [6]=   0 [7]=   0 [8]=   0 [9]=   0 [10]=   0 [11]=   0 
after  (DPU 90) [0]= 440 [1]= 427 [2]= 456 [3]=   0 [4]=   0 [5]=   0 [6]=   0 [7]=   0 [8]=   0 [9]=   0 [10]=   0 [11]=   0 
before (DPU 91) [0]= 429 [1]= 459 [2]= 413 [3]=   0 [4]=   0 [5]=   0 [6]=   0 [7]=   0 [8]=   0 [9]=   0 [10]=   0 [11]=   0 
after  (DPU 91) [0]= 429 [1]= 459 [2]= 413 [3]=   0 [4]=   0 [5]=   0 [6]=   0 [7]=   0 [8]=   0 [9]=   0 [10]=   0 [11]=   0 
before (DPU 92) [0]= 437 [1]= 369 [2]= 483 [3]=   0 [4]=   0 [5]=   0 [6]=   0 [7]=   0 [8]=   0 [9]=   0 [10]=   0 [11]=   0 
after  (DPU 92) [0]= 437 [1]= 369 [2]= 483 [3]=   0 [4]=   0 [5]=   0 [6]=   0 [7]=   0 [8]=   0 [9]=   0 [10]=   0 [11]=   0 
before (DPU 93) [0]= 432 [1]= 396 [2]= 421 [3]=   0 [4]=   0 [5]=   0 [6]=   0 [7]=   0 [8]=   0 [9]=   0 [10]=   0 [11]=   0 
after  (DPU 93) [0]= 432 [1]= 396 [2]= 421 [3]=   0 [4]=   0 [5]=   0 [6]=   0 [7]=   0 [8]=   0 [9]=   0 [10]=   0 [11]=   0 
before (DPU 94) [0]= 430 [1]= 426 [2]= 420 [3]=   0 [4]=   0 [5]=   0 [6]=   0 [7]=   0 [8]=   0 [9]=   0 [10]=   0 [11]=   0 
after  (DPU 94) [0]= 430 [1]= 426 [2]= 420 [3]=   0 [4]=   0 [5]=   0 [6]=   0 [7]=   0 [8]=   0 [9]=   0 [10]=   0 [11]=   0 
before (DPU 95) [0]= 417 [1]= 413 [2]= 429 [3]=   0 [4]=   0 [5]=   0 [6]=   0 [7]=   0 [8]=   0 [9]=   0 [10]=   0 [11]=   0 
after  (DPU 95) [0]= 417 [1]= 413 [2]= 429 [3]=   0 [4]=   0 [5]=   0 [6]=   0 [7]=   0 [8]=   0 [9]=   0 [10]=   0 [11]=   0 
before (DPU 96) [0]= 400 [1]= 457 [2]= 389 [3]=   0 [4]=   0 [5]=   0 [6]=   0 [7]=   0 [8]=   0 [9]=   0 [10]=   0 [11]=   0 
after  (DPU 96) [0]= 400 [1]= 457 [2]= 389 [3]=   0 [4]=   0 [5]=   0 [6]=   0 [7]=   0 [8]=   0 [9]=   0 [10]=   0 [11]=   0 
before (DPU 97) [0]= 441 [1]= 405 [2]= 436 [3]=   0 [4]=   0 [5]=   0 [6]=   0 [7]=   0 [8]=   0 [9]=   0 [10]=   0 [11]=   0 
after  (DPU 97) [0]= 441 [1]= 405 [2]= 436 [3]=   0 [4]=   0 [5]=   0 [6]=   0 [7]=   0 [8]=   0 [9]=   0 [10]=   0 [11]=   0 
before (DPU 98) [0]= 419 [1]= 420 [2]= 416 [3]=   0 [4]=   0 [5]=   0 [6]=   0 [7]=   0 [8]=   0 [9]=   0 [10]=   0 [11]=   0 
after  (DPU 98) [0]= 419 [1]= 420 [2]= 416 [3]=   0 [4]=   0 [5]=   0 [6]=   0 [7]=   0 [8]=   0 [9]=   0 [10]=   0 [11]=   0 
before (DPU 99) [0]= 410 [1]= 439 [2]= 394 [3]=   0 [4]=   0 [5]=   0 [6]=   0 [7]=   0 [8]=   0 [9]=   0 [10]=   0 [11]=   0 
after  (DPU 99) [0]= 410 [1]= 439 [2]= 394 [3]=   0 [4]=   0 [5]=   0 [6]=   0 [7]=   0 [8]=   0 [9]=   0 [10]=   0 [11]=   0 
before (DPU 100) [0]= 411 [1]= 418 [2]= 383 [3]=   0 [4]=   0 [5]=   0 [6]=   0 [7]=   0 [8]=   0 [9]=   0 [10]=   0 [11]=   0 
after  (DPU 100) [0]= 411 [1]= 418 [2]= 383 [3]=   0 [4]=   0 [5]=   0 [6]=   0 [7]=   0 [8]=   0 [9]=   0 [10]=   0 [11]=   0 
before (DPU 101) [0]= 398 [1]= 403 [2]= 360 [3]=   0 [4]=   0 [5]=   0 [6]=   0 [7]=   0 [8]=   0 [9]=   0 [10]=   0 [11]=   0 
after  (DPU 101) [0]= 398 [1]= 403 [2]= 360 [3]=   0 [4]=   0 [5]=   0 [6]=   0 [7]=   0 [8]=   0 [9]=   0 [10]=   0 [11]=   0 
before (DPU 102) [0]= 391 [1]= 386 [2]= 376 [3]=   0 [4]=   0 [5]=   0 [6]=   0 [7]=   0 [8]=   0 [9]=   0 [10]=   0 [11]=   0 
after  (DPU 102) [0]= 391 [1]= 386 [2]= 376 [3]=   0 [4]=   0 [5]=   0 [6]=   0 [7]=   0 [8]=   0 [9]=   0 [10]=   0 [11]=   0 
before (DPU 103) [0]= 342 [1]= 387 [2]= 409 [3]=   0 [4]=   0 [5]=   0 [6]=   0 [7]=   0 [8]=   0 [9]=   0 [10]=   0 [11]=   0 
after  (DPU 103) [0]= 342 [1]= 387 [2]= 409 [3]=   0 [4]=   0 [5]=   0 [6]=   0 [7]=   0 [8]=   0 [9]=   0 [10]=   0 [11]=   0 
before (DPU 104) [0]= 375 [1]= 371 [2]= 417 [3]=   0 [4]=   0 [5]=   0 [6]=   0 [7]=   0 [8]=   0 [9]=   0 [10]=   0 [11]=   0 
after  (DPU 104) [0]= 375 [1]= 371 [2]= 417 [3]=   0 [4]=   0 [5]=   0 [6]=   0 [7]=   0 [8]=   0 [9]=   0 [10]=   0 [11]=   0 
before (DPU 105) [0]= 388 [1]= 349 [2]= 405 [3]=   0 [4]=   0 [5]=   0 [6]=   0 [7]=   0 [8]=   0 [9]=   0 [10]=   0 [11]=   0 
after  (DPU 105) [0]= 388 [1]= 349 [2]= 405 [3]=   0 [4]=   0 [5]=   0 [6]=   0 [7]=   0 [8]=   0 [9]=   0 [10]=   0 [11]=   0 
before (DPU 106) [0]= 369 [1]= 402 [2]= 388 [3]=   0 [4]=   0 [5]=   0 [6]=   0 [7]=   0 [8]=   0 [9]=   0 [10]=   0 [11]=   0 
after  (DPU 106) [0]= 369 [1]= 402 [2]= 388 [3]=   0 [4]=   0 [5]=   0 [6]=   0 [7]=   0 [8]=   0 [9]=   0 [10]=   0 [11]=   0 
before (DPU 107) [0]= 411 [1]= 352 [2]= 381 [3]=   0 [4]=   0 [5]=   0 [6]=   0 [7]=   0 [8]=   0 [9]=   0 [10]=   0 [11]=   0 
after  (DPU 107) [0]= 411 [1]= 352 [2]= 381 [3]=   0 [4]=   0 [5]=   0 [6]=   0 [7]=   0 [8]=   0 [9]=   0 [10]=   0 [11]=   0 
before (DPU 108) [0]= 353 [1]= 359 [2]= 374 [3]=   0 [4]=   0 [5]=   0 [6]=   0 [7]=   0 [8]=   0 [9]=   0 [10]=   0 [11]=   0 
after  (DPU 108) [0]= 353 [1]= 359 [2]= 374 [3]=   0 [4]=   0 [5]=   0 [6]=   0 [7]=   0 [8]=   0 [9]=   0 [10]=   0 [11]=   0 
before (DPU 109) [0]= 389 [1]= 358 [2]= 392 [3]=   0 [4]=   0 [5]=   0 [6]=   0 [7]=   0 [8]=   0 [9]=   0 [10]=   0 [11]=   0 
after  (DPU 109) [0]= 389 [1]= 358 [2]= 392 [3]=   0 [4]=   0 [5]=   0 [6]=   0 [7]=   0 [8]=   0 [9]=   0 [10]=   0 [11]=   0 
before (DPU 110) [0]= 374 [1]= 359 [2]= 353 [3]=   0 [4]=   0 [5]=   0 [6]=   0 [7]=   0 [8]=   0 [9]=   0 [10]=   0 [11]=   0 
after  (DPU 110) [0]= 374 [1]= 359 [2]= 353 [3]=   0 [4]=   0 [5]=   0 [6]=   0 [7]=   0 [8]=   0 [9]=   0 [10]=   0 [11]=   0 
before (DPU 111) [0]= 393 [1]= 383 [2]= 393 [3]=   0 [4]=   0 [5]=   0 [6]=   0 [7]=   0 [8]=   0 [9]=   0 [10]=   0 [11]=   0 
after  (DPU 111) [0]= 393 [1]= 383 [2]= 393 [3]=   0 [4]=   0 [5]=   0 [6]=   0 [7]=   0 [8]=   0 [9]=   0 [10]=   0 [11]=   0 
before (DPU 112) [0]= 371 [1]= 339 [2]= 368 [3]=   0 [4]=   0 [5]=   0 [6]=   0 [7]=   0 [8]=   0 [9]=   0 [10]=   0 [11]=   0 
after  (DPU 112) [0]= 371 [1]= 339 [2]= 368 [3]=   0 [4]=   0 [5]=   0 [6]=   0 [7]=   0 [8]=   0 [9]=   0 [10]=   0 [11]=   0 
before (DPU 113) [0]= 373 [1]= 367 [2]= 361 [3]=   0 [4]=   0 [5]=   0 [6]=   0 [7]=   0 [8]=   0 [9]=   0 [10]=   0 [11]=   0 
after  (DPU 113) [0]= 373 [1]= 367 [2]= 361 [3]=   0 [4]=   0 [5]=   0 [6]=   0 [7]=   0 [8]=   0 [9]=   0 [10]=   0 [11]=   0 
before (DPU 114) [0]= 375 [1]= 368 [2]= 365 [3]=   0 [4]=   0 [5]=   0 [6]=   0 [7]=   0 [8]=   0 [9]=   0 [10]=   0 [11]=   0 
after  (DPU 114) [0]= 375 [1]= 368 [2]= 365 [3]=   0 [4]=   0 [5]=   0 [6]=   0 [7]=   0 [8]=   0 [9]=   0 [10]=   0 [11]=   0 
before (DPU 115) [0]= 349 [1]= 331 [2]= 335 [3]=   0 [4]=   0 [5]=   0 [6]=   0 [7]=   0 [8]=   0 [9]=   0 [10]=   0 [11]=   0 
after  (DPU 115) [0]= 349 [1]= 331 [2]= 335 [3]=   0 [4]=   0 [5]=   0 [6]=   0 [7]=   0 [8]=   0 [9]=   0 [10]=   0 [11]=   0 
before (DPU 116) [0]= 337 [1]= 335 [2]= 343 [3]=   0 [4]=   0 [5]=   0 [6]=   0 [7]=   0 [8]=   0 [9]=   0 [10]=   0 [11]=   0 
after  (DPU 116) [0]= 337 [1]= 335 [2]= 343 [3]=   0 [4]=   0 [5]=   0 [6]=   0 [7]=   0 [8]=   0 [9]=   0 [10]=   0 [11]=   0 
before (DPU 117) [0]= 357 [1]= 341 [2]= 350 [3]=   0 [4]=   0 [5]=   0 [6]=   0 [7]=   0 [8]=   0 [9]=   0 [10]=   0 [11]=   0 
after  (DPU 117) [0]= 357 [1]= 341 [2]= 350 [3]=   0 [4]=   0 [5]=   0 [6]=   0 [7]=   0 [8]=   0 [9]=   0 [10]=   0 [11]=   0 
before (DPU 118) [0]= 334 [1]= 336 [2]= 320 [3]=   0 [4]=   0 [5]=   0 [6]=   0 [7]=   0 [8]=   0 [9]=   0 [10]=   0 [11]=   0 
after  (DPU 118) [0]= 334 [1]= 336 [2]= 320 [3]=   0 [4]=   0 [5]=   0 [6]=   0 [7]=   0 [8]=   0 [9]=   0 [10]=   0 [11]=   0 
before (DPU 119) [0]= 339 [1]= 341 [2]= 326 [3]=   0 [4]=   0 [5]=   0 [6]=   0 [7]=   0 [8]=   0 [9]=   0 [10]=   0 [11]=   0 
after  (DPU 119) [0]= 339 [1]= 341 [2]= 326 [3]=   0 [4]=   0 [5]=   0 [6]=   0 [7]=   0 [8]=   0 [9]=   0 [10]=   0 [11]=   0 
before (DPU 120) [0]= 333 [1]= 329 [2]= 372 [3]=   0 [4]=   0 [5]=   0 [6]=   0 [7]=   0 [8]=   0 [9]=   0 [10]=   0 [11]=   0 
after  (DPU 120) [0]= 333 [1]= 329 [2]= 372 [3]=   0 [4]=   0 [5]=   0 [6]=   0 [7]=   0 [8]=   0 [9]=   0 [10]=   0 [11]=   0 
before (DPU 121) [0]= 356 [1]= 322 [2]= 303 [3]=   0 [4]=   0 [5]=   0 [6]=   0 [7]=   0 [8]=   0 [9]=   0 [10]=   0 [11]=   0 
after  (DPU 121) [0]= 356 [1]= 322 [2]= 303 [3]=   0 [4]=   0 [5]=   0 [6]=   0 [7]=   0 [8]=   0 [9]=   0 [10]=   0 [11]=   0 
before (DPU 122) [0]= 352 [1]= 323 [2]= 333 [3]=   0 [4]=   0 [5]=   0 [6]=   0 [7]=   0 [8]=   0 [9]=   0 [10]=   0 [11]=   0 
after  (DPU 122) [0]= 352 [1]= 323 [2]= 333 [3]=   0 [4]=   0 [5]=   0 [6]=   0 [7]=   0 [8]=   0 [9]=   0 [10]=   0 [11]=   0 
before (DPU 123) [0]= 327 [1]= 316 [2]= 344 [3]=   0 [4]=   0 [5]=   0 [6]=   0 [7]=   0 [8]=   0 [9]=   0 [10]=   0 [11]=   0 
after  (DPU 123) [0]= 327 [1]= 316 [2]= 344 [3]=   0 [4]=   0 [5]=   0 [6]=   0 [7]=   0 [8]=   0 [9]=   0 [10]=   0 [11]=   0 
before (DPU 124) [0]= 318 [1]= 367 [2]= 279 [3]=   0 [4]=   0 [5]=   0 [6]=   0 [7]=   0 [8]=   0 [9]=   0 [10]=   0 [11]=   0 
after  (DPU 124) [0]= 318 [1]= 367 [2]= 279 [3]=   0 [4]=   0 [5]=   0 [6]=   0 [7]=   0 [8]=   0 [9]=   0 [10]=   0 [11]=   0 
before (DPU 125) [0]= 325 [1]= 321 [2]= 342 [3]=   0 [4]=   0 [5]=   0 [6]=   0 [7]=   0 [8]=   0 [9]=   0 [10]=   0 [11]=   0 
after  (DPU 125) [0]= 325 [1]= 321 [2]= 342 [3]=   0 [4]=   0 [5]=   0 [6]=   0 [7]=   0 [8]=   0 [9]=   0 [10]=   0 [11]=   0 
before (DPU 126) [0]= 336 [1]= 313 [2]= 278 [3]=   0 [4]=   0 [5]=   0 [6]=   0 [7]=   0 [8]=   0 [9]=   0 [10]=   0 [11]=   0 
after  (DPU 126) [0]= 336 [1]= 313 [2]= 278 [3]=   0 [4]=   0 [5]=   0 [6]=   0 [7]=   0 [8]=   0 [9]=   0 [10]=   0 [11]=   0 
before (DPU 127) [0]= 316 [1]= 348 [2]= 303 [3]=   0 [4]=   0 [5]=   0 [6]=   0 [7]=   0 [8]=   0 [9]=   0 [10]=   0 [11]=   0 
after  (DPU 127) [0]= 316 [1]= 348 [2]= 303 [3]=   0 [4]=   0 [5]=   0 [6]=   0 [7]=   0 [8]=   0 [9]=   0 [10]=   0 [11]=   0 
before (DPU 128) [0]= 326 [1]= 312 [2]= 307 [3]=   0 [4]=   0 [5]=   0 [6]=   0 [7]=   0 [8]=   0 [9]=   0 [10]=   0 [11]=   0 
after  (DPU 128) [0]= 326 [1]= 312 [2]= 307 [3]=   0 [4]=   0 [5]=   0 [6]=   0 [7]=   0 [8]=   0 [9]=   0 [10]=   0 [11]=   0 
before (DPU 129) [0]= 351 [1]= 353 [2]= 313 [3]=   0 [4]=   0 [5]=   0 [6]=   0 [7]=   0 [8]=   0 [9]=   0 [10]=   0 [11]=   0 
after  (DPU 129) [0]= 351 [1]= 353 [2]= 313 [3]=   0 [4]=   0 [5]=   0 [6]=   0 [7]=   0 [8]=   0 [9]=   0 [10]=   0 [11]=   0 
before (DPU 130) [0]= 315 [1]= 305 [2]= 304 [3]=   0 [4]=   0 [5]=   0 [6]=   0 [7]=   0 [8]=   0 [9]=   0 [10]=   0 [11]=   0 
after  (DPU 130) [0]= 315 [1]= 305 [2]= 304 [3]=   0 [4]=   0 [5]=   0 [6]=   0 [7]=   0 [8]=   0 [9]=   0 [10]=   0 [11]=   0 
before (DPU 131) [0]= 346 [1]= 323 [2]= 302 [3]=   0 [4]=   0 [5]=   0 [6]=   0 [7]=   0 [8]=   0 [9]=   0 [10]=   0 [11]=   0 
after  (DPU 131) [0]= 346 [1]= 323 [2]= 302 [3]=   0 [4]=   0 [5]=   0 [6]=   0 [7]=   0 [8]=   0 [9]=   0 [10]=   0 [11]=   0 
before (DPU 132) [0]= 328 [1]= 289 [2]= 329 [3]=   0 [4]=   0 [5]=   0 [6]=   0 [7]=   0 [8]=   0 [9]=   0 [10]=   0 [11]=   0 
after  (DPU 132) [0]= 328 [1]= 289 [2]= 329 [3]=   0 [4]=   0 [5]=   0 [6]=   0 [7]=   0 [8]=   0 [9]=   0 [10]=   0 [11]=   0 
before (DPU 133) [0]= 313 [1]= 305 [2]= 303 [3]=   0 [4]=   0 [5]=   0 [6]=   0 [7]=   0 [8]=   0 [9]=   0 [10]=   0 [11]=   0 
after  (DPU 133) [0]= 313 [1]= 305 [2]= 303 [3]=   0 [4]=   0 [5]=   0 [6]=   0 [7]=   0 [8]=   0 [9]=   0 [10]=   0 [11]=   0 
before (DPU 134) [0]= 314 [1]= 317 [2]= 310 [3]=   0 [4]=   0 [5]=   0 [6]=   0 [7]=   0 [8]=   0 [9]=   0 [10]=   0 [11]=   0 
after  (DPU 134) [0]= 314 [1]= 317 [2]= 310 [3]=   0 [4]=   0 [5]=   0 [6]=   0 [7]=   0 [8]=   0 [9]=   0 [10]=   0 [11]=   0 
before (DPU 135) [0]= 284 [1]= 307 [2]= 267 [3]=   0 [4]=   0 [5]=   0 [6]=   0 [7]=   0 [8]=   0 [9]=   0 [10]=   0 [11]=   0 
after  (DPU 135) [0]= 284 [1]= 307 [2]= 267 [3]=   0 [4]=   0 [5]=   0 [6]=   0 [7]=   0 [8]=   0 [9]=   0 [10]=   0 [11]=   0 
before (DPU 136) [0]= 302 [1]= 298 [2]= 286 [3]=   0 [4]=   0 [5]=   0 [6]=   0 [7]=   0 [8]=   0 [9]=   0 [10]=   0 [11]=   0 
after  (DPU 136) [0]= 302 [1]= 298 [2]= 286 [3]=   0 [4]=   0 [5]=   0 [6]=   0 [7]=   0 [8]=   0 [9]=   0 [10]=   0 [11]=   0 
before (DPU 137) [0]= 290 [1]= 281 [2]= 285 [3]=   0 [4]=   0 [5]=   0 [6]=   0 [7]=   0 [8]=   0 [9]=   0 [10]=   0 [11]=   0 
after  (DPU 137) [0]= 290 [1]= 281 [2]= 285 [3]=   0 [4]=   0 [5]=   0 [6]=   0 [7]=   0 [8]=   0 [9]=   0 [10]=   0 [11]=   0 
before (DPU 138) [0]= 328 [1]= 287 [2]= 310 [3]=   0 [4]=   0 [5]=   0 [6]=   0 [7]=   0 [8]=   0 [9]=   0 [10]=   0 [11]=   0 
after  (DPU 138) [0]= 328 [1]= 287 [2]= 310 [3]=   0 [4]=   0 [5]=   0 [6]=   0 [7]=   0 [8]=   0 [9]=   0 [10]=   0 [11]=   0 
before (DPU 139) [0]= 275 [1]= 271 [2]= 293 [3]=   0 [4]=   0 [5]=   0 [6]=   0 [7]=   0 [8]=   0 [9]=   0 [10]=   0 [11]=   0 
after  (DPU 139) [0]= 275 [1]= 271 [2]= 293 [3]=   0 [4]=   0 [5]=   0 [6]=   0 [7]=   0 [8]=   0 [9]=   0 [10]=   0 [11]=   0 
before (DPU 140) [0]= 285 [1]= 275 [2]= 276 [3]=   0 [4]=   0 [5]=   0 [6]=   0 [7]=   0 [8]=   0 [9]=   0 [10]=   0 [11]=   0 
after  (DPU 140) [0]= 285 [1]= 275 [2]= 276 [3]=   0 [4]=   0 [5]=   0 [6]=   0 [7]=   0 [8]=   0 [9]=   0 [10]=   0 [11]=   0 
before (DPU 141) [0]= 263 [1]= 293 [2]= 288 [3]=   0 [4]=   0 [5]=   0 [6]=   0 [7]=   0 [8]=   0 [9]=   0 [10]=   0 [11]=   0 
after  (DPU 141) [0]= 263 [1]= 293 [2]= 288 [3]=   0 [4]=   0 [5]=   0 [6]=   0 [7]=   0 [8]=   0 [9]=   0 [10]=   0 [11]=   0 
before (DPU 142) [0]= 295 [1]= 292 [2]= 274 [3]=   0 [4]=   0 [5]=   0 [6]=   0 [7]=   0 [8]=   0 [9]=   0 [10]=   0 [11]=   0 
after  (DPU 142) [0]= 295 [1]= 292 [2]= 274 [3]=   0 [4]=   0 [5]=   0 [6]=   0 [7]=   0 [8]=   0 [9]=   0 [10]=   0 [11]=   0 
before (DPU 143) [0]= 258 [1]= 259 [2]= 244 [3]=   0 [4]=   0 [5]=   0 [6]=   0 [7]=   0 [8]=   0 [9]=   0 [10]=   0 [11]=   0 
after  (DPU 143) [0]= 258 [1]= 259 [2]= 244 [3]=   0 [4]=   0 [5]=   0 [6]=   0 [7]=   0 [8]=   0 [9]=   0 [10]=   0 [11]=   0 
before (DPU 144) [0]= 279 [1]= 300 [2]= 253 [3]=   0 [4]=   0 [5]=   0 [6]=   0 [7]=   0 [8]=   0 [9]=   0 [10]=   0 [11]=   0 
after  (DPU 144) [0]= 279 [1]= 300 [2]= 253 [3]=   0 [4]=   0 [5]=   0 [6]=   0 [7]=   0 [8]=   0 [9]=   0 [10]=   0 [11]=   0 
before (DPU 145) [0]= 283 [1]= 259 [2]= 245 [3]=   0 [4]=   0 [5]=   0 [6]=   0 [7]=   0 [8]=   0 [9]=   0 [10]=   0 [11]=   0 
after  (DPU 145) [0]= 283 [1]= 259 [2]= 245 [3]=   0 [4]=   0 [5]=   0 [6]=   0 [7]=   0 [8]=   0 [9]=   0 [10]=   0 [11]=   0 
before (DPU 146) [0]= 285 [1]= 302 [2]= 299 [3]=   0 [4]=   0 [5]=   0 [6]=   0 [7]=   0 [8]=   0 [9]=   0 [10]=   0 [11]=   0 
after  (DPU 146) [0]= 285 [1]= 302 [2]= 299 [3]=   0 [4]=   0 [5]=   0 [6]=   0 [7]=   0 [8]=   0 [9]=   0 [10]=   0 [11]=   0 
before (DPU 147) [0]= 284 [1]= 254 [2]= 275 [3]=   0 [4]=   0 [5]=   0 [6]=   0 [7]=   0 [8]=   0 [9]=   0 [10]=   0 [11]=   0 
after  (DPU 147) [0]= 284 [1]= 254 [2]= 275 [3]=   0 [4]=   0 [5]=   0 [6]=   0 [7]=   0 [8]=   0 [9]=   0 [10]=   0 [11]=   0 
before (DPU 148) [0]= 279 [1]= 273 [2]= 276 [3]=   0 [4]=   0 [5]=   0 [6]=   0 [7]=   0 [8]=   0 [9]=   0 [10]=   0 [11]=   0 
after  (DPU 148) [0]= 279 [1]= 273 [2]= 276 [3]=   0 [4]=   0 [5]=   0 [6]=   0 [7]=   0 [8]=   0 [9]=   0 [10]=   0 [11]=   0 
before (DPU 149) [0]= 266 [1]= 283 [2]= 274 [3]=   0 [4]=   0 [5]=   0 [6]=   0 [7]=   0 [8]=   0 [9]=   0 [10]=   0 [11]=   0 
after  (DPU 149) [0]= 266 [1]= 283 [2]= 274 [3]=   0 [4]=   0 [5]=   0 [6]=   0 [7]=   0 [8]=   0 [9]=   0 [10]=   0 [11]=   0 
before (DPU 150) [0]= 268 [1]= 263 [2]= 258 [3]=   0 [4]=   0 [5]=   0 [6]=   0 [7]=   0 [8]=   0 [9]=   0 [10]=   0 [11]=   0 
after  (DPU 150) [0]= 268 [1]= 263 [2]= 258 [3]=   0 [4]=   0 [5]=   0 [6]=   0 [7]=   0 [8]=   0 [9]=   0 [10]=   0 [11]=   0 
before (DPU 151) [0]= 282 [1]= 270 [2]= 254 [3]=   0 [4]=   0 [5]=   0 [6]=   0 [7]=   0 [8]=   0 [9]=   0 [10]=   0 [11]=   0 
after  (DPU 151) [0]= 282 [1]= 270 [2]= 254 [3]=   0 [4]=   0 [5]=   0 [6]=   0 [7]=   0 [8]=   0 [9]=   0 [10]=   0 [11]=   0 
before (DPU 152) [0]= 238 [1]= 261 [2]= 252 [3]=   0 [4]=   0 [5]=   0 [6]=   0 [7]=   0 [8]=   0 [9]=   0 [10]=   0 [11]=   0 
after  (DPU 152) [0]= 238 [1]= 261 [2]= 252 [3]=   0 [4]=   0 [5]=   0 [6]=   0 [7]=   0 [8]=   0 [9]=   0 [10]=   0 [11]=   0 
before (DPU 153) [0]= 297 [1]= 248 [2]= 242 [3]=   0 [4]=   0 [5]=   0 [6]=   0 [7]=   0 [8]=   0 [9]=   0 [10]=   0 [11]=   0 
after  (DPU 153) [0]= 297 [1]= 248 [2]= 242 [3]=   0 [4]=   0 [5]=   0 [6]=   0 [7]=   0 [8]=   0 [9]=   0 [10]=   0 [11]=   0 
before (DPU 154) [0]= 239 [1]= 255 [2]= 245 [3]=   0 [4]=   0 [5]=   0 [6]=   0 [7]=   0 [8]=   0 [9]=   0 [10]=   0 [11]=   0 
after  (DPU 154) [0]= 239 [1]= 255 [2]= 245 [3]=   0 [4]=   0 [5]=   0 [6]=   0 [7]=   0 [8]=   0 [9]=   0 [10]=   0 [11]=   0 
before (DPU 155) [0]= 276 [1]= 241 [2]= 258 [3]=   0 [4]=   0 [5]=   0 [6]=   0 [7]=   0 [8]=   0 [9]=   0 [10]=   0 [11]=   0 
after  (DPU 155) [0]= 276 [1]= 241 [2]= 258 [3]=   0 [4]=   0 [5]=   0 [6]=   0 [7]=   0 [8]=   0 [9]=   0 [10]=   0 [11]=   0 
before (DPU 156) [0]= 269 [1]= 289 [2]= 243 [3]=   0 [4]=   0 [5]=   0 [6]=   0 [7]=   0 [8]=   0 [9]=   0 [10]=   0 [11]=   0 
after  (DPU 156) [0]= 269 [1]= 289 [2]= 243 [3]=   0 [4]=   0 [5]=   0 [6]=   0 [7]=   0 [8]=   0 [9]=   0 [10]=   0 [11]=   0 
before (DPU 157) [0]= 263 [1]= 251 [2]= 256 [3]=   0 [4]=   0 [5]=   0 [6]=   0 [7]=   0 [8]=   0 [9]=   0 [10]=   0 [11]=   0 
after  (DPU 157) [0]= 263 [1]= 251 [2]= 256 [3]=   0 [4]=   0 [5]=   0 [6]=   0 [7]=   0 [8]=   0 [9]=   0 [10]=   0 [11]=   0 
before (DPU 158) [0]= 274 [1]= 268 [2]= 227 [3]=   0 [4]=   0 [5]=   0 [6]=   0 [7]=   0 [8]=   0 [9]=   0 [10]=   0 [11]=   0 
after  (DPU 158) [0]= 274 [1]= 268 [2]= 227 [3]=   0 [4]=   0 [5]=   0 [6]=   0 [7]=   0 [8]=   0 [9]=   0 [10]=   0 [11]=   0 
before (DPU 159) [0]= 217 [1]= 259 [2]= 264 [3]=   0 [4]=   0 [5]=   0 [6]=   0 [7]=   0 [8]=   0 [9]=   0 [10]=   0 [11]=   0 
after  (DPU 159) [0]= 217 [1]= 259 [2]= 264 [3]=   0 [4]=   0 [5]=   0 [6]=   0 [7]=   0 [8]=   0 [9]=   0 [10]=   0 [11]=   0 
before (DPU 160) [0]= 241 [1]= 236 [2]= 271 [3]=   0 [4]=   0 [5]=   0 [6]=   0 [7]=   0 [8]=   0 [9]=   0 [10]=   0 [11]=   0 
after  (DPU 160) [0]= 241 [1]= 236 [2]= 271 [3]=   0 [4]=   0 [5]=   0 [6]=   0 [7]=   0 [8]=   0 [9]=   0 [10]=   0 [11]=   0 
before (DPU 161) [0]= 247 [1]= 284 [2]= 285 [3]=   0 [4]=   0 [5]=   0 [6]=   0 [7]=   0 [8]=   0 [9]=   0 [10]=   0 [11]=   0 
after  (DPU 161) [0]= 247 [1]= 284 [2]= 285 [3]=   0 [4]=   0 [5]=   0 [6]=   0 [7]=   0 [8]=   0 [9]=   0 [10]=   0 [11]=   0 
before (DPU 162) [0]= 251 [1]= 250 [2]= 220 [3]=   0 [4]=   0 [5]=   0 [6]=   0 [7]=   0 [8]=   0 [9]=   0 [10]=   0 [11]=   0 
after  (DPU 162) [0]= 251 [1]= 250 [2]= 220 [3]=   0 [4]=   0 [5]=   0 [6]=   0 [7]=   0 [8]=   0 [9]=   0 [10]=   0 [11]=   0 
before (DPU 163) [0]= 257 [1]= 224 [2]= 231 [3]=   0 [4]=   0 [5]=   0 [6]=   0 [7]=   0 [8]=   0 [9]=   0 [10]=   0 [11]=   0 
after  (DPU 163) [0]= 257 [1]= 224 [2]= 231 [3]=   0 [4]=   0 [5]=   0 [6]=   0 [7]=   0 [8]=   0 [9]=   0 [10]=   0 [11]=   0 
before (DPU 164) [0]= 282 [1]= 240 [2]= 244 [3]=   0 [4]=   0 [5]=   0 [6]=   0 [7]=   0 [8]=   0 [9]=   0 [10]=   0 [11]=   0 
after  (DPU 164) [0]= 282 [1]= 240 [2]= 244 [3]=   0 [4]=   0 [5]=   0 [6]=   0 [7]=   0 [8]=   0 [9]=   0 [10]=   0 [11]=   0 
before (DPU 165) [0]= 256 [1]= 269 [2]= 245 [3]=   0 [4]=   0 [5]=   0 [6]=   0 [7]=   0 [8]=   0 [9]=   0 [10]=   0 [11]=   0 
after  (DPU 165) [0]= 256 [1]= 269 [2]= 245 [3]=   0 [4]=   0 [5]=   0 [6]=   0 [7]=   0 [8]=   0 [9]=   0 [10]=   0 [11]=   0 
before (DPU 166) [0]= 271 [1]= 258 [2]= 237 [3]=   0 [4]=   0 [5]=   0 [6]=   0 [7]=   0 [8]=   0 [9]=   0 [10]=   0 [11]=   0 
after  (DPU 166) [0]= 271 [1]= 258 [2]= 237 [3]=   0 [4]=   0 [5]=   0 [6]=   0 [7]=   0 [8]=   0 [9]=   0 [10]=   0 [11]=   0 
before (DPU 167) [0]= 216 [1]= 239 [2]= 227 [3]=   0 [4]=   0 [5]=   0 [6]=   0 [7]=   0 [8]=   0 [9]=   0 [10]=   0 [11]=   0 
after  (DPU 167) [0]= 216 [1]= 239 [2]= 227 [3]=   0 [4]=   0 [5]=   0 [6]=   0 [7]=   0 [8]=   0 [9]=   0 [10]=   0 [11]=   0 
before (DPU 168) [0]= 231 [1]= 251 [2]= 237 [3]=   0 [4]=   0 [5]=   0 [6]=   0 [7]=   0 [8]=   0 [9]=   0 [10]=   0 [11]=   0 
after  (DPU 168) [0]= 231 [1]= 251 [2]= 237 [3]=   0 [4]=   0 [5]=   0 [6]=   0 [7]=   0 [8]=   0 [9]=   0 [10]=   0 [11]=   0 
before (DPU 169) [0]= 250 [1]= 265 [2]= 233 [3]=   0 [4]=   0 [5]=   0 [6]=   0 [7]=   0 [8]=   0 [9]=   0 [10]=   0 [11]=   0 
after  (DPU 169) [0]= 250 [1]= 265 [2]= 233 [3]=   0 [4]=   0 [5]=   0 [6]=   0 [7]=   0 [8]=   0 [9]=   0 [10]=   0 [11]=   0 
before (DPU 170) [0]= 230 [1]= 217 [2]= 213 [3]=   0 [4]=   0 [5]=   0 [6]=   0 [7]=   0 [8]=   0 [9]=   0 [10]=   0 [11]=   0 
after  (DPU 170) [0]= 230 [1]= 217 [2]= 213 [3]=   0 [4]=   0 [5]=   0 [6]=   0 [7]=   0 [8]=   0 [9]=   0 [10]=   0 [11]=   0 
before (DPU 171) [0]= 272 [1]= 241 [2]= 240 [3]=   0 [4]=   0 [5]=   0 [6]=   0 [7]=   0 [8]=   0 [9]=   0 [10]=   0 [11]=   0 
after  (DPU 171) [0]= 272 [1]= 241 [2]= 240 [3]=   0 [4]=   0 [5]=   0 [6]=   0 [7]=   0 [8]=   0 [9]=   0 [10]=   0 [11]=   0 
before (DPU 172) [0]= 244 [1]= 256 [2]= 240 [3]=   0 [4]=   0 [5]=   0 [6]=   0 [7]=   0 [8]=   0 [9]=   0 [10]=   0 [11]=   0 
after  (DPU 172) [0]= 244 [1]= 256 [2]= 240 [3]=   0 [4]=   0 [5]=   0 [6]=   0 [7]=   0 [8]=   0 [9]=   0 [10]=   0 [11]=   0 
before (DPU 173) [0]= 217 [1]= 225 [2]= 237 [3]=   0 [4]=   0 [5]=   0 [6]=   0 [7]=   0 [8]=   0 [9]=   0 [10]=   0 [11]=   0 
after  (DPU 173) [0]= 217 [1]= 225 [2]= 237 [3]=   0 [4]=   0 [5]=   0 [6]=   0 [7]=   0 [8]=   0 [9]=   0 [10]=   0 [11]=   0 
before (DPU 174) [0]= 235 [1]= 242 [2]= 206 [3]=   0 [4]=   0 [5]=   0 [6]=   0 [7]=   0 [8]=   0 [9]=   0 [10]=   0 [11]=   0 
after  (DPU 174) [0]= 235 [1]= 242 [2]= 206 [3]=   0 [4]=   0 [5]=   0 [6]=   0 [7]=   0 [8]=   0 [9]=   0 [10]=   0 [11]=   0 
before (DPU 175) [0]= 245 [1]= 254 [2]= 224 [3]=   0 [4]=   0 [5]=   0 [6]=   0 [7]=   0 [8]=   0 [9]=   0 [10]=   0 [11]=   0 
after  (DPU 175) [0]= 245 [1]= 254 [2]= 224 [3]=   0 [4]=   0 [5]=   0 [6]=   0 [7]=   0 [8]=   0 [9]=   0 [10]=   0 [11]=   0 
before (DPU 176) [0]= 226 [1]= 218 [2]= 215 [3]=   0 [4]=   0 [5]=   0 [6]=   0 [7]=   0 [8]=   0 [9]=   0 [10]=   0 [11]=   0 
after  (DPU 176) [0]= 226 [1]= 218 [2]= 215 [3]=   0 [4]=   0 [5]=   0 [6]=   0 [7]=   0 [8]=   0 [9]=   0 [10]=   0 [11]=   0 
before (DPU 177) [0]= 217 [1]= 217 [2]= 250 [3]=   0 [4]=   0 [5]=   0 [6]=   0 [7]=   0 [8]=   0 [9]=   0 [10]=   0 [11]=   0 
after  (DPU 177) [0]= 217 [1]= 217 [2]= 250 [3]=   0 [4]=   0 [5]=   0 [6]=   0 [7]=   0 [8]=   0 [9]=   0 [10]=   0 [11]=   0 
before (DPU 178) [0]= 250 [1]= 245 [2]= 208 [3]=   0 [4]=   0 [5]=   0 [6]=   0 [7]=   0 [8]=   0 [9]=   0 [10]=   0 [11]=   0 
after  (DPU 178) [0]= 250 [1]= 245 [2]= 208 [3]=   0 [4]=   0 [5]=   0 [6]=   0 [7]=   0 [8]=   0 [9]=   0 [10]=   0 [11]=   0 
before (DPU 179) [0]= 221 [1]= 214 [2]= 212 [3]=   0 [4]=   0 [5]=   0 [6]=   0 [7]=   0 [8]=   0 [9]=   0 [10]=   0 [11]=   0 
after  (DPU 179) [0]= 221 [1]= 214 [2]= 212 [3]=   0 [4]=   0 [5]=   0 [6]=   0 [7]=   0 [8]=   0 [9]=   0 [10]=   0 [11]=   0 
before (DPU 180) [0]= 241 [1]= 228 [2]= 242 [3]=   0 [4]=   0 [5]=   0 [6]=   0 [7]=   0 [8]=   0 [9]=   0 [10]=   0 [11]=   0 
after  (DPU 180) [0]= 241 [1]= 228 [2]= 242 [3]=   0 [4]=   0 [5]=   0 [6]=   0 [7]=   0 [8]=   0 [9]=   0 [10]=   0 [11]=   0 
before (DPU 181) [0]= 246 [1]= 222 [2]= 221 [3]=   0 [4]=   0 [5]=   0 [6]=   0 [7]=   0 [8]=   0 [9]=   0 [10]=   0 [11]=   0 
after  (DPU 181) [0]= 246 [1]= 222 [2]= 221 [3]=   0 [4]=   0 [5]=   0 [6]=   0 [7]=   0 [8]=   0 [9]=   0 [10]=   0 [11]=   0 
before (DPU 182) [0]= 217 [1]= 221 [2]= 239 [3]=   0 [4]=   0 [5]=   0 [6]=   0 [7]=   0 [8]=   0 [9]=   0 [10]=   0 [11]=   0 
after  (DPU 182) [0]= 217 [1]= 221 [2]= 239 [3]=   0 [4]=   0 [5]=   0 [6]=   0 [7]=   0 [8]=   0 [9]=   0 [10]=   0 [11]=   0 
before (DPU 183) [0]= 214 [1]= 198 [2]= 223 [3]=   0 [4]=   0 [5]=   0 [6]=   0 [7]=   0 [8]=   0 [9]=   0 [10]=   0 [11]=   0 
after  (DPU 183) [0]= 214 [1]= 198 [2]= 223 [3]=   0 [4]=   0 [5]=   0 [6]=   0 [7]=   0 [8]=   0 [9]=   0 [10]=   0 [11]=   0 
before (DPU 184) [0]= 222 [1]= 215 [2]= 197 [3]=   0 [4]=   0 [5]=   0 [6]=   0 [7]=   0 [8]=   0 [9]=   0 [10]=   0 [11]=   0 
after  (DPU 184) [0]= 222 [1]= 215 [2]= 197 [3]=   0 [4]=   0 [5]=   0 [6]=   0 [7]=   0 [8]=   0 [9]=   0 [10]=   0 [11]=   0 
before (DPU 185) [0]= 243 [1]= 227 [2]= 224 [3]=   0 [4]=   0 [5]=   0 [6]=   0 [7]=   0 [8]=   0 [9]=   0 [10]=   0 [11]=   0 
after  (DPU 185) [0]= 243 [1]= 227 [2]= 224 [3]=   0 [4]=   0 [5]=   0 [6]=   0 [7]=   0 [8]=   0 [9]=   0 [10]=   0 [11]=   0 
before (DPU 186) [0]= 202 [1]= 226 [2]= 209 [3]=   0 [4]=   0 [5]=   0 [6]=   0 [7]=   0 [8]=   0 [9]=   0 [10]=   0 [11]=   0 
after  (DPU 186) [0]= 202 [1]= 226 [2]= 209 [3]=   0 [4]=   0 [5]=   0 [6]=   0 [7]=   0 [8]=   0 [9]=   0 [10]=   0 [11]=   0 
before (DPU 187) [0]= 209 [1]= 202 [2]= 216 [3]=   0 [4]=   0 [5]=   0 [6]=   0 [7]=   0 [8]=   0 [9]=   0 [10]=   0 [11]=   0 
after  (DPU 187) [0]= 209 [1]= 202 [2]= 216 [3]=   0 [4]=   0 [5]=   0 [6]=   0 [7]=   0 [8]=   0 [9]=   0 [10]=   0 [11]=   0 
before (DPU 188) [0]= 199 [1]= 186 [2]= 213 [3]=   0 [4]=   0 [5]=   0 [6]=   0 [7]=   0 [8]=   0 [9]=   0 [10]=   0 [11]=   0 
after  (DPU 188) [0]= 199 [1]= 186 [2]= 213 [3]=   0 [4]=   0 [5]=   0 [6]=   0 [7]=   0 [8]=   0 [9]=   0 [10]=   0 [11]=   0 
before (DPU 189) [0]= 236 [1]= 222 [2]= 215 [3]=   0 [4]=   0 [5]=   0 [6]=   0 [7]=   0 [8]=   0 [9]=   0 [10]=   0 [11]=   0 
after  (DPU 189) [0]= 236 [1]= 222 [2]= 215 [3]=   0 [4]=   0 [5]=   0 [6]=   0 [7]=   0 [8]=   0 [9]=   0 [10]=   0 [11]=   0 
before (DPU 190) [0]= 214 [1]= 207 [2]= 202 [3]=   0 [4]=   0 [5]=   0 [6]=   0 [7]=   0 [8]=   0 [9]=   0 [10]=   0 [11]=   0 
after  (DPU 190) [0]= 214 [1]= 207 [2]= 202 [3]=   0 [4]=   0 [5]=   0 [6]=   0 [7]=   0 [8]=   0 [9]=   0 [10]=   0 [11]=   0 
before (DPU 191) [0]= 211 [1]= 216 [2]= 228 [3]=   0 [4]=   0 [5]=   0 [6]=   0 [7]=   0 [8]=   0 [9]=   0 [10]=   0 [11]=   0 
after  (DPU 191) [0]= 211 [1]= 216 [2]= 228 [3]=   0 [4]=   0 [5]=   0 [6]=   0 [7]=   0 [8]=   0 [9]=   0 [10]=   0 [11]=   0 
before (DPU 192) [0]= 200 [1]= 211 [2]= 206 [3]=   0 [4]=   0 [5]=   0 [6]=   0 [7]=   0 [8]=   0 [9]=   0 [10]=   0 [11]=   0 
after  (DPU 192) [0]= 200 [1]= 211 [2]= 206 [3]=   0 [4]=   0 [5]=   0 [6]=   0 [7]=   0 [8]=   0 [9]=   0 [10]=   0 [11]=   0 
before (DPU 193) [0]= 210 [1]= 189 [2]= 200 [3]=   0 [4]=   0 [5]=   0 [6]=   0 [7]=   0 [8]=   0 [9]=   0 [10]=   0 [11]=   0 
after  (DPU 193) [0]= 210 [1]= 189 [2]= 200 [3]=   0 [4]=   0 [5]=   0 [6]=   0 [7]=   0 [8]=   0 [9]=   0 [10]=   0 [11]=   0 
before (DPU 194) [0]= 224 [1]= 214 [2]= 222 [3]=   0 [4]=   0 [5]=   0 [6]=   0 [7]=   0 [8]=   0 [9]=   0 [10]=   0 [11]=   0 
after  (DPU 194) [0]= 224 [1]= 214 [2]= 222 [3]=   0 [4]=   0 [5]=   0 [6]=   0 [7]=   0 [8]=   0 [9]=   0 [10]=   0 [11]=   0 
before (DPU 195) [0]= 210 [1]= 187 [2]= 215 [3]=   0 [4]=   0 [5]=   0 [6]=   0 [7]=   0 [8]=   0 [9]=   0 [10]=   0 [11]=   0 
after  (DPU 195) [0]= 210 [1]= 187 [2]= 215 [3]=   0 [4]=   0 [5]=   0 [6]=   0 [7]=   0 [8]=   0 [9]=   0 [10]=   0 [11]=   0 
before (DPU 196) [0]= 220 [1]= 189 [2]= 223 [3]=   0 [4]=   0 [5]=   0 [6]=   0 [7]=   0 [8]=   0 [9]=   0 [10]=   0 [11]=   0 
after  (DPU 196) [0]= 220 [1]= 189 [2]= 223 [3]=   0 [4]=   0 [5]=   0 [6]=   0 [7]=   0 [8]=   0 [9]=   0 [10]=   0 [11]=   0 
before (DPU 197) [0]= 211 [1]= 218 [2]= 178 [3]=   0 [4]=   0 [5]=   0 [6]=   0 [7]=   0 [8]=   0 [9]=   0 [10]=   0 [11]=   0 
after  (DPU 197) [0]= 211 [1]= 218 [2]= 178 [3]=   0 [4]=   0 [5]=   0 [6]=   0 [7]=   0 [8]=   0 [9]=   0 [10]=   0 [11]=   0 
before (DPU 198) [0]= 185 [1]= 190 [2]= 199 [3]=   0 [4]=   0 [5]=   0 [6]=   0 [7]=   0 [8]=   0 [9]=   0 [10]=   0 [11]=   0 
after  (DPU 198) [0]= 185 [1]= 190 [2]= 199 [3]=   0 [4]=   0 [5]=   0 [6]=   0 [7]=   0 [8]=   0 [9]=   0 [10]=   0 [11]=   0 
before (DPU 199) [0]= 189 [1]= 229 [2]= 189 [3]=   0 [4]=   0 [5]=   0 [6]=   0 [7]=   0 [8]=   0 [9]=   0 [10]=   0 [11]=   0 
after  (DPU 199) [0]= 189 [1]= 229 [2]= 189 [3]=   0 [4]=   0 [5]=   0 [6]=   0 [7]=   0 [8]=   0 [9]=   0 [10]=   0 [11]=   0 
before (DPU 200) [0]= 200 [1]= 198 [2]= 204 [3]=   0 [4]=   0 [5]=   0 [6]=   0 [7]=   0 [8]=   0 [9]=   0 [10]=   0 [11]=   0 
after  (DPU 200) [0]= 200 [1]= 198 [2]= 204 [3]=   0 [4]=   0 [5]=   0 [6]=   0 [7]=   0 [8]=   0 [9]=   0 [10]=   0 [11]=   0 
before (DPU 201) [0]= 206 [1]= 207 [2]= 198 [3]=   0 [4]=   0 [5]=   0 [6]=   0 [7]=   0 [8]=   0 [9]=   0 [10]=   0 [11]=   0 
after  (DPU 201) [0]= 206 [1]= 207 [2]= 198 [3]=   0 [4]=   0 [5]=   0 [6]=   0 [7]=   0 [8]=   0 [9]=   0 [10]=   0 [11]=   0 
before (DPU 202) [0]= 194 [1]= 222 [2]= 201 [3]=   0 [4]=   0 [5]=   0 [6]=   0 [7]=   0 [8]=   0 [9]=   0 [10]=   0 [11]=   0 
after  (DPU 202) [0]= 194 [1]= 222 [2]= 201 [3]=   0 [4]=   0 [5]=   0 [6]=   0 [7]=   0 [8]=   0 [9]=   0 [10]=   0 [11]=   0 
before (DPU 203) [0]= 198 [1]= 198 [2]= 207 [3]=   0 [4]=   0 [5]=   0 [6]=   0 [7]=   0 [8]=   0 [9]=   0 [10]=   0 [11]=   0 
after  (DPU 203) [0]= 198 [1]= 198 [2]= 207 [3]=   0 [4]=   0 [5]=   0 [6]=   0 [7]=   0 [8]=   0 [9]=   0 [10]=   0 [11]=   0 
before (DPU 204) [0]= 179 [1]= 186 [2]= 186 [3]=   0 [4]=   0 [5]=   0 [6]=   0 [7]=   0 [8]=   0 [9]=   0 [10]=   0 [11]=   0 
after  (DPU 204) [0]= 179 [1]= 186 [2]= 186 [3]=   0 [4]=   0 [5]=   0 [6]=   0 [7]=   0 [8]=   0 [9]=   0 [10]=   0 [11]=   0 
before (DPU 205) [0]= 189 [1]= 202 [2]= 187 [3]=   0 [4]=   0 [5]=   0 [6]=   0 [7]=   0 [8]=   0 [9]=   0 [10]=   0 [11]=   0 
after  (DPU 205) [0]= 189 [1]= 202 [2]= 187 [3]=   0 [4]=   0 [5]=   0 [6]=   0 [7]=   0 [8]=   0 [9]=   0 [10]=   0 [11]=   0 
before (DPU 206) [0]= 202 [1]= 185 [2]= 184 [3]=   0 [4]=   0 [5]=   0 [6]=   0 [7]=   0 [8]=   0 [9]=   0 [10]=   0 [11]=   0 
after  (DPU 206) [0]= 202 [1]= 185 [2]= 184 [3]=   0 [4]=   0 [5]=   0 [6]=   0 [7]=   0 [8]=   0 [9]=   0 [10]=   0 [11]=   0 
before (DPU 207) [0]= 196 [1]= 207 [2]= 189 [3]=   0 [4]=   0 [5]=   0 [6]=   0 [7]=   0 [8]=   0 [9]=   0 [10]=   0 [11]=   0 
after  (DPU 207) [0]= 196 [1]= 207 [2]= 189 [3]=   0 [4]=   0 [5]=   0 [6]=   0 [7]=   0 [8]=   0 [9]=   0 [10]=   0 [11]=   0 
before (DPU 208) [0]= 188 [1]= 165 [2]= 199 [3]=   0 [4]=   0 [5]=   0 [6]=   0 [7]=   0 [8]=   0 [9]=   0 [10]=   0 [11]=   0 
after  (DPU 208) [0]= 188 [1]= 165 [2]= 199 [3]=   0 [4]=   0 [5]=   0 [6]=   0 [7]=   0 [8]=   0 [9]=   0 [10]=   0 [11]=   0 
before (DPU 209) [0]= 188 [1]= 182 [2]= 182 [3]=   0 [4]=   0 [5]=   0 [6]=   0 [7]=   0 [8]=   0 [9]=   0 [10]=   0 [11]=   0 
after  (DPU 209) [0]= 188 [1]= 182 [2]= 182 [3]=   0 [4]=   0 [5]=   0 [6]=   0 [7]=   0 [8]=   0 [9]=   0 [10]=   0 [11]=   0 
before (DPU 210) [0]= 192 [1]= 206 [2]= 184 [3]=   0 [4]=   0 [5]=   0 [6]=   0 [7]=   0 [8]=   0 [9]=   0 [10]=   0 [11]=   0 
after  (DPU 210) [0]= 192 [1]= 206 [2]= 184 [3]=   0 [4]=   0 [5]=   0 [6]=   0 [7]=   0 [8]=   0 [9]=   0 [10]=   0 [11]=   0 
before (DPU 211) [0]= 185 [1]= 199 [2]= 191 [3]=   0 [4]=   0 [5]=   0 [6]=   0 [7]=   0 [8]=   0 [9]=   0 [10]=   0 [11]=   0 
after  (DPU 211) [0]= 185 [1]= 199 [2]= 191 [3]=   0 [4]=   0 [5]=   0 [6]=   0 [7]=   0 [8]=   0 [9]=   0 [10]=   0 [11]=   0 
before (DPU 212) [0]= 191 [1]= 198 [2]= 198 [3]=   0 [4]=   0 [5]=   0 [6]=   0 [7]=   0 [8]=   0 [9]=   0 [10]=   0 [11]=   0 
after  (DPU 212) [0]= 191 [1]= 198 [2]= 198 [3]=   0 [4]=   0 [5]=   0 [6]=   0 [7]=   0 [8]=   0 [9]=   0 [10]=   0 [11]=   0 
before (DPU 213) [0]= 198 [1]= 200 [2]= 206 [3]=   0 [4]=   0 [5]=   0 [6]=   0 [7]=   0 [8]=   0 [9]=   0 [10]=   0 [11]=   0 
after  (DPU 213) [0]= 198 [1]= 200 [2]= 206 [3]=   0 [4]=   0 [5]=   0 [6]=   0 [7]=   0 [8]=   0 [9]=   0 [10]=   0 [11]=   0 
before (DPU 214) [0]= 199 [1]= 188 [2]= 198 [3]=   0 [4]=   0 [5]=   0 [6]=   0 [7]=   0 [8]=   0 [9]=   0 [10]=   0 [11]=   0 
after  (DPU 214) [0]= 199 [1]= 188 [2]= 198 [3]=   0 [4]=   0 [5]=   0 [6]=   0 [7]=   0 [8]=   0 [9]=   0 [10]=   0 [11]=   0 
before (DPU 215) [0]= 186 [1]= 195 [2]= 198 [3]=   0 [4]=   0 [5]=   0 [6]=   0 [7]=   0 [8]=   0 [9]=   0 [10]=   0 [11]=   0 
after  (DPU 215) [0]= 186 [1]= 195 [2]= 198 [3]=   0 [4]=   0 [5]=   0 [6]=   0 [7]=   0 [8]=   0 [9]=   0 [10]=   0 [11]=   0 
before (DPU 216) [0]= 182 [1]= 213 [2]= 193 [3]=   0 [4]=   0 [5]=   0 [6]=   0 [7]=   0 [8]=   0 [9]=   0 [10]=   0 [11]=   0 
after  (DPU 216) [0]= 182 [1]= 213 [2]= 193 [3]=   0 [4]=   0 [5]=   0 [6]=   0 [7]=   0 [8]=   0 [9]=   0 [10]=   0 [11]=   0 
before (DPU 217) [0]= 184 [1]= 195 [2]= 171 [3]=   0 [4]=   0 [5]=   0 [6]=   0 [7]=   0 [8]=   0 [9]=   0 [10]=   0 [11]=   0 
after  (DPU 217) [0]= 184 [1]= 195 [2]= 171 [3]=   0 [4]=   0 [5]=   0 [6]=   0 [7]=   0 [8]=   0 [9]=   0 [10]=   0 [11]=   0 
before (DPU 218) [0]= 182 [1]= 172 [2]= 175 [3]=   0 [4]=   0 [5]=   0 [6]=   0 [7]=   0 [8]=   0 [9]=   0 [10]=   0 [11]=   0 
after  (DPU 218) [0]= 182 [1]= 172 [2]= 175 [3]=   0 [4]=   0 [5]=   0 [6]=   0 [7]=   0 [8]=   0 [9]=   0 [10]=   0 [11]=   0 
before (DPU 219) [0]= 198 [1]= 194 [2]= 182 [3]=   0 [4]=   0 [5]=   0 [6]=   0 [7]=   0 [8]=   0 [9]=   0 [10]=   0 [11]=   0 
after  (DPU 219) [0]= 198 [1]= 194 [2]= 182 [3]=   0 [4]=   0 [5]=   0 [6]=   0 [7]=   0 [8]=   0 [9]=   0 [10]=   0 [11]=   0 
before (DPU 220) [0]= 175 [1]= 169 [2]= 175 [3]=   0 [4]=   0 [5]=   0 [6]=   0 [7]=   0 [8]=   0 [9]=   0 [10]=   0 [11]=   0 
after  (DPU 220) [0]= 175 [1]= 169 [2]= 175 [3]=   0 [4]=   0 [5]=   0 [6]=   0 [7]=   0 [8]=   0 [9]=   0 [10]=   0 [11]=   0 
before (DPU 221) [0]= 161 [1]= 204 [2]= 188 [3]=   0 [4]=   0 [5]=   0 [6]=   0 [7]=   0 [8]=   0 [9]=   0 [10]=   0 [11]=   0 
after  (DPU 221) [0]= 161 [1]= 204 [2]= 188 [3]=   0 [4]=   0 [5]=   0 [6]=   0 [7]=   0 [8]=   0 [9]=   0 [10]=   0 [11]=   0 
before (DPU 222) [0]= 173 [1]= 181 [2]= 182 [3]=   0 [4]=   0 [5]=   0 [6]=   0 [7]=   0 [8]=   0 [9]=   0 [10]=   0 [11]=   0 
after  (DPU 222) [0]= 173 [1]= 181 [2]= 182 [3]=   0 [4]=   0 [5]=   0 [6]=   0 [7]=   0 [8]=   0 [9]=   0 [10]=   0 [11]=   0 
before (DPU 223) [0]= 164 [1]= 187 [2]= 178 [3]=   0 [4]=   0 [5]=   0 [6]=   0 [7]=   0 [8]=   0 [9]=   0 [10]=   0 [11]=   0 
after  (DPU 223) [0]= 164 [1]= 187 [2]= 178 [3]=   0 [4]=   0 [5]=   0 [6]=   0 [7]=   0 [8]=   0 [9]=   0 [10]=   0 [11]=   0 
before (DPU 224) [0]= 182 [1]= 179 [2]= 192 [3]=   0 [4]=   0 [5]=   0 [6]=   0 [7]=   0 [8]=   0 [9]=   0 [10]=   0 [11]=   0 
after  (DPU 224) [0]= 182 [1]= 179 [2]= 192 [3]=   0 [4]=   0 [5]=   0 [6]=   0 [7]=   0 [8]=   0 [9]=   0 [10]=   0 [11]=   0 
before (DPU 225) [0]= 193 [1]= 206 [2]= 179 [3]=   0 [4]=   0 [5]=   0 [6]=   0 [7]=   0 [8]=   0 [9]=   0 [10]=   0 [11]=   0 
after  (DPU 225) [0]= 193 [1]= 206 [2]= 179 [3]=   0 [4]=   0 [5]=   0 [6]=   0 [7]=   0 [8]=   0 [9]=   0 [10]=   0 [11]=   0 
before (DPU 226) [0]= 194 [1]= 195 [2]= 170 [3]=   0 [4]=   0 [5]=   0 [6]=   0 [7]=   0 [8]=   0 [9]=   0 [10]=   0 [11]=   0 
after  (DPU 226) [0]= 194 [1]= 195 [2]= 170 [3]=   0 [4]=   0 [5]=   0 [6]=   0 [7]=   0 [8]=   0 [9]=   0 [10]=   0 [11]=   0 
before (DPU 227) [0]= 187 [1]= 213 [2]= 185 [3]=   0 [4]=   0 [5]=   0 [6]=   0 [7]=   0 [8]=   0 [9]=   0 [10]=   0 [11]=   0 
after  (DPU 227) [0]= 187 [1]= 213 [2]= 185 [3]=   0 [4]=   0 [5]=   0 [6]=   0 [7]=   0 [8]=   0 [9]=   0 [10]=   0 [11]=   0 
before (DPU 228) [0]= 198 [1]= 191 [2]= 161 [3]=   0 [4]=   0 [5]=   0 [6]=   0 [7]=   0 [8]=   0 [9]=   0 [10]=   0 [11]=   0 
after  (DPU 228) [0]= 198 [1]= 191 [2]= 161 [3]=   0 [4]=   0 [5]=   0 [6]=   0 [7]=   0 [8]=   0 [9]=   0 [10]=   0 [11]=   0 
before (DPU 229) [0]= 186 [1]= 162 [2]= 174 [3]=   0 [4]=   0 [5]=   0 [6]=   0 [7]=   0 [8]=   0 [9]=   0 [10]=   0 [11]=   0 
after  (DPU 229) [0]= 186 [1]= 162 [2]= 174 [3]=   0 [4]=   0 [5]=   0 [6]=   0 [7]=   0 [8]=   0 [9]=   0 [10]=   0 [11]=   0 
before (DPU 230) [0]= 196 [1]= 196 [2]= 162 [3]=   0 [4]=   0 [5]=   0 [6]=   0 [7]=   0 [8]=   0 [9]=   0 [10]=   0 [11]=   0 
after  (DPU 230) [0]= 196 [1]= 196 [2]= 162 [3]=   0 [4]=   0 [5]=   0 [6]=   0 [7]=   0 [8]=   0 [9]=   0 [10]=   0 [11]=   0 
before (DPU 231) [0]= 179 [1]= 158 [2]= 202 [3]=   0 [4]=   0 [5]=   0 [6]=   0 [7]=   0 [8]=   0 [9]=   0 [10]=   0 [11]=   0 
after  (DPU 231) [0]= 179 [1]= 158 [2]= 202 [3]=   0 [4]=   0 [5]=   0 [6]=   0 [7]=   0 [8]=   0 [9]=   0 [10]=   0 [11]=   0 
before (DPU 232) [0]= 164 [1]= 174 [2]= 157 [3]=   0 [4]=   0 [5]=   0 [6]=   0 [7]=   0 [8]=   0 [9]=   0 [10]=   0 [11]=   0 
after  (DPU 232) [0]= 164 [1]= 174 [2]= 157 [3]=   0 [4]=   0 [5]=   0 [6]=   0 [7]=   0 [8]=   0 [9]=   0 [10]=   0 [11]=   0 
before (DPU 233) [0]= 165 [1]= 161 [2]= 161 [3]=   0 [4]=   0 [5]=   0 [6]=   0 [7]=   0 [8]=   0 [9]=   0 [10]=   0 [11]=   0 
after  (DPU 233) [0]= 165 [1]= 161 [2]= 161 [3]=   0 [4]=   0 [5]=   0 [6]=   0 [7]=   0 [8]=   0 [9]=   0 [10]=   0 [11]=   0 
before (DPU 234) [0]= 176 [1]= 181 [2]= 180 [3]=   0 [4]=   0 [5]=   0 [6]=   0 [7]=   0 [8]=   0 [9]=   0 [10]=   0 [11]=   0 
after  (DPU 234) [0]= 176 [1]= 181 [2]= 180 [3]=   0 [4]=   0 [5]=   0 [6]=   0 [7]=   0 [8]=   0 [9]=   0 [10]=   0 [11]=   0 
before (DPU 235) [0]= 164 [1]= 168 [2]= 151 [3]=   0 [4]=   0 [5]=   0 [6]=   0 [7]=   0 [8]=   0 [9]=   0 [10]=   0 [11]=   0 
after  (DPU 235) [0]= 164 [1]= 168 [2]= 151 [3]=   0 [4]=   0 [5]=   0 [6]=   0 [7]=   0 [8]=   0 [9]=   0 [10]=   0 [11]=   0 
before (DPU 236) [0]= 168 [1]= 179 [2]= 170 [3]=   0 [4]=   0 [5]=   0 [6]=   0 [7]=   0 [8]=   0 [9]=   0 [10]=   0 [11]=   0 
after  (DPU 236) [0]= 168 [1]= 179 [2]= 170 [3]=   0 [4]=   0 [5]=   0 [6]=   0 [7]=   0 [8]=   0 [9]=   0 [10]=   0 [11]=   0 
before (DPU 237) [0]= 160 [1]= 151 [2]= 167 [3]=   0 [4]=   0 [5]=   0 [6]=   0 [7]=   0 [8]=   0 [9]=   0 [10]=   0 [11]=   0 
after  (DPU 237) [0]= 160 [1]= 151 [2]= 167 [3]=   0 [4]=   0 [5]=   0 [6]=   0 [7]=   0 [8]=   0 [9]=   0 [10]=   0 [11]=   0 
before (DPU 238) [0]= 164 [1]= 170 [2]= 144 [3]=   0 [4]=   0 [5]=   0 [6]=   0 [7]=   0 [8]=   0 [9]=   0 [10]=   0 [11]=   0 
after  (DPU 238) [0]= 164 [1]= 170 [2]= 144 [3]=   0 [4]=   0 [5]=   0 [6]=   0 [7]=   0 [8]=   0 [9]=   0 [10]=   0 [11]=   0 
before (DPU 239) [0]= 164 [1]= 175 [2]= 187 [3]=   0 [4]=   0 [5]=   0 [6]=   0 [7]=   0 [8]=   0 [9]=   0 [10]=   0 [11]=   0 
after  (DPU 239) [0]= 164 [1]= 175 [2]= 187 [3]=   0 [4]=   0 [5]=   0 [6]=   0 [7]=   0 [8]=   0 [9]=   0 [10]=   0 [11]=   0 
before (DPU 240) [0]= 157 [1]= 178 [2]= 189 [3]=   0 [4]=   0 [5]=   0 [6]=   0 [7]=   0 [8]=   0 [9]=   0 [10]=   0 [11]=   0 
after  (DPU 240) [0]= 157 [1]= 178 [2]= 189 [3]=   0 [4]=   0 [5]=   0 [6]=   0 [7]=   0 [8]=   0 [9]=   0 [10]=   0 [11]=   0 
before (DPU 241) [0]= 177 [1]= 171 [2]= 187 [3]=   0 [4]=   0 [5]=   0 [6]=   0 [7]=   0 [8]=   0 [9]=   0 [10]=   0 [11]=   0 
after  (DPU 241) [0]= 177 [1]= 171 [2]= 187 [3]=   0 [4]=   0 [5]=   0 [6]=   0 [7]=   0 [8]=   0 [9]=   0 [10]=   0 [11]=   0 
before (DPU 242) [0]= 165 [1]= 180 [2]= 154 [3]=   0 [4]=   0 [5]=   0 [6]=   0 [7]=   0 [8]=   0 [9]=   0 [10]=   0 [11]=   0 
after  (DPU 242) [0]= 165 [1]= 180 [2]= 154 [3]=   0 [4]=   0 [5]=   0 [6]=   0 [7]=   0 [8]=   0 [9]=   0 [10]=   0 [11]=   0 
before (DPU 243) [0]= 144 [1]= 149 [2]= 184 [3]=   0 [4]=   0 [5]=   0 [6]=   0 [7]=   0 [8]=   0 [9]=   0 [10]=   0 [11]=   0 
after  (DPU 243) [0]= 144 [1]= 149 [2]= 184 [3]=   0 [4]=   0 [5]=   0 [6]=   0 [7]=   0 [8]=   0 [9]=   0 [10]=   0 [11]=   0 
before (DPU 244) [0]= 177 [1]= 180 [2]= 183 [3]=   0 [4]=   0 [5]=   0 [6]=   0 [7]=   0 [8]=   0 [9]=   0 [10]=   0 [11]=   0 
after  (DPU 244) [0]= 177 [1]= 180 [2]= 183 [3]=   0 [4]=   0 [5]=   0 [6]=   0 [7]=   0 [8]=   0 [9]=   0 [10]=   0 [11]=   0 
before (DPU 245) [0]= 173 [1]= 156 [2]= 170 [3]=   0 [4]=   0 [5]=   0 [6]=   0 [7]=   0 [8]=   0 [9]=   0 [10]=   0 [11]=   0 
after  (DPU 245) [0]= 173 [1]= 156 [2]= 170 [3]=   0 [4]=   0 [5]=   0 [6]=   0 [7]=   0 [8]=   0 [9]=   0 [10]=   0 [11]=   0 
before (DPU 246) [0]= 160 [1]= 146 [2]= 165 [3]=   0 [4]=   0 [5]=   0 [6]=   0 [7]=   0 [8]=   0 [9]=   0 [10]=   0 [11]=   0 
after  (DPU 246) [0]= 160 [1]= 146 [2]= 165 [3]=   0 [4]=   0 [5]=   0 [6]=   0 [7]=   0 [8]=   0 [9]=   0 [10]=   0 [11]=   0 
before (DPU 247) [0]= 160 [1]= 169 [2]= 170 [3]=   0 [4]=   0 [5]=   0 [6]=   0 [7]=   0 [8]=   0 [9]=   0 [10]=   0 [11]=   0 
after  (DPU 247) [0]= 160 [1]= 169 [2]= 170 [3]=   0 [4]=   0 [5]=   0 [6]=   0 [7]=   0 [8]=   0 [9]=   0 [10]=   0 [11]=   0 
before (DPU 248) [0]= 150 [1]= 198 [2]= 159 [3]=   0 [4]=   0 [5]=   0 [6]=   0 [7]=   0 [8]=   0 [9]=   0 [10]=   0 [11]=   0 
after  (DPU 248) [0]= 150 [1]= 198 [2]= 159 [3]=   0 [4]=   0 [5]=   0 [6]=   0 [7]=   0 [8]=   0 [9]=   0 [10]=   0 [11]=   0 
before (DPU 249) [0]= 165 [1]= 166 [2]= 150 [3]=   0 [4]=   0 [5]=   0 [6]=   0 [7]=   0 [8]=   0 [9]=   0 [10]=   0 [11]=   0 
after  (DPU 249) [0]= 165 [1]= 166 [2]= 150 [3]=   0 [4]=   0 [5]=   0 [6]=   0 [7]=   0 [8]=   0 [9]=   0 [10]=   0 [11]=   0 
before (DPU 250) [0]= 157 [1]= 171 [2]= 165 [3]=   0 [4]=   0 [5]=   0 [6]=   0 [7]=   0 [8]=   0 [9]=   0 [10]=   0 [11]=   0 
after  (DPU 250) [0]= 157 [1]= 171 [2]= 165 [3]=   0 [4]=   0 [5]=   0 [6]=   0 [7]=   0 [8]=   0 [9]=   0 [10]=   0 [11]=   0 
before (DPU 251) [0]= 163 [1]= 143 [2]= 176 [3]=   0 [4]=   0 [5]=   0 [6]=   0 [7]=   0 [8]=   0 [9]=   0 [10]=   0 [11]=   0 
after  (DPU 251) [0]= 163 [1]= 143 [2]= 176 [3]=   0 [4]=   0 [5]=   0 [6]=   0 [7]=   0 [8]=   0 [9]=   0 [10]=   0 [11]=   0 
before (DPU 252) [0]= 160 [1]= 170 [2]= 153 [3]=   0 [4]=   0 [5]=   0 [6]=   0 [7]=   0 [8]=   0 [9]=   0 [10]=   0 [11]=   0 
after  (DPU 252) [0]= 160 [1]= 170 [2]= 153 [3]=   0 [4]=   0 [5]=   0 [6]=   0 [7]=   0 [8]=   0 [9]=   0 [10]=   0 [11]=   0 
before (DPU 253) [0]= 147 [1]= 173 [2]= 167 [3]=   0 [4]=   0 [5]=   0 [6]=   0 [7]=   0 [8]=   0 [9]=   0 [10]=   0 [11]=   0 
after  (DPU 253) [0]= 147 [1]= 173 [2]= 167 [3]=   0 [4]=   0 [5]=   0 [6]=   0 [7]=   0 [8]=   0 [9]=   0 [10]=   0 [11]=   0 
before (DPU 254) [0]= 161 [1]= 169 [2]= 154 [3]=   0 [4]=   0 [5]=   0 [6]=   0 [7]=   0 [8]=   0 [9]=   0 [10]=   0 [11]=   0 
after  (DPU 254) [0]= 161 [1]= 169 [2]= 154 [3]=   0 [4]=   0 [5]=   0 [6]=   0 [7]=   0 [8]=   0 [9]=   0 [10]=   0 [11]=   0 
before (DPU 255) [0]= 162 [1]= 164 [2]= 161 [3]=   0 [4]=   0 [5]=   0 [6]=   0 [7]=   0 [8]=   0 [9]=   0 [10]=   0 [11]=   0 
after  (DPU 255) [0]= 162 [1]= 164 [2]= 161 [3]=   0 [4]=   0 [5]=   0 [6]=   0 [7]=   0 [8]=   0 [9]=   0 [10]=   0 [11]=   0 
before (DPU 256) [0]= 155 [1]= 150 [2]= 142 [3]=   0 [4]=   0 [5]=   0 [6]=   0 [7]=   0 [8]=   0 [9]=   0 [10]=   0 [11]=   0 
after  (DPU 256) [0]= 155 [1]= 150 [2]= 142 [3]=   0 [4]=   0 [5]=   0 [6]=   0 [7]=   0 [8]=   0 [9]=   0 [10]=   0 [11]=   0 
before (DPU 257) [0]= 162 [1]= 143 [2]= 164 [3]=   0 [4]=   0 [5]=   0 [6]=   0 [7]=   0 [8]=   0 [9]=   0 [10]=   0 [11]=   0 
after  (DPU 257) [0]= 162 [1]= 143 [2]= 164 [3]=   0 [4]=   0 [5]=   0 [6]=   0 [7]=   0 [8]=   0 [9]=   0 [10]=   0 [11]=   0 
before (DPU 258) [0]= 152 [1]= 168 [2]= 152 [3]=   0 [4]=   0 [5]=   0 [6]=   0 [7]=   0 [8]=   0 [9]=   0 [10]=   0 [11]=   0 
after  (DPU 258) [0]= 152 [1]= 168 [2]= 152 [3]=   0 [4]=   0 [5]=   0 [6]=   0 [7]=   0 [8]=   0 [9]=   0 [10]=   0 [11]=   0 
before (DPU 259) [0]= 171 [1]= 154 [2]= 160 [3]=   0 [4]=   0 [5]=   0 [6]=   0 [7]=   0 [8]=   0 [9]=   0 [10]=   0 [11]=   0 
after  (DPU 259) [0]= 171 [1]= 154 [2]= 160 [3]=   0 [4]=   0 [5]=   0 [6]=   0 [7]=   0 [8]=   0 [9]=   0 [10]=   0 [11]=   0 
before (DPU 260) [0]= 165 [1]= 152 [2]= 142 [3]=   0 [4]=   0 [5]=   0 [6]=   0 [7]=   0 [8]=   0 [9]=   0 [10]=   0 [11]=   0 
after  (DPU 260) [0]= 165 [1]= 152 [2]= 142 [3]=   0 [4]=   0 [5]=   0 [6]=   0 [7]=   0 [8]=   0 [9]=   0 [10]=   0 [11]=   0 
before (DPU 261) [0]= 162 [1]= 170 [2]= 139 [3]=   0 [4]=   0 [5]=   0 [6]=   0 [7]=   0 [8]=   0 [9]=   0 [10]=   0 [11]=   0 
after  (DPU 261) [0]= 162 [1]= 170 [2]= 139 [3]=   0 [4]=   0 [5]=   0 [6]=   0 [7]=   0 [8]=   0 [9]=   0 [10]=   0 [11]=   0 
before (DPU 262) [0]= 143 [1]= 159 [2]= 154 [3]=   0 [4]=   0 [5]=   0 [6]=   0 [7]=   0 [8]=   0 [9]=   0 [10]=   0 [11]=   0 
after  (DPU 262) [0]= 143 [1]= 159 [2]= 154 [3]=   0 [4]=   0 [5]=   0 [6]=   0 [7]=   0 [8]=   0 [9]=   0 [10]=   0 [11]=   0 
before (DPU 263) [0]= 161 [1]= 159 [2]= 196 [3]=   0 [4]=   0 [5]=   0 [6]=   0 [7]=   0 [8]=   0 [9]=   0 [10]=   0 [11]=   0 
after  (DPU 263) [0]= 161 [1]= 159 [2]= 196 [3]=   0 [4]=   0 [5]=   0 [6]=   0 [7]=   0 [8]=   0 [9]=   0 [10]=   0 [11]=   0 
before (DPU 264) [0]= 158 [1]= 154 [2]= 146 [3]=   0 [4]=   0 [5]=   0 [6]=   0 [7]=   0 [8]=   0 [9]=   0 [10]=   0 [11]=   0 
after  (DPU 264) [0]= 158 [1]= 154 [2]= 146 [3]=   0 [4]=   0 [5]=   0 [6]=   0 [7]=   0 [8]=   0 [9]=   0 [10]=   0 [11]=   0 
before (DPU 265) [0]= 147 [1]= 151 [2]= 165 [3]=   0 [4]=   0 [5]=   0 [6]=   0 [7]=   0 [8]=   0 [9]=   0 [10]=   0 [11]=   0 
after  (DPU 265) [0]= 147 [1]= 151 [2]= 165 [3]=   0 [4]=   0 [5]=   0 [6]=   0 [7]=   0 [8]=   0 [9]=   0 [10]=   0 [11]=   0 
before (DPU 266) [0]= 147 [1]= 137 [2]= 142 [3]=   0 [4]=   0 [5]=   0 [6]=   0 [7]=   0 [8]=   0 [9]=   0 [10]=   0 [11]=   0 
after  (DPU 266) [0]= 147 [1]= 137 [2]= 142 [3]=   0 [4]=   0 [5]=   0 [6]=   0 [7]=   0 [8]=   0 [9]=   0 [10]=   0 [11]=   0 
before (DPU 267) [0]= 156 [1]= 159 [2]= 143 [3]=   0 [4]=   0 [5]=   0 [6]=   0 [7]=   0 [8]=   0 [9]=   0 [10]=   0 [11]=   0 
after  (DPU 267) [0]= 156 [1]= 159 [2]= 143 [3]=   0 [4]=   0 [5]=   0 [6]=   0 [7]=   0 [8]=   0 [9]=   0 [10]=   0 [11]=   0 
before (DPU 268) [0]= 155 [1]= 151 [2]= 150 [3]=   0 [4]=   0 [5]=   0 [6]=   0 [7]=   0 [8]=   0 [9]=   0 [10]=   0 [11]=   0 
after  (DPU 268) [0]= 155 [1]= 151 [2]= 150 [3]=   0 [4]=   0 [5]=   0 [6]=   0 [7]=   0 [8]=   0 [9]=   0 [10]=   0 [11]=   0 
before (DPU 269) [0]= 147 [1]= 167 [2]= 172 [3]=   0 [4]=   0 [5]=   0 [6]=   0 [7]=   0 [8]=   0 [9]=   0 [10]=   0 [11]=   0 
after  (DPU 269) [0]= 147 [1]= 167 [2]= 172 [3]=   0 [4]=   0 [5]=   0 [6]=   0 [7]=   0 [8]=   0 [9]=   0 [10]=   0 [11]=   0 
before (DPU 270) [0]= 146 [1]= 160 [2]= 141 [3]=   0 [4]=   0 [5]=   0 [6]=   0 [7]=   0 [8]=   0 [9]=   0 [10]=   0 [11]=   0 
after  (DPU 270) [0]= 146 [1]= 160 [2]= 141 [3]=   0 [4]=   0 [5]=   0 [6]=   0 [7]=   0 [8]=   0 [9]=   0 [10]=   0 [11]=   0 
before (DPU 271) [0]= 142 [1]= 162 [2]= 141 [3]=   0 [4]=   0 [5]=   0 [6]=   0 [7]=   0 [8]=   0 [9]=   0 [10]=   0 [11]=   0 
after  (DPU 271) [0]= 142 [1]= 162 [2]= 141 [3]=   0 [4]=   0 [5]=   0 [6]=   0 [7]=   0 [8]=   0 [9]=   0 [10]=   0 [11]=   0 
before (DPU 272) [0]= 141 [1]= 147 [2]= 155 [3]=   0 [4]=   0 [5]=   0 [6]=   0 [7]=   0 [8]=   0 [9]=   0 [10]=   0 [11]=   0 
after  (DPU 272) [0]= 141 [1]= 147 [2]= 155 [3]=   0 [4]=   0 [5]=   0 [6]=   0 [7]=   0 [8]=   0 [9]=   0 [10]=   0 [11]=   0 
before (DPU 273) [0]= 145 [1]= 128 [2]= 134 [3]=   0 [4]=   0 [5]=   0 [6]=   0 [7]=   0 [8]=   0 [9]=   0 [10]=   0 [11]=   0 
after  (DPU 273) [0]= 145 [1]= 128 [2]= 134 [3]=   0 [4]=   0 [5]=   0 [6]=   0 [7]=   0 [8]=   0 [9]=   0 [10]=   0 [11]=   0 
before (DPU 274) [0]= 133 [1]= 138 [2]= 160 [3]=   0 [4]=   0 [5]=   0 [6]=   0 [7]=   0 [8]=   0 [9]=   0 [10]=   0 [11]=   0 
after  (DPU 274) [0]= 133 [1]= 138 [2]= 160 [3]=   0 [4]=   0 [5]=   0 [6]=   0 [7]=   0 [8]=   0 [9]=   0 [10]=   0 [11]=   0 
before (DPU 275) [0]= 156 [1]= 136 [2]= 155 [3]=   0 [4]=   0 [5]=   0 [6]=   0 [7]=   0 [8]=   0 [9]=   0 [10]=   0 [11]=   0 
after  (DPU 275) [0]= 156 [1]= 136 [2]= 155 [3]=   0 [4]=   0 [5]=   0 [6]=   0 [7]=   0 [8]=   0 [9]=   0 [10]=   0 [11]=   0 
before (DPU 276) [0]= 132 [1]= 127 [2]= 163 [3]=   0 [4]=   0 [5]=   0 [6]=   0 [7]=   0 [8]=   0 [9]=   0 [10]=   0 [11]=   0 
after  (DPU 276) [0]= 132 [1]= 127 [2]= 163 [3]=   0 [4]=   0 [5]=   0 [6]=   0 [7]=   0 [8]=   0 [9]=   0 [10]=   0 [11]=   0 
before (DPU 277) [0]= 168 [1]= 128 [2]= 166 [3]=   0 [4]=   0 [5]=   0 [6]=   0 [7]=   0 [8]=   0 [9]=   0 [10]=   0 [11]=   0 
after  (DPU 277) [0]= 168 [1]= 128 [2]= 166 [3]=   0 [4]=   0 [5]=   0 [6]=   0 [7]=   0 [8]=   0 [9]=   0 [10]=   0 [11]=   0 
before (DPU 278) [0]= 132 [1]= 166 [2]= 142 [3]=   0 [4]=   0 [5]=   0 [6]=   0 [7]=   0 [8]=   0 [9]=   0 [10]=   0 [11]=   0 
after  (DPU 278) [0]= 132 [1]= 166 [2]= 142 [3]=   0 [4]=   0 [5]=   0 [6]=   0 [7]=   0 [8]=   0 [9]=   0 [10]=   0 [11]=   0 
before (DPU 279) [0]= 150 [1]= 156 [2]= 146 [3]=   0 [4]=   0 [5]=   0 [6]=   0 [7]=   0 [8]=   0 [9]=   0 [10]=   0 [11]=   0 
after  (DPU 279) [0]= 150 [1]= 156 [2]= 146 [3]=   0 [4]=   0 [5]=   0 [6]=   0 [7]=   0 [8]=   0 [9]=   0 [10]=   0 [11]=   0 
before (DPU 280) [0]= 141 [1]= 143 [2]= 155 [3]=   0 [4]=   0 [5]=   0 [6]=   0 [7]=   0 [8]=   0 [9]=   0 [10]=   0 [11]=   0 
after  (DPU 280) [0]= 141 [1]= 143 [2]= 155 [3]=   0 [4]=   0 [5]=   0 [6]=   0 [7]=   0 [8]=   0 [9]=   0 [10]=   0 [11]=   0 
before (DPU 281) [0]= 159 [1]= 140 [2]= 150 [3]=   0 [4]=   0 [5]=   0 [6]=   0 [7]=   0 [8]=   0 [9]=   0 [10]=   0 [11]=   0 
after  (DPU 281) [0]= 159 [1]= 140 [2]= 150 [3]=   0 [4]=   0 [5]=   0 [6]=   0 [7]=   0 [8]=   0 [9]=   0 [10]=   0 [11]=   0 
before (DPU 282) [0]= 144 [1]= 162 [2]= 151 [3]=   0 [4]=   0 [5]=   0 [6]=   0 [7]=   0 [8]=   0 [9]=   0 [10]=   0 [11]=   0 
after  (DPU 282) [0]= 144 [1]= 162 [2]= 151 [3]=   0 [4]=   0 [5]=   0 [6]=   0 [7]=   0 [8]=   0 [9]=   0 [10]=   0 [11]=   0 
before (DPU 283) [0]= 134 [1]= 158 [2]= 143 [3]=   0 [4]=   0 [5]=   0 [6]=   0 [7]=   0 [8]=   0 [9]=   0 [10]=   0 [11]=   0 
after  (DPU 283) [0]= 134 [1]= 158 [2]= 143 [3]=   0 [4]=   0 [5]=   0 [6]=   0 [7]=   0 [8]=   0 [9]=   0 [10]=   0 [11]=   0 
before (DPU 284) [0]= 144 [1]= 129 [2]= 133 [3]=   0 [4]=   0 [5]=   0 [6]=   0 [7]=   0 [8]=   0 [9]=   0 [10]=   0 [11]=   0 
after  (DPU 284) [0]= 144 [1]= 129 [2]= 133 [3]=   0 [4]=   0 [5]=   0 [6]=   0 [7]=   0 [8]=   0 [9]=   0 [10]=   0 [11]=   0 
before (DPU 285) [0]= 127 [1]= 133 [2]= 139 [3]=   0 [4]=   0 [5]=   0 [6]=   0 [7]=   0 [8]=   0 [9]=   0 [10]=   0 [11]=   0 
after  (DPU 285) [0]= 127 [1]= 133 [2]= 139 [3]=   0 [4]=   0 [5]=   0 [6]=   0 [7]=   0 [8]=   0 [9]=   0 [10]=   0 [11]=   0 
before (DPU 286) [0]= 124 [1]= 146 [2]= 140 [3]=   0 [4]=   0 [5]=   0 [6]=   0 [7]=   0 [8]=   0 [9]=   0 [10]=   0 [11]=   0 
after  (DPU 286) [0]= 124 [1]= 146 [2]= 140 [3]=   0 [4]=   0 [5]=   0 [6]=   0 [7]=   0 [8]=   0 [9]=   0 [10]=   0 [11]=   0 
before (DPU 287) [0]= 145 [1]= 147 [2]= 163 [3]=   0 [4]=   0 [5]=   0 [6]=   0 [7]=   0 [8]=   0 [9]=   0 [10]=   0 [11]=   0 
after  (DPU 287) [0]= 145 [1]= 147 [2]= 163 [3]=   0 [4]=   0 [5]=   0 [6]=   0 [7]=   0 [8]=   0 [9]=   0 [10]=   0 [11]=   0 
before (DPU 288) [0]= 154 [1]= 143 [2]= 148 [3]=   0 [4]=   0 [5]=   0 [6]=   0 [7]=   0 [8]=   0 [9]=   0 [10]=   0 [11]=   0 
after  (DPU 288) [0]= 154 [1]= 143 [2]= 148 [3]=   0 [4]=   0 [5]=   0 [6]=   0 [7]=   0 [8]=   0 [9]=   0 [10]=   0 [11]=   0 
before (DPU 289) [0]= 146 [1]= 147 [2]= 138 [3]=   0 [4]=   0 [5]=   0 [6]=   0 [7]=   0 [8]=   0 [9]=   0 [10]=   0 [11]=   0 
after  (DPU 289) [0]= 146 [1]= 147 [2]= 138 [3]=   0 [4]=   0 [5]=   0 [6]=   0 [7]=   0 [8]=   0 [9]=   0 [10]=   0 [11]=   0 
before (DPU 290) [0]= 126 [1]= 145 [2]= 119 [3]=   0 [4]=   0 [5]=   0 [6]=   0 [7]=   0 [8]=   0 [9]=   0 [10]=   0 [11]=   0 
after  (DPU 290) [0]= 126 [1]= 145 [2]= 119 [3]=   0 [4]=   0 [5]=   0 [6]=   0 [7]=   0 [8]=   0 [9]=   0 [10]=   0 [11]=   0 
before (DPU 291) [0]= 150 [1]= 135 [2]= 139 [3]=   0 [4]=   0 [5]=   0 [6]=   0 [7]=   0 [8]=   0 [9]=   0 [10]=   0 [11]=   0 
after  (DPU 291) [0]= 150 [1]= 135 [2]= 139 [3]=   0 [4]=   0 [5]=   0 [6]=   0 [7]=   0 [8]=   0 [9]=   0 [10]=   0 [11]=   0 
before (DPU 292) [0]= 146 [1]= 146 [2]= 152 [3]=   0 [4]=   0 [5]=   0 [6]=   0 [7]=   0 [8]=   0 [9]=   0 [10]=   0 [11]=   0 
after  (DPU 292) [0]= 146 [1]= 146 [2]= 152 [3]=   0 [4]=   0 [5]=   0 [6]=   0 [7]=   0 [8]=   0 [9]=   0 [10]=   0 [11]=   0 
before (DPU 293) [0]= 160 [1]= 168 [2]= 136 [3]=   0 [4]=   0 [5]=   0 [6]=   0 [7]=   0 [8]=   0 [9]=   0 [10]=   0 [11]=   0 
after  (DPU 293) [0]= 160 [1]= 168 [2]= 136 [3]=   0 [4]=   0 [5]=   0 [6]=   0 [7]=   0 [8]=   0 [9]=   0 [10]=   0 [11]=   0 
before (DPU 294) [0]= 143 [1]= 143 [2]= 133 [3]=   0 [4]=   0 [5]=   0 [6]=   0 [7]=   0 [8]=   0 [9]=   0 [10]=   0 [11]=   0 
after  (DPU 294) [0]= 143 [1]= 143 [2]= 133 [3]=   0 [4]=   0 [5]=   0 [6]=   0 [7]=   0 [8]=   0 [9]=   0 [10]=   0 [11]=   0 
before (DPU 295) [0]= 131 [1]= 134 [2]= 135 [3]=   0 [4]=   0 [5]=   0 [6]=   0 [7]=   0 [8]=   0 [9]=   0 [10]=   0 [11]=   0 
after  (DPU 295) [0]= 131 [1]= 134 [2]= 135 [3]=   0 [4]=   0 [5]=   0 [6]=   0 [7]=   0 [8]=   0 [9]=   0 [10]=   0 [11]=   0 
before (DPU 296) [0]= 134 [1]= 141 [2]= 137 [3]=   0 [4]=   0 [5]=   0 [6]=   0 [7]=   0 [8]=   0 [9]=   0 [10]=   0 [11]=   0 
after  (DPU 296) [0]= 134 [1]= 141 [2]= 137 [3]=   0 [4]=   0 [5]=   0 [6]=   0 [7]=   0 [8]=   0 [9]=   0 [10]=   0 [11]=   0 
before (DPU 297) [0]= 156 [1]= 121 [2]= 144 [3]=   0 [4]=   0 [5]=   0 [6]=   0 [7]=   0 [8]=   0 [9]=   0 [10]=   0 [11]=   0 
after  (DPU 297) [0]= 156 [1]= 121 [2]= 144 [3]=   0 [4]=   0 [5]=   0 [6]=   0 [7]=   0 [8]=   0 [9]=   0 [10]=   0 [11]=   0 
before (DPU 298) [0]= 143 [1]= 146 [2]= 132 [3]=   0 [4]=   0 [5]=   0 [6]=   0 [7]=   0 [8]=   0 [9]=   0 [10]=   0 [11]=   0 
after  (DPU 298) [0]= 143 [1]= 146 [2]= 132 [3]=   0 [4]=   0 [5]=   0 [6]=   0 [7]=   0 [8]=   0 [9]=   0 [10]=   0 [11]=   0 
before (DPU 299) [0]= 133 [1]= 154 [2]= 119 [3]=   0 [4]=   0 [5]=   0 [6]=   0 [7]=   0 [8]=   0 [9]=   0 [10]=   0 [11]=   0 
after  (DPU 299) [0]= 133 [1]= 154 [2]= 119 [3]=   0 [4]=   0 [5]=   0 [6]=   0 [7]=   0 [8]=   0 [9]=   0 [10]=   0 [11]=   0 
before (DPU 300) [0]= 153 [1]= 108 [2]= 133 [3]=   0 [4]=   0 [5]=   0 [6]=   0 [7]=   0 [8]=   0 [9]=   0 [10]=   0 [11]=   0 
after  (DPU 300) [0]= 153 [1]= 108 [2]= 133 [3]=   0 [4]=   0 [5]=   0 [6]=   0 [7]=   0 [8]=   0 [9]=   0 [10]=   0 [11]=   0 
before (DPU 301) [0]= 129 [1]= 141 [2]= 129 [3]=   0 [4]=   0 [5]=   0 [6]=   0 [7]=   0 [8]=   0 [9]=   0 [10]=   0 [11]=   0 
after  (DPU 301) [0]= 129 [1]= 141 [2]= 129 [3]=   0 [4]=   0 [5]=   0 [6]=   0 [7]=   0 [8]=   0 [9]=   0 [10]=   0 [11]=   0 
before (DPU 302) [0]= 135 [1]= 144 [2]= 115 [3]=   0 [4]=   0 [5]=   0 [6]=   0 [7]=   0 [8]=   0 [9]=   0 [10]=   0 [11]=   0 
after  (DPU 302) [0]= 135 [1]= 144 [2]= 115 [3]=   0 [4]=   0 [5]=   0 [6]=   0 [7]=   0 [8]=   0 [9]=   0 [10]=   0 [11]=   0 
before (DPU 303) [0]= 136 [1]= 130 [2]= 135 [3]=   0 [4]=   0 [5]=   0 [6]=   0 [7]=   0 [8]=   0 [9]=   0 [10]=   0 [11]=   0 
after  (DPU 303) [0]= 136 [1]= 130 [2]= 135 [3]=   0 [4]=   0 [5]=   0 [6]=   0 [7]=   0 [8]=   0 [9]=   0 [10]=   0 [11]=   0 
before (DPU 304) [0]= 138 [1]= 148 [2]= 142 [3]=   0 [4]=   0 [5]=   0 [6]=   0 [7]=   0 [8]=   0 [9]=   0 [10]=   0 [11]=   0 
after  (DPU 304) [0]= 138 [1]= 148 [2]= 142 [3]=   0 [4]=   0 [5]=   0 [6]=   0 [7]=   0 [8]=   0 [9]=   0 [10]=   0 [11]=   0 
before (DPU 305) [0]= 135 [1]= 149 [2]= 143 [3]=   0 [4]=   0 [5]=   0 [6]=   0 [7]=   0 [8]=   0 [9]=   0 [10]=   0 [11]=   0 
after  (DPU 305) [0]= 135 [1]= 149 [2]= 143 [3]=   0 [4]=   0 [5]=   0 [6]=   0 [7]=   0 [8]=   0 [9]=   0 [10]=   0 [11]=   0 
before (DPU 306) [0]= 136 [1]= 144 [2]= 128 [3]=   0 [4]=   0 [5]=   0 [6]=   0 [7]=   0 [8]=   0 [9]=   0 [10]=   0 [11]=   0 
after  (DPU 306) [0]= 136 [1]= 144 [2]= 128 [3]=   0 [4]=   0 [5]=   0 [6]=   0 [7]=   0 [8]=   0 [9]=   0 [10]=   0 [11]=   0 
before (DPU 307) [0]= 121 [1]= 136 [2]= 135 [3]=   0 [4]=   0 [5]=   0 [6]=   0 [7]=   0 [8]=   0 [9]=   0 [10]=   0 [11]=   0 
after  (DPU 307) [0]= 121 [1]= 136 [2]= 135 [3]=   0 [4]=   0 [5]=   0 [6]=   0 [7]=   0 [8]=   0 [9]=   0 [10]=   0 [11]=   0 
before (DPU 308) [0]= 140 [1]= 123 [2]= 152 [3]=   0 [4]=   0 [5]=   0 [6]=   0 [7]=   0 [8]=   0 [9]=   0 [10]=   0 [11]=   0 
after  (DPU 308) [0]= 140 [1]= 123 [2]= 152 [3]=   0 [4]=   0 [5]=   0 [6]=   0 [7]=   0 [8]=   0 [9]=   0 [10]=   0 [11]=   0 
before (DPU 309) [0]= 123 [1]= 130 [2]= 142 [3]=   0 [4]=   0 [5]=   0 [6]=   0 [7]=   0 [8]=   0 [9]=   0 [10]=   0 [11]=   0 
after  (DPU 309) [0]= 123 [1]= 130 [2]= 142 [3]=   0 [4]=   0 [5]=   0 [6]=   0 [7]=   0 [8]=   0 [9]=   0 [10]=   0 [11]=   0 
before (DPU 310) [0]= 109 [1]= 138 [2]= 137 [3]=   0 [4]=   0 [5]=   0 [6]=   0 [7]=   0 [8]=   0 [9]=   0 [10]=   0 [11]=   0 
after  (DPU 310) [0]= 109 [1]= 138 [2]= 137 [3]=   0 [4]=   0 [5]=   0 [6]=   0 [7]=   0 [8]=   0 [9]=   0 [10]=   0 [11]=   0 
before (DPU 311) [0]= 112 [1]= 140 [2]= 125 [3]=   0 [4]=   0 [5]=   0 [6]=   0 [7]=   0 [8]=   0 [9]=   0 [10]=   0 [11]=   0 
after  (DPU 311) [0]= 112 [1]= 140 [2]= 125 [3]=   0 [4]=   0 [5]=   0 [6]=   0 [7]=   0 [8]=   0 [9]=   0 [10]=   0 [11]=   0 
before (DPU 312) [0]= 125 [1]= 123 [2]= 152 [3]=   0 [4]=   0 [5]=   0 [6]=   0 [7]=   0 [8]=   0 [9]=   0 [10]=   0 [11]=   0 
after  (DPU 312) [0]= 125 [1]= 123 [2]= 152 [3]=   0 [4]=   0 [5]=   0 [6]=   0 [7]=   0 [8]=   0 [9]=   0 [10]=   0 [11]=   0 
before (DPU 313) [0]= 119 [1]= 141 [2]= 141 [3]=   0 [4]=   0 [5]=   0 [6]=   0 [7]=   0 [8]=   0 [9]=   0 [10]=   0 [11]=   0 
after  (DPU 313) [0]= 119 [1]= 141 [2]= 141 [3]=   0 [4]=   0 [5]=   0 [6]=   0 [7]=   0 [8]=   0 [9]=   0 [10]=   0 [11]=   0 
before (DPU 314) [0]= 134 [1]= 127 [2]= 123 [3]=   0 [4]=   0 [5]=   0 [6]=   0 [7]=   0 [8]=   0 [9]=   0 [10]=   0 [11]=   0 
after  (DPU 314) [0]= 134 [1]= 127 [2]= 123 [3]=   0 [4]=   0 [5]=   0 [6]=   0 [7]=   0 [8]=   0 [9]=   0 [10]=   0 [11]=   0 
before (DPU 315) [0]= 120 [1]= 113 [2]= 131 [3]=   0 [4]=   0 [5]=   0 [6]=   0 [7]=   0 [8]=   0 [9]=   0 [10]=   0 [11]=   0 
after  (DPU 315) [0]= 120 [1]= 113 [2]= 131 [3]=   0 [4]=   0 [5]=   0 [6]=   0 [7]=   0 [8]=   0 [9]=   0 [10]=   0 [11]=   0 
before (DPU 316) [0]= 138 [1]= 140 [2]= 133 [3]=   0 [4]=   0 [5]=   0 [6]=   0 [7]=   0 [8]=   0 [9]=   0 [10]=   0 [11]=   0 
after  (DPU 316) [0]= 138 [1]= 140 [2]= 133 [3]=   0 [4]=   0 [5]=   0 [6]=   0 [7]=   0 [8]=   0 [9]=   0 [10]=   0 [11]=   0 
before (DPU 317) [0]= 121 [1]= 136 [2]= 124 [3]=   0 [4]=   0 [5]=   0 [6]=   0 [7]=   0 [8]=   0 [9]=   0 [10]=   0 [11]=   0 
after  (DPU 317) [0]= 121 [1]= 136 [2]= 124 [3]=   0 [4]=   0 [5]=   0 [6]=   0 [7]=   0 [8]=   0 [9]=   0 [10]=   0 [11]=   0 
before (DPU 318) [0]= 116 [1]= 150 [2]= 144 [3]=   0 [4]=   0 [5]=   0 [6]=   0 [7]=   0 [8]=   0 [9]=   0 [10]=   0 [11]=   0 
after  (DPU 318) [0]= 116 [1]= 150 [2]= 144 [3]=   0 [4]=   0 [5]=   0 [6]=   0 [7]=   0 [8]=   0 [9]=   0 [10]=   0 [11]=   0 
before (DPU 319) [0]= 129 [1]= 126 [2]= 135 [3]=   0 [4]=   0 [5]=   0 [6]=   0 [7]=   0 [8]=   0 [9]=   0 [10]=   0 [11]=   0 
after  (DPU 319) [0]= 129 [1]= 126 [2]= 135 [3]=   0 [4]=   0 [5]=   0 [6]=   0 [7]=   0 [8]=   0 [9]=   0 [10]=   0 [11]=   0 
before (DPU 320) [0]= 138 [1]= 141 [2]= 147 [3]=   0 [4]=   0 [5]=   0 [6]=   0 [7]=   0 [8]=   0 [9]=   0 [10]=   0 [11]=   0 
after  (DPU 320) [0]= 138 [1]= 141 [2]= 147 [3]=   0 [4]=   0 [5]=   0 [6]=   0 [7]=   0 [8]=   0 [9]=   0 [10]=   0 [11]=   0 
before (DPU 321) [0]= 125 [1]= 130 [2]= 129 [3]=   0 [4]=   0 [5]=   0 [6]=   0 [7]=   0 [8]=   0 [9]=   0 [10]=   0 [11]=   0 
after  (DPU 321) [0]= 125 [1]= 130 [2]= 129 [3]=   0 [4]=   0 [5]=   0 [6]=   0 [7]=   0 [8]=   0 [9]=   0 [10]=   0 [11]=   0 
before (DPU 322) [0]= 109 [1]= 133 [2]= 112 [3]=   0 [4]=   0 [5]=   0 [6]=   0 [7]=   0 [8]=   0 [9]=   0 [10]=   0 [11]=   0 
after  (DPU 322) [0]= 109 [1]= 133 [2]= 112 [3]=   0 [4]=   0 [5]=   0 [6]=   0 [7]=   0 [8]=   0 [9]=   0 [10]=   0 [11]=   0 
before (DPU 323) [0]= 137 [1]= 115 [2]= 134 [3]=   0 [4]=   0 [5]=   0 [6]=   0 [7]=   0 [8]=   0 [9]=   0 [10]=   0 [11]=   0 
after  (DPU 323) [0]= 137 [1]= 115 [2]= 134 [3]=   0 [4]=   0 [5]=   0 [6]=   0 [7]=   0 [8]=   0 [9]=   0 [10]=   0 [11]=   0 
before (DPU 324) [0]= 124 [1]= 110 [2]= 116 [3]=   0 [4]=   0 [5]=   0 [6]=   0 [7]=   0 [8]=   0 [9]=   0 [10]=   0 [11]=   0 
after  (DPU 324) [0]= 124 [1]= 110 [2]= 116 [3]=   0 [4]=   0 [5]=   0 [6]=   0 [7]=   0 [8]=   0 [9]=   0 [10]=   0 [11]=   0 
before (DPU 325) [0]= 124 [1]= 135 [2]= 120 [3]=   0 [4]=   0 [5]=   0 [6]=   0 [7]=   0 [8]=   0 [9]=   0 [10]=   0 [11]=   0 
after  (DPU 325) [0]= 124 [1]= 135 [2]= 120 [3]=   0 [4]=   0 [5]=   0 [6]=   0 [7]=   0 [8]=   0 [9]=   0 [10]=   0 [11]=   0 
before (DPU 326) [0]= 137 [1]= 117 [2]= 119 [3]=   0 [4]=   0 [5]=   0 [6]=   0 [7]=   0 [8]=   0 [9]=   0 [10]=   0 [11]=   0 
after  (DPU 326) [0]= 137 [1]= 117 [2]= 119 [3]=   0 [4]=   0 [5]=   0 [6]=   0 [7]=   0 [8]=   0 [9]=   0 [10]=   0 [11]=   0 
before (DPU 327) [0]= 134 [1]= 131 [2]= 117 [3]=   0 [4]=   0 [5]=   0 [6]=   0 [7]=   0 [8]=   0 [9]=   0 [10]=   0 [11]=   0 
after  (DPU 327) [0]= 134 [1]= 131 [2]= 117 [3]=   0 [4]=   0 [5]=   0 [6]=   0 [7]=   0 [8]=   0 [9]=   0 [10]=   0 [11]=   0 
before (DPU 328) [0]= 136 [1]= 113 [2]= 112 [3]=   0 [4]=   0 [5]=   0 [6]=   0 [7]=   0 [8]=   0 [9]=   0 [10]=   0 [11]=   0 
after  (DPU 328) [0]= 136 [1]= 113 [2]= 112 [3]=   0 [4]=   0 [5]=   0 [6]=   0 [7]=   0 [8]=   0 [9]=   0 [10]=   0 [11]=   0 
before (DPU 329) [0]= 115 [1]= 104 [2]= 108 [3]=   0 [4]=   0 [5]=   0 [6]=   0 [7]=   0 [8]=   0 [9]=   0 [10]=   0 [11]=   0 
after  (DPU 329) [0]= 115 [1]= 104 [2]= 108 [3]=   0 [4]=   0 [5]=   0 [6]=   0 [7]=   0 [8]=   0 [9]=   0 [10]=   0 [11]=   0 
before (DPU 330) [0]=  98 [1]= 127 [2]= 131 [3]=   0 [4]=   0 [5]=   0 [6]=   0 [7]=   0 [8]=   0 [9]=   0 [10]=   0 [11]=   0 
after  (DPU 330) [0]=  98 [1]= 127 [2]= 131 [3]=   0 [4]=   0 [5]=   0 [6]=   0 [7]=   0 [8]=   0 [9]=   0 [10]=   0 [11]=   0 
before (DPU 331) [0]= 130 [1]= 118 [2]= 138 [3]=   0 [4]=   0 [5]=   0 [6]=   0 [7]=   0 [8]=   0 [9]=   0 [10]=   0 [11]=   0 
after  (DPU 331) [0]= 130 [1]= 118 [2]= 138 [3]=   0 [4]=   0 [5]=   0 [6]=   0 [7]=   0 [8]=   0 [9]=   0 [10]=   0 [11]=   0 
before (DPU 332) [0]= 122 [1]= 127 [2]= 123 [3]=   0 [4]=   0 [5]=   0 [6]=   0 [7]=   0 [8]=   0 [9]=   0 [10]=   0 [11]=   0 
after  (DPU 332) [0]= 122 [1]= 127 [2]= 123 [3]=   0 [4]=   0 [5]=   0 [6]=   0 [7]=   0 [8]=   0 [9]=   0 [10]=   0 [11]=   0 
before (DPU 333) [0]= 119 [1]= 113 [2]= 129 [3]=   0 [4]=   0 [5]=   0 [6]=   0 [7]=   0 [8]=   0 [9]=   0 [10]=   0 [11]=   0 
after  (DPU 333) [0]= 119 [1]= 113 [2]= 129 [3]=   0 [4]=   0 [5]=   0 [6]=   0 [7]=   0 [8]=   0 [9]=   0 [10]=   0 [11]=   0 
before (DPU 334) [0]= 114 [1]= 132 [2]= 121 [3]=   0 [4]=   0 [5]=   0 [6]=   0 [7]=   0 [8]=   0 [9]=   0 [10]=   0 [11]=   0 
after  (DPU 334) [0]= 114 [1]= 132 [2]= 121 [3]=   0 [4]=   0 [5]=   0 [6]=   0 [7]=   0 [8]=   0 [9]=   0 [10]=   0 [11]=   0 
before (DPU 335) [0]=  98 [1]= 110 [2]= 132 [3]=   0 [4]=   0 [5]=   0 [6]=   0 [7]=   0 [8]=   0 [9]=   0 [10]=   0 [11]=   0 
after  (DPU 335) [0]=  98 [1]= 110 [2]= 132 [3]=   0 [4]=   0 [5]=   0 [6]=   0 [7]=   0 [8]=   0 [9]=   0 [10]=   0 [11]=   0 
before (DPU 336) [0]= 125 [1]= 118 [2]= 130 [3]=   0 [4]=   0 [5]=   0 [6]=   0 [7]=   0 [8]=   0 [9]=   0 [10]=   0 [11]=   0 
after  (DPU 336) [0]= 125 [1]= 118 [2]= 130 [3]=   0 [4]=   0 [5]=   0 [6]=   0 [7]=   0 [8]=   0 [9]=   0 [10]=   0 [11]=   0 
before (DPU 337) [0]= 136 [1]= 120 [2]= 123 [3]=   0 [4]=   0 [5]=   0 [6]=   0 [7]=   0 [8]=   0 [9]=   0 [10]=   0 [11]=   0 
after  (DPU 337) [0]= 136 [1]= 120 [2]= 123 [3]=   0 [4]=   0 [5]=   0 [6]=   0 [7]=   0 [8]=   0 [9]=   0 [10]=   0 [11]=   0 
before (DPU 338) [0]= 122 [1]= 143 [2]= 121 [3]=   0 [4]=   0 [5]=   0 [6]=   0 [7]=   0 [8]=   0 [9]=   0 [10]=   0 [11]=   0 
after  (DPU 338) [0]= 122 [1]= 143 [2]= 121 [3]=   0 [4]=   0 [5]=   0 [6]=   0 [7]=   0 [8]=   0 [9]=   0 [10]=   0 [11]=   0 
before (DPU 339) [0]= 140 [1]= 102 [2]= 139 [3]=   0 [4]=   0 [5]=   0 [6]=   0 [7]=   0 [8]=   0 [9]=   0 [10]=   0 [11]=   0 
after  (DPU 339) [0]= 140 [1]= 102 [2]= 139 [3]=   0 [4]=   0 [5]=   0 [6]=   0 [7]=   0 [8]=   0 [9]=   0 [10]=   0 [11]=   0 
before (DPU 340) [0]= 109 [1]= 107 [2]= 118 [3]=   0 [4]=   0 [5]=   0 [6]=   0 [7]=   0 [8]=   0 [9]=   0 [10]=   0 [11]=   0 
after  (DPU 340) [0]= 109 [1]= 107 [2]= 118 [3]=   0 [4]=   0 [5]=   0 [6]=   0 [7]=   0 [8]=   0 [9]=   0 [10]=   0 [11]=   0 
before (DPU 341) [0]= 115 [1]= 142 [2]= 120 [3]=   0 [4]=   0 [5]=   0 [6]=   0 [7]=   0 [8]=   0 [9]=   0 [10]=   0 [11]=   0 
after  (DPU 341) [0]= 115 [1]= 142 [2]= 120 [3]=   0 [4]=   0 [5]=   0 [6]=   0 [7]=   0 [8]=   0 [9]=   0 [10]=   0 [11]=   0 
before (DPU 342) [0]= 116 [1]= 134 [2]= 113 [3]=   0 [4]=   0 [5]=   0 [6]=   0 [7]=   0 [8]=   0 [9]=   0 [10]=   0 [11]=   0 
after  (DPU 342) [0]= 116 [1]= 134 [2]= 113 [3]=   0 [4]=   0 [5]=   0 [6]=   0 [7]=   0 [8]=   0 [9]=   0 [10]=   0 [11]=   0 
before (DPU 343) [0]= 109 [1]= 122 [2]= 116 [3]=   0 [4]=   0 [5]=   0 [6]=   0 [7]=   0 [8]=   0 [9]=   0 [10]=   0 [11]=   0 
after  (DPU 343) [0]= 109 [1]= 122 [2]= 116 [3]=   0 [4]=   0 [5]=   0 [6]=   0 [7]=   0 [8]=   0 [9]=   0 [10]=   0 [11]=   0 
before (DPU 344) [0]= 113 [1]= 119 [2]= 104 [3]=   0 [4]=   0 [5]=   0 [6]=   0 [7]=   0 [8]=   0 [9]=   0 [10]=   0 [11]=   0 
after  (DPU 344) [0]= 113 [1]= 119 [2]= 104 [3]=   0 [4]=   0 [5]=   0 [6]=   0 [7]=   0 [8]=   0 [9]=   0 [10]=   0 [11]=   0 
before (DPU 345) [0]= 122 [1]= 125 [2]= 124 [3]=   0 [4]=   0 [5]=   0 [6]=   0 [7]=   0 [8]=   0 [9]=   0 [10]=   0 [11]=   0 
after  (DPU 345) [0]= 122 [1]= 125 [2]= 124 [3]=   0 [4]=   0 [5]=   0 [6]=   0 [7]=   0 [8]=   0 [9]=   0 [10]=   0 [11]=   0 
before (DPU 346) [0]= 103 [1]= 114 [2]= 104 [3]=   0 [4]=   0 [5]=   0 [6]=   0 [7]=   0 [8]=   0 [9]=   0 [10]=   0 [11]=   0 
after  (DPU 346) [0]= 103 [1]= 114 [2]= 104 [3]=   0 [4]=   0 [5]=   0 [6]=   0 [7]=   0 [8]=   0 [9]=   0 [10]=   0 [11]=   0 
before (DPU 347) [0]= 119 [1]= 136 [2]= 121 [3]=   0 [4]=   0 [5]=   0 [6]=   0 [7]=   0 [8]=   0 [9]=   0 [10]=   0 [11]=   0 
after  (DPU 347) [0]= 119 [1]= 136 [2]= 121 [3]=   0 [4]=   0 [5]=   0 [6]=   0 [7]=   0 [8]=   0 [9]=   0 [10]=   0 [11]=   0 
before (DPU 348) [0]= 100 [1]= 119 [2]= 120 [3]=   0 [4]=   0 [5]=   0 [6]=   0 [7]=   0 [8]=   0 [9]=   0 [10]=   0 [11]=   0 
after  (DPU 348) [0]= 100 [1]= 119 [2]= 120 [3]=   0 [4]=   0 [5]=   0 [6]=   0 [7]=   0 [8]=   0 [9]=   0 [10]=   0 [11]=   0 
before (DPU 349) [0]= 116 [1]= 111 [2]= 113 [3]=   0 [4]=   0 [5]=   0 [6]=   0 [7]=   0 [8]=   0 [9]=   0 [10]=   0 [11]=   0 
after  (DPU 349) [0]= 116 [1]= 111 [2]= 113 [3]=   0 [4]=   0 [5]=   0 [6]=   0 [7]=   0 [8]=   0 [9]=   0 [10]=   0 [11]=   0 
before (DPU 350) [0]= 111 [1]= 100 [2]= 134 [3]=   0 [4]=   0 [5]=   0 [6]=   0 [7]=   0 [8]=   0 [9]=   0 [10]=   0 [11]=   0 
after  (DPU 350) [0]= 111 [1]= 100 [2]= 134 [3]=   0 [4]=   0 [5]=   0 [6]=   0 [7]=   0 [8]=   0 [9]=   0 [10]=   0 [11]=   0 
before (DPU 351) [0]= 134 [1]= 148 [2]= 110 [3]=   0 [4]=   0 [5]=   0 [6]=   0 [7]=   0 [8]=   0 [9]=   0 [10]=   0 [11]=   0 
after  (DPU 351) [0]= 134 [1]= 148 [2]= 110 [3]=   0 [4]=   0 [5]=   0 [6]=   0 [7]=   0 [8]=   0 [9]=   0 [10]=   0 [11]=   0 
before (DPU 352) [0]= 112 [1]= 106 [2]= 112 [3]=   0 [4]=   0 [5]=   0 [6]=   0 [7]=   0 [8]=   0 [9]=   0 [10]=   0 [11]=   0 
after  (DPU 352) [0]= 112 [1]= 106 [2]= 112 [3]=   0 [4]=   0 [5]=   0 [6]=   0 [7]=   0 [8]=   0 [9]=   0 [10]=   0 [11]=   0 
before (DPU 353) [0]= 131 [1]= 116 [2]= 123 [3]=   0 [4]=   0 [5]=   0 [6]=   0 [7]=   0 [8]=   0 [9]=   0 [10]=   0 [11]=   0 
after  (DPU 353) [0]= 131 [1]= 116 [2]= 123 [3]=   0 [4]=   0 [5]=   0 [6]=   0 [7]=   0 [8]=   0 [9]=   0 [10]=   0 [11]=   0 
before (DPU 354) [0]= 119 [1]= 131 [2]= 101 [3]=   0 [4]=   0 [5]=   0 [6]=   0 [7]=   0 [8]=   0 [9]=   0 [10]=   0 [11]=   0 
after  (DPU 354) [0]= 119 [1]= 131 [2]= 101 [3]=   0 [4]=   0 [5]=   0 [6]=   0 [7]=   0 [8]=   0 [9]=   0 [10]=   0 [11]=   0 
before (DPU 355) [0]= 116 [1]= 107 [2]= 101 [3]=   0 [4]=   0 [5]=   0 [6]=   0 [7]=   0 [8]=   0 [9]=   0 [10]=   0 [11]=   0 
after  (DPU 355) [0]= 116 [1]= 107 [2]= 101 [3]=   0 [4]=   0 [5]=   0 [6]=   0 [7]=   0 [8]=   0 [9]=   0 [10]=   0 [11]=   0 
before (DPU 356) [0]= 108 [1]= 111 [2]= 138 [3]=   0 [4]=   0 [5]=   0 [6]=   0 [7]=   0 [8]=   0 [9]=   0 [10]=   0 [11]=   0 
after  (DPU 356) [0]= 108 [1]= 111 [2]= 138 [3]=   0 [4]=   0 [5]=   0 [6]=   0 [7]=   0 [8]=   0 [9]=   0 [10]=   0 [11]=   0 
before (DPU 357) [0]= 131 [1]= 113 [2]= 137 [3]=   0 [4]=   0 [5]=   0 [6]=   0 [7]=   0 [8]=   0 [9]=   0 [10]=   0 [11]=   0 
after  (DPU 357) [0]= 131 [1]= 113 [2]= 137 [3]=   0 [4]=   0 [5]=   0 [6]=   0 [7]=   0 [8]=   0 [9]=   0 [10]=   0 [11]=   0 
before (DPU 358) [0]= 101 [1]= 105 [2]= 106 [3]=   0 [4]=   0 [5]=   0 [6]=   0 [7]=   0 [8]=   0 [9]=   0 [10]=   0 [11]=   0 
after  (DPU 358) [0]= 101 [1]= 105 [2]= 106 [3]=   0 [4]=   0 [5]=   0 [6]=   0 [7]=   0 [8]=   0 [9]=   0 [10]=   0 [11]=   0 
before (DPU 359) [0]= 101 [1]= 111 [2]= 110 [3]=   0 [4]=   0 [5]=   0 [6]=   0 [7]=   0 [8]=   0 [9]=   0 [10]=   0 [11]=   0 
after  (DPU 359) [0]= 101 [1]= 111 [2]= 110 [3]=   0 [4]=   0 [5]=   0 [6]=   0 [7]=   0 [8]=   0 [9]=   0 [10]=   0 [11]=   0 
before (DPU 360) [0]= 118 [1]= 115 [2]=  95 [3]=   0 [4]=   0 [5]=   0 [6]=   0 [7]=   0 [8]=   0 [9]=   0 [10]=   0 [11]=   0 
after  (DPU 360) [0]= 118 [1]= 115 [2]=  95 [3]=   0 [4]=   0 [5]=   0 [6]=   0 [7]=   0 [8]=   0 [9]=   0 [10]=   0 [11]=   0 
before (DPU 361) [0]= 117 [1]= 111 [2]= 102 [3]=   0 [4]=   0 [5]=   0 [6]=   0 [7]=   0 [8]=   0 [9]=   0 [10]=   0 [11]=   0 
after  (DPU 361) [0]= 117 [1]= 111 [2]= 102 [3]=   0 [4]=   0 [5]=   0 [6]=   0 [7]=   0 [8]=   0 [9]=   0 [10]=   0 [11]=   0 
before (DPU 362) [0]= 112 [1]= 107 [2]= 114 [3]=   0 [4]=   0 [5]=   0 [6]=   0 [7]=   0 [8]=   0 [9]=   0 [10]=   0 [11]=   0 
after  (DPU 362) [0]= 112 [1]= 107 [2]= 114 [3]=   0 [4]=   0 [5]=   0 [6]=   0 [7]=   0 [8]=   0 [9]=   0 [10]=   0 [11]=   0 
before (DPU 363) [0]= 127 [1]= 126 [2]= 103 [3]=   0 [4]=   0 [5]=   0 [6]=   0 [7]=   0 [8]=   0 [9]=   0 [10]=   0 [11]=   0 
after  (DPU 363) [0]= 127 [1]= 126 [2]= 103 [3]=   0 [4]=   0 [5]=   0 [6]=   0 [7]=   0 [8]=   0 [9]=   0 [10]=   0 [11]=   0 
before (DPU 364) [0]= 121 [1]= 114 [2]= 114 [3]=   0 [4]=   0 [5]=   0 [6]=   0 [7]=   0 [8]=   0 [9]=   0 [10]=   0 [11]=   0 
after  (DPU 364) [0]= 121 [1]= 114 [2]= 114 [3]=   0 [4]=   0 [5]=   0 [6]=   0 [7]=   0 [8]=   0 [9]=   0 [10]=   0 [11]=   0 
before (DPU 365) [0]= 105 [1]= 115 [2]= 107 [3]=   0 [4]=   0 [5]=   0 [6]=   0 [7]=   0 [8]=   0 [9]=   0 [10]=   0 [11]=   0 
after  (DPU 365) [0]= 105 [1]= 115 [2]= 107 [3]=   0 [4]=   0 [5]=   0 [6]=   0 [7]=   0 [8]=   0 [9]=   0 [10]=   0 [11]=   0 
before (DPU 366) [0]= 122 [1]= 112 [2]= 115 [3]=   0 [4]=   0 [5]=   0 [6]=   0 [7]=   0 [8]=   0 [9]=   0 [10]=   0 [11]=   0 
after  (DPU 366) [0]= 122 [1]= 112 [2]= 115 [3]=   0 [4]=   0 [5]=   0 [6]=   0 [7]=   0 [8]=   0 [9]=   0 [10]=   0 [11]=   0 
before (DPU 367) [0]= 102 [1]= 128 [2]= 120 [3]=   0 [4]=   0 [5]=   0 [6]=   0 [7]=   0 [8]=   0 [9]=   0 [10]=   0 [11]=   0 
after  (DPU 367) [0]= 102 [1]= 128 [2]= 120 [3]=   0 [4]=   0 [5]=   0 [6]=   0 [7]=   0 [8]=   0 [9]=   0 [10]=   0 [11]=   0 
before (DPU 368) [0]= 112 [1]= 101 [2]= 113 [3]=   0 [4]=   0 [5]=   0 [6]=   0 [7]=   0 [8]=   0 [9]=   0 [10]=   0 [11]=   0 
after  (DPU 368) [0]= 112 [1]= 101 [2]= 113 [3]=   0 [4]=   0 [5]=   0 [6]=   0 [7]=   0 [8]=   0 [9]=   0 [10]=   0 [11]=   0 
before (DPU 369) [0]= 105 [1]= 112 [2]= 101 [3]=   0 [4]=   0 [5]=   0 [6]=   0 [7]=   0 [8]=   0 [9]=   0 [10]=   0 [11]=   0 
after  (DPU 369) [0]= 105 [1]= 112 [2]= 101 [3]=   0 [4]=   0 [5]=   0 [6]=   0 [7]=   0 [8]=   0 [9]=   0 [10]=   0 [11]=   0 
before (DPU 370) [0]=  97 [1]= 114 [2]= 107 [3]=   0 [4]=   0 [5]=   0 [6]=   0 [7]=   0 [8]=   0 [9]=   0 [10]=   0 [11]=   0 
after  (DPU 370) [0]=  97 [1]= 114 [2]= 107 [3]=   0 [4]=   0 [5]=   0 [6]=   0 [7]=   0 [8]=   0 [9]=   0 [10]=   0 [11]=   0 
before (DPU 371) [0]= 113 [1]= 107 [2]= 125 [3]=   0 [4]=   0 [5]=   0 [6]=   0 [7]=   0 [8]=   0 [9]=   0 [10]=   0 [11]=   0 
after  (DPU 371) [0]= 113 [1]= 107 [2]= 125 [3]=   0 [4]=   0 [5]=   0 [6]=   0 [7]=   0 [8]=   0 [9]=   0 [10]=   0 [11]=   0 
before (DPU 372) [0]= 100 [1]= 120 [2]= 103 [3]=   0 [4]=   0 [5]=   0 [6]=   0 [7]=   0 [8]=   0 [9]=   0 [10]=   0 [11]=   0 
after  (DPU 372) [0]= 100 [1]= 120 [2]= 103 [3]=   0 [4]=   0 [5]=   0 [6]=   0 [7]=   0 [8]=   0 [9]=   0 [10]=   0 [11]=   0 
before (DPU 373) [0]=  93 [1]= 124 [2]= 111 [3]=   0 [4]=   0 [5]=   0 [6]=   0 [7]=   0 [8]=   0 [9]=   0 [10]=   0 [11]=   0 
after  (DPU 373) [0]=  93 [1]= 124 [2]= 111 [3]=   0 [4]=   0 [5]=   0 [6]=   0 [7]=   0 [8]=   0 [9]=   0 [10]=   0 [11]=   0 
before (DPU 374) [0]= 115 [1]= 118 [2]= 110 [3]=   0 [4]=   0 [5]=   0 [6]=   0 [7]=   0 [8]=   0 [9]=   0 [10]=   0 [11]=   0 
after  (DPU 374) [0]= 115 [1]= 118 [2]= 110 [3]=   0 [4]=   0 [5]=   0 [6]=   0 [7]=   0 [8]=   0 [9]=   0 [10]=   0 [11]=   0 
before (DPU 375) [0]=  90 [1]=  93 [2]=  94 [3]=   0 [4]=   0 [5]=   0 [6]=   0 [7]=   0 [8]=   0 [9]=   0 [10]=   0 [11]=   0 
after  (DPU 375) [0]=  90 [1]=  93 [2]=  94 [3]=   0 [4]=   0 [5]=   0 [6]=   0 [7]=   0 [8]=   0 [9]=   0 [10]=   0 [11]=   0 
before (DPU 376) [0]= 126 [1]= 122 [2]= 105 [3]=   0 [4]=   0 [5]=   0 [6]=   0 [7]=   0 [8]=   0 [9]=   0 [10]=   0 [11]=   0 
after  (DPU 376) [0]= 126 [1]= 122 [2]= 105 [3]=   0 [4]=   0 [5]=   0 [6]=   0 [7]=   0 [8]=   0 [9]=   0 [10]=   0 [11]=   0 
before (DPU 377) [0]= 112 [1]= 106 [2]= 120 [3]=   0 [4]=   0 [5]=   0 [6]=   0 [7]=   0 [8]=   0 [9]=   0 [10]=   0 [11]=   0 
after  (DPU 377) [0]= 112 [1]= 106 [2]= 120 [3]=   0 [4]=   0 [5]=   0 [6]=   0 [7]=   0 [8]=   0 [9]=   0 [10]=   0 [11]=   0 
before (DPU 378) [0]= 127 [1]=  88 [2]= 120 [3]=   0 [4]=   0 [5]=   0 [6]=   0 [7]=   0 [8]=   0 [9]=   0 [10]=   0 [11]=   0 
after  (DPU 378) [0]= 127 [1]=  88 [2]= 120 [3]=   0 [4]=   0 [5]=   0 [6]=   0 [7]=   0 [8]=   0 [9]=   0 [10]=   0 [11]=   0 
before (DPU 379) [0]=  93 [1]= 110 [2]= 103 [3]=   0 [4]=   0 [5]=   0 [6]=   0 [7]=   0 [8]=   0 [9]=   0 [10]=   0 [11]=   0 
after  (DPU 379) [0]=  93 [1]= 110 [2]= 103 [3]=   0 [4]=   0 [5]=   0 [6]=   0 [7]=   0 [8]=   0 [9]=   0 [10]=   0 [11]=   0 
before (DPU 380) [0]= 114 [1]=  98 [2]=  92 [3]=   0 [4]=   0 [5]=   0 [6]=   0 [7]=   0 [8]=   0 [9]=   0 [10]=   0 [11]=   0 
after  (DPU 380) [0]= 114 [1]=  98 [2]=  92 [3]=   0 [4]=   0 [5]=   0 [6]=   0 [7]=   0 [8]=   0 [9]=   0 [10]=   0 [11]=   0 
before (DPU 381) [0]= 121 [1]=  91 [2]= 126 [3]=   0 [4]=   0 [5]=   0 [6]=   0 [7]=   0 [8]=   0 [9]=   0 [10]=   0 [11]=   0 
after  (DPU 381) [0]= 121 [1]=  91 [2]= 126 [3]=   0 [4]=   0 [5]=   0 [6]=   0 [7]=   0 [8]=   0 [9]=   0 [10]=   0 [11]=   0 
before (DPU 382) [0]= 143 [1]=  90 [2]= 108 [3]=   0 [4]=   0 [5]=   0 [6]=   0 [7]=   0 [8]=   0 [9]=   0 [10]=   0 [11]=   0 
after  (DPU 382) [0]= 143 [1]=  90 [2]= 108 [3]=   0 [4]=   0 [5]=   0 [6]=   0 [7]=   0 [8]=   0 [9]=   0 [10]=   0 [11]=   0 
before (DPU 383) [0]= 104 [1]= 117 [2]= 102 [3]=   0 [4]=   0 [5]=   0 [6]=   0 [7]=   0 [8]=   0 [9]=   0 [10]=   0 [11]=   0 
after  (DPU 383) [0]= 104 [1]= 117 [2]= 102 [3]=   0 [4]=   0 [5]=   0 [6]=   0 [7]=   0 [8]=   0 [9]=   0 [10]=   0 [11]=   0 
before (DPU 384) [0]= 104 [1]=  88 [2]=  97 [3]=   0 [4]=   0 [5]=   0 [6]=   0 [7]=   0 [8]=   0 [9]=   0 [10]=   0 [11]=   0 
after  (DPU 384) [0]= 104 [1]=  88 [2]=  97 [3]=   0 [4]=   0 [5]=   0 [6]=   0 [7]=   0 [8]=   0 [9]=   0 [10]=   0 [11]=   0 
before (DPU 385) [0]= 102 [1]= 119 [2]= 115 [3]=   0 [4]=   0 [5]=   0 [6]=   0 [7]=   0 [8]=   0 [9]=   0 [10]=   0 [11]=   0 
after  (DPU 385) [0]= 102 [1]= 119 [2]= 115 [3]=   0 [4]=   0 [5]=   0 [6]=   0 [7]=   0 [8]=   0 [9]=   0 [10]=   0 [11]=   0 
before (DPU 386) [0]= 114 [1]= 104 [2]= 113 [3]=   0 [4]=   0 [5]=   0 [6]=   0 [7]=   0 [8]=   0 [9]=   0 [10]=   0 [11]=   0 
after  (DPU 386) [0]= 114 [1]= 104 [2]= 113 [3]=   0 [4]=   0 [5]=   0 [6]=   0 [7]=   0 [8]=   0 [9]=   0 [10]=   0 [11]=   0 
before (DPU 387) [0]= 110 [1]= 101 [2]= 106 [3]=   0 [4]=   0 [5]=   0 [6]=   0 [7]=   0 [8]=   0 [9]=   0 [10]=   0 [11]=   0 
after  (DPU 387) [0]= 110 [1]= 101 [2]= 106 [3]=   0 [4]=   0 [5]=   0 [6]=   0 [7]=   0 [8]=   0 [9]=   0 [10]=   0 [11]=   0 
before (DPU 388) [0]=  95 [1]= 113 [2]= 100 [3]=   0 [4]=   0 [5]=   0 [6]=   0 [7]=   0 [8]=   0 [9]=   0 [10]=   0 [11]=   0 
after  (DPU 388) [0]=  95 [1]= 113 [2]= 100 [3]=   0 [4]=   0 [5]=   0 [6]=   0 [7]=   0 [8]=   0 [9]=   0 [10]=   0 [11]=   0 
before (DPU 389) [0]=  90 [1]=  96 [2]= 106 [3]=   0 [4]=   0 [5]=   0 [6]=   0 [7]=   0 [8]=   0 [9]=   0 [10]=   0 [11]=   0 
after  (DPU 389) [0]=  90 [1]=  96 [2]= 106 [3]=   0 [4]=   0 [5]=   0 [6]=   0 [7]=   0 [8]=   0 [9]=   0 [10]=   0 [11]=   0 
before (DPU 390) [0]= 110 [1]= 113 [2]= 104 [3]=   0 [4]=   0 [5]=   0 [6]=   0 [7]=   0 [8]=   0 [9]=   0 [10]=   0 [11]=   0 
after  (DPU 390) [0]= 110 [1]= 113 [2]= 104 [3]=   0 [4]=   0 [5]=   0 [6]=   0 [7]=   0 [8]=   0 [9]=   0 [10]=   0 [11]=   0 
before (DPU 391) [0]=  90 [1]=  93 [2]= 120 [3]=   0 [4]=   0 [5]=   0 [6]=   0 [7]=   0 [8]=   0 [9]=   0 [10]=   0 [11]=   0 
after  (DPU 391) [0]=  90 [1]=  93 [2]= 120 [3]=   0 [4]=   0 [5]=   0 [6]=   0 [7]=   0 [8]=   0 [9]=   0 [10]=   0 [11]=   0 
before (DPU 392) [0]= 109 [1]= 104 [2]=  95 [3]=   0 [4]=   0 [5]=   0 [6]=   0 [7]=   0 [8]=   0 [9]=   0 [10]=   0 [11]=   0 
after  (DPU 392) [0]= 109 [1]= 104 [2]=  95 [3]=   0 [4]=   0 [5]=   0 [6]=   0 [7]=   0 [8]=   0 [9]=   0 [10]=   0 [11]=   0 
before (DPU 393) [0]= 106 [1]= 101 [2]=  88 [3]=   0 [4]=   0 [5]=   0 [6]=   0 [7]=   0 [8]=   0 [9]=   0 [10]=   0 [11]=   0 
after  (DPU 393) [0]= 106 [1]= 101 [2]=  88 [3]=   0 [4]=   0 [5]=   0 [6]=   0 [7]=   0 [8]=   0 [9]=   0 [10]=   0 [11]=   0 
before (DPU 394) [0]=  98 [1]= 124 [2]= 109 [3]=   0 [4]=   0 [5]=   0 [6]=   0 [7]=   0 [8]=   0 [9]=   0 [10]=   0 [11]=   0 
after  (DPU 394) [0]=  98 [1]= 124 [2]= 109 [3]=   0 [4]=   0 [5]=   0 [6]=   0 [7]=   0 [8]=   0 [9]=   0 [10]=   0 [11]=   0 
before (DPU 395) [0]=  88 [1]=  90 [2]= 114 [3]=   0 [4]=   0 [5]=   0 [6]=   0 [7]=   0 [8]=   0 [9]=   0 [10]=   0 [11]=   0 
after  (DPU 395) [0]=  88 [1]=  90 [2]= 114 [3]=   0 [4]=   0 [5]=   0 [6]=   0 [7]=   0 [8]=   0 [9]=   0 [10]=   0 [11]=   0 
before (DPU 396) [0]= 111 [1]= 122 [2]= 109 [3]=   0 [4]=   0 [5]=   0 [6]=   0 [7]=   0 [8]=   0 [9]=   0 [10]=   0 [11]=   0 
after  (DPU 396) [0]= 111 [1]= 122 [2]= 109 [3]=   0 [4]=   0 [5]=   0 [6]=   0 [7]=   0 [8]=   0 [9]=   0 [10]=   0 [11]=   0 
before (DPU 397) [0]= 106 [1]=  95 [2]= 100 [3]=   0 [4]=   0 [5]=   0 [6]=   0 [7]=   0 [8]=   0 [9]=   0 [10]=   0 [11]=   0 
after  (DPU 397) [0]= 106 [1]=  95 [2]= 100 [3]=   0 [4]=   0 [5]=   0 [6]=   0 [7]=   0 [8]=   0 [9]=   0 [10]=   0 [11]=   0 
before (DPU 398) [0]= 112 [1]=  97 [2]= 107 [3]=   0 [4]=   0 [5]=   0 [6]=   0 [7]=   0 [8]=   0 [9]=   0 [10]=   0 [11]=   0 
after  (DPU 398) [0]= 112 [1]=  97 [2]= 107 [3]=   0 [4]=   0 [5]=   0 [6]=   0 [7]=   0 [8]=   0 [9]=   0 [10]=   0 [11]=   0 
before (DPU 399) [0]= 104 [1]=  93 [2]= 104 [3]=   0 [4]=   0 [5]=   0 [6]=   0 [7]=   0 [8]=   0 [9]=   0 [10]=   0 [11]=   0 
after  (DPU 399) [0]= 104 [1]=  93 [2]= 104 [3]=   0 [4]=   0 [5]=   0 [6]=   0 [7]=   0 [8]=   0 [9]=   0 [10]=   0 [11]=   0 
before (DPU 400) [0]= 105 [1]=  92 [2]= 116 [3]=   0 [4]=   0 [5]=   0 [6]=   0 [7]=   0 [8]=   0 [9]=   0 [10]=   0 [11]=   0 
after  (DPU 400) [0]= 105 [1]=  92 [2]= 116 [3]=   0 [4]=   0 [5]=   0 [6]=   0 [7]=   0 [8]=   0 [9]=   0 [10]=   0 [11]=   0 
before (DPU 401) [0]= 106 [1]= 102 [2]=  94 [3]=   0 [4]=   0 [5]=   0 [6]=   0 [7]=   0 [8]=   0 [9]=   0 [10]=   0 [11]=   0 
after  (DPU 401) [0]= 106 [1]= 102 [2]=  94 [3]=   0 [4]=   0 [5]=   0 [6]=   0 [7]=   0 [8]=   0 [9]=   0 [10]=   0 [11]=   0 
before (DPU 402) [0]= 109 [1]=  97 [2]= 109 [3]=   0 [4]=   0 [5]=   0 [6]=   0 [7]=   0 [8]=   0 [9]=   0 [10]=   0 [11]=   0 
after  (DPU 402) [0]= 109 [1]=  97 [2]= 109 [3]=   0 [4]=   0 [5]=   0 [6]=   0 [7]=   0 [8]=   0 [9]=   0 [10]=   0 [11]=   0 
before (DPU 403) [0]= 114 [1]=  94 [2]= 114 [3]=   0 [4]=   0 [5]=   0 [6]=   0 [7]=   0 [8]=   0 [9]=   0 [10]=   0 [11]=   0 
after  (DPU 403) [0]= 114 [1]=  94 [2]= 114 [3]=   0 [4]=   0 [5]=   0 [6]=   0 [7]=   0 [8]=   0 [9]=   0 [10]=   0 [11]=   0 
before (DPU 404) [0]= 103 [1]=  89 [2]= 110 [3]=   0 [4]=   0 [5]=   0 [6]=   0 [7]=   0 [8]=   0 [9]=   0 [10]=   0 [11]=   0 
after  (DPU 404) [0]= 103 [1]=  89 [2]= 110 [3]=   0 [4]=   0 [5]=   0 [6]=   0 [7]=   0 [8]=   0 [9]=   0 [10]=   0 [11]=   0 
before (DPU 405) [0]=  85 [1]=  83 [2]= 101 [3]=   0 [4]=   0 [5]=   0 [6]=   0 [7]=   0 [8]=   0 [9]=   0 [10]=   0 [11]=   0 
after  (DPU 405) [0]=  85 [1]=  83 [2]= 101 [3]=   0 [4]=   0 [5]=   0 [6]=   0 [7]=   0 [8]=   0 [9]=   0 [10]=   0 [11]=   0 
before (DPU 406) [0]= 119 [1]= 111 [2]=  99 [3]=   0 [4]=   0 [5]=   0 [6]=   0 [7]=   0 [8]=   0 [9]=   0 [10]=   0 [11]=   0 
after  (DPU 406) [0]= 119 [1]= 111 [2]=  99 [3]=   0 [4]=   0 [5]=   0 [6]=   0 [7]=   0 [8]=   0 [9]=   0 [10]=   0 [11]=   0 
before (DPU 407) [0]= 113 [1]= 120 [2]= 111 [3]=   0 [4]=   0 [5]=   0 [6]=   0 [7]=   0 [8]=   0 [9]=   0 [10]=   0 [11]=   0 
after  (DPU 407) [0]= 113 [1]= 120 [2]= 111 [3]=   0 [4]=   0 [5]=   0 [6]=   0 [7]=   0 [8]=   0 [9]=   0 [10]=   0 [11]=   0 
before (DPU 408) [0]=  87 [1]= 106 [2]=  99 [3]=   0 [4]=   0 [5]=   0 [6]=   0 [7]=   0 [8]=   0 [9]=   0 [10]=   0 [11]=   0 
after  (DPU 408) [0]=  87 [1]= 106 [2]=  99 [3]=   0 [4]=   0 [5]=   0 [6]=   0 [7]=   0 [8]=   0 [9]=   0 [10]=   0 [11]=   0 
before (DPU 409) [0]=  94 [1]=  92 [2]=  96 [3]=   0 [4]=   0 [5]=   0 [6]=   0 [7]=   0 [8]=   0 [9]=   0 [10]=   0 [11]=   0 
after  (DPU 409) [0]=  94 [1]=  92 [2]=  96 [3]=   0 [4]=   0 [5]=   0 [6]=   0 [7]=   0 [8]=   0 [9]=   0 [10]=   0 [11]=   0 
before (DPU 410) [0]= 102 [1]=  91 [2]=  99 [3]=   0 [4]=   0 [5]=   0 [6]=   0 [7]=   0 [8]=   0 [9]=   0 [10]=   0 [11]=   0 
after  (DPU 410) [0]= 102 [1]=  91 [2]=  99 [3]=   0 [4]=   0 [5]=   0 [6]=   0 [7]=   0 [8]=   0 [9]=   0 [10]=   0 [11]=   0 
before (DPU 411) [0]=  96 [1]= 100 [2]=  98 [3]=   0 [4]=   0 [5]=   0 [6]=   0 [7]=   0 [8]=   0 [9]=   0 [10]=   0 [11]=   0 
after  (DPU 411) [0]=  96 [1]= 100 [2]=  98 [3]=   0 [4]=   0 [5]=   0 [6]=   0 [7]=   0 [8]=   0 [9]=   0 [10]=   0 [11]=   0 
before (DPU 412) [0]= 109 [1]=  99 [2]= 100 [3]=   0 [4]=   0 [5]=   0 [6]=   0 [7]=   0 [8]=   0 [9]=   0 [10]=   0 [11]=   0 
after  (DPU 412) [0]= 109 [1]=  99 [2]= 100 [3]=   0 [4]=   0 [5]=   0 [6]=   0 [7]=   0 [8]=   0 [9]=   0 [10]=   0 [11]=   0 
before (DPU 413) [0]= 106 [1]= 102 [2]= 112 [3]=   0 [4]=   0 [5]=   0 [6]=   0 [7]=   0 [8]=   0 [9]=   0 [10]=   0 [11]=   0 
after  (DPU 413) [0]= 106 [1]= 102 [2]= 112 [3]=   0 [4]=   0 [5]=   0 [6]=   0 [7]=   0 [8]=   0 [9]=   0 [10]=   0 [11]=   0 
before (DPU 414) [0]= 108 [1]= 107 [2]=  98 [3]=   0 [4]=   0 [5]=   0 [6]=   0 [7]=   0 [8]=   0 [9]=   0 [10]=   0 [11]=   0 
after  (DPU 414) [0]= 108 [1]= 107 [2]=  98 [3]=   0 [4]=   0 [5]=   0 [6]=   0 [7]=   0 [8]=   0 [9]=   0 [10]=   0 [11]=   0 
before (DPU 415) [0]= 120 [1]=  99 [2]= 102 [3]=   0 [4]=   0 [5]=   0 [6]=   0 [7]=   0 [8]=   0 [9]=   0 [10]=   0 [11]=   0 
after  (DPU 415) [0]= 120 [1]=  99 [2]= 102 [3]=   0 [4]=   0 [5]=   0 [6]=   0 [7]=   0 [8]=   0 [9]=   0 [10]=   0 [11]=   0 
before (DPU 416) [0]= 106 [1]= 117 [2]=  95 [3]=   0 [4]=   0 [5]=   0 [6]=   0 [7]=   0 [8]=   0 [9]=   0 [10]=   0 [11]=   0 
after  (DPU 416) [0]= 106 [1]= 117 [2]=  95 [3]=   0 [4]=   0 [5]=   0 [6]=   0 [7]=   0 [8]=   0 [9]=   0 [10]=   0 [11]=   0 
before (DPU 417) [0]=  94 [1]= 111 [2]=  99 [3]=   0 [4]=   0 [5]=   0 [6]=   0 [7]=   0 [8]=   0 [9]=   0 [10]=   0 [11]=   0 
after  (DPU 417) [0]=  94 [1]= 111 [2]=  99 [3]=   0 [4]=   0 [5]=   0 [6]=   0 [7]=   0 [8]=   0 [9]=   0 [10]=   0 [11]=   0 
before (DPU 418) [0]=  95 [1]=  92 [2]=  89 [3]=   0 [4]=   0 [5]=   0 [6]=   0 [7]=   0 [8]=   0 [9]=   0 [10]=   0 [11]=   0 
after  (DPU 418) [0]=  95 [1]=  92 [2]=  89 [3]=   0 [4]=   0 [5]=   0 [6]=   0 [7]=   0 [8]=   0 [9]=   0 [10]=   0 [11]=   0 
before (DPU 419) [0]=  88 [1]=  84 [2]= 113 [3]=   0 [4]=   0 [5]=   0 [6]=   0 [7]=   0 [8]=   0 [9]=   0 [10]=   0 [11]=   0 
after  (DPU 419) [0]=  88 [1]=  84 [2]= 113 [3]=   0 [4]=   0 [5]=   0 [6]=   0 [7]=   0 [8]=   0 [9]=   0 [10]=   0 [11]=   0 
before (DPU 420) [0]=  80 [1]= 107 [2]=  90 [3]=   0 [4]=   0 [5]=   0 [6]=   0 [7]=   0 [8]=   0 [9]=   0 [10]=   0 [11]=   0 
after  (DPU 420) [0]=  80 [1]= 107 [2]=  90 [3]=   0 [4]=   0 [5]=   0 [6]=   0 [7]=   0 [8]=   0 [9]=   0 [10]=   0 [11]=   0 
before (DPU 421) [0]=  90 [1]=  97 [2]=  86 [3]=   0 [4]=   0 [5]=   0 [6]=   0 [7]=   0 [8]=   0 [9]=   0 [10]=   0 [11]=   0 
after  (DPU 421) [0]=  90 [1]=  97 [2]=  86 [3]=   0 [4]=   0 [5]=   0 [6]=   0 [7]=   0 [8]=   0 [9]=   0 [10]=   0 [11]=   0 
before (DPU 422) [0]=  94 [1]=  89 [2]=  98 [3]=   0 [4]=   0 [5]=   0 [6]=   0 [7]=   0 [8]=   0 [9]=   0 [10]=   0 [11]=   0 
after  (DPU 422) [0]=  94 [1]=  89 [2]=  98 [3]=   0 [4]=   0 [5]=   0 [6]=   0 [7]=   0 [8]=   0 [9]=   0 [10]=   0 [11]=   0 
before (DPU 423) [0]=  93 [1]= 102 [2]= 109 [3]=   0 [4]=   0 [5]=   0 [6]=   0 [7]=   0 [8]=   0 [9]=   0 [10]=   0 [11]=   0 
after  (DPU 423) [0]=  93 [1]= 102 [2]= 109 [3]=   0 [4]=   0 [5]=   0 [6]=   0 [7]=   0 [8]=   0 [9]=   0 [10]=   0 [11]=   0 
before (DPU 424) [0]=  99 [1]=  87 [2]= 108 [3]=   0 [4]=   0 [5]=   0 [6]=   0 [7]=   0 [8]=   0 [9]=   0 [10]=   0 [11]=   0 
after  (DPU 424) [0]=  99 [1]=  87 [2]= 108 [3]=   0 [4]=   0 [5]=   0 [6]=   0 [7]=   0 [8]=   0 [9]=   0 [10]=   0 [11]=   0 
before (DPU 425) [0]=  69 [1]=  93 [2]=  93 [3]=   0 [4]=   0 [5]=   0 [6]=   0 [7]=   0 [8]=   0 [9]=   0 [10]=   0 [11]=   0 
after  (DPU 425) [0]=  69 [1]=  93 [2]=  93 [3]=   0 [4]=   0 [5]=   0 [6]=   0 [7]=   0 [8]=   0 [9]=   0 [10]=   0 [11]=   0 
before (DPU 426) [0]=  82 [1]=  90 [2]=  92 [3]=   0 [4]=   0 [5]=   0 [6]=   0 [7]=   0 [8]=   0 [9]=   0 [10]=   0 [11]=   0 
after  (DPU 426) [0]=  82 [1]=  90 [2]=  92 [3]=   0 [4]=   0 [5]=   0 [6]=   0 [7]=   0 [8]=   0 [9]=   0 [10]=   0 [11]=   0 
before (DPU 427) [0]=  97 [1]= 105 [2]=  96 [3]=   0 [4]=   0 [5]=   0 [6]=   0 [7]=   0 [8]=   0 [9]=   0 [10]=   0 [11]=   0 
after  (DPU 427) [0]=  97 [1]= 105 [2]=  96 [3]=   0 [4]=   0 [5]=   0 [6]=   0 [7]=   0 [8]=   0 [9]=   0 [10]=   0 [11]=   0 
before (DPU 428) [0]=  95 [1]=  95 [2]=  91 [3]=   0 [4]=   0 [5]=   0 [6]=   0 [7]=   0 [8]=   0 [9]=   0 [10]=   0 [11]=   0 
after  (DPU 428) [0]=  95 [1]=  95 [2]=  91 [3]=   0 [4]=   0 [5]=   0 [6]=   0 [7]=   0 [8]=   0 [9]=   0 [10]=   0 [11]=   0 
before (DPU 429) [0]=  68 [1]= 109 [2]= 105 [3]=   0 [4]=   0 [5]=   0 [6]=   0 [7]=   0 [8]=   0 [9]=   0 [10]=   0 [11]=   0 
after  (DPU 429) [0]=  68 [1]= 109 [2]= 105 [3]=   0 [4]=   0 [5]=   0 [6]=   0 [7]=   0 [8]=   0 [9]=   0 [10]=   0 [11]=   0 
before (DPU 430) [0]=  88 [1]=  81 [2]=  89 [3]=   0 [4]=   0 [5]=   0 [6]=   0 [7]=   0 [8]=   0 [9]=   0 [10]=   0 [11]=   0 
after  (DPU 430) [0]=  88 [1]=  81 [2]=  89 [3]=   0 [4]=   0 [5]=   0 [6]=   0 [7]=   0 [8]=   0 [9]=   0 [10]=   0 [11]=   0 
before (DPU 431) [0]=  91 [1]= 109 [2]= 101 [3]=   0 [4]=   0 [5]=   0 [6]=   0 [7]=   0 [8]=   0 [9]=   0 [10]=   0 [11]=   0 
after  (DPU 431) [0]=  91 [1]= 109 [2]= 101 [3]=   0 [4]=   0 [5]=   0 [6]=   0 [7]=   0 [8]=   0 [9]=   0 [10]=   0 [11]=   0 
before (DPU 432) [0]=  85 [1]=  91 [2]=  83 [3]=   0 [4]=   0 [5]=   0 [6]=   0 [7]=   0 [8]=   0 [9]=   0 [10]=   0 [11]=   0 
after  (DPU 432) [0]=  85 [1]=  91 [2]=  83 [3]=   0 [4]=   0 [5]=   0 [6]=   0 [7]=   0 [8]=   0 [9]=   0 [10]=   0 [11]=   0 
before (DPU 433) [0]=  95 [1]=  95 [2]=  78 [3]=   0 [4]=   0 [5]=   0 [6]=   0 [7]=   0 [8]=   0 [9]=   0 [10]=   0 [11]=   0 
after  (DPU 433) [0]=  95 [1]=  95 [2]=  78 [3]=   0 [4]=   0 [5]=   0 [6]=   0 [7]=   0 [8]=   0 [9]=   0 [10]=   0 [11]=   0 
before (DPU 434) [0]=  90 [1]=  94 [2]=  98 [3]=   0 [4]=   0 [5]=   0 [6]=   0 [7]=   0 [8]=   0 [9]=   0 [10]=   0 [11]=   0 
after  (DPU 434) [0]=  90 [1]=  94 [2]=  98 [3]=   0 [4]=   0 [5]=   0 [6]=   0 [7]=   0 [8]=   0 [9]=   0 [10]=   0 [11]=   0 
before (DPU 435) [0]=  95 [1]=  88 [2]=  80 [3]=   0 [4]=   0 [5]=   0 [6]=   0 [7]=   0 [8]=   0 [9]=   0 [10]=   0 [11]=   0 
after  (DPU 435) [0]=  95 [1]=  88 [2]=  80 [3]=   0 [4]=   0 [5]=   0 [6]=   0 [7]=   0 [8]=   0 [9]=   0 [10]=   0 [11]=   0 
before (DPU 436) [0]=  84 [1]=  87 [2]=  92 [3]=   0 [4]=   0 [5]=   0 [6]=   0 [7]=   0 [8]=   0 [9]=   0 [10]=   0 [11]=   0 
after  (DPU 436) [0]=  84 [1]=  87 [2]=  92 [3]=   0 [4]=   0 [5]=   0 [6]=   0 [7]=   0 [8]=   0 [9]=   0 [10]=   0 [11]=   0 
before (DPU 437) [0]=  86 [1]=  97 [2]=  91 [3]=   0 [4]=   0 [5]=   0 [6]=   0 [7]=   0 [8]=   0 [9]=   0 [10]=   0 [11]=   0 
after  (DPU 437) [0]=  86 [1]=  97 [2]=  91 [3]=   0 [4]=   0 [5]=   0 [6]=   0 [7]=   0 [8]=   0 [9]=   0 [10]=   0 [11]=   0 
before (DPU 438) [0]=  88 [1]= 102 [2]=  92 [3]=   0 [4]=   0 [5]=   0 [6]=   0 [7]=   0 [8]=   0 [9]=   0 [10]=   0 [11]=   0 
after  (DPU 438) [0]=  88 [1]= 102 [2]=  92 [3]=   0 [4]=   0 [5]=   0 [6]=   0 [7]=   0 [8]=   0 [9]=   0 [10]=   0 [11]=   0 
before (DPU 439) [0]= 100 [1]=  88 [2]=  92 [3]=   0 [4]=   0 [5]=   0 [6]=   0 [7]=   0 [8]=   0 [9]=   0 [10]=   0 [11]=   0 
after  (DPU 439) [0]= 100 [1]=  88 [2]=  92 [3]=   0 [4]=   0 [5]=   0 [6]=   0 [7]=   0 [8]=   0 [9]=   0 [10]=   0 [11]=   0 
before (DPU 440) [0]=  82 [1]=  91 [2]=  96 [3]=   0 [4]=   0 [5]=   0 [6]=   0 [7]=   0 [8]=   0 [9]=   0 [10]=   0 [11]=   0 
after  (DPU 440) [0]=  82 [1]=  91 [2]=  96 [3]=   0 [4]=   0 [5]=   0 [6]=   0 [7]=   0 [8]=   0 [9]=   0 [10]=   0 [11]=   0 
before (DPU 441) [0]= 104 [1]=  96 [2]=  87 [3]=   0 [4]=   0 [5]=   0 [6]=   0 [7]=   0 [8]=   0 [9]=   0 [10]=   0 [11]=   0 
after  (DPU 441) [0]= 104 [1]=  96 [2]=  87 [3]=   0 [4]=   0 [5]=   0 [6]=   0 [7]=   0 [8]=   0 [9]=   0 [10]=   0 [11]=   0 
before (DPU 442) [0]=  82 [1]=  93 [2]= 102 [3]=   0 [4]=   0 [5]=   0 [6]=   0 [7]=   0 [8]=   0 [9]=   0 [10]=   0 [11]=   0 
after  (DPU 442) [0]=  82 [1]=  93 [2]= 102 [3]=   0 [4]=   0 [5]=   0 [6]=   0 [7]=   0 [8]=   0 [9]=   0 [10]=   0 [11]=   0 
before (DPU 443) [0]= 105 [1]=  96 [2]= 106 [3]=   0 [4]=   0 [5]=   0 [6]=   0 [7]=   0 [8]=   0 [9]=   0 [10]=   0 [11]=   0 
after  (DPU 443) [0]= 105 [1]=  96 [2]= 106 [3]=   0 [4]=   0 [5]=   0 [6]=   0 [7]=   0 [8]=   0 [9]=   0 [10]=   0 [11]=   0 
before (DPU 444) [0]= 104 [1]=  87 [2]=  92 [3]=   0 [4]=   0 [5]=   0 [6]=   0 [7]=   0 [8]=   0 [9]=   0 [10]=   0 [11]=   0 
after  (DPU 444) [0]= 104 [1]=  87 [2]=  92 [3]=   0 [4]=   0 [5]=   0 [6]=   0 [7]=   0 [8]=   0 [9]=   0 [10]=   0 [11]=   0 
before (DPU 445) [0]=  92 [1]= 103 [2]=  90 [3]=   0 [4]=   0 [5]=   0 [6]=   0 [7]=   0 [8]=   0 [9]=   0 [10]=   0 [11]=   0 
after  (DPU 445) [0]=  92 [1]= 103 [2]=  90 [3]=   0 [4]=   0 [5]=   0 [6]=   0 [7]=   0 [8]=   0 [9]=   0 [10]=   0 [11]=   0 
before (DPU 446) [0]=  81 [1]=  86 [2]= 103 [3]=138966 [4]=   0 [5]=   0 [6]=   0 [7]=   0 [8]=   0 [9]=   0 [10]=   0 [11]=   0 
after  (DPU 446) [0]=  81 [1]=  86 [2]=   0 [3]=138966 [4]=   0 [5]=   0 [6]=   0 [7]=   0 [8]=   0 [9]=   0 [10]=   0 [11]=   0 
before (DPU 447) [0]=  86 [1]=  94 [2]=  90 [3]=   0 [4]=   0 [5]=   0 [6]=   0 [7]=   0 [8]=   0 [9]=   0 [10]=   0 [11]=   0 
after  (DPU 447) [0]=  86 [1]=  94 [2]=  90 [3]=   0 [4]=   0 [5]=   0 [6]=   0 [7]=   0 [8]=   0 [9]=   0 [10]=   0 [11]=   0 
before (DPU 448) [0]= 100 [1]=  83 [2]=  84 [3]=   0 [4]=   0 [5]=   0 [6]=   0 [7]=   0 [8]=   0 [9]=   0 [10]=   0 [11]=   0 
after  (DPU 448) [0]= 100 [1]=  83 [2]=  84 [3]=   0 [4]=   0 [5]=   0 [6]=   0 [7]=   0 [8]=   0 [9]=   0 [10]=   0 [11]=   0 
before (DPU 449) [0]=  81 [1]=  82 [2]=  68 [3]=   0 [4]=   0 [5]=   0 [6]=   0 [7]=   0 [8]=   0 [9]=   0 [10]=   0 [11]=   0 
after  (DPU 449) [0]=  81 [1]=  82 [2]=  68 [3]=21586 [4]=   0 [5]=   0 [6]=   0 [7]=   0 [8]=   0 [9]=   0 [10]=   0 [11]=   0 
before (DPU 450) [0]=  86 [1]=  82 [2]=  92 [3]=   0 [4]=   0 [5]=   0 [6]=   0 [7]=   0 [8]=   0 [9]=   0 [10]=   0 [11]=   0 
after  (DPU 450) [0]=  86 [1]=  82 [2]=  92 [3]=   0 [4]=   0 [5]=   0 [6]=   0 [7]=   0 [8]=   0 [9]=   0 [10]=   0 [11]=   0 
before (DPU 451) [0]=  94 [1]=  95 [2]=  84 [3]=   0 [4]=   0 [5]=   0 [6]=   0 [7]=   0 [8]=   0 [9]=   0 [10]=   0 [11]=   0 
after  (DPU 451) [0]=  94 [1]=  95 [2]=  84 [3]=   0 [4]=   0 [5]=   0 [6]=   0 [7]=   0 [8]=   0 [9]=   0 [10]=   0 [11]=   0 
before (DPU 452) [0]=  78 [1]=  95 [2]=  75 [3]=   0 [4]=   0 [5]=   0 [6]=   0 [7]=   0 [8]=   0 [9]=   0 [10]=   0 [11]=   0 
after  (DPU 452) [0]=  78 [1]=  95 [2]=  75 [3]=   0 [4]=   0 [5]=   0 [6]=   0 [7]=   0 [8]=   0 [9]=   0 [10]=   0 [11]=   0 
before (DPU 453) [0]= 103 [1]=  83 [2]=  90 [3]=   0 [4]=   0 [5]=   0 [6]=   0 [7]=   0 [8]=   0 [9]=   0 [10]=   0 [11]=   0 
after  (DPU 453) [0]= 103 [1]=  83 [2]=  90 [3]=   0 [4]=   0 [5]=   0 [6]=   0 [7]=   0 [8]=   0 [9]=   0 [10]=   0 [11]=   0 
before (DPU 454) [0]=  75 [1]=  88 [2]=  90 [3]=   0 [4]=   0 [5]=   0 [6]=   0 [7]=   0 [8]=   0 [9]=   0 [10]=   0 [11]=   0 
after  (DPU 454) [0]=  75 [1]=  88 [2]=  90 [3]=   0 [4]=   0 [5]=   0 [6]=   0 [7]=   0 [8]=   0 [9]=   0 [10]=   0 [11]=   0 
before (DPU 455) [0]= 100 [1]=  98 [2]=  93 [3]=   0 [4]=   0 [5]=   0 [6]=   0 [7]=   0 [8]=   0 [9]=   0 [10]=   0 [11]=   0 
after  (DPU 455) [0]= 100 [1]=  98 [2]=  93 [3]=   0 [4]=   0 [5]=   0 [6]=   0 [7]=   0 [8]=   0 [9]=   0 [10]=   0 [11]=   0 
before (DPU 456) [0]=  98 [1]=  86 [2]=  80 [3]=   0 [4]=   0 [5]=   0 [6]=   0 [7]=   0 [8]=   0 [9]=   0 [10]=   0 [11]=   0 
after  (DPU 456) [0]=  98 [1]=  86 [2]=  80 [3]=   0 [4]=   0 [5]=   0 [6]=   0 [7]=   0 [8]=   0 [9]=   0 [10]=   0 [11]=   0 
before (DPU 457) [0]=  91 [1]=  94 [2]=  92 [3]=   0 [4]=   0 [5]=   0 [6]=   0 [7]=   0 [8]=   0 [9]=   0 [10]=   0 [11]=   0 
after  (DPU 457) [0]=  91 [1]=  94 [2]=  92 [3]=   0 [4]=   0 [5]=   0 [6]=   0 [7]=   0 [8]=   0 [9]=   0 [10]=   0 [11]=   0 
before (DPU 458) [0]=  81 [1]= 107 [2]=  96 [3]=   0 [4]=   0 [5]=   0 [6]=   0 [7]=   0 [8]=   0 [9]=   0 [10]=   0 [11]=   0 
after  (DPU 458) [0]=  81 [1]= 107 [2]=  96 [3]=   0 [4]=   0 [5]=   0 [6]=   0 [7]=   0 [8]=   0 [9]=   0 [10]=   0 [11]=   0 
before (DPU 459) [0]= 105 [1]=  90 [2]=  92 [3]=12242 [4]=   0 [5]=   0 [6]=   0 [7]=   0 [8]=   0 [9]=   0 [10]=   0 [11]=   0 
after  (DPU 459) [0]= 105 [1]=  90 [2]=  92 [3]=12242 [4]=   0 [5]=   0 [6]=   0 [7]=   0 [8]=   0 [9]=   0 [10]=   0 [11]=   0 
before (DPU 460) [0]=  92 [1]=  85 [2]=  81 [3]=   0 [4]=   0 [5]=   0 [6]=   0 [7]=   0 [8]=   0 [9]=   0 [10]=   0 [11]=   0 
after  (DPU 460) [0]=  92 [1]=  85 [2]=  81 [3]=   0 [4]=   0 [5]=   0 [6]=   0 [7]=   0 [8]=   0 [9]=   0 [10]=   0 [11]=   0 
before (DPU 461) [0]=  77 [1]=  72 [2]=  98 [3]=   0 [4]=   0 [5]=   0 [6]=   0 [7]=   0 [8]=   0 [9]=   0 [10]=   0 [11]=   0 
after  (DPU 461) [0]=  77 [1]=  72 [2]=  98 [3]=   0 [4]=   0 [5]=   0 [6]=   0 [7]=   0 [8]=   0 [9]=   0 [10]=   0 [11]=   0 
before (DPU 462) [0]=  88 [1]=  80 [2]=  94 [3]=   0 [4]=   0 [5]=   0 [6]=   0 [7]=   0 [8]=   0 [9]=   0 [10]=   0 [11]=   0 
after  (DPU 462) [0]=  88 [1]=  80 [2]=  94 [3]=   0 [4]=   0 [5]=   0 [6]=   0 [7]=   0 [8]=   0 [9]=   0 [10]=   0 [11]=   0 
before (DPU 463) [0]=  79 [1]=  85 [2]=  85 [3]=   0 [4]=   0 [5]=   0 [6]=   0 [7]=   0 [8]=   0 [9]=   0 [10]=   0 [11]=   0 
after  (DPU 463) [0]=  79 [1]=  85 [2]=  85 [3]=   0 [4]=   0 [5]=   0 [6]=   0 [7]=   0 [8]=   0 [9]=   0 [10]=   0 [11]=   0 
before (DPU 464) [0]= 107 [1]=  85 [2]=  73 [3]=   0 [4]=   0 [5]=   0 [6]=   0 [7]=   0 [8]=   0 [9]=   0 [10]=   0 [11]=   0 
after  (DPU 464) [0]= 107 [1]=  85 [2]=  73 [3]=   0 [4]=   0 [5]=   0 [6]=   0 [7]=   0 [8]=   0 [9]=   0 [10]=   0 [11]=   0 
before (DPU 465) [0]=  72 [1]=  75 [2]=  90 [3]=   0 [4]=   0 [5]=   0 [6]=   0 [7]=   0 [8]=   0 [9]=   0 [10]=   0 [11]=   0 
after  (DPU 465) [0]=  72 [1]=  75 [2]=  90 [3]=   0 [4]=   0 [5]=   0 [6]=   0 [7]=   0 [8]=   0 [9]=   0 [10]=   0 [11]=   0 
before (DPU 466) [0]=  97 [1]=  93 [2]=  95 [3]=   0 [4]=   0 [5]=   0 [6]=   0 [7]=   0 [8]=   0 [9]=   0 [10]=   0 [11]=   0 
after  (DPU 466) [0]=  97 [1]=  93 [2]=  95 [3]=   0 [4]=   0 [5]=   0 [6]=   0 [7]=   0 [8]=   0 [9]=   0 [10]=   0 [11]=   0 
before (DPU 467) [0]=  92 [1]=  91 [2]=  98 [3]=   0 [4]=   0 [5]=   0 [6]=   0 [7]=   0 [8]=   0 [9]=   0 [10]=   0 [11]=   0 
after  (DPU 467) [0]=  92 [1]=  91 [2]=  98 [3]=   0 [4]=   0 [5]=   0 [6]=   0 [7]=   0 [8]=   0 [9]=   0 [10]=   0 [11]=   0 
before (DPU 468) [0]=  93 [1]=  88 [2]=  75 [3]=   0 [4]=   0 [5]=   0 [6]=   0 [7]=   0 [8]=   0 [9]=   0 [10]=   0 [11]=   0 
after  (DPU 468) [0]=  93 [1]=  88 [2]=  75 [3]=   0 [4]=   0 [5]=   0 [6]=   0 [7]=   0 [8]=   0 [9]=   0 [10]=   0 [11]=   0 
before (DPU 469) [0]=  69 [1]=  76 [2]=  99 [3]=   0 [4]=   0 [5]=   0 [6]=   0 [7]=   0 [8]=   0 [9]=   0 [10]=   0 [11]=   0 
after  (DPU 469) [0]=  69 [1]=  76 [2]=  99 [3]=   0 [4]=   0 [5]=   0 [6]=   0 [7]=   0 [8]=   0 [9]=   0 [10]=   0 [11]=   0 
before (DPU 470) [0]=  83 [1]=  99 [2]=  65 [3]=17896 [4]=   0 [5]=   0 [6]=   0 [7]=   0 [8]=   0 [9]=   0 [10]=   0 [11]=   0 
after  (DPU 470) [0]=  83 [1]=  99 [2]=  65 [3]=17896 [4]=   0 [5]=   0 [6]=   0 [7]=   0 [8]=   0 [9]=   0 [10]=   0 [11]=   0 
before (DPU 471) [0]=  86 [1]=  92 [2]=  87 [3]=   0 [4]=   0 [5]=   0 [6]=   0 [7]=   0 [8]=   0 [9]=   0 [10]=   0 [11]=   0 
after  (DPU 471) [0]=  86 [1]=  92 [2]=  87 [3]=   0 [4]=   0 [5]=   0 [6]=   0 [7]=   0 [8]=   0 [9]=   0 [10]=   0 [11]=   0 
before (DPU 472) [0]= 100 [1]=  86 [2]=  83 [3]=   0 [4]=   0 [5]=   0 [6]=   0 [7]=   0 [8]=   0 [9]=   0 [10]=   0 [11]=   0 
after  (DPU 472) [0]= 100 [1]=  86 [2]=  83 [3]=   0 [4]=   0 [5]=   0 [6]=   0 [7]=   0 [8]=   0 [9]=   0 [10]=   0 [11]=   0 
before (DPU 473) [0]=  88 [1]=  91 [2]=  92 [3]=   0 [4]=   0 [5]=   0 [6]=   0 [7]=   0 [8]=   0 [9]=   0 [10]=   0 [11]=   0 
after  (DPU 473) [0]=  88 [1]=  91 [2]=  92 [3]=   0 [4]=   0 [5]=   0 [6]=   0 [7]=   0 [8]=   0 [9]=   0 [10]=   0 [11]=   0 
before (DPU 474) [0]=  91 [1]=  84 [2]=  79 [3]=   0 [4]=   0 [5]=   0 [6]=   0 [7]=   0 [8]=   0 [9]=   0 [10]=   0 [11]=   0 
after  (DPU 474) [0]=  91 [1]=  84 [2]=  79 [3]=   0 [4]=   0 [5]=   0 [6]=   0 [7]=   0 [8]=   0 [9]=   0 [10]=   0 [11]=   0 
before (DPU 475) [0]=  94 [1]=  95 [2]=  75 [3]=   0 [4]=   0 [5]=   0 [6]=   0 [7]=   0 [8]=   0 [9]=   0 [10]=   0 [11]=   0 
after  (DPU 475) [0]=  94 [1]=  95 [2]=  75 [3]=   0 [4]=   0 [5]=   0 [6]=   0 [7]=   0 [8]=   0 [9]=   0 [10]=   0 [11]=   0 
before (DPU 476) [0]=  88 [1]=  89 [2]=  78 [3]=   0 [4]=   0 [5]=   0 [6]=   0 [7]=   0 [8]=   0 [9]=   0 [10]=   0 [11]=   0 
after  (DPU 476) [0]=  88 [1]=  89 [2]=  78 [3]=   0 [4]=   0 [5]=   0 [6]=   0 [7]=   0 [8]=   0 [9]=   0 [10]=   0 [11]=   0 
before (DPU 477) [0]=  86 [1]=  94 [2]=  81 [3]=   0 [4]=   0 [5]=   0 [6]=   0 [7]=   0 [8]=   0 [9]=   0 [10]=   0 [11]=   0 
after  (DPU 477) [0]=  86 [1]=  94 [2]=  81 [3]=   0 [4]=   0 [5]=   0 [6]=   0 [7]=   0 [8]=   0 [9]=   0 [10]=   0 [11]=   0 
before (DPU 478) [0]=  83 [1]=  72 [2]=  76 [3]=   0 [4]=   0 [5]=   0 [6]=   0 [7]=   0 [8]=   0 [9]=   0 [10]=   0 [11]=   0 
after  (DPU 478) [0]=  83 [1]=  72 [2]=  76 [3]=  97 [4]=   0 [5]=   0 [6]=   0 [7]=   0 [8]=   0 [9]=   0 [10]=   0 [11]=   0 
before (DPU 479) [0]=  90 [1]= 106 [2]=  92 [3]=   0 [4]=   0 [5]=   0 [6]=   0 [7]=   0 [8]=   0 [9]=   0 [10]=   0 [11]=   0 
after  (DPU 479) [0]=  90 [1]= 106 [2]=  92 [3]=   0 [4]=   0 [5]=   0 [6]=   0 [7]=   0 [8]=   0 [9]=   0 [10]=   0 [11]=   0 
before (DPU 480) [0]=  99 [1]=  87 [2]=  90 [3]=   0 [4]=   0 [5]=   0 [6]=   0 [7]=   0 [8]=   0 [9]=   0 [10]=   0 [11]=   0 
after  (DPU 480) [0]=  99 [1]=  87 [2]=  90 [3]=   0 [4]=   0 [5]=   0 [6]=   0 [7]=   0 [8]=   0 [9]=   0 [10]=   0 [11]=   0 
before (DPU 481) [0]=  82 [1]=  97 [2]=  88 [3]=33240 [4]=   0 [5]=   0 [6]=   0 [7]=   0 [8]=   0 [9]=   0 [10]=   0 [11]=   0 
after  (DPU 481) [0]=  82 [1]=   0 [2]=  88 [3]=33240 [4]=   0 [5]=   0 [6]=   0 [7]=   0 [8]=   0 [9]=   0 [10]=   0 [11]=   0 
before (DPU 482) [0]=  81 [1]=  75 [2]=  85 [3]=   0 [4]=   0 [5]=   0 [6]=   0 [7]=   0 [8]=   0 [9]=   0 [10]=   0 [11]=   0 
after  (DPU 482) [0]=  81 [1]=  75 [2]=  85 [3]=   0 [4]=   0 [5]=   0 [6]=   0 [7]=   0 [8]=   0 [9]=   0 [10]=   0 [11]=   0 
before (DPU 483) [0]=  84 [1]=  86 [2]=  96 [3]=   0 [4]=   0 [5]=   0 [6]=   0 [7]=   0 [8]=   0 [9]=   0 [10]=   0 [11]=   0 
after  (DPU 483) [0]=  84 [1]=  86 [2]=  96 [3]=   0 [4]=   0 [5]=   0 [6]=   0 [7]=   0 [8]=   0 [9]=   0 [10]=   0 [11]=   0 
before (DPU 484) [0]=  66 [1]=  86 [2]=  87 [3]=   0 [4]=   0 [5]=   0 [6]=   0 [7]=   0 [8]=   0 [9]=   0 [10]=   0 [11]=   0 
after  (DPU 484) [0]=  66 [1]=  86 [2]=  87 [3]=   0 [4]=   0 [5]=   0 [6]=   0 [7]=   0 [8]=   0 [9]=   0 [10]=   0 [11]=   0 
before (DPU 485) [0]=  77 [1]=  83 [2]=  89 [3]=   0 [4]=   0 [5]=   0 [6]=   0 [7]=   0 [8]=   0 [9]=   0 [10]=   0 [11]=   0 
after  (DPU 485) [0]=  77 [1]=  83 [2]=  89 [3]=   0 [4]=   0 [5]=   0 [6]=   0 [7]=   0 [8]=   0 [9]=   0 [10]=   0 [11]=   0 
before (DPU 486) [0]=  76 [1]= 102 [2]=  98 [3]=   0 [4]=   0 [5]=   0 [6]=   0 [7]=   0 [8]=   0 [9]=   0 [10]=   0 [11]=   0 
after  (DPU 486) [0]=  76 [1]= 102 [2]=  98 [3]=   0 [4]=   0 [5]=   0 [6]=   0 [7]=   0 [8]=   0 [9]=   0 [10]=   0 [11]=   0 
before (DPU 487) [0]=  80 [1]=  87 [2]=  88 [3]=   0 [4]=   0 [5]=   0 [6]=   0 [7]=   0 [8]=   0 [9]=   0 [10]=   0 [11]=   0 
after  (DPU 487) [0]=  80 [1]=  87 [2]=  88 [3]=   0 [4]=   0 [5]=   0 [6]=   0 [7]=   0 [8]=   0 [9]=   0 [10]=   0 [11]=   0 
before (DPU 488) [0]=  77 [1]=  86 [2]=  81 [3]=   0 [4]=   0 [5]=   0 [6]=   0 [7]=   0 [8]=   0 [9]=   0 [10]=   0 [11]=   0 
after  (DPU 488) [0]=  77 [1]=  86 [2]=  81 [3]=   0 [4]=   0 [5]=   0 [6]=   0 [7]=   0 [8]=   0 [9]=   0 [10]=   0 [11]=   0 
before (DPU 489) [0]=  94 [1]=  84 [2]=  97 [3]=   0 [4]=   0 [5]=   0 [6]=   0 [7]=   0 [8]=   0 [9]=   0 [10]=   0 [11]=   0 
after  (DPU 489) [0]=  94 [1]=  84 [2]=  97 [3]=   0 [4]=   0 [5]=   0 [6]=   0 [7]=   0 [8]=   0 [9]=   0 [10]=   0 [11]=   0 
before (DPU 490) [0]=  73 [1]=  77 [2]=  77 [3]=   0 [4]=   0 [5]=   0 [6]=   0 [7]=   0 [8]=   0 [9]=   0 [10]=   0 [11]=   0 
after  (DPU 490) [0]=  73 [1]=  77 [2]=  77 [3]= 103 [4]=   0 [5]=   0 [6]=   0 [7]=   0 [8]=   0 [9]=   0 [10]=   0 [11]=   0 
before (DPU 491) [0]=  97 [1]=  95 [2]=  76 [3]=   0 [4]=   0 [5]=   0 [6]=   0 [7]=   0 [8]=   0 [9]=   0 [10]=   0 [11]=   0 
after  (DPU 491) [0]=  97 [1]=  95 [2]=  76 [3]=   0 [4]=   0 [5]=   0 [6]=   0 [7]=   0 [8]=   0 [9]=   0 [10]=   0 [11]=   0 
before (DPU 492) [0]=  70 [1]=  85 [2]=  87 [3]=   0 [4]=   0 [5]=   0 [6]=   0 [7]=   0 [8]=   0 [9]=   0 [10]=   0 [11]=   0 
after  (DPU 492) [0]=  70 [1]=  85 [2]=  87 [3]=   0 [4]=   0 [5]=   0 [6]=   0 [7]=   0 [8]=   0 [9]=   0 [10]=   0 [11]=   0 
before (DPU 493) [0]=  85 [1]=  72 [2]=  81 [3]=   0 [4]=   0 [5]=   0 [6]=   0 [7]=   0 [8]=   0 [9]=   0 [10]=   0 [11]=   0 
after  (DPU 493) [0]=  85 [1]=  72 [2]=  81 [3]=   0 [4]=   0 [5]=   0 [6]=   0 [7]=   0 [8]=   0 [9]=   0 [10]=   0 [11]=   0 
before (DPU 494) [0]=  90 [1]=  87 [2]= 100 [3]=   0 [4]=   0 [5]=   0 [6]=   0 [7]=   0 [8]=   0 [9]=   0 [10]=   0 [11]=   0 
after  (DPU 494) [0]=  90 [1]=  87 [2]= 100 [3]=   0 [4]=   0 [5]=   0 [6]=   0 [7]=   0 [8]=   0 [9]=   0 [10]=   0 [11]=   0 
before (DPU 495) [0]=  95 [1]=  89 [2]=  88 [3]=9464 [4]=   0 [5]=   0 [6]=   0 [7]=   0 [8]=   0 [9]=   0 [10]=   0 [11]=   0 
after  (DPU 495) [0]=  95 [1]=  89 [2]=  88 [3]=9464 [4]=   0 [5]=   0 [6]=   0 [7]=   0 [8]=   0 [9]=   0 [10]=   0 [11]=   0 
before (DPU 496) [0]=  83 [1]=  74 [2]=  77 [3]=   0 [4]=   0 [5]=   0 [6]=   0 [7]=   0 [8]=   0 [9]=   0 [10]=   0 [11]=   0 
after  (DPU 496) [0]=  83 [1]=  74 [2]=  77 [3]=13592 [4]=   0 [5]=   0 [6]=   0 [7]=   0 [8]=   0 [9]=   0 [10]=   0 [11]=   0 
before (DPU 497) [0]=  93 [1]=  98 [2]=  79 [3]=   0 [4]=   0 [5]=   0 [6]=   0 [7]=   0 [8]=   0 [9]=   0 [10]=   0 [11]=   0 
after  (DPU 497) [0]=  93 [1]=  98 [2]=  79 [3]=   0 [4]=   0 [5]=   0 [6]=   0 [7]=   0 [8]=   0 [9]=   0 [10]=   0 [11]=   0 
before (DPU 498) [0]=  79 [1]=  86 [2]=  81 [3]=   0 [4]=   0 [5]=   0 [6]=   0 [7]=   0 [8]=   0 [9]=   0 [10]=   0 [11]=   0 
after  (DPU 498) [0]=  79 [1]=  86 [2]=  81 [3]=   0 [4]=   0 [5]=   0 [6]=   0 [7]=   0 [8]=   0 [9]=   0 [10]=   0 [11]=   0 
before (DPU 499) [0]=  70 [1]=  85 [2]=  73 [3]=   0 [4]=   0 [5]=   0 [6]=   0 [7]=   0 [8]=   0 [9]=   0 [10]=   0 [11]=   0 
after  (DPU 499) [0]=  70 [1]=  85 [2]=  73 [3]=48559 [4]=   0 [5]=   0 [6]=   0 [7]=   0 [8]=   0 [9]=   0 [10]=   0 [11]=   0 
key_index after (DPU 0) [0]=   0 [1]=71837 [2]=71837 [3]=71837 [4]=71837 [5]=71837 [6]=71837 [7]=71837 [8]=71837 [9]=71837 [10]=71837 [11]=71837 [12]=71837 
key_index after (DPU 1) [0]=   0 [1]=25828 [2]=25828 [3]=25828 [4]=25828 [5]=25828 [6]=25828 [7]=25828 [8]=25828 [9]=25828 [10]=25828 [11]=25828 [12]=25828 
key_index after (DPU 2) [0]=   0 [1]=15793 [2]=15793 [3]=15793 [4]=15793 [5]=15793 [6]=15793 [7]=15793 [8]=15793 [9]=15793 [10]=15793 [11]=15793 [12]=15793 
key_index after (DPU 3) [0]=   0 [1]=11296 [2]=21419 [3]=21419 [4]=21419 [5]=21419 [6]=21419 [7]=21419 [8]=21419 [9]=21419 [10]=21419 [11]=21419 [12]=21419 
key_index after (DPU 4) [0]=   0 [1]=8820 [2]=16845 [3]=16845 [4]=16845 [5]=16845 [6]=16845 [7]=16845 [8]=16845 [9]=16845 [10]=16845 [11]=16845 [12]=16845 
key_index after (DPU 5) [0]=7556 [1]=14788 [2]=21601 [3]=21601 [4]=21601 [5]=21601 [6]=21601 [7]=21601 [8]=21601 [9]=21601 [10]=21601 [11]=21601 [12]=21601 
key_index after (DPU 6) [0]=6357 [1]=12285 [2]=18118 [3]=18118 [4]=18118 [5]=18118 [6]=18118 [7]=18118 [8]=18118 [9]=18118 [10]=18118 [11]=18118 [12]=18118 
key_index after (DPU 7) [0]=5372 [1]=10664 [2]=15705 [3]=15705 [4]=15705 [5]=15705 [6]=15705 [7]=15705 [8]=15705 [9]=15705 [10]=15705 [11]=15705 [12]=15705 
key_index after (DPU 8) [0]=4735 [1]=9485 [2]=13994 [3]=13994 [4]=13994 [5]=13994 [6]=13994 [7]=13994 [8]=13994 [9]=13994 [10]=13994 [11]=13994 [12]=13994 
key_index after (DPU 9) [0]=4177 [1]=8324 [2]=12357 [3]=12357 [4]=12357 [5]=12357 [6]=12357 [7]=12357 [8]=12357 [9]=12357 [10]=12357 [11]=12357 [12]=12357 
key_index after (DPU 10) [0]=3831 [1]=7444 [2]=11010 [3]=11010 [4]=11010 [5]=11010 [6]=11010 [7]=11010 [8]=11010 [9]=11010 [10]=11010 [11]=11010 [12]=11010 
key_index after (DPU 11) [0]=3506 [1]=6828 [2]=10127 [3]=10127 [4]=10127 [5]=10127 [6]=10127 [7]=10127 [8]=10127 [9]=10127 [10]=10127 [11]=10127 [12]=10127 
key_index after (DPU 12) [0]=3154 [1]=6263 [2]=9310 [3]=9310 [4]=9310 [5]=9310 [6]=9310 [7]=9310 [8]=9310 [9]=9310 [10]=9310 [11]=9310 [12]=9310 
key_index after (DPU 13) [0]=2961 [1]=5909 [2]=8790 [3]=8790 [4]=8790 [5]=8790 [6]=8790 [7]=8790 [8]=8790 [9]=8790 [10]=8790 [11]=8790 [12]=8790 
key_index after (DPU 14) [0]=2858 [1]=5586 [2]=8270 [3]=8270 [4]=8270 [5]=8270 [6]=8270 [7]=8270 [8]=8270 [9]=8270 [10]=8270 [11]=8270 [12]=8270 
key_index after (DPU 15) [0]=2568 [1]=5151 [2]=7785 [3]=7785 [4]=7785 [5]=7785 [6]=7785 [7]=7785 [8]=7785 [9]=7785 [10]=7785 [11]=7785 [12]=7785 
key_index after (DPU 16) [0]=2428 [1]=4773 [2]=7125 [3]=7125 [4]=7125 [5]=7125 [6]=7125 [7]=7125 [8]=7125 [9]=7125 [10]=7125 [11]=7125 [12]=7125 
key_index after (DPU 17) [0]=2340 [1]=4581 [2]=6796 [3]=6796 [4]=6796 [5]=6796 [6]=6796 [7]=6796 [8]=6796 [9]=6796 [10]=6796 [11]=6796 [12]=6796 
key_index after (DPU 18) [0]=2150 [1]=4305 [2]=6409 [3]=6409 [4]=6409 [5]=6409 [6]=6409 [7]=6409 [8]=6409 [9]=6409 [10]=6409 [11]=6409 [12]=6409 
key_index after (DPU 19) [0]=2140 [1]=4157 [2]=6146 [3]=6146 [4]=6146 [5]=6146 [6]=6146 [7]=6146 [8]=6146 [9]=6146 [10]=6146 [11]=6146 [12]=6146 
key_index after (DPU 20) [0]=1949 [1]=3904 [2]=5822 [3]=5822 [4]=5822 [5]=5822 [6]=5822 [7]=5822 [8]=5822 [9]=5822 [10]=5822 [11]=5822 [12]=5822 
key_index after (DPU 21) [0]=1831 [1]=3707 [2]=5531 [3]=5531 [4]=5531 [5]=5531 [6]=5531 [7]=5531 [8]=5531 [9]=5531 [10]=5531 [11]=5531 [12]=5531 
key_index after (DPU 22) [0]=1792 [1]=3592 [2]=5316 [3]=5316 [4]=5316 [5]=5316 [6]=5316 [7]=5316 [8]=5316 [9]=5316 [10]=5316 [11]=5316 [12]=5316 
key_index after (DPU 23) [0]=1694 [1]=3390 [2]=5039 [3]=5039 [4]=5039 [5]=5039 [6]=5039 [7]=5039 [8]=5039 [9]=5039 [10]=5039 [11]=5039 [12]=5039 
key_index after (DPU 24) [0]=1651 [1]=3204 [2]=4782 [3]=4782 [4]=4782 [5]=4782 [6]=4782 [7]=4782 [8]=4782 [9]=4782 [10]=4782 [11]=4782 [12]=4782 
key_index after (DPU 25) [0]=1615 [1]=3184 [2]=4742 [3]=4742 [4]=4742 [5]=4742 [6]=4742 [7]=4742 [8]=4742 [9]=4742 [10]=4742 [11]=4742 [12]=4742 
key_index after (DPU 26) [0]=1527 [1]=3032 [2]=4551 [3]=4551 [4]=4551 [5]=4551 [6]=4551 [7]=4551 [8]=4551 [9]=4551 [10]=4551 [11]=4551 [12]=4551 
key_index after (DPU 27) [0]=1442 [1]=2850 [2]=4243 [3]=4243 [4]=4243 [5]=4243 [6]=4243 [7]=4243 [8]=4243 [9]=4243 [10]=4243 [11]=4243 [12]=4243 
key_index after (DPU 28) [0]=1451 [1]=2785 [2]=4229 [3]=4229 [4]=4229 [5]=4229 [6]=4229 [7]=4229 [8]=4229 [9]=4229 [10]=4229 [11]=4229 [12]=4229 
key_index after (DPU 29) [0]=1351 [1]=2679 [2]=4029 [3]=4029 [4]=4029 [5]=4029 [6]=4029 [7]=4029 [8]=4029 [9]=4029 [10]=4029 [11]=4029 [12]=4029 
key_index after (DPU 30) [0]=1359 [1]=2646 [2]=3957 [3]=3957 [4]=3957 [5]=3957 [6]=3957 [7]=3957 [8]=3957 [9]=3957 [10]=3957 [11]=3957 [12]=3957 
key_index after (DPU 31) [0]=1303 [1]=2556 [2]=3768 [3]=3768 [4]=3768 [5]=3768 [6]=3768 [7]=3768 [8]=3768 [9]=3768 [10]=3768 [11]=3768 [12]=3768 
key_index after (DPU 32) [0]=1218 [1]=2416 [2]=3638 [3]=3638 [4]=3638 [5]=3638 [6]=3638 [7]=3638 [8]=3638 [9]=3638 [10]=3638 [11]=3638 [12]=3638 
key_index after (DPU 33) [0]=1210 [1]=2404 [2]=3590 [3]=3590 [4]=3590 [5]=3590 [6]=3590 [7]=3590 [8]=3590 [9]=3590 [10]=3590 [11]=3590 [12]=3590 
key_index after (DPU 34) [0]=1197 [1]=2337 [2]=3399 [3]=3399 [4]=3399 [5]=3399 [6]=3399 [7]=3399 [8]=3399 [9]=3399 [10]=3399 [11]=3399 [12]=3399 
key_index after (DPU 35) [0]=1116 [1]=2183 [2]=3286 [3]=3286 [4]=3286 [5]=3286 [6]=3286 [7]=3286 [8]=3286 [9]=3286 [10]=3286 [11]=3286 [12]=3286 
key_index after (DPU 36) [0]=1046 [1]=2182 [2]=3287 [3]=3287 [4]=3287 [5]=3287 [6]=3287 [7]=3287 [8]=3287 [9]=3287 [10]=3287 [11]=3287 [12]=3287 
key_index after (DPU 37) [0]=1081 [1]=2130 [2]=3152 [3]=3152 [4]=3152 [5]=3152 [6]=3152 [7]=3152 [8]=3152 [9]=3152 [10]=3152 [11]=3152 [12]=3152 
key_index after (DPU 38) [0]=1074 [1]=2079 [2]=3115 [3]=3115 [4]=3115 [5]=3115 [6]=3115 [7]=3115 [8]=3115 [9]=3115 [10]=3115 [11]=3115 [12]=3115 
key_index after (DPU 39) [0]=1047 [1]=2064 [2]=3133 [3]=3133 [4]=3133 [5]=3133 [6]=3133 [7]=3133 [8]=3133 [9]=3133 [10]=3133 [11]=3133 [12]=3133 
key_index after (DPU 40) [0]= 993 [1]=2022 [2]=2991 [3]=2991 [4]=2991 [5]=2991 [6]=2991 [7]=2991 [8]=2991 [9]=2991 [10]=2991 [11]=2991 [12]=2991 
key_index after (DPU 41) [0]= 982 [1]=1972 [2]=2960 [3]=2960 [4]=2960 [5]=2960 [6]=2960 [7]=2960 [8]=2960 [9]=2960 [10]=2960 [11]=2960 [12]=2960 
key_index after (DPU 42) [0]= 956 [1]=1910 [2]=2836 [3]=2836 [4]=2836 [5]=2836 [6]=2836 [7]=2836 [8]=2836 [9]=2836 [10]=2836 [11]=2836 [12]=2836 
key_index after (DPU 43) [0]= 934 [1]=1861 [2]=2818 [3]=2818 [4]=2818 [5]=2818 [6]=2818 [7]=2818 [8]=2818 [9]=2818 [10]=2818 [11]=2818 [12]=2818 
key_index after (DPU 44) [0]= 890 [1]=1782 [2]=2707 [3]=2707 [4]=2707 [5]=2707 [6]=2707 [7]=2707 [8]=2707 [9]=2707 [10]=2707 [11]=2707 [12]=2707 
key_index after (DPU 45) [0]= 940 [1]=1804 [2]=2660 [3]=2660 [4]=2660 [5]=2660 [6]=2660 [7]=2660 [8]=2660 [9]=2660 [10]=2660 [11]=2660 [12]=2660 
key_index after (DPU 46) [0]= 849 [1]=1650 [2]=2503 [3]=2503 [4]=2503 [5]=2503 [6]=2503 [7]=2503 [8]=2503 [9]=2503 [10]=2503 [11]=2503 [12]=2503 
key_index after (DPU 47) [0]= 870 [1]=1789 [2]=2623 [3]=2623 [4]=2623 [5]=2623 [6]=2623 [7]=2623 [8]=2623 [9]=2623 [10]=2623 [11]=2623 [12]=2623 
key_index after (DPU 48) [0]= 862 [1]=1663 [2]=2409 [3]=2409 [4]=2409 [5]=2409 [6]=2409 [7]=2409 [8]=2409 [9]=2409 [10]=2409 [11]=2409 [12]=2409 
key_index after (DPU 49) [0]= 802 [1]=1621 [2]=2378 [3]=2378 [4]=2378 [5]=2378 [6]=2378 [7]=2378 [8]=2378 [9]=2378 [10]=2378 [11]=2378 [12]=2378 
key_index after (DPU 50) [0]= 836 [1]=1624 [2]=2396 [3]=2396 [4]=2396 [5]=2396 [6]=2396 [7]=2396 [8]=2396 [9]=2396 [10]=2396 [11]=2396 [12]=2396 
key_index after (DPU 51) [0]= 763 [1]=1537 [2]=2339 [3]=2339 [4]=2339 [5]=2339 [6]=2339 [7]=2339 [8]=2339 [9]=2339 [10]=2339 [11]=2339 [12]=2339 
key_index after (DPU 52) [0]= 709 [1]=1492 [2]=2224 [3]=2224 [4]=2224 [5]=2224 [6]=2224 [7]=2224 [8]=2224 [9]=2224 [10]=2224 [11]=2224 [12]=2224 
key_index after (DPU 53) [0]= 711 [1]=1446 [2]=2181 [3]=2181 [4]=2181 [5]=2181 [6]=2181 [7]=2181 [8]=2181 [9]=2181 [10]=2181 [11]=2181 [12]=2181 
key_index after (DPU 54) [0]= 736 [1]=1457 [2]=2210 [3]=2210 [4]=2210 [5]=2210 [6]=2210 [7]=2210 [8]=2210 [9]=2210 [10]=2210 [11]=2210 [12]=2210 
key_index after (DPU 55) [0]= 733 [1]=1454 [2]=2150 [3]=2150 [4]=2150 [5]=2150 [6]=2150 [7]=2150 [8]=2150 [9]=2150 [10]=2150 [11]=2150 [12]=2150 
key_index after (DPU 56) [0]= 739 [1]=1420 [2]=2177 [3]=2177 [4]=2177 [5]=2177 [6]=2177 [7]=2177 [8]=2177 [9]=2177 [10]=2177 [11]=2177 [12]=2177 
key_index after (DPU 57) [0]= 684 [1]=1363 [2]=2021 [3]=2021 [4]=2021 [5]=2021 [6]=2021 [7]=2021 [8]=2021 [9]=2021 [10]=2021 [11]=2021 [12]=2021 
key_index after (DPU 58) [0]= 704 [1]=1376 [2]=2038 [3]=2038 [4]=2038 [5]=2038 [6]=2038 [7]=2038 [8]=2038 [9]=2038 [10]=2038 [11]=2038 [12]=2038 
key_index after (DPU 59) [0]= 666 [1]=1334 [2]=1990 [3]=1990 [4]=1990 [5]=1990 [6]=1990 [7]=1990 [8]=1990 [9]=1990 [10]=1990 [11]=1990 [12]=1990 
key_index after (DPU 60) [0]= 681 [1]=1315 [2]=1955 [3]=1955 [4]=1955 [5]=1955 [6]=1955 [7]=1955 [8]=1955 [9]=1955 [10]=1955 [11]=1955 [12]=1955 
key_index after (DPU 61) [0]= 679 [1]=1354 [2]=1984 [3]=1984 [4]=1984 [5]=1984 [6]=1984 [7]=1984 [8]=1984 [9]=1984 [10]=1984 [11]=1984 [12]=1984 
key_index after (DPU 62) [0]= 657 [1]=1342 [2]=1955 [3]=1955 [4]=1955 [5]=1955 [6]=1955 [7]=1955 [8]=1955 [9]=1955 [10]=1955 [11]=1955 [12]=1955 
key_index after (DPU 63) [0]= 603 [1]=1252 [2]=1862 [3]=1862 [4]=1862 [5]=1862 [6]=1862 [7]=1862 [8]=1862 [9]=1862 [10]=1862 [11]=1862 [12]=1862 
key_index after (DPU 64) [0]= 608 [1]=1250 [2]=1872 [3]=1872 [4]=1872 [5]=1872 [6]=1872 [7]=1872 [8]=1872 [9]=1872 [10]=1872 [11]=1872 [12]=1872 
key_index after (DPU 65) [0]= 598 [1]=1217 [2]=1789 [3]=1789 [4]=1789 [5]=1789 [6]=1789 [7]=1789 [8]=1789 [9]=1789 [10]=1789 [11]=1789 [12]=1789 
key_index after (DPU 66) [0]= 629 [1]=1250 [2]=1837 [3]=1837 [4]=1837 [5]=1837 [6]=1837 [7]=1837 [8]=1837 [9]=1837 [10]=1837 [11]=1837 [12]=1837 
key_index after (DPU 67) [0]= 648 [1]=1259 [2]=1872 [3]=1872 [4]=1872 [5]=1872 [6]=1872 [7]=1872 [8]=1872 [9]=1872 [10]=1872 [11]=1872 [12]=1872 
key_index after (DPU 68) [0]= 589 [1]=1167 [2]=1784 [3]=1784 [4]=1784 [5]=1784 [6]=1784 [7]=1784 [8]=1784 [9]=1784 [10]=1784 [11]=1784 [12]=1784 
key_index after (DPU 69) [0]= 563 [1]=1139 [2]=1690 [3]=1690 [4]=1690 [5]=1690 [6]=1690 [7]=1690 [8]=1690 [9]=1690 [10]=1690 [11]=1690 [12]=1690 
key_index after (DPU 70) [0]= 573 [1]=1177 [2]=1717 [3]=1717 [4]=1717 [5]=1717 [6]=1717 [7]=1717 [8]=1717 [9]=1717 [10]=1717 [11]=1717 [12]=1717 
key_index after (DPU 71) [0]= 564 [1]=1149 [2]=1714 [3]=1714 [4]=1714 [5]=1714 [6]=1714 [7]=1714 [8]=1714 [9]=1714 [10]=1714 [11]=1714 [12]=1714 
key_index after (DPU 72) [0]= 490 [1]=1031 [2]=1647 [3]=1647 [4]=1647 [5]=1647 [6]=1647 [7]=1647 [8]=1647 [9]=1647 [10]=1647 [11]=1647 [12]=1647 
key_index after (DPU 73) [0]= 530 [1]=1130 [2]=1668 [3]=1668 [4]=1668 [5]=1668 [6]=1668 [7]=1668 [8]=1668 [9]=1668 [10]=1668 [11]=1668 [12]=1668 
key_index after (DPU 74) [0]= 543 [1]=1112 [2]=1653 [3]=1653 [4]=1653 [5]=1653 [6]=1653 [7]=1653 [8]=1653 [9]=1653 [10]=1653 [11]=1653 [12]=1653 
key_index after (DPU 75) [0]= 511 [1]=1082 [2]=1571 [3]=1571 [4]=1571 [5]=1571 [6]=1571 [7]=1571 [8]=1571 [9]=1571 [10]=1571 [11]=1571 [12]=1571 
key_index after (DPU 76) [0]= 498 [1]=1066 [2]=1586 [3]=1586 [4]=1586 [5]=1586 [6]=1586 [7]=1586 [8]=1586 [9]=1586 [10]=1586 [11]=1586 [12]=1586 
key_index after (DPU 77) [0]= 542 [1]=1066 [2]=1619 [3]=1619 [4]=1619 [5]=1619 [6]=1619 [7]=1619 [8]=1619 [9]=1619 [10]=1619 [11]=1619 [12]=1619 
key_index after (DPU 78) [0]= 498 [1]= 978 [2]=1514 [3]=1514 [4]=1514 [5]=1514 [6]=1514 [7]=1514 [8]=1514 [9]=1514 [10]=1514 [11]=1514 [12]=1514 
key_index after (DPU 79) [0]= 486 [1]= 966 [2]=1479 [3]=1479 [4]=1479 [5]=1479 [6]=1479 [7]=1479 [8]=1479 [9]=1479 [10]=1479 [11]=1479 [12]=1479 
key_index after (DPU 80) [0]= 523 [1]=1076 [2]=1532 [3]=1532 [4]=1532 [5]=1532 [6]=1532 [7]=1532 [8]=1532 [9]=1532 [10]=1532 [11]=1532 [12]=1532 
key_index after (DPU 81) [0]= 529 [1]=1029 [2]=1495 [3]=1495 [4]=1495 [5]=1495 [6]=1495 [7]=1495 [8]=1495 [9]=1495 [10]=1495 [11]=1495 [12]=1495 
key_index after (DPU 82) [0]= 494 [1]= 968 [2]=1463 [3]=1463 [4]=1463 [5]=1463 [6]=1463 [7]=1463 [8]=1463 [9]=1463 [10]=1463 [11]=1463 [12]=1463 
key_index after (DPU 83) [0]= 477 [1]= 962 [2]=1446 [3]=1446 [4]=1446 [5]=1446 [6]=1446 [7]=1446 [8]=1446 [9]=1446 [10]=1446 [11]=1446 [12]=1446 
key_index after (DPU 84) [0]= 471 [1]= 940 [2]=1374 [3]=1374 [4]=1374 [5]=1374 [6]=1374 [7]=1374 [8]=1374 [9]=1374 [10]=1374 [11]=1374 [12]=1374 
key_index after (DPU 85) [0]= 451 [1]= 932 [2]=1390 [3]=1390 [4]=1390 [5]=1390 [6]=1390 [7]=1390 [8]=1390 [9]=1390 [10]=1390 [11]=1390 [12]=1390 
key_index after (DPU 86) [0]= 459 [1]= 918 [2]=1402 [3]=1402 [4]=1402 [5]=1402 [6]=1402 [7]=1402 [8]=1402 [9]=1402 [10]=1402 [11]=1402 [12]=1402 
key_index after (DPU 87) [0]= 477 [1]= 925 [2]=1369 [3]=1369 [4]=1369 [5]=1369 [6]=1369 [7]=1369 [8]=1369 [9]=1369 [10]=1369 [11]=1369 [12]=1369 
key_index after (DPU 88) [0]= 472 [1]= 913 [2]=1344 [3]=1344 [4]=1344 [5]=1344 [6]=1344 [7]=1344 [8]=1344 [9]=1344 [10]=1344 [11]=1344 [12]=1344 
key_index after (DPU 89) [0]= 416 [1]= 830 [2]=1304 [3]=1304 [4]=1304 [5]=1304 [6]=1304 [7]=1304 [8]=1304 [9]=1304 [10]=1304 [11]=1304 [12]=1304 
key_index after (DPU 90) [0]= 440 [1]= 867 [2]=1323 [3]=1323 [4]=1323 [5]=1323 [6]=1323 [7]=1323 [8]=1323 [9]=1323 [10]=1323 [11]=1323 [12]=1323 
key_index after (DPU 91) [0]= 429 [1]= 888 [2]=1301 [3]=1301 [4]=1301 [5]=1301 [6]=1301 [7]=1301 [8]=1301 [9]=1301 [10]=1301 [11]=1301 [12]=1301 
key_index after (DPU 92) [0]= 437 [1]= 806 [2]=1289 [3]=1289 [4]=1289 [5]=1289 [6]=1289 [7]=1289 [8]=1289 [9]=1289 [10]=1289 [11]=1289 [12]=1289 
key_index after (DPU 93) [0]= 432 [1]= 828 [2]=1249 [3]=1249 [4]=1249 [5]=1249 [6]=1249 [7]=1249 [8]=1249 [9]=1249 [10]=1249 [11]=1249 [12]=1249 
key_index after (DPU 94) [0]= 430 [1]= 856 [2]=1276 [3]=1276 [4]=1276 [5]=1276 [6]=1276 [7]=1276 [8]=1276 [9]=1276 [10]=1276 [11]=1276 [12]=1276 
key_index after (DPU 95) [0]= 417 [1]= 830 [2]=1259 [3]=1259 [4]=1259 [5]=1259 [6]=1259 [7]=1259 [8]=1259 [9]=1259 [10]=1259 [11]=1259 [12]=1259 
key_index after (DPU 96) [0]= 400 [1]= 857 [2]=1246 [3]=1246 [4]=1246 [5]=1246 [6]=1246 [7]=1246 [8]=1246 [9]=1246 [10]=1246 [11]=1246 [12]=1246 
key_index after (DPU 97) [0]= 441 [1]= 846 [2]=1282 [3]=1282 [4]=1282 [5]=1282 [6]=1282 [7]=1282 [8]=1282 [9]=1282 [10]=1282 [11]=1282 [12]=1282 
key_index after (DPU 98) [0]= 419 [1]= 839 [2]=1255 [3]=1255 [4]=1255 [5]=1255 [6]=1255 [7]=1255 [8]=1255 [9]=1255 [10]=1255 [11]=1255 [12]=1255 
key_index after (DPU 99) [0]= 410 [1]= 849 [2]=1243 [3]=1243 [4]=1243 [5]=1243 [6]=1243 [7]=1243 [8]=1243 [9]=1243 [10]=1243 [11]=1243 [12]=1243 
key_index after (DPU 100) [0]= 411 [1]= 829 [2]=1212 [3]=1212 [4]=1212 [5]=1212 [6]=1212 [7]=1212 [8]=1212 [9]=1212 [10]=1212 [11]=1212 [12]=1212 
key_index after (DPU 101) [0]= 398 [1]= 801 [2]=1161 [3]=1161 [4]=1161 [5]=1161 [6]=1161 [7]=1161 [8]=1161 [9]=1161 [10]=1161 [11]=1161 [12]=1161 
key_index after (DPU 102) [0]= 391 [1]= 777 [2]=1153 [3]=1153 [4]=1153 [5]=1153 [6]=1153 [7]=1153 [8]=1153 [9]=1153 [10]=1153 [11]=1153 [12]=1153 
key_index after (DPU 103) [0]= 342 [1]= 729 [2]=1138 [3]=1138 [4]=1138 [5]=1138 [6]=1138 [7]=1138 [8]=1138 [9]=1138 [10]=1138 [11]=1138 [12]=1138 
key_index after (DPU 104) [0]= 375 [1]= 746 [2]=1163 [3]=1163 [4]=1163 [5]=1163 [6]=1163 [7]=1163 [8]=1163 [9]=1163 [10]=1163 [11]=1163 [12]=1163 
key_index after (DPU 105) [0]= 388 [1]= 737 [2]=1142 [3]=1142 [4]=1142 [5]=1142 [6]=1142 [7]=1142 [8]=1142 [9]=1142 [10]=1142 [11]=1142 [12]=1142 
key_index after (DPU 106) [0]= 369 [1]= 771 [2]=1159 [3]=1159 [4]=1159 [5]=1159 [6]=1159 [7]=1159 [8]=1159 [9]=1159 [10]=1159 [11]=1159 [12]=1159 
key_index after (DPU 107) [0]= 411 [1]= 763 [2]=1144 [3]=1144 [4]=1144 [5]=1144 [6]=1144 [7]=1144 [8]=1144 [9]=1144 [10]=1144 [11]=1144 [12]=1144 
key_index after (DPU 108) [0]= 353 [1]= 712 [2]=1086 [3]=1086 [4]=1086 [5]=1086 [6]=1086 [7]=1086 [8]=1086 [9]=1086 [10]=1086 [11]=1086 [12]=1086 
key_index after (DPU 109) [0]= 389 [1]= 747 [2]=1139 [3]=1139 [4]=1139 [5]=1139 [6]=1139 [7]=1139 [8]=1139 [9]=1139 [10]=1139 [11]=1139 [12]=1139 
key_index after (DPU 110) [0]= 374 [1]= 733 [2]=1086 [3]=1086 [4]=1086 [5]=1086 [6]=1086 [7]=1086 [8]=1086 [9]=1086 [10]=1086 [11]=1086 [12]=1086 
key_index after (DPU 111) [0]= 393 [1]= 776 [2]=1169 [3]=1169 [4]=1169 [5]=1169 [6]=1169 [7]=1169 [8]=1169 [9]=1169 [10]=1169 [11]=1169 [12]=1169 
key_index after (DPU 112) [0]= 371 [1]= 710 [2]=1078 [3]=1078 [4]=1078 [5]=1078 [6]=1078 [7]=1078 [8]=1078 [9]=1078 [10]=1078 [11]=1078 [12]=1078 
key_index after (DPU 113) [0]= 373 [1]= 740 [2]=1101 [3]=1101 [4]=1101 [5]=1101 [6]=1101 [7]=1101 [8]=1101 [9]=1101 [10]=1101 [11]=1101 [12]=1101 
key_index after (DPU 114) [0]= 375 [1]= 743 [2]=1108 [3]=1108 [4]=1108 [5]=1108 [6]=1108 [7]=1108 [8]=1108 [9]=1108 [10]=1108 [11]=1108 [12]=1108 
key_index after (DPU 115) [0]= 349 [1]= 680 [2]=1015 [3]=1015 [4]=1015 [5]=1015 [6]=1015 [7]=1015 [8]=1015 [9]=1015 [10]=1015 [11]=1015 [12]=1015 
key_index after (DPU 116) [0]= 337 [1]= 672 [2]=1015 [3]=1015 [4]=1015 [5]=1015 [6]=1015 [7]=1015 [8]=1015 [9]=1015 [10]=1015 [11]=1015 [12]=1015 
key_index after (DPU 117) [0]= 357 [1]= 698 [2]=1048 [3]=1048 [4]=1048 [5]=1048 [6]=1048 [7]=1048 [8]=1048 [9]=1048 [10]=1048 [11]=1048 [12]=1048 
key_index after (DPU 118) [0]= 334 [1]= 670 [2]= 990 [3]= 990 [4]= 990 [5]= 990 [6]= 990 [7]= 990 [8]= 990 [9]= 990 [10]= 990 [11]= 990 [12]= 990 
key_index after (DPU 119) [0]= 339 [1]= 680 [2]=1006 [3]=1006 [4]=1006 [5]=1006 [6]=1006 [7]=1006 [8]=1006 [9]=1006 [10]=1006 [11]=1006 [12]=1006 
key_index after (DPU 120) [0]= 333 [1]= 662 [2]=1034 [3]=1034 [4]=1034 [5]=1034 [6]=1034 [7]=1034 [8]=1034 [9]=1034 [10]=1034 [11]=1034 [12]=1034 
key_index after (DPU 121) [0]= 356 [1]= 678 [2]= 981 [3]= 981 [4]= 981 [5]= 981 [6]= 981 [7]= 981 [8]= 981 [9]= 981 [10]= 981 [11]= 981 [12]= 981 
key_index after (DPU 122) [0]= 352 [1]= 675 [2]=1008 [3]=1008 [4]=1008 [5]=1008 [6]=1008 [7]=1008 [8]=1008 [9]=1008 [10]=1008 [11]=1008 [12]=1008 
key_index after (DPU 123) [0]= 327 [1]= 643 [2]= 987 [3]= 987 [4]= 987 [5]= 987 [6]= 987 [7]= 987 [8]= 987 [9]= 987 [10]= 987 [11]= 987 [12]= 987 
key_index after (DPU 124) [0]= 318 [1]= 685 [2]= 964 [3]= 964 [4]= 964 [5]= 964 [6]= 964 [7]= 964 [8]= 964 [9]= 964 [10]= 964 [11]= 964 [12]= 964 
key_index after (DPU 125) [0]= 325 [1]= 646 [2]= 988 [3]= 988 [4]= 988 [5]= 988 [6]= 988 [7]= 988 [8]= 988 [9]= 988 [10]= 988 [11]= 988 [12]= 988 
key_index after (DPU 126) [0]= 336 [1]= 649 [2]= 927 [3]= 927 [4]= 927 [5]= 927 [6]= 927 [7]= 927 [8]= 927 [9]= 927 [10]= 927 [11]= 927 [12]= 927 
key_index after (DPU 127) [0]= 316 [1]= 664 [2]= 967 [3]= 967 [4]= 967 [5]= 967 [6]= 967 [7]= 967 [8]= 967 [9]= 967 [10]= 967 [11]= 967 [12]= 967 
key_index after (DPU 128) [0]= 326 [1]= 638 [2]= 945 [3]= 945 [4]= 945 [5]= 945 [6]= 945 [7]= 945 [8]= 945 [9]= 945 [10]= 945 [11]= 945 [12]= 945 
key_index after (DPU 129) [0]= 351 [1]= 704 [2]=1017 [3]=1017 [4]=1017 [5]=1017 [6]=1017 [7]=1017 [8]=1017 [9]=1017 [10]=1017 [11]=1017 [12]=1017 
key_index after (DPU 130) [0]= 315 [1]= 620 [2]= 924 [3]= 924 [4]= 924 [5]= 924 [6]= 924 [7]= 924 [8]= 924 [9]= 924 [10]= 924 [11]= 924 [12]= 924 
key_index after (DPU 131) [0]= 346 [1]= 669 [2]= 971 [3]= 971 [4]= 971 [5]= 971 [6]= 971 [7]= 971 [8]= 971 [9]= 971 [10]= 971 [11]= 971 [12]= 971 
key_index after (DPU 132) [0]= 328 [1]= 617 [2]= 946 [3]= 946 [4]= 946 [5]= 946 [6]= 946 [7]= 946 [8]= 946 [9]= 946 [10]= 946 [11]= 946 [12]= 946 
key_index after (DPU 133) [0]= 313 [1]= 618 [2]= 921 [3]= 921 [4]= 921 [5]= 921 [6]= 921 [7]= 921 [8]= 921 [9]= 921 [10]= 921 [11]= 921 [12]= 921 
key_index after (DPU 134) [0]= 314 [1]= 631 [2]= 941 [3]= 941 [4]= 941 [5]= 941 [6]= 941 [7]= 941 [8]= 941 [9]= 941 [10]= 941 [11]= 941 [12]= 941 
key_index after (DPU 135) [0]= 284 [1]= 591 [2]= 858 [3]= 858 [4]= 858 [5]= 858 [6]= 858 [7]= 858 [8]= 858 [9]= 858 [10]= 858 [11]= 858 [12]= 858 
key_index after (DPU 136) [0]= 302 [1]= 600 [2]= 886 [3]= 886 [4]= 886 [5]= 886 [6]= 886 [7]= 886 [8]= 886 [9]= 886 [10]= 886 [11]= 886 [12]= 886 
key_index after (DPU 137) [0]= 290 [1]= 571 [2]= 856 [3]= 856 [4]= 856 [5]= 856 [6]= 856 [7]= 856 [8]= 856 [9]= 856 [10]= 856 [11]= 856 [12]= 856 
key_index after (DPU 138) [0]= 328 [1]= 615 [2]= 925 [3]= 925 [4]= 925 [5]= 925 [6]= 925 [7]= 925 [8]= 925 [9]= 925 [10]= 925 [11]= 925 [12]= 925 
key_index after (DPU 139) [0]= 275 [1]= 546 [2]= 839 [3]= 839 [4]= 839 [5]= 839 [6]= 839 [7]= 839 [8]= 839 [9]= 839 [10]= 839 [11]= 839 [12]= 839 
key_index after (DPU 140) [0]= 285 [1]= 560 [2]= 836 [3]= 836 [4]= 836 [5]= 836 [6]= 836 [7]= 836 [8]= 836 [9]= 836 [10]= 836 [11]= 836 [12]= 836 
key_index after (DPU 141) [0]= 263 [1]= 556 [2]= 844 [3]= 844 [4]= 844 [5]= 844 [6]= 844 [7]= 844 [8]= 844 [9]= 844 [10]= 844 [11]= 844 [12]= 844 
key_index after (DPU 142) [0]= 295 [1]= 587 [2]= 861 [3]= 861 [4]= 861 [5]= 861 [6]= 861 [7]= 861 [8]= 861 [9]= 861 [10]= 861 [11]= 861 [12]= 861 
key_index after (DPU 143) [0]= 258 [1]= 517 [2]= 761 [3]= 761 [4]= 761 [5]= 761 [6]= 761 [7]= 761 [8]= 761 [9]= 761 [10]= 761 [11]= 761 [12]= 761 
key_index after (DPU 144) [0]= 279 [1]= 579 [2]= 832 [3]= 832 [4]= 832 [5]= 832 [6]= 832 [7]= 832 [8]= 832 [9]= 832 [10]= 832 [11]= 832 [12]= 832 
key_index after (DPU 145) [0]= 283 [1]= 542 [2]= 787 [3]= 787 [4]= 787 [5]= 787 [6]= 787 [7]= 787 [8]= 787 [9]= 787 [10]= 787 [11]= 787 [12]= 787 
key_index after (DPU 146) [0]= 285 [1]= 587 [2]= 886 [3]= 886 [4]= 886 [5]= 886 [6]= 886 [7]= 886 [8]= 886 [9]= 886 [10]= 886 [11]= 886 [12]= 886 
key_index after (DPU 147) [0]= 284 [1]= 538 [2]= 813 [3]= 813 [4]= 813 [5]= 813 [6]= 813 [7]= 813 [8]= 813 [9]= 813 [10]= 813 [11]= 813 [12]= 813 
key_index after (DPU 148) [0]= 279 [1]= 552 [2]= 828 [3]= 828 [4]= 828 [5]= 828 [6]= 828 [7]= 828 [8]= 828 [9]= 828 [10]= 828 [11]= 828 [12]= 828 
key_index after (DPU 149) [0]= 266 [1]= 549 [2]= 823 [3]= 823 [4]= 823 [5]= 823 [6]= 823 [7]= 823 [8]= 823 [9]= 823 [10]= 823 [11]= 823 [12]= 823 
key_index after (DPU 150) [0]= 268 [1]= 531 [2]= 789 [3]= 789 [4]= 789 [5]= 789 [6]= 789 [7]= 789 [8]= 789 [9]= 789 [10]= 789 [11]= 789 [12]= 789 
key_index after (DPU 151) [0]= 282 [1]= 552 [2]= 806 [3]= 806 [4]= 806 [5]= 806 [6]= 806 [7]= 806 [8]= 806 [9]= 806 [10]= 806 [11]= 806 [12]= 806 
key_index after (DPU 152) [0]= 238 [1]= 499 [2]= 751 [3]= 751 [4]= 751 [5]= 751 [6]= 751 [7]= 751 [8]= 751 [9]= 751 [10]= 751 [11]= 751 [12]= 751 
key_index after (DPU 153) [0]= 297 [1]= 545 [2]= 787 [3]= 787 [4]= 787 [5]= 787 [6]= 787 [7]= 787 [8]= 787 [9]= 787 [10]= 787 [11]= 787 [12]= 787 
key_index after (DPU 154) [0]= 239 [1]= 494 [2]= 739 [3]= 739 [4]= 739 [5]= 739 [6]= 739 [7]= 739 [8]= 739 [9]= 739 [10]= 739 [11]= 739 [12]= 739 
key_index after (DPU 155) [0]= 276 [1]= 517 [2]= 775 [3]= 775 [4]= 775 [5]= 775 [6]= 775 [7]= 775 [8]= 775 [9]= 775 [10]= 775 [11]= 775 [12]= 775 
key_index after (DPU 156) [0]= 269 [1]= 558 [2]= 801 [3]= 801 [4]= 801 [5]= 801 [6]= 801 [7]= 801 [8]= 801 [9]= 801 [10]= 801 [11]= 801 [12]= 801 
key_index after (DPU 157) [0]= 263 [1]= 514 [2]= 770 [3]= 770 [4]= 770 [5]= 770 [6]= 770 [7]= 770 [8]= 770 [9]= 770 [10]= 770 [11]= 770 [12]= 770 
key_index after (DPU 158) [0]= 274 [1]= 542 [2]= 769 [3]= 769 [4]= 769 [5]= 769 [6]= 769 [7]= 769 [8]= 769 [9]= 769 [10]= 769 [11]= 769 [12]= 769 
key_index after (DPU 159) [0]= 217 [1]= 476 [2]= 740 [3]= 740 [4]= 740 [5]= 740 [6]= 740 [7]= 740 [8]= 740 [9]= 740 [10]= 740 [11]= 740 [12]= 740 
key_index after (DPU 160) [0]= 241 [1]= 477 [2]= 748 [3]= 748 [4]= 748 [5]= 748 [6]= 748 [7]= 748 [8]= 748 [9]= 748 [10]= 748 [11]= 748 [12]= 748 
key_index after (DPU 161) [0]= 247 [1]= 531 [2]= 816 [3]= 816 [4]= 816 [5]= 816 [6]= 816 [7]= 816 [8]= 816 [9]= 816 [10]= 816 [11]= 816 [12]= 816 
key_index after (DPU 162) [0]= 251 [1]= 501 [2]= 721 [3]= 721 [4]= 721 [5]= 721 [6]= 721 [7]= 721 [8]= 721 [9]= 721 [10]= 721 [11]= 721 [12]= 721 
key_index after (DPU 163) [0]= 257 [1]= 481 [2]= 712 [3]= 712 [4]= 712 [5]= 712 [6]= 712 [7]= 712 [8]= 712 [9]= 712 [10]= 712 [11]= 712 [12]= 712 
key_index after (DPU 164) [0]= 282 [1]= 522 [2]= 766 [3]= 766 [4]= 766 [5]= 766 [6]= 766 [7]= 766 [8]= 766 [9]= 766 [10]= 766 [11]= 766 [12]= 766 
key_index after (DPU 165) [0]= 256 [1]= 525 [2]= 770 [3]= 770 [4]= 770 [5]= 770 [6]= 770 [7]= 770 [8]= 770 [9]= 770 [10]= 770 [11]= 770 [12]= 770 
key_index after (DPU 166) [0]= 271 [1]= 529 [2]= 766 [3]= 766 [4]= 766 [5]= 766 [6]= 766 [7]= 766 [8]= 766 [9]= 766 [10]= 766 [11]= 766 [12]= 766 
key_index after (DPU 167) [0]= 216 [1]= 455 [2]= 682 [3]= 682 [4]= 682 [5]= 682 [6]= 682 [7]= 682 [8]= 682 [9]= 682 [10]= 682 [11]= 682 [12]= 682 
key_index after (DPU 168) [0]= 231 [1]= 482 [2]= 719 [3]= 719 [4]= 719 [5]= 719 [6]= 719 [7]= 719 [8]= 719 [9]= 719 [10]= 719 [11]= 719 [12]= 719 
key_index after (DPU 169) [0]= 250 [1]= 515 [2]= 748 [3]= 748 [4]= 748 [5]= 748 [6]= 748 [7]= 748 [8]= 748 [9]= 748 [10]= 748 [11]= 748 [12]= 748 
key_index after (DPU 170) [0]= 230 [1]= 447 [2]= 660 [3]= 660 [4]= 660 [5]= 660 [6]= 660 [7]= 660 [8]= 660 [9]= 660 [10]= 660 [11]= 660 [12]= 660 
key_index after (DPU 171) [0]= 272 [1]= 513 [2]= 753 [3]= 753 [4]= 753 [5]= 753 [6]= 753 [7]= 753 [8]= 753 [9]= 753 [10]= 753 [11]= 753 [12]= 753 
key_index after (DPU 172) [0]= 244 [1]= 500 [2]= 740 [3]= 740 [4]= 740 [5]= 740 [6]= 740 [7]= 740 [8]= 740 [9]= 740 [10]= 740 [11]= 740 [12]= 740 
key_index after (DPU 173) [0]= 217 [1]= 442 [2]= 679 [3]= 679 [4]= 679 [5]= 679 [6]= 679 [7]= 679 [8]= 679 [9]= 679 [10]= 679 [11]= 679 [12]= 679 
key_index after (DPU 174) [0]= 235 [1]= 477 [2]= 683 [3]= 683 [4]= 683 [5]= 683 [6]= 683 [7]= 683 [8]= 683 [9]= 683 [10]= 683 [11]= 683 [12]= 683 
key_index after (DPU 175) [0]= 245 [1]= 499 [2]= 723 [3]= 723 [4]= 723 [5]= 723 [6]= 723 [7]= 723 [8]= 723 [9]= 723 [10]= 723 [11]= 723 [12]= 723 
key_index after (DPU 176) [0]= 226 [1]= 444 [2]= 659 [3]= 659 [4]= 659 [5]= 659 [6]= 659 [7]= 659 [8]= 659 [9]= 659 [10]= 659 [11]= 659 [12]= 659 
key_index after (DPU 177) [0]= 217 [1]= 434 [2]= 684 [3]= 684 [4]= 684 [5]= 684 [6]= 684 [7]= 684 [8]= 684 [9]= 684 [10]= 684 [11]= 684 [12]= 684 
key_index after (DPU 178) [0]= 250 [1]= 495 [2]= 703 [3]= 703 [4]= 703 [5]= 703 [6]= 703 [7]= 703 [8]= 703 [9]= 703 [10]= 703 [11]= 703 [12]= 703 
key_index after (DPU 179) [0]= 221 [1]= 435 [2]= 647 [3]= 647 [4]= 647 [5]= 647 [6]= 647 [7]= 647 [8]= 647 [9]= 647 [10]= 647 [11]= 647 [12]= 647 
key_index after (DPU 180) [0]= 241 [1]= 469 [2]= 711 [3]= 711 [4]= 711 [5]= 711 [6]= 711 [7]= 711 [8]= 711 [9]= 711 [10]= 711 [11]= 711 [12]= 711 
key_index after (DPU 181) [0]= 246 [1]= 468 [2]= 689 [3]= 689 [4]= 689 [5]= 689 [6]= 689 [7]= 689 [8]= 689 [9]= 689 [10]= 689 [11]= 689 [12]= 689 
key_index after (DPU 182) [0]= 217 [1]= 438 [2]= 677 [3]= 677 [4]= 677 [5]= 677 [6]= 677 [7]= 677 [8]= 677 [9]= 677 [10]= 677 [11]= 677 [12]= 677 
key_index after (DPU 183) [0]= 214 [1]= 412 [2]= 635 [3]= 635 [4]= 635 [5]= 635 [6]= 635 [7]= 635 [8]= 635 [9]= 635 [10]= 635 [11]= 635 [12]= 635 
key_index after (DPU 184) [0]= 222 [1]= 437 [2]= 634 [3]= 634 [4]= 634 [5]= 634 [6]= 634 [7]= 634 [8]= 634 [9]= 634 [10]= 634 [11]= 634 [12]= 634 
key_index after (DPU 185) [0]= 243 [1]= 470 [2]= 694 [3]= 694 [4]= 694 [5]= 694 [6]= 694 [7]= 694 [8]= 694 [9]= 694 [10]= 694 [11]= 694 [12]= 694 
key_index after (DPU 186) [0]= 202 [1]= 428 [2]= 637 [3]= 637 [4]= 637 [5]= 637 [6]= 637 [7]= 637 [8]= 637 [9]= 637 [10]= 637 [11]= 637 [12]= 637 
key_index after (DPU 187) [0]= 209 [1]= 411 [2]= 627 [3]= 627 [4]= 627 [5]= 627 [6]= 627 [7]= 627 [8]= 627 [9]= 627 [10]= 627 [11]= 627 [12]= 627 
key_index after (DPU 188) [0]= 199 [1]= 385 [2]= 598 [3]= 598 [4]= 598 [5]= 598 [6]= 598 [7]= 598 [8]= 598 [9]= 598 [10]= 598 [11]= 598 [12]= 598 
key_index after (DPU 189) [0]= 236 [1]= 458 [2]= 673 [3]= 673 [4]= 673 [5]= 673 [6]= 673 [7]= 673 [8]= 673 [9]= 673 [10]= 673 [11]= 673 [12]= 673 
key_index after (DPU 190) [0]= 214 [1]= 421 [2]= 623 [3]= 623 [4]= 623 [5]= 623 [6]= 623 [7]= 623 [8]= 623 [9]= 623 [10]= 623 [11]= 623 [12]= 623 
key_index after (DPU 191) [0]= 211 [1]= 427 [2]= 655 [3]= 655 [4]= 655 [5]= 655 [6]= 655 [7]= 655 [8]= 655 [9]= 655 [10]= 655 [11]= 655 [12]= 655 
key_index after (DPU 192) [0]= 200 [1]= 411 [2]= 617 [3]= 617 [4]= 617 [5]= 617 [6]= 617 [7]= 617 [8]= 617 [9]= 617 [10]= 617 [11]= 617 [12]= 617 
key_index after (DPU 193) [0]= 210 [1]= 399 [2]= 599 [3]= 599 [4]= 599 [5]= 599 [6]= 599 [7]= 599 [8]= 599 [9]= 599 [10]= 599 [11]= 599 [12]= 599 
key_index after (DPU 194) [0]= 224 [1]= 438 [2]= 660 [3]= 660 [4]= 660 [5]= 660 [6]= 660 [7]= 660 [8]= 660 [9]= 660 [10]= 660 [11]= 660 [12]= 660 
key_index after (DPU 195) [0]= 210 [1]= 397 [2]= 612 [3]= 612 [4]= 612 [5]= 612 [6]= 612 [7]= 612 [8]= 612 [9]= 612 [10]= 612 [11]= 612 [12]= 612 
key_index after (DPU 196) [0]= 220 [1]= 409 [2]= 632 [3]= 632 [4]= 632 [5]= 632 [6]= 632 [7]= 632 [8]= 632 [9]= 632 [10]= 632 [11]= 632 [12]= 632 
key_index after (DPU 197) [0]= 211 [1]= 429 [2]= 607 [3]= 607 [4]= 607 [5]= 607 [6]= 607 [7]= 607 [8]= 607 [9]= 607 [10]= 607 [11]= 607 [12]= 607 
key_index after (DPU 198) [0]= 185 [1]= 375 [2]= 574 [3]= 574 [4]= 574 [5]= 574 [6]= 574 [7]= 574 [8]= 574 [9]= 574 [10]= 574 [11]= 574 [12]= 574 
key_index after (DPU 199) [0]= 189 [1]= 418 [2]= 607 [3]= 607 [4]= 607 [5]= 607 [6]= 607 [7]= 607 [8]= 607 [9]= 607 [10]= 607 [11]= 607 [12]= 607 
key_index after (DPU 200) [0]= 200 [1]= 398 [2]= 602 [3]= 602 [4]= 602 [5]= 602 [6]= 602 [7]= 602 [8]= 602 [9]= 602 [10]= 602 [11]= 602 [12]= 602 
key_index after (DPU 201) [0]= 206 [1]= 413 [2]= 611 [3]= 611 [4]= 611 [5]= 611 [6]= 611 [7]= 611 [8]= 611 [9]= 611 [10]= 611 [11]= 611 [12]= 611 
key_index after (DPU 202) [0]= 194 [1]= 416 [2]= 617 [3]= 617 [4]= 617 [5]= 617 [6]= 617 [7]= 617 [8]= 617 [9]= 617 [10]= 617 [11]= 617 [12]= 617 
key_index after (DPU 203) [0]= 198 [1]= 396 [2]= 603 [3]= 603 [4]= 603 [5]= 603 [6]= 603 [7]= 603 [8]= 603 [9]= 603 [10]= 603 [11]= 603 [12]= 603 
key_index after (DPU 204) [0]= 179 [1]= 365 [2]= 551 [3]= 551 [4]= 551 [5]= 551 [6]= 551 [7]= 551 [8]= 551 [9]= 551 [10]= 551 [11]= 551 [12]= 551 
key_index after (DPU 205) [0]= 189 [1]= 391 [2]= 578 [3]= 578 [4]= 578 [5]= 578 [6]= 578 [7]= 578 [8]= 578 [9]= 578 [10]= 578 [11]= 578 [12]= 578 
key_index after (DPU 206) [0]= 202 [1]= 387 [2]= 571 [3]= 571 [4]= 571 [5]= 571 [6]= 571 [7]= 571 [8]= 571 [9]= 571 [10]= 571 [11]= 571 [12]= 571 
key_index after (DPU 207) [0]= 196 [1]= 403 [2]= 592 [3]= 592 [4]= 592 [5]= 592 [6]= 592 [7]= 592 [8]= 592 [9]= 592 [10]= 592 [11]= 592 [12]= 592 
key_index after (DPU 208) [0]= 188 [1]= 353 [2]= 552 [3]= 552 [4]= 552 [5]= 552 [6]= 552 [7]= 552 [8]= 552 [9]= 552 [10]= 552 [11]= 552 [12]= 552 
key_index after (DPU 209) [0]= 188 [1]= 370 [2]= 552 [3]= 552 [4]= 552 [5]= 552 [6]= 552 [7]= 552 [8]= 552 [9]= 552 [10]= 552 [11]= 552 [12]= 552 
key_index after (DPU 210) [0]= 192 [1]= 398 [2]= 582 [3]= 582 [4]= 582 [5]= 582 [6]= 582 [7]= 582 [8]= 582 [9]= 582 [10]= 582 [11]= 582 [12]= 582 
key_index after (DPU 211) [0]= 185 [1]= 384 [2]= 575 [3]= 575 [4]= 575 [5]= 575 [6]= 575 [7]= 575 [8]= 575 [9]= 575 [10]= 575 [11]= 575 [12]= 575 
key_index after (DPU 212) [0]= 191 [1]= 389 [2]= 587 [3]= 587 [4]= 587 [5]= 587 [6]= 587 [7]= 587 [8]= 587 [9]= 587 [10]= 587 [11]= 587 [12]= 587 
key_index after (DPU 213) [0]= 198 [1]= 398 [2]= 604 [3]= 604 [4]= 604 [5]= 604 [6]= 604 [7]= 604 [8]= 604 [9]= 604 [10]= 604 [11]= 604 [12]= 604 
key_index after (DPU 214) [0]= 199 [1]= 387 [2]= 585 [3]= 585 [4]= 585 [5]= 585 [6]= 585 [7]= 585 [8]= 585 [9]= 585 [10]= 585 [11]= 585 [12]= 585 
key_index after (DPU 215) [0]= 186 [1]= 381 [2]= 579 [3]= 579 [4]= 579 [5]= 579 [6]= 579 [7]= 579 [8]= 579 [9]= 579 [10]= 579 [11]= 579 [12]= 579 
key_index after (DPU 216) [0]= 182 [1]= 395 [2]= 588 [3]= 588 [4]= 588 [5]= 588 [6]= 588 [7]= 588 [8]= 588 [9]= 588 [10]= 588 [11]= 588 [12]= 588 
key_index after (DPU 217) [0]= 184 [1]= 379 [2]= 550 [3]= 550 [4]= 550 [5]= 550 [6]= 550 [7]= 550 [8]= 550 [9]= 550 [10]= 550 [11]= 550 [12]= 550 
key_index after (DPU 218) [0]= 182 [1]= 354 [2]= 529 [3]= 529 [4]= 529 [5]= 529 [6]= 529 [7]= 529 [8]= 529 [9]= 529 [10]= 529 [11]= 529 [12]= 529 
key_index after (DPU 219) [0]= 198 [1]= 392 [2]= 574 [3]= 574 [4]= 574 [5]= 574 [6]= 574 [7]= 574 [8]= 574 [9]= 574 [10]= 574 [11]= 574 [12]= 574 
key_index after (DPU 220) [0]= 175 [1]= 344 [2]= 519 [3]= 519 [4]= 519 [5]= 519 [6]= 519 [7]= 519 [8]= 519 [9]= 519 [10]= 519 [11]= 519 [12]= 519 
key_index after (DPU 221) [0]= 161 [1]= 365 [2]= 553 [3]= 553 [4]= 553 [5]= 553 [6]= 553 [7]= 553 [8]= 553 [9]= 553 [10]= 553 [11]= 553 [12]= 553 
key_index after (DPU 222) [0]= 173 [1]= 354 [2]= 536 [3]= 536 [4]= 536 [5]= 536 [6]= 536 [7]= 536 [8]= 536 [9]= 536 [10]= 536 [11]= 536 [12]= 536 
key_index after (DPU 223) [0]= 164 [1]= 351 [2]= 529 [3]= 529 [4]= 529 [5]= 529 [6]= 529 [7]= 529 [8]= 529 [9]= 529 [10]= 529 [11]= 529 [12]= 529 
key_index after (DPU 224) [0]= 182 [1]= 361 [2]= 553 [3]= 553 [4]= 553 [5]= 553 [6]= 553 [7]= 553 [8]= 553 [9]= 553 [10]= 553 [11]= 553 [12]= 553 
key_index after (DPU 225) [0]= 193 [1]= 399 [2]= 578 [3]= 578 [4]= 578 [5]= 578 [6]= 578 [7]= 578 [8]= 578 [9]= 578 [10]= 578 [11]= 578 [12]= 578 
key_index after (DPU 226) [0]= 194 [1]= 389 [2]= 559 [3]= 559 [4]= 559 [5]= 559 [6]= 559 [7]= 559 [8]= 559 [9]= 559 [10]= 559 [11]= 559 [12]= 559 
key_index after (DPU 227) [0]= 187 [1]= 400 [2]= 585 [3]= 585 [4]= 585 [5]= 585 [6]= 585 [7]= 585 [8]= 585 [9]= 585 [10]= 585 [11]= 585 [12]= 585 
key_index after (DPU 228) [0]= 198 [1]= 389 [2]= 550 [3]= 550 [4]= 550 [5]= 550 [6]= 550 [7]= 550 [8]= 550 [9]= 550 [10]= 550 [11]= 550 [12]= 550 
key_index after (DPU 229) [0]= 186 [1]= 348 [2]= 522 [3]= 522 [4]= 522 [5]= 522 [6]= 522 [7]= 522 [8]= 522 [9]= 522 [10]= 522 [11]= 522 [12]= 522 
key_index after (DPU 230) [0]= 196 [1]= 392 [2]= 554 [3]= 554 [4]= 554 [5]= 554 [6]= 554 [7]= 554 [8]= 554 [9]= 554 [10]= 554 [11]= 554 [12]= 554 
key_index after (DPU 231) [0]= 179 [1]= 337 [2]= 539 [3]= 539 [4]= 539 [5]= 539 [6]= 539 [7]= 539 [8]= 539 [9]= 539 [10]= 539 [11]= 539 [12]= 539 
key_index after (DPU 232) [0]= 164 [1]= 338 [2]= 495 [3]= 495 [4]= 495 [5]= 495 [6]= 495 [7]= 495 [8]= 495 [9]= 495 [10]= 495 [11]= 495 [12]= 495 
key_index after (DPU 233) [0]= 165 [1]= 326 [2]= 487 [3]= 487 [4]= 487 [5]= 487 [6]= 487 [7]= 487 [8]= 487 [9]= 487 [10]= 487 [11]= 487 [12]= 487 
key_index after (DPU 234) [0]= 176 [1]= 357 [2]= 537 [3]= 537 [4]= 537 [5]= 537 [6]= 537 [7]= 537 [8]= 537 [9]= 537 [10]= 537 [11]= 537 [12]= 537 
key_index after (DPU 235) [0]= 164 [1]= 332 [2]= 483 [3]= 483 [4]= 483 [5]= 483 [6]= 483 [7]= 483 [8]= 483 [9]= 483 [10]= 483 [11]= 483 [12]= 483 
key_index after (DPU 236) [0]= 168 [1]= 347 [2]= 517 [3]= 517 [4]= 517 [5]= 517 [6]= 517 [7]= 517 [8]= 517 [9]= 517 [10]= 517 [11]= 517 [12]= 517 
key_index after (DPU 237) [0]= 160 [1]= 311 [2]= 478 [3]= 478 [4]= 478 [5]= 478 [6]= 478 [7]= 478 [8]= 478 [9]= 478 [10]= 478 [11]= 478 [12]= 478 
key_index after (DPU 238) [0]= 164 [1]= 334 [2]= 478 [3]= 478 [4]= 478 [5]= 478 [6]= 478 [7]= 478 [8]= 478 [9]= 478 [10]= 478 [11]= 478 [12]= 478 
key_index after (DPU 239) [0]= 164 [1]= 339 [2]= 526 [3]= 526 [4]= 526 [5]= 526 [6]= 526 [7]= 526 [8]= 526 [9]= 526 [10]= 526 [11]= 526 [12]= 526 
key_index after (DPU 240) [0]= 157 [1]= 335 [2]= 524 [3]= 524 [4]= 524 [5]= 524 [6]= 524 [7]= 524 [8]= 524 [9]= 524 [10]= 524 [11]= 524 [12]= 524 
key_index after (DPU 241) [0]= 177 [1]= 348 [2]= 535 [3]= 535 [4]= 535 [5]= 535 [6]= 535 [7]= 535 [8]= 535 [9]= 535 [10]= 535 [11]= 535 [12]= 535 
key_index after (DPU 242) [0]= 165 [1]= 345 [2]= 499 [3]= 499 [4]= 499 [5]= 499 [6]= 499 [7]= 499 [8]= 499 [9]= 499 [10]= 499 [11]= 499 [12]= 499 
key_index after (DPU 243) [0]= 144 [1]= 293 [2]= 477 [3]= 477 [4]= 477 [5]= 477 [6]= 477 [7]= 477 [8]= 477 [9]= 477 [10]= 477 [11]= 477 [12]= 477 
key_index after (DPU 244) [0]= 177 [1]= 357 [2]= 540 [3]= 540 [4]= 540 [5]= 540 [6]= 540 [7]= 540 [8]= 540 [9]= 540 [10]= 540 [11]= 540 [12]= 540 
key_index after (DPU 245) [0]= 173 [1]= 329 [2]= 499 [3]= 499 [4]= 499 [5]= 499 [6]= 499 [7]= 499 [8]= 499 [9]= 499 [10]= 499 [11]= 499 [12]= 499 
key_index after (DPU 246) [0]= 160 [1]= 306 [2]= 471 [3]= 471 [4]= 471 [5]= 471 [6]= 471 [7]= 471 [8]= 471 [9]= 471 [10]= 471 [11]= 471 [12]= 471 
key_index after (DPU 247) [0]= 160 [1]= 329 [2]= 499 [3]= 499 [4]= 499 [5]= 499 [6]= 499 [7]= 499 [8]= 499 [9]= 499 [10]= 499 [11]= 499 [12]= 499 
key_index after (DPU 248) [0]= 150 [1]= 348 [2]= 507 [3]= 507 [4]= 507 [5]= 507 [6]= 507 [7]= 507 [8]= 507 [9]= 507 [10]= 507 [11]= 507 [12]= 507 
key_index after (DPU 249) [0]= 165 [1]= 331 [2]= 481 [3]= 481 [4]= 481 [5]= 481 [6]= 481 [7]= 481 [8]= 481 [9]= 481 [10]= 481 [11]= 481 [12]= 481 
key_index after (DPU 250) [0]= 157 [1]= 328 [2]= 493 [3]= 493 [4]= 493 [5]= 493 [6]= 493 [7]= 493 [8]= 493 [9]= 493 [10]= 493 [11]= 493 [12]= 493 
key_index after (DPU 251) [0]= 163 [1]= 306 [2]= 482 [3]= 482 [4]= 482 [5]= 482 [6]= 482 [7]= 482 [8]= 482 [9]= 482 [10]= 482 [11]= 482 [12]= 482 
key_index after (DPU 252) [0]= 160 [1]= 330 [2]= 483 [3]= 483 [4]= 483 [5]= 483 [6]= 483 [7]= 483 [8]= 483 [9]= 483 [10]= 483 [11]= 483 [12]= 483 
key_index after (DPU 253) [0]= 147 [1]= 320 [2]= 487 [3]= 487 [4]= 487 [5]= 487 [6]= 487 [7]= 487 [8]= 487 [9]= 487 [10]= 487 [11]= 487 [12]= 487 
key_index after (DPU 254) [0]= 161 [1]= 330 [2]= 484 [3]= 484 [4]= 484 [5]= 484 [6]= 484 [7]= 484 [8]= 484 [9]= 484 [10]= 484 [11]= 484 [12]= 484 
key_index after (DPU 255) [0]= 162 [1]= 326 [2]= 487 [3]= 487 [4]= 487 [5]= 487 [6]= 487 [7]= 487 [8]= 487 [9]= 487 [10]= 487 [11]= 487 [12]= 487 
key_index after (DPU 256) [0]= 155 [1]= 305 [2]= 447 [3]= 447 [4]= 447 [5]= 447 [6]= 447 [7]= 447 [8]= 447 [9]= 447 [10]= 447 [11]= 447 [12]= 447 
key_index after (DPU 257) [0]= 162 [1]= 305 [2]= 469 [3]= 469 [4]= 469 [5]= 469 [6]= 469 [7]= 469 [8]= 469 [9]= 469 [10]= 469 [11]= 469 [12]= 469 
key_index after (DPU 258) [0]= 152 [1]= 320 [2]= 472 [3]= 472 [4]= 472 [5]= 472 [6]= 472 [7]= 472 [8]= 472 [9]= 472 [10]= 472 [11]= 472 [12]= 472 
key_index after (DPU 259) [0]= 171 [1]= 325 [2]= 485 [3]= 485 [4]= 485 [5]= 485 [6]= 485 [7]= 485 [8]= 485 [9]= 485 [10]= 485 [11]= 485 [12]= 485 
key_index after (DPU 260) [0]= 165 [1]= 317 [2]= 459 [3]= 459 [4]= 459 [5]= 459 [6]= 459 [7]= 459 [8]= 459 [9]= 459 [10]= 459 [11]= 459 [12]= 459 
key_index after (DPU 261) [0]= 162 [1]= 332 [2]= 471 [3]= 471 [4]= 471 [5]= 471 [6]= 471 [7]= 471 [8]= 471 [9]= 471 [10]= 471 [11]= 471 [12]= 471 
key_index after (DPU 262) [0]= 143 [1]= 302 [2]= 456 [3]= 456 [4]= 456 [5]= 456 [6]= 456 [7]= 456 [8]= 456 [9]= 456 [10]= 456 [11]= 456 [12]= 456 
key_index after (DPU 263) [0]= 161 [1]= 320 [2]= 516 [3]= 516 [4]= 516 [5]= 516 [6]= 516 [7]= 516 [8]= 516 [9]= 516 [10]= 516 [11]= 516 [12]= 516 
key_index after (DPU 264) [0]= 158 [1]= 312 [2]= 458 [3]= 458 [4]= 458 [5]= 458 [6]= 458 [7]= 458 [8]= 458 [9]= 458 [10]= 458 [11]= 458 [12]= 458 
key_index after (DPU 265) [0]= 147 [1]= 298 [2]= 463 [3]= 463 [4]= 463 [5]= 463 [6]= 463 [7]= 463 [8]= 463 [9]= 463 [10]= 463 [11]= 463 [12]= 463 
key_index after (DPU 266) [0]= 147 [1]= 284 [2]= 426 [3]= 426 [4]= 426 [5]= 426 [6]= 426 [7]= 426 [8]= 426 [9]= 426 [10]= 426 [11]= 426 [12]= 426 
key_index after (DPU 267) [0]= 156 [1]= 315 [2]= 458 [3]= 458 [4]= 458 [5]= 458 [6]= 458 [7]= 458 [8]= 458 [9]= 458 [10]= 458 [11]= 458 [12]= 458 
key_index after (DPU 268) [0]= 155 [1]= 306 [2]= 456 [3]= 456 [4]= 456 [5]= 456 [6]= 456 [7]= 456 [8]= 456 [9]= 456 [10]= 456 [11]= 456 [12]= 456 
key_index after (DPU 269) [0]= 147 [1]= 314 [2]= 486 [3]= 486 [4]= 486 [5]= 486 [6]= 486 [7]= 486 [8]= 486 [9]= 486 [10]= 486 [11]= 486 [12]= 486 
key_index after (DPU 270) [0]= 146 [1]= 306 [2]= 447 [3]= 447 [4]= 447 [5]= 447 [6]= 447 [7]= 447 [8]= 447 [9]= 447 [10]= 447 [11]= 447 [12]= 447 
key_index after (DPU 271) [0]= 142 [1]= 304 [2]= 445 [3]= 445 [4]= 445 [5]= 445 [6]= 445 [7]= 445 [8]= 445 [9]= 445 [10]= 445 [11]= 445 [12]= 445 
key_index after (DPU 272) [0]= 141 [1]= 288 [2]= 443 [3]= 443 [4]= 443 [5]= 443 [6]= 443 [7]= 443 [8]= 443 [9]= 443 [10]= 443 [11]= 443 [12]= 443 
key_index after (DPU 273) [0]= 145 [1]= 273 [2]= 407 [3]= 407 [4]= 407 [5]= 407 [6]= 407 [7]= 407 [8]= 407 [9]= 407 [10]= 407 [11]= 407 [12]= 407 
key_index after (DPU 274) [0]= 133 [1]= 271 [2]= 431 [3]= 431 [4]= 431 [5]= 431 [6]= 431 [7]= 431 [8]= 431 [9]= 431 [10]= 431 [11]= 431 [12]= 431 
key_index after (DPU 275) [0]= 156 [1]= 292 [2]= 447 [3]= 447 [4]= 447 [5]= 447 [6]= 447 [7]= 447 [8]= 447 [9]= 447 [10]= 447 [11]= 447 [12]= 447 
key_index after (DPU 276) [0]= 132 [1]= 259 [2]= 422 [3]= 422 [4]= 422 [5]= 422 [6]= 422 [7]= 422 [8]= 422 [9]= 422 [10]= 422 [11]= 422 [12]= 422 
key_index after (DPU 277) [0]= 168 [1]= 296 [2]= 462 [3]= 462 [4]= 462 [5]= 462 [6]= 462 [7]= 462 [8]= 462 [9]= 462 [10]= 462 [11]= 462 [12]= 462 
key_index after (DPU 278) [0]= 132 [1]= 298 [2]= 440 [3]= 440 [4]= 440 [5]= 440 [6]= 440 [7]= 440 [8]= 440 [9]= 440 [10]= 440 [11]= 440 [12]= 440 
key_index after (DPU 279) [0]= 150 [1]= 306 [2]= 452 [3]= 452 [4]= 452 [5]= 452 [6]= 452 [7]= 452 [8]= 452 [9]= 452 [10]= 452 [11]= 452 [12]= 452 
key_index after (DPU 280) [0]= 141 [1]= 284 [2]= 439 [3]= 439 [4]= 439 [5]= 439 [6]= 439 [7]= 439 [8]= 439 [9]= 439 [10]= 439 [11]= 439 [12]= 439 
key_index after (DPU 281) [0]= 159 [1]= 299 [2]= 449 [3]= 449 [4]= 449 [5]= 449 [6]= 449 [7]= 449 [8]= 449 [9]= 449 [10]= 449 [11]= 449 [12]= 449 
key_index after (DPU 282) [0]= 144 [1]= 306 [2]= 457 [3]= 457 [4]= 457 [5]= 457 [6]= 457 [7]= 457 [8]= 457 [9]= 457 [10]= 457 [11]= 457 [12]= 457 
key_index after (DPU 283) [0]= 134 [1]= 292 [2]= 435 [3]= 435 [4]= 435 [5]= 435 [6]= 435 [7]= 435 [8]= 435 [9]= 435 [10]= 435 [11]= 435 [12]= 435 
key_index after (DPU 284) [0]= 144 [1]= 273 [2]= 406 [3]= 406 [4]= 406 [5]= 406 [6]= 406 [7]= 406 [8]= 406 [9]= 406 [10]= 406 [11]= 406 [12]= 406 
key_index after (DPU 285) [0]= 127 [1]= 260 [2]= 399 [3]= 399 [4]= 399 [5]= 399 [6]= 399 [7]= 399 [8]= 399 [9]= 399 [10]= 399 [11]= 399 [12]= 399 
key_index after (DPU 286) [0]= 124 [1]= 270 [2]= 410 [3]= 410 [4]= 410 [5]= 410 [6]= 410 [7]= 410 [8]= 410 [9]= 410 [10]= 410 [11]= 410 [12]= 410 
key_index after (DPU 287) [0]= 145 [1]= 292 [2]= 455 [3]= 455 [4]= 455 [5]= 455 [6]= 455 [7]= 455 [8]= 455 [9]= 455 [10]= 455 [11]= 455 [12]= 455 
key_index after (DPU 288) [0]= 154 [1]= 297 [2]= 445 [3]= 445 [4]= 445 [5]= 445 [6]= 445 [7]= 445 [8]= 445 [9]= 445 [10]= 445 [11]= 445 [12]= 445 
key_index after (DPU 289) [0]= 146 [1]= 293 [2]= 431 [3]= 431 [4]= 431 [5]= 431 [6]= 431 [7]= 431 [8]= 431 [9]= 431 [10]= 431 [11]= 431 [12]= 431 
key_index after (DPU 290) [0]= 126 [1]= 271 [2]= 390 [3]= 390 [4]= 390 [5]= 390 [6]= 390 [7]= 390 [8]= 390 [9]= 390 [10]= 390 [11]= 390 [12]= 390 
key_index after (DPU 291) [0]= 150 [1]= 285 [2]= 424 [3]= 424 [4]= 424 [5]= 424 [6]= 424 [7]= 424 [8]= 424 [9]= 424 [10]= 424 [11]= 424 [12]= 424 
key_index after (DPU 292) [0]= 146 [1]= 292 [2]= 444 [3]= 444 [4]= 444 [5]= 444 [6]= 444 [7]= 444 [8]= 444 [9]= 444 [10]= 444 [11]= 444 [12]= 444 
key_index after (DPU 293) [0]= 160 [1]= 328 [2]= 464 [3]= 464 [4]= 464 [5]= 464 [6]= 464 [7]= 464 [8]= 464 [9]= 464 [10]= 464 [11]= 464 [12]= 464 
key_index after (DPU 294) [0]= 143 [1]= 286 [2]= 419 [3]= 419 [4]= 419 [5]= 419 [6]= 419 [7]= 419 [8]= 419 [9]= 419 [10]= 419 [11]= 419 [12]= 419 
key_index after (DPU 295) [0]= 131 [1]= 265 [2]= 400 [3]= 400 [4]= 400 [5]= 400 [6]= 400 [7]= 400 [8]= 400 [9]= 400 [10]= 400 [11]= 400 [12]= 400 
key_index after (DPU 296) [0]= 134 [1]= 275 [2]= 412 [3]= 412 [4]= 412 [5]= 412 [6]= 412 [7]= 412 [8]= 412 [9]= 412 [10]= 412 [11]= 412 [12]= 412 
key_index after (DPU 297) [0]= 156 [1]= 277 [2]= 421 [3]= 421 [4]= 421 [5]= 421 [6]= 421 [7]= 421 [8]= 421 [9]= 421 [10]= 421 [11]= 421 [12]= 421 
key_index after (DPU 298) [0]= 143 [1]= 289 [2]= 421 [3]= 421 [4]= 421 [5]= 421 [6]= 421 [7]= 421 [8]= 421 [9]= 421 [10]= 421 [11]= 421 [12]= 421 
key_index after (DPU 299) [0]= 133 [1]= 287 [2]= 406 [3]= 406 [4]= 406 [5]= 406 [6]= 406 [7]= 406 [8]= 406 [9]= 406 [10]= 406 [11]= 406 [12]= 406 
key_index after (DPU 300) [0]= 153 [1]= 261 [2]= 394 [3]= 394 [4]= 394 [5]= 394 [6]= 394 [7]= 394 [8]= 394 [9]= 394 [10]= 394 [11]= 394 [12]= 394 
key_index after (DPU 301) [0]= 129 [1]= 270 [2]= 399 [3]= 399 [4]= 399 [5]= 399 [6]= 399 [7]= 399 [8]= 399 [9]= 399 [10]= 399 [11]= 399 [12]= 399 
key_index after (DPU 302) [0]= 135 [1]= 279 [2]= 394 [3]= 394 [4]= 394 [5]= 394 [6]= 394 [7]= 394 [8]= 394 [9]= 394 [10]= 394 [11]= 394 [12]= 394 
key_index after (DPU 303) [0]= 136 [1]= 266 [2]= 401 [3]= 401 [4]= 401 [5]= 401 [6]= 401 [7]= 401 [8]= 401 [9]= 401 [10]= 401 [11]= 401 [12]= 401 
key_index after (DPU 304) [0]= 138 [1]= 286 [2]= 428 [3]= 428 [4]= 428 [5]= 428 [6]= 428 [7]= 428 [8]= 428 [9]= 428 [10]= 428 [11]= 428 [12]= 428 
key_index after (DPU 305) [0]= 135 [1]= 284 [2]= 427 [3]= 427 [4]= 427 [5]= 427 [6]= 427 [7]= 427 [8]= 427 [9]= 427 [10]= 427 [11]= 427 [12]= 427 
key_index after (DPU 306) [0]= 136 [1]= 280 [2]= 408 [3]= 408 [4]= 408 [5]= 408 [6]= 408 [7]= 408 [8]= 408 [9]= 408 [10]= 408 [11]= 408 [12]= 408 
key_index after (DPU 307) [0]= 121 [1]= 257 [2]= 392 [3]= 392 [4]= 392 [5]= 392 [6]= 392 [7]= 392 [8]= 392 [9]= 392 [10]= 392 [11]= 392 [12]= 392 
key_index after (DPU 308) [0]= 140 [1]= 263 [2]= 415 [3]= 415 [4]= 415 [5]= 415 [6]= 415 [7]= 415 [8]= 415 [9]= 415 [10]= 415 [11]= 415 [12]= 415 
key_index after (DPU 309) [0]= 123 [1]= 253 [2]= 395 [3]= 395 [4]= 395 [5]= 395 [6]= 395 [7]= 395 [8]= 395 [9]= 395 [10]= 395 [11]= 395 [12]= 395 
key_index after (DPU 310) [0]= 109 [1]= 247 [2]= 384 [3]= 384 [4]= 384 [5]= 384 [6]= 384 [7]= 384 [8]= 384 [9]= 384 [10]= 384 [11]= 384 [12]= 384 
key_index after (DPU 311) [0]= 112 [1]= 252 [2]= 377 [3]= 377 [4]= 377 [5]= 377 [6]= 377 [7]= 377 [8]= 377 [9]= 377 [10]= 377 [11]= 377 [12]= 377 
key_index after (DPU 312) [0]= 125 [1]= 248 [2]= 400 [3]= 400 [4]= 400 [5]= 400 [6]= 400 [7]= 400 [8]= 400 [9]= 400 [10]= 400 [11]= 400 [12]= 400 
key_index after (DPU 313) [0]= 119 [1]= 260 [2]= 401 [3]= 401 [4]= 401 [5]= 401 [6]= 401 [7]= 401 [8]= 401 [9]= 401 [10]= 401 [11]= 401 [12]= 401 
key_index after (DPU 314) [0]= 134 [1]= 261 [2]= 384 [3]= 384 [4]= 384 [5]= 384 [6]= 384 [7]= 384 [8]= 384 [9]= 384 [10]= 384 [11]= 384 [12]= 384 
key_index after (DPU 315) [0]= 120 [1]= 233 [2]= 364 [3]= 364 [4]= 364 [5]= 364 [6]= 364 [7]= 364 [8]= 364 [9]= 364 [10]= 364 [11]= 364 [12]= 364 
key_index after (DPU 316) [0]= 138 [1]= 278 [2]= 411 [3]= 411 [4]= 411 [5]= 411 [6]= 411 [7]= 411 [8]= 411 [9]= 411 [10]= 411 [11]= 411 [12]= 411 
key_index after (DPU 317) [0]= 121 [1]= 257 [2]= 381 [3]= 381 [4]= 381 [5]= 381 [6]= 381 [7]= 381 [8]= 381 [9]= 381 [10]= 381 [11]= 381 [12]= 381 
key_index after (DPU 318) [0]= 116 [1]= 266 [2]= 410 [3]= 410 [4]= 410 [5]= 410 [6]= 410 [7]= 410 [8]= 410 [9]= 410 [10]= 410 [11]= 410 [12]= 410 
key_index after (DPU 319) [0]= 129 [1]= 255 [2]= 390 [3]= 390 [4]= 390 [5]= 390 [6]= 390 [7]= 390 [8]= 390 [9]= 390 [10]= 390 [11]= 390 [12]= 390 
key_index after (DPU 320) [0]= 138 [1]= 279 [2]= 426 [3]= 426 [4]= 426 [5]= 426 [6]= 426 [7]= 426 [8]= 426 [9]= 426 [10]= 426 [11]= 426 [12]= 426 
key_index after (DPU 321) [0]= 125 [1]= 255 [2]= 384 [3]= 384 [4]= 384 [5]= 384 [6]= 384 [7]= 384 [8]= 384 [9]= 384 [10]= 384 [11]= 384 [12]= 384 
key_index after (DPU 322) [0]= 109 [1]= 242 [2]= 354 [3]= 354 [4]= 354 [5]= 354 [6]= 354 [7]= 354 [8]= 354 [9]= 354 [10]= 354 [11]= 354 [12]= 354 
key_index after (DPU 323) [0]= 137 [1]= 252 [2]= 386 [3]= 386 [4]= 386 [5]= 386 [6]= 386 [7]= 386 [8]= 386 [9]= 386 [10]= 386 [11]= 386 [12]= 386 
key_index after (DPU 324) [0]= 124 [1]= 234 [2]= 350 [3]= 350 [4]= 350 [5]= 350 [6]= 350 [7]= 350 [8]= 350 [9]= 350 [10]= 350 [11]= 350 [12]= 350 
key_index after (DPU 325) [0]= 124 [1]= 259 [2]= 379 [3]= 379 [4]= 379 [5]= 379 [6]= 379 [7]= 379 [8]= 379 [9]= 379 [10]= 379 [11]= 379 [12]= 379 
key_index after (DPU 326) [0]= 137 [1]= 254 [2]= 373 [3]= 373 [4]= 373 [5]= 373 [6]= 373 [7]= 373 [8]= 373 [9]= 373 [10]= 373 [11]= 373 [12]= 373 
key_index after (DPU 327) [0]= 134 [1]= 265 [2]= 382 [3]= 382 [4]= 382 [5]= 382 [6]= 382 [7]= 382 [8]= 382 [9]= 382 [10]= 382 [11]= 382 [12]= 382 
key_index after (DPU 328) [0]= 136 [1]= 249 [2]= 361 [3]= 361 [4]= 361 [5]= 361 [6]= 361 [7]= 361 [8]= 361 [9]= 361 [10]= 361 [11]= 361 [12]= 361 
key_index after (DPU 329) [0]= 115 [1]= 219 [2]= 327 [3]= 327 [4]= 327 [5]= 327 [6]= 327 [7]= 327 [8]= 327 [9]= 327 [10]= 327 [11]= 327 [12]= 327 
key_index after (DPU 330) [0]=  98 [1]= 225 [2]= 356 [3]= 356 [4]= 356 [5]= 356 [6]= 356 [7]= 356 [8]= 356 [9]= 356 [10]= 356 [11]= 356 [12]= 356 
key_index after (DPU 331) [0]= 130 [1]= 248 [2]= 386 [3]= 386 [4]= 386 [5]= 386 [6]= 386 [7]= 386 [8]= 386 [9]= 386 [10]= 386 [11]= 386 [12]= 386 
key_index after (DPU 332) [0]= 122 [1]= 249 [2]= 372 [3]= 372 [4]= 372 [5]= 372 [6]= 372 [7]= 372 [8]= 372 [9]= 372 [10]= 372 [11]= 372 [12]= 372 
key_index after (DPU 333) [0]= 119 [1]= 232 [2]= 361 [3]= 361 [4]= 361 [5]= 361 [6]= 361 [7]= 361 [8]= 361 [9]= 361 [10]= 361 [11]= 361 [12]= 361 
key_index after (DPU 334) [0]= 114 [1]= 246 [2]= 367 [3]= 367 [4]= 367 [5]= 367 [6]= 367 [7]= 367 [8]= 367 [9]= 367 [10]= 367 [11]= 367 [12]= 367 
key_index after (DPU 335) [0]=  98 [1]= 208 [2]= 340 [3]= 340 [4]= 340 [5]= 340 [6]= 340 [7]= 340 [8]= 340 [9]= 340 [10]= 340 [11]= 340 [12]= 340 
key_index after (DPU 336) [0]= 125 [1]= 243 [2]= 373 [3]= 373 [4]= 373 [5]= 373 [6]= 373 [7]= 373 [8]= 373 [9]= 373 [10]= 373 [11]= 373 [12]= 373 
key_index after (DPU 337) [0]= 136 [1]= 256 [2]= 379 [3]= 379 [4]= 379 [5]= 379 [6]= 379 [7]= 379 [8]= 379 [9]= 379 [10]= 379 [11]= 379 [12]= 379 
key_index after (DPU 338) [0]= 122 [1]= 265 [2]= 386 [3]= 386 [4]= 386 [5]= 386 [6]= 386 [7]= 386 [8]= 386 [9]= 386 [10]= 386 [11]= 386 [12]= 386 
key_index after (DPU 339) [0]= 140 [1]= 242 [2]= 381 [3]= 381 [4]= 381 [5]= 381 [6]= 381 [7]= 381 [8]= 381 [9]= 381 [10]= 381 [11]= 381 [12]= 381 
key_index after (DPU 340) [0]= 109 [1]= 216 [2]= 334 [3]= 334 [4]= 334 [5]= 334 [6]= 334 [7]= 334 [8]= 334 [9]= 334 [10]= 334 [11]= 334 [12]= 334 
key_index after (DPU 341) [0]= 115 [1]= 257 [2]= 377 [3]= 377 [4]= 377 [5]= 377 [6]= 377 [7]= 377 [8]= 377 [9]= 377 [10]= 377 [11]= 377 [12]= 377 
key_index after (DPU 342) [0]= 116 [1]= 250 [2]= 363 [3]= 363 [4]= 363 [5]= 363 [6]= 363 [7]= 363 [8]= 363 [9]= 363 [10]= 363 [11]= 363 [12]= 363 
key_index after (DPU 343) [0]= 109 [1]= 231 [2]= 347 [3]= 347 [4]= 347 [5]= 347 [6]= 347 [7]= 347 [8]= 347 [9]= 347 [10]= 347 [11]= 347 [12]= 347 
key_index after (DPU 344) [0]= 113 [1]= 232 [2]= 336 [3]= 336 [4]= 336 [5]= 336 [6]= 336 [7]= 336 [8]= 336 [9]= 336 [10]= 336 [11]= 336 [12]= 336 
key_index after (DPU 345) [0]= 122 [1]= 247 [2]= 371 [3]= 371 [4]= 371 [5]= 371 [6]= 371 [7]= 371 [8]= 371 [9]= 371 [10]= 371 [11]= 371 [12]= 371 
key_index after (DPU 346) [0]= 103 [1]= 217 [2]= 321 [3]= 321 [4]= 321 [5]= 321 [6]= 321 [7]= 321 [8]= 321 [9]= 321 [10]= 321 [11]= 321 [12]= 321 
key_index after (DPU 347) [0]= 119 [1]= 255 [2]= 376 [3]= 376 [4]= 376 [5]= 376 [6]= 376 [7]= 376 [8]= 376 [9]= 376 [10]= 376 [11]= 376 [12]= 376 
key_index after (DPU 348) [0]= 100 [1]= 219 [2]= 339 [3]= 339 [4]= 339 [5]= 339 [6]= 339 [7]= 339 [8]= 339 [9]= 339 [10]= 339 [11]= 339 [12]= 339 
key_index after (DPU 349) [0]= 116 [1]= 227 [2]= 340 [3]= 340 [4]= 340 [5]= 340 [6]= 340 [7]= 340 [8]= 340 [9]= 340 [10]= 340 [11]= 340 [12]= 340 
key_index after (DPU 350) [0]= 111 [1]= 211 [2]= 345 [3]= 345 [4]= 345 [5]= 345 [6]= 345 [7]= 345 [8]= 345 [9]= 345 [10]= 345 [11]= 345 [12]= 345 
key_index after (DPU 351) [0]= 134 [1]= 282 [2]= 392 [3]= 392 [4]= 392 [5]= 392 [6]= 392 [7]= 392 [8]= 392 [9]= 392 [10]= 392 [11]= 392 [12]= 392 
key_index after (DPU 352) [0]= 112 [1]= 218 [2]= 330 [3]= 330 [4]= 330 [5]= 330 [6]= 330 [7]= 330 [8]= 330 [9]= 330 [10]= 330 [11]= 330 [12]= 330 
key_index after (DPU 353) [0]= 131 [1]= 247 [2]= 370 [3]= 370 [4]= 370 [5]= 370 [6]= 370 [7]= 370 [8]= 370 [9]= 370 [10]= 370 [11]= 370 [12]= 370 
key_index after (DPU 354) [0]= 119 [1]= 250 [2]= 351 [3]= 351 [4]= 351 [5]= 351 [6]= 351 [7]= 351 [8]= 351 [9]= 351 [10]= 351 [11]= 351 [12]= 351 
key_index after (DPU 355) [0]= 116 [1]= 223 [2]= 324 [3]= 324 [4]= 324 [5]= 324 [6]= 324 [7]= 324 [8]= 324 [9]= 324 [10]= 324 [11]= 324 [12]= 324 
key_index after (DPU 356) [0]= 108 [1]= 219 [2]= 357 [3]= 357 [4]= 357 [5]= 357 [6]= 357 [7]= 357 [8]= 357 [9]= 357 [10]= 357 [11]= 357 [12]= 357 
key_index after (DPU 357) [0]= 131 [1]= 244 [2]= 381 [3]= 381 [4]= 381 [5]= 381 [6]= 381 [7]= 381 [8]= 381 [9]= 381 [10]= 381 [11]= 381 [12]= 381 
key_index after (DPU 358) [0]= 101 [1]= 206 [2]= 312 [3]= 312 [4]= 312 [5]= 312 [6]= 312 [7]= 312 [8]= 312 [9]= 312 [10]= 312 [11]= 312 [12]= 312 
key_index after (DPU 359) [0]= 101 [1]= 212 [2]= 322 [3]= 322 [4]= 322 [5]= 322 [6]= 322 [7]= 322 [8]= 322 [9]= 322 [10]= 322 [11]= 322 [12]= 322 
key_index after (DPU 360) [0]= 118 [1]= 233 [2]= 328 [3]= 328 [4]= 328 [5]= 328 [6]= 328 [7]= 328 [8]= 328 [9]= 328 [10]= 328 [11]= 328 [12]= 328 
key_index after (DPU 361) [0]= 117 [1]= 228 [2]= 330 [3]= 330 [4]= 330 [5]= 330 [6]= 330 [7]= 330 [8]= 330 [9]= 330 [10]= 330 [11]= 330 [12]= 330 
key_index after (DPU 362) [0]= 112 [1]= 219 [2]= 333 [3]= 333 [4]= 333 [5]= 333 [6]= 333 [7]= 333 [8]= 333 [9]= 333 [10]= 333 [11]= 333 [12]= 333 
key_index after (DPU 363) [0]= 127 [1]= 253 [2]= 356 [3]= 356 [4]= 356 [5]= 356 [6]= 356 [7]= 356 [8]= 356 [9]= 356 [10]= 356 [11]= 356 [12]= 356 
key_index after (DPU 364) [0]= 121 [1]= 235 [2]= 349 [3]= 349 [4]= 349 [5]= 349 [6]= 349 [7]= 349 [8]= 349 [9]= 349 [10]= 349 [11]= 349 [12]= 349 
key_index after (DPU 365) [0]= 105 [1]= 220 [2]= 327 [3]= 327 [4]= 327 [5]= 327 [6]= 327 [7]= 327 [8]= 327 [9]= 327 [10]= 327 [11]= 327 [12]= 327 
key_index after (DPU 366) [0]= 122 [1]= 234 [2]= 349 [3]= 349 [4]= 349 [5]= 349 [6]= 349 [7]= 349 [8]= 349 [9]= 349 [10]= 349 [11]= 349 [12]= 349 
key_index after (DPU 367) [0]= 102 [1]= 230 [2]= 350 [3]= 350 [4]= 350 [5]= 350 [6]= 350 [7]= 350 [8]= 350 [9]= 350 [10]= 350 [11]= 350 [12]= 350 
key_index after (DPU 368) [0]= 112 [1]= 213 [2]= 326 [3]= 326 [4]= 326 [5]= 326 [6]= 326 [7]= 326 [8]= 326 [9]= 326 [10]= 326 [11]= 326 [12]= 326 
key_index after (DPU 369) [0]= 105 [1]= 217 [2]= 318 [3]= 318 [4]= 318 [5]= 318 [6]= 318 [7]= 318 [8]= 318 [9]= 318 [10]= 318 [11]= 318 [12]= 318 
key_index after (DPU 370) [0]=  97 [1]= 211 [2]= 318 [3]= 318 [4]= 318 [5]= 318 [6]= 318 [7]= 318 [8]= 318 [9]= 318 [10]= 318 [11]= 318 [12]= 318 
key_index after (DPU 371) [0]= 113 [1]= 220 [2]= 345 [3]= 345 [4]= 345 [5]= 345 [6]= 345 [7]= 345 [8]= 345 [9]= 345 [10]= 345 [11]= 345 [12]= 345 
key_index after (DPU 372) [0]= 100 [1]= 220 [2]= 323 [3]= 323 [4]= 323 [5]= 323 [6]= 323 [7]= 323 [8]= 323 [9]= 323 [10]= 323 [11]= 323 [12]= 323 
key_index after (DPU 373) [0]=  93 [1]= 217 [2]= 328 [3]= 328 [4]= 328 [5]= 328 [6]= 328 [7]= 328 [8]= 328 [9]= 328 [10]= 328 [11]= 328 [12]= 328 
key_index after (DPU 374) [0]= 115 [1]= 233 [2]= 343 [3]= 343 [4]= 343 [5]= 343 [6]= 343 [7]= 343 [8]= 343 [9]= 343 [10]= 343 [11]= 343 [12]= 343 
key_index after (DPU 375) [0]=  90 [1]= 183 [2]= 277 [3]= 277 [4]= 277 [5]= 277 [6]= 277 [7]= 277 [8]= 277 [9]= 277 [10]= 277 [11]= 277 [12]= 277 
key_index after (DPU 376) [0]= 126 [1]= 248 [2]= 353 [3]= 353 [4]= 353 [5]= 353 [6]= 353 [7]= 353 [8]= 353 [9]= 353 [10]= 353 [11]= 353 [12]= 353 
key_index after (DPU 377) [0]= 112 [1]= 218 [2]= 338 [3]= 338 [4]= 338 [5]= 338 [6]= 338 [7]= 338 [8]= 338 [9]= 338 [10]= 338 [11]= 338 [12]= 338 
key_index after (DPU 378) [0]= 127 [1]= 215 [2]= 335 [3]= 335 [4]= 335 [5]= 335 [6]= 335 [7]= 335 [8]= 335 [9]= 335 [10]= 335 [11]= 335 [12]= 335 
key_index after (DPU 379) [0]=  93 [1]= 203 [2]= 306 [3]= 306 [4]= 306 [5]= 306 [6]= 306 [7]= 306 [8]= 306 [9]= 306 [10]= 306 [11]= 306 [12]= 306 
key_index after (DPU 380) [0]= 114 [1]= 212 [2]= 304 [3]= 304 [4]= 304 [5]= 304 [6]= 304 [7]= 304 [8]= 304 [9]= 304 [10]= 304 [11]= 304 [12]= 304 
key_index after (DPU 381) [0]= 121 [1]= 212 [2]= 338 [3]= 338 [4]= 338 [5]= 338 [6]= 338 [7]= 338 [8]= 338 [9]= 338 [10]= 338 [11]= 338 [12]= 338 
key_index after (DPU 382) [0]= 143 [1]= 233 [2]= 341 [3]= 341 [4]= 341 [5]= 341 [6]= 341 [7]= 341 [8]= 341 [9]= 341 [10]= 341 [11]= 341 [12]= 341 
key_index after (DPU 383) [0]= 104 [1]= 221 [2]= 323 [3]= 323 [4]= 323 [5]= 323 [6]= 323 [7]= 323 [8]= 323 [9]= 323 [10]= 323 [11]= 323 [12]= 323 
key_index after (DPU 384) [0]= 104 [1]= 192 [2]= 289 [3]= 289 [4]= 289 [5]= 289 [6]= 289 [7]= 289 [8]= 289 [9]= 289 [10]= 289 [11]= 289 [12]= 289 
key_index after (DPU 385) [0]= 102 [1]= 221 [2]= 336 [3]= 336 [4]= 336 [5]= 336 [6]= 336 [7]= 336 [8]= 336 [9]= 336 [10]= 336 [11]= 336 [12]= 336 
key_index after (DPU 386) [0]= 114 [1]= 218 [2]= 331 [3]= 331 [4]= 331 [5]= 331 [6]= 331 [7]= 331 [8]= 331 [9]= 331 [10]= 331 [11]= 331 [12]= 331 
key_index after (DPU 387) [0]= 110 [1]= 211 [2]= 317 [3]= 317 [4]= 317 [5]= 317 [6]= 317 [7]= 317 [8]= 317 [9]= 317 [10]= 317 [11]= 317 [12]= 317 
key_index after (DPU 388) [0]=  95 [1]= 208 [2]= 308 [3]= 308 [4]= 308 [5]= 308 [6]= 308 [7]= 308 [8]= 308 [9]= 308 [10]= 308 [11]= 308 [12]= 308 
key_index after (DPU 389) [0]=  90 [1]= 186 [2]= 292 [3]= 292 [4]= 292 [5]= 292 [6]= 292 [7]= 292 [8]= 292 [9]= 292 [10]= 292 [11]= 292 [12]= 292 
key_index after (DPU 390) [0]= 110 [1]= 223 [2]= 327 [3]= 327 [4]= 327 [5]= 327 [6]= 327 [7]= 327 [8]= 327 [9]= 327 [10]= 327 [11]= 327 [12]= 327 
key_index after (DPU 391) [0]=  90 [1]= 183 [2]= 303 [3]= 303 [4]= 303 [5]= 303 [6]= 303 [7]= 303 [8]= 303 [9]= 303 [10]= 303 [11]= 303 [12]= 303 
key_index after (DPU 392) [0]= 109 [1]= 213 [2]= 308 [3]= 308 [4]= 308 [5]= 308 [6]= 308 [7]= 308 [8]= 308 [9]= 308 [10]= 308 [11]= 308 [12]= 308 
key_index after (DPU 393) [0]= 106 [1]= 207 [2]= 295 [3]= 295 [4]= 295 [5]= 295 [6]= 295 [7]= 295 [8]= 295 [9]= 295 [10]= 295 [11]= 295 [12]= 295 
key_index after (DPU 394) [0]=  98 [1]= 222 [2]= 331 [3]= 331 [4]= 331 [5]= 331 [6]= 331 [7]= 331 [8]= 331 [9]= 331 [10]= 331 [11]= 331 [12]= 331 
key_index after (DPU 395) [0]=  88 [1]= 178 [2]= 292 [3]= 292 [4]= 292 [5]= 292 [6]= 292 [7]= 292 [8]= 292 [9]= 292 [10]= 292 [11]= 292 [12]= 292 
key_index after (DPU 396) [0]= 111 [1]= 233 [2]= 342 [3]= 342 [4]= 342 [5]= 342 [6]= 342 [7]= 342 [8]= 342 [9]= 342 [10]= 342 [11]= 342 [12]= 342 
key_index after (DPU 397) [0]= 106 [1]= 201 [2]= 301 [3]= 301 [4]= 301 [5]= 301 [6]= 301 [7]= 301 [8]= 301 [9]= 301 [10]= 301 [11]= 301 [12]= 301 
key_index after (DPU 398) [0]= 112 [1]= 209 [2]= 316 [3]= 316 [4]= 316 [5]= 316 [6]= 316 [7]= 316 [8]= 316 [9]= 316 [10]= 316 [11]= 316 [12]= 316 
key_index after (DPU 399) [0]= 104 [1]= 197 [2]= 301 [3]= 301 [4]= 301 [5]= 301 [6]= 301 [7]= 301 [8]= 301 [9]= 301 [10]= 301 [11]= 301 [12]= 301 
key_index after (DPU 400) [0]= 105 [1]= 197 [2]= 313 [3]= 313 [4]= 313 [5]= 313 [6]= 313 [7]= 313 [8]= 313 [9]= 313 [10]= 313 [11]= 313 [12]= 313 
key_index after (DPU 401) [0]= 106 [1]= 208 [2]= 302 [3]= 302 [4]= 302 [5]= 302 [6]= 302 [7]= 302 [8]= 302 [9]= 302 [10]= 302 [11]= 302 [12]= 302 
key_index after (DPU 402) [0]= 109 [1]= 206 [2]= 315 [3]= 315 [4]= 315 [5]= 315 [6]= 315 [7]= 315 [8]= 315 [9]= 315 [10]= 315 [11]= 315 [12]= 315 
key_index after (DPU 403) [0]= 114 [1]= 208 [2]= 322 [3]= 322 [4]= 322 [5]= 322 [6]= 322 [7]= 322 [8]= 322 [9]= 322 [10]= 322 [11]= 322 [12]= 322 
key_index after (DPU 404) [0]= 103 [1]= 192 [2]= 302 [3]= 302 [4]= 302 [5]= 302 [6]= 302 [7]= 302 [8]= 302 [9]= 302 [10]= 302 [11]= 302 [12]= 302 
key_index after (DPU 405) [0]=  85 [1]= 168 [2]= 269 [3]= 269 [4]= 269 [5]= 269 [6]= 269 [7]= 269 [8]= 269 [9]= 269 [10]= 269 [11]= 269 [12]= 269 
key_index after (DPU 406) [0]= 119 [1]= 230 [2]= 329 [3]= 329 [4]= 329 [5]= 329 [6]= 329 [7]= 329 [8]= 329 [9]= 329 [10]= 329 [11]= 329 [12]= 329 
key_index after (DPU 407) [0]= 113 [1]= 233 [2]= 344 [3]= 344 [4]= 344 [5]= 344 [6]= 344 [7]= 344 [8]= 344 [9]= 344 [10]= 344 [11]= 344 [12]= 344 
key_index after (DPU 408) [0]=  87 [1]= 193 [2]= 292 [3]= 292 [4]= 292 [5]= 292 [6]= 292 [7]= 292 [8]= 292 [9]= 292 [10]= 292 [11]= 292 [12]= 292 
key_index after (DPU 409) [0]=  94 [1]= 186 [2]= 282 [3]= 282 [4]= 282 [5]= 282 [6]= 282 [7]= 282 [8]= 282 [9]= 282 [10]= 282 [11]= 282 [12]= 282 
key_index after (DPU 410) [0]= 102 [1]= 193 [2]= 292 [3]= 292 [4]= 292 [5]= 292 [6]= 292 [7]= 292 [8]= 292 [9]= 292 [10]= 292 [11]= 292 [12]= 292 
key_index after (DPU 411) [0]=  96 [1]= 196 [2]= 294 [3]= 294 [4]= 294 [5]= 294 [6]= 294 [7]= 294 [8]= 294 [9]= 294 [10]= 294 [11]= 294 [12]= 294 
key_index after (DPU 412) [0]= 109 [1]= 208 [2]= 308 [3]= 308 [4]= 308 [5]= 308 [6]= 308 [7]= 308 [8]= 308 [9]= 308 [10]= 308 [11]= 308 [12]= 308 
key_index after (DPU 413) [0]= 106 [1]= 208 [2]= 320 [3]= 320 [4]= 320 [5]= 320 [6]= 320 [7]= 320 [8]= 320 [9]= 320 [10]= 320 [11]= 320 [12]= 320 
key_index after (DPU 414) [0]= 108 [1]= 215 [2]= 313 [3]= 313 [4]= 313 [5]= 313 [6]= 313 [7]= 313 [8]= 313 [9]= 313 [10]= 313 [11]= 313 [12]= 313 
key_index after (DPU 415) [0]= 120 [1]= 219 [2]= 321 [3]= 321 [4]= 321 [5]= 321 [6]= 321 [7]= 321 [8]= 321 [9]= 321 [10]= 321 [11]= 321 [12]= 321 
key_index after (DPU 416) [0]= 106 [1]= 223 [2]= 318 [3]= 318 [4]= 318 [5]= 318 [6]= 318 [7]= 318 [8]= 318 [9]= 318 [10]= 318 [11]= 318 [12]= 318 
key_index after (DPU 417) [0]=  94 [1]= 205 [2]= 304 [3]= 304 [4]= 304 [5]= 304 [6]= 304 [7]= 304 [8]= 304 [9]= 304 [10]= 304 [11]= 304 [12]= 304 
key_index after (DPU 418) [0]=  95 [1]= 187 [2]= 276 [3]= 276 [4]= 276 [5]= 276 [6]= 276 [7]= 276 [8]= 276 [9]= 276 [10]= 276 [11]= 276 [12]= 276 
key_index after (DPU 419) [0]=  88 [1]= 172 [2]= 285 [3]= 285 [4]= 285 [5]= 285 [6]= 285 [7]= 285 [8]= 285 [9]= 285 [10]= 285 [11]= 285 [12]= 285 
key_index after (DPU 420) [0]=  80 [1]= 187 [2]= 277 [3]= 277 [4]= 277 [5]= 277 [6]= 277 [7]= 277 [8]= 277 [9]= 277 [10]= 277 [11]= 277 [12]= 277 
key_index after (DPU 421) [0]=  90 [1]= 187 [2]= 273 [3]= 273 [4]= 273 [5]= 273 [6]= 273 [7]= 273 [8]= 273 [9]= 273 [10]= 273 [11]= 273 [12]= 273 
key_index after (DPU 422) [0]=  94 [1]= 183 [2]= 281 [3]= 281 [4]= 281 [5]= 281 [6]= 281 [7]= 281 [8]= 281 [9]= 281 [10]= 281 [11]= 281 [12]= 281 
key_index after (DPU 423) [0]=  93 [1]= 195 [2]= 304 [3]= 304 [4]= 304 [5]= 304 [6]= 304 [7]= 304 [8]= 304 [9]= 304 [10]= 304 [11]= 304 [12]= 304 
key_index after (DPU 424) [0]=  99 [1]= 186 [2]= 294 [3]= 294 [4]= 294 [5]= 294 [6]= 294 [7]= 294 [8]= 294 [9]= 294 [10]= 294 [11]= 294 [12]= 294 
key_index after (DPU 425) [0]=  69 [1]= 162 [2]= 255 [3]= 255 [4]= 255 [5]= 255 [6]= 255 [7]= 255 [8]= 255 [9]= 255 [10]= 255 [11]= 255 [12]= 255 
key_index after (DPU 426) [0]=  82 [1]= 172 [2]= 264 [3]= 264 [4]= 264 [5]= 264 [6]= 264 [7]= 264 [8]= 264 [9]= 264 [10]= 264 [11]= 264 [12]= 264 
key_index after (DPU 427) [0]=  97 [1]= 202 [2]= 298 [3]= 298 [4]= 298 [5]= 298 [6]= 298 [7]= 298 [8]= 298 [9]= 298 [10]= 298 [11]= 298 [12]= 298 
key_index after (DPU 428) [0]=  95 [1]= 190 [2]= 281 [3]= 281 [4]= 281 [5]= 281 [6]= 281 [7]= 281 [8]= 281 [9]= 281 [10]= 281 [11]= 281 [12]= 281 
key_index after (DPU 429) [0]=  68 [1]= 177 [2]= 282 [3]= 282 [4]= 282 [5]= 282 [6]= 282 [7]= 282 [8]= 282 [9]= 282 [10]= 282 [11]= 282 [12]= 282 
key_index after (DPU 430) [0]=  88 [1]= 169 [2]= 258 [3]= 258 [4]= 258 [5]= 258 [6]= 258 [7]= 258 [8]= 258 [9]= 258 [10]= 258 [11]= 258 [12]= 258 
key_index after (DPU 431) [0]=  91 [1]= 200 [2]= 301 [3]= 301 [4]= 301 [5]= 301 [6]= 301 [7]= 301 [8]= 301 [9]= 301 [10]= 301 [11]= 301 [12]= 301 
key_index after (DPU 432) [0]=  85 [1]= 176 [2]= 259 [3]= 259 [4]= 259 [5]= 259 [6]= 259 [7]= 259 [8]= 259 [9]= 259 [10]= 259 [11]= 259 [12]= 259 
key_index after (DPU 433) [0]=  95 [1]= 190 [2]= 268 [3]= 268 [4]= 268 [5]= 268 [6]= 268 [7]= 268 [8]= 268 [9]= 268 [10]= 268 [11]= 268 [12]= 268 
key_index after (DPU 434) [0]=  90 [1]= 184 [2]= 282 [3]= 282 [4]= 282 [5]= 282 [6]= 282 [7]= 282 [8]= 282 [9]= 282 [10]= 282 [11]= 282 [12]= 282 
key_index after (DPU 435) [0]=  95 [1]= 183 [2]= 263 [3]= 263 [4]= 263 [5]= 263 [6]= 263 [7]= 263 [8]= 263 [9]= 263 [10]= 263 [11]= 263 [12]= 263 
key_index after (DPU 436) [0]=  84 [1]= 171 [2]= 263 [3]= 263 [4]= 263 [5]= 263 [6]= 263 [7]= 263 [8]= 263 [9]= 263 [10]= 263 [11]= 263 [12]= 263 
key_index after (DPU 437) [0]=  86 [1]= 183 [2]= 274 [3]= 274 [4]= 274 [5]= 274 [6]= 274 [7]= 274 [8]= 274 [9]= 274 [10]= 274 [11]= 274 [12]= 274 
key_index after (DPU 438) [0]=  88 [1]= 190 [2]= 282 [3]= 282 [4]= 282 [5]= 282 [6]= 282 [7]= 282 [8]= 282 [9]= 282 [10]= 282 [11]= 282 [12]= 282 
key_index after (DPU 439) [0]= 100 [1]= 188 [2]= 280 [3]= 280 [4]= 280 [5]= 280 [6]= 280 [7]= 280 [8]= 280 [9]= 280 [10]= 280 [11]= 280 [12]= 280 
key_index after (DPU 440) [0]=  82 [1]= 173 [2]= 269 [3]= 269 [4]= 269 [5]= 269 [6]= 269 [7]= 269 [8]= 269 [9]= 269 [10]= 269 [11]= 269 [12]= 269 
key_index after (DPU 441) [0]= 104 [1]= 200 [2]= 287 [3]= 287 [4]= 287 [5]= 287 [6]= 287 [7]= 287 [8]= 287 [9]= 287 [10]= 287 [11]= 287 [12]= 287 
key_index after (DPU 442) [0]=  82 [1]= 175 [2]= 277 [3]= 277 [4]= 277 [5]= 277 [6]= 277 [7]= 277 [8]= 277 [9]= 277 [10]= 277 [11]= 277 [12]= 277 
key_index after (DPU 443) [0]= 105 [1]= 201 [2]= 307 [3]= 307 [4]= 307 [5]= 307 [6]= 307 [7]= 307 [8]= 307 [9]= 307 [10]= 307 [11]= 307 [12]= 307 
key_index after (DPU 444) [0]= 104 [1]= 191 [2]= 283 [3]= 283 [4]= 283 [5]= 283 [6]= 283 [7]= 283 [8]= 283 [9]= 283 [10]= 283 [11]= 283 [12]= 283 
key_index after (DPU 445) [0]=  92 [1]= 195 [2]= 285 [3]= 285 [4]= 285 [5]= 285 [6]= 285 [7]= 285 [8]= 285 [9]= 285 [10]= 285 [11]= 285 [12]= 285 
key_index after (DPU 446) [0]=  81 [1]= 167 [2]= 167 [3]=139133 [4]=139133 [5]=139133 [6]=139133 [7]=139133 [8]=139133 [9]=139133 [10]=139133 [11]=139133 [12]=139133 
key_index after (DPU 447) [0]=  86 [1]= 180 [2]= 270 [3]= 270 [4]= 270 [5]= 270 [6]= 270 [7]= 270 [8]= 270 [9]= 270 [10]= 270 [11]= 270 [12]= 270 
key_index after (DPU 448) [0]= 100 [1]= 183 [2]= 267 [3]= 267 [4]= 267 [5]= 267 [6]= 267 [7]= 267 [8]= 267 [9]= 267 [10]= 267 [11]= 267 [12]= 267 
key_index after (DPU 449) [0]=  81 [1]= 163 [2]= 231 [3]=21817 [4]=21817 [5]=21817 [6]=21817 [7]=21817 [8]=21817 [9]=21817 [10]=21817 [11]=21817 [12]=21817 
key_index after (DPU 450) [0]=  86 [1]= 168 [2]= 260 [3]= 260 [4]= 260 [5]= 260 [6]= 260 [7]= 260 [8]= 260 [9]= 260 [10]= 260 [11]= 260 [12]= 260 
key_index after (DPU 451) [0]=  94 [1]= 189 [2]= 273 [3]= 273 [4]= 273 [5]= 273 [6]= 273 [7]= 273 [8]= 273 [9]= 273 [10]= 273 [11]= 273 [12]= 273 
key_index after (DPU 452) [0]=  78 [1]= 173 [2]= 248 [3]= 248 [4]= 248 [5]= 248 [6]= 248 [7]= 248 [8]= 248 [9]= 248 [10]= 248 [11]= 248 [12]= 248 
key_index after (DPU 453) [0]= 103 [1]= 186 [2]= 276 [3]= 276 [4]= 276 [5]= 276 [6]= 276 [7]= 276 [8]= 276 [9]= 276 [10]= 276 [11]= 276 [12]= 276 
key_index after (DPU 454) [0]=  75 [1]= 163 [2]= 253 [3]= 253 [4]= 253 [5]= 253 [6]= 253 [7]= 253 [8]= 253 [9]= 253 [10]= 253 [11]= 253 [12]= 253 
key_index after (DPU 455) [0]= 100 [1]= 198 [2]= 291 [3]= 291 [4]= 291 [5]= 291 [6]= 291 [7]= 291 [8]= 291 [9]= 291 [10]= 291 [11]= 291 [12]= 291 
key_index after (DPU 456) [0]=  98 [1]= 184 [2]= 264 [3]= 264 [4]= 264 [5]= 264 [6]= 264 [7]= 264 [8]= 264 [9]= 264 [10]= 264 [11]= 264 [12]= 264 
key_index after (DPU 457) [0]=  91 [1]= 185 [2]= 277 [3]= 277 [4]= 277 [5]= 277 [6]= 277 [7]= 277 [8]= 277 [9]= 277 [10]= 277 [11]= 277 [12]= 277 
key_index after (DPU 458) [0]=  81 [1]= 188 [2]= 284 [3]= 284 [4]= 284 [5]= 284 [6]= 284 [7]= 284 [8]= 284 [9]= 284 [10]= 284 [11]= 284 [12]= 284 
key_index after (DPU 459) [0]= 105 [1]= 195 [2]= 287 [3]=12529 [4]=12529 [5]=12529 [6]=12529 [7]=12529 [8]=12529 [9]=12529 [10]=12529 [11]=12529 [12]=12529 
key_index after (DPU 460) [0]=  92 [1]= 177 [2]= 258 [3]= 258 [4]= 258 [5]= 258 [6]= 258 [7]= 258 [8]= 258 [9]= 258 [10]= 258 [11]= 258 [12]= 258 
key_index after (DPU 461) [0]=  77 [1]= 149 [2]= 247 [3]= 247 [4]= 247 [5]= 247 [6]= 247 [7]= 247 [8]= 247 [9]= 247 [10]= 247 [11]= 247 [12]= 247 
key_index after (DPU 462) [0]=  88 [1]= 168 [2]= 262 [3]= 262 [4]= 262 [5]= 262 [6]= 262 [7]= 262 [8]= 262 [9]= 262 [10]= 262 [11]= 262 [12]= 262 
key_index after (DPU 463) [0]=  79 [1]= 164 [2]= 249 [3]= 249 [4]= 249 [5]= 249 [6]= 249 [7]= 249 [8]= 249 [9]= 249 [10]= 249 [11]= 249 [12]= 249 
key_index after (DPU 464) [0]= 107 [1]= 192 [2]= 265 [3]= 265 [4]= 265 [5]= 265 [6]= 265 [7]= 265 [8]= 265 [9]= 265 [10]= 265 [11]= 265 [12]= 265 
key_index after (DPU 465) [0]=  72 [1]= 147 [2]= 237 [3]= 237 [4]= 237 [5]= 237 [6]= 237 [7]= 237 [8]= 237 [9]= 237 [10]= 237 [11]= 237 [12]= 237 
key_index after (DPU 466) [0]=  97 [1]= 190 [2]= 285 [3]= 285 [4]= 285 [5]= 285 [6]= 285 [7]= 285 [8]= 285 [9]= 285 [10]= 285 [11]= 285 [12]= 285 
key_index after (DPU 467) [0]=  92 [1]= 183 [2]= 281 [3]= 281 [4]= 281 [5]= 281 [6]= 281 [7]= 281 [8]= 281 [9]= 281 [10]= 281 [11]= 281 [12]= 281 
key_index after (DPU 468) [0]=  93 [1]= 181 [2]= 256 [3]= 256 [4]= 256 [5]= 256 [6]= 256 [7]= 256 [8]= 256 [9]= 256 [10]= 256 [11]= 256 [12]= 256 
key_index after (DPU 469) [0]=  69 [1]= 145 [2]= 244 [3]= 244 [4]= 244 [5]= 244 [6]= 244 [7]= 244 [8]= 244 [9]= 244 [10]= 244 [11]= 244 [12]= 244 
key_index after (DPU 470) [0]=  83 [1]= 182 [2]= 247 [3]=18143 [4]=18143 [5]=18143 [6]=18143 [7]=18143 [8]=18143 [9]=18143 [10]=18143 [11]=18143 [12]=18143 
key_index after (DPU 471) [0]=  86 [1]= 178 [2]= 265 [3]= 265 [4]= 265 [5]= 265 [6]= 265 [7]= 265 [8]= 265 [9]= 265 [10]= 265 [11]= 265 [12]= 265 
key_index after (DPU 472) [0]= 100 [1]= 186 [2]= 269 [3]= 269 [4]= 269 [5]= 269 [6]= 269 [7]= 269 [8]= 269 [9]= 269 [10]= 269 [11]= 269 [12]= 269 
key_index after (DPU 473) [0]=  88 [1]= 179 [2]= 271 [3]= 271 [4]= 271 [5]= 271 [6]= 271 [7]= 271 [8]= 271 [9]= 271 [10]= 271 [11]= 271 [12]= 271 
key_index after (DPU 474) [0]=  91 [1]= 175 [2]= 254 [3]= 254 [4]= 254 [5]= 254 [6]= 254 [7]= 254 [8]= 254 [9]= 254 [10]= 254 [11]= 254 [12]= 254 
key_index after (DPU 475) [0]=  94 [1]= 189 [2]= 264 [3]= 264 [4]= 264 [5]= 264 [6]= 264 [7]= 264 [8]= 264 [9]= 264 [10]= 264 [11]= 264 [12]= 264 
key_index after (DPU 476) [0]=  88 [1]= 177 [2]= 255 [3]= 255 [4]= 255 [5]= 255 [6]= 255 [7]= 255 [8]= 255 [9]= 255 [10]= 255 [11]= 255 [12]= 255 
key_index after (DPU 477) [0]=  86 [1]= 180 [2]= 261 [3]= 261 [4]= 261 [5]= 261 [6]= 261 [7]= 261 [8]= 261 [9]= 261 [10]= 261 [11]= 261 [12]= 261 
key_index after (DPU 478) [0]=  83 [1]= 155 [2]= 231 [3]= 328 [4]= 328 [5]= 328 [6]= 328 [7]= 328 [8]= 328 [9]= 328 [10]= 328 [11]= 328 [12]= 328 
key_index after (DPU 479) [0]=  90 [1]= 196 [2]= 288 [3]= 288 [4]= 288 [5]= 288 [6]= 288 [7]= 288 [8]= 288 [9]= 288 [10]= 288 [11]= 288 [12]= 288 
key_index after (DPU 480) [0]=  99 [1]= 186 [2]= 276 [3]= 276 [4]= 276 [5]= 276 [6]= 276 [7]= 276 [8]= 276 [9]= 276 [10]= 276 [11]= 276 [12]= 276 
key_index after (DPU 481) [0]=  82 [1]=  82 [2]= 170 [3]=33410 [4]=33410 [5]=33410 [6]=33410 [7]=33410 [8]=33410 [9]=33410 [10]=33410 [11]=33410 [12]=33410 
key_index after (DPU 482) [0]=  81 [1]= 156 [2]= 241 [3]= 241 [4]= 241 [5]= 241 [6]= 241 [7]= 241 [8]= 241 [9]= 241 [10]= 241 [11]= 241 [12]= 241 
key_index after (DPU 483) [0]=  84 [1]= 170 [2]= 266 [3]= 266 [4]= 266 [5]= 266 [6]= 266 [7]= 266 [8]= 266 [9]= 266 [10]= 266 [11]= 266 [12]= 266 
key_index after (DPU 484) [0]=  66 [1]= 152 [2]= 239 [3]= 239 [4]= 239 [5]= 239 [6]= 239 [7]= 239 [8]= 239 [9]= 239 [10]= 239 [11]= 239 [12]= 239 
key_index after (DPU 485) [0]=  77 [1]= 160 [2]= 249 [3]= 249 [4]= 249 [5]= 249 [6]= 249 [7]= 249 [8]= 249 [9]= 249 [10]= 249 [11]= 249 [12]= 249 
key_index after (DPU 486) [0]=  76 [1]= 178 [2]= 276 [3]= 276 [4]= 276 [5]= 276 [6]= 276 [7]= 276 [8]= 276 [9]= 276 [10]= 276 [11]= 276 [12]= 276 
key_index after (DPU 487) [0]=  80 [1]= 167 [2]= 255 [3]= 255 [4]= 255 [5]= 255 [6]= 255 [7]= 255 [8]= 255 [9]= 255 [10]= 255 [11]= 255 [12]= 255 
key_index after (DPU 488) [0]=  77 [1]= 163 [2]= 244 [3]= 244 [4]= 244 [5]= 244 [6]= 244 [7]= 244 [8]= 244 [9]= 244 [10]= 244 [11]= 244 [12]= 244 
key_index after (DPU 489) [0]=  94 [1]= 178 [2]= 275 [3]= 275 [4]= 275 [5]= 275 [6]= 275 [7]= 275 [8]= 275 [9]= 275 [10]= 275 [11]= 275 [12]= 275 
key_index after (DPU 490) [0]=  73 [1]= 150 [2]= 227 [3]= 330 [4]= 330 [5]= 330 [6]= 330 [7]= 330 [8]= 330 [9]= 330 [10]= 330 [11]= 330 [12]= 330 
key_index after (DPU 491) [0]=  97 [1]= 192 [2]= 268 [3]= 268 [4]= 268 [5]= 268 [6]= 268 [7]= 268 [8]= 268 [9]= 268 [10]= 268 [11]= 268 [12]= 268 
key_index after (DPU 492) [0]=  70 [1]= 155 [2]= 242 [3]= 242 [4]= 242 [5]= 242 [6]= 242 [7]= 242 [8]= 242 [9]= 242 [10]= 242 [11]= 242 [12]= 242 
key_index after (DPU 493) [0]=  85 [1]= 157 [2]= 238 [3]= 238 [4]= 238 [5]= 238 [6]= 238 [7]= 238 [8]= 238 [9]= 238 [10]= 238 [11]= 238 [12]= 238 
key_index after (DPU 494) [0]=  90 [1]= 177 [2]= 277 [3]= 277 [4]= 277 [5]= 277 [6]= 277 [7]= 277 [8]= 277 [9]= 277 [10]= 277 [11]= 277 [12]= 277 
key_index after (DPU 495) [0]=  95 [1]= 184 [2]= 272 [3]=9736 [4]=9736 [5]=9736 [6]=9736 [7]=9736 [8]=9736 [9]=9736 [10]=9736 [11]=9736 [12]=9736 
key_index after (DPU 496) [0]=  83 [1]= 157 [2]= 234 [3]=13826 [4]=13826 [5]=13826 [6]=13826 [7]=13826 [8]=13826 [9]=13826 [10]=13826 [11]=13826 [12]=13826 
key_index after (DPU 497) [0]=  93 [1]= 191 [2]= 270 [3]= 270 [4]= 270 [5]= 270 [6]= 270 [7]= 270 [8]= 270 [9]= 270 [10]= 270 [11]= 270 [12]= 270 
key_index after (DPU 498) [0]=  79 [1]= 165 [2]= 246 [3]= 246 [4]= 246 [5]= 246 [6]= 246 [7]= 246 [8]= 246 [9]= 246 [10]= 246 [11]= 246 [12]= 246 
key_index after (DPU 499) [0]=  70 [1]= 155 [2]= 228 [3]=48787 [4]=48787 [5]=48787 [6]=48787 [7]=48787 [8]=48787 [9]=48787 [10]=48787 [11]=48787 [12]=48787 
[1/4] preprocess finished 0.00000sec
sending 1000000 requests for 0 DPUS...
[2/4] send finished 0.00000sec
[3/4]all the dpu execution finished: 0.00000sec
[4/4] batch postprocess finished: 0.00000sec
0.99, 500, 12, 3, 1000000, 139133, 0.46392, 0.35761, 0.00012, 0.00004, 0.00000, 0.00000, 0.00000, 0.00000, 0.82169, 1216998
======= batch 3 =======
key_index before (DPU 0) [0]=   0 [1]=   0 [2]=71776 [3]=71776 [4]=71776 [5]=71776 [6]=71776 [7]=71776 [8]=71776 [9]=71776 [10]=71776 [11]=71776 [12]=71776 
key_index before (DPU 1) [0]=   0 [1]=   0 [2]=26407 [3]=26407 [4]=26407 [5]=26407 [6]=26407 [7]=26407 [8]=26407 [9]=26407 [10]=26407 [11]=26407 [12]=26407 
key_index before (DPU 2) [0]=   0 [1]=   0 [2]=15682 [3]=15682 [4]=15682 [5]=15682 [6]=15682 [7]=15682 [8]=15682 [9]=15682 [10]=15682 [11]=15682 [12]=15682 
key_index before (DPU 3) [0]=   0 [1]=   0 [2]=11294 [3]=11294 [4]=11294 [5]=11294 [6]=11294 [7]=11294 [8]=11294 [9]=11294 [10]=11294 [11]=11294 [12]=11294 
key_index before (DPU 4) [0]=   0 [1]=   0 [2]=8681 [3]=16739 [4]=16739 [5]=16739 [6]=16739 [7]=16739 [8]=16739 [9]=16739 [10]=16739 [11]=16739 [12]=16739 
key_index before (DPU 5) [0]=   0 [1]=   0 [2]=7132 [3]=13886 [4]=13886 [5]=13886 [6]=13886 [7]=13886 [8]=13886 [9]=13886 [10]=13886 [11]=13886 [12]=13886 
key_index before (DPU 6) [0]=   0 [1]=6352 [2]=12287 [3]=18031 [4]=18031 [5]=18031 [6]=18031 [7]=18031 [8]=18031 [9]=18031 [10]=18031 [11]=18031 [12]=18031 
key_index before (DPU 7) [0]=   0 [1]=5449 [2]=10671 [3]=15644 [4]=15644 [5]=15644 [6]=15644 [7]=15644 [8]=15644 [9]=15644 [10]=15644 [11]=15644 [12]=15644 
key_index before (DPU 8) [0]=   0 [1]=4846 [2]=9489 [3]=13991 [4]=13991 [5]=13991 [6]=13991 [7]=13991 [8]=13991 [9]=13991 [10]=13991 [11]=13991 [12]=13991 
key_index before (DPU 9) [0]=   0 [1]=4269 [2]=8443 [3]=12385 [4]=12385 [5]=12385 [6]=12385 [7]=12385 [8]=12385 [9]=12385 [10]=12385 [11]=12385 [12]=12385 
key_index before (DPU 10) [0]=   0 [1]=3866 [2]=7605 [3]=11184 [4]=11184 [5]=11184 [6]=11184 [7]=11184 [8]=11184 [9]=11184 [10]=11184 [11]=11184 [12]=11184 
key_index before (DPU 11) [0]=   0 [1]=3583 [2]=7062 [3]=10405 [4]=10405 [5]=10405 [6]=10405 [7]=10405 [8]=10405 [9]=10405 [10]=10405 [11]=10405 [12]=10405 
key_index before (DPU 12) [0]=   0 [1]=3250 [2]=6392 [3]=9467 [4]=9467 [5]=9467 [6]=9467 [7]=9467 [8]=9467 [9]=9467 [10]=9467 [11]=9467 [12]=9467 
key_index before (DPU 13) [0]=   0 [1]=3000 [2]=5928 [3]=8828 [4]=8828 [5]=8828 [6]=8828 [7]=8828 [8]=8828 [9]=8828 [10]=8828 [11]=8828 [12]=8828 
key_index before (DPU 14) [0]=   0 [1]=2737 [2]=5506 [3]=8166 [4]=8166 [5]=8166 [6]=8166 [7]=8166 [8]=8166 [9]=8166 [10]=8166 [11]=8166 [12]=8166 
key_index before (DPU 15) [0]=   0 [1]=2618 [2]=5180 [3]=7595 [4]=7595 [5]=7595 [6]=7595 [7]=7595 [8]=7595 [9]=7595 [10]=7595 [11]=7595 [12]=7595 
key_index before (DPU 16) [0]=   0 [1]=2487 [2]=4850 [3]=7235 [4]=7235 [5]=7235 [6]=7235 [7]=7235 [8]=7235 [9]=7235 [10]=7235 [11]=7235 [12]=7235 
key_index before (DPU 17) [0]=   0 [1]=2303 [2]=4566 [3]=6733 [4]=6733 [5]=6733 [6]=6733 [7]=6733 [8]=6733 [9]=6733 [10]=6733 [11]=6733 [12]=6733 
key_index before (DPU 18) [0]=   0 [1]=2214 [2]=4321 [3]=6456 [4]=6456 [5]=6456 [6]=6456 [7]=6456 [8]=6456 [9]=6456 [10]=6456 [11]=6456 [12]=6456 
key_index before (DPU 19) [0]=   0 [1]=2021 [2]=4066 [3]=6080 [4]=6080 [5]=6080 [6]=6080 [7]=6080 [8]=6080 [9]=6080 [10]=6080 [11]=6080 [12]=6080 
key_index before (DPU 20) [0]=   0 [1]=1950 [2]=3804 [3]=5718 [4]=5718 [5]=5718 [6]=5718 [7]=5718 [8]=5718 [9]=5718 [10]=5718 [11]=5718 [12]=5718 
key_index before (DPU 21) [0]=   0 [1]=1936 [2]=3819 [3]=5635 [4]=5635 [5]=5635 [6]=5635 [7]=5635 [8]=5635 [9]=5635 [10]=5635 [11]=5635 [12]=5635 
key_index before (DPU 22) [0]=   0 [1]=1771 [2]=3453 [3]=5192 [4]=5192 [5]=5192 [6]=5192 [7]=5192 [8]=5192 [9]=5192 [10]=5192 [11]=5192 [12]=5192 
key_index before (DPU 23) [0]=   0 [1]=1700 [2]=3364 [3]=5128 [4]=5128 [5]=5128 [6]=5128 [7]=5128 [8]=5128 [9]=5128 [10]=5128 [11]=5128 [12]=5128 
key_index before (DPU 24) [0]=   0 [1]=1643 [2]=3275 [3]=4885 [4]=4885 [5]=4885 [6]=4885 [7]=4885 [8]=4885 [9]=4885 [10]=4885 [11]=4885 [12]=4885 
key_index before (DPU 25) [0]=   0 [1]=1529 [2]=3077 [3]=4589 [4]=4589 [5]=4589 [6]=4589 [7]=4589 [8]=4589 [9]=4589 [10]=4589 [11]=4589 [12]=4589 
key_index before (DPU 26) [0]=   0 [1]=1516 [2]=3019 [3]=4544 [4]=4544 [5]=4544 [6]=4544 [7]=4544 [8]=4544 [9]=4544 [10]=4544 [11]=4544 [12]=4544 
key_index before (DPU 27) [0]=   0 [1]=1458 [2]=2885 [3]=4245 [4]=4245 [5]=4245 [6]=4245 [7]=4245 [8]=4245 [9]=4245 [10]=4245 [11]=4245 [12]=4245 
key_index before (DPU 28) [0]=   0 [1]=1456 [2]=2836 [3]=4266 [4]=4266 [5]=4266 [6]=4266 [7]=4266 [8]=4266 [9]=4266 [10]=4266 [11]=4266 [12]=4266 
key_index before (DPU 29) [0]=   0 [1]=1328 [2]=2717 [3]=4067 [4]=4067 [5]=4067 [6]=4067 [7]=4067 [8]=4067 [9]=4067 [10]=4067 [11]=4067 [12]=4067 
key_index before (DPU 30) [0]=   0 [1]=1378 [2]=2663 [3]=3918 [4]=3918 [5]=3918 [6]=3918 [7]=3918 [8]=3918 [9]=3918 [10]=3918 [11]=3918 [12]=3918 
key_index before (DPU 31) [0]=   0 [1]=1334 [2]=2577 [3]=3891 [4]=3891 [5]=3891 [6]=3891 [7]=3891 [8]=3891 [9]=3891 [10]=3891 [11]=3891 [12]=3891 
key_index before (DPU 32) [0]=   0 [1]=1272 [2]=2492 [3]=3717 [4]=3717 [5]=3717 [6]=3717 [7]=3717 [8]=3717 [9]=3717 [10]=3717 [11]=3717 [12]=3717 
key_index before (DPU 33) [0]=   0 [1]=1126 [2]=2391 [3]=3515 [4]=3515 [5]=3515 [6]=3515 [7]=3515 [8]=3515 [9]=3515 [10]=3515 [11]=3515 [12]=3515 
key_index before (DPU 34) [0]=   0 [1]=1106 [2]=2227 [3]=3351 [4]=3351 [5]=3351 [6]=3351 [7]=3351 [8]=3351 [9]=3351 [10]=3351 [11]=3351 [12]=3351 
key_index before (DPU 35) [0]=   0 [1]=1122 [2]=2246 [3]=3358 [4]=3358 [5]=3358 [6]=3358 [7]=3358 [8]=3358 [9]=3358 [10]=3358 [11]=3358 [12]=3358 
key_index before (DPU 36) [0]=   0 [1]=1056 [2]=2184 [3]=3253 [4]=3253 [5]=3253 [6]=3253 [7]=3253 [8]=3253 [9]=3253 [10]=3253 [11]=3253 [12]=3253 
key_index before (DPU 37) [0]=   0 [1]=1097 [2]=2174 [3]=3214 [4]=3214 [5]=3214 [6]=3214 [7]=3214 [8]=3214 [9]=3214 [10]=3214 [11]=3214 [12]=3214 
key_index before (DPU 38) [0]=   0 [1]=1092 [2]=2157 [3]=3175 [4]=3175 [5]=3175 [6]=3175 [7]=3175 [8]=3175 [9]=3175 [10]=3175 [11]=3175 [12]=3175 
key_index before (DPU 39) [0]=   0 [1]=1033 [2]=2122 [3]=3137 [4]=3137 [5]=3137 [6]=3137 [7]=3137 [8]=3137 [9]=3137 [10]=3137 [11]=3137 [12]=3137 
key_index before (DPU 40) [0]=   0 [1]=1031 [2]=2034 [3]=3002 [4]=3002 [5]=3002 [6]=3002 [7]=3002 [8]=3002 [9]=3002 [10]=3002 [11]=3002 [12]=3002 
key_index before (DPU 41) [0]=   0 [1]=1003 [2]=1922 [3]=2891 [4]=2891 [5]=2891 [6]=2891 [7]=2891 [8]=2891 [9]=2891 [10]=2891 [11]=2891 [12]=2891 
key_index before (DPU 42) [0]=   0 [1]= 932 [2]=1924 [3]=2894 [4]=2894 [5]=2894 [6]=2894 [7]=2894 [8]=2894 [9]=2894 [10]=2894 [11]=2894 [12]=2894 
key_index before (DPU 43) [0]=   0 [1]= 908 [2]=1853 [3]=2696 [4]=2696 [5]=2696 [6]=2696 [7]=2696 [8]=2696 [9]=2696 [10]=2696 [11]=2696 [12]=2696 
key_index before (DPU 44) [0]=   0 [1]= 934 [2]=1822 [3]=2723 [4]=2723 [5]=2723 [6]=2723 [7]=2723 [8]=2723 [9]=2723 [10]=2723 [11]=2723 [12]=2723 
key_index before (DPU 45) [0]=   0 [1]= 909 [2]=1774 [3]=2682 [4]=2682 [5]=2682 [6]=2682 [7]=2682 [8]=2682 [9]=2682 [10]=2682 [11]=2682 [12]=2682 
key_index before (DPU 46) [0]=   0 [1]= 867 [2]=1753 [3]=2570 [4]=2570 [5]=2570 [6]=2570 [7]=2570 [8]=2570 [9]=2570 [10]=2570 [11]=2570 [12]=2570 
key_index before (DPU 47) [0]=   0 [1]= 867 [2]=1738 [3]=2561 [4]=2561 [5]=2561 [6]=2561 [7]=2561 [8]=2561 [9]=2561 [10]=2561 [11]=2561 [12]=2561 
key_index before (DPU 48) [0]=   0 [1]= 841 [2]=1639 [3]=2497 [4]=2497 [5]=2497 [6]=2497 [7]=2497 [8]=2497 [9]=2497 [10]=2497 [11]=2497 [12]=2497 
key_index before (DPU 49) [0]=   0 [1]= 867 [2]=1676 [3]=2448 [4]=2448 [5]=2448 [6]=2448 [7]=2448 [8]=2448 [9]=2448 [10]=2448 [11]=2448 [12]=2448 
key_index before (DPU 50) [0]=   0 [1]= 865 [2]=1686 [3]=2498 [4]=2498 [5]=2498 [6]=2498 [7]=2498 [8]=2498 [9]=2498 [10]=2498 [11]=2498 [12]=2498 
key_index before (DPU 51) [0]=   0 [1]= 771 [2]=1580 [3]=2348 [4]=2348 [5]=2348 [6]=2348 [7]=2348 [8]=2348 [9]=2348 [10]=2348 [11]=2348 [12]=2348 
key_index before (DPU 52) [0]=   0 [1]= 731 [2]=1466 [3]=2250 [4]=2250 [5]=2250 [6]=2250 [7]=2250 [8]=2250 [9]=2250 [10]=2250 [11]=2250 [12]=2250 
key_index before (DPU 53) [0]=   0 [1]= 730 [2]=1481 [3]=2256 [4]=2256 [5]=2256 [6]=2256 [7]=2256 [8]=2256 [9]=2256 [10]=2256 [11]=2256 [12]=2256 
key_index before (DPU 54) [0]=   0 [1]= 747 [2]=1419 [3]=2149 [4]=2149 [5]=2149 [6]=2149 [7]=2149 [8]=2149 [9]=2149 [10]=2149 [11]=2149 [12]=2149 
key_index before (DPU 55) [0]=   0 [1]= 715 [2]=1460 [3]=2182 [4]=2182 [5]=2182 [6]=2182 [7]=2182 [8]=2182 [9]=2182 [10]=2182 [11]=2182 [12]=2182 
key_index before (DPU 56) [0]=   0 [1]= 717 [2]=1414 [3]=2138 [4]=2138 [5]=2138 [6]=2138 [7]=2138 [8]=2138 [9]=2138 [10]=2138 [11]=2138 [12]=2138 
key_index before (DPU 57) [0]=   0 [1]= 724 [2]=1415 [3]=2074 [4]=2074 [5]=2074 [6]=2074 [7]=2074 [8]=2074 [9]=2074 [10]=2074 [11]=2074 [12]=2074 
key_index before (DPU 58) [0]=   0 [1]= 717 [2]=1390 [3]=2100 [4]=2100 [5]=2100 [6]=2100 [7]=2100 [8]=2100 [9]=2100 [10]=2100 [11]=2100 [12]=2100 
key_index before (DPU 59) [0]=   0 [1]= 655 [2]=1342 [3]=2013 [4]=2013 [5]=2013 [6]=2013 [7]=2013 [8]=2013 [9]=2013 [10]=2013 [11]=2013 [12]=2013 
key_index before (DPU 60) [0]=   0 [1]= 618 [2]=1246 [3]=1905 [4]=1905 [5]=1905 [6]=1905 [7]=1905 [8]=1905 [9]=1905 [10]=1905 [11]=1905 [12]=1905 
key_index before (DPU 61) [0]=   0 [1]= 672 [2]=1355 [3]=1980 [4]=1980 [5]=1980 [6]=1980 [7]=1980 [8]=1980 [9]=1980 [10]=1980 [11]=1980 [12]=1980 
key_index before (DPU 62) [0]=   0 [1]= 568 [2]=1220 [3]=1873 [4]=1873 [5]=1873 [6]=1873 [7]=1873 [8]=1873 [9]=1873 [10]=1873 [11]=1873 [12]=1873 
key_index before (DPU 63) [0]=   0 [1]= 674 [2]=1293 [3]=1904 [4]=1904 [5]=1904 [6]=1904 [7]=1904 [8]=1904 [9]=1904 [10]=1904 [11]=1904 [12]=1904 
key_index before (DPU 64) [0]=   0 [1]= 654 [2]=1290 [3]=1925 [4]=1925 [5]=1925 [6]=1925 [7]=1925 [8]=1925 [9]=1925 [10]=1925 [11]=1925 [12]=1925 
key_index before (DPU 65) [0]=   0 [1]= 628 [2]=1232 [3]=1837 [4]=1837 [5]=1837 [6]=1837 [7]=1837 [8]=1837 [9]=1837 [10]=1837 [11]=1837 [12]=1837 
key_index before (DPU 66) [0]=   0 [1]= 637 [2]=1238 [3]=1839 [4]=1839 [5]=1839 [6]=1839 [7]=1839 [8]=1839 [9]=1839 [10]=1839 [11]=1839 [12]=1839 
key_index before (DPU 67) [0]=   0 [1]= 624 [2]=1208 [3]=1804 [4]=1804 [5]=1804 [6]=1804 [7]=1804 [8]=1804 [9]=1804 [10]=1804 [11]=1804 [12]=1804 
key_index before (DPU 68) [0]=   0 [1]= 558 [2]=1113 [3]=1703 [4]=1703 [5]=1703 [6]=1703 [7]=1703 [8]=1703 [9]=1703 [10]=1703 [11]=1703 [12]=1703 
key_index before (DPU 69) [0]=   0 [1]= 573 [2]=1123 [3]=1696 [4]=1696 [5]=1696 [6]=1696 [7]=1696 [8]=1696 [9]=1696 [10]=1696 [11]=1696 [12]=1696 
key_index before (DPU 70) [0]=   0 [1]= 601 [2]=1171 [3]=1722 [4]=1722 [5]=1722 [6]=1722 [7]=1722 [8]=1722 [9]=1722 [10]=1722 [11]=1722 [12]=1722 
key_index before (DPU 71) [0]=   0 [1]= 567 [2]=1132 [3]=1685 [4]=1685 [5]=1685 [6]=1685 [7]=1685 [8]=1685 [9]=1685 [10]=1685 [11]=1685 [12]=1685 
key_index before (DPU 72) [0]=   0 [1]= 533 [2]=1072 [3]=1630 [4]=1630 [5]=1630 [6]=1630 [7]=1630 [8]=1630 [9]=1630 [10]=1630 [11]=1630 [12]=1630 
key_index before (DPU 73) [0]=   0 [1]= 599 [2]=1123 [3]=1637 [4]=1637 [5]=1637 [6]=1637 [7]=1637 [8]=1637 [9]=1637 [10]=1637 [11]=1637 [12]=1637 
key_index before (DPU 74) [0]=   0 [1]= 503 [2]=1037 [3]=1548 [4]=1548 [5]=1548 [6]=1548 [7]=1548 [8]=1548 [9]=1548 [10]=1548 [11]=1548 [12]=1548 
key_index before (DPU 75) [0]=   0 [1]= 548 [2]=1106 [3]=1638 [4]=1638 [5]=1638 [6]=1638 [7]=1638 [8]=1638 [9]=1638 [10]=1638 [11]=1638 [12]=1638 
key_index before (DPU 76) [0]=   0 [1]= 524 [2]=1063 [3]=1568 [4]=1568 [5]=1568 [6]=1568 [7]=1568 [8]=1568 [9]=1568 [10]=1568 [11]=1568 [12]=1568 
key_index before (DPU 77) [0]=   0 [1]= 561 [2]=1082 [3]=1635 [4]=1635 [5]=1635 [6]=1635 [7]=1635 [8]=1635 [9]=1635 [10]=1635 [11]=1635 [12]=1635 
key_index before (DPU 78) [0]=   0 [1]= 502 [2]= 985 [3]=1453 [4]=1453 [5]=1453 [6]=1453 [7]=1453 [8]=1453 [9]=1453 [10]=1453 [11]=1453 [12]=1453 
key_index before (DPU 79) [0]=   0 [1]= 496 [2]=1032 [3]=1517 [4]=1517 [5]=1517 [6]=1517 [7]=1517 [8]=1517 [9]=1517 [10]=1517 [11]=1517 [12]=1517 
key_index before (DPU 80) [0]=   0 [1]= 518 [2]=1010 [3]=1529 [4]=1529 [5]=1529 [6]=1529 [7]=1529 [8]=1529 [9]=1529 [10]=1529 [11]=1529 [12]=1529 
key_index before (DPU 81) [0]=   0 [1]= 473 [2]= 973 [3]=1451 [4]=1451 [5]=1451 [6]=1451 [7]=1451 [8]=1451 [9]=1451 [10]=1451 [11]=1451 [12]=1451 
key_index before (DPU 82) [0]=   0 [1]= 516 [2]= 964 [3]=1446 [4]=1446 [5]=1446 [6]=1446 [7]=1446 [8]=1446 [9]=1446 [10]=1446 [11]=1446 [12]=1446 
key_index before (DPU 83) [0]=   0 [1]= 440 [2]= 931 [3]=1395 [4]=1395 [5]=1395 [6]=1395 [7]=1395 [8]=1395 [9]=1395 [10]=1395 [11]=1395 [12]=1395 
key_index before (DPU 84) [0]=   0 [1]= 477 [2]= 952 [3]=1424 [4]=1424 [5]=1424 [6]=1424 [7]=1424 [8]=1424 [9]=1424 [10]=1424 [11]=1424 [12]=1424 
key_index before (DPU 85) [0]=   0 [1]= 476 [2]= 939 [3]=1434 [4]=1434 [5]=1434 [6]=1434 [7]=1434 [8]=1434 [9]=1434 [10]=1434 [11]=1434 [12]=1434 
key_index before (DPU 86) [0]=   0 [1]= 449 [2]= 936 [3]=1401 [4]=1401 [5]=1401 [6]=1401 [7]=1401 [8]=1401 [9]=1401 [10]=1401 [11]=1401 [12]=1401 
key_index before (DPU 87) [0]=   0 [1]= 479 [2]= 933 [3]=1383 [4]=1383 [5]=1383 [6]=1383 [7]=1383 [8]=1383 [9]=1383 [10]=1383 [11]=1383 [12]=1383 
key_index before (DPU 88) [0]=   0 [1]= 461 [2]= 928 [3]=1379 [4]=1379 [5]=1379 [6]=1379 [7]=1379 [8]=1379 [9]=1379 [10]=1379 [11]=1379 [12]=1379 
key_index before (DPU 89) [0]=   0 [1]= 474 [2]= 911 [3]=1349 [4]=1349 [5]=1349 [6]=1349 [7]=1349 [8]=1349 [9]=1349 [10]=1349 [11]=1349 [12]=1349 
key_index before (DPU 90) [0]=   0 [1]= 465 [2]= 872 [3]=1289 [4]=1289 [5]=1289 [6]=1289 [7]=1289 [8]=1289 [9]=1289 [10]=1289 [11]=1289 [12]=1289 
key_index before (DPU 91) [0]=   0 [1]= 434 [2]= 881 [3]=1319 [4]=1319 [5]=1319 [6]=1319 [7]=1319 [8]=1319 [9]=1319 [10]=1319 [11]=1319 [12]=1319 
key_index before (DPU 92) [0]=   0 [1]= 472 [2]= 894 [3]=1295 [4]=1295 [5]=1295 [6]=1295 [7]=1295 [8]=1295 [9]=1295 [10]=1295 [11]=1295 [12]=1295 
key_index before (DPU 93) [0]=   0 [1]= 459 [2]= 911 [3]=1385 [4]=1385 [5]=1385 [6]=1385 [7]=1385 [8]=1385 [9]=1385 [10]=1385 [11]=1385 [12]=1385 
key_index before (DPU 94) [0]=   0 [1]= 448 [2]= 872 [3]=1307 [4]=1307 [5]=1307 [6]=1307 [7]=1307 [8]=1307 [9]=1307 [10]=1307 [11]=1307 [12]=1307 
key_index before (DPU 95) [0]=   0 [1]= 466 [2]= 869 [3]=1291 [4]=1291 [5]=1291 [6]=1291 [7]=1291 [8]=1291 [9]=1291 [10]=1291 [11]=1291 [12]=1291 
key_index before (DPU 96) [0]=   0 [1]= 438 [2]= 813 [3]=1224 [4]=1224 [5]=1224 [6]=1224 [7]=1224 [8]=1224 [9]=1224 [10]=1224 [11]=1224 [12]=1224 
key_index before (DPU 97) [0]=   0 [1]= 412 [2]= 820 [3]=1233 [4]=1233 [5]=1233 [6]=1233 [7]=1233 [8]=1233 [9]=1233 [10]=1233 [11]=1233 [12]=1233 
key_index before (DPU 98) [0]=   0 [1]= 430 [2]= 838 [3]=1278 [4]=1278 [5]=1278 [6]=1278 [7]=1278 [8]=1278 [9]=1278 [10]=1278 [11]=1278 [12]=1278 
key_index before (DPU 99) [0]=   0 [1]= 405 [2]= 845 [3]=1240 [4]=1240 [5]=1240 [6]=1240 [7]=1240 [8]=1240 [9]=1240 [10]=1240 [11]=1240 [12]=1240 
key_index before (DPU 100) [0]=   0 [1]= 407 [2]= 755 [3]=1143 [4]=1143 [5]=1143 [6]=1143 [7]=1143 [8]=1143 [9]=1143 [10]=1143 [11]=1143 [12]=1143 
key_index before (DPU 101) [0]=   0 [1]= 417 [2]= 798 [3]=1213 [4]=1213 [5]=1213 [6]=1213 [7]=1213 [8]=1213 [9]=1213 [10]=1213 [11]=1213 [12]=1213 
key_index before (DPU 102) [0]=   0 [1]= 394 [2]= 791 [3]=1222 [4]=1222 [5]=1222 [6]=1222 [7]=1222 [8]=1222 [9]=1222 [10]=1222 [11]=1222 [12]=1222 
key_index before (DPU 103) [0]=   0 [1]= 369 [2]= 745 [3]=1138 [4]=1138 [5]=1138 [6]=1138 [7]=1138 [8]=1138 [9]=1138 [10]=1138 [11]=1138 [12]=1138 
key_index before (DPU 104) [0]=   0 [1]= 385 [2]= 753 [3]=1152 [4]=1152 [5]=1152 [6]=1152 [7]=1152 [8]=1152 [9]=1152 [10]=1152 [11]=1152 [12]=1152 
key_index before (DPU 105) [0]=   0 [1]= 378 [2]= 718 [3]=1115 [4]=1115 [5]=1115 [6]=1115 [7]=1115 [8]=1115 [9]=1115 [10]=1115 [11]=1115 [12]=1115 
key_index before (DPU 106) [0]=   0 [1]= 392 [2]= 727 [3]=1098 [4]=1098 [5]=1098 [6]=1098 [7]=1098 [8]=1098 [9]=1098 [10]=1098 [11]=1098 [12]=1098 
key_index before (DPU 107) [0]=   0 [1]= 374 [2]= 775 [3]=1119 [4]=1119 [5]=1119 [6]=1119 [7]=1119 [8]=1119 [9]=1119 [10]=1119 [11]=1119 [12]=1119 
key_index before (DPU 108) [0]=   0 [1]= 340 [2]= 707 [3]=1039 [4]=1039 [5]=1039 [6]=1039 [7]=1039 [8]=1039 [9]=1039 [10]=1039 [11]=1039 [12]=1039 
key_index before (DPU 109) [0]=   0 [1]= 380 [2]= 719 [3]=1074 [4]=1074 [5]=1074 [6]=1074 [7]=1074 [8]=1074 [9]=1074 [10]=1074 [11]=1074 [12]=1074 
key_index before (DPU 110) [0]=   0 [1]= 375 [2]= 732 [3]=1096 [4]=1096 [5]=1096 [6]=1096 [7]=1096 [8]=1096 [9]=1096 [10]=1096 [11]=1096 [12]=1096 
key_index before (DPU 111) [0]=   0 [1]= 348 [2]= 709 [3]=1084 [4]=1084 [5]=1084 [6]=1084 [7]=1084 [8]=1084 [9]=1084 [10]=1084 [11]=1084 [12]=1084 
key_index before (DPU 112) [0]=   0 [1]= 354 [2]= 729 [3]=1080 [4]=1080 [5]=1080 [6]=1080 [7]=1080 [8]=1080 [9]=1080 [10]=1080 [11]=1080 [12]=1080 
key_index before (DPU 113) [0]=   0 [1]= 354 [2]= 723 [3]=1090 [4]=1090 [5]=1090 [6]=1090 [7]=1090 [8]=1090 [9]=1090 [10]=1090 [11]=1090 [12]=1090 
key_index before (DPU 114) [0]=   0 [1]= 318 [2]= 677 [3]=1021 [4]=1021 [5]=1021 [6]=1021 [7]=1021 [8]=1021 [9]=1021 [10]=1021 [11]=1021 [12]=1021 
key_index before (DPU 115) [0]=   0 [1]= 353 [2]= 712 [3]=1072 [4]=1072 [5]=1072 [6]=1072 [7]=1072 [8]=1072 [9]=1072 [10]=1072 [11]=1072 [12]=1072 
key_index before (DPU 116) [0]=   0 [1]= 320 [2]= 696 [3]=1032 [4]=1032 [5]=1032 [6]=1032 [7]=1032 [8]=1032 [9]=1032 [10]=1032 [11]=1032 [12]=1032 
key_index before (DPU 117) [0]=   0 [1]= 354 [2]= 734 [3]=1047 [4]=1047 [5]=1047 [6]=1047 [7]=1047 [8]=1047 [9]=1047 [10]=1047 [11]=1047 [12]=1047 
key_index before (DPU 118) [0]=   0 [1]= 343 [2]= 654 [3]= 977 [4]= 977 [5]= 977 [6]= 977 [7]= 977 [8]= 977 [9]= 977 [10]= 977 [11]= 977 [12]= 977 
key_index before (DPU 119) [0]=   0 [1]= 340 [2]= 633 [3]= 956 [4]= 956 [5]= 956 [6]= 956 [7]= 956 [8]= 956 [9]= 956 [10]= 956 [11]= 956 [12]= 956 
key_index before (DPU 120) [0]=   0 [1]= 343 [2]= 666 [3]=1014 [4]=1014 [5]=1014 [6]=1014 [7]=1014 [8]=1014 [9]=1014 [10]=1014 [11]=1014 [12]=1014 
key_index before (DPU 121) [0]=   0 [1]= 316 [2]= 627 [3]= 957 [4]= 957 [5]= 957 [6]= 957 [7]= 957 [8]= 957 [9]= 957 [10]= 957 [11]= 957 [12]= 957 
key_index before (DPU 122) [0]=   0 [1]= 364 [2]= 692 [3]=1025 [4]=1025 [5]=1025 [6]=1025 [7]=1025 [8]=1025 [9]=1025 [10]=1025 [11]=1025 [12]=1025 
key_index before (DPU 123) [0]=   0 [1]= 338 [2]= 657 [3]= 974 [4]= 974 [5]= 974 [6]= 974 [7]= 974 [8]= 974 [9]= 974 [10]= 974 [11]= 974 [12]= 974 
key_index before (DPU 124) [0]=   0 [1]= 345 [2]= 670 [3]=1023 [4]=1023 [5]=1023 [6]=1023 [7]=1023 [8]=1023 [9]=1023 [10]=1023 [11]=1023 [12]=1023 
key_index before (DPU 125) [0]=   0 [1]= 338 [2]= 687 [3]=1023 [4]=1023 [5]=1023 [6]=1023 [7]=1023 [8]=1023 [9]=1023 [10]=1023 [11]=1023 [12]=1023 
key_index before (DPU 126) [0]=   0 [1]= 295 [2]= 617 [3]= 929 [4]= 929 [5]= 929 [6]= 929 [7]= 929 [8]= 929 [9]= 929 [10]= 929 [11]= 929 [12]= 929 
key_index before (DPU 127) [0]=   0 [1]= 299 [2]= 587 [3]= 884 [4]= 884 [5]= 884 [6]= 884 [7]= 884 [8]= 884 [9]= 884 [10]= 884 [11]= 884 [12]= 884 
key_index before (DPU 128) [0]=   0 [1]= 330 [2]= 659 [3]= 985 [4]= 985 [5]= 985 [6]= 985 [7]= 985 [8]= 985 [9]= 985 [10]= 985 [11]= 985 [12]= 985 
key_index before (DPU 129) [0]=   0 [1]= 356 [2]= 652 [3]= 949 [4]= 949 [5]= 949 [6]= 949 [7]= 949 [8]= 949 [9]= 949 [10]= 949 [11]= 949 [12]= 949 
key_index before (DPU 130) [0]=   0 [1]= 321 [2]= 645 [3]= 974 [4]= 974 [5]= 974 [6]= 974 [7]= 974 [8]= 974 [9]= 974 [10]= 974 [11]= 974 [12]= 974 
key_index before (DPU 131) [0]=   0 [1]= 292 [2]= 604 [3]= 921 [4]= 921 [5]= 921 [6]= 921 [7]= 921 [8]= 921 [9]= 921 [10]= 921 [11]= 921 [12]= 921 
key_index before (DPU 132) [0]=   0 [1]= 316 [2]= 628 [3]= 930 [4]= 930 [5]= 930 [6]= 930 [7]= 930 [8]= 930 [9]= 930 [10]= 930 [11]= 930 [12]= 930 
key_index before (DPU 133) [0]=   0 [1]= 320 [2]= 587 [3]= 921 [4]= 921 [5]= 921 [6]= 921 [7]= 921 [8]= 921 [9]= 921 [10]= 921 [11]= 921 [12]= 921 
key_index before (DPU 134) [0]=   0 [1]= 297 [2]= 590 [3]= 883 [4]= 883 [5]= 883 [6]= 883 [7]= 883 [8]= 883 [9]= 883 [10]= 883 [11]= 883 [12]= 883 
key_index before (DPU 135) [0]=   0 [1]= 282 [2]= 579 [3]= 880 [4]= 880 [5]= 880 [6]= 880 [7]= 880 [8]= 880 [9]= 880 [10]= 880 [11]= 880 [12]= 880 
key_index before (DPU 136) [0]=   0 [1]= 310 [2]= 611 [3]= 888 [4]= 888 [5]= 888 [6]= 888 [7]= 888 [8]= 888 [9]= 888 [10]= 888 [11]= 888 [12]= 888 
key_index before (DPU 137) [0]=   0 [1]= 277 [2]= 559 [3]= 826 [4]= 826 [5]= 826 [6]= 826 [7]= 826 [8]= 826 [9]= 826 [10]= 826 [11]= 826 [12]= 826 
key_index before (DPU 138) [0]=   0 [1]= 278 [2]= 612 [3]= 903 [4]= 903 [5]= 903 [6]= 903 [7]= 903 [8]= 903 [9]= 903 [10]= 903 [11]= 903 [12]= 903 
key_index before (DPU 139) [0]=   0 [1]= 274 [2]= 602 [3]= 882 [4]= 882 [5]= 882 [6]= 882 [7]= 882 [8]= 882 [9]= 882 [10]= 882 [11]= 882 [12]= 882 
key_index before (DPU 140) [0]=   0 [1]= 309 [2]= 600 [3]= 930 [4]= 930 [5]= 930 [6]= 930 [7]= 930 [8]= 930 [9]= 930 [10]= 930 [11]= 930 [12]= 930 
key_index before (DPU 141) [0]=   0 [1]= 291 [2]= 551 [3]= 843 [4]= 843 [5]= 843 [6]= 843 [7]= 843 [8]= 843 [9]= 843 [10]= 843 [11]= 843 [12]= 843 
key_index before (DPU 142) [0]=   0 [1]= 280 [2]= 564 [3]= 859 [4]= 859 [5]= 859 [6]= 859 [7]= 859 [8]= 859 [9]= 859 [10]= 859 [11]= 859 [12]= 859 
key_index before (DPU 143) [0]=   0 [1]= 251 [2]= 538 [3]= 820 [4]= 820 [5]= 820 [6]= 820 [7]= 820 [8]= 820 [9]= 820 [10]= 820 [11]= 820 [12]= 820 
key_index before (DPU 144) [0]=   0 [1]= 267 [2]= 524 [3]= 786 [4]= 786 [5]= 786 [6]= 786 [7]= 786 [8]= 786 [9]= 786 [10]= 786 [11]= 786 [12]= 786 
key_index before (DPU 145) [0]=   0 [1]= 265 [2]= 538 [3]= 799 [4]= 799 [5]= 799 [6]= 799 [7]= 799 [8]= 799 [9]= 799 [10]= 799 [11]= 799 [12]= 799 
key_index before (DPU 146) [0]=   0 [1]= 272 [2]= 571 [3]= 859 [4]= 859 [5]= 859 [6]= 859 [7]= 859 [8]= 859 [9]= 859 [10]= 859 [11]= 859 [12]= 859 
key_index before (DPU 147) [0]=   0 [1]= 304 [2]= 595 [3]= 853 [4]= 853 [5]= 853 [6]= 853 [7]= 853 [8]= 853 [9]= 853 [10]= 853 [11]= 853 [12]= 853 
key_index before (DPU 148) [0]=   0 [1]= 291 [2]= 582 [3]= 882 [4]= 882 [5]= 882 [6]= 882 [7]= 882 [8]= 882 [9]= 882 [10]= 882 [11]= 882 [12]= 882 
key_index before (DPU 149) [0]=   0 [1]= 266 [2]= 516 [3]= 761 [4]= 761 [5]= 761 [6]= 761 [7]= 761 [8]= 761 [9]= 761 [10]= 761 [11]= 761 [12]= 761 
key_index before (DPU 150) [0]=   0 [1]= 277 [2]= 549 [3]= 787 [4]= 787 [5]= 787 [6]= 787 [7]= 787 [8]= 787 [9]= 787 [10]= 787 [11]= 787 [12]= 787 
key_index before (DPU 151) [0]=   0 [1]= 295 [2]= 565 [3]= 831 [4]= 831 [5]= 831 [6]= 831 [7]= 831 [8]= 831 [9]= 831 [10]= 831 [11]= 831 [12]= 831 
key_index before (DPU 152) [0]=   0 [1]= 258 [2]= 540 [3]= 806 [4]= 806 [5]= 806 [6]= 806 [7]= 806 [8]= 806 [9]= 806 [10]= 806 [11]= 806 [12]= 806 
key_index before (DPU 153) [0]=   0 [1]= 255 [2]= 528 [3]= 785 [4]= 785 [5]= 785 [6]= 785 [7]= 785 [8]= 785 [9]= 785 [10]= 785 [11]= 785 [12]= 785 
key_index before (DPU 154) [0]=   0 [1]= 272 [2]= 547 [3]= 826 [4]= 826 [5]= 826 [6]= 826 [7]= 826 [8]= 826 [9]= 826 [10]= 826 [11]= 826 [12]= 826 
key_index before (DPU 155) [0]=   0 [1]= 254 [2]= 527 [3]= 780 [4]= 780 [5]= 780 [6]= 780 [7]= 780 [8]= 780 [9]= 780 [10]= 780 [11]= 780 [12]= 780 
key_index before (DPU 156) [0]=   0 [1]= 242 [2]= 517 [3]= 763 [4]= 763 [5]= 763 [6]= 763 [7]= 763 [8]= 763 [9]= 763 [10]= 763 [11]= 763 [12]= 763 
key_index before (DPU 157) [0]=   0 [1]= 270 [2]= 513 [3]= 766 [4]= 766 [5]= 766 [6]= 766 [7]= 766 [8]= 766 [9]= 766 [10]= 766 [11]= 766 [12]= 766 
key_index before (DPU 158) [0]=   0 [1]= 252 [2]= 502 [3]= 753 [4]= 753 [5]= 753 [6]= 753 [7]= 753 [8]= 753 [9]= 753 [10]= 753 [11]= 753 [12]= 753 
key_index before (DPU 159) [0]=   0 [1]= 261 [2]= 536 [3]= 849 [4]= 849 [5]= 849 [6]= 849 [7]= 849 [8]= 849 [9]= 849 [10]= 849 [11]= 849 [12]= 849 
key_index before (DPU 160) [0]=   0 [1]= 244 [2]= 481 [3]= 724 [4]= 724 [5]= 724 [6]= 724 [7]= 724 [8]= 724 [9]= 724 [10]= 724 [11]= 724 [12]= 724 
key_index before (DPU 161) [0]=   0 [1]= 268 [2]= 533 [3]= 774 [4]= 774 [5]= 774 [6]= 774 [7]= 774 [8]= 774 [9]= 774 [10]= 774 [11]= 774 [12]= 774 
key_index before (DPU 162) [0]=   0 [1]= 244 [2]= 498 [3]= 751 [4]= 751 [5]= 751 [6]= 751 [7]= 751 [8]= 751 [9]= 751 [10]= 751 [11]= 751 [12]= 751 
key_index before (DPU 163) [0]=   0 [1]= 220 [2]= 465 [3]= 728 [4]= 728 [5]= 728 [6]= 728 [7]= 728 [8]= 728 [9]= 728 [10]= 728 [11]= 728 [12]= 728 
key_index before (DPU 164) [0]=   0 [1]= 215 [2]= 446 [3]= 691 [4]= 691 [5]= 691 [6]= 691 [7]= 691 [8]= 691 [9]= 691 [10]= 691 [11]= 691 [12]= 691 
key_index before (DPU 165) [0]=   0 [1]= 258 [2]= 478 [3]= 731 [4]= 731 [5]= 731 [6]= 731 [7]= 731 [8]= 731 [9]= 731 [10]= 731 [11]= 731 [12]= 731 
key_index before (DPU 166) [0]=   0 [1]= 247 [2]= 515 [3]= 751 [4]= 751 [5]= 751 [6]= 751 [7]= 751 [8]= 751 [9]= 751 [10]= 751 [11]= 751 [12]= 751 
key_index before (DPU 167) [0]=   0 [1]= 241 [2]= 489 [3]= 723 [4]= 723 [5]= 723 [6]= 723 [7]= 723 [8]= 723 [9]= 723 [10]= 723 [11]= 723 [12]= 723 
key_index before (DPU 168) [0]=   0 [1]= 242 [2]= 490 [3]= 726 [4]= 726 [5]= 726 [6]= 726 [7]= 726 [8]= 726 [9]= 726 [10]= 726 [11]= 726 [12]= 726 
key_index before (DPU 169) [0]=   0 [1]= 236 [2]= 461 [3]= 694 [4]= 694 [5]= 694 [6]= 694 [7]= 694 [8]= 694 [9]= 694 [10]= 694 [11]= 694 [12]= 694 
key_index before (DPU 170) [0]=   0 [1]= 220 [2]= 464 [3]= 711 [4]= 711 [5]= 711 [6]= 711 [7]= 711 [8]= 711 [9]= 711 [10]= 711 [11]= 711 [12]= 711 
key_index before (DPU 171) [0]=   0 [1]= 256 [2]= 472 [3]= 697 [4]= 697 [5]= 697 [6]= 697 [7]= 697 [8]= 697 [9]= 697 [10]= 697 [11]= 697 [12]= 697 
key_index before (DPU 172) [0]=   0 [1]= 253 [2]= 481 [3]= 724 [4]= 724 [5]= 724 [6]= 724 [7]= 724 [8]= 724 [9]= 724 [10]= 724 [11]= 724 [12]= 724 
key_index before (DPU 173) [0]=   0 [1]= 234 [2]= 482 [3]= 742 [4]= 742 [5]= 742 [6]= 742 [7]= 742 [8]= 742 [9]= 742 [10]= 742 [11]= 742 [12]= 742 
key_index before (DPU 174) [0]=   0 [1]= 224 [2]= 459 [3]= 694 [4]= 694 [5]= 694 [6]= 694 [7]= 694 [8]= 694 [9]= 694 [10]= 694 [11]= 694 [12]= 694 
key_index before (DPU 175) [0]=   0 [1]= 235 [2]= 455 [3]= 692 [4]= 692 [5]= 692 [6]= 692 [7]= 692 [8]= 692 [9]= 692 [10]= 692 [11]= 692 [12]= 692 
key_index before (DPU 176) [0]=   0 [1]= 247 [2]= 503 [3]= 746 [4]= 746 [5]= 746 [6]= 746 [7]= 746 [8]= 746 [9]= 746 [10]= 746 [11]= 746 [12]= 746 
key_index before (DPU 177) [0]=   0 [1]= 233 [2]= 459 [3]= 695 [4]= 695 [5]= 695 [6]= 695 [7]= 695 [8]= 695 [9]= 695 [10]= 695 [11]= 695 [12]= 695 
key_index before (DPU 178) [0]=   0 [1]= 220 [2]= 447 [3]= 660 [4]= 660 [5]= 660 [6]= 660 [7]= 660 [8]= 660 [9]= 660 [10]= 660 [11]= 660 [12]= 660 
key_index before (DPU 179) [0]=   0 [1]= 227 [2]= 458 [3]= 675 [4]= 675 [5]= 675 [6]= 675 [7]= 675 [8]= 675 [9]= 675 [10]= 675 [11]= 675 [12]= 675 
key_index before (DPU 180) [0]=   0 [1]= 200 [2]= 413 [3]= 661 [4]= 661 [5]= 661 [6]= 661 [7]= 661 [8]= 661 [9]= 661 [10]= 661 [11]= 661 [12]= 661 
key_index before (DPU 181) [0]=   0 [1]= 238 [2]= 452 [3]= 673 [4]= 673 [5]= 673 [6]= 673 [7]= 673 [8]= 673 [9]= 673 [10]= 673 [11]= 673 [12]= 673 
key_index before (DPU 182) [0]=   0 [1]= 199 [2]= 417 [3]= 636 [4]= 636 [5]= 636 [6]= 636 [7]= 636 [8]= 636 [9]= 636 [10]= 636 [11]= 636 [12]= 636 
key_index before (DPU 183) [0]=   0 [1]= 207 [2]= 411 [3]= 621 [4]= 621 [5]= 621 [6]= 621 [7]= 621 [8]= 621 [9]= 621 [10]= 621 [11]= 621 [12]= 621 
key_index before (DPU 184) [0]=   0 [1]= 240 [2]= 439 [3]= 676 [4]= 676 [5]= 676 [6]= 676 [7]= 676 [8]= 676 [9]= 676 [10]= 676 [11]= 676 [12]= 676 
key_index before (DPU 185) [0]=   0 [1]= 249 [2]= 483 [3]= 684 [4]= 684 [5]= 684 [6]= 684 [7]= 684 [8]= 684 [9]= 684 [10]= 684 [11]= 684 [12]= 684 
key_index before (DPU 186) [0]=   0 [1]= 200 [2]= 431 [3]= 622 [4]= 622 [5]= 622 [6]= 622 [7]= 622 [8]= 622 [9]= 622 [10]= 622 [11]= 622 [12]= 622 
key_index before (DPU 187) [0]=   0 [1]= 199 [2]= 433 [3]= 652 [4]= 652 [5]= 652 [6]= 652 [7]= 652 [8]= 652 [9]= 652 [10]= 652 [11]= 652 [12]= 652 
key_index before (DPU 188) [0]=   0 [1]= 229 [2]= 428 [3]= 646 [4]= 646 [5]= 646 [6]= 646 [7]= 646 [8]= 646 [9]= 646 [10]= 646 [11]= 646 [12]= 646 
key_index before (DPU 189) [0]=   0 [1]= 217 [2]= 439 [3]= 648 [4]= 648 [5]= 648 [6]= 648 [7]= 648 [8]= 648 [9]= 648 [10]= 648 [11]= 648 [12]= 648 
key_index before (DPU 190) [0]=   0 [1]= 221 [2]= 433 [3]= 624 [4]= 624 [5]= 624 [6]= 624 [7]= 624 [8]= 624 [9]= 624 [10]= 624 [11]= 624 [12]= 624 
key_index before (DPU 191) [0]=   0 [1]= 225 [2]= 432 [3]= 636 [4]= 636 [5]= 636 [6]= 636 [7]= 636 [8]= 636 [9]= 636 [10]= 636 [11]= 636 [12]= 636 
key_index before (DPU 192) [0]=   0 [1]= 201 [2]= 432 [3]= 630 [4]= 630 [5]= 630 [6]= 630 [7]= 630 [8]= 630 [9]= 630 [10]= 630 [11]= 630 [12]= 630 
key_index before (DPU 193) [0]=   0 [1]= 199 [2]= 390 [3]= 601 [4]= 601 [5]= 601 [6]= 601 [7]= 601 [8]= 601 [9]= 601 [10]= 601 [11]= 601 [12]= 601 
key_index before (DPU 194) [0]=   0 [1]= 196 [2]= 389 [3]= 595 [4]= 595 [5]= 595 [6]= 595 [7]= 595 [8]= 595 [9]= 595 [10]= 595 [11]= 595 [12]= 595 
key_index before (DPU 195) [0]=   0 [1]= 195 [2]= 405 [3]= 605 [4]= 605 [5]= 605 [6]= 605 [7]= 605 [8]= 605 [9]= 605 [10]= 605 [11]= 605 [12]= 605 
key_index before (DPU 196) [0]=   0 [1]= 211 [2]= 402 [3]= 616 [4]= 616 [5]= 616 [6]= 616 [7]= 616 [8]= 616 [9]= 616 [10]= 616 [11]= 616 [12]= 616 
key_index before (DPU 197) [0]=   0 [1]= 193 [2]= 378 [3]= 606 [4]= 606 [5]= 606 [6]= 606 [7]= 606 [8]= 606 [9]= 606 [10]= 606 [11]= 606 [12]= 606 
key_index before (DPU 198) [0]=   0 [1]= 218 [2]= 416 [3]= 649 [4]= 649 [5]= 649 [6]= 649 [7]= 649 [8]= 649 [9]= 649 [10]= 649 [11]= 649 [12]= 649 
key_index before (DPU 199) [0]=   0 [1]= 215 [2]= 425 [3]= 614 [4]= 614 [5]= 614 [6]= 614 [7]= 614 [8]= 614 [9]= 614 [10]= 614 [11]= 614 [12]= 614 
key_index before (DPU 200) [0]=   0 [1]= 220 [2]= 440 [3]= 629 [4]= 629 [5]= 629 [6]= 629 [7]= 629 [8]= 629 [9]= 629 [10]= 629 [11]= 629 [12]= 629 
key_index before (DPU 201) [0]=   0 [1]= 216 [2]= 437 [3]= 645 [4]= 645 [5]= 645 [6]= 645 [7]= 645 [8]= 645 [9]= 645 [10]= 645 [11]= 645 [12]= 645 
key_index before (DPU 202) [0]=   0 [1]= 206 [2]= 388 [3]= 589 [4]= 589 [5]= 589 [6]= 589 [7]= 589 [8]= 589 [9]= 589 [10]= 589 [11]= 589 [12]= 589 
key_index before (DPU 203) [0]=   0 [1]= 207 [2]= 391 [3]= 577 [4]= 577 [5]= 577 [6]= 577 [7]= 577 [8]= 577 [9]= 577 [10]= 577 [11]= 577 [12]= 577 
key_index before (DPU 204) [0]=   0 [1]= 165 [2]= 333 [3]= 529 [4]= 529 [5]= 529 [6]= 529 [7]= 529 [8]= 529 [9]= 529 [10]= 529 [11]= 529 [12]= 529 
key_index before (DPU 205) [0]=   0 [1]= 221 [2]= 413 [3]= 590 [4]= 590 [5]= 590 [6]= 590 [7]= 590 [8]= 590 [9]= 590 [10]= 590 [11]= 590 [12]= 590 
key_index before (DPU 206) [0]=   0 [1]= 202 [2]= 404 [3]= 602 [4]= 602 [5]= 602 [6]= 602 [7]= 602 [8]= 602 [9]= 602 [10]= 602 [11]= 602 [12]= 602 
key_index before (DPU 207) [0]=   0 [1]= 203 [2]= 393 [3]= 606 [4]= 606 [5]= 606 [6]= 606 [7]= 606 [8]= 606 [9]= 606 [10]= 606 [11]= 606 [12]= 606 
key_index before (DPU 208) [0]=   0 [1]= 183 [2]= 376 [3]= 565 [4]= 565 [5]= 565 [6]= 565 [7]= 565 [8]= 565 [9]= 565 [10]= 565 [11]= 565 [12]= 565 
key_index before (DPU 209) [0]=   0 [1]= 171 [2]= 370 [3]= 575 [4]= 575 [5]= 575 [6]= 575 [7]= 575 [8]= 575 [9]= 575 [10]= 575 [11]= 575 [12]= 575 
key_index before (DPU 210) [0]=   0 [1]= 171 [2]= 353 [3]= 563 [4]= 563 [5]= 563 [6]= 563 [7]= 563 [8]= 563 [9]= 563 [10]= 563 [11]= 563 [12]= 563 
key_index before (DPU 211) [0]=   0 [1]= 188 [2]= 374 [3]= 572 [4]= 572 [5]= 572 [6]= 572 [7]= 572 [8]= 572 [9]= 572 [10]= 572 [11]= 572 [12]= 572 
key_index before (DPU 212) [0]=   0 [1]= 203 [2]= 381 [3]= 541 [4]= 541 [5]= 541 [6]= 541 [7]= 541 [8]= 541 [9]= 541 [10]= 541 [11]= 541 [12]= 541 
key_index before (DPU 213) [0]=   0 [1]= 190 [2]= 369 [3]= 578 [4]= 578 [5]= 578 [6]= 578 [7]= 578 [8]= 578 [9]= 578 [10]= 578 [11]= 578 [12]= 578 
key_index before (DPU 214) [0]=   0 [1]= 177 [2]= 370 [3]= 575 [4]= 575 [5]= 575 [6]= 575 [7]= 575 [8]= 575 [9]= 575 [10]= 575 [11]= 575 [12]= 575 
key_index before (DPU 215) [0]=   0 [1]= 173 [2]= 355 [3]= 547 [4]= 547 [5]= 547 [6]= 547 [7]= 547 [8]= 547 [9]= 547 [10]= 547 [11]= 547 [12]= 547 
key_index before (DPU 216) [0]=   0 [1]= 202 [2]= 389 [3]= 557 [4]= 557 [5]= 557 [6]= 557 [7]= 557 [8]= 557 [9]= 557 [10]= 557 [11]= 557 [12]= 557 
key_index before (DPU 217) [0]=   0 [1]= 161 [2]= 333 [3]= 502 [4]= 502 [5]= 502 [6]= 502 [7]= 502 [8]= 502 [9]= 502 [10]= 502 [11]= 502 [12]= 502 
key_index before (DPU 218) [0]=   0 [1]= 193 [2]= 367 [3]= 565 [4]= 565 [5]= 565 [6]= 565 [7]= 565 [8]= 565 [9]= 565 [10]= 565 [11]= 565 [12]= 565 
key_index before (DPU 219) [0]=   0 [1]= 197 [2]= 385 [3]= 595 [4]= 595 [5]= 595 [6]= 595 [7]= 595 [8]= 595 [9]= 595 [10]= 595 [11]= 595 [12]= 595 
key_index before (DPU 220) [0]=   0 [1]= 198 [2]= 387 [3]= 581 [4]= 581 [5]= 581 [6]= 581 [7]= 581 [8]= 581 [9]= 581 [10]= 581 [11]= 581 [12]= 581 
key_index before (DPU 221) [0]=   0 [1]= 201 [2]= 378 [3]= 560 [4]= 560 [5]= 560 [6]= 560 [7]= 560 [8]= 560 [9]= 560 [10]= 560 [11]= 560 [12]= 560 
key_index before (DPU 222) [0]=   0 [1]= 178 [2]= 352 [3]= 557 [4]= 557 [5]= 557 [6]= 557 [7]= 557 [8]= 557 [9]= 557 [10]= 557 [11]= 557 [12]= 557 
key_index before (DPU 223) [0]=   0 [1]= 178 [2]= 341 [3]= 533 [4]= 533 [5]= 533 [6]= 533 [7]= 533 [8]= 533 [9]= 533 [10]= 533 [11]= 533 [12]= 533 
key_index before (DPU 224) [0]=   0 [1]= 170 [2]= 332 [3]= 515 [4]= 515 [5]= 515 [6]= 515 [7]= 515 [8]= 515 [9]= 515 [10]= 515 [11]= 515 [12]= 515 
key_index before (DPU 225) [0]=   0 [1]= 180 [2]= 364 [3]= 533 [4]= 533 [5]= 533 [6]= 533 [7]= 533 [8]= 533 [9]= 533 [10]= 533 [11]= 533 [12]= 533 
key_index before (DPU 226) [0]=   0 [1]= 150 [2]= 312 [3]= 486 [4]= 486 [5]= 486 [6]= 486 [7]= 486 [8]= 486 [9]= 486 [10]= 486 [11]= 486 [12]= 486 
key_index before (DPU 227) [0]=   0 [1]= 203 [2]= 400 [3]= 572 [4]= 572 [5]= 572 [6]= 572 [7]= 572 [8]= 572 [9]= 572 [10]= 572 [11]= 572 [12]= 572 
key_index before (DPU 228) [0]=   0 [1]= 153 [2]= 347 [3]= 520 [4]= 520 [5]= 520 [6]= 520 [7]= 520 [8]= 520 [9]= 520 [10]= 520 [11]= 520 [12]= 520 
key_index before (DPU 229) [0]=   0 [1]= 196 [2]= 366 [3]= 540 [4]= 540 [5]= 540 [6]= 540 [7]= 540 [8]= 540 [9]= 540 [10]= 540 [11]= 540 [12]= 540 
key_index before (DPU 230) [0]=   0 [1]= 194 [2]= 389 [3]= 593 [4]= 593 [5]= 593 [6]= 593 [7]= 593 [8]= 593 [9]= 593 [10]= 593 [11]= 593 [12]= 593 
key_index before (DPU 231) [0]=   0 [1]= 180 [2]= 358 [3]= 527 [4]= 527 [5]= 527 [6]= 527 [7]= 527 [8]= 527 [9]= 527 [10]= 527 [11]= 527 [12]= 527 
key_index before (DPU 232) [0]=   0 [1]= 179 [2]= 364 [3]= 532 [4]= 532 [5]= 532 [6]= 532 [7]= 532 [8]= 532 [9]= 532 [10]= 532 [11]= 532 [12]= 532 
key_index before (DPU 233) [0]=   0 [1]= 185 [2]= 366 [3]= 548 [4]= 548 [5]= 548 [6]= 548 [7]= 548 [8]= 548 [9]= 548 [10]= 548 [11]= 548 [12]= 548 
key_index before (DPU 234) [0]=   0 [1]= 166 [2]= 351 [3]= 513 [4]= 513 [5]= 513 [6]= 513 [7]= 513 [8]= 513 [9]= 513 [10]= 513 [11]= 513 [12]= 513 
key_index before (DPU 235) [0]=   0 [1]= 181 [2]= 337 [3]= 521 [4]= 521 [5]= 521 [6]= 521 [7]= 521 [8]= 521 [9]= 521 [10]= 521 [11]= 521 [12]= 521 
key_index before (DPU 236) [0]=   0 [1]= 161 [2]= 341 [3]= 520 [4]= 520 [5]= 520 [6]= 520 [7]= 520 [8]= 520 [9]= 520 [10]= 520 [11]= 520 [12]= 520 
key_index before (DPU 237) [0]=   0 [1]= 154 [2]= 306 [3]= 480 [4]= 480 [5]= 480 [6]= 480 [7]= 480 [8]= 480 [9]= 480 [10]= 480 [11]= 480 [12]= 480 
key_index before (DPU 238) [0]=   0 [1]= 159 [2]= 317 [3]= 456 [4]= 456 [5]= 456 [6]= 456 [7]= 456 [8]= 456 [9]= 456 [10]= 456 [11]= 456 [12]= 456 
key_index before (DPU 239) [0]=   0 [1]= 188 [2]= 362 [3]= 538 [4]= 538 [5]= 538 [6]= 538 [7]= 538 [8]= 538 [9]= 538 [10]= 538 [11]= 538 [12]= 538 
key_index before (DPU 240) [0]=   0 [1]= 162 [2]= 335 [3]= 513 [4]= 513 [5]= 513 [6]= 513 [7]= 513 [8]= 513 [9]= 513 [10]= 513 [11]= 513 [12]= 513 
key_index before (DPU 241) [0]=   0 [1]= 166 [2]= 316 [3]= 475 [4]= 475 [5]= 475 [6]= 475 [7]= 475 [8]= 475 [9]= 475 [10]= 475 [11]= 475 [12]= 475 
key_index before (DPU 242) [0]=   0 [1]= 195 [2]= 356 [3]= 505 [4]= 505 [5]= 505 [6]= 505 [7]= 505 [8]= 505 [9]= 505 [10]= 505 [11]= 505 [12]= 505 
key_index before (DPU 243) [0]=   0 [1]= 173 [2]= 327 [3]= 505 [4]= 505 [5]= 505 [6]= 505 [7]= 505 [8]= 505 [9]= 505 [10]= 505 [11]= 505 [12]= 505 
key_index before (DPU 244) [0]=   0 [1]= 161 [2]= 329 [3]= 516 [4]= 516 [5]= 516 [6]= 516 [7]= 516 [8]= 516 [9]= 516 [10]= 516 [11]= 516 [12]= 516 
key_index before (DPU 245) [0]=   0 [1]= 154 [2]= 296 [3]= 465 [4]= 465 [5]= 465 [6]= 465 [7]= 465 [8]= 465 [9]= 465 [10]= 465 [11]= 465 [12]= 465 
key_index before (DPU 246) [0]=   0 [1]= 150 [2]= 304 [3]= 470 [4]= 470 [5]= 470 [6]= 470 [7]= 470 [8]= 470 [9]= 470 [10]= 470 [11]= 470 [12]= 470 
key_index before (DPU 247) [0]=   0 [1]= 162 [2]= 344 [3]= 529 [4]= 529 [5]= 529 [6]= 529 [7]= 529 [8]= 529 [9]= 529 [10]= 529 [11]= 529 [12]= 529 
key_index before (DPU 248) [0]=   0 [1]= 160 [2]= 333 [3]= 512 [4]= 512 [5]= 512 [6]= 512 [7]= 512 [8]= 512 [9]= 512 [10]= 512 [11]= 512 [12]= 512 
key_index before (DPU 249) [0]=   0 [1]= 160 [2]= 333 [3]= 490 [4]= 490 [5]= 490 [6]= 490 [7]= 490 [8]= 490 [9]= 490 [10]= 490 [11]= 490 [12]= 490 
key_index before (DPU 250) [0]=   0 [1]= 163 [2]= 346 [3]= 513 [4]= 513 [5]= 513 [6]= 513 [7]= 513 [8]= 513 [9]= 513 [10]= 513 [11]= 513 [12]= 513 
key_index before (DPU 251) [0]=   0 [1]= 159 [2]= 323 [3]= 500 [4]= 500 [5]= 500 [6]= 500 [7]= 500 [8]= 500 [9]= 500 [10]= 500 [11]= 500 [12]= 500 
key_index before (DPU 252) [0]=   0 [1]= 173 [2]= 331 [3]= 511 [4]= 511 [5]= 511 [6]= 511 [7]= 511 [8]= 511 [9]= 511 [10]= 511 [11]= 511 [12]= 511 
key_index before (DPU 253) [0]=   0 [1]= 170 [2]= 337 [3]= 504 [4]= 504 [5]= 504 [6]= 504 [7]= 504 [8]= 504 [9]= 504 [10]= 504 [11]= 504 [12]= 504 
key_index before (DPU 254) [0]=   0 [1]= 177 [2]= 346 [3]= 509 [4]= 509 [5]= 509 [6]= 509 [7]= 509 [8]= 509 [9]= 509 [10]= 509 [11]= 509 [12]= 509 
key_index before (DPU 255) [0]=   0 [1]= 141 [2]= 282 [3]= 467 [4]= 467 [5]= 467 [6]= 467 [7]= 467 [8]= 467 [9]= 467 [10]= 467 [11]= 467 [12]= 467 
key_index before (DPU 256) [0]=   0 [1]= 179 [2]= 340 [3]= 511 [4]= 511 [5]= 511 [6]= 511 [7]= 511 [8]= 511 [9]= 511 [10]= 511 [11]= 511 [12]= 511 
key_index before (DPU 257) [0]=   0 [1]= 172 [2]= 329 [3]= 504 [4]= 504 [5]= 504 [6]= 504 [7]= 504 [8]= 504 [9]= 504 [10]= 504 [11]= 504 [12]= 504 
key_index before (DPU 258) [0]=   0 [1]= 149 [2]= 291 [3]= 452 [4]= 452 [5]= 452 [6]= 452 [7]= 452 [8]= 452 [9]= 452 [10]= 452 [11]= 452 [12]= 452 
key_index before (DPU 259) [0]=   0 [1]= 148 [2]= 325 [3]= 479 [4]= 479 [5]= 479 [6]= 479 [7]= 479 [8]= 479 [9]= 479 [10]= 479 [11]= 479 [12]= 479 
key_index before (DPU 260) [0]=   0 [1]= 184 [2]= 337 [3]= 495 [4]= 495 [5]= 495 [6]= 495 [7]= 495 [8]= 495 [9]= 495 [10]= 495 [11]= 495 [12]= 495 
key_index before (DPU 261) [0]=   0 [1]= 142 [2]= 279 [3]= 421 [4]= 421 [5]= 421 [6]= 421 [7]= 421 [8]= 421 [9]= 421 [10]= 421 [11]= 421 [12]= 421 
key_index before (DPU 262) [0]=   0 [1]= 157 [2]= 296 [3]= 455 [4]= 455 [5]= 455 [6]= 455 [7]= 455 [8]= 455 [9]= 455 [10]= 455 [11]= 455 [12]= 455 
key_index before (DPU 263) [0]=   0 [1]= 156 [2]= 301 [3]= 467 [4]= 467 [5]= 467 [6]= 467 [7]= 467 [8]= 467 [9]= 467 [10]= 467 [11]= 467 [12]= 467 
key_index before (DPU 264) [0]=   0 [1]= 173 [2]= 318 [3]= 468 [4]= 468 [5]= 468 [6]= 468 [7]= 468 [8]= 468 [9]= 468 [10]= 468 [11]= 468 [12]= 468 
key_index before (DPU 265) [0]=   0 [1]= 156 [2]= 311 [3]= 462 [4]= 462 [5]= 462 [6]= 462 [7]= 462 [8]= 462 [9]= 462 [10]= 462 [11]= 462 [12]= 462 
key_index before (DPU 266) [0]=   0 [1]= 140 [2]= 291 [3]= 440 [4]= 440 [5]= 440 [6]= 440 [7]= 440 [8]= 440 [9]= 440 [10]= 440 [11]= 440 [12]= 440 
key_index before (DPU 267) [0]=   0 [1]= 138 [2]= 290 [3]= 428 [4]= 428 [5]= 428 [6]= 428 [7]= 428 [8]= 428 [9]= 428 [10]= 428 [11]= 428 [12]= 428 
key_index before (DPU 268) [0]=   0 [1]= 166 [2]= 314 [3]= 478 [4]= 478 [5]= 478 [6]= 478 [7]= 478 [8]= 478 [9]= 478 [10]= 478 [11]= 478 [12]= 478 
key_index before (DPU 269) [0]=   0 [1]= 158 [2]= 303 [3]= 454 [4]= 454 [5]= 454 [6]= 454 [7]= 454 [8]= 454 [9]= 454 [10]= 454 [11]= 454 [12]= 454 
key_index before (DPU 270) [0]=   0 [1]= 153 [2]= 292 [3]= 475 [4]= 475 [5]= 475 [6]= 475 [7]= 475 [8]= 475 [9]= 475 [10]= 475 [11]= 475 [12]= 475 
key_index before (DPU 271) [0]=   0 [1]= 147 [2]= 316 [3]= 448 [4]= 448 [5]= 448 [6]= 448 [7]= 448 [8]= 448 [9]= 448 [10]= 448 [11]= 448 [12]= 448 
key_index before (DPU 272) [0]=   0 [1]= 177 [2]= 318 [3]= 457 [4]= 457 [5]= 457 [6]= 457 [7]= 457 [8]= 457 [9]= 457 [10]= 457 [11]= 457 [12]= 457 
key_index before (DPU 273) [0]=   0 [1]= 153 [2]= 309 [3]= 459 [4]= 459 [5]= 459 [6]= 459 [7]= 459 [8]= 459 [9]= 459 [10]= 459 [11]= 459 [12]= 459 
key_index before (DPU 274) [0]=   0 [1]= 168 [2]= 319 [3]= 471 [4]= 471 [5]= 471 [6]= 471 [7]= 471 [8]= 471 [9]= 471 [10]= 471 [11]= 471 [12]= 471 
key_index before (DPU 275) [0]=   0 [1]= 151 [2]= 308 [3]= 437 [4]= 437 [5]= 437 [6]= 437 [7]= 437 [8]= 437 [9]= 437 [10]= 437 [11]= 437 [12]= 437 
key_index before (DPU 276) [0]=   0 [1]= 173 [2]= 328 [3]= 480 [4]= 480 [5]= 480 [6]= 480 [7]= 480 [8]= 480 [9]= 480 [10]= 480 [11]= 480 [12]= 480 
key_index before (DPU 277) [0]=   0 [1]= 132 [2]= 285 [3]= 422 [4]= 422 [5]= 422 [6]= 422 [7]= 422 [8]= 422 [9]= 422 [10]= 422 [11]= 422 [12]= 422 
key_index before (DPU 278) [0]=   0 [1]= 136 [2]= 265 [3]= 411 [4]= 411 [5]= 411 [6]= 411 [7]= 411 [8]= 411 [9]= 411 [10]= 411 [11]= 411 [12]= 411 
key_index before (DPU 279) [0]=   0 [1]= 130 [2]= 275 [3]= 419 [4]= 419 [5]= 419 [6]= 419 [7]= 419 [8]= 419 [9]= 419 [10]= 419 [11]= 419 [12]= 419 
key_index before (DPU 280) [0]=   0 [1]= 166 [2]= 311 [3]= 449 [4]= 449 [5]= 449 [6]= 449 [7]= 449 [8]= 449 [9]= 449 [10]= 449 [11]= 449 [12]= 449 
key_index before (DPU 281) [0]=   0 [1]= 110 [2]= 246 [3]= 390 [4]= 390 [5]= 390 [6]= 390 [7]= 390 [8]= 390 [9]= 390 [10]= 390 [11]= 390 [12]= 390 
key_index before (DPU 282) [0]=   0 [1]= 139 [2]= 283 [3]= 419 [4]= 419 [5]= 419 [6]= 419 [7]= 419 [8]= 419 [9]= 419 [10]= 419 [11]= 419 [12]= 419 
key_index before (DPU 283) [0]=   0 [1]= 150 [2]= 282 [3]= 426 [4]= 426 [5]= 426 [6]= 426 [7]= 426 [8]= 426 [9]= 426 [10]= 426 [11]= 426 [12]= 426 
key_index before (DPU 284) [0]=   0 [1]= 147 [2]= 318 [3]= 471 [4]= 471 [5]= 471 [6]= 471 [7]= 471 [8]= 471 [9]= 471 [10]= 471 [11]= 471 [12]= 471 
key_index before (DPU 285) [0]=   0 [1]= 134 [2]= 291 [3]= 418 [4]= 418 [5]= 418 [6]= 418 [7]= 418 [8]= 418 [9]= 418 [10]= 418 [11]= 418 [12]= 418 
key_index before (DPU 286) [0]=   0 [1]= 129 [2]= 276 [3]= 399 [4]= 399 [5]= 399 [6]= 399 [7]= 399 [8]= 399 [9]= 399 [10]= 399 [11]= 399 [12]= 399 
key_index before (DPU 287) [0]=   0 [1]= 158 [2]= 288 [3]= 439 [4]= 439 [5]= 439 [6]= 439 [7]= 439 [8]= 439 [9]= 439 [10]= 439 [11]= 439 [12]= 439 
key_index before (DPU 288) [0]=   0 [1]= 138 [2]= 297 [3]= 430 [4]= 430 [5]= 430 [6]= 430 [7]= 430 [8]= 430 [9]= 430 [10]= 430 [11]= 430 [12]= 430 
key_index before (DPU 289) [0]=   0 [1]= 128 [2]= 261 [3]= 393 [4]= 393 [5]= 393 [6]= 393 [7]= 393 [8]= 393 [9]= 393 [10]= 393 [11]= 393 [12]= 393 
key_index before (DPU 290) [0]=   0 [1]= 132 [2]= 258 [3]= 404 [4]= 404 [5]= 404 [6]= 404 [7]= 404 [8]= 404 [9]= 404 [10]= 404 [11]= 404 [12]= 404 
key_index before (DPU 291) [0]=   0 [1]= 134 [2]= 258 [3]= 400 [4]= 400 [5]= 400 [6]= 400 [7]= 400 [8]= 400 [9]= 400 [10]= 400 [11]= 400 [12]= 400 
key_index before (DPU 292) [0]=   0 [1]= 129 [2]= 265 [3]= 403 [4]= 403 [5]= 403 [6]= 403 [7]= 403 [8]= 403 [9]= 403 [10]= 403 [11]= 403 [12]= 403 
key_index before (DPU 293) [0]=   0 [1]= 142 [2]= 281 [3]= 437 [4]= 437 [5]= 437 [6]= 437 [7]= 437 [8]= 437 [9]= 437 [10]= 437 [11]= 437 [12]= 437 
key_index before (DPU 294) [0]=   0 [1]= 158 [2]= 290 [3]= 435 [4]= 435 [5]= 435 [6]= 435 [7]= 435 [8]= 435 [9]= 435 [10]= 435 [11]= 435 [12]= 435 
key_index before (DPU 295) [0]=   0 [1]= 135 [2]= 282 [3]= 411 [4]= 411 [5]= 411 [6]= 411 [7]= 411 [8]= 411 [9]= 411 [10]= 411 [11]= 411 [12]= 411 
key_index before (DPU 296) [0]=   0 [1]= 133 [2]= 266 [3]= 403 [4]= 403 [5]= 403 [6]= 403 [7]= 403 [8]= 403 [9]= 403 [10]= 403 [11]= 403 [12]= 403 
key_index before (DPU 297) [0]=   0 [1]= 138 [2]= 279 [3]= 422 [4]= 422 [5]= 422 [6]= 422 [7]= 422 [8]= 422 [9]= 422 [10]= 422 [11]= 422 [12]= 422 
key_index before (DPU 298) [0]=   0 [1]= 128 [2]= 253 [3]= 411 [4]= 411 [5]= 411 [6]= 411 [7]= 411 [8]= 411 [9]= 411 [10]= 411 [11]= 411 [12]= 411 
key_index before (DPU 299) [0]=   0 [1]= 142 [2]= 283 [3]= 433 [4]= 433 [5]= 433 [6]= 433 [7]= 433 [8]= 433 [9]= 433 [10]= 433 [11]= 433 [12]= 433 
key_index before (DPU 300) [0]=   0 [1]= 140 [2]= 283 [3]= 415 [4]= 415 [5]= 415 [6]= 415 [7]= 415 [8]= 415 [9]= 415 [10]= 415 [11]= 415 [12]= 415 
key_index before (DPU 301) [0]=   0 [1]= 123 [2]= 272 [3]= 417 [4]= 417 [5]= 417 [6]= 417 [7]= 417 [8]= 417 [9]= 417 [10]= 417 [11]= 417 [12]= 417 
key_index before (DPU 302) [0]=   0 [1]= 132 [2]= 274 [3]= 422 [4]= 422 [5]= 422 [6]= 422 [7]= 422 [8]= 422 [9]= 422 [10]= 422 [11]= 422 [12]= 422 
key_index before (DPU 303) [0]=   0 [1]= 142 [2]= 274 [3]= 426 [4]= 426 [5]= 426 [6]= 426 [7]= 426 [8]= 426 [9]= 426 [10]= 426 [11]= 426 [12]= 426 
key_index before (DPU 304) [0]=   0 [1]= 155 [2]= 264 [3]= 403 [4]= 403 [5]= 403 [6]= 403 [7]= 403 [8]= 403 [9]= 403 [10]= 403 [11]= 403 [12]= 403 
key_index before (DPU 305) [0]=   0 [1]= 123 [2]= 264 [3]= 368 [4]= 368 [5]= 368 [6]= 368 [7]= 368 [8]= 368 [9]= 368 [10]= 368 [11]= 368 [12]= 368 
key_index before (DPU 306) [0]=   0 [1]= 130 [2]= 262 [3]= 393 [4]= 393 [5]= 393 [6]= 393 [7]= 393 [8]= 393 [9]= 393 [10]= 393 [11]= 393 [12]= 393 
key_index before (DPU 307) [0]=   0 [1]= 142 [2]= 284 [3]= 415 [4]= 415 [5]= 415 [6]= 415 [7]= 415 [8]= 415 [9]= 415 [10]= 415 [11]= 415 [12]= 415 
key_index before (DPU 308) [0]=   0 [1]= 128 [2]= 285 [3]= 403 [4]= 403 [5]= 403 [6]= 403 [7]= 403 [8]= 403 [9]= 403 [10]= 403 [11]= 403 [12]= 403 
key_index before (DPU 309) [0]=   0 [1]= 121 [2]= 256 [3]= 380 [4]= 380 [5]= 380 [6]= 380 [7]= 380 [8]= 380 [9]= 380 [10]= 380 [11]= 380 [12]= 380 
key_index before (DPU 310) [0]=   0 [1]= 118 [2]= 268 [3]= 403 [4]= 403 [5]= 403 [6]= 403 [7]= 403 [8]= 403 [9]= 403 [10]= 403 [11]= 403 [12]= 403 
key_index before (DPU 311) [0]=   0 [1]= 133 [2]= 293 [3]= 407 [4]= 407 [5]= 407 [6]= 407 [7]= 407 [8]= 407 [9]= 407 [10]= 407 [11]= 407 [12]= 407 
key_index before (DPU 312) [0]=   0 [1]= 124 [2]= 247 [3]= 371 [4]= 371 [5]= 371 [6]= 371 [7]= 371 [8]= 371 [9]= 371 [10]= 371 [11]= 371 [12]= 371 
key_index before (DPU 313) [0]=   0 [1]= 126 [2]= 257 [3]= 379 [4]= 379 [5]= 379 [6]= 379 [7]= 379 [8]= 379 [9]= 379 [10]= 379 [11]= 379 [12]= 379 
key_index before (DPU 314) [0]=   0 [1]= 125 [2]= 244 [3]= 369 [4]= 369 [5]= 369 [6]= 369 [7]= 369 [8]= 369 [9]= 369 [10]= 369 [11]= 369 [12]= 369 
key_index before (DPU 315) [0]=   0 [1]= 118 [2]= 253 [3]= 395 [4]= 395 [5]= 395 [6]= 395 [7]= 395 [8]= 395 [9]= 395 [10]= 395 [11]= 395 [12]= 395 
key_index before (DPU 316) [0]=   0 [1]= 125 [2]= 256 [3]= 377 [4]= 377 [5]= 377 [6]= 377 [7]= 377 [8]= 377 [9]= 377 [10]= 377 [11]= 377 [12]= 377 
key_index before (DPU 317) [0]=   0 [1]= 100 [2]= 211 [3]= 361 [4]= 361 [5]= 361 [6]= 361 [7]= 361 [8]= 361 [9]= 361 [10]= 361 [11]= 361 [12]= 361 
key_index before (DPU 318) [0]=   0 [1]= 124 [2]= 258 [3]= 380 [4]= 380 [5]= 380 [6]= 380 [7]= 380 [8]= 380 [9]= 380 [10]= 380 [11]= 380 [12]= 380 
key_index before (DPU 319) [0]=   0 [1]= 119 [2]= 253 [3]= 389 [4]= 389 [5]= 389 [6]= 389 [7]= 389 [8]= 389 [9]= 389 [10]= 389 [11]= 389 [12]= 389 
key_index before (DPU 320) [0]=   0 [1]= 122 [2]= 235 [3]= 339 [4]= 339 [5]= 339 [6]= 339 [7]= 339 [8]= 339 [9]= 339 [10]= 339 [11]= 339 [12]= 339 
key_index before (DPU 321) [0]=   0 [1]= 131 [2]= 258 [3]= 378 [4]= 378 [5]= 378 [6]= 378 [7]= 378 [8]= 378 [9]= 378 [10]= 378 [11]= 378 [12]= 378 
key_index before (DPU 322) [0]=   0 [1]= 139 [2]= 256 [3]= 369 [4]= 369 [5]= 369 [6]= 369 [7]= 369 [8]= 369 [9]= 369 [10]= 369 [11]= 369 [12]= 369 
key_index before (DPU 323) [0]=   0 [1]= 139 [2]= 268 [3]= 412 [4]= 412 [5]= 412 [6]= 412 [7]= 412 [8]= 412 [9]= 412 [10]= 412 [11]= 412 [12]= 412 
key_index before (DPU 324) [0]=   0 [1]= 118 [2]= 239 [3]= 347 [4]= 347 [5]= 347 [6]= 347 [7]= 347 [8]= 347 [9]= 347 [10]= 347 [11]= 347 [12]= 347 
key_index before (DPU 325) [0]=   0 [1]= 133 [2]= 279 [3]= 386 [4]= 386 [5]= 386 [6]= 386 [7]= 386 [8]= 386 [9]= 386 [10]= 386 [11]= 386 [12]= 386 
key_index before (DPU 326) [0]=   0 [1]= 115 [2]= 234 [3]= 375 [4]= 375 [5]= 375 [6]= 375 [7]= 375 [8]= 375 [9]= 375 [10]= 375 [11]= 375 [12]= 375 
key_index before (DPU 327) [0]=   0 [1]= 119 [2]= 218 [3]= 319 [4]= 319 [5]= 319 [6]= 319 [7]= 319 [8]= 319 [9]= 319 [10]= 319 [11]= 319 [12]= 319 
key_index before (DPU 328) [0]=   0 [1]= 126 [2]= 258 [3]= 392 [4]= 392 [5]= 392 [6]= 392 [7]= 392 [8]= 392 [9]= 392 [10]= 392 [11]= 392 [12]= 392 
key_index before (DPU 329) [0]=   0 [1]= 141 [2]= 268 [3]= 381 [4]= 381 [5]= 381 [6]= 381 [7]= 381 [8]= 381 [9]= 381 [10]= 381 [11]= 381 [12]= 381 
key_index before (DPU 330) [0]=   0 [1]= 120 [2]= 238 [3]= 364 [4]= 364 [5]= 364 [6]= 364 [7]= 364 [8]= 364 [9]= 364 [10]= 364 [11]= 364 [12]= 364 
key_index before (DPU 331) [0]=   0 [1]= 128 [2]= 254 [3]= 378 [4]= 378 [5]= 378 [6]= 378 [7]= 378 [8]= 378 [9]= 378 [10]= 378 [11]= 378 [12]= 378 
key_index before (DPU 332) [0]=   0 [1]= 114 [2]= 228 [3]= 360 [4]= 360 [5]= 360 [6]= 360 [7]= 360 [8]= 360 [9]= 360 [10]= 360 [11]= 360 [12]= 360 
key_index before (DPU 333) [0]=   0 [1]= 115 [2]= 248 [3]= 384 [4]= 384 [5]= 384 [6]= 384 [7]= 384 [8]= 384 [9]= 384 [10]= 384 [11]= 384 [12]= 384 
key_index before (DPU 334) [0]=   0 [1]= 119 [2]= 226 [3]= 344 [4]= 344 [5]= 344 [6]= 344 [7]= 344 [8]= 344 [9]= 344 [10]= 344 [11]= 344 [12]= 344 
key_index before (DPU 335) [0]=   0 [1]= 123 [2]= 236 [3]= 361 [4]= 361 [5]= 361 [6]= 361 [7]= 361 [8]= 361 [9]= 361 [10]= 361 [11]= 361 [12]= 361 
key_index before (DPU 336) [0]=   0 [1]= 122 [2]= 257 [3]= 388 [4]= 388 [5]= 388 [6]= 388 [7]= 388 [8]= 388 [9]= 388 [10]= 388 [11]= 388 [12]= 388 
key_index before (DPU 337) [0]=   0 [1]= 115 [2]= 256 [3]= 381 [4]= 381 [5]= 381 [6]= 381 [7]= 381 [8]= 381 [9]= 381 [10]= 381 [11]= 381 [12]= 381 
key_index before (DPU 338) [0]=   0 [1]= 141 [2]= 251 [3]= 368 [4]= 368 [5]= 368 [6]= 368 [7]= 368 [8]= 368 [9]= 368 [10]= 368 [11]= 368 [12]= 368 
key_index before (DPU 339) [0]=   0 [1]= 132 [2]= 245 [3]= 372 [4]= 372 [5]= 372 [6]= 372 [7]= 372 [8]= 372 [9]= 372 [10]= 372 [11]= 372 [12]= 372 
key_index before (DPU 340) [0]=   0 [1]= 123 [2]= 234 [3]= 345 [4]= 345 [5]= 345 [6]= 345 [7]= 345 [8]= 345 [9]= 345 [10]= 345 [11]= 345 [12]= 345 
key_index before (DPU 341) [0]=   0 [1]= 119 [2]= 255 [3]= 391 [4]= 391 [5]= 391 [6]= 391 [7]= 391 [8]= 391 [9]= 391 [10]= 391 [11]= 391 [12]= 391 
key_index before (DPU 342) [0]=   0 [1]= 109 [2]= 222 [3]= 332 [4]= 332 [5]= 332 [6]= 332 [7]= 332 [8]= 332 [9]= 332 [10]= 332 [11]= 332 [12]= 332 
key_index before (DPU 343) [0]=   0 [1]= 110 [2]= 230 [3]= 344 [4]= 344 [5]= 344 [6]= 344 [7]= 344 [8]= 344 [9]= 344 [10]= 344 [11]= 344 [12]= 344 
key_index before (DPU 344) [0]=   0 [1]=  98 [2]= 230 [3]= 352 [4]= 352 [5]= 352 [6]= 352 [7]= 352 [8]= 352 [9]= 352 [10]= 352 [11]= 352 [12]= 352 
key_index before (DPU 345) [0]=   0 [1]= 118 [2]= 247 [3]= 360 [4]= 360 [5]= 360 [6]= 360 [7]= 360 [8]= 360 [9]= 360 [10]= 360 [11]= 360 [12]= 360 
key_index before (DPU 346) [0]=   0 [1]= 122 [2]= 234 [3]= 350 [4]= 350 [5]= 350 [6]= 350 [7]= 350 [8]= 350 [9]= 350 [10]= 350 [11]= 350 [12]= 350 
key_index before (DPU 347) [0]=   0 [1]=  97 [2]= 209 [3]= 340 [4]= 340 [5]= 340 [6]= 340 [7]= 340 [8]= 340 [9]= 340 [10]= 340 [11]= 340 [12]= 340 
key_index before (DPU 348) [0]=   0 [1]= 123 [2]= 247 [3]= 372 [4]= 372 [5]= 372 [6]= 372 [7]= 372 [8]= 372 [9]= 372 [10]= 372 [11]= 372 [12]= 372 
key_index before (DPU 349) [0]=   0 [1]= 122 [2]= 237 [3]= 357 [4]= 357 [5]= 357 [6]= 357 [7]= 357 [8]= 357 [9]= 357 [10]= 357 [11]= 357 [12]= 357 
key_index before (DPU 350) [0]=   0 [1]= 118 [2]= 227 [3]= 356 [4]= 356 [5]= 356 [6]= 356 [7]= 356 [8]= 356 [9]= 356 [10]= 356 [11]= 356 [12]= 356 
key_index before (DPU 351) [0]=   0 [1]= 131 [2]= 241 [3]= 355 [4]= 355 [5]= 355 [6]= 355 [7]= 355 [8]= 355 [9]= 355 [10]= 355 [11]= 355 [12]= 355 
key_index before (DPU 352) [0]=   0 [1]= 122 [2]= 236 [3]= 365 [4]= 365 [5]= 365 [6]= 365 [7]= 365 [8]= 365 [9]= 365 [10]= 365 [11]= 365 [12]= 365 
key_index before (DPU 353) [0]=   0 [1]= 123 [2]= 245 [3]= 356 [4]= 356 [5]= 356 [6]= 356 [7]= 356 [8]= 356 [9]= 356 [10]= 356 [11]= 356 [12]= 356 
key_index before (DPU 354) [0]=   0 [1]= 114 [2]= 213 [3]= 362 [4]= 362 [5]= 362 [6]= 362 [7]= 362 [8]= 362 [9]= 362 [10]= 362 [11]= 362 [12]= 362 
key_index before (DPU 355) [0]=   0 [1]= 112 [2]= 239 [3]= 360 [4]= 360 [5]= 360 [6]= 360 [7]= 360 [8]= 360 [9]= 360 [10]= 360 [11]= 360 [12]= 360 
key_index before (DPU 356) [0]=   0 [1]= 122 [2]= 249 [3]= 364 [4]= 364 [5]= 364 [6]= 364 [7]= 364 [8]= 364 [9]= 364 [10]= 364 [11]= 364 [12]= 364 
key_index before (DPU 357) [0]=   0 [1]= 114 [2]= 220 [3]= 333 [4]= 333 [5]= 333 [6]= 333 [7]= 333 [8]= 333 [9]= 333 [10]= 333 [11]= 333 [12]= 333 
key_index before (DPU 358) [0]=   0 [1]= 124 [2]= 237 [3]= 342 [4]= 342 [5]= 342 [6]= 342 [7]= 342 [8]= 342 [9]= 342 [10]= 342 [11]= 342 [12]= 342 
key_index before (DPU 359) [0]=   0 [1]= 113 [2]= 220 [3]= 326 [4]= 326 [5]= 326 [6]= 326 [7]= 326 [8]= 326 [9]= 326 [10]= 326 [11]= 326 [12]= 326 
key_index before (DPU 360) [0]=   0 [1]= 106 [2]= 222 [3]= 334 [4]= 334 [5]= 334 [6]= 334 [7]= 334 [8]= 334 [9]= 334 [10]= 334 [11]= 334 [12]= 334 
key_index before (DPU 361) [0]=   0 [1]=  95 [2]= 214 [3]= 341 [4]= 341 [5]= 341 [6]= 341 [7]= 341 [8]= 341 [9]= 341 [10]= 341 [11]= 341 [12]= 341 
key_index before (DPU 362) [0]=   0 [1]= 133 [2]= 252 [3]= 369 [4]= 369 [5]= 369 [6]= 369 [7]= 369 [8]= 369 [9]= 369 [10]= 369 [11]= 369 [12]= 369 
key_index before (DPU 363) [0]=   0 [1]= 108 [2]= 219 [3]= 340 [4]= 340 [5]= 340 [6]= 340 [7]= 340 [8]= 340 [9]= 340 [10]= 340 [11]= 340 [12]= 340 
key_index before (DPU 364) [0]=   0 [1]= 116 [2]= 223 [3]= 336 [4]= 336 [5]= 336 [6]= 336 [7]= 336 [8]= 336 [9]= 336 [10]= 336 [11]= 336 [12]= 336 
key_index before (DPU 365) [0]=   0 [1]=  98 [2]= 205 [3]= 315 [4]= 315 [5]= 315 [6]= 315 [7]= 315 [8]= 315 [9]= 315 [10]= 315 [11]= 315 [12]= 315 
key_index before (DPU 366) [0]=   0 [1]= 107 [2]= 213 [3]= 313 [4]= 313 [5]= 313 [6]= 313 [7]= 313 [8]= 313 [9]= 313 [10]= 313 [11]= 313 [12]= 313 
key_index before (DPU 367) [0]=   0 [1]= 115 [2]= 233 [3]= 344 [4]= 344 [5]= 344 [6]= 344 [7]= 344 [8]= 344 [9]= 344 [10]= 344 [11]= 344 [12]= 344 
key_index before (DPU 368) [0]=   0 [1]=  98 [2]= 217 [3]= 317 [4]= 317 [5]= 317 [6]= 317 [7]= 317 [8]= 317 [9]= 317 [10]= 317 [11]= 317 [12]= 317 
key_index before (DPU 369) [0]=   0 [1]=  86 [2]= 216 [3]= 330 [4]= 330 [5]= 330 [6]= 330 [7]= 330 [8]= 330 [9]= 330 [10]= 330 [11]= 330 [12]= 330 
key_index before (DPU 370) [0]=   0 [1]= 130 [2]= 236 [3]= 361 [4]= 361 [5]= 361 [6]= 361 [7]= 361 [8]= 361 [9]= 361 [10]= 361 [11]= 361 [12]= 361 
key_index before (DPU 371) [0]=   0 [1]=  87 [2]= 207 [3]= 316 [4]= 316 [5]= 316 [6]= 316 [7]= 316 [8]= 316 [9]= 316 [10]= 316 [11]= 316 [12]= 316 
key_index before (DPU 372) [0]=   0 [1]=  93 [2]= 203 [3]= 311 [4]= 311 [5]= 311 [6]= 311 [7]= 311 [8]= 311 [9]= 311 [10]= 311 [11]= 311 [12]= 311 
key_index before (DPU 373) [0]=   0 [1]= 104 [2]= 201 [3]= 331 [4]= 331 [5]= 331 [6]= 331 [7]= 331 [8]= 331 [9]= 331 [10]= 331 [11]= 331 [12]= 331 
key_index before (DPU 374) [0]=   0 [1]= 112 [2]= 225 [3]= 331 [4]= 331 [5]= 331 [6]= 331 [7]= 331 [8]= 331 [9]= 331 [10]= 331 [11]= 331 [12]= 331 
key_index before (DPU 375) [0]=   0 [1]= 121 [2]= 222 [3]= 319 [4]= 319 [5]= 319 [6]= 319 [7]= 319 [8]= 319 [9]= 319 [10]= 319 [11]= 319 [12]= 319 
key_index before (DPU 376) [0]=   0 [1]= 100 [2]= 210 [3]= 308 [4]= 308 [5]= 308 [6]= 308 [7]= 308 [8]= 308 [9]= 308 [10]= 308 [11]= 308 [12]= 308 
key_index before (DPU 377) [0]=   0 [1]= 123 [2]= 218 [3]= 309 [4]= 309 [5]= 309 [6]= 309 [7]= 309 [8]= 309 [9]= 309 [10]= 309 [11]= 309 [12]= 309 
key_index before (DPU 378) [0]=   0 [1]= 114 [2]= 220 [3]= 322 [4]= 322 [5]= 322 [6]= 322 [7]= 322 [8]= 322 [9]= 322 [10]= 322 [11]= 322 [12]= 322 
key_index before (DPU 379) [0]=   0 [1]= 106 [2]= 206 [3]= 312 [4]= 312 [5]= 312 [6]= 312 [7]= 312 [8]= 312 [9]= 312 [10]= 312 [11]= 312 [12]= 312 
key_index before (DPU 380) [0]=   0 [1]=  98 [2]= 216 [3]= 315 [4]= 315 [5]= 315 [6]= 315 [7]= 315 [8]= 315 [9]= 315 [10]= 315 [11]= 315 [12]= 315 
key_index before (DPU 381) [0]=   0 [1]= 118 [2]= 215 [3]= 319 [4]= 319 [5]= 319 [6]= 319 [7]= 319 [8]= 319 [9]= 319 [10]= 319 [11]= 319 [12]= 319 
key_index before (DPU 382) [0]=   0 [1]=  91 [2]= 187 [3]= 301 [4]= 301 [5]= 301 [6]= 301 [7]= 301 [8]= 301 [9]= 301 [10]= 301 [11]= 301 [12]= 301 
key_index before (DPU 383) [0]=   0 [1]= 106 [2]= 212 [3]= 313 [4]= 313 [5]= 313 [6]= 313 [7]= 313 [8]= 313 [9]= 313 [10]= 313 [11]= 313 [12]= 313 
key_index before (DPU 384) [0]=   0 [1]=  96 [2]= 206 [3]= 314 [4]= 314 [5]= 314 [6]= 314 [7]= 314 [8]= 314 [9]= 314 [10]= 314 [11]= 314 [12]= 314 
key_index before (DPU 385) [0]=   0 [1]= 122 [2]= 221 [3]= 345 [4]= 345 [5]= 345 [6]= 345 [7]= 345 [8]= 345 [9]= 345 [10]= 345 [11]= 345 [12]= 345 
key_index before (DPU 386) [0]=   0 [1]= 114 [2]= 219 [3]= 315 [4]= 315 [5]= 315 [6]= 315 [7]= 315 [8]= 315 [9]= 315 [10]= 315 [11]= 315 [12]= 315 
key_index before (DPU 387) [0]=   0 [1]= 114 [2]= 227 [3]= 332 [4]= 332 [5]= 332 [6]= 332 [7]= 332 [8]= 332 [9]= 332 [10]= 332 [11]= 332 [12]= 332 
key_index before (DPU 388) [0]=   0 [1]=  98 [2]= 204 [3]= 310 [4]= 310 [5]= 310 [6]= 310 [7]= 310 [8]= 310 [9]= 310 [10]= 310 [11]= 310 [12]= 310 
key_index before (DPU 389) [0]=   0 [1]= 110 [2]= 213 [3]= 316 [4]= 316 [5]= 316 [6]= 316 [7]= 316 [8]= 316 [9]= 316 [10]= 316 [11]= 316 [12]= 316 
key_index before (DPU 390) [0]=   0 [1]=  79 [2]= 188 [3]= 297 [4]= 297 [5]= 297 [6]= 297 [7]= 297 [8]= 297 [9]= 297 [10]= 297 [11]= 297 [12]= 297 
key_index before (DPU 391) [0]=   0 [1]= 100 [2]= 199 [3]= 310 [4]= 310 [5]= 310 [6]= 310 [7]= 310 [8]= 310 [9]= 310 [10]= 310 [11]= 310 [12]= 310 
key_index before (DPU 392) [0]=   0 [1]=  95 [2]= 212 [3]= 311 [4]= 311 [5]= 311 [6]= 311 [7]= 311 [8]= 311 [9]= 311 [10]= 311 [11]= 311 [12]= 311 
key_index before (DPU 393) [0]=   0 [1]= 105 [2]= 215 [3]= 322 [4]= 322 [5]= 322 [6]= 322 [7]= 322 [8]= 322 [9]= 322 [10]= 322 [11]= 322 [12]= 322 
key_index before (DPU 394) [0]=   0 [1]= 102 [2]= 189 [3]= 306 [4]= 306 [5]= 306 [6]= 306 [7]= 306 [8]= 306 [9]= 306 [10]= 306 [11]= 306 [12]= 306 
key_index before (DPU 395) [0]=   0 [1]=  98 [2]= 190 [3]= 306 [4]= 306 [5]= 306 [6]= 306 [7]= 306 [8]= 306 [9]= 306 [10]= 306 [11]= 306 [12]= 306 
key_index before (DPU 396) [0]=   0 [1]= 115 [2]= 228 [3]= 339 [4]= 339 [5]= 339 [6]= 339 [7]= 339 [8]= 339 [9]= 339 [10]= 339 [11]= 339 [12]= 339 
key_index before (DPU 397) [0]=   0 [1]= 104 [2]= 211 [3]= 310 [4]= 310 [5]= 310 [6]= 310 [7]= 310 [8]= 310 [9]= 310 [10]= 310 [11]= 310 [12]= 310 
key_index before (DPU 398) [0]=   0 [1]= 102 [2]= 214 [3]= 300 [4]= 300 [5]= 300 [6]= 300 [7]= 300 [8]= 300 [9]= 300 [10]= 300 [11]= 300 [12]= 300 
key_index before (DPU 399) [0]=   0 [1]= 107 [2]= 210 [3]= 296 [4]= 296 [5]= 296 [6]= 296 [7]= 296 [8]= 296 [9]= 296 [10]= 296 [11]= 296 [12]= 296 
key_index before (DPU 400) [0]=   0 [1]= 100 [2]= 211 [3]= 308 [4]= 308 [5]= 308 [6]= 308 [7]= 308 [8]= 308 [9]= 308 [10]= 308 [11]= 308 [12]= 308 
key_index before (DPU 401) [0]=   0 [1]= 111 [2]= 197 [3]= 294 [4]= 294 [5]= 294 [6]= 294 [7]= 294 [8]= 294 [9]= 294 [10]= 294 [11]= 294 [12]= 294 
key_index before (DPU 402) [0]=   0 [1]= 102 [2]= 201 [3]= 299 [4]= 299 [5]= 299 [6]= 299 [7]= 299 [8]= 299 [9]= 299 [10]= 299 [11]= 299 [12]= 299 
key_index before (DPU 403) [0]=   0 [1]=  88 [2]= 171 [3]= 270 [4]= 270 [5]= 270 [6]= 270 [7]= 270 [8]= 270 [9]= 270 [10]= 270 [11]= 270 [12]= 270 
key_index before (DPU 404) [0]=   0 [1]= 106 [2]= 207 [3]= 293 [4]= 293 [5]= 293 [6]= 293 [7]= 293 [8]= 293 [9]= 293 [10]= 293 [11]= 293 [12]= 293 
key_index before (DPU 405) [0]=   0 [1]=  83 [2]= 191 [3]= 301 [4]= 301 [5]= 301 [6]= 301 [7]= 301 [8]= 301 [9]= 301 [10]= 301 [11]= 301 [12]= 301 
key_index before (DPU 406) [0]=   0 [1]= 111 [2]= 203 [3]= 295 [4]= 295 [5]= 295 [6]= 295 [7]= 295 [8]= 295 [9]= 295 [10]= 295 [11]= 295 [12]= 295 
key_index before (DPU 407) [0]=   0 [1]=  97 [2]= 200 [3]= 308 [4]= 308 [5]= 308 [6]= 308 [7]= 308 [8]= 308 [9]= 308 [10]= 308 [11]= 308 [12]= 308 
key_index before (DPU 408) [0]=   0 [1]= 115 [2]= 210 [3]= 316 [4]= 316 [5]= 316 [6]= 316 [7]= 316 [8]= 316 [9]= 316 [10]= 316 [11]= 316 [12]= 316 
key_index before (DPU 409) [0]=   0 [1]= 105 [2]= 212 [3]= 298 [4]= 298 [5]= 298 [6]= 298 [7]= 298 [8]= 298 [9]= 298 [10]= 298 [11]= 298 [12]= 298 
key_index before (DPU 410) [0]=   0 [1]=  93 [2]= 199 [3]= 307 [4]= 307 [5]= 307 [6]= 307 [7]= 307 [8]= 307 [9]= 307 [10]= 307 [11]= 307 [12]= 307 
key_index before (DPU 411) [0]=   0 [1]=  96 [2]= 201 [3]= 307 [4]= 307 [5]= 307 [6]= 307 [7]= 307 [8]= 307 [9]= 307 [10]= 307 [11]= 307 [12]= 307 
key_index before (DPU 412) [0]=   0 [1]= 100 [2]= 190 [3]= 310 [4]= 310 [5]= 310 [6]= 310 [7]= 310 [8]= 310 [9]= 310 [10]= 310 [11]= 310 [12]= 310 
key_index before (DPU 413) [0]=   0 [1]= 102 [2]= 213 [3]= 300 [4]= 300 [5]= 300 [6]= 300 [7]= 300 [8]= 300 [9]= 300 [10]= 300 [11]= 300 [12]= 300 
key_index before (DPU 414) [0]=   0 [1]=  94 [2]= 207 [3]= 303 [4]= 303 [5]= 303 [6]= 303 [7]= 303 [8]= 303 [9]= 303 [10]= 303 [11]= 303 [12]= 303 
key_index before (DPU 415) [0]=   0 [1]= 104 [2]= 189 [3]= 283 [4]= 283 [5]= 283 [6]= 283 [7]= 283 [8]= 283 [9]= 283 [10]= 283 [11]= 283 [12]= 283 
key_index before (DPU 416) [0]=   0 [1]= 112 [2]= 216 [3]= 309 [4]= 309 [5]= 309 [6]= 309 [7]= 309 [8]= 309 [9]= 309 [10]= 309 [11]= 309 [12]= 309 
key_index before (DPU 417) [0]=   0 [1]=  98 [2]= 204 [3]= 303 [4]= 303 [5]= 303 [6]= 303 [7]= 303 [8]= 303 [9]= 303 [10]= 303 [11]= 303 [12]= 303 
key_index before (DPU 418) [0]=   0 [1]=  94 [2]= 191 [3]= 283 [4]= 283 [5]= 283 [6]= 283 [7]= 283 [8]= 283 [9]= 283 [10]= 283 [11]= 283 [12]= 283 
key_index before (DPU 419) [0]=   0 [1]= 117 [2]= 221 [3]= 311 [4]= 311 [5]= 311 [6]= 311 [7]= 311 [8]= 311 [9]= 311 [10]= 311 [11]= 311 [12]= 311 
key_index before (DPU 420) [0]=   0 [1]= 103 [2]= 195 [3]= 294 [4]= 294 [5]= 294 [6]= 294 [7]= 294 [8]= 294 [9]= 294 [10]= 294 [11]= 294 [12]= 294 
key_index before (DPU 421) [0]=   0 [1]=  90 [2]= 175 [3]= 275 [4]= 275 [5]= 275 [6]= 275 [7]= 275 [8]= 275 [9]= 275 [10]= 275 [11]= 275 [12]= 275 
key_index before (DPU 422) [0]=   0 [1]= 115 [2]= 203 [3]= 294 [4]= 294 [5]= 294 [6]= 294 [7]= 294 [8]= 294 [9]= 294 [10]= 294 [11]= 294 [12]= 294 
key_index before (DPU 423) [0]=   0 [1]=  97 [2]= 200 [3]= 315 [4]= 315 [5]= 315 [6]= 315 [7]= 315 [8]= 315 [9]= 315 [10]= 315 [11]= 315 [12]= 315 
key_index before (DPU 424) [0]=   0 [1]=  93 [2]= 179 [3]= 269 [4]= 269 [5]= 269 [6]= 269 [7]= 269 [8]= 269 [9]= 269 [10]= 269 [11]= 269 [12]= 269 
key_index before (DPU 425) [0]=   0 [1]=  89 [2]= 189 [3]= 311 [4]= 311 [5]= 311 [6]= 311 [7]= 311 [8]= 311 [9]= 311 [10]= 311 [11]= 311 [12]= 311 
key_index before (DPU 426) [0]=   0 [1]=  90 [2]= 185 [3]= 289 [4]= 289 [5]= 289 [6]= 289 [7]= 289 [8]= 289 [9]= 289 [10]= 289 [11]= 289 [12]= 289 
key_index before (DPU 427) [0]=   0 [1]=  89 [2]= 177 [3]= 273 [4]= 273 [5]= 273 [6]= 273 [7]= 273 [8]= 273 [9]= 273 [10]= 273 [11]= 273 [12]= 273 
key_index before (DPU 428) [0]=   0 [1]=  69 [2]= 172 [3]= 261 [4]= 261 [5]= 261 [6]= 261 [7]= 261 [8]= 261 [9]= 261 [10]= 261 [11]= 261 [12]= 261 
key_index before (DPU 429) [0]=   0 [1]=  81 [2]= 183 [3]= 275 [4]= 275 [5]= 275 [6]= 275 [7]= 275 [8]= 275 [9]= 275 [10]= 275 [11]= 275 [12]= 275 
key_index before (DPU 430) [0]=   0 [1]= 105 [2]= 194 [3]= 288 [4]= 288 [5]= 288 [6]= 288 [7]= 288 [8]= 288 [9]= 288 [10]= 288 [11]= 288 [12]= 288 
key_index before (DPU 431) [0]=   0 [1]=  96 [2]= 190 [3]= 295 [4]= 295 [5]= 295 [6]= 295 [7]= 295 [8]= 295 [9]= 295 [10]= 295 [11]= 295 [12]= 295 
key_index before (DPU 432) [0]=   0 [1]=  95 [2]= 197 [3]= 286 [4]= 286 [5]= 286 [6]= 286 [7]= 286 [8]= 286 [9]= 286 [10]= 286 [11]= 286 [12]= 286 
key_index before (DPU 433) [0]=   0 [1]=  81 [2]= 190 [3]= 283 [4]= 283 [5]= 283 [6]= 283 [7]= 283 [8]= 283 [9]= 283 [10]= 283 [11]= 283 [12]= 283 
key_index before (DPU 434) [0]=   0 [1]=  92 [2]= 190 [3]= 313 [4]= 313 [5]= 313 [6]= 313 [7]= 313 [8]= 313 [9]= 313 [10]= 313 [11]= 313 [12]= 313 
key_index before (DPU 435) [0]=   0 [1]=  87 [2]= 179 [3]= 278 [4]= 278 [5]= 278 [6]= 278 [7]= 278 [8]= 278 [9]= 278 [10]= 278 [11]= 278 [12]= 278 
key_index before (DPU 436) [0]=   0 [1]=  90 [2]= 177 [3]= 272 [4]= 272 [5]= 272 [6]= 272 [7]= 272 [8]= 272 [9]= 272 [10]= 272 [11]= 272 [12]= 272 
key_index before (DPU 437) [0]=   0 [1]=  88 [2]= 188 [3]= 309 [4]= 309 [5]= 309 [6]= 309 [7]= 309 [8]= 309 [9]= 309 [10]= 309 [11]= 309 [12]= 309 
key_index before (DPU 438) [0]=   0 [1]=  93 [2]= 177 [3]= 263 [4]= 263 [5]= 263 [6]= 263 [7]= 263 [8]= 263 [9]= 263 [10]= 263 [11]= 263 [12]= 263 
key_index before (DPU 439) [0]=   0 [1]=  93 [2]= 189 [3]= 290 [4]= 290 [5]= 290 [6]= 290 [7]= 290 [8]= 290 [9]= 290 [10]= 290 [11]= 290 [12]= 290 
key_index before (DPU 440) [0]=   0 [1]=  85 [2]= 147 [3]= 235 [4]= 235 [5]= 235 [6]= 235 [7]= 235 [8]= 235 [9]= 235 [10]= 235 [11]= 235 [12]= 235 
key_index before (DPU 441) [0]=   0 [1]= 106 [2]= 194 [3]= 287 [4]= 287 [5]= 287 [6]= 287 [7]= 287 [8]= 287 [9]= 287 [10]= 287 [11]= 287 [12]= 287 
key_index before (DPU 442) [0]=   0 [1]=  83 [2]= 173 [3]= 269 [4]= 269 [5]= 269 [6]= 269 [7]= 269 [8]= 269 [9]= 269 [10]= 269 [11]= 269 [12]= 269 
key_index before (DPU 443) [0]=   0 [1]=  91 [2]= 208 [3]= 287 [4]= 287 [5]= 287 [6]= 287 [7]= 287 [8]= 287 [9]= 287 [10]= 287 [11]= 287 [12]= 287 
key_index before (DPU 444) [0]=   0 [1]=  88 [2]= 170 [3]= 268 [4]= 268 [5]= 268 [6]= 268 [7]= 268 [8]= 268 [9]= 268 [10]= 268 [11]= 268 [12]= 268 
key_index before (DPU 445) [0]=   0 [1]= 106 [2]= 207 [3]= 286 [4]= 286 [5]= 286 [6]= 286 [7]= 286 [8]= 286 [9]= 286 [10]= 286 [11]= 286 [12]= 286 
key_index before (DPU 446) [0]=   0 [1]=   0 [2]= 100 [3]= 100 [4]=139763 [5]=139763 [6]=139763 [7]=139763 [8]=139763 [9]=139763 [10]=139763 [11]=139763 [12]=139763 
key_index before (DPU 447) [0]=   0 [1]=  82 [2]= 173 [3]= 273 [4]= 273 [5]= 273 [6]= 273 [7]= 273 [8]= 273 [9]= 273 [10]= 273 [11]= 273 [12]= 273 
key_index before (DPU 448) [0]=   0 [1]=  83 [2]= 172 [3]= 263 [4]= 263 [5]= 263 [6]= 263 [7]= 263 [8]= 263 [9]= 263 [10]= 263 [11]= 263 [12]= 263 
key_index before (DPU 449) [0]=   0 [1]=  96 [2]= 198 [3]= 306 [4]=21253 [5]=21253 [6]=21253 [7]=21253 [8]=21253 [9]=21253 [10]=21253 [11]=21253 [12]=21253 
key_index before (DPU 450) [0]=   0 [1]=  93 [2]= 180 [3]= 282 [4]= 282 [5]= 282 [6]= 282 [7]= 282 [8]= 282 [9]= 282 [10]= 282 [11]= 282 [12]= 282 
key_index before (DPU 451) [0]=   0 [1]= 102 [2]= 183 [3]= 276 [4]= 276 [5]= 276 [6]= 276 [7]= 276 [8]= 276 [9]= 276 [10]= 276 [11]= 276 [12]= 276 
key_index before (DPU 452) [0]=   0 [1]=  85 [2]= 181 [3]= 276 [4]= 276 [5]= 276 [6]= 276 [7]= 276 [8]= 276 [9]= 276 [10]= 276 [11]= 276 [12]= 276 
key_index before (DPU 453) [0]=   0 [1]=  87 [2]= 182 [3]= 268 [4]= 268 [5]= 268 [6]= 268 [7]= 268 [8]= 268 [9]= 268 [10]= 268 [11]= 268 [12]= 268 
key_index before (DPU 454) [0]=   0 [1]=  89 [2]= 194 [3]= 288 [4]= 288 [5]= 288 [6]= 288 [7]= 288 [8]= 288 [9]= 288 [10]= 288 [11]= 288 [12]= 288 
key_index before (DPU 455) [0]=   0 [1]=  81 [2]= 153 [3]= 235 [4]= 235 [5]= 235 [6]= 235 [7]= 235 [8]= 235 [9]= 235 [10]= 235 [11]= 235 [12]= 235 
key_index before (DPU 456) [0]=   0 [1]= 100 [2]= 191 [3]= 271 [4]= 271 [5]= 271 [6]= 271 [7]= 271 [8]= 271 [9]= 271 [10]= 271 [11]= 271 [12]= 271 
key_index before (DPU 457) [0]=   0 [1]=  80 [2]= 182 [3]= 280 [4]= 280 [5]= 280 [6]= 280 [7]= 280 [8]= 280 [9]= 280 [10]= 280 [11]= 280 [12]= 280 
key_index before (DPU 458) [0]=   0 [1]=  85 [2]= 164 [3]= 248 [4]= 248 [5]= 248 [6]= 248 [7]= 248 [8]= 248 [9]= 248 [10]= 248 [11]= 248 [12]= 248 
key_index before (DPU 459) [0]=   0 [1]=  94 [2]= 180 [3]= 265 [4]=12525 [5]=12525 [6]=12525 [7]=12525 [8]=12525 [9]=12525 [10]=12525 [11]=12525 [12]=12525 
key_index before (DPU 460) [0]=   0 [1]=  78 [2]= 153 [3]= 249 [4]= 249 [5]= 249 [6]= 249 [7]= 249 [8]= 249 [9]= 249 [10]= 249 [11]= 249 [12]= 249 
key_index before (DPU 461) [0]=   0 [1]=  86 [2]= 175 [3]= 272 [4]= 272 [5]= 272 [6]= 272 [7]= 272 [8]= 272 [9]= 272 [10]= 272 [11]= 272 [12]= 272 
key_index before (DPU 462) [0]=   0 [1]= 101 [2]= 192 [3]= 262 [4]= 262 [5]= 262 [6]= 262 [7]= 262 [8]= 262 [9]= 262 [10]= 262 [11]= 262 [12]= 262 
key_index before (DPU 463) [0]=   0 [1]=  85 [2]= 163 [3]= 249 [4]= 249 [5]= 249 [6]= 249 [7]= 249 [8]= 249 [9]= 249 [10]= 249 [11]= 249 [12]= 249 
key_index before (DPU 464) [0]=   0 [1]=  80 [2]= 169 [3]= 250 [4]= 250 [5]= 250 [6]= 250 [7]= 250 [8]= 250 [9]= 250 [10]= 250 [11]= 250 [12]= 250 
key_index before (DPU 465) [0]=   0 [1]=  82 [2]= 176 [3]= 259 [4]= 259 [5]= 259 [6]= 259 [7]= 259 [8]= 259 [9]= 259 [10]= 259 [11]= 259 [12]= 259 
key_index before (DPU 466) [0]=   0 [1]=  97 [2]= 184 [3]= 274 [4]= 274 [5]= 274 [6]= 274 [7]= 274 [8]= 274 [9]= 274 [10]= 274 [11]= 274 [12]= 274 
key_index before (DPU 467) [0]=   0 [1]=  90 [2]= 176 [3]= 267 [4]= 267 [5]= 267 [6]= 267 [7]= 267 [8]= 267 [9]= 267 [10]= 267 [11]= 267 [12]= 267 
key_index before (DPU 468) [0]=   0 [1]=  74 [2]= 149 [3]= 237 [4]= 237 [5]= 237 [6]= 237 [7]= 237 [8]= 237 [9]= 237 [10]= 237 [11]= 237 [12]= 237 
key_index before (DPU 469) [0]=   0 [1]=  92 [2]= 168 [3]= 247 [4]= 247 [5]= 247 [6]= 247 [7]= 247 [8]= 247 [9]= 247 [10]= 247 [11]= 247 [12]= 247 
key_index before (DPU 470) [0]=   0 [1]=  98 [2]= 171 [3]= 257 [4]=18353 [5]=18353 [6]=18353 [7]=18353 [8]=18353 [9]=18353 [10]=18353 [11]=18353 [12]=18353 
key_index before (DPU 471) [0]=   0 [1]=  80 [2]= 182 [3]= 255 [4]= 255 [5]= 255 [6]= 255 [7]= 255 [8]= 255 [9]= 255 [10]= 255 [11]= 255 [12]= 255 
key_index before (DPU 472) [0]=   0 [1]=  87 [2]= 179 [3]= 284 [4]= 284 [5]= 284 [6]= 284 [7]= 284 [8]= 284 [9]= 284 [10]= 284 [11]= 284 [12]= 284 
key_index before (DPU 473) [0]=   0 [1]=  92 [2]= 174 [3]= 257 [4]= 257 [5]= 257 [6]= 257 [7]= 257 [8]= 257 [9]= 257 [10]= 257 [11]= 257 [12]= 257 
key_index before (DPU 474) [0]=   0 [1]=  93 [2]= 186 [3]= 293 [4]= 293 [5]= 293 [6]= 293 [7]= 293 [8]= 293 [9]= 293 [10]= 293 [11]= 293 [12]= 293 
key_index before (DPU 475) [0]=   0 [1]=  68 [2]= 158 [3]= 243 [4]= 243 [5]= 243 [6]= 243 [7]= 243 [8]= 243 [9]= 243 [10]= 243 [11]= 243 [12]= 243 
key_index before (DPU 476) [0]=   0 [1]=  87 [2]= 187 [3]= 263 [4]= 263 [5]= 263 [6]= 263 [7]= 263 [8]= 263 [9]= 263 [10]= 263 [11]= 263 [12]= 263 
key_index before (DPU 477) [0]=   0 [1]=  87 [2]= 176 [3]= 257 [4]= 257 [5]= 257 [6]= 257 [7]= 257 [8]= 257 [9]= 257 [10]= 257 [11]= 257 [12]= 257 
key_index before (DPU 478) [0]=   0 [1]=  94 [2]= 167 [3]= 247 [4]= 323 [5]= 323 [6]= 323 [7]= 323 [8]= 323 [9]= 323 [10]= 323 [11]= 323 [12]= 323 
key_index before (DPU 479) [0]=   0 [1]=  82 [2]= 178 [3]= 282 [4]= 282 [5]= 282 [6]= 282 [7]= 282 [8]= 282 [9]= 282 [10]= 282 [11]= 282 [12]= 282 
key_index before (DPU 480) [0]=   0 [1]=  88 [2]= 163 [3]= 237 [4]= 237 [5]= 237 [6]= 237 [7]= 237 [8]= 237 [9]= 237 [10]= 237 [11]= 237 [12]= 237 
key_index before (DPU 481) [0]=   0 [1]=  71 [2]=  71 [3]=  71 [4]=33147 [5]=33147 [6]=33147 [7]=33147 [8]=33147 [9]=33147 [10]=33147 [11]=33147 [12]=33147 
key_index before (DPU 482) [0]=   0 [1]=  75 [2]= 160 [3]= 250 [4]= 250 [5]= 250 [6]= 250 [7]= 250 [8]= 250 [9]= 250 [10]= 250 [11]= 250 [12]= 250 
key_index before (DPU 483) [0]=   0 [1]=  72 [2]= 148 [3]= 225 [4]= 314 [5]= 314 [6]= 314 [7]= 314 [8]= 314 [9]= 314 [10]= 314 [11]= 314 [12]= 314 
key_index before (DPU 484) [0]=   0 [1]=  77 [2]= 157 [3]= 236 [4]= 236 [5]= 236 [6]= 236 [7]= 236 [8]= 236 [9]= 236 [10]= 236 [11]= 236 [12]= 236 
key_index before (DPU 485) [0]=   0 [1]=  76 [2]= 159 [3]= 257 [4]= 257 [5]= 257 [6]= 257 [7]= 257 [8]= 257 [9]= 257 [10]= 257 [11]= 257 [12]= 257 
key_index before (DPU 486) [0]=   0 [1]=  94 [2]= 174 [3]= 270 [4]= 270 [5]= 270 [6]= 270 [7]= 270 [8]= 270 [9]= 270 [10]= 270 [11]= 270 [12]= 270 
key_index before (DPU 487) [0]=   0 [1]=  85 [2]= 171 [3]= 249 [4]= 249 [5]= 249 [6]= 249 [7]= 249 [8]= 249 [9]= 249 [10]= 249 [11]= 249 [12]= 249 
key_index before (DPU 488) [0]=   0 [1]=  72 [2]= 178 [3]= 263 [4]= 263 [5]= 263 [6]= 263 [7]= 263 [8]= 263 [9]= 263 [10]= 263 [11]= 263 [12]= 263 
key_index before (DPU 489) [0]=   0 [1]=  88 [2]= 181 [3]= 243 [4]= 243 [5]= 243 [6]= 243 [7]= 243 [8]= 243 [9]= 243 [10]= 243 [11]= 243 [12]= 243 
key_index before (DPU 490) [0]=   0 [1]=  82 [2]= 180 [3]= 257 [4]= 366 [5]= 366 [6]= 366 [7]= 366 [8]= 366 [9]= 366 [10]= 366 [11]= 366 [12]= 366 
key_index before (DPU 491) [0]=   0 [1]=  75 [2]= 149 [3]= 233 [4]=10386 [5]=10386 [6]=10386 [7]=10386 [8]=10386 [9]=10386 [10]=10386 [11]=10386 [12]=10386 
key_index before (DPU 492) [0]=   0 [1]=  74 [2]= 152 [3]= 221 [4]= 325 [5]= 325 [6]= 325 [7]= 325 [8]= 325 [9]= 325 [10]= 325 [11]= 325 [12]= 325 
key_index before (DPU 493) [0]=   0 [1]=  77 [2]= 162 [3]= 235 [4]=7790 [5]=7790 [6]=7790 [7]=7790 [8]=7790 [9]=7790 [10]=7790 [11]=7790 [12]=7790 
key_index before (DPU 494) [0]=   0 [1]=  76 [2]= 165 [3]= 251 [4]= 251 [5]= 251 [6]= 251 [7]= 251 [8]= 251 [9]= 251 [10]= 251 [11]= 251 [12]= 251 
key_index before (DPU 495) [0]=   0 [1]=  79 [2]= 161 [3]= 241 [4]=9479 [5]=9479 [6]=9479 [7]=9479 [8]=9479 [9]=9479 [10]=9479 [11]=9479 [12]=9479 
key_index before (DPU 496) [0]=   0 [1]=  58 [2]= 148 [3]= 231 [4]=13855 [5]=13855 [6]=13855 [7]=13855 [8]=13855 [9]=13855 [10]=13855 [11]=13855 [12]=13855 
key_index before (DPU 497) [0]=   0 [1]=  83 [2]= 164 [3]= 240 [4]= 240 [5]= 240 [6]= 240 [7]= 240 [8]= 240 [9]= 240 [10]= 240 [11]= 240 [12]= 240 
key_index before (DPU 498) [0]=   0 [1]=  79 [2]= 159 [3]= 233 [4]= 318 [5]= 318 [6]= 318 [7]= 318 [8]= 318 [9]= 318 [10]= 318 [11]= 318 [12]= 318 
key_index before (DPU 499) [0]=   0 [1]=  82 [2]= 153 [3]= 153 [4]=48412 [5]=48412 [6]=48412 [7]=48412 [8]=48412 [9]=48412 [10]=48412 [11]=48412 [12]=48412 
before (DPU 0) [0]=   0 [1]=71776 [2]=   0 [3]=   0 [4]=   0 [5]=   0 [6]=   0 [7]=   0 [8]=   0 [9]=   0 [10]=   0 [11]=   0 
after  (DPU 0) [0]=   0 [1]=71776 [2]=   0 [3]=   0 [4]=   0 [5]=   0 [6]=   0 [7]=   0 [8]=   0 [9]=   0 [10]=   0 [11]=   0 
before (DPU 1) [0]=   0 [1]=26407 [2]=   0 [3]=   0 [4]=   0 [5]=   0 [6]=   0 [7]=   0 [8]=   0 [9]=   0 [10]=   0 [11]=   0 
after  (DPU 1) [0]=   0 [1]=26407 [2]=   0 [3]=   0 [4]=   0 [5]=   0 [6]=   0 [7]=   0 [8]=   0 [9]=   0 [10]=   0 [11]=   0 
before (DPU 2) [0]=   0 [1]=15682 [2]=   0 [3]=   0 [4]=   0 [5]=   0 [6]=   0 [7]=   0 [8]=   0 [9]=   0 [10]=   0 [11]=   0 
after  (DPU 2) [0]=   0 [1]=15682 [2]=   0 [3]=   0 [4]=   0 [5]=   0 [6]=   0 [7]=   0 [8]=   0 [9]=   0 [10]=   0 [11]=   0 
before (DPU 3) [0]=   0 [1]=11294 [2]=10153 [3]=   0 [4]=   0 [5]=   0 [6]=   0 [7]=   0 [8]=   0 [9]=   0 [10]=   0 [11]=   0 
after  (DPU 3) [0]=   0 [1]=11294 [2]=   0 [3]=   0 [4]=   0 [5]=   0 [6]=   0 [7]=   0 [8]=   0 [9]=   0 [10]=   0 [11]=   0 
before (DPU 4) [0]=   0 [1]=8681 [2]=8058 [3]=   0 [4]=   0 [5]=   0 [6]=   0 [7]=   0 [8]=   0 [9]=   0 [10]=   0 [11]=   0 
after  (DPU 4) [0]=   0 [1]=8681 [2]=8058 [3]=   0 [4]=   0 [5]=   0 [6]=   0 [7]=   0 [8]=   0 [9]=   0 [10]=   0 [11]=   0 
before (DPU 5) [0]=7555 [1]=7132 [2]=6754 [3]=   0 [4]=   0 [5]=   0 [6]=   0 [7]=   0 [8]=   0 [9]=   0 [10]=   0 [11]=   0 
after  (DPU 5) [0]=   0 [1]=7132 [2]=6754 [3]=   0 [4]=   0 [5]=   0 [6]=   0 [7]=   0 [8]=   0 [9]=   0 [10]=   0 [11]=   0 
before (DPU 6) [0]=6352 [1]=5935 [2]=5744 [3]=   0 [4]=   0 [5]=   0 [6]=   0 [7]=   0 [8]=   0 [9]=   0 [10]=   0 [11]=   0 
after  (DPU 6) [0]=6352 [1]=5935 [2]=5744 [3]=   0 [4]=   0 [5]=   0 [6]=   0 [7]=   0 [8]=   0 [9]=   0 [10]=   0 [11]=   0 
before (DPU 7) [0]=5449 [1]=5222 [2]=4973 [3]=   0 [4]=   0 [5]=   0 [6]=   0 [7]=   0 [8]=   0 [9]=   0 [10]=   0 [11]=   0 
after  (DPU 7) [0]=5449 [1]=5222 [2]=4973 [3]=   0 [4]=   0 [5]=   0 [6]=   0 [7]=   0 [8]=   0 [9]=   0 [10]=   0 [11]=   0 
before (DPU 8) [0]=4846 [1]=4643 [2]=4502 [3]=   0 [4]=   0 [5]=   0 [6]=   0 [7]=   0 [8]=   0 [9]=   0 [10]=   0 [11]=   0 
after  (DPU 8) [0]=4846 [1]=4643 [2]=4502 [3]=   0 [4]=   0 [5]=   0 [6]=   0 [7]=   0 [8]=   0 [9]=   0 [10]=   0 [11]=   0 
before (DPU 9) [0]=4269 [1]=4174 [2]=3942 [3]=   0 [4]=   0 [5]=   0 [6]=   0 [7]=   0 [8]=   0 [9]=   0 [10]=   0 [11]=   0 
after  (DPU 9) [0]=4269 [1]=4174 [2]=3942 [3]=   0 [4]=   0 [5]=   0 [6]=   0 [7]=   0 [8]=   0 [9]=   0 [10]=   0 [11]=   0 
before (DPU 10) [0]=3866 [1]=3739 [2]=3579 [3]=   0 [4]=   0 [5]=   0 [6]=   0 [7]=   0 [8]=   0 [9]=   0 [10]=   0 [11]=   0 
after  (DPU 10) [0]=3866 [1]=3739 [2]=3579 [3]=   0 [4]=   0 [5]=   0 [6]=   0 [7]=   0 [8]=   0 [9]=   0 [10]=   0 [11]=   0 
before (DPU 11) [0]=3583 [1]=3479 [2]=3343 [3]=   0 [4]=   0 [5]=   0 [6]=   0 [7]=   0 [8]=   0 [9]=   0 [10]=   0 [11]=   0 
after  (DPU 11) [0]=3583 [1]=3479 [2]=3343 [3]=   0 [4]=   0 [5]=   0 [6]=   0 [7]=   0 [8]=   0 [9]=   0 [10]=   0 [11]=   0 
before (DPU 12) [0]=3250 [1]=3142 [2]=3075 [3]=   0 [4]=   0 [5]=   0 [6]=   0 [7]=   0 [8]=   0 [9]=   0 [10]=   0 [11]=   0 
after  (DPU 12) [0]=3250 [1]=3142 [2]=3075 [3]=   0 [4]=   0 [5]=   0 [6]=   0 [7]=   0 [8]=   0 [9]=   0 [10]=   0 [11]=   0 
before (DPU 13) [0]=3000 [1]=2928 [2]=2900 [3]=   0 [4]=   0 [5]=   0 [6]=   0 [7]=   0 [8]=   0 [9]=   0 [10]=   0 [11]=   0 
after  (DPU 13) [0]=3000 [1]=2928 [2]=2900 [3]=   0 [4]=   0 [5]=   0 [6]=   0 [7]=   0 [8]=   0 [9]=   0 [10]=   0 [11]=   0 
before (DPU 14) [0]=2737 [1]=2769 [2]=2660 [3]=   0 [4]=   0 [5]=   0 [6]=   0 [7]=   0 [8]=   0 [9]=   0 [10]=   0 [11]=   0 
after  (DPU 14) [0]=2737 [1]=2769 [2]=2660 [3]=   0 [4]=   0 [5]=   0 [6]=   0 [7]=   0 [8]=   0 [9]=   0 [10]=   0 [11]=   0 
before (DPU 15) [0]=2618 [1]=2562 [2]=2415 [3]=   0 [4]=   0 [5]=   0 [6]=   0 [7]=   0 [8]=   0 [9]=   0 [10]=   0 [11]=   0 
after  (DPU 15) [0]=2618 [1]=2562 [2]=2415 [3]=   0 [4]=   0 [5]=   0 [6]=   0 [7]=   0 [8]=   0 [9]=   0 [10]=   0 [11]=   0 
before (DPU 16) [0]=2487 [1]=2363 [2]=2385 [3]=   0 [4]=   0 [5]=   0 [6]=   0 [7]=   0 [8]=   0 [9]=   0 [10]=   0 [11]=   0 
after  (DPU 16) [0]=2487 [1]=2363 [2]=2385 [3]=   0 [4]=   0 [5]=   0 [6]=   0 [7]=   0 [8]=   0 [9]=   0 [10]=   0 [11]=   0 
before (DPU 17) [0]=2303 [1]=2263 [2]=2167 [3]=   0 [4]=   0 [5]=   0 [6]=   0 [7]=   0 [8]=   0 [9]=   0 [10]=   0 [11]=   0 
after  (DPU 17) [0]=2303 [1]=2263 [2]=2167 [3]=   0 [4]=   0 [5]=   0 [6]=   0 [7]=   0 [8]=   0 [9]=   0 [10]=   0 [11]=   0 
before (DPU 18) [0]=2214 [1]=2107 [2]=2135 [3]=   0 [4]=   0 [5]=   0 [6]=   0 [7]=   0 [8]=   0 [9]=   0 [10]=   0 [11]=   0 
after  (DPU 18) [0]=2214 [1]=2107 [2]=2135 [3]=   0 [4]=   0 [5]=   0 [6]=   0 [7]=   0 [8]=   0 [9]=   0 [10]=   0 [11]=   0 
before (DPU 19) [0]=2021 [1]=2045 [2]=2014 [3]=   0 [4]=   0 [5]=   0 [6]=   0 [7]=   0 [8]=   0 [9]=   0 [10]=   0 [11]=   0 
after  (DPU 19) [0]=2021 [1]=2045 [2]=2014 [3]=   0 [4]=   0 [5]=   0 [6]=   0 [7]=   0 [8]=   0 [9]=   0 [10]=   0 [11]=   0 
before (DPU 20) [0]=1950 [1]=1854 [2]=1914 [3]=   0 [4]=   0 [5]=   0 [6]=   0 [7]=   0 [8]=   0 [9]=   0 [10]=   0 [11]=   0 
after  (DPU 20) [0]=1950 [1]=1854 [2]=1914 [3]=   0 [4]=   0 [5]=   0 [6]=   0 [7]=   0 [8]=   0 [9]=   0 [10]=   0 [11]=   0 
before (DPU 21) [0]=1936 [1]=1883 [2]=1816 [3]=   0 [4]=   0 [5]=   0 [6]=   0 [7]=   0 [8]=   0 [9]=   0 [10]=   0 [11]=   0 
after  (DPU 21) [0]=1936 [1]=1883 [2]=1816 [3]=   0 [4]=   0 [5]=   0 [6]=   0 [7]=   0 [8]=   0 [9]=   0 [10]=   0 [11]=   0 
before (DPU 22) [0]=1771 [1]=1682 [2]=1739 [3]=   0 [4]=   0 [5]=   0 [6]=   0 [7]=   0 [8]=   0 [9]=   0 [10]=   0 [11]=   0 
after  (DPU 22) [0]=1771 [1]=1682 [2]=1739 [3]=   0 [4]=   0 [5]=   0 [6]=   0 [7]=   0 [8]=   0 [9]=   0 [10]=   0 [11]=   0 
before (DPU 23) [0]=1700 [1]=1664 [2]=1764 [3]=   0 [4]=   0 [5]=   0 [6]=   0 [7]=   0 [8]=   0 [9]=   0 [10]=   0 [11]=   0 
after  (DPU 23) [0]=1700 [1]=1664 [2]=1764 [3]=   0 [4]=   0 [5]=   0 [6]=   0 [7]=   0 [8]=   0 [9]=   0 [10]=   0 [11]=   0 
before (DPU 24) [0]=1643 [1]=1632 [2]=1610 [3]=   0 [4]=   0 [5]=   0 [6]=   0 [7]=   0 [8]=   0 [9]=   0 [10]=   0 [11]=   0 
after  (DPU 24) [0]=1643 [1]=1632 [2]=1610 [3]=   0 [4]=   0 [5]=   0 [6]=   0 [7]=   0 [8]=   0 [9]=   0 [10]=   0 [11]=   0 
before (DPU 25) [0]=1529 [1]=1548 [2]=1512 [3]=   0 [4]=   0 [5]=   0 [6]=   0 [7]=   0 [8]=   0 [9]=   0 [10]=   0 [11]=   0 
after  (DPU 25) [0]=1529 [1]=1548 [2]=1512 [3]=   0 [4]=   0 [5]=   0 [6]=   0 [7]=   0 [8]=   0 [9]=   0 [10]=   0 [11]=   0 
before (DPU 26) [0]=1516 [1]=1503 [2]=1525 [3]=   0 [4]=   0 [5]=   0 [6]=   0 [7]=   0 [8]=   0 [9]=   0 [10]=   0 [11]=   0 
after  (DPU 26) [0]=1516 [1]=1503 [2]=1525 [3]=   0 [4]=   0 [5]=   0 [6]=   0 [7]=   0 [8]=   0 [9]=   0 [10]=   0 [11]=   0 
before (DPU 27) [0]=1458 [1]=1427 [2]=1360 [3]=   0 [4]=   0 [5]=   0 [6]=   0 [7]=   0 [8]=   0 [9]=   0 [10]=   0 [11]=   0 
after  (DPU 27) [0]=1458 [1]=1427 [2]=1360 [3]=   0 [4]=   0 [5]=   0 [6]=   0 [7]=   0 [8]=   0 [9]=   0 [10]=   0 [11]=   0 
before (DPU 28) [0]=1456 [1]=1380 [2]=1430 [3]=   0 [4]=   0 [5]=   0 [6]=   0 [7]=   0 [8]=   0 [9]=   0 [10]=   0 [11]=   0 
after  (DPU 28) [0]=1456 [1]=1380 [2]=1430 [3]=   0 [4]=   0 [5]=   0 [6]=   0 [7]=   0 [8]=   0 [9]=   0 [10]=   0 [11]=   0 
before (DPU 29) [0]=1328 [1]=1389 [2]=1350 [3]=   0 [4]=   0 [5]=   0 [6]=   0 [7]=   0 [8]=   0 [9]=   0 [10]=   0 [11]=   0 
after  (DPU 29) [0]=1328 [1]=1389 [2]=1350 [3]=   0 [4]=   0 [5]=   0 [6]=   0 [7]=   0 [8]=   0 [9]=   0 [10]=   0 [11]=   0 
before (DPU 30) [0]=1378 [1]=1285 [2]=1255 [3]=   0 [4]=   0 [5]=   0 [6]=   0 [7]=   0 [8]=   0 [9]=   0 [10]=   0 [11]=   0 
after  (DPU 30) [0]=1378 [1]=1285 [2]=1255 [3]=   0 [4]=   0 [5]=   0 [6]=   0 [7]=   0 [8]=   0 [9]=   0 [10]=   0 [11]=   0 
before (DPU 31) [0]=1334 [1]=1243 [2]=1314 [3]=   0 [4]=   0 [5]=   0 [6]=   0 [7]=   0 [8]=   0 [9]=   0 [10]=   0 [11]=   0 
after  (DPU 31) [0]=1334 [1]=1243 [2]=1314 [3]=   0 [4]=   0 [5]=   0 [6]=   0 [7]=   0 [8]=   0 [9]=   0 [10]=   0 [11]=   0 
before (DPU 32) [0]=1272 [1]=1220 [2]=1225 [3]=   0 [4]=   0 [5]=   0 [6]=   0 [7]=   0 [8]=   0 [9]=   0 [10]=   0 [11]=   0 
after  (DPU 32) [0]=1272 [1]=1220 [2]=1225 [3]=   0 [4]=   0 [5]=   0 [6]=   0 [7]=   0 [8]=   0 [9]=   0 [10]=   0 [11]=   0 
before (DPU 33) [0]=1126 [1]=1265 [2]=1124 [3]=   0 [4]=   0 [5]=   0 [6]=   0 [7]=   0 [8]=   0 [9]=   0 [10]=   0 [11]=   0 
after  (DPU 33) [0]=1126 [1]=1265 [2]=1124 [3]=   0 [4]=   0 [5]=   0 [6]=   0 [7]=   0 [8]=   0 [9]=   0 [10]=   0 [11]=   0 
before (DPU 34) [0]=1106 [1]=1121 [2]=1124 [3]=   0 [4]=   0 [5]=   0 [6]=   0 [7]=   0 [8]=   0 [9]=   0 [10]=   0 [11]=   0 
after  (DPU 34) [0]=1106 [1]=1121 [2]=1124 [3]=   0 [4]=   0 [5]=   0 [6]=   0 [7]=   0 [8]=   0 [9]=   0 [10]=   0 [11]=   0 
before (DPU 35) [0]=1122 [1]=1124 [2]=1112 [3]=   0 [4]=   0 [5]=   0 [6]=   0 [7]=   0 [8]=   0 [9]=   0 [10]=   0 [11]=   0 
after  (DPU 35) [0]=1122 [1]=1124 [2]=1112 [3]=   0 [4]=   0 [5]=   0 [6]=   0 [7]=   0 [8]=   0 [9]=   0 [10]=   0 [11]=   0 
before (DPU 36) [0]=1056 [1]=1128 [2]=1069 [3]=   0 [4]=   0 [5]=   0 [6]=   0 [7]=   0 [8]=   0 [9]=   0 [10]=   0 [11]=   0 
after  (DPU 36) [0]=1056 [1]=1128 [2]=1069 [3]=   0 [4]=   0 [5]=   0 [6]=   0 [7]=   0 [8]=   0 [9]=   0 [10]=   0 [11]=   0 
before (DPU 37) [0]=1097 [1]=1077 [2]=1040 [3]=   0 [4]=   0 [5]=   0 [6]=   0 [7]=   0 [8]=   0 [9]=   0 [10]=   0 [11]=   0 
after  (DPU 37) [0]=1097 [1]=1077 [2]=1040 [3]=   0 [4]=   0 [5]=   0 [6]=   0 [7]=   0 [8]=   0 [9]=   0 [10]=   0 [11]=   0 
before (DPU 38) [0]=1092 [1]=1065 [2]=1018 [3]=   0 [4]=   0 [5]=   0 [6]=   0 [7]=   0 [8]=   0 [9]=   0 [10]=   0 [11]=   0 
after  (DPU 38) [0]=1092 [1]=1065 [2]=1018 [3]=   0 [4]=   0 [5]=   0 [6]=   0 [7]=   0 [8]=   0 [9]=   0 [10]=   0 [11]=   0 
before (DPU 39) [0]=1033 [1]=1089 [2]=1015 [3]=   0 [4]=   0 [5]=   0 [6]=   0 [7]=   0 [8]=   0 [9]=   0 [10]=   0 [11]=   0 
after  (DPU 39) [0]=1033 [1]=1089 [2]=1015 [3]=   0 [4]=   0 [5]=   0 [6]=   0 [7]=   0 [8]=   0 [9]=   0 [10]=   0 [11]=   0 
before (DPU 40) [0]=1031 [1]=1003 [2]= 968 [3]=   0 [4]=   0 [5]=   0 [6]=   0 [7]=   0 [8]=   0 [9]=   0 [10]=   0 [11]=   0 
after  (DPU 40) [0]=1031 [1]=1003 [2]= 968 [3]=   0 [4]=   0 [5]=   0 [6]=   0 [7]=   0 [8]=   0 [9]=   0 [10]=   0 [11]=   0 
before (DPU 41) [0]=1003 [1]= 919 [2]= 969 [3]=   0 [4]=   0 [5]=   0 [6]=   0 [7]=   0 [8]=   0 [9]=   0 [10]=   0 [11]=   0 
after  (DPU 41) [0]=1003 [1]= 919 [2]= 969 [3]=   0 [4]=   0 [5]=   0 [6]=   0 [7]=   0 [8]=   0 [9]=   0 [10]=   0 [11]=   0 
before (DPU 42) [0]= 932 [1]= 992 [2]= 970 [3]=   0 [4]=   0 [5]=   0 [6]=   0 [7]=   0 [8]=   0 [9]=   0 [10]=   0 [11]=   0 
after  (DPU 42) [0]= 932 [1]= 992 [2]= 970 [3]=   0 [4]=   0 [5]=   0 [6]=   0 [7]=   0 [8]=   0 [9]=   0 [10]=   0 [11]=   0 
before (DPU 43) [0]= 908 [1]= 945 [2]= 843 [3]=   0 [4]=   0 [5]=   0 [6]=   0 [7]=   0 [8]=   0 [9]=   0 [10]=   0 [11]=   0 
after  (DPU 43) [0]= 908 [1]= 945 [2]= 843 [3]=   0 [4]=   0 [5]=   0 [6]=   0 [7]=   0 [8]=   0 [9]=   0 [10]=   0 [11]=   0 
before (DPU 44) [0]= 934 [1]= 888 [2]= 901 [3]=   0 [4]=   0 [5]=   0 [6]=   0 [7]=   0 [8]=   0 [9]=   0 [10]=   0 [11]=   0 
after  (DPU 44) [0]= 934 [1]= 888 [2]= 901 [3]=   0 [4]=   0 [5]=   0 [6]=   0 [7]=   0 [8]=   0 [9]=   0 [10]=   0 [11]=   0 
before (DPU 45) [0]= 909 [1]= 865 [2]= 908 [3]=   0 [4]=   0 [5]=   0 [6]=   0 [7]=   0 [8]=   0 [9]=   0 [10]=   0 [11]=   0 
after  (DPU 45) [0]= 909 [1]= 865 [2]= 908 [3]=   0 [4]=   0 [5]=   0 [6]=   0 [7]=   0 [8]=   0 [9]=   0 [10]=   0 [11]=   0 
before (DPU 46) [0]= 867 [1]= 886 [2]= 817 [3]=   0 [4]=   0 [5]=   0 [6]=   0 [7]=   0 [8]=   0 [9]=   0 [10]=   0 [11]=   0 
after  (DPU 46) [0]= 867 [1]= 886 [2]= 817 [3]=   0 [4]=   0 [5]=   0 [6]=   0 [7]=   0 [8]=   0 [9]=   0 [10]=   0 [11]=   0 
before (DPU 47) [0]= 867 [1]= 871 [2]= 823 [3]=   0 [4]=   0 [5]=   0 [6]=   0 [7]=   0 [8]=   0 [9]=   0 [10]=   0 [11]=   0 
after  (DPU 47) [0]= 867 [1]= 871 [2]= 823 [3]=   0 [4]=   0 [5]=   0 [6]=   0 [7]=   0 [8]=   0 [9]=   0 [10]=   0 [11]=   0 
before (DPU 48) [0]= 841 [1]= 798 [2]= 858 [3]=   0 [4]=   0 [5]=   0 [6]=   0 [7]=   0 [8]=   0 [9]=   0 [10]=   0 [11]=   0 
after  (DPU 48) [0]= 841 [1]= 798 [2]= 858 [3]=   0 [4]=   0 [5]=   0 [6]=   0 [7]=   0 [8]=   0 [9]=   0 [10]=   0 [11]=   0 
before (DPU 49) [0]= 867 [1]= 809 [2]= 772 [3]=   0 [4]=   0 [5]=   0 [6]=   0 [7]=   0 [8]=   0 [9]=   0 [10]=   0 [11]=   0 
after  (DPU 49) [0]= 867 [1]= 809 [2]= 772 [3]=   0 [4]=   0 [5]=   0 [6]=   0 [7]=   0 [8]=   0 [9]=   0 [10]=   0 [11]=   0 
before (DPU 50) [0]= 865 [1]= 821 [2]= 812 [3]=   0 [4]=   0 [5]=   0 [6]=   0 [7]=   0 [8]=   0 [9]=   0 [10]=   0 [11]=   0 
after  (DPU 50) [0]= 865 [1]= 821 [2]= 812 [3]=   0 [4]=   0 [5]=   0 [6]=   0 [7]=   0 [8]=   0 [9]=   0 [10]=   0 [11]=   0 
before (DPU 51) [0]= 771 [1]= 809 [2]= 768 [3]=   0 [4]=   0 [5]=   0 [6]=   0 [7]=   0 [8]=   0 [9]=   0 [10]=   0 [11]=   0 
after  (DPU 51) [0]= 771 [1]= 809 [2]= 768 [3]=   0 [4]=   0 [5]=   0 [6]=   0 [7]=   0 [8]=   0 [9]=   0 [10]=   0 [11]=   0 
before (DPU 52) [0]= 731 [1]= 735 [2]= 784 [3]=   0 [4]=   0 [5]=   0 [6]=   0 [7]=   0 [8]=   0 [9]=   0 [10]=   0 [11]=   0 
after  (DPU 52) [0]= 731 [1]= 735 [2]= 784 [3]=   0 [4]=   0 [5]=   0 [6]=   0 [7]=   0 [8]=   0 [9]=   0 [10]=   0 [11]=   0 
before (DPU 53) [0]= 730 [1]= 751 [2]= 775 [3]=   0 [4]=   0 [5]=   0 [6]=   0 [7]=   0 [8]=   0 [9]=   0 [10]=   0 [11]=   0 
after  (DPU 53) [0]= 730 [1]= 751 [2]= 775 [3]=   0 [4]=   0 [5]=   0 [6]=   0 [7]=   0 [8]=   0 [9]=   0 [10]=   0 [11]=   0 
before (DPU 54) [0]= 747 [1]= 672 [2]= 730 [3]=   0 [4]=   0 [5]=   0 [6]=   0 [7]=   0 [8]=   0 [9]=   0 [10]=   0 [11]=   0 
after  (DPU 54) [0]= 747 [1]= 672 [2]= 730 [3]=   0 [4]=   0 [5]=   0 [6]=   0 [7]=   0 [8]=   0 [9]=   0 [10]=   0 [11]=   0 
before (DPU 55) [0]= 715 [1]= 745 [2]= 722 [3]=   0 [4]=   0 [5]=   0 [6]=   0 [7]=   0 [8]=   0 [9]=   0 [10]=   0 [11]=   0 
after  (DPU 55) [0]= 715 [1]= 745 [2]= 722 [3]=   0 [4]=   0 [5]=   0 [6]=   0 [7]=   0 [8]=   0 [9]=   0 [10]=   0 [11]=   0 
before (DPU 56) [0]= 717 [1]= 697 [2]= 724 [3]=   0 [4]=   0 [5]=   0 [6]=   0 [7]=   0 [8]=   0 [9]=   0 [10]=   0 [11]=   0 
after  (DPU 56) [0]= 717 [1]= 697 [2]= 724 [3]=   0 [4]=   0 [5]=   0 [6]=   0 [7]=   0 [8]=   0 [9]=   0 [10]=   0 [11]=   0 
before (DPU 57) [0]= 724 [1]= 691 [2]= 659 [3]=   0 [4]=   0 [5]=   0 [6]=   0 [7]=   0 [8]=   0 [9]=   0 [10]=   0 [11]=   0 
after  (DPU 57) [0]= 724 [1]= 691 [2]= 659 [3]=   0 [4]=   0 [5]=   0 [6]=   0 [7]=   0 [8]=   0 [9]=   0 [10]=   0 [11]=   0 
before (DPU 58) [0]= 717 [1]= 673 [2]= 710 [3]=   0 [4]=   0 [5]=   0 [6]=   0 [7]=   0 [8]=   0 [9]=   0 [10]=   0 [11]=   0 
after  (DPU 58) [0]= 717 [1]= 673 [2]= 710 [3]=   0 [4]=   0 [5]=   0 [6]=   0 [7]=   0 [8]=   0 [9]=   0 [10]=   0 [11]=   0 
before (DPU 59) [0]= 655 [1]= 687 [2]= 671 [3]=   0 [4]=   0 [5]=   0 [6]=   0 [7]=   0 [8]=   0 [9]=   0 [10]=   0 [11]=   0 
after  (DPU 59) [0]= 655 [1]= 687 [2]= 671 [3]=   0 [4]=   0 [5]=   0 [6]=   0 [7]=   0 [8]=   0 [9]=   0 [10]=   0 [11]=   0 
before (DPU 60) [0]= 618 [1]= 628 [2]= 659 [3]=   0 [4]=   0 [5]=   0 [6]=   0 [7]=   0 [8]=   0 [9]=   0 [10]=   0 [11]=   0 
after  (DPU 60) [0]= 618 [1]= 628 [2]= 659 [3]=   0 [4]=   0 [5]=   0 [6]=   0 [7]=   0 [8]=   0 [9]=   0 [10]=   0 [11]=   0 
before (DPU 61) [0]= 672 [1]= 683 [2]= 625 [3]=   0 [4]=   0 [5]=   0 [6]=   0 [7]=   0 [8]=   0 [9]=   0 [10]=   0 [11]=   0 
after  (DPU 61) [0]= 672 [1]= 683 [2]= 625 [3]=   0 [4]=   0 [5]=   0 [6]=   0 [7]=   0 [8]=   0 [9]=   0 [10]=   0 [11]=   0 
before (DPU 62) [0]= 568 [1]= 652 [2]= 653 [3]=   0 [4]=   0 [5]=   0 [6]=   0 [7]=   0 [8]=   0 [9]=   0 [10]=   0 [11]=   0 
after  (DPU 62) [0]= 568 [1]= 652 [2]= 653 [3]=   0 [4]=   0 [5]=   0 [6]=   0 [7]=   0 [8]=   0 [9]=   0 [10]=   0 [11]=   0 
before (DPU 63) [0]= 674 [1]= 619 [2]= 611 [3]=   0 [4]=   0 [5]=   0 [6]=   0 [7]=   0 [8]=   0 [9]=   0 [10]=   0 [11]=   0 
after  (DPU 63) [0]= 674 [1]= 619 [2]= 611 [3]=   0 [4]=   0 [5]=   0 [6]=   0 [7]=   0 [8]=   0 [9]=   0 [10]=   0 [11]=   0 
before (DPU 64) [0]= 654 [1]= 636 [2]= 635 [3]=   0 [4]=   0 [5]=   0 [6]=   0 [7]=   0 [8]=   0 [9]=   0 [10]=   0 [11]=   0 
after  (DPU 64) [0]= 654 [1]= 636 [2]= 635 [3]=   0 [4]=   0 [5]=   0 [6]=   0 [7]=   0 [8]=   0 [9]=   0 [10]=   0 [11]=   0 
before (DPU 65) [0]= 628 [1]= 604 [2]= 605 [3]=   0 [4]=   0 [5]=   0 [6]=   0 [7]=   0 [8]=   0 [9]=   0 [10]=   0 [11]=   0 
after  (DPU 65) [0]= 628 [1]= 604 [2]= 605 [3]=   0 [4]=   0 [5]=   0 [6]=   0 [7]=   0 [8]=   0 [9]=   0 [10]=   0 [11]=   0 
before (DPU 66) [0]= 637 [1]= 601 [2]= 601 [3]=   0 [4]=   0 [5]=   0 [6]=   0 [7]=   0 [8]=   0 [9]=   0 [10]=   0 [11]=   0 
after  (DPU 66) [0]= 637 [1]= 601 [2]= 601 [3]=   0 [4]=   0 [5]=   0 [6]=   0 [7]=   0 [8]=   0 [9]=   0 [10]=   0 [11]=   0 
before (DPU 67) [0]= 624 [1]= 584 [2]= 596 [3]=   0 [4]=   0 [5]=   0 [6]=   0 [7]=   0 [8]=   0 [9]=   0 [10]=   0 [11]=   0 
after  (DPU 67) [0]= 624 [1]= 584 [2]= 596 [3]=   0 [4]=   0 [5]=   0 [6]=   0 [7]=   0 [8]=   0 [9]=   0 [10]=   0 [11]=   0 
before (DPU 68) [0]= 558 [1]= 555 [2]= 590 [3]=   0 [4]=   0 [5]=   0 [6]=   0 [7]=   0 [8]=   0 [9]=   0 [10]=   0 [11]=   0 
after  (DPU 68) [0]= 558 [1]= 555 [2]= 590 [3]=   0 [4]=   0 [5]=   0 [6]=   0 [7]=   0 [8]=   0 [9]=   0 [10]=   0 [11]=   0 
before (DPU 69) [0]= 573 [1]= 550 [2]= 573 [3]=   0 [4]=   0 [5]=   0 [6]=   0 [7]=   0 [8]=   0 [9]=   0 [10]=   0 [11]=   0 
after  (DPU 69) [0]= 573 [1]= 550 [2]= 573 [3]=   0 [4]=   0 [5]=   0 [6]=   0 [7]=   0 [8]=   0 [9]=   0 [10]=   0 [11]=   0 
before (DPU 70) [0]= 601 [1]= 570 [2]= 551 [3]=   0 [4]=   0 [5]=   0 [6]=   0 [7]=   0 [8]=   0 [9]=   0 [10]=   0 [11]=   0 
after  (DPU 70) [0]= 601 [1]= 570 [2]= 551 [3]=   0 [4]=   0 [5]=   0 [6]=   0 [7]=   0 [8]=   0 [9]=   0 [10]=   0 [11]=   0 
before (DPU 71) [0]= 567 [1]= 565 [2]= 553 [3]=   0 [4]=   0 [5]=   0 [6]=   0 [7]=   0 [8]=   0 [9]=   0 [10]=   0 [11]=   0 
after  (DPU 71) [0]= 567 [1]= 565 [2]= 553 [3]=   0 [4]=   0 [5]=   0 [6]=   0 [7]=   0 [8]=   0 [9]=   0 [10]=   0 [11]=   0 
before (DPU 72) [0]= 533 [1]= 539 [2]= 558 [3]=   0 [4]=   0 [5]=   0 [6]=   0 [7]=   0 [8]=   0 [9]=   0 [10]=   0 [11]=   0 
after  (DPU 72) [0]= 533 [1]= 539 [2]= 558 [3]=   0 [4]=   0 [5]=   0 [6]=   0 [7]=   0 [8]=   0 [9]=   0 [10]=   0 [11]=   0 
before (DPU 73) [0]= 599 [1]= 524 [2]= 514 [3]=   0 [4]=   0 [5]=   0 [6]=   0 [7]=   0 [8]=   0 [9]=   0 [10]=   0 [11]=   0 
after  (DPU 73) [0]= 599 [1]= 524 [2]= 514 [3]=   0 [4]=   0 [5]=   0 [6]=   0 [7]=   0 [8]=   0 [9]=   0 [10]=   0 [11]=   0 
before (DPU 74) [0]= 503 [1]= 534 [2]= 511 [3]=   0 [4]=   0 [5]=   0 [6]=   0 [7]=   0 [8]=   0 [9]=   0 [10]=   0 [11]=   0 
after  (DPU 74) [0]= 503 [1]= 534 [2]= 511 [3]=   0 [4]=   0 [5]=   0 [6]=   0 [7]=   0 [8]=   0 [9]=   0 [10]=   0 [11]=   0 
before (DPU 75) [0]= 548 [1]= 558 [2]= 532 [3]=   0 [4]=   0 [5]=   0 [6]=   0 [7]=   0 [8]=   0 [9]=   0 [10]=   0 [11]=   0 
after  (DPU 75) [0]= 548 [1]= 558 [2]= 532 [3]=   0 [4]=   0 [5]=   0 [6]=   0 [7]=   0 [8]=   0 [9]=   0 [10]=   0 [11]=   0 
before (DPU 76) [0]= 524 [1]= 539 [2]= 505 [3]=   0 [4]=   0 [5]=   0 [6]=   0 [7]=   0 [8]=   0 [9]=   0 [10]=   0 [11]=   0 
after  (DPU 76) [0]= 524 [1]= 539 [2]= 505 [3]=   0 [4]=   0 [5]=   0 [6]=   0 [7]=   0 [8]=   0 [9]=   0 [10]=   0 [11]=   0 
before (DPU 77) [0]= 561 [1]= 521 [2]= 553 [3]=   0 [4]=   0 [5]=   0 [6]=   0 [7]=   0 [8]=   0 [9]=   0 [10]=   0 [11]=   0 
after  (DPU 77) [0]= 561 [1]= 521 [2]= 553 [3]=   0 [4]=   0 [5]=   0 [6]=   0 [7]=   0 [8]=   0 [9]=   0 [10]=   0 [11]=   0 
before (DPU 78) [0]= 502 [1]= 483 [2]= 468 [3]=   0 [4]=   0 [5]=   0 [6]=   0 [7]=   0 [8]=   0 [9]=   0 [10]=   0 [11]=   0 
after  (DPU 78) [0]= 502 [1]= 483 [2]= 468 [3]=   0 [4]=   0 [5]=   0 [6]=   0 [7]=   0 [8]=   0 [9]=   0 [10]=   0 [11]=   0 
before (DPU 79) [0]= 496 [1]= 536 [2]= 485 [3]=   0 [4]=   0 [5]=   0 [6]=   0 [7]=   0 [8]=   0 [9]=   0 [10]=   0 [11]=   0 
after  (DPU 79) [0]= 496 [1]= 536 [2]= 485 [3]=   0 [4]=   0 [5]=   0 [6]=   0 [7]=   0 [8]=   0 [9]=   0 [10]=   0 [11]=   0 
before (DPU 80) [0]= 518 [1]= 492 [2]= 519 [3]=   0 [4]=   0 [5]=   0 [6]=   0 [7]=   0 [8]=   0 [9]=   0 [10]=   0 [11]=   0 
after  (DPU 80) [0]= 518 [1]= 492 [2]= 519 [3]=   0 [4]=   0 [5]=   0 [6]=   0 [7]=   0 [8]=   0 [9]=   0 [10]=   0 [11]=   0 
before (DPU 81) [0]= 473 [1]= 500 [2]= 478 [3]=   0 [4]=   0 [5]=   0 [6]=   0 [7]=   0 [8]=   0 [9]=   0 [10]=   0 [11]=   0 
after  (DPU 81) [0]= 473 [1]= 500 [2]= 478 [3]=   0 [4]=   0 [5]=   0 [6]=   0 [7]=   0 [8]=   0 [9]=   0 [10]=   0 [11]=   0 
before (DPU 82) [0]= 516 [1]= 448 [2]= 482 [3]=   0 [4]=   0 [5]=   0 [6]=   0 [7]=   0 [8]=   0 [9]=   0 [10]=   0 [11]=   0 
after  (DPU 82) [0]= 516 [1]= 448 [2]= 482 [3]=   0 [4]=   0 [5]=   0 [6]=   0 [7]=   0 [8]=   0 [9]=   0 [10]=   0 [11]=   0 
before (DPU 83) [0]= 440 [1]= 491 [2]= 464 [3]=   0 [4]=   0 [5]=   0 [6]=   0 [7]=   0 [8]=   0 [9]=   0 [10]=   0 [11]=   0 
after  (DPU 83) [0]= 440 [1]= 491 [2]= 464 [3]=   0 [4]=   0 [5]=   0 [6]=   0 [7]=   0 [8]=   0 [9]=   0 [10]=   0 [11]=   0 
before (DPU 84) [0]= 477 [1]= 475 [2]= 472 [3]=   0 [4]=   0 [5]=   0 [6]=   0 [7]=   0 [8]=   0 [9]=   0 [10]=   0 [11]=   0 
after  (DPU 84) [0]= 477 [1]= 475 [2]= 472 [3]=   0 [4]=   0 [5]=   0 [6]=   0 [7]=   0 [8]=   0 [9]=   0 [10]=   0 [11]=   0 
before (DPU 85) [0]= 476 [1]= 463 [2]= 495 [3]=   0 [4]=   0 [5]=   0 [6]=   0 [7]=   0 [8]=   0 [9]=   0 [10]=   0 [11]=   0 
after  (DPU 85) [0]= 476 [1]= 463 [2]= 495 [3]=   0 [4]=   0 [5]=   0 [6]=   0 [7]=   0 [8]=   0 [9]=   0 [10]=   0 [11]=   0 
before (DPU 86) [0]= 449 [1]= 487 [2]= 465 [3]=   0 [4]=   0 [5]=   0 [6]=   0 [7]=   0 [8]=   0 [9]=   0 [10]=   0 [11]=   0 
after  (DPU 86) [0]= 449 [1]= 487 [2]= 465 [3]=   0 [4]=   0 [5]=   0 [6]=   0 [7]=   0 [8]=   0 [9]=   0 [10]=   0 [11]=   0 
before (DPU 87) [0]= 479 [1]= 454 [2]= 450 [3]=   0 [4]=   0 [5]=   0 [6]=   0 [7]=   0 [8]=   0 [9]=   0 [10]=   0 [11]=   0 
after  (DPU 87) [0]= 479 [1]= 454 [2]= 450 [3]=   0 [4]=   0 [5]=   0 [6]=   0 [7]=   0 [8]=   0 [9]=   0 [10]=   0 [11]=   0 
before (DPU 88) [0]= 461 [1]= 467 [2]= 451 [3]=   0 [4]=   0 [5]=   0 [6]=   0 [7]=   0 [8]=   0 [9]=   0 [10]=   0 [11]=   0 
after  (DPU 88) [0]= 461 [1]= 467 [2]= 451 [3]=   0 [4]=   0 [5]=   0 [6]=   0 [7]=   0 [8]=   0 [9]=   0 [10]=   0 [11]=   0 
before (DPU 89) [0]= 474 [1]= 437 [2]= 438 [3]=   0 [4]=   0 [5]=   0 [6]=   0 [7]=   0 [8]=   0 [9]=   0 [10]=   0 [11]=   0 
after  (DPU 89) [0]= 474 [1]= 437 [2]= 438 [3]=   0 [4]=   0 [5]=   0 [6]=   0 [7]=   0 [8]=   0 [9]=   0 [10]=   0 [11]=   0 
before (DPU 90) [0]= 465 [1]= 407 [2]= 417 [3]=   0 [4]=   0 [5]=   0 [6]=   0 [7]=   0 [8]=   0 [9]=   0 [10]=   0 [11]=   0 
after  (DPU 90) [0]= 465 [1]= 407 [2]= 417 [3]=   0 [4]=   0 [5]=   0 [6]=   0 [7]=   0 [8]=   0 [9]=   0 [10]=   0 [11]=   0 
before (DPU 91) [0]= 434 [1]= 447 [2]= 438 [3]=   0 [4]=   0 [5]=   0 [6]=   0 [7]=   0 [8]=   0 [9]=   0 [10]=   0 [11]=   0 
after  (DPU 91) [0]= 434 [1]= 447 [2]= 438 [3]=   0 [4]=   0 [5]=   0 [6]=   0 [7]=   0 [8]=   0 [9]=   0 [10]=   0 [11]=   0 
before (DPU 92) [0]= 472 [1]= 422 [2]= 401 [3]=   0 [4]=   0 [5]=   0 [6]=   0 [7]=   0 [8]=   0 [9]=   0 [10]=   0 [11]=   0 
after  (DPU 92) [0]= 472 [1]= 422 [2]= 401 [3]=   0 [4]=   0 [5]=   0 [6]=   0 [7]=   0 [8]=   0 [9]=   0 [10]=   0 [11]=   0 
before (DPU 93) [0]= 459 [1]= 452 [2]= 474 [3]=   0 [4]=   0 [5]=   0 [6]=   0 [7]=   0 [8]=   0 [9]=   0 [10]=   0 [11]=   0 
after  (DPU 93) [0]= 459 [1]= 452 [2]= 474 [3]=   0 [4]=   0 [5]=   0 [6]=   0 [7]=   0 [8]=   0 [9]=   0 [10]=   0 [11]=   0 
before (DPU 94) [0]= 448 [1]= 424 [2]= 435 [3]=   0 [4]=   0 [5]=   0 [6]=   0 [7]=   0 [8]=   0 [9]=   0 [10]=   0 [11]=   0 
after  (DPU 94) [0]= 448 [1]= 424 [2]= 435 [3]=   0 [4]=   0 [5]=   0 [6]=   0 [7]=   0 [8]=   0 [9]=   0 [10]=   0 [11]=   0 
before (DPU 95) [0]= 466 [1]= 403 [2]= 422 [3]=   0 [4]=   0 [5]=   0 [6]=   0 [7]=   0 [8]=   0 [9]=   0 [10]=   0 [11]=   0 
after  (DPU 95) [0]= 466 [1]= 403 [2]= 422 [3]=   0 [4]=   0 [5]=   0 [6]=   0 [7]=   0 [8]=   0 [9]=   0 [10]=   0 [11]=   0 
before (DPU 96) [0]= 438 [1]= 375 [2]= 411 [3]=   0 [4]=   0 [5]=   0 [6]=   0 [7]=   0 [8]=   0 [9]=   0 [10]=   0 [11]=   0 
after  (DPU 96) [0]= 438 [1]= 375 [2]= 411 [3]=   0 [4]=   0 [5]=   0 [6]=   0 [7]=   0 [8]=   0 [9]=   0 [10]=   0 [11]=   0 
before (DPU 97) [0]= 412 [1]= 408 [2]= 413 [3]=   0 [4]=   0 [5]=   0 [6]=   0 [7]=   0 [8]=   0 [9]=   0 [10]=   0 [11]=   0 
after  (DPU 97) [0]= 412 [1]= 408 [2]= 413 [3]=   0 [4]=   0 [5]=   0 [6]=   0 [7]=   0 [8]=   0 [9]=   0 [10]=   0 [11]=   0 
before (DPU 98) [0]= 430 [1]= 408 [2]= 440 [3]=   0 [4]=   0 [5]=   0 [6]=   0 [7]=   0 [8]=   0 [9]=   0 [10]=   0 [11]=   0 
after  (DPU 98) [0]= 430 [1]= 408 [2]= 440 [3]=   0 [4]=   0 [5]=   0 [6]=   0 [7]=   0 [8]=   0 [9]=   0 [10]=   0 [11]=   0 
before (DPU 99) [0]= 405 [1]= 440 [2]= 395 [3]=   0 [4]=   0 [5]=   0 [6]=   0 [7]=   0 [8]=   0 [9]=   0 [10]=   0 [11]=   0 
after  (DPU 99) [0]= 405 [1]= 440 [2]= 395 [3]=   0 [4]=   0 [5]=   0 [6]=   0 [7]=   0 [8]=   0 [9]=   0 [10]=   0 [11]=   0 
before (DPU 100) [0]= 407 [1]= 348 [2]= 388 [3]=   0 [4]=   0 [5]=   0 [6]=   0 [7]=   0 [8]=   0 [9]=   0 [10]=   0 [11]=   0 
after  (DPU 100) [0]= 407 [1]= 348 [2]= 388 [3]=   0 [4]=   0 [5]=   0 [6]=   0 [7]=   0 [8]=   0 [9]=   0 [10]=   0 [11]=   0 
before (DPU 101) [0]= 417 [1]= 381 [2]= 415 [3]=   0 [4]=   0 [5]=   0 [6]=   0 [7]=   0 [8]=   0 [9]=   0 [10]=   0 [11]=   0 
after  (DPU 101) [0]= 417 [1]= 381 [2]= 415 [3]=   0 [4]=   0 [5]=   0 [6]=   0 [7]=   0 [8]=   0 [9]=   0 [10]=   0 [11]=   0 
before (DPU 102) [0]= 394 [1]= 397 [2]= 431 [3]=   0 [4]=   0 [5]=   0 [6]=   0 [7]=   0 [8]=   0 [9]=   0 [10]=   0 [11]=   0 
after  (DPU 102) [0]= 394 [1]= 397 [2]= 431 [3]=   0 [4]=   0 [5]=   0 [6]=   0 [7]=   0 [8]=   0 [9]=   0 [10]=   0 [11]=   0 
before (DPU 103) [0]= 369 [1]= 376 [2]= 393 [3]=   0 [4]=   0 [5]=   0 [6]=   0 [7]=   0 [8]=   0 [9]=   0 [10]=   0 [11]=   0 
after  (DPU 103) [0]= 369 [1]= 376 [2]= 393 [3]=   0 [4]=   0 [5]=   0 [6]=   0 [7]=   0 [8]=   0 [9]=   0 [10]=   0 [11]=   0 
before (DPU 104) [0]= 385 [1]= 368 [2]= 399 [3]=   0 [4]=   0 [5]=   0 [6]=   0 [7]=   0 [8]=   0 [9]=   0 [10]=   0 [11]=   0 
after  (DPU 104) [0]= 385 [1]= 368 [2]= 399 [3]=   0 [4]=   0 [5]=   0 [6]=   0 [7]=   0 [8]=   0 [9]=   0 [10]=   0 [11]=   0 
before (DPU 105) [0]= 378 [1]= 340 [2]= 397 [3]=   0 [4]=   0 [5]=   0 [6]=   0 [7]=   0 [8]=   0 [9]=   0 [10]=   0 [11]=   0 
after  (DPU 105) [0]= 378 [1]= 340 [2]= 397 [3]=   0 [4]=   0 [5]=   0 [6]=   0 [7]=   0 [8]=   0 [9]=   0 [10]=   0 [11]=   0 
before (DPU 106) [0]= 392 [1]= 335 [2]= 371 [3]=   0 [4]=   0 [5]=   0 [6]=   0 [7]=   0 [8]=   0 [9]=   0 [10]=   0 [11]=   0 
after  (DPU 106) [0]= 392 [1]= 335 [2]= 371 [3]=   0 [4]=   0 [5]=   0 [6]=   0 [7]=   0 [8]=   0 [9]=   0 [10]=   0 [11]=   0 
before (DPU 107) [0]= 374 [1]= 401 [2]= 344 [3]=   0 [4]=   0 [5]=   0 [6]=   0 [7]=   0 [8]=   0 [9]=   0 [10]=   0 [11]=   0 
after  (DPU 107) [0]= 374 [1]= 401 [2]= 344 [3]=   0 [4]=   0 [5]=   0 [6]=   0 [7]=   0 [8]=   0 [9]=   0 [10]=   0 [11]=   0 
before (DPU 108) [0]= 340 [1]= 367 [2]= 332 [3]=   0 [4]=   0 [5]=   0 [6]=   0 [7]=   0 [8]=   0 [9]=   0 [10]=   0 [11]=   0 
after  (DPU 108) [0]= 340 [1]= 367 [2]= 332 [3]=   0 [4]=   0 [5]=   0 [6]=   0 [7]=   0 [8]=   0 [9]=   0 [10]=   0 [11]=   0 
before (DPU 109) [0]= 380 [1]= 339 [2]= 355 [3]=   0 [4]=   0 [5]=   0 [6]=   0 [7]=   0 [8]=   0 [9]=   0 [10]=   0 [11]=   0 
after  (DPU 109) [0]= 380 [1]= 339 [2]= 355 [3]=   0 [4]=   0 [5]=   0 [6]=   0 [7]=   0 [8]=   0 [9]=   0 [10]=   0 [11]=   0 
before (DPU 110) [0]= 375 [1]= 357 [2]= 364 [3]=   0 [4]=   0 [5]=   0 [6]=   0 [7]=   0 [8]=   0 [9]=   0 [10]=   0 [11]=   0 
after  (DPU 110) [0]= 375 [1]= 357 [2]= 364 [3]=   0 [4]=   0 [5]=   0 [6]=   0 [7]=   0 [8]=   0 [9]=   0 [10]=   0 [11]=   0 
before (DPU 111) [0]= 348 [1]= 361 [2]= 375 [3]=   0 [4]=   0 [5]=   0 [6]=   0 [7]=   0 [8]=   0 [9]=   0 [10]=   0 [11]=   0 
after  (DPU 111) [0]= 348 [1]= 361 [2]= 375 [3]=   0 [4]=   0 [5]=   0 [6]=   0 [7]=   0 [8]=   0 [9]=   0 [10]=   0 [11]=   0 
before (DPU 112) [0]= 354 [1]= 375 [2]= 351 [3]=   0 [4]=   0 [5]=   0 [6]=   0 [7]=   0 [8]=   0 [9]=   0 [10]=   0 [11]=   0 
after  (DPU 112) [0]= 354 [1]= 375 [2]= 351 [3]=   0 [4]=   0 [5]=   0 [6]=   0 [7]=   0 [8]=   0 [9]=   0 [10]=   0 [11]=   0 
before (DPU 113) [0]= 354 [1]= 369 [2]= 367 [3]=   0 [4]=   0 [5]=   0 [6]=   0 [7]=   0 [8]=   0 [9]=   0 [10]=   0 [11]=   0 
after  (DPU 113) [0]= 354 [1]= 369 [2]= 367 [3]=   0 [4]=   0 [5]=   0 [6]=   0 [7]=   0 [8]=   0 [9]=   0 [10]=   0 [11]=   0 
before (DPU 114) [0]= 318 [1]= 359 [2]= 344 [3]=   0 [4]=   0 [5]=   0 [6]=   0 [7]=   0 [8]=   0 [9]=   0 [10]=   0 [11]=   0 
after  (DPU 114) [0]= 318 [1]= 359 [2]= 344 [3]=   0 [4]=   0 [5]=   0 [6]=   0 [7]=   0 [8]=   0 [9]=   0 [10]=   0 [11]=   0 
before (DPU 115) [0]= 353 [1]= 359 [2]= 360 [3]=   0 [4]=   0 [5]=   0 [6]=   0 [7]=   0 [8]=   0 [9]=   0 [10]=   0 [11]=   0 
after  (DPU 115) [0]= 353 [1]= 359 [2]= 360 [3]=   0 [4]=   0 [5]=   0 [6]=   0 [7]=   0 [8]=   0 [9]=   0 [10]=   0 [11]=   0 
before (DPU 116) [0]= 320 [1]= 376 [2]= 336 [3]=   0 [4]=   0 [5]=   0 [6]=   0 [7]=   0 [8]=   0 [9]=   0 [10]=   0 [11]=   0 
after  (DPU 116) [0]= 320 [1]= 376 [2]= 336 [3]=   0 [4]=   0 [5]=   0 [6]=   0 [7]=   0 [8]=   0 [9]=   0 [10]=   0 [11]=   0 
before (DPU 117) [0]= 354 [1]= 380 [2]= 313 [3]=   0 [4]=   0 [5]=   0 [6]=   0 [7]=   0 [8]=   0 [9]=   0 [10]=   0 [11]=   0 
after  (DPU 117) [0]= 354 [1]= 380 [2]= 313 [3]=   0 [4]=   0 [5]=   0 [6]=   0 [7]=   0 [8]=   0 [9]=   0 [10]=   0 [11]=   0 
before (DPU 118) [0]= 343 [1]= 311 [2]= 323 [3]=   0 [4]=   0 [5]=   0 [6]=   0 [7]=   0 [8]=   0 [9]=   0 [10]=   0 [11]=   0 
after  (DPU 118) [0]= 343 [1]= 311 [2]= 323 [3]=   0 [4]=   0 [5]=   0 [6]=   0 [7]=   0 [8]=   0 [9]=   0 [10]=   0 [11]=   0 
before (DPU 119) [0]= 340 [1]= 293 [2]= 323 [3]=   0 [4]=   0 [5]=   0 [6]=   0 [7]=   0 [8]=   0 [9]=   0 [10]=   0 [11]=   0 
after  (DPU 119) [0]= 340 [1]= 293 [2]= 323 [3]=   0 [4]=   0 [5]=   0 [6]=   0 [7]=   0 [8]=   0 [9]=   0 [10]=   0 [11]=   0 
before (DPU 120) [0]= 343 [1]= 323 [2]= 348 [3]=   0 [4]=   0 [5]=   0 [6]=   0 [7]=   0 [8]=   0 [9]=   0 [10]=   0 [11]=   0 
after  (DPU 120) [0]= 343 [1]= 323 [2]= 348 [3]=   0 [4]=   0 [5]=   0 [6]=   0 [7]=   0 [8]=   0 [9]=   0 [10]=   0 [11]=   0 
before (DPU 121) [0]= 316 [1]= 311 [2]= 330 [3]=   0 [4]=   0 [5]=   0 [6]=   0 [7]=   0 [8]=   0 [9]=   0 [10]=   0 [11]=   0 
after  (DPU 121) [0]= 316 [1]= 311 [2]= 330 [3]=   0 [4]=   0 [5]=   0 [6]=   0 [7]=   0 [8]=   0 [9]=   0 [10]=   0 [11]=   0 
before (DPU 122) [0]= 364 [1]= 328 [2]= 333 [3]=   0 [4]=   0 [5]=   0 [6]=   0 [7]=   0 [8]=   0 [9]=   0 [10]=   0 [11]=   0 
after  (DPU 122) [0]= 364 [1]= 328 [2]= 333 [3]=   0 [4]=   0 [5]=   0 [6]=   0 [7]=   0 [8]=   0 [9]=   0 [10]=   0 [11]=   0 
before (DPU 123) [0]= 338 [1]= 319 [2]= 317 [3]=   0 [4]=   0 [5]=   0 [6]=   0 [7]=   0 [8]=   0 [9]=   0 [10]=   0 [11]=   0 
after  (DPU 123) [0]= 338 [1]= 319 [2]= 317 [3]=   0 [4]=   0 [5]=   0 [6]=   0 [7]=   0 [8]=   0 [9]=   0 [10]=   0 [11]=   0 
before (DPU 124) [0]= 345 [1]= 325 [2]= 353 [3]=   0 [4]=   0 [5]=   0 [6]=   0 [7]=   0 [8]=   0 [9]=   0 [10]=   0 [11]=   0 
after  (DPU 124) [0]= 345 [1]= 325 [2]= 353 [3]=   0 [4]=   0 [5]=   0 [6]=   0 [7]=   0 [8]=   0 [9]=   0 [10]=   0 [11]=   0 
before (DPU 125) [0]= 338 [1]= 349 [2]= 336 [3]=   0 [4]=   0 [5]=   0 [6]=   0 [7]=   0 [8]=   0 [9]=   0 [10]=   0 [11]=   0 
after  (DPU 125) [0]= 338 [1]= 349 [2]= 336 [3]=   0 [4]=   0 [5]=   0 [6]=   0 [7]=   0 [8]=   0 [9]=   0 [10]=   0 [11]=   0 
before (DPU 126) [0]= 295 [1]= 322 [2]= 312 [3]=   0 [4]=   0 [5]=   0 [6]=   0 [7]=   0 [8]=   0 [9]=   0 [10]=   0 [11]=   0 
after  (DPU 126) [0]= 295 [1]= 322 [2]= 312 [3]=   0 [4]=   0 [5]=   0 [6]=   0 [7]=   0 [8]=   0 [9]=   0 [10]=   0 [11]=   0 
before (DPU 127) [0]= 299 [1]= 288 [2]= 297 [3]=   0 [4]=   0 [5]=   0 [6]=   0 [7]=   0 [8]=   0 [9]=   0 [10]=   0 [11]=   0 
after  (DPU 127) [0]= 299 [1]= 288 [2]= 297 [3]=   0 [4]=   0 [5]=   0 [6]=   0 [7]=   0 [8]=   0 [9]=   0 [10]=   0 [11]=   0 
before (DPU 128) [0]= 330 [1]= 329 [2]= 326 [3]=   0 [4]=   0 [5]=   0 [6]=   0 [7]=   0 [8]=   0 [9]=   0 [10]=   0 [11]=   0 
after  (DPU 128) [0]= 330 [1]= 329 [2]= 326 [3]=   0 [4]=   0 [5]=   0 [6]=   0 [7]=   0 [8]=   0 [9]=   0 [10]=   0 [11]=   0 
before (DPU 129) [0]= 356 [1]= 296 [2]= 297 [3]=   0 [4]=   0 [5]=   0 [6]=   0 [7]=   0 [8]=   0 [9]=   0 [10]=   0 [11]=   0 
after  (DPU 129) [0]= 356 [1]= 296 [2]= 297 [3]=   0 [4]=   0 [5]=   0 [6]=   0 [7]=   0 [8]=   0 [9]=   0 [10]=   0 [11]=   0 
before (DPU 130) [0]= 321 [1]= 324 [2]= 329 [3]=   0 [4]=   0 [5]=   0 [6]=   0 [7]=   0 [8]=   0 [9]=   0 [10]=   0 [11]=   0 
after  (DPU 130) [0]= 321 [1]= 324 [2]= 329 [3]=   0 [4]=   0 [5]=   0 [6]=   0 [7]=   0 [8]=   0 [9]=   0 [10]=   0 [11]=   0 
before (DPU 131) [0]= 292 [1]= 312 [2]= 317 [3]=   0 [4]=   0 [5]=   0 [6]=   0 [7]=   0 [8]=   0 [9]=   0 [10]=   0 [11]=   0 
after  (DPU 131) [0]= 292 [1]= 312 [2]= 317 [3]=   0 [4]=   0 [5]=   0 [6]=   0 [7]=   0 [8]=   0 [9]=   0 [10]=   0 [11]=   0 
before (DPU 132) [0]= 316 [1]= 312 [2]= 302 [3]=   0 [4]=   0 [5]=   0 [6]=   0 [7]=   0 [8]=   0 [9]=   0 [10]=   0 [11]=   0 
after  (DPU 132) [0]= 316 [1]= 312 [2]= 302 [3]=   0 [4]=   0 [5]=   0 [6]=   0 [7]=   0 [8]=   0 [9]=   0 [10]=   0 [11]=   0 
before (DPU 133) [0]= 320 [1]= 267 [2]= 334 [3]=   0 [4]=   0 [5]=   0 [6]=   0 [7]=   0 [8]=   0 [9]=   0 [10]=   0 [11]=   0 
after  (DPU 133) [0]= 320 [1]= 267 [2]= 334 [3]=   0 [4]=   0 [5]=   0 [6]=   0 [7]=   0 [8]=   0 [9]=   0 [10]=   0 [11]=   0 
before (DPU 134) [0]= 297 [1]= 293 [2]= 293 [3]=   0 [4]=   0 [5]=   0 [6]=   0 [7]=   0 [8]=   0 [9]=   0 [10]=   0 [11]=   0 
after  (DPU 134) [0]= 297 [1]= 293 [2]= 293 [3]=   0 [4]=   0 [5]=   0 [6]=   0 [7]=   0 [8]=   0 [9]=   0 [10]=   0 [11]=   0 
before (DPU 135) [0]= 282 [1]= 297 [2]= 301 [3]=   0 [4]=   0 [5]=   0 [6]=   0 [7]=   0 [8]=   0 [9]=   0 [10]=   0 [11]=   0 
after  (DPU 135) [0]= 282 [1]= 297 [2]= 301 [3]=   0 [4]=   0 [5]=   0 [6]=   0 [7]=   0 [8]=   0 [9]=   0 [10]=   0 [11]=   0 
before (DPU 136) [0]= 310 [1]= 301 [2]= 277 [3]=   0 [4]=   0 [5]=   0 [6]=   0 [7]=   0 [8]=   0 [9]=   0 [10]=   0 [11]=   0 
after  (DPU 136) [0]= 310 [1]= 301 [2]= 277 [3]=   0 [4]=   0 [5]=   0 [6]=   0 [7]=   0 [8]=   0 [9]=   0 [10]=   0 [11]=   0 
before (DPU 137) [0]= 277 [1]= 282 [2]= 267 [3]=   0 [4]=   0 [5]=   0 [6]=   0 [7]=   0 [8]=   0 [9]=   0 [10]=   0 [11]=   0 
after  (DPU 137) [0]= 277 [1]= 282 [2]= 267 [3]=   0 [4]=   0 [5]=   0 [6]=   0 [7]=   0 [8]=   0 [9]=   0 [10]=   0 [11]=   0 
before (DPU 138) [0]= 278 [1]= 334 [2]= 291 [3]=   0 [4]=   0 [5]=   0 [6]=   0 [7]=   0 [8]=   0 [9]=   0 [10]=   0 [11]=   0 
after  (DPU 138) [0]= 278 [1]= 334 [2]= 291 [3]=   0 [4]=   0 [5]=   0 [6]=   0 [7]=   0 [8]=   0 [9]=   0 [10]=   0 [11]=   0 
before (DPU 139) [0]= 274 [1]= 328 [2]= 280 [3]=   0 [4]=   0 [5]=   0 [6]=   0 [7]=   0 [8]=   0 [9]=   0 [10]=   0 [11]=   0 
after  (DPU 139) [0]= 274 [1]= 328 [2]= 280 [3]=   0 [4]=   0 [5]=   0 [6]=   0 [7]=   0 [8]=   0 [9]=   0 [10]=   0 [11]=   0 
before (DPU 140) [0]= 309 [1]= 291 [2]= 330 [3]=   0 [4]=   0 [5]=   0 [6]=   0 [7]=   0 [8]=   0 [9]=   0 [10]=   0 [11]=   0 
after  (DPU 140) [0]= 309 [1]= 291 [2]= 330 [3]=   0 [4]=   0 [5]=   0 [6]=   0 [7]=   0 [8]=   0 [9]=   0 [10]=   0 [11]=   0 
before (DPU 141) [0]= 291 [1]= 260 [2]= 292 [3]=   0 [4]=   0 [5]=   0 [6]=   0 [7]=   0 [8]=   0 [9]=   0 [10]=   0 [11]=   0 
after  (DPU 141) [0]= 291 [1]= 260 [2]= 292 [3]=   0 [4]=   0 [5]=   0 [6]=   0 [7]=   0 [8]=   0 [9]=   0 [10]=   0 [11]=   0 
before (DPU 142) [0]= 280 [1]= 284 [2]= 295 [3]=   0 [4]=   0 [5]=   0 [6]=   0 [7]=   0 [8]=   0 [9]=   0 [10]=   0 [11]=   0 
after  (DPU 142) [0]= 280 [1]= 284 [2]= 295 [3]=   0 [4]=   0 [5]=   0 [6]=   0 [7]=   0 [8]=   0 [9]=   0 [10]=   0 [11]=   0 
before (DPU 143) [0]= 251 [1]= 287 [2]= 282 [3]=   0 [4]=   0 [5]=   0 [6]=   0 [7]=   0 [8]=   0 [9]=   0 [10]=   0 [11]=   0 
after  (DPU 143) [0]= 251 [1]= 287 [2]= 282 [3]=   0 [4]=   0 [5]=   0 [6]=   0 [7]=   0 [8]=   0 [9]=   0 [10]=   0 [11]=   0 
before (DPU 144) [0]= 267 [1]= 257 [2]= 262 [3]=   0 [4]=   0 [5]=   0 [6]=   0 [7]=   0 [8]=   0 [9]=   0 [10]=   0 [11]=   0 
after  (DPU 144) [0]= 267 [1]= 257 [2]= 262 [3]=   0 [4]=   0 [5]=   0 [6]=   0 [7]=   0 [8]=   0 [9]=   0 [10]=   0 [11]=   0 
before (DPU 145) [0]= 265 [1]= 273 [2]= 261 [3]=   0 [4]=   0 [5]=   0 [6]=   0 [7]=   0 [8]=   0 [9]=   0 [10]=   0 [11]=   0 
after  (DPU 145) [0]= 265 [1]= 273 [2]= 261 [3]=   0 [4]=   0 [5]=   0 [6]=   0 [7]=   0 [8]=   0 [9]=   0 [10]=   0 [11]=   0 
before (DPU 146) [0]= 272 [1]= 299 [2]= 288 [3]=   0 [4]=   0 [5]=   0 [6]=   0 [7]=   0 [8]=   0 [9]=   0 [10]=   0 [11]=   0 
after  (DPU 146) [0]= 272 [1]= 299 [2]= 288 [3]=   0 [4]=   0 [5]=   0 [6]=   0 [7]=   0 [8]=   0 [9]=   0 [10]=   0 [11]=   0 
before (DPU 147) [0]= 304 [1]= 291 [2]= 258 [3]=   0 [4]=   0 [5]=   0 [6]=   0 [7]=   0 [8]=   0 [9]=   0 [10]=   0 [11]=   0 
after  (DPU 147) [0]= 304 [1]= 291 [2]= 258 [3]=   0 [4]=   0 [5]=   0 [6]=   0 [7]=   0 [8]=   0 [9]=   0 [10]=   0 [11]=   0 
before (DPU 148) [0]= 291 [1]= 291 [2]= 300 [3]=   0 [4]=   0 [5]=   0 [6]=   0 [7]=   0 [8]=   0 [9]=   0 [10]=   0 [11]=   0 
after  (DPU 148) [0]= 291 [1]= 291 [2]= 300 [3]=   0 [4]=   0 [5]=   0 [6]=   0 [7]=   0 [8]=   0 [9]=   0 [10]=   0 [11]=   0 
before (DPU 149) [0]= 266 [1]= 250 [2]= 245 [3]=   0 [4]=   0 [5]=   0 [6]=   0 [7]=   0 [8]=   0 [9]=   0 [10]=   0 [11]=   0 
after  (DPU 149) [0]= 266 [1]= 250 [2]= 245 [3]=   0 [4]=   0 [5]=   0 [6]=   0 [7]=   0 [8]=   0 [9]=   0 [10]=   0 [11]=   0 
before (DPU 150) [0]= 277 [1]= 272 [2]= 238 [3]=   0 [4]=   0 [5]=   0 [6]=   0 [7]=   0 [8]=   0 [9]=   0 [10]=   0 [11]=   0 
after  (DPU 150) [0]= 277 [1]= 272 [2]= 238 [3]=   0 [4]=   0 [5]=   0 [6]=   0 [7]=   0 [8]=   0 [9]=   0 [10]=   0 [11]=   0 
before (DPU 151) [0]= 295 [1]= 270 [2]= 266 [3]=   0 [4]=   0 [5]=   0 [6]=   0 [7]=   0 [8]=   0 [9]=   0 [10]=   0 [11]=   0 
after  (DPU 151) [0]= 295 [1]= 270 [2]= 266 [3]=   0 [4]=   0 [5]=   0 [6]=   0 [7]=   0 [8]=   0 [9]=   0 [10]=   0 [11]=   0 
before (DPU 152) [0]= 258 [1]= 282 [2]= 266 [3]=   0 [4]=   0 [5]=   0 [6]=   0 [7]=   0 [8]=   0 [9]=   0 [10]=   0 [11]=   0 
after  (DPU 152) [0]= 258 [1]= 282 [2]= 266 [3]=   0 [4]=   0 [5]=   0 [6]=   0 [7]=   0 [8]=   0 [9]=   0 [10]=   0 [11]=   0 
before (DPU 153) [0]= 255 [1]= 273 [2]= 257 [3]=   0 [4]=   0 [5]=   0 [6]=   0 [7]=   0 [8]=   0 [9]=   0 [10]=   0 [11]=   0 
after  (DPU 153) [0]= 255 [1]= 273 [2]= 257 [3]=   0 [4]=   0 [5]=   0 [6]=   0 [7]=   0 [8]=   0 [9]=   0 [10]=   0 [11]=   0 
before (DPU 154) [0]= 272 [1]= 275 [2]= 279 [3]=   0 [4]=   0 [5]=   0 [6]=   0 [7]=   0 [8]=   0 [9]=   0 [10]=   0 [11]=   0 
after  (DPU 154) [0]= 272 [1]= 275 [2]= 279 [3]=   0 [4]=   0 [5]=   0 [6]=   0 [7]=   0 [8]=   0 [9]=   0 [10]=   0 [11]=   0 
before (DPU 155) [0]= 254 [1]= 273 [2]= 253 [3]=   0 [4]=   0 [5]=   0 [6]=   0 [7]=   0 [8]=   0 [9]=   0 [10]=   0 [11]=   0 
after  (DPU 155) [0]= 254 [1]= 273 [2]= 253 [3]=   0 [4]=   0 [5]=   0 [6]=   0 [7]=   0 [8]=   0 [9]=   0 [10]=   0 [11]=   0 
before (DPU 156) [0]= 242 [1]= 275 [2]= 246 [3]=   0 [4]=   0 [5]=   0 [6]=   0 [7]=   0 [8]=   0 [9]=   0 [10]=   0 [11]=   0 
after  (DPU 156) [0]= 242 [1]= 275 [2]= 246 [3]=   0 [4]=   0 [5]=   0 [6]=   0 [7]=   0 [8]=   0 [9]=   0 [10]=   0 [11]=   0 
before (DPU 157) [0]= 270 [1]= 243 [2]= 253 [3]=   0 [4]=   0 [5]=   0 [6]=   0 [7]=   0 [8]=   0 [9]=   0 [10]=   0 [11]=   0 
after  (DPU 157) [0]= 270 [1]= 243 [2]= 253 [3]=   0 [4]=   0 [5]=   0 [6]=   0 [7]=   0 [8]=   0 [9]=   0 [10]=   0 [11]=   0 
before (DPU 158) [0]= 252 [1]= 250 [2]= 251 [3]=   0 [4]=   0 [5]=   0 [6]=   0 [7]=   0 [8]=   0 [9]=   0 [10]=   0 [11]=   0 
after  (DPU 158) [0]= 252 [1]= 250 [2]= 251 [3]=   0 [4]=   0 [5]=   0 [6]=   0 [7]=   0 [8]=   0 [9]=   0 [10]=   0 [11]=   0 
before (DPU 159) [0]= 261 [1]= 275 [2]= 313 [3]=   0 [4]=   0 [5]=   0 [6]=   0 [7]=   0 [8]=   0 [9]=   0 [10]=   0 [11]=   0 
after  (DPU 159) [0]= 261 [1]= 275 [2]= 313 [3]=   0 [4]=   0 [5]=   0 [6]=   0 [7]=   0 [8]=   0 [9]=   0 [10]=   0 [11]=   0 
before (DPU 160) [0]= 244 [1]= 237 [2]= 243 [3]=   0 [4]=   0 [5]=   0 [6]=   0 [7]=   0 [8]=   0 [9]=   0 [10]=   0 [11]=   0 
after  (DPU 160) [0]= 244 [1]= 237 [2]= 243 [3]=   0 [4]=   0 [5]=   0 [6]=   0 [7]=   0 [8]=   0 [9]=   0 [10]=   0 [11]=   0 
before (DPU 161) [0]= 268 [1]= 265 [2]= 241 [3]=   0 [4]=   0 [5]=   0 [6]=   0 [7]=   0 [8]=   0 [9]=   0 [10]=   0 [11]=   0 
after  (DPU 161) [0]= 268 [1]= 265 [2]= 241 [3]=   0 [4]=   0 [5]=   0 [6]=   0 [7]=   0 [8]=   0 [9]=   0 [10]=   0 [11]=   0 
before (DPU 162) [0]= 244 [1]= 254 [2]= 253 [3]=   0 [4]=   0 [5]=   0 [6]=   0 [7]=   0 [8]=   0 [9]=   0 [10]=   0 [11]=   0 
after  (DPU 162) [0]= 244 [1]= 254 [2]= 253 [3]=   0 [4]=   0 [5]=   0 [6]=   0 [7]=   0 [8]=   0 [9]=   0 [10]=   0 [11]=   0 
before (DPU 163) [0]= 220 [1]= 245 [2]= 263 [3]=   0 [4]=   0 [5]=   0 [6]=   0 [7]=   0 [8]=   0 [9]=   0 [10]=   0 [11]=   0 
after  (DPU 163) [0]= 220 [1]= 245 [2]= 263 [3]=   0 [4]=   0 [5]=   0 [6]=   0 [7]=   0 [8]=   0 [9]=   0 [10]=   0 [11]=   0 
before (DPU 164) [0]= 215 [1]= 231 [2]= 245 [3]=   0 [4]=   0 [5]=   0 [6]=   0 [7]=   0 [8]=   0 [9]=   0 [10]=   0 [11]=   0 
after  (DPU 164) [0]= 215 [1]= 231 [2]= 245 [3]=   0 [4]=   0 [5]=   0 [6]=   0 [7]=   0 [8]=   0 [9]=   0 [10]=   0 [11]=   0 
before (DPU 165) [0]= 258 [1]= 220 [2]= 253 [3]=   0 [4]=   0 [5]=   0 [6]=   0 [7]=   0 [8]=   0 [9]=   0 [10]=   0 [11]=   0 
after  (DPU 165) [0]= 258 [1]= 220 [2]= 253 [3]=   0 [4]=   0 [5]=   0 [6]=   0 [7]=   0 [8]=   0 [9]=   0 [10]=   0 [11]=   0 
before (DPU 166) [0]= 247 [1]= 268 [2]= 236 [3]=   0 [4]=   0 [5]=   0 [6]=   0 [7]=   0 [8]=   0 [9]=   0 [10]=   0 [11]=   0 
after  (DPU 166) [0]= 247 [1]= 268 [2]= 236 [3]=   0 [4]=   0 [5]=   0 [6]=   0 [7]=   0 [8]=   0 [9]=   0 [10]=   0 [11]=   0 
before (DPU 167) [0]= 241 [1]= 248 [2]= 234 [3]=   0 [4]=   0 [5]=   0 [6]=   0 [7]=   0 [8]=   0 [9]=   0 [10]=   0 [11]=   0 
after  (DPU 167) [0]= 241 [1]= 248 [2]= 234 [3]=   0 [4]=   0 [5]=   0 [6]=   0 [7]=   0 [8]=   0 [9]=   0 [10]=   0 [11]=   0 
before (DPU 168) [0]= 242 [1]= 248 [2]= 236 [3]=   0 [4]=   0 [5]=   0 [6]=   0 [7]=   0 [8]=   0 [9]=   0 [10]=   0 [11]=   0 
after  (DPU 168) [0]= 242 [1]= 248 [2]= 236 [3]=   0 [4]=   0 [5]=   0 [6]=   0 [7]=   0 [8]=   0 [9]=   0 [10]=   0 [11]=   0 
before (DPU 169) [0]= 236 [1]= 225 [2]= 233 [3]=   0 [4]=   0 [5]=   0 [6]=   0 [7]=   0 [8]=   0 [9]=   0 [10]=   0 [11]=   0 
after  (DPU 169) [0]= 236 [1]= 225 [2]= 233 [3]=   0 [4]=   0 [5]=   0 [6]=   0 [7]=   0 [8]=   0 [9]=   0 [10]=   0 [11]=   0 
before (DPU 170) [0]= 220 [1]= 244 [2]= 247 [3]=   0 [4]=   0 [5]=   0 [6]=   0 [7]=   0 [8]=   0 [9]=   0 [10]=   0 [11]=   0 
after  (DPU 170) [0]= 220 [1]= 244 [2]= 247 [3]=   0 [4]=   0 [5]=   0 [6]=   0 [7]=   0 [8]=   0 [9]=   0 [10]=   0 [11]=   0 
before (DPU 171) [0]= 256 [1]= 216 [2]= 225 [3]=   0 [4]=   0 [5]=   0 [6]=   0 [7]=   0 [8]=   0 [9]=   0 [10]=   0 [11]=   0 
after  (DPU 171) [0]= 256 [1]= 216 [2]= 225 [3]=   0 [4]=   0 [5]=   0 [6]=   0 [7]=   0 [8]=   0 [9]=   0 [10]=   0 [11]=   0 
before (DPU 172) [0]= 253 [1]= 228 [2]= 243 [3]=   0 [4]=   0 [5]=   0 [6]=   0 [7]=   0 [8]=   0 [9]=   0 [10]=   0 [11]=   0 
after  (DPU 172) [0]= 253 [1]= 228 [2]= 243 [3]=   0 [4]=   0 [5]=   0 [6]=   0 [7]=   0 [8]=   0 [9]=   0 [10]=   0 [11]=   0 
before (DPU 173) [0]= 234 [1]= 248 [2]= 260 [3]=   0 [4]=   0 [5]=   0 [6]=   0 [7]=   0 [8]=   0 [9]=   0 [10]=   0 [11]=   0 
after  (DPU 173) [0]= 234 [1]= 248 [2]= 260 [3]=   0 [4]=   0 [5]=   0 [6]=   0 [7]=   0 [8]=   0 [9]=   0 [10]=   0 [11]=   0 
before (DPU 174) [0]= 224 [1]= 235 [2]= 235 [3]=   0 [4]=   0 [5]=   0 [6]=   0 [7]=   0 [8]=   0 [9]=   0 [10]=   0 [11]=   0 
after  (DPU 174) [0]= 224 [1]= 235 [2]= 235 [3]=   0 [4]=   0 [5]=   0 [6]=   0 [7]=   0 [8]=   0 [9]=   0 [10]=   0 [11]=   0 
before (DPU 175) [0]= 235 [1]= 220 [2]= 237 [3]=   0 [4]=   0 [5]=   0 [6]=   0 [7]=   0 [8]=   0 [9]=   0 [10]=   0 [11]=   0 
after  (DPU 175) [0]= 235 [1]= 220 [2]= 237 [3]=   0 [4]=   0 [5]=   0 [6]=   0 [7]=   0 [8]=   0 [9]=   0 [10]=   0 [11]=   0 
before (DPU 176) [0]= 247 [1]= 256 [2]= 243 [3]=   0 [4]=   0 [5]=   0 [6]=   0 [7]=   0 [8]=   0 [9]=   0 [10]=   0 [11]=   0 
after  (DPU 176) [0]= 247 [1]= 256 [2]= 243 [3]=   0 [4]=   0 [5]=   0 [6]=   0 [7]=   0 [8]=   0 [9]=   0 [10]=   0 [11]=   0 
before (DPU 177) [0]= 233 [1]= 226 [2]= 236 [3]=   0 [4]=   0 [5]=   0 [6]=   0 [7]=   0 [8]=   0 [9]=   0 [10]=   0 [11]=   0 
after  (DPU 177) [0]= 233 [1]= 226 [2]= 236 [3]=   0 [4]=   0 [5]=   0 [6]=   0 [7]=   0 [8]=   0 [9]=   0 [10]=   0 [11]=   0 
before (DPU 178) [0]= 220 [1]= 227 [2]= 213 [3]=   0 [4]=   0 [5]=   0 [6]=   0 [7]=   0 [8]=   0 [9]=   0 [10]=   0 [11]=   0 
after  (DPU 178) [0]= 220 [1]= 227 [2]= 213 [3]=   0 [4]=   0 [5]=   0 [6]=   0 [7]=   0 [8]=   0 [9]=   0 [10]=   0 [11]=   0 
before (DPU 179) [0]= 227 [1]= 231 [2]= 217 [3]=   0 [4]=   0 [5]=   0 [6]=   0 [7]=   0 [8]=   0 [9]=   0 [10]=   0 [11]=   0 
after  (DPU 179) [0]= 227 [1]= 231 [2]= 217 [3]=   0 [4]=   0 [5]=   0 [6]=   0 [7]=   0 [8]=   0 [9]=   0 [10]=   0 [11]=   0 
before (DPU 180) [0]= 200 [1]= 213 [2]= 248 [3]=   0 [4]=   0 [5]=   0 [6]=   0 [7]=   0 [8]=   0 [9]=   0 [10]=   0 [11]=   0 
after  (DPU 180) [0]= 200 [1]= 213 [2]= 248 [3]=   0 [4]=   0 [5]=   0 [6]=   0 [7]=   0 [8]=   0 [9]=   0 [10]=   0 [11]=   0 
before (DPU 181) [0]= 238 [1]= 214 [2]= 221 [3]=   0 [4]=   0 [5]=   0 [6]=   0 [7]=   0 [8]=   0 [9]=   0 [10]=   0 [11]=   0 
after  (DPU 181) [0]= 238 [1]= 214 [2]= 221 [3]=   0 [4]=   0 [5]=   0 [6]=   0 [7]=   0 [8]=   0 [9]=   0 [10]=   0 [11]=   0 
before (DPU 182) [0]= 199 [1]= 218 [2]= 219 [3]=   0 [4]=   0 [5]=   0 [6]=   0 [7]=   0 [8]=   0 [9]=   0 [10]=   0 [11]=   0 
after  (DPU 182) [0]= 199 [1]= 218 [2]= 219 [3]=   0 [4]=   0 [5]=   0 [6]=   0 [7]=   0 [8]=   0 [9]=   0 [10]=   0 [11]=   0 
before (DPU 183) [0]= 207 [1]= 204 [2]= 210 [3]=   0 [4]=   0 [5]=   0 [6]=   0 [7]=   0 [8]=   0 [9]=   0 [10]=   0 [11]=   0 
after  (DPU 183) [0]= 207 [1]= 204 [2]= 210 [3]=   0 [4]=   0 [5]=   0 [6]=   0 [7]=   0 [8]=   0 [9]=   0 [10]=   0 [11]=   0 
before (DPU 184) [0]= 240 [1]= 199 [2]= 237 [3]=   0 [4]=   0 [5]=   0 [6]=   0 [7]=   0 [8]=   0 [9]=   0 [10]=   0 [11]=   0 
after  (DPU 184) [0]= 240 [1]= 199 [2]= 237 [3]=   0 [4]=   0 [5]=   0 [6]=   0 [7]=   0 [8]=   0 [9]=   0 [10]=   0 [11]=   0 
before (DPU 185) [0]= 249 [1]= 234 [2]= 201 [3]=   0 [4]=   0 [5]=   0 [6]=   0 [7]=   0 [8]=   0 [9]=   0 [10]=   0 [11]=   0 
after  (DPU 185) [0]= 249 [1]= 234 [2]= 201 [3]=   0 [4]=   0 [5]=   0 [6]=   0 [7]=   0 [8]=   0 [9]=   0 [10]=   0 [11]=   0 
before (DPU 186) [0]= 200 [1]= 231 [2]= 191 [3]=   0 [4]=   0 [5]=   0 [6]=   0 [7]=   0 [8]=   0 [9]=   0 [10]=   0 [11]=   0 
after  (DPU 186) [0]= 200 [1]= 231 [2]= 191 [3]=   0 [4]=   0 [5]=   0 [6]=   0 [7]=   0 [8]=   0 [9]=   0 [10]=   0 [11]=   0 
before (DPU 187) [0]= 199 [1]= 234 [2]= 219 [3]=   0 [4]=   0 [5]=   0 [6]=   0 [7]=   0 [8]=   0 [9]=   0 [10]=   0 [11]=   0 
after  (DPU 187) [0]= 199 [1]= 234 [2]= 219 [3]=   0 [4]=   0 [5]=   0 [6]=   0 [7]=   0 [8]=   0 [9]=   0 [10]=   0 [11]=   0 
before (DPU 188) [0]= 229 [1]= 199 [2]= 218 [3]=   0 [4]=   0 [5]=   0 [6]=   0 [7]=   0 [8]=   0 [9]=   0 [10]=   0 [11]=   0 
after  (DPU 188) [0]= 229 [1]= 199 [2]= 218 [3]=   0 [4]=   0 [5]=   0 [6]=   0 [7]=   0 [8]=   0 [9]=   0 [10]=   0 [11]=   0 
before (DPU 189) [0]= 217 [1]= 222 [2]= 209 [3]=   0 [4]=   0 [5]=   0 [6]=   0 [7]=   0 [8]=   0 [9]=   0 [10]=   0 [11]=   0 
after  (DPU 189) [0]= 217 [1]= 222 [2]= 209 [3]=   0 [4]=   0 [5]=   0 [6]=   0 [7]=   0 [8]=   0 [9]=   0 [10]=   0 [11]=   0 
before (DPU 190) [0]= 221 [1]= 212 [2]= 191 [3]=   0 [4]=   0 [5]=   0 [6]=   0 [7]=   0 [8]=   0 [9]=   0 [10]=   0 [11]=   0 
after  (DPU 190) [0]= 221 [1]= 212 [2]= 191 [3]=   0 [4]=   0 [5]=   0 [6]=   0 [7]=   0 [8]=   0 [9]=   0 [10]=   0 [11]=   0 
before (DPU 191) [0]= 225 [1]= 207 [2]= 204 [3]=   0 [4]=   0 [5]=   0 [6]=   0 [7]=   0 [8]=   0 [9]=   0 [10]=   0 [11]=   0 
after  (DPU 191) [0]= 225 [1]= 207 [2]= 204 [3]=   0 [4]=   0 [5]=   0 [6]=   0 [7]=   0 [8]=   0 [9]=   0 [10]=   0 [11]=   0 
before (DPU 192) [0]= 201 [1]= 231 [2]= 198 [3]=   0 [4]=   0 [5]=   0 [6]=   0 [7]=   0 [8]=   0 [9]=   0 [10]=   0 [11]=   0 
after  (DPU 192) [0]= 201 [1]= 231 [2]= 198 [3]=   0 [4]=   0 [5]=   0 [6]=   0 [7]=   0 [8]=   0 [9]=   0 [10]=   0 [11]=   0 
before (DPU 193) [0]= 199 [1]= 191 [2]= 211 [3]=   0 [4]=   0 [5]=   0 [6]=   0 [7]=   0 [8]=   0 [9]=   0 [10]=   0 [11]=   0 
after  (DPU 193) [0]= 199 [1]= 191 [2]= 211 [3]=   0 [4]=   0 [5]=   0 [6]=   0 [7]=   0 [8]=   0 [9]=   0 [10]=   0 [11]=   0 
before (DPU 194) [0]= 196 [1]= 193 [2]= 206 [3]=   0 [4]=   0 [5]=   0 [6]=   0 [7]=   0 [8]=   0 [9]=   0 [10]=   0 [11]=   0 
after  (DPU 194) [0]= 196 [1]= 193 [2]= 206 [3]=   0 [4]=   0 [5]=   0 [6]=   0 [7]=   0 [8]=   0 [9]=   0 [10]=   0 [11]=   0 
before (DPU 195) [0]= 195 [1]= 210 [2]= 200 [3]=   0 [4]=   0 [5]=   0 [6]=   0 [7]=   0 [8]=   0 [9]=   0 [10]=   0 [11]=   0 
after  (DPU 195) [0]= 195 [1]= 210 [2]= 200 [3]=   0 [4]=   0 [5]=   0 [6]=   0 [7]=   0 [8]=   0 [9]=   0 [10]=   0 [11]=   0 
before (DPU 196) [0]= 211 [1]= 191 [2]= 214 [3]=   0 [4]=   0 [5]=   0 [6]=   0 [7]=   0 [8]=   0 [9]=   0 [10]=   0 [11]=   0 
after  (DPU 196) [0]= 211 [1]= 191 [2]= 214 [3]=   0 [4]=   0 [5]=   0 [6]=   0 [7]=   0 [8]=   0 [9]=   0 [10]=   0 [11]=   0 
before (DPU 197) [0]= 193 [1]= 185 [2]= 228 [3]=   0 [4]=   0 [5]=   0 [6]=   0 [7]=   0 [8]=   0 [9]=   0 [10]=   0 [11]=   0 
after  (DPU 197) [0]= 193 [1]= 185 [2]= 228 [3]=   0 [4]=   0 [5]=   0 [6]=   0 [7]=   0 [8]=   0 [9]=   0 [10]=   0 [11]=   0 
before (DPU 198) [0]= 218 [1]= 198 [2]= 233 [3]=   0 [4]=   0 [5]=   0 [6]=   0 [7]=   0 [8]=   0 [9]=   0 [10]=   0 [11]=   0 
after  (DPU 198) [0]= 218 [1]= 198 [2]= 233 [3]=   0 [4]=   0 [5]=   0 [6]=   0 [7]=   0 [8]=   0 [9]=   0 [10]=   0 [11]=   0 
before (DPU 199) [0]= 215 [1]= 210 [2]= 189 [3]=   0 [4]=   0 [5]=   0 [6]=   0 [7]=   0 [8]=   0 [9]=   0 [10]=   0 [11]=   0 
after  (DPU 199) [0]= 215 [1]= 210 [2]= 189 [3]=   0 [4]=   0 [5]=   0 [6]=   0 [7]=   0 [8]=   0 [9]=   0 [10]=   0 [11]=   0 
before (DPU 200) [0]= 220 [1]= 220 [2]= 189 [3]=   0 [4]=   0 [5]=   0 [6]=   0 [7]=   0 [8]=   0 [9]=   0 [10]=   0 [11]=   0 
after  (DPU 200) [0]= 220 [1]= 220 [2]= 189 [3]=   0 [4]=   0 [5]=   0 [6]=   0 [7]=   0 [8]=   0 [9]=   0 [10]=   0 [11]=   0 
before (DPU 201) [0]= 216 [1]= 221 [2]= 208 [3]=   0 [4]=   0 [5]=   0 [6]=   0 [7]=   0 [8]=   0 [9]=   0 [10]=   0 [11]=   0 
after  (DPU 201) [0]= 216 [1]= 221 [2]= 208 [3]=   0 [4]=   0 [5]=   0 [6]=   0 [7]=   0 [8]=   0 [9]=   0 [10]=   0 [11]=   0 
before (DPU 202) [0]= 206 [1]= 182 [2]= 201 [3]=   0 [4]=   0 [5]=   0 [6]=   0 [7]=   0 [8]=   0 [9]=   0 [10]=   0 [11]=   0 
after  (DPU 202) [0]= 206 [1]= 182 [2]= 201 [3]=   0 [4]=   0 [5]=   0 [6]=   0 [7]=   0 [8]=   0 [9]=   0 [10]=   0 [11]=   0 
before (DPU 203) [0]= 207 [1]= 184 [2]= 186 [3]=   0 [4]=   0 [5]=   0 [6]=   0 [7]=   0 [8]=   0 [9]=   0 [10]=   0 [11]=   0 
after  (DPU 203) [0]= 207 [1]= 184 [2]= 186 [3]=   0 [4]=   0 [5]=   0 [6]=   0 [7]=   0 [8]=   0 [9]=   0 [10]=   0 [11]=   0 
before (DPU 204) [0]= 165 [1]= 168 [2]= 196 [3]=   0 [4]=   0 [5]=   0 [6]=   0 [7]=   0 [8]=   0 [9]=   0 [10]=   0 [11]=   0 
after  (DPU 204) [0]= 165 [1]= 168 [2]= 196 [3]=   0 [4]=   0 [5]=   0 [6]=   0 [7]=   0 [8]=   0 [9]=   0 [10]=   0 [11]=   0 
before (DPU 205) [0]= 221 [1]= 192 [2]= 177 [3]=   0 [4]=   0 [5]=   0 [6]=   0 [7]=   0 [8]=   0 [9]=   0 [10]=   0 [11]=   0 
after  (DPU 205) [0]= 221 [1]= 192 [2]= 177 [3]=   0 [4]=   0 [5]=   0 [6]=   0 [7]=   0 [8]=   0 [9]=   0 [10]=   0 [11]=   0 
before (DPU 206) [0]= 202 [1]= 202 [2]= 198 [3]=   0 [4]=   0 [5]=   0 [6]=   0 [7]=   0 [8]=   0 [9]=   0 [10]=   0 [11]=   0 
after  (DPU 206) [0]= 202 [1]= 202 [2]= 198 [3]=   0 [4]=   0 [5]=   0 [6]=   0 [7]=   0 [8]=   0 [9]=   0 [10]=   0 [11]=   0 
before (DPU 207) [0]= 203 [1]= 190 [2]= 213 [3]=   0 [4]=   0 [5]=   0 [6]=   0 [7]=   0 [8]=   0 [9]=   0 [10]=   0 [11]=   0 
after  (DPU 207) [0]= 203 [1]= 190 [2]= 213 [3]=   0 [4]=   0 [5]=   0 [6]=   0 [7]=   0 [8]=   0 [9]=   0 [10]=   0 [11]=   0 
before (DPU 208) [0]= 183 [1]= 193 [2]= 189 [3]=   0 [4]=   0 [5]=   0 [6]=   0 [7]=   0 [8]=   0 [9]=   0 [10]=   0 [11]=   0 
after  (DPU 208) [0]= 183 [1]= 193 [2]= 189 [3]=   0 [4]=   0 [5]=   0 [6]=   0 [7]=   0 [8]=   0 [9]=   0 [10]=   0 [11]=   0 
before (DPU 209) [0]= 171 [1]= 199 [2]= 205 [3]=   0 [4]=   0 [5]=   0 [6]=   0 [7]=   0 [8]=   0 [9]=   0 [10]=   0 [11]=   0 
after  (DPU 209) [0]= 171 [1]= 199 [2]= 205 [3]=   0 [4]=   0 [5]=   0 [6]=   0 [7]=   0 [8]=   0 [9]=   0 [10]=   0 [11]=   0 
before (DPU 210) [0]= 171 [1]= 182 [2]= 210 [3]=   0 [4]=   0 [5]=   0 [6]=   0 [7]=   0 [8]=   0 [9]=   0 [10]=   0 [11]=   0 
after  (DPU 210) [0]= 171 [1]= 182 [2]= 210 [3]=   0 [4]=   0 [5]=   0 [6]=   0 [7]=   0 [8]=   0 [9]=   0 [10]=   0 [11]=   0 
before (DPU 211) [0]= 188 [1]= 186 [2]= 198 [3]=   0 [4]=   0 [5]=   0 [6]=   0 [7]=   0 [8]=   0 [9]=   0 [10]=   0 [11]=   0 
after  (DPU 211) [0]= 188 [1]= 186 [2]= 198 [3]=   0 [4]=   0 [5]=   0 [6]=   0 [7]=   0 [8]=   0 [9]=   0 [10]=   0 [11]=   0 
before (DPU 212) [0]= 203 [1]= 178 [2]= 160 [3]=   0 [4]=   0 [5]=   0 [6]=   0 [7]=   0 [8]=   0 [9]=   0 [10]=   0 [11]=   0 
after  (DPU 212) [0]= 203 [1]= 178 [2]= 160 [3]=   0 [4]=   0 [5]=   0 [6]=   0 [7]=   0 [8]=   0 [9]=   0 [10]=   0 [11]=   0 
before (DPU 213) [0]= 190 [1]= 179 [2]= 209 [3]=   0 [4]=   0 [5]=   0 [6]=   0 [7]=   0 [8]=   0 [9]=   0 [10]=   0 [11]=   0 
after  (DPU 213) [0]= 190 [1]= 179 [2]= 209 [3]=   0 [4]=   0 [5]=   0 [6]=   0 [7]=   0 [8]=   0 [9]=   0 [10]=   0 [11]=   0 
before (DPU 214) [0]= 177 [1]= 193 [2]= 205 [3]=   0 [4]=   0 [5]=   0 [6]=   0 [7]=   0 [8]=   0 [9]=   0 [10]=   0 [11]=   0 
after  (DPU 214) [0]= 177 [1]= 193 [2]= 205 [3]=   0 [4]=   0 [5]=   0 [6]=   0 [7]=   0 [8]=   0 [9]=   0 [10]=   0 [11]=   0 
before (DPU 215) [0]= 173 [1]= 182 [2]= 192 [3]=   0 [4]=   0 [5]=   0 [6]=   0 [7]=   0 [8]=   0 [9]=   0 [10]=   0 [11]=   0 
after  (DPU 215) [0]= 173 [1]= 182 [2]= 192 [3]=   0 [4]=   0 [5]=   0 [6]=   0 [7]=   0 [8]=   0 [9]=   0 [10]=   0 [11]=   0 
before (DPU 216) [0]= 202 [1]= 187 [2]= 168 [3]=   0 [4]=   0 [5]=   0 [6]=   0 [7]=   0 [8]=   0 [9]=   0 [10]=   0 [11]=   0 
after  (DPU 216) [0]= 202 [1]= 187 [2]= 168 [3]=   0 [4]=   0 [5]=   0 [6]=   0 [7]=   0 [8]=   0 [9]=   0 [10]=   0 [11]=   0 
before (DPU 217) [0]= 161 [1]= 172 [2]= 169 [3]=   0 [4]=   0 [5]=   0 [6]=   0 [7]=   0 [8]=   0 [9]=   0 [10]=   0 [11]=   0 
after  (DPU 217) [0]= 161 [1]= 172 [2]= 169 [3]=   0 [4]=   0 [5]=   0 [6]=   0 [7]=   0 [8]=   0 [9]=   0 [10]=   0 [11]=   0 
before (DPU 218) [0]= 193 [1]= 174 [2]= 198 [3]=   0 [4]=   0 [5]=   0 [6]=   0 [7]=   0 [8]=   0 [9]=   0 [10]=   0 [11]=   0 
after  (DPU 218) [0]= 193 [1]= 174 [2]= 198 [3]=   0 [4]=   0 [5]=   0 [6]=   0 [7]=   0 [8]=   0 [9]=   0 [10]=   0 [11]=   0 
before (DPU 219) [0]= 197 [1]= 188 [2]= 210 [3]=   0 [4]=   0 [5]=   0 [6]=   0 [7]=   0 [8]=   0 [9]=   0 [10]=   0 [11]=   0 
after  (DPU 219) [0]= 197 [1]= 188 [2]= 210 [3]=   0 [4]=   0 [5]=   0 [6]=   0 [7]=   0 [8]=   0 [9]=   0 [10]=   0 [11]=   0 
before (DPU 220) [0]= 198 [1]= 189 [2]= 194 [3]=   0 [4]=   0 [5]=   0 [6]=   0 [7]=   0 [8]=   0 [9]=   0 [10]=   0 [11]=   0 
after  (DPU 220) [0]= 198 [1]= 189 [2]= 194 [3]=   0 [4]=   0 [5]=   0 [6]=   0 [7]=   0 [8]=   0 [9]=   0 [10]=   0 [11]=   0 
before (DPU 221) [0]= 201 [1]= 177 [2]= 182 [3]=   0 [4]=   0 [5]=   0 [6]=   0 [7]=   0 [8]=   0 [9]=   0 [10]=   0 [11]=   0 
after  (DPU 221) [0]= 201 [1]= 177 [2]= 182 [3]=   0 [4]=   0 [5]=   0 [6]=   0 [7]=   0 [8]=   0 [9]=   0 [10]=   0 [11]=   0 
before (DPU 222) [0]= 178 [1]= 174 [2]= 205 [3]=   0 [4]=   0 [5]=   0 [6]=   0 [7]=   0 [8]=   0 [9]=   0 [10]=   0 [11]=   0 
after  (DPU 222) [0]= 178 [1]= 174 [2]= 205 [3]=   0 [4]=   0 [5]=   0 [6]=   0 [7]=   0 [8]=   0 [9]=   0 [10]=   0 [11]=   0 
before (DPU 223) [0]= 178 [1]= 163 [2]= 192 [3]=   0 [4]=   0 [5]=   0 [6]=   0 [7]=   0 [8]=   0 [9]=   0 [10]=   0 [11]=   0 
after  (DPU 223) [0]= 178 [1]= 163 [2]= 192 [3]=   0 [4]=   0 [5]=   0 [6]=   0 [7]=   0 [8]=   0 [9]=   0 [10]=   0 [11]=   0 
before (DPU 224) [0]= 170 [1]= 162 [2]= 183 [3]=   0 [4]=   0 [5]=   0 [6]=   0 [7]=   0 [8]=   0 [9]=   0 [10]=   0 [11]=   0 
after  (DPU 224) [0]= 170 [1]= 162 [2]= 183 [3]=   0 [4]=   0 [5]=   0 [6]=   0 [7]=   0 [8]=   0 [9]=   0 [10]=   0 [11]=   0 
before (DPU 225) [0]= 180 [1]= 184 [2]= 169 [3]=   0 [4]=   0 [5]=   0 [6]=   0 [7]=   0 [8]=   0 [9]=   0 [10]=   0 [11]=   0 
after  (DPU 225) [0]= 180 [1]= 184 [2]= 169 [3]=   0 [4]=   0 [5]=   0 [6]=   0 [7]=   0 [8]=   0 [9]=   0 [10]=   0 [11]=   0 
before (DPU 226) [0]= 150 [1]= 162 [2]= 174 [3]=   0 [4]=   0 [5]=   0 [6]=   0 [7]=   0 [8]=   0 [9]=   0 [10]=   0 [11]=   0 
after  (DPU 226) [0]= 150 [1]= 162 [2]= 174 [3]=   0 [4]=   0 [5]=   0 [6]=   0 [7]=   0 [8]=   0 [9]=   0 [10]=   0 [11]=   0 
before (DPU 227) [0]= 203 [1]= 197 [2]= 172 [3]=   0 [4]=   0 [5]=   0 [6]=   0 [7]=   0 [8]=   0 [9]=   0 [10]=   0 [11]=   0 
after  (DPU 227) [0]= 203 [1]= 197 [2]= 172 [3]=   0 [4]=   0 [5]=   0 [6]=   0 [7]=   0 [8]=   0 [9]=   0 [10]=   0 [11]=   0 
before (DPU 228) [0]= 153 [1]= 194 [2]= 173 [3]=   0 [4]=   0 [5]=   0 [6]=   0 [7]=   0 [8]=   0 [9]=   0 [10]=   0 [11]=   0 
after  (DPU 228) [0]= 153 [1]= 194 [2]= 173 [3]=   0 [4]=   0 [5]=   0 [6]=   0 [7]=   0 [8]=   0 [9]=   0 [10]=   0 [11]=   0 
before (DPU 229) [0]= 196 [1]= 170 [2]= 174 [3]=   0 [4]=   0 [5]=   0 [6]=   0 [7]=   0 [8]=   0 [9]=   0 [10]=   0 [11]=   0 
after  (DPU 229) [0]= 196 [1]= 170 [2]= 174 [3]=   0 [4]=   0 [5]=   0 [6]=   0 [7]=   0 [8]=   0 [9]=   0 [10]=   0 [11]=   0 
before (DPU 230) [0]= 194 [1]= 195 [2]= 204 [3]=   0 [4]=   0 [5]=   0 [6]=   0 [7]=   0 [8]=   0 [9]=   0 [10]=   0 [11]=   0 
after  (DPU 230) [0]= 194 [1]= 195 [2]= 204 [3]=   0 [4]=   0 [5]=   0 [6]=   0 [7]=   0 [8]=   0 [9]=   0 [10]=   0 [11]=   0 
before (DPU 231) [0]= 180 [1]= 178 [2]= 169 [3]=   0 [4]=   0 [5]=   0 [6]=   0 [7]=   0 [8]=   0 [9]=   0 [10]=   0 [11]=   0 
after  (DPU 231) [0]= 180 [1]= 178 [2]= 169 [3]=   0 [4]=   0 [5]=   0 [6]=   0 [7]=   0 [8]=   0 [9]=   0 [10]=   0 [11]=   0 
before (DPU 232) [0]= 179 [1]= 185 [2]= 168 [3]=   0 [4]=   0 [5]=   0 [6]=   0 [7]=   0 [8]=   0 [9]=   0 [10]=   0 [11]=   0 
after  (DPU 232) [0]= 179 [1]= 185 [2]= 168 [3]=   0 [4]=   0 [5]=   0 [6]=   0 [7]=   0 [8]=   0 [9]=   0 [10]=   0 [11]=   0 
before (DPU 233) [0]= 185 [1]= 181 [2]= 182 [3]=   0 [4]=   0 [5]=   0 [6]=   0 [7]=   0 [8]=   0 [9]=   0 [10]=   0 [11]=   0 
after  (DPU 233) [0]= 185 [1]= 181 [2]= 182 [3]=   0 [4]=   0 [5]=   0 [6]=   0 [7]=   0 [8]=   0 [9]=   0 [10]=   0 [11]=   0 
before (DPU 234) [0]= 166 [1]= 185 [2]= 162 [3]=   0 [4]=   0 [5]=   0 [6]=   0 [7]=   0 [8]=   0 [9]=   0 [10]=   0 [11]=   0 
after  (DPU 234) [0]= 166 [1]= 185 [2]= 162 [3]=   0 [4]=   0 [5]=   0 [6]=   0 [7]=   0 [8]=   0 [9]=   0 [10]=   0 [11]=   0 
before (DPU 235) [0]= 181 [1]= 156 [2]= 184 [3]=   0 [4]=   0 [5]=   0 [6]=   0 [7]=   0 [8]=   0 [9]=   0 [10]=   0 [11]=   0 
after  (DPU 235) [0]= 181 [1]= 156 [2]= 184 [3]=   0 [4]=   0 [5]=   0 [6]=   0 [7]=   0 [8]=   0 [9]=   0 [10]=   0 [11]=   0 
before (DPU 236) [0]= 161 [1]= 180 [2]= 179 [3]=   0 [4]=   0 [5]=   0 [6]=   0 [7]=   0 [8]=   0 [9]=   0 [10]=   0 [11]=   0 
after  (DPU 236) [0]= 161 [1]= 180 [2]= 179 [3]=   0 [4]=   0 [5]=   0 [6]=   0 [7]=   0 [8]=   0 [9]=   0 [10]=   0 [11]=   0 
before (DPU 237) [0]= 154 [1]= 152 [2]= 174 [3]=   0 [4]=   0 [5]=   0 [6]=   0 [7]=   0 [8]=   0 [9]=   0 [10]=   0 [11]=   0 
after  (DPU 237) [0]= 154 [1]= 152 [2]= 174 [3]=   0 [4]=   0 [5]=   0 [6]=   0 [7]=   0 [8]=   0 [9]=   0 [10]=   0 [11]=   0 
before (DPU 238) [0]= 159 [1]= 158 [2]= 139 [3]=   0 [4]=   0 [5]=   0 [6]=   0 [7]=   0 [8]=   0 [9]=   0 [10]=   0 [11]=   0 
after  (DPU 238) [0]= 159 [1]= 158 [2]= 139 [3]=   0 [4]=   0 [5]=   0 [6]=   0 [7]=   0 [8]=   0 [9]=   0 [10]=   0 [11]=   0 
before (DPU 239) [0]= 188 [1]= 174 [2]= 176 [3]=   0 [4]=   0 [5]=   0 [6]=   0 [7]=   0 [8]=   0 [9]=   0 [10]=   0 [11]=   0 
after  (DPU 239) [0]= 188 [1]= 174 [2]= 176 [3]=   0 [4]=   0 [5]=   0 [6]=   0 [7]=   0 [8]=   0 [9]=   0 [10]=   0 [11]=   0 
before (DPU 240) [0]= 162 [1]= 173 [2]= 178 [3]=   0 [4]=   0 [5]=   0 [6]=   0 [7]=   0 [8]=   0 [9]=   0 [10]=   0 [11]=   0 
after  (DPU 240) [0]= 162 [1]= 173 [2]= 178 [3]=   0 [4]=   0 [5]=   0 [6]=   0 [7]=   0 [8]=   0 [9]=   0 [10]=   0 [11]=   0 
before (DPU 241) [0]= 166 [1]= 150 [2]= 159 [3]=   0 [4]=   0 [5]=   0 [6]=   0 [7]=   0 [8]=   0 [9]=   0 [10]=   0 [11]=   0 
after  (DPU 241) [0]= 166 [1]= 150 [2]= 159 [3]=   0 [4]=   0 [5]=   0 [6]=   0 [7]=   0 [8]=   0 [9]=   0 [10]=   0 [11]=   0 
before (DPU 242) [0]= 195 [1]= 161 [2]= 149 [3]=   0 [4]=   0 [5]=   0 [6]=   0 [7]=   0 [8]=   0 [9]=   0 [10]=   0 [11]=   0 
after  (DPU 242) [0]= 195 [1]= 161 [2]= 149 [3]=   0 [4]=   0 [5]=   0 [6]=   0 [7]=   0 [8]=   0 [9]=   0 [10]=   0 [11]=   0 
before (DPU 243) [0]= 173 [1]= 154 [2]= 178 [3]=   0 [4]=   0 [5]=   0 [6]=   0 [7]=   0 [8]=   0 [9]=   0 [10]=   0 [11]=   0 
after  (DPU 243) [0]= 173 [1]= 154 [2]= 178 [3]=   0 [4]=   0 [5]=   0 [6]=   0 [7]=   0 [8]=   0 [9]=   0 [10]=   0 [11]=   0 
before (DPU 244) [0]= 161 [1]= 168 [2]= 187 [3]=   0 [4]=   0 [5]=   0 [6]=   0 [7]=   0 [8]=   0 [9]=   0 [10]=   0 [11]=   0 
after  (DPU 244) [0]= 161 [1]= 168 [2]= 187 [3]=   0 [4]=   0 [5]=   0 [6]=   0 [7]=   0 [8]=   0 [9]=   0 [10]=   0 [11]=   0 
before (DPU 245) [0]= 154 [1]= 142 [2]= 169 [3]=   0 [4]=   0 [5]=   0 [6]=   0 [7]=   0 [8]=   0 [9]=   0 [10]=   0 [11]=   0 
after  (DPU 245) [0]= 154 [1]= 142 [2]= 169 [3]=   0 [4]=   0 [5]=   0 [6]=   0 [7]=   0 [8]=   0 [9]=   0 [10]=   0 [11]=   0 
before (DPU 246) [0]= 150 [1]= 154 [2]= 166 [3]=   0 [4]=   0 [5]=   0 [6]=   0 [7]=   0 [8]=   0 [9]=   0 [10]=   0 [11]=   0 
after  (DPU 246) [0]= 150 [1]= 154 [2]= 166 [3]=   0 [4]=   0 [5]=   0 [6]=   0 [7]=   0 [8]=   0 [9]=   0 [10]=   0 [11]=   0 
before (DPU 247) [0]= 162 [1]= 182 [2]= 185 [3]=   0 [4]=   0 [5]=   0 [6]=   0 [7]=   0 [8]=   0 [9]=   0 [10]=   0 [11]=   0 
after  (DPU 247) [0]= 162 [1]= 182 [2]= 185 [3]=   0 [4]=   0 [5]=   0 [6]=   0 [7]=   0 [8]=   0 [9]=   0 [10]=   0 [11]=   0 
before (DPU 248) [0]= 160 [1]= 173 [2]= 179 [3]=   0 [4]=   0 [5]=   0 [6]=   0 [7]=   0 [8]=   0 [9]=   0 [10]=   0 [11]=   0 
after  (DPU 248) [0]= 160 [1]= 173 [2]= 179 [3]=   0 [4]=   0 [5]=   0 [6]=   0 [7]=   0 [8]=   0 [9]=   0 [10]=   0 [11]=   0 
before (DPU 249) [0]= 160 [1]= 173 [2]= 157 [3]=   0 [4]=   0 [5]=   0 [6]=   0 [7]=   0 [8]=   0 [9]=   0 [10]=   0 [11]=   0 
after  (DPU 249) [0]= 160 [1]= 173 [2]= 157 [3]=   0 [4]=   0 [5]=   0 [6]=   0 [7]=   0 [8]=   0 [9]=   0 [10]=   0 [11]=   0 
before (DPU 250) [0]= 163 [1]= 183 [2]= 167 [3]=   0 [4]=   0 [5]=   0 [6]=   0 [7]=   0 [8]=   0 [9]=   0 [10]=   0 [11]=   0 
after  (DPU 250) [0]= 163 [1]= 183 [2]= 167 [3]=   0 [4]=   0 [5]=   0 [6]=   0 [7]=   0 [8]=   0 [9]=   0 [10]=   0 [11]=   0 
before (DPU 251) [0]= 159 [1]= 164 [2]= 177 [3]=   0 [4]=   0 [5]=   0 [6]=   0 [7]=   0 [8]=   0 [9]=   0 [10]=   0 [11]=   0 
after  (DPU 251) [0]= 159 [1]= 164 [2]= 177 [3]=   0 [4]=   0 [5]=   0 [6]=   0 [7]=   0 [8]=   0 [9]=   0 [10]=   0 [11]=   0 
before (DPU 252) [0]= 173 [1]= 158 [2]= 180 [3]=   0 [4]=   0 [5]=   0 [6]=   0 [7]=   0 [8]=   0 [9]=   0 [10]=   0 [11]=   0 
after  (DPU 252) [0]= 173 [1]= 158 [2]= 180 [3]=   0 [4]=   0 [5]=   0 [6]=   0 [7]=   0 [8]=   0 [9]=   0 [10]=   0 [11]=   0 
before (DPU 253) [0]= 170 [1]= 167 [2]= 167 [3]=   0 [4]=   0 [5]=   0 [6]=   0 [7]=   0 [8]=   0 [9]=   0 [10]=   0 [11]=   0 
after  (DPU 253) [0]= 170 [1]= 167 [2]= 167 [3]=   0 [4]=   0 [5]=   0 [6]=   0 [7]=   0 [8]=   0 [9]=   0 [10]=   0 [11]=   0 
before (DPU 254) [0]= 177 [1]= 169 [2]= 163 [3]=   0 [4]=   0 [5]=   0 [6]=   0 [7]=   0 [8]=   0 [9]=   0 [10]=   0 [11]=   0 
after  (DPU 254) [0]= 177 [1]= 169 [2]= 163 [3]=   0 [4]=   0 [5]=   0 [6]=   0 [7]=   0 [8]=   0 [9]=   0 [10]=   0 [11]=   0 
before (DPU 255) [0]= 141 [1]= 141 [2]= 185 [3]=   0 [4]=   0 [5]=   0 [6]=   0 [7]=   0 [8]=   0 [9]=   0 [10]=   0 [11]=   0 
after  (DPU 255) [0]= 141 [1]= 141 [2]= 185 [3]=   0 [4]=   0 [5]=   0 [6]=   0 [7]=   0 [8]=   0 [9]=   0 [10]=   0 [11]=   0 
before (DPU 256) [0]= 179 [1]= 161 [2]= 171 [3]=   0 [4]=   0 [5]=   0 [6]=   0 [7]=   0 [8]=   0 [9]=   0 [10]=   0 [11]=   0 
after  (DPU 256) [0]= 179 [1]= 161 [2]= 171 [3]=   0 [4]=   0 [5]=   0 [6]=   0 [7]=   0 [8]=   0 [9]=   0 [10]=   0 [11]=   0 
before (DPU 257) [0]= 172 [1]= 157 [2]= 175 [3]=   0 [4]=   0 [5]=   0 [6]=   0 [7]=   0 [8]=   0 [9]=   0 [10]=   0 [11]=   0 
after  (DPU 257) [0]= 172 [1]= 157 [2]= 175 [3]=   0 [4]=   0 [5]=   0 [6]=   0 [7]=   0 [8]=   0 [9]=   0 [10]=   0 [11]=   0 
before (DPU 258) [0]= 149 [1]= 142 [2]= 161 [3]=   0 [4]=   0 [5]=   0 [6]=   0 [7]=   0 [8]=   0 [9]=   0 [10]=   0 [11]=   0 
after  (DPU 258) [0]= 149 [1]= 142 [2]= 161 [3]=   0 [4]=   0 [5]=   0 [6]=   0 [7]=   0 [8]=   0 [9]=   0 [10]=   0 [11]=   0 
before (DPU 259) [0]= 148 [1]= 177 [2]= 154 [3]=   0 [4]=   0 [5]=   0 [6]=   0 [7]=   0 [8]=   0 [9]=   0 [10]=   0 [11]=   0 
after  (DPU 259) [0]= 148 [1]= 177 [2]= 154 [3]=   0 [4]=   0 [5]=   0 [6]=   0 [7]=   0 [8]=   0 [9]=   0 [10]=   0 [11]=   0 
before (DPU 260) [0]= 184 [1]= 153 [2]= 158 [3]=   0 [4]=   0 [5]=   0 [6]=   0 [7]=   0 [8]=   0 [9]=   0 [10]=   0 [11]=   0 
after  (DPU 260) [0]= 184 [1]= 153 [2]= 158 [3]=   0 [4]=   0 [5]=   0 [6]=   0 [7]=   0 [8]=   0 [9]=   0 [10]=   0 [11]=   0 
before (DPU 261) [0]= 142 [1]= 137 [2]= 142 [3]=   0 [4]=   0 [5]=   0 [6]=   0 [7]=   0 [8]=   0 [9]=   0 [10]=   0 [11]=   0 
after  (DPU 261) [0]= 142 [1]= 137 [2]= 142 [3]=   0 [4]=   0 [5]=   0 [6]=   0 [7]=   0 [8]=   0 [9]=   0 [10]=   0 [11]=   0 
before (DPU 262) [0]= 157 [1]= 139 [2]= 159 [3]=   0 [4]=   0 [5]=   0 [6]=   0 [7]=   0 [8]=   0 [9]=   0 [10]=   0 [11]=   0 
after  (DPU 262) [0]= 157 [1]= 139 [2]= 159 [3]=   0 [4]=   0 [5]=   0 [6]=   0 [7]=   0 [8]=   0 [9]=   0 [10]=   0 [11]=   0 
before (DPU 263) [0]= 156 [1]= 145 [2]= 166 [3]=   0 [4]=   0 [5]=   0 [6]=   0 [7]=   0 [8]=   0 [9]=   0 [10]=   0 [11]=   0 
after  (DPU 263) [0]= 156 [1]= 145 [2]= 166 [3]=   0 [4]=   0 [5]=   0 [6]=   0 [7]=   0 [8]=   0 [9]=   0 [10]=   0 [11]=   0 
before (DPU 264) [0]= 173 [1]= 145 [2]= 150 [3]=   0 [4]=   0 [5]=   0 [6]=   0 [7]=   0 [8]=   0 [9]=   0 [10]=   0 [11]=   0 
after  (DPU 264) [0]= 173 [1]= 145 [2]= 150 [3]=   0 [4]=   0 [5]=   0 [6]=   0 [7]=   0 [8]=   0 [9]=   0 [10]=   0 [11]=   0 
before (DPU 265) [0]= 156 [1]= 155 [2]= 151 [3]=   0 [4]=   0 [5]=   0 [6]=   0 [7]=   0 [8]=   0 [9]=   0 [10]=   0 [11]=   0 
after  (DPU 265) [0]= 156 [1]= 155 [2]= 151 [3]=   0 [4]=   0 [5]=   0 [6]=   0 [7]=   0 [8]=   0 [9]=   0 [10]=   0 [11]=   0 
before (DPU 266) [0]= 140 [1]= 151 [2]= 149 [3]=   0 [4]=   0 [5]=   0 [6]=   0 [7]=   0 [8]=   0 [9]=   0 [10]=   0 [11]=   0 
after  (DPU 266) [0]= 140 [1]= 151 [2]= 149 [3]=   0 [4]=   0 [5]=   0 [6]=   0 [7]=   0 [8]=   0 [9]=   0 [10]=   0 [11]=   0 
before (DPU 267) [0]= 138 [1]= 152 [2]= 138 [3]=   0 [4]=   0 [5]=   0 [6]=   0 [7]=   0 [8]=   0 [9]=   0 [10]=   0 [11]=   0 
after  (DPU 267) [0]= 138 [1]= 152 [2]= 138 [3]=   0 [4]=   0 [5]=   0 [6]=   0 [7]=   0 [8]=   0 [9]=   0 [10]=   0 [11]=   0 
before (DPU 268) [0]= 166 [1]= 148 [2]= 164 [3]=   0 [4]=   0 [5]=   0 [6]=   0 [7]=   0 [8]=   0 [9]=   0 [10]=   0 [11]=   0 
after  (DPU 268) [0]= 166 [1]= 148 [2]= 164 [3]=   0 [4]=   0 [5]=   0 [6]=   0 [7]=   0 [8]=   0 [9]=   0 [10]=   0 [11]=   0 
before (DPU 269) [0]= 158 [1]= 145 [2]= 151 [3]=   0 [4]=   0 [5]=   0 [6]=   0 [7]=   0 [8]=   0 [9]=   0 [10]=   0 [11]=   0 
after  (DPU 269) [0]= 158 [1]= 145 [2]= 151 [3]=   0 [4]=   0 [5]=   0 [6]=   0 [7]=   0 [8]=   0 [9]=   0 [10]=   0 [11]=   0 
before (DPU 270) [0]= 153 [1]= 139 [2]= 183 [3]=   0 [4]=   0 [5]=   0 [6]=   0 [7]=   0 [8]=   0 [9]=   0 [10]=   0 [11]=   0 
after  (DPU 270) [0]= 153 [1]= 139 [2]= 183 [3]=   0 [4]=   0 [5]=   0 [6]=   0 [7]=   0 [8]=   0 [9]=   0 [10]=   0 [11]=   0 
before (DPU 271) [0]= 147 [1]= 169 [2]= 132 [3]=   0 [4]=   0 [5]=   0 [6]=   0 [7]=   0 [8]=   0 [9]=   0 [10]=   0 [11]=   0 
after  (DPU 271) [0]= 147 [1]= 169 [2]= 132 [3]=   0 [4]=   0 [5]=   0 [6]=   0 [7]=   0 [8]=   0 [9]=   0 [10]=   0 [11]=   0 
before (DPU 272) [0]= 177 [1]= 141 [2]= 139 [3]=   0 [4]=   0 [5]=   0 [6]=   0 [7]=   0 [8]=   0 [9]=   0 [10]=   0 [11]=   0 
after  (DPU 272) [0]= 177 [1]= 141 [2]= 139 [3]=   0 [4]=   0 [5]=   0 [6]=   0 [7]=   0 [8]=   0 [9]=   0 [10]=   0 [11]=   0 
before (DPU 273) [0]= 153 [1]= 156 [2]= 150 [3]=   0 [4]=   0 [5]=   0 [6]=   0 [7]=   0 [8]=   0 [9]=   0 [10]=   0 [11]=   0 
after  (DPU 273) [0]= 153 [1]= 156 [2]= 150 [3]=   0 [4]=   0 [5]=   0 [6]=   0 [7]=   0 [8]=   0 [9]=   0 [10]=   0 [11]=   0 
before (DPU 274) [0]= 168 [1]= 151 [2]= 152 [3]=   0 [4]=   0 [5]=   0 [6]=   0 [7]=   0 [8]=   0 [9]=   0 [10]=   0 [11]=   0 
after  (DPU 274) [0]= 168 [1]= 151 [2]= 152 [3]=   0 [4]=   0 [5]=   0 [6]=   0 [7]=   0 [8]=   0 [9]=   0 [10]=   0 [11]=   0 
before (DPU 275) [0]= 151 [1]= 157 [2]= 129 [3]=   0 [4]=   0 [5]=   0 [6]=   0 [7]=   0 [8]=   0 [9]=   0 [10]=   0 [11]=   0 
after  (DPU 275) [0]= 151 [1]= 157 [2]= 129 [3]=   0 [4]=   0 [5]=   0 [6]=   0 [7]=   0 [8]=   0 [9]=   0 [10]=   0 [11]=   0 
before (DPU 276) [0]= 173 [1]= 155 [2]= 152 [3]=   0 [4]=   0 [5]=   0 [6]=   0 [7]=   0 [8]=   0 [9]=   0 [10]=   0 [11]=   0 
after  (DPU 276) [0]= 173 [1]= 155 [2]= 152 [3]=   0 [4]=   0 [5]=   0 [6]=   0 [7]=   0 [8]=   0 [9]=   0 [10]=   0 [11]=   0 
before (DPU 277) [0]= 132 [1]= 153 [2]= 137 [3]=   0 [4]=   0 [5]=   0 [6]=   0 [7]=   0 [8]=   0 [9]=   0 [10]=   0 [11]=   0 
after  (DPU 277) [0]= 132 [1]= 153 [2]= 137 [3]=   0 [4]=   0 [5]=   0 [6]=   0 [7]=   0 [8]=   0 [9]=   0 [10]=   0 [11]=   0 
before (DPU 278) [0]= 136 [1]= 129 [2]= 146 [3]=   0 [4]=   0 [5]=   0 [6]=   0 [7]=   0 [8]=   0 [9]=   0 [10]=   0 [11]=   0 
after  (DPU 278) [0]= 136 [1]= 129 [2]= 146 [3]=   0 [4]=   0 [5]=   0 [6]=   0 [7]=   0 [8]=   0 [9]=   0 [10]=   0 [11]=   0 
before (DPU 279) [0]= 130 [1]= 145 [2]= 144 [3]=   0 [4]=   0 [5]=   0 [6]=   0 [7]=   0 [8]=   0 [9]=   0 [10]=   0 [11]=   0 
after  (DPU 279) [0]= 130 [1]= 145 [2]= 144 [3]=   0 [4]=   0 [5]=   0 [6]=   0 [7]=   0 [8]=   0 [9]=   0 [10]=   0 [11]=   0 
before (DPU 280) [0]= 166 [1]= 145 [2]= 138 [3]=   0 [4]=   0 [5]=   0 [6]=   0 [7]=   0 [8]=   0 [9]=   0 [10]=   0 [11]=   0 
after  (DPU 280) [0]= 166 [1]= 145 [2]= 138 [3]=   0 [4]=   0 [5]=   0 [6]=   0 [7]=   0 [8]=   0 [9]=   0 [10]=   0 [11]=   0 
before (DPU 281) [0]= 110 [1]= 136 [2]= 144 [3]=   0 [4]=   0 [5]=   0 [6]=   0 [7]=   0 [8]=   0 [9]=   0 [10]=   0 [11]=   0 
after  (DPU 281) [0]= 110 [1]= 136 [2]= 144 [3]=   0 [4]=   0 [5]=   0 [6]=   0 [7]=   0 [8]=   0 [9]=   0 [10]=   0 [11]=   0 
before (DPU 282) [0]= 139 [1]= 144 [2]= 136 [3]=   0 [4]=   0 [5]=   0 [6]=   0 [7]=   0 [8]=   0 [9]=   0 [10]=   0 [11]=   0 
after  (DPU 282) [0]= 139 [1]= 144 [2]= 136 [3]=   0 [4]=   0 [5]=   0 [6]=   0 [7]=   0 [8]=   0 [9]=   0 [10]=   0 [11]=   0 
before (DPU 283) [0]= 150 [1]= 132 [2]= 144 [3]=   0 [4]=   0 [5]=   0 [6]=   0 [7]=   0 [8]=   0 [9]=   0 [10]=   0 [11]=   0 
after  (DPU 283) [0]= 150 [1]= 132 [2]= 144 [3]=   0 [4]=   0 [5]=   0 [6]=   0 [7]=   0 [8]=   0 [9]=   0 [10]=   0 [11]=   0 
before (DPU 284) [0]= 147 [1]= 171 [2]= 153 [3]=   0 [4]=   0 [5]=   0 [6]=   0 [7]=   0 [8]=   0 [9]=   0 [10]=   0 [11]=   0 
after  (DPU 284) [0]= 147 [1]= 171 [2]= 153 [3]=   0 [4]=   0 [5]=   0 [6]=   0 [7]=   0 [8]=   0 [9]=   0 [10]=   0 [11]=   0 
before (DPU 285) [0]= 134 [1]= 157 [2]= 127 [3]=   0 [4]=   0 [5]=   0 [6]=   0 [7]=   0 [8]=   0 [9]=   0 [10]=   0 [11]=   0 
after  (DPU 285) [0]= 134 [1]= 157 [2]= 127 [3]=   0 [4]=   0 [5]=   0 [6]=   0 [7]=   0 [8]=   0 [9]=   0 [10]=   0 [11]=   0 
before (DPU 286) [0]= 129 [1]= 147 [2]= 123 [3]=   0 [4]=   0 [5]=   0 [6]=   0 [7]=   0 [8]=   0 [9]=   0 [10]=   0 [11]=   0 
after  (DPU 286) [0]= 129 [1]= 147 [2]= 123 [3]=   0 [4]=   0 [5]=   0 [6]=   0 [7]=   0 [8]=   0 [9]=   0 [10]=   0 [11]=   0 
before (DPU 287) [0]= 158 [1]= 130 [2]= 151 [3]=   0 [4]=   0 [5]=   0 [6]=   0 [7]=   0 [8]=   0 [9]=   0 [10]=   0 [11]=   0 
after  (DPU 287) [0]= 158 [1]= 130 [2]= 151 [3]=   0 [4]=   0 [5]=   0 [6]=   0 [7]=   0 [8]=   0 [9]=   0 [10]=   0 [11]=   0 
before (DPU 288) [0]= 138 [1]= 159 [2]= 133 [3]=   0 [4]=   0 [5]=   0 [6]=   0 [7]=   0 [8]=   0 [9]=   0 [10]=   0 [11]=   0 
after  (DPU 288) [0]= 138 [1]= 159 [2]= 133 [3]=   0 [4]=   0 [5]=   0 [6]=   0 [7]=   0 [8]=   0 [9]=   0 [10]=   0 [11]=   0 
before (DPU 289) [0]= 128 [1]= 133 [2]= 132 [3]=   0 [4]=   0 [5]=   0 [6]=   0 [7]=   0 [8]=   0 [9]=   0 [10]=   0 [11]=   0 
after  (DPU 289) [0]= 128 [1]= 133 [2]= 132 [3]=   0 [4]=   0 [5]=   0 [6]=   0 [7]=   0 [8]=   0 [9]=   0 [10]=   0 [11]=   0 
before (DPU 290) [0]= 132 [1]= 126 [2]= 146 [3]=   0 [4]=   0 [5]=   0 [6]=   0 [7]=   0 [8]=   0 [9]=   0 [10]=   0 [11]=   0 
after  (DPU 290) [0]= 132 [1]= 126 [2]= 146 [3]=   0 [4]=   0 [5]=   0 [6]=   0 [7]=   0 [8]=   0 [9]=   0 [10]=   0 [11]=   0 
before (DPU 291) [0]= 134 [1]= 124 [2]= 142 [3]=   0 [4]=   0 [5]=   0 [6]=   0 [7]=   0 [8]=   0 [9]=   0 [10]=   0 [11]=   0 
after  (DPU 291) [0]= 134 [1]= 124 [2]= 142 [3]=   0 [4]=   0 [5]=   0 [6]=   0 [7]=   0 [8]=   0 [9]=   0 [10]=   0 [11]=   0 
before (DPU 292) [0]= 129 [1]= 136 [2]= 138 [3]=   0 [4]=   0 [5]=   0 [6]=   0 [7]=   0 [8]=   0 [9]=   0 [10]=   0 [11]=   0 
after  (DPU 292) [0]= 129 [1]= 136 [2]= 138 [3]=   0 [4]=   0 [5]=   0 [6]=   0 [7]=   0 [8]=   0 [9]=   0 [10]=   0 [11]=   0 
before (DPU 293) [0]= 142 [1]= 139 [2]= 156 [3]=   0 [4]=   0 [5]=   0 [6]=   0 [7]=   0 [8]=   0 [9]=   0 [10]=   0 [11]=   0 
after  (DPU 293) [0]= 142 [1]= 139 [2]= 156 [3]=   0 [4]=   0 [5]=   0 [6]=   0 [7]=   0 [8]=   0 [9]=   0 [10]=   0 [11]=   0 
before (DPU 294) [0]= 158 [1]= 132 [2]= 145 [3]=   0 [4]=   0 [5]=   0 [6]=   0 [7]=   0 [8]=   0 [9]=   0 [10]=   0 [11]=   0 
after  (DPU 294) [0]= 158 [1]= 132 [2]= 145 [3]=   0 [4]=   0 [5]=   0 [6]=   0 [7]=   0 [8]=   0 [9]=   0 [10]=   0 [11]=   0 
before (DPU 295) [0]= 135 [1]= 147 [2]= 129 [3]=   0 [4]=   0 [5]=   0 [6]=   0 [7]=   0 [8]=   0 [9]=   0 [10]=   0 [11]=   0 
after  (DPU 295) [0]= 135 [1]= 147 [2]= 129 [3]=   0 [4]=   0 [5]=   0 [6]=   0 [7]=   0 [8]=   0 [9]=   0 [10]=   0 [11]=   0 
before (DPU 296) [0]= 133 [1]= 133 [2]= 137 [3]=   0 [4]=   0 [5]=   0 [6]=   0 [7]=   0 [8]=   0 [9]=   0 [10]=   0 [11]=   0 
after  (DPU 296) [0]= 133 [1]= 133 [2]= 137 [3]=   0 [4]=   0 [5]=   0 [6]=   0 [7]=   0 [8]=   0 [9]=   0 [10]=   0 [11]=   0 
before (DPU 297) [0]= 138 [1]= 141 [2]= 143 [3]=   0 [4]=   0 [5]=   0 [6]=   0 [7]=   0 [8]=   0 [9]=   0 [10]=   0 [11]=   0 
after  (DPU 297) [0]= 138 [1]= 141 [2]= 143 [3]=   0 [4]=   0 [5]=   0 [6]=   0 [7]=   0 [8]=   0 [9]=   0 [10]=   0 [11]=   0 
before (DPU 298) [0]= 128 [1]= 125 [2]= 158 [3]=   0 [4]=   0 [5]=   0 [6]=   0 [7]=   0 [8]=   0 [9]=   0 [10]=   0 [11]=   0 
after  (DPU 298) [0]= 128 [1]= 125 [2]= 158 [3]=   0 [4]=   0 [5]=   0 [6]=   0 [7]=   0 [8]=   0 [9]=   0 [10]=   0 [11]=   0 
before (DPU 299) [0]= 142 [1]= 141 [2]= 150 [3]=   0 [4]=   0 [5]=   0 [6]=   0 [7]=   0 [8]=   0 [9]=   0 [10]=   0 [11]=   0 
after  (DPU 299) [0]= 142 [1]= 141 [2]= 150 [3]=   0 [4]=   0 [5]=   0 [6]=   0 [7]=   0 [8]=   0 [9]=   0 [10]=   0 [11]=   0 
before (DPU 300) [0]= 140 [1]= 143 [2]= 132 [3]=   0 [4]=   0 [5]=   0 [6]=   0 [7]=   0 [8]=   0 [9]=   0 [10]=   0 [11]=   0 
after  (DPU 300) [0]= 140 [1]= 143 [2]= 132 [3]=   0 [4]=   0 [5]=   0 [6]=   0 [7]=   0 [8]=   0 [9]=   0 [10]=   0 [11]=   0 
before (DPU 301) [0]= 123 [1]= 149 [2]= 145 [3]=   0 [4]=   0 [5]=   0 [6]=   0 [7]=   0 [8]=   0 [9]=   0 [10]=   0 [11]=   0 
after  (DPU 301) [0]= 123 [1]= 149 [2]= 145 [3]=   0 [4]=   0 [5]=   0 [6]=   0 [7]=   0 [8]=   0 [9]=   0 [10]=   0 [11]=   0 
before (DPU 302) [0]= 132 [1]= 142 [2]= 148 [3]=   0 [4]=   0 [5]=   0 [6]=   0 [7]=   0 [8]=   0 [9]=   0 [10]=   0 [11]=   0 
after  (DPU 302) [0]= 132 [1]= 142 [2]= 148 [3]=   0 [4]=   0 [5]=   0 [6]=   0 [7]=   0 [8]=   0 [9]=   0 [10]=   0 [11]=   0 
before (DPU 303) [0]= 142 [1]= 132 [2]= 152 [3]=   0 [4]=   0 [5]=   0 [6]=   0 [7]=   0 [8]=   0 [9]=   0 [10]=   0 [11]=   0 
after  (DPU 303) [0]= 142 [1]= 132 [2]= 152 [3]=   0 [4]=   0 [5]=   0 [6]=   0 [7]=   0 [8]=   0 [9]=   0 [10]=   0 [11]=   0 
before (DPU 304) [0]= 155 [1]= 109 [2]= 139 [3]=   0 [4]=   0 [5]=   0 [6]=   0 [7]=   0 [8]=   0 [9]=   0 [10]=   0 [11]=   0 
after  (DPU 304) [0]= 155 [1]= 109 [2]= 139 [3]=   0 [4]=   0 [5]=   0 [6]=   0 [7]=   0 [8]=   0 [9]=   0 [10]=   0 [11]=   0 
before (DPU 305) [0]= 123 [1]= 141 [2]= 104 [3]=   0 [4]=   0 [5]=   0 [6]=   0 [7]=   0 [8]=   0 [9]=   0 [10]=   0 [11]=   0 
after  (DPU 305) [0]= 123 [1]= 141 [2]= 104 [3]=   0 [4]=   0 [5]=   0 [6]=   0 [7]=   0 [8]=   0 [9]=   0 [10]=   0 [11]=   0 
before (DPU 306) [0]= 130 [1]= 132 [2]= 131 [3]=   0 [4]=   0 [5]=   0 [6]=   0 [7]=   0 [8]=   0 [9]=   0 [10]=   0 [11]=   0 
after  (DPU 306) [0]= 130 [1]= 132 [2]= 131 [3]=   0 [4]=   0 [5]=   0 [6]=   0 [7]=   0 [8]=   0 [9]=   0 [10]=   0 [11]=   0 
before (DPU 307) [0]= 142 [1]= 142 [2]= 131 [3]=   0 [4]=   0 [5]=   0 [6]=   0 [7]=   0 [8]=   0 [9]=   0 [10]=   0 [11]=   0 
after  (DPU 307) [0]= 142 [1]= 142 [2]= 131 [3]=   0 [4]=   0 [5]=   0 [6]=   0 [7]=   0 [8]=   0 [9]=   0 [10]=   0 [11]=   0 
before (DPU 308) [0]= 128 [1]= 157 [2]= 118 [3]=   0 [4]=   0 [5]=   0 [6]=   0 [7]=   0 [8]=   0 [9]=   0 [10]=   0 [11]=   0 
after  (DPU 308) [0]= 128 [1]= 157 [2]= 118 [3]=   0 [4]=   0 [5]=   0 [6]=   0 [7]=   0 [8]=   0 [9]=   0 [10]=   0 [11]=   0 
before (DPU 309) [0]= 121 [1]= 135 [2]= 124 [3]=   0 [4]=   0 [5]=   0 [6]=   0 [7]=   0 [8]=   0 [9]=   0 [10]=   0 [11]=   0 
after  (DPU 309) [0]= 121 [1]= 135 [2]= 124 [3]=   0 [4]=   0 [5]=   0 [6]=   0 [7]=   0 [8]=   0 [9]=   0 [10]=   0 [11]=   0 
before (DPU 310) [0]= 118 [1]= 150 [2]= 135 [3]=   0 [4]=   0 [5]=   0 [6]=   0 [7]=   0 [8]=   0 [9]=   0 [10]=   0 [11]=   0 
after  (DPU 310) [0]= 118 [1]= 150 [2]= 135 [3]=   0 [4]=   0 [5]=   0 [6]=   0 [7]=   0 [8]=   0 [9]=   0 [10]=   0 [11]=   0 
before (DPU 311) [0]= 133 [1]= 160 [2]= 114 [3]=   0 [4]=   0 [5]=   0 [6]=   0 [7]=   0 [8]=   0 [9]=   0 [10]=   0 [11]=   0 
after  (DPU 311) [0]= 133 [1]= 160 [2]= 114 [3]=   0 [4]=   0 [5]=   0 [6]=   0 [7]=   0 [8]=   0 [9]=   0 [10]=   0 [11]=   0 
before (DPU 312) [0]= 124 [1]= 123 [2]= 124 [3]=   0 [4]=   0 [5]=   0 [6]=   0 [7]=   0 [8]=   0 [9]=   0 [10]=   0 [11]=   0 
after  (DPU 312) [0]= 124 [1]= 123 [2]= 124 [3]=   0 [4]=   0 [5]=   0 [6]=   0 [7]=   0 [8]=   0 [9]=   0 [10]=   0 [11]=   0 
before (DPU 313) [0]= 126 [1]= 131 [2]= 122 [3]=   0 [4]=   0 [5]=   0 [6]=   0 [7]=   0 [8]=   0 [9]=   0 [10]=   0 [11]=   0 
after  (DPU 313) [0]= 126 [1]= 131 [2]= 122 [3]=   0 [4]=   0 [5]=   0 [6]=   0 [7]=   0 [8]=   0 [9]=   0 [10]=   0 [11]=   0 
before (DPU 314) [0]= 125 [1]= 119 [2]= 125 [3]=   0 [4]=   0 [5]=   0 [6]=   0 [7]=   0 [8]=   0 [9]=   0 [10]=   0 [11]=   0 
after  (DPU 314) [0]= 125 [1]= 119 [2]= 125 [3]=   0 [4]=   0 [5]=   0 [6]=   0 [7]=   0 [8]=   0 [9]=   0 [10]=   0 [11]=   0 
before (DPU 315) [0]= 118 [1]= 135 [2]= 142 [3]=   0 [4]=   0 [5]=   0 [6]=   0 [7]=   0 [8]=   0 [9]=   0 [10]=   0 [11]=   0 
after  (DPU 315) [0]= 118 [1]= 135 [2]= 142 [3]=   0 [4]=   0 [5]=   0 [6]=   0 [7]=   0 [8]=   0 [9]=   0 [10]=   0 [11]=   0 
before (DPU 316) [0]= 125 [1]= 131 [2]= 121 [3]=   0 [4]=   0 [5]=   0 [6]=   0 [7]=   0 [8]=   0 [9]=   0 [10]=   0 [11]=   0 
after  (DPU 316) [0]= 125 [1]= 131 [2]= 121 [3]=   0 [4]=   0 [5]=   0 [6]=   0 [7]=   0 [8]=   0 [9]=   0 [10]=   0 [11]=   0 
before (DPU 317) [0]= 100 [1]= 111 [2]= 150 [3]=   0 [4]=   0 [5]=   0 [6]=   0 [7]=   0 [8]=   0 [9]=   0 [10]=   0 [11]=   0 
after  (DPU 317) [0]= 100 [1]= 111 [2]= 150 [3]=   0 [4]=   0 [5]=   0 [6]=   0 [7]=   0 [8]=   0 [9]=   0 [10]=   0 [11]=   0 
before (DPU 318) [0]= 124 [1]= 134 [2]= 122 [3]=   0 [4]=   0 [5]=   0 [6]=   0 [7]=   0 [8]=   0 [9]=   0 [10]=   0 [11]=   0 
after  (DPU 318) [0]= 124 [1]= 134 [2]= 122 [3]=   0 [4]=   0 [5]=   0 [6]=   0 [7]=   0 [8]=   0 [9]=   0 [10]=   0 [11]=   0 
before (DPU 319) [0]= 119 [1]= 134 [2]= 136 [3]=   0 [4]=   0 [5]=   0 [6]=   0 [7]=   0 [8]=   0 [9]=   0 [10]=   0 [11]=   0 
after  (DPU 319) [0]= 119 [1]= 134 [2]= 136 [3]=   0 [4]=   0 [5]=   0 [6]=   0 [7]=   0 [8]=   0 [9]=   0 [10]=   0 [11]=   0 
before (DPU 320) [0]= 122 [1]= 113 [2]= 104 [3]=   0 [4]=   0 [5]=   0 [6]=   0 [7]=   0 [8]=   0 [9]=   0 [10]=   0 [11]=   0 
after  (DPU 320) [0]= 122 [1]= 113 [2]= 104 [3]=   0 [4]=   0 [5]=   0 [6]=   0 [7]=   0 [8]=   0 [9]=   0 [10]=   0 [11]=   0 
before (DPU 321) [0]= 131 [1]= 127 [2]= 120 [3]=   0 [4]=   0 [5]=   0 [6]=   0 [7]=   0 [8]=   0 [9]=   0 [10]=   0 [11]=   0 
after  (DPU 321) [0]= 131 [1]= 127 [2]= 120 [3]=   0 [4]=   0 [5]=   0 [6]=   0 [7]=   0 [8]=   0 [9]=   0 [10]=   0 [11]=   0 
before (DPU 322) [0]= 139 [1]= 117 [2]= 113 [3]=   0 [4]=   0 [5]=   0 [6]=   0 [7]=   0 [8]=   0 [9]=   0 [10]=   0 [11]=   0 
after  (DPU 322) [0]= 139 [1]= 117 [2]= 113 [3]=   0 [4]=   0 [5]=   0 [6]=   0 [7]=   0 [8]=   0 [9]=   0 [10]=   0 [11]=   0 
before (DPU 323) [0]= 139 [1]= 129 [2]= 144 [3]=   0 [4]=   0 [5]=   0 [6]=   0 [7]=   0 [8]=   0 [9]=   0 [10]=   0 [11]=   0 
after  (DPU 323) [0]= 139 [1]= 129 [2]= 144 [3]=   0 [4]=   0 [5]=   0 [6]=   0 [7]=   0 [8]=   0 [9]=   0 [10]=   0 [11]=   0 
before (DPU 324) [0]= 118 [1]= 121 [2]= 108 [3]=   0 [4]=   0 [5]=   0 [6]=   0 [7]=   0 [8]=   0 [9]=   0 [10]=   0 [11]=   0 
after  (DPU 324) [0]= 118 [1]= 121 [2]= 108 [3]=   0 [4]=   0 [5]=   0 [6]=   0 [7]=   0 [8]=   0 [9]=   0 [10]=   0 [11]=   0 
before (DPU 325) [0]= 133 [1]= 146 [2]= 107 [3]=   0 [4]=   0 [5]=   0 [6]=   0 [7]=   0 [8]=   0 [9]=   0 [10]=   0 [11]=   0 
after  (DPU 325) [0]= 133 [1]= 146 [2]= 107 [3]=   0 [4]=   0 [5]=   0 [6]=   0 [7]=   0 [8]=   0 [9]=   0 [10]=   0 [11]=   0 
before (DPU 326) [0]= 115 [1]= 119 [2]= 141 [3]=   0 [4]=   0 [5]=   0 [6]=   0 [7]=   0 [8]=   0 [9]=   0 [10]=   0 [11]=   0 
after  (DPU 326) [0]= 115 [1]= 119 [2]= 141 [3]=   0 [4]=   0 [5]=   0 [6]=   0 [7]=   0 [8]=   0 [9]=   0 [10]=   0 [11]=   0 
before (DPU 327) [0]= 119 [1]=  99 [2]= 101 [3]=   0 [4]=   0 [5]=   0 [6]=   0 [7]=   0 [8]=   0 [9]=   0 [10]=   0 [11]=   0 
after  (DPU 327) [0]= 119 [1]=  99 [2]= 101 [3]=   0 [4]=   0 [5]=   0 [6]=   0 [7]=   0 [8]=   0 [9]=   0 [10]=   0 [11]=   0 
before (DPU 328) [0]= 126 [1]= 132 [2]= 134 [3]=   0 [4]=   0 [5]=   0 [6]=   0 [7]=   0 [8]=   0 [9]=   0 [10]=   0 [11]=   0 
after  (DPU 328) [0]= 126 [1]= 132 [2]= 134 [3]=   0 [4]=   0 [5]=   0 [6]=   0 [7]=   0 [8]=   0 [9]=   0 [10]=   0 [11]=   0 
before (DPU 329) [0]= 141 [1]= 127 [2]= 113 [3]=   0 [4]=   0 [5]=   0 [6]=   0 [7]=   0 [8]=   0 [9]=   0 [10]=   0 [11]=   0 
after  (DPU 329) [0]= 141 [1]= 127 [2]= 113 [3]=   0 [4]=   0 [5]=   0 [6]=   0 [7]=   0 [8]=   0 [9]=   0 [10]=   0 [11]=   0 
before (DPU 330) [0]= 120 [1]= 118 [2]= 126 [3]=   0 [4]=   0 [5]=   0 [6]=   0 [7]=   0 [8]=   0 [9]=   0 [10]=   0 [11]=   0 
after  (DPU 330) [0]= 120 [1]= 118 [2]= 126 [3]=   0 [4]=   0 [5]=   0 [6]=   0 [7]=   0 [8]=   0 [9]=   0 [10]=   0 [11]=   0 
before (DPU 331) [0]= 128 [1]= 126 [2]= 124 [3]=   0 [4]=   0 [5]=   0 [6]=   0 [7]=   0 [8]=   0 [9]=   0 [10]=   0 [11]=   0 
after  (DPU 331) [0]= 128 [1]= 126 [2]= 124 [3]=   0 [4]=   0 [5]=   0 [6]=   0 [7]=   0 [8]=   0 [9]=   0 [10]=   0 [11]=   0 
before (DPU 332) [0]= 114 [1]= 114 [2]= 132 [3]=   0 [4]=   0 [5]=   0 [6]=   0 [7]=   0 [8]=   0 [9]=   0 [10]=   0 [11]=   0 
after  (DPU 332) [0]= 114 [1]= 114 [2]= 132 [3]=   0 [4]=   0 [5]=   0 [6]=   0 [7]=   0 [8]=   0 [9]=   0 [10]=   0 [11]=   0 
before (DPU 333) [0]= 115 [1]= 133 [2]= 136 [3]=   0 [4]=   0 [5]=   0 [6]=   0 [7]=   0 [8]=   0 [9]=   0 [10]=   0 [11]=   0 
after  (DPU 333) [0]= 115 [1]= 133 [2]= 136 [3]=   0 [4]=   0 [5]=   0 [6]=   0 [7]=   0 [8]=   0 [9]=   0 [10]=   0 [11]=   0 
before (DPU 334) [0]= 119 [1]= 107 [2]= 118 [3]=   0 [4]=   0 [5]=   0 [6]=   0 [7]=   0 [8]=   0 [9]=   0 [10]=   0 [11]=   0 
after  (DPU 334) [0]= 119 [1]= 107 [2]= 118 [3]=   0 [4]=   0 [5]=   0 [6]=   0 [7]=   0 [8]=   0 [9]=   0 [10]=   0 [11]=   0 
before (DPU 335) [0]= 123 [1]= 113 [2]= 125 [3]=   0 [4]=   0 [5]=   0 [6]=   0 [7]=   0 [8]=   0 [9]=   0 [10]=   0 [11]=   0 
after  (DPU 335) [0]= 123 [1]= 113 [2]= 125 [3]=   0 [4]=   0 [5]=   0 [6]=   0 [7]=   0 [8]=   0 [9]=   0 [10]=   0 [11]=   0 
before (DPU 336) [0]= 122 [1]= 135 [2]= 131 [3]=   0 [4]=   0 [5]=   0 [6]=   0 [7]=   0 [8]=   0 [9]=   0 [10]=   0 [11]=   0 
after  (DPU 336) [0]= 122 [1]= 135 [2]= 131 [3]=   0 [4]=   0 [5]=   0 [6]=   0 [7]=   0 [8]=   0 [9]=   0 [10]=   0 [11]=   0 
before (DPU 337) [0]= 115 [1]= 141 [2]= 125 [3]=   0 [4]=   0 [5]=   0 [6]=   0 [7]=   0 [8]=   0 [9]=   0 [10]=   0 [11]=   0 
after  (DPU 337) [0]= 115 [1]= 141 [2]= 125 [3]=   0 [4]=   0 [5]=   0 [6]=   0 [7]=   0 [8]=   0 [9]=   0 [10]=   0 [11]=   0 
before (DPU 338) [0]= 141 [1]= 110 [2]= 117 [3]=   0 [4]=   0 [5]=   0 [6]=   0 [7]=   0 [8]=   0 [9]=   0 [10]=   0 [11]=   0 
after  (DPU 338) [0]= 141 [1]= 110 [2]= 117 [3]=   0 [4]=   0 [5]=   0 [6]=   0 [7]=   0 [8]=   0 [9]=   0 [10]=   0 [11]=   0 
before (DPU 339) [0]= 132 [1]= 113 [2]= 127 [3]=   0 [4]=   0 [5]=   0 [6]=   0 [7]=   0 [8]=   0 [9]=   0 [10]=   0 [11]=   0 
after  (DPU 339) [0]= 132 [1]= 113 [2]= 127 [3]=   0 [4]=   0 [5]=   0 [6]=   0 [7]=   0 [8]=   0 [9]=   0 [10]=   0 [11]=   0 
before (DPU 340) [0]= 123 [1]= 111 [2]= 111 [3]=   0 [4]=   0 [5]=   0 [6]=   0 [7]=   0 [8]=   0 [9]=   0 [10]=   0 [11]=   0 
after  (DPU 340) [0]= 123 [1]= 111 [2]= 111 [3]=   0 [4]=   0 [5]=   0 [6]=   0 [7]=   0 [8]=   0 [9]=   0 [10]=   0 [11]=   0 
before (DPU 341) [0]= 119 [1]= 136 [2]= 136 [3]=   0 [4]=   0 [5]=   0 [6]=   0 [7]=   0 [8]=   0 [9]=   0 [10]=   0 [11]=   0 
after  (DPU 341) [0]= 119 [1]= 136 [2]= 136 [3]=   0 [4]=   0 [5]=   0 [6]=   0 [7]=   0 [8]=   0 [9]=   0 [10]=   0 [11]=   0 
before (DPU 342) [0]= 109 [1]= 113 [2]= 110 [3]=   0 [4]=   0 [5]=   0 [6]=   0 [7]=   0 [8]=   0 [9]=   0 [10]=   0 [11]=   0 
after  (DPU 342) [0]= 109 [1]= 113 [2]= 110 [3]=   0 [4]=   0 [5]=   0 [6]=   0 [7]=   0 [8]=   0 [9]=   0 [10]=   0 [11]=   0 
before (DPU 343) [0]= 110 [1]= 120 [2]= 114 [3]=   0 [4]=   0 [5]=   0 [6]=   0 [7]=   0 [8]=   0 [9]=   0 [10]=   0 [11]=   0 
after  (DPU 343) [0]= 110 [1]= 120 [2]= 114 [3]=   0 [4]=   0 [5]=   0 [6]=   0 [7]=   0 [8]=   0 [9]=   0 [10]=   0 [11]=   0 
before (DPU 344) [0]=  98 [1]= 132 [2]= 122 [3]=   0 [4]=   0 [5]=   0 [6]=   0 [7]=   0 [8]=   0 [9]=   0 [10]=   0 [11]=   0 
after  (DPU 344) [0]=  98 [1]= 132 [2]= 122 [3]=   0 [4]=   0 [5]=   0 [6]=   0 [7]=   0 [8]=   0 [9]=   0 [10]=   0 [11]=   0 
before (DPU 345) [0]= 118 [1]= 129 [2]= 113 [3]=   0 [4]=   0 [5]=   0 [6]=   0 [7]=   0 [8]=   0 [9]=   0 [10]=   0 [11]=   0 
after  (DPU 345) [0]= 118 [1]= 129 [2]= 113 [3]=   0 [4]=   0 [5]=   0 [6]=   0 [7]=   0 [8]=   0 [9]=   0 [10]=   0 [11]=   0 
before (DPU 346) [0]= 122 [1]= 112 [2]= 116 [3]=   0 [4]=   0 [5]=   0 [6]=   0 [7]=   0 [8]=   0 [9]=   0 [10]=   0 [11]=   0 
after  (DPU 346) [0]= 122 [1]= 112 [2]= 116 [3]=   0 [4]=   0 [5]=   0 [6]=   0 [7]=   0 [8]=   0 [9]=   0 [10]=   0 [11]=   0 
before (DPU 347) [0]=  97 [1]= 112 [2]= 131 [3]=   0 [4]=   0 [5]=   0 [6]=   0 [7]=   0 [8]=   0 [9]=   0 [10]=   0 [11]=   0 
after  (DPU 347) [0]=  97 [1]= 112 [2]= 131 [3]=   0 [4]=   0 [5]=   0 [6]=   0 [7]=   0 [8]=   0 [9]=   0 [10]=   0 [11]=   0 
before (DPU 348) [0]= 123 [1]= 124 [2]= 125 [3]=   0 [4]=   0 [5]=   0 [6]=   0 [7]=   0 [8]=   0 [9]=   0 [10]=   0 [11]=   0 
after  (DPU 348) [0]= 123 [1]= 124 [2]= 125 [3]=   0 [4]=   0 [5]=   0 [6]=   0 [7]=   0 [8]=   0 [9]=   0 [10]=   0 [11]=   0 
before (DPU 349) [0]= 122 [1]= 115 [2]= 120 [3]=   0 [4]=   0 [5]=   0 [6]=   0 [7]=   0 [8]=   0 [9]=   0 [10]=   0 [11]=   0 
after  (DPU 349) [0]= 122 [1]= 115 [2]= 120 [3]=   0 [4]=   0 [5]=   0 [6]=   0 [7]=   0 [8]=   0 [9]=   0 [10]=   0 [11]=   0 
before (DPU 350) [0]= 118 [1]= 109 [2]= 129 [3]=   0 [4]=   0 [5]=   0 [6]=   0 [7]=   0 [8]=   0 [9]=   0 [10]=   0 [11]=   0 
after  (DPU 350) [0]= 118 [1]= 109 [2]= 129 [3]=   0 [4]=   0 [5]=   0 [6]=   0 [7]=   0 [8]=   0 [9]=   0 [10]=   0 [11]=   0 
before (DPU 351) [0]= 131 [1]= 110 [2]= 114 [3]=   0 [4]=   0 [5]=   0 [6]=   0 [7]=   0 [8]=   0 [9]=   0 [10]=   0 [11]=   0 
after  (DPU 351) [0]= 131 [1]= 110 [2]= 114 [3]=   0 [4]=   0 [5]=   0 [6]=   0 [7]=   0 [8]=   0 [9]=   0 [10]=   0 [11]=   0 
before (DPU 352) [0]= 122 [1]= 114 [2]= 129 [3]=   0 [4]=   0 [5]=   0 [6]=   0 [7]=   0 [8]=   0 [9]=   0 [10]=   0 [11]=   0 
after  (DPU 352) [0]= 122 [1]= 114 [2]= 129 [3]=   0 [4]=   0 [5]=   0 [6]=   0 [7]=   0 [8]=   0 [9]=   0 [10]=   0 [11]=   0 
before (DPU 353) [0]= 123 [1]= 122 [2]= 111 [3]=   0 [4]=   0 [5]=   0 [6]=   0 [7]=   0 [8]=   0 [9]=   0 [10]=   0 [11]=   0 
after  (DPU 353) [0]= 123 [1]= 122 [2]= 111 [3]=   0 [4]=   0 [5]=   0 [6]=   0 [7]=   0 [8]=   0 [9]=   0 [10]=   0 [11]=   0 
before (DPU 354) [0]= 114 [1]=  99 [2]= 149 [3]=   0 [4]=   0 [5]=   0 [6]=   0 [7]=   0 [8]=   0 [9]=   0 [10]=   0 [11]=   0 
after  (DPU 354) [0]= 114 [1]=  99 [2]= 149 [3]=   0 [4]=   0 [5]=   0 [6]=   0 [7]=   0 [8]=   0 [9]=   0 [10]=   0 [11]=   0 
before (DPU 355) [0]= 112 [1]= 127 [2]= 121 [3]=   0 [4]=   0 [5]=   0 [6]=   0 [7]=   0 [8]=   0 [9]=   0 [10]=   0 [11]=   0 
after  (DPU 355) [0]= 112 [1]= 127 [2]= 121 [3]=   0 [4]=   0 [5]=   0 [6]=   0 [7]=   0 [8]=   0 [9]=   0 [10]=   0 [11]=   0 
before (DPU 356) [0]= 122 [1]= 127 [2]= 115 [3]=   0 [4]=   0 [5]=   0 [6]=   0 [7]=   0 [8]=   0 [9]=   0 [10]=   0 [11]=   0 
after  (DPU 356) [0]= 122 [1]= 127 [2]= 115 [3]=   0 [4]=   0 [5]=   0 [6]=   0 [7]=   0 [8]=   0 [9]=   0 [10]=   0 [11]=   0 
before (DPU 357) [0]= 114 [1]= 106 [2]= 113 [3]=   0 [4]=   0 [5]=   0 [6]=   0 [7]=   0 [8]=   0 [9]=   0 [10]=   0 [11]=   0 
after  (DPU 357) [0]= 114 [1]= 106 [2]= 113 [3]=   0 [4]=   0 [5]=   0 [6]=   0 [7]=   0 [8]=   0 [9]=   0 [10]=   0 [11]=   0 
before (DPU 358) [0]= 124 [1]= 113 [2]= 105 [3]=   0 [4]=   0 [5]=   0 [6]=   0 [7]=   0 [8]=   0 [9]=   0 [10]=   0 [11]=   0 
after  (DPU 358) [0]= 124 [1]= 113 [2]= 105 [3]=   0 [4]=   0 [5]=   0 [6]=   0 [7]=   0 [8]=   0 [9]=   0 [10]=   0 [11]=   0 
before (DPU 359) [0]= 113 [1]= 107 [2]= 106 [3]=   0 [4]=   0 [5]=   0 [6]=   0 [7]=   0 [8]=   0 [9]=   0 [10]=   0 [11]=   0 
after  (DPU 359) [0]= 113 [1]= 107 [2]= 106 [3]=   0 [4]=   0 [5]=   0 [6]=   0 [7]=   0 [8]=   0 [9]=   0 [10]=   0 [11]=   0 
before (DPU 360) [0]= 106 [1]= 116 [2]= 112 [3]=   0 [4]=   0 [5]=   0 [6]=   0 [7]=   0 [8]=   0 [9]=   0 [10]=   0 [11]=   0 
after  (DPU 360) [0]= 106 [1]= 116 [2]= 112 [3]=   0 [4]=   0 [5]=   0 [6]=   0 [7]=   0 [8]=   0 [9]=   0 [10]=   0 [11]=   0 
before (DPU 361) [0]=  95 [1]= 119 [2]= 127 [3]=   0 [4]=   0 [5]=   0 [6]=   0 [7]=   0 [8]=   0 [9]=   0 [10]=   0 [11]=   0 
after  (DPU 361) [0]=  95 [1]= 119 [2]= 127 [3]=   0 [4]=   0 [5]=   0 [6]=   0 [7]=   0 [8]=   0 [9]=   0 [10]=   0 [11]=   0 
before (DPU 362) [0]= 133 [1]= 119 [2]= 117 [3]=   0 [4]=   0 [5]=   0 [6]=   0 [7]=   0 [8]=   0 [9]=   0 [10]=   0 [11]=   0 
after  (DPU 362) [0]= 133 [1]= 119 [2]= 117 [3]=   0 [4]=   0 [5]=   0 [6]=   0 [7]=   0 [8]=   0 [9]=   0 [10]=   0 [11]=   0 
before (DPU 363) [0]= 108 [1]= 111 [2]= 121 [3]=   0 [4]=   0 [5]=   0 [6]=   0 [7]=   0 [8]=   0 [9]=   0 [10]=   0 [11]=   0 
after  (DPU 363) [0]= 108 [1]= 111 [2]= 121 [3]=   0 [4]=   0 [5]=   0 [6]=   0 [7]=   0 [8]=   0 [9]=   0 [10]=   0 [11]=   0 
before (DPU 364) [0]= 116 [1]= 107 [2]= 113 [3]=   0 [4]=   0 [5]=   0 [6]=   0 [7]=   0 [8]=   0 [9]=   0 [10]=   0 [11]=   0 
after  (DPU 364) [0]= 116 [1]= 107 [2]= 113 [3]=   0 [4]=   0 [5]=   0 [6]=   0 [7]=   0 [8]=   0 [9]=   0 [10]=   0 [11]=   0 
before (DPU 365) [0]=  98 [1]= 107 [2]= 110 [3]=   0 [4]=   0 [5]=   0 [6]=   0 [7]=   0 [8]=   0 [9]=   0 [10]=   0 [11]=   0 
after  (DPU 365) [0]=  98 [1]= 107 [2]= 110 [3]=   0 [4]=   0 [5]=   0 [6]=   0 [7]=   0 [8]=   0 [9]=   0 [10]=   0 [11]=   0 
before (DPU 366) [0]= 107 [1]= 106 [2]= 100 [3]=   0 [4]=   0 [5]=   0 [6]=   0 [7]=   0 [8]=   0 [9]=   0 [10]=   0 [11]=   0 
after  (DPU 366) [0]= 107 [1]= 106 [2]= 100 [3]=   0 [4]=   0 [5]=   0 [6]=   0 [7]=   0 [8]=   0 [9]=   0 [10]=   0 [11]=   0 
before (DPU 367) [0]= 115 [1]= 118 [2]= 111 [3]=   0 [4]=   0 [5]=   0 [6]=   0 [7]=   0 [8]=   0 [9]=   0 [10]=   0 [11]=   0 
after  (DPU 367) [0]= 115 [1]= 118 [2]= 111 [3]=   0 [4]=   0 [5]=   0 [6]=   0 [7]=   0 [8]=   0 [9]=   0 [10]=   0 [11]=   0 
before (DPU 368) [0]=  98 [1]= 119 [2]= 100 [3]=   0 [4]=   0 [5]=   0 [6]=   0 [7]=   0 [8]=   0 [9]=   0 [10]=   0 [11]=   0 
after  (DPU 368) [0]=  98 [1]= 119 [2]= 100 [3]=   0 [4]=   0 [5]=   0 [6]=   0 [7]=   0 [8]=   0 [9]=   0 [10]=   0 [11]=   0 
before (DPU 369) [0]=  86 [1]= 130 [2]= 114 [3]=   0 [4]=   0 [5]=   0 [6]=   0 [7]=   0 [8]=   0 [9]=   0 [10]=   0 [11]=   0 
after  (DPU 369) [0]=  86 [1]= 130 [2]= 114 [3]=   0 [4]=   0 [5]=   0 [6]=   0 [7]=   0 [8]=   0 [9]=   0 [10]=   0 [11]=   0 
before (DPU 370) [0]= 130 [1]= 106 [2]= 125 [3]=   0 [4]=   0 [5]=   0 [6]=   0 [7]=   0 [8]=   0 [9]=   0 [10]=   0 [11]=   0 
after  (DPU 370) [0]= 130 [1]= 106 [2]= 125 [3]=   0 [4]=   0 [5]=   0 [6]=   0 [7]=   0 [8]=   0 [9]=   0 [10]=   0 [11]=   0 
before (DPU 371) [0]=  87 [1]= 120 [2]= 109 [3]=   0 [4]=   0 [5]=   0 [6]=   0 [7]=   0 [8]=   0 [9]=   0 [10]=   0 [11]=   0 
after  (DPU 371) [0]=  87 [1]= 120 [2]= 109 [3]=   0 [4]=   0 [5]=   0 [6]=   0 [7]=   0 [8]=   0 [9]=   0 [10]=   0 [11]=   0 
before (DPU 372) [0]=  93 [1]= 110 [2]= 108 [3]=   0 [4]=   0 [5]=   0 [6]=   0 [7]=   0 [8]=   0 [9]=   0 [10]=   0 [11]=   0 
after  (DPU 372) [0]=  93 [1]= 110 [2]= 108 [3]=   0 [4]=   0 [5]=   0 [6]=   0 [7]=   0 [8]=   0 [9]=   0 [10]=   0 [11]=   0 
before (DPU 373) [0]= 104 [1]=  97 [2]= 130 [3]=   0 [4]=   0 [5]=   0 [6]=   0 [7]=   0 [8]=   0 [9]=   0 [10]=   0 [11]=   0 
after  (DPU 373) [0]= 104 [1]=  97 [2]= 130 [3]=   0 [4]=   0 [5]=   0 [6]=   0 [7]=   0 [8]=   0 [9]=   0 [10]=   0 [11]=   0 
before (DPU 374) [0]= 112 [1]= 113 [2]= 106 [3]=   0 [4]=   0 [5]=   0 [6]=   0 [7]=   0 [8]=   0 [9]=   0 [10]=   0 [11]=   0 
after  (DPU 374) [0]= 112 [1]= 113 [2]= 106 [3]=   0 [4]=   0 [5]=   0 [6]=   0 [7]=   0 [8]=   0 [9]=   0 [10]=   0 [11]=   0 
before (DPU 375) [0]= 121 [1]= 101 [2]=  97 [3]=   0 [4]=   0 [5]=   0 [6]=   0 [7]=   0 [8]=   0 [9]=   0 [10]=   0 [11]=   0 
after  (DPU 375) [0]= 121 [1]= 101 [2]=  97 [3]=   0 [4]=   0 [5]=   0 [6]=   0 [7]=   0 [8]=   0 [9]=   0 [10]=   0 [11]=   0 
before (DPU 376) [0]= 100 [1]= 110 [2]=  98 [3]=   0 [4]=   0 [5]=   0 [6]=   0 [7]=   0 [8]=   0 [9]=   0 [10]=   0 [11]=   0 
after  (DPU 376) [0]= 100 [1]= 110 [2]=  98 [3]=   0 [4]=   0 [5]=   0 [6]=   0 [7]=   0 [8]=   0 [9]=   0 [10]=   0 [11]=   0 
before (DPU 377) [0]= 123 [1]=  95 [2]=  91 [3]=   0 [4]=   0 [5]=   0 [6]=   0 [7]=   0 [8]=   0 [9]=   0 [10]=   0 [11]=   0 
after  (DPU 377) [0]= 123 [1]=  95 [2]=  91 [3]=   0 [4]=   0 [5]=   0 [6]=   0 [7]=   0 [8]=   0 [9]=   0 [10]=   0 [11]=   0 
before (DPU 378) [0]= 114 [1]= 106 [2]= 102 [3]=   0 [4]=   0 [5]=   0 [6]=   0 [7]=   0 [8]=   0 [9]=   0 [10]=   0 [11]=   0 
after  (DPU 378) [0]= 114 [1]= 106 [2]= 102 [3]=   0 [4]=   0 [5]=   0 [6]=   0 [7]=   0 [8]=   0 [9]=   0 [10]=   0 [11]=   0 
before (DPU 379) [0]= 106 [1]= 100 [2]= 106 [3]=   0 [4]=   0 [5]=   0 [6]=   0 [7]=   0 [8]=   0 [9]=   0 [10]=   0 [11]=   0 
after  (DPU 379) [0]= 106 [1]= 100 [2]= 106 [3]=   0 [4]=   0 [5]=   0 [6]=   0 [7]=   0 [8]=   0 [9]=   0 [10]=   0 [11]=   0 
before (DPU 380) [0]=  98 [1]= 118 [2]=  99 [3]=   0 [4]=   0 [5]=   0 [6]=   0 [7]=   0 [8]=   0 [9]=   0 [10]=   0 [11]=   0 
after  (DPU 380) [0]=  98 [1]= 118 [2]=  99 [3]=   0 [4]=   0 [5]=   0 [6]=   0 [7]=   0 [8]=   0 [9]=   0 [10]=   0 [11]=   0 
before (DPU 381) [0]= 118 [1]=  97 [2]= 104 [3]=   0 [4]=   0 [5]=   0 [6]=   0 [7]=   0 [8]=   0 [9]=   0 [10]=   0 [11]=   0 
after  (DPU 381) [0]= 118 [1]=  97 [2]= 104 [3]=   0 [4]=   0 [5]=   0 [6]=   0 [7]=   0 [8]=   0 [9]=   0 [10]=   0 [11]=   0 
before (DPU 382) [0]=  91 [1]=  96 [2]= 114 [3]=   0 [4]=   0 [5]=   0 [6]=   0 [7]=   0 [8]=   0 [9]=   0 [10]=   0 [11]=   0 
after  (DPU 382) [0]=  91 [1]=  96 [2]= 114 [3]=   0 [4]=   0 [5]=   0 [6]=   0 [7]=   0 [8]=   0 [9]=   0 [10]=   0 [11]=   0 
before (DPU 383) [0]= 106 [1]= 106 [2]= 101 [3]=   0 [4]=   0 [5]=   0 [6]=   0 [7]=   0 [8]=   0 [9]=   0 [10]=   0 [11]=   0 
after  (DPU 383) [0]= 106 [1]= 106 [2]= 101 [3]=   0 [4]=   0 [5]=   0 [6]=   0 [7]=   0 [8]=   0 [9]=   0 [10]=   0 [11]=   0 
before (DPU 384) [0]=  96 [1]= 110 [2]= 108 [3]=   0 [4]=   0 [5]=   0 [6]=   0 [7]=   0 [8]=   0 [9]=   0 [10]=   0 [11]=   0 
after  (DPU 384) [0]=  96 [1]= 110 [2]= 108 [3]=   0 [4]=   0 [5]=   0 [6]=   0 [7]=   0 [8]=   0 [9]=   0 [10]=   0 [11]=   0 
before (DPU 385) [0]= 122 [1]=  99 [2]= 124 [3]=   0 [4]=   0 [5]=   0 [6]=   0 [7]=   0 [8]=   0 [9]=   0 [10]=   0 [11]=   0 
after  (DPU 385) [0]= 122 [1]=  99 [2]= 124 [3]=   0 [4]=   0 [5]=   0 [6]=   0 [7]=   0 [8]=   0 [9]=   0 [10]=   0 [11]=   0 
before (DPU 386) [0]= 114 [1]= 105 [2]=  96 [3]=   0 [4]=   0 [5]=   0 [6]=   0 [7]=   0 [8]=   0 [9]=   0 [10]=   0 [11]=   0 
after  (DPU 386) [0]= 114 [1]= 105 [2]=  96 [3]=   0 [4]=   0 [5]=   0 [6]=   0 [7]=   0 [8]=   0 [9]=   0 [10]=   0 [11]=   0 
before (DPU 387) [0]= 114 [1]= 113 [2]= 105 [3]=   0 [4]=   0 [5]=   0 [6]=   0 [7]=   0 [8]=   0 [9]=   0 [10]=   0 [11]=   0 
after  (DPU 387) [0]= 114 [1]= 113 [2]= 105 [3]=   0 [4]=   0 [5]=   0 [6]=   0 [7]=   0 [8]=   0 [9]=   0 [10]=   0 [11]=   0 
before (DPU 388) [0]=  98 [1]= 106 [2]= 106 [3]=   0 [4]=   0 [5]=   0 [6]=   0 [7]=   0 [8]=   0 [9]=   0 [10]=   0 [11]=   0 
after  (DPU 388) [0]=  98 [1]= 106 [2]= 106 [3]=   0 [4]=   0 [5]=   0 [6]=   0 [7]=   0 [8]=   0 [9]=   0 [10]=   0 [11]=   0 
before (DPU 389) [0]= 110 [1]= 103 [2]= 103 [3]=   0 [4]=   0 [5]=   0 [6]=   0 [7]=   0 [8]=   0 [9]=   0 [10]=   0 [11]=   0 
after  (DPU 389) [0]= 110 [1]= 103 [2]= 103 [3]=   0 [4]=   0 [5]=   0 [6]=   0 [7]=   0 [8]=   0 [9]=   0 [10]=   0 [11]=   0 
before (DPU 390) [0]=  79 [1]= 109 [2]= 109 [3]=   0 [4]=   0 [5]=   0 [6]=   0 [7]=   0 [8]=   0 [9]=   0 [10]=   0 [11]=   0 
after  (DPU 390) [0]=  79 [1]= 109 [2]= 109 [3]=   0 [4]=   0 [5]=   0 [6]=   0 [7]=   0 [8]=   0 [9]=   0 [10]=   0 [11]=   0 
before (DPU 391) [0]= 100 [1]=  99 [2]= 111 [3]=   0 [4]=   0 [5]=   0 [6]=   0 [7]=   0 [8]=   0 [9]=   0 [10]=   0 [11]=   0 
after  (DPU 391) [0]= 100 [1]=  99 [2]= 111 [3]=   0 [4]=   0 [5]=   0 [6]=   0 [7]=   0 [8]=   0 [9]=   0 [10]=   0 [11]=   0 
before (DPU 392) [0]=  95 [1]= 117 [2]=  99 [3]=   0 [4]=   0 [5]=   0 [6]=   0 [7]=   0 [8]=   0 [9]=   0 [10]=   0 [11]=   0 
after  (DPU 392) [0]=  95 [1]= 117 [2]=  99 [3]=   0 [4]=   0 [5]=   0 [6]=   0 [7]=   0 [8]=   0 [9]=   0 [10]=   0 [11]=   0 
before (DPU 393) [0]= 105 [1]= 110 [2]= 107 [3]=   0 [4]=   0 [5]=   0 [6]=   0 [7]=   0 [8]=   0 [9]=   0 [10]=   0 [11]=   0 
after  (DPU 393) [0]= 105 [1]= 110 [2]= 107 [3]=   0 [4]=   0 [5]=   0 [6]=   0 [7]=   0 [8]=   0 [9]=   0 [10]=   0 [11]=   0 
before (DPU 394) [0]= 102 [1]=  87 [2]= 117 [3]=   0 [4]=   0 [5]=   0 [6]=   0 [7]=   0 [8]=   0 [9]=   0 [10]=   0 [11]=   0 
after  (DPU 394) [0]= 102 [1]=  87 [2]= 117 [3]=   0 [4]=   0 [5]=   0 [6]=   0 [7]=   0 [8]=   0 [9]=   0 [10]=   0 [11]=   0 
before (DPU 395) [0]=  98 [1]=  92 [2]= 116 [3]=   0 [4]=   0 [5]=   0 [6]=   0 [7]=   0 [8]=   0 [9]=   0 [10]=   0 [11]=   0 
after  (DPU 395) [0]=  98 [1]=  92 [2]= 116 [3]=   0 [4]=   0 [5]=   0 [6]=   0 [7]=   0 [8]=   0 [9]=   0 [10]=   0 [11]=   0 
before (DPU 396) [0]= 115 [1]= 113 [2]= 111 [3]=   0 [4]=   0 [5]=   0 [6]=   0 [7]=   0 [8]=   0 [9]=   0 [10]=   0 [11]=   0 
after  (DPU 396) [0]= 115 [1]= 113 [2]= 111 [3]=   0 [4]=   0 [5]=   0 [6]=   0 [7]=   0 [8]=   0 [9]=   0 [10]=   0 [11]=   0 
before (DPU 397) [0]= 104 [1]= 107 [2]=  99 [3]=   0 [4]=   0 [5]=   0 [6]=   0 [7]=   0 [8]=   0 [9]=   0 [10]=   0 [11]=   0 
after  (DPU 397) [0]= 104 [1]= 107 [2]=  99 [3]=   0 [4]=   0 [5]=   0 [6]=   0 [7]=   0 [8]=   0 [9]=   0 [10]=   0 [11]=   0 
before (DPU 398) [0]= 102 [1]= 112 [2]=  86 [3]=   0 [4]=   0 [5]=   0 [6]=   0 [7]=   0 [8]=   0 [9]=   0 [10]=   0 [11]=   0 
after  (DPU 398) [0]= 102 [1]= 112 [2]=  86 [3]=   0 [4]=   0 [5]=   0 [6]=   0 [7]=   0 [8]=   0 [9]=   0 [10]=   0 [11]=   0 
before (DPU 399) [0]= 107 [1]= 103 [2]=  86 [3]=   0 [4]=   0 [5]=   0 [6]=   0 [7]=   0 [8]=   0 [9]=   0 [10]=   0 [11]=   0 
after  (DPU 399) [0]= 107 [1]= 103 [2]=  86 [3]=   0 [4]=   0 [5]=   0 [6]=   0 [7]=   0 [8]=   0 [9]=   0 [10]=   0 [11]=   0 
before (DPU 400) [0]= 100 [1]= 111 [2]=  97 [3]=   0 [4]=   0 [5]=   0 [6]=   0 [7]=   0 [8]=   0 [9]=   0 [10]=   0 [11]=   0 
after  (DPU 400) [0]= 100 [1]= 111 [2]=  97 [3]=   0 [4]=   0 [5]=   0 [6]=   0 [7]=   0 [8]=   0 [9]=   0 [10]=   0 [11]=   0 
before (DPU 401) [0]= 111 [1]=  86 [2]=  97 [3]=   0 [4]=   0 [5]=   0 [6]=   0 [7]=   0 [8]=   0 [9]=   0 [10]=   0 [11]=   0 
after  (DPU 401) [0]= 111 [1]=  86 [2]=  97 [3]=   0 [4]=   0 [5]=   0 [6]=   0 [7]=   0 [8]=   0 [9]=   0 [10]=   0 [11]=   0 
before (DPU 402) [0]= 102 [1]=  99 [2]=  98 [3]=   0 [4]=   0 [5]=   0 [6]=   0 [7]=   0 [8]=   0 [9]=   0 [10]=   0 [11]=   0 
after  (DPU 402) [0]= 102 [1]=  99 [2]=  98 [3]=   0 [4]=   0 [5]=   0 [6]=   0 [7]=   0 [8]=   0 [9]=   0 [10]=   0 [11]=   0 
before (DPU 403) [0]=  88 [1]=  83 [2]=  99 [3]=   0 [4]=   0 [5]=   0 [6]=   0 [7]=   0 [8]=   0 [9]=   0 [10]=   0 [11]=   0 
after  (DPU 403) [0]=  88 [1]=  83 [2]=  99 [3]=   0 [4]=   0 [5]=   0 [6]=   0 [7]=   0 [8]=   0 [9]=   0 [10]=   0 [11]=   0 
before (DPU 404) [0]= 106 [1]= 101 [2]=  86 [3]=   0 [4]=   0 [5]=   0 [6]=   0 [7]=   0 [8]=   0 [9]=   0 [10]=   0 [11]=   0 
after  (DPU 404) [0]= 106 [1]= 101 [2]=  86 [3]=   0 [4]=   0 [5]=   0 [6]=   0 [7]=   0 [8]=   0 [9]=   0 [10]=   0 [11]=   0 
before (DPU 405) [0]=  83 [1]= 108 [2]= 110 [3]=   0 [4]=   0 [5]=   0 [6]=   0 [7]=   0 [8]=   0 [9]=   0 [10]=   0 [11]=   0 
after  (DPU 405) [0]=  83 [1]= 108 [2]= 110 [3]=   0 [4]=   0 [5]=   0 [6]=   0 [7]=   0 [8]=   0 [9]=   0 [10]=   0 [11]=   0 
before (DPU 406) [0]= 111 [1]=  92 [2]=  92 [3]=   0 [4]=   0 [5]=   0 [6]=   0 [7]=   0 [8]=   0 [9]=   0 [10]=   0 [11]=   0 
after  (DPU 406) [0]= 111 [1]=  92 [2]=  92 [3]=   0 [4]=   0 [5]=   0 [6]=   0 [7]=   0 [8]=   0 [9]=   0 [10]=   0 [11]=   0 
before (DPU 407) [0]=  97 [1]= 103 [2]= 108 [3]=   0 [4]=   0 [5]=   0 [6]=   0 [7]=   0 [8]=   0 [9]=   0 [10]=   0 [11]=   0 
after  (DPU 407) [0]=  97 [1]= 103 [2]= 108 [3]=   0 [4]=   0 [5]=   0 [6]=   0 [7]=   0 [8]=   0 [9]=   0 [10]=   0 [11]=   0 
before (DPU 408) [0]= 115 [1]=  95 [2]= 106 [3]=   0 [4]=   0 [5]=   0 [6]=   0 [7]=   0 [8]=   0 [9]=   0 [10]=   0 [11]=   0 
after  (DPU 408) [0]= 115 [1]=  95 [2]= 106 [3]=   0 [4]=   0 [5]=   0 [6]=   0 [7]=   0 [8]=   0 [9]=   0 [10]=   0 [11]=   0 
before (DPU 409) [0]= 105 [1]= 107 [2]=  86 [3]=   0 [4]=   0 [5]=   0 [6]=   0 [7]=   0 [8]=   0 [9]=   0 [10]=   0 [11]=   0 
after  (DPU 409) [0]= 105 [1]= 107 [2]=  86 [3]=   0 [4]=   0 [5]=   0 [6]=   0 [7]=   0 [8]=   0 [9]=   0 [10]=   0 [11]=   0 
before (DPU 410) [0]=  93 [1]= 106 [2]= 108 [3]=   0 [4]=   0 [5]=   0 [6]=   0 [7]=   0 [8]=   0 [9]=   0 [10]=   0 [11]=   0 
after  (DPU 410) [0]=  93 [1]= 106 [2]= 108 [3]=   0 [4]=   0 [5]=   0 [6]=   0 [7]=   0 [8]=   0 [9]=   0 [10]=   0 [11]=   0 
before (DPU 411) [0]=  96 [1]= 105 [2]= 106 [3]=   0 [4]=   0 [5]=   0 [6]=   0 [7]=   0 [8]=   0 [9]=   0 [10]=   0 [11]=   0 
after  (DPU 411) [0]=  96 [1]= 105 [2]= 106 [3]=   0 [4]=   0 [5]=   0 [6]=   0 [7]=   0 [8]=   0 [9]=   0 [10]=   0 [11]=   0 
before (DPU 412) [0]= 100 [1]=  90 [2]= 120 [3]=   0 [4]=   0 [5]=   0 [6]=   0 [7]=   0 [8]=   0 [9]=   0 [10]=   0 [11]=   0 
after  (DPU 412) [0]= 100 [1]=  90 [2]= 120 [3]=   0 [4]=   0 [5]=   0 [6]=   0 [7]=   0 [8]=   0 [9]=   0 [10]=   0 [11]=   0 
before (DPU 413) [0]= 102 [1]= 111 [2]=  87 [3]=   0 [4]=   0 [5]=   0 [6]=   0 [7]=   0 [8]=   0 [9]=   0 [10]=   0 [11]=   0 
after  (DPU 413) [0]= 102 [1]= 111 [2]=  87 [3]=   0 [4]=   0 [5]=   0 [6]=   0 [7]=   0 [8]=   0 [9]=   0 [10]=   0 [11]=   0 
before (DPU 414) [0]=  94 [1]= 113 [2]=  96 [3]=   0 [4]=   0 [5]=   0 [6]=   0 [7]=   0 [8]=   0 [9]=   0 [10]=   0 [11]=   0 
after  (DPU 414) [0]=  94 [1]= 113 [2]=  96 [3]=   0 [4]=   0 [5]=   0 [6]=   0 [7]=   0 [8]=   0 [9]=   0 [10]=   0 [11]=   0 
before (DPU 415) [0]= 104 [1]=  85 [2]=  94 [3]=   0 [4]=   0 [5]=   0 [6]=   0 [7]=   0 [8]=   0 [9]=   0 [10]=   0 [11]=   0 
after  (DPU 415) [0]= 104 [1]=  85 [2]=  94 [3]=   0 [4]=   0 [5]=   0 [6]=   0 [7]=   0 [8]=   0 [9]=   0 [10]=   0 [11]=   0 
before (DPU 416) [0]= 112 [1]= 104 [2]=  93 [3]=   0 [4]=   0 [5]=   0 [6]=   0 [7]=   0 [8]=   0 [9]=   0 [10]=   0 [11]=   0 
after  (DPU 416) [0]= 112 [1]= 104 [2]=  93 [3]=   0 [4]=   0 [5]=   0 [6]=   0 [7]=   0 [8]=   0 [9]=   0 [10]=   0 [11]=   0 
before (DPU 417) [0]=  98 [1]= 106 [2]=  99 [3]=   0 [4]=   0 [5]=   0 [6]=   0 [7]=   0 [8]=   0 [9]=   0 [10]=   0 [11]=   0 
after  (DPU 417) [0]=  98 [1]= 106 [2]=  99 [3]=   0 [4]=   0 [5]=   0 [6]=   0 [7]=   0 [8]=   0 [9]=   0 [10]=   0 [11]=   0 
before (DPU 418) [0]=  94 [1]=  97 [2]=  92 [3]=   0 [4]=   0 [5]=   0 [6]=   0 [7]=   0 [8]=   0 [9]=   0 [10]=   0 [11]=   0 
after  (DPU 418) [0]=  94 [1]=  97 [2]=  92 [3]=   0 [4]=   0 [5]=   0 [6]=   0 [7]=   0 [8]=   0 [9]=   0 [10]=   0 [11]=   0 
before (DPU 419) [0]= 117 [1]= 104 [2]=  90 [3]=   0 [4]=   0 [5]=   0 [6]=   0 [7]=   0 [8]=   0 [9]=   0 [10]=   0 [11]=   0 
after  (DPU 419) [0]= 117 [1]= 104 [2]=  90 [3]=   0 [4]=   0 [5]=   0 [6]=   0 [7]=   0 [8]=   0 [9]=   0 [10]=   0 [11]=   0 
before (DPU 420) [0]= 103 [1]=  92 [2]=  99 [3]=   0 [4]=   0 [5]=   0 [6]=   0 [7]=   0 [8]=   0 [9]=   0 [10]=   0 [11]=   0 
after  (DPU 420) [0]= 103 [1]=  92 [2]=  99 [3]=   0 [4]=   0 [5]=   0 [6]=   0 [7]=   0 [8]=   0 [9]=   0 [10]=   0 [11]=   0 
before (DPU 421) [0]=  90 [1]=  85 [2]= 100 [3]=   0 [4]=   0 [5]=   0 [6]=   0 [7]=   0 [8]=   0 [9]=   0 [10]=   0 [11]=   0 
after  (DPU 421) [0]=  90 [1]=  85 [2]= 100 [3]=   0 [4]=   0 [5]=   0 [6]=   0 [7]=   0 [8]=   0 [9]=   0 [10]=   0 [11]=   0 
before (DPU 422) [0]= 115 [1]=  88 [2]=  91 [3]=   0 [4]=   0 [5]=   0 [6]=   0 [7]=   0 [8]=   0 [9]=   0 [10]=   0 [11]=   0 
after  (DPU 422) [0]= 115 [1]=  88 [2]=  91 [3]=   0 [4]=   0 [5]=   0 [6]=   0 [7]=   0 [8]=   0 [9]=   0 [10]=   0 [11]=   0 
before (DPU 423) [0]=  97 [1]= 103 [2]= 115 [3]=   0 [4]=   0 [5]=   0 [6]=   0 [7]=   0 [8]=   0 [9]=   0 [10]=   0 [11]=   0 
after  (DPU 423) [0]=  97 [1]= 103 [2]= 115 [3]=   0 [4]=   0 [5]=   0 [6]=   0 [7]=   0 [8]=   0 [9]=   0 [10]=   0 [11]=   0 
before (DPU 424) [0]=  93 [1]=  86 [2]=  90 [3]=   0 [4]=   0 [5]=   0 [6]=   0 [7]=   0 [8]=   0 [9]=   0 [10]=   0 [11]=   0 
after  (DPU 424) [0]=  93 [1]=  86 [2]=  90 [3]=   0 [4]=   0 [5]=   0 [6]=   0 [7]=   0 [8]=   0 [9]=   0 [10]=   0 [11]=   0 
before (DPU 425) [0]=  89 [1]= 100 [2]= 122 [3]=   0 [4]=   0 [5]=   0 [6]=   0 [7]=   0 [8]=   0 [9]=   0 [10]=   0 [11]=   0 
after  (DPU 425) [0]=  89 [1]= 100 [2]= 122 [3]=   0 [4]=   0 [5]=   0 [6]=   0 [7]=   0 [8]=   0 [9]=   0 [10]=   0 [11]=   0 
before (DPU 426) [0]=  90 [1]=  95 [2]= 104 [3]=   0 [4]=   0 [5]=   0 [6]=   0 [7]=   0 [8]=   0 [9]=   0 [10]=   0 [11]=   0 
after  (DPU 426) [0]=  90 [1]=  95 [2]= 104 [3]=   0 [4]=   0 [5]=   0 [6]=   0 [7]=   0 [8]=   0 [9]=   0 [10]=   0 [11]=   0 
before (DPU 427) [0]=  89 [1]=  88 [2]=  96 [3]=   0 [4]=   0 [5]=   0 [6]=   0 [7]=   0 [8]=   0 [9]=   0 [10]=   0 [11]=   0 
after  (DPU 427) [0]=  89 [1]=  88 [2]=  96 [3]=   0 [4]=   0 [5]=   0 [6]=   0 [7]=   0 [8]=   0 [9]=   0 [10]=   0 [11]=   0 
before (DPU 428) [0]=  69 [1]= 103 [2]=  89 [3]=   0 [4]=   0 [5]=   0 [6]=   0 [7]=   0 [8]=   0 [9]=   0 [10]=   0 [11]=   0 
after  (DPU 428) [0]=  69 [1]= 103 [2]=  89 [3]=   0 [4]=   0 [5]=   0 [6]=   0 [7]=   0 [8]=   0 [9]=   0 [10]=   0 [11]=   0 
before (DPU 429) [0]=  81 [1]= 102 [2]=  92 [3]=   0 [4]=   0 [5]=   0 [6]=   0 [7]=   0 [8]=   0 [9]=   0 [10]=   0 [11]=   0 
after  (DPU 429) [0]=  81 [1]= 102 [2]=  92 [3]=   0 [4]=   0 [5]=   0 [6]=   0 [7]=   0 [8]=   0 [9]=   0 [10]=   0 [11]=   0 
before (DPU 430) [0]= 105 [1]=  89 [2]=  94 [3]=   0 [4]=   0 [5]=   0 [6]=   0 [7]=   0 [8]=   0 [9]=   0 [10]=   0 [11]=   0 
after  (DPU 430) [0]= 105 [1]=  89 [2]=  94 [3]=   0 [4]=   0 [5]=   0 [6]=   0 [7]=   0 [8]=   0 [9]=   0 [10]=   0 [11]=   0 
before (DPU 431) [0]=  96 [1]=  94 [2]= 105 [3]=   0 [4]=   0 [5]=   0 [6]=   0 [7]=   0 [8]=   0 [9]=   0 [10]=   0 [11]=   0 
after  (DPU 431) [0]=  96 [1]=  94 [2]= 105 [3]=   0 [4]=   0 [5]=   0 [6]=   0 [7]=   0 [8]=   0 [9]=   0 [10]=   0 [11]=   0 
before (DPU 432) [0]=  95 [1]= 102 [2]=  89 [3]=   0 [4]=   0 [5]=   0 [6]=   0 [7]=   0 [8]=   0 [9]=   0 [10]=   0 [11]=   0 
after  (DPU 432) [0]=  95 [1]= 102 [2]=  89 [3]=   0 [4]=   0 [5]=   0 [6]=   0 [7]=   0 [8]=   0 [9]=   0 [10]=   0 [11]=   0 
before (DPU 433) [0]=  81 [1]= 109 [2]=  93 [3]=   0 [4]=   0 [5]=   0 [6]=   0 [7]=   0 [8]=   0 [9]=   0 [10]=   0 [11]=   0 
after  (DPU 433) [0]=  81 [1]= 109 [2]=  93 [3]=   0 [4]=   0 [5]=   0 [6]=   0 [7]=   0 [8]=   0 [9]=   0 [10]=   0 [11]=   0 
before (DPU 434) [0]=  92 [1]=  98 [2]= 123 [3]=   0 [4]=   0 [5]=   0 [6]=   0 [7]=   0 [8]=   0 [9]=   0 [10]=   0 [11]=   0 
after  (DPU 434) [0]=  92 [1]=  98 [2]= 123 [3]=   0 [4]=   0 [5]=   0 [6]=   0 [7]=   0 [8]=   0 [9]=   0 [10]=   0 [11]=   0 
before (DPU 435) [0]=  87 [1]=  92 [2]=  99 [3]=   0 [4]=   0 [5]=   0 [6]=   0 [7]=   0 [8]=   0 [9]=   0 [10]=   0 [11]=   0 
after  (DPU 435) [0]=  87 [1]=  92 [2]=  99 [3]=   0 [4]=   0 [5]=   0 [6]=   0 [7]=   0 [8]=   0 [9]=   0 [10]=   0 [11]=   0 
before (DPU 436) [0]=  90 [1]=  87 [2]=  95 [3]=   0 [4]=   0 [5]=   0 [6]=   0 [7]=   0 [8]=   0 [9]=   0 [10]=   0 [11]=   0 
after  (DPU 436) [0]=  90 [1]=  87 [2]=  95 [3]=   0 [4]=   0 [5]=   0 [6]=   0 [7]=   0 [8]=   0 [9]=   0 [10]=   0 [11]=   0 
before (DPU 437) [0]=  88 [1]= 100 [2]= 121 [3]=   0 [4]=   0 [5]=   0 [6]=   0 [7]=   0 [8]=   0 [9]=   0 [10]=   0 [11]=   0 
after  (DPU 437) [0]=  88 [1]= 100 [2]= 121 [3]=   0 [4]=   0 [5]=   0 [6]=   0 [7]=   0 [8]=   0 [9]=   0 [10]=   0 [11]=   0 
before (DPU 438) [0]=  93 [1]=  84 [2]=  86 [3]=   0 [4]=   0 [5]=   0 [6]=   0 [7]=   0 [8]=   0 [9]=   0 [10]=   0 [11]=   0 
after  (DPU 438) [0]=  93 [1]=  84 [2]=  86 [3]=   0 [4]=   0 [5]=   0 [6]=   0 [7]=   0 [8]=   0 [9]=   0 [10]=   0 [11]=   0 
before (DPU 439) [0]=  93 [1]=  96 [2]= 101 [3]=   0 [4]=   0 [5]=   0 [6]=   0 [7]=   0 [8]=   0 [9]=   0 [10]=   0 [11]=   0 
after  (DPU 439) [0]=  93 [1]=  96 [2]= 101 [3]=   0 [4]=   0 [5]=   0 [6]=   0 [7]=   0 [8]=   0 [9]=   0 [10]=   0 [11]=   0 
before (DPU 440) [0]=  85 [1]=  62 [2]=  88 [3]=   0 [4]=   0 [5]=   0 [6]=   0 [7]=   0 [8]=   0 [9]=   0 [10]=   0 [11]=   0 
after  (DPU 440) [0]=  85 [1]=  62 [2]=  88 [3]=   0 [4]=   0 [5]=   0 [6]=   0 [7]=   0 [8]=   0 [9]=   0 [10]=   0 [11]=   0 
before (DPU 441) [0]= 106 [1]=  88 [2]=  93 [3]=   0 [4]=   0 [5]=   0 [6]=   0 [7]=   0 [8]=   0 [9]=   0 [10]=   0 [11]=   0 
after  (DPU 441) [0]= 106 [1]=  88 [2]=  93 [3]=   0 [4]=   0 [5]=   0 [6]=   0 [7]=   0 [8]=   0 [9]=   0 [10]=   0 [11]=   0 
before (DPU 442) [0]=  83 [1]=  90 [2]=  96 [3]=   0 [4]=   0 [5]=   0 [6]=   0 [7]=   0 [8]=   0 [9]=   0 [10]=   0 [11]=   0 
after  (DPU 442) [0]=  83 [1]=  90 [2]=  96 [3]=   0 [4]=   0 [5]=   0 [6]=   0 [7]=   0 [8]=   0 [9]=   0 [10]=   0 [11]=   0 
before (DPU 443) [0]=  91 [1]= 117 [2]=  79 [3]=   0 [4]=   0 [5]=   0 [6]=   0 [7]=   0 [8]=   0 [9]=   0 [10]=   0 [11]=   0 
after  (DPU 443) [0]=  91 [1]= 117 [2]=  79 [3]=   0 [4]=   0 [5]=   0 [6]=   0 [7]=   0 [8]=   0 [9]=   0 [10]=   0 [11]=   0 
before (DPU 444) [0]=  88 [1]=  82 [2]=  98 [3]=   0 [4]=   0 [5]=   0 [6]=   0 [7]=   0 [8]=   0 [9]=   0 [10]=   0 [11]=   0 
after  (DPU 444) [0]=  88 [1]=  82 [2]=  98 [3]=   0 [4]=   0 [5]=   0 [6]=   0 [7]=   0 [8]=   0 [9]=   0 [10]=   0 [11]=   0 
before (DPU 445) [0]= 106 [1]= 101 [2]=  79 [3]=   0 [4]=   0 [5]=   0 [6]=   0 [7]=   0 [8]=   0 [9]=   0 [10]=   0 [11]=   0 
after  (DPU 445) [0]= 106 [1]= 101 [2]=  79 [3]=   0 [4]=   0 [5]=   0 [6]=   0 [7]=   0 [8]=   0 [9]=   0 [10]=   0 [11]=   0 
before (DPU 446) [0]= 104 [1]= 100 [2]=   0 [3]=139663 [4]=   0 [5]=   0 [6]=   0 [7]=   0 [8]=   0 [9]=   0 [10]=   0 [11]=   0 
after  (DPU 446) [0]=   0 [1]= 100 [2]=   0 [3]=139663 [4]=   0 [5]=   0 [6]=   0 [7]=   0 [8]=   0 [9]=   0 [10]=   0 [11]=   0 
before (DPU 447) [0]=  82 [1]=  91 [2]= 100 [3]=   0 [4]=   0 [5]=   0 [6]=   0 [7]=   0 [8]=   0 [9]=   0 [10]=   0 [11]=   0 
after  (DPU 447) [0]=  82 [1]=  91 [2]= 100 [3]=   0 [4]=   0 [5]=   0 [6]=   0 [7]=   0 [8]=   0 [9]=   0 [10]=   0 [11]=   0 
before (DPU 448) [0]=  83 [1]=  89 [2]=  91 [3]=   0 [4]=   0 [5]=   0 [6]=   0 [7]=   0 [8]=   0 [9]=   0 [10]=   0 [11]=   0 
after  (DPU 448) [0]=  83 [1]=  89 [2]=  91 [3]=   0 [4]=   0 [5]=   0 [6]=   0 [7]=   0 [8]=   0 [9]=   0 [10]=   0 [11]=   0 
before (DPU 449) [0]=  96 [1]= 102 [2]= 108 [3]=20947 [4]=   0 [5]=   0 [6]=   0 [7]=   0 [8]=   0 [9]=   0 [10]=   0 [11]=   0 
after  (DPU 449) [0]=  96 [1]= 102 [2]= 108 [3]=20947 [4]=   0 [5]=   0 [6]=   0 [7]=   0 [8]=   0 [9]=   0 [10]=   0 [11]=   0 
before (DPU 450) [0]=  93 [1]=  87 [2]= 102 [3]=   0 [4]=   0 [5]=   0 [6]=   0 [7]=   0 [8]=   0 [9]=   0 [10]=   0 [11]=   0 
after  (DPU 450) [0]=  93 [1]=  87 [2]= 102 [3]=   0 [4]=   0 [5]=   0 [6]=   0 [7]=   0 [8]=   0 [9]=   0 [10]=   0 [11]=   0 
before (DPU 451) [0]= 102 [1]=  81 [2]=  93 [3]=   0 [4]=   0 [5]=   0 [6]=   0 [7]=   0 [8]=   0 [9]=   0 [10]=   0 [11]=   0 
after  (DPU 451) [0]= 102 [1]=  81 [2]=  93 [3]=   0 [4]=   0 [5]=   0 [6]=   0 [7]=   0 [8]=   0 [9]=   0 [10]=   0 [11]=   0 
before (DPU 452) [0]=  85 [1]=  96 [2]=  95 [3]=   0 [4]=   0 [5]=   0 [6]=   0 [7]=   0 [8]=   0 [9]=   0 [10]=   0 [11]=   0 
after  (DPU 452) [0]=  85 [1]=  96 [2]=  95 [3]=   0 [4]=   0 [5]=   0 [6]=   0 [7]=   0 [8]=   0 [9]=   0 [10]=   0 [11]=   0 
before (DPU 453) [0]=  87 [1]=  95 [2]=  86 [3]=   0 [4]=   0 [5]=   0 [6]=   0 [7]=   0 [8]=   0 [9]=   0 [10]=   0 [11]=   0 
after  (DPU 453) [0]=  87 [1]=  95 [2]=  86 [3]=   0 [4]=   0 [5]=   0 [6]=   0 [7]=   0 [8]=   0 [9]=   0 [10]=   0 [11]=   0 
before (DPU 454) [0]=  89 [1]= 105 [2]=  94 [3]=   0 [4]=   0 [5]=   0 [6]=   0 [7]=   0 [8]=   0 [9]=   0 [10]=   0 [11]=   0 
after  (DPU 454) [0]=  89 [1]= 105 [2]=  94 [3]=   0 [4]=   0 [5]=   0 [6]=   0 [7]=   0 [8]=   0 [9]=   0 [10]=   0 [11]=   0 
before (DPU 455) [0]=  81 [1]=  72 [2]=  82 [3]=   0 [4]=   0 [5]=   0 [6]=   0 [7]=   0 [8]=   0 [9]=   0 [10]=   0 [11]=   0 
after  (DPU 455) [0]=  81 [1]=  72 [2]=  82 [3]=   0 [4]=   0 [5]=   0 [6]=   0 [7]=   0 [8]=   0 [9]=   0 [10]=   0 [11]=   0 
before (DPU 456) [0]= 100 [1]=  91 [2]=  80 [3]=   0 [4]=   0 [5]=   0 [6]=   0 [7]=   0 [8]=   0 [9]=   0 [10]=   0 [11]=   0 
after  (DPU 456) [0]= 100 [1]=  91 [2]=  80 [3]=   0 [4]=   0 [5]=   0 [6]=   0 [7]=   0 [8]=   0 [9]=   0 [10]=   0 [11]=   0 
before (DPU 457) [0]=  80 [1]= 102 [2]=  98 [3]=   0 [4]=   0 [5]=   0 [6]=   0 [7]=   0 [8]=   0 [9]=   0 [10]=   0 [11]=   0 
after  (DPU 457) [0]=  80 [1]= 102 [2]=  98 [3]=   0 [4]=   0 [5]=   0 [6]=   0 [7]=   0 [8]=   0 [9]=   0 [10]=   0 [11]=   0 
before (DPU 458) [0]=  85 [1]=  79 [2]=  84 [3]=   0 [4]=   0 [5]=   0 [6]=   0 [7]=   0 [8]=   0 [9]=   0 [10]=   0 [11]=   0 
after  (DPU 458) [0]=  85 [1]=  79 [2]=  84 [3]=   0 [4]=   0 [5]=   0 [6]=   0 [7]=   0 [8]=   0 [9]=   0 [10]=   0 [11]=   0 
before (DPU 459) [0]=  94 [1]=  86 [2]=  85 [3]=12260 [4]=   0 [5]=   0 [6]=   0 [7]=   0 [8]=   0 [9]=   0 [10]=   0 [11]=   0 
after  (DPU 459) [0]=  94 [1]=  86 [2]=  85 [3]=12260 [4]=   0 [5]=   0 [6]=   0 [7]=   0 [8]=   0 [9]=   0 [10]=   0 [11]=   0 
before (DPU 460) [0]=  78 [1]=  75 [2]=  96 [3]=   0 [4]=   0 [5]=   0 [6]=   0 [7]=   0 [8]=   0 [9]=   0 [10]=   0 [11]=   0 
after  (DPU 460) [0]=  78 [1]=  75 [2]=  96 [3]=   0 [4]=   0 [5]=   0 [6]=   0 [7]=   0 [8]=   0 [9]=   0 [10]=   0 [11]=   0 
before (DPU 461) [0]=  86 [1]=  89 [2]=  97 [3]=   0 [4]=   0 [5]=   0 [6]=   0 [7]=   0 [8]=   0 [9]=   0 [10]=   0 [11]=   0 
after  (DPU 461) [0]=  86 [1]=  89 [2]=  97 [3]=   0 [4]=   0 [5]=   0 [6]=   0 [7]=   0 [8]=   0 [9]=   0 [10]=   0 [11]=   0 
before (DPU 462) [0]= 101 [1]=  91 [2]=  70 [3]=   0 [4]=   0 [5]=   0 [6]=   0 [7]=   0 [8]=   0 [9]=   0 [10]=   0 [11]=   0 
after  (DPU 462) [0]= 101 [1]=  91 [2]=  70 [3]=   0 [4]=   0 [5]=   0 [6]=   0 [7]=   0 [8]=   0 [9]=   0 [10]=   0 [11]=   0 
before (DPU 463) [0]=  85 [1]=  78 [2]=  86 [3]=   0 [4]=   0 [5]=   0 [6]=   0 [7]=   0 [8]=   0 [9]=   0 [10]=   0 [11]=   0 
after  (DPU 463) [0]=  85 [1]=  78 [2]=  86 [3]=   0 [4]=   0 [5]=   0 [6]=   0 [7]=   0 [8]=   0 [9]=   0 [10]=   0 [11]=   0 
before (DPU 464) [0]=  80 [1]=  89 [2]=  81 [3]=   0 [4]=   0 [5]=   0 [6]=   0 [7]=   0 [8]=   0 [9]=   0 [10]=   0 [11]=   0 
after  (DPU 464) [0]=  80 [1]=  89 [2]=  81 [3]=   0 [4]=   0 [5]=   0 [6]=   0 [7]=   0 [8]=   0 [9]=   0 [10]=   0 [11]=   0 
before (DPU 465) [0]=  82 [1]=  94 [2]=  83 [3]=   0 [4]=   0 [5]=   0 [6]=   0 [7]=   0 [8]=   0 [9]=   0 [10]=   0 [11]=   0 
after  (DPU 465) [0]=  82 [1]=  94 [2]=  83 [3]=   0 [4]=   0 [5]=   0 [6]=   0 [7]=   0 [8]=   0 [9]=   0 [10]=   0 [11]=   0 
before (DPU 466) [0]=  97 [1]=  87 [2]=  90 [3]=   0 [4]=   0 [5]=   0 [6]=   0 [7]=   0 [8]=   0 [9]=   0 [10]=   0 [11]=   0 
after  (DPU 466) [0]=  97 [1]=  87 [2]=  90 [3]=   0 [4]=   0 [5]=   0 [6]=   0 [7]=   0 [8]=   0 [9]=   0 [10]=   0 [11]=   0 
before (DPU 467) [0]=  90 [1]=  86 [2]=  91 [3]=   0 [4]=   0 [5]=   0 [6]=   0 [7]=   0 [8]=   0 [9]=   0 [10]=   0 [11]=   0 
after  (DPU 467) [0]=  90 [1]=  86 [2]=  91 [3]=   0 [4]=   0 [5]=   0 [6]=   0 [7]=   0 [8]=   0 [9]=   0 [10]=   0 [11]=   0 
before (DPU 468) [0]=  74 [1]=  75 [2]=  88 [3]=   0 [4]=   0 [5]=   0 [6]=   0 [7]=   0 [8]=   0 [9]=   0 [10]=   0 [11]=   0 
after  (DPU 468) [0]=  74 [1]=  75 [2]=  88 [3]=   0 [4]=   0 [5]=   0 [6]=   0 [7]=   0 [8]=   0 [9]=   0 [10]=   0 [11]=   0 
before (DPU 469) [0]=  92 [1]=  76 [2]=  79 [3]=   0 [4]=   0 [5]=   0 [6]=   0 [7]=   0 [8]=   0 [9]=   0 [10]=   0 [11]=   0 
after  (DPU 469) [0]=  92 [1]=  76 [2]=  79 [3]=   0 [4]=   0 [5]=   0 [6]=   0 [7]=   0 [8]=   0 [9]=   0 [10]=   0 [11]=   0 
before (DPU 470) [0]=  98 [1]=  73 [2]=  86 [3]=18096 [4]=   0 [5]=   0 [6]=   0 [7]=   0 [8]=   0 [9]=   0 [10]=   0 [11]=   0 
after  (DPU 470) [0]=  98 [1]=  73 [2]=  86 [3]=18096 [4]=   0 [5]=   0 [6]=   0 [7]=   0 [8]=   0 [9]=   0 [10]=   0 [11]=   0 
before (DPU 471) [0]=  80 [1]= 102 [2]=  73 [3]=   0 [4]=   0 [5]=   0 [6]=   0 [7]=   0 [8]=   0 [9]=   0 [10]=   0 [11]=   0 
after  (DPU 471) [0]=  80 [1]= 102 [2]=  73 [3]=   0 [4]=   0 [5]=   0 [6]=   0 [7]=   0 [8]=   0 [9]=   0 [10]=   0 [11]=   0 
before (DPU 472) [0]=  87 [1]=  92 [2]= 105 [3]=   0 [4]=   0 [5]=   0 [6]=   0 [7]=   0 [8]=   0 [9]=   0 [10]=   0 [11]=   0 
after  (DPU 472) [0]=  87 [1]=  92 [2]= 105 [3]=   0 [4]=   0 [5]=   0 [6]=   0 [7]=   0 [8]=   0 [9]=   0 [10]=   0 [11]=   0 
before (DPU 473) [0]=  92 [1]=  82 [2]=  83 [3]=   0 [4]=   0 [5]=   0 [6]=   0 [7]=   0 [8]=   0 [9]=   0 [10]=   0 [11]=   0 
after  (DPU 473) [0]=  92 [1]=  82 [2]=  83 [3]=   0 [4]=   0 [5]=   0 [6]=   0 [7]=   0 [8]=   0 [9]=   0 [10]=   0 [11]=   0 
before (DPU 474) [0]=  93 [1]=  93 [2]= 107 [3]=   0 [4]=   0 [5]=   0 [6]=   0 [7]=   0 [8]=   0 [9]=   0 [10]=   0 [11]=   0 
after  (DPU 474) [0]=  93 [1]=  93 [2]= 107 [3]=   0 [4]=   0 [5]=   0 [6]=   0 [7]=   0 [8]=   0 [9]=   0 [10]=   0 [11]=   0 
before (DPU 475) [0]=  68 [1]=  90 [2]=  85 [3]=   0 [4]=   0 [5]=   0 [6]=   0 [7]=   0 [8]=   0 [9]=   0 [10]=   0 [11]=   0 
after  (DPU 475) [0]=  68 [1]=  90 [2]=  85 [3]=   0 [4]=   0 [5]=   0 [6]=   0 [7]=   0 [8]=   0 [9]=   0 [10]=   0 [11]=   0 
before (DPU 476) [0]=  87 [1]= 100 [2]=  76 [3]=   0 [4]=   0 [5]=   0 [6]=   0 [7]=   0 [8]=   0 [9]=   0 [10]=   0 [11]=   0 
after  (DPU 476) [0]=  87 [1]= 100 [2]=  76 [3]=   0 [4]=   0 [5]=   0 [6]=   0 [7]=   0 [8]=   0 [9]=   0 [10]=   0 [11]=   0 
before (DPU 477) [0]=  87 [1]=  89 [2]=  81 [3]=   0 [4]=   0 [5]=   0 [6]=   0 [7]=   0 [8]=   0 [9]=   0 [10]=   0 [11]=   0 
after  (DPU 477) [0]=  87 [1]=  89 [2]=  81 [3]=   0 [4]=   0 [5]=   0 [6]=   0 [7]=   0 [8]=   0 [9]=   0 [10]=   0 [11]=   0 
before (DPU 478) [0]=  94 [1]=  73 [2]=  80 [3]=  76 [4]=   0 [5]=   0 [6]=   0 [7]=   0 [8]=   0 [9]=   0 [10]=   0 [11]=   0 
after  (DPU 478) [0]=  94 [1]=  73 [2]=  80 [3]=  76 [4]=   0 [5]=   0 [6]=   0 [7]=   0 [8]=   0 [9]=   0 [10]=   0 [11]=   0 
before (DPU 479) [0]=  82 [1]=  96 [2]= 104 [3]=   0 [4]=   0 [5]=   0 [6]=   0 [7]=   0 [8]=   0 [9]=   0 [10]=   0 [11]=   0 
after  (DPU 479) [0]=  82 [1]=  96 [2]= 104 [3]=   0 [4]=   0 [5]=   0 [6]=   0 [7]=   0 [8]=   0 [9]=   0 [10]=   0 [11]=   0 
before (DPU 480) [0]=  88 [1]=  75 [2]=  74 [3]=   0 [4]=   0 [5]=   0 [6]=   0 [7]=   0 [8]=   0 [9]=   0 [10]=   0 [11]=   0 
after  (DPU 480) [0]=  88 [1]=  75 [2]=  74 [3]=   0 [4]=   0 [5]=   0 [6]=   0 [7]=   0 [8]=   0 [9]=   0 [10]=   0 [11]=   0 
before (DPU 481) [0]=  71 [1]=   0 [2]=  85 [3]=33076 [4]=   0 [5]=   0 [6]=   0 [7]=   0 [8]=   0 [9]=   0 [10]=   0 [11]=   0 
after  (DPU 481) [0]=  71 [1]=   0 [2]=   0 [3]=33076 [4]=   0 [5]=   0 [6]=   0 [7]=   0 [8]=   0 [9]=   0 [10]=   0 [11]=   0 
before (DPU 482) [0]=  75 [1]=  85 [2]=  90 [3]=   0 [4]=   0 [5]=   0 [6]=   0 [7]=   0 [8]=   0 [9]=   0 [10]=   0 [11]=   0 
after  (DPU 482) [0]=  75 [1]=  85 [2]=  90 [3]=   0 [4]=   0 [5]=   0 [6]=   0 [7]=   0 [8]=   0 [9]=   0 [10]=   0 [11]=   0 
before (DPU 483) [0]=  72 [1]=  76 [2]=  77 [3]=   0 [4]=   0 [5]=   0 [6]=   0 [7]=   0 [8]=   0 [9]=   0 [10]=   0 [11]=   0 
after  (DPU 483) [0]=  72 [1]=  76 [2]=  77 [3]=  89 [4]=   0 [5]=   0 [6]=   0 [7]=   0 [8]=   0 [9]=   0 [10]=   0 [11]=   0 
before (DPU 484) [0]=  77 [1]=  80 [2]=  79 [3]=   0 [4]=   0 [5]=   0 [6]=   0 [7]=   0 [8]=   0 [9]=   0 [10]=   0 [11]=   0 
after  (DPU 484) [0]=  77 [1]=  80 [2]=  79 [3]=   0 [4]=   0 [5]=   0 [6]=   0 [7]=   0 [8]=   0 [9]=   0 [10]=   0 [11]=   0 
before (DPU 485) [0]=  76 [1]=  83 [2]=  98 [3]=   0 [4]=   0 [5]=   0 [6]=   0 [7]=   0 [8]=   0 [9]=   0 [10]=   0 [11]=   0 
after  (DPU 485) [0]=  76 [1]=  83 [2]=  98 [3]=   0 [4]=   0 [5]=   0 [6]=   0 [7]=   0 [8]=   0 [9]=   0 [10]=   0 [11]=   0 
before (DPU 486) [0]=  94 [1]=  80 [2]=  96 [3]=   0 [4]=   0 [5]=   0 [6]=   0 [7]=   0 [8]=   0 [9]=   0 [10]=   0 [11]=   0 
after  (DPU 486) [0]=  94 [1]=  80 [2]=  96 [3]=   0 [4]=   0 [5]=   0 [6]=   0 [7]=   0 [8]=   0 [9]=   0 [10]=   0 [11]=   0 
before (DPU 487) [0]=  85 [1]=  86 [2]=  78 [3]=   0 [4]=   0 [5]=   0 [6]=   0 [7]=   0 [8]=   0 [9]=   0 [10]=   0 [11]=   0 
after  (DPU 487) [0]=  85 [1]=  86 [2]=  78 [3]=   0 [4]=   0 [5]=   0 [6]=   0 [7]=   0 [8]=   0 [9]=   0 [10]=   0 [11]=   0 
before (DPU 488) [0]=  72 [1]= 106 [2]=  85 [3]=   0 [4]=   0 [5]=   0 [6]=   0 [7]=   0 [8]=   0 [9]=   0 [10]=   0 [11]=   0 
after  (DPU 488) [0]=  72 [1]= 106 [2]=  85 [3]=   0 [4]=   0 [5]=   0 [6]=   0 [7]=   0 [8]=   0 [9]=   0 [10]=   0 [11]=   0 
before (DPU 489) [0]=  88 [1]=  93 [2]=  62 [3]=   0 [4]=   0 [5]=   0 [6]=   0 [7]=   0 [8]=   0 [9]=   0 [10]=   0 [11]=   0 
after  (DPU 489) [0]=  88 [1]=  93 [2]=  62 [3]=   0 [4]=   0 [5]=   0 [6]=   0 [7]=   0 [8]=   0 [9]=   0 [10]=   0 [11]=   0 
before (DPU 490) [0]=  82 [1]=  98 [2]=  77 [3]= 109 [4]=   0 [5]=   0 [6]=   0 [7]=   0 [8]=   0 [9]=   0 [10]=   0 [11]=   0 
after  (DPU 490) [0]=  82 [1]=  98 [2]=  77 [3]= 109 [4]=   0 [5]=   0 [6]=   0 [7]=   0 [8]=   0 [9]=   0 [10]=   0 [11]=   0 
before (DPU 491) [0]=  75 [1]=  74 [2]=  84 [3]=   0 [4]=   0 [5]=   0 [6]=   0 [7]=   0 [8]=   0 [9]=   0 [10]=   0 [11]=   0 
after  (DPU 491) [0]=  75 [1]=  74 [2]=  84 [3]=10153 [4]=   0 [5]=   0 [6]=   0 [7]=   0 [8]=   0 [9]=   0 [10]=   0 [11]=   0 
before (DPU 492) [0]=  74 [1]=  78 [2]=  69 [3]=   0 [4]=   0 [5]=   0 [6]=   0 [7]=   0 [8]=   0 [9]=   0 [10]=   0 [11]=   0 
after  (DPU 492) [0]=  74 [1]=  78 [2]=  69 [3]= 104 [4]=   0 [5]=   0 [6]=   0 [7]=   0 [8]=   0 [9]=   0 [10]=   0 [11]=   0 
before (DPU 493) [0]=  77 [1]=  85 [2]=  73 [3]=   0 [4]=   0 [5]=   0 [6]=   0 [7]=   0 [8]=   0 [9]=   0 [10]=   0 [11]=   0 
after  (DPU 493) [0]=  77 [1]=  85 [2]=  73 [3]=7555 [4]=   0 [5]=   0 [6]=   0 [7]=   0 [8]=   0 [9]=   0 [10]=   0 [11]=   0 
before (DPU 494) [0]=  76 [1]=  89 [2]=  86 [3]=   0 [4]=   0 [5]=   0 [6]=   0 [7]=   0 [8]=   0 [9]=   0 [10]=   0 [11]=   0 
after  (DPU 494) [0]=  76 [1]=  89 [2]=  86 [3]=   0 [4]=   0 [5]=   0 [6]=   0 [7]=   0 [8]=   0 [9]=   0 [10]=   0 [11]=   0 
before (DPU 495) [0]=  79 [1]=  82 [2]=  80 [3]=9238 [4]=   0 [5]=   0 [6]=   0 [7]=   0 [8]=   0 [9]=   0 [10]=   0 [11]=   0 
after  (DPU 495) [0]=  79 [1]=  82 [2]=  80 [3]=9238 [4]=   0 [5]=   0 [6]=   0 [7]=   0 [8]=   0 [9]=   0 [10]=   0 [11]=   0 
before (DPU 496) [0]=  58 [1]=  90 [2]=  83 [3]=13624 [4]=   0 [5]=   0 [6]=   0 [7]=   0 [8]=   0 [9]=   0 [10]=   0 [11]=   0 
after  (DPU 496) [0]=  58 [1]=  90 [2]=  83 [3]=13624 [4]=   0 [5]=   0 [6]=   0 [7]=   0 [8]=   0 [9]=   0 [10]=   0 [11]=   0 
before (DPU 497) [0]=  83 [1]=  81 [2]=  76 [3]=   0 [4]=   0 [5]=   0 [6]=   0 [7]=   0 [8]=   0 [9]=   0 [10]=   0 [11]=   0 
after  (DPU 497) [0]=  83 [1]=  81 [2]=  76 [3]=   0 [4]=   0 [5]=   0 [6]=   0 [7]=   0 [8]=   0 [9]=   0 [10]=   0 [11]=   0 
before (DPU 498) [0]=  79 [1]=  80 [2]=  74 [3]=   0 [4]=   0 [5]=   0 [6]=   0 [7]=   0 [8]=   0 [9]=   0 [10]=   0 [11]=   0 
after  (DPU 498) [0]=  79 [1]=  80 [2]=  74 [3]=  85 [4]=   0 [5]=   0 [6]=   0 [7]=   0 [8]=   0 [9]=   0 [10]=   0 [11]=   0 
before (DPU 499) [0]=  82 [1]=  71 [2]=  89 [3]=48259 [4]=   0 [5]=   0 [6]=   0 [7]=   0 [8]=   0 [9]=   0 [10]=   0 [11]=   0 
after  (DPU 499) [0]=  82 [1]=  71 [2]=   0 [3]=48259 [4]=   0 [5]=   0 [6]=   0 [7]=   0 [8]=   0 [9]=   0 [10]=   0 [11]=   0 
key_index after (DPU 0) [0]=   0 [1]=71776 [2]=71776 [3]=71776 [4]=71776 [5]=71776 [6]=71776 [7]=71776 [8]=71776 [9]=71776 [10]=71776 [11]=71776 [12]=71776 
key_index after (DPU 1) [0]=   0 [1]=26407 [2]=26407 [3]=26407 [4]=26407 [5]=26407 [6]=26407 [7]=26407 [8]=26407 [9]=26407 [10]=26407 [11]=26407 [12]=26407 
key_index after (DPU 2) [0]=   0 [1]=15682 [2]=15682 [3]=15682 [4]=15682 [5]=15682 [6]=15682 [7]=15682 [8]=15682 [9]=15682 [10]=15682 [11]=15682 [12]=15682 
key_index after (DPU 3) [0]=   0 [1]=11294 [2]=11294 [3]=11294 [4]=11294 [5]=11294 [6]=11294 [7]=11294 [8]=11294 [9]=11294 [10]=11294 [11]=11294 [12]=11294 
key_index after (DPU 4) [0]=   0 [1]=8681 [2]=16739 [3]=16739 [4]=16739 [5]=16739 [6]=16739 [7]=16739 [8]=16739 [9]=16739 [10]=16739 [11]=16739 [12]=16739 
key_index after (DPU 5) [0]=   0 [1]=7132 [2]=13886 [3]=13886 [4]=13886 [5]=13886 [6]=13886 [7]=13886 [8]=13886 [9]=13886 [10]=13886 [11]=13886 [12]=13886 
key_index after (DPU 6) [0]=6352 [1]=12287 [2]=18031 [3]=18031 [4]=18031 [5]=18031 [6]=18031 [7]=18031 [8]=18031 [9]=18031 [10]=18031 [11]=18031 [12]=18031 
key_index after (DPU 7) [0]=5449 [1]=10671 [2]=15644 [3]=15644 [4]=15644 [5]=15644 [6]=15644 [7]=15644 [8]=15644 [9]=15644 [10]=15644 [11]=15644 [12]=15644 
key_index after (DPU 8) [0]=4846 [1]=9489 [2]=13991 [3]=13991 [4]=13991 [5]=13991 [6]=13991 [7]=13991 [8]=13991 [9]=13991 [10]=13991 [11]=13991 [12]=13991 
key_index after (DPU 9) [0]=4269 [1]=8443 [2]=12385 [3]=12385 [4]=12385 [5]=12385 [6]=12385 [7]=12385 [8]=12385 [9]=12385 [10]=12385 [11]=12385 [12]=12385 
key_index after (DPU 10) [0]=3866 [1]=7605 [2]=11184 [3]=11184 [4]=11184 [5]=11184 [6]=11184 [7]=11184 [8]=11184 [9]=11184 [10]=11184 [11]=11184 [12]=11184 
key_index after (DPU 11) [0]=3583 [1]=7062 [2]=10405 [3]=10405 [4]=10405 [5]=10405 [6]=10405 [7]=10405 [8]=10405 [9]=10405 [10]=10405 [11]=10405 [12]=10405 
key_index after (DPU 12) [0]=3250 [1]=6392 [2]=9467 [3]=9467 [4]=9467 [5]=9467 [6]=9467 [7]=9467 [8]=9467 [9]=9467 [10]=9467 [11]=9467 [12]=9467 
key_index after (DPU 13) [0]=3000 [1]=5928 [2]=8828 [3]=8828 [4]=8828 [5]=8828 [6]=8828 [7]=8828 [8]=8828 [9]=8828 [10]=8828 [11]=8828 [12]=8828 
key_index after (DPU 14) [0]=2737 [1]=5506 [2]=8166 [3]=8166 [4]=8166 [5]=8166 [6]=8166 [7]=8166 [8]=8166 [9]=8166 [10]=8166 [11]=8166 [12]=8166 
key_index after (DPU 15) [0]=2618 [1]=5180 [2]=7595 [3]=7595 [4]=7595 [5]=7595 [6]=7595 [7]=7595 [8]=7595 [9]=7595 [10]=7595 [11]=7595 [12]=7595 
key_index after (DPU 16) [0]=2487 [1]=4850 [2]=7235 [3]=7235 [4]=7235 [5]=7235 [6]=7235 [7]=7235 [8]=7235 [9]=7235 [10]=7235 [11]=7235 [12]=7235 
key_index after (DPU 17) [0]=2303 [1]=4566 [2]=6733 [3]=6733 [4]=6733 [5]=6733 [6]=6733 [7]=6733 [8]=6733 [9]=6733 [10]=6733 [11]=6733 [12]=6733 
key_index after (DPU 18) [0]=2214 [1]=4321 [2]=6456 [3]=6456 [4]=6456 [5]=6456 [6]=6456 [7]=6456 [8]=6456 [9]=6456 [10]=6456 [11]=6456 [12]=6456 
key_index after (DPU 19) [0]=2021 [1]=4066 [2]=6080 [3]=6080 [4]=6080 [5]=6080 [6]=6080 [7]=6080 [8]=6080 [9]=6080 [10]=6080 [11]=6080 [12]=6080 
key_index after (DPU 20) [0]=1950 [1]=3804 [2]=5718 [3]=5718 [4]=5718 [5]=5718 [6]=5718 [7]=5718 [8]=5718 [9]=5718 [10]=5718 [11]=5718 [12]=5718 
key_index after (DPU 21) [0]=1936 [1]=3819 [2]=5635 [3]=5635 [4]=5635 [5]=5635 [6]=5635 [7]=5635 [8]=5635 [9]=5635 [10]=5635 [11]=5635 [12]=5635 
key_index after (DPU 22) [0]=1771 [1]=3453 [2]=5192 [3]=5192 [4]=5192 [5]=5192 [6]=5192 [7]=5192 [8]=5192 [9]=5192 [10]=5192 [11]=5192 [12]=5192 
key_index after (DPU 23) [0]=1700 [1]=3364 [2]=5128 [3]=5128 [4]=5128 [5]=5128 [6]=5128 [7]=5128 [8]=5128 [9]=5128 [10]=5128 [11]=5128 [12]=5128 
key_index after (DPU 24) [0]=1643 [1]=3275 [2]=4885 [3]=4885 [4]=4885 [5]=4885 [6]=4885 [7]=4885 [8]=4885 [9]=4885 [10]=4885 [11]=4885 [12]=4885 
key_index after (DPU 25) [0]=1529 [1]=3077 [2]=4589 [3]=4589 [4]=4589 [5]=4589 [6]=4589 [7]=4589 [8]=4589 [9]=4589 [10]=4589 [11]=4589 [12]=4589 
key_index after (DPU 26) [0]=1516 [1]=3019 [2]=4544 [3]=4544 [4]=4544 [5]=4544 [6]=4544 [7]=4544 [8]=4544 [9]=4544 [10]=4544 [11]=4544 [12]=4544 
key_index after (DPU 27) [0]=1458 [1]=2885 [2]=4245 [3]=4245 [4]=4245 [5]=4245 [6]=4245 [7]=4245 [8]=4245 [9]=4245 [10]=4245 [11]=4245 [12]=4245 
key_index after (DPU 28) [0]=1456 [1]=2836 [2]=4266 [3]=4266 [4]=4266 [5]=4266 [6]=4266 [7]=4266 [8]=4266 [9]=4266 [10]=4266 [11]=4266 [12]=4266 
key_index after (DPU 29) [0]=1328 [1]=2717 [2]=4067 [3]=4067 [4]=4067 [5]=4067 [6]=4067 [7]=4067 [8]=4067 [9]=4067 [10]=4067 [11]=4067 [12]=4067 
key_index after (DPU 30) [0]=1378 [1]=2663 [2]=3918 [3]=3918 [4]=3918 [5]=3918 [6]=3918 [7]=3918 [8]=3918 [9]=3918 [10]=3918 [11]=3918 [12]=3918 
key_index after (DPU 31) [0]=1334 [1]=2577 [2]=3891 [3]=3891 [4]=3891 [5]=3891 [6]=3891 [7]=3891 [8]=3891 [9]=3891 [10]=3891 [11]=3891 [12]=3891 
key_index after (DPU 32) [0]=1272 [1]=2492 [2]=3717 [3]=3717 [4]=3717 [5]=3717 [6]=3717 [7]=3717 [8]=3717 [9]=3717 [10]=3717 [11]=3717 [12]=3717 
key_index after (DPU 33) [0]=1126 [1]=2391 [2]=3515 [3]=3515 [4]=3515 [5]=3515 [6]=3515 [7]=3515 [8]=3515 [9]=3515 [10]=3515 [11]=3515 [12]=3515 
key_index after (DPU 34) [0]=1106 [1]=2227 [2]=3351 [3]=3351 [4]=3351 [5]=3351 [6]=3351 [7]=3351 [8]=3351 [9]=3351 [10]=3351 [11]=3351 [12]=3351 
key_index after (DPU 35) [0]=1122 [1]=2246 [2]=3358 [3]=3358 [4]=3358 [5]=3358 [6]=3358 [7]=3358 [8]=3358 [9]=3358 [10]=3358 [11]=3358 [12]=3358 
key_index after (DPU 36) [0]=1056 [1]=2184 [2]=3253 [3]=3253 [4]=3253 [5]=3253 [6]=3253 [7]=3253 [8]=3253 [9]=3253 [10]=3253 [11]=3253 [12]=3253 
key_index after (DPU 37) [0]=1097 [1]=2174 [2]=3214 [3]=3214 [4]=3214 [5]=3214 [6]=3214 [7]=3214 [8]=3214 [9]=3214 [10]=3214 [11]=3214 [12]=3214 
key_index after (DPU 38) [0]=1092 [1]=2157 [2]=3175 [3]=3175 [4]=3175 [5]=3175 [6]=3175 [7]=3175 [8]=3175 [9]=3175 [10]=3175 [11]=3175 [12]=3175 
key_index after (DPU 39) [0]=1033 [1]=2122 [2]=3137 [3]=3137 [4]=3137 [5]=3137 [6]=3137 [7]=3137 [8]=3137 [9]=3137 [10]=3137 [11]=3137 [12]=3137 
key_index after (DPU 40) [0]=1031 [1]=2034 [2]=3002 [3]=3002 [4]=3002 [5]=3002 [6]=3002 [7]=3002 [8]=3002 [9]=3002 [10]=3002 [11]=3002 [12]=3002 
key_index after (DPU 41) [0]=1003 [1]=1922 [2]=2891 [3]=2891 [4]=2891 [5]=2891 [6]=2891 [7]=2891 [8]=2891 [9]=2891 [10]=2891 [11]=2891 [12]=2891 
key_index after (DPU 42) [0]= 932 [1]=1924 [2]=2894 [3]=2894 [4]=2894 [5]=2894 [6]=2894 [7]=2894 [8]=2894 [9]=2894 [10]=2894 [11]=2894 [12]=2894 
key_index after (DPU 43) [0]= 908 [1]=1853 [2]=2696 [3]=2696 [4]=2696 [5]=2696 [6]=2696 [7]=2696 [8]=2696 [9]=2696 [10]=2696 [11]=2696 [12]=2696 
key_index after (DPU 44) [0]= 934 [1]=1822 [2]=2723 [3]=2723 [4]=2723 [5]=2723 [6]=2723 [7]=2723 [8]=2723 [9]=2723 [10]=2723 [11]=2723 [12]=2723 
key_index after (DPU 45) [0]= 909 [1]=1774 [2]=2682 [3]=2682 [4]=2682 [5]=2682 [6]=2682 [7]=2682 [8]=2682 [9]=2682 [10]=2682 [11]=2682 [12]=2682 
key_index after (DPU 46) [0]= 867 [1]=1753 [2]=2570 [3]=2570 [4]=2570 [5]=2570 [6]=2570 [7]=2570 [8]=2570 [9]=2570 [10]=2570 [11]=2570 [12]=2570 
key_index after (DPU 47) [0]= 867 [1]=1738 [2]=2561 [3]=2561 [4]=2561 [5]=2561 [6]=2561 [7]=2561 [8]=2561 [9]=2561 [10]=2561 [11]=2561 [12]=2561 
key_index after (DPU 48) [0]= 841 [1]=1639 [2]=2497 [3]=2497 [4]=2497 [5]=2497 [6]=2497 [7]=2497 [8]=2497 [9]=2497 [10]=2497 [11]=2497 [12]=2497 
key_index after (DPU 49) [0]= 867 [1]=1676 [2]=2448 [3]=2448 [4]=2448 [5]=2448 [6]=2448 [7]=2448 [8]=2448 [9]=2448 [10]=2448 [11]=2448 [12]=2448 
key_index after (DPU 50) [0]= 865 [1]=1686 [2]=2498 [3]=2498 [4]=2498 [5]=2498 [6]=2498 [7]=2498 [8]=2498 [9]=2498 [10]=2498 [11]=2498 [12]=2498 
key_index after (DPU 51) [0]= 771 [1]=1580 [2]=2348 [3]=2348 [4]=2348 [5]=2348 [6]=2348 [7]=2348 [8]=2348 [9]=2348 [10]=2348 [11]=2348 [12]=2348 
key_index after (DPU 52) [0]= 731 [1]=1466 [2]=2250 [3]=2250 [4]=2250 [5]=2250 [6]=2250 [7]=2250 [8]=2250 [9]=2250 [10]=2250 [11]=2250 [12]=2250 
key_index after (DPU 53) [0]= 730 [1]=1481 [2]=2256 [3]=2256 [4]=2256 [5]=2256 [6]=2256 [7]=2256 [8]=2256 [9]=2256 [10]=2256 [11]=2256 [12]=2256 
key_index after (DPU 54) [0]= 747 [1]=1419 [2]=2149 [3]=2149 [4]=2149 [5]=2149 [6]=2149 [7]=2149 [8]=2149 [9]=2149 [10]=2149 [11]=2149 [12]=2149 
key_index after (DPU 55) [0]= 715 [1]=1460 [2]=2182 [3]=2182 [4]=2182 [5]=2182 [6]=2182 [7]=2182 [8]=2182 [9]=2182 [10]=2182 [11]=2182 [12]=2182 
key_index after (DPU 56) [0]= 717 [1]=1414 [2]=2138 [3]=2138 [4]=2138 [5]=2138 [6]=2138 [7]=2138 [8]=2138 [9]=2138 [10]=2138 [11]=2138 [12]=2138 
key_index after (DPU 57) [0]= 724 [1]=1415 [2]=2074 [3]=2074 [4]=2074 [5]=2074 [6]=2074 [7]=2074 [8]=2074 [9]=2074 [10]=2074 [11]=2074 [12]=2074 
key_index after (DPU 58) [0]= 717 [1]=1390 [2]=2100 [3]=2100 [4]=2100 [5]=2100 [6]=2100 [7]=2100 [8]=2100 [9]=2100 [10]=2100 [11]=2100 [12]=2100 
key_index after (DPU 59) [0]= 655 [1]=1342 [2]=2013 [3]=2013 [4]=2013 [5]=2013 [6]=2013 [7]=2013 [8]=2013 [9]=2013 [10]=2013 [11]=2013 [12]=2013 
key_index after (DPU 60) [0]= 618 [1]=1246 [2]=1905 [3]=1905 [4]=1905 [5]=1905 [6]=1905 [7]=1905 [8]=1905 [9]=1905 [10]=1905 [11]=1905 [12]=1905 
key_index after (DPU 61) [0]= 672 [1]=1355 [2]=1980 [3]=1980 [4]=1980 [5]=1980 [6]=1980 [7]=1980 [8]=1980 [9]=1980 [10]=1980 [11]=1980 [12]=1980 
key_index after (DPU 62) [0]= 568 [1]=1220 [2]=1873 [3]=1873 [4]=1873 [5]=1873 [6]=1873 [7]=1873 [8]=1873 [9]=1873 [10]=1873 [11]=1873 [12]=1873 
key_index after (DPU 63) [0]= 674 [1]=1293 [2]=1904 [3]=1904 [4]=1904 [5]=1904 [6]=1904 [7]=1904 [8]=1904 [9]=1904 [10]=1904 [11]=1904 [12]=1904 
key_index after (DPU 64) [0]= 654 [1]=1290 [2]=1925 [3]=1925 [4]=1925 [5]=1925 [6]=1925 [7]=1925 [8]=1925 [9]=1925 [10]=1925 [11]=1925 [12]=1925 
key_index after (DPU 65) [0]= 628 [1]=1232 [2]=1837 [3]=1837 [4]=1837 [5]=1837 [6]=1837 [7]=1837 [8]=1837 [9]=1837 [10]=1837 [11]=1837 [12]=1837 
key_index after (DPU 66) [0]= 637 [1]=1238 [2]=1839 [3]=1839 [4]=1839 [5]=1839 [6]=1839 [7]=1839 [8]=1839 [9]=1839 [10]=1839 [11]=1839 [12]=1839 
key_index after (DPU 67) [0]= 624 [1]=1208 [2]=1804 [3]=1804 [4]=1804 [5]=1804 [6]=1804 [7]=1804 [8]=1804 [9]=1804 [10]=1804 [11]=1804 [12]=1804 
key_index after (DPU 68) [0]= 558 [1]=1113 [2]=1703 [3]=1703 [4]=1703 [5]=1703 [6]=1703 [7]=1703 [8]=1703 [9]=1703 [10]=1703 [11]=1703 [12]=1703 
key_index after (DPU 69) [0]= 573 [1]=1123 [2]=1696 [3]=1696 [4]=1696 [5]=1696 [6]=1696 [7]=1696 [8]=1696 [9]=1696 [10]=1696 [11]=1696 [12]=1696 
key_index after (DPU 70) [0]= 601 [1]=1171 [2]=1722 [3]=1722 [4]=1722 [5]=1722 [6]=1722 [7]=1722 [8]=1722 [9]=1722 [10]=1722 [11]=1722 [12]=1722 
key_index after (DPU 71) [0]= 567 [1]=1132 [2]=1685 [3]=1685 [4]=1685 [5]=1685 [6]=1685 [7]=1685 [8]=1685 [9]=1685 [10]=1685 [11]=1685 [12]=1685 
key_index after (DPU 72) [0]= 533 [1]=1072 [2]=1630 [3]=1630 [4]=1630 [5]=1630 [6]=1630 [7]=1630 [8]=1630 [9]=1630 [10]=1630 [11]=1630 [12]=1630 
key_index after (DPU 73) [0]= 599 [1]=1123 [2]=1637 [3]=1637 [4]=1637 [5]=1637 [6]=1637 [7]=1637 [8]=1637 [9]=1637 [10]=1637 [11]=1637 [12]=1637 
key_index after (DPU 74) [0]= 503 [1]=1037 [2]=1548 [3]=1548 [4]=1548 [5]=1548 [6]=1548 [7]=1548 [8]=1548 [9]=1548 [10]=1548 [11]=1548 [12]=1548 
key_index after (DPU 75) [0]= 548 [1]=1106 [2]=1638 [3]=1638 [4]=1638 [5]=1638 [6]=1638 [7]=1638 [8]=1638 [9]=1638 [10]=1638 [11]=1638 [12]=1638 
key_index after (DPU 76) [0]= 524 [1]=1063 [2]=1568 [3]=1568 [4]=1568 [5]=1568 [6]=1568 [7]=1568 [8]=1568 [9]=1568 [10]=1568 [11]=1568 [12]=1568 
key_index after (DPU 77) [0]= 561 [1]=1082 [2]=1635 [3]=1635 [4]=1635 [5]=1635 [6]=1635 [7]=1635 [8]=1635 [9]=1635 [10]=1635 [11]=1635 [12]=1635 
key_index after (DPU 78) [0]= 502 [1]= 985 [2]=1453 [3]=1453 [4]=1453 [5]=1453 [6]=1453 [7]=1453 [8]=1453 [9]=1453 [10]=1453 [11]=1453 [12]=1453 
key_index after (DPU 79) [0]= 496 [1]=1032 [2]=1517 [3]=1517 [4]=1517 [5]=1517 [6]=1517 [7]=1517 [8]=1517 [9]=1517 [10]=1517 [11]=1517 [12]=1517 
key_index after (DPU 80) [0]= 518 [1]=1010 [2]=1529 [3]=1529 [4]=1529 [5]=1529 [6]=1529 [7]=1529 [8]=1529 [9]=1529 [10]=1529 [11]=1529 [12]=1529 
key_index after (DPU 81) [0]= 473 [1]= 973 [2]=1451 [3]=1451 [4]=1451 [5]=1451 [6]=1451 [7]=1451 [8]=1451 [9]=1451 [10]=1451 [11]=1451 [12]=1451 
key_index after (DPU 82) [0]= 516 [1]= 964 [2]=1446 [3]=1446 [4]=1446 [5]=1446 [6]=1446 [7]=1446 [8]=1446 [9]=1446 [10]=1446 [11]=1446 [12]=1446 
key_index after (DPU 83) [0]= 440 [1]= 931 [2]=1395 [3]=1395 [4]=1395 [5]=1395 [6]=1395 [7]=1395 [8]=1395 [9]=1395 [10]=1395 [11]=1395 [12]=1395 
key_index after (DPU 84) [0]= 477 [1]= 952 [2]=1424 [3]=1424 [4]=1424 [5]=1424 [6]=1424 [7]=1424 [8]=1424 [9]=1424 [10]=1424 [11]=1424 [12]=1424 
key_index after (DPU 85) [0]= 476 [1]= 939 [2]=1434 [3]=1434 [4]=1434 [5]=1434 [6]=1434 [7]=1434 [8]=1434 [9]=1434 [10]=1434 [11]=1434 [12]=1434 
key_index after (DPU 86) [0]= 449 [1]= 936 [2]=1401 [3]=1401 [4]=1401 [5]=1401 [6]=1401 [7]=1401 [8]=1401 [9]=1401 [10]=1401 [11]=1401 [12]=1401 
key_index after (DPU 87) [0]= 479 [1]= 933 [2]=1383 [3]=1383 [4]=1383 [5]=1383 [6]=1383 [7]=1383 [8]=1383 [9]=1383 [10]=1383 [11]=1383 [12]=1383 
key_index after (DPU 88) [0]= 461 [1]= 928 [2]=1379 [3]=1379 [4]=1379 [5]=1379 [6]=1379 [7]=1379 [8]=1379 [9]=1379 [10]=1379 [11]=1379 [12]=1379 
key_index after (DPU 89) [0]= 474 [1]= 911 [2]=1349 [3]=1349 [4]=1349 [5]=1349 [6]=1349 [7]=1349 [8]=1349 [9]=1349 [10]=1349 [11]=1349 [12]=1349 
key_index after (DPU 90) [0]= 465 [1]= 872 [2]=1289 [3]=1289 [4]=1289 [5]=1289 [6]=1289 [7]=1289 [8]=1289 [9]=1289 [10]=1289 [11]=1289 [12]=1289 
key_index after (DPU 91) [0]= 434 [1]= 881 [2]=1319 [3]=1319 [4]=1319 [5]=1319 [6]=1319 [7]=1319 [8]=1319 [9]=1319 [10]=1319 [11]=1319 [12]=1319 
key_index after (DPU 92) [0]= 472 [1]= 894 [2]=1295 [3]=1295 [4]=1295 [5]=1295 [6]=1295 [7]=1295 [8]=1295 [9]=1295 [10]=1295 [11]=1295 [12]=1295 
key_index after (DPU 93) [0]= 459 [1]= 911 [2]=1385 [3]=1385 [4]=1385 [5]=1385 [6]=1385 [7]=1385 [8]=1385 [9]=1385 [10]=1385 [11]=1385 [12]=1385 
key_index after (DPU 94) [0]= 448 [1]= 872 [2]=1307 [3]=1307 [4]=1307 [5]=1307 [6]=1307 [7]=1307 [8]=1307 [9]=1307 [10]=1307 [11]=1307 [12]=1307 
key_index after (DPU 95) [0]= 466 [1]= 869 [2]=1291 [3]=1291 [4]=1291 [5]=1291 [6]=1291 [7]=1291 [8]=1291 [9]=1291 [10]=1291 [11]=1291 [12]=1291 
key_index after (DPU 96) [0]= 438 [1]= 813 [2]=1224 [3]=1224 [4]=1224 [5]=1224 [6]=1224 [7]=1224 [8]=1224 [9]=1224 [10]=1224 [11]=1224 [12]=1224 
key_index after (DPU 97) [0]= 412 [1]= 820 [2]=1233 [3]=1233 [4]=1233 [5]=1233 [6]=1233 [7]=1233 [8]=1233 [9]=1233 [10]=1233 [11]=1233 [12]=1233 
key_index after (DPU 98) [0]= 430 [1]= 838 [2]=1278 [3]=1278 [4]=1278 [5]=1278 [6]=1278 [7]=1278 [8]=1278 [9]=1278 [10]=1278 [11]=1278 [12]=1278 
key_index after (DPU 99) [0]= 405 [1]= 845 [2]=1240 [3]=1240 [4]=1240 [5]=1240 [6]=1240 [7]=1240 [8]=1240 [9]=1240 [10]=1240 [11]=1240 [12]=1240 
key_index after (DPU 100) [0]= 407 [1]= 755 [2]=1143 [3]=1143 [4]=1143 [5]=1143 [6]=1143 [7]=1143 [8]=1143 [9]=1143 [10]=1143 [11]=1143 [12]=1143 
key_index after (DPU 101) [0]= 417 [1]= 798 [2]=1213 [3]=1213 [4]=1213 [5]=1213 [6]=1213 [7]=1213 [8]=1213 [9]=1213 [10]=1213 [11]=1213 [12]=1213 
key_index after (DPU 102) [0]= 394 [1]= 791 [2]=1222 [3]=1222 [4]=1222 [5]=1222 [6]=1222 [7]=1222 [8]=1222 [9]=1222 [10]=1222 [11]=1222 [12]=1222 
key_index after (DPU 103) [0]= 369 [1]= 745 [2]=1138 [3]=1138 [4]=1138 [5]=1138 [6]=1138 [7]=1138 [8]=1138 [9]=1138 [10]=1138 [11]=1138 [12]=1138 
key_index after (DPU 104) [0]= 385 [1]= 753 [2]=1152 [3]=1152 [4]=1152 [5]=1152 [6]=1152 [7]=1152 [8]=1152 [9]=1152 [10]=1152 [11]=1152 [12]=1152 
key_index after (DPU 105) [0]= 378 [1]= 718 [2]=1115 [3]=1115 [4]=1115 [5]=1115 [6]=1115 [7]=1115 [8]=1115 [9]=1115 [10]=1115 [11]=1115 [12]=1115 
key_index after (DPU 106) [0]= 392 [1]= 727 [2]=1098 [3]=1098 [4]=1098 [5]=1098 [6]=1098 [7]=1098 [8]=1098 [9]=1098 [10]=1098 [11]=1098 [12]=1098 
key_index after (DPU 107) [0]= 374 [1]= 775 [2]=1119 [3]=1119 [4]=1119 [5]=1119 [6]=1119 [7]=1119 [8]=1119 [9]=1119 [10]=1119 [11]=1119 [12]=1119 
key_index after (DPU 108) [0]= 340 [1]= 707 [2]=1039 [3]=1039 [4]=1039 [5]=1039 [6]=1039 [7]=1039 [8]=1039 [9]=1039 [10]=1039 [11]=1039 [12]=1039 
key_index after (DPU 109) [0]= 380 [1]= 719 [2]=1074 [3]=1074 [4]=1074 [5]=1074 [6]=1074 [7]=1074 [8]=1074 [9]=1074 [10]=1074 [11]=1074 [12]=1074 
key_index after (DPU 110) [0]= 375 [1]= 732 [2]=1096 [3]=1096 [4]=1096 [5]=1096 [6]=1096 [7]=1096 [8]=1096 [9]=1096 [10]=1096 [11]=1096 [12]=1096 
key_index after (DPU 111) [0]= 348 [1]= 709 [2]=1084 [3]=1084 [4]=1084 [5]=1084 [6]=1084 [7]=1084 [8]=1084 [9]=1084 [10]=1084 [11]=1084 [12]=1084 
key_index after (DPU 112) [0]= 354 [1]= 729 [2]=1080 [3]=1080 [4]=1080 [5]=1080 [6]=1080 [7]=1080 [8]=1080 [9]=1080 [10]=1080 [11]=1080 [12]=1080 
key_index after (DPU 113) [0]= 354 [1]= 723 [2]=1090 [3]=1090 [4]=1090 [5]=1090 [6]=1090 [7]=1090 [8]=1090 [9]=1090 [10]=1090 [11]=1090 [12]=1090 
key_index after (DPU 114) [0]= 318 [1]= 677 [2]=1021 [3]=1021 [4]=1021 [5]=1021 [6]=1021 [7]=1021 [8]=1021 [9]=1021 [10]=1021 [11]=1021 [12]=1021 
key_index after (DPU 115) [0]= 353 [1]= 712 [2]=1072 [3]=1072 [4]=1072 [5]=1072 [6]=1072 [7]=1072 [8]=1072 [9]=1072 [10]=1072 [11]=1072 [12]=1072 
key_index after (DPU 116) [0]= 320 [1]= 696 [2]=1032 [3]=1032 [4]=1032 [5]=1032 [6]=1032 [7]=1032 [8]=1032 [9]=1032 [10]=1032 [11]=1032 [12]=1032 
key_index after (DPU 117) [0]= 354 [1]= 734 [2]=1047 [3]=1047 [4]=1047 [5]=1047 [6]=1047 [7]=1047 [8]=1047 [9]=1047 [10]=1047 [11]=1047 [12]=1047 
key_index after (DPU 118) [0]= 343 [1]= 654 [2]= 977 [3]= 977 [4]= 977 [5]= 977 [6]= 977 [7]= 977 [8]= 977 [9]= 977 [10]= 977 [11]= 977 [12]= 977 
key_index after (DPU 119) [0]= 340 [1]= 633 [2]= 956 [3]= 956 [4]= 956 [5]= 956 [6]= 956 [7]= 956 [8]= 956 [9]= 956 [10]= 956 [11]= 956 [12]= 956 
key_index after (DPU 120) [0]= 343 [1]= 666 [2]=1014 [3]=1014 [4]=1014 [5]=1014 [6]=1014 [7]=1014 [8]=1014 [9]=1014 [10]=1014 [11]=1014 [12]=1014 
key_index after (DPU 121) [0]= 316 [1]= 627 [2]= 957 [3]= 957 [4]= 957 [5]= 957 [6]= 957 [7]= 957 [8]= 957 [9]= 957 [10]= 957 [11]= 957 [12]= 957 
key_index after (DPU 122) [0]= 364 [1]= 692 [2]=1025 [3]=1025 [4]=1025 [5]=1025 [6]=1025 [7]=1025 [8]=1025 [9]=1025 [10]=1025 [11]=1025 [12]=1025 
key_index after (DPU 123) [0]= 338 [1]= 657 [2]= 974 [3]= 974 [4]= 974 [5]= 974 [6]= 974 [7]= 974 [8]= 974 [9]= 974 [10]= 974 [11]= 974 [12]= 974 
key_index after (DPU 124) [0]= 345 [1]= 670 [2]=1023 [3]=1023 [4]=1023 [5]=1023 [6]=1023 [7]=1023 [8]=1023 [9]=1023 [10]=1023 [11]=1023 [12]=1023 
key_index after (DPU 125) [0]= 338 [1]= 687 [2]=1023 [3]=1023 [4]=1023 [5]=1023 [6]=1023 [7]=1023 [8]=1023 [9]=1023 [10]=1023 [11]=1023 [12]=1023 
key_index after (DPU 126) [0]= 295 [1]= 617 [2]= 929 [3]= 929 [4]= 929 [5]= 929 [6]= 929 [7]= 929 [8]= 929 [9]= 929 [10]= 929 [11]= 929 [12]= 929 
key_index after (DPU 127) [0]= 299 [1]= 587 [2]= 884 [3]= 884 [4]= 884 [5]= 884 [6]= 884 [7]= 884 [8]= 884 [9]= 884 [10]= 884 [11]= 884 [12]= 884 
key_index after (DPU 128) [0]= 330 [1]= 659 [2]= 985 [3]= 985 [4]= 985 [5]= 985 [6]= 985 [7]= 985 [8]= 985 [9]= 985 [10]= 985 [11]= 985 [12]= 985 
key_index after (DPU 129) [0]= 356 [1]= 652 [2]= 949 [3]= 949 [4]= 949 [5]= 949 [6]= 949 [7]= 949 [8]= 949 [9]= 949 [10]= 949 [11]= 949 [12]= 949 
key_index after (DPU 130) [0]= 321 [1]= 645 [2]= 974 [3]= 974 [4]= 974 [5]= 974 [6]= 974 [7]= 974 [8]= 974 [9]= 974 [10]= 974 [11]= 974 [12]= 974 
key_index after (DPU 131) [0]= 292 [1]= 604 [2]= 921 [3]= 921 [4]= 921 [5]= 921 [6]= 921 [7]= 921 [8]= 921 [9]= 921 [10]= 921 [11]= 921 [12]= 921 
key_index after (DPU 132) [0]= 316 [1]= 628 [2]= 930 [3]= 930 [4]= 930 [5]= 930 [6]= 930 [7]= 930 [8]= 930 [9]= 930 [10]= 930 [11]= 930 [12]= 930 
key_index after (DPU 133) [0]= 320 [1]= 587 [2]= 921 [3]= 921 [4]= 921 [5]= 921 [6]= 921 [7]= 921 [8]= 921 [9]= 921 [10]= 921 [11]= 921 [12]= 921 
key_index after (DPU 134) [0]= 297 [1]= 590 [2]= 883 [3]= 883 [4]= 883 [5]= 883 [6]= 883 [7]= 883 [8]= 883 [9]= 883 [10]= 883 [11]= 883 [12]= 883 
key_index after (DPU 135) [0]= 282 [1]= 579 [2]= 880 [3]= 880 [4]= 880 [5]= 880 [6]= 880 [7]= 880 [8]= 880 [9]= 880 [10]= 880 [11]= 880 [12]= 880 
key_index after (DPU 136) [0]= 310 [1]= 611 [2]= 888 [3]= 888 [4]= 888 [5]= 888 [6]= 888 [7]= 888 [8]= 888 [9]= 888 [10]= 888 [11]= 888 [12]= 888 
key_index after (DPU 137) [0]= 277 [1]= 559 [2]= 826 [3]= 826 [4]= 826 [5]= 826 [6]= 826 [7]= 826 [8]= 826 [9]= 826 [10]= 826 [11]= 826 [12]= 826 
key_index after (DPU 138) [0]= 278 [1]= 612 [2]= 903 [3]= 903 [4]= 903 [5]= 903 [6]= 903 [7]= 903 [8]= 903 [9]= 903 [10]= 903 [11]= 903 [12]= 903 
key_index after (DPU 139) [0]= 274 [1]= 602 [2]= 882 [3]= 882 [4]= 882 [5]= 882 [6]= 882 [7]= 882 [8]= 882 [9]= 882 [10]= 882 [11]= 882 [12]= 882 
key_index after (DPU 140) [0]= 309 [1]= 600 [2]= 930 [3]= 930 [4]= 930 [5]= 930 [6]= 930 [7]= 930 [8]= 930 [9]= 930 [10]= 930 [11]= 930 [12]= 930 
key_index after (DPU 141) [0]= 291 [1]= 551 [2]= 843 [3]= 843 [4]= 843 [5]= 843 [6]= 843 [7]= 843 [8]= 843 [9]= 843 [10]= 843 [11]= 843 [12]= 843 
key_index after (DPU 142) [0]= 280 [1]= 564 [2]= 859 [3]= 859 [4]= 859 [5]= 859 [6]= 859 [7]= 859 [8]= 859 [9]= 859 [10]= 859 [11]= 859 [12]= 859 
key_index after (DPU 143) [0]= 251 [1]= 538 [2]= 820 [3]= 820 [4]= 820 [5]= 820 [6]= 820 [7]= 820 [8]= 820 [9]= 820 [10]= 820 [11]= 820 [12]= 820 
key_index after (DPU 144) [0]= 267 [1]= 524 [2]= 786 [3]= 786 [4]= 786 [5]= 786 [6]= 786 [7]= 786 [8]= 786 [9]= 786 [10]= 786 [11]= 786 [12]= 786 
key_index after (DPU 145) [0]= 265 [1]= 538 [2]= 799 [3]= 799 [4]= 799 [5]= 799 [6]= 799 [7]= 799 [8]= 799 [9]= 799 [10]= 799 [11]= 799 [12]= 799 
key_index after (DPU 146) [0]= 272 [1]= 571 [2]= 859 [3]= 859 [4]= 859 [5]= 859 [6]= 859 [7]= 859 [8]= 859 [9]= 859 [10]= 859 [11]= 859 [12]= 859 
key_index after (DPU 147) [0]= 304 [1]= 595 [2]= 853 [3]= 853 [4]= 853 [5]= 853 [6]= 853 [7]= 853 [8]= 853 [9]= 853 [10]= 853 [11]= 853 [12]= 853 
key_index after (DPU 148) [0]= 291 [1]= 582 [2]= 882 [3]= 882 [4]= 882 [5]= 882 [6]= 882 [7]= 882 [8]= 882 [9]= 882 [10]= 882 [11]= 882 [12]= 882 
key_index after (DPU 149) [0]= 266 [1]= 516 [2]= 761 [3]= 761 [4]= 761 [5]= 761 [6]= 761 [7]= 761 [8]= 761 [9]= 761 [10]= 761 [11]= 761 [12]= 761 
key_index after (DPU 150) [0]= 277 [1]= 549 [2]= 787 [3]= 787 [4]= 787 [5]= 787 [6]= 787 [7]= 787 [8]= 787 [9]= 787 [10]= 787 [11]= 787 [12]= 787 
key_index after (DPU 151) [0]= 295 [1]= 565 [2]= 831 [3]= 831 [4]= 831 [5]= 831 [6]= 831 [7]= 831 [8]= 831 [9]= 831 [10]= 831 [11]= 831 [12]= 831 
key_index after (DPU 152) [0]= 258 [1]= 540 [2]= 806 [3]= 806 [4]= 806 [5]= 806 [6]= 806 [7]= 806 [8]= 806 [9]= 806 [10]= 806 [11]= 806 [12]= 806 
key_index after (DPU 153) [0]= 255 [1]= 528 [2]= 785 [3]= 785 [4]= 785 [5]= 785 [6]= 785 [7]= 785 [8]= 785 [9]= 785 [10]= 785 [11]= 785 [12]= 785 
key_index after (DPU 154) [0]= 272 [1]= 547 [2]= 826 [3]= 826 [4]= 826 [5]= 826 [6]= 826 [7]= 826 [8]= 826 [9]= 826 [10]= 826 [11]= 826 [12]= 826 
key_index after (DPU 155) [0]= 254 [1]= 527 [2]= 780 [3]= 780 [4]= 780 [5]= 780 [6]= 780 [7]= 780 [8]= 780 [9]= 780 [10]= 780 [11]= 780 [12]= 780 
key_index after (DPU 156) [0]= 242 [1]= 517 [2]= 763 [3]= 763 [4]= 763 [5]= 763 [6]= 763 [7]= 763 [8]= 763 [9]= 763 [10]= 763 [11]= 763 [12]= 763 
key_index after (DPU 157) [0]= 270 [1]= 513 [2]= 766 [3]= 766 [4]= 766 [5]= 766 [6]= 766 [7]= 766 [8]= 766 [9]= 766 [10]= 766 [11]= 766 [12]= 766 
key_index after (DPU 158) [0]= 252 [1]= 502 [2]= 753 [3]= 753 [4]= 753 [5]= 753 [6]= 753 [7]= 753 [8]= 753 [9]= 753 [10]= 753 [11]= 753 [12]= 753 
key_index after (DPU 159) [0]= 261 [1]= 536 [2]= 849 [3]= 849 [4]= 849 [5]= 849 [6]= 849 [7]= 849 [8]= 849 [9]= 849 [10]= 849 [11]= 849 [12]= 849 
key_index after (DPU 160) [0]= 244 [1]= 481 [2]= 724 [3]= 724 [4]= 724 [5]= 724 [6]= 724 [7]= 724 [8]= 724 [9]= 724 [10]= 724 [11]= 724 [12]= 724 
key_index after (DPU 161) [0]= 268 [1]= 533 [2]= 774 [3]= 774 [4]= 774 [5]= 774 [6]= 774 [7]= 774 [8]= 774 [9]= 774 [10]= 774 [11]= 774 [12]= 774 
key_index after (DPU 162) [0]= 244 [1]= 498 [2]= 751 [3]= 751 [4]= 751 [5]= 751 [6]= 751 [7]= 751 [8]= 751 [9]= 751 [10]= 751 [11]= 751 [12]= 751 
key_index after (DPU 163) [0]= 220 [1]= 465 [2]= 728 [3]= 728 [4]= 728 [5]= 728 [6]= 728 [7]= 728 [8]= 728 [9]= 728 [10]= 728 [11]= 728 [12]= 728 
key_index after (DPU 164) [0]= 215 [1]= 446 [2]= 691 [3]= 691 [4]= 691 [5]= 691 [6]= 691 [7]= 691 [8]= 691 [9]= 691 [10]= 691 [11]= 691 [12]= 691 
key_index after (DPU 165) [0]= 258 [1]= 478 [2]= 731 [3]= 731 [4]= 731 [5]= 731 [6]= 731 [7]= 731 [8]= 731 [9]= 731 [10]= 731 [11]= 731 [12]= 731 
key_index after (DPU 166) [0]= 247 [1]= 515 [2]= 751 [3]= 751 [4]= 751 [5]= 751 [6]= 751 [7]= 751 [8]= 751 [9]= 751 [10]= 751 [11]= 751 [12]= 751 
key_index after (DPU 167) [0]= 241 [1]= 489 [2]= 723 [3]= 723 [4]= 723 [5]= 723 [6]= 723 [7]= 723 [8]= 723 [9]= 723 [10]= 723 [11]= 723 [12]= 723 
key_index after (DPU 168) [0]= 242 [1]= 490 [2]= 726 [3]= 726 [4]= 726 [5]= 726 [6]= 726 [7]= 726 [8]= 726 [9]= 726 [10]= 726 [11]= 726 [12]= 726 
key_index after (DPU 169) [0]= 236 [1]= 461 [2]= 694 [3]= 694 [4]= 694 [5]= 694 [6]= 694 [7]= 694 [8]= 694 [9]= 694 [10]= 694 [11]= 694 [12]= 694 
key_index after (DPU 170) [0]= 220 [1]= 464 [2]= 711 [3]= 711 [4]= 711 [5]= 711 [6]= 711 [7]= 711 [8]= 711 [9]= 711 [10]= 711 [11]= 711 [12]= 711 
key_index after (DPU 171) [0]= 256 [1]= 472 [2]= 697 [3]= 697 [4]= 697 [5]= 697 [6]= 697 [7]= 697 [8]= 697 [9]= 697 [10]= 697 [11]= 697 [12]= 697 
key_index after (DPU 172) [0]= 253 [1]= 481 [2]= 724 [3]= 724 [4]= 724 [5]= 724 [6]= 724 [7]= 724 [8]= 724 [9]= 724 [10]= 724 [11]= 724 [12]= 724 
key_index after (DPU 173) [0]= 234 [1]= 482 [2]= 742 [3]= 742 [4]= 742 [5]= 742 [6]= 742 [7]= 742 [8]= 742 [9]= 742 [10]= 742 [11]= 742 [12]= 742 
key_index after (DPU 174) [0]= 224 [1]= 459 [2]= 694 [3]= 694 [4]= 694 [5]= 694 [6]= 694 [7]= 694 [8]= 694 [9]= 694 [10]= 694 [11]= 694 [12]= 694 
key_index after (DPU 175) [0]= 235 [1]= 455 [2]= 692 [3]= 692 [4]= 692 [5]= 692 [6]= 692 [7]= 692 [8]= 692 [9]= 692 [10]= 692 [11]= 692 [12]= 692 
key_index after (DPU 176) [0]= 247 [1]= 503 [2]= 746 [3]= 746 [4]= 746 [5]= 746 [6]= 746 [7]= 746 [8]= 746 [9]= 746 [10]= 746 [11]= 746 [12]= 746 
key_index after (DPU 177) [0]= 233 [1]= 459 [2]= 695 [3]= 695 [4]= 695 [5]= 695 [6]= 695 [7]= 695 [8]= 695 [9]= 695 [10]= 695 [11]= 695 [12]= 695 
key_index after (DPU 178) [0]= 220 [1]= 447 [2]= 660 [3]= 660 [4]= 660 [5]= 660 [6]= 660 [7]= 660 [8]= 660 [9]= 660 [10]= 660 [11]= 660 [12]= 660 
key_index after (DPU 179) [0]= 227 [1]= 458 [2]= 675 [3]= 675 [4]= 675 [5]= 675 [6]= 675 [7]= 675 [8]= 675 [9]= 675 [10]= 675 [11]= 675 [12]= 675 
key_index after (DPU 180) [0]= 200 [1]= 413 [2]= 661 [3]= 661 [4]= 661 [5]= 661 [6]= 661 [7]= 661 [8]= 661 [9]= 661 [10]= 661 [11]= 661 [12]= 661 
key_index after (DPU 181) [0]= 238 [1]= 452 [2]= 673 [3]= 673 [4]= 673 [5]= 673 [6]= 673 [7]= 673 [8]= 673 [9]= 673 [10]= 673 [11]= 673 [12]= 673 
key_index after (DPU 182) [0]= 199 [1]= 417 [2]= 636 [3]= 636 [4]= 636 [5]= 636 [6]= 636 [7]= 636 [8]= 636 [9]= 636 [10]= 636 [11]= 636 [12]= 636 
key_index after (DPU 183) [0]= 207 [1]= 411 [2]= 621 [3]= 621 [4]= 621 [5]= 621 [6]= 621 [7]= 621 [8]= 621 [9]= 621 [10]= 621 [11]= 621 [12]= 621 
key_index after (DPU 184) [0]= 240 [1]= 439 [2]= 676 [3]= 676 [4]= 676 [5]= 676 [6]= 676 [7]= 676 [8]= 676 [9]= 676 [10]= 676 [11]= 676 [12]= 676 
key_index after (DPU 185) [0]= 249 [1]= 483 [2]= 684 [3]= 684 [4]= 684 [5]= 684 [6]= 684 [7]= 684 [8]= 684 [9]= 684 [10]= 684 [11]= 684 [12]= 684 
key_index after (DPU 186) [0]= 200 [1]= 431 [2]= 622 [3]= 622 [4]= 622 [5]= 622 [6]= 622 [7]= 622 [8]= 622 [9]= 622 [10]= 622 [11]= 622 [12]= 622 
key_index after (DPU 187) [0]= 199 [1]= 433 [2]= 652 [3]= 652 [4]= 652 [5]= 652 [6]= 652 [7]= 652 [8]= 652 [9]= 652 [10]= 652 [11]= 652 [12]= 652 
key_index after (DPU 188) [0]= 229 [1]= 428 [2]= 646 [3]= 646 [4]= 646 [5]= 646 [6]= 646 [7]= 646 [8]= 646 [9]= 646 [10]= 646 [11]= 646 [12]= 646 
key_index after (DPU 189) [0]= 217 [1]= 439 [2]= 648 [3]= 648 [4]= 648 [5]= 648 [6]= 648 [7]= 648 [8]= 648 [9]= 648 [10]= 648 [11]= 648 [12]= 648 
key_index after (DPU 190) [0]= 221 [1]= 433 [2]= 624 [3]= 624 [4]= 624 [5]= 624 [6]= 624 [7]= 624 [8]= 624 [9]= 624 [10]= 624 [11]= 624 [12]= 624 
key_index after (DPU 191) [0]= 225 [1]= 432 [2]= 636 [3]= 636 [4]= 636 [5]= 636 [6]= 636 [7]= 636 [8]= 636 [9]= 636 [10]= 636 [11]= 636 [12]= 636 
key_index after (DPU 192) [0]= 201 [1]= 432 [2]= 630 [3]= 630 [4]= 630 [5]= 630 [6]= 630 [7]= 630 [8]= 630 [9]= 630 [10]= 630 [11]= 630 [12]= 630 
key_index after (DPU 193) [0]= 199 [1]= 390 [2]= 601 [3]= 601 [4]= 601 [5]= 601 [6]= 601 [7]= 601 [8]= 601 [9]= 601 [10]= 601 [11]= 601 [12]= 601 
key_index after (DPU 194) [0]= 196 [1]= 389 [2]= 595 [3]= 595 [4]= 595 [5]= 595 [6]= 595 [7]= 595 [8]= 595 [9]= 595 [10]= 595 [11]= 595 [12]= 595 
key_index after (DPU 195) [0]= 195 [1]= 405 [2]= 605 [3]= 605 [4]= 605 [5]= 605 [6]= 605 [7]= 605 [8]= 605 [9]= 605 [10]= 605 [11]= 605 [12]= 605 
key_index after (DPU 196) [0]= 211 [1]= 402 [2]= 616 [3]= 616 [4]= 616 [5]= 616 [6]= 616 [7]= 616 [8]= 616 [9]= 616 [10]= 616 [11]= 616 [12]= 616 
key_index after (DPU 197) [0]= 193 [1]= 378 [2]= 606 [3]= 606 [4]= 606 [5]= 606 [6]= 606 [7]= 606 [8]= 606 [9]= 606 [10]= 606 [11]= 606 [12]= 606 
key_index after (DPU 198) [0]= 218 [1]= 416 [2]= 649 [3]= 649 [4]= 649 [5]= 649 [6]= 649 [7]= 649 [8]= 649 [9]= 649 [10]= 649 [11]= 649 [12]= 649 
key_index after (DPU 199) [0]= 215 [1]= 425 [2]= 614 [3]= 614 [4]= 614 [5]= 614 [6]= 614 [7]= 614 [8]= 614 [9]= 614 [10]= 614 [11]= 614 [12]= 614 
key_index after (DPU 200) [0]= 220 [1]= 440 [2]= 629 [3]= 629 [4]= 629 [5]= 629 [6]= 629 [7]= 629 [8]= 629 [9]= 629 [10]= 629 [11]= 629 [12]= 629 
key_index after (DPU 201) [0]= 216 [1]= 437 [2]= 645 [3]= 645 [4]= 645 [5]= 645 [6]= 645 [7]= 645 [8]= 645 [9]= 645 [10]= 645 [11]= 645 [12]= 645 
key_index after (DPU 202) [0]= 206 [1]= 388 [2]= 589 [3]= 589 [4]= 589 [5]= 589 [6]= 589 [7]= 589 [8]= 589 [9]= 589 [10]= 589 [11]= 589 [12]= 589 
key_index after (DPU 203) [0]= 207 [1]= 391 [2]= 577 [3]= 577 [4]= 577 [5]= 577 [6]= 577 [7]= 577 [8]= 577 [9]= 577 [10]= 577 [11]= 577 [12]= 577 
key_index after (DPU 204) [0]= 165 [1]= 333 [2]= 529 [3]= 529 [4]= 529 [5]= 529 [6]= 529 [7]= 529 [8]= 529 [9]= 529 [10]= 529 [11]= 529 [12]= 529 
key_index after (DPU 205) [0]= 221 [1]= 413 [2]= 590 [3]= 590 [4]= 590 [5]= 590 [6]= 590 [7]= 590 [8]= 590 [9]= 590 [10]= 590 [11]= 590 [12]= 590 
key_index after (DPU 206) [0]= 202 [1]= 404 [2]= 602 [3]= 602 [4]= 602 [5]= 602 [6]= 602 [7]= 602 [8]= 602 [9]= 602 [10]= 602 [11]= 602 [12]= 602 
key_index after (DPU 207) [0]= 203 [1]= 393 [2]= 606 [3]= 606 [4]= 606 [5]= 606 [6]= 606 [7]= 606 [8]= 606 [9]= 606 [10]= 606 [11]= 606 [12]= 606 
key_index after (DPU 208) [0]= 183 [1]= 376 [2]= 565 [3]= 565 [4]= 565 [5]= 565 [6]= 565 [7]= 565 [8]= 565 [9]= 565 [10]= 565 [11]= 565 [12]= 565 
key_index after (DPU 209) [0]= 171 [1]= 370 [2]= 575 [3]= 575 [4]= 575 [5]= 575 [6]= 575 [7]= 575 [8]= 575 [9]= 575 [10]= 575 [11]= 575 [12]= 575 
key_index after (DPU 210) [0]= 171 [1]= 353 [2]= 563 [3]= 563 [4]= 563 [5]= 563 [6]= 563 [7]= 563 [8]= 563 [9]= 563 [10]= 563 [11]= 563 [12]= 563 
key_index after (DPU 211) [0]= 188 [1]= 374 [2]= 572 [3]= 572 [4]= 572 [5]= 572 [6]= 572 [7]= 572 [8]= 572 [9]= 572 [10]= 572 [11]= 572 [12]= 572 
key_index after (DPU 212) [0]= 203 [1]= 381 [2]= 541 [3]= 541 [4]= 541 [5]= 541 [6]= 541 [7]= 541 [8]= 541 [9]= 541 [10]= 541 [11]= 541 [12]= 541 
key_index after (DPU 213) [0]= 190 [1]= 369 [2]= 578 [3]= 578 [4]= 578 [5]= 578 [6]= 578 [7]= 578 [8]= 578 [9]= 578 [10]= 578 [11]= 578 [12]= 578 
key_index after (DPU 214) [0]= 177 [1]= 370 [2]= 575 [3]= 575 [4]= 575 [5]= 575 [6]= 575 [7]= 575 [8]= 575 [9]= 575 [10]= 575 [11]= 575 [12]= 575 
key_index after (DPU 215) [0]= 173 [1]= 355 [2]= 547 [3]= 547 [4]= 547 [5]= 547 [6]= 547 [7]= 547 [8]= 547 [9]= 547 [10]= 547 [11]= 547 [12]= 547 
key_index after (DPU 216) [0]= 202 [1]= 389 [2]= 557 [3]= 557 [4]= 557 [5]= 557 [6]= 557 [7]= 557 [8]= 557 [9]= 557 [10]= 557 [11]= 557 [12]= 557 
key_index after (DPU 217) [0]= 161 [1]= 333 [2]= 502 [3]= 502 [4]= 502 [5]= 502 [6]= 502 [7]= 502 [8]= 502 [9]= 502 [10]= 502 [11]= 502 [12]= 502 
key_index after (DPU 218) [0]= 193 [1]= 367 [2]= 565 [3]= 565 [4]= 565 [5]= 565 [6]= 565 [7]= 565 [8]= 565 [9]= 565 [10]= 565 [11]= 565 [12]= 565 
key_index after (DPU 219) [0]= 197 [1]= 385 [2]= 595 [3]= 595 [4]= 595 [5]= 595 [6]= 595 [7]= 595 [8]= 595 [9]= 595 [10]= 595 [11]= 595 [12]= 595 
key_index after (DPU 220) [0]= 198 [1]= 387 [2]= 581 [3]= 581 [4]= 581 [5]= 581 [6]= 581 [7]= 581 [8]= 581 [9]= 581 [10]= 581 [11]= 581 [12]= 581 
key_index after (DPU 221) [0]= 201 [1]= 378 [2]= 560 [3]= 560 [4]= 560 [5]= 560 [6]= 560 [7]= 560 [8]= 560 [9]= 560 [10]= 560 [11]= 560 [12]= 560 
key_index after (DPU 222) [0]= 178 [1]= 352 [2]= 557 [3]= 557 [4]= 557 [5]= 557 [6]= 557 [7]= 557 [8]= 557 [9]= 557 [10]= 557 [11]= 557 [12]= 557 
key_index after (DPU 223) [0]= 178 [1]= 341 [2]= 533 [3]= 533 [4]= 533 [5]= 533 [6]= 533 [7]= 533 [8]= 533 [9]= 533 [10]= 533 [11]= 533 [12]= 533 
key_index after (DPU 224) [0]= 170 [1]= 332 [2]= 515 [3]= 515 [4]= 515 [5]= 515 [6]= 515 [7]= 515 [8]= 515 [9]= 515 [10]= 515 [11]= 515 [12]= 515 
key_index after (DPU 225) [0]= 180 [1]= 364 [2]= 533 [3]= 533 [4]= 533 [5]= 533 [6]= 533 [7]= 533 [8]= 533 [9]= 533 [10]= 533 [11]= 533 [12]= 533 
key_index after (DPU 226) [0]= 150 [1]= 312 [2]= 486 [3]= 486 [4]= 486 [5]= 486 [6]= 486 [7]= 486 [8]= 486 [9]= 486 [10]= 486 [11]= 486 [12]= 486 
key_index after (DPU 227) [0]= 203 [1]= 400 [2]= 572 [3]= 572 [4]= 572 [5]= 572 [6]= 572 [7]= 572 [8]= 572 [9]= 572 [10]= 572 [11]= 572 [12]= 572 
key_index after (DPU 228) [0]= 153 [1]= 347 [2]= 520 [3]= 520 [4]= 520 [5]= 520 [6]= 520 [7]= 520 [8]= 520 [9]= 520 [10]= 520 [11]= 520 [12]= 520 
key_index after (DPU 229) [0]= 196 [1]= 366 [2]= 540 [3]= 540 [4]= 540 [5]= 540 [6]= 540 [7]= 540 [8]= 540 [9]= 540 [10]= 540 [11]= 540 [12]= 540 
key_index after (DPU 230) [0]= 194 [1]= 389 [2]= 593 [3]= 593 [4]= 593 [5]= 593 [6]= 593 [7]= 593 [8]= 593 [9]= 593 [10]= 593 [11]= 593 [12]= 593 
key_index after (DPU 231) [0]= 180 [1]= 358 [2]= 527 [3]= 527 [4]= 527 [5]= 527 [6]= 527 [7]= 527 [8]= 527 [9]= 527 [10]= 527 [11]= 527 [12]= 527 
key_index after (DPU 232) [0]= 179 [1]= 364 [2]= 532 [3]= 532 [4]= 532 [5]= 532 [6]= 532 [7]= 532 [8]= 532 [9]= 532 [10]= 532 [11]= 532 [12]= 532 
key_index after (DPU 233) [0]= 185 [1]= 366 [2]= 548 [3]= 548 [4]= 548 [5]= 548 [6]= 548 [7]= 548 [8]= 548 [9]= 548 [10]= 548 [11]= 548 [12]= 548 
key_index after (DPU 234) [0]= 166 [1]= 351 [2]= 513 [3]= 513 [4]= 513 [5]= 513 [6]= 513 [7]= 513 [8]= 513 [9]= 513 [10]= 513 [11]= 513 [12]= 513 
key_index after (DPU 235) [0]= 181 [1]= 337 [2]= 521 [3]= 521 [4]= 521 [5]= 521 [6]= 521 [7]= 521 [8]= 521 [9]= 521 [10]= 521 [11]= 521 [12]= 521 
key_index after (DPU 236) [0]= 161 [1]= 341 [2]= 520 [3]= 520 [4]= 520 [5]= 520 [6]= 520 [7]= 520 [8]= 520 [9]= 520 [10]= 520 [11]= 520 [12]= 520 
key_index after (DPU 237) [0]= 154 [1]= 306 [2]= 480 [3]= 480 [4]= 480 [5]= 480 [6]= 480 [7]= 480 [8]= 480 [9]= 480 [10]= 480 [11]= 480 [12]= 480 
key_index after (DPU 238) [0]= 159 [1]= 317 [2]= 456 [3]= 456 [4]= 456 [5]= 456 [6]= 456 [7]= 456 [8]= 456 [9]= 456 [10]= 456 [11]= 456 [12]= 456 
key_index after (DPU 239) [0]= 188 [1]= 362 [2]= 538 [3]= 538 [4]= 538 [5]= 538 [6]= 538 [7]= 538 [8]= 538 [9]= 538 [10]= 538 [11]= 538 [12]= 538 
key_index after (DPU 240) [0]= 162 [1]= 335 [2]= 513 [3]= 513 [4]= 513 [5]= 513 [6]= 513 [7]= 513 [8]= 513 [9]= 513 [10]= 513 [11]= 513 [12]= 513 
key_index after (DPU 241) [0]= 166 [1]= 316 [2]= 475 [3]= 475 [4]= 475 [5]= 475 [6]= 475 [7]= 475 [8]= 475 [9]= 475 [10]= 475 [11]= 475 [12]= 475 
key_index after (DPU 242) [0]= 195 [1]= 356 [2]= 505 [3]= 505 [4]= 505 [5]= 505 [6]= 505 [7]= 505 [8]= 505 [9]= 505 [10]= 505 [11]= 505 [12]= 505 
key_index after (DPU 243) [0]= 173 [1]= 327 [2]= 505 [3]= 505 [4]= 505 [5]= 505 [6]= 505 [7]= 505 [8]= 505 [9]= 505 [10]= 505 [11]= 505 [12]= 505 
key_index after (DPU 244) [0]= 161 [1]= 329 [2]= 516 [3]= 516 [4]= 516 [5]= 516 [6]= 516 [7]= 516 [8]= 516 [9]= 516 [10]= 516 [11]= 516 [12]= 516 
key_index after (DPU 245) [0]= 154 [1]= 296 [2]= 465 [3]= 465 [4]= 465 [5]= 465 [6]= 465 [7]= 465 [8]= 465 [9]= 465 [10]= 465 [11]= 465 [12]= 465 
key_index after (DPU 246) [0]= 150 [1]= 304 [2]= 470 [3]= 470 [4]= 470 [5]= 470 [6]= 470 [7]= 470 [8]= 470 [9]= 470 [10]= 470 [11]= 470 [12]= 470 
key_index after (DPU 247) [0]= 162 [1]= 344 [2]= 529 [3]= 529 [4]= 529 [5]= 529 [6]= 529 [7]= 529 [8]= 529 [9]= 529 [10]= 529 [11]= 529 [12]= 529 
key_index after (DPU 248) [0]= 160 [1]= 333 [2]= 512 [3]= 512 [4]= 512 [5]= 512 [6]= 512 [7]= 512 [8]= 512 [9]= 512 [10]= 512 [11]= 512 [12]= 512 
key_index after (DPU 249) [0]= 160 [1]= 333 [2]= 490 [3]= 490 [4]= 490 [5]= 490 [6]= 490 [7]= 490 [8]= 490 [9]= 490 [10]= 490 [11]= 490 [12]= 490 
key_index after (DPU 250) [0]= 163 [1]= 346 [2]= 513 [3]= 513 [4]= 513 [5]= 513 [6]= 513 [7]= 513 [8]= 513 [9]= 513 [10]= 513 [11]= 513 [12]= 513 
key_index after (DPU 251) [0]= 159 [1]= 323 [2]= 500 [3]= 500 [4]= 500 [5]= 500 [6]= 500 [7]= 500 [8]= 500 [9]= 500 [10]= 500 [11]= 500 [12]= 500 
key_index after (DPU 252) [0]= 173 [1]= 331 [2]= 511 [3]= 511 [4]= 511 [5]= 511 [6]= 511 [7]= 511 [8]= 511 [9]= 511 [10]= 511 [11]= 511 [12]= 511 
key_index after (DPU 253) [0]= 170 [1]= 337 [2]= 504 [3]= 504 [4]= 504 [5]= 504 [6]= 504 [7]= 504 [8]= 504 [9]= 504 [10]= 504 [11]= 504 [12]= 504 
key_index after (DPU 254) [0]= 177 [1]= 346 [2]= 509 [3]= 509 [4]= 509 [5]= 509 [6]= 509 [7]= 509 [8]= 509 [9]= 509 [10]= 509 [11]= 509 [12]= 509 
key_index after (DPU 255) [0]= 141 [1]= 282 [2]= 467 [3]= 467 [4]= 467 [5]= 467 [6]= 467 [7]= 467 [8]= 467 [9]= 467 [10]= 467 [11]= 467 [12]= 467 
key_index after (DPU 256) [0]= 179 [1]= 340 [2]= 511 [3]= 511 [4]= 511 [5]= 511 [6]= 511 [7]= 511 [8]= 511 [9]= 511 [10]= 511 [11]= 511 [12]= 511 
key_index after (DPU 257) [0]= 172 [1]= 329 [2]= 504 [3]= 504 [4]= 504 [5]= 504 [6]= 504 [7]= 504 [8]= 504 [9]= 504 [10]= 504 [11]= 504 [12]= 504 
key_index after (DPU 258) [0]= 149 [1]= 291 [2]= 452 [3]= 452 [4]= 452 [5]= 452 [6]= 452 [7]= 452 [8]= 452 [9]= 452 [10]= 452 [11]= 452 [12]= 452 
key_index after (DPU 259) [0]= 148 [1]= 325 [2]= 479 [3]= 479 [4]= 479 [5]= 479 [6]= 479 [7]= 479 [8]= 479 [9]= 479 [10]= 479 [11]= 479 [12]= 479 
key_index after (DPU 260) [0]= 184 [1]= 337 [2]= 495 [3]= 495 [4]= 495 [5]= 495 [6]= 495 [7]= 495 [8]= 495 [9]= 495 [10]= 495 [11]= 495 [12]= 495 
key_index after (DPU 261) [0]= 142 [1]= 279 [2]= 421 [3]= 421 [4]= 421 [5]= 421 [6]= 421 [7]= 421 [8]= 421 [9]= 421 [10]= 421 [11]= 421 [12]= 421 
key_index after (DPU 262) [0]= 157 [1]= 296 [2]= 455 [3]= 455 [4]= 455 [5]= 455 [6]= 455 [7]= 455 [8]= 455 [9]= 455 [10]= 455 [11]= 455 [12]= 455 
key_index after (DPU 263) [0]= 156 [1]= 301 [2]= 467 [3]= 467 [4]= 467 [5]= 467 [6]= 467 [7]= 467 [8]= 467 [9]= 467 [10]= 467 [11]= 467 [12]= 467 
key_index after (DPU 264) [0]= 173 [1]= 318 [2]= 468 [3]= 468 [4]= 468 [5]= 468 [6]= 468 [7]= 468 [8]= 468 [9]= 468 [10]= 468 [11]= 468 [12]= 468 
key_index after (DPU 265) [0]= 156 [1]= 311 [2]= 462 [3]= 462 [4]= 462 [5]= 462 [6]= 462 [7]= 462 [8]= 462 [9]= 462 [10]= 462 [11]= 462 [12]= 462 
key_index after (DPU 266) [0]= 140 [1]= 291 [2]= 440 [3]= 440 [4]= 440 [5]= 440 [6]= 440 [7]= 440 [8]= 440 [9]= 440 [10]= 440 [11]= 440 [12]= 440 
key_index after (DPU 267) [0]= 138 [1]= 290 [2]= 428 [3]= 428 [4]= 428 [5]= 428 [6]= 428 [7]= 428 [8]= 428 [9]= 428 [10]= 428 [11]= 428 [12]= 428 
key_index after (DPU 268) [0]= 166 [1]= 314 [2]= 478 [3]= 478 [4]= 478 [5]= 478 [6]= 478 [7]= 478 [8]= 478 [9]= 478 [10]= 478 [11]= 478 [12]= 478 
key_index after (DPU 269) [0]= 158 [1]= 303 [2]= 454 [3]= 454 [4]= 454 [5]= 454 [6]= 454 [7]= 454 [8]= 454 [9]= 454 [10]= 454 [11]= 454 [12]= 454 
key_index after (DPU 270) [0]= 153 [1]= 292 [2]= 475 [3]= 475 [4]= 475 [5]= 475 [6]= 475 [7]= 475 [8]= 475 [9]= 475 [10]= 475 [11]= 475 [12]= 475 
key_index after (DPU 271) [0]= 147 [1]= 316 [2]= 448 [3]= 448 [4]= 448 [5]= 448 [6]= 448 [7]= 448 [8]= 448 [9]= 448 [10]= 448 [11]= 448 [12]= 448 
key_index after (DPU 272) [0]= 177 [1]= 318 [2]= 457 [3]= 457 [4]= 457 [5]= 457 [6]= 457 [7]= 457 [8]= 457 [9]= 457 [10]= 457 [11]= 457 [12]= 457 
key_index after (DPU 273) [0]= 153 [1]= 309 [2]= 459 [3]= 459 [4]= 459 [5]= 459 [6]= 459 [7]= 459 [8]= 459 [9]= 459 [10]= 459 [11]= 459 [12]= 459 
key_index after (DPU 274) [0]= 168 [1]= 319 [2]= 471 [3]= 471 [4]= 471 [5]= 471 [6]= 471 [7]= 471 [8]= 471 [9]= 471 [10]= 471 [11]= 471 [12]= 471 
key_index after (DPU 275) [0]= 151 [1]= 308 [2]= 437 [3]= 437 [4]= 437 [5]= 437 [6]= 437 [7]= 437 [8]= 437 [9]= 437 [10]= 437 [11]= 437 [12]= 437 
key_index after (DPU 276) [0]= 173 [1]= 328 [2]= 480 [3]= 480 [4]= 480 [5]= 480 [6]= 480 [7]= 480 [8]= 480 [9]= 480 [10]= 480 [11]= 480 [12]= 480 
key_index after (DPU 277) [0]= 132 [1]= 285 [2]= 422 [3]= 422 [4]= 422 [5]= 422 [6]= 422 [7]= 422 [8]= 422 [9]= 422 [10]= 422 [11]= 422 [12]= 422 
key_index after (DPU 278) [0]= 136 [1]= 265 [2]= 411 [3]= 411 [4]= 411 [5]= 411 [6]= 411 [7]= 411 [8]= 411 [9]= 411 [10]= 411 [11]= 411 [12]= 411 
key_index after (DPU 279) [0]= 130 [1]= 275 [2]= 419 [3]= 419 [4]= 419 [5]= 419 [6]= 419 [7]= 419 [8]= 419 [9]= 419 [10]= 419 [11]= 419 [12]= 419 
key_index after (DPU 280) [0]= 166 [1]= 311 [2]= 449 [3]= 449 [4]= 449 [5]= 449 [6]= 449 [7]= 449 [8]= 449 [9]= 449 [10]= 449 [11]= 449 [12]= 449 
key_index after (DPU 281) [0]= 110 [1]= 246 [2]= 390 [3]= 390 [4]= 390 [5]= 390 [6]= 390 [7]= 390 [8]= 390 [9]= 390 [10]= 390 [11]= 390 [12]= 390 
key_index after (DPU 282) [0]= 139 [1]= 283 [2]= 419 [3]= 419 [4]= 419 [5]= 419 [6]= 419 [7]= 419 [8]= 419 [9]= 419 [10]= 419 [11]= 419 [12]= 419 
key_index after (DPU 283) [0]= 150 [1]= 282 [2]= 426 [3]= 426 [4]= 426 [5]= 426 [6]= 426 [7]= 426 [8]= 426 [9]= 426 [10]= 426 [11]= 426 [12]= 426 
key_index after (DPU 284) [0]= 147 [1]= 318 [2]= 471 [3]= 471 [4]= 471 [5]= 471 [6]= 471 [7]= 471 [8]= 471 [9]= 471 [10]= 471 [11]= 471 [12]= 471 
key_index after (DPU 285) [0]= 134 [1]= 291 [2]= 418 [3]= 418 [4]= 418 [5]= 418 [6]= 418 [7]= 418 [8]= 418 [9]= 418 [10]= 418 [11]= 418 [12]= 418 
key_index after (DPU 286) [0]= 129 [1]= 276 [2]= 399 [3]= 399 [4]= 399 [5]= 399 [6]= 399 [7]= 399 [8]= 399 [9]= 399 [10]= 399 [11]= 399 [12]= 399 
key_index after (DPU 287) [0]= 158 [1]= 288 [2]= 439 [3]= 439 [4]= 439 [5]= 439 [6]= 439 [7]= 439 [8]= 439 [9]= 439 [10]= 439 [11]= 439 [12]= 439 
key_index after (DPU 288) [0]= 138 [1]= 297 [2]= 430 [3]= 430 [4]= 430 [5]= 430 [6]= 430 [7]= 430 [8]= 430 [9]= 430 [10]= 430 [11]= 430 [12]= 430 
key_index after (DPU 289) [0]= 128 [1]= 261 [2]= 393 [3]= 393 [4]= 393 [5]= 393 [6]= 393 [7]= 393 [8]= 393 [9]= 393 [10]= 393 [11]= 393 [12]= 393 
key_index after (DPU 290) [0]= 132 [1]= 258 [2]= 404 [3]= 404 [4]= 404 [5]= 404 [6]= 404 [7]= 404 [8]= 404 [9]= 404 [10]= 404 [11]= 404 [12]= 404 
key_index after (DPU 291) [0]= 134 [1]= 258 [2]= 400 [3]= 400 [4]= 400 [5]= 400 [6]= 400 [7]= 400 [8]= 400 [9]= 400 [10]= 400 [11]= 400 [12]= 400 
key_index after (DPU 292) [0]= 129 [1]= 265 [2]= 403 [3]= 403 [4]= 403 [5]= 403 [6]= 403 [7]= 403 [8]= 403 [9]= 403 [10]= 403 [11]= 403 [12]= 403 
key_index after (DPU 293) [0]= 142 [1]= 281 [2]= 437 [3]= 437 [4]= 437 [5]= 437 [6]= 437 [7]= 437 [8]= 437 [9]= 437 [10]= 437 [11]= 437 [12]= 437 
key_index after (DPU 294) [0]= 158 [1]= 290 [2]= 435 [3]= 435 [4]= 435 [5]= 435 [6]= 435 [7]= 435 [8]= 435 [9]= 435 [10]= 435 [11]= 435 [12]= 435 
key_index after (DPU 295) [0]= 135 [1]= 282 [2]= 411 [3]= 411 [4]= 411 [5]= 411 [6]= 411 [7]= 411 [8]= 411 [9]= 411 [10]= 411 [11]= 411 [12]= 411 
key_index after (DPU 296) [0]= 133 [1]= 266 [2]= 403 [3]= 403 [4]= 403 [5]= 403 [6]= 403 [7]= 403 [8]= 403 [9]= 403 [10]= 403 [11]= 403 [12]= 403 
key_index after (DPU 297) [0]= 138 [1]= 279 [2]= 422 [3]= 422 [4]= 422 [5]= 422 [6]= 422 [7]= 422 [8]= 422 [9]= 422 [10]= 422 [11]= 422 [12]= 422 
key_index after (DPU 298) [0]= 128 [1]= 253 [2]= 411 [3]= 411 [4]= 411 [5]= 411 [6]= 411 [7]= 411 [8]= 411 [9]= 411 [10]= 411 [11]= 411 [12]= 411 
key_index after (DPU 299) [0]= 142 [1]= 283 [2]= 433 [3]= 433 [4]= 433 [5]= 433 [6]= 433 [7]= 433 [8]= 433 [9]= 433 [10]= 433 [11]= 433 [12]= 433 
key_index after (DPU 300) [0]= 140 [1]= 283 [2]= 415 [3]= 415 [4]= 415 [5]= 415 [6]= 415 [7]= 415 [8]= 415 [9]= 415 [10]= 415 [11]= 415 [12]= 415 
key_index after (DPU 301) [0]= 123 [1]= 272 [2]= 417 [3]= 417 [4]= 417 [5]= 417 [6]= 417 [7]= 417 [8]= 417 [9]= 417 [10]= 417 [11]= 417 [12]= 417 
key_index after (DPU 302) [0]= 132 [1]= 274 [2]= 422 [3]= 422 [4]= 422 [5]= 422 [6]= 422 [7]= 422 [8]= 422 [9]= 422 [10]= 422 [11]= 422 [12]= 422 
key_index after (DPU 303) [0]= 142 [1]= 274 [2]= 426 [3]= 426 [4]= 426 [5]= 426 [6]= 426 [7]= 426 [8]= 426 [9]= 426 [10]= 426 [11]= 426 [12]= 426 
key_index after (DPU 304) [0]= 155 [1]= 264 [2]= 403 [3]= 403 [4]= 403 [5]= 403 [6]= 403 [7]= 403 [8]= 403 [9]= 403 [10]= 403 [11]= 403 [12]= 403 
key_index after (DPU 305) [0]= 123 [1]= 264 [2]= 368 [3]= 368 [4]= 368 [5]= 368 [6]= 368 [7]= 368 [8]= 368 [9]= 368 [10]= 368 [11]= 368 [12]= 368 
key_index after (DPU 306) [0]= 130 [1]= 262 [2]= 393 [3]= 393 [4]= 393 [5]= 393 [6]= 393 [7]= 393 [8]= 393 [9]= 393 [10]= 393 [11]= 393 [12]= 393 
key_index after (DPU 307) [0]= 142 [1]= 284 [2]= 415 [3]= 415 [4]= 415 [5]= 415 [6]= 415 [7]= 415 [8]= 415 [9]= 415 [10]= 415 [11]= 415 [12]= 415 
key_index after (DPU 308) [0]= 128 [1]= 285 [2]= 403 [3]= 403 [4]= 403 [5]= 403 [6]= 403 [7]= 403 [8]= 403 [9]= 403 [10]= 403 [11]= 403 [12]= 403 
key_index after (DPU 309) [0]= 121 [1]= 256 [2]= 380 [3]= 380 [4]= 380 [5]= 380 [6]= 380 [7]= 380 [8]= 380 [9]= 380 [10]= 380 [11]= 380 [12]= 380 
key_index after (DPU 310) [0]= 118 [1]= 268 [2]= 403 [3]= 403 [4]= 403 [5]= 403 [6]= 403 [7]= 403 [8]= 403 [9]= 403 [10]= 403 [11]= 403 [12]= 403 
key_index after (DPU 311) [0]= 133 [1]= 293 [2]= 407 [3]= 407 [4]= 407 [5]= 407 [6]= 407 [7]= 407 [8]= 407 [9]= 407 [10]= 407 [11]= 407 [12]= 407 
key_index after (DPU 312) [0]= 124 [1]= 247 [2]= 371 [3]= 371 [4]= 371 [5]= 371 [6]= 371 [7]= 371 [8]= 371 [9]= 371 [10]= 371 [11]= 371 [12]= 371 
key_index after (DPU 313) [0]= 126 [1]= 257 [2]= 379 [3]= 379 [4]= 379 [5]= 379 [6]= 379 [7]= 379 [8]= 379 [9]= 379 [10]= 379 [11]= 379 [12]= 379 
key_index after (DPU 314) [0]= 125 [1]= 244 [2]= 369 [3]= 369 [4]= 369 [5]= 369 [6]= 369 [7]= 369 [8]= 369 [9]= 369 [10]= 369 [11]= 369 [12]= 369 
key_index after (DPU 315) [0]= 118 [1]= 253 [2]= 395 [3]= 395 [4]= 395 [5]= 395 [6]= 395 [7]= 395 [8]= 395 [9]= 395 [10]= 395 [11]= 395 [12]= 395 
key_index after (DPU 316) [0]= 125 [1]= 256 [2]= 377 [3]= 377 [4]= 377 [5]= 377 [6]= 377 [7]= 377 [8]= 377 [9]= 377 [10]= 377 [11]= 377 [12]= 377 
key_index after (DPU 317) [0]= 100 [1]= 211 [2]= 361 [3]= 361 [4]= 361 [5]= 361 [6]= 361 [7]= 361 [8]= 361 [9]= 361 [10]= 361 [11]= 361 [12]= 361 
key_index after (DPU 318) [0]= 124 [1]= 258 [2]= 380 [3]= 380 [4]= 380 [5]= 380 [6]= 380 [7]= 380 [8]= 380 [9]= 380 [10]= 380 [11]= 380 [12]= 380 
key_index after (DPU 319) [0]= 119 [1]= 253 [2]= 389 [3]= 389 [4]= 389 [5]= 389 [6]= 389 [7]= 389 [8]= 389 [9]= 389 [10]= 389 [11]= 389 [12]= 389 
key_index after (DPU 320) [0]= 122 [1]= 235 [2]= 339 [3]= 339 [4]= 339 [5]= 339 [6]= 339 [7]= 339 [8]= 339 [9]= 339 [10]= 339 [11]= 339 [12]= 339 
key_index after (DPU 321) [0]= 131 [1]= 258 [2]= 378 [3]= 378 [4]= 378 [5]= 378 [6]= 378 [7]= 378 [8]= 378 [9]= 378 [10]= 378 [11]= 378 [12]= 378 
key_index after (DPU 322) [0]= 139 [1]= 256 [2]= 369 [3]= 369 [4]= 369 [5]= 369 [6]= 369 [7]= 369 [8]= 369 [9]= 369 [10]= 369 [11]= 369 [12]= 369 
key_index after (DPU 323) [0]= 139 [1]= 268 [2]= 412 [3]= 412 [4]= 412 [5]= 412 [6]= 412 [7]= 412 [8]= 412 [9]= 412 [10]= 412 [11]= 412 [12]= 412 
key_index after (DPU 324) [0]= 118 [1]= 239 [2]= 347 [3]= 347 [4]= 347 [5]= 347 [6]= 347 [7]= 347 [8]= 347 [9]= 347 [10]= 347 [11]= 347 [12]= 347 
key_index after (DPU 325) [0]= 133 [1]= 279 [2]= 386 [3]= 386 [4]= 386 [5]= 386 [6]= 386 [7]= 386 [8]= 386 [9]= 386 [10]= 386 [11]= 386 [12]= 386 
key_index after (DPU 326) [0]= 115 [1]= 234 [2]= 375 [3]= 375 [4]= 375 [5]= 375 [6]= 375 [7]= 375 [8]= 375 [9]= 375 [10]= 375 [11]= 375 [12]= 375 
key_index after (DPU 327) [0]= 119 [1]= 218 [2]= 319 [3]= 319 [4]= 319 [5]= 319 [6]= 319 [7]= 319 [8]= 319 [9]= 319 [10]= 319 [11]= 319 [12]= 319 
key_index after (DPU 328) [0]= 126 [1]= 258 [2]= 392 [3]= 392 [4]= 392 [5]= 392 [6]= 392 [7]= 392 [8]= 392 [9]= 392 [10]= 392 [11]= 392 [12]= 392 
key_index after (DPU 329) [0]= 141 [1]= 268 [2]= 381 [3]= 381 [4]= 381 [5]= 381 [6]= 381 [7]= 381 [8]= 381 [9]= 381 [10]= 381 [11]= 381 [12]= 381 
key_index after (DPU 330) [0]= 120 [1]= 238 [2]= 364 [3]= 364 [4]= 364 [5]= 364 [6]= 364 [7]= 364 [8]= 364 [9]= 364 [10]= 364 [11]= 364 [12]= 364 
key_index after (DPU 331) [0]= 128 [1]= 254 [2]= 378 [3]= 378 [4]= 378 [5]= 378 [6]= 378 [7]= 378 [8]= 378 [9]= 378 [10]= 378 [11]= 378 [12]= 378 
key_index after (DPU 332) [0]= 114 [1]= 228 [2]= 360 [3]= 360 [4]= 360 [5]= 360 [6]= 360 [7]= 360 [8]= 360 [9]= 360 [10]= 360 [11]= 360 [12]= 360 
key_index after (DPU 333) [0]= 115 [1]= 248 [2]= 384 [3]= 384 [4]= 384 [5]= 384 [6]= 384 [7]= 384 [8]= 384 [9]= 384 [10]= 384 [11]= 384 [12]= 384 
key_index after (DPU 334) [0]= 119 [1]= 226 [2]= 344 [3]= 344 [4]= 344 [5]= 344 [6]= 344 [7]= 344 [8]= 344 [9]= 344 [10]= 344 [11]= 344 [12]= 344 
key_index after (DPU 335) [0]= 123 [1]= 236 [2]= 361 [3]= 361 [4]= 361 [5]= 361 [6]= 361 [7]= 361 [8]= 361 [9]= 361 [10]= 361 [11]= 361 [12]= 361 
key_index after (DPU 336) [0]= 122 [1]= 257 [2]= 388 [3]= 388 [4]= 388 [5]= 388 [6]= 388 [7]= 388 [8]= 388 [9]= 388 [10]= 388 [11]= 388 [12]= 388 
key_index after (DPU 337) [0]= 115 [1]= 256 [2]= 381 [3]= 381 [4]= 381 [5]= 381 [6]= 381 [7]= 381 [8]= 381 [9]= 381 [10]= 381 [11]= 381 [12]= 381 
key_index after (DPU 338) [0]= 141 [1]= 251 [2]= 368 [3]= 368 [4]= 368 [5]= 368 [6]= 368 [7]= 368 [8]= 368 [9]= 368 [10]= 368 [11]= 368 [12]= 368 
key_index after (DPU 339) [0]= 132 [1]= 245 [2]= 372 [3]= 372 [4]= 372 [5]= 372 [6]= 372 [7]= 372 [8]= 372 [9]= 372 [10]= 372 [11]= 372 [12]= 372 
key_index after (DPU 340) [0]= 123 [1]= 234 [2]= 345 [3]= 345 [4]= 345 [5]= 345 [6]= 345 [7]= 345 [8]= 345 [9]= 345 [10]= 345 [11]= 345 [12]= 345 
key_index after (DPU 341) [0]= 119 [1]= 255 [2]= 391 [3]= 391 [4]= 391 [5]= 391 [6]= 391 [7]= 391 [8]= 391 [9]= 391 [10]= 391 [11]= 391 [12]= 391 
key_index after (DPU 342) [0]= 109 [1]= 222 [2]= 332 [3]= 332 [4]= 332 [5]= 332 [6]= 332 [7]= 332 [8]= 332 [9]= 332 [10]= 332 [11]= 332 [12]= 332 
key_index after (DPU 343) [0]= 110 [1]= 230 [2]= 344 [3]= 344 [4]= 344 [5]= 344 [6]= 344 [7]= 344 [8]= 344 [9]= 344 [10]= 344 [11]= 344 [12]= 344 
key_index after (DPU 344) [0]=  98 [1]= 230 [2]= 352 [3]= 352 [4]= 352 [5]= 352 [6]= 352 [7]= 352 [8]= 352 [9]= 352 [10]= 352 [11]= 352 [12]= 352 
key_index after (DPU 345) [0]= 118 [1]= 247 [2]= 360 [3]= 360 [4]= 360 [5]= 360 [6]= 360 [7]= 360 [8]= 360 [9]= 360 [10]= 360 [11]= 360 [12]= 360 
key_index after (DPU 346) [0]= 122 [1]= 234 [2]= 350 [3]= 350 [4]= 350 [5]= 350 [6]= 350 [7]= 350 [8]= 350 [9]= 350 [10]= 350 [11]= 350 [12]= 350 
key_index after (DPU 347) [0]=  97 [1]= 209 [2]= 340 [3]= 340 [4]= 340 [5]= 340 [6]= 340 [7]= 340 [8]= 340 [9]= 340 [10]= 340 [11]= 340 [12]= 340 
key_index after (DPU 348) [0]= 123 [1]= 247 [2]= 372 [3]= 372 [4]= 372 [5]= 372 [6]= 372 [7]= 372 [8]= 372 [9]= 372 [10]= 372 [11]= 372 [12]= 372 
key_index after (DPU 349) [0]= 122 [1]= 237 [2]= 357 [3]= 357 [4]= 357 [5]= 357 [6]= 357 [7]= 357 [8]= 357 [9]= 357 [10]= 357 [11]= 357 [12]= 357 
key_index after (DPU 350) [0]= 118 [1]= 227 [2]= 356 [3]= 356 [4]= 356 [5]= 356 [6]= 356 [7]= 356 [8]= 356 [9]= 356 [10]= 356 [11]= 356 [12]= 356 
key_index after (DPU 351) [0]= 131 [1]= 241 [2]= 355 [3]= 355 [4]= 355 [5]= 355 [6]= 355 [7]= 355 [8]= 355 [9]= 355 [10]= 355 [11]= 355 [12]= 355 
key_index after (DPU 352) [0]= 122 [1]= 236 [2]= 365 [3]= 365 [4]= 365 [5]= 365 [6]= 365 [7]= 365 [8]= 365 [9]= 365 [10]= 365 [11]= 365 [12]= 365 
key_index after (DPU 353) [0]= 123 [1]= 245 [2]= 356 [3]= 356 [4]= 356 [5]= 356 [6]= 356 [7]= 356 [8]= 356 [9]= 356 [10]= 356 [11]= 356 [12]= 356 
key_index after (DPU 354) [0]= 114 [1]= 213 [2]= 362 [3]= 362 [4]= 362 [5]= 362 [6]= 362 [7]= 362 [8]= 362 [9]= 362 [10]= 362 [11]= 362 [12]= 362 
key_index after (DPU 355) [0]= 112 [1]= 239 [2]= 360 [3]= 360 [4]= 360 [5]= 360 [6]= 360 [7]= 360 [8]= 360 [9]= 360 [10]= 360 [11]= 360 [12]= 360 
key_index after (DPU 356) [0]= 122 [1]= 249 [2]= 364 [3]= 364 [4]= 364 [5]= 364 [6]= 364 [7]= 364 [8]= 364 [9]= 364 [10]= 364 [11]= 364 [12]= 364 
key_index after (DPU 357) [0]= 114 [1]= 220 [2]= 333 [3]= 333 [4]= 333 [5]= 333 [6]= 333 [7]= 333 [8]= 333 [9]= 333 [10]= 333 [11]= 333 [12]= 333 
key_index after (DPU 358) [0]= 124 [1]= 237 [2]= 342 [3]= 342 [4]= 342 [5]= 342 [6]= 342 [7]= 342 [8]= 342 [9]= 342 [10]= 342 [11]= 342 [12]= 342 
key_index after (DPU 359) [0]= 113 [1]= 220 [2]= 326 [3]= 326 [4]= 326 [5]= 326 [6]= 326 [7]= 326 [8]= 326 [9]= 326 [10]= 326 [11]= 326 [12]= 326 
key_index after (DPU 360) [0]= 106 [1]= 222 [2]= 334 [3]= 334 [4]= 334 [5]= 334 [6]= 334 [7]= 334 [8]= 334 [9]= 334 [10]= 334 [11]= 334 [12]= 334 
key_index after (DPU 361) [0]=  95 [1]= 214 [2]= 341 [3]= 341 [4]= 341 [5]= 341 [6]= 341 [7]= 341 [8]= 341 [9]= 341 [10]= 341 [11]= 341 [12]= 341 
key_index after (DPU 362) [0]= 133 [1]= 252 [2]= 369 [3]= 369 [4]= 369 [5]= 369 [6]= 369 [7]= 369 [8]= 369 [9]= 369 [10]= 369 [11]= 369 [12]= 369 
key_index after (DPU 363) [0]= 108 [1]= 219 [2]= 340 [3]= 340 [4]= 340 [5]= 340 [6]= 340 [7]= 340 [8]= 340 [9]= 340 [10]= 340 [11]= 340 [12]= 340 
key_index after (DPU 364) [0]= 116 [1]= 223 [2]= 336 [3]= 336 [4]= 336 [5]= 336 [6]= 336 [7]= 336 [8]= 336 [9]= 336 [10]= 336 [11]= 336 [12]= 336 
key_index after (DPU 365) [0]=  98 [1]= 205 [2]= 315 [3]= 315 [4]= 315 [5]= 315 [6]= 315 [7]= 315 [8]= 315 [9]= 315 [10]= 315 [11]= 315 [12]= 315 
key_index after (DPU 366) [0]= 107 [1]= 213 [2]= 313 [3]= 313 [4]= 313 [5]= 313 [6]= 313 [7]= 313 [8]= 313 [9]= 313 [10]= 313 [11]= 313 [12]= 313 
key_index after (DPU 367) [0]= 115 [1]= 233 [2]= 344 [3]= 344 [4]= 344 [5]= 344 [6]= 344 [7]= 344 [8]= 344 [9]= 344 [10]= 344 [11]= 344 [12]= 344 
key_index after (DPU 368) [0]=  98 [1]= 217 [2]= 317 [3]= 317 [4]= 317 [5]= 317 [6]= 317 [7]= 317 [8]= 317 [9]= 317 [10]= 317 [11]= 317 [12]= 317 
key_index after (DPU 369) [0]=  86 [1]= 216 [2]= 330 [3]= 330 [4]= 330 [5]= 330 [6]= 330 [7]= 330 [8]= 330 [9]= 330 [10]= 330 [11]= 330 [12]= 330 
key_index after (DPU 370) [0]= 130 [1]= 236 [2]= 361 [3]= 361 [4]= 361 [5]= 361 [6]= 361 [7]= 361 [8]= 361 [9]= 361 [10]= 361 [11]= 361 [12]= 361 
key_index after (DPU 371) [0]=  87 [1]= 207 [2]= 316 [3]= 316 [4]= 316 [5]= 316 [6]= 316 [7]= 316 [8]= 316 [9]= 316 [10]= 316 [11]= 316 [12]= 316 
key_index after (DPU 372) [0]=  93 [1]= 203 [2]= 311 [3]= 311 [4]= 311 [5]= 311 [6]= 311 [7]= 311 [8]= 311 [9]= 311 [10]= 311 [11]= 311 [12]= 311 
key_index after (DPU 373) [0]= 104 [1]= 201 [2]= 331 [3]= 331 [4]= 331 [5]= 331 [6]= 331 [7]= 331 [8]= 331 [9]= 331 [10]= 331 [11]= 331 [12]= 331 
key_index after (DPU 374) [0]= 112 [1]= 225 [2]= 331 [3]= 331 [4]= 331 [5]= 331 [6]= 331 [7]= 331 [8]= 331 [9]= 331 [10]= 331 [11]= 331 [12]= 331 
key_index after (DPU 375) [0]= 121 [1]= 222 [2]= 319 [3]= 319 [4]= 319 [5]= 319 [6]= 319 [7]= 319 [8]= 319 [9]= 319 [10]= 319 [11]= 319 [12]= 319 
key_index after (DPU 376) [0]= 100 [1]= 210 [2]= 308 [3]= 308 [4]= 308 [5]= 308 [6]= 308 [7]= 308 [8]= 308 [9]= 308 [10]= 308 [11]= 308 [12]= 308 
key_index after (DPU 377) [0]= 123 [1]= 218 [2]= 309 [3]= 309 [4]= 309 [5]= 309 [6]= 309 [7]= 309 [8]= 309 [9]= 309 [10]= 309 [11]= 309 [12]= 309 
key_index after (DPU 378) [0]= 114 [1]= 220 [2]= 322 [3]= 322 [4]= 322 [5]= 322 [6]= 322 [7]= 322 [8]= 322 [9]= 322 [10]= 322 [11]= 322 [12]= 322 
key_index after (DPU 379) [0]= 106 [1]= 206 [2]= 312 [3]= 312 [4]= 312 [5]= 312 [6]= 312 [7]= 312 [8]= 312 [9]= 312 [10]= 312 [11]= 312 [12]= 312 
key_index after (DPU 380) [0]=  98 [1]= 216 [2]= 315 [3]= 315 [4]= 315 [5]= 315 [6]= 315 [7]= 315 [8]= 315 [9]= 315 [10]= 315 [11]= 315 [12]= 315 
key_index after (DPU 381) [0]= 118 [1]= 215 [2]= 319 [3]= 319 [4]= 319 [5]= 319 [6]= 319 [7]= 319 [8]= 319 [9]= 319 [10]= 319 [11]= 319 [12]= 319 
key_index after (DPU 382) [0]=  91 [1]= 187 [2]= 301 [3]= 301 [4]= 301 [5]= 301 [6]= 301 [7]= 301 [8]= 301 [9]= 301 [10]= 301 [11]= 301 [12]= 301 
key_index after (DPU 383) [0]= 106 [1]= 212 [2]= 313 [3]= 313 [4]= 313 [5]= 313 [6]= 313 [7]= 313 [8]= 313 [9]= 313 [10]= 313 [11]= 313 [12]= 313 
key_index after (DPU 384) [0]=  96 [1]= 206 [2]= 314 [3]= 314 [4]= 314 [5]= 314 [6]= 314 [7]= 314 [8]= 314 [9]= 314 [10]= 314 [11]= 314 [12]= 314 
key_index after (DPU 385) [0]= 122 [1]= 221 [2]= 345 [3]= 345 [4]= 345 [5]= 345 [6]= 345 [7]= 345 [8]= 345 [9]= 345 [10]= 345 [11]= 345 [12]= 345 
key_index after (DPU 386) [0]= 114 [1]= 219 [2]= 315 [3]= 315 [4]= 315 [5]= 315 [6]= 315 [7]= 315 [8]= 315 [9]= 315 [10]= 315 [11]= 315 [12]= 315 
key_index after (DPU 387) [0]= 114 [1]= 227 [2]= 332 [3]= 332 [4]= 332 [5]= 332 [6]= 332 [7]= 332 [8]= 332 [9]= 332 [10]= 332 [11]= 332 [12]= 332 
key_index after (DPU 388) [0]=  98 [1]= 204 [2]= 310 [3]= 310 [4]= 310 [5]= 310 [6]= 310 [7]= 310 [8]= 310 [9]= 310 [10]= 310 [11]= 310 [12]= 310 
key_index after (DPU 389) [0]= 110 [1]= 213 [2]= 316 [3]= 316 [4]= 316 [5]= 316 [6]= 316 [7]= 316 [8]= 316 [9]= 316 [10]= 316 [11]= 316 [12]= 316 
key_index after (DPU 390) [0]=  79 [1]= 188 [2]= 297 [3]= 297 [4]= 297 [5]= 297 [6]= 297 [7]= 297 [8]= 297 [9]= 297 [10]= 297 [11]= 297 [12]= 297 
key_index after (DPU 391) [0]= 100 [1]= 199 [2]= 310 [3]= 310 [4]= 310 [5]= 310 [6]= 310 [7]= 310 [8]= 310 [9]= 310 [10]= 310 [11]= 310 [12]= 310 
key_index after (DPU 392) [0]=  95 [1]= 212 [2]= 311 [3]= 311 [4]= 311 [5]= 311 [6]= 311 [7]= 311 [8]= 311 [9]= 311 [10]= 311 [11]= 311 [12]= 311 
key_index after (DPU 393) [0]= 105 [1]= 215 [2]= 322 [3]= 322 [4]= 322 [5]= 322 [6]= 322 [7]= 322 [8]= 322 [9]= 322 [10]= 322 [11]= 322 [12]= 322 
key_index after (DPU 394) [0]= 102 [1]= 189 [2]= 306 [3]= 306 [4]= 306 [5]= 306 [6]= 306 [7]= 306 [8]= 306 [9]= 306 [10]= 306 [11]= 306 [12]= 306 
key_index after (DPU 395) [0]=  98 [1]= 190 [2]= 306 [3]= 306 [4]= 306 [5]= 306 [6]= 306 [7]= 306 [8]= 306 [9]= 306 [10]= 306 [11]= 306 [12]= 306 
key_index after (DPU 396) [0]= 115 [1]= 228 [2]= 339 [3]= 339 [4]= 339 [5]= 339 [6]= 339 [7]= 339 [8]= 339 [9]= 339 [10]= 339 [11]= 339 [12]= 339 
key_index after (DPU 397) [0]= 104 [1]= 211 [2]= 310 [3]= 310 [4]= 310 [5]= 310 [6]= 310 [7]= 310 [8]= 310 [9]= 310 [10]= 310 [11]= 310 [12]= 310 
key_index after (DPU 398) [0]= 102 [1]= 214 [2]= 300 [3]= 300 [4]= 300 [5]= 300 [6]= 300 [7]= 300 [8]= 300 [9]= 300 [10]= 300 [11]= 300 [12]= 300 
key_index after (DPU 399) [0]= 107 [1]= 210 [2]= 296 [3]= 296 [4]= 296 [5]= 296 [6]= 296 [7]= 296 [8]= 296 [9]= 296 [10]= 296 [11]= 296 [12]= 296 
key_index after (DPU 400) [0]= 100 [1]= 211 [2]= 308 [3]= 308 [4]= 308 [5]= 308 [6]= 308 [7]= 308 [8]= 308 [9]= 308 [10]= 308 [11]= 308 [12]= 308 
key_index after (DPU 401) [0]= 111 [1]= 197 [2]= 294 [3]= 294 [4]= 294 [5]= 294 [6]= 294 [7]= 294 [8]= 294 [9]= 294 [10]= 294 [11]= 294 [12]= 294 
key_index after (DPU 402) [0]= 102 [1]= 201 [2]= 299 [3]= 299 [4]= 299 [5]= 299 [6]= 299 [7]= 299 [8]= 299 [9]= 299 [10]= 299 [11]= 299 [12]= 299 
key_index after (DPU 403) [0]=  88 [1]= 171 [2]= 270 [3]= 270 [4]= 270 [5]= 270 [6]= 270 [7]= 270 [8]= 270 [9]= 270 [10]= 270 [11]= 270 [12]= 270 
key_index after (DPU 404) [0]= 106 [1]= 207 [2]= 293 [3]= 293 [4]= 293 [5]= 293 [6]= 293 [7]= 293 [8]= 293 [9]= 293 [10]= 293 [11]= 293 [12]= 293 
key_index after (DPU 405) [0]=  83 [1]= 191 [2]= 301 [3]= 301 [4]= 301 [5]= 301 [6]= 301 [7]= 301 [8]= 301 [9]= 301 [10]= 301 [11]= 301 [12]= 301 
key_index after (DPU 406) [0]= 111 [1]= 203 [2]= 295 [3]= 295 [4]= 295 [5]= 295 [6]= 295 [7]= 295 [8]= 295 [9]= 295 [10]= 295 [11]= 295 [12]= 295 
key_index after (DPU 407) [0]=  97 [1]= 200 [2]= 308 [3]= 308 [4]= 308 [5]= 308 [6]= 308 [7]= 308 [8]= 308 [9]= 308 [10]= 308 [11]= 308 [12]= 308 
key_index after (DPU 408) [0]= 115 [1]= 210 [2]= 316 [3]= 316 [4]= 316 [5]= 316 [6]= 316 [7]= 316 [8]= 316 [9]= 316 [10]= 316 [11]= 316 [12]= 316 
key_index after (DPU 409) [0]= 105 [1]= 212 [2]= 298 [3]= 298 [4]= 298 [5]= 298 [6]= 298 [7]= 298 [8]= 298 [9]= 298 [10]= 298 [11]= 298 [12]= 298 
key_index after (DPU 410) [0]=  93 [1]= 199 [2]= 307 [3]= 307 [4]= 307 [5]= 307 [6]= 307 [7]= 307 [8]= 307 [9]= 307 [10]= 307 [11]= 307 [12]= 307 
key_index after (DPU 411) [0]=  96 [1]= 201 [2]= 307 [3]= 307 [4]= 307 [5]= 307 [6]= 307 [7]= 307 [8]= 307 [9]= 307 [10]= 307 [11]= 307 [12]= 307 
key_index after (DPU 412) [0]= 100 [1]= 190 [2]= 310 [3]= 310 [4]= 310 [5]= 310 [6]= 310 [7]= 310 [8]= 310 [9]= 310 [10]= 310 [11]= 310 [12]= 310 
key_index after (DPU 413) [0]= 102 [1]= 213 [2]= 300 [3]= 300 [4]= 300 [5]= 300 [6]= 300 [7]= 300 [8]= 300 [9]= 300 [10]= 300 [11]= 300 [12]= 300 
key_index after (DPU 414) [0]=  94 [1]= 207 [2]= 303 [3]= 303 [4]= 303 [5]= 303 [6]= 303 [7]= 303 [8]= 303 [9]= 303 [10]= 303 [11]= 303 [12]= 303 
key_index after (DPU 415) [0]= 104 [1]= 189 [2]= 283 [3]= 283 [4]= 283 [5]= 283 [6]= 283 [7]= 283 [8]= 283 [9]= 283 [10]= 283 [11]= 283 [12]= 283 
key_index after (DPU 416) [0]= 112 [1]= 216 [2]= 309 [3]= 309 [4]= 309 [5]= 309 [6]= 309 [7]= 309 [8]= 309 [9]= 309 [10]= 309 [11]= 309 [12]= 309 
key_index after (DPU 417) [0]=  98 [1]= 204 [2]= 303 [3]= 303 [4]= 303 [5]= 303 [6]= 303 [7]= 303 [8]= 303 [9]= 303 [10]= 303 [11]= 303 [12]= 303 
key_index after (DPU 418) [0]=  94 [1]= 191 [2]= 283 [3]= 283 [4]= 283 [5]= 283 [6]= 283 [7]= 283 [8]= 283 [9]= 283 [10]= 283 [11]= 283 [12]= 283 
key_index after (DPU 419) [0]= 117 [1]= 221 [2]= 311 [3]= 311 [4]= 311 [5]= 311 [6]= 311 [7]= 311 [8]= 311 [9]= 311 [10]= 311 [11]= 311 [12]= 311 
key_index after (DPU 420) [0]= 103 [1]= 195 [2]= 294 [3]= 294 [4]= 294 [5]= 294 [6]= 294 [7]= 294 [8]= 294 [9]= 294 [10]= 294 [11]= 294 [12]= 294 
key_index after (DPU 421) [0]=  90 [1]= 175 [2]= 275 [3]= 275 [4]= 275 [5]= 275 [6]= 275 [7]= 275 [8]= 275 [9]= 275 [10]= 275 [11]= 275 [12]= 275 
key_index after (DPU 422) [0]= 115 [1]= 203 [2]= 294 [3]= 294 [4]= 294 [5]= 294 [6]= 294 [7]= 294 [8]= 294 [9]= 294 [10]= 294 [11]= 294 [12]= 294 
key_index after (DPU 423) [0]=  97 [1]= 200 [2]= 315 [3]= 315 [4]= 315 [5]= 315 [6]= 315 [7]= 315 [8]= 315 [9]= 315 [10]= 315 [11]= 315 [12]= 315 
key_index after (DPU 424) [0]=  93 [1]= 179 [2]= 269 [3]= 269 [4]= 269 [5]= 269 [6]= 269 [7]= 269 [8]= 269 [9]= 269 [10]= 269 [11]= 269 [12]= 269 
key_index after (DPU 425) [0]=  89 [1]= 189 [2]= 311 [3]= 311 [4]= 311 [5]= 311 [6]= 311 [7]= 311 [8]= 311 [9]= 311 [10]= 311 [11]= 311 [12]= 311 
key_index after (DPU 426) [0]=  90 [1]= 185 [2]= 289 [3]= 289 [4]= 289 [5]= 289 [6]= 289 [7]= 289 [8]= 289 [9]= 289 [10]= 289 [11]= 289 [12]= 289 
key_index after (DPU 427) [0]=  89 [1]= 177 [2]= 273 [3]= 273 [4]= 273 [5]= 273 [6]= 273 [7]= 273 [8]= 273 [9]= 273 [10]= 273 [11]= 273 [12]= 273 
key_index after (DPU 428) [0]=  69 [1]= 172 [2]= 261 [3]= 261 [4]= 261 [5]= 261 [6]= 261 [7]= 261 [8]= 261 [9]= 261 [10]= 261 [11]= 261 [12]= 261 
key_index after (DPU 429) [0]=  81 [1]= 183 [2]= 275 [3]= 275 [4]= 275 [5]= 275 [6]= 275 [7]= 275 [8]= 275 [9]= 275 [10]= 275 [11]= 275 [12]= 275 
key_index after (DPU 430) [0]= 105 [1]= 194 [2]= 288 [3]= 288 [4]= 288 [5]= 288 [6]= 288 [7]= 288 [8]= 288 [9]= 288 [10]= 288 [11]= 288 [12]= 288 
key_index after (DPU 431) [0]=  96 [1]= 190 [2]= 295 [3]= 295 [4]= 295 [5]= 295 [6]= 295 [7]= 295 [8]= 295 [9]= 295 [10]= 295 [11]= 295 [12]= 295 
key_index after (DPU 432) [0]=  95 [1]= 197 [2]= 286 [3]= 286 [4]= 286 [5]= 286 [6]= 286 [7]= 286 [8]= 286 [9]= 286 [10]= 286 [11]= 286 [12]= 286 
key_index after (DPU 433) [0]=  81 [1]= 190 [2]= 283 [3]= 283 [4]= 283 [5]= 283 [6]= 283 [7]= 283 [8]= 283 [9]= 283 [10]= 283 [11]= 283 [12]= 283 
key_index after (DPU 434) [0]=  92 [1]= 190 [2]= 313 [3]= 313 [4]= 313 [5]= 313 [6]= 313 [7]= 313 [8]= 313 [9]= 313 [10]= 313 [11]= 313 [12]= 313 
key_index after (DPU 435) [0]=  87 [1]= 179 [2]= 278 [3]= 278 [4]= 278 [5]= 278 [6]= 278 [7]= 278 [8]= 278 [9]= 278 [10]= 278 [11]= 278 [12]= 278 
key_index after (DPU 436) [0]=  90 [1]= 177 [2]= 272 [3]= 272 [4]= 272 [5]= 272 [6]= 272 [7]= 272 [8]= 272 [9]= 272 [10]= 272 [11]= 272 [12]= 272 
key_index after (DPU 437) [0]=  88 [1]= 188 [2]= 309 [3]= 309 [4]= 309 [5]= 309 [6]= 309 [7]= 309 [8]= 309 [9]= 309 [10]= 309 [11]= 309 [12]= 309 
key_index after (DPU 438) [0]=  93 [1]= 177 [2]= 263 [3]= 263 [4]= 263 [5]= 263 [6]= 263 [7]= 263 [8]= 263 [9]= 263 [10]= 263 [11]= 263 [12]= 263 
key_index after (DPU 439) [0]=  93 [1]= 189 [2]= 290 [3]= 290 [4]= 290 [5]= 290 [6]= 290 [7]= 290 [8]= 290 [9]= 290 [10]= 290 [11]= 290 [12]= 290 
key_index after (DPU 440) [0]=  85 [1]= 147 [2]= 235 [3]= 235 [4]= 235 [5]= 235 [6]= 235 [7]= 235 [8]= 235 [9]= 235 [10]= 235 [11]= 235 [12]= 235 
key_index after (DPU 441) [0]= 106 [1]= 194 [2]= 287 [3]= 287 [4]= 287 [5]= 287 [6]= 287 [7]= 287 [8]= 287 [9]= 287 [10]= 287 [11]= 287 [12]= 287 
key_index after (DPU 442) [0]=  83 [1]= 173 [2]= 269 [3]= 269 [4]= 269 [5]= 269 [6]= 269 [7]= 269 [8]= 269 [9]= 269 [10]= 269 [11]= 269 [12]= 269 
key_index after (DPU 443) [0]=  91 [1]= 208 [2]= 287 [3]= 287 [4]= 287 [5]= 287 [6]= 287 [7]= 287 [8]= 287 [9]= 287 [10]= 287 [11]= 287 [12]= 287 
key_index after (DPU 444) [0]=  88 [1]= 170 [2]= 268 [3]= 268 [4]= 268 [5]= 268 [6]= 268 [7]= 268 [8]= 268 [9]= 268 [10]= 268 [11]= 268 [12]= 268 
key_index after (DPU 445) [0]= 106 [1]= 207 [2]= 286 [3]= 286 [4]= 286 [5]= 286 [6]= 286 [7]= 286 [8]= 286 [9]= 286 [10]= 286 [11]= 286 [12]= 286 
key_index after (DPU 446) [0]=   0 [1]= 100 [2]= 100 [3]=139763 [4]=139763 [5]=139763 [6]=139763 [7]=139763 [8]=139763 [9]=139763 [10]=139763 [11]=139763 [12]=139763 
key_index after (DPU 447) [0]=  82 [1]= 173 [2]= 273 [3]= 273 [4]= 273 [5]= 273 [6]= 273 [7]= 273 [8]= 273 [9]= 273 [10]= 273 [11]= 273 [12]= 273 
key_index after (DPU 448) [0]=  83 [1]= 172 [2]= 263 [3]= 263 [4]= 263 [5]= 263 [6]= 263 [7]= 263 [8]= 263 [9]= 263 [10]= 263 [11]= 263 [12]= 263 
key_index after (DPU 449) [0]=  96 [1]= 198 [2]= 306 [3]=21253 [4]=21253 [5]=21253 [6]=21253 [7]=21253 [8]=21253 [9]=21253 [10]=21253 [11]=21253 [12]=21253 
key_index after (DPU 450) [0]=  93 [1]= 180 [2]= 282 [3]= 282 [4]= 282 [5]= 282 [6]= 282 [7]= 282 [8]= 282 [9]= 282 [10]= 282 [11]= 282 [12]= 282 
key_index after (DPU 451) [0]= 102 [1]= 183 [2]= 276 [3]= 276 [4]= 276 [5]= 276 [6]= 276 [7]= 276 [8]= 276 [9]= 276 [10]= 276 [11]= 276 [12]= 276 
key_index after (DPU 452) [0]=  85 [1]= 181 [2]= 276 [3]= 276 [4]= 276 [5]= 276 [6]= 276 [7]= 276 [8]= 276 [9]= 276 [10]= 276 [11]= 276 [12]= 276 
key_index after (DPU 453) [0]=  87 [1]= 182 [2]= 268 [3]= 268 [4]= 268 [5]= 268 [6]= 268 [7]= 268 [8]= 268 [9]= 268 [10]= 268 [11]= 268 [12]= 268 
key_index after (DPU 454) [0]=  89 [1]= 194 [2]= 288 [3]= 288 [4]= 288 [5]= 288 [6]= 288 [7]= 288 [8]= 288 [9]= 288 [10]= 288 [11]= 288 [12]= 288 
key_index after (DPU 455) [0]=  81 [1]= 153 [2]= 235 [3]= 235 [4]= 235 [5]= 235 [6]= 235 [7]= 235 [8]= 235 [9]= 235 [10]= 235 [11]= 235 [12]= 235 
key_index after (DPU 456) [0]= 100 [1]= 191 [2]= 271 [3]= 271 [4]= 271 [5]= 271 [6]= 271 [7]= 271 [8]= 271 [9]= 271 [10]= 271 [11]= 271 [12]= 271 
key_index after (DPU 457) [0]=  80 [1]= 182 [2]= 280 [3]= 280 [4]= 280 [5]= 280 [6]= 280 [7]= 280 [8]= 280 [9]= 280 [10]= 280 [11]= 280 [12]= 280 
key_index after (DPU 458) [0]=  85 [1]= 164 [2]= 248 [3]= 248 [4]= 248 [5]= 248 [6]= 248 [7]= 248 [8]= 248 [9]= 248 [10]= 248 [11]= 248 [12]= 248 
key_index after (DPU 459) [0]=  94 [1]= 180 [2]= 265 [3]=12525 [4]=12525 [5]=12525 [6]=12525 [7]=12525 [8]=12525 [9]=12525 [10]=12525 [11]=12525 [12]=12525 
key_index after (DPU 460) [0]=  78 [1]= 153 [2]= 249 [3]= 249 [4]= 249 [5]= 249 [6]= 249 [7]= 249 [8]= 249 [9]= 249 [10]= 249 [11]= 249 [12]= 249 
key_index after (DPU 461) [0]=  86 [1]= 175 [2]= 272 [3]= 272 [4]= 272 [5]= 272 [6]= 272 [7]= 272 [8]= 272 [9]= 272 [10]= 272 [11]= 272 [12]= 272 
key_index after (DPU 462) [0]= 101 [1]= 192 [2]= 262 [3]= 262 [4]= 262 [5]= 262 [6]= 262 [7]= 262 [8]= 262 [9]= 262 [10]= 262 [11]= 262 [12]= 262 
key_index after (DPU 463) [0]=  85 [1]= 163 [2]= 249 [3]= 249 [4]= 249 [5]= 249 [6]= 249 [7]= 249 [8]= 249 [9]= 249 [10]= 249 [11]= 249 [12]= 249 
key_index after (DPU 464) [0]=  80 [1]= 169 [2]= 250 [3]= 250 [4]= 250 [5]= 250 [6]= 250 [7]= 250 [8]= 250 [9]= 250 [10]= 250 [11]= 250 [12]= 250 
key_index after (DPU 465) [0]=  82 [1]= 176 [2]= 259 [3]= 259 [4]= 259 [5]= 259 [6]= 259 [7]= 259 [8]= 259 [9]= 259 [10]= 259 [11]= 259 [12]= 259 
key_index after (DPU 466) [0]=  97 [1]= 184 [2]= 274 [3]= 274 [4]= 274 [5]= 274 [6]= 274 [7]= 274 [8]= 274 [9]= 274 [10]= 274 [11]= 274 [12]= 274 
key_index after (DPU 467) [0]=  90 [1]= 176 [2]= 267 [3]= 267 [4]= 267 [5]= 267 [6]= 267 [7]= 267 [8]= 267 [9]= 267 [10]= 267 [11]= 267 [12]= 267 
key_index after (DPU 468) [0]=  74 [1]= 149 [2]= 237 [3]= 237 [4]= 237 [5]= 237 [6]= 237 [7]= 237 [8]= 237 [9]= 237 [10]= 237 [11]= 237 [12]= 237 
key_index after (DPU 469) [0]=  92 [1]= 168 [2]= 247 [3]= 247 [4]= 247 [5]= 247 [6]= 247 [7]= 247 [8]= 247 [9]= 247 [10]= 247 [11]= 247 [12]= 247 
key_index after (DPU 470) [0]=  98 [1]= 171 [2]= 257 [3]=18353 [4]=18353 [5]=18353 [6]=18353 [7]=18353 [8]=18353 [9]=18353 [10]=18353 [11]=18353 [12]=18353 
key_index after (DPU 471) [0]=  80 [1]= 182 [2]= 255 [3]= 255 [4]= 255 [5]= 255 [6]= 255 [7]= 255 [8]= 255 [9]= 255 [10]= 255 [11]= 255 [12]= 255 
key_index after (DPU 472) [0]=  87 [1]= 179 [2]= 284 [3]= 284 [4]= 284 [5]= 284 [6]= 284 [7]= 284 [8]= 284 [9]= 284 [10]= 284 [11]= 284 [12]= 284 
key_index after (DPU 473) [0]=  92 [1]= 174 [2]= 257 [3]= 257 [4]= 257 [5]= 257 [6]= 257 [7]= 257 [8]= 257 [9]= 257 [10]= 257 [11]= 257 [12]= 257 
key_index after (DPU 474) [0]=  93 [1]= 186 [2]= 293 [3]= 293 [4]= 293 [5]= 293 [6]= 293 [7]= 293 [8]= 293 [9]= 293 [10]= 293 [11]= 293 [12]= 293 
key_index after (DPU 475) [0]=  68 [1]= 158 [2]= 243 [3]= 243 [4]= 243 [5]= 243 [6]= 243 [7]= 243 [8]= 243 [9]= 243 [10]= 243 [11]= 243 [12]= 243 
key_index after (DPU 476) [0]=  87 [1]= 187 [2]= 263 [3]= 263 [4]= 263 [5]= 263 [6]= 263 [7]= 263 [8]= 263 [9]= 263 [10]= 263 [11]= 263 [12]= 263 
key_index after (DPU 477) [0]=  87 [1]= 176 [2]= 257 [3]= 257 [4]= 257 [5]= 257 [6]= 257 [7]= 257 [8]= 257 [9]= 257 [10]= 257 [11]= 257 [12]= 257 
key_index after (DPU 478) [0]=  94 [1]= 167 [2]= 247 [3]= 323 [4]= 323 [5]= 323 [6]= 323 [7]= 323 [8]= 323 [9]= 323 [10]= 323 [11]= 323 [12]= 323 
key_index after (DPU 479) [0]=  82 [1]= 178 [2]= 282 [3]= 282 [4]= 282 [5]= 282 [6]= 282 [7]= 282 [8]= 282 [9]= 282 [10]= 282 [11]= 282 [12]= 282 
key_index after (DPU 480) [0]=  88 [1]= 163 [2]= 237 [3]= 237 [4]= 237 [5]= 237 [6]= 237 [7]= 237 [8]= 237 [9]= 237 [10]= 237 [11]= 237 [12]= 237 
key_index after (DPU 481) [0]=  71 [1]=  71 [2]=  71 [3]=33147 [4]=33147 [5]=33147 [6]=33147 [7]=33147 [8]=33147 [9]=33147 [10]=33147 [11]=33147 [12]=33147 
key_index after (DPU 482) [0]=  75 [1]= 160 [2]= 250 [3]= 250 [4]= 250 [5]= 250 [6]= 250 [7]= 250 [8]= 250 [9]= 250 [10]= 250 [11]= 250 [12]= 250 
key_index after (DPU 483) [0]=  72 [1]= 148 [2]= 225 [3]= 314 [4]= 314 [5]= 314 [6]= 314 [7]= 314 [8]= 314 [9]= 314 [10]= 314 [11]= 314 [12]= 314 
key_index after (DPU 484) [0]=  77 [1]= 157 [2]= 236 [3]= 236 [4]= 236 [5]= 236 [6]= 236 [7]= 236 [8]= 236 [9]= 236 [10]= 236 [11]= 236 [12]= 236 
key_index after (DPU 485) [0]=  76 [1]= 159 [2]= 257 [3]= 257 [4]= 257 [5]= 257 [6]= 257 [7]= 257 [8]= 257 [9]= 257 [10]= 257 [11]= 257 [12]= 257 
key_index after (DPU 486) [0]=  94 [1]= 174 [2]= 270 [3]= 270 [4]= 270 [5]= 270 [6]= 270 [7]= 270 [8]= 270 [9]= 270 [10]= 270 [11]= 270 [12]= 270 
key_index after (DPU 487) [0]=  85 [1]= 171 [2]= 249 [3]= 249 [4]= 249 [5]= 249 [6]= 249 [7]= 249 [8]= 249 [9]= 249 [10]= 249 [11]= 249 [12]= 249 
key_index after (DPU 488) [0]=  72 [1]= 178 [2]= 263 [3]= 263 [4]= 263 [5]= 263 [6]= 263 [7]= 263 [8]= 263 [9]= 263 [10]= 263 [11]= 263 [12]= 263 
key_index after (DPU 489) [0]=  88 [1]= 181 [2]= 243 [3]= 243 [4]= 243 [5]= 243 [6]= 243 [7]= 243 [8]= 243 [9]= 243 [10]= 243 [11]= 243 [12]= 243 
key_index after (DPU 490) [0]=  82 [1]= 180 [2]= 257 [3]= 366 [4]= 366 [5]= 366 [6]= 366 [7]= 366 [8]= 366 [9]= 366 [10]= 366 [11]= 366 [12]= 366 
key_index after (DPU 491) [0]=  75 [1]= 149 [2]= 233 [3]=10386 [4]=10386 [5]=10386 [6]=10386 [7]=10386 [8]=10386 [9]=10386 [10]=10386 [11]=10386 [12]=10386 
key_index after (DPU 492) [0]=  74 [1]= 152 [2]= 221 [3]= 325 [4]= 325 [5]= 325 [6]= 325 [7]= 325 [8]= 325 [9]= 325 [10]= 325 [11]= 325 [12]= 325 
key_index after (DPU 493) [0]=  77 [1]= 162 [2]= 235 [3]=7790 [4]=7790 [5]=7790 [6]=7790 [7]=7790 [8]=7790 [9]=7790 [10]=7790 [11]=7790 [12]=7790 
key_index after (DPU 494) [0]=  76 [1]= 165 [2]= 251 [3]= 251 [4]= 251 [5]= 251 [6]= 251 [7]= 251 [8]= 251 [9]= 251 [10]= 251 [11]= 251 [12]= 251 
key_index after (DPU 495) [0]=  79 [1]= 161 [2]= 241 [3]=9479 [4]=9479 [5]=9479 [6]=9479 [7]=9479 [8]=9479 [9]=9479 [10]=9479 [11]=9479 [12]=9479 
key_index after (DPU 496) [0]=  58 [1]= 148 [2]= 231 [3]=13855 [4]=13855 [5]=13855 [6]=13855 [7]=13855 [8]=13855 [9]=13855 [10]=13855 [11]=13855 [12]=13855 
key_index after (DPU 497) [0]=  83 [1]= 164 [2]= 240 [3]= 240 [4]= 240 [5]= 240 [6]= 240 [7]= 240 [8]= 240 [9]= 240 [10]= 240 [11]= 240 [12]= 240 
key_index after (DPU 498) [0]=  79 [1]= 159 [2]= 233 [3]= 318 [4]= 318 [5]= 318 [6]= 318 [7]= 318 [8]= 318 [9]= 318 [10]= 318 [11]= 318 [12]= 318 
key_index after (DPU 499) [0]=  82 [1]= 153 [2]= 153 [3]=48412 [4]=48412 [5]=48412 [6]=48412 [7]=48412 [8]=48412 [9]=48412 [10]=48412 [11]=48412 [12]=48412 
[1/4] preprocess finished 0.00000sec
sending 1000000 requests for 0 DPUS...
[2/4] send finished 0.00000sec
[3/4]all the dpu execution finished: 0.00000sec
[4/4] batch postprocess finished: 0.00000sec
0.99, 500, 12, 4, 1000000, 139763, 0.45197, 0.30782, 0.00016, 0.00003, 0.00000, 0.00000, 0.00000, 0.00000, 0.75999, 1315807
======= batch 4 =======
key_index before (DPU 0) [0]=   0 [1]=   0 [2]=71834 [3]=71834 [4]=71834 [5]=71834 [6]=71834 [7]=71834 [8]=71834 [9]=71834 [10]=71834 [11]=71834 [12]=71834 
key_index before (DPU 1) [0]=   0 [1]=   0 [2]=26428 [3]=26428 [4]=26428 [5]=26428 [6]=26428 [7]=26428 [8]=26428 [9]=26428 [10]=26428 [11]=26428 [12]=26428 
key_index before (DPU 2) [0]=   0 [1]=   0 [2]=15585 [3]=15585 [4]=15585 [5]=15585 [6]=15585 [7]=15585 [8]=15585 [9]=15585 [10]=15585 [11]=15585 [12]=15585 
key_index before (DPU 3) [0]=   0 [1]=   0 [2]=11194 [3]=11194 [4]=11194 [5]=11194 [6]=11194 [7]=11194 [8]=11194 [9]=11194 [10]=11194 [11]=11194 [12]=11194 
key_index before (DPU 4) [0]=   0 [1]=   0 [2]=8863 [3]=16821 [4]=16821 [5]=16821 [6]=16821 [7]=16821 [8]=16821 [9]=16821 [10]=16821 [11]=16821 [12]=16821 
key_index before (DPU 5) [0]=   0 [1]=   0 [2]=7052 [3]=13847 [4]=13847 [5]=13847 [6]=13847 [7]=13847 [8]=13847 [9]=13847 [10]=13847 [11]=13847 [12]=13847 
key_index before (DPU 6) [0]=   0 [1]=   0 [2]=6308 [3]=12227 [4]=12227 [5]=12227 [6]=12227 [7]=12227 [8]=12227 [9]=12227 [10]=12227 [11]=12227 [12]=12227 
key_index before (DPU 7) [0]=   0 [1]=5531 [2]=10775 [3]=15739 [4]=15739 [5]=15739 [6]=15739 [7]=15739 [8]=15739 [9]=15739 [10]=15739 [11]=15739 [12]=15739 
key_index before (DPU 8) [0]=   0 [1]=4863 [2]=9472 [3]=13934 [4]=13934 [5]=13934 [6]=13934 [7]=13934 [8]=13934 [9]=13934 [10]=13934 [11]=13934 [12]=13934 
key_index before (DPU 9) [0]=   0 [1]=4305 [2]=8378 [3]=12341 [4]=12341 [5]=12341 [6]=12341 [7]=12341 [8]=12341 [9]=12341 [10]=12341 [11]=12341 [12]=12341 
key_index before (DPU 10) [0]=   0 [1]=3852 [2]=7696 [3]=11309 [4]=11309 [5]=11309 [6]=11309 [7]=11309 [8]=11309 [9]=11309 [10]=11309 [11]=11309 [12]=11309 
key_index before (DPU 11) [0]=   0 [1]=3588 [2]=7085 [3]=10424 [4]=10424 [5]=10424 [6]=10424 [7]=10424 [8]=10424 [9]=10424 [10]=10424 [11]=10424 [12]=10424 
key_index before (DPU 12) [0]=   0 [1]=3223 [2]=6394 [3]=9399 [4]=9399 [5]=9399 [6]=9399 [7]=9399 [8]=9399 [9]=9399 [10]=9399 [11]=9399 [12]=9399 
key_index before (DPU 13) [0]=   0 [1]=2990 [2]=5884 [3]=8681 [4]=8681 [5]=8681 [6]=8681 [7]=8681 [8]=8681 [9]=8681 [10]=8681 [11]=8681 [12]=8681 
key_index before (DPU 14) [0]=   0 [1]=2816 [2]=5589 [3]=8240 [4]=8240 [5]=8240 [6]=8240 [7]=8240 [8]=8240 [9]=8240 [10]=8240 [11]=8240 [12]=8240 
key_index before (DPU 15) [0]=   0 [1]=2636 [2]=5093 [3]=7558 [4]=7558 [5]=7558 [6]=7558 [7]=7558 [8]=7558 [9]=7558 [10]=7558 [11]=7558 [12]=7558 
key_index before (DPU 16) [0]=   0 [1]=2378 [2]=4751 [3]=7074 [4]=7074 [5]=7074 [6]=7074 [7]=7074 [8]=7074 [9]=7074 [10]=7074 [11]=7074 [12]=7074 
key_index before (DPU 17) [0]=   0 [1]=2211 [2]=4457 [3]=6722 [4]=6722 [5]=6722 [6]=6722 [7]=6722 [8]=6722 [9]=6722 [10]=6722 [11]=6722 [12]=6722 
key_index before (DPU 18) [0]=   0 [1]=2195 [2]=4348 [3]=6513 [4]=6513 [5]=6513 [6]=6513 [7]=6513 [8]=6513 [9]=6513 [10]=6513 [11]=6513 [12]=6513 
key_index before (DPU 19) [0]=   0 [1]=2006 [2]=3986 [3]=5959 [4]=5959 [5]=5959 [6]=5959 [7]=5959 [8]=5959 [9]=5959 [10]=5959 [11]=5959 [12]=5959 
key_index before (DPU 20) [0]=   0 [1]=1963 [2]=3866 [3]=5745 [4]=5745 [5]=5745 [6]=5745 [7]=5745 [8]=5745 [9]=5745 [10]=5745 [11]=5745 [12]=5745 
key_index before (DPU 21) [0]=   0 [1]=1870 [2]=3662 [3]=5458 [4]=5458 [5]=5458 [6]=5458 [7]=5458 [8]=5458 [9]=5458 [10]=5458 [11]=5458 [12]=5458 
key_index before (DPU 22) [0]=   0 [1]=1834 [2]=3653 [3]=5466 [4]=5466 [5]=5466 [6]=5466 [7]=5466 [8]=5466 [9]=5466 [10]=5466 [11]=5466 [12]=5466 
key_index before (DPU 23) [0]=   0 [1]=1715 [2]=3362 [3]=5016 [4]=5016 [5]=5016 [6]=5016 [7]=5016 [8]=5016 [9]=5016 [10]=5016 [11]=5016 [12]=5016 
key_index before (DPU 24) [0]=   0 [1]=1563 [2]=3142 [3]=4807 [4]=4807 [5]=4807 [6]=4807 [7]=4807 [8]=4807 [9]=4807 [10]=4807 [11]=4807 [12]=4807 
key_index before (DPU 25) [0]=   0 [1]=1602 [2]=3153 [3]=4710 [4]=4710 [5]=4710 [6]=4710 [7]=4710 [8]=4710 [9]=4710 [10]=4710 [11]=4710 [12]=4710 
key_index before (DPU 26) [0]=   0 [1]=1551 [2]=3167 [3]=4654 [4]=4654 [5]=4654 [6]=4654 [7]=4654 [8]=4654 [9]=4654 [10]=4654 [11]=4654 [12]=4654 
key_index before (DPU 27) [0]=   0 [1]=1489 [2]=2902 [3]=4320 [4]=4320 [5]=4320 [6]=4320 [7]=4320 [8]=4320 [9]=4320 [10]=4320 [11]=4320 [12]=4320 
key_index before (DPU 28) [0]=   0 [1]=1461 [2]=2884 [3]=4268 [4]=4268 [5]=4268 [6]=4268 [7]=4268 [8]=4268 [9]=4268 [10]=4268 [11]=4268 [12]=4268 
key_index before (DPU 29) [0]=   0 [1]=1388 [2]=2709 [3]=4035 [4]=4035 [5]=4035 [6]=4035 [7]=4035 [8]=4035 [9]=4035 [10]=4035 [11]=4035 [12]=4035 
key_index before (DPU 30) [0]=   0 [1]=1352 [2]=2688 [3]=4003 [4]=4003 [5]=4003 [6]=4003 [7]=4003 [8]=4003 [9]=4003 [10]=4003 [11]=4003 [12]=4003 
key_index before (DPU 31) [0]=   0 [1]=1263 [2]=2542 [3]=3811 [4]=3811 [5]=3811 [6]=3811 [7]=3811 [8]=3811 [9]=3811 [10]=3811 [11]=3811 [12]=3811 
key_index before (DPU 32) [0]=   0 [1]=1195 [2]=2457 [3]=3684 [4]=3684 [5]=3684 [6]=3684 [7]=3684 [8]=3684 [9]=3684 [10]=3684 [11]=3684 [12]=3684 
key_index before (DPU 33) [0]=   0 [1]=1180 [2]=2438 [3]=3657 [4]=3657 [5]=3657 [6]=3657 [7]=3657 [8]=3657 [9]=3657 [10]=3657 [11]=3657 [12]=3657 
key_index before (DPU 34) [0]=   0 [1]=1203 [2]=2374 [3]=3518 [4]=3518 [5]=3518 [6]=3518 [7]=3518 [8]=3518 [9]=3518 [10]=3518 [11]=3518 [12]=3518 
key_index before (DPU 35) [0]=   0 [1]=1142 [2]=2248 [3]=3295 [4]=3295 [5]=3295 [6]=3295 [7]=3295 [8]=3295 [9]=3295 [10]=3295 [11]=3295 [12]=3295 
key_index before (DPU 36) [0]=   0 [1]=1075 [2]=2159 [3]=3321 [4]=3321 [5]=3321 [6]=3321 [7]=3321 [8]=3321 [9]=3321 [10]=3321 [11]=3321 [12]=3321 
key_index before (DPU 37) [0]=   0 [1]=1064 [2]=2168 [3]=3215 [4]=3215 [5]=3215 [6]=3215 [7]=3215 [8]=3215 [9]=3215 [10]=3215 [11]=3215 [12]=3215 
key_index before (DPU 38) [0]=   0 [1]=1067 [2]=2128 [3]=3207 [4]=3207 [5]=3207 [6]=3207 [7]=3207 [8]=3207 [9]=3207 [10]=3207 [11]=3207 [12]=3207 
key_index before (DPU 39) [0]=   0 [1]=1012 [2]=2021 [3]=2985 [4]=2985 [5]=2985 [6]=2985 [7]=2985 [8]=2985 [9]=2985 [10]=2985 [11]=2985 [12]=2985 
key_index before (DPU 40) [0]=   0 [1]=1017 [2]=2000 [3]=2920 [4]=2920 [5]=2920 [6]=2920 [7]=2920 [8]=2920 [9]=2920 [10]=2920 [11]=2920 [12]=2920 
key_index before (DPU 41) [0]=   0 [1]= 949 [2]=1961 [3]=2900 [4]=2900 [5]=2900 [6]=2900 [7]=2900 [8]=2900 [9]=2900 [10]=2900 [11]=2900 [12]=2900 
key_index before (DPU 42) [0]=   0 [1]= 974 [2]=1952 [3]=2873 [4]=2873 [5]=2873 [6]=2873 [7]=2873 [8]=2873 [9]=2873 [10]=2873 [11]=2873 [12]=2873 
key_index before (DPU 43) [0]=   0 [1]= 958 [2]=1869 [3]=2791 [4]=2791 [5]=2791 [6]=2791 [7]=2791 [8]=2791 [9]=2791 [10]=2791 [11]=2791 [12]=2791 
key_index before (DPU 44) [0]=   0 [1]= 890 [2]=1806 [3]=2669 [4]=2669 [5]=2669 [6]=2669 [7]=2669 [8]=2669 [9]=2669 [10]=2669 [11]=2669 [12]=2669 
key_index before (DPU 45) [0]=   0 [1]= 870 [2]=1746 [3]=2564 [4]=2564 [5]=2564 [6]=2564 [7]=2564 [8]=2564 [9]=2564 [10]=2564 [11]=2564 [12]=2564 
key_index before (DPU 46) [0]=   0 [1]= 904 [2]=1730 [3]=2602 [4]=2602 [5]=2602 [6]=2602 [7]=2602 [8]=2602 [9]=2602 [10]=2602 [11]=2602 [12]=2602 
key_index before (DPU 47) [0]=   0 [1]= 843 [2]=1676 [3]=2545 [4]=2545 [5]=2545 [6]=2545 [7]=2545 [8]=2545 [9]=2545 [10]=2545 [11]=2545 [12]=2545 
key_index before (DPU 48) [0]=   0 [1]= 772 [2]=1588 [3]=2385 [4]=2385 [5]=2385 [6]=2385 [7]=2385 [8]=2385 [9]=2385 [10]=2385 [11]=2385 [12]=2385 
key_index before (DPU 49) [0]=   0 [1]= 820 [2]=1608 [3]=2412 [4]=2412 [5]=2412 [6]=2412 [7]=2412 [8]=2412 [9]=2412 [10]=2412 [11]=2412 [12]=2412 
key_index before (DPU 50) [0]=   0 [1]= 755 [2]=1574 [3]=2364 [4]=2364 [5]=2364 [6]=2364 [7]=2364 [8]=2364 [9]=2364 [10]=2364 [11]=2364 [12]=2364 
key_index before (DPU 51) [0]=   0 [1]= 821 [2]=1624 [3]=2391 [4]=2391 [5]=2391 [6]=2391 [7]=2391 [8]=2391 [9]=2391 [10]=2391 [11]=2391 [12]=2391 
key_index before (DPU 52) [0]=   0 [1]= 774 [2]=1545 [3]=2278 [4]=2278 [5]=2278 [6]=2278 [7]=2278 [8]=2278 [9]=2278 [10]=2278 [11]=2278 [12]=2278 
key_index before (DPU 53) [0]=   0 [1]= 738 [2]=1475 [3]=2196 [4]=2196 [5]=2196 [6]=2196 [7]=2196 [8]=2196 [9]=2196 [10]=2196 [11]=2196 [12]=2196 
key_index before (DPU 54) [0]=   0 [1]= 712 [2]=1453 [3]=2180 [4]=2180 [5]=2180 [6]=2180 [7]=2180 [8]=2180 [9]=2180 [10]=2180 [11]=2180 [12]=2180 
key_index before (DPU 55) [0]=   0 [1]= 708 [2]=1431 [3]=2185 [4]=2185 [5]=2185 [6]=2185 [7]=2185 [8]=2185 [9]=2185 [10]=2185 [11]=2185 [12]=2185 
key_index before (DPU 56) [0]=   0 [1]= 687 [2]=1362 [3]=2074 [4]=2074 [5]=2074 [6]=2074 [7]=2074 [8]=2074 [9]=2074 [10]=2074 [11]=2074 [12]=2074 
key_index before (DPU 57) [0]=   0 [1]= 681 [2]=1367 [3]=2040 [4]=2040 [5]=2040 [6]=2040 [7]=2040 [8]=2040 [9]=2040 [10]=2040 [11]=2040 [12]=2040 
key_index before (DPU 58) [0]=   0 [1]= 695 [2]=1350 [3]=2014 [4]=2014 [5]=2014 [6]=2014 [7]=2014 [8]=2014 [9]=2014 [10]=2014 [11]=2014 [12]=2014 
key_index before (DPU 59) [0]=   0 [1]= 667 [2]=1340 [3]=2050 [4]=2050 [5]=2050 [6]=2050 [7]=2050 [8]=2050 [9]=2050 [10]=2050 [11]=2050 [12]=2050 
key_index before (DPU 60) [0]=   0 [1]= 703 [2]=1333 [3]=2048 [4]=2048 [5]=2048 [6]=2048 [7]=2048 [8]=2048 [9]=2048 [10]=2048 [11]=2048 [12]=2048 
key_index before (DPU 61) [0]=   0 [1]= 652 [2]=1293 [3]=1896 [4]=1896 [5]=1896 [6]=1896 [7]=1896 [8]=1896 [9]=1896 [10]=1896 [11]=1896 [12]=1896 
key_index before (DPU 62) [0]=   0 [1]= 665 [2]=1300 [3]=1961 [4]=1961 [5]=1961 [6]=1961 [7]=1961 [8]=1961 [9]=1961 [10]=1961 [11]=1961 [12]=1961 
key_index before (DPU 63) [0]=   0 [1]= 626 [2]=1274 [3]=1899 [4]=1899 [5]=1899 [6]=1899 [7]=1899 [8]=1899 [9]=1899 [10]=1899 [11]=1899 [12]=1899 
key_index before (DPU 64) [0]=   0 [1]= 651 [2]=1297 [3]=1887 [4]=1887 [5]=1887 [6]=1887 [7]=1887 [8]=1887 [9]=1887 [10]=1887 [11]=1887 [12]=1887 
key_index before (DPU 65) [0]=   0 [1]= 604 [2]=1249 [3]=1826 [4]=1826 [5]=1826 [6]=1826 [7]=1826 [8]=1826 [9]=1826 [10]=1826 [11]=1826 [12]=1826 
key_index before (DPU 66) [0]=   0 [1]= 590 [2]=1218 [3]=1801 [4]=1801 [5]=1801 [6]=1801 [7]=1801 [8]=1801 [9]=1801 [10]=1801 [11]=1801 [12]=1801 
key_index before (DPU 67) [0]=   0 [1]= 633 [2]=1272 [3]=1887 [4]=1887 [5]=1887 [6]=1887 [7]=1887 [8]=1887 [9]=1887 [10]=1887 [11]=1887 [12]=1887 
key_index before (DPU 68) [0]=   0 [1]= 555 [2]=1139 [3]=1705 [4]=1705 [5]=1705 [6]=1705 [7]=1705 [8]=1705 [9]=1705 [10]=1705 [11]=1705 [12]=1705 
key_index before (DPU 69) [0]=   0 [1]= 581 [2]=1149 [3]=1767 [4]=1767 [5]=1767 [6]=1767 [7]=1767 [8]=1767 [9]=1767 [10]=1767 [11]=1767 [12]=1767 
key_index before (DPU 70) [0]=   0 [1]= 587 [2]=1135 [3]=1669 [4]=1669 [5]=1669 [6]=1669 [7]=1669 [8]=1669 [9]=1669 [10]=1669 [11]=1669 [12]=1669 
key_index before (DPU 71) [0]=   0 [1]= 562 [2]=1156 [3]=1748 [4]=1748 [5]=1748 [6]=1748 [7]=1748 [8]=1748 [9]=1748 [10]=1748 [11]=1748 [12]=1748 
key_index before (DPU 72) [0]=   0 [1]= 568 [2]=1126 [3]=1660 [4]=1660 [5]=1660 [6]=1660 [7]=1660 [8]=1660 [9]=1660 [10]=1660 [11]=1660 [12]=1660 
key_index before (DPU 73) [0]=   0 [1]= 559 [2]=1135 [3]=1686 [4]=1686 [5]=1686 [6]=1686 [7]=1686 [8]=1686 [9]=1686 [10]=1686 [11]=1686 [12]=1686 
key_index before (DPU 74) [0]=   0 [1]= 539 [2]=1057 [3]=1614 [4]=1614 [5]=1614 [6]=1614 [7]=1614 [8]=1614 [9]=1614 [10]=1614 [11]=1614 [12]=1614 
key_index before (DPU 75) [0]=   0 [1]= 539 [2]=1040 [3]=1583 [4]=1583 [5]=1583 [6]=1583 [7]=1583 [8]=1583 [9]=1583 [10]=1583 [11]=1583 [12]=1583 
key_index before (DPU 76) [0]=   0 [1]= 515 [2]=1007 [3]=1533 [4]=1533 [5]=1533 [6]=1533 [7]=1533 [8]=1533 [9]=1533 [10]=1533 [11]=1533 [12]=1533 
key_index before (DPU 77) [0]=   0 [1]= 497 [2]= 993 [3]=1476 [4]=1476 [5]=1476 [6]=1476 [7]=1476 [8]=1476 [9]=1476 [10]=1476 [11]=1476 [12]=1476 
key_index before (DPU 78) [0]=   0 [1]= 543 [2]=1036 [3]=1518 [4]=1518 [5]=1518 [6]=1518 [7]=1518 [8]=1518 [9]=1518 [10]=1518 [11]=1518 [12]=1518 
key_index before (DPU 79) [0]=   0 [1]= 508 [2]=1012 [3]=1513 [4]=1513 [5]=1513 [6]=1513 [7]=1513 [8]=1513 [9]=1513 [10]=1513 [11]=1513 [12]=1513 
key_index before (DPU 80) [0]=   0 [1]= 489 [2]= 981 [3]=1473 [4]=1473 [5]=1473 [6]=1473 [7]=1473 [8]=1473 [9]=1473 [10]=1473 [11]=1473 [12]=1473 
key_index before (DPU 81) [0]=   0 [1]= 540 [2]=1027 [3]=1512 [4]=1512 [5]=1512 [6]=1512 [7]=1512 [8]=1512 [9]=1512 [10]=1512 [11]=1512 [12]=1512 
key_index before (DPU 82) [0]=   0 [1]= 487 [2]= 956 [3]=1459 [4]=1459 [5]=1459 [6]=1459 [7]=1459 [8]=1459 [9]=1459 [10]=1459 [11]=1459 [12]=1459 
key_index before (DPU 83) [0]=   0 [1]= 504 [2]= 970 [3]=1430 [4]=1430 [5]=1430 [6]=1430 [7]=1430 [8]=1430 [9]=1430 [10]=1430 [11]=1430 [12]=1430 
key_index before (DPU 84) [0]=   0 [1]= 462 [2]= 913 [3]=1362 [4]=1362 [5]=1362 [6]=1362 [7]=1362 [8]=1362 [9]=1362 [10]=1362 [11]=1362 [12]=1362 
key_index before (DPU 85) [0]=   0 [1]= 448 [2]= 901 [3]=1386 [4]=1386 [5]=1386 [6]=1386 [7]=1386 [8]=1386 [9]=1386 [10]=1386 [11]=1386 [12]=1386 
key_index before (DPU 86) [0]=   0 [1]= 467 [2]= 887 [3]=1325 [4]=1325 [5]=1325 [6]=1325 [7]=1325 [8]=1325 [9]=1325 [10]=1325 [11]=1325 [12]=1325 
key_index before (DPU 87) [0]=   0 [1]= 453 [2]= 868 [3]=1337 [4]=1337 [5]=1337 [6]=1337 [7]=1337 [8]=1337 [9]=1337 [10]=1337 [11]=1337 [12]=1337 
key_index before (DPU 88) [0]=   0 [1]= 439 [2]= 907 [3]=1352 [4]=1352 [5]=1352 [6]=1352 [7]=1352 [8]=1352 [9]=1352 [10]=1352 [11]=1352 [12]=1352 
key_index before (DPU 89) [0]=   0 [1]= 486 [2]= 925 [3]=1355 [4]=1355 [5]=1355 [6]=1355 [7]=1355 [8]=1355 [9]=1355 [10]=1355 [11]=1355 [12]=1355 
key_index before (DPU 90) [0]=   0 [1]= 447 [2]= 892 [3]=1336 [4]=1336 [5]=1336 [6]=1336 [7]=1336 [8]=1336 [9]=1336 [10]=1336 [11]=1336 [12]=1336 
key_index before (DPU 91) [0]=   0 [1]= 493 [2]= 957 [3]=1413 [4]=1413 [5]=1413 [6]=1413 [7]=1413 [8]=1413 [9]=1413 [10]=1413 [11]=1413 [12]=1413 
key_index before (DPU 92) [0]=   0 [1]= 449 [2]= 877 [3]=1306 [4]=1306 [5]=1306 [6]=1306 [7]=1306 [8]=1306 [9]=1306 [10]=1306 [11]=1306 [12]=1306 
key_index before (DPU 93) [0]=   0 [1]= 426 [2]= 849 [3]=1274 [4]=1274 [5]=1274 [6]=1274 [7]=1274 [8]=1274 [9]=1274 [10]=1274 [11]=1274 [12]=1274 
key_index before (DPU 94) [0]=   0 [1]= 459 [2]= 894 [3]=1325 [4]=1325 [5]=1325 [6]=1325 [7]=1325 [8]=1325 [9]=1325 [10]=1325 [11]=1325 [12]=1325 
key_index before (DPU 95) [0]=   0 [1]= 423 [2]= 877 [3]=1285 [4]=1285 [5]=1285 [6]=1285 [7]=1285 [8]=1285 [9]=1285 [10]=1285 [11]=1285 [12]=1285 
key_index before (DPU 96) [0]=   0 [1]= 402 [2]= 838 [3]=1295 [4]=1295 [5]=1295 [6]=1295 [7]=1295 [8]=1295 [9]=1295 [10]=1295 [11]=1295 [12]=1295 
key_index before (DPU 97) [0]=   0 [1]= 450 [2]= 871 [3]=1280 [4]=1280 [5]=1280 [6]=1280 [7]=1280 [8]=1280 [9]=1280 [10]=1280 [11]=1280 [12]=1280 
key_index before (DPU 98) [0]=   0 [1]= 400 [2]= 832 [3]=1236 [4]=1236 [5]=1236 [6]=1236 [7]=1236 [8]=1236 [9]=1236 [10]=1236 [11]=1236 [12]=1236 
key_index before (DPU 99) [0]=   0 [1]= 409 [2]= 788 [3]=1204 [4]=1204 [5]=1204 [6]=1204 [7]=1204 [8]=1204 [9]=1204 [10]=1204 [11]=1204 [12]=1204 
key_index before (DPU 100) [0]=   0 [1]= 413 [2]= 831 [3]=1220 [4]=1220 [5]=1220 [6]=1220 [7]=1220 [8]=1220 [9]=1220 [10]=1220 [11]=1220 [12]=1220 
key_index before (DPU 101) [0]=   0 [1]= 375 [2]= 794 [3]=1207 [4]=1207 [5]=1207 [6]=1207 [7]=1207 [8]=1207 [9]=1207 [10]=1207 [11]=1207 [12]=1207 
key_index before (DPU 102) [0]=   0 [1]= 374 [2]= 769 [3]=1192 [4]=1192 [5]=1192 [6]=1192 [7]=1192 [8]=1192 [9]=1192 [10]=1192 [11]=1192 [12]=1192 
key_index before (DPU 103) [0]=   0 [1]= 371 [2]= 747 [3]=1110 [4]=1110 [5]=1110 [6]=1110 [7]=1110 [8]=1110 [9]=1110 [10]=1110 [11]=1110 [12]=1110 
key_index before (DPU 104) [0]=   0 [1]= 366 [2]= 765 [3]=1135 [4]=1135 [5]=1135 [6]=1135 [7]=1135 [8]=1135 [9]=1135 [10]=1135 [11]=1135 [12]=1135 
key_index before (DPU 105) [0]=   0 [1]= 365 [2]= 774 [3]=1165 [4]=1165 [5]=1165 [6]=1165 [7]=1165 [8]=1165 [9]=1165 [10]=1165 [11]=1165 [12]=1165 
key_index before (DPU 106) [0]=   0 [1]= 380 [2]= 762 [3]=1136 [4]=1136 [5]=1136 [6]=1136 [7]=1136 [8]=1136 [9]=1136 [10]=1136 [11]=1136 [12]=1136 
key_index before (DPU 107) [0]=   0 [1]= 368 [2]= 768 [3]=1172 [4]=1172 [5]=1172 [6]=1172 [7]=1172 [8]=1172 [9]=1172 [10]=1172 [11]=1172 [12]=1172 
key_index before (DPU 108) [0]=   0 [1]= 364 [2]= 738 [3]=1086 [4]=1086 [5]=1086 [6]=1086 [7]=1086 [8]=1086 [9]=1086 [10]=1086 [11]=1086 [12]=1086 
key_index before (DPU 109) [0]=   0 [1]= 370 [2]= 735 [3]=1105 [4]=1105 [5]=1105 [6]=1105 [7]=1105 [8]=1105 [9]=1105 [10]=1105 [11]=1105 [12]=1105 
key_index before (DPU 110) [0]=   0 [1]= 357 [2]= 758 [3]=1122 [4]=1122 [5]=1122 [6]=1122 [7]=1122 [8]=1122 [9]=1122 [10]=1122 [11]=1122 [12]=1122 
key_index before (DPU 111) [0]=   0 [1]= 391 [2]= 748 [3]=1124 [4]=1124 [5]=1124 [6]=1124 [7]=1124 [8]=1124 [9]=1124 [10]=1124 [11]=1124 [12]=1124 
key_index before (DPU 112) [0]=   0 [1]= 394 [2]= 729 [3]=1058 [4]=1058 [5]=1058 [6]=1058 [7]=1058 [8]=1058 [9]=1058 [10]=1058 [11]=1058 [12]=1058 
key_index before (DPU 113) [0]=   0 [1]= 370 [2]= 728 [3]=1069 [4]=1069 [5]=1069 [6]=1069 [7]=1069 [8]=1069 [9]=1069 [10]=1069 [11]=1069 [12]=1069 
key_index before (DPU 114) [0]=   0 [1]= 364 [2]= 691 [3]=1063 [4]=1063 [5]=1063 [6]=1063 [7]=1063 [8]=1063 [9]=1063 [10]=1063 [11]=1063 [12]=1063 
key_index before (DPU 115) [0]=   0 [1]= 369 [2]= 730 [3]=1076 [4]=1076 [5]=1076 [6]=1076 [7]=1076 [8]=1076 [9]=1076 [10]=1076 [11]=1076 [12]=1076 
key_index before (DPU 116) [0]=   0 [1]= 368 [2]= 744 [3]=1081 [4]=1081 [5]=1081 [6]=1081 [7]=1081 [8]=1081 [9]=1081 [10]=1081 [11]=1081 [12]=1081 
key_index before (DPU 117) [0]=   0 [1]= 317 [2]= 668 [3]= 999 [4]= 999 [5]= 999 [6]= 999 [7]= 999 [8]= 999 [9]= 999 [10]= 999 [11]= 999 [12]= 999 
key_index before (DPU 118) [0]=   0 [1]= 334 [2]= 645 [3]= 976 [4]= 976 [5]= 976 [6]= 976 [7]= 976 [8]= 976 [9]= 976 [10]= 976 [11]= 976 [12]= 976 
key_index before (DPU 119) [0]=   0 [1]= 334 [2]= 679 [3]= 998 [4]= 998 [5]= 998 [6]= 998 [7]= 998 [8]= 998 [9]= 998 [10]= 998 [11]= 998 [12]= 998 
key_index before (DPU 120) [0]=   0 [1]= 338 [2]= 691 [3]=1033 [4]=1033 [5]=1033 [6]=1033 [7]=1033 [8]=1033 [9]=1033 [10]=1033 [11]=1033 [12]=1033 
key_index before (DPU 121) [0]=   0 [1]= 354 [2]= 710 [3]=1051 [4]=1051 [5]=1051 [6]=1051 [7]=1051 [8]=1051 [9]=1051 [10]=1051 [11]=1051 [12]=1051 
key_index before (DPU 122) [0]=   0 [1]= 316 [2]= 656 [3]= 991 [4]= 991 [5]= 991 [6]= 991 [7]= 991 [8]= 991 [9]= 991 [10]= 991 [11]= 991 [12]= 991 
key_index before (DPU 123) [0]=   0 [1]= 349 [2]= 657 [3]= 948 [4]= 948 [5]= 948 [6]= 948 [7]= 948 [8]= 948 [9]= 948 [10]= 948 [11]= 948 [12]= 948 
key_index before (DPU 124) [0]=   0 [1]= 319 [2]= 654 [3]= 956 [4]= 956 [5]= 956 [6]= 956 [7]= 956 [8]= 956 [9]= 956 [10]= 956 [11]= 956 [12]= 956 
key_index before (DPU 125) [0]=   0 [1]= 306 [2]= 612 [3]= 945 [4]= 945 [5]= 945 [6]= 945 [7]= 945 [8]= 945 [9]= 945 [10]= 945 [11]= 945 [12]= 945 
key_index before (DPU 126) [0]=   0 [1]= 313 [2]= 620 [3]= 904 [4]= 904 [5]= 904 [6]= 904 [7]= 904 [8]= 904 [9]= 904 [10]= 904 [11]= 904 [12]= 904 
key_index before (DPU 127) [0]=   0 [1]= 332 [2]= 622 [3]= 946 [4]= 946 [5]= 946 [6]= 946 [7]= 946 [8]= 946 [9]= 946 [10]= 946 [11]= 946 [12]= 946 
key_index before (DPU 128) [0]=   0 [1]= 288 [2]= 597 [3]= 916 [4]= 916 [5]= 916 [6]= 916 [7]= 916 [8]= 916 [9]= 916 [10]= 916 [11]= 916 [12]= 916 
key_index before (DPU 129) [0]=   0 [1]= 346 [2]= 691 [3]=1025 [4]=1025 [5]=1025 [6]=1025 [7]=1025 [8]=1025 [9]=1025 [10]=1025 [11]=1025 [12]=1025 
key_index before (DPU 130) [0]=   0 [1]= 264 [2]= 604 [3]= 915 [4]= 915 [5]= 915 [6]= 915 [7]= 915 [8]= 915 [9]= 915 [10]= 915 [11]= 915 [12]= 915 
key_index before (DPU 131) [0]=   0 [1]= 302 [2]= 617 [3]= 921 [4]= 921 [5]= 921 [6]= 921 [7]= 921 [8]= 921 [9]= 921 [10]= 921 [11]= 921 [12]= 921 
key_index before (DPU 132) [0]=   0 [1]= 300 [2]= 603 [3]= 928 [4]= 928 [5]= 928 [6]= 928 [7]= 928 [8]= 928 [9]= 928 [10]= 928 [11]= 928 [12]= 928 
key_index before (DPU 133) [0]=   0 [1]= 295 [2]= 613 [3]= 903 [4]= 903 [5]= 903 [6]= 903 [7]= 903 [8]= 903 [9]= 903 [10]= 903 [11]= 903 [12]= 903 
key_index before (DPU 134) [0]=   0 [1]= 279 [2]= 582 [3]= 896 [4]= 896 [5]= 896 [6]= 896 [7]= 896 [8]= 896 [9]= 896 [10]= 896 [11]= 896 [12]= 896 
key_index before (DPU 135) [0]=   0 [1]= 312 [2]= 574 [3]= 864 [4]= 864 [5]= 864 [6]= 864 [7]= 864 [8]= 864 [9]= 864 [10]= 864 [11]= 864 [12]= 864 
key_index before (DPU 136) [0]=   0 [1]= 291 [2]= 559 [3]= 840 [4]= 840 [5]= 840 [6]= 840 [7]= 840 [8]= 840 [9]= 840 [10]= 840 [11]= 840 [12]= 840 
key_index before (DPU 137) [0]=   0 [1]= 335 [2]= 650 [3]= 932 [4]= 932 [5]= 932 [6]= 932 [7]= 932 [8]= 932 [9]= 932 [10]= 932 [11]= 932 [12]= 932 
key_index before (DPU 138) [0]=   0 [1]= 308 [2]= 582 [3]= 884 [4]= 884 [5]= 884 [6]= 884 [7]= 884 [8]= 884 [9]= 884 [10]= 884 [11]= 884 [12]= 884 
key_index before (DPU 139) [0]=   0 [1]= 282 [2]= 549 [3]= 802 [4]= 802 [5]= 802 [6]= 802 [7]= 802 [8]= 802 [9]= 802 [10]= 802 [11]= 802 [12]= 802 
key_index before (DPU 140) [0]=   0 [1]= 277 [2]= 534 [3]= 812 [4]= 812 [5]= 812 [6]= 812 [7]= 812 [8]= 812 [9]= 812 [10]= 812 [11]= 812 [12]= 812 
key_index before (DPU 141) [0]=   0 [1]= 311 [2]= 596 [3]= 881 [4]= 881 [5]= 881 [6]= 881 [7]= 881 [8]= 881 [9]= 881 [10]= 881 [11]= 881 [12]= 881 
key_index before (DPU 142) [0]=   0 [1]= 314 [2]= 632 [3]= 922 [4]= 922 [5]= 922 [6]= 922 [7]= 922 [8]= 922 [9]= 922 [10]= 922 [11]= 922 [12]= 922 
key_index before (DPU 143) [0]=   0 [1]= 275 [2]= 582 [3]= 868 [4]= 868 [5]= 868 [6]= 868 [7]= 868 [8]= 868 [9]= 868 [10]= 868 [11]= 868 [12]= 868 
key_index before (DPU 144) [0]=   0 [1]= 282 [2]= 540 [3]= 825 [4]= 825 [5]= 825 [6]= 825 [7]= 825 [8]= 825 [9]= 825 [10]= 825 [11]= 825 [12]= 825 
key_index before (DPU 145) [0]=   0 [1]= 266 [2]= 569 [3]= 849 [4]= 849 [5]= 849 [6]= 849 [7]= 849 [8]= 849 [9]= 849 [10]= 849 [11]= 849 [12]= 849 
key_index before (DPU 146) [0]=   0 [1]= 293 [2]= 589 [3]= 850 [4]= 850 [5]= 850 [6]= 850 [7]= 850 [8]= 850 [9]= 850 [10]= 850 [11]= 850 [12]= 850 
key_index before (DPU 147) [0]=   0 [1]= 283 [2]= 573 [3]= 876 [4]= 876 [5]= 876 [6]= 876 [7]= 876 [8]= 876 [9]= 876 [10]= 876 [11]= 876 [12]= 876 
key_index before (DPU 148) [0]=   0 [1]= 262 [2]= 507 [3]= 775 [4]= 775 [5]= 775 [6]= 775 [7]= 775 [8]= 775 [9]= 775 [10]= 775 [11]= 775 [12]= 775 
key_index before (DPU 149) [0]=   0 [1]= 291 [2]= 597 [3]= 862 [4]= 862 [5]= 862 [6]= 862 [7]= 862 [8]= 862 [9]= 862 [10]= 862 [11]= 862 [12]= 862 
key_index before (DPU 150) [0]=   0 [1]= 262 [2]= 547 [3]= 828 [4]= 828 [5]= 828 [6]= 828 [7]= 828 [8]= 828 [9]= 828 [10]= 828 [11]= 828 [12]= 828 
key_index before (DPU 151) [0]=   0 [1]= 269 [2]= 546 [3]= 848 [4]= 848 [5]= 848 [6]= 848 [7]= 848 [8]= 848 [9]= 848 [10]= 848 [11]= 848 [12]= 848 
key_index before (DPU 152) [0]=   0 [1]= 262 [2]= 530 [3]= 795 [4]= 795 [5]= 795 [6]= 795 [7]= 795 [8]= 795 [9]= 795 [10]= 795 [11]= 795 [12]= 795 
key_index before (DPU 153) [0]=   0 [1]= 255 [2]= 525 [3]= 775 [4]= 775 [5]= 775 [6]= 775 [7]= 775 [8]= 775 [9]= 775 [10]= 775 [11]= 775 [12]= 775 
key_index before (DPU 154) [0]=   0 [1]= 275 [2]= 519 [3]= 768 [4]= 768 [5]= 768 [6]= 768 [7]= 768 [8]= 768 [9]= 768 [10]= 768 [11]= 768 [12]= 768 
key_index before (DPU 155) [0]=   0 [1]= 266 [2]= 579 [3]= 832 [4]= 832 [5]= 832 [6]= 832 [7]= 832 [8]= 832 [9]= 832 [10]= 832 [11]= 832 [12]= 832 
key_index before (DPU 156) [0]=   0 [1]= 272 [2]= 555 [3]= 796 [4]= 796 [5]= 796 [6]= 796 [7]= 796 [8]= 796 [9]= 796 [10]= 796 [11]= 796 [12]= 796 
key_index before (DPU 157) [0]=   0 [1]= 259 [2]= 529 [3]= 788 [4]= 788 [5]= 788 [6]= 788 [7]= 788 [8]= 788 [9]= 788 [10]= 788 [11]= 788 [12]= 788 
key_index before (DPU 158) [0]=   0 [1]= 236 [2]= 473 [3]= 739 [4]= 739 [5]= 739 [6]= 739 [7]= 739 [8]= 739 [9]= 739 [10]= 739 [11]= 739 [12]= 739 
key_index before (DPU 159) [0]=   0 [1]= 232 [2]= 482 [3]= 703 [4]= 703 [5]= 703 [6]= 703 [7]= 703 [8]= 703 [9]= 703 [10]= 703 [11]= 703 [12]= 703 
key_index before (DPU 160) [0]=   0 [1]= 282 [2]= 520 [3]= 783 [4]= 783 [5]= 783 [6]= 783 [7]= 783 [8]= 783 [9]= 783 [10]= 783 [11]= 783 [12]= 783 
key_index before (DPU 161) [0]=   0 [1]= 253 [2]= 495 [3]= 767 [4]= 767 [5]= 767 [6]= 767 [7]= 767 [8]= 767 [9]= 767 [10]= 767 [11]= 767 [12]= 767 
key_index before (DPU 162) [0]=   0 [1]= 236 [2]= 474 [3]= 726 [4]= 726 [5]= 726 [6]= 726 [7]= 726 [8]= 726 [9]= 726 [10]= 726 [11]= 726 [12]= 726 
key_index before (DPU 163) [0]=   0 [1]= 234 [2]= 443 [3]= 719 [4]= 719 [5]= 719 [6]= 719 [7]= 719 [8]= 719 [9]= 719 [10]= 719 [11]= 719 [12]= 719 
key_index before (DPU 164) [0]=   0 [1]= 266 [2]= 493 [3]= 747 [4]= 747 [5]= 747 [6]= 747 [7]= 747 [8]= 747 [9]= 747 [10]= 747 [11]= 747 [12]= 747 
key_index before (DPU 165) [0]=   0 [1]= 267 [2]= 534 [3]= 781 [4]= 781 [5]= 781 [6]= 781 [7]= 781 [8]= 781 [9]= 781 [10]= 781 [11]= 781 [12]= 781 
key_index before (DPU 166) [0]=   0 [1]= 264 [2]= 520 [3]= 799 [4]= 799 [5]= 799 [6]= 799 [7]= 799 [8]= 799 [9]= 799 [10]= 799 [11]= 799 [12]= 799 
key_index before (DPU 167) [0]=   0 [1]= 274 [2]= 511 [3]= 760 [4]= 760 [5]= 760 [6]= 760 [7]= 760 [8]= 760 [9]= 760 [10]= 760 [11]= 760 [12]= 760 
key_index before (DPU 168) [0]=   0 [1]= 254 [2]= 475 [3]= 694 [4]= 694 [5]= 694 [6]= 694 [7]= 694 [8]= 694 [9]= 694 [10]= 694 [11]= 694 [12]= 694 
key_index before (DPU 169) [0]=   0 [1]= 227 [2]= 450 [3]= 694 [4]= 694 [5]= 694 [6]= 694 [7]= 694 [8]= 694 [9]= 694 [10]= 694 [11]= 694 [12]= 694 
key_index before (DPU 170) [0]=   0 [1]= 238 [2]= 474 [3]= 705 [4]= 705 [5]= 705 [6]= 705 [7]= 705 [8]= 705 [9]= 705 [10]= 705 [11]= 705 [12]= 705 
key_index before (DPU 171) [0]=   0 [1]= 237 [2]= 473 [3]= 738 [4]= 738 [5]= 738 [6]= 738 [7]= 738 [8]= 738 [9]= 738 [10]= 738 [11]= 738 [12]= 738 
key_index before (DPU 172) [0]=   0 [1]= 236 [2]= 475 [3]= 716 [4]= 716 [5]= 716 [6]= 716 [7]= 716 [8]= 716 [9]= 716 [10]= 716 [11]= 716 [12]= 716 
key_index before (DPU 173) [0]=   0 [1]= 251 [2]= 506 [3]= 754 [4]= 754 [5]= 754 [6]= 754 [7]= 754 [8]= 754 [9]= 754 [10]= 754 [11]= 754 [12]= 754 
key_index before (DPU 174) [0]=   0 [1]= 223 [2]= 442 [3]= 673 [4]= 673 [5]= 673 [6]= 673 [7]= 673 [8]= 673 [9]= 673 [10]= 673 [11]= 673 [12]= 673 
key_index before (DPU 175) [0]=   0 [1]= 214 [2]= 438 [3]= 665 [4]= 665 [5]= 665 [6]= 665 [7]= 665 [8]= 665 [9]= 665 [10]= 665 [11]= 665 [12]= 665 
key_index before (DPU 176) [0]=   0 [1]= 200 [2]= 425 [3]= 656 [4]= 656 [5]= 656 [6]= 656 [7]= 656 [8]= 656 [9]= 656 [10]= 656 [11]= 656 [12]= 656 
key_index before (DPU 177) [0]=   0 [1]= 220 [2]= 447 [3]= 679 [4]= 679 [5]= 679 [6]= 679 [7]= 679 [8]= 679 [9]= 679 [10]= 679 [11]= 679 [12]= 679 
key_index before (DPU 178) [0]=   0 [1]= 195 [2]= 455 [3]= 684 [4]= 684 [5]= 684 [6]= 684 [7]= 684 [8]= 684 [9]= 684 [10]= 684 [11]= 684 [12]= 684 
key_index before (DPU 179) [0]=   0 [1]= 216 [2]= 442 [3]= 675 [4]= 675 [5]= 675 [6]= 675 [7]= 675 [8]= 675 [9]= 675 [10]= 675 [11]= 675 [12]= 675 
key_index before (DPU 180) [0]=   0 [1]= 245 [2]= 465 [3]= 698 [4]= 698 [5]= 698 [6]= 698 [7]= 698 [8]= 698 [9]= 698 [10]= 698 [11]= 698 [12]= 698 
key_index before (DPU 181) [0]=   0 [1]= 238 [2]= 453 [3]= 655 [4]= 655 [5]= 655 [6]= 655 [7]= 655 [8]= 655 [9]= 655 [10]= 655 [11]= 655 [12]= 655 
key_index before (DPU 182) [0]=   0 [1]= 227 [2]= 450 [3]= 673 [4]= 673 [5]= 673 [6]= 673 [7]= 673 [8]= 673 [9]= 673 [10]= 673 [11]= 673 [12]= 673 
key_index before (DPU 183) [0]=   0 [1]= 232 [2]= 474 [3]= 699 [4]= 699 [5]= 699 [6]= 699 [7]= 699 [8]= 699 [9]= 699 [10]= 699 [11]= 699 [12]= 699 
key_index before (DPU 184) [0]=   0 [1]= 238 [2]= 461 [3]= 710 [4]= 710 [5]= 710 [6]= 710 [7]= 710 [8]= 710 [9]= 710 [10]= 710 [11]= 710 [12]= 710 
key_index before (DPU 185) [0]=   0 [1]= 227 [2]= 445 [3]= 660 [4]= 660 [5]= 660 [6]= 660 [7]= 660 [8]= 660 [9]= 660 [10]= 660 [11]= 660 [12]= 660 
key_index before (DPU 186) [0]=   0 [1]= 202 [2]= 427 [3]= 620 [4]= 620 [5]= 620 [6]= 620 [7]= 620 [8]= 620 [9]= 620 [10]= 620 [11]= 620 [12]= 620 
key_index before (DPU 187) [0]=   0 [1]= 207 [2]= 411 [3]= 643 [4]= 643 [5]= 643 [6]= 643 [7]= 643 [8]= 643 [9]= 643 [10]= 643 [11]= 643 [12]= 643 
key_index before (DPU 188) [0]=   0 [1]= 211 [2]= 421 [3]= 630 [4]= 630 [5]= 630 [6]= 630 [7]= 630 [8]= 630 [9]= 630 [10]= 630 [11]= 630 [12]= 630 
key_index before (DPU 189) [0]=   0 [1]= 215 [2]= 427 [3]= 628 [4]= 628 [5]= 628 [6]= 628 [7]= 628 [8]= 628 [9]= 628 [10]= 628 [11]= 628 [12]= 628 
key_index before (DPU 190) [0]=   0 [1]= 233 [2]= 443 [3]= 647 [4]= 647 [5]= 647 [6]= 647 [7]= 647 [8]= 647 [9]= 647 [10]= 647 [11]= 647 [12]= 647 
key_index before (DPU 191) [0]=   0 [1]= 217 [2]= 431 [3]= 613 [4]= 613 [5]= 613 [6]= 613 [7]= 613 [8]= 613 [9]= 613 [10]= 613 [11]= 613 [12]= 613 
key_index before (DPU 192) [0]=   0 [1]= 212 [2]= 442 [3]= 649 [4]= 649 [5]= 649 [6]= 649 [7]= 649 [8]= 649 [9]= 649 [10]= 649 [11]= 649 [12]= 649 
key_index before (DPU 193) [0]=   0 [1]= 179 [2]= 387 [3]= 593 [4]= 593 [5]= 593 [6]= 593 [7]= 593 [8]= 593 [9]= 593 [10]= 593 [11]= 593 [12]= 593 
key_index before (DPU 194) [0]=   0 [1]= 209 [2]= 403 [3]= 610 [4]= 610 [5]= 610 [6]= 610 [7]= 610 [8]= 610 [9]= 610 [10]= 610 [11]= 610 [12]= 610 
key_index before (DPU 195) [0]=   0 [1]= 218 [2]= 445 [3]= 637 [4]= 637 [5]= 637 [6]= 637 [7]= 637 [8]= 637 [9]= 637 [10]= 637 [11]= 637 [12]= 637 
key_index before (DPU 196) [0]=   0 [1]= 203 [2]= 403 [3]= 621 [4]= 621 [5]= 621 [6]= 621 [7]= 621 [8]= 621 [9]= 621 [10]= 621 [11]= 621 [12]= 621 
key_index before (DPU 197) [0]=   0 [1]= 217 [2]= 422 [3]= 619 [4]= 619 [5]= 619 [6]= 619 [7]= 619 [8]= 619 [9]= 619 [10]= 619 [11]= 619 [12]= 619 
key_index before (DPU 198) [0]=   0 [1]= 200 [2]= 370 [3]= 593 [4]= 593 [5]= 593 [6]= 593 [7]= 593 [8]= 593 [9]= 593 [10]= 593 [11]= 593 [12]= 593 
key_index before (DPU 199) [0]=   0 [1]= 219 [2]= 418 [3]= 628 [4]= 628 [5]= 628 [6]= 628 [7]= 628 [8]= 628 [9]= 628 [10]= 628 [11]= 628 [12]= 628 
key_index before (DPU 200) [0]=   0 [1]= 198 [2]= 397 [3]= 587 [4]= 587 [5]= 587 [6]= 587 [7]= 587 [8]= 587 [9]= 587 [10]= 587 [11]= 587 [12]= 587 
key_index before (DPU 201) [0]=   0 [1]= 197 [2]= 400 [3]= 581 [4]= 581 [5]= 581 [6]= 581 [7]= 581 [8]= 581 [9]= 581 [10]= 581 [11]= 581 [12]= 581 
key_index before (DPU 202) [0]=   0 [1]= 199 [2]= 410 [3]= 607 [4]= 607 [5]= 607 [6]= 607 [7]= 607 [8]= 607 [9]= 607 [10]= 607 [11]= 607 [12]= 607 
key_index before (DPU 203) [0]=   0 [1]= 180 [2]= 371 [3]= 565 [4]= 565 [5]= 565 [6]= 565 [7]= 565 [8]= 565 [9]= 565 [10]= 565 [11]= 565 [12]= 565 
key_index before (DPU 204) [0]=   0 [1]= 180 [2]= 396 [3]= 574 [4]= 574 [5]= 574 [6]= 574 [7]= 574 [8]= 574 [9]= 574 [10]= 574 [11]= 574 [12]= 574 
key_index before (DPU 205) [0]=   0 [1]= 179 [2]= 393 [3]= 590 [4]= 590 [5]= 590 [6]= 590 [7]= 590 [8]= 590 [9]= 590 [10]= 590 [11]= 590 [12]= 590 
key_index before (DPU 206) [0]=   0 [1]= 213 [2]= 438 [3]= 636 [4]= 636 [5]= 636 [6]= 636 [7]= 636 [8]= 636 [9]= 636 [10]= 636 [11]= 636 [12]= 636 
key_index before (DPU 207) [0]=   0 [1]= 201 [2]= 414 [3]= 595 [4]= 595 [5]= 595 [6]= 595 [7]= 595 [8]= 595 [9]= 595 [10]= 595 [11]= 595 [12]= 595 
key_index before (DPU 208) [0]=   0 [1]= 203 [2]= 415 [3]= 618 [4]= 618 [5]= 618 [6]= 618 [7]= 618 [8]= 618 [9]= 618 [10]= 618 [11]= 618 [12]= 618 
key_index before (DPU 209) [0]=   0 [1]= 176 [2]= 363 [3]= 567 [4]= 567 [5]= 567 [6]= 567 [7]= 567 [8]= 567 [9]= 567 [10]= 567 [11]= 567 [12]= 567 
key_index before (DPU 210) [0]=   0 [1]= 186 [2]= 395 [3]= 598 [4]= 598 [5]= 598 [6]= 598 [7]= 598 [8]= 598 [9]= 598 [10]= 598 [11]= 598 [12]= 598 
key_index before (DPU 211) [0]=   0 [1]= 191 [2]= 375 [3]= 574 [4]= 574 [5]= 574 [6]= 574 [7]= 574 [8]= 574 [9]= 574 [10]= 574 [11]= 574 [12]= 574 
key_index before (DPU 212) [0]=   0 [1]= 199 [2]= 403 [3]= 596 [4]= 596 [5]= 596 [6]= 596 [7]= 596 [8]= 596 [9]= 596 [10]= 596 [11]= 596 [12]= 596 
key_index before (DPU 213) [0]=   0 [1]= 184 [2]= 389 [3]= 574 [4]= 574 [5]= 574 [6]= 574 [7]= 574 [8]= 574 [9]= 574 [10]= 574 [11]= 574 [12]= 574 
key_index before (DPU 214) [0]=   0 [1]= 206 [2]= 375 [3]= 552 [4]= 552 [5]= 552 [6]= 552 [7]= 552 [8]= 552 [9]= 552 [10]= 552 [11]= 552 [12]= 552 
key_index before (DPU 215) [0]=   0 [1]= 178 [2]= 363 [3]= 566 [4]= 566 [5]= 566 [6]= 566 [7]= 566 [8]= 566 [9]= 566 [10]= 566 [11]= 566 [12]= 566 
key_index before (DPU 216) [0]=   0 [1]= 167 [2]= 344 [3]= 525 [4]= 525 [5]= 525 [6]= 525 [7]= 525 [8]= 525 [9]= 525 [10]= 525 [11]= 525 [12]= 525 
key_index before (DPU 217) [0]=   0 [1]= 194 [2]= 381 [3]= 587 [4]= 587 [5]= 587 [6]= 587 [7]= 587 [8]= 587 [9]= 587 [10]= 587 [11]= 587 [12]= 587 
key_index before (DPU 218) [0]=   0 [1]= 186 [2]= 372 [3]= 547 [4]= 547 [5]= 547 [6]= 547 [7]= 547 [8]= 547 [9]= 547 [10]= 547 [11]= 547 [12]= 547 
key_index before (DPU 219) [0]=   0 [1]= 203 [2]= 396 [3]= 578 [4]= 578 [5]= 578 [6]= 578 [7]= 578 [8]= 578 [9]= 578 [10]= 578 [11]= 578 [12]= 578 
key_index before (DPU 220) [0]=   0 [1]= 184 [2]= 351 [3]= 520 [4]= 520 [5]= 520 [6]= 520 [7]= 520 [8]= 520 [9]= 520 [10]= 520 [11]= 520 [12]= 520 
key_index before (DPU 221) [0]=   0 [1]= 222 [2]= 386 [3]= 600 [4]= 600 [5]= 600 [6]= 600 [7]= 600 [8]= 600 [9]= 600 [10]= 600 [11]= 600 [12]= 600 
key_index before (DPU 222) [0]=   0 [1]= 179 [2]= 363 [3]= 549 [4]= 549 [5]= 549 [6]= 549 [7]= 549 [8]= 549 [9]= 549 [10]= 549 [11]= 549 [12]= 549 
key_index before (DPU 223) [0]=   0 [1]= 195 [2]= 394 [3]= 558 [4]= 558 [5]= 558 [6]= 558 [7]= 558 [8]= 558 [9]= 558 [10]= 558 [11]= 558 [12]= 558 
key_index before (DPU 224) [0]=   0 [1]= 198 [2]= 381 [3]= 548 [4]= 548 [5]= 548 [6]= 548 [7]= 548 [8]= 548 [9]= 548 [10]= 548 [11]= 548 [12]= 548 
key_index before (DPU 225) [0]=   0 [1]= 165 [2]= 362 [3]= 542 [4]= 542 [5]= 542 [6]= 542 [7]= 542 [8]= 542 [9]= 542 [10]= 542 [11]= 542 [12]= 542 
key_index before (DPU 226) [0]=   0 [1]= 165 [2]= 352 [3]= 507 [4]= 507 [5]= 507 [6]= 507 [7]= 507 [8]= 507 [9]= 507 [10]= 507 [11]= 507 [12]= 507 
key_index before (DPU 227) [0]=   0 [1]= 166 [2]= 359 [3]= 556 [4]= 556 [5]= 556 [6]= 556 [7]= 556 [8]= 556 [9]= 556 [10]= 556 [11]= 556 [12]= 556 
key_index before (DPU 228) [0]=   0 [1]= 201 [2]= 354 [3]= 543 [4]= 543 [5]= 543 [6]= 543 [7]= 543 [8]= 543 [9]= 543 [10]= 543 [11]= 543 [12]= 543 
key_index before (DPU 229) [0]=   0 [1]= 174 [2]= 364 [3]= 552 [4]= 552 [5]= 552 [6]= 552 [7]= 552 [8]= 552 [9]= 552 [10]= 552 [11]= 552 [12]= 552 
key_index before (DPU 230) [0]=   0 [1]= 176 [2]= 370 [3]= 552 [4]= 552 [5]= 552 [6]= 552 [7]= 552 [8]= 552 [9]= 552 [10]= 552 [11]= 552 [12]= 552 
key_index before (DPU 231) [0]=   0 [1]= 170 [2]= 346 [3]= 542 [4]= 542 [5]= 542 [6]= 542 [7]= 542 [8]= 542 [9]= 542 [10]= 542 [11]= 542 [12]= 542 
key_index before (DPU 232) [0]=   0 [1]= 163 [2]= 352 [3]= 519 [4]= 519 [5]= 519 [6]= 519 [7]= 519 [8]= 519 [9]= 519 [10]= 519 [11]= 519 [12]= 519 
key_index before (DPU 233) [0]=   0 [1]= 182 [2]= 330 [3]= 498 [4]= 498 [5]= 498 [6]= 498 [7]= 498 [8]= 498 [9]= 498 [10]= 498 [11]= 498 [12]= 498 
key_index before (DPU 234) [0]=   0 [1]= 172 [2]= 334 [3]= 507 [4]= 507 [5]= 507 [6]= 507 [7]= 507 [8]= 507 [9]= 507 [10]= 507 [11]= 507 [12]= 507 
key_index before (DPU 235) [0]=   0 [1]= 161 [2]= 318 [3]= 497 [4]= 497 [5]= 497 [6]= 497 [7]= 497 [8]= 497 [9]= 497 [10]= 497 [11]= 497 [12]= 497 
key_index before (DPU 236) [0]=   0 [1]= 160 [2]= 339 [3]= 506 [4]= 506 [5]= 506 [6]= 506 [7]= 506 [8]= 506 [9]= 506 [10]= 506 [11]= 506 [12]= 506 
key_index before (DPU 237) [0]=   0 [1]= 167 [2]= 328 [3]= 501 [4]= 501 [5]= 501 [6]= 501 [7]= 501 [8]= 501 [9]= 501 [10]= 501 [11]= 501 [12]= 501 
key_index before (DPU 238) [0]=   0 [1]= 185 [2]= 359 [3]= 522 [4]= 522 [5]= 522 [6]= 522 [7]= 522 [8]= 522 [9]= 522 [10]= 522 [11]= 522 [12]= 522 
key_index before (DPU 239) [0]=   0 [1]= 157 [2]= 329 [3]= 496 [4]= 496 [5]= 496 [6]= 496 [7]= 496 [8]= 496 [9]= 496 [10]= 496 [11]= 496 [12]= 496 
key_index before (DPU 240) [0]=   0 [1]= 172 [2]= 325 [3]= 491 [4]= 491 [5]= 491 [6]= 491 [7]= 491 [8]= 491 [9]= 491 [10]= 491 [11]= 491 [12]= 491 
key_index before (DPU 241) [0]=   0 [1]= 185 [2]= 366 [3]= 517 [4]= 517 [5]= 517 [6]= 517 [7]= 517 [8]= 517 [9]= 517 [10]= 517 [11]= 517 [12]= 517 
key_index before (DPU 242) [0]=   0 [1]= 173 [2]= 349 [3]= 483 [4]= 483 [5]= 483 [6]= 483 [7]= 483 [8]= 483 [9]= 483 [10]= 483 [11]= 483 [12]= 483 
key_index before (DPU 243) [0]=   0 [1]= 166 [2]= 336 [3]= 516 [4]= 516 [5]= 516 [6]= 516 [7]= 516 [8]= 516 [9]= 516 [10]= 516 [11]= 516 [12]= 516 
key_index before (DPU 244) [0]=   0 [1]= 160 [2]= 334 [3]= 503 [4]= 503 [5]= 503 [6]= 503 [7]= 503 [8]= 503 [9]= 503 [10]= 503 [11]= 503 [12]= 503 
key_index before (DPU 245) [0]=   0 [1]= 165 [2]= 328 [3]= 486 [4]= 486 [5]= 486 [6]= 486 [7]= 486 [8]= 486 [9]= 486 [10]= 486 [11]= 486 [12]= 486 
key_index before (DPU 246) [0]=   0 [1]= 164 [2]= 341 [3]= 493 [4]= 493 [5]= 493 [6]= 493 [7]= 493 [8]= 493 [9]= 493 [10]= 493 [11]= 493 [12]= 493 
key_index before (DPU 247) [0]=   0 [1]= 148 [2]= 327 [3]= 491 [4]= 491 [5]= 491 [6]= 491 [7]= 491 [8]= 491 [9]= 491 [10]= 491 [11]= 491 [12]= 491 
key_index before (DPU 248) [0]=   0 [1]= 153 [2]= 315 [3]= 493 [4]= 493 [5]= 493 [6]= 493 [7]= 493 [8]= 493 [9]= 493 [10]= 493 [11]= 493 [12]= 493 
key_index before (DPU 249) [0]=   0 [1]= 174 [2]= 327 [3]= 491 [4]= 491 [5]= 491 [6]= 491 [7]= 491 [8]= 491 [9]= 491 [10]= 491 [11]= 491 [12]= 491 
key_index before (DPU 250) [0]=   0 [1]= 152 [2]= 286 [3]= 465 [4]= 465 [5]= 465 [6]= 465 [7]= 465 [8]= 465 [9]= 465 [10]= 465 [11]= 465 [12]= 465 
key_index before (DPU 251) [0]=   0 [1]= 154 [2]= 348 [3]= 510 [4]= 510 [5]= 510 [6]= 510 [7]= 510 [8]= 510 [9]= 510 [10]= 510 [11]= 510 [12]= 510 
key_index before (DPU 252) [0]=   0 [1]= 174 [2]= 322 [3]= 493 [4]= 493 [5]= 493 [6]= 493 [7]= 493 [8]= 493 [9]= 493 [10]= 493 [11]= 493 [12]= 493 
key_index before (DPU 253) [0]=   0 [1]= 158 [2]= 317 [3]= 480 [4]= 480 [5]= 480 [6]= 480 [7]= 480 [8]= 480 [9]= 480 [10]= 480 [11]= 480 [12]= 480 
key_index before (DPU 254) [0]=   0 [1]= 151 [2]= 317 [3]= 471 [4]= 471 [5]= 471 [6]= 471 [7]= 471 [8]= 471 [9]= 471 [10]= 471 [11]= 471 [12]= 471 
key_index before (DPU 255) [0]=   0 [1]= 151 [2]= 314 [3]= 476 [4]= 476 [5]= 476 [6]= 476 [7]= 476 [8]= 476 [9]= 476 [10]= 476 [11]= 476 [12]= 476 
key_index before (DPU 256) [0]=   0 [1]= 172 [2]= 345 [3]= 500 [4]= 500 [5]= 500 [6]= 500 [7]= 500 [8]= 500 [9]= 500 [10]= 500 [11]= 500 [12]= 500 
key_index before (DPU 257) [0]=   0 [1]= 142 [2]= 319 [3]= 481 [4]= 481 [5]= 481 [6]= 481 [7]= 481 [8]= 481 [9]= 481 [10]= 481 [11]= 481 [12]= 481 
key_index before (DPU 258) [0]=   0 [1]= 154 [2]= 325 [3]= 497 [4]= 497 [5]= 497 [6]= 497 [7]= 497 [8]= 497 [9]= 497 [10]= 497 [11]= 497 [12]= 497 
key_index before (DPU 259) [0]=   0 [1]= 160 [2]= 311 [3]= 459 [4]= 459 [5]= 459 [6]= 459 [7]= 459 [8]= 459 [9]= 459 [10]= 459 [11]= 459 [12]= 459 
key_index before (DPU 260) [0]=   0 [1]= 161 [2]= 320 [3]= 469 [4]= 469 [5]= 469 [6]= 469 [7]= 469 [8]= 469 [9]= 469 [10]= 469 [11]= 469 [12]= 469 
key_index before (DPU 261) [0]=   0 [1]= 151 [2]= 295 [3]= 463 [4]= 463 [5]= 463 [6]= 463 [7]= 463 [8]= 463 [9]= 463 [10]= 463 [11]= 463 [12]= 463 
key_index before (DPU 262) [0]=   0 [1]= 163 [2]= 341 [3]= 493 [4]= 493 [5]= 493 [6]= 493 [7]= 493 [8]= 493 [9]= 493 [10]= 493 [11]= 493 [12]= 493 
key_index before (DPU 263) [0]=   0 [1]= 169 [2]= 308 [3]= 507 [4]= 507 [5]= 507 [6]= 507 [7]= 507 [8]= 507 [9]= 507 [10]= 507 [11]= 507 [12]= 507 
key_index before (DPU 264) [0]=   0 [1]= 144 [2]= 312 [3]= 464 [4]= 464 [5]= 464 [6]= 464 [7]= 464 [8]= 464 [9]= 464 [10]= 464 [11]= 464 [12]= 464 
key_index before (DPU 265) [0]=   0 [1]= 128 [2]= 274 [3]= 421 [4]= 421 [5]= 421 [6]= 421 [7]= 421 [8]= 421 [9]= 421 [10]= 421 [11]= 421 [12]= 421 
key_index before (DPU 266) [0]=   0 [1]= 146 [2]= 300 [3]= 424 [4]= 424 [5]= 424 [6]= 424 [7]= 424 [8]= 424 [9]= 424 [10]= 424 [11]= 424 [12]= 424 
key_index before (DPU 267) [0]=   0 [1]= 144 [2]= 274 [3]= 441 [4]= 441 [5]= 441 [6]= 441 [7]= 441 [8]= 441 [9]= 441 [10]= 441 [11]= 441 [12]= 441 
key_index before (DPU 268) [0]=   0 [1]= 136 [2]= 261 [3]= 408 [4]= 408 [5]= 408 [6]= 408 [7]= 408 [8]= 408 [9]= 408 [10]= 408 [11]= 408 [12]= 408 
key_index before (DPU 269) [0]=   0 [1]= 139 [2]= 293 [3]= 434 [4]= 434 [5]= 434 [6]= 434 [7]= 434 [8]= 434 [9]= 434 [10]= 434 [11]= 434 [12]= 434 
key_index before (DPU 270) [0]=   0 [1]= 126 [2]= 269 [3]= 431 [4]= 431 [5]= 431 [6]= 431 [7]= 431 [8]= 431 [9]= 431 [10]= 431 [11]= 431 [12]= 431 
key_index before (DPU 271) [0]=   0 [1]= 138 [2]= 275 [3]= 415 [4]= 415 [5]= 415 [6]= 415 [7]= 415 [8]= 415 [9]= 415 [10]= 415 [11]= 415 [12]= 415 
key_index before (DPU 272) [0]=   0 [1]= 136 [2]= 279 [3]= 429 [4]= 429 [5]= 429 [6]= 429 [7]= 429 [8]= 429 [9]= 429 [10]= 429 [11]= 429 [12]= 429 
key_index before (DPU 273) [0]=   0 [1]= 171 [2]= 346 [3]= 504 [4]= 504 [5]= 504 [6]= 504 [7]= 504 [8]= 504 [9]= 504 [10]= 504 [11]= 504 [12]= 504 
key_index before (DPU 274) [0]=   0 [1]= 138 [2]= 282 [3]= 419 [4]= 419 [5]= 419 [6]= 419 [7]= 419 [8]= 419 [9]= 419 [10]= 419 [11]= 419 [12]= 419 
key_index before (DPU 275) [0]=   0 [1]= 134 [2]= 279 [3]= 416 [4]= 416 [5]= 416 [6]= 416 [7]= 416 [8]= 416 [9]= 416 [10]= 416 [11]= 416 [12]= 416 
key_index before (DPU 276) [0]=   0 [1]= 157 [2]= 288 [3]= 432 [4]= 432 [5]= 432 [6]= 432 [7]= 432 [8]= 432 [9]= 432 [10]= 432 [11]= 432 [12]= 432 
key_index before (DPU 277) [0]=   0 [1]= 138 [2]= 286 [3]= 456 [4]= 456 [5]= 456 [6]= 456 [7]= 456 [8]= 456 [9]= 456 [10]= 456 [11]= 456 [12]= 456 
key_index before (DPU 278) [0]=   0 [1]= 146 [2]= 283 [3]= 407 [4]= 407 [5]= 407 [6]= 407 [7]= 407 [8]= 407 [9]= 407 [10]= 407 [11]= 407 [12]= 407 
key_index before (DPU 279) [0]=   0 [1]= 140 [2]= 305 [3]= 460 [4]= 460 [5]= 460 [6]= 460 [7]= 460 [8]= 460 [9]= 460 [10]= 460 [11]= 460 [12]= 460 
key_index before (DPU 280) [0]=   0 [1]= 151 [2]= 267 [3]= 394 [4]= 394 [5]= 394 [6]= 394 [7]= 394 [8]= 394 [9]= 394 [10]= 394 [11]= 394 [12]= 394 
key_index before (DPU 281) [0]=   0 [1]= 141 [2]= 271 [3]= 419 [4]= 419 [5]= 419 [6]= 419 [7]= 419 [8]= 419 [9]= 419 [10]= 419 [11]= 419 [12]= 419 
key_index before (DPU 282) [0]=   0 [1]= 139 [2]= 266 [3]= 392 [4]= 392 [5]= 392 [6]= 392 [7]= 392 [8]= 392 [9]= 392 [10]= 392 [11]= 392 [12]= 392 
key_index before (DPU 283) [0]=   0 [1]= 157 [2]= 292 [3]= 436 [4]= 436 [5]= 436 [6]= 436 [7]= 436 [8]= 436 [9]= 436 [10]= 436 [11]= 436 [12]= 436 
key_index before (DPU 284) [0]=   0 [1]= 121 [2]= 279 [3]= 431 [4]= 431 [5]= 431 [6]= 431 [7]= 431 [8]= 431 [9]= 431 [10]= 431 [11]= 431 [12]= 431 
key_index before (DPU 285) [0]=   0 [1]= 150 [2]= 307 [3]= 467 [4]= 467 [5]= 467 [6]= 467 [7]= 467 [8]= 467 [9]= 467 [10]= 467 [11]= 467 [12]= 467 
key_index before (DPU 286) [0]=   0 [1]= 135 [2]= 260 [3]= 413 [4]= 413 [5]= 413 [6]= 413 [7]= 413 [8]= 413 [9]= 413 [10]= 413 [11]= 413 [12]= 413 
key_index before (DPU 287) [0]=   0 [1]= 134 [2]= 286 [3]= 427 [4]= 427 [5]= 427 [6]= 427 [7]= 427 [8]= 427 [9]= 427 [10]= 427 [11]= 427 [12]= 427 
key_index before (DPU 288) [0]=   0 [1]= 131 [2]= 259 [3]= 403 [4]= 403 [5]= 403 [6]= 403 [7]= 403 [8]= 403 [9]= 403 [10]= 403 [11]= 403 [12]= 403 
key_index before (DPU 289) [0]=   0 [1]= 123 [2]= 263 [3]= 418 [4]= 418 [5]= 418 [6]= 418 [7]= 418 [8]= 418 [9]= 418 [10]= 418 [11]= 418 [12]= 418 
key_index before (DPU 290) [0]=   0 [1]= 152 [2]= 292 [3]= 435 [4]= 435 [5]= 435 [6]= 435 [7]= 435 [8]= 435 [9]= 435 [10]= 435 [11]= 435 [12]= 435 
key_index before (DPU 291) [0]=   0 [1]= 153 [2]= 324 [3]= 463 [4]= 463 [5]= 463 [6]= 463 [7]= 463 [8]= 463 [9]= 463 [10]= 463 [11]= 463 [12]= 463 
key_index before (DPU 292) [0]=   0 [1]= 138 [2]= 308 [3]= 459 [4]= 459 [5]= 459 [6]= 459 [7]= 459 [8]= 459 [9]= 459 [10]= 459 [11]= 459 [12]= 459 
key_index before (DPU 293) [0]=   0 [1]= 145 [2]= 285 [3]= 407 [4]= 407 [5]= 407 [6]= 407 [7]= 407 [8]= 407 [9]= 407 [10]= 407 [11]= 407 [12]= 407 
key_index before (DPU 294) [0]=   0 [1]= 129 [2]= 277 [3]= 432 [4]= 432 [5]= 432 [6]= 432 [7]= 432 [8]= 432 [9]= 432 [10]= 432 [11]= 432 [12]= 432 
key_index before (DPU 295) [0]=   0 [1]= 152 [2]= 279 [3]= 427 [4]= 427 [5]= 427 [6]= 427 [7]= 427 [8]= 427 [9]= 427 [10]= 427 [11]= 427 [12]= 427 
key_index before (DPU 296) [0]=   0 [1]= 160 [2]= 300 [3]= 418 [4]= 418 [5]= 418 [6]= 418 [7]= 418 [8]= 418 [9]= 418 [10]= 418 [11]= 418 [12]= 418 
key_index before (DPU 297) [0]=   0 [1]= 139 [2]= 288 [3]= 401 [4]= 401 [5]= 401 [6]= 401 [7]= 401 [8]= 401 [9]= 401 [10]= 401 [11]= 401 [12]= 401 
key_index before (DPU 298) [0]=   0 [1]= 119 [2]= 268 [3]= 424 [4]= 424 [5]= 424 [6]= 424 [7]= 424 [8]= 424 [9]= 424 [10]= 424 [11]= 424 [12]= 424 
key_index before (DPU 299) [0]=   0 [1]= 144 [2]= 285 [3]= 413 [4]= 413 [5]= 413 [6]= 413 [7]= 413 [8]= 413 [9]= 413 [10]= 413 [11]= 413 [12]= 413 
key_index before (DPU 300) [0]=   0 [1]= 117 [2]= 269 [3]= 387 [4]= 387 [5]= 387 [6]= 387 [7]= 387 [8]= 387 [9]= 387 [10]= 387 [11]= 387 [12]= 387 
key_index before (DPU 301) [0]=   0 [1]= 137 [2]= 279 [3]= 429 [4]= 429 [5]= 429 [6]= 429 [7]= 429 [8]= 429 [9]= 429 [10]= 429 [11]= 429 [12]= 429 
key_index before (DPU 302) [0]=   0 [1]= 140 [2]= 273 [3]= 397 [4]= 397 [5]= 397 [6]= 397 [7]= 397 [8]= 397 [9]= 397 [10]= 397 [11]= 397 [12]= 397 
key_index before (DPU 303) [0]=   0 [1]= 144 [2]= 266 [3]= 405 [4]= 405 [5]= 405 [6]= 405 [7]= 405 [8]= 405 [9]= 405 [10]= 405 [11]= 405 [12]= 405 
key_index before (DPU 304) [0]=   0 [1]= 139 [2]= 267 [3]= 400 [4]= 400 [5]= 400 [6]= 400 [7]= 400 [8]= 400 [9]= 400 [10]= 400 [11]= 400 [12]= 400 
key_index before (DPU 305) [0]=   0 [1]= 130 [2]= 275 [3]= 429 [4]= 429 [5]= 429 [6]= 429 [7]= 429 [8]= 429 [9]= 429 [10]= 429 [11]= 429 [12]= 429 
key_index before (DPU 306) [0]=   0 [1]= 127 [2]= 259 [3]= 391 [4]= 391 [5]= 391 [6]= 391 [7]= 391 [8]= 391 [9]= 391 [10]= 391 [11]= 391 [12]= 391 
key_index before (DPU 307) [0]=   0 [1]= 131 [2]= 295 [3]= 410 [4]= 410 [5]= 410 [6]= 410 [7]= 410 [8]= 410 [9]= 410 [10]= 410 [11]= 410 [12]= 410 
key_index before (DPU 308) [0]=   0 [1]= 124 [2]= 236 [3]= 373 [4]= 373 [5]= 373 [6]= 373 [7]= 373 [8]= 373 [9]= 373 [10]= 373 [11]= 373 [12]= 373 
key_index before (DPU 309) [0]=   0 [1]= 157 [2]= 270 [3]= 416 [4]= 416 [5]= 416 [6]= 416 [7]= 416 [8]= 416 [9]= 416 [10]= 416 [11]= 416 [12]= 416 
key_index before (DPU 310) [0]=   0 [1]= 141 [2]= 262 [3]= 404 [4]= 404 [5]= 404 [6]= 404 [7]= 404 [8]= 404 [9]= 404 [10]= 404 [11]= 404 [12]= 404 
key_index before (DPU 311) [0]=   0 [1]= 127 [2]= 250 [3]= 403 [4]= 403 [5]= 403 [6]= 403 [7]= 403 [8]= 403 [9]= 403 [10]= 403 [11]= 403 [12]= 403 
key_index before (DPU 312) [0]=   0 [1]= 128 [2]= 237 [3]= 393 [4]= 393 [5]= 393 [6]= 393 [7]= 393 [8]= 393 [9]= 393 [10]= 393 [11]= 393 [12]= 393 
key_index before (DPU 313) [0]=   0 [1]= 128 [2]= 253 [3]= 360 [4]= 360 [5]= 360 [6]= 360 [7]= 360 [8]= 360 [9]= 360 [10]= 360 [11]= 360 [12]= 360 
key_index before (DPU 314) [0]=   0 [1]= 122 [2]= 266 [3]= 393 [4]= 393 [5]= 393 [6]= 393 [7]= 393 [8]= 393 [9]= 393 [10]= 393 [11]= 393 [12]= 393 
key_index before (DPU 315) [0]=   0 [1]= 150 [2]= 270 [3]= 417 [4]= 417 [5]= 417 [6]= 417 [7]= 417 [8]= 417 [9]= 417 [10]= 417 [11]= 417 [12]= 417 
key_index before (DPU 316) [0]=   0 [1]= 114 [2]= 248 [3]= 391 [4]= 391 [5]= 391 [6]= 391 [7]= 391 [8]= 391 [9]= 391 [10]= 391 [11]= 391 [12]= 391 
key_index before (DPU 317) [0]=   0 [1]= 121 [2]= 246 [3]= 371 [4]= 371 [5]= 371 [6]= 371 [7]= 371 [8]= 371 [9]= 371 [10]= 371 [11]= 371 [12]= 371 
key_index before (DPU 318) [0]=   0 [1]= 137 [2]= 285 [3]= 417 [4]= 417 [5]= 417 [6]= 417 [7]= 417 [8]= 417 [9]= 417 [10]= 417 [11]= 417 [12]= 417 
key_index before (DPU 319) [0]=   0 [1]= 128 [2]= 257 [3]= 398 [4]= 398 [5]= 398 [6]= 398 [7]= 398 [8]= 398 [9]= 398 [10]= 398 [11]= 398 [12]= 398 
key_index before (DPU 320) [0]=   0 [1]= 117 [2]= 229 [3]= 355 [4]= 355 [5]= 355 [6]= 355 [7]= 355 [8]= 355 [9]= 355 [10]= 355 [11]= 355 [12]= 355 
key_index before (DPU 321) [0]=   0 [1]= 137 [2]= 275 [3]= 406 [4]= 406 [5]= 406 [6]= 406 [7]= 406 [8]= 406 [9]= 406 [10]= 406 [11]= 406 [12]= 406 
key_index before (DPU 322) [0]=   0 [1]= 130 [2]= 258 [3]= 387 [4]= 387 [5]= 387 [6]= 387 [7]= 387 [8]= 387 [9]= 387 [10]= 387 [11]= 387 [12]= 387 
key_index before (DPU 323) [0]=   0 [1]= 131 [2]= 267 [3]= 376 [4]= 376 [5]= 376 [6]= 376 [7]= 376 [8]= 376 [9]= 376 [10]= 376 [11]= 376 [12]= 376 
key_index before (DPU 324) [0]=   0 [1]= 108 [2]= 219 [3]= 343 [4]= 343 [5]= 343 [6]= 343 [7]= 343 [8]= 343 [9]= 343 [10]= 343 [11]= 343 [12]= 343 
key_index before (DPU 325) [0]=   0 [1]= 127 [2]= 268 [3]= 390 [4]= 390 [5]= 390 [6]= 390 [7]= 390 [8]= 390 [9]= 390 [10]= 390 [11]= 390 [12]= 390 
key_index before (DPU 326) [0]=   0 [1]= 130 [2]= 246 [3]= 381 [4]= 381 [5]= 381 [6]= 381 [7]= 381 [8]= 381 [9]= 381 [10]= 381 [11]= 381 [12]= 381 
key_index before (DPU 327) [0]=   0 [1]= 129 [2]= 247 [3]= 378 [4]= 378 [5]= 378 [6]= 378 [7]= 378 [8]= 378 [9]= 378 [10]= 378 [11]= 378 [12]= 378 
key_index before (DPU 328) [0]=   0 [1]= 129 [2]= 267 [3]= 378 [4]= 378 [5]= 378 [6]= 378 [7]= 378 [8]= 378 [9]= 378 [10]= 378 [11]= 378 [12]= 378 
key_index before (DPU 329) [0]=   0 [1]= 123 [2]= 248 [3]= 400 [4]= 400 [5]= 400 [6]= 400 [7]= 400 [8]= 400 [9]= 400 [10]= 400 [11]= 400 [12]= 400 
key_index before (DPU 330) [0]=   0 [1]= 141 [2]= 263 [3]= 389 [4]= 389 [5]= 389 [6]= 389 [7]= 389 [8]= 389 [9]= 389 [10]= 389 [11]= 389 [12]= 389 
key_index before (DPU 331) [0]=   0 [1]= 128 [2]= 259 [3]= 396 [4]= 396 [5]= 396 [6]= 396 [7]= 396 [8]= 396 [9]= 396 [10]= 396 [11]= 396 [12]= 396 
key_index before (DPU 332) [0]=   0 [1]= 124 [2]= 241 [3]= 362 [4]= 362 [5]= 362 [6]= 362 [7]= 362 [8]= 362 [9]= 362 [10]= 362 [11]= 362 [12]= 362 
key_index before (DPU 333) [0]=   0 [1]= 123 [2]= 234 [3]= 360 [4]= 360 [5]= 360 [6]= 360 [7]= 360 [8]= 360 [9]= 360 [10]= 360 [11]= 360 [12]= 360 
key_index before (DPU 334) [0]=   0 [1]= 132 [2]= 252 [3]= 376 [4]= 376 [5]= 376 [6]= 376 [7]= 376 [8]= 376 [9]= 376 [10]= 376 [11]= 376 [12]= 376 
key_index before (DPU 335) [0]=   0 [1]= 113 [2]= 237 [3]= 356 [4]= 356 [5]= 356 [6]= 356 [7]= 356 [8]= 356 [9]= 356 [10]= 356 [11]= 356 [12]= 356 
key_index before (DPU 336) [0]=   0 [1]= 141 [2]= 264 [3]= 377 [4]= 377 [5]= 377 [6]= 377 [7]= 377 [8]= 377 [9]= 377 [10]= 377 [11]= 377 [12]= 377 
key_index before (DPU 337) [0]=   0 [1]= 120 [2]= 257 [3]= 378 [4]= 378 [5]= 378 [6]= 378 [7]= 378 [8]= 378 [9]= 378 [10]= 378 [11]= 378 [12]= 378 
key_index before (DPU 338) [0]=   0 [1]= 107 [2]= 234 [3]= 356 [4]= 356 [5]= 356 [6]= 356 [7]= 356 [8]= 356 [9]= 356 [10]= 356 [11]= 356 [12]= 356 
key_index before (DPU 339) [0]=   0 [1]= 132 [2]= 250 [3]= 386 [4]= 386 [5]= 386 [6]= 386 [7]= 386 [8]= 386 [9]= 386 [10]= 386 [11]= 386 [12]= 386 
key_index before (DPU 340) [0]=   0 [1]= 128 [2]= 240 [3]= 340 [4]= 340 [5]= 340 [6]= 340 [7]= 340 [8]= 340 [9]= 340 [10]= 340 [11]= 340 [12]= 340 
key_index before (DPU 341) [0]=   0 [1]= 125 [2]= 249 [3]= 376 [4]= 376 [5]= 376 [6]= 376 [7]= 376 [8]= 376 [9]= 376 [10]= 376 [11]= 376 [12]= 376 
key_index before (DPU 342) [0]=   0 [1]= 116 [2]= 237 [3]= 364 [4]= 364 [5]= 364 [6]= 364 [7]= 364 [8]= 364 [9]= 364 [10]= 364 [11]= 364 [12]= 364 
key_index before (DPU 343) [0]=   0 [1]= 108 [2]= 230 [3]= 346 [4]= 346 [5]= 346 [6]= 346 [7]= 346 [8]= 346 [9]= 346 [10]= 346 [11]= 346 [12]= 346 
key_index before (DPU 344) [0]=   0 [1]= 114 [2]= 216 [3]= 326 [4]= 326 [5]= 326 [6]= 326 [7]= 326 [8]= 326 [9]= 326 [10]= 326 [11]= 326 [12]= 326 
key_index before (DPU 345) [0]=   0 [1]= 130 [2]= 240 [3]= 369 [4]= 369 [5]= 369 [6]= 369 [7]= 369 [8]= 369 [9]= 369 [10]= 369 [11]= 369 [12]= 369 
key_index before (DPU 346) [0]=   0 [1]= 104 [2]= 235 [3]= 347 [4]= 347 [5]= 347 [6]= 347 [7]= 347 [8]= 347 [9]= 347 [10]= 347 [11]= 347 [12]= 347 
key_index before (DPU 347) [0]=   0 [1]= 129 [2]= 261 [3]= 361 [4]= 361 [5]= 361 [6]= 361 [7]= 361 [8]= 361 [9]= 361 [10]= 361 [11]= 361 [12]= 361 
key_index before (DPU 348) [0]=   0 [1]= 107 [2]= 246 [3]= 371 [4]= 371 [5]= 371 [6]= 371 [7]= 371 [8]= 371 [9]= 371 [10]= 371 [11]= 371 [12]= 371 
key_index before (DPU 349) [0]=   0 [1]= 123 [2]= 245 [3]= 354 [4]= 354 [5]= 354 [6]= 354 [7]= 354 [8]= 354 [9]= 354 [10]= 354 [11]= 354 [12]= 354 
key_index before (DPU 350) [0]=   0 [1]= 112 [2]= 231 [3]= 347 [4]= 347 [5]= 347 [6]= 347 [7]= 347 [8]= 347 [9]= 347 [10]= 347 [11]= 347 [12]= 347 
key_index before (DPU 351) [0]=   0 [1]= 110 [2]= 228 [3]= 344 [4]= 344 [5]= 344 [6]= 344 [7]= 344 [8]= 344 [9]= 344 [10]= 344 [11]= 344 [12]= 344 
key_index before (DPU 352) [0]=   0 [1]= 103 [2]= 242 [3]= 364 [4]= 364 [5]= 364 [6]= 364 [7]= 364 [8]= 364 [9]= 364 [10]= 364 [11]= 364 [12]= 364 
key_index before (DPU 353) [0]=   0 [1]=  99 [2]= 204 [3]= 305 [4]= 305 [5]= 305 [6]= 305 [7]= 305 [8]= 305 [9]= 305 [10]= 305 [11]= 305 [12]= 305 
key_index before (DPU 354) [0]=   0 [1]= 107 [2]= 235 [3]= 360 [4]= 360 [5]= 360 [6]= 360 [7]= 360 [8]= 360 [9]= 360 [10]= 360 [11]= 360 [12]= 360 
key_index before (DPU 355) [0]=   0 [1]= 132 [2]= 236 [3]= 328 [4]= 328 [5]= 328 [6]= 328 [7]= 328 [8]= 328 [9]= 328 [10]= 328 [11]= 328 [12]= 328 
key_index before (DPU 356) [0]=   0 [1]= 111 [2]= 217 [3]= 319 [4]= 319 [5]= 319 [6]= 319 [7]= 319 [8]= 319 [9]= 319 [10]= 319 [11]= 319 [12]= 319 
key_index before (DPU 357) [0]=   0 [1]= 124 [2]= 238 [3]= 357 [4]= 357 [5]= 357 [6]= 357 [7]= 357 [8]= 357 [9]= 357 [10]= 357 [11]= 357 [12]= 357 
key_index before (DPU 358) [0]=   0 [1]= 104 [2]= 204 [3]= 328 [4]= 328 [5]= 328 [6]= 328 [7]= 328 [8]= 328 [9]= 328 [10]= 328 [11]= 328 [12]= 328 
key_index before (DPU 359) [0]=   0 [1]= 108 [2]= 209 [3]= 326 [4]= 326 [5]= 326 [6]= 326 [7]= 326 [8]= 326 [9]= 326 [10]= 326 [11]= 326 [12]= 326 
key_index before (DPU 360) [0]=   0 [1]= 122 [2]= 238 [3]= 338 [4]= 338 [5]= 338 [6]= 338 [7]= 338 [8]= 338 [9]= 338 [10]= 338 [11]= 338 [12]= 338 
key_index before (DPU 361) [0]=   0 [1]= 109 [2]= 218 [3]= 340 [4]= 340 [5]= 340 [6]= 340 [7]= 340 [8]= 340 [9]= 340 [10]= 340 [11]= 340 [12]= 340 
key_index before (DPU 362) [0]=   0 [1]= 110 [2]= 234 [3]= 347 [4]= 347 [5]= 347 [6]= 347 [7]= 347 [8]= 347 [9]= 347 [10]= 347 [11]= 347 [12]= 347 
key_index before (DPU 363) [0]=   0 [1]= 115 [2]= 229 [3]= 337 [4]= 337 [5]= 337 [6]= 337 [7]= 337 [8]= 337 [9]= 337 [10]= 337 [11]= 337 [12]= 337 
key_index before (DPU 364) [0]=   0 [1]= 111 [2]= 233 [3]= 356 [4]= 356 [5]= 356 [6]= 356 [7]= 356 [8]= 356 [9]= 356 [10]= 356 [11]= 356 [12]= 356 
key_index before (DPU 365) [0]=   0 [1]= 106 [2]= 231 [3]= 331 [4]= 331 [5]= 331 [6]= 331 [7]= 331 [8]= 331 [9]= 331 [10]= 331 [11]= 331 [12]= 331 
key_index before (DPU 366) [0]=   0 [1]=  99 [2]= 213 [3]= 327 [4]= 327 [5]= 327 [6]= 327 [7]= 327 [8]= 327 [9]= 327 [10]= 327 [11]= 327 [12]= 327 
key_index before (DPU 367) [0]=   0 [1]= 111 [2]= 210 [3]= 314 [4]= 314 [5]= 314 [6]= 314 [7]= 314 [8]= 314 [9]= 314 [10]= 314 [11]= 314 [12]= 314 
key_index before (DPU 368) [0]=   0 [1]= 106 [2]= 210 [3]= 324 [4]= 324 [5]= 324 [6]= 324 [7]= 324 [8]= 324 [9]= 324 [10]= 324 [11]= 324 [12]= 324 
key_index before (DPU 369) [0]=   0 [1]=  81 [2]= 195 [3]= 308 [4]= 308 [5]= 308 [6]= 308 [7]= 308 [8]= 308 [9]= 308 [10]= 308 [11]= 308 [12]= 308 
key_index before (DPU 370) [0]=   0 [1]= 125 [2]= 231 [3]= 348 [4]= 348 [5]= 348 [6]= 348 [7]= 348 [8]= 348 [9]= 348 [10]= 348 [11]= 348 [12]= 348 
key_index before (DPU 371) [0]=   0 [1]=  89 [2]= 200 [3]= 310 [4]= 310 [5]= 310 [6]= 310 [7]= 310 [8]= 310 [9]= 310 [10]= 310 [11]= 310 [12]= 310 
key_index before (DPU 372) [0]=   0 [1]= 111 [2]= 215 [3]= 318 [4]= 318 [5]= 318 [6]= 318 [7]= 318 [8]= 318 [9]= 318 [10]= 318 [11]= 318 [12]= 318 
key_index before (DPU 373) [0]=   0 [1]= 116 [2]= 220 [3]= 343 [4]= 343 [5]= 343 [6]= 343 [7]= 343 [8]= 343 [9]= 343 [10]= 343 [11]= 343 [12]= 343 
key_index before (DPU 374) [0]=   0 [1]= 120 [2]= 229 [3]= 339 [4]= 339 [5]= 339 [6]= 339 [7]= 339 [8]= 339 [9]= 339 [10]= 339 [11]= 339 [12]= 339 
key_index before (DPU 375) [0]=   0 [1]= 113 [2]= 193 [3]= 295 [4]= 295 [5]= 295 [6]= 295 [7]= 295 [8]= 295 [9]= 295 [10]= 295 [11]= 295 [12]= 295 
key_index before (DPU 376) [0]=   0 [1]= 105 [2]= 207 [3]= 309 [4]= 309 [5]= 309 [6]= 309 [7]= 309 [8]= 309 [9]= 309 [10]= 309 [11]= 309 [12]= 309 
key_index before (DPU 377) [0]=   0 [1]=  91 [2]= 186 [3]= 287 [4]= 287 [5]= 287 [6]= 287 [7]= 287 [8]= 287 [9]= 287 [10]= 287 [11]= 287 [12]= 287 
key_index before (DPU 378) [0]=   0 [1]= 110 [2]= 219 [3]= 327 [4]= 327 [5]= 327 [6]= 327 [7]= 327 [8]= 327 [9]= 327 [10]= 327 [11]= 327 [12]= 327 
key_index before (DPU 379) [0]=   0 [1]= 102 [2]= 223 [3]= 331 [4]= 331 [5]= 331 [6]= 331 [7]= 331 [8]= 331 [9]= 331 [10]= 331 [11]= 331 [12]= 331 
key_index before (DPU 380) [0]=   0 [1]= 106 [2]= 223 [3]= 310 [4]= 310 [5]= 310 [6]= 310 [7]= 310 [8]= 310 [9]= 310 [10]= 310 [11]= 310 [12]= 310 
key_index before (DPU 381) [0]=   0 [1]= 105 [2]= 208 [3]= 315 [4]= 315 [5]= 315 [6]= 315 [7]= 315 [8]= 315 [9]= 315 [10]= 315 [11]= 315 [12]= 315 
key_index before (DPU 382) [0]=   0 [1]= 105 [2]= 216 [3]= 338 [4]= 338 [5]= 338 [6]= 338 [7]= 338 [8]= 338 [9]= 338 [10]= 338 [11]= 338 [12]= 338 
key_index before (DPU 383) [0]=   0 [1]=  96 [2]= 208 [3]= 317 [4]= 317 [5]= 317 [6]= 317 [7]= 317 [8]= 317 [9]= 317 [10]= 317 [11]= 317 [12]= 317 
key_index before (DPU 384) [0]=   0 [1]=  95 [2]= 201 [3]= 310 [4]= 310 [5]= 310 [6]= 310 [7]= 310 [8]= 310 [9]= 310 [10]= 310 [11]= 310 [12]= 310 
key_index before (DPU 385) [0]=   0 [1]=  94 [2]= 201 [3]= 310 [4]= 310 [5]= 310 [6]= 310 [7]= 310 [8]= 310 [9]= 310 [10]= 310 [11]= 310 [12]= 310 
key_index before (DPU 386) [0]=   0 [1]= 105 [2]= 217 [3]= 325 [4]= 325 [5]= 325 [6]= 325 [7]= 325 [8]= 325 [9]= 325 [10]= 325 [11]= 325 [12]= 325 
key_index before (DPU 387) [0]=   0 [1]=  96 [2]= 205 [3]= 312 [4]= 312 [5]= 312 [6]= 312 [7]= 312 [8]= 312 [9]= 312 [10]= 312 [11]= 312 [12]= 312 
key_index before (DPU 388) [0]=   0 [1]= 124 [2]= 228 [3]= 333 [4]= 333 [5]= 333 [6]= 333 [7]= 333 [8]= 333 [9]= 333 [10]= 333 [11]= 333 [12]= 333 
key_index before (DPU 389) [0]=   0 [1]=  89 [2]= 202 [3]= 294 [4]= 294 [5]= 294 [6]= 294 [7]= 294 [8]= 294 [9]= 294 [10]= 294 [11]= 294 [12]= 294 
key_index before (DPU 390) [0]=   0 [1]= 101 [2]= 220 [3]= 326 [4]= 326 [5]= 326 [6]= 326 [7]= 326 [8]= 326 [9]= 326 [10]= 326 [11]= 326 [12]= 326 
key_index before (DPU 391) [0]=   0 [1]= 111 [2]= 207 [3]= 309 [4]= 309 [5]= 309 [6]= 309 [7]= 309 [8]= 309 [9]= 309 [10]= 309 [11]= 309 [12]= 309 
key_index before (DPU 392) [0]=   0 [1]= 116 [2]= 215 [3]= 332 [4]= 332 [5]= 332 [6]= 332 [7]= 332 [8]= 332 [9]= 332 [10]= 332 [11]= 332 [12]= 332 
key_index before (DPU 393) [0]=   0 [1]= 116 [2]= 216 [3]= 311 [4]= 311 [5]= 311 [6]= 311 [7]= 311 [8]= 311 [9]= 311 [10]= 311 [11]= 311 [12]= 311 
key_index before (DPU 394) [0]=   0 [1]= 118 [2]= 226 [3]= 336 [4]= 336 [5]= 336 [6]= 336 [7]= 336 [8]= 336 [9]= 336 [10]= 336 [11]= 336 [12]= 336 
key_index before (DPU 395) [0]=   0 [1]=  96 [2]= 195 [3]= 277 [4]= 277 [5]= 277 [6]= 277 [7]= 277 [8]= 277 [9]= 277 [10]= 277 [11]= 277 [12]= 277 
key_index before (DPU 396) [0]=   0 [1]= 107 [2]= 213 [3]= 320 [4]= 320 [5]= 320 [6]= 320 [7]= 320 [8]= 320 [9]= 320 [10]= 320 [11]= 320 [12]= 320 
key_index before (DPU 397) [0]=   0 [1]= 114 [2]= 224 [3]= 308 [4]= 308 [5]= 308 [6]= 308 [7]= 308 [8]= 308 [9]= 308 [10]= 308 [11]= 308 [12]= 308 
key_index before (DPU 398) [0]=   0 [1]= 120 [2]= 211 [3]= 302 [4]= 302 [5]= 302 [6]= 302 [7]= 302 [8]= 302 [9]= 302 [10]= 302 [11]= 302 [12]= 302 
key_index before (DPU 399) [0]=   0 [1]= 100 [2]= 199 [3]= 309 [4]= 309 [5]= 309 [6]= 309 [7]= 309 [8]= 309 [9]= 309 [10]= 309 [11]= 309 [12]= 309 
key_index before (DPU 400) [0]=   0 [1]=  92 [2]= 190 [3]= 297 [4]= 297 [5]= 297 [6]= 297 [7]= 297 [8]= 297 [9]= 297 [10]= 297 [11]= 297 [12]= 297 
key_index before (DPU 401) [0]=   0 [1]= 107 [2]= 209 [3]= 304 [4]= 304 [5]= 304 [6]= 304 [7]= 304 [8]= 304 [9]= 304 [10]= 304 [11]= 304 [12]= 304 
key_index before (DPU 402) [0]=   0 [1]= 110 [2]= 200 [3]= 305 [4]= 305 [5]= 305 [6]= 305 [7]= 305 [8]= 305 [9]= 305 [10]= 305 [11]= 305 [12]= 305 
key_index before (DPU 403) [0]=   0 [1]=  96 [2]= 193 [3]= 306 [4]= 306 [5]= 306 [6]= 306 [7]= 306 [8]= 306 [9]= 306 [10]= 306 [11]= 306 [12]= 306 
key_index before (DPU 404) [0]=   0 [1]=  97 [2]= 203 [3]= 295 [4]= 295 [5]= 295 [6]= 295 [7]= 295 [8]= 295 [9]= 295 [10]= 295 [11]= 295 [12]= 295 
key_index before (DPU 405) [0]=   0 [1]=  86 [2]= 176 [3]= 283 [4]= 283 [5]= 283 [6]= 283 [7]= 283 [8]= 283 [9]= 283 [10]= 283 [11]= 283 [12]= 283 
key_index before (DPU 406) [0]=   0 [1]=  80 [2]= 175 [3]= 276 [4]= 276 [5]= 276 [6]= 276 [7]= 276 [8]= 276 [9]= 276 [10]= 276 [11]= 276 [12]= 276 
key_index before (DPU 407) [0]=   0 [1]=  93 [2]= 192 [3]= 287 [4]= 287 [5]= 287 [6]= 287 [7]= 287 [8]= 287 [9]= 287 [10]= 287 [11]= 287 [12]= 287 
key_index before (DPU 408) [0]=   0 [1]= 110 [2]= 218 [3]= 323 [4]= 323 [5]= 323 [6]= 323 [7]= 323 [8]= 323 [9]= 323 [10]= 323 [11]= 323 [12]= 323 
key_index before (DPU 409) [0]=   0 [1]= 104 [2]= 216 [3]= 321 [4]= 321 [5]= 321 [6]= 321 [7]= 321 [8]= 321 [9]= 321 [10]= 321 [11]= 321 [12]= 321 
key_index before (DPU 410) [0]=   0 [1]=  98 [2]= 189 [3]= 269 [4]= 269 [5]= 269 [6]= 269 [7]= 269 [8]= 269 [9]= 269 [10]= 269 [11]= 269 [12]= 269 
key_index before (DPU 411) [0]=   0 [1]=  99 [2]= 212 [3]= 309 [4]= 309 [5]= 309 [6]= 309 [7]= 309 [8]= 309 [9]= 309 [10]= 309 [11]= 309 [12]= 309 
key_index before (DPU 412) [0]=   0 [1]= 116 [2]= 216 [3]= 322 [4]= 322 [5]= 322 [6]= 322 [7]= 322 [8]= 322 [9]= 322 [10]= 322 [11]= 322 [12]= 322 
key_index before (DPU 413) [0]=   0 [1]= 117 [2]= 198 [3]= 297 [4]= 297 [5]= 297 [6]= 297 [7]= 297 [8]= 297 [9]= 297 [10]= 297 [11]= 297 [12]= 297 
key_index before (DPU 414) [0]=   0 [1]=  97 [2]= 189 [3]= 286 [4]= 286 [5]= 286 [6]= 286 [7]= 286 [8]= 286 [9]= 286 [10]= 286 [11]= 286 [12]= 286 
key_index before (DPU 415) [0]=   0 [1]=  83 [2]= 185 [3]= 289 [4]= 289 [5]= 289 [6]= 289 [7]= 289 [8]= 289 [9]= 289 [10]= 289 [11]= 289 [12]= 289 
key_index before (DPU 416) [0]=   0 [1]= 104 [2]= 208 [3]= 314 [4]= 314 [5]= 314 [6]= 314 [7]= 314 [8]= 314 [9]= 314 [10]= 314 [11]= 314 [12]= 314 
key_index before (DPU 417) [0]=   0 [1]=  85 [2]= 174 [3]= 269 [4]= 269 [5]= 269 [6]= 269 [7]= 269 [8]= 269 [9]= 269 [10]= 269 [11]= 269 [12]= 269 
key_index before (DPU 418) [0]=   0 [1]=  82 [2]= 167 [3]= 253 [4]= 253 [5]= 253 [6]= 253 [7]= 253 [8]= 253 [9]= 253 [10]= 253 [11]= 253 [12]= 253 
key_index before (DPU 419) [0]=   0 [1]=  75 [2]= 170 [3]= 260 [4]= 260 [5]= 260 [6]= 260 [7]= 260 [8]= 260 [9]= 260 [10]= 260 [11]= 260 [12]= 260 
key_index before (DPU 420) [0]=   0 [1]=  97 [2]= 208 [3]= 315 [4]= 315 [5]= 315 [6]= 315 [7]= 315 [8]= 315 [9]= 315 [10]= 315 [11]= 315 [12]= 315 
key_index before (DPU 421) [0]=   0 [1]=  81 [2]= 183 [3]= 288 [4]= 288 [5]= 288 [6]= 288 [7]= 288 [8]= 288 [9]= 288 [10]= 288 [11]= 288 [12]= 288 
key_index before (DPU 422) [0]=   0 [1]=  87 [2]= 187 [3]= 296 [4]= 296 [5]= 296 [6]= 296 [7]= 296 [8]= 296 [9]= 296 [10]= 296 [11]= 296 [12]= 296 
key_index before (DPU 423) [0]=   0 [1]=  93 [2]= 196 [3]= 290 [4]= 290 [5]= 290 [6]= 290 [7]= 290 [8]= 290 [9]= 290 [10]= 290 [11]= 290 [12]= 290 
key_index before (DPU 424) [0]=   0 [1]= 124 [2]= 213 [3]= 303 [4]= 303 [5]= 303 [6]= 303 [7]= 303 [8]= 303 [9]= 303 [10]= 303 [11]= 303 [12]= 303 
key_index before (DPU 425) [0]=   0 [1]=  82 [2]= 188 [3]= 284 [4]= 284 [5]= 284 [6]= 284 [7]= 284 [8]= 284 [9]= 284 [10]= 284 [11]= 284 [12]= 284 
key_index before (DPU 426) [0]=   0 [1]= 100 [2]= 190 [3]= 278 [4]= 278 [5]= 278 [6]= 278 [7]= 278 [8]= 278 [9]= 278 [10]= 278 [11]= 278 [12]= 278 
key_index before (DPU 427) [0]=   0 [1]=  81 [2]= 183 [3]= 288 [4]= 288 [5]= 288 [6]= 288 [7]= 288 [8]= 288 [9]= 288 [10]= 288 [11]= 288 [12]= 288 
key_index before (DPU 428) [0]=   0 [1]= 115 [2]= 204 [3]= 307 [4]= 307 [5]= 307 [6]= 307 [7]= 307 [8]= 307 [9]= 307 [10]= 307 [11]= 307 [12]= 307 
key_index before (DPU 429) [0]=   0 [1]= 102 [2]= 185 [3]= 282 [4]= 282 [5]= 282 [6]= 282 [7]= 282 [8]= 282 [9]= 282 [10]= 282 [11]= 282 [12]= 282 
key_index before (DPU 430) [0]=   0 [1]=  99 [2]= 198 [3]= 287 [4]= 287 [5]= 287 [6]= 287 [7]= 287 [8]= 287 [9]= 287 [10]= 287 [11]= 287 [12]= 287 
key_index before (DPU 431) [0]=   0 [1]=  91 [2]= 178 [3]= 250 [4]= 250 [5]= 250 [6]= 250 [7]= 250 [8]= 250 [9]= 250 [10]= 250 [11]= 250 [12]= 250 
key_index before (DPU 432) [0]=   0 [1]=  87 [2]= 189 [3]= 285 [4]= 285 [5]= 285 [6]= 285 [7]= 285 [8]= 285 [9]= 285 [10]= 285 [11]= 285 [12]= 285 
key_index before (DPU 433) [0]=   0 [1]= 108 [2]= 199 [3]= 288 [4]= 288 [5]= 288 [6]= 288 [7]= 288 [8]= 288 [9]= 288 [10]= 288 [11]= 288 [12]= 288 
key_index before (DPU 434) [0]=   0 [1]=  87 [2]= 172 [3]= 253 [4]= 253 [5]= 253 [6]= 253 [7]= 253 [8]= 253 [9]= 253 [10]= 253 [11]= 253 [12]= 253 
key_index before (DPU 435) [0]=   0 [1]= 101 [2]= 193 [3]= 292 [4]= 292 [5]= 292 [6]= 292 [7]= 292 [8]= 292 [9]= 292 [10]= 292 [11]= 292 [12]= 292 
key_index before (DPU 436) [0]=   0 [1]= 104 [2]= 202 [3]= 301 [4]= 301 [5]= 301 [6]= 301 [7]= 301 [8]= 301 [9]= 301 [10]= 301 [11]= 301 [12]= 301 
key_index before (DPU 437) [0]=   0 [1]= 102 [2]= 202 [3]= 301 [4]= 301 [5]= 301 [6]= 301 [7]= 301 [8]= 301 [9]= 301 [10]= 301 [11]= 301 [12]= 301 
key_index before (DPU 438) [0]=   0 [1]=  98 [2]= 185 [3]= 284 [4]= 284 [5]= 284 [6]= 284 [7]= 284 [8]= 284 [9]= 284 [10]= 284 [11]= 284 [12]= 284 
key_index before (DPU 439) [0]=   0 [1]=  88 [2]= 186 [3]= 261 [4]= 261 [5]= 261 [6]= 261 [7]= 261 [8]= 261 [9]= 261 [10]= 261 [11]= 261 [12]= 261 
key_index before (DPU 440) [0]=   0 [1]=  96 [2]= 181 [3]= 304 [4]= 304 [5]= 304 [6]= 304 [7]= 304 [8]= 304 [9]= 304 [10]= 304 [11]= 304 [12]= 304 
key_index before (DPU 441) [0]=   0 [1]= 123 [2]= 217 [3]= 308 [4]= 308 [5]= 308 [6]= 308 [7]= 308 [8]= 308 [9]= 308 [10]= 308 [11]= 308 [12]= 308 
key_index before (DPU 442) [0]=   0 [1]= 108 [2]= 193 [3]= 303 [4]= 303 [5]= 303 [6]= 303 [7]= 303 [8]= 303 [9]= 303 [10]= 303 [11]= 303 [12]= 303 
key_index before (DPU 443) [0]=   0 [1]= 107 [2]= 179 [3]= 270 [4]= 270 [5]= 270 [6]= 270 [7]= 270 [8]= 270 [9]= 270 [10]= 270 [11]= 270 [12]= 270 
key_index before (DPU 444) [0]=   0 [1]=  71 [2]= 164 [3]= 256 [4]= 256 [5]= 256 [6]= 256 [7]= 256 [8]= 256 [9]= 256 [10]= 256 [11]= 256 [12]= 256 
key_index before (DPU 445) [0]=   0 [1]=  92 [2]= 176 [3]= 269 [4]= 269 [5]= 269 [6]= 269 [7]= 269 [8]= 269 [9]= 269 [10]= 269 [11]= 269 [12]= 269 
key_index before (DPU 446) [0]=   0 [1]=   0 [2]=   0 [3]=   0 [4]=139041 [5]=139041 [6]=139041 [7]=139041 [8]=139041 [9]=139041 [10]=139041 [11]=139041 [12]=139041 
key_index before (DPU 447) [0]=   0 [1]= 112 [2]= 200 [3]= 288 [4]= 288 [5]= 288 [6]= 288 [7]= 288 [8]= 288 [9]= 288 [10]= 288 [11]= 288 [12]= 288 
key_index before (DPU 448) [0]=   0 [1]=  92 [2]= 186 [3]= 262 [4]= 262 [5]= 262 [6]= 262 [7]= 262 [8]= 262 [9]= 262 [10]= 262 [11]= 262 [12]= 262 
key_index before (DPU 449) [0]=   0 [1]=   0 [2]=  96 [3]= 181 [4]=21190 [5]=21190 [6]=21190 [7]=21190 [8]=21190 [9]=21190 [10]=21190 [11]=21190 [12]=21190 
key_index before (DPU 450) [0]=   0 [1]= 106 [2]= 212 [3]= 300 [4]= 300 [5]= 300 [6]= 300 [7]= 300 [8]= 300 [9]= 300 [10]= 300 [11]= 300 [12]= 300 
key_index before (DPU 451) [0]=   0 [1]= 103 [2]= 192 [3]= 272 [4]= 272 [5]= 272 [6]= 272 [7]= 272 [8]= 272 [9]= 272 [10]= 272 [11]= 272 [12]= 272 
key_index before (DPU 452) [0]=   0 [1]=  81 [2]= 166 [3]= 246 [4]= 246 [5]= 246 [6]= 246 [7]= 246 [8]= 246 [9]= 246 [10]= 246 [11]= 246 [12]= 246 
key_index before (DPU 453) [0]=   0 [1]=  82 [2]= 163 [3]= 252 [4]= 252 [5]= 252 [6]= 252 [7]= 252 [8]= 252 [9]= 252 [10]= 252 [11]= 252 [12]= 252 
key_index before (DPU 454) [0]=   0 [1]=  97 [2]= 189 [3]= 275 [4]= 275 [5]= 275 [6]= 275 [7]= 275 [8]= 275 [9]= 275 [10]= 275 [11]= 275 [12]= 275 
key_index before (DPU 455) [0]=   0 [1]=  90 [2]= 179 [3]= 270 [4]= 270 [5]= 270 [6]= 270 [7]= 270 [8]= 270 [9]= 270 [10]= 270 [11]= 270 [12]= 270 
key_index before (DPU 456) [0]=   0 [1]=  86 [2]= 175 [3]= 248 [4]= 248 [5]= 248 [6]= 248 [7]= 248 [8]= 248 [9]= 248 [10]= 248 [11]= 248 [12]= 248 
key_index before (DPU 457) [0]=   0 [1]=  80 [2]= 142 [3]= 235 [4]=6641 [5]=6641 [6]=6641 [7]=6641 [8]=6641 [9]=6641 [10]=6641 [11]=6641 [12]=6641 
key_index before (DPU 458) [0]=   0 [1]= 101 [2]= 181 [3]= 270 [4]= 270 [5]= 270 [6]= 270 [7]= 270 [8]= 270 [9]= 270 [10]= 270 [11]= 270 [12]= 270 
key_index before (DPU 459) [0]=   0 [1]=  98 [2]= 180 [3]= 264 [4]=12621 [5]=12621 [6]=12621 [7]=12621 [8]=12621 [9]=12621 [10]=12621 [11]=12621 [12]=12621 
key_index before (DPU 460) [0]=   0 [1]=  93 [2]= 184 [3]= 266 [4]= 266 [5]= 266 [6]= 266 [7]= 266 [8]= 266 [9]= 266 [10]= 266 [11]= 266 [12]= 266 
key_index before (DPU 461) [0]=   0 [1]=  81 [2]= 154 [3]= 234 [4]= 315 [5]= 315 [6]= 315 [7]= 315 [8]= 315 [9]= 315 [10]= 315 [11]= 315 [12]= 315 
key_index before (DPU 462) [0]=   0 [1]=  82 [2]= 165 [3]= 264 [4]= 264 [5]= 264 [6]= 264 [7]= 264 [8]= 264 [9]= 264 [10]= 264 [11]= 264 [12]= 264 
key_index before (DPU 463) [0]=   0 [1]=  86 [2]= 180 [3]= 268 [4]= 268 [5]= 268 [6]= 268 [7]= 268 [8]= 268 [9]= 268 [10]= 268 [11]= 268 [12]= 268 
key_index before (DPU 464) [0]=   0 [1]= 117 [2]= 192 [3]= 282 [4]= 282 [5]= 282 [6]= 282 [7]= 282 [8]= 282 [9]= 282 [10]= 282 [11]= 282 [12]= 282 
key_index before (DPU 465) [0]=   0 [1]=  82 [2]= 173 [3]= 280 [4]= 280 [5]= 280 [6]= 280 [7]= 280 [8]= 280 [9]= 280 [10]= 280 [11]= 280 [12]= 280 
key_index before (DPU 466) [0]=   0 [1]=  78 [2]= 169 [3]= 265 [4]= 265 [5]= 265 [6]= 265 [7]= 265 [8]= 265 [9]= 265 [10]= 265 [11]= 265 [12]= 265 
key_index before (DPU 467) [0]=   0 [1]=  91 [2]= 194 [3]= 268 [4]= 268 [5]= 268 [6]= 268 [7]= 268 [8]= 268 [9]= 268 [10]= 268 [11]= 268 [12]= 268 
key_index before (DPU 468) [0]=   0 [1]=  87 [2]= 175 [3]= 265 [4]= 265 [5]= 265 [6]= 265 [7]= 265 [8]= 265 [9]= 265 [10]= 265 [11]= 265 [12]= 265 
key_index before (DPU 469) [0]=   0 [1]=  76 [2]= 161 [3]= 248 [4]= 248 [5]= 248 [6]= 248 [7]= 248 [8]= 248 [9]= 248 [10]= 248 [11]= 248 [12]= 248 
key_index before (DPU 470) [0]=   0 [1]=  82 [2]= 184 [3]= 284 [4]=18144 [5]=18144 [6]=18144 [7]=18144 [8]=18144 [9]=18144 [10]=18144 [11]=18144 [12]=18144 
key_index before (DPU 471) [0]=   0 [1]=  85 [2]= 185 [3]= 285 [4]= 285 [5]= 285 [6]= 285 [7]= 285 [8]= 285 [9]= 285 [10]= 285 [11]= 285 [12]= 285 
key_index before (DPU 472) [0]=   0 [1]=  73 [2]= 159 [3]= 242 [4]= 242 [5]= 242 [6]= 242 [7]= 242 [8]= 242 [9]= 242 [10]= 242 [11]= 242 [12]= 242 
key_index before (DPU 473) [0]=   0 [1]=  83 [2]= 162 [3]= 243 [4]= 243 [5]= 243 [6]= 243 [7]= 243 [8]= 243 [9]= 243 [10]= 243 [11]= 243 [12]= 243 
key_index before (DPU 474) [0]=   0 [1]=  75 [2]= 163 [3]= 254 [4]= 254 [5]= 254 [6]= 254 [7]= 254 [8]= 254 [9]= 254 [10]= 254 [11]= 254 [12]= 254 
key_index before (DPU 475) [0]=   0 [1]=  77 [2]= 163 [3]= 239 [4]= 239 [5]= 239 [6]= 239 [7]= 239 [8]= 239 [9]= 239 [10]= 239 [11]= 239 [12]= 239 
key_index before (DPU 476) [0]=   0 [1]=  82 [2]= 150 [3]= 234 [4]= 330 [5]= 330 [6]= 330 [7]= 330 [8]= 330 [9]= 330 [10]= 330 [11]= 330 [12]= 330 
key_index before (DPU 477) [0]=   0 [1]=  88 [2]= 171 [3]= 257 [4]= 257 [5]= 257 [6]= 257 [7]= 257 [8]= 257 [9]= 257 [10]= 257 [11]= 257 [12]= 257 
key_index before (DPU 478) [0]=   0 [1]=  91 [2]= 173 [3]= 254 [4]= 348 [5]= 348 [6]= 348 [7]= 348 [8]= 348 [9]= 348 [10]= 348 [11]= 348 [12]= 348 
key_index before (DPU 479) [0]=   0 [1]=  93 [2]= 186 [3]= 265 [4]= 265 [5]= 265 [6]= 265 [7]= 265 [8]= 265 [9]= 265 [10]= 265 [11]= 265 [12]= 265 
key_index before (DPU 480) [0]=   0 [1]=  92 [2]= 176 [3]= 259 [4]= 259 [5]= 259 [6]= 259 [7]= 259 [8]= 259 [9]= 259 [10]= 259 [11]= 259 [12]= 259 
key_index before (DPU 481) [0]=   0 [1]=   0 [2]=   0 [3]=   0 [4]=33083 [5]=33083 [6]=33083 [7]=33083 [8]=33083 [9]=33083 [10]=33083 [11]=33083 [12]=33083 
key_index before (DPU 482) [0]=   0 [1]=  74 [2]= 154 [3]= 247 [4]= 247 [5]= 247 [6]= 247 [7]= 247 [8]= 247 [9]= 247 [10]= 247 [11]= 247 [12]= 247 
key_index before (DPU 483) [0]=   0 [1]= 105 [2]= 198 [3]= 277 [4]= 351 [5]= 351 [6]= 351 [7]= 351 [8]= 351 [9]= 351 [10]= 351 [11]= 351 [12]= 351 
key_index before (DPU 484) [0]=   0 [1]=  92 [2]= 187 [3]= 258 [4]= 258 [5]= 258 [6]= 258 [7]= 258 [8]= 258 [9]= 258 [10]= 258 [11]= 258 [12]= 258 
key_index before (DPU 485) [0]=   0 [1]=  80 [2]= 146 [3]= 227 [4]= 331 [5]= 331 [6]= 331 [7]= 331 [8]= 331 [9]= 331 [10]= 331 [11]= 331 [12]= 331 
key_index before (DPU 486) [0]=   0 [1]=  88 [2]= 171 [3]= 245 [4]= 245 [5]= 245 [6]= 245 [7]= 245 [8]= 245 [9]= 245 [10]= 245 [11]= 245 [12]= 245 
key_index before (DPU 487) [0]=   0 [1]=  83 [2]= 181 [3]= 259 [4]= 259 [5]= 259 [6]= 259 [7]= 259 [8]= 259 [9]= 259 [10]= 259 [11]= 259 [12]= 259 
key_index before (DPU 488) [0]=   0 [1]=  88 [2]= 174 [3]= 262 [4]= 262 [5]= 262 [6]= 262 [7]= 262 [8]= 262 [9]= 262 [10]= 262 [11]= 262 [12]= 262 
key_index before (DPU 489) [0]=   0 [1]=  76 [2]= 148 [3]= 239 [4]= 239 [5]= 239 [6]= 239 [7]= 239 [8]= 239 [9]= 239 [10]= 239 [11]= 239 [12]= 239 
key_index before (DPU 490) [0]=   0 [1]=  97 [2]= 174 [3]= 249 [4]= 353 [5]= 353 [6]= 353 [7]= 353 [8]= 353 [9]= 353 [10]= 353 [11]= 353 [12]= 353 
key_index before (DPU 491) [0]=   0 [1]=  71 [2]= 170 [3]= 247 [4]=10240 [5]=10240 [6]=10240 [7]=10240 [8]=10240 [9]=10240 [10]=10240 [11]=10240 [12]=10240 
key_index before (DPU 492) [0]=   0 [1]=  80 [2]= 164 [3]= 239 [4]= 310 [5]= 310 [6]= 310 [7]= 310 [8]= 310 [9]= 310 [10]= 310 [11]= 310 [12]= 310 
key_index before (DPU 493) [0]=   0 [1]=  78 [2]= 158 [3]= 254 [4]=7791 [5]=7791 [6]=7791 [7]=7791 [8]=7791 [9]=7791 [10]=7791 [11]=7791 [12]=7791 
key_index before (DPU 494) [0]=   0 [1]=  79 [2]= 165 [3]= 240 [4]= 240 [5]= 240 [6]= 240 [7]= 240 [8]= 240 [9]= 240 [10]= 240 [11]= 240 [12]= 240 
key_index before (DPU 495) [0]=   0 [1]=  71 [2]= 162 [3]= 250 [4]=9650 [5]=9650 [6]=9650 [7]=9650 [8]=9650 [9]=9650 [10]=9650 [11]=9650 [12]=9650 
key_index before (DPU 496) [0]=   0 [1]=  88 [2]= 176 [3]= 260 [4]=14044 [5]=14044 [6]=14044 [7]=14044 [8]=14044 [9]=14044 [10]=14044 [11]=14044 [12]=14044 
key_index before (DPU 497) [0]=   0 [1]=  75 [2]= 157 [3]= 235 [4]= 340 [5]= 340 [6]= 340 [7]= 340 [8]= 340 [9]= 340 [10]= 340 [11]= 340 [12]= 340 
key_index before (DPU 498) [0]=   0 [1]= 106 [2]= 188 [3]= 286 [4]= 368 [5]= 368 [6]= 368 [7]= 368 [8]= 368 [9]= 368 [10]= 368 [11]= 368 [12]= 368 
key_index before (DPU 499) [0]=   0 [1]=   0 [2]=  75 [3]=  75 [4]=48263 [5]=48263 [6]=48263 [7]=48263 [8]=48263 [9]=48263 [10]=48263 [11]=48263 [12]=48263 
before (DPU 0) [0]=   0 [1]=71834 [2]=   0 [3]=   0 [4]=   0 [5]=   0 [6]=   0 [7]=   0 [8]=   0 [9]=   0 [10]=   0 [11]=   0 
after  (DPU 0) [0]=   0 [1]=71834 [2]=   0 [3]=   0 [4]=   0 [5]=   0 [6]=   0 [7]=   0 [8]=   0 [9]=   0 [10]=   0 [11]=   0 
before (DPU 1) [0]=   0 [1]=26428 [2]=   0 [3]=   0 [4]=   0 [5]=   0 [6]=   0 [7]=   0 [8]=   0 [9]=   0 [10]=   0 [11]=   0 
after  (DPU 1) [0]=   0 [1]=26428 [2]=   0 [3]=   0 [4]=   0 [5]=   0 [6]=   0 [7]=   0 [8]=   0 [9]=   0 [10]=   0 [11]=   0 
before (DPU 2) [0]=   0 [1]=15585 [2]=   0 [3]=   0 [4]=   0 [5]=   0 [6]=   0 [7]=   0 [8]=   0 [9]=   0 [10]=   0 [11]=   0 
after  (DPU 2) [0]=   0 [1]=15585 [2]=   0 [3]=   0 [4]=   0 [5]=   0 [6]=   0 [7]=   0 [8]=   0 [9]=   0 [10]=   0 [11]=   0 
before (DPU 3) [0]=   0 [1]=11194 [2]=   0 [3]=   0 [4]=   0 [5]=   0 [6]=   0 [7]=   0 [8]=   0 [9]=   0 [10]=   0 [11]=   0 
after  (DPU 3) [0]=   0 [1]=11194 [2]=   0 [3]=   0 [4]=   0 [5]=   0 [6]=   0 [7]=   0 [8]=   0 [9]=   0 [10]=   0 [11]=   0 
before (DPU 4) [0]=   0 [1]=8863 [2]=7958 [3]=   0 [4]=   0 [5]=   0 [6]=   0 [7]=   0 [8]=   0 [9]=   0 [10]=   0 [11]=   0 
after  (DPU 4) [0]=   0 [1]=8863 [2]=7958 [3]=   0 [4]=   0 [5]=   0 [6]=   0 [7]=   0 [8]=   0 [9]=   0 [10]=   0 [11]=   0 
before (DPU 5) [0]=   0 [1]=7052 [2]=6795 [3]=   0 [4]=   0 [5]=   0 [6]=   0 [7]=   0 [8]=   0 [9]=   0 [10]=   0 [11]=   0 
after  (DPU 5) [0]=   0 [1]=7052 [2]=6795 [3]=   0 [4]=   0 [5]=   0 [6]=   0 [7]=   0 [8]=   0 [9]=   0 [10]=   0 [11]=   0 
before (DPU 6) [0]=6406 [1]=6308 [2]=5919 [3]=   0 [4]=   0 [5]=   0 [6]=   0 [7]=   0 [8]=   0 [9]=   0 [10]=   0 [11]=   0 
after  (DPU 6) [0]=   0 [1]=6308 [2]=5919 [3]=   0 [4]=   0 [5]=   0 [6]=   0 [7]=   0 [8]=   0 [9]=   0 [10]=   0 [11]=   0 
before (DPU 7) [0]=5531 [1]=5244 [2]=4964 [3]=   0 [4]=   0 [5]=   0 [6]=   0 [7]=   0 [8]=   0 [9]=   0 [10]=   0 [11]=   0 
after  (DPU 7) [0]=5531 [1]=5244 [2]=4964 [3]=   0 [4]=   0 [5]=   0 [6]=   0 [7]=   0 [8]=   0 [9]=   0 [10]=   0 [11]=   0 
before (DPU 8) [0]=4863 [1]=4609 [2]=4462 [3]=   0 [4]=   0 [5]=   0 [6]=   0 [7]=   0 [8]=   0 [9]=   0 [10]=   0 [11]=   0 
after  (DPU 8) [0]=4863 [1]=4609 [2]=4462 [3]=   0 [4]=   0 [5]=   0 [6]=   0 [7]=   0 [8]=   0 [9]=   0 [10]=   0 [11]=   0 
before (DPU 9) [0]=4305 [1]=4073 [2]=3963 [3]=   0 [4]=   0 [5]=   0 [6]=   0 [7]=   0 [8]=   0 [9]=   0 [10]=   0 [11]=   0 
after  (DPU 9) [0]=4305 [1]=4073 [2]=3963 [3]=   0 [4]=   0 [5]=   0 [6]=   0 [7]=   0 [8]=   0 [9]=   0 [10]=   0 [11]=   0 
before (DPU 10) [0]=3852 [1]=3844 [2]=3613 [3]=   0 [4]=   0 [5]=   0 [6]=   0 [7]=   0 [8]=   0 [9]=   0 [10]=   0 [11]=   0 
after  (DPU 10) [0]=3852 [1]=3844 [2]=3613 [3]=   0 [4]=   0 [5]=   0 [6]=   0 [7]=   0 [8]=   0 [9]=   0 [10]=   0 [11]=   0 
before (DPU 11) [0]=3588 [1]=3497 [2]=3339 [3]=   0 [4]=   0 [5]=   0 [6]=   0 [7]=   0 [8]=   0 [9]=   0 [10]=   0 [11]=   0 
after  (DPU 11) [0]=3588 [1]=3497 [2]=3339 [3]=   0 [4]=   0 [5]=   0 [6]=   0 [7]=   0 [8]=   0 [9]=   0 [10]=   0 [11]=   0 
before (DPU 12) [0]=3223 [1]=3171 [2]=3005 [3]=   0 [4]=   0 [5]=   0 [6]=   0 [7]=   0 [8]=   0 [9]=   0 [10]=   0 [11]=   0 
after  (DPU 12) [0]=3223 [1]=3171 [2]=3005 [3]=   0 [4]=   0 [5]=   0 [6]=   0 [7]=   0 [8]=   0 [9]=   0 [10]=   0 [11]=   0 
before (DPU 13) [0]=2990 [1]=2894 [2]=2797 [3]=   0 [4]=   0 [5]=   0 [6]=   0 [7]=   0 [8]=   0 [9]=   0 [10]=   0 [11]=   0 
after  (DPU 13) [0]=2990 [1]=2894 [2]=2797 [3]=   0 [4]=   0 [5]=   0 [6]=   0 [7]=   0 [8]=   0 [9]=   0 [10]=   0 [11]=   0 
before (DPU 14) [0]=2816 [1]=2773 [2]=2651 [3]=   0 [4]=   0 [5]=   0 [6]=   0 [7]=   0 [8]=   0 [9]=   0 [10]=   0 [11]=   0 
after  (DPU 14) [0]=2816 [1]=2773 [2]=2651 [3]=   0 [4]=   0 [5]=   0 [6]=   0 [7]=   0 [8]=   0 [9]=   0 [10]=   0 [11]=   0 
before (DPU 15) [0]=2636 [1]=2457 [2]=2465 [3]=   0 [4]=   0 [5]=   0 [6]=   0 [7]=   0 [8]=   0 [9]=   0 [10]=   0 [11]=   0 
after  (DPU 15) [0]=2636 [1]=2457 [2]=2465 [3]=   0 [4]=   0 [5]=   0 [6]=   0 [7]=   0 [8]=   0 [9]=   0 [10]=   0 [11]=   0 
before (DPU 16) [0]=2378 [1]=2373 [2]=2323 [3]=   0 [4]=   0 [5]=   0 [6]=   0 [7]=   0 [8]=   0 [9]=   0 [10]=   0 [11]=   0 
after  (DPU 16) [0]=2378 [1]=2373 [2]=2323 [3]=   0 [4]=   0 [5]=   0 [6]=   0 [7]=   0 [8]=   0 [9]=   0 [10]=   0 [11]=   0 
before (DPU 17) [0]=2211 [1]=2246 [2]=2265 [3]=   0 [4]=   0 [5]=   0 [6]=   0 [7]=   0 [8]=   0 [9]=   0 [10]=   0 [11]=   0 
after  (DPU 17) [0]=2211 [1]=2246 [2]=2265 [3]=   0 [4]=   0 [5]=   0 [6]=   0 [7]=   0 [8]=   0 [9]=   0 [10]=   0 [11]=   0 
before (DPU 18) [0]=2195 [1]=2153 [2]=2165 [3]=   0 [4]=   0 [5]=   0 [6]=   0 [7]=   0 [8]=   0 [9]=   0 [10]=   0 [11]=   0 
after  (DPU 18) [0]=2195 [1]=2153 [2]=2165 [3]=   0 [4]=   0 [5]=   0 [6]=   0 [7]=   0 [8]=   0 [9]=   0 [10]=   0 [11]=   0 
before (DPU 19) [0]=2006 [1]=1980 [2]=1973 [3]=   0 [4]=   0 [5]=   0 [6]=   0 [7]=   0 [8]=   0 [9]=   0 [10]=   0 [11]=   0 
after  (DPU 19) [0]=2006 [1]=1980 [2]=1973 [3]=   0 [4]=   0 [5]=   0 [6]=   0 [7]=   0 [8]=   0 [9]=   0 [10]=   0 [11]=   0 
before (DPU 20) [0]=1963 [1]=1903 [2]=1879 [3]=   0 [4]=   0 [5]=   0 [6]=   0 [7]=   0 [8]=   0 [9]=   0 [10]=   0 [11]=   0 
after  (DPU 20) [0]=1963 [1]=1903 [2]=1879 [3]=   0 [4]=   0 [5]=   0 [6]=   0 [7]=   0 [8]=   0 [9]=   0 [10]=   0 [11]=   0 
before (DPU 21) [0]=1870 [1]=1792 [2]=1796 [3]=   0 [4]=   0 [5]=   0 [6]=   0 [7]=   0 [8]=   0 [9]=   0 [10]=   0 [11]=   0 
after  (DPU 21) [0]=1870 [1]=1792 [2]=1796 [3]=   0 [4]=   0 [5]=   0 [6]=   0 [7]=   0 [8]=   0 [9]=   0 [10]=   0 [11]=   0 
before (DPU 22) [0]=1834 [1]=1819 [2]=1813 [3]=   0 [4]=   0 [5]=   0 [6]=   0 [7]=   0 [8]=   0 [9]=   0 [10]=   0 [11]=   0 
after  (DPU 22) [0]=1834 [1]=1819 [2]=1813 [3]=   0 [4]=   0 [5]=   0 [6]=   0 [7]=   0 [8]=   0 [9]=   0 [10]=   0 [11]=   0 
before (DPU 23) [0]=1715 [1]=1647 [2]=1654 [3]=   0 [4]=   0 [5]=   0 [6]=   0 [7]=   0 [8]=   0 [9]=   0 [10]=   0 [11]=   0 
after  (DPU 23) [0]=1715 [1]=1647 [2]=1654 [3]=   0 [4]=   0 [5]=   0 [6]=   0 [7]=   0 [8]=   0 [9]=   0 [10]=   0 [11]=   0 
before (DPU 24) [0]=1563 [1]=1579 [2]=1665 [3]=   0 [4]=   0 [5]=   0 [6]=   0 [7]=   0 [8]=   0 [9]=   0 [10]=   0 [11]=   0 
after  (DPU 24) [0]=1563 [1]=1579 [2]=1665 [3]=   0 [4]=   0 [5]=   0 [6]=   0 [7]=   0 [8]=   0 [9]=   0 [10]=   0 [11]=   0 
before (DPU 25) [0]=1602 [1]=1551 [2]=1557 [3]=   0 [4]=   0 [5]=   0 [6]=   0 [7]=   0 [8]=   0 [9]=   0 [10]=   0 [11]=   0 
after  (DPU 25) [0]=1602 [1]=1551 [2]=1557 [3]=   0 [4]=   0 [5]=   0 [6]=   0 [7]=   0 [8]=   0 [9]=   0 [10]=   0 [11]=   0 
before (DPU 26) [0]=1551 [1]=1616 [2]=1487 [3]=   0 [4]=   0 [5]=   0 [6]=   0 [7]=   0 [8]=   0 [9]=   0 [10]=   0 [11]=   0 
after  (DPU 26) [0]=1551 [1]=1616 [2]=1487 [3]=   0 [4]=   0 [5]=   0 [6]=   0 [7]=   0 [8]=   0 [9]=   0 [10]=   0 [11]=   0 
before (DPU 27) [0]=1489 [1]=1413 [2]=1418 [3]=   0 [4]=   0 [5]=   0 [6]=   0 [7]=   0 [8]=   0 [9]=   0 [10]=   0 [11]=   0 
after  (DPU 27) [0]=1489 [1]=1413 [2]=1418 [3]=   0 [4]=   0 [5]=   0 [6]=   0 [7]=   0 [8]=   0 [9]=   0 [10]=   0 [11]=   0 
before (DPU 28) [0]=1461 [1]=1423 [2]=1384 [3]=   0 [4]=   0 [5]=   0 [6]=   0 [7]=   0 [8]=   0 [9]=   0 [10]=   0 [11]=   0 
after  (DPU 28) [0]=1461 [1]=1423 [2]=1384 [3]=   0 [4]=   0 [5]=   0 [6]=   0 [7]=   0 [8]=   0 [9]=   0 [10]=   0 [11]=   0 
before (DPU 29) [0]=1388 [1]=1321 [2]=1326 [3]=   0 [4]=   0 [5]=   0 [6]=   0 [7]=   0 [8]=   0 [9]=   0 [10]=   0 [11]=   0 
after  (DPU 29) [0]=1388 [1]=1321 [2]=1326 [3]=   0 [4]=   0 [5]=   0 [6]=   0 [7]=   0 [8]=   0 [9]=   0 [10]=   0 [11]=   0 
before (DPU 30) [0]=1352 [1]=1336 [2]=1315 [3]=   0 [4]=   0 [5]=   0 [6]=   0 [7]=   0 [8]=   0 [9]=   0 [10]=   0 [11]=   0 
after  (DPU 30) [0]=1352 [1]=1336 [2]=1315 [3]=   0 [4]=   0 [5]=   0 [6]=   0 [7]=   0 [8]=   0 [9]=   0 [10]=   0 [11]=   0 
before (DPU 31) [0]=1263 [1]=1279 [2]=1269 [3]=   0 [4]=   0 [5]=   0 [6]=   0 [7]=   0 [8]=   0 [9]=   0 [10]=   0 [11]=   0 
after  (DPU 31) [0]=1263 [1]=1279 [2]=1269 [3]=   0 [4]=   0 [5]=   0 [6]=   0 [7]=   0 [8]=   0 [9]=   0 [10]=   0 [11]=   0 
before (DPU 32) [0]=1195 [1]=1262 [2]=1227 [3]=   0 [4]=   0 [5]=   0 [6]=   0 [7]=   0 [8]=   0 [9]=   0 [10]=   0 [11]=   0 
after  (DPU 32) [0]=1195 [1]=1262 [2]=1227 [3]=   0 [4]=   0 [5]=   0 [6]=   0 [7]=   0 [8]=   0 [9]=   0 [10]=   0 [11]=   0 
before (DPU 33) [0]=1180 [1]=1258 [2]=1219 [3]=   0 [4]=   0 [5]=   0 [6]=   0 [7]=   0 [8]=   0 [9]=   0 [10]=   0 [11]=   0 
after  (DPU 33) [0]=1180 [1]=1258 [2]=1219 [3]=   0 [4]=   0 [5]=   0 [6]=   0 [7]=   0 [8]=   0 [9]=   0 [10]=   0 [11]=   0 
before (DPU 34) [0]=1203 [1]=1171 [2]=1144 [3]=   0 [4]=   0 [5]=   0 [6]=   0 [7]=   0 [8]=   0 [9]=   0 [10]=   0 [11]=   0 
after  (DPU 34) [0]=1203 [1]=1171 [2]=1144 [3]=   0 [4]=   0 [5]=   0 [6]=   0 [7]=   0 [8]=   0 [9]=   0 [10]=   0 [11]=   0 
before (DPU 35) [0]=1142 [1]=1106 [2]=1047 [3]=   0 [4]=   0 [5]=   0 [6]=   0 [7]=   0 [8]=   0 [9]=   0 [10]=   0 [11]=   0 
after  (DPU 35) [0]=1142 [1]=1106 [2]=1047 [3]=   0 [4]=   0 [5]=   0 [6]=   0 [7]=   0 [8]=   0 [9]=   0 [10]=   0 [11]=   0 
before (DPU 36) [0]=1075 [1]=1084 [2]=1162 [3]=   0 [4]=   0 [5]=   0 [6]=   0 [7]=   0 [8]=   0 [9]=   0 [10]=   0 [11]=   0 
after  (DPU 36) [0]=1075 [1]=1084 [2]=1162 [3]=   0 [4]=   0 [5]=   0 [6]=   0 [7]=   0 [8]=   0 [9]=   0 [10]=   0 [11]=   0 
before (DPU 37) [0]=1064 [1]=1104 [2]=1047 [3]=   0 [4]=   0 [5]=   0 [6]=   0 [7]=   0 [8]=   0 [9]=   0 [10]=   0 [11]=   0 
after  (DPU 37) [0]=1064 [1]=1104 [2]=1047 [3]=   0 [4]=   0 [5]=   0 [6]=   0 [7]=   0 [8]=   0 [9]=   0 [10]=   0 [11]=   0 
before (DPU 38) [0]=1067 [1]=1061 [2]=1079 [3]=   0 [4]=   0 [5]=   0 [6]=   0 [7]=   0 [8]=   0 [9]=   0 [10]=   0 [11]=   0 
after  (DPU 38) [0]=1067 [1]=1061 [2]=1079 [3]=   0 [4]=   0 [5]=   0 [6]=   0 [7]=   0 [8]=   0 [9]=   0 [10]=   0 [11]=   0 
before (DPU 39) [0]=1012 [1]=1009 [2]= 964 [3]=   0 [4]=   0 [5]=   0 [6]=   0 [7]=   0 [8]=   0 [9]=   0 [10]=   0 [11]=   0 
after  (DPU 39) [0]=1012 [1]=1009 [2]= 964 [3]=   0 [4]=   0 [5]=   0 [6]=   0 [7]=   0 [8]=   0 [9]=   0 [10]=   0 [11]=   0 
before (DPU 40) [0]=1017 [1]= 983 [2]= 920 [3]=   0 [4]=   0 [5]=   0 [6]=   0 [7]=   0 [8]=   0 [9]=   0 [10]=   0 [11]=   0 
after  (DPU 40) [0]=1017 [1]= 983 [2]= 920 [3]=   0 [4]=   0 [5]=   0 [6]=   0 [7]=   0 [8]=   0 [9]=   0 [10]=   0 [11]=   0 
before (DPU 41) [0]= 949 [1]=1012 [2]= 939 [3]=   0 [4]=   0 [5]=   0 [6]=   0 [7]=   0 [8]=   0 [9]=   0 [10]=   0 [11]=   0 
after  (DPU 41) [0]= 949 [1]=1012 [2]= 939 [3]=   0 [4]=   0 [5]=   0 [6]=   0 [7]=   0 [8]=   0 [9]=   0 [10]=   0 [11]=   0 
before (DPU 42) [0]= 974 [1]= 978 [2]= 921 [3]=   0 [4]=   0 [5]=   0 [6]=   0 [7]=   0 [8]=   0 [9]=   0 [10]=   0 [11]=   0 
after  (DPU 42) [0]= 974 [1]= 978 [2]= 921 [3]=   0 [4]=   0 [5]=   0 [6]=   0 [7]=   0 [8]=   0 [9]=   0 [10]=   0 [11]=   0 
before (DPU 43) [0]= 958 [1]= 911 [2]= 922 [3]=   0 [4]=   0 [5]=   0 [6]=   0 [7]=   0 [8]=   0 [9]=   0 [10]=   0 [11]=   0 
after  (DPU 43) [0]= 958 [1]= 911 [2]= 922 [3]=   0 [4]=   0 [5]=   0 [6]=   0 [7]=   0 [8]=   0 [9]=   0 [10]=   0 [11]=   0 
before (DPU 44) [0]= 890 [1]= 916 [2]= 863 [3]=   0 [4]=   0 [5]=   0 [6]=   0 [7]=   0 [8]=   0 [9]=   0 [10]=   0 [11]=   0 
after  (DPU 44) [0]= 890 [1]= 916 [2]= 863 [3]=   0 [4]=   0 [5]=   0 [6]=   0 [7]=   0 [8]=   0 [9]=   0 [10]=   0 [11]=   0 
before (DPU 45) [0]= 870 [1]= 876 [2]= 818 [3]=   0 [4]=   0 [5]=   0 [6]=   0 [7]=   0 [8]=   0 [9]=   0 [10]=   0 [11]=   0 
after  (DPU 45) [0]= 870 [1]= 876 [2]= 818 [3]=   0 [4]=   0 [5]=   0 [6]=   0 [7]=   0 [8]=   0 [9]=   0 [10]=   0 [11]=   0 
before (DPU 46) [0]= 904 [1]= 826 [2]= 872 [3]=   0 [4]=   0 [5]=   0 [6]=   0 [7]=   0 [8]=   0 [9]=   0 [10]=   0 [11]=   0 
after  (DPU 46) [0]= 904 [1]= 826 [2]= 872 [3]=   0 [4]=   0 [5]=   0 [6]=   0 [7]=   0 [8]=   0 [9]=   0 [10]=   0 [11]=   0 
before (DPU 47) [0]= 843 [1]= 833 [2]= 869 [3]=   0 [4]=   0 [5]=   0 [6]=   0 [7]=   0 [8]=   0 [9]=   0 [10]=   0 [11]=   0 
after  (DPU 47) [0]= 843 [1]= 833 [2]= 869 [3]=   0 [4]=   0 [5]=   0 [6]=   0 [7]=   0 [8]=   0 [9]=   0 [10]=   0 [11]=   0 
before (DPU 48) [0]= 772 [1]= 816 [2]= 797 [3]=   0 [4]=   0 [5]=   0 [6]=   0 [7]=   0 [8]=   0 [9]=   0 [10]=   0 [11]=   0 
after  (DPU 48) [0]= 772 [1]= 816 [2]= 797 [3]=   0 [4]=   0 [5]=   0 [6]=   0 [7]=   0 [8]=   0 [9]=   0 [10]=   0 [11]=   0 
before (DPU 49) [0]= 820 [1]= 788 [2]= 804 [3]=   0 [4]=   0 [5]=   0 [6]=   0 [7]=   0 [8]=   0 [9]=   0 [10]=   0 [11]=   0 
after  (DPU 49) [0]= 820 [1]= 788 [2]= 804 [3]=   0 [4]=   0 [5]=   0 [6]=   0 [7]=   0 [8]=   0 [9]=   0 [10]=   0 [11]=   0 
before (DPU 50) [0]= 755 [1]= 819 [2]= 790 [3]=   0 [4]=   0 [5]=   0 [6]=   0 [7]=   0 [8]=   0 [9]=   0 [10]=   0 [11]=   0 
after  (DPU 50) [0]= 755 [1]= 819 [2]= 790 [3]=   0 [4]=   0 [5]=   0 [6]=   0 [7]=   0 [8]=   0 [9]=   0 [10]=   0 [11]=   0 
before (DPU 51) [0]= 821 [1]= 803 [2]= 767 [3]=   0 [4]=   0 [5]=   0 [6]=   0 [7]=   0 [8]=   0 [9]=   0 [10]=   0 [11]=   0 
after  (DPU 51) [0]= 821 [1]= 803 [2]= 767 [3]=   0 [4]=   0 [5]=   0 [6]=   0 [7]=   0 [8]=   0 [9]=   0 [10]=   0 [11]=   0 
before (DPU 52) [0]= 774 [1]= 771 [2]= 733 [3]=   0 [4]=   0 [5]=   0 [6]=   0 [7]=   0 [8]=   0 [9]=   0 [10]=   0 [11]=   0 
after  (DPU 52) [0]= 774 [1]= 771 [2]= 733 [3]=   0 [4]=   0 [5]=   0 [6]=   0 [7]=   0 [8]=   0 [9]=   0 [10]=   0 [11]=   0 
before (DPU 53) [0]= 738 [1]= 737 [2]= 721 [3]=   0 [4]=   0 [5]=   0 [6]=   0 [7]=   0 [8]=   0 [9]=   0 [10]=   0 [11]=   0 
after  (DPU 53) [0]= 738 [1]= 737 [2]= 721 [3]=   0 [4]=   0 [5]=   0 [6]=   0 [7]=   0 [8]=   0 [9]=   0 [10]=   0 [11]=   0 
before (DPU 54) [0]= 712 [1]= 741 [2]= 727 [3]=   0 [4]=   0 [5]=   0 [6]=   0 [7]=   0 [8]=   0 [9]=   0 [10]=   0 [11]=   0 
after  (DPU 54) [0]= 712 [1]= 741 [2]= 727 [3]=   0 [4]=   0 [5]=   0 [6]=   0 [7]=   0 [8]=   0 [9]=   0 [10]=   0 [11]=   0 
before (DPU 55) [0]= 708 [1]= 723 [2]= 754 [3]=   0 [4]=   0 [5]=   0 [6]=   0 [7]=   0 [8]=   0 [9]=   0 [10]=   0 [11]=   0 
after  (DPU 55) [0]= 708 [1]= 723 [2]= 754 [3]=   0 [4]=   0 [5]=   0 [6]=   0 [7]=   0 [8]=   0 [9]=   0 [10]=   0 [11]=   0 
before (DPU 56) [0]= 687 [1]= 675 [2]= 712 [3]=   0 [4]=   0 [5]=   0 [6]=   0 [7]=   0 [8]=   0 [9]=   0 [10]=   0 [11]=   0 
after  (DPU 56) [0]= 687 [1]= 675 [2]= 712 [3]=   0 [4]=   0 [5]=   0 [6]=   0 [7]=   0 [8]=   0 [9]=   0 [10]=   0 [11]=   0 
before (DPU 57) [0]= 681 [1]= 686 [2]= 673 [3]=   0 [4]=   0 [5]=   0 [6]=   0 [7]=   0 [8]=   0 [9]=   0 [10]=   0 [11]=   0 
after  (DPU 57) [0]= 681 [1]= 686 [2]= 673 [3]=   0 [4]=   0 [5]=   0 [6]=   0 [7]=   0 [8]=   0 [9]=   0 [10]=   0 [11]=   0 
before (DPU 58) [0]= 695 [1]= 655 [2]= 664 [3]=   0 [4]=   0 [5]=   0 [6]=   0 [7]=   0 [8]=   0 [9]=   0 [10]=   0 [11]=   0 
after  (DPU 58) [0]= 695 [1]= 655 [2]= 664 [3]=   0 [4]=   0 [5]=   0 [6]=   0 [7]=   0 [8]=   0 [9]=   0 [10]=   0 [11]=   0 
before (DPU 59) [0]= 667 [1]= 673 [2]= 710 [3]=   0 [4]=   0 [5]=   0 [6]=   0 [7]=   0 [8]=   0 [9]=   0 [10]=   0 [11]=   0 
after  (DPU 59) [0]= 667 [1]= 673 [2]= 710 [3]=   0 [4]=   0 [5]=   0 [6]=   0 [7]=   0 [8]=   0 [9]=   0 [10]=   0 [11]=   0 
before (DPU 60) [0]= 703 [1]= 630 [2]= 715 [3]=   0 [4]=   0 [5]=   0 [6]=   0 [7]=   0 [8]=   0 [9]=   0 [10]=   0 [11]=   0 
after  (DPU 60) [0]= 703 [1]= 630 [2]= 715 [3]=   0 [4]=   0 [5]=   0 [6]=   0 [7]=   0 [8]=   0 [9]=   0 [10]=   0 [11]=   0 
before (DPU 61) [0]= 652 [1]= 641 [2]= 603 [3]=   0 [4]=   0 [5]=   0 [6]=   0 [7]=   0 [8]=   0 [9]=   0 [10]=   0 [11]=   0 
after  (DPU 61) [0]= 652 [1]= 641 [2]= 603 [3]=   0 [4]=   0 [5]=   0 [6]=   0 [7]=   0 [8]=   0 [9]=   0 [10]=   0 [11]=   0 
before (DPU 62) [0]= 665 [1]= 635 [2]= 661 [3]=   0 [4]=   0 [5]=   0 [6]=   0 [7]=   0 [8]=   0 [9]=   0 [10]=   0 [11]=   0 
after  (DPU 62) [0]= 665 [1]= 635 [2]= 661 [3]=   0 [4]=   0 [5]=   0 [6]=   0 [7]=   0 [8]=   0 [9]=   0 [10]=   0 [11]=   0 
before (DPU 63) [0]= 626 [1]= 648 [2]= 625 [3]=   0 [4]=   0 [5]=   0 [6]=   0 [7]=   0 [8]=   0 [9]=   0 [10]=   0 [11]=   0 
after  (DPU 63) [0]= 626 [1]= 648 [2]= 625 [3]=   0 [4]=   0 [5]=   0 [6]=   0 [7]=   0 [8]=   0 [9]=   0 [10]=   0 [11]=   0 
before (DPU 64) [0]= 651 [1]= 646 [2]= 590 [3]=   0 [4]=   0 [5]=   0 [6]=   0 [7]=   0 [8]=   0 [9]=   0 [10]=   0 [11]=   0 
after  (DPU 64) [0]= 651 [1]= 646 [2]= 590 [3]=   0 [4]=   0 [5]=   0 [6]=   0 [7]=   0 [8]=   0 [9]=   0 [10]=   0 [11]=   0 
before (DPU 65) [0]= 604 [1]= 645 [2]= 577 [3]=   0 [4]=   0 [5]=   0 [6]=   0 [7]=   0 [8]=   0 [9]=   0 [10]=   0 [11]=   0 
after  (DPU 65) [0]= 604 [1]= 645 [2]= 577 [3]=   0 [4]=   0 [5]=   0 [6]=   0 [7]=   0 [8]=   0 [9]=   0 [10]=   0 [11]=   0 
before (DPU 66) [0]= 590 [1]= 628 [2]= 583 [3]=   0 [4]=   0 [5]=   0 [6]=   0 [7]=   0 [8]=   0 [9]=   0 [10]=   0 [11]=   0 
after  (DPU 66) [0]= 590 [1]= 628 [2]= 583 [3]=   0 [4]=   0 [5]=   0 [6]=   0 [7]=   0 [8]=   0 [9]=   0 [10]=   0 [11]=   0 
before (DPU 67) [0]= 633 [1]= 639 [2]= 615 [3]=   0 [4]=   0 [5]=   0 [6]=   0 [7]=   0 [8]=   0 [9]=   0 [10]=   0 [11]=   0 
after  (DPU 67) [0]= 633 [1]= 639 [2]= 615 [3]=   0 [4]=   0 [5]=   0 [6]=   0 [7]=   0 [8]=   0 [9]=   0 [10]=   0 [11]=   0 
before (DPU 68) [0]= 555 [1]= 584 [2]= 566 [3]=   0 [4]=   0 [5]=   0 [6]=   0 [7]=   0 [8]=   0 [9]=   0 [10]=   0 [11]=   0 
after  (DPU 68) [0]= 555 [1]= 584 [2]= 566 [3]=   0 [4]=   0 [5]=   0 [6]=   0 [7]=   0 [8]=   0 [9]=   0 [10]=   0 [11]=   0 
before (DPU 69) [0]= 581 [1]= 568 [2]= 618 [3]=   0 [4]=   0 [5]=   0 [6]=   0 [7]=   0 [8]=   0 [9]=   0 [10]=   0 [11]=   0 
after  (DPU 69) [0]= 581 [1]= 568 [2]= 618 [3]=   0 [4]=   0 [5]=   0 [6]=   0 [7]=   0 [8]=   0 [9]=   0 [10]=   0 [11]=   0 
before (DPU 70) [0]= 587 [1]= 548 [2]= 534 [3]=   0 [4]=   0 [5]=   0 [6]=   0 [7]=   0 [8]=   0 [9]=   0 [10]=   0 [11]=   0 
after  (DPU 70) [0]= 587 [1]= 548 [2]= 534 [3]=   0 [4]=   0 [5]=   0 [6]=   0 [7]=   0 [8]=   0 [9]=   0 [10]=   0 [11]=   0 
before (DPU 71) [0]= 562 [1]= 594 [2]= 592 [3]=   0 [4]=   0 [5]=   0 [6]=   0 [7]=   0 [8]=   0 [9]=   0 [10]=   0 [11]=   0 
after  (DPU 71) [0]= 562 [1]= 594 [2]= 592 [3]=   0 [4]=   0 [5]=   0 [6]=   0 [7]=   0 [8]=   0 [9]=   0 [10]=   0 [11]=   0 
before (DPU 72) [0]= 568 [1]= 558 [2]= 534 [3]=   0 [4]=   0 [5]=   0 [6]=   0 [7]=   0 [8]=   0 [9]=   0 [10]=   0 [11]=   0 
after  (DPU 72) [0]= 568 [1]= 558 [2]= 534 [3]=   0 [4]=   0 [5]=   0 [6]=   0 [7]=   0 [8]=   0 [9]=   0 [10]=   0 [11]=   0 
before (DPU 73) [0]= 559 [1]= 576 [2]= 551 [3]=   0 [4]=   0 [5]=   0 [6]=   0 [7]=   0 [8]=   0 [9]=   0 [10]=   0 [11]=   0 
after  (DPU 73) [0]= 559 [1]= 576 [2]= 551 [3]=   0 [4]=   0 [5]=   0 [6]=   0 [7]=   0 [8]=   0 [9]=   0 [10]=   0 [11]=   0 
before (DPU 74) [0]= 539 [1]= 518 [2]= 557 [3]=   0 [4]=   0 [5]=   0 [6]=   0 [7]=   0 [8]=   0 [9]=   0 [10]=   0 [11]=   0 
after  (DPU 74) [0]= 539 [1]= 518 [2]= 557 [3]=   0 [4]=   0 [5]=   0 [6]=   0 [7]=   0 [8]=   0 [9]=   0 [10]=   0 [11]=   0 
before (DPU 75) [0]= 539 [1]= 501 [2]= 543 [3]=   0 [4]=   0 [5]=   0 [6]=   0 [7]=   0 [8]=   0 [9]=   0 [10]=   0 [11]=   0 
after  (DPU 75) [0]= 539 [1]= 501 [2]= 543 [3]=   0 [4]=   0 [5]=   0 [6]=   0 [7]=   0 [8]=   0 [9]=   0 [10]=   0 [11]=   0 
before (DPU 76) [0]= 515 [1]= 492 [2]= 526 [3]=   0 [4]=   0 [5]=   0 [6]=   0 [7]=   0 [8]=   0 [9]=   0 [10]=   0 [11]=   0 
after  (DPU 76) [0]= 515 [1]= 492 [2]= 526 [3]=   0 [4]=   0 [5]=   0 [6]=   0 [7]=   0 [8]=   0 [9]=   0 [10]=   0 [11]=   0 
before (DPU 77) [0]= 497 [1]= 496 [2]= 483 [3]=   0 [4]=   0 [5]=   0 [6]=   0 [7]=   0 [8]=   0 [9]=   0 [10]=   0 [11]=   0 
after  (DPU 77) [0]= 497 [1]= 496 [2]= 483 [3]=   0 [4]=   0 [5]=   0 [6]=   0 [7]=   0 [8]=   0 [9]=   0 [10]=   0 [11]=   0 
before (DPU 78) [0]= 543 [1]= 493 [2]= 482 [3]=   0 [4]=   0 [5]=   0 [6]=   0 [7]=   0 [8]=   0 [9]=   0 [10]=   0 [11]=   0 
after  (DPU 78) [0]= 543 [1]= 493 [2]= 482 [3]=   0 [4]=   0 [5]=   0 [6]=   0 [7]=   0 [8]=   0 [9]=   0 [10]=   0 [11]=   0 
before (DPU 79) [0]= 508 [1]= 504 [2]= 501 [3]=   0 [4]=   0 [5]=   0 [6]=   0 [7]=   0 [8]=   0 [9]=   0 [10]=   0 [11]=   0 
after  (DPU 79) [0]= 508 [1]= 504 [2]= 501 [3]=   0 [4]=   0 [5]=   0 [6]=   0 [7]=   0 [8]=   0 [9]=   0 [10]=   0 [11]=   0 
before (DPU 80) [0]= 489 [1]= 492 [2]= 492 [3]=   0 [4]=   0 [5]=   0 [6]=   0 [7]=   0 [8]=   0 [9]=   0 [10]=   0 [11]=   0 
after  (DPU 80) [0]= 489 [1]= 492 [2]= 492 [3]=   0 [4]=   0 [5]=   0 [6]=   0 [7]=   0 [8]=   0 [9]=   0 [10]=   0 [11]=   0 
before (DPU 81) [0]= 540 [1]= 487 [2]= 485 [3]=   0 [4]=   0 [5]=   0 [6]=   0 [7]=   0 [8]=   0 [9]=   0 [10]=   0 [11]=   0 
after  (DPU 81) [0]= 540 [1]= 487 [2]= 485 [3]=   0 [4]=   0 [5]=   0 [6]=   0 [7]=   0 [8]=   0 [9]=   0 [10]=   0 [11]=   0 
before (DPU 82) [0]= 487 [1]= 469 [2]= 503 [3]=   0 [4]=   0 [5]=   0 [6]=   0 [7]=   0 [8]=   0 [9]=   0 [10]=   0 [11]=   0 
after  (DPU 82) [0]= 487 [1]= 469 [2]= 503 [3]=   0 [4]=   0 [5]=   0 [6]=   0 [7]=   0 [8]=   0 [9]=   0 [10]=   0 [11]=   0 
before (DPU 83) [0]= 504 [1]= 466 [2]= 460 [3]=   0 [4]=   0 [5]=   0 [6]=   0 [7]=   0 [8]=   0 [9]=   0 [10]=   0 [11]=   0 
after  (DPU 83) [0]= 504 [1]= 466 [2]= 460 [3]=   0 [4]=   0 [5]=   0 [6]=   0 [7]=   0 [8]=   0 [9]=   0 [10]=   0 [11]=   0 
before (DPU 84) [0]= 462 [1]= 451 [2]= 449 [3]=   0 [4]=   0 [5]=   0 [6]=   0 [7]=   0 [8]=   0 [9]=   0 [10]=   0 [11]=   0 
after  (DPU 84) [0]= 462 [1]= 451 [2]= 449 [3]=   0 [4]=   0 [5]=   0 [6]=   0 [7]=   0 [8]=   0 [9]=   0 [10]=   0 [11]=   0 
before (DPU 85) [0]= 448 [1]= 453 [2]= 485 [3]=   0 [4]=   0 [5]=   0 [6]=   0 [7]=   0 [8]=   0 [9]=   0 [10]=   0 [11]=   0 
after  (DPU 85) [0]= 448 [1]= 453 [2]= 485 [3]=   0 [4]=   0 [5]=   0 [6]=   0 [7]=   0 [8]=   0 [9]=   0 [10]=   0 [11]=   0 
before (DPU 86) [0]= 467 [1]= 420 [2]= 438 [3]=   0 [4]=   0 [5]=   0 [6]=   0 [7]=   0 [8]=   0 [9]=   0 [10]=   0 [11]=   0 
after  (DPU 86) [0]= 467 [1]= 420 [2]= 438 [3]=   0 [4]=   0 [5]=   0 [6]=   0 [7]=   0 [8]=   0 [9]=   0 [10]=   0 [11]=   0 
before (DPU 87) [0]= 453 [1]= 415 [2]= 469 [3]=   0 [4]=   0 [5]=   0 [6]=   0 [7]=   0 [8]=   0 [9]=   0 [10]=   0 [11]=   0 
after  (DPU 87) [0]= 453 [1]= 415 [2]= 469 [3]=   0 [4]=   0 [5]=   0 [6]=   0 [7]=   0 [8]=   0 [9]=   0 [10]=   0 [11]=   0 
before (DPU 88) [0]= 439 [1]= 468 [2]= 445 [3]=   0 [4]=   0 [5]=   0 [6]=   0 [7]=   0 [8]=   0 [9]=   0 [10]=   0 [11]=   0 
after  (DPU 88) [0]= 439 [1]= 468 [2]= 445 [3]=   0 [4]=   0 [5]=   0 [6]=   0 [7]=   0 [8]=   0 [9]=   0 [10]=   0 [11]=   0 
before (DPU 89) [0]= 486 [1]= 439 [2]= 430 [3]=   0 [4]=   0 [5]=   0 [6]=   0 [7]=   0 [8]=   0 [9]=   0 [10]=   0 [11]=   0 
after  (DPU 89) [0]= 486 [1]= 439 [2]= 430 [3]=   0 [4]=   0 [5]=   0 [6]=   0 [7]=   0 [8]=   0 [9]=   0 [10]=   0 [11]=   0 
before (DPU 90) [0]= 447 [1]= 445 [2]= 444 [3]=   0 [4]=   0 [5]=   0 [6]=   0 [7]=   0 [8]=   0 [9]=   0 [10]=   0 [11]=   0 
after  (DPU 90) [0]= 447 [1]= 445 [2]= 444 [3]=   0 [4]=   0 [5]=   0 [6]=   0 [7]=   0 [8]=   0 [9]=   0 [10]=   0 [11]=   0 
before (DPU 91) [0]= 493 [1]= 464 [2]= 456 [3]=   0 [4]=   0 [5]=   0 [6]=   0 [7]=   0 [8]=   0 [9]=   0 [10]=   0 [11]=   0 
after  (DPU 91) [0]= 493 [1]= 464 [2]= 456 [3]=   0 [4]=   0 [5]=   0 [6]=   0 [7]=   0 [8]=   0 [9]=   0 [10]=   0 [11]=   0 
before (DPU 92) [0]= 449 [1]= 428 [2]= 429 [3]=   0 [4]=   0 [5]=   0 [6]=   0 [7]=   0 [8]=   0 [9]=   0 [10]=   0 [11]=   0 
after  (DPU 92) [0]= 449 [1]= 428 [2]= 429 [3]=   0 [4]=   0 [5]=   0 [6]=   0 [7]=   0 [8]=   0 [9]=   0 [10]=   0 [11]=   0 
before (DPU 93) [0]= 426 [1]= 423 [2]= 425 [3]=   0 [4]=   0 [5]=   0 [6]=   0 [7]=   0 [8]=   0 [9]=   0 [10]=   0 [11]=   0 
after  (DPU 93) [0]= 426 [1]= 423 [2]= 425 [3]=   0 [4]=   0 [5]=   0 [6]=   0 [7]=   0 [8]=   0 [9]=   0 [10]=   0 [11]=   0 
before (DPU 94) [0]= 459 [1]= 435 [2]= 431 [3]=   0 [4]=   0 [5]=   0 [6]=   0 [7]=   0 [8]=   0 [9]=   0 [10]=   0 [11]=   0 
after  (DPU 94) [0]= 459 [1]= 435 [2]= 431 [3]=   0 [4]=   0 [5]=   0 [6]=   0 [7]=   0 [8]=   0 [9]=   0 [10]=   0 [11]=   0 
before (DPU 95) [0]= 423 [1]= 454 [2]= 408 [3]=   0 [4]=   0 [5]=   0 [6]=   0 [7]=   0 [8]=   0 [9]=   0 [10]=   0 [11]=   0 
after  (DPU 95) [0]= 423 [1]= 454 [2]= 408 [3]=   0 [4]=   0 [5]=   0 [6]=   0 [7]=   0 [8]=   0 [9]=   0 [10]=   0 [11]=   0 
before (DPU 96) [0]= 402 [1]= 436 [2]= 457 [3]=   0 [4]=   0 [5]=   0 [6]=   0 [7]=   0 [8]=   0 [9]=   0 [10]=   0 [11]=   0 
after  (DPU 96) [0]= 402 [1]= 436 [2]= 457 [3]=   0 [4]=   0 [5]=   0 [6]=   0 [7]=   0 [8]=   0 [9]=   0 [10]=   0 [11]=   0 
before (DPU 97) [0]= 450 [1]= 421 [2]= 409 [3]=   0 [4]=   0 [5]=   0 [6]=   0 [7]=   0 [8]=   0 [9]=   0 [10]=   0 [11]=   0 
after  (DPU 97) [0]= 450 [1]= 421 [2]= 409 [3]=   0 [4]=   0 [5]=   0 [6]=   0 [7]=   0 [8]=   0 [9]=   0 [10]=   0 [11]=   0 
before (DPU 98) [0]= 400 [1]= 432 [2]= 404 [3]=   0 [4]=   0 [5]=   0 [6]=   0 [7]=   0 [8]=   0 [9]=   0 [10]=   0 [11]=   0 
after  (DPU 98) [0]= 400 [1]= 432 [2]= 404 [3]=   0 [4]=   0 [5]=   0 [6]=   0 [7]=   0 [8]=   0 [9]=   0 [10]=   0 [11]=   0 
before (DPU 99) [0]= 409 [1]= 379 [2]= 416 [3]=   0 [4]=   0 [5]=   0 [6]=   0 [7]=   0 [8]=   0 [9]=   0 [10]=   0 [11]=   0 
after  (DPU 99) [0]= 409 [1]= 379 [2]= 416 [3]=   0 [4]=   0 [5]=   0 [6]=   0 [7]=   0 [8]=   0 [9]=   0 [10]=   0 [11]=   0 
before (DPU 100) [0]= 413 [1]= 418 [2]= 389 [3]=   0 [4]=   0 [5]=   0 [6]=   0 [7]=   0 [8]=   0 [9]=   0 [10]=   0 [11]=   0 
after  (DPU 100) [0]= 413 [1]= 418 [2]= 389 [3]=   0 [4]=   0 [5]=   0 [6]=   0 [7]=   0 [8]=   0 [9]=   0 [10]=   0 [11]=   0 
before (DPU 101) [0]= 375 [1]= 419 [2]= 413 [3]=   0 [4]=   0 [5]=   0 [6]=   0 [7]=   0 [8]=   0 [9]=   0 [10]=   0 [11]=   0 
after  (DPU 101) [0]= 375 [1]= 419 [2]= 413 [3]=   0 [4]=   0 [5]=   0 [6]=   0 [7]=   0 [8]=   0 [9]=   0 [10]=   0 [11]=   0 
before (DPU 102) [0]= 374 [1]= 395 [2]= 423 [3]=   0 [4]=   0 [5]=   0 [6]=   0 [7]=   0 [8]=   0 [9]=   0 [10]=   0 [11]=   0 
after  (DPU 102) [0]= 374 [1]= 395 [2]= 423 [3]=   0 [4]=   0 [5]=   0 [6]=   0 [7]=   0 [8]=   0 [9]=   0 [10]=   0 [11]=   0 
before (DPU 103) [0]= 371 [1]= 376 [2]= 363 [3]=   0 [4]=   0 [5]=   0 [6]=   0 [7]=   0 [8]=   0 [9]=   0 [10]=   0 [11]=   0 
after  (DPU 103) [0]= 371 [1]= 376 [2]= 363 [3]=   0 [4]=   0 [5]=   0 [6]=   0 [7]=   0 [8]=   0 [9]=   0 [10]=   0 [11]=   0 
before (DPU 104) [0]= 366 [1]= 399 [2]= 370 [3]=   0 [4]=   0 [5]=   0 [6]=   0 [7]=   0 [8]=   0 [9]=   0 [10]=   0 [11]=   0 
after  (DPU 104) [0]= 366 [1]= 399 [2]= 370 [3]=   0 [4]=   0 [5]=   0 [6]=   0 [7]=   0 [8]=   0 [9]=   0 [10]=   0 [11]=   0 
before (DPU 105) [0]= 365 [1]= 409 [2]= 391 [3]=   0 [4]=   0 [5]=   0 [6]=   0 [7]=   0 [8]=   0 [9]=   0 [10]=   0 [11]=   0 
after  (DPU 105) [0]= 365 [1]= 409 [2]= 391 [3]=   0 [4]=   0 [5]=   0 [6]=   0 [7]=   0 [8]=   0 [9]=   0 [10]=   0 [11]=   0 
before (DPU 106) [0]= 380 [1]= 382 [2]= 374 [3]=   0 [4]=   0 [5]=   0 [6]=   0 [7]=   0 [8]=   0 [9]=   0 [10]=   0 [11]=   0 
after  (DPU 106) [0]= 380 [1]= 382 [2]= 374 [3]=   0 [4]=   0 [5]=   0 [6]=   0 [7]=   0 [8]=   0 [9]=   0 [10]=   0 [11]=   0 
before (DPU 107) [0]= 368 [1]= 400 [2]= 404 [3]=   0 [4]=   0 [5]=   0 [6]=   0 [7]=   0 [8]=   0 [9]=   0 [10]=   0 [11]=   0 
after  (DPU 107) [0]= 368 [1]= 400 [2]= 404 [3]=   0 [4]=   0 [5]=   0 [6]=   0 [7]=   0 [8]=   0 [9]=   0 [10]=   0 [11]=   0 
before (DPU 108) [0]= 364 [1]= 374 [2]= 348 [3]=   0 [4]=   0 [5]=   0 [6]=   0 [7]=   0 [8]=   0 [9]=   0 [10]=   0 [11]=   0 
after  (DPU 108) [0]= 364 [1]= 374 [2]= 348 [3]=   0 [4]=   0 [5]=   0 [6]=   0 [7]=   0 [8]=   0 [9]=   0 [10]=   0 [11]=   0 
before (DPU 109) [0]= 370 [1]= 365 [2]= 370 [3]=   0 [4]=   0 [5]=   0 [6]=   0 [7]=   0 [8]=   0 [9]=   0 [10]=   0 [11]=   0 
after  (DPU 109) [0]= 370 [1]= 365 [2]= 370 [3]=   0 [4]=   0 [5]=   0 [6]=   0 [7]=   0 [8]=   0 [9]=   0 [10]=   0 [11]=   0 
before (DPU 110) [0]= 357 [1]= 401 [2]= 364 [3]=   0 [4]=   0 [5]=   0 [6]=   0 [7]=   0 [8]=   0 [9]=   0 [10]=   0 [11]=   0 
after  (DPU 110) [0]= 357 [1]= 401 [2]= 364 [3]=   0 [4]=   0 [5]=   0 [6]=   0 [7]=   0 [8]=   0 [9]=   0 [10]=   0 [11]=   0 
before (DPU 111) [0]= 391 [1]= 357 [2]= 376 [3]=   0 [4]=   0 [5]=   0 [6]=   0 [7]=   0 [8]=   0 [9]=   0 [10]=   0 [11]=   0 
after  (DPU 111) [0]= 391 [1]= 357 [2]= 376 [3]=   0 [4]=   0 [5]=   0 [6]=   0 [7]=   0 [8]=   0 [9]=   0 [10]=   0 [11]=   0 
before (DPU 112) [0]= 394 [1]= 335 [2]= 329 [3]=   0 [4]=   0 [5]=   0 [6]=   0 [7]=   0 [8]=   0 [9]=   0 [10]=   0 [11]=   0 
after  (DPU 112) [0]= 394 [1]= 335 [2]= 329 [3]=   0 [4]=   0 [5]=   0 [6]=   0 [7]=   0 [8]=   0 [9]=   0 [10]=   0 [11]=   0 
before (DPU 113) [0]= 370 [1]= 358 [2]= 341 [3]=   0 [4]=   0 [5]=   0 [6]=   0 [7]=   0 [8]=   0 [9]=   0 [10]=   0 [11]=   0 
after  (DPU 113) [0]= 370 [1]= 358 [2]= 341 [3]=   0 [4]=   0 [5]=   0 [6]=   0 [7]=   0 [8]=   0 [9]=   0 [10]=   0 [11]=   0 
before (DPU 114) [0]= 364 [1]= 327 [2]= 372 [3]=   0 [4]=   0 [5]=   0 [6]=   0 [7]=   0 [8]=   0 [9]=   0 [10]=   0 [11]=   0 
after  (DPU 114) [0]= 364 [1]= 327 [2]= 372 [3]=   0 [4]=   0 [5]=   0 [6]=   0 [7]=   0 [8]=   0 [9]=   0 [10]=   0 [11]=   0 
before (DPU 115) [0]= 369 [1]= 361 [2]= 346 [3]=   0 [4]=   0 [5]=   0 [6]=   0 [7]=   0 [8]=   0 [9]=   0 [10]=   0 [11]=   0 
after  (DPU 115) [0]= 369 [1]= 361 [2]= 346 [3]=   0 [4]=   0 [5]=   0 [6]=   0 [7]=   0 [8]=   0 [9]=   0 [10]=   0 [11]=   0 
before (DPU 116) [0]= 368 [1]= 376 [2]= 337 [3]=   0 [4]=   0 [5]=   0 [6]=   0 [7]=   0 [8]=   0 [9]=   0 [10]=   0 [11]=   0 
after  (DPU 116) [0]= 368 [1]= 376 [2]= 337 [3]=   0 [4]=   0 [5]=   0 [6]=   0 [7]=   0 [8]=   0 [9]=   0 [10]=   0 [11]=   0 
before (DPU 117) [0]= 317 [1]= 351 [2]= 331 [3]=   0 [4]=   0 [5]=   0 [6]=   0 [7]=   0 [8]=   0 [9]=   0 [10]=   0 [11]=   0 
after  (DPU 117) [0]= 317 [1]= 351 [2]= 331 [3]=   0 [4]=   0 [5]=   0 [6]=   0 [7]=   0 [8]=   0 [9]=   0 [10]=   0 [11]=   0 
before (DPU 118) [0]= 334 [1]= 311 [2]= 331 [3]=   0 [4]=   0 [5]=   0 [6]=   0 [7]=   0 [8]=   0 [9]=   0 [10]=   0 [11]=   0 
after  (DPU 118) [0]= 334 [1]= 311 [2]= 331 [3]=   0 [4]=   0 [5]=   0 [6]=   0 [7]=   0 [8]=   0 [9]=   0 [10]=   0 [11]=   0 
before (DPU 119) [0]= 334 [1]= 345 [2]= 319 [3]=   0 [4]=   0 [5]=   0 [6]=   0 [7]=   0 [8]=   0 [9]=   0 [10]=   0 [11]=   0 
after  (DPU 119) [0]= 334 [1]= 345 [2]= 319 [3]=   0 [4]=   0 [5]=   0 [6]=   0 [7]=   0 [8]=   0 [9]=   0 [10]=   0 [11]=   0 
before (DPU 120) [0]= 338 [1]= 353 [2]= 342 [3]=   0 [4]=   0 [5]=   0 [6]=   0 [7]=   0 [8]=   0 [9]=   0 [10]=   0 [11]=   0 
after  (DPU 120) [0]= 338 [1]= 353 [2]= 342 [3]=   0 [4]=   0 [5]=   0 [6]=   0 [7]=   0 [8]=   0 [9]=   0 [10]=   0 [11]=   0 
before (DPU 121) [0]= 354 [1]= 356 [2]= 341 [3]=   0 [4]=   0 [5]=   0 [6]=   0 [7]=   0 [8]=   0 [9]=   0 [10]=   0 [11]=   0 
after  (DPU 121) [0]= 354 [1]= 356 [2]= 341 [3]=   0 [4]=   0 [5]=   0 [6]=   0 [7]=   0 [8]=   0 [9]=   0 [10]=   0 [11]=   0 
before (DPU 122) [0]= 316 [1]= 340 [2]= 335 [3]=   0 [4]=   0 [5]=   0 [6]=   0 [7]=   0 [8]=   0 [9]=   0 [10]=   0 [11]=   0 
after  (DPU 122) [0]= 316 [1]= 340 [2]= 335 [3]=   0 [4]=   0 [5]=   0 [6]=   0 [7]=   0 [8]=   0 [9]=   0 [10]=   0 [11]=   0 
before (DPU 123) [0]= 349 [1]= 308 [2]= 291 [3]=   0 [4]=   0 [5]=   0 [6]=   0 [7]=   0 [8]=   0 [9]=   0 [10]=   0 [11]=   0 
after  (DPU 123) [0]= 349 [1]= 308 [2]= 291 [3]=   0 [4]=   0 [5]=   0 [6]=   0 [7]=   0 [8]=   0 [9]=   0 [10]=   0 [11]=   0 
before (DPU 124) [0]= 319 [1]= 335 [2]= 302 [3]=   0 [4]=   0 [5]=   0 [6]=   0 [7]=   0 [8]=   0 [9]=   0 [10]=   0 [11]=   0 
after  (DPU 124) [0]= 319 [1]= 335 [2]= 302 [3]=   0 [4]=   0 [5]=   0 [6]=   0 [7]=   0 [8]=   0 [9]=   0 [10]=   0 [11]=   0 
before (DPU 125) [0]= 306 [1]= 306 [2]= 333 [3]=   0 [4]=   0 [5]=   0 [6]=   0 [7]=   0 [8]=   0 [9]=   0 [10]=   0 [11]=   0 
after  (DPU 125) [0]= 306 [1]= 306 [2]= 333 [3]=   0 [4]=   0 [5]=   0 [6]=   0 [7]=   0 [8]=   0 [9]=   0 [10]=   0 [11]=   0 
before (DPU 126) [0]= 313 [1]= 307 [2]= 284 [3]=   0 [4]=   0 [5]=   0 [6]=   0 [7]=   0 [8]=   0 [9]=   0 [10]=   0 [11]=   0 
after  (DPU 126) [0]= 313 [1]= 307 [2]= 284 [3]=   0 [4]=   0 [5]=   0 [6]=   0 [7]=   0 [8]=   0 [9]=   0 [10]=   0 [11]=   0 
before (DPU 127) [0]= 332 [1]= 290 [2]= 324 [3]=   0 [4]=   0 [5]=   0 [6]=   0 [7]=   0 [8]=   0 [9]=   0 [10]=   0 [11]=   0 
after  (DPU 127) [0]= 332 [1]= 290 [2]= 324 [3]=   0 [4]=   0 [5]=   0 [6]=   0 [7]=   0 [8]=   0 [9]=   0 [10]=   0 [11]=   0 
before (DPU 128) [0]= 288 [1]= 309 [2]= 319 [3]=   0 [4]=   0 [5]=   0 [6]=   0 [7]=   0 [8]=   0 [9]=   0 [10]=   0 [11]=   0 
after  (DPU 128) [0]= 288 [1]= 309 [2]= 319 [3]=   0 [4]=   0 [5]=   0 [6]=   0 [7]=   0 [8]=   0 [9]=   0 [10]=   0 [11]=   0 
before (DPU 129) [0]= 346 [1]= 345 [2]= 334 [3]=   0 [4]=   0 [5]=   0 [6]=   0 [7]=   0 [8]=   0 [9]=   0 [10]=   0 [11]=   0 
after  (DPU 129) [0]= 346 [1]= 345 [2]= 334 [3]=   0 [4]=   0 [5]=   0 [6]=   0 [7]=   0 [8]=   0 [9]=   0 [10]=   0 [11]=   0 
before (DPU 130) [0]= 264 [1]= 340 [2]= 311 [3]=   0 [4]=   0 [5]=   0 [6]=   0 [7]=   0 [8]=   0 [9]=   0 [10]=   0 [11]=   0 
after  (DPU 130) [0]= 264 [1]= 340 [2]= 311 [3]=   0 [4]=   0 [5]=   0 [6]=   0 [7]=   0 [8]=   0 [9]=   0 [10]=   0 [11]=   0 
before (DPU 131) [0]= 302 [1]= 315 [2]= 304 [3]=   0 [4]=   0 [5]=   0 [6]=   0 [7]=   0 [8]=   0 [9]=   0 [10]=   0 [11]=   0 
after  (DPU 131) [0]= 302 [1]= 315 [2]= 304 [3]=   0 [4]=   0 [5]=   0 [6]=   0 [7]=   0 [8]=   0 [9]=   0 [10]=   0 [11]=   0 
before (DPU 132) [0]= 300 [1]= 303 [2]= 325 [3]=   0 [4]=   0 [5]=   0 [6]=   0 [7]=   0 [8]=   0 [9]=   0 [10]=   0 [11]=   0 
after  (DPU 132) [0]= 300 [1]= 303 [2]= 325 [3]=   0 [4]=   0 [5]=   0 [6]=   0 [7]=   0 [8]=   0 [9]=   0 [10]=   0 [11]=   0 
before (DPU 133) [0]= 295 [1]= 318 [2]= 290 [3]=   0 [4]=   0 [5]=   0 [6]=   0 [7]=   0 [8]=   0 [9]=   0 [10]=   0 [11]=   0 
after  (DPU 133) [0]= 295 [1]= 318 [2]= 290 [3]=   0 [4]=   0 [5]=   0 [6]=   0 [7]=   0 [8]=   0 [9]=   0 [10]=   0 [11]=   0 
before (DPU 134) [0]= 279 [1]= 303 [2]= 314 [3]=   0 [4]=   0 [5]=   0 [6]=   0 [7]=   0 [8]=   0 [9]=   0 [10]=   0 [11]=   0 
after  (DPU 134) [0]= 279 [1]= 303 [2]= 314 [3]=   0 [4]=   0 [5]=   0 [6]=   0 [7]=   0 [8]=   0 [9]=   0 [10]=   0 [11]=   0 
before (DPU 135) [0]= 312 [1]= 262 [2]= 290 [3]=   0 [4]=   0 [5]=   0 [6]=   0 [7]=   0 [8]=   0 [9]=   0 [10]=   0 [11]=   0 
after  (DPU 135) [0]= 312 [1]= 262 [2]= 290 [3]=   0 [4]=   0 [5]=   0 [6]=   0 [7]=   0 [8]=   0 [9]=   0 [10]=   0 [11]=   0 
before (DPU 136) [0]= 291 [1]= 268 [2]= 281 [3]=   0 [4]=   0 [5]=   0 [6]=   0 [7]=   0 [8]=   0 [9]=   0 [10]=   0 [11]=   0 
after  (DPU 136) [0]= 291 [1]= 268 [2]= 281 [3]=   0 [4]=   0 [5]=   0 [6]=   0 [7]=   0 [8]=   0 [9]=   0 [10]=   0 [11]=   0 
before (DPU 137) [0]= 335 [1]= 315 [2]= 282 [3]=   0 [4]=   0 [5]=   0 [6]=   0 [7]=   0 [8]=   0 [9]=   0 [10]=   0 [11]=   0 
after  (DPU 137) [0]= 335 [1]= 315 [2]= 282 [3]=   0 [4]=   0 [5]=   0 [6]=   0 [7]=   0 [8]=   0 [9]=   0 [10]=   0 [11]=   0 
before (DPU 138) [0]= 308 [1]= 274 [2]= 302 [3]=   0 [4]=   0 [5]=   0 [6]=   0 [7]=   0 [8]=   0 [9]=   0 [10]=   0 [11]=   0 
after  (DPU 138) [0]= 308 [1]= 274 [2]= 302 [3]=   0 [4]=   0 [5]=   0 [6]=   0 [7]=   0 [8]=   0 [9]=   0 [10]=   0 [11]=   0 
before (DPU 139) [0]= 282 [1]= 267 [2]= 253 [3]=   0 [4]=   0 [5]=   0 [6]=   0 [7]=   0 [8]=   0 [9]=   0 [10]=   0 [11]=   0 
after  (DPU 139) [0]= 282 [1]= 267 [2]= 253 [3]=   0 [4]=   0 [5]=   0 [6]=   0 [7]=   0 [8]=   0 [9]=   0 [10]=   0 [11]=   0 
before (DPU 140) [0]= 277 [1]= 257 [2]= 278 [3]=   0 [4]=   0 [5]=   0 [6]=   0 [7]=   0 [8]=   0 [9]=   0 [10]=   0 [11]=   0 
after  (DPU 140) [0]= 277 [1]= 257 [2]= 278 [3]=   0 [4]=   0 [5]=   0 [6]=   0 [7]=   0 [8]=   0 [9]=   0 [10]=   0 [11]=   0 
before (DPU 141) [0]= 311 [1]= 285 [2]= 285 [3]=   0 [4]=   0 [5]=   0 [6]=   0 [7]=   0 [8]=   0 [9]=   0 [10]=   0 [11]=   0 
after  (DPU 141) [0]= 311 [1]= 285 [2]= 285 [3]=   0 [4]=   0 [5]=   0 [6]=   0 [7]=   0 [8]=   0 [9]=   0 [10]=   0 [11]=   0 
before (DPU 142) [0]= 314 [1]= 318 [2]= 290 [3]=   0 [4]=   0 [5]=   0 [6]=   0 [7]=   0 [8]=   0 [9]=   0 [10]=   0 [11]=   0 
after  (DPU 142) [0]= 314 [1]= 318 [2]= 290 [3]=   0 [4]=   0 [5]=   0 [6]=   0 [7]=   0 [8]=   0 [9]=   0 [10]=   0 [11]=   0 
before (DPU 143) [0]= 275 [1]= 307 [2]= 286 [3]=   0 [4]=   0 [5]=   0 [6]=   0 [7]=   0 [8]=   0 [9]=   0 [10]=   0 [11]=   0 
after  (DPU 143) [0]= 275 [1]= 307 [2]= 286 [3]=   0 [4]=   0 [5]=   0 [6]=   0 [7]=   0 [8]=   0 [9]=   0 [10]=   0 [11]=   0 
before (DPU 144) [0]= 282 [1]= 258 [2]= 285 [3]=   0 [4]=   0 [5]=   0 [6]=   0 [7]=   0 [8]=   0 [9]=   0 [10]=   0 [11]=   0 
after  (DPU 144) [0]= 282 [1]= 258 [2]= 285 [3]=   0 [4]=   0 [5]=   0 [6]=   0 [7]=   0 [8]=   0 [9]=   0 [10]=   0 [11]=   0 
before (DPU 145) [0]= 266 [1]= 303 [2]= 280 [3]=   0 [4]=   0 [5]=   0 [6]=   0 [7]=   0 [8]=   0 [9]=   0 [10]=   0 [11]=   0 
after  (DPU 145) [0]= 266 [1]= 303 [2]= 280 [3]=   0 [4]=   0 [5]=   0 [6]=   0 [7]=   0 [8]=   0 [9]=   0 [10]=   0 [11]=   0 
before (DPU 146) [0]= 293 [1]= 296 [2]= 261 [3]=   0 [4]=   0 [5]=   0 [6]=   0 [7]=   0 [8]=   0 [9]=   0 [10]=   0 [11]=   0 
after  (DPU 146) [0]= 293 [1]= 296 [2]= 261 [3]=   0 [4]=   0 [5]=   0 [6]=   0 [7]=   0 [8]=   0 [9]=   0 [10]=   0 [11]=   0 
before (DPU 147) [0]= 283 [1]= 290 [2]= 303 [3]=   0 [4]=   0 [5]=   0 [6]=   0 [7]=   0 [8]=   0 [9]=   0 [10]=   0 [11]=   0 
after  (DPU 147) [0]= 283 [1]= 290 [2]= 303 [3]=   0 [4]=   0 [5]=   0 [6]=   0 [7]=   0 [8]=   0 [9]=   0 [10]=   0 [11]=   0 
before (DPU 148) [0]= 262 [1]= 245 [2]= 268 [3]=   0 [4]=   0 [5]=   0 [6]=   0 [7]=   0 [8]=   0 [9]=   0 [10]=   0 [11]=   0 
after  (DPU 148) [0]= 262 [1]= 245 [2]= 268 [3]=   0 [4]=   0 [5]=   0 [6]=   0 [7]=   0 [8]=   0 [9]=   0 [10]=   0 [11]=   0 
before (DPU 149) [0]= 291 [1]= 306 [2]= 265 [3]=   0 [4]=   0 [5]=   0 [6]=   0 [7]=   0 [8]=   0 [9]=   0 [10]=   0 [11]=   0 
after  (DPU 149) [0]= 291 [1]= 306 [2]= 265 [3]=   0 [4]=   0 [5]=   0 [6]=   0 [7]=   0 [8]=   0 [9]=   0 [10]=   0 [11]=   0 
before (DPU 150) [0]= 262 [1]= 285 [2]= 281 [3]=   0 [4]=   0 [5]=   0 [6]=   0 [7]=   0 [8]=   0 [9]=   0 [10]=   0 [11]=   0 
after  (DPU 150) [0]= 262 [1]= 285 [2]= 281 [3]=   0 [4]=   0 [5]=   0 [6]=   0 [7]=   0 [8]=   0 [9]=   0 [10]=   0 [11]=   0 
before (DPU 151) [0]= 269 [1]= 277 [2]= 302 [3]=   0 [4]=   0 [5]=   0 [6]=   0 [7]=   0 [8]=   0 [9]=   0 [10]=   0 [11]=   0 
after  (DPU 151) [0]= 269 [1]= 277 [2]= 302 [3]=   0 [4]=   0 [5]=   0 [6]=   0 [7]=   0 [8]=   0 [9]=   0 [10]=   0 [11]=   0 
before (DPU 152) [0]= 262 [1]= 268 [2]= 265 [3]=   0 [4]=   0 [5]=   0 [6]=   0 [7]=   0 [8]=   0 [9]=   0 [10]=   0 [11]=   0 
after  (DPU 152) [0]= 262 [1]= 268 [2]= 265 [3]=   0 [4]=   0 [5]=   0 [6]=   0 [7]=   0 [8]=   0 [9]=   0 [10]=   0 [11]=   0 
before (DPU 153) [0]= 255 [1]= 270 [2]= 250 [3]=   0 [4]=   0 [5]=   0 [6]=   0 [7]=   0 [8]=   0 [9]=   0 [10]=   0 [11]=   0 
after  (DPU 153) [0]= 255 [1]= 270 [2]= 250 [3]=   0 [4]=   0 [5]=   0 [6]=   0 [7]=   0 [8]=   0 [9]=   0 [10]=   0 [11]=   0 
before (DPU 154) [0]= 275 [1]= 244 [2]= 249 [3]=   0 [4]=   0 [5]=   0 [6]=   0 [7]=   0 [8]=   0 [9]=   0 [10]=   0 [11]=   0 
after  (DPU 154) [0]= 275 [1]= 244 [2]= 249 [3]=   0 [4]=   0 [5]=   0 [6]=   0 [7]=   0 [8]=   0 [9]=   0 [10]=   0 [11]=   0 
before (DPU 155) [0]= 266 [1]= 313 [2]= 253 [3]=   0 [4]=   0 [5]=   0 [6]=   0 [7]=   0 [8]=   0 [9]=   0 [10]=   0 [11]=   0 
after  (DPU 155) [0]= 266 [1]= 313 [2]= 253 [3]=   0 [4]=   0 [5]=   0 [6]=   0 [7]=   0 [8]=   0 [9]=   0 [10]=   0 [11]=   0 
before (DPU 156) [0]= 272 [1]= 283 [2]= 241 [3]=   0 [4]=   0 [5]=   0 [6]=   0 [7]=   0 [8]=   0 [9]=   0 [10]=   0 [11]=   0 
after  (DPU 156) [0]= 272 [1]= 283 [2]= 241 [3]=   0 [4]=   0 [5]=   0 [6]=   0 [7]=   0 [8]=   0 [9]=   0 [10]=   0 [11]=   0 
before (DPU 157) [0]= 259 [1]= 270 [2]= 259 [3]=   0 [4]=   0 [5]=   0 [6]=   0 [7]=   0 [8]=   0 [9]=   0 [10]=   0 [11]=   0 
after  (DPU 157) [0]= 259 [1]= 270 [2]= 259 [3]=   0 [4]=   0 [5]=   0 [6]=   0 [7]=   0 [8]=   0 [9]=   0 [10]=   0 [11]=   0 
before (DPU 158) [0]= 236 [1]= 237 [2]= 266 [3]=   0 [4]=   0 [5]=   0 [6]=   0 [7]=   0 [8]=   0 [9]=   0 [10]=   0 [11]=   0 
after  (DPU 158) [0]= 236 [1]= 237 [2]= 266 [3]=   0 [4]=   0 [5]=   0 [6]=   0 [7]=   0 [8]=   0 [9]=   0 [10]=   0 [11]=   0 
before (DPU 159) [0]= 232 [1]= 250 [2]= 221 [3]=   0 [4]=   0 [5]=   0 [6]=   0 [7]=   0 [8]=   0 [9]=   0 [10]=   0 [11]=   0 
after  (DPU 159) [0]= 232 [1]= 250 [2]= 221 [3]=   0 [4]=   0 [5]=   0 [6]=   0 [7]=   0 [8]=   0 [9]=   0 [10]=   0 [11]=   0 
before (DPU 160) [0]= 282 [1]= 238 [2]= 263 [3]=   0 [4]=   0 [5]=   0 [6]=   0 [7]=   0 [8]=   0 [9]=   0 [10]=   0 [11]=   0 
after  (DPU 160) [0]= 282 [1]= 238 [2]= 263 [3]=   0 [4]=   0 [5]=   0 [6]=   0 [7]=   0 [8]=   0 [9]=   0 [10]=   0 [11]=   0 
before (DPU 161) [0]= 253 [1]= 242 [2]= 272 [3]=   0 [4]=   0 [5]=   0 [6]=   0 [7]=   0 [8]=   0 [9]=   0 [10]=   0 [11]=   0 
after  (DPU 161) [0]= 253 [1]= 242 [2]= 272 [3]=   0 [4]=   0 [5]=   0 [6]=   0 [7]=   0 [8]=   0 [9]=   0 [10]=   0 [11]=   0 
before (DPU 162) [0]= 236 [1]= 238 [2]= 252 [3]=   0 [4]=   0 [5]=   0 [6]=   0 [7]=   0 [8]=   0 [9]=   0 [10]=   0 [11]=   0 
after  (DPU 162) [0]= 236 [1]= 238 [2]= 252 [3]=   0 [4]=   0 [5]=   0 [6]=   0 [7]=   0 [8]=   0 [9]=   0 [10]=   0 [11]=   0 
before (DPU 163) [0]= 234 [1]= 209 [2]= 276 [3]=   0 [4]=   0 [5]=   0 [6]=   0 [7]=   0 [8]=   0 [9]=   0 [10]=   0 [11]=   0 
after  (DPU 163) [0]= 234 [1]= 209 [2]= 276 [3]=   0 [4]=   0 [5]=   0 [6]=   0 [7]=   0 [8]=   0 [9]=   0 [10]=   0 [11]=   0 
before (DPU 164) [0]= 266 [1]= 227 [2]= 254 [3]=   0 [4]=   0 [5]=   0 [6]=   0 [7]=   0 [8]=   0 [9]=   0 [10]=   0 [11]=   0 
after  (DPU 164) [0]= 266 [1]= 227 [2]= 254 [3]=   0 [4]=   0 [5]=   0 [6]=   0 [7]=   0 [8]=   0 [9]=   0 [10]=   0 [11]=   0 
before (DPU 165) [0]= 267 [1]= 267 [2]= 247 [3]=   0 [4]=   0 [5]=   0 [6]=   0 [7]=   0 [8]=   0 [9]=   0 [10]=   0 [11]=   0 
after  (DPU 165) [0]= 267 [1]= 267 [2]= 247 [3]=   0 [4]=   0 [5]=   0 [6]=   0 [7]=   0 [8]=   0 [9]=   0 [10]=   0 [11]=   0 
before (DPU 166) [0]= 264 [1]= 256 [2]= 279 [3]=   0 [4]=   0 [5]=   0 [6]=   0 [7]=   0 [8]=   0 [9]=   0 [10]=   0 [11]=   0 
after  (DPU 166) [0]= 264 [1]= 256 [2]= 279 [3]=   0 [4]=   0 [5]=   0 [6]=   0 [7]=   0 [8]=   0 [9]=   0 [10]=   0 [11]=   0 
before (DPU 167) [0]= 274 [1]= 237 [2]= 249 [3]=   0 [4]=   0 [5]=   0 [6]=   0 [7]=   0 [8]=   0 [9]=   0 [10]=   0 [11]=   0 
after  (DPU 167) [0]= 274 [1]= 237 [2]= 249 [3]=   0 [4]=   0 [5]=   0 [6]=   0 [7]=   0 [8]=   0 [9]=   0 [10]=   0 [11]=   0 
before (DPU 168) [0]= 254 [1]= 221 [2]= 219 [3]=   0 [4]=   0 [5]=   0 [6]=   0 [7]=   0 [8]=   0 [9]=   0 [10]=   0 [11]=   0 
after  (DPU 168) [0]= 254 [1]= 221 [2]= 219 [3]=   0 [4]=   0 [5]=   0 [6]=   0 [7]=   0 [8]=   0 [9]=   0 [10]=   0 [11]=   0 
before (DPU 169) [0]= 227 [1]= 223 [2]= 244 [3]=   0 [4]=   0 [5]=   0 [6]=   0 [7]=   0 [8]=   0 [9]=   0 [10]=   0 [11]=   0 
after  (DPU 169) [0]= 227 [1]= 223 [2]= 244 [3]=   0 [4]=   0 [5]=   0 [6]=   0 [7]=   0 [8]=   0 [9]=   0 [10]=   0 [11]=   0 
before (DPU 170) [0]= 238 [1]= 236 [2]= 231 [3]=   0 [4]=   0 [5]=   0 [6]=   0 [7]=   0 [8]=   0 [9]=   0 [10]=   0 [11]=   0 
after  (DPU 170) [0]= 238 [1]= 236 [2]= 231 [3]=   0 [4]=   0 [5]=   0 [6]=   0 [7]=   0 [8]=   0 [9]=   0 [10]=   0 [11]=   0 
before (DPU 171) [0]= 237 [1]= 236 [2]= 265 [3]=   0 [4]=   0 [5]=   0 [6]=   0 [7]=   0 [8]=   0 [9]=   0 [10]=   0 [11]=   0 
after  (DPU 171) [0]= 237 [1]= 236 [2]= 265 [3]=   0 [4]=   0 [5]=   0 [6]=   0 [7]=   0 [8]=   0 [9]=   0 [10]=   0 [11]=   0 
before (DPU 172) [0]= 236 [1]= 239 [2]= 241 [3]=   0 [4]=   0 [5]=   0 [6]=   0 [7]=   0 [8]=   0 [9]=   0 [10]=   0 [11]=   0 
after  (DPU 172) [0]= 236 [1]= 239 [2]= 241 [3]=   0 [4]=   0 [5]=   0 [6]=   0 [7]=   0 [8]=   0 [9]=   0 [10]=   0 [11]=   0 
before (DPU 173) [0]= 251 [1]= 255 [2]= 248 [3]=   0 [4]=   0 [5]=   0 [6]=   0 [7]=   0 [8]=   0 [9]=   0 [10]=   0 [11]=   0 
after  (DPU 173) [0]= 251 [1]= 255 [2]= 248 [3]=   0 [4]=   0 [5]=   0 [6]=   0 [7]=   0 [8]=   0 [9]=   0 [10]=   0 [11]=   0 
before (DPU 174) [0]= 223 [1]= 219 [2]= 231 [3]=   0 [4]=   0 [5]=   0 [6]=   0 [7]=   0 [8]=   0 [9]=   0 [10]=   0 [11]=   0 
after  (DPU 174) [0]= 223 [1]= 219 [2]= 231 [3]=   0 [4]=   0 [5]=   0 [6]=   0 [7]=   0 [8]=   0 [9]=   0 [10]=   0 [11]=   0 
before (DPU 175) [0]= 214 [1]= 224 [2]= 227 [3]=   0 [4]=   0 [5]=   0 [6]=   0 [7]=   0 [8]=   0 [9]=   0 [10]=   0 [11]=   0 
after  (DPU 175) [0]= 214 [1]= 224 [2]= 227 [3]=   0 [4]=   0 [5]=   0 [6]=   0 [7]=   0 [8]=   0 [9]=   0 [10]=   0 [11]=   0 
before (DPU 176) [0]= 200 [1]= 225 [2]= 231 [3]=   0 [4]=   0 [5]=   0 [6]=   0 [7]=   0 [8]=   0 [9]=   0 [10]=   0 [11]=   0 
after  (DPU 176) [0]= 200 [1]= 225 [2]= 231 [3]=   0 [4]=   0 [5]=   0 [6]=   0 [7]=   0 [8]=   0 [9]=   0 [10]=   0 [11]=   0 
before (DPU 177) [0]= 220 [1]= 227 [2]= 232 [3]=   0 [4]=   0 [5]=   0 [6]=   0 [7]=   0 [8]=   0 [9]=   0 [10]=   0 [11]=   0 
after  (DPU 177) [0]= 220 [1]= 227 [2]= 232 [3]=   0 [4]=   0 [5]=   0 [6]=   0 [7]=   0 [8]=   0 [9]=   0 [10]=   0 [11]=   0 
before (DPU 178) [0]= 195 [1]= 260 [2]= 229 [3]=   0 [4]=   0 [5]=   0 [6]=   0 [7]=   0 [8]=   0 [9]=   0 [10]=   0 [11]=   0 
after  (DPU 178) [0]= 195 [1]= 260 [2]= 229 [3]=   0 [4]=   0 [5]=   0 [6]=   0 [7]=   0 [8]=   0 [9]=   0 [10]=   0 [11]=   0 
before (DPU 179) [0]= 216 [1]= 226 [2]= 233 [3]=   0 [4]=   0 [5]=   0 [6]=   0 [7]=   0 [8]=   0 [9]=   0 [10]=   0 [11]=   0 
after  (DPU 179) [0]= 216 [1]= 226 [2]= 233 [3]=   0 [4]=   0 [5]=   0 [6]=   0 [7]=   0 [8]=   0 [9]=   0 [10]=   0 [11]=   0 
before (DPU 180) [0]= 245 [1]= 220 [2]= 233 [3]=   0 [4]=   0 [5]=   0 [6]=   0 [7]=   0 [8]=   0 [9]=   0 [10]=   0 [11]=   0 
after  (DPU 180) [0]= 245 [1]= 220 [2]= 233 [3]=   0 [4]=   0 [5]=   0 [6]=   0 [7]=   0 [8]=   0 [9]=   0 [10]=   0 [11]=   0 
before (DPU 181) [0]= 238 [1]= 215 [2]= 202 [3]=   0 [4]=   0 [5]=   0 [6]=   0 [7]=   0 [8]=   0 [9]=   0 [10]=   0 [11]=   0 
after  (DPU 181) [0]= 238 [1]= 215 [2]= 202 [3]=   0 [4]=   0 [5]=   0 [6]=   0 [7]=   0 [8]=   0 [9]=   0 [10]=   0 [11]=   0 
before (DPU 182) [0]= 227 [1]= 223 [2]= 223 [3]=   0 [4]=   0 [5]=   0 [6]=   0 [7]=   0 [8]=   0 [9]=   0 [10]=   0 [11]=   0 
after  (DPU 182) [0]= 227 [1]= 223 [2]= 223 [3]=   0 [4]=   0 [5]=   0 [6]=   0 [7]=   0 [8]=   0 [9]=   0 [10]=   0 [11]=   0 
before (DPU 183) [0]= 232 [1]= 242 [2]= 225 [3]=   0 [4]=   0 [5]=   0 [6]=   0 [7]=   0 [8]=   0 [9]=   0 [10]=   0 [11]=   0 
after  (DPU 183) [0]= 232 [1]= 242 [2]= 225 [3]=   0 [4]=   0 [5]=   0 [6]=   0 [7]=   0 [8]=   0 [9]=   0 [10]=   0 [11]=   0 
before (DPU 184) [0]= 238 [1]= 223 [2]= 249 [3]=   0 [4]=   0 [5]=   0 [6]=   0 [7]=   0 [8]=   0 [9]=   0 [10]=   0 [11]=   0 
after  (DPU 184) [0]= 238 [1]= 223 [2]= 249 [3]=   0 [4]=   0 [5]=   0 [6]=   0 [7]=   0 [8]=   0 [9]=   0 [10]=   0 [11]=   0 
before (DPU 185) [0]= 227 [1]= 218 [2]= 215 [3]=   0 [4]=   0 [5]=   0 [6]=   0 [7]=   0 [8]=   0 [9]=   0 [10]=   0 [11]=   0 
after  (DPU 185) [0]= 227 [1]= 218 [2]= 215 [3]=   0 [4]=   0 [5]=   0 [6]=   0 [7]=   0 [8]=   0 [9]=   0 [10]=   0 [11]=   0 
before (DPU 186) [0]= 202 [1]= 225 [2]= 193 [3]=   0 [4]=   0 [5]=   0 [6]=   0 [7]=   0 [8]=   0 [9]=   0 [10]=   0 [11]=   0 
after  (DPU 186) [0]= 202 [1]= 225 [2]= 193 [3]=   0 [4]=   0 [5]=   0 [6]=   0 [7]=   0 [8]=   0 [9]=   0 [10]=   0 [11]=   0 
before (DPU 187) [0]= 207 [1]= 204 [2]= 232 [3]=   0 [4]=   0 [5]=   0 [6]=   0 [7]=   0 [8]=   0 [9]=   0 [10]=   0 [11]=   0 
after  (DPU 187) [0]= 207 [1]= 204 [2]= 232 [3]=   0 [4]=   0 [5]=   0 [6]=   0 [7]=   0 [8]=   0 [9]=   0 [10]=   0 [11]=   0 
before (DPU 188) [0]= 211 [1]= 210 [2]= 209 [3]=   0 [4]=   0 [5]=   0 [6]=   0 [7]=   0 [8]=   0 [9]=   0 [10]=   0 [11]=   0 
after  (DPU 188) [0]= 211 [1]= 210 [2]= 209 [3]=   0 [4]=   0 [5]=   0 [6]=   0 [7]=   0 [8]=   0 [9]=   0 [10]=   0 [11]=   0 
before (DPU 189) [0]= 215 [1]= 212 [2]= 201 [3]=   0 [4]=   0 [5]=   0 [6]=   0 [7]=   0 [8]=   0 [9]=   0 [10]=   0 [11]=   0 
after  (DPU 189) [0]= 215 [1]= 212 [2]= 201 [3]=   0 [4]=   0 [5]=   0 [6]=   0 [7]=   0 [8]=   0 [9]=   0 [10]=   0 [11]=   0 
before (DPU 190) [0]= 233 [1]= 210 [2]= 204 [3]=   0 [4]=   0 [5]=   0 [6]=   0 [7]=   0 [8]=   0 [9]=   0 [10]=   0 [11]=   0 
after  (DPU 190) [0]= 233 [1]= 210 [2]= 204 [3]=   0 [4]=   0 [5]=   0 [6]=   0 [7]=   0 [8]=   0 [9]=   0 [10]=   0 [11]=   0 
before (DPU 191) [0]= 217 [1]= 214 [2]= 182 [3]=   0 [4]=   0 [5]=   0 [6]=   0 [7]=   0 [8]=   0 [9]=   0 [10]=   0 [11]=   0 
after  (DPU 191) [0]= 217 [1]= 214 [2]= 182 [3]=   0 [4]=   0 [5]=   0 [6]=   0 [7]=   0 [8]=   0 [9]=   0 [10]=   0 [11]=   0 
before (DPU 192) [0]= 212 [1]= 230 [2]= 207 [3]=   0 [4]=   0 [5]=   0 [6]=   0 [7]=   0 [8]=   0 [9]=   0 [10]=   0 [11]=   0 
after  (DPU 192) [0]= 212 [1]= 230 [2]= 207 [3]=   0 [4]=   0 [5]=   0 [6]=   0 [7]=   0 [8]=   0 [9]=   0 [10]=   0 [11]=   0 
before (DPU 193) [0]= 179 [1]= 208 [2]= 206 [3]=   0 [4]=   0 [5]=   0 [6]=   0 [7]=   0 [8]=   0 [9]=   0 [10]=   0 [11]=   0 
after  (DPU 193) [0]= 179 [1]= 208 [2]= 206 [3]=   0 [4]=   0 [5]=   0 [6]=   0 [7]=   0 [8]=   0 [9]=   0 [10]=   0 [11]=   0 
before (DPU 194) [0]= 209 [1]= 194 [2]= 207 [3]=   0 [4]=   0 [5]=   0 [6]=   0 [7]=   0 [8]=   0 [9]=   0 [10]=   0 [11]=   0 
after  (DPU 194) [0]= 209 [1]= 194 [2]= 207 [3]=   0 [4]=   0 [5]=   0 [6]=   0 [7]=   0 [8]=   0 [9]=   0 [10]=   0 [11]=   0 
before (DPU 195) [0]= 218 [1]= 227 [2]= 192 [3]=   0 [4]=   0 [5]=   0 [6]=   0 [7]=   0 [8]=   0 [9]=   0 [10]=   0 [11]=   0 
after  (DPU 195) [0]= 218 [1]= 227 [2]= 192 [3]=   0 [4]=   0 [5]=   0 [6]=   0 [7]=   0 [8]=   0 [9]=   0 [10]=   0 [11]=   0 
before (DPU 196) [0]= 203 [1]= 200 [2]= 218 [3]=   0 [4]=   0 [5]=   0 [6]=   0 [7]=   0 [8]=   0 [9]=   0 [10]=   0 [11]=   0 
after  (DPU 196) [0]= 203 [1]= 200 [2]= 218 [3]=   0 [4]=   0 [5]=   0 [6]=   0 [7]=   0 [8]=   0 [9]=   0 [10]=   0 [11]=   0 
before (DPU 197) [0]= 217 [1]= 205 [2]= 197 [3]=   0 [4]=   0 [5]=   0 [6]=   0 [7]=   0 [8]=   0 [9]=   0 [10]=   0 [11]=   0 
after  (DPU 197) [0]= 217 [1]= 205 [2]= 197 [3]=   0 [4]=   0 [5]=   0 [6]=   0 [7]=   0 [8]=   0 [9]=   0 [10]=   0 [11]=   0 
before (DPU 198) [0]= 200 [1]= 170 [2]= 223 [3]=   0 [4]=   0 [5]=   0 [6]=   0 [7]=   0 [8]=   0 [9]=   0 [10]=   0 [11]=   0 
after  (DPU 198) [0]= 200 [1]= 170 [2]= 223 [3]=   0 [4]=   0 [5]=   0 [6]=   0 [7]=   0 [8]=   0 [9]=   0 [10]=   0 [11]=   0 
before (DPU 199) [0]= 219 [1]= 199 [2]= 210 [3]=   0 [4]=   0 [5]=   0 [6]=   0 [7]=   0 [8]=   0 [9]=   0 [10]=   0 [11]=   0 
after  (DPU 199) [0]= 219 [1]= 199 [2]= 210 [3]=   0 [4]=   0 [5]=   0 [6]=   0 [7]=   0 [8]=   0 [9]=   0 [10]=   0 [11]=   0 
before (DPU 200) [0]= 198 [1]= 199 [2]= 190 [3]=   0 [4]=   0 [5]=   0 [6]=   0 [7]=   0 [8]=   0 [9]=   0 [10]=   0 [11]=   0 
after  (DPU 200) [0]= 198 [1]= 199 [2]= 190 [3]=   0 [4]=   0 [5]=   0 [6]=   0 [7]=   0 [8]=   0 [9]=   0 [10]=   0 [11]=   0 
before (DPU 201) [0]= 197 [1]= 203 [2]= 181 [3]=   0 [4]=   0 [5]=   0 [6]=   0 [7]=   0 [8]=   0 [9]=   0 [10]=   0 [11]=   0 
after  (DPU 201) [0]= 197 [1]= 203 [2]= 181 [3]=   0 [4]=   0 [5]=   0 [6]=   0 [7]=   0 [8]=   0 [9]=   0 [10]=   0 [11]=   0 
before (DPU 202) [0]= 199 [1]= 211 [2]= 197 [3]=   0 [4]=   0 [5]=   0 [6]=   0 [7]=   0 [8]=   0 [9]=   0 [10]=   0 [11]=   0 
after  (DPU 202) [0]= 199 [1]= 211 [2]= 197 [3]=   0 [4]=   0 [5]=   0 [6]=   0 [7]=   0 [8]=   0 [9]=   0 [10]=   0 [11]=   0 
before (DPU 203) [0]= 180 [1]= 191 [2]= 194 [3]=   0 [4]=   0 [5]=   0 [6]=   0 [7]=   0 [8]=   0 [9]=   0 [10]=   0 [11]=   0 
after  (DPU 203) [0]= 180 [1]= 191 [2]= 194 [3]=   0 [4]=   0 [5]=   0 [6]=   0 [7]=   0 [8]=   0 [9]=   0 [10]=   0 [11]=   0 
before (DPU 204) [0]= 180 [1]= 216 [2]= 178 [3]=   0 [4]=   0 [5]=   0 [6]=   0 [7]=   0 [8]=   0 [9]=   0 [10]=   0 [11]=   0 
after  (DPU 204) [0]= 180 [1]= 216 [2]= 178 [3]=   0 [4]=   0 [5]=   0 [6]=   0 [7]=   0 [8]=   0 [9]=   0 [10]=   0 [11]=   0 
before (DPU 205) [0]= 179 [1]= 214 [2]= 197 [3]=   0 [4]=   0 [5]=   0 [6]=   0 [7]=   0 [8]=   0 [9]=   0 [10]=   0 [11]=   0 
after  (DPU 205) [0]= 179 [1]= 214 [2]= 197 [3]=   0 [4]=   0 [5]=   0 [6]=   0 [7]=   0 [8]=   0 [9]=   0 [10]=   0 [11]=   0 
before (DPU 206) [0]= 213 [1]= 225 [2]= 198 [3]=   0 [4]=   0 [5]=   0 [6]=   0 [7]=   0 [8]=   0 [9]=   0 [10]=   0 [11]=   0 
after  (DPU 206) [0]= 213 [1]= 225 [2]= 198 [3]=   0 [4]=   0 [5]=   0 [6]=   0 [7]=   0 [8]=   0 [9]=   0 [10]=   0 [11]=   0 
before (DPU 207) [0]= 201 [1]= 213 [2]= 181 [3]=   0 [4]=   0 [5]=   0 [6]=   0 [7]=   0 [8]=   0 [9]=   0 [10]=   0 [11]=   0 
after  (DPU 207) [0]= 201 [1]= 213 [2]= 181 [3]=   0 [4]=   0 [5]=   0 [6]=   0 [7]=   0 [8]=   0 [9]=   0 [10]=   0 [11]=   0 
before (DPU 208) [0]= 203 [1]= 212 [2]= 203 [3]=   0 [4]=   0 [5]=   0 [6]=   0 [7]=   0 [8]=   0 [9]=   0 [10]=   0 [11]=   0 
after  (DPU 208) [0]= 203 [1]= 212 [2]= 203 [3]=   0 [4]=   0 [5]=   0 [6]=   0 [7]=   0 [8]=   0 [9]=   0 [10]=   0 [11]=   0 
before (DPU 209) [0]= 176 [1]= 187 [2]= 204 [3]=   0 [4]=   0 [5]=   0 [6]=   0 [7]=   0 [8]=   0 [9]=   0 [10]=   0 [11]=   0 
after  (DPU 209) [0]= 176 [1]= 187 [2]= 204 [3]=   0 [4]=   0 [5]=   0 [6]=   0 [7]=   0 [8]=   0 [9]=   0 [10]=   0 [11]=   0 
before (DPU 210) [0]= 186 [1]= 209 [2]= 203 [3]=   0 [4]=   0 [5]=   0 [6]=   0 [7]=   0 [8]=   0 [9]=   0 [10]=   0 [11]=   0 
after  (DPU 210) [0]= 186 [1]= 209 [2]= 203 [3]=   0 [4]=   0 [5]=   0 [6]=   0 [7]=   0 [8]=   0 [9]=   0 [10]=   0 [11]=   0 
before (DPU 211) [0]= 191 [1]= 184 [2]= 199 [3]=   0 [4]=   0 [5]=   0 [6]=   0 [7]=   0 [8]=   0 [9]=   0 [10]=   0 [11]=   0 
after  (DPU 211) [0]= 191 [1]= 184 [2]= 199 [3]=   0 [4]=   0 [5]=   0 [6]=   0 [7]=   0 [8]=   0 [9]=   0 [10]=   0 [11]=   0 
before (DPU 212) [0]= 199 [1]= 204 [2]= 193 [3]=   0 [4]=   0 [5]=   0 [6]=   0 [7]=   0 [8]=   0 [9]=   0 [10]=   0 [11]=   0 
after  (DPU 212) [0]= 199 [1]= 204 [2]= 193 [3]=   0 [4]=   0 [5]=   0 [6]=   0 [7]=   0 [8]=   0 [9]=   0 [10]=   0 [11]=   0 
before (DPU 213) [0]= 184 [1]= 205 [2]= 185 [3]=   0 [4]=   0 [5]=   0 [6]=   0 [7]=   0 [8]=   0 [9]=   0 [10]=   0 [11]=   0 
after  (DPU 213) [0]= 184 [1]= 205 [2]= 185 [3]=   0 [4]=   0 [5]=   0 [6]=   0 [7]=   0 [8]=   0 [9]=   0 [10]=   0 [11]=   0 
before (DPU 214) [0]= 206 [1]= 169 [2]= 177 [3]=   0 [4]=   0 [5]=   0 [6]=   0 [7]=   0 [8]=   0 [9]=   0 [10]=   0 [11]=   0 
after  (DPU 214) [0]= 206 [1]= 169 [2]= 177 [3]=   0 [4]=   0 [5]=   0 [6]=   0 [7]=   0 [8]=   0 [9]=   0 [10]=   0 [11]=   0 
before (DPU 215) [0]= 178 [1]= 185 [2]= 203 [3]=   0 [4]=   0 [5]=   0 [6]=   0 [7]=   0 [8]=   0 [9]=   0 [10]=   0 [11]=   0 
after  (DPU 215) [0]= 178 [1]= 185 [2]= 203 [3]=   0 [4]=   0 [5]=   0 [6]=   0 [7]=   0 [8]=   0 [9]=   0 [10]=   0 [11]=   0 
before (DPU 216) [0]= 167 [1]= 177 [2]= 181 [3]=   0 [4]=   0 [5]=   0 [6]=   0 [7]=   0 [8]=   0 [9]=   0 [10]=   0 [11]=   0 
after  (DPU 216) [0]= 167 [1]= 177 [2]= 181 [3]=   0 [4]=   0 [5]=   0 [6]=   0 [7]=   0 [8]=   0 [9]=   0 [10]=   0 [11]=   0 
before (DPU 217) [0]= 194 [1]= 187 [2]= 206 [3]=   0 [4]=   0 [5]=   0 [6]=   0 [7]=   0 [8]=   0 [9]=   0 [10]=   0 [11]=   0 
after  (DPU 217) [0]= 194 [1]= 187 [2]= 206 [3]=   0 [4]=   0 [5]=   0 [6]=   0 [7]=   0 [8]=   0 [9]=   0 [10]=   0 [11]=   0 
before (DPU 218) [0]= 186 [1]= 186 [2]= 175 [3]=   0 [4]=   0 [5]=   0 [6]=   0 [7]=   0 [8]=   0 [9]=   0 [10]=   0 [11]=   0 
after  (DPU 218) [0]= 186 [1]= 186 [2]= 175 [3]=   0 [4]=   0 [5]=   0 [6]=   0 [7]=   0 [8]=   0 [9]=   0 [10]=   0 [11]=   0 
before (DPU 219) [0]= 203 [1]= 193 [2]= 182 [3]=   0 [4]=   0 [5]=   0 [6]=   0 [7]=   0 [8]=   0 [9]=   0 [10]=   0 [11]=   0 
after  (DPU 219) [0]= 203 [1]= 193 [2]= 182 [3]=   0 [4]=   0 [5]=   0 [6]=   0 [7]=   0 [8]=   0 [9]=   0 [10]=   0 [11]=   0 
before (DPU 220) [0]= 184 [1]= 167 [2]= 169 [3]=   0 [4]=   0 [5]=   0 [6]=   0 [7]=   0 [8]=   0 [9]=   0 [10]=   0 [11]=   0 
after  (DPU 220) [0]= 184 [1]= 167 [2]= 169 [3]=   0 [4]=   0 [5]=   0 [6]=   0 [7]=   0 [8]=   0 [9]=   0 [10]=   0 [11]=   0 
before (DPU 221) [0]= 222 [1]= 164 [2]= 214 [3]=   0 [4]=   0 [5]=   0 [6]=   0 [7]=   0 [8]=   0 [9]=   0 [10]=   0 [11]=   0 
after  (DPU 221) [0]= 222 [1]= 164 [2]= 214 [3]=   0 [4]=   0 [5]=   0 [6]=   0 [7]=   0 [8]=   0 [9]=   0 [10]=   0 [11]=   0 
before (DPU 222) [0]= 179 [1]= 184 [2]= 186 [3]=   0 [4]=   0 [5]=   0 [6]=   0 [7]=   0 [8]=   0 [9]=   0 [10]=   0 [11]=   0 
after  (DPU 222) [0]= 179 [1]= 184 [2]= 186 [3]=   0 [4]=   0 [5]=   0 [6]=   0 [7]=   0 [8]=   0 [9]=   0 [10]=   0 [11]=   0 
before (DPU 223) [0]= 195 [1]= 199 [2]= 164 [3]=   0 [4]=   0 [5]=   0 [6]=   0 [7]=   0 [8]=   0 [9]=   0 [10]=   0 [11]=   0 
after  (DPU 223) [0]= 195 [1]= 199 [2]= 164 [3]=   0 [4]=   0 [5]=   0 [6]=   0 [7]=   0 [8]=   0 [9]=   0 [10]=   0 [11]=   0 
before (DPU 224) [0]= 198 [1]= 183 [2]= 167 [3]=   0 [4]=   0 [5]=   0 [6]=   0 [7]=   0 [8]=   0 [9]=   0 [10]=   0 [11]=   0 
after  (DPU 224) [0]= 198 [1]= 183 [2]= 167 [3]=   0 [4]=   0 [5]=   0 [6]=   0 [7]=   0 [8]=   0 [9]=   0 [10]=   0 [11]=   0 
before (DPU 225) [0]= 165 [1]= 197 [2]= 180 [3]=   0 [4]=   0 [5]=   0 [6]=   0 [7]=   0 [8]=   0 [9]=   0 [10]=   0 [11]=   0 
after  (DPU 225) [0]= 165 [1]= 197 [2]= 180 [3]=   0 [4]=   0 [5]=   0 [6]=   0 [7]=   0 [8]=   0 [9]=   0 [10]=   0 [11]=   0 
before (DPU 226) [0]= 165 [1]= 187 [2]= 155 [3]=   0 [4]=   0 [5]=   0 [6]=   0 [7]=   0 [8]=   0 [9]=   0 [10]=   0 [11]=   0 
after  (DPU 226) [0]= 165 [1]= 187 [2]= 155 [3]=   0 [4]=   0 [5]=   0 [6]=   0 [7]=   0 [8]=   0 [9]=   0 [10]=   0 [11]=   0 
before (DPU 227) [0]= 166 [1]= 193 [2]= 197 [3]=   0 [4]=   0 [5]=   0 [6]=   0 [7]=   0 [8]=   0 [9]=   0 [10]=   0 [11]=   0 
after  (DPU 227) [0]= 166 [1]= 193 [2]= 197 [3]=   0 [4]=   0 [5]=   0 [6]=   0 [7]=   0 [8]=   0 [9]=   0 [10]=   0 [11]=   0 
before (DPU 228) [0]= 201 [1]= 153 [2]= 189 [3]=   0 [4]=   0 [5]=   0 [6]=   0 [7]=   0 [8]=   0 [9]=   0 [10]=   0 [11]=   0 
after  (DPU 228) [0]= 201 [1]= 153 [2]= 189 [3]=   0 [4]=   0 [5]=   0 [6]=   0 [7]=   0 [8]=   0 [9]=   0 [10]=   0 [11]=   0 
before (DPU 229) [0]= 174 [1]= 190 [2]= 188 [3]=   0 [4]=   0 [5]=   0 [6]=   0 [7]=   0 [8]=   0 [9]=   0 [10]=   0 [11]=   0 
after  (DPU 229) [0]= 174 [1]= 190 [2]= 188 [3]=   0 [4]=   0 [5]=   0 [6]=   0 [7]=   0 [8]=   0 [9]=   0 [10]=   0 [11]=   0 
before (DPU 230) [0]= 176 [1]= 194 [2]= 182 [3]=   0 [4]=   0 [5]=   0 [6]=   0 [7]=   0 [8]=   0 [9]=   0 [10]=   0 [11]=   0 
after  (DPU 230) [0]= 176 [1]= 194 [2]= 182 [3]=   0 [4]=   0 [5]=   0 [6]=   0 [7]=   0 [8]=   0 [9]=   0 [10]=   0 [11]=   0 
before (DPU 231) [0]= 170 [1]= 176 [2]= 196 [3]=   0 [4]=   0 [5]=   0 [6]=   0 [7]=   0 [8]=   0 [9]=   0 [10]=   0 [11]=   0 
after  (DPU 231) [0]= 170 [1]= 176 [2]= 196 [3]=   0 [4]=   0 [5]=   0 [6]=   0 [7]=   0 [8]=   0 [9]=   0 [10]=   0 [11]=   0 
before (DPU 232) [0]= 163 [1]= 189 [2]= 167 [3]=   0 [4]=   0 [5]=   0 [6]=   0 [7]=   0 [8]=   0 [9]=   0 [10]=   0 [11]=   0 
after  (DPU 232) [0]= 163 [1]= 189 [2]= 167 [3]=   0 [4]=   0 [5]=   0 [6]=   0 [7]=   0 [8]=   0 [9]=   0 [10]=   0 [11]=   0 
before (DPU 233) [0]= 182 [1]= 148 [2]= 168 [3]=   0 [4]=   0 [5]=   0 [6]=   0 [7]=   0 [8]=   0 [9]=   0 [10]=   0 [11]=   0 
after  (DPU 233) [0]= 182 [1]= 148 [2]= 168 [3]=   0 [4]=   0 [5]=   0 [6]=   0 [7]=   0 [8]=   0 [9]=   0 [10]=   0 [11]=   0 
before (DPU 234) [0]= 172 [1]= 162 [2]= 173 [3]=   0 [4]=   0 [5]=   0 [6]=   0 [7]=   0 [8]=   0 [9]=   0 [10]=   0 [11]=   0 
after  (DPU 234) [0]= 172 [1]= 162 [2]= 173 [3]=   0 [4]=   0 [5]=   0 [6]=   0 [7]=   0 [8]=   0 [9]=   0 [10]=   0 [11]=   0 
before (DPU 235) [0]= 161 [1]= 157 [2]= 179 [3]=   0 [4]=   0 [5]=   0 [6]=   0 [7]=   0 [8]=   0 [9]=   0 [10]=   0 [11]=   0 
after  (DPU 235) [0]= 161 [1]= 157 [2]= 179 [3]=   0 [4]=   0 [5]=   0 [6]=   0 [7]=   0 [8]=   0 [9]=   0 [10]=   0 [11]=   0 
before (DPU 236) [0]= 160 [1]= 179 [2]= 167 [3]=   0 [4]=   0 [5]=   0 [6]=   0 [7]=   0 [8]=   0 [9]=   0 [10]=   0 [11]=   0 
after  (DPU 236) [0]= 160 [1]= 179 [2]= 167 [3]=   0 [4]=   0 [5]=   0 [6]=   0 [7]=   0 [8]=   0 [9]=   0 [10]=   0 [11]=   0 
before (DPU 237) [0]= 167 [1]= 161 [2]= 173 [3]=   0 [4]=   0 [5]=   0 [6]=   0 [7]=   0 [8]=   0 [9]=   0 [10]=   0 [11]=   0 
after  (DPU 237) [0]= 167 [1]= 161 [2]= 173 [3]=   0 [4]=   0 [5]=   0 [6]=   0 [7]=   0 [8]=   0 [9]=   0 [10]=   0 [11]=   0 
before (DPU 238) [0]= 185 [1]= 174 [2]= 163 [3]=   0 [4]=   0 [5]=   0 [6]=   0 [7]=   0 [8]=   0 [9]=   0 [10]=   0 [11]=   0 
after  (DPU 238) [0]= 185 [1]= 174 [2]= 163 [3]=   0 [4]=   0 [5]=   0 [6]=   0 [7]=   0 [8]=   0 [9]=   0 [10]=   0 [11]=   0 
before (DPU 239) [0]= 157 [1]= 172 [2]= 167 [3]=   0 [4]=   0 [5]=   0 [6]=   0 [7]=   0 [8]=   0 [9]=   0 [10]=   0 [11]=   0 
after  (DPU 239) [0]= 157 [1]= 172 [2]= 167 [3]=   0 [4]=   0 [5]=   0 [6]=   0 [7]=   0 [8]=   0 [9]=   0 [10]=   0 [11]=   0 
before (DPU 240) [0]= 172 [1]= 153 [2]= 166 [3]=   0 [4]=   0 [5]=   0 [6]=   0 [7]=   0 [8]=   0 [9]=   0 [10]=   0 [11]=   0 
after  (DPU 240) [0]= 172 [1]= 153 [2]= 166 [3]=   0 [4]=   0 [5]=   0 [6]=   0 [7]=   0 [8]=   0 [9]=   0 [10]=   0 [11]=   0 
before (DPU 241) [0]= 185 [1]= 181 [2]= 151 [3]=   0 [4]=   0 [5]=   0 [6]=   0 [7]=   0 [8]=   0 [9]=   0 [10]=   0 [11]=   0 
after  (DPU 241) [0]= 185 [1]= 181 [2]= 151 [3]=   0 [4]=   0 [5]=   0 [6]=   0 [7]=   0 [8]=   0 [9]=   0 [10]=   0 [11]=   0 
before (DPU 242) [0]= 173 [1]= 176 [2]= 134 [3]=   0 [4]=   0 [5]=   0 [6]=   0 [7]=   0 [8]=   0 [9]=   0 [10]=   0 [11]=   0 
after  (DPU 242) [0]= 173 [1]= 176 [2]= 134 [3]=   0 [4]=   0 [5]=   0 [6]=   0 [7]=   0 [8]=   0 [9]=   0 [10]=   0 [11]=   0 
before (DPU 243) [0]= 166 [1]= 170 [2]= 180 [3]=   0 [4]=   0 [5]=   0 [6]=   0 [7]=   0 [8]=   0 [9]=   0 [10]=   0 [11]=   0 
after  (DPU 243) [0]= 166 [1]= 170 [2]= 180 [3]=   0 [4]=   0 [5]=   0 [6]=   0 [7]=   0 [8]=   0 [9]=   0 [10]=   0 [11]=   0 
before (DPU 244) [0]= 160 [1]= 174 [2]= 169 [3]=   0 [4]=   0 [5]=   0 [6]=   0 [7]=   0 [8]=   0 [9]=   0 [10]=   0 [11]=   0 
after  (DPU 244) [0]= 160 [1]= 174 [2]= 169 [3]=   0 [4]=   0 [5]=   0 [6]=   0 [7]=   0 [8]=   0 [9]=   0 [10]=   0 [11]=   0 
before (DPU 245) [0]= 165 [1]= 163 [2]= 158 [3]=   0 [4]=   0 [5]=   0 [6]=   0 [7]=   0 [8]=   0 [9]=   0 [10]=   0 [11]=   0 
after  (DPU 245) [0]= 165 [1]= 163 [2]= 158 [3]=   0 [4]=   0 [5]=   0 [6]=   0 [7]=   0 [8]=   0 [9]=   0 [10]=   0 [11]=   0 
before (DPU 246) [0]= 164 [1]= 177 [2]= 152 [3]=   0 [4]=   0 [5]=   0 [6]=   0 [7]=   0 [8]=   0 [9]=   0 [10]=   0 [11]=   0 
after  (DPU 246) [0]= 164 [1]= 177 [2]= 152 [3]=   0 [4]=   0 [5]=   0 [6]=   0 [7]=   0 [8]=   0 [9]=   0 [10]=   0 [11]=   0 
before (DPU 247) [0]= 148 [1]= 179 [2]= 164 [3]=   0 [4]=   0 [5]=   0 [6]=   0 [7]=   0 [8]=   0 [9]=   0 [10]=   0 [11]=   0 
after  (DPU 247) [0]= 148 [1]= 179 [2]= 164 [3]=   0 [4]=   0 [5]=   0 [6]=   0 [7]=   0 [8]=   0 [9]=   0 [10]=   0 [11]=   0 
before (DPU 248) [0]= 153 [1]= 162 [2]= 178 [3]=   0 [4]=   0 [5]=   0 [6]=   0 [7]=   0 [8]=   0 [9]=   0 [10]=   0 [11]=   0 
after  (DPU 248) [0]= 153 [1]= 162 [2]= 178 [3]=   0 [4]=   0 [5]=   0 [6]=   0 [7]=   0 [8]=   0 [9]=   0 [10]=   0 [11]=   0 
before (DPU 249) [0]= 174 [1]= 153 [2]= 164 [3]=   0 [4]=   0 [5]=   0 [6]=   0 [7]=   0 [8]=   0 [9]=   0 [10]=   0 [11]=   0 
after  (DPU 249) [0]= 174 [1]= 153 [2]= 164 [3]=   0 [4]=   0 [5]=   0 [6]=   0 [7]=   0 [8]=   0 [9]=   0 [10]=   0 [11]=   0 
before (DPU 250) [0]= 152 [1]= 134 [2]= 179 [3]=   0 [4]=   0 [5]=   0 [6]=   0 [7]=   0 [8]=   0 [9]=   0 [10]=   0 [11]=   0 
after  (DPU 250) [0]= 152 [1]= 134 [2]= 179 [3]=   0 [4]=   0 [5]=   0 [6]=   0 [7]=   0 [8]=   0 [9]=   0 [10]=   0 [11]=   0 
before (DPU 251) [0]= 154 [1]= 194 [2]= 162 [3]=   0 [4]=   0 [5]=   0 [6]=   0 [7]=   0 [8]=   0 [9]=   0 [10]=   0 [11]=   0 
after  (DPU 251) [0]= 154 [1]= 194 [2]= 162 [3]=   0 [4]=   0 [5]=   0 [6]=   0 [7]=   0 [8]=   0 [9]=   0 [10]=   0 [11]=   0 
before (DPU 252) [0]= 174 [1]= 148 [2]= 171 [3]=   0 [4]=   0 [5]=   0 [6]=   0 [7]=   0 [8]=   0 [9]=   0 [10]=   0 [11]=   0 
after  (DPU 252) [0]= 174 [1]= 148 [2]= 171 [3]=   0 [4]=   0 [5]=   0 [6]=   0 [7]=   0 [8]=   0 [9]=   0 [10]=   0 [11]=   0 
before (DPU 253) [0]= 158 [1]= 159 [2]= 163 [3]=   0 [4]=   0 [5]=   0 [6]=   0 [7]=   0 [8]=   0 [9]=   0 [10]=   0 [11]=   0 
after  (DPU 253) [0]= 158 [1]= 159 [2]= 163 [3]=   0 [4]=   0 [5]=   0 [6]=   0 [7]=   0 [8]=   0 [9]=   0 [10]=   0 [11]=   0 
before (DPU 254) [0]= 151 [1]= 166 [2]= 154 [3]=   0 [4]=   0 [5]=   0 [6]=   0 [7]=   0 [8]=   0 [9]=   0 [10]=   0 [11]=   0 
after  (DPU 254) [0]= 151 [1]= 166 [2]= 154 [3]=   0 [4]=   0 [5]=   0 [6]=   0 [7]=   0 [8]=   0 [9]=   0 [10]=   0 [11]=   0 
before (DPU 255) [0]= 151 [1]= 163 [2]= 162 [3]=   0 [4]=   0 [5]=   0 [6]=   0 [7]=   0 [8]=   0 [9]=   0 [10]=   0 [11]=   0 
after  (DPU 255) [0]= 151 [1]= 163 [2]= 162 [3]=   0 [4]=   0 [5]=   0 [6]=   0 [7]=   0 [8]=   0 [9]=   0 [10]=   0 [11]=   0 
before (DPU 256) [0]= 172 [1]= 173 [2]= 155 [3]=   0 [4]=   0 [5]=   0 [6]=   0 [7]=   0 [8]=   0 [9]=   0 [10]=   0 [11]=   0 
after  (DPU 256) [0]= 172 [1]= 173 [2]= 155 [3]=   0 [4]=   0 [5]=   0 [6]=   0 [7]=   0 [8]=   0 [9]=   0 [10]=   0 [11]=   0 
before (DPU 257) [0]= 142 [1]= 177 [2]= 162 [3]=   0 [4]=   0 [5]=   0 [6]=   0 [7]=   0 [8]=   0 [9]=   0 [10]=   0 [11]=   0 
after  (DPU 257) [0]= 142 [1]= 177 [2]= 162 [3]=   0 [4]=   0 [5]=   0 [6]=   0 [7]=   0 [8]=   0 [9]=   0 [10]=   0 [11]=   0 
before (DPU 258) [0]= 154 [1]= 171 [2]= 172 [3]=   0 [4]=   0 [5]=   0 [6]=   0 [7]=   0 [8]=   0 [9]=   0 [10]=   0 [11]=   0 
after  (DPU 258) [0]= 154 [1]= 171 [2]= 172 [3]=   0 [4]=   0 [5]=   0 [6]=   0 [7]=   0 [8]=   0 [9]=   0 [10]=   0 [11]=   0 
before (DPU 259) [0]= 160 [1]= 151 [2]= 148 [3]=   0 [4]=   0 [5]=   0 [6]=   0 [7]=   0 [8]=   0 [9]=   0 [10]=   0 [11]=   0 
after  (DPU 259) [0]= 160 [1]= 151 [2]= 148 [3]=   0 [4]=   0 [5]=   0 [6]=   0 [7]=   0 [8]=   0 [9]=   0 [10]=   0 [11]=   0 
before (DPU 260) [0]= 161 [1]= 159 [2]= 149 [3]=   0 [4]=   0 [5]=   0 [6]=   0 [7]=   0 [8]=   0 [9]=   0 [10]=   0 [11]=   0 
after  (DPU 260) [0]= 161 [1]= 159 [2]= 149 [3]=   0 [4]=   0 [5]=   0 [6]=   0 [7]=   0 [8]=   0 [9]=   0 [10]=   0 [11]=   0 
before (DPU 261) [0]= 151 [1]= 144 [2]= 168 [3]=   0 [4]=   0 [5]=   0 [6]=   0 [7]=   0 [8]=   0 [9]=   0 [10]=   0 [11]=   0 
after  (DPU 261) [0]= 151 [1]= 144 [2]= 168 [3]=   0 [4]=   0 [5]=   0 [6]=   0 [7]=   0 [8]=   0 [9]=   0 [10]=   0 [11]=   0 
before (DPU 262) [0]= 163 [1]= 178 [2]= 152 [3]=   0 [4]=   0 [5]=   0 [6]=   0 [7]=   0 [8]=   0 [9]=   0 [10]=   0 [11]=   0 
after  (DPU 262) [0]= 163 [1]= 178 [2]= 152 [3]=   0 [4]=   0 [5]=   0 [6]=   0 [7]=   0 [8]=   0 [9]=   0 [10]=   0 [11]=   0 
before (DPU 263) [0]= 169 [1]= 139 [2]= 199 [3]=   0 [4]=   0 [5]=   0 [6]=   0 [7]=   0 [8]=   0 [9]=   0 [10]=   0 [11]=   0 
after  (DPU 263) [0]= 169 [1]= 139 [2]= 199 [3]=   0 [4]=   0 [5]=   0 [6]=   0 [7]=   0 [8]=   0 [9]=   0 [10]=   0 [11]=   0 
before (DPU 264) [0]= 144 [1]= 168 [2]= 152 [3]=   0 [4]=   0 [5]=   0 [6]=   0 [7]=   0 [8]=   0 [9]=   0 [10]=   0 [11]=   0 
after  (DPU 264) [0]= 144 [1]= 168 [2]= 152 [3]=   0 [4]=   0 [5]=   0 [6]=   0 [7]=   0 [8]=   0 [9]=   0 [10]=   0 [11]=   0 
before (DPU 265) [0]= 128 [1]= 146 [2]= 147 [3]=   0 [4]=   0 [5]=   0 [6]=   0 [7]=   0 [8]=   0 [9]=   0 [10]=   0 [11]=   0 
after  (DPU 265) [0]= 128 [1]= 146 [2]= 147 [3]=   0 [4]=   0 [5]=   0 [6]=   0 [7]=   0 [8]=   0 [9]=   0 [10]=   0 [11]=   0 
before (DPU 266) [0]= 146 [1]= 154 [2]= 124 [3]=   0 [4]=   0 [5]=   0 [6]=   0 [7]=   0 [8]=   0 [9]=   0 [10]=   0 [11]=   0 
after  (DPU 266) [0]= 146 [1]= 154 [2]= 124 [3]=   0 [4]=   0 [5]=   0 [6]=   0 [7]=   0 [8]=   0 [9]=   0 [10]=   0 [11]=   0 
before (DPU 267) [0]= 144 [1]= 130 [2]= 167 [3]=   0 [4]=   0 [5]=   0 [6]=   0 [7]=   0 [8]=   0 [9]=   0 [10]=   0 [11]=   0 
after  (DPU 267) [0]= 144 [1]= 130 [2]= 167 [3]=   0 [4]=   0 [5]=   0 [6]=   0 [7]=   0 [8]=   0 [9]=   0 [10]=   0 [11]=   0 
before (DPU 268) [0]= 136 [1]= 125 [2]= 147 [3]=   0 [4]=   0 [5]=   0 [6]=   0 [7]=   0 [8]=   0 [9]=   0 [10]=   0 [11]=   0 
after  (DPU 268) [0]= 136 [1]= 125 [2]= 147 [3]=   0 [4]=   0 [5]=   0 [6]=   0 [7]=   0 [8]=   0 [9]=   0 [10]=   0 [11]=   0 
before (DPU 269) [0]= 139 [1]= 154 [2]= 141 [3]=   0 [4]=   0 [5]=   0 [6]=   0 [7]=   0 [8]=   0 [9]=   0 [10]=   0 [11]=   0 
after  (DPU 269) [0]= 139 [1]= 154 [2]= 141 [3]=   0 [4]=   0 [5]=   0 [6]=   0 [7]=   0 [8]=   0 [9]=   0 [10]=   0 [11]=   0 
before (DPU 270) [0]= 126 [1]= 143 [2]= 162 [3]=   0 [4]=   0 [5]=   0 [6]=   0 [7]=   0 [8]=   0 [9]=   0 [10]=   0 [11]=   0 
after  (DPU 270) [0]= 126 [1]= 143 [2]= 162 [3]=   0 [4]=   0 [5]=   0 [6]=   0 [7]=   0 [8]=   0 [9]=   0 [10]=   0 [11]=   0 
before (DPU 271) [0]= 138 [1]= 137 [2]= 140 [3]=   0 [4]=   0 [5]=   0 [6]=   0 [7]=   0 [8]=   0 [9]=   0 [10]=   0 [11]=   0 
after  (DPU 271) [0]= 138 [1]= 137 [2]= 140 [3]=   0 [4]=   0 [5]=   0 [6]=   0 [7]=   0 [8]=   0 [9]=   0 [10]=   0 [11]=   0 
before (DPU 272) [0]= 136 [1]= 143 [2]= 150 [3]=   0 [4]=   0 [5]=   0 [6]=   0 [7]=   0 [8]=   0 [9]=   0 [10]=   0 [11]=   0 
after  (DPU 272) [0]= 136 [1]= 143 [2]= 150 [3]=   0 [4]=   0 [5]=   0 [6]=   0 [7]=   0 [8]=   0 [9]=   0 [10]=   0 [11]=   0 
before (DPU 273) [0]= 171 [1]= 175 [2]= 158 [3]=   0 [4]=   0 [5]=   0 [6]=   0 [7]=   0 [8]=   0 [9]=   0 [10]=   0 [11]=   0 
after  (DPU 273) [0]= 171 [1]= 175 [2]= 158 [3]=   0 [4]=   0 [5]=   0 [6]=   0 [7]=   0 [8]=   0 [9]=   0 [10]=   0 [11]=   0 
before (DPU 274) [0]= 138 [1]= 144 [2]= 137 [3]=   0 [4]=   0 [5]=   0 [6]=   0 [7]=   0 [8]=   0 [9]=   0 [10]=   0 [11]=   0 
after  (DPU 274) [0]= 138 [1]= 144 [2]= 137 [3]=   0 [4]=   0 [5]=   0 [6]=   0 [7]=   0 [8]=   0 [9]=   0 [10]=   0 [11]=   0 
before (DPU 275) [0]= 134 [1]= 145 [2]= 137 [3]=   0 [4]=   0 [5]=   0 [6]=   0 [7]=   0 [8]=   0 [9]=   0 [10]=   0 [11]=   0 
after  (DPU 275) [0]= 134 [1]= 145 [2]= 137 [3]=   0 [4]=   0 [5]=   0 [6]=   0 [7]=   0 [8]=   0 [9]=   0 [10]=   0 [11]=   0 
before (DPU 276) [0]= 157 [1]= 131 [2]= 144 [3]=   0 [4]=   0 [5]=   0 [6]=   0 [7]=   0 [8]=   0 [9]=   0 [10]=   0 [11]=   0 
after  (DPU 276) [0]= 157 [1]= 131 [2]= 144 [3]=   0 [4]=   0 [5]=   0 [6]=   0 [7]=   0 [8]=   0 [9]=   0 [10]=   0 [11]=   0 
before (DPU 277) [0]= 138 [1]= 148 [2]= 170 [3]=   0 [4]=   0 [5]=   0 [6]=   0 [7]=   0 [8]=   0 [9]=   0 [10]=   0 [11]=   0 
after  (DPU 277) [0]= 138 [1]= 148 [2]= 170 [3]=   0 [4]=   0 [5]=   0 [6]=   0 [7]=   0 [8]=   0 [9]=   0 [10]=   0 [11]=   0 
before (DPU 278) [0]= 146 [1]= 137 [2]= 124 [3]=   0 [4]=   0 [5]=   0 [6]=   0 [7]=   0 [8]=   0 [9]=   0 [10]=   0 [11]=   0 
after  (DPU 278) [0]= 146 [1]= 137 [2]= 124 [3]=   0 [4]=   0 [5]=   0 [6]=   0 [7]=   0 [8]=   0 [9]=   0 [10]=   0 [11]=   0 
before (DPU 279) [0]= 140 [1]= 165 [2]= 155 [3]=   0 [4]=   0 [5]=   0 [6]=   0 [7]=   0 [8]=   0 [9]=   0 [10]=   0 [11]=   0 
after  (DPU 279) [0]= 140 [1]= 165 [2]= 155 [3]=   0 [4]=   0 [5]=   0 [6]=   0 [7]=   0 [8]=   0 [9]=   0 [10]=   0 [11]=   0 
before (DPU 280) [0]= 151 [1]= 116 [2]= 127 [3]=   0 [4]=   0 [5]=   0 [6]=   0 [7]=   0 [8]=   0 [9]=   0 [10]=   0 [11]=   0 
after  (DPU 280) [0]= 151 [1]= 116 [2]= 127 [3]=   0 [4]=   0 [5]=   0 [6]=   0 [7]=   0 [8]=   0 [9]=   0 [10]=   0 [11]=   0 
before (DPU 281) [0]= 141 [1]= 130 [2]= 148 [3]=   0 [4]=   0 [5]=   0 [6]=   0 [7]=   0 [8]=   0 [9]=   0 [10]=   0 [11]=   0 
after  (DPU 281) [0]= 141 [1]= 130 [2]= 148 [3]=   0 [4]=   0 [5]=   0 [6]=   0 [7]=   0 [8]=   0 [9]=   0 [10]=   0 [11]=   0 
before (DPU 282) [0]= 139 [1]= 127 [2]= 126 [3]=   0 [4]=   0 [5]=   0 [6]=   0 [7]=   0 [8]=   0 [9]=   0 [10]=   0 [11]=   0 
after  (DPU 282) [0]= 139 [1]= 127 [2]= 126 [3]=   0 [4]=   0 [5]=   0 [6]=   0 [7]=   0 [8]=   0 [9]=   0 [10]=   0 [11]=   0 
before (DPU 283) [0]= 157 [1]= 135 [2]= 144 [3]=   0 [4]=   0 [5]=   0 [6]=   0 [7]=   0 [8]=   0 [9]=   0 [10]=   0 [11]=   0 
after  (DPU 283) [0]= 157 [1]= 135 [2]= 144 [3]=   0 [4]=   0 [5]=   0 [6]=   0 [7]=   0 [8]=   0 [9]=   0 [10]=   0 [11]=   0 
before (DPU 284) [0]= 121 [1]= 158 [2]= 152 [3]=   0 [4]=   0 [5]=   0 [6]=   0 [7]=   0 [8]=   0 [9]=   0 [10]=   0 [11]=   0 
after  (DPU 284) [0]= 121 [1]= 158 [2]= 152 [3]=   0 [4]=   0 [5]=   0 [6]=   0 [7]=   0 [8]=   0 [9]=   0 [10]=   0 [11]=   0 
before (DPU 285) [0]= 150 [1]= 157 [2]= 160 [3]=   0 [4]=   0 [5]=   0 [6]=   0 [7]=   0 [8]=   0 [9]=   0 [10]=   0 [11]=   0 
after  (DPU 285) [0]= 150 [1]= 157 [2]= 160 [3]=   0 [4]=   0 [5]=   0 [6]=   0 [7]=   0 [8]=   0 [9]=   0 [10]=   0 [11]=   0 
before (DPU 286) [0]= 135 [1]= 125 [2]= 153 [3]=   0 [4]=   0 [5]=   0 [6]=   0 [7]=   0 [8]=   0 [9]=   0 [10]=   0 [11]=   0 
after  (DPU 286) [0]= 135 [1]= 125 [2]= 153 [3]=   0 [4]=   0 [5]=   0 [6]=   0 [7]=   0 [8]=   0 [9]=   0 [10]=   0 [11]=   0 
before (DPU 287) [0]= 134 [1]= 152 [2]= 141 [3]=   0 [4]=   0 [5]=   0 [6]=   0 [7]=   0 [8]=   0 [9]=   0 [10]=   0 [11]=   0 
after  (DPU 287) [0]= 134 [1]= 152 [2]= 141 [3]=   0 [4]=   0 [5]=   0 [6]=   0 [7]=   0 [8]=   0 [9]=   0 [10]=   0 [11]=   0 
before (DPU 288) [0]= 131 [1]= 128 [2]= 144 [3]=   0 [4]=   0 [5]=   0 [6]=   0 [7]=   0 [8]=   0 [9]=   0 [10]=   0 [11]=   0 
after  (DPU 288) [0]= 131 [1]= 128 [2]= 144 [3]=   0 [4]=   0 [5]=   0 [6]=   0 [7]=   0 [8]=   0 [9]=   0 [10]=   0 [11]=   0 
before (DPU 289) [0]= 123 [1]= 140 [2]= 155 [3]=   0 [4]=   0 [5]=   0 [6]=   0 [7]=   0 [8]=   0 [9]=   0 [10]=   0 [11]=   0 
after  (DPU 289) [0]= 123 [1]= 140 [2]= 155 [3]=   0 [4]=   0 [5]=   0 [6]=   0 [7]=   0 [8]=   0 [9]=   0 [10]=   0 [11]=   0 
before (DPU 290) [0]= 152 [1]= 140 [2]= 143 [3]=   0 [4]=   0 [5]=   0 [6]=   0 [7]=   0 [8]=   0 [9]=   0 [10]=   0 [11]=   0 
after  (DPU 290) [0]= 152 [1]= 140 [2]= 143 [3]=   0 [4]=   0 [5]=   0 [6]=   0 [7]=   0 [8]=   0 [9]=   0 [10]=   0 [11]=   0 
before (DPU 291) [0]= 153 [1]= 171 [2]= 139 [3]=   0 [4]=   0 [5]=   0 [6]=   0 [7]=   0 [8]=   0 [9]=   0 [10]=   0 [11]=   0 
after  (DPU 291) [0]= 153 [1]= 171 [2]= 139 [3]=   0 [4]=   0 [5]=   0 [6]=   0 [7]=   0 [8]=   0 [9]=   0 [10]=   0 [11]=   0 
before (DPU 292) [0]= 138 [1]= 170 [2]= 151 [3]=   0 [4]=   0 [5]=   0 [6]=   0 [7]=   0 [8]=   0 [9]=   0 [10]=   0 [11]=   0 
after  (DPU 292) [0]= 138 [1]= 170 [2]= 151 [3]=   0 [4]=   0 [5]=   0 [6]=   0 [7]=   0 [8]=   0 [9]=   0 [10]=   0 [11]=   0 
before (DPU 293) [0]= 145 [1]= 140 [2]= 122 [3]=   0 [4]=   0 [5]=   0 [6]=   0 [7]=   0 [8]=   0 [9]=   0 [10]=   0 [11]=   0 
after  (DPU 293) [0]= 145 [1]= 140 [2]= 122 [3]=   0 [4]=   0 [5]=   0 [6]=   0 [7]=   0 [8]=   0 [9]=   0 [10]=   0 [11]=   0 
before (DPU 294) [0]= 129 [1]= 148 [2]= 155 [3]=   0 [4]=   0 [5]=   0 [6]=   0 [7]=   0 [8]=   0 [9]=   0 [10]=   0 [11]=   0 
after  (DPU 294) [0]= 129 [1]= 148 [2]= 155 [3]=   0 [4]=   0 [5]=   0 [6]=   0 [7]=   0 [8]=   0 [9]=   0 [10]=   0 [11]=   0 
before (DPU 295) [0]= 152 [1]= 127 [2]= 148 [3]=   0 [4]=   0 [5]=   0 [6]=   0 [7]=   0 [8]=   0 [9]=   0 [10]=   0 [11]=   0 
after  (DPU 295) [0]= 152 [1]= 127 [2]= 148 [3]=   0 [4]=   0 [5]=   0 [6]=   0 [7]=   0 [8]=   0 [9]=   0 [10]=   0 [11]=   0 
before (DPU 296) [0]= 160 [1]= 140 [2]= 118 [3]=   0 [4]=   0 [5]=   0 [6]=   0 [7]=   0 [8]=   0 [9]=   0 [10]=   0 [11]=   0 
after  (DPU 296) [0]= 160 [1]= 140 [2]= 118 [3]=   0 [4]=   0 [5]=   0 [6]=   0 [7]=   0 [8]=   0 [9]=   0 [10]=   0 [11]=   0 
before (DPU 297) [0]= 139 [1]= 149 [2]= 113 [3]=   0 [4]=   0 [5]=   0 [6]=   0 [7]=   0 [8]=   0 [9]=   0 [10]=   0 [11]=   0 
after  (DPU 297) [0]= 139 [1]= 149 [2]= 113 [3]=   0 [4]=   0 [5]=   0 [6]=   0 [7]=   0 [8]=   0 [9]=   0 [10]=   0 [11]=   0 
before (DPU 298) [0]= 119 [1]= 149 [2]= 156 [3]=   0 [4]=   0 [5]=   0 [6]=   0 [7]=   0 [8]=   0 [9]=   0 [10]=   0 [11]=   0 
after  (DPU 298) [0]= 119 [1]= 149 [2]= 156 [3]=   0 [4]=   0 [5]=   0 [6]=   0 [7]=   0 [8]=   0 [9]=   0 [10]=   0 [11]=   0 
before (DPU 299) [0]= 144 [1]= 141 [2]= 128 [3]=   0 [4]=   0 [5]=   0 [6]=   0 [7]=   0 [8]=   0 [9]=   0 [10]=   0 [11]=   0 
after  (DPU 299) [0]= 144 [1]= 141 [2]= 128 [3]=   0 [4]=   0 [5]=   0 [6]=   0 [7]=   0 [8]=   0 [9]=   0 [10]=   0 [11]=   0 
before (DPU 300) [0]= 117 [1]= 152 [2]= 118 [3]=   0 [4]=   0 [5]=   0 [6]=   0 [7]=   0 [8]=   0 [9]=   0 [10]=   0 [11]=   0 
after  (DPU 300) [0]= 117 [1]= 152 [2]= 118 [3]=   0 [4]=   0 [5]=   0 [6]=   0 [7]=   0 [8]=   0 [9]=   0 [10]=   0 [11]=   0 
before (DPU 301) [0]= 137 [1]= 142 [2]= 150 [3]=   0 [4]=   0 [5]=   0 [6]=   0 [7]=   0 [8]=   0 [9]=   0 [10]=   0 [11]=   0 
after  (DPU 301) [0]= 137 [1]= 142 [2]= 150 [3]=   0 [4]=   0 [5]=   0 [6]=   0 [7]=   0 [8]=   0 [9]=   0 [10]=   0 [11]=   0 
before (DPU 302) [0]= 140 [1]= 133 [2]= 124 [3]=   0 [4]=   0 [5]=   0 [6]=   0 [7]=   0 [8]=   0 [9]=   0 [10]=   0 [11]=   0 
after  (DPU 302) [0]= 140 [1]= 133 [2]= 124 [3]=   0 [4]=   0 [5]=   0 [6]=   0 [7]=   0 [8]=   0 [9]=   0 [10]=   0 [11]=   0 
before (DPU 303) [0]= 144 [1]= 122 [2]= 139 [3]=   0 [4]=   0 [5]=   0 [6]=   0 [7]=   0 [8]=   0 [9]=   0 [10]=   0 [11]=   0 
after  (DPU 303) [0]= 144 [1]= 122 [2]= 139 [3]=   0 [4]=   0 [5]=   0 [6]=   0 [7]=   0 [8]=   0 [9]=   0 [10]=   0 [11]=   0 
before (DPU 304) [0]= 139 [1]= 128 [2]= 133 [3]=   0 [4]=   0 [5]=   0 [6]=   0 [7]=   0 [8]=   0 [9]=   0 [10]=   0 [11]=   0 
after  (DPU 304) [0]= 139 [1]= 128 [2]= 133 [3]=   0 [4]=   0 [5]=   0 [6]=   0 [7]=   0 [8]=   0 [9]=   0 [10]=   0 [11]=   0 
before (DPU 305) [0]= 130 [1]= 145 [2]= 154 [3]=   0 [4]=   0 [5]=   0 [6]=   0 [7]=   0 [8]=   0 [9]=   0 [10]=   0 [11]=   0 
after  (DPU 305) [0]= 130 [1]= 145 [2]= 154 [3]=   0 [4]=   0 [5]=   0 [6]=   0 [7]=   0 [8]=   0 [9]=   0 [10]=   0 [11]=   0 
before (DPU 306) [0]= 127 [1]= 132 [2]= 132 [3]=   0 [4]=   0 [5]=   0 [6]=   0 [7]=   0 [8]=   0 [9]=   0 [10]=   0 [11]=   0 
after  (DPU 306) [0]= 127 [1]= 132 [2]= 132 [3]=   0 [4]=   0 [5]=   0 [6]=   0 [7]=   0 [8]=   0 [9]=   0 [10]=   0 [11]=   0 
before (DPU 307) [0]= 131 [1]= 164 [2]= 115 [3]=   0 [4]=   0 [5]=   0 [6]=   0 [7]=   0 [8]=   0 [9]=   0 [10]=   0 [11]=   0 
after  (DPU 307) [0]= 131 [1]= 164 [2]= 115 [3]=   0 [4]=   0 [5]=   0 [6]=   0 [7]=   0 [8]=   0 [9]=   0 [10]=   0 [11]=   0 
before (DPU 308) [0]= 124 [1]= 112 [2]= 137 [3]=   0 [4]=   0 [5]=   0 [6]=   0 [7]=   0 [8]=   0 [9]=   0 [10]=   0 [11]=   0 
after  (DPU 308) [0]= 124 [1]= 112 [2]= 137 [3]=   0 [4]=   0 [5]=   0 [6]=   0 [7]=   0 [8]=   0 [9]=   0 [10]=   0 [11]=   0 
before (DPU 309) [0]= 157 [1]= 113 [2]= 146 [3]=   0 [4]=   0 [5]=   0 [6]=   0 [7]=   0 [8]=   0 [9]=   0 [10]=   0 [11]=   0 
after  (DPU 309) [0]= 157 [1]= 113 [2]= 146 [3]=   0 [4]=   0 [5]=   0 [6]=   0 [7]=   0 [8]=   0 [9]=   0 [10]=   0 [11]=   0 
before (DPU 310) [0]= 141 [1]= 121 [2]= 142 [3]=   0 [4]=   0 [5]=   0 [6]=   0 [7]=   0 [8]=   0 [9]=   0 [10]=   0 [11]=   0 
after  (DPU 310) [0]= 141 [1]= 121 [2]= 142 [3]=   0 [4]=   0 [5]=   0 [6]=   0 [7]=   0 [8]=   0 [9]=   0 [10]=   0 [11]=   0 
before (DPU 311) [0]= 127 [1]= 123 [2]= 153 [3]=   0 [4]=   0 [5]=   0 [6]=   0 [7]=   0 [8]=   0 [9]=   0 [10]=   0 [11]=   0 
after  (DPU 311) [0]= 127 [1]= 123 [2]= 153 [3]=   0 [4]=   0 [5]=   0 [6]=   0 [7]=   0 [8]=   0 [9]=   0 [10]=   0 [11]=   0 
before (DPU 312) [0]= 128 [1]= 109 [2]= 156 [3]=   0 [4]=   0 [5]=   0 [6]=   0 [7]=   0 [8]=   0 [9]=   0 [10]=   0 [11]=   0 
after  (DPU 312) [0]= 128 [1]= 109 [2]= 156 [3]=   0 [4]=   0 [5]=   0 [6]=   0 [7]=   0 [8]=   0 [9]=   0 [10]=   0 [11]=   0 
before (DPU 313) [0]= 128 [1]= 125 [2]= 107 [3]=   0 [4]=   0 [5]=   0 [6]=   0 [7]=   0 [8]=   0 [9]=   0 [10]=   0 [11]=   0 
after  (DPU 313) [0]= 128 [1]= 125 [2]= 107 [3]=   0 [4]=   0 [5]=   0 [6]=   0 [7]=   0 [8]=   0 [9]=   0 [10]=   0 [11]=   0 
before (DPU 314) [0]= 122 [1]= 144 [2]= 127 [3]=   0 [4]=   0 [5]=   0 [6]=   0 [7]=   0 [8]=   0 [9]=   0 [10]=   0 [11]=   0 
after  (DPU 314) [0]= 122 [1]= 144 [2]= 127 [3]=   0 [4]=   0 [5]=   0 [6]=   0 [7]=   0 [8]=   0 [9]=   0 [10]=   0 [11]=   0 
before (DPU 315) [0]= 150 [1]= 120 [2]= 147 [3]=   0 [4]=   0 [5]=   0 [6]=   0 [7]=   0 [8]=   0 [9]=   0 [10]=   0 [11]=   0 
after  (DPU 315) [0]= 150 [1]= 120 [2]= 147 [3]=   0 [4]=   0 [5]=   0 [6]=   0 [7]=   0 [8]=   0 [9]=   0 [10]=   0 [11]=   0 
before (DPU 316) [0]= 114 [1]= 134 [2]= 143 [3]=   0 [4]=   0 [5]=   0 [6]=   0 [7]=   0 [8]=   0 [9]=   0 [10]=   0 [11]=   0 
after  (DPU 316) [0]= 114 [1]= 134 [2]= 143 [3]=   0 [4]=   0 [5]=   0 [6]=   0 [7]=   0 [8]=   0 [9]=   0 [10]=   0 [11]=   0 
before (DPU 317) [0]= 121 [1]= 125 [2]= 125 [3]=   0 [4]=   0 [5]=   0 [6]=   0 [7]=   0 [8]=   0 [9]=   0 [10]=   0 [11]=   0 
after  (DPU 317) [0]= 121 [1]= 125 [2]= 125 [3]=   0 [4]=   0 [5]=   0 [6]=   0 [7]=   0 [8]=   0 [9]=   0 [10]=   0 [11]=   0 
before (DPU 318) [0]= 137 [1]= 148 [2]= 132 [3]=   0 [4]=   0 [5]=   0 [6]=   0 [7]=   0 [8]=   0 [9]=   0 [10]=   0 [11]=   0 
after  (DPU 318) [0]= 137 [1]= 148 [2]= 132 [3]=   0 [4]=   0 [5]=   0 [6]=   0 [7]=   0 [8]=   0 [9]=   0 [10]=   0 [11]=   0 
before (DPU 319) [0]= 128 [1]= 129 [2]= 141 [3]=   0 [4]=   0 [5]=   0 [6]=   0 [7]=   0 [8]=   0 [9]=   0 [10]=   0 [11]=   0 
after  (DPU 319) [0]= 128 [1]= 129 [2]= 141 [3]=   0 [4]=   0 [5]=   0 [6]=   0 [7]=   0 [8]=   0 [9]=   0 [10]=   0 [11]=   0 
before (DPU 320) [0]= 117 [1]= 112 [2]= 126 [3]=   0 [4]=   0 [5]=   0 [6]=   0 [7]=   0 [8]=   0 [9]=   0 [10]=   0 [11]=   0 
after  (DPU 320) [0]= 117 [1]= 112 [2]= 126 [3]=   0 [4]=   0 [5]=   0 [6]=   0 [7]=   0 [8]=   0 [9]=   0 [10]=   0 [11]=   0 
before (DPU 321) [0]= 137 [1]= 138 [2]= 131 [3]=   0 [4]=   0 [5]=   0 [6]=   0 [7]=   0 [8]=   0 [9]=   0 [10]=   0 [11]=   0 
after  (DPU 321) [0]= 137 [1]= 138 [2]= 131 [3]=   0 [4]=   0 [5]=   0 [6]=   0 [7]=   0 [8]=   0 [9]=   0 [10]=   0 [11]=   0 
before (DPU 322) [0]= 130 [1]= 128 [2]= 129 [3]=   0 [4]=   0 [5]=   0 [6]=   0 [7]=   0 [8]=   0 [9]=   0 [10]=   0 [11]=   0 
after  (DPU 322) [0]= 130 [1]= 128 [2]= 129 [3]=   0 [4]=   0 [5]=   0 [6]=   0 [7]=   0 [8]=   0 [9]=   0 [10]=   0 [11]=   0 
before (DPU 323) [0]= 131 [1]= 136 [2]= 109 [3]=   0 [4]=   0 [5]=   0 [6]=   0 [7]=   0 [8]=   0 [9]=   0 [10]=   0 [11]=   0 
after  (DPU 323) [0]= 131 [1]= 136 [2]= 109 [3]=   0 [4]=   0 [5]=   0 [6]=   0 [7]=   0 [8]=   0 [9]=   0 [10]=   0 [11]=   0 
before (DPU 324) [0]= 108 [1]= 111 [2]= 124 [3]=   0 [4]=   0 [5]=   0 [6]=   0 [7]=   0 [8]=   0 [9]=   0 [10]=   0 [11]=   0 
after  (DPU 324) [0]= 108 [1]= 111 [2]= 124 [3]=   0 [4]=   0 [5]=   0 [6]=   0 [7]=   0 [8]=   0 [9]=   0 [10]=   0 [11]=   0 
before (DPU 325) [0]= 127 [1]= 141 [2]= 122 [3]=   0 [4]=   0 [5]=   0 [6]=   0 [7]=   0 [8]=   0 [9]=   0 [10]=   0 [11]=   0 
after  (DPU 325) [0]= 127 [1]= 141 [2]= 122 [3]=   0 [4]=   0 [5]=   0 [6]=   0 [7]=   0 [8]=   0 [9]=   0 [10]=   0 [11]=   0 
before (DPU 326) [0]= 130 [1]= 116 [2]= 135 [3]=   0 [4]=   0 [5]=   0 [6]=   0 [7]=   0 [8]=   0 [9]=   0 [10]=   0 [11]=   0 
after  (DPU 326) [0]= 130 [1]= 116 [2]= 135 [3]=   0 [4]=   0 [5]=   0 [6]=   0 [7]=   0 [8]=   0 [9]=   0 [10]=   0 [11]=   0 
before (DPU 327) [0]= 129 [1]= 118 [2]= 131 [3]=   0 [4]=   0 [5]=   0 [6]=   0 [7]=   0 [8]=   0 [9]=   0 [10]=   0 [11]=   0 
after  (DPU 327) [0]= 129 [1]= 118 [2]= 131 [3]=   0 [4]=   0 [5]=   0 [6]=   0 [7]=   0 [8]=   0 [9]=   0 [10]=   0 [11]=   0 
before (DPU 328) [0]= 129 [1]= 138 [2]= 111 [3]=   0 [4]=   0 [5]=   0 [6]=   0 [7]=   0 [8]=   0 [9]=   0 [10]=   0 [11]=   0 
after  (DPU 328) [0]= 129 [1]= 138 [2]= 111 [3]=   0 [4]=   0 [5]=   0 [6]=   0 [7]=   0 [8]=   0 [9]=   0 [10]=   0 [11]=   0 
before (DPU 329) [0]= 123 [1]= 125 [2]= 152 [3]=   0 [4]=   0 [5]=   0 [6]=   0 [7]=   0 [8]=   0 [9]=   0 [10]=   0 [11]=   0 
after  (DPU 329) [0]= 123 [1]= 125 [2]= 152 [3]=   0 [4]=   0 [5]=   0 [6]=   0 [7]=   0 [8]=   0 [9]=   0 [10]=   0 [11]=   0 
before (DPU 330) [0]= 141 [1]= 122 [2]= 126 [3]=   0 [4]=   0 [5]=   0 [6]=   0 [7]=   0 [8]=   0 [9]=   0 [10]=   0 [11]=   0 
after  (DPU 330) [0]= 141 [1]= 122 [2]= 126 [3]=   0 [4]=   0 [5]=   0 [6]=   0 [7]=   0 [8]=   0 [9]=   0 [10]=   0 [11]=   0 
before (DPU 331) [0]= 128 [1]= 131 [2]= 137 [3]=   0 [4]=   0 [5]=   0 [6]=   0 [7]=   0 [8]=   0 [9]=   0 [10]=   0 [11]=   0 
after  (DPU 331) [0]= 128 [1]= 131 [2]= 137 [3]=   0 [4]=   0 [5]=   0 [6]=   0 [7]=   0 [8]=   0 [9]=   0 [10]=   0 [11]=   0 
before (DPU 332) [0]= 124 [1]= 117 [2]= 121 [3]=   0 [4]=   0 [5]=   0 [6]=   0 [7]=   0 [8]=   0 [9]=   0 [10]=   0 [11]=   0 
after  (DPU 332) [0]= 124 [1]= 117 [2]= 121 [3]=   0 [4]=   0 [5]=   0 [6]=   0 [7]=   0 [8]=   0 [9]=   0 [10]=   0 [11]=   0 
before (DPU 333) [0]= 123 [1]= 111 [2]= 126 [3]=   0 [4]=   0 [5]=   0 [6]=   0 [7]=   0 [8]=   0 [9]=   0 [10]=   0 [11]=   0 
after  (DPU 333) [0]= 123 [1]= 111 [2]= 126 [3]=   0 [4]=   0 [5]=   0 [6]=   0 [7]=   0 [8]=   0 [9]=   0 [10]=   0 [11]=   0 
before (DPU 334) [0]= 132 [1]= 120 [2]= 124 [3]=   0 [4]=   0 [5]=   0 [6]=   0 [7]=   0 [8]=   0 [9]=   0 [10]=   0 [11]=   0 
after  (DPU 334) [0]= 132 [1]= 120 [2]= 124 [3]=   0 [4]=   0 [5]=   0 [6]=   0 [7]=   0 [8]=   0 [9]=   0 [10]=   0 [11]=   0 
before (DPU 335) [0]= 113 [1]= 124 [2]= 119 [3]=   0 [4]=   0 [5]=   0 [6]=   0 [7]=   0 [8]=   0 [9]=   0 [10]=   0 [11]=   0 
after  (DPU 335) [0]= 113 [1]= 124 [2]= 119 [3]=   0 [4]=   0 [5]=   0 [6]=   0 [7]=   0 [8]=   0 [9]=   0 [10]=   0 [11]=   0 
before (DPU 336) [0]= 141 [1]= 123 [2]= 113 [3]=   0 [4]=   0 [5]=   0 [6]=   0 [7]=   0 [8]=   0 [9]=   0 [10]=   0 [11]=   0 
after  (DPU 336) [0]= 141 [1]= 123 [2]= 113 [3]=   0 [4]=   0 [5]=   0 [6]=   0 [7]=   0 [8]=   0 [9]=   0 [10]=   0 [11]=   0 
before (DPU 337) [0]= 120 [1]= 137 [2]= 121 [3]=   0 [4]=   0 [5]=   0 [6]=   0 [7]=   0 [8]=   0 [9]=   0 [10]=   0 [11]=   0 
after  (DPU 337) [0]= 120 [1]= 137 [2]= 121 [3]=   0 [4]=   0 [5]=   0 [6]=   0 [7]=   0 [8]=   0 [9]=   0 [10]=   0 [11]=   0 
before (DPU 338) [0]= 107 [1]= 127 [2]= 122 [3]=   0 [4]=   0 [5]=   0 [6]=   0 [7]=   0 [8]=   0 [9]=   0 [10]=   0 [11]=   0 
after  (DPU 338) [0]= 107 [1]= 127 [2]= 122 [3]=   0 [4]=   0 [5]=   0 [6]=   0 [7]=   0 [8]=   0 [9]=   0 [10]=   0 [11]=   0 
before (DPU 339) [0]= 132 [1]= 118 [2]= 136 [3]=   0 [4]=   0 [5]=   0 [6]=   0 [7]=   0 [8]=   0 [9]=   0 [10]=   0 [11]=   0 
after  (DPU 339) [0]= 132 [1]= 118 [2]= 136 [3]=   0 [4]=   0 [5]=   0 [6]=   0 [7]=   0 [8]=   0 [9]=   0 [10]=   0 [11]=   0 
before (DPU 340) [0]= 128 [1]= 112 [2]= 100 [3]=   0 [4]=   0 [5]=   0 [6]=   0 [7]=   0 [8]=   0 [9]=   0 [10]=   0 [11]=   0 
after  (DPU 340) [0]= 128 [1]= 112 [2]= 100 [3]=   0 [4]=   0 [5]=   0 [6]=   0 [7]=   0 [8]=   0 [9]=   0 [10]=   0 [11]=   0 
before (DPU 341) [0]= 125 [1]= 124 [2]= 127 [3]=   0 [4]=   0 [5]=   0 [6]=   0 [7]=   0 [8]=   0 [9]=   0 [10]=   0 [11]=   0 
after  (DPU 341) [0]= 125 [1]= 124 [2]= 127 [3]=   0 [4]=   0 [5]=   0 [6]=   0 [7]=   0 [8]=   0 [9]=   0 [10]=   0 [11]=   0 
before (DPU 342) [0]= 116 [1]= 121 [2]= 127 [3]=   0 [4]=   0 [5]=   0 [6]=   0 [7]=   0 [8]=   0 [9]=   0 [10]=   0 [11]=   0 
after  (DPU 342) [0]= 116 [1]= 121 [2]= 127 [3]=   0 [4]=   0 [5]=   0 [6]=   0 [7]=   0 [8]=   0 [9]=   0 [10]=   0 [11]=   0 
before (DPU 343) [0]= 108 [1]= 122 [2]= 116 [3]=   0 [4]=   0 [5]=   0 [6]=   0 [7]=   0 [8]=   0 [9]=   0 [10]=   0 [11]=   0 
after  (DPU 343) [0]= 108 [1]= 122 [2]= 116 [3]=   0 [4]=   0 [5]=   0 [6]=   0 [7]=   0 [8]=   0 [9]=   0 [10]=   0 [11]=   0 
before (DPU 344) [0]= 114 [1]= 102 [2]= 110 [3]=   0 [4]=   0 [5]=   0 [6]=   0 [7]=   0 [8]=   0 [9]=   0 [10]=   0 [11]=   0 
after  (DPU 344) [0]= 114 [1]= 102 [2]= 110 [3]=   0 [4]=   0 [5]=   0 [6]=   0 [7]=   0 [8]=   0 [9]=   0 [10]=   0 [11]=   0 
before (DPU 345) [0]= 130 [1]= 110 [2]= 129 [3]=   0 [4]=   0 [5]=   0 [6]=   0 [7]=   0 [8]=   0 [9]=   0 [10]=   0 [11]=   0 
after  (DPU 345) [0]= 130 [1]= 110 [2]= 129 [3]=   0 [4]=   0 [5]=   0 [6]=   0 [7]=   0 [8]=   0 [9]=   0 [10]=   0 [11]=   0 
before (DPU 346) [0]= 104 [1]= 131 [2]= 112 [3]=   0 [4]=   0 [5]=   0 [6]=   0 [7]=   0 [8]=   0 [9]=   0 [10]=   0 [11]=   0 
after  (DPU 346) [0]= 104 [1]= 131 [2]= 112 [3]=   0 [4]=   0 [5]=   0 [6]=   0 [7]=   0 [8]=   0 [9]=   0 [10]=   0 [11]=   0 
before (DPU 347) [0]= 129 [1]= 132 [2]= 100 [3]=   0 [4]=   0 [5]=   0 [6]=   0 [7]=   0 [8]=   0 [9]=   0 [10]=   0 [11]=   0 
after  (DPU 347) [0]= 129 [1]= 132 [2]= 100 [3]=   0 [4]=   0 [5]=   0 [6]=   0 [7]=   0 [8]=   0 [9]=   0 [10]=   0 [11]=   0 
before (DPU 348) [0]= 107 [1]= 139 [2]= 125 [3]=   0 [4]=   0 [5]=   0 [6]=   0 [7]=   0 [8]=   0 [9]=   0 [10]=   0 [11]=   0 
after  (DPU 348) [0]= 107 [1]= 139 [2]= 125 [3]=   0 [4]=   0 [5]=   0 [6]=   0 [7]=   0 [8]=   0 [9]=   0 [10]=   0 [11]=   0 
before (DPU 349) [0]= 123 [1]= 122 [2]= 109 [3]=   0 [4]=   0 [5]=   0 [6]=   0 [7]=   0 [8]=   0 [9]=   0 [10]=   0 [11]=   0 
after  (DPU 349) [0]= 123 [1]= 122 [2]= 109 [3]=   0 [4]=   0 [5]=   0 [6]=   0 [7]=   0 [8]=   0 [9]=   0 [10]=   0 [11]=   0 
before (DPU 350) [0]= 112 [1]= 119 [2]= 116 [3]=   0 [4]=   0 [5]=   0 [6]=   0 [7]=   0 [8]=   0 [9]=   0 [10]=   0 [11]=   0 
after  (DPU 350) [0]= 112 [1]= 119 [2]= 116 [3]=   0 [4]=   0 [5]=   0 [6]=   0 [7]=   0 [8]=   0 [9]=   0 [10]=   0 [11]=   0 
before (DPU 351) [0]= 110 [1]= 118 [2]= 116 [3]=   0 [4]=   0 [5]=   0 [6]=   0 [7]=   0 [8]=   0 [9]=   0 [10]=   0 [11]=   0 
after  (DPU 351) [0]= 110 [1]= 118 [2]= 116 [3]=   0 [4]=   0 [5]=   0 [6]=   0 [7]=   0 [8]=   0 [9]=   0 [10]=   0 [11]=   0 
before (DPU 352) [0]= 103 [1]= 139 [2]= 122 [3]=   0 [4]=   0 [5]=   0 [6]=   0 [7]=   0 [8]=   0 [9]=   0 [10]=   0 [11]=   0 
after  (DPU 352) [0]= 103 [1]= 139 [2]= 122 [3]=   0 [4]=   0 [5]=   0 [6]=   0 [7]=   0 [8]=   0 [9]=   0 [10]=   0 [11]=   0 
before (DPU 353) [0]=  99 [1]= 105 [2]= 101 [3]=   0 [4]=   0 [5]=   0 [6]=   0 [7]=   0 [8]=   0 [9]=   0 [10]=   0 [11]=   0 
after  (DPU 353) [0]=  99 [1]= 105 [2]= 101 [3]=   0 [4]=   0 [5]=   0 [6]=   0 [7]=   0 [8]=   0 [9]=   0 [10]=   0 [11]=   0 
before (DPU 354) [0]= 107 [1]= 128 [2]= 125 [3]=   0 [4]=   0 [5]=   0 [6]=   0 [7]=   0 [8]=   0 [9]=   0 [10]=   0 [11]=   0 
after  (DPU 354) [0]= 107 [1]= 128 [2]= 125 [3]=   0 [4]=   0 [5]=   0 [6]=   0 [7]=   0 [8]=   0 [9]=   0 [10]=   0 [11]=   0 
before (DPU 355) [0]= 132 [1]= 104 [2]=  92 [3]=   0 [4]=   0 [5]=   0 [6]=   0 [7]=   0 [8]=   0 [9]=   0 [10]=   0 [11]=   0 
after  (DPU 355) [0]= 132 [1]= 104 [2]=  92 [3]=   0 [4]=   0 [5]=   0 [6]=   0 [7]=   0 [8]=   0 [9]=   0 [10]=   0 [11]=   0 
before (DPU 356) [0]= 111 [1]= 106 [2]= 102 [3]=   0 [4]=   0 [5]=   0 [6]=   0 [7]=   0 [8]=   0 [9]=   0 [10]=   0 [11]=   0 
after  (DPU 356) [0]= 111 [1]= 106 [2]= 102 [3]=   0 [4]=   0 [5]=   0 [6]=   0 [7]=   0 [8]=   0 [9]=   0 [10]=   0 [11]=   0 
before (DPU 357) [0]= 124 [1]= 114 [2]= 119 [3]=   0 [4]=   0 [5]=   0 [6]=   0 [7]=   0 [8]=   0 [9]=   0 [10]=   0 [11]=   0 
after  (DPU 357) [0]= 124 [1]= 114 [2]= 119 [3]=   0 [4]=   0 [5]=   0 [6]=   0 [7]=   0 [8]=   0 [9]=   0 [10]=   0 [11]=   0 
before (DPU 358) [0]= 104 [1]= 100 [2]= 124 [3]=   0 [4]=   0 [5]=   0 [6]=   0 [7]=   0 [8]=   0 [9]=   0 [10]=   0 [11]=   0 
after  (DPU 358) [0]= 104 [1]= 100 [2]= 124 [3]=   0 [4]=   0 [5]=   0 [6]=   0 [7]=   0 [8]=   0 [9]=   0 [10]=   0 [11]=   0 
before (DPU 359) [0]= 108 [1]= 101 [2]= 117 [3]=   0 [4]=   0 [5]=   0 [6]=   0 [7]=   0 [8]=   0 [9]=   0 [10]=   0 [11]=   0 
after  (DPU 359) [0]= 108 [1]= 101 [2]= 117 [3]=   0 [4]=   0 [5]=   0 [6]=   0 [7]=   0 [8]=   0 [9]=   0 [10]=   0 [11]=   0 
before (DPU 360) [0]= 122 [1]= 116 [2]= 100 [3]=   0 [4]=   0 [5]=   0 [6]=   0 [7]=   0 [8]=   0 [9]=   0 [10]=   0 [11]=   0 
after  (DPU 360) [0]= 122 [1]= 116 [2]= 100 [3]=   0 [4]=   0 [5]=   0 [6]=   0 [7]=   0 [8]=   0 [9]=   0 [10]=   0 [11]=   0 
before (DPU 361) [0]= 109 [1]= 109 [2]= 122 [3]=   0 [4]=   0 [5]=   0 [6]=   0 [7]=   0 [8]=   0 [9]=   0 [10]=   0 [11]=   0 
after  (DPU 361) [0]= 109 [1]= 109 [2]= 122 [3]=   0 [4]=   0 [5]=   0 [6]=   0 [7]=   0 [8]=   0 [9]=   0 [10]=   0 [11]=   0 
before (DPU 362) [0]= 110 [1]= 124 [2]= 113 [3]=   0 [4]=   0 [5]=   0 [6]=   0 [7]=   0 [8]=   0 [9]=   0 [10]=   0 [11]=   0 
after  (DPU 362) [0]= 110 [1]= 124 [2]= 113 [3]=   0 [4]=   0 [5]=   0 [6]=   0 [7]=   0 [8]=   0 [9]=   0 [10]=   0 [11]=   0 
before (DPU 363) [0]= 115 [1]= 114 [2]= 108 [3]=   0 [4]=   0 [5]=   0 [6]=   0 [7]=   0 [8]=   0 [9]=   0 [10]=   0 [11]=   0 
after  (DPU 363) [0]= 115 [1]= 114 [2]= 108 [3]=   0 [4]=   0 [5]=   0 [6]=   0 [7]=   0 [8]=   0 [9]=   0 [10]=   0 [11]=   0 
before (DPU 364) [0]= 111 [1]= 122 [2]= 123 [3]=   0 [4]=   0 [5]=   0 [6]=   0 [7]=   0 [8]=   0 [9]=   0 [10]=   0 [11]=   0 
after  (DPU 364) [0]= 111 [1]= 122 [2]= 123 [3]=   0 [4]=   0 [5]=   0 [6]=   0 [7]=   0 [8]=   0 [9]=   0 [10]=   0 [11]=   0 
before (DPU 365) [0]= 106 [1]= 125 [2]= 100 [3]=   0 [4]=   0 [5]=   0 [6]=   0 [7]=   0 [8]=   0 [9]=   0 [10]=   0 [11]=   0 
after  (DPU 365) [0]= 106 [1]= 125 [2]= 100 [3]=   0 [4]=   0 [5]=   0 [6]=   0 [7]=   0 [8]=   0 [9]=   0 [10]=   0 [11]=   0 
before (DPU 366) [0]=  99 [1]= 114 [2]= 114 [3]=   0 [4]=   0 [5]=   0 [6]=   0 [7]=   0 [8]=   0 [9]=   0 [10]=   0 [11]=   0 
after  (DPU 366) [0]=  99 [1]= 114 [2]= 114 [3]=   0 [4]=   0 [5]=   0 [6]=   0 [7]=   0 [8]=   0 [9]=   0 [10]=   0 [11]=   0 
before (DPU 367) [0]= 111 [1]=  99 [2]= 104 [3]=   0 [4]=   0 [5]=   0 [6]=   0 [7]=   0 [8]=   0 [9]=   0 [10]=   0 [11]=   0 
after  (DPU 367) [0]= 111 [1]=  99 [2]= 104 [3]=   0 [4]=   0 [5]=   0 [6]=   0 [7]=   0 [8]=   0 [9]=   0 [10]=   0 [11]=   0 
before (DPU 368) [0]= 106 [1]= 104 [2]= 114 [3]=   0 [4]=   0 [5]=   0 [6]=   0 [7]=   0 [8]=   0 [9]=   0 [10]=   0 [11]=   0 
after  (DPU 368) [0]= 106 [1]= 104 [2]= 114 [3]=   0 [4]=   0 [5]=   0 [6]=   0 [7]=   0 [8]=   0 [9]=   0 [10]=   0 [11]=   0 
before (DPU 369) [0]=  81 [1]= 114 [2]= 113 [3]=   0 [4]=   0 [5]=   0 [6]=   0 [7]=   0 [8]=   0 [9]=   0 [10]=   0 [11]=   0 
after  (DPU 369) [0]=  81 [1]= 114 [2]= 113 [3]=   0 [4]=   0 [5]=   0 [6]=   0 [7]=   0 [8]=   0 [9]=   0 [10]=   0 [11]=   0 
before (DPU 370) [0]= 125 [1]= 106 [2]= 117 [3]=   0 [4]=   0 [5]=   0 [6]=   0 [7]=   0 [8]=   0 [9]=   0 [10]=   0 [11]=   0 
after  (DPU 370) [0]= 125 [1]= 106 [2]= 117 [3]=   0 [4]=   0 [5]=   0 [6]=   0 [7]=   0 [8]=   0 [9]=   0 [10]=   0 [11]=   0 
before (DPU 371) [0]=  89 [1]= 111 [2]= 110 [3]=   0 [4]=   0 [5]=   0 [6]=   0 [7]=   0 [8]=   0 [9]=   0 [10]=   0 [11]=   0 
after  (DPU 371) [0]=  89 [1]= 111 [2]= 110 [3]=   0 [4]=   0 [5]=   0 [6]=   0 [7]=   0 [8]=   0 [9]=   0 [10]=   0 [11]=   0 
before (DPU 372) [0]= 111 [1]= 104 [2]= 103 [3]=   0 [4]=   0 [5]=   0 [6]=   0 [7]=   0 [8]=   0 [9]=   0 [10]=   0 [11]=   0 
after  (DPU 372) [0]= 111 [1]= 104 [2]= 103 [3]=   0 [4]=   0 [5]=   0 [6]=   0 [7]=   0 [8]=   0 [9]=   0 [10]=   0 [11]=   0 
before (DPU 373) [0]= 116 [1]= 104 [2]= 123 [3]=   0 [4]=   0 [5]=   0 [6]=   0 [7]=   0 [8]=   0 [9]=   0 [10]=   0 [11]=   0 
after  (DPU 373) [0]= 116 [1]= 104 [2]= 123 [3]=   0 [4]=   0 [5]=   0 [6]=   0 [7]=   0 [8]=   0 [9]=   0 [10]=   0 [11]=   0 
before (DPU 374) [0]= 120 [1]= 109 [2]= 110 [3]=   0 [4]=   0 [5]=   0 [6]=   0 [7]=   0 [8]=   0 [9]=   0 [10]=   0 [11]=   0 
after  (DPU 374) [0]= 120 [1]= 109 [2]= 110 [3]=   0 [4]=   0 [5]=   0 [6]=   0 [7]=   0 [8]=   0 [9]=   0 [10]=   0 [11]=   0 
before (DPU 375) [0]= 113 [1]=  80 [2]= 102 [3]=   0 [4]=   0 [5]=   0 [6]=   0 [7]=   0 [8]=   0 [9]=   0 [10]=   0 [11]=   0 
after  (DPU 375) [0]= 113 [1]=  80 [2]= 102 [3]=   0 [4]=   0 [5]=   0 [6]=   0 [7]=   0 [8]=   0 [9]=   0 [10]=   0 [11]=   0 
before (DPU 376) [0]= 105 [1]= 102 [2]= 102 [3]=   0 [4]=   0 [5]=   0 [6]=   0 [7]=   0 [8]=   0 [9]=   0 [10]=   0 [11]=   0 
after  (DPU 376) [0]= 105 [1]= 102 [2]= 102 [3]=   0 [4]=   0 [5]=   0 [6]=   0 [7]=   0 [8]=   0 [9]=   0 [10]=   0 [11]=   0 
before (DPU 377) [0]=  91 [1]=  95 [2]= 101 [3]=   0 [4]=   0 [5]=   0 [6]=   0 [7]=   0 [8]=   0 [9]=   0 [10]=   0 [11]=   0 
after  (DPU 377) [0]=  91 [1]=  95 [2]= 101 [3]=   0 [4]=   0 [5]=   0 [6]=   0 [7]=   0 [8]=   0 [9]=   0 [10]=   0 [11]=   0 
before (DPU 378) [0]= 110 [1]= 109 [2]= 108 [3]=   0 [4]=   0 [5]=   0 [6]=   0 [7]=   0 [8]=   0 [9]=   0 [10]=   0 [11]=   0 
after  (DPU 378) [0]= 110 [1]= 109 [2]= 108 [3]=   0 [4]=   0 [5]=   0 [6]=   0 [7]=   0 [8]=   0 [9]=   0 [10]=   0 [11]=   0 
before (DPU 379) [0]= 102 [1]= 121 [2]= 108 [3]=   0 [4]=   0 [5]=   0 [6]=   0 [7]=   0 [8]=   0 [9]=   0 [10]=   0 [11]=   0 
after  (DPU 379) [0]= 102 [1]= 121 [2]= 108 [3]=   0 [4]=   0 [5]=   0 [6]=   0 [7]=   0 [8]=   0 [9]=   0 [10]=   0 [11]=   0 
before (DPU 380) [0]= 106 [1]= 117 [2]=  87 [3]=   0 [4]=   0 [5]=   0 [6]=   0 [7]=   0 [8]=   0 [9]=   0 [10]=   0 [11]=   0 
after  (DPU 380) [0]= 106 [1]= 117 [2]=  87 [3]=   0 [4]=   0 [5]=   0 [6]=   0 [7]=   0 [8]=   0 [9]=   0 [10]=   0 [11]=   0 
before (DPU 381) [0]= 105 [1]= 103 [2]= 107 [3]=   0 [4]=   0 [5]=   0 [6]=   0 [7]=   0 [8]=   0 [9]=   0 [10]=   0 [11]=   0 
after  (DPU 381) [0]= 105 [1]= 103 [2]= 107 [3]=   0 [4]=   0 [5]=   0 [6]=   0 [7]=   0 [8]=   0 [9]=   0 [10]=   0 [11]=   0 
before (DPU 382) [0]= 105 [1]= 111 [2]= 122 [3]=   0 [4]=   0 [5]=   0 [6]=   0 [7]=   0 [8]=   0 [9]=   0 [10]=   0 [11]=   0 
after  (DPU 382) [0]= 105 [1]= 111 [2]= 122 [3]=   0 [4]=   0 [5]=   0 [6]=   0 [7]=   0 [8]=   0 [9]=   0 [10]=   0 [11]=   0 
before (DPU 383) [0]=  96 [1]= 112 [2]= 109 [3]=   0 [4]=   0 [5]=   0 [6]=   0 [7]=   0 [8]=   0 [9]=   0 [10]=   0 [11]=   0 
after  (DPU 383) [0]=  96 [1]= 112 [2]= 109 [3]=   0 [4]=   0 [5]=   0 [6]=   0 [7]=   0 [8]=   0 [9]=   0 [10]=   0 [11]=   0 
before (DPU 384) [0]=  95 [1]= 106 [2]= 109 [3]=   0 [4]=   0 [5]=   0 [6]=   0 [7]=   0 [8]=   0 [9]=   0 [10]=   0 [11]=   0 
after  (DPU 384) [0]=  95 [1]= 106 [2]= 109 [3]=   0 [4]=   0 [5]=   0 [6]=   0 [7]=   0 [8]=   0 [9]=   0 [10]=   0 [11]=   0 
before (DPU 385) [0]=  94 [1]= 107 [2]= 109 [3]=   0 [4]=   0 [5]=   0 [6]=   0 [7]=   0 [8]=   0 [9]=   0 [10]=   0 [11]=   0 
after  (DPU 385) [0]=  94 [1]= 107 [2]= 109 [3]=   0 [4]=   0 [5]=   0 [6]=   0 [7]=   0 [8]=   0 [9]=   0 [10]=   0 [11]=   0 
before (DPU 386) [0]= 105 [1]= 112 [2]= 108 [3]=   0 [4]=   0 [5]=   0 [6]=   0 [7]=   0 [8]=   0 [9]=   0 [10]=   0 [11]=   0 
after  (DPU 386) [0]= 105 [1]= 112 [2]= 108 [3]=   0 [4]=   0 [5]=   0 [6]=   0 [7]=   0 [8]=   0 [9]=   0 [10]=   0 [11]=   0 
before (DPU 387) [0]=  96 [1]= 109 [2]= 107 [3]=   0 [4]=   0 [5]=   0 [6]=   0 [7]=   0 [8]=   0 [9]=   0 [10]=   0 [11]=   0 
after  (DPU 387) [0]=  96 [1]= 109 [2]= 107 [3]=   0 [4]=   0 [5]=   0 [6]=   0 [7]=   0 [8]=   0 [9]=   0 [10]=   0 [11]=   0 
before (DPU 388) [0]= 124 [1]= 104 [2]= 105 [3]=   0 [4]=   0 [5]=   0 [6]=   0 [7]=   0 [8]=   0 [9]=   0 [10]=   0 [11]=   0 
after  (DPU 388) [0]= 124 [1]= 104 [2]= 105 [3]=   0 [4]=   0 [5]=   0 [6]=   0 [7]=   0 [8]=   0 [9]=   0 [10]=   0 [11]=   0 
before (DPU 389) [0]=  89 [1]= 113 [2]=  92 [3]=   0 [4]=   0 [5]=   0 [6]=   0 [7]=   0 [8]=   0 [9]=   0 [10]=   0 [11]=   0 
after  (DPU 389) [0]=  89 [1]= 113 [2]=  92 [3]=   0 [4]=   0 [5]=   0 [6]=   0 [7]=   0 [8]=   0 [9]=   0 [10]=   0 [11]=   0 
before (DPU 390) [0]= 101 [1]= 119 [2]= 106 [3]=   0 [4]=   0 [5]=   0 [6]=   0 [7]=   0 [8]=   0 [9]=   0 [10]=   0 [11]=   0 
after  (DPU 390) [0]= 101 [1]= 119 [2]= 106 [3]=   0 [4]=   0 [5]=   0 [6]=   0 [7]=   0 [8]=   0 [9]=   0 [10]=   0 [11]=   0 
before (DPU 391) [0]= 111 [1]=  96 [2]= 102 [3]=   0 [4]=   0 [5]=   0 [6]=   0 [7]=   0 [8]=   0 [9]=   0 [10]=   0 [11]=   0 
after  (DPU 391) [0]= 111 [1]=  96 [2]= 102 [3]=   0 [4]=   0 [5]=   0 [6]=   0 [7]=   0 [8]=   0 [9]=   0 [10]=   0 [11]=   0 
before (DPU 392) [0]= 116 [1]=  99 [2]= 117 [3]=   0 [4]=   0 [5]=   0 [6]=   0 [7]=   0 [8]=   0 [9]=   0 [10]=   0 [11]=   0 
after  (DPU 392) [0]= 116 [1]=  99 [2]= 117 [3]=   0 [4]=   0 [5]=   0 [6]=   0 [7]=   0 [8]=   0 [9]=   0 [10]=   0 [11]=   0 
before (DPU 393) [0]= 116 [1]= 100 [2]=  95 [3]=   0 [4]=   0 [5]=   0 [6]=   0 [7]=   0 [8]=   0 [9]=   0 [10]=   0 [11]=   0 
after  (DPU 393) [0]= 116 [1]= 100 [2]=  95 [3]=   0 [4]=   0 [5]=   0 [6]=   0 [7]=   0 [8]=   0 [9]=   0 [10]=   0 [11]=   0 
before (DPU 394) [0]= 118 [1]= 108 [2]= 110 [3]=   0 [4]=   0 [5]=   0 [6]=   0 [7]=   0 [8]=   0 [9]=   0 [10]=   0 [11]=   0 
after  (DPU 394) [0]= 118 [1]= 108 [2]= 110 [3]=   0 [4]=   0 [5]=   0 [6]=   0 [7]=   0 [8]=   0 [9]=   0 [10]=   0 [11]=   0 
before (DPU 395) [0]=  96 [1]=  99 [2]=  82 [3]=   0 [4]=   0 [5]=   0 [6]=   0 [7]=   0 [8]=   0 [9]=   0 [10]=   0 [11]=   0 
after  (DPU 395) [0]=  96 [1]=  99 [2]=  82 [3]=   0 [4]=   0 [5]=   0 [6]=   0 [7]=   0 [8]=   0 [9]=   0 [10]=   0 [11]=   0 
before (DPU 396) [0]= 107 [1]= 106 [2]= 107 [3]=   0 [4]=   0 [5]=   0 [6]=   0 [7]=   0 [8]=   0 [9]=   0 [10]=   0 [11]=   0 
after  (DPU 396) [0]= 107 [1]= 106 [2]= 107 [3]=   0 [4]=   0 [5]=   0 [6]=   0 [7]=   0 [8]=   0 [9]=   0 [10]=   0 [11]=   0 
before (DPU 397) [0]= 114 [1]= 110 [2]=  84 [3]=   0 [4]=   0 [5]=   0 [6]=   0 [7]=   0 [8]=   0 [9]=   0 [10]=   0 [11]=   0 
after  (DPU 397) [0]= 114 [1]= 110 [2]=  84 [3]=   0 [4]=   0 [5]=   0 [6]=   0 [7]=   0 [8]=   0 [9]=   0 [10]=   0 [11]=   0 
before (DPU 398) [0]= 120 [1]=  91 [2]=  91 [3]=   0 [4]=   0 [5]=   0 [6]=   0 [7]=   0 [8]=   0 [9]=   0 [10]=   0 [11]=   0 
after  (DPU 398) [0]= 120 [1]=  91 [2]=  91 [3]=   0 [4]=   0 [5]=   0 [6]=   0 [7]=   0 [8]=   0 [9]=   0 [10]=   0 [11]=   0 
before (DPU 399) [0]= 100 [1]=  99 [2]= 110 [3]=   0 [4]=   0 [5]=   0 [6]=   0 [7]=   0 [8]=   0 [9]=   0 [10]=   0 [11]=   0 
after  (DPU 399) [0]= 100 [1]=  99 [2]= 110 [3]=   0 [4]=   0 [5]=   0 [6]=   0 [7]=   0 [8]=   0 [9]=   0 [10]=   0 [11]=   0 
before (DPU 400) [0]=  92 [1]=  98 [2]= 107 [3]=   0 [4]=   0 [5]=   0 [6]=   0 [7]=   0 [8]=   0 [9]=   0 [10]=   0 [11]=   0 
after  (DPU 400) [0]=  92 [1]=  98 [2]= 107 [3]=   0 [4]=   0 [5]=   0 [6]=   0 [7]=   0 [8]=   0 [9]=   0 [10]=   0 [11]=   0 
before (DPU 401) [0]= 107 [1]= 102 [2]=  95 [3]=   0 [4]=   0 [5]=   0 [6]=   0 [7]=   0 [8]=   0 [9]=   0 [10]=   0 [11]=   0 
after  (DPU 401) [0]= 107 [1]= 102 [2]=  95 [3]=   0 [4]=   0 [5]=   0 [6]=   0 [7]=   0 [8]=   0 [9]=   0 [10]=   0 [11]=   0 
before (DPU 402) [0]= 110 [1]=  90 [2]= 105 [3]=   0 [4]=   0 [5]=   0 [6]=   0 [7]=   0 [8]=   0 [9]=   0 [10]=   0 [11]=   0 
after  (DPU 402) [0]= 110 [1]=  90 [2]= 105 [3]=   0 [4]=   0 [5]=   0 [6]=   0 [7]=   0 [8]=   0 [9]=   0 [10]=   0 [11]=   0 
before (DPU 403) [0]=  96 [1]=  97 [2]= 113 [3]=   0 [4]=   0 [5]=   0 [6]=   0 [7]=   0 [8]=   0 [9]=   0 [10]=   0 [11]=   0 
after  (DPU 403) [0]=  96 [1]=  97 [2]= 113 [3]=   0 [4]=   0 [5]=   0 [6]=   0 [7]=   0 [8]=   0 [9]=   0 [10]=   0 [11]=   0 
before (DPU 404) [0]=  97 [1]= 106 [2]=  92 [3]=   0 [4]=   0 [5]=   0 [6]=   0 [7]=   0 [8]=   0 [9]=   0 [10]=   0 [11]=   0 
after  (DPU 404) [0]=  97 [1]= 106 [2]=  92 [3]=   0 [4]=   0 [5]=   0 [6]=   0 [7]=   0 [8]=   0 [9]=   0 [10]=   0 [11]=   0 
before (DPU 405) [0]=  86 [1]=  90 [2]= 107 [3]=   0 [4]=   0 [5]=   0 [6]=   0 [7]=   0 [8]=   0 [9]=   0 [10]=   0 [11]=   0 
after  (DPU 405) [0]=  86 [1]=  90 [2]= 107 [3]=   0 [4]=   0 [5]=   0 [6]=   0 [7]=   0 [8]=   0 [9]=   0 [10]=   0 [11]=   0 
before (DPU 406) [0]=  80 [1]=  95 [2]= 101 [3]=   0 [4]=   0 [5]=   0 [6]=   0 [7]=   0 [8]=   0 [9]=   0 [10]=   0 [11]=   0 
after  (DPU 406) [0]=  80 [1]=  95 [2]= 101 [3]=   0 [4]=   0 [5]=   0 [6]=   0 [7]=   0 [8]=   0 [9]=   0 [10]=   0 [11]=   0 
before (DPU 407) [0]=  93 [1]=  99 [2]=  95 [3]=   0 [4]=   0 [5]=   0 [6]=   0 [7]=   0 [8]=   0 [9]=   0 [10]=   0 [11]=   0 
after  (DPU 407) [0]=  93 [1]=  99 [2]=  95 [3]=   0 [4]=   0 [5]=   0 [6]=   0 [7]=   0 [8]=   0 [9]=   0 [10]=   0 [11]=   0 
before (DPU 408) [0]= 110 [1]= 108 [2]= 105 [3]=   0 [4]=   0 [5]=   0 [6]=   0 [7]=   0 [8]=   0 [9]=   0 [10]=   0 [11]=   0 
after  (DPU 408) [0]= 110 [1]= 108 [2]= 105 [3]=   0 [4]=   0 [5]=   0 [6]=   0 [7]=   0 [8]=   0 [9]=   0 [10]=   0 [11]=   0 
before (DPU 409) [0]= 104 [1]= 112 [2]= 105 [3]=   0 [4]=   0 [5]=   0 [6]=   0 [7]=   0 [8]=   0 [9]=   0 [10]=   0 [11]=   0 
after  (DPU 409) [0]= 104 [1]= 112 [2]= 105 [3]=   0 [4]=   0 [5]=   0 [6]=   0 [7]=   0 [8]=   0 [9]=   0 [10]=   0 [11]=   0 
before (DPU 410) [0]=  98 [1]=  91 [2]=  80 [3]=   0 [4]=   0 [5]=   0 [6]=   0 [7]=   0 [8]=   0 [9]=   0 [10]=   0 [11]=   0 
after  (DPU 410) [0]=  98 [1]=  91 [2]=  80 [3]=   0 [4]=   0 [5]=   0 [6]=   0 [7]=   0 [8]=   0 [9]=   0 [10]=   0 [11]=   0 
before (DPU 411) [0]=  99 [1]= 113 [2]=  97 [3]=   0 [4]=   0 [5]=   0 [6]=   0 [7]=   0 [8]=   0 [9]=   0 [10]=   0 [11]=   0 
after  (DPU 411) [0]=  99 [1]= 113 [2]=  97 [3]=   0 [4]=   0 [5]=   0 [6]=   0 [7]=   0 [8]=   0 [9]=   0 [10]=   0 [11]=   0 
before (DPU 412) [0]= 116 [1]= 100 [2]= 106 [3]=   0 [4]=   0 [5]=   0 [6]=   0 [7]=   0 [8]=   0 [9]=   0 [10]=   0 [11]=   0 
after  (DPU 412) [0]= 116 [1]= 100 [2]= 106 [3]=   0 [4]=   0 [5]=   0 [6]=   0 [7]=   0 [8]=   0 [9]=   0 [10]=   0 [11]=   0 
before (DPU 413) [0]= 117 [1]=  81 [2]=  99 [3]=   0 [4]=   0 [5]=   0 [6]=   0 [7]=   0 [8]=   0 [9]=   0 [10]=   0 [11]=   0 
after  (DPU 413) [0]= 117 [1]=  81 [2]=  99 [3]=   0 [4]=   0 [5]=   0 [6]=   0 [7]=   0 [8]=   0 [9]=   0 [10]=   0 [11]=   0 
before (DPU 414) [0]=  97 [1]=  92 [2]=  97 [3]=   0 [4]=   0 [5]=   0 [6]=   0 [7]=   0 [8]=   0 [9]=   0 [10]=   0 [11]=   0 
after  (DPU 414) [0]=  97 [1]=  92 [2]=  97 [3]=   0 [4]=   0 [5]=   0 [6]=   0 [7]=   0 [8]=   0 [9]=   0 [10]=   0 [11]=   0 
before (DPU 415) [0]=  83 [1]= 102 [2]= 104 [3]=   0 [4]=   0 [5]=   0 [6]=   0 [7]=   0 [8]=   0 [9]=   0 [10]=   0 [11]=   0 
after  (DPU 415) [0]=  83 [1]= 102 [2]= 104 [3]=   0 [4]=   0 [5]=   0 [6]=   0 [7]=   0 [8]=   0 [9]=   0 [10]=   0 [11]=   0 
before (DPU 416) [0]= 104 [1]= 104 [2]= 106 [3]=   0 [4]=   0 [5]=   0 [6]=   0 [7]=   0 [8]=   0 [9]=   0 [10]=   0 [11]=   0 
after  (DPU 416) [0]= 104 [1]= 104 [2]= 106 [3]=   0 [4]=   0 [5]=   0 [6]=   0 [7]=   0 [8]=   0 [9]=   0 [10]=   0 [11]=   0 
before (DPU 417) [0]=  85 [1]=  89 [2]=  95 [3]=   0 [4]=   0 [5]=   0 [6]=   0 [7]=   0 [8]=   0 [9]=   0 [10]=   0 [11]=   0 
after  (DPU 417) [0]=  85 [1]=  89 [2]=  95 [3]=   0 [4]=   0 [5]=   0 [6]=   0 [7]=   0 [8]=   0 [9]=   0 [10]=   0 [11]=   0 
before (DPU 418) [0]=  82 [1]=  85 [2]=  86 [3]=   0 [4]=   0 [5]=   0 [6]=   0 [7]=   0 [8]=   0 [9]=   0 [10]=   0 [11]=   0 
after  (DPU 418) [0]=  82 [1]=  85 [2]=  86 [3]=   0 [4]=   0 [5]=   0 [6]=   0 [7]=   0 [8]=   0 [9]=   0 [10]=   0 [11]=   0 
before (DPU 419) [0]=  75 [1]=  95 [2]=  90 [3]=   0 [4]=   0 [5]=   0 [6]=   0 [7]=   0 [8]=   0 [9]=   0 [10]=   0 [11]=   0 
after  (DPU 419) [0]=  75 [1]=  95 [2]=  90 [3]=   0 [4]=   0 [5]=   0 [6]=   0 [7]=   0 [8]=   0 [9]=   0 [10]=   0 [11]=   0 
before (DPU 420) [0]=  97 [1]= 111 [2]= 107 [3]=   0 [4]=   0 [5]=   0 [6]=   0 [7]=   0 [8]=   0 [9]=   0 [10]=   0 [11]=   0 
after  (DPU 420) [0]=  97 [1]= 111 [2]= 107 [3]=   0 [4]=   0 [5]=   0 [6]=   0 [7]=   0 [8]=   0 [9]=   0 [10]=   0 [11]=   0 
before (DPU 421) [0]=  81 [1]= 102 [2]= 105 [3]=   0 [4]=   0 [5]=   0 [6]=   0 [7]=   0 [8]=   0 [9]=   0 [10]=   0 [11]=   0 
after  (DPU 421) [0]=  81 [1]= 102 [2]= 105 [3]=   0 [4]=   0 [5]=   0 [6]=   0 [7]=   0 [8]=   0 [9]=   0 [10]=   0 [11]=   0 
before (DPU 422) [0]=  87 [1]= 100 [2]= 109 [3]=   0 [4]=   0 [5]=   0 [6]=   0 [7]=   0 [8]=   0 [9]=   0 [10]=   0 [11]=   0 
after  (DPU 422) [0]=  87 [1]= 100 [2]= 109 [3]=   0 [4]=   0 [5]=   0 [6]=   0 [7]=   0 [8]=   0 [9]=   0 [10]=   0 [11]=   0 
before (DPU 423) [0]=  93 [1]= 103 [2]=  94 [3]=   0 [4]=   0 [5]=   0 [6]=   0 [7]=   0 [8]=   0 [9]=   0 [10]=   0 [11]=   0 
after  (DPU 423) [0]=  93 [1]= 103 [2]=  94 [3]=   0 [4]=   0 [5]=   0 [6]=   0 [7]=   0 [8]=   0 [9]=   0 [10]=   0 [11]=   0 
before (DPU 424) [0]= 124 [1]=  89 [2]=  90 [3]=   0 [4]=   0 [5]=   0 [6]=   0 [7]=   0 [8]=   0 [9]=   0 [10]=   0 [11]=   0 
after  (DPU 424) [0]= 124 [1]=  89 [2]=  90 [3]=   0 [4]=   0 [5]=   0 [6]=   0 [7]=   0 [8]=   0 [9]=   0 [10]=   0 [11]=   0 
before (DPU 425) [0]=  82 [1]= 106 [2]=  96 [3]=   0 [4]=   0 [5]=   0 [6]=   0 [7]=   0 [8]=   0 [9]=   0 [10]=   0 [11]=   0 
after  (DPU 425) [0]=  82 [1]= 106 [2]=  96 [3]=   0 [4]=   0 [5]=   0 [6]=   0 [7]=   0 [8]=   0 [9]=   0 [10]=   0 [11]=   0 
before (DPU 426) [0]= 100 [1]=  90 [2]=  88 [3]=   0 [4]=   0 [5]=   0 [6]=   0 [7]=   0 [8]=   0 [9]=   0 [10]=   0 [11]=   0 
after  (DPU 426) [0]= 100 [1]=  90 [2]=  88 [3]=   0 [4]=   0 [5]=   0 [6]=   0 [7]=   0 [8]=   0 [9]=   0 [10]=   0 [11]=   0 
before (DPU 427) [0]=  81 [1]= 102 [2]= 105 [3]=   0 [4]=   0 [5]=   0 [6]=   0 [7]=   0 [8]=   0 [9]=   0 [10]=   0 [11]=   0 
after  (DPU 427) [0]=  81 [1]= 102 [2]= 105 [3]=   0 [4]=   0 [5]=   0 [6]=   0 [7]=   0 [8]=   0 [9]=   0 [10]=   0 [11]=   0 
before (DPU 428) [0]= 115 [1]=  89 [2]= 103 [3]=   0 [4]=   0 [5]=   0 [6]=   0 [7]=   0 [8]=   0 [9]=   0 [10]=   0 [11]=   0 
after  (DPU 428) [0]= 115 [1]=  89 [2]= 103 [3]=   0 [4]=   0 [5]=   0 [6]=   0 [7]=   0 [8]=   0 [9]=   0 [10]=   0 [11]=   0 
before (DPU 429) [0]= 102 [1]=  83 [2]=  97 [3]=   0 [4]=   0 [5]=   0 [6]=   0 [7]=   0 [8]=   0 [9]=   0 [10]=   0 [11]=   0 
after  (DPU 429) [0]= 102 [1]=  83 [2]=  97 [3]=   0 [4]=   0 [5]=   0 [6]=   0 [7]=   0 [8]=   0 [9]=   0 [10]=   0 [11]=   0 
before (DPU 430) [0]=  99 [1]=  99 [2]=  89 [3]=   0 [4]=   0 [5]=   0 [6]=   0 [7]=   0 [8]=   0 [9]=   0 [10]=   0 [11]=   0 
after  (DPU 430) [0]=  99 [1]=  99 [2]=  89 [3]=   0 [4]=   0 [5]=   0 [6]=   0 [7]=   0 [8]=   0 [9]=   0 [10]=   0 [11]=   0 
before (DPU 431) [0]=  91 [1]=  87 [2]=  72 [3]=   0 [4]=   0 [5]=   0 [6]=   0 [7]=   0 [8]=   0 [9]=   0 [10]=   0 [11]=   0 
after  (DPU 431) [0]=  91 [1]=  87 [2]=  72 [3]=   0 [4]=   0 [5]=   0 [6]=   0 [7]=   0 [8]=   0 [9]=   0 [10]=   0 [11]=   0 
before (DPU 432) [0]=  87 [1]= 102 [2]=  96 [3]=   0 [4]=   0 [5]=   0 [6]=   0 [7]=   0 [8]=   0 [9]=   0 [10]=   0 [11]=   0 
after  (DPU 432) [0]=  87 [1]= 102 [2]=  96 [3]=   0 [4]=   0 [5]=   0 [6]=   0 [7]=   0 [8]=   0 [9]=   0 [10]=   0 [11]=   0 
before (DPU 433) [0]= 108 [1]=  91 [2]=  89 [3]=   0 [4]=   0 [5]=   0 [6]=   0 [7]=   0 [8]=   0 [9]=   0 [10]=   0 [11]=   0 
after  (DPU 433) [0]= 108 [1]=  91 [2]=  89 [3]=   0 [4]=   0 [5]=   0 [6]=   0 [7]=   0 [8]=   0 [9]=   0 [10]=   0 [11]=   0 
before (DPU 434) [0]=  87 [1]=  85 [2]=  81 [3]=   0 [4]=   0 [5]=   0 [6]=   0 [7]=   0 [8]=   0 [9]=   0 [10]=   0 [11]=   0 
after  (DPU 434) [0]=  87 [1]=  85 [2]=  81 [3]=   0 [4]=   0 [5]=   0 [6]=   0 [7]=   0 [8]=   0 [9]=   0 [10]=   0 [11]=   0 
before (DPU 435) [0]= 101 [1]=  92 [2]=  99 [3]=   0 [4]=   0 [5]=   0 [6]=   0 [7]=   0 [8]=   0 [9]=   0 [10]=   0 [11]=   0 
after  (DPU 435) [0]= 101 [1]=  92 [2]=  99 [3]=   0 [4]=   0 [5]=   0 [6]=   0 [7]=   0 [8]=   0 [9]=   0 [10]=   0 [11]=   0 
before (DPU 436) [0]= 104 [1]=  98 [2]=  99 [3]=   0 [4]=   0 [5]=   0 [6]=   0 [7]=   0 [8]=   0 [9]=   0 [10]=   0 [11]=   0 
after  (DPU 436) [0]= 104 [1]=  98 [2]=  99 [3]=   0 [4]=   0 [5]=   0 [6]=   0 [7]=   0 [8]=   0 [9]=   0 [10]=   0 [11]=   0 
before (DPU 437) [0]= 102 [1]= 100 [2]=  99 [3]=   0 [4]=   0 [5]=   0 [6]=   0 [7]=   0 [8]=   0 [9]=   0 [10]=   0 [11]=   0 
after  (DPU 437) [0]= 102 [1]= 100 [2]=  99 [3]=   0 [4]=   0 [5]=   0 [6]=   0 [7]=   0 [8]=   0 [9]=   0 [10]=   0 [11]=   0 
before (DPU 438) [0]=  98 [1]=  87 [2]=  99 [3]=   0 [4]=   0 [5]=   0 [6]=   0 [7]=   0 [8]=   0 [9]=   0 [10]=   0 [11]=   0 
after  (DPU 438) [0]=  98 [1]=  87 [2]=  99 [3]=   0 [4]=   0 [5]=   0 [6]=   0 [7]=   0 [8]=   0 [9]=   0 [10]=   0 [11]=   0 
before (DPU 439) [0]=  88 [1]=  98 [2]=  75 [3]=   0 [4]=   0 [5]=   0 [6]=   0 [7]=   0 [8]=   0 [9]=   0 [10]=   0 [11]=   0 
after  (DPU 439) [0]=  88 [1]=  98 [2]=  75 [3]=   0 [4]=   0 [5]=   0 [6]=   0 [7]=   0 [8]=   0 [9]=   0 [10]=   0 [11]=   0 
before (DPU 440) [0]=  96 [1]=  85 [2]= 123 [3]=   0 [4]=   0 [5]=   0 [6]=   0 [7]=   0 [8]=   0 [9]=   0 [10]=   0 [11]=   0 
after  (DPU 440) [0]=  96 [1]=  85 [2]= 123 [3]=   0 [4]=   0 [5]=   0 [6]=   0 [7]=   0 [8]=   0 [9]=   0 [10]=   0 [11]=   0 
before (DPU 441) [0]= 123 [1]=  94 [2]=  91 [3]=   0 [4]=   0 [5]=   0 [6]=   0 [7]=   0 [8]=   0 [9]=   0 [10]=   0 [11]=   0 
after  (DPU 441) [0]= 123 [1]=  94 [2]=  91 [3]=   0 [4]=   0 [5]=   0 [6]=   0 [7]=   0 [8]=   0 [9]=   0 [10]=   0 [11]=   0 
before (DPU 442) [0]= 108 [1]=  85 [2]= 110 [3]=   0 [4]=   0 [5]=   0 [6]=   0 [7]=   0 [8]=   0 [9]=   0 [10]=   0 [11]=   0 
after  (DPU 442) [0]= 108 [1]=  85 [2]= 110 [3]=   0 [4]=   0 [5]=   0 [6]=   0 [7]=   0 [8]=   0 [9]=   0 [10]=   0 [11]=   0 
before (DPU 443) [0]= 107 [1]=  72 [2]=  91 [3]=   0 [4]=   0 [5]=   0 [6]=   0 [7]=   0 [8]=   0 [9]=   0 [10]=   0 [11]=   0 
after  (DPU 443) [0]= 107 [1]=  72 [2]=  91 [3]=   0 [4]=   0 [5]=   0 [6]=   0 [7]=   0 [8]=   0 [9]=   0 [10]=   0 [11]=   0 
before (DPU 444) [0]=  71 [1]=  93 [2]=  92 [3]=   0 [4]=   0 [5]=   0 [6]=   0 [7]=   0 [8]=   0 [9]=   0 [10]=   0 [11]=   0 
after  (DPU 444) [0]=  71 [1]=  93 [2]=  92 [3]=   0 [4]=   0 [5]=   0 [6]=   0 [7]=   0 [8]=   0 [9]=   0 [10]=   0 [11]=   0 
before (DPU 445) [0]=  92 [1]=  84 [2]=  93 [3]=   0 [4]=   0 [5]=   0 [6]=   0 [7]=   0 [8]=   0 [9]=   0 [10]=   0 [11]=   0 
after  (DPU 445) [0]=  92 [1]=  84 [2]=  93 [3]=   0 [4]=   0 [5]=   0 [6]=   0 [7]=   0 [8]=   0 [9]=   0 [10]=   0 [11]=   0 
before (DPU 446) [0]=   0 [1]= 104 [2]=   0 [3]=139041 [4]=   0 [5]=   0 [6]=   0 [7]=   0 [8]=   0 [9]=   0 [10]=   0 [11]=   0 
after  (DPU 446) [0]=   0 [1]=   0 [2]=   0 [3]=139041 [4]=   0 [5]=   0 [6]=   0 [7]=   0 [8]=   0 [9]=   0 [10]=   0 [11]=   0 
before (DPU 447) [0]= 112 [1]=  88 [2]=  88 [3]=   0 [4]=   0 [5]=   0 [6]=   0 [7]=   0 [8]=   0 [9]=   0 [10]=   0 [11]=   0 
after  (DPU 447) [0]= 112 [1]=  88 [2]=  88 [3]=   0 [4]=   0 [5]=   0 [6]=   0 [7]=   0 [8]=   0 [9]=   0 [10]=   0 [11]=   0 
before (DPU 448) [0]=  92 [1]=  94 [2]=  76 [3]=   0 [4]=   0 [5]=   0 [6]=   0 [7]=   0 [8]=   0 [9]=   0 [10]=   0 [11]=   0 
after  (DPU 448) [0]=  92 [1]=  94 [2]=  76 [3]=   0 [4]=   0 [5]=   0 [6]=   0 [7]=   0 [8]=   0 [9]=   0 [10]=   0 [11]=   0 
before (DPU 449) [0]= 105 [1]=  96 [2]=  85 [3]=21009 [4]=   0 [5]=   0 [6]=   0 [7]=   0 [8]=   0 [9]=   0 [10]=   0 [11]=   0 
after  (DPU 449) [0]=   0 [1]=  96 [2]=  85 [3]=21009 [4]=   0 [5]=   0 [6]=   0 [7]=   0 [8]=   0 [9]=   0 [10]=   0 [11]=   0 
before (DPU 450) [0]= 106 [1]= 106 [2]=  88 [3]=   0 [4]=   0 [5]=   0 [6]=   0 [7]=   0 [8]=   0 [9]=   0 [10]=   0 [11]=   0 
after  (DPU 450) [0]= 106 [1]= 106 [2]=  88 [3]=   0 [4]=   0 [5]=   0 [6]=   0 [7]=   0 [8]=   0 [9]=   0 [10]=   0 [11]=   0 
before (DPU 451) [0]= 103 [1]=  89 [2]=  80 [3]=   0 [4]=   0 [5]=   0 [6]=   0 [7]=   0 [8]=   0 [9]=   0 [10]=   0 [11]=   0 
after  (DPU 451) [0]= 103 [1]=  89 [2]=  80 [3]=   0 [4]=   0 [5]=   0 [6]=   0 [7]=   0 [8]=   0 [9]=   0 [10]=   0 [11]=   0 
before (DPU 452) [0]=  81 [1]=  85 [2]=  80 [3]=   0 [4]=   0 [5]=   0 [6]=   0 [7]=   0 [8]=   0 [9]=   0 [10]=   0 [11]=   0 
after  (DPU 452) [0]=  81 [1]=  85 [2]=  80 [3]=   0 [4]=   0 [5]=   0 [6]=   0 [7]=   0 [8]=   0 [9]=   0 [10]=   0 [11]=   0 
before (DPU 453) [0]=  82 [1]=  81 [2]=  89 [3]=   0 [4]=   0 [5]=   0 [6]=   0 [7]=   0 [8]=   0 [9]=   0 [10]=   0 [11]=   0 
after  (DPU 453) [0]=  82 [1]=  81 [2]=  89 [3]=   0 [4]=   0 [5]=   0 [6]=   0 [7]=   0 [8]=   0 [9]=   0 [10]=   0 [11]=   0 
before (DPU 454) [0]=  97 [1]=  92 [2]=  86 [3]=   0 [4]=   0 [5]=   0 [6]=   0 [7]=   0 [8]=   0 [9]=   0 [10]=   0 [11]=   0 
after  (DPU 454) [0]=  97 [1]=  92 [2]=  86 [3]=   0 [4]=   0 [5]=   0 [6]=   0 [7]=   0 [8]=   0 [9]=   0 [10]=   0 [11]=   0 
before (DPU 455) [0]=  90 [1]=  89 [2]=  91 [3]=   0 [4]=   0 [5]=   0 [6]=   0 [7]=   0 [8]=   0 [9]=   0 [10]=   0 [11]=   0 
after  (DPU 455) [0]=  90 [1]=  89 [2]=  91 [3]=   0 [4]=   0 [5]=   0 [6]=   0 [7]=   0 [8]=   0 [9]=   0 [10]=   0 [11]=   0 
before (DPU 456) [0]=  86 [1]=  89 [2]=  73 [3]=   0 [4]=   0 [5]=   0 [6]=   0 [7]=   0 [8]=   0 [9]=   0 [10]=   0 [11]=   0 
after  (DPU 456) [0]=  86 [1]=  89 [2]=  73 [3]=   0 [4]=   0 [5]=   0 [6]=   0 [7]=   0 [8]=   0 [9]=   0 [10]=   0 [11]=   0 
before (DPU 457) [0]=  80 [1]=  62 [2]=  93 [3]=   0 [4]=   0 [5]=   0 [6]=   0 [7]=   0 [8]=   0 [9]=   0 [10]=   0 [11]=   0 
after  (DPU 457) [0]=  80 [1]=  62 [2]=  93 [3]=6406 [4]=   0 [5]=   0 [6]=   0 [7]=   0 [8]=   0 [9]=   0 [10]=   0 [11]=   0 
before (DPU 458) [0]= 101 [1]=  80 [2]=  89 [3]=   0 [4]=   0 [5]=   0 [6]=   0 [7]=   0 [8]=   0 [9]=   0 [10]=   0 [11]=   0 
after  (DPU 458) [0]= 101 [1]=  80 [2]=  89 [3]=   0 [4]=   0 [5]=   0 [6]=   0 [7]=   0 [8]=   0 [9]=   0 [10]=   0 [11]=   0 
before (DPU 459) [0]=  98 [1]=  82 [2]=  84 [3]=12357 [4]=   0 [5]=   0 [6]=   0 [7]=   0 [8]=   0 [9]=   0 [10]=   0 [11]=   0 
after  (DPU 459) [0]=  98 [1]=  82 [2]=  84 [3]=12357 [4]=   0 [5]=   0 [6]=   0 [7]=   0 [8]=   0 [9]=   0 [10]=   0 [11]=   0 
before (DPU 460) [0]=  93 [1]=  91 [2]=  82 [3]=   0 [4]=   0 [5]=   0 [6]=   0 [7]=   0 [8]=   0 [9]=   0 [10]=   0 [11]=   0 
after  (DPU 460) [0]=  93 [1]=  91 [2]=  82 [3]=   0 [4]=   0 [5]=   0 [6]=   0 [7]=   0 [8]=   0 [9]=   0 [10]=   0 [11]=   0 
before (DPU 461) [0]=  81 [1]=  73 [2]=  80 [3]=   0 [4]=   0 [5]=   0 [6]=   0 [7]=   0 [8]=   0 [9]=   0 [10]=   0 [11]=   0 
after  (DPU 461) [0]=  81 [1]=  73 [2]=  80 [3]=  81 [4]=   0 [5]=   0 [6]=   0 [7]=   0 [8]=   0 [9]=   0 [10]=   0 [11]=   0 
before (DPU 462) [0]=  82 [1]=  83 [2]=  99 [3]=   0 [4]=   0 [5]=   0 [6]=   0 [7]=   0 [8]=   0 [9]=   0 [10]=   0 [11]=   0 
after  (DPU 462) [0]=  82 [1]=  83 [2]=  99 [3]=   0 [4]=   0 [5]=   0 [6]=   0 [7]=   0 [8]=   0 [9]=   0 [10]=   0 [11]=   0 
before (DPU 463) [0]=  86 [1]=  94 [2]=  88 [3]=   0 [4]=   0 [5]=   0 [6]=   0 [7]=   0 [8]=   0 [9]=   0 [10]=   0 [11]=   0 
after  (DPU 463) [0]=  86 [1]=  94 [2]=  88 [3]=   0 [4]=   0 [5]=   0 [6]=   0 [7]=   0 [8]=   0 [9]=   0 [10]=   0 [11]=   0 
before (DPU 464) [0]= 117 [1]=  75 [2]=  90 [3]=   0 [4]=   0 [5]=   0 [6]=   0 [7]=   0 [8]=   0 [9]=   0 [10]=   0 [11]=   0 
after  (DPU 464) [0]= 117 [1]=  75 [2]=  90 [3]=   0 [4]=   0 [5]=   0 [6]=   0 [7]=   0 [8]=   0 [9]=   0 [10]=   0 [11]=   0 
before (DPU 465) [0]=  82 [1]=  91 [2]= 107 [3]=   0 [4]=   0 [5]=   0 [6]=   0 [7]=   0 [8]=   0 [9]=   0 [10]=   0 [11]=   0 
after  (DPU 465) [0]=  82 [1]=  91 [2]= 107 [3]=   0 [4]=   0 [5]=   0 [6]=   0 [7]=   0 [8]=   0 [9]=   0 [10]=   0 [11]=   0 
before (DPU 466) [0]=  78 [1]=  91 [2]=  96 [3]=   0 [4]=   0 [5]=   0 [6]=   0 [7]=   0 [8]=   0 [9]=   0 [10]=   0 [11]=   0 
after  (DPU 466) [0]=  78 [1]=  91 [2]=  96 [3]=   0 [4]=   0 [5]=   0 [6]=   0 [7]=   0 [8]=   0 [9]=   0 [10]=   0 [11]=   0 
before (DPU 467) [0]=  91 [1]= 103 [2]=  74 [3]=   0 [4]=   0 [5]=   0 [6]=   0 [7]=   0 [8]=   0 [9]=   0 [10]=   0 [11]=   0 
after  (DPU 467) [0]=  91 [1]= 103 [2]=  74 [3]=   0 [4]=   0 [5]=   0 [6]=   0 [7]=   0 [8]=   0 [9]=   0 [10]=   0 [11]=   0 
before (DPU 468) [0]=  87 [1]=  88 [2]=  90 [3]=   0 [4]=   0 [5]=   0 [6]=   0 [7]=   0 [8]=   0 [9]=   0 [10]=   0 [11]=   0 
after  (DPU 468) [0]=  87 [1]=  88 [2]=  90 [3]=   0 [4]=   0 [5]=   0 [6]=   0 [7]=   0 [8]=   0 [9]=   0 [10]=   0 [11]=   0 
before (DPU 469) [0]=  76 [1]=  85 [2]=  87 [3]=   0 [4]=   0 [5]=   0 [6]=   0 [7]=   0 [8]=   0 [9]=   0 [10]=   0 [11]=   0 
after  (DPU 469) [0]=  76 [1]=  85 [2]=  87 [3]=   0 [4]=   0 [5]=   0 [6]=   0 [7]=   0 [8]=   0 [9]=   0 [10]=   0 [11]=   0 
before (DPU 470) [0]=  82 [1]= 102 [2]= 100 [3]=17860 [4]=   0 [5]=   0 [6]=   0 [7]=   0 [8]=   0 [9]=   0 [10]=   0 [11]=   0 
after  (DPU 470) [0]=  82 [1]= 102 [2]= 100 [3]=17860 [4]=   0 [5]=   0 [6]=   0 [7]=   0 [8]=   0 [9]=   0 [10]=   0 [11]=   0 
before (DPU 471) [0]=  85 [1]= 100 [2]= 100 [3]=   0 [4]=   0 [5]=   0 [6]=   0 [7]=   0 [8]=   0 [9]=   0 [10]=   0 [11]=   0 
after  (DPU 471) [0]=  85 [1]= 100 [2]= 100 [3]=   0 [4]=   0 [5]=   0 [6]=   0 [7]=   0 [8]=   0 [9]=   0 [10]=   0 [11]=   0 
before (DPU 472) [0]=  73 [1]=  86 [2]=  83 [3]=   0 [4]=   0 [5]=   0 [6]=   0 [7]=   0 [8]=   0 [9]=   0 [10]=   0 [11]=   0 
after  (DPU 472) [0]=  73 [1]=  86 [2]=  83 [3]=   0 [4]=   0 [5]=   0 [6]=   0 [7]=   0 [8]=   0 [9]=   0 [10]=   0 [11]=   0 
before (DPU 473) [0]=  83 [1]=  79 [2]=  81 [3]=   0 [4]=   0 [5]=   0 [6]=   0 [7]=   0 [8]=   0 [9]=   0 [10]=   0 [11]=   0 
after  (DPU 473) [0]=  83 [1]=  79 [2]=  81 [3]=   0 [4]=   0 [5]=   0 [6]=   0 [7]=   0 [8]=   0 [9]=   0 [10]=   0 [11]=   0 
before (DPU 474) [0]=  75 [1]=  88 [2]=  91 [3]=   0 [4]=   0 [5]=   0 [6]=   0 [7]=   0 [8]=   0 [9]=   0 [10]=   0 [11]=   0 
after  (DPU 474) [0]=  75 [1]=  88 [2]=  91 [3]=   0 [4]=   0 [5]=   0 [6]=   0 [7]=   0 [8]=   0 [9]=   0 [10]=   0 [11]=   0 
before (DPU 475) [0]=  77 [1]=  86 [2]=  76 [3]=   0 [4]=   0 [5]=   0 [6]=   0 [7]=   0 [8]=   0 [9]=   0 [10]=   0 [11]=   0 
after  (DPU 475) [0]=  77 [1]=  86 [2]=  76 [3]=   0 [4]=   0 [5]=   0 [6]=   0 [7]=   0 [8]=   0 [9]=   0 [10]=   0 [11]=   0 
before (DPU 476) [0]=  82 [1]=  68 [2]=  84 [3]=   0 [4]=   0 [5]=   0 [6]=   0 [7]=   0 [8]=   0 [9]=   0 [10]=   0 [11]=   0 
after  (DPU 476) [0]=  82 [1]=  68 [2]=  84 [3]=  96 [4]=   0 [5]=   0 [6]=   0 [7]=   0 [8]=   0 [9]=   0 [10]=   0 [11]=   0 
before (DPU 477) [0]=  88 [1]=  83 [2]=  86 [3]=   0 [4]=   0 [5]=   0 [6]=   0 [7]=   0 [8]=   0 [9]=   0 [10]=   0 [11]=   0 
after  (DPU 477) [0]=  88 [1]=  83 [2]=  86 [3]=   0 [4]=   0 [5]=   0 [6]=   0 [7]=   0 [8]=   0 [9]=   0 [10]=   0 [11]=   0 
before (DPU 478) [0]=  91 [1]=  82 [2]=  81 [3]=  94 [4]=   0 [5]=   0 [6]=   0 [7]=   0 [8]=   0 [9]=   0 [10]=   0 [11]=   0 
after  (DPU 478) [0]=  91 [1]=  82 [2]=  81 [3]=  94 [4]=   0 [5]=   0 [6]=   0 [7]=   0 [8]=   0 [9]=   0 [10]=   0 [11]=   0 
before (DPU 479) [0]=  93 [1]=  93 [2]=  79 [3]=   0 [4]=   0 [5]=   0 [6]=   0 [7]=   0 [8]=   0 [9]=   0 [10]=   0 [11]=   0 
after  (DPU 479) [0]=  93 [1]=  93 [2]=  79 [3]=   0 [4]=   0 [5]=   0 [6]=   0 [7]=   0 [8]=   0 [9]=   0 [10]=   0 [11]=   0 
before (DPU 480) [0]=  92 [1]=  84 [2]=  83 [3]=   0 [4]=   0 [5]=   0 [6]=   0 [7]=   0 [8]=   0 [9]=   0 [10]=   0 [11]=   0 
after  (DPU 480) [0]=  92 [1]=  84 [2]=  83 [3]=   0 [4]=   0 [5]=   0 [6]=   0 [7]=   0 [8]=   0 [9]=   0 [10]=   0 [11]=   0 
before (DPU 481) [0]=  81 [1]=   0 [2]=   0 [3]=33083 [4]=   0 [5]=   0 [6]=   0 [7]=   0 [8]=   0 [9]=   0 [10]=   0 [11]=   0 
after  (DPU 481) [0]=   0 [1]=   0 [2]=   0 [3]=33083 [4]=   0 [5]=   0 [6]=   0 [7]=   0 [8]=   0 [9]=   0 [10]=   0 [11]=   0 
before (DPU 482) [0]=  74 [1]=  80 [2]=  93 [3]=   0 [4]=   0 [5]=   0 [6]=   0 [7]=   0 [8]=   0 [9]=   0 [10]=   0 [11]=   0 
after  (DPU 482) [0]=  74 [1]=  80 [2]=  93 [3]=   0 [4]=   0 [5]=   0 [6]=   0 [7]=   0 [8]=   0 [9]=   0 [10]=   0 [11]=   0 
before (DPU 483) [0]= 105 [1]=  93 [2]=  79 [3]=  74 [4]=   0 [5]=   0 [6]=   0 [7]=   0 [8]=   0 [9]=   0 [10]=   0 [11]=   0 
after  (DPU 483) [0]= 105 [1]=  93 [2]=  79 [3]=  74 [4]=   0 [5]=   0 [6]=   0 [7]=   0 [8]=   0 [9]=   0 [10]=   0 [11]=   0 
before (DPU 484) [0]=  92 [1]=  95 [2]=  71 [3]=   0 [4]=   0 [5]=   0 [6]=   0 [7]=   0 [8]=   0 [9]=   0 [10]=   0 [11]=   0 
after  (DPU 484) [0]=  92 [1]=  95 [2]=  71 [3]=   0 [4]=   0 [5]=   0 [6]=   0 [7]=   0 [8]=   0 [9]=   0 [10]=   0 [11]=   0 
before (DPU 485) [0]=  80 [1]=  66 [2]=  81 [3]=   0 [4]=   0 [5]=   0 [6]=   0 [7]=   0 [8]=   0 [9]=   0 [10]=   0 [11]=   0 
after  (DPU 485) [0]=  80 [1]=  66 [2]=  81 [3]= 104 [4]=   0 [5]=   0 [6]=   0 [7]=   0 [8]=   0 [9]=   0 [10]=   0 [11]=   0 
before (DPU 486) [0]=  88 [1]=  83 [2]=  74 [3]=   0 [4]=   0 [5]=   0 [6]=   0 [7]=   0 [8]=   0 [9]=   0 [10]=   0 [11]=   0 
after  (DPU 486) [0]=  88 [1]=  83 [2]=  74 [3]=   0 [4]=   0 [5]=   0 [6]=   0 [7]=   0 [8]=   0 [9]=   0 [10]=   0 [11]=   0 
before (DPU 487) [0]=  83 [1]=  98 [2]=  78 [3]=   0 [4]=   0 [5]=   0 [6]=   0 [7]=   0 [8]=   0 [9]=   0 [10]=   0 [11]=   0 
after  (DPU 487) [0]=  83 [1]=  98 [2]=  78 [3]=   0 [4]=   0 [5]=   0 [6]=   0 [7]=   0 [8]=   0 [9]=   0 [10]=   0 [11]=   0 
before (DPU 488) [0]=  88 [1]=  86 [2]=  88 [3]=   0 [4]=   0 [5]=   0 [6]=   0 [7]=   0 [8]=   0 [9]=   0 [10]=   0 [11]=   0 
after  (DPU 488) [0]=  88 [1]=  86 [2]=  88 [3]=   0 [4]=   0 [5]=   0 [6]=   0 [7]=   0 [8]=   0 [9]=   0 [10]=   0 [11]=   0 
before (DPU 489) [0]=  76 [1]=  72 [2]=  91 [3]=   0 [4]=   0 [5]=   0 [6]=   0 [7]=   0 [8]=   0 [9]=   0 [10]=   0 [11]=   0 
after  (DPU 489) [0]=  76 [1]=  72 [2]=  91 [3]=   0 [4]=   0 [5]=   0 [6]=   0 [7]=   0 [8]=   0 [9]=   0 [10]=   0 [11]=   0 
before (DPU 490) [0]=  97 [1]=  77 [2]=  75 [3]= 104 [4]=   0 [5]=   0 [6]=   0 [7]=   0 [8]=   0 [9]=   0 [10]=   0 [11]=   0 
after  (DPU 490) [0]=  97 [1]=  77 [2]=  75 [3]= 104 [4]=   0 [5]=   0 [6]=   0 [7]=   0 [8]=   0 [9]=   0 [10]=   0 [11]=   0 
before (DPU 491) [0]=  71 [1]=  99 [2]=  77 [3]=9993 [4]=   0 [5]=   0 [6]=   0 [7]=   0 [8]=   0 [9]=   0 [10]=   0 [11]=   0 
after  (DPU 491) [0]=  71 [1]=  99 [2]=  77 [3]=9993 [4]=   0 [5]=   0 [6]=   0 [7]=   0 [8]=   0 [9]=   0 [10]=   0 [11]=   0 
before (DPU 492) [0]=  80 [1]=  84 [2]=  75 [3]=  71 [4]=   0 [5]=   0 [6]=   0 [7]=   0 [8]=   0 [9]=   0 [10]=   0 [11]=   0 
after  (DPU 492) [0]=  80 [1]=  84 [2]=  75 [3]=  71 [4]=   0 [5]=   0 [6]=   0 [7]=   0 [8]=   0 [9]=   0 [10]=   0 [11]=   0 
before (DPU 493) [0]=  78 [1]=  80 [2]=  96 [3]=7537 [4]=   0 [5]=   0 [6]=   0 [7]=   0 [8]=   0 [9]=   0 [10]=   0 [11]=   0 
after  (DPU 493) [0]=  78 [1]=  80 [2]=  96 [3]=7537 [4]=   0 [5]=   0 [6]=   0 [7]=   0 [8]=   0 [9]=   0 [10]=   0 [11]=   0 
before (DPU 494) [0]=  79 [1]=  86 [2]=  75 [3]=   0 [4]=   0 [5]=   0 [6]=   0 [7]=   0 [8]=   0 [9]=   0 [10]=   0 [11]=   0 
after  (DPU 494) [0]=  79 [1]=  86 [2]=  75 [3]=   0 [4]=   0 [5]=   0 [6]=   0 [7]=   0 [8]=   0 [9]=   0 [10]=   0 [11]=   0 
before (DPU 495) [0]=  71 [1]=  91 [2]=  88 [3]=9400 [4]=   0 [5]=   0 [6]=   0 [7]=   0 [8]=   0 [9]=   0 [10]=   0 [11]=   0 
after  (DPU 495) [0]=  71 [1]=  91 [2]=  88 [3]=9400 [4]=   0 [5]=   0 [6]=   0 [7]=   0 [8]=   0 [9]=   0 [10]=   0 [11]=   0 
before (DPU 496) [0]=  88 [1]=  88 [2]=  84 [3]=13784 [4]=   0 [5]=   0 [6]=   0 [7]=   0 [8]=   0 [9]=   0 [10]=   0 [11]=   0 
after  (DPU 496) [0]=  88 [1]=  88 [2]=  84 [3]=13784 [4]=   0 [5]=   0 [6]=   0 [7]=   0 [8]=   0 [9]=   0 [10]=   0 [11]=   0 
before (DPU 497) [0]=  75 [1]=  82 [2]=  78 [3]=   0 [4]=   0 [5]=   0 [6]=   0 [7]=   0 [8]=   0 [9]=   0 [10]=   0 [11]=   0 
after  (DPU 497) [0]=  75 [1]=  82 [2]=  78 [3]= 105 [4]=   0 [5]=   0 [6]=   0 [7]=   0 [8]=   0 [9]=   0 [10]=   0 [11]=   0 
before (DPU 498) [0]= 106 [1]=  82 [2]=  98 [3]=  82 [4]=   0 [5]=   0 [6]=   0 [7]=   0 [8]=   0 [9]=   0 [10]=   0 [11]=   0 
after  (DPU 498) [0]= 106 [1]=  82 [2]=  98 [3]=  82 [4]=   0 [5]=   0 [6]=   0 [7]=   0 [8]=   0 [9]=   0 [10]=   0 [11]=   0 
before (DPU 499) [0]=  96 [1]=  75 [2]=   0 [3]=48188 [4]=   0 [5]=   0 [6]=   0 [7]=   0 [8]=   0 [9]=   0 [10]=   0 [11]=   0 
after  (DPU 499) [0]=   0 [1]=  75 [2]=   0 [3]=48188 [4]=   0 [5]=   0 [6]=   0 [7]=   0 [8]=   0 [9]=   0 [10]=   0 [11]=   0 
key_index after (DPU 0) [0]=   0 [1]=71834 [2]=71834 [3]=71834 [4]=71834 [5]=71834 [6]=71834 [7]=71834 [8]=71834 [9]=71834 [10]=71834 [11]=71834 [12]=71834 
key_index after (DPU 1) [0]=   0 [1]=26428 [2]=26428 [3]=26428 [4]=26428 [5]=26428 [6]=26428 [7]=26428 [8]=26428 [9]=26428 [10]=26428 [11]=26428 [12]=26428 
key_index after (DPU 2) [0]=   0 [1]=15585 [2]=15585 [3]=15585 [4]=15585 [5]=15585 [6]=15585 [7]=15585 [8]=15585 [9]=15585 [10]=15585 [11]=15585 [12]=15585 
key_index after (DPU 3) [0]=   0 [1]=11194 [2]=11194 [3]=11194 [4]=11194 [5]=11194 [6]=11194 [7]=11194 [8]=11194 [9]=11194 [10]=11194 [11]=11194 [12]=11194 
key_index after (DPU 4) [0]=   0 [1]=8863 [2]=16821 [3]=16821 [4]=16821 [5]=16821 [6]=16821 [7]=16821 [8]=16821 [9]=16821 [10]=16821 [11]=16821 [12]=16821 
key_index after (DPU 5) [0]=   0 [1]=7052 [2]=13847 [3]=13847 [4]=13847 [5]=13847 [6]=13847 [7]=13847 [8]=13847 [9]=13847 [10]=13847 [11]=13847 [12]=13847 
key_index after (DPU 6) [0]=   0 [1]=6308 [2]=12227 [3]=12227 [4]=12227 [5]=12227 [6]=12227 [7]=12227 [8]=12227 [9]=12227 [10]=12227 [11]=12227 [12]=12227 
key_index after (DPU 7) [0]=5531 [1]=10775 [2]=15739 [3]=15739 [4]=15739 [5]=15739 [6]=15739 [7]=15739 [8]=15739 [9]=15739 [10]=15739 [11]=15739 [12]=15739 
key_index after (DPU 8) [0]=4863 [1]=9472 [2]=13934 [3]=13934 [4]=13934 [5]=13934 [6]=13934 [7]=13934 [8]=13934 [9]=13934 [10]=13934 [11]=13934 [12]=13934 
key_index after (DPU 9) [0]=4305 [1]=8378 [2]=12341 [3]=12341 [4]=12341 [5]=12341 [6]=12341 [7]=12341 [8]=12341 [9]=12341 [10]=12341 [11]=12341 [12]=12341 
key_index after (DPU 10) [0]=3852 [1]=7696 [2]=11309 [3]=11309 [4]=11309 [5]=11309 [6]=11309 [7]=11309 [8]=11309 [9]=11309 [10]=11309 [11]=11309 [12]=11309 
key_index after (DPU 11) [0]=3588 [1]=7085 [2]=10424 [3]=10424 [4]=10424 [5]=10424 [6]=10424 [7]=10424 [8]=10424 [9]=10424 [10]=10424 [11]=10424 [12]=10424 
key_index after (DPU 12) [0]=3223 [1]=6394 [2]=9399 [3]=9399 [4]=9399 [5]=9399 [6]=9399 [7]=9399 [8]=9399 [9]=9399 [10]=9399 [11]=9399 [12]=9399 
key_index after (DPU 13) [0]=2990 [1]=5884 [2]=8681 [3]=8681 [4]=8681 [5]=8681 [6]=8681 [7]=8681 [8]=8681 [9]=8681 [10]=8681 [11]=8681 [12]=8681 
key_index after (DPU 14) [0]=2816 [1]=5589 [2]=8240 [3]=8240 [4]=8240 [5]=8240 [6]=8240 [7]=8240 [8]=8240 [9]=8240 [10]=8240 [11]=8240 [12]=8240 
key_index after (DPU 15) [0]=2636 [1]=5093 [2]=7558 [3]=7558 [4]=7558 [5]=7558 [6]=7558 [7]=7558 [8]=7558 [9]=7558 [10]=7558 [11]=7558 [12]=7558 
key_index after (DPU 16) [0]=2378 [1]=4751 [2]=7074 [3]=7074 [4]=7074 [5]=7074 [6]=7074 [7]=7074 [8]=7074 [9]=7074 [10]=7074 [11]=7074 [12]=7074 
key_index after (DPU 17) [0]=2211 [1]=4457 [2]=6722 [3]=6722 [4]=6722 [5]=6722 [6]=6722 [7]=6722 [8]=6722 [9]=6722 [10]=6722 [11]=6722 [12]=6722 
key_index after (DPU 18) [0]=2195 [1]=4348 [2]=6513 [3]=6513 [4]=6513 [5]=6513 [6]=6513 [7]=6513 [8]=6513 [9]=6513 [10]=6513 [11]=6513 [12]=6513 
key_index after (DPU 19) [0]=2006 [1]=3986 [2]=5959 [3]=5959 [4]=5959 [5]=5959 [6]=5959 [7]=5959 [8]=5959 [9]=5959 [10]=5959 [11]=5959 [12]=5959 
key_index after (DPU 20) [0]=1963 [1]=3866 [2]=5745 [3]=5745 [4]=5745 [5]=5745 [6]=5745 [7]=5745 [8]=5745 [9]=5745 [10]=5745 [11]=5745 [12]=5745 
key_index after (DPU 21) [0]=1870 [1]=3662 [2]=5458 [3]=5458 [4]=5458 [5]=5458 [6]=5458 [7]=5458 [8]=5458 [9]=5458 [10]=5458 [11]=5458 [12]=5458 
key_index after (DPU 22) [0]=1834 [1]=3653 [2]=5466 [3]=5466 [4]=5466 [5]=5466 [6]=5466 [7]=5466 [8]=5466 [9]=5466 [10]=5466 [11]=5466 [12]=5466 
key_index after (DPU 23) [0]=1715 [1]=3362 [2]=5016 [3]=5016 [4]=5016 [5]=5016 [6]=5016 [7]=5016 [8]=5016 [9]=5016 [10]=5016 [11]=5016 [12]=5016 
key_index after (DPU 24) [0]=1563 [1]=3142 [2]=4807 [3]=4807 [4]=4807 [5]=4807 [6]=4807 [7]=4807 [8]=4807 [9]=4807 [10]=4807 [11]=4807 [12]=4807 
key_index after (DPU 25) [0]=1602 [1]=3153 [2]=4710 [3]=4710 [4]=4710 [5]=4710 [6]=4710 [7]=4710 [8]=4710 [9]=4710 [10]=4710 [11]=4710 [12]=4710 
key_index after (DPU 26) [0]=1551 [1]=3167 [2]=4654 [3]=4654 [4]=4654 [5]=4654 [6]=4654 [7]=4654 [8]=4654 [9]=4654 [10]=4654 [11]=4654 [12]=4654 
key_index after (DPU 27) [0]=1489 [1]=2902 [2]=4320 [3]=4320 [4]=4320 [5]=4320 [6]=4320 [7]=4320 [8]=4320 [9]=4320 [10]=4320 [11]=4320 [12]=4320 
key_index after (DPU 28) [0]=1461 [1]=2884 [2]=4268 [3]=4268 [4]=4268 [5]=4268 [6]=4268 [7]=4268 [8]=4268 [9]=4268 [10]=4268 [11]=4268 [12]=4268 
key_index after (DPU 29) [0]=1388 [1]=2709 [2]=4035 [3]=4035 [4]=4035 [5]=4035 [6]=4035 [7]=4035 [8]=4035 [9]=4035 [10]=4035 [11]=4035 [12]=4035 
key_index after (DPU 30) [0]=1352 [1]=2688 [2]=4003 [3]=4003 [4]=4003 [5]=4003 [6]=4003 [7]=4003 [8]=4003 [9]=4003 [10]=4003 [11]=4003 [12]=4003 
key_index after (DPU 31) [0]=1263 [1]=2542 [2]=3811 [3]=3811 [4]=3811 [5]=3811 [6]=3811 [7]=3811 [8]=3811 [9]=3811 [10]=3811 [11]=3811 [12]=3811 
key_index after (DPU 32) [0]=1195 [1]=2457 [2]=3684 [3]=3684 [4]=3684 [5]=3684 [6]=3684 [7]=3684 [8]=3684 [9]=3684 [10]=3684 [11]=3684 [12]=3684 
key_index after (DPU 33) [0]=1180 [1]=2438 [2]=3657 [3]=3657 [4]=3657 [5]=3657 [6]=3657 [7]=3657 [8]=3657 [9]=3657 [10]=3657 [11]=3657 [12]=3657 
key_index after (DPU 34) [0]=1203 [1]=2374 [2]=3518 [3]=3518 [4]=3518 [5]=3518 [6]=3518 [7]=3518 [8]=3518 [9]=3518 [10]=3518 [11]=3518 [12]=3518 
key_index after (DPU 35) [0]=1142 [1]=2248 [2]=3295 [3]=3295 [4]=3295 [5]=3295 [6]=3295 [7]=3295 [8]=3295 [9]=3295 [10]=3295 [11]=3295 [12]=3295 
key_index after (DPU 36) [0]=1075 [1]=2159 [2]=3321 [3]=3321 [4]=3321 [5]=3321 [6]=3321 [7]=3321 [8]=3321 [9]=3321 [10]=3321 [11]=3321 [12]=3321 
key_index after (DPU 37) [0]=1064 [1]=2168 [2]=3215 [3]=3215 [4]=3215 [5]=3215 [6]=3215 [7]=3215 [8]=3215 [9]=3215 [10]=3215 [11]=3215 [12]=3215 
key_index after (DPU 38) [0]=1067 [1]=2128 [2]=3207 [3]=3207 [4]=3207 [5]=3207 [6]=3207 [7]=3207 [8]=3207 [9]=3207 [10]=3207 [11]=3207 [12]=3207 
key_index after (DPU 39) [0]=1012 [1]=2021 [2]=2985 [3]=2985 [4]=2985 [5]=2985 [6]=2985 [7]=2985 [8]=2985 [9]=2985 [10]=2985 [11]=2985 [12]=2985 
key_index after (DPU 40) [0]=1017 [1]=2000 [2]=2920 [3]=2920 [4]=2920 [5]=2920 [6]=2920 [7]=2920 [8]=2920 [9]=2920 [10]=2920 [11]=2920 [12]=2920 
key_index after (DPU 41) [0]= 949 [1]=1961 [2]=2900 [3]=2900 [4]=2900 [5]=2900 [6]=2900 [7]=2900 [8]=2900 [9]=2900 [10]=2900 [11]=2900 [12]=2900 
key_index after (DPU 42) [0]= 974 [1]=1952 [2]=2873 [3]=2873 [4]=2873 [5]=2873 [6]=2873 [7]=2873 [8]=2873 [9]=2873 [10]=2873 [11]=2873 [12]=2873 
key_index after (DPU 43) [0]= 958 [1]=1869 [2]=2791 [3]=2791 [4]=2791 [5]=2791 [6]=2791 [7]=2791 [8]=2791 [9]=2791 [10]=2791 [11]=2791 [12]=2791 
key_index after (DPU 44) [0]= 890 [1]=1806 [2]=2669 [3]=2669 [4]=2669 [5]=2669 [6]=2669 [7]=2669 [8]=2669 [9]=2669 [10]=2669 [11]=2669 [12]=2669 
key_index after (DPU 45) [0]= 870 [1]=1746 [2]=2564 [3]=2564 [4]=2564 [5]=2564 [6]=2564 [7]=2564 [8]=2564 [9]=2564 [10]=2564 [11]=2564 [12]=2564 
key_index after (DPU 46) [0]= 904 [1]=1730 [2]=2602 [3]=2602 [4]=2602 [5]=2602 [6]=2602 [7]=2602 [8]=2602 [9]=2602 [10]=2602 [11]=2602 [12]=2602 
key_index after (DPU 47) [0]= 843 [1]=1676 [2]=2545 [3]=2545 [4]=2545 [5]=2545 [6]=2545 [7]=2545 [8]=2545 [9]=2545 [10]=2545 [11]=2545 [12]=2545 
key_index after (DPU 48) [0]= 772 [1]=1588 [2]=2385 [3]=2385 [4]=2385 [5]=2385 [6]=2385 [7]=2385 [8]=2385 [9]=2385 [10]=2385 [11]=2385 [12]=2385 
key_index after (DPU 49) [0]= 820 [1]=1608 [2]=2412 [3]=2412 [4]=2412 [5]=2412 [6]=2412 [7]=2412 [8]=2412 [9]=2412 [10]=2412 [11]=2412 [12]=2412 
key_index after (DPU 50) [0]= 755 [1]=1574 [2]=2364 [3]=2364 [4]=2364 [5]=2364 [6]=2364 [7]=2364 [8]=2364 [9]=2364 [10]=2364 [11]=2364 [12]=2364 
key_index after (DPU 51) [0]= 821 [1]=1624 [2]=2391 [3]=2391 [4]=2391 [5]=2391 [6]=2391 [7]=2391 [8]=2391 [9]=2391 [10]=2391 [11]=2391 [12]=2391 
key_index after (DPU 52) [0]= 774 [1]=1545 [2]=2278 [3]=2278 [4]=2278 [5]=2278 [6]=2278 [7]=2278 [8]=2278 [9]=2278 [10]=2278 [11]=2278 [12]=2278 
key_index after (DPU 53) [0]= 738 [1]=1475 [2]=2196 [3]=2196 [4]=2196 [5]=2196 [6]=2196 [7]=2196 [8]=2196 [9]=2196 [10]=2196 [11]=2196 [12]=2196 
key_index after (DPU 54) [0]= 712 [1]=1453 [2]=2180 [3]=2180 [4]=2180 [5]=2180 [6]=2180 [7]=2180 [8]=2180 [9]=2180 [10]=2180 [11]=2180 [12]=2180 
key_index after (DPU 55) [0]= 708 [1]=1431 [2]=2185 [3]=2185 [4]=2185 [5]=2185 [6]=2185 [7]=2185 [8]=2185 [9]=2185 [10]=2185 [11]=2185 [12]=2185 
key_index after (DPU 56) [0]= 687 [1]=1362 [2]=2074 [3]=2074 [4]=2074 [5]=2074 [6]=2074 [7]=2074 [8]=2074 [9]=2074 [10]=2074 [11]=2074 [12]=2074 
key_index after (DPU 57) [0]= 681 [1]=1367 [2]=2040 [3]=2040 [4]=2040 [5]=2040 [6]=2040 [7]=2040 [8]=2040 [9]=2040 [10]=2040 [11]=2040 [12]=2040 
key_index after (DPU 58) [0]= 695 [1]=1350 [2]=2014 [3]=2014 [4]=2014 [5]=2014 [6]=2014 [7]=2014 [8]=2014 [9]=2014 [10]=2014 [11]=2014 [12]=2014 
key_index after (DPU 59) [0]= 667 [1]=1340 [2]=2050 [3]=2050 [4]=2050 [5]=2050 [6]=2050 [7]=2050 [8]=2050 [9]=2050 [10]=2050 [11]=2050 [12]=2050 
key_index after (DPU 60) [0]= 703 [1]=1333 [2]=2048 [3]=2048 [4]=2048 [5]=2048 [6]=2048 [7]=2048 [8]=2048 [9]=2048 [10]=2048 [11]=2048 [12]=2048 
key_index after (DPU 61) [0]= 652 [1]=1293 [2]=1896 [3]=1896 [4]=1896 [5]=1896 [6]=1896 [7]=1896 [8]=1896 [9]=1896 [10]=1896 [11]=1896 [12]=1896 
key_index after (DPU 62) [0]= 665 [1]=1300 [2]=1961 [3]=1961 [4]=1961 [5]=1961 [6]=1961 [7]=1961 [8]=1961 [9]=1961 [10]=1961 [11]=1961 [12]=1961 
key_index after (DPU 63) [0]= 626 [1]=1274 [2]=1899 [3]=1899 [4]=1899 [5]=1899 [6]=1899 [7]=1899 [8]=1899 [9]=1899 [10]=1899 [11]=1899 [12]=1899 
key_index after (DPU 64) [0]= 651 [1]=1297 [2]=1887 [3]=1887 [4]=1887 [5]=1887 [6]=1887 [7]=1887 [8]=1887 [9]=1887 [10]=1887 [11]=1887 [12]=1887 
key_index after (DPU 65) [0]= 604 [1]=1249 [2]=1826 [3]=1826 [4]=1826 [5]=1826 [6]=1826 [7]=1826 [8]=1826 [9]=1826 [10]=1826 [11]=1826 [12]=1826 
key_index after (DPU 66) [0]= 590 [1]=1218 [2]=1801 [3]=1801 [4]=1801 [5]=1801 [6]=1801 [7]=1801 [8]=1801 [9]=1801 [10]=1801 [11]=1801 [12]=1801 
key_index after (DPU 67) [0]= 633 [1]=1272 [2]=1887 [3]=1887 [4]=1887 [5]=1887 [6]=1887 [7]=1887 [8]=1887 [9]=1887 [10]=1887 [11]=1887 [12]=1887 
key_index after (DPU 68) [0]= 555 [1]=1139 [2]=1705 [3]=1705 [4]=1705 [5]=1705 [6]=1705 [7]=1705 [8]=1705 [9]=1705 [10]=1705 [11]=1705 [12]=1705 
key_index after (DPU 69) [0]= 581 [1]=1149 [2]=1767 [3]=1767 [4]=1767 [5]=1767 [6]=1767 [7]=1767 [8]=1767 [9]=1767 [10]=1767 [11]=1767 [12]=1767 
key_index after (DPU 70) [0]= 587 [1]=1135 [2]=1669 [3]=1669 [4]=1669 [5]=1669 [6]=1669 [7]=1669 [8]=1669 [9]=1669 [10]=1669 [11]=1669 [12]=1669 
key_index after (DPU 71) [0]= 562 [1]=1156 [2]=1748 [3]=1748 [4]=1748 [5]=1748 [6]=1748 [7]=1748 [8]=1748 [9]=1748 [10]=1748 [11]=1748 [12]=1748 
key_index after (DPU 72) [0]= 568 [1]=1126 [2]=1660 [3]=1660 [4]=1660 [5]=1660 [6]=1660 [7]=1660 [8]=1660 [9]=1660 [10]=1660 [11]=1660 [12]=1660 
key_index after (DPU 73) [0]= 559 [1]=1135 [2]=1686 [3]=1686 [4]=1686 [5]=1686 [6]=1686 [7]=1686 [8]=1686 [9]=1686 [10]=1686 [11]=1686 [12]=1686 
key_index after (DPU 74) [0]= 539 [1]=1057 [2]=1614 [3]=1614 [4]=1614 [5]=1614 [6]=1614 [7]=1614 [8]=1614 [9]=1614 [10]=1614 [11]=1614 [12]=1614 
key_index after (DPU 75) [0]= 539 [1]=1040 [2]=1583 [3]=1583 [4]=1583 [5]=1583 [6]=1583 [7]=1583 [8]=1583 [9]=1583 [10]=1583 [11]=1583 [12]=1583 
key_index after (DPU 76) [0]= 515 [1]=1007 [2]=1533 [3]=1533 [4]=1533 [5]=1533 [6]=1533 [7]=1533 [8]=1533 [9]=1533 [10]=1533 [11]=1533 [12]=1533 
key_index after (DPU 77) [0]= 497 [1]= 993 [2]=1476 [3]=1476 [4]=1476 [5]=1476 [6]=1476 [7]=1476 [8]=1476 [9]=1476 [10]=1476 [11]=1476 [12]=1476 
key_index after (DPU 78) [0]= 543 [1]=1036 [2]=1518 [3]=1518 [4]=1518 [5]=1518 [6]=1518 [7]=1518 [8]=1518 [9]=1518 [10]=1518 [11]=1518 [12]=1518 
key_index after (DPU 79) [0]= 508 [1]=1012 [2]=1513 [3]=1513 [4]=1513 [5]=1513 [6]=1513 [7]=1513 [8]=1513 [9]=1513 [10]=1513 [11]=1513 [12]=1513 
key_index after (DPU 80) [0]= 489 [1]= 981 [2]=1473 [3]=1473 [4]=1473 [5]=1473 [6]=1473 [7]=1473 [8]=1473 [9]=1473 [10]=1473 [11]=1473 [12]=1473 
key_index after (DPU 81) [0]= 540 [1]=1027 [2]=1512 [3]=1512 [4]=1512 [5]=1512 [6]=1512 [7]=1512 [8]=1512 [9]=1512 [10]=1512 [11]=1512 [12]=1512 
key_index after (DPU 82) [0]= 487 [1]= 956 [2]=1459 [3]=1459 [4]=1459 [5]=1459 [6]=1459 [7]=1459 [8]=1459 [9]=1459 [10]=1459 [11]=1459 [12]=1459 
key_index after (DPU 83) [0]= 504 [1]= 970 [2]=1430 [3]=1430 [4]=1430 [5]=1430 [6]=1430 [7]=1430 [8]=1430 [9]=1430 [10]=1430 [11]=1430 [12]=1430 
key_index after (DPU 84) [0]= 462 [1]= 913 [2]=1362 [3]=1362 [4]=1362 [5]=1362 [6]=1362 [7]=1362 [8]=1362 [9]=1362 [10]=1362 [11]=1362 [12]=1362 
key_index after (DPU 85) [0]= 448 [1]= 901 [2]=1386 [3]=1386 [4]=1386 [5]=1386 [6]=1386 [7]=1386 [8]=1386 [9]=1386 [10]=1386 [11]=1386 [12]=1386 
key_index after (DPU 86) [0]= 467 [1]= 887 [2]=1325 [3]=1325 [4]=1325 [5]=1325 [6]=1325 [7]=1325 [8]=1325 [9]=1325 [10]=1325 [11]=1325 [12]=1325 
key_index after (DPU 87) [0]= 453 [1]= 868 [2]=1337 [3]=1337 [4]=1337 [5]=1337 [6]=1337 [7]=1337 [8]=1337 [9]=1337 [10]=1337 [11]=1337 [12]=1337 
key_index after (DPU 88) [0]= 439 [1]= 907 [2]=1352 [3]=1352 [4]=1352 [5]=1352 [6]=1352 [7]=1352 [8]=1352 [9]=1352 [10]=1352 [11]=1352 [12]=1352 
key_index after (DPU 89) [0]= 486 [1]= 925 [2]=1355 [3]=1355 [4]=1355 [5]=1355 [6]=1355 [7]=1355 [8]=1355 [9]=1355 [10]=1355 [11]=1355 [12]=1355 
key_index after (DPU 90) [0]= 447 [1]= 892 [2]=1336 [3]=1336 [4]=1336 [5]=1336 [6]=1336 [7]=1336 [8]=1336 [9]=1336 [10]=1336 [11]=1336 [12]=1336 
key_index after (DPU 91) [0]= 493 [1]= 957 [2]=1413 [3]=1413 [4]=1413 [5]=1413 [6]=1413 [7]=1413 [8]=1413 [9]=1413 [10]=1413 [11]=1413 [12]=1413 
key_index after (DPU 92) [0]= 449 [1]= 877 [2]=1306 [3]=1306 [4]=1306 [5]=1306 [6]=1306 [7]=1306 [8]=1306 [9]=1306 [10]=1306 [11]=1306 [12]=1306 
key_index after (DPU 93) [0]= 426 [1]= 849 [2]=1274 [3]=1274 [4]=1274 [5]=1274 [6]=1274 [7]=1274 [8]=1274 [9]=1274 [10]=1274 [11]=1274 [12]=1274 
key_index after (DPU 94) [0]= 459 [1]= 894 [2]=1325 [3]=1325 [4]=1325 [5]=1325 [6]=1325 [7]=1325 [8]=1325 [9]=1325 [10]=1325 [11]=1325 [12]=1325 
key_index after (DPU 95) [0]= 423 [1]= 877 [2]=1285 [3]=1285 [4]=1285 [5]=1285 [6]=1285 [7]=1285 [8]=1285 [9]=1285 [10]=1285 [11]=1285 [12]=1285 
key_index after (DPU 96) [0]= 402 [1]= 838 [2]=1295 [3]=1295 [4]=1295 [5]=1295 [6]=1295 [7]=1295 [8]=1295 [9]=1295 [10]=1295 [11]=1295 [12]=1295 
key_index after (DPU 97) [0]= 450 [1]= 871 [2]=1280 [3]=1280 [4]=1280 [5]=1280 [6]=1280 [7]=1280 [8]=1280 [9]=1280 [10]=1280 [11]=1280 [12]=1280 
key_index after (DPU 98) [0]= 400 [1]= 832 [2]=1236 [3]=1236 [4]=1236 [5]=1236 [6]=1236 [7]=1236 [8]=1236 [9]=1236 [10]=1236 [11]=1236 [12]=1236 
key_index after (DPU 99) [0]= 409 [1]= 788 [2]=1204 [3]=1204 [4]=1204 [5]=1204 [6]=1204 [7]=1204 [8]=1204 [9]=1204 [10]=1204 [11]=1204 [12]=1204 
key_index after (DPU 100) [0]= 413 [1]= 831 [2]=1220 [3]=1220 [4]=1220 [5]=1220 [6]=1220 [7]=1220 [8]=1220 [9]=1220 [10]=1220 [11]=1220 [12]=1220 
key_index after (DPU 101) [0]= 375 [1]= 794 [2]=1207 [3]=1207 [4]=1207 [5]=1207 [6]=1207 [7]=1207 [8]=1207 [9]=1207 [10]=1207 [11]=1207 [12]=1207 
key_index after (DPU 102) [0]= 374 [1]= 769 [2]=1192 [3]=1192 [4]=1192 [5]=1192 [6]=1192 [7]=1192 [8]=1192 [9]=1192 [10]=1192 [11]=1192 [12]=1192 
key_index after (DPU 103) [0]= 371 [1]= 747 [2]=1110 [3]=1110 [4]=1110 [5]=1110 [6]=1110 [7]=1110 [8]=1110 [9]=1110 [10]=1110 [11]=1110 [12]=1110 
key_index after (DPU 104) [0]= 366 [1]= 765 [2]=1135 [3]=1135 [4]=1135 [5]=1135 [6]=1135 [7]=1135 [8]=1135 [9]=1135 [10]=1135 [11]=1135 [12]=1135 
key_index after (DPU 105) [0]= 365 [1]= 774 [2]=1165 [3]=1165 [4]=1165 [5]=1165 [6]=1165 [7]=1165 [8]=1165 [9]=1165 [10]=1165 [11]=1165 [12]=1165 
key_index after (DPU 106) [0]= 380 [1]= 762 [2]=1136 [3]=1136 [4]=1136 [5]=1136 [6]=1136 [7]=1136 [8]=1136 [9]=1136 [10]=1136 [11]=1136 [12]=1136 
key_index after (DPU 107) [0]= 368 [1]= 768 [2]=1172 [3]=1172 [4]=1172 [5]=1172 [6]=1172 [7]=1172 [8]=1172 [9]=1172 [10]=1172 [11]=1172 [12]=1172 
key_index after (DPU 108) [0]= 364 [1]= 738 [2]=1086 [3]=1086 [4]=1086 [5]=1086 [6]=1086 [7]=1086 [8]=1086 [9]=1086 [10]=1086 [11]=1086 [12]=1086 
key_index after (DPU 109) [0]= 370 [1]= 735 [2]=1105 [3]=1105 [4]=1105 [5]=1105 [6]=1105 [7]=1105 [8]=1105 [9]=1105 [10]=1105 [11]=1105 [12]=1105 
key_index after (DPU 110) [0]= 357 [1]= 758 [2]=1122 [3]=1122 [4]=1122 [5]=1122 [6]=1122 [7]=1122 [8]=1122 [9]=1122 [10]=1122 [11]=1122 [12]=1122 
key_index after (DPU 111) [0]= 391 [1]= 748 [2]=1124 [3]=1124 [4]=1124 [5]=1124 [6]=1124 [7]=1124 [8]=1124 [9]=1124 [10]=1124 [11]=1124 [12]=1124 
key_index after (DPU 112) [0]= 394 [1]= 729 [2]=1058 [3]=1058 [4]=1058 [5]=1058 [6]=1058 [7]=1058 [8]=1058 [9]=1058 [10]=1058 [11]=1058 [12]=1058 
key_index after (DPU 113) [0]= 370 [1]= 728 [2]=1069 [3]=1069 [4]=1069 [5]=1069 [6]=1069 [7]=1069 [8]=1069 [9]=1069 [10]=1069 [11]=1069 [12]=1069 
key_index after (DPU 114) [0]= 364 [1]= 691 [2]=1063 [3]=1063 [4]=1063 [5]=1063 [6]=1063 [7]=1063 [8]=1063 [9]=1063 [10]=1063 [11]=1063 [12]=1063 
key_index after (DPU 115) [0]= 369 [1]= 730 [2]=1076 [3]=1076 [4]=1076 [5]=1076 [6]=1076 [7]=1076 [8]=1076 [9]=1076 [10]=1076 [11]=1076 [12]=1076 
key_index after (DPU 116) [0]= 368 [1]= 744 [2]=1081 [3]=1081 [4]=1081 [5]=1081 [6]=1081 [7]=1081 [8]=1081 [9]=1081 [10]=1081 [11]=1081 [12]=1081 
key_index after (DPU 117) [0]= 317 [1]= 668 [2]= 999 [3]= 999 [4]= 999 [5]= 999 [6]= 999 [7]= 999 [8]= 999 [9]= 999 [10]= 999 [11]= 999 [12]= 999 
key_index after (DPU 118) [0]= 334 [1]= 645 [2]= 976 [3]= 976 [4]= 976 [5]= 976 [6]= 976 [7]= 976 [8]= 976 [9]= 976 [10]= 976 [11]= 976 [12]= 976 
key_index after (DPU 119) [0]= 334 [1]= 679 [2]= 998 [3]= 998 [4]= 998 [5]= 998 [6]= 998 [7]= 998 [8]= 998 [9]= 998 [10]= 998 [11]= 998 [12]= 998 
key_index after (DPU 120) [0]= 338 [1]= 691 [2]=1033 [3]=1033 [4]=1033 [5]=1033 [6]=1033 [7]=1033 [8]=1033 [9]=1033 [10]=1033 [11]=1033 [12]=1033 
key_index after (DPU 121) [0]= 354 [1]= 710 [2]=1051 [3]=1051 [4]=1051 [5]=1051 [6]=1051 [7]=1051 [8]=1051 [9]=1051 [10]=1051 [11]=1051 [12]=1051 
key_index after (DPU 122) [0]= 316 [1]= 656 [2]= 991 [3]= 991 [4]= 991 [5]= 991 [6]= 991 [7]= 991 [8]= 991 [9]= 991 [10]= 991 [11]= 991 [12]= 991 
key_index after (DPU 123) [0]= 349 [1]= 657 [2]= 948 [3]= 948 [4]= 948 [5]= 948 [6]= 948 [7]= 948 [8]= 948 [9]= 948 [10]= 948 [11]= 948 [12]= 948 
key_index after (DPU 124) [0]= 319 [1]= 654 [2]= 956 [3]= 956 [4]= 956 [5]= 956 [6]= 956 [7]= 956 [8]= 956 [9]= 956 [10]= 956 [11]= 956 [12]= 956 
key_index after (DPU 125) [0]= 306 [1]= 612 [2]= 945 [3]= 945 [4]= 945 [5]= 945 [6]= 945 [7]= 945 [8]= 945 [9]= 945 [10]= 945 [11]= 945 [12]= 945 
key_index after (DPU 126) [0]= 313 [1]= 620 [2]= 904 [3]= 904 [4]= 904 [5]= 904 [6]= 904 [7]= 904 [8]= 904 [9]= 904 [10]= 904 [11]= 904 [12]= 904 
key_index after (DPU 127) [0]= 332 [1]= 622 [2]= 946 [3]= 946 [4]= 946 [5]= 946 [6]= 946 [7]= 946 [8]= 946 [9]= 946 [10]= 946 [11]= 946 [12]= 946 
key_index after (DPU 128) [0]= 288 [1]= 597 [2]= 916 [3]= 916 [4]= 916 [5]= 916 [6]= 916 [7]= 916 [8]= 916 [9]= 916 [10]= 916 [11]= 916 [12]= 916 
key_index after (DPU 129) [0]= 346 [1]= 691 [2]=1025 [3]=1025 [4]=1025 [5]=1025 [6]=1025 [7]=1025 [8]=1025 [9]=1025 [10]=1025 [11]=1025 [12]=1025 
key_index after (DPU 130) [0]= 264 [1]= 604 [2]= 915 [3]= 915 [4]= 915 [5]= 915 [6]= 915 [7]= 915 [8]= 915 [9]= 915 [10]= 915 [11]= 915 [12]= 915 
key_index after (DPU 131) [0]= 302 [1]= 617 [2]= 921 [3]= 921 [4]= 921 [5]= 921 [6]= 921 [7]= 921 [8]= 921 [9]= 921 [10]= 921 [11]= 921 [12]= 921 
key_index after (DPU 132) [0]= 300 [1]= 603 [2]= 928 [3]= 928 [4]= 928 [5]= 928 [6]= 928 [7]= 928 [8]= 928 [9]= 928 [10]= 928 [11]= 928 [12]= 928 
key_index after (DPU 133) [0]= 295 [1]= 613 [2]= 903 [3]= 903 [4]= 903 [5]= 903 [6]= 903 [7]= 903 [8]= 903 [9]= 903 [10]= 903 [11]= 903 [12]= 903 
key_index after (DPU 134) [0]= 279 [1]= 582 [2]= 896 [3]= 896 [4]= 896 [5]= 896 [6]= 896 [7]= 896 [8]= 896 [9]= 896 [10]= 896 [11]= 896 [12]= 896 
key_index after (DPU 135) [0]= 312 [1]= 574 [2]= 864 [3]= 864 [4]= 864 [5]= 864 [6]= 864 [7]= 864 [8]= 864 [9]= 864 [10]= 864 [11]= 864 [12]= 864 
key_index after (DPU 136) [0]= 291 [1]= 559 [2]= 840 [3]= 840 [4]= 840 [5]= 840 [6]= 840 [7]= 840 [8]= 840 [9]= 840 [10]= 840 [11]= 840 [12]= 840 
key_index after (DPU 137) [0]= 335 [1]= 650 [2]= 932 [3]= 932 [4]= 932 [5]= 932 [6]= 932 [7]= 932 [8]= 932 [9]= 932 [10]= 932 [11]= 932 [12]= 932 
key_index after (DPU 138) [0]= 308 [1]= 582 [2]= 884 [3]= 884 [4]= 884 [5]= 884 [6]= 884 [7]= 884 [8]= 884 [9]= 884 [10]= 884 [11]= 884 [12]= 884 
key_index after (DPU 139) [0]= 282 [1]= 549 [2]= 802 [3]= 802 [4]= 802 [5]= 802 [6]= 802 [7]= 802 [8]= 802 [9]= 802 [10]= 802 [11]= 802 [12]= 802 
key_index after (DPU 140) [0]= 277 [1]= 534 [2]= 812 [3]= 812 [4]= 812 [5]= 812 [6]= 812 [7]= 812 [8]= 812 [9]= 812 [10]= 812 [11]= 812 [12]= 812 
key_index after (DPU 141) [0]= 311 [1]= 596 [2]= 881 [3]= 881 [4]= 881 [5]= 881 [6]= 881 [7]= 881 [8]= 881 [9]= 881 [10]= 881 [11]= 881 [12]= 881 
key_index after (DPU 142) [0]= 314 [1]= 632 [2]= 922 [3]= 922 [4]= 922 [5]= 922 [6]= 922 [7]= 922 [8]= 922 [9]= 922 [10]= 922 [11]= 922 [12]= 922 
key_index after (DPU 143) [0]= 275 [1]= 582 [2]= 868 [3]= 868 [4]= 868 [5]= 868 [6]= 868 [7]= 868 [8]= 868 [9]= 868 [10]= 868 [11]= 868 [12]= 868 
key_index after (DPU 144) [0]= 282 [1]= 540 [2]= 825 [3]= 825 [4]= 825 [5]= 825 [6]= 825 [7]= 825 [8]= 825 [9]= 825 [10]= 825 [11]= 825 [12]= 825 
key_index after (DPU 145) [0]= 266 [1]= 569 [2]= 849 [3]= 849 [4]= 849 [5]= 849 [6]= 849 [7]= 849 [8]= 849 [9]= 849 [10]= 849 [11]= 849 [12]= 849 
key_index after (DPU 146) [0]= 293 [1]= 589 [2]= 850 [3]= 850 [4]= 850 [5]= 850 [6]= 850 [7]= 850 [8]= 850 [9]= 850 [10]= 850 [11]= 850 [12]= 850 
key_index after (DPU 147) [0]= 283 [1]= 573 [2]= 876 [3]= 876 [4]= 876 [5]= 876 [6]= 876 [7]= 876 [8]= 876 [9]= 876 [10]= 876 [11]= 876 [12]= 876 
key_index after (DPU 148) [0]= 262 [1]= 507 [2]= 775 [3]= 775 [4]= 775 [5]= 775 [6]= 775 [7]= 775 [8]= 775 [9]= 775 [10]= 775 [11]= 775 [12]= 775 
key_index after (DPU 149) [0]= 291 [1]= 597 [2]= 862 [3]= 862 [4]= 862 [5]= 862 [6]= 862 [7]= 862 [8]= 862 [9]= 862 [10]= 862 [11]= 862 [12]= 862 
key_index after (DPU 150) [0]= 262 [1]= 547 [2]= 828 [3]= 828 [4]= 828 [5]= 828 [6]= 828 [7]= 828 [8]= 828 [9]= 828 [10]= 828 [11]= 828 [12]= 828 
key_index after (DPU 151) [0]= 269 [1]= 546 [2]= 848 [3]= 848 [4]= 848 [5]= 848 [6]= 848 [7]= 848 [8]= 848 [9]= 848 [10]= 848 [11]= 848 [12]= 848 
key_index after (DPU 152) [0]= 262 [1]= 530 [2]= 795 [3]= 795 [4]= 795 [5]= 795 [6]= 795 [7]= 795 [8]= 795 [9]= 795 [10]= 795 [11]= 795 [12]= 795 
key_index after (DPU 153) [0]= 255 [1]= 525 [2]= 775 [3]= 775 [4]= 775 [5]= 775 [6]= 775 [7]= 775 [8]= 775 [9]= 775 [10]= 775 [11]= 775 [12]= 775 
key_index after (DPU 154) [0]= 275 [1]= 519 [2]= 768 [3]= 768 [4]= 768 [5]= 768 [6]= 768 [7]= 768 [8]= 768 [9]= 768 [10]= 768 [11]= 768 [12]= 768 
key_index after (DPU 155) [0]= 266 [1]= 579 [2]= 832 [3]= 832 [4]= 832 [5]= 832 [6]= 832 [7]= 832 [8]= 832 [9]= 832 [10]= 832 [11]= 832 [12]= 832 
key_index after (DPU 156) [0]= 272 [1]= 555 [2]= 796 [3]= 796 [4]= 796 [5]= 796 [6]= 796 [7]= 796 [8]= 796 [9]= 796 [10]= 796 [11]= 796 [12]= 796 
key_index after (DPU 157) [0]= 259 [1]= 529 [2]= 788 [3]= 788 [4]= 788 [5]= 788 [6]= 788 [7]= 788 [8]= 788 [9]= 788 [10]= 788 [11]= 788 [12]= 788 
key_index after (DPU 158) [0]= 236 [1]= 473 [2]= 739 [3]= 739 [4]= 739 [5]= 739 [6]= 739 [7]= 739 [8]= 739 [9]= 739 [10]= 739 [11]= 739 [12]= 739 
key_index after (DPU 159) [0]= 232 [1]= 482 [2]= 703 [3]= 703 [4]= 703 [5]= 703 [6]= 703 [7]= 703 [8]= 703 [9]= 703 [10]= 703 [11]= 703 [12]= 703 
key_index after (DPU 160) [0]= 282 [1]= 520 [2]= 783 [3]= 783 [4]= 783 [5]= 783 [6]= 783 [7]= 783 [8]= 783 [9]= 783 [10]= 783 [11]= 783 [12]= 783 
key_index after (DPU 161) [0]= 253 [1]= 495 [2]= 767 [3]= 767 [4]= 767 [5]= 767 [6]= 767 [7]= 767 [8]= 767 [9]= 767 [10]= 767 [11]= 767 [12]= 767 
key_index after (DPU 162) [0]= 236 [1]= 474 [2]= 726 [3]= 726 [4]= 726 [5]= 726 [6]= 726 [7]= 726 [8]= 726 [9]= 726 [10]= 726 [11]= 726 [12]= 726 
key_index after (DPU 163) [0]= 234 [1]= 443 [2]= 719 [3]= 719 [4]= 719 [5]= 719 [6]= 719 [7]= 719 [8]= 719 [9]= 719 [10]= 719 [11]= 719 [12]= 719 
key_index after (DPU 164) [0]= 266 [1]= 493 [2]= 747 [3]= 747 [4]= 747 [5]= 747 [6]= 747 [7]= 747 [8]= 747 [9]= 747 [10]= 747 [11]= 747 [12]= 747 
key_index after (DPU 165) [0]= 267 [1]= 534 [2]= 781 [3]= 781 [4]= 781 [5]= 781 [6]= 781 [7]= 781 [8]= 781 [9]= 781 [10]= 781 [11]= 781 [12]= 781 
key_index after (DPU 166) [0]= 264 [1]= 520 [2]= 799 [3]= 799 [4]= 799 [5]= 799 [6]= 799 [7]= 799 [8]= 799 [9]= 799 [10]= 799 [11]= 799 [12]= 799 
key_index after (DPU 167) [0]= 274 [1]= 511 [2]= 760 [3]= 760 [4]= 760 [5]= 760 [6]= 760 [7]= 760 [8]= 760 [9]= 760 [10]= 760 [11]= 760 [12]= 760 
key_index after (DPU 168) [0]= 254 [1]= 475 [2]= 694 [3]= 694 [4]= 694 [5]= 694 [6]= 694 [7]= 694 [8]= 694 [9]= 694 [10]= 694 [11]= 694 [12]= 694 
key_index after (DPU 169) [0]= 227 [1]= 450 [2]= 694 [3]= 694 [4]= 694 [5]= 694 [6]= 694 [7]= 694 [8]= 694 [9]= 694 [10]= 694 [11]= 694 [12]= 694 
key_index after (DPU 170) [0]= 238 [1]= 474 [2]= 705 [3]= 705 [4]= 705 [5]= 705 [6]= 705 [7]= 705 [8]= 705 [9]= 705 [10]= 705 [11]= 705 [12]= 705 
key_index after (DPU 171) [0]= 237 [1]= 473 [2]= 738 [3]= 738 [4]= 738 [5]= 738 [6]= 738 [7]= 738 [8]= 738 [9]= 738 [10]= 738 [11]= 738 [12]= 738 
key_index after (DPU 172) [0]= 236 [1]= 475 [2]= 716 [3]= 716 [4]= 716 [5]= 716 [6]= 716 [7]= 716 [8]= 716 [9]= 716 [10]= 716 [11]= 716 [12]= 716 
key_index after (DPU 173) [0]= 251 [1]= 506 [2]= 754 [3]= 754 [4]= 754 [5]= 754 [6]= 754 [7]= 754 [8]= 754 [9]= 754 [10]= 754 [11]= 754 [12]= 754 
key_index after (DPU 174) [0]= 223 [1]= 442 [2]= 673 [3]= 673 [4]= 673 [5]= 673 [6]= 673 [7]= 673 [8]= 673 [9]= 673 [10]= 673 [11]= 673 [12]= 673 
key_index after (DPU 175) [0]= 214 [1]= 438 [2]= 665 [3]= 665 [4]= 665 [5]= 665 [6]= 665 [7]= 665 [8]= 665 [9]= 665 [10]= 665 [11]= 665 [12]= 665 
key_index after (DPU 176) [0]= 200 [1]= 425 [2]= 656 [3]= 656 [4]= 656 [5]= 656 [6]= 656 [7]= 656 [8]= 656 [9]= 656 [10]= 656 [11]= 656 [12]= 656 
key_index after (DPU 177) [0]= 220 [1]= 447 [2]= 679 [3]= 679 [4]= 679 [5]= 679 [6]= 679 [7]= 679 [8]= 679 [9]= 679 [10]= 679 [11]= 679 [12]= 679 
key_index after (DPU 178) [0]= 195 [1]= 455 [2]= 684 [3]= 684 [4]= 684 [5]= 684 [6]= 684 [7]= 684 [8]= 684 [9]= 684 [10]= 684 [11]= 684 [12]= 684 
key_index after (DPU 179) [0]= 216 [1]= 442 [2]= 675 [3]= 675 [4]= 675 [5]= 675 [6]= 675 [7]= 675 [8]= 675 [9]= 675 [10]= 675 [11]= 675 [12]= 675 
key_index after (DPU 180) [0]= 245 [1]= 465 [2]= 698 [3]= 698 [4]= 698 [5]= 698 [6]= 698 [7]= 698 [8]= 698 [9]= 698 [10]= 698 [11]= 698 [12]= 698 
key_index after (DPU 181) [0]= 238 [1]= 453 [2]= 655 [3]= 655 [4]= 655 [5]= 655 [6]= 655 [7]= 655 [8]= 655 [9]= 655 [10]= 655 [11]= 655 [12]= 655 
key_index after (DPU 182) [0]= 227 [1]= 450 [2]= 673 [3]= 673 [4]= 673 [5]= 673 [6]= 673 [7]= 673 [8]= 673 [9]= 673 [10]= 673 [11]= 673 [12]= 673 
key_index after (DPU 183) [0]= 232 [1]= 474 [2]= 699 [3]= 699 [4]= 699 [5]= 699 [6]= 699 [7]= 699 [8]= 699 [9]= 699 [10]= 699 [11]= 699 [12]= 699 
key_index after (DPU 184) [0]= 238 [1]= 461 [2]= 710 [3]= 710 [4]= 710 [5]= 710 [6]= 710 [7]= 710 [8]= 710 [9]= 710 [10]= 710 [11]= 710 [12]= 710 
key_index after (DPU 185) [0]= 227 [1]= 445 [2]= 660 [3]= 660 [4]= 660 [5]= 660 [6]= 660 [7]= 660 [8]= 660 [9]= 660 [10]= 660 [11]= 660 [12]= 660 
key_index after (DPU 186) [0]= 202 [1]= 427 [2]= 620 [3]= 620 [4]= 620 [5]= 620 [6]= 620 [7]= 620 [8]= 620 [9]= 620 [10]= 620 [11]= 620 [12]= 620 
key_index after (DPU 187) [0]= 207 [1]= 411 [2]= 643 [3]= 643 [4]= 643 [5]= 643 [6]= 643 [7]= 643 [8]= 643 [9]= 643 [10]= 643 [11]= 643 [12]= 643 
key_index after (DPU 188) [0]= 211 [1]= 421 [2]= 630 [3]= 630 [4]= 630 [5]= 630 [6]= 630 [7]= 630 [8]= 630 [9]= 630 [10]= 630 [11]= 630 [12]= 630 
key_index after (DPU 189) [0]= 215 [1]= 427 [2]= 628 [3]= 628 [4]= 628 [5]= 628 [6]= 628 [7]= 628 [8]= 628 [9]= 628 [10]= 628 [11]= 628 [12]= 628 
key_index after (DPU 190) [0]= 233 [1]= 443 [2]= 647 [3]= 647 [4]= 647 [5]= 647 [6]= 647 [7]= 647 [8]= 647 [9]= 647 [10]= 647 [11]= 647 [12]= 647 
key_index after (DPU 191) [0]= 217 [1]= 431 [2]= 613 [3]= 613 [4]= 613 [5]= 613 [6]= 613 [7]= 613 [8]= 613 [9]= 613 [10]= 613 [11]= 613 [12]= 613 
key_index after (DPU 192) [0]= 212 [1]= 442 [2]= 649 [3]= 649 [4]= 649 [5]= 649 [6]= 649 [7]= 649 [8]= 649 [9]= 649 [10]= 649 [11]= 649 [12]= 649 
key_index after (DPU 193) [0]= 179 [1]= 387 [2]= 593 [3]= 593 [4]= 593 [5]= 593 [6]= 593 [7]= 593 [8]= 593 [9]= 593 [10]= 593 [11]= 593 [12]= 593 
key_index after (DPU 194) [0]= 209 [1]= 403 [2]= 610 [3]= 610 [4]= 610 [5]= 610 [6]= 610 [7]= 610 [8]= 610 [9]= 610 [10]= 610 [11]= 610 [12]= 610 
key_index after (DPU 195) [0]= 218 [1]= 445 [2]= 637 [3]= 637 [4]= 637 [5]= 637 [6]= 637 [7]= 637 [8]= 637 [9]= 637 [10]= 637 [11]= 637 [12]= 637 
key_index after (DPU 196) [0]= 203 [1]= 403 [2]= 621 [3]= 621 [4]= 621 [5]= 621 [6]= 621 [7]= 621 [8]= 621 [9]= 621 [10]= 621 [11]= 621 [12]= 621 
key_index after (DPU 197) [0]= 217 [1]= 422 [2]= 619 [3]= 619 [4]= 619 [5]= 619 [6]= 619 [7]= 619 [8]= 619 [9]= 619 [10]= 619 [11]= 619 [12]= 619 
key_index after (DPU 198) [0]= 200 [1]= 370 [2]= 593 [3]= 593 [4]= 593 [5]= 593 [6]= 593 [7]= 593 [8]= 593 [9]= 593 [10]= 593 [11]= 593 [12]= 593 
key_index after (DPU 199) [0]= 219 [1]= 418 [2]= 628 [3]= 628 [4]= 628 [5]= 628 [6]= 628 [7]= 628 [8]= 628 [9]= 628 [10]= 628 [11]= 628 [12]= 628 
key_index after (DPU 200) [0]= 198 [1]= 397 [2]= 587 [3]= 587 [4]= 587 [5]= 587 [6]= 587 [7]= 587 [8]= 587 [9]= 587 [10]= 587 [11]= 587 [12]= 587 
key_index after (DPU 201) [0]= 197 [1]= 400 [2]= 581 [3]= 581 [4]= 581 [5]= 581 [6]= 581 [7]= 581 [8]= 581 [9]= 581 [10]= 581 [11]= 581 [12]= 581 
key_index after (DPU 202) [0]= 199 [1]= 410 [2]= 607 [3]= 607 [4]= 607 [5]= 607 [6]= 607 [7]= 607 [8]= 607 [9]= 607 [10]= 607 [11]= 607 [12]= 607 
key_index after (DPU 203) [0]= 180 [1]= 371 [2]= 565 [3]= 565 [4]= 565 [5]= 565 [6]= 565 [7]= 565 [8]= 565 [9]= 565 [10]= 565 [11]= 565 [12]= 565 
key_index after (DPU 204) [0]= 180 [1]= 396 [2]= 574 [3]= 574 [4]= 574 [5]= 574 [6]= 574 [7]= 574 [8]= 574 [9]= 574 [10]= 574 [11]= 574 [12]= 574 
key_index after (DPU 205) [0]= 179 [1]= 393 [2]= 590 [3]= 590 [4]= 590 [5]= 590 [6]= 590 [7]= 590 [8]= 590 [9]= 590 [10]= 590 [11]= 590 [12]= 590 
key_index after (DPU 206) [0]= 213 [1]= 438 [2]= 636 [3]= 636 [4]= 636 [5]= 636 [6]= 636 [7]= 636 [8]= 636 [9]= 636 [10]= 636 [11]= 636 [12]= 636 
key_index after (DPU 207) [0]= 201 [1]= 414 [2]= 595 [3]= 595 [4]= 595 [5]= 595 [6]= 595 [7]= 595 [8]= 595 [9]= 595 [10]= 595 [11]= 595 [12]= 595 
key_index after (DPU 208) [0]= 203 [1]= 415 [2]= 618 [3]= 618 [4]= 618 [5]= 618 [6]= 618 [7]= 618 [8]= 618 [9]= 618 [10]= 618 [11]= 618 [12]= 618 
key_index after (DPU 209) [0]= 176 [1]= 363 [2]= 567 [3]= 567 [4]= 567 [5]= 567 [6]= 567 [7]= 567 [8]= 567 [9]= 567 [10]= 567 [11]= 567 [12]= 567 
key_index after (DPU 210) [0]= 186 [1]= 395 [2]= 598 [3]= 598 [4]= 598 [5]= 598 [6]= 598 [7]= 598 [8]= 598 [9]= 598 [10]= 598 [11]= 598 [12]= 598 
key_index after (DPU 211) [0]= 191 [1]= 375 [2]= 574 [3]= 574 [4]= 574 [5]= 574 [6]= 574 [7]= 574 [8]= 574 [9]= 574 [10]= 574 [11]= 574 [12]= 574 
key_index after (DPU 212) [0]= 199 [1]= 403 [2]= 596 [3]= 596 [4]= 596 [5]= 596 [6]= 596 [7]= 596 [8]= 596 [9]= 596 [10]= 596 [11]= 596 [12]= 596 
key_index after (DPU 213) [0]= 184 [1]= 389 [2]= 574 [3]= 574 [4]= 574 [5]= 574 [6]= 574 [7]= 574 [8]= 574 [9]= 574 [10]= 574 [11]= 574 [12]= 574 
key_index after (DPU 214) [0]= 206 [1]= 375 [2]= 552 [3]= 552 [4]= 552 [5]= 552 [6]= 552 [7]= 552 [8]= 552 [9]= 552 [10]= 552 [11]= 552 [12]= 552 
key_index after (DPU 215) [0]= 178 [1]= 363 [2]= 566 [3]= 566 [4]= 566 [5]= 566 [6]= 566 [7]= 566 [8]= 566 [9]= 566 [10]= 566 [11]= 566 [12]= 566 
key_index after (DPU 216) [0]= 167 [1]= 344 [2]= 525 [3]= 525 [4]= 525 [5]= 525 [6]= 525 [7]= 525 [8]= 525 [9]= 525 [10]= 525 [11]= 525 [12]= 525 
key_index after (DPU 217) [0]= 194 [1]= 381 [2]= 587 [3]= 587 [4]= 587 [5]= 587 [6]= 587 [7]= 587 [8]= 587 [9]= 587 [10]= 587 [11]= 587 [12]= 587 
key_index after (DPU 218) [0]= 186 [1]= 372 [2]= 547 [3]= 547 [4]= 547 [5]= 547 [6]= 547 [7]= 547 [8]= 547 [9]= 547 [10]= 547 [11]= 547 [12]= 547 
key_index after (DPU 219) [0]= 203 [1]= 396 [2]= 578 [3]= 578 [4]= 578 [5]= 578 [6]= 578 [7]= 578 [8]= 578 [9]= 578 [10]= 578 [11]= 578 [12]= 578 
key_index after (DPU 220) [0]= 184 [1]= 351 [2]= 520 [3]= 520 [4]= 520 [5]= 520 [6]= 520 [7]= 520 [8]= 520 [9]= 520 [10]= 520 [11]= 520 [12]= 520 
key_index after (DPU 221) [0]= 222 [1]= 386 [2]= 600 [3]= 600 [4]= 600 [5]= 600 [6]= 600 [7]= 600 [8]= 600 [9]= 600 [10]= 600 [11]= 600 [12]= 600 
key_index after (DPU 222) [0]= 179 [1]= 363 [2]= 549 [3]= 549 [4]= 549 [5]= 549 [6]= 549 [7]= 549 [8]= 549 [9]= 549 [10]= 549 [11]= 549 [12]= 549 
key_index after (DPU 223) [0]= 195 [1]= 394 [2]= 558 [3]= 558 [4]= 558 [5]= 558 [6]= 558 [7]= 558 [8]= 558 [9]= 558 [10]= 558 [11]= 558 [12]= 558 
key_index after (DPU 224) [0]= 198 [1]= 381 [2]= 548 [3]= 548 [4]= 548 [5]= 548 [6]= 548 [7]= 548 [8]= 548 [9]= 548 [10]= 548 [11]= 548 [12]= 548 
key_index after (DPU 225) [0]= 165 [1]= 362 [2]= 542 [3]= 542 [4]= 542 [5]= 542 [6]= 542 [7]= 542 [8]= 542 [9]= 542 [10]= 542 [11]= 542 [12]= 542 
key_index after (DPU 226) [0]= 165 [1]= 352 [2]= 507 [3]= 507 [4]= 507 [5]= 507 [6]= 507 [7]= 507 [8]= 507 [9]= 507 [10]= 507 [11]= 507 [12]= 507 
key_index after (DPU 227) [0]= 166 [1]= 359 [2]= 556 [3]= 556 [4]= 556 [5]= 556 [6]= 556 [7]= 556 [8]= 556 [9]= 556 [10]= 556 [11]= 556 [12]= 556 
key_index after (DPU 228) [0]= 201 [1]= 354 [2]= 543 [3]= 543 [4]= 543 [5]= 543 [6]= 543 [7]= 543 [8]= 543 [9]= 543 [10]= 543 [11]= 543 [12]= 543 
key_index after (DPU 229) [0]= 174 [1]= 364 [2]= 552 [3]= 552 [4]= 552 [5]= 552 [6]= 552 [7]= 552 [8]= 552 [9]= 552 [10]= 552 [11]= 552 [12]= 552 
key_index after (DPU 230) [0]= 176 [1]= 370 [2]= 552 [3]= 552 [4]= 552 [5]= 552 [6]= 552 [7]= 552 [8]= 552 [9]= 552 [10]= 552 [11]= 552 [12]= 552 
key_index after (DPU 231) [0]= 170 [1]= 346 [2]= 542 [3]= 542 [4]= 542 [5]= 542 [6]= 542 [7]= 542 [8]= 542 [9]= 542 [10]= 542 [11]= 542 [12]= 542 
key_index after (DPU 232) [0]= 163 [1]= 352 [2]= 519 [3]= 519 [4]= 519 [5]= 519 [6]= 519 [7]= 519 [8]= 519 [9]= 519 [10]= 519 [11]= 519 [12]= 519 
key_index after (DPU 233) [0]= 182 [1]= 330 [2]= 498 [3]= 498 [4]= 498 [5]= 498 [6]= 498 [7]= 498 [8]= 498 [9]= 498 [10]= 498 [11]= 498 [12]= 498 
key_index after (DPU 234) [0]= 172 [1]= 334 [2]= 507 [3]= 507 [4]= 507 [5]= 507 [6]= 507 [7]= 507 [8]= 507 [9]= 507 [10]= 507 [11]= 507 [12]= 507 
key_index after (DPU 235) [0]= 161 [1]= 318 [2]= 497 [3]= 497 [4]= 497 [5]= 497 [6]= 497 [7]= 497 [8]= 497 [9]= 497 [10]= 497 [11]= 497 [12]= 497 
key_index after (DPU 236) [0]= 160 [1]= 339 [2]= 506 [3]= 506 [4]= 506 [5]= 506 [6]= 506 [7]= 506 [8]= 506 [9]= 506 [10]= 506 [11]= 506 [12]= 506 
key_index after (DPU 237) [0]= 167 [1]= 328 [2]= 501 [3]= 501 [4]= 501 [5]= 501 [6]= 501 [7]= 501 [8]= 501 [9]= 501 [10]= 501 [11]= 501 [12]= 501 
key_index after (DPU 238) [0]= 185 [1]= 359 [2]= 522 [3]= 522 [4]= 522 [5]= 522 [6]= 522 [7]= 522 [8]= 522 [9]= 522 [10]= 522 [11]= 522 [12]= 522 
key_index after (DPU 239) [0]= 157 [1]= 329 [2]= 496 [3]= 496 [4]= 496 [5]= 496 [6]= 496 [7]= 496 [8]= 496 [9]= 496 [10]= 496 [11]= 496 [12]= 496 
key_index after (DPU 240) [0]= 172 [1]= 325 [2]= 491 [3]= 491 [4]= 491 [5]= 491 [6]= 491 [7]= 491 [8]= 491 [9]= 491 [10]= 491 [11]= 491 [12]= 491 
key_index after (DPU 241) [0]= 185 [1]= 366 [2]= 517 [3]= 517 [4]= 517 [5]= 517 [6]= 517 [7]= 517 [8]= 517 [9]= 517 [10]= 517 [11]= 517 [12]= 517 
key_index after (DPU 242) [0]= 173 [1]= 349 [2]= 483 [3]= 483 [4]= 483 [5]= 483 [6]= 483 [7]= 483 [8]= 483 [9]= 483 [10]= 483 [11]= 483 [12]= 483 
key_index after (DPU 243) [0]= 166 [1]= 336 [2]= 516 [3]= 516 [4]= 516 [5]= 516 [6]= 516 [7]= 516 [8]= 516 [9]= 516 [10]= 516 [11]= 516 [12]= 516 
key_index after (DPU 244) [0]= 160 [1]= 334 [2]= 503 [3]= 503 [4]= 503 [5]= 503 [6]= 503 [7]= 503 [8]= 503 [9]= 503 [10]= 503 [11]= 503 [12]= 503 
key_index after (DPU 245) [0]= 165 [1]= 328 [2]= 486 [3]= 486 [4]= 486 [5]= 486 [6]= 486 [7]= 486 [8]= 486 [9]= 486 [10]= 486 [11]= 486 [12]= 486 
key_index after (DPU 246) [0]= 164 [1]= 341 [2]= 493 [3]= 493 [4]= 493 [5]= 493 [6]= 493 [7]= 493 [8]= 493 [9]= 493 [10]= 493 [11]= 493 [12]= 493 
key_index after (DPU 247) [0]= 148 [1]= 327 [2]= 491 [3]= 491 [4]= 491 [5]= 491 [6]= 491 [7]= 491 [8]= 491 [9]= 491 [10]= 491 [11]= 491 [12]= 491 
key_index after (DPU 248) [0]= 153 [1]= 315 [2]= 493 [3]= 493 [4]= 493 [5]= 493 [6]= 493 [7]= 493 [8]= 493 [9]= 493 [10]= 493 [11]= 493 [12]= 493 
key_index after (DPU 249) [0]= 174 [1]= 327 [2]= 491 [3]= 491 [4]= 491 [5]= 491 [6]= 491 [7]= 491 [8]= 491 [9]= 491 [10]= 491 [11]= 491 [12]= 491 
key_index after (DPU 250) [0]= 152 [1]= 286 [2]= 465 [3]= 465 [4]= 465 [5]= 465 [6]= 465 [7]= 465 [8]= 465 [9]= 465 [10]= 465 [11]= 465 [12]= 465 
key_index after (DPU 251) [0]= 154 [1]= 348 [2]= 510 [3]= 510 [4]= 510 [5]= 510 [6]= 510 [7]= 510 [8]= 510 [9]= 510 [10]= 510 [11]= 510 [12]= 510 
key_index after (DPU 252) [0]= 174 [1]= 322 [2]= 493 [3]= 493 [4]= 493 [5]= 493 [6]= 493 [7]= 493 [8]= 493 [9]= 493 [10]= 493 [11]= 493 [12]= 493 
key_index after (DPU 253) [0]= 158 [1]= 317 [2]= 480 [3]= 480 [4]= 480 [5]= 480 [6]= 480 [7]= 480 [8]= 480 [9]= 480 [10]= 480 [11]= 480 [12]= 480 
key_index after (DPU 254) [0]= 151 [1]= 317 [2]= 471 [3]= 471 [4]= 471 [5]= 471 [6]= 471 [7]= 471 [8]= 471 [9]= 471 [10]= 471 [11]= 471 [12]= 471 
key_index after (DPU 255) [0]= 151 [1]= 314 [2]= 476 [3]= 476 [4]= 476 [5]= 476 [6]= 476 [7]= 476 [8]= 476 [9]= 476 [10]= 476 [11]= 476 [12]= 476 
key_index after (DPU 256) [0]= 172 [1]= 345 [2]= 500 [3]= 500 [4]= 500 [5]= 500 [6]= 500 [7]= 500 [8]= 500 [9]= 500 [10]= 500 [11]= 500 [12]= 500 
key_index after (DPU 257) [0]= 142 [1]= 319 [2]= 481 [3]= 481 [4]= 481 [5]= 481 [6]= 481 [7]= 481 [8]= 481 [9]= 481 [10]= 481 [11]= 481 [12]= 481 
key_index after (DPU 258) [0]= 154 [1]= 325 [2]= 497 [3]= 497 [4]= 497 [5]= 497 [6]= 497 [7]= 497 [8]= 497 [9]= 497 [10]= 497 [11]= 497 [12]= 497 
key_index after (DPU 259) [0]= 160 [1]= 311 [2]= 459 [3]= 459 [4]= 459 [5]= 459 [6]= 459 [7]= 459 [8]= 459 [9]= 459 [10]= 459 [11]= 459 [12]= 459 
key_index after (DPU 260) [0]= 161 [1]= 320 [2]= 469 [3]= 469 [4]= 469 [5]= 469 [6]= 469 [7]= 469 [8]= 469 [9]= 469 [10]= 469 [11]= 469 [12]= 469 
key_index after (DPU 261) [0]= 151 [1]= 295 [2]= 463 [3]= 463 [4]= 463 [5]= 463 [6]= 463 [7]= 463 [8]= 463 [9]= 463 [10]= 463 [11]= 463 [12]= 463 
key_index after (DPU 262) [0]= 163 [1]= 341 [2]= 493 [3]= 493 [4]= 493 [5]= 493 [6]= 493 [7]= 493 [8]= 493 [9]= 493 [10]= 493 [11]= 493 [12]= 493 
key_index after (DPU 263) [0]= 169 [1]= 308 [2]= 507 [3]= 507 [4]= 507 [5]= 507 [6]= 507 [7]= 507 [8]= 507 [9]= 507 [10]= 507 [11]= 507 [12]= 507 
key_index after (DPU 264) [0]= 144 [1]= 312 [2]= 464 [3]= 464 [4]= 464 [5]= 464 [6]= 464 [7]= 464 [8]= 464 [9]= 464 [10]= 464 [11]= 464 [12]= 464 
key_index after (DPU 265) [0]= 128 [1]= 274 [2]= 421 [3]= 421 [4]= 421 [5]= 421 [6]= 421 [7]= 421 [8]= 421 [9]= 421 [10]= 421 [11]= 421 [12]= 421 
key_index after (DPU 266) [0]= 146 [1]= 300 [2]= 424 [3]= 424 [4]= 424 [5]= 424 [6]= 424 [7]= 424 [8]= 424 [9]= 424 [10]= 424 [11]= 424 [12]= 424 
key_index after (DPU 267) [0]= 144 [1]= 274 [2]= 441 [3]= 441 [4]= 441 [5]= 441 [6]= 441 [7]= 441 [8]= 441 [9]= 441 [10]= 441 [11]= 441 [12]= 441 
key_index after (DPU 268) [0]= 136 [1]= 261 [2]= 408 [3]= 408 [4]= 408 [5]= 408 [6]= 408 [7]= 408 [8]= 408 [9]= 408 [10]= 408 [11]= 408 [12]= 408 
key_index after (DPU 269) [0]= 139 [1]= 293 [2]= 434 [3]= 434 [4]= 434 [5]= 434 [6]= 434 [7]= 434 [8]= 434 [9]= 434 [10]= 434 [11]= 434 [12]= 434 
key_index after (DPU 270) [0]= 126 [1]= 269 [2]= 431 [3]= 431 [4]= 431 [5]= 431 [6]= 431 [7]= 431 [8]= 431 [9]= 431 [10]= 431 [11]= 431 [12]= 431 
key_index after (DPU 271) [0]= 138 [1]= 275 [2]= 415 [3]= 415 [4]= 415 [5]= 415 [6]= 415 [7]= 415 [8]= 415 [9]= 415 [10]= 415 [11]= 415 [12]= 415 
key_index after (DPU 272) [0]= 136 [1]= 279 [2]= 429 [3]= 429 [4]= 429 [5]= 429 [6]= 429 [7]= 429 [8]= 429 [9]= 429 [10]= 429 [11]= 429 [12]= 429 
key_index after (DPU 273) [0]= 171 [1]= 346 [2]= 504 [3]= 504 [4]= 504 [5]= 504 [6]= 504 [7]= 504 [8]= 504 [9]= 504 [10]= 504 [11]= 504 [12]= 504 
key_index after (DPU 274) [0]= 138 [1]= 282 [2]= 419 [3]= 419 [4]= 419 [5]= 419 [6]= 419 [7]= 419 [8]= 419 [9]= 419 [10]= 419 [11]= 419 [12]= 419 
key_index after (DPU 275) [0]= 134 [1]= 279 [2]= 416 [3]= 416 [4]= 416 [5]= 416 [6]= 416 [7]= 416 [8]= 416 [9]= 416 [10]= 416 [11]= 416 [12]= 416 
key_index after (DPU 276) [0]= 157 [1]= 288 [2]= 432 [3]= 432 [4]= 432 [5]= 432 [6]= 432 [7]= 432 [8]= 432 [9]= 432 [10]= 432 [11]= 432 [12]= 432 
key_index after (DPU 277) [0]= 138 [1]= 286 [2]= 456 [3]= 456 [4]= 456 [5]= 456 [6]= 456 [7]= 456 [8]= 456 [9]= 456 [10]= 456 [11]= 456 [12]= 456 
key_index after (DPU 278) [0]= 146 [1]= 283 [2]= 407 [3]= 407 [4]= 407 [5]= 407 [6]= 407 [7]= 407 [8]= 407 [9]= 407 [10]= 407 [11]= 407 [12]= 407 
key_index after (DPU 279) [0]= 140 [1]= 305 [2]= 460 [3]= 460 [4]= 460 [5]= 460 [6]= 460 [7]= 460 [8]= 460 [9]= 460 [10]= 460 [11]= 460 [12]= 460 
key_index after (DPU 280) [0]= 151 [1]= 267 [2]= 394 [3]= 394 [4]= 394 [5]= 394 [6]= 394 [7]= 394 [8]= 394 [9]= 394 [10]= 394 [11]= 394 [12]= 394 
key_index after (DPU 281) [0]= 141 [1]= 271 [2]= 419 [3]= 419 [4]= 419 [5]= 419 [6]= 419 [7]= 419 [8]= 419 [9]= 419 [10]= 419 [11]= 419 [12]= 419 
key_index after (DPU 282) [0]= 139 [1]= 266 [2]= 392 [3]= 392 [4]= 392 [5]= 392 [6]= 392 [7]= 392 [8]= 392 [9]= 392 [10]= 392 [11]= 392 [12]= 392 
key_index after (DPU 283) [0]= 157 [1]= 292 [2]= 436 [3]= 436 [4]= 436 [5]= 436 [6]= 436 [7]= 436 [8]= 436 [9]= 436 [10]= 436 [11]= 436 [12]= 436 
key_index after (DPU 284) [0]= 121 [1]= 279 [2]= 431 [3]= 431 [4]= 431 [5]= 431 [6]= 431 [7]= 431 [8]= 431 [9]= 431 [10]= 431 [11]= 431 [12]= 431 
key_index after (DPU 285) [0]= 150 [1]= 307 [2]= 467 [3]= 467 [4]= 467 [5]= 467 [6]= 467 [7]= 467 [8]= 467 [9]= 467 [10]= 467 [11]= 467 [12]= 467 
key_index after (DPU 286) [0]= 135 [1]= 260 [2]= 413 [3]= 413 [4]= 413 [5]= 413 [6]= 413 [7]= 413 [8]= 413 [9]= 413 [10]= 413 [11]= 413 [12]= 413 
key_index after (DPU 287) [0]= 134 [1]= 286 [2]= 427 [3]= 427 [4]= 427 [5]= 427 [6]= 427 [7]= 427 [8]= 427 [9]= 427 [10]= 427 [11]= 427 [12]= 427 
key_index after (DPU 288) [0]= 131 [1]= 259 [2]= 403 [3]= 403 [4]= 403 [5]= 403 [6]= 403 [7]= 403 [8]= 403 [9]= 403 [10]= 403 [11]= 403 [12]= 403 
key_index after (DPU 289) [0]= 123 [1]= 263 [2]= 418 [3]= 418 [4]= 418 [5]= 418 [6]= 418 [7]= 418 [8]= 418 [9]= 418 [10]= 418 [11]= 418 [12]= 418 
key_index after (DPU 290) [0]= 152 [1]= 292 [2]= 435 [3]= 435 [4]= 435 [5]= 435 [6]= 435 [7]= 435 [8]= 435 [9]= 435 [10]= 435 [11]= 435 [12]= 435 
key_index after (DPU 291) [0]= 153 [1]= 324 [2]= 463 [3]= 463 [4]= 463 [5]= 463 [6]= 463 [7]= 463 [8]= 463 [9]= 463 [10]= 463 [11]= 463 [12]= 463 
key_index after (DPU 292) [0]= 138 [1]= 308 [2]= 459 [3]= 459 [4]= 459 [5]= 459 [6]= 459 [7]= 459 [8]= 459 [9]= 459 [10]= 459 [11]= 459 [12]= 459 
key_index after (DPU 293) [0]= 145 [1]= 285 [2]= 407 [3]= 407 [4]= 407 [5]= 407 [6]= 407 [7]= 407 [8]= 407 [9]= 407 [10]= 407 [11]= 407 [12]= 407 
key_index after (DPU 294) [0]= 129 [1]= 277 [2]= 432 [3]= 432 [4]= 432 [5]= 432 [6]= 432 [7]= 432 [8]= 432 [9]= 432 [10]= 432 [11]= 432 [12]= 432 
key_index after (DPU 295) [0]= 152 [1]= 279 [2]= 427 [3]= 427 [4]= 427 [5]= 427 [6]= 427 [7]= 427 [8]= 427 [9]= 427 [10]= 427 [11]= 427 [12]= 427 
key_index after (DPU 296) [0]= 160 [1]= 300 [2]= 418 [3]= 418 [4]= 418 [5]= 418 [6]= 418 [7]= 418 [8]= 418 [9]= 418 [10]= 418 [11]= 418 [12]= 418 
key_index after (DPU 297) [0]= 139 [1]= 288 [2]= 401 [3]= 401 [4]= 401 [5]= 401 [6]= 401 [7]= 401 [8]= 401 [9]= 401 [10]= 401 [11]= 401 [12]= 401 
key_index after (DPU 298) [0]= 119 [1]= 268 [2]= 424 [3]= 424 [4]= 424 [5]= 424 [6]= 424 [7]= 424 [8]= 424 [9]= 424 [10]= 424 [11]= 424 [12]= 424 
key_index after (DPU 299) [0]= 144 [1]= 285 [2]= 413 [3]= 413 [4]= 413 [5]= 413 [6]= 413 [7]= 413 [8]= 413 [9]= 413 [10]= 413 [11]= 413 [12]= 413 
key_index after (DPU 300) [0]= 117 [1]= 269 [2]= 387 [3]= 387 [4]= 387 [5]= 387 [6]= 387 [7]= 387 [8]= 387 [9]= 387 [10]= 387 [11]= 387 [12]= 387 
key_index after (DPU 301) [0]= 137 [1]= 279 [2]= 429 [3]= 429 [4]= 429 [5]= 429 [6]= 429 [7]= 429 [8]= 429 [9]= 429 [10]= 429 [11]= 429 [12]= 429 
key_index after (DPU 302) [0]= 140 [1]= 273 [2]= 397 [3]= 397 [4]= 397 [5]= 397 [6]= 397 [7]= 397 [8]= 397 [9]= 397 [10]= 397 [11]= 397 [12]= 397 
key_index after (DPU 303) [0]= 144 [1]= 266 [2]= 405 [3]= 405 [4]= 405 [5]= 405 [6]= 405 [7]= 405 [8]= 405 [9]= 405 [10]= 405 [11]= 405 [12]= 405 
key_index after (DPU 304) [0]= 139 [1]= 267 [2]= 400 [3]= 400 [4]= 400 [5]= 400 [6]= 400 [7]= 400 [8]= 400 [9]= 400 [10]= 400 [11]= 400 [12]= 400 
key_index after (DPU 305) [0]= 130 [1]= 275 [2]= 429 [3]= 429 [4]= 429 [5]= 429 [6]= 429 [7]= 429 [8]= 429 [9]= 429 [10]= 429 [11]= 429 [12]= 429 
key_index after (DPU 306) [0]= 127 [1]= 259 [2]= 391 [3]= 391 [4]= 391 [5]= 391 [6]= 391 [7]= 391 [8]= 391 [9]= 391 [10]= 391 [11]= 391 [12]= 391 
key_index after (DPU 307) [0]= 131 [1]= 295 [2]= 410 [3]= 410 [4]= 410 [5]= 410 [6]= 410 [7]= 410 [8]= 410 [9]= 410 [10]= 410 [11]= 410 [12]= 410 
key_index after (DPU 308) [0]= 124 [1]= 236 [2]= 373 [3]= 373 [4]= 373 [5]= 373 [6]= 373 [7]= 373 [8]= 373 [9]= 373 [10]= 373 [11]= 373 [12]= 373 
key_index after (DPU 309) [0]= 157 [1]= 270 [2]= 416 [3]= 416 [4]= 416 [5]= 416 [6]= 416 [7]= 416 [8]= 416 [9]= 416 [10]= 416 [11]= 416 [12]= 416 
key_index after (DPU 310) [0]= 141 [1]= 262 [2]= 404 [3]= 404 [4]= 404 [5]= 404 [6]= 404 [7]= 404 [8]= 404 [9]= 404 [10]= 404 [11]= 404 [12]= 404 
key_index after (DPU 311) [0]= 127 [1]= 250 [2]= 403 [3]= 403 [4]= 403 [5]= 403 [6]= 403 [7]= 403 [8]= 403 [9]= 403 [10]= 403 [11]= 403 [12]= 403 
key_index after (DPU 312) [0]= 128 [1]= 237 [2]= 393 [3]= 393 [4]= 393 [5]= 393 [6]= 393 [7]= 393 [8]= 393 [9]= 393 [10]= 393 [11]= 393 [12]= 393 
key_index after (DPU 313) [0]= 128 [1]= 253 [2]= 360 [3]= 360 [4]= 360 [5]= 360 [6]= 360 [7]= 360 [8]= 360 [9]= 360 [10]= 360 [11]= 360 [12]= 360 
key_index after (DPU 314) [0]= 122 [1]= 266 [2]= 393 [3]= 393 [4]= 393 [5]= 393 [6]= 393 [7]= 393 [8]= 393 [9]= 393 [10]= 393 [11]= 393 [12]= 393 
key_index after (DPU 315) [0]= 150 [1]= 270 [2]= 417 [3]= 417 [4]= 417 [5]= 417 [6]= 417 [7]= 417 [8]= 417 [9]= 417 [10]= 417 [11]= 417 [12]= 417 
key_index after (DPU 316) [0]= 114 [1]= 248 [2]= 391 [3]= 391 [4]= 391 [5]= 391 [6]= 391 [7]= 391 [8]= 391 [9]= 391 [10]= 391 [11]= 391 [12]= 391 
key_index after (DPU 317) [0]= 121 [1]= 246 [2]= 371 [3]= 371 [4]= 371 [5]= 371 [6]= 371 [7]= 371 [8]= 371 [9]= 371 [10]= 371 [11]= 371 [12]= 371 
key_index after (DPU 318) [0]= 137 [1]= 285 [2]= 417 [3]= 417 [4]= 417 [5]= 417 [6]= 417 [7]= 417 [8]= 417 [9]= 417 [10]= 417 [11]= 417 [12]= 417 
key_index after (DPU 319) [0]= 128 [1]= 257 [2]= 398 [3]= 398 [4]= 398 [5]= 398 [6]= 398 [7]= 398 [8]= 398 [9]= 398 [10]= 398 [11]= 398 [12]= 398 
key_index after (DPU 320) [0]= 117 [1]= 229 [2]= 355 [3]= 355 [4]= 355 [5]= 355 [6]= 355 [7]= 355 [8]= 355 [9]= 355 [10]= 355 [11]= 355 [12]= 355 
key_index after (DPU 321) [0]= 137 [1]= 275 [2]= 406 [3]= 406 [4]= 406 [5]= 406 [6]= 406 [7]= 406 [8]= 406 [9]= 406 [10]= 406 [11]= 406 [12]= 406 
key_index after (DPU 322) [0]= 130 [1]= 258 [2]= 387 [3]= 387 [4]= 387 [5]= 387 [6]= 387 [7]= 387 [8]= 387 [9]= 387 [10]= 387 [11]= 387 [12]= 387 
key_index after (DPU 323) [0]= 131 [1]= 267 [2]= 376 [3]= 376 [4]= 376 [5]= 376 [6]= 376 [7]= 376 [8]= 376 [9]= 376 [10]= 376 [11]= 376 [12]= 376 
key_index after (DPU 324) [0]= 108 [1]= 219 [2]= 343 [3]= 343 [4]= 343 [5]= 343 [6]= 343 [7]= 343 [8]= 343 [9]= 343 [10]= 343 [11]= 343 [12]= 343 
key_index after (DPU 325) [0]= 127 [1]= 268 [2]= 390 [3]= 390 [4]= 390 [5]= 390 [6]= 390 [7]= 390 [8]= 390 [9]= 390 [10]= 390 [11]= 390 [12]= 390 
key_index after (DPU 326) [0]= 130 [1]= 246 [2]= 381 [3]= 381 [4]= 381 [5]= 381 [6]= 381 [7]= 381 [8]= 381 [9]= 381 [10]= 381 [11]= 381 [12]= 381 
key_index after (DPU 327) [0]= 129 [1]= 247 [2]= 378 [3]= 378 [4]= 378 [5]= 378 [6]= 378 [7]= 378 [8]= 378 [9]= 378 [10]= 378 [11]= 378 [12]= 378 
key_index after (DPU 328) [0]= 129 [1]= 267 [2]= 378 [3]= 378 [4]= 378 [5]= 378 [6]= 378 [7]= 378 [8]= 378 [9]= 378 [10]= 378 [11]= 378 [12]= 378 
key_index after (DPU 329) [0]= 123 [1]= 248 [2]= 400 [3]= 400 [4]= 400 [5]= 400 [6]= 400 [7]= 400 [8]= 400 [9]= 400 [10]= 400 [11]= 400 [12]= 400 
key_index after (DPU 330) [0]= 141 [1]= 263 [2]= 389 [3]= 389 [4]= 389 [5]= 389 [6]= 389 [7]= 389 [8]= 389 [9]= 389 [10]= 389 [11]= 389 [12]= 389 
key_index after (DPU 331) [0]= 128 [1]= 259 [2]= 396 [3]= 396 [4]= 396 [5]= 396 [6]= 396 [7]= 396 [8]= 396 [9]= 396 [10]= 396 [11]= 396 [12]= 396 
key_index after (DPU 332) [0]= 124 [1]= 241 [2]= 362 [3]= 362 [4]= 362 [5]= 362 [6]= 362 [7]= 362 [8]= 362 [9]= 362 [10]= 362 [11]= 362 [12]= 362 
key_index after (DPU 333) [0]= 123 [1]= 234 [2]= 360 [3]= 360 [4]= 360 [5]= 360 [6]= 360 [7]= 360 [8]= 360 [9]= 360 [10]= 360 [11]= 360 [12]= 360 
key_index after (DPU 334) [0]= 132 [1]= 252 [2]= 376 [3]= 376 [4]= 376 [5]= 376 [6]= 376 [7]= 376 [8]= 376 [9]= 376 [10]= 376 [11]= 376 [12]= 376 
key_index after (DPU 335) [0]= 113 [1]= 237 [2]= 356 [3]= 356 [4]= 356 [5]= 356 [6]= 356 [7]= 356 [8]= 356 [9]= 356 [10]= 356 [11]= 356 [12]= 356 
key_index after (DPU 336) [0]= 141 [1]= 264 [2]= 377 [3]= 377 [4]= 377 [5]= 377 [6]= 377 [7]= 377 [8]= 377 [9]= 377 [10]= 377 [11]= 377 [12]= 377 
key_index after (DPU 337) [0]= 120 [1]= 257 [2]= 378 [3]= 378 [4]= 378 [5]= 378 [6]= 378 [7]= 378 [8]= 378 [9]= 378 [10]= 378 [11]= 378 [12]= 378 
key_index after (DPU 338) [0]= 107 [1]= 234 [2]= 356 [3]= 356 [4]= 356 [5]= 356 [6]= 356 [7]= 356 [8]= 356 [9]= 356 [10]= 356 [11]= 356 [12]= 356 
key_index after (DPU 339) [0]= 132 [1]= 250 [2]= 386 [3]= 386 [4]= 386 [5]= 386 [6]= 386 [7]= 386 [8]= 386 [9]= 386 [10]= 386 [11]= 386 [12]= 386 
key_index after (DPU 340) [0]= 128 [1]= 240 [2]= 340 [3]= 340 [4]= 340 [5]= 340 [6]= 340 [7]= 340 [8]= 340 [9]= 340 [10]= 340 [11]= 340 [12]= 340 
key_index after (DPU 341) [0]= 125 [1]= 249 [2]= 376 [3]= 376 [4]= 376 [5]= 376 [6]= 376 [7]= 376 [8]= 376 [9]= 376 [10]= 376 [11]= 376 [12]= 376 
key_index after (DPU 342) [0]= 116 [1]= 237 [2]= 364 [3]= 364 [4]= 364 [5]= 364 [6]= 364 [7]= 364 [8]= 364 [9]= 364 [10]= 364 [11]= 364 [12]= 364 
key_index after (DPU 343) [0]= 108 [1]= 230 [2]= 346 [3]= 346 [4]= 346 [5]= 346 [6]= 346 [7]= 346 [8]= 346 [9]= 346 [10]= 346 [11]= 346 [12]= 346 
key_index after (DPU 344) [0]= 114 [1]= 216 [2]= 326 [3]= 326 [4]= 326 [5]= 326 [6]= 326 [7]= 326 [8]= 326 [9]= 326 [10]= 326 [11]= 326 [12]= 326 
key_index after (DPU 345) [0]= 130 [1]= 240 [2]= 369 [3]= 369 [4]= 369 [5]= 369 [6]= 369 [7]= 369 [8]= 369 [9]= 369 [10]= 369 [11]= 369 [12]= 369 
key_index after (DPU 346) [0]= 104 [1]= 235 [2]= 347 [3]= 347 [4]= 347 [5]= 347 [6]= 347 [7]= 347 [8]= 347 [9]= 347 [10]= 347 [11]= 347 [12]= 347 
key_index after (DPU 347) [0]= 129 [1]= 261 [2]= 361 [3]= 361 [4]= 361 [5]= 361 [6]= 361 [7]= 361 [8]= 361 [9]= 361 [10]= 361 [11]= 361 [12]= 361 
key_index after (DPU 348) [0]= 107 [1]= 246 [2]= 371 [3]= 371 [4]= 371 [5]= 371 [6]= 371 [7]= 371 [8]= 371 [9]= 371 [10]= 371 [11]= 371 [12]= 371 
key_index after (DPU 349) [0]= 123 [1]= 245 [2]= 354 [3]= 354 [4]= 354 [5]= 354 [6]= 354 [7]= 354 [8]= 354 [9]= 354 [10]= 354 [11]= 354 [12]= 354 
key_index after (DPU 350) [0]= 112 [1]= 231 [2]= 347 [3]= 347 [4]= 347 [5]= 347 [6]= 347 [7]= 347 [8]= 347 [9]= 347 [10]= 347 [11]= 347 [12]= 347 
key_index after (DPU 351) [0]= 110 [1]= 228 [2]= 344 [3]= 344 [4]= 344 [5]= 344 [6]= 344 [7]= 344 [8]= 344 [9]= 344 [10]= 344 [11]= 344 [12]= 344 
key_index after (DPU 352) [0]= 103 [1]= 242 [2]= 364 [3]= 364 [4]= 364 [5]= 364 [6]= 364 [7]= 364 [8]= 364 [9]= 364 [10]= 364 [11]= 364 [12]= 364 
key_index after (DPU 353) [0]=  99 [1]= 204 [2]= 305 [3]= 305 [4]= 305 [5]= 305 [6]= 305 [7]= 305 [8]= 305 [9]= 305 [10]= 305 [11]= 305 [12]= 305 
key_index after (DPU 354) [0]= 107 [1]= 235 [2]= 360 [3]= 360 [4]= 360 [5]= 360 [6]= 360 [7]= 360 [8]= 360 [9]= 360 [10]= 360 [11]= 360 [12]= 360 
key_index after (DPU 355) [0]= 132 [1]= 236 [2]= 328 [3]= 328 [4]= 328 [5]= 328 [6]= 328 [7]= 328 [8]= 328 [9]= 328 [10]= 328 [11]= 328 [12]= 328 
key_index after (DPU 356) [0]= 111 [1]= 217 [2]= 319 [3]= 319 [4]= 319 [5]= 319 [6]= 319 [7]= 319 [8]= 319 [9]= 319 [10]= 319 [11]= 319 [12]= 319 
key_index after (DPU 357) [0]= 124 [1]= 238 [2]= 357 [3]= 357 [4]= 357 [5]= 357 [6]= 357 [7]= 357 [8]= 357 [9]= 357 [10]= 357 [11]= 357 [12]= 357 
key_index after (DPU 358) [0]= 104 [1]= 204 [2]= 328 [3]= 328 [4]= 328 [5]= 328 [6]= 328 [7]= 328 [8]= 328 [9]= 328 [10]= 328 [11]= 328 [12]= 328 
key_index after (DPU 359) [0]= 108 [1]= 209 [2]= 326 [3]= 326 [4]= 326 [5]= 326 [6]= 326 [7]= 326 [8]= 326 [9]= 326 [10]= 326 [11]= 326 [12]= 326 
key_index after (DPU 360) [0]= 122 [1]= 238 [2]= 338 [3]= 338 [4]= 338 [5]= 338 [6]= 338 [7]= 338 [8]= 338 [9]= 338 [10]= 338 [11]= 338 [12]= 338 
key_index after (DPU 361) [0]= 109 [1]= 218 [2]= 340 [3]= 340 [4]= 340 [5]= 340 [6]= 340 [7]= 340 [8]= 340 [9]= 340 [10]= 340 [11]= 340 [12]= 340 
key_index after (DPU 362) [0]= 110 [1]= 234 [2]= 347 [3]= 347 [4]= 347 [5]= 347 [6]= 347 [7]= 347 [8]= 347 [9]= 347 [10]= 347 [11]= 347 [12]= 347 
key_index after (DPU 363) [0]= 115 [1]= 229 [2]= 337 [3]= 337 [4]= 337 [5]= 337 [6]= 337 [7]= 337 [8]= 337 [9]= 337 [10]= 337 [11]= 337 [12]= 337 
key_index after (DPU 364) [0]= 111 [1]= 233 [2]= 356 [3]= 356 [4]= 356 [5]= 356 [6]= 356 [7]= 356 [8]= 356 [9]= 356 [10]= 356 [11]= 356 [12]= 356 
key_index after (DPU 365) [0]= 106 [1]= 231 [2]= 331 [3]= 331 [4]= 331 [5]= 331 [6]= 331 [7]= 331 [8]= 331 [9]= 331 [10]= 331 [11]= 331 [12]= 331 
key_index after (DPU 366) [0]=  99 [1]= 213 [2]= 327 [3]= 327 [4]= 327 [5]= 327 [6]= 327 [7]= 327 [8]= 327 [9]= 327 [10]= 327 [11]= 327 [12]= 327 
key_index after (DPU 367) [0]= 111 [1]= 210 [2]= 314 [3]= 314 [4]= 314 [5]= 314 [6]= 314 [7]= 314 [8]= 314 [9]= 314 [10]= 314 [11]= 314 [12]= 314 
key_index after (DPU 368) [0]= 106 [1]= 210 [2]= 324 [3]= 324 [4]= 324 [5]= 324 [6]= 324 [7]= 324 [8]= 324 [9]= 324 [10]= 324 [11]= 324 [12]= 324 
key_index after (DPU 369) [0]=  81 [1]= 195 [2]= 308 [3]= 308 [4]= 308 [5]= 308 [6]= 308 [7]= 308 [8]= 308 [9]= 308 [10]= 308 [11]= 308 [12]= 308 
key_index after (DPU 370) [0]= 125 [1]= 231 [2]= 348 [3]= 348 [4]= 348 [5]= 348 [6]= 348 [7]= 348 [8]= 348 [9]= 348 [10]= 348 [11]= 348 [12]= 348 
key_index after (DPU 371) [0]=  89 [1]= 200 [2]= 310 [3]= 310 [4]= 310 [5]= 310 [6]= 310 [7]= 310 [8]= 310 [9]= 310 [10]= 310 [11]= 310 [12]= 310 
key_index after (DPU 372) [0]= 111 [1]= 215 [2]= 318 [3]= 318 [4]= 318 [5]= 318 [6]= 318 [7]= 318 [8]= 318 [9]= 318 [10]= 318 [11]= 318 [12]= 318 
key_index after (DPU 373) [0]= 116 [1]= 220 [2]= 343 [3]= 343 [4]= 343 [5]= 343 [6]= 343 [7]= 343 [8]= 343 [9]= 343 [10]= 343 [11]= 343 [12]= 343 
key_index after (DPU 374) [0]= 120 [1]= 229 [2]= 339 [3]= 339 [4]= 339 [5]= 339 [6]= 339 [7]= 339 [8]= 339 [9]= 339 [10]= 339 [11]= 339 [12]= 339 
key_index after (DPU 375) [0]= 113 [1]= 193 [2]= 295 [3]= 295 [4]= 295 [5]= 295 [6]= 295 [7]= 295 [8]= 295 [9]= 295 [10]= 295 [11]= 295 [12]= 295 
key_index after (DPU 376) [0]= 105 [1]= 207 [2]= 309 [3]= 309 [4]= 309 [5]= 309 [6]= 309 [7]= 309 [8]= 309 [9]= 309 [10]= 309 [11]= 309 [12]= 309 
key_index after (DPU 377) [0]=  91 [1]= 186 [2]= 287 [3]= 287 [4]= 287 [5]= 287 [6]= 287 [7]= 287 [8]= 287 [9]= 287 [10]= 287 [11]= 287 [12]= 287 
key_index after (DPU 378) [0]= 110 [1]= 219 [2]= 327 [3]= 327 [4]= 327 [5]= 327 [6]= 327 [7]= 327 [8]= 327 [9]= 327 [10]= 327 [11]= 327 [12]= 327 
key_index after (DPU 379) [0]= 102 [1]= 223 [2]= 331 [3]= 331 [4]= 331 [5]= 331 [6]= 331 [7]= 331 [8]= 331 [9]= 331 [10]= 331 [11]= 331 [12]= 331 
key_index after (DPU 380) [0]= 106 [1]= 223 [2]= 310 [3]= 310 [4]= 310 [5]= 310 [6]= 310 [7]= 310 [8]= 310 [9]= 310 [10]= 310 [11]= 310 [12]= 310 
key_index after (DPU 381) [0]= 105 [1]= 208 [2]= 315 [3]= 315 [4]= 315 [5]= 315 [6]= 315 [7]= 315 [8]= 315 [9]= 315 [10]= 315 [11]= 315 [12]= 315 
key_index after (DPU 382) [0]= 105 [1]= 216 [2]= 338 [3]= 338 [4]= 338 [5]= 338 [6]= 338 [7]= 338 [8]= 338 [9]= 338 [10]= 338 [11]= 338 [12]= 338 
key_index after (DPU 383) [0]=  96 [1]= 208 [2]= 317 [3]= 317 [4]= 317 [5]= 317 [6]= 317 [7]= 317 [8]= 317 [9]= 317 [10]= 317 [11]= 317 [12]= 317 
key_index after (DPU 384) [0]=  95 [1]= 201 [2]= 310 [3]= 310 [4]= 310 [5]= 310 [6]= 310 [7]= 310 [8]= 310 [9]= 310 [10]= 310 [11]= 310 [12]= 310 
key_index after (DPU 385) [0]=  94 [1]= 201 [2]= 310 [3]= 310 [4]= 310 [5]= 310 [6]= 310 [7]= 310 [8]= 310 [9]= 310 [10]= 310 [11]= 310 [12]= 310 
key_index after (DPU 386) [0]= 105 [1]= 217 [2]= 325 [3]= 325 [4]= 325 [5]= 325 [6]= 325 [7]= 325 [8]= 325 [9]= 325 [10]= 325 [11]= 325 [12]= 325 
key_index after (DPU 387) [0]=  96 [1]= 205 [2]= 312 [3]= 312 [4]= 312 [5]= 312 [6]= 312 [7]= 312 [8]= 312 [9]= 312 [10]= 312 [11]= 312 [12]= 312 
key_index after (DPU 388) [0]= 124 [1]= 228 [2]= 333 [3]= 333 [4]= 333 [5]= 333 [6]= 333 [7]= 333 [8]= 333 [9]= 333 [10]= 333 [11]= 333 [12]= 333 
key_index after (DPU 389) [0]=  89 [1]= 202 [2]= 294 [3]= 294 [4]= 294 [5]= 294 [6]= 294 [7]= 294 [8]= 294 [9]= 294 [10]= 294 [11]= 294 [12]= 294 
key_index after (DPU 390) [0]= 101 [1]= 220 [2]= 326 [3]= 326 [4]= 326 [5]= 326 [6]= 326 [7]= 326 [8]= 326 [9]= 326 [10]= 326 [11]= 326 [12]= 326 
key_index after (DPU 391) [0]= 111 [1]= 207 [2]= 309 [3]= 309 [4]= 309 [5]= 309 [6]= 309 [7]= 309 [8]= 309 [9]= 309 [10]= 309 [11]= 309 [12]= 309 
key_index after (DPU 392) [0]= 116 [1]= 215 [2]= 332 [3]= 332 [4]= 332 [5]= 332 [6]= 332 [7]= 332 [8]= 332 [9]= 332 [10]= 332 [11]= 332 [12]= 332 
key_index after (DPU 393) [0]= 116 [1]= 216 [2]= 311 [3]= 311 [4]= 311 [5]= 311 [6]= 311 [7]= 311 [8]= 311 [9]= 311 [10]= 311 [11]= 311 [12]= 311 
key_index after (DPU 394) [0]= 118 [1]= 226 [2]= 336 [3]= 336 [4]= 336 [5]= 336 [6]= 336 [7]= 336 [8]= 336 [9]= 336 [10]= 336 [11]= 336 [12]= 336 
key_index after (DPU 395) [0]=  96 [1]= 195 [2]= 277 [3]= 277 [4]= 277 [5]= 277 [6]= 277 [7]= 277 [8]= 277 [9]= 277 [10]= 277 [11]= 277 [12]= 277 
key_index after (DPU 396) [0]= 107 [1]= 213 [2]= 320 [3]= 320 [4]= 320 [5]= 320 [6]= 320 [7]= 320 [8]= 320 [9]= 320 [10]= 320 [11]= 320 [12]= 320 
key_index after (DPU 397) [0]= 114 [1]= 224 [2]= 308 [3]= 308 [4]= 308 [5]= 308 [6]= 308 [7]= 308 [8]= 308 [9]= 308 [10]= 308 [11]= 308 [12]= 308 
key_index after (DPU 398) [0]= 120 [1]= 211 [2]= 302 [3]= 302 [4]= 302 [5]= 302 [6]= 302 [7]= 302 [8]= 302 [9]= 302 [10]= 302 [11]= 302 [12]= 302 
key_index after (DPU 399) [0]= 100 [1]= 199 [2]= 309 [3]= 309 [4]= 309 [5]= 309 [6]= 309 [7]= 309 [8]= 309 [9]= 309 [10]= 309 [11]= 309 [12]= 309 
key_index after (DPU 400) [0]=  92 [1]= 190 [2]= 297 [3]= 297 [4]= 297 [5]= 297 [6]= 297 [7]= 297 [8]= 297 [9]= 297 [10]= 297 [11]= 297 [12]= 297 
key_index after (DPU 401) [0]= 107 [1]= 209 [2]= 304 [3]= 304 [4]= 304 [5]= 304 [6]= 304 [7]= 304 [8]= 304 [9]= 304 [10]= 304 [11]= 304 [12]= 304 
key_index after (DPU 402) [0]= 110 [1]= 200 [2]= 305 [3]= 305 [4]= 305 [5]= 305 [6]= 305 [7]= 305 [8]= 305 [9]= 305 [10]= 305 [11]= 305 [12]= 305 
key_index after (DPU 403) [0]=  96 [1]= 193 [2]= 306 [3]= 306 [4]= 306 [5]= 306 [6]= 306 [7]= 306 [8]= 306 [9]= 306 [10]= 306 [11]= 306 [12]= 306 
key_index after (DPU 404) [0]=  97 [1]= 203 [2]= 295 [3]= 295 [4]= 295 [5]= 295 [6]= 295 [7]= 295 [8]= 295 [9]= 295 [10]= 295 [11]= 295 [12]= 295 
key_index after (DPU 405) [0]=  86 [1]= 176 [2]= 283 [3]= 283 [4]= 283 [5]= 283 [6]= 283 [7]= 283 [8]= 283 [9]= 283 [10]= 283 [11]= 283 [12]= 283 
key_index after (DPU 406) [0]=  80 [1]= 175 [2]= 276 [3]= 276 [4]= 276 [5]= 276 [6]= 276 [7]= 276 [8]= 276 [9]= 276 [10]= 276 [11]= 276 [12]= 276 
key_index after (DPU 407) [0]=  93 [1]= 192 [2]= 287 [3]= 287 [4]= 287 [5]= 287 [6]= 287 [7]= 287 [8]= 287 [9]= 287 [10]= 287 [11]= 287 [12]= 287 
key_index after (DPU 408) [0]= 110 [1]= 218 [2]= 323 [3]= 323 [4]= 323 [5]= 323 [6]= 323 [7]= 323 [8]= 323 [9]= 323 [10]= 323 [11]= 323 [12]= 323 
key_index after (DPU 409) [0]= 104 [1]= 216 [2]= 321 [3]= 321 [4]= 321 [5]= 321 [6]= 321 [7]= 321 [8]= 321 [9]= 321 [10]= 321 [11]= 321 [12]= 321 
key_index after (DPU 410) [0]=  98 [1]= 189 [2]= 269 [3]= 269 [4]= 269 [5]= 269 [6]= 269 [7]= 269 [8]= 269 [9]= 269 [10]= 269 [11]= 269 [12]= 269 
key_index after (DPU 411) [0]=  99 [1]= 212 [2]= 309 [3]= 309 [4]= 309 [5]= 309 [6]= 309 [7]= 309 [8]= 309 [9]= 309 [10]= 309 [11]= 309 [12]= 309 
key_index after (DPU 412) [0]= 116 [1]= 216 [2]= 322 [3]= 322 [4]= 322 [5]= 322 [6]= 322 [7]= 322 [8]= 322 [9]= 322 [10]= 322 [11]= 322 [12]= 322 
key_index after (DPU 413) [0]= 117 [1]= 198 [2]= 297 [3]= 297 [4]= 297 [5]= 297 [6]= 297 [7]= 297 [8]= 297 [9]= 297 [10]= 297 [11]= 297 [12]= 297 
key_index after (DPU 414) [0]=  97 [1]= 189 [2]= 286 [3]= 286 [4]= 286 [5]= 286 [6]= 286 [7]= 286 [8]= 286 [9]= 286 [10]= 286 [11]= 286 [12]= 286 
key_index after (DPU 415) [0]=  83 [1]= 185 [2]= 289 [3]= 289 [4]= 289 [5]= 289 [6]= 289 [7]= 289 [8]= 289 [9]= 289 [10]= 289 [11]= 289 [12]= 289 
key_index after (DPU 416) [0]= 104 [1]= 208 [2]= 314 [3]= 314 [4]= 314 [5]= 314 [6]= 314 [7]= 314 [8]= 314 [9]= 314 [10]= 314 [11]= 314 [12]= 314 
key_index after (DPU 417) [0]=  85 [1]= 174 [2]= 269 [3]= 269 [4]= 269 [5]= 269 [6]= 269 [7]= 269 [8]= 269 [9]= 269 [10]= 269 [11]= 269 [12]= 269 
key_index after (DPU 418) [0]=  82 [1]= 167 [2]= 253 [3]= 253 [4]= 253 [5]= 253 [6]= 253 [7]= 253 [8]= 253 [9]= 253 [10]= 253 [11]= 253 [12]= 253 
key_index after (DPU 419) [0]=  75 [1]= 170 [2]= 260 [3]= 260 [4]= 260 [5]= 260 [6]= 260 [7]= 260 [8]= 260 [9]= 260 [10]= 260 [11]= 260 [12]= 260 
key_index after (DPU 420) [0]=  97 [1]= 208 [2]= 315 [3]= 315 [4]= 315 [5]= 315 [6]= 315 [7]= 315 [8]= 315 [9]= 315 [10]= 315 [11]= 315 [12]= 315 
key_index after (DPU 421) [0]=  81 [1]= 183 [2]= 288 [3]= 288 [4]= 288 [5]= 288 [6]= 288 [7]= 288 [8]= 288 [9]= 288 [10]= 288 [11]= 288 [12]= 288 
key_index after (DPU 422) [0]=  87 [1]= 187 [2]= 296 [3]= 296 [4]= 296 [5]= 296 [6]= 296 [7]= 296 [8]= 296 [9]= 296 [10]= 296 [11]= 296 [12]= 296 
key_index after (DPU 423) [0]=  93 [1]= 196 [2]= 290 [3]= 290 [4]= 290 [5]= 290 [6]= 290 [7]= 290 [8]= 290 [9]= 290 [10]= 290 [11]= 290 [12]= 290 
key_index after (DPU 424) [0]= 124 [1]= 213 [2]= 303 [3]= 303 [4]= 303 [5]= 303 [6]= 303 [7]= 303 [8]= 303 [9]= 303 [10]= 303 [11]= 303 [12]= 303 
key_index after (DPU 425) [0]=  82 [1]= 188 [2]= 284 [3]= 284 [4]= 284 [5]= 284 [6]= 284 [7]= 284 [8]= 284 [9]= 284 [10]= 284 [11]= 284 [12]= 284 
key_index after (DPU 426) [0]= 100 [1]= 190 [2]= 278 [3]= 278 [4]= 278 [5]= 278 [6]= 278 [7]= 278 [8]= 278 [9]= 278 [10]= 278 [11]= 278 [12]= 278 
key_index after (DPU 427) [0]=  81 [1]= 183 [2]= 288 [3]= 288 [4]= 288 [5]= 288 [6]= 288 [7]= 288 [8]= 288 [9]= 288 [10]= 288 [11]= 288 [12]= 288 
key_index after (DPU 428) [0]= 115 [1]= 204 [2]= 307 [3]= 307 [4]= 307 [5]= 307 [6]= 307 [7]= 307 [8]= 307 [9]= 307 [10]= 307 [11]= 307 [12]= 307 
key_index after (DPU 429) [0]= 102 [1]= 185 [2]= 282 [3]= 282 [4]= 282 [5]= 282 [6]= 282 [7]= 282 [8]= 282 [9]= 282 [10]= 282 [11]= 282 [12]= 282 
key_index after (DPU 430) [0]=  99 [1]= 198 [2]= 287 [3]= 287 [4]= 287 [5]= 287 [6]= 287 [7]= 287 [8]= 287 [9]= 287 [10]= 287 [11]= 287 [12]= 287 
key_index after (DPU 431) [0]=  91 [1]= 178 [2]= 250 [3]= 250 [4]= 250 [5]= 250 [6]= 250 [7]= 250 [8]= 250 [9]= 250 [10]= 250 [11]= 250 [12]= 250 
key_index after (DPU 432) [0]=  87 [1]= 189 [2]= 285 [3]= 285 [4]= 285 [5]= 285 [6]= 285 [7]= 285 [8]= 285 [9]= 285 [10]= 285 [11]= 285 [12]= 285 
key_index after (DPU 433) [0]= 108 [1]= 199 [2]= 288 [3]= 288 [4]= 288 [5]= 288 [6]= 288 [7]= 288 [8]= 288 [9]= 288 [10]= 288 [11]= 288 [12]= 288 
key_index after (DPU 434) [0]=  87 [1]= 172 [2]= 253 [3]= 253 [4]= 253 [5]= 253 [6]= 253 [7]= 253 [8]= 253 [9]= 253 [10]= 253 [11]= 253 [12]= 253 
key_index after (DPU 435) [0]= 101 [1]= 193 [2]= 292 [3]= 292 [4]= 292 [5]= 292 [6]= 292 [7]= 292 [8]= 292 [9]= 292 [10]= 292 [11]= 292 [12]= 292 
key_index after (DPU 436) [0]= 104 [1]= 202 [2]= 301 [3]= 301 [4]= 301 [5]= 301 [6]= 301 [7]= 301 [8]= 301 [9]= 301 [10]= 301 [11]= 301 [12]= 301 
key_index after (DPU 437) [0]= 102 [1]= 202 [2]= 301 [3]= 301 [4]= 301 [5]= 301 [6]= 301 [7]= 301 [8]= 301 [9]= 301 [10]= 301 [11]= 301 [12]= 301 
key_index after (DPU 438) [0]=  98 [1]= 185 [2]= 284 [3]= 284 [4]= 284 [5]= 284 [6]= 284 [7]= 284 [8]= 284 [9]= 284 [10]= 284 [11]= 284 [12]= 284 
key_index after (DPU 439) [0]=  88 [1]= 186 [2]= 261 [3]= 261 [4]= 261 [5]= 261 [6]= 261 [7]= 261 [8]= 261 [9]= 261 [10]= 261 [11]= 261 [12]= 261 
key_index after (DPU 440) [0]=  96 [1]= 181 [2]= 304 [3]= 304 [4]= 304 [5]= 304 [6]= 304 [7]= 304 [8]= 304 [9]= 304 [10]= 304 [11]= 304 [12]= 304 
key_index after (DPU 441) [0]= 123 [1]= 217 [2]= 308 [3]= 308 [4]= 308 [5]= 308 [6]= 308 [7]= 308 [8]= 308 [9]= 308 [10]= 308 [11]= 308 [12]= 308 
key_index after (DPU 442) [0]= 108 [1]= 193 [2]= 303 [3]= 303 [4]= 303 [5]= 303 [6]= 303 [7]= 303 [8]= 303 [9]= 303 [10]= 303 [11]= 303 [12]= 303 
key_index after (DPU 443) [0]= 107 [1]= 179 [2]= 270 [3]= 270 [4]= 270 [5]= 270 [6]= 270 [7]= 270 [8]= 270 [9]= 270 [10]= 270 [11]= 270 [12]= 270 
key_index after (DPU 444) [0]=  71 [1]= 164 [2]= 256 [3]= 256 [4]= 256 [5]= 256 [6]= 256 [7]= 256 [8]= 256 [9]= 256 [10]= 256 [11]= 256 [12]= 256 
key_index after (DPU 445) [0]=  92 [1]= 176 [2]= 269 [3]= 269 [4]= 269 [5]= 269 [6]= 269 [7]= 269 [8]= 269 [9]= 269 [10]= 269 [11]= 269 [12]= 269 
key_index after (DPU 446) [0]=   0 [1]=   0 [2]=   0 [3]=139041 [4]=139041 [5]=139041 [6]=139041 [7]=139041 [8]=139041 [9]=139041 [10]=139041 [11]=139041 [12]=139041 
key_index after (DPU 447) [0]= 112 [1]= 200 [2]= 288 [3]= 288 [4]= 288 [5]= 288 [6]= 288 [7]= 288 [8]= 288 [9]= 288 [10]= 288 [11]= 288 [12]= 288 
key_index after (DPU 448) [0]=  92 [1]= 186 [2]= 262 [3]= 262 [4]= 262 [5]= 262 [6]= 262 [7]= 262 [8]= 262 [9]= 262 [10]= 262 [11]= 262 [12]= 262 
key_index after (DPU 449) [0]=   0 [1]=  96 [2]= 181 [3]=21190 [4]=21190 [5]=21190 [6]=21190 [7]=21190 [8]=21190 [9]=21190 [10]=21190 [11]=21190 [12]=21190 
key_index after (DPU 450) [0]= 106 [1]= 212 [2]= 300 [3]= 300 [4]= 300 [5]= 300 [6]= 300 [7]= 300 [8]= 300 [9]= 300 [10]= 300 [11]= 300 [12]= 300 
key_index after (DPU 451) [0]= 103 [1]= 192 [2]= 272 [3]= 272 [4]= 272 [5]= 272 [6]= 272 [7]= 272 [8]= 272 [9]= 272 [10]= 272 [11]= 272 [12]= 272 
key_index after (DPU 452) [0]=  81 [1]= 166 [2]= 246 [3]= 246 [4]= 246 [5]= 246 [6]= 246 [7]= 246 [8]= 246 [9]= 246 [10]= 246 [11]= 246 [12]= 246 
key_index after (DPU 453) [0]=  82 [1]= 163 [2]= 252 [3]= 252 [4]= 252 [5]= 252 [6]= 252 [7]= 252 [8]= 252 [9]= 252 [10]= 252 [11]= 252 [12]= 252 
key_index after (DPU 454) [0]=  97 [1]= 189 [2]= 275 [3]= 275 [4]= 275 [5]= 275 [6]= 275 [7]= 275 [8]= 275 [9]= 275 [10]= 275 [11]= 275 [12]= 275 
key_index after (DPU 455) [0]=  90 [1]= 179 [2]= 270 [3]= 270 [4]= 270 [5]= 270 [6]= 270 [7]= 270 [8]= 270 [9]= 270 [10]= 270 [11]= 270 [12]= 270 
key_index after (DPU 456) [0]=  86 [1]= 175 [2]= 248 [3]= 248 [4]= 248 [5]= 248 [6]= 248 [7]= 248 [8]= 248 [9]= 248 [10]= 248 [11]= 248 [12]= 248 
key_index after (DPU 457) [0]=  80 [1]= 142 [2]= 235 [3]=6641 [4]=6641 [5]=6641 [6]=6641 [7]=6641 [8]=6641 [9]=6641 [10]=6641 [11]=6641 [12]=6641 
key_index after (DPU 458) [0]= 101 [1]= 181 [2]= 270 [3]= 270 [4]= 270 [5]= 270 [6]= 270 [7]= 270 [8]= 270 [9]= 270 [10]= 270 [11]= 270 [12]= 270 
key_index after (DPU 459) [0]=  98 [1]= 180 [2]= 264 [3]=12621 [4]=12621 [5]=12621 [6]=12621 [7]=12621 [8]=12621 [9]=12621 [10]=12621 [11]=12621 [12]=12621 
key_index after (DPU 460) [0]=  93 [1]= 184 [2]= 266 [3]= 266 [4]= 266 [5]= 266 [6]= 266 [7]= 266 [8]= 266 [9]= 266 [10]= 266 [11]= 266 [12]= 266 
key_index after (DPU 461) [0]=  81 [1]= 154 [2]= 234 [3]= 315 [4]= 315 [5]= 315 [6]= 315 [7]= 315 [8]= 315 [9]= 315 [10]= 315 [11]= 315 [12]= 315 
key_index after (DPU 462) [0]=  82 [1]= 165 [2]= 264 [3]= 264 [4]= 264 [5]= 264 [6]= 264 [7]= 264 [8]= 264 [9]= 264 [10]= 264 [11]= 264 [12]= 264 
key_index after (DPU 463) [0]=  86 [1]= 180 [2]= 268 [3]= 268 [4]= 268 [5]= 268 [6]= 268 [7]= 268 [8]= 268 [9]= 268 [10]= 268 [11]= 268 [12]= 268 
key_index after (DPU 464) [0]= 117 [1]= 192 [2]= 282 [3]= 282 [4]= 282 [5]= 282 [6]= 282 [7]= 282 [8]= 282 [9]= 282 [10]= 282 [11]= 282 [12]= 282 
key_index after (DPU 465) [0]=  82 [1]= 173 [2]= 280 [3]= 280 [4]= 280 [5]= 280 [6]= 280 [7]= 280 [8]= 280 [9]= 280 [10]= 280 [11]= 280 [12]= 280 
key_index after (DPU 466) [0]=  78 [1]= 169 [2]= 265 [3]= 265 [4]= 265 [5]= 265 [6]= 265 [7]= 265 [8]= 265 [9]= 265 [10]= 265 [11]= 265 [12]= 265 
key_index after (DPU 467) [0]=  91 [1]= 194 [2]= 268 [3]= 268 [4]= 268 [5]= 268 [6]= 268 [7]= 268 [8]= 268 [9]= 268 [10]= 268 [11]= 268 [12]= 268 
key_index after (DPU 468) [0]=  87 [1]= 175 [2]= 265 [3]= 265 [4]= 265 [5]= 265 [6]= 265 [7]= 265 [8]= 265 [9]= 265 [10]= 265 [11]= 265 [12]= 265 
key_index after (DPU 469) [0]=  76 [1]= 161 [2]= 248 [3]= 248 [4]= 248 [5]= 248 [6]= 248 [7]= 248 [8]= 248 [9]= 248 [10]= 248 [11]= 248 [12]= 248 
key_index after (DPU 470) [0]=  82 [1]= 184 [2]= 284 [3]=18144 [4]=18144 [5]=18144 [6]=18144 [7]=18144 [8]=18144 [9]=18144 [10]=18144 [11]=18144 [12]=18144 
key_index after (DPU 471) [0]=  85 [1]= 185 [2]= 285 [3]= 285 [4]= 285 [5]= 285 [6]= 285 [7]= 285 [8]= 285 [9]= 285 [10]= 285 [11]= 285 [12]= 285 
key_index after (DPU 472) [0]=  73 [1]= 159 [2]= 242 [3]= 242 [4]= 242 [5]= 242 [6]= 242 [7]= 242 [8]= 242 [9]= 242 [10]= 242 [11]= 242 [12]= 242 
key_index after (DPU 473) [0]=  83 [1]= 162 [2]= 243 [3]= 243 [4]= 243 [5]= 243 [6]= 243 [7]= 243 [8]= 243 [9]= 243 [10]= 243 [11]= 243 [12]= 243 
key_index after (DPU 474) [0]=  75 [1]= 163 [2]= 254 [3]= 254 [4]= 254 [5]= 254 [6]= 254 [7]= 254 [8]= 254 [9]= 254 [10]= 254 [11]= 254 [12]= 254 
key_index after (DPU 475) [0]=  77 [1]= 163 [2]= 239 [3]= 239 [4]= 239 [5]= 239 [6]= 239 [7]= 239 [8]= 239 [9]= 239 [10]= 239 [11]= 239 [12]= 239 
key_index after (DPU 476) [0]=  82 [1]= 150 [2]= 234 [3]= 330 [4]= 330 [5]= 330 [6]= 330 [7]= 330 [8]= 330 [9]= 330 [10]= 330 [11]= 330 [12]= 330 
key_index after (DPU 477) [0]=  88 [1]= 171 [2]= 257 [3]= 257 [4]= 257 [5]= 257 [6]= 257 [7]= 257 [8]= 257 [9]= 257 [10]= 257 [11]= 257 [12]= 257 
key_index after (DPU 478) [0]=  91 [1]= 173 [2]= 254 [3]= 348 [4]= 348 [5]= 348 [6]= 348 [7]= 348 [8]= 348 [9]= 348 [10]= 348 [11]= 348 [12]= 348 
key_index after (DPU 479) [0]=  93 [1]= 186 [2]= 265 [3]= 265 [4]= 265 [5]= 265 [6]= 265 [7]= 265 [8]= 265 [9]= 265 [10]= 265 [11]= 265 [12]= 265 
key_index after (DPU 480) [0]=  92 [1]= 176 [2]= 259 [3]= 259 [4]= 259 [5]= 259 [6]= 259 [7]= 259 [8]= 259 [9]= 259 [10]= 259 [11]= 259 [12]= 259 
key_index after (DPU 481) [0]=   0 [1]=   0 [2]=   0 [3]=33083 [4]=33083 [5]=33083 [6]=33083 [7]=33083 [8]=33083 [9]=33083 [10]=33083 [11]=33083 [12]=33083 
key_index after (DPU 482) [0]=  74 [1]= 154 [2]= 247 [3]= 247 [4]= 247 [5]= 247 [6]= 247 [7]= 247 [8]= 247 [9]= 247 [10]= 247 [11]= 247 [12]= 247 
key_index after (DPU 483) [0]= 105 [1]= 198 [2]= 277 [3]= 351 [4]= 351 [5]= 351 [6]= 351 [7]= 351 [8]= 351 [9]= 351 [10]= 351 [11]= 351 [12]= 351 
key_index after (DPU 484) [0]=  92 [1]= 187 [2]= 258 [3]= 258 [4]= 258 [5]= 258 [6]= 258 [7]= 258 [8]= 258 [9]= 258 [10]= 258 [11]= 258 [12]= 258 
key_index after (DPU 485) [0]=  80 [1]= 146 [2]= 227 [3]= 331 [4]= 331 [5]= 331 [6]= 331 [7]= 331 [8]= 331 [9]= 331 [10]= 331 [11]= 331 [12]= 331 
key_index after (DPU 486) [0]=  88 [1]= 171 [2]= 245 [3]= 245 [4]= 245 [5]= 245 [6]= 245 [7]= 245 [8]= 245 [9]= 245 [10]= 245 [11]= 245 [12]= 245 
key_index after (DPU 487) [0]=  83 [1]= 181 [2]= 259 [3]= 259 [4]= 259 [5]= 259 [6]= 259 [7]= 259 [8]= 259 [9]= 259 [10]= 259 [11]= 259 [12]= 259 
key_index after (DPU 488) [0]=  88 [1]= 174 [2]= 262 [3]= 262 [4]= 262 [5]= 262 [6]= 262 [7]= 262 [8]= 262 [9]= 262 [10]= 262 [11]= 262 [12]= 262 
key_index after (DPU 489) [0]=  76 [1]= 148 [2]= 239 [3]= 239 [4]= 239 [5]= 239 [6]= 239 [7]= 239 [8]= 239 [9]= 239 [10]= 239 [11]= 239 [12]= 239 
key_index after (DPU 490) [0]=  97 [1]= 174 [2]= 249 [3]= 353 [4]= 353 [5]= 353 [6]= 353 [7]= 353 [8]= 353 [9]= 353 [10]= 353 [11]= 353 [12]= 353 
key_index after (DPU 491) [0]=  71 [1]= 170 [2]= 247 [3]=10240 [4]=10240 [5]=10240 [6]=10240 [7]=10240 [8]=10240 [9]=10240 [10]=10240 [11]=10240 [12]=10240 
key_index after (DPU 492) [0]=  80 [1]= 164 [2]= 239 [3]= 310 [4]= 310 [5]= 310 [6]= 310 [7]= 310 [8]= 310 [9]= 310 [10]= 310 [11]= 310 [12]= 310 
key_index after (DPU 493) [0]=  78 [1]= 158 [2]= 254 [3]=7791 [4]=7791 [5]=7791 [6]=7791 [7]=7791 [8]=7791 [9]=7791 [10]=7791 [11]=7791 [12]=7791 
key_index after (DPU 494) [0]=  79 [1]= 165 [2]= 240 [3]= 240 [4]= 240 [5]= 240 [6]= 240 [7]= 240 [8]= 240 [9]= 240 [10]= 240 [11]= 240 [12]= 240 
key_index after (DPU 495) [0]=  71 [1]= 162 [2]= 250 [3]=9650 [4]=9650 [5]=9650 [6]=9650 [7]=9650 [8]=9650 [9]=9650 [10]=9650 [11]=9650 [12]=9650 
key_index after (DPU 496) [0]=  88 [1]= 176 [2]= 260 [3]=14044 [4]=14044 [5]=14044 [6]=14044 [7]=14044 [8]=14044 [9]=14044 [10]=14044 [11]=14044 [12]=14044 
key_index after (DPU 497) [0]=  75 [1]= 157 [2]= 235 [3]= 340 [4]= 340 [5]= 340 [6]= 340 [7]= 340 [8]= 340 [9]= 340 [10]= 340 [11]= 340 [12]= 340 
key_index after (DPU 498) [0]= 106 [1]= 188 [2]= 286 [3]= 368 [4]= 368 [5]= 368 [6]= 368 [7]= 368 [8]= 368 [9]= 368 [10]= 368 [11]= 368 [12]= 368 
key_index after (DPU 499) [0]=   0 [1]=  75 [2]=  75 [3]=48263 [4]=48263 [5]=48263 [6]=48263 [7]=48263 [8]=48263 [9]=48263 [10]=48263 [11]=48263 [12]=48263 
[1/4] preprocess finished 0.00000sec
sending 1000000 requests for 0 DPUS...
[2/4] send finished 0.00000sec
[3/4]all the dpu execution finished: 0.00000sec
[4/4] batch postprocess finished: 0.00000sec
0.99, 500, 12, 5, 1000000, 139041, 0.41083, 0.32758, 0.00015, 0.00003, 0.00000, 0.00000, 0.00000, 0.00000, 0.73859, 1353927
======= batch 5 =======
key_index before (DPU 0) [0]=   0 [1]=   0 [2]=71789 [3]=71789 [4]=71789 [5]=71789 [6]=71789 [7]=71789 [8]=71789 [9]=71789 [10]=71789 [11]=71789 [12]=71789 
key_index before (DPU 1) [0]=   0 [1]=   0 [2]=25829 [3]=25829 [4]=25829 [5]=25829 [6]=25829 [7]=25829 [8]=25829 [9]=25829 [10]=25829 [11]=25829 [12]=25829 
key_index before (DPU 2) [0]=   0 [1]=   0 [2]=15657 [3]=15657 [4]=15657 [5]=15657 [6]=15657 [7]=15657 [8]=15657 [9]=15657 [10]=15657 [11]=15657 [12]=15657 
key_index before (DPU 3) [0]=   0 [1]=   0 [2]=11085 [3]=11085 [4]=11085 [5]=11085 [6]=11085 [7]=11085 [8]=11085 [9]=11085 [10]=11085 [11]=11085 [12]=11085 
key_index before (DPU 4) [0]=   0 [1]=   0 [2]=8689 [3]=8689 [4]=8689 [5]=8689 [6]=8689 [7]=8689 [8]=8689 [9]=8689 [10]=8689 [11]=8689 [12]=8689 
key_index before (DPU 5) [0]=   0 [1]=   0 [2]=7206 [3]=13957 [4]=13957 [5]=13957 [6]=13957 [7]=13957 [8]=13957 [9]=13957 [10]=13957 [11]=13957 [12]=13957 
key_index before (DPU 6) [0]=   0 [1]=   0 [2]=6053 [3]=11824 [4]=11824 [5]=11824 [6]=11824 [7]=11824 [8]=11824 [9]=11824 [10]=11824 [11]=11824 [12]=11824 
key_index before (DPU 7) [0]=   0 [1]=   0 [2]=5191 [3]=10076 [4]=10076 [5]=10076 [6]=10076 [7]=10076 [8]=10076 [9]=10076 [10]=10076 [11]=10076 [12]=10076 
key_index before (DPU 8) [0]=   0 [1]=4790 [2]=9418 [3]=13867 [4]=13867 [5]=13867 [6]=13867 [7]=13867 [8]=13867 [9]=13867 [10]=13867 [11]=13867 [12]=13867 
key_index before (DPU 9) [0]=   0 [1]=4432 [2]=8536 [3]=12475 [4]=12475 [5]=12475 [6]=12475 [7]=12475 [8]=12475 [9]=12475 [10]=12475 [11]=12475 [12]=12475 
key_index before (DPU 10) [0]=   0 [1]=3847 [2]=7645 [3]=11224 [4]=11224 [5]=11224 [6]=11224 [7]=11224 [8]=11224 [9]=11224 [10]=11224 [11]=11224 [12]=11224 
key_index before (DPU 11) [0]=   0 [1]=3566 [2]=6994 [3]=10306 [4]=10306 [5]=10306 [6]=10306 [7]=10306 [8]=10306 [9]=10306 [10]=10306 [11]=10306 [12]=10306 
key_index before (DPU 12) [0]=   0 [1]=3317 [2]=6548 [3]=9588 [4]=9588 [5]=9588 [6]=9588 [7]=9588 [8]=9588 [9]=9588 [10]=9588 [11]=9588 [12]=9588 
key_index before (DPU 13) [0]=   0 [1]=2996 [2]=5912 [3]=8779 [4]=8779 [5]=8779 [6]=8779 [7]=8779 [8]=8779 [9]=8779 [10]=8779 [11]=8779 [12]=8779 
key_index before (DPU 14) [0]=   0 [1]=2803 [2]=5585 [3]=8256 [4]=8256 [5]=8256 [6]=8256 [7]=8256 [8]=8256 [9]=8256 [10]=8256 [11]=8256 [12]=8256 
key_index before (DPU 15) [0]=   0 [1]=2613 [2]=5156 [3]=7687 [4]=7687 [5]=7687 [6]=7687 [7]=7687 [8]=7687 [9]=7687 [10]=7687 [11]=7687 [12]=7687 
key_index before (DPU 16) [0]=   0 [1]=2417 [2]=4871 [3]=7212 [4]=7212 [5]=7212 [6]=7212 [7]=7212 [8]=7212 [9]=7212 [10]=7212 [11]=7212 [12]=7212 
key_index before (DPU 17) [0]=   0 [1]=2238 [2]=4451 [3]=6631 [4]=6631 [5]=6631 [6]=6631 [7]=6631 [8]=6631 [9]=6631 [10]=6631 [11]=6631 [12]=6631 
key_index before (DPU 18) [0]=   0 [1]=2231 [2]=4303 [3]=6356 [4]=6356 [5]=6356 [6]=6356 [7]=6356 [8]=6356 [9]=6356 [10]=6356 [11]=6356 [12]=6356 
key_index before (DPU 19) [0]=   0 [1]=2101 [2]=4126 [3]=6090 [4]=6090 [5]=6090 [6]=6090 [7]=6090 [8]=6090 [9]=6090 [10]=6090 [11]=6090 [12]=6090 
key_index before (DPU 20) [0]=   0 [1]=1934 [2]=3786 [3]=5591 [4]=5591 [5]=5591 [6]=5591 [7]=5591 [8]=5591 [9]=5591 [10]=5591 [11]=5591 [12]=5591 
key_index before (DPU 21) [0]=   0 [1]=1828 [2]=3702 [3]=5618 [4]=5618 [5]=5618 [6]=5618 [7]=5618 [8]=5618 [9]=5618 [10]=5618 [11]=5618 [12]=5618 
key_index before (DPU 22) [0]=   0 [1]=1802 [2]=3528 [3]=5293 [4]=5293 [5]=5293 [6]=5293 [7]=5293 [8]=5293 [9]=5293 [10]=5293 [11]=5293 [12]=5293 
key_index before (DPU 23) [0]=   0 [1]=1680 [2]=3374 [3]=5110 [4]=5110 [5]=5110 [6]=5110 [7]=5110 [8]=5110 [9]=5110 [10]=5110 [11]=5110 [12]=5110 
key_index before (DPU 24) [0]=   0 [1]=1677 [2]=3322 [3]=4972 [4]=4972 [5]=4972 [6]=4972 [7]=4972 [8]=4972 [9]=4972 [10]=4972 [11]=4972 [12]=4972 
key_index before (DPU 25) [0]=   0 [1]=1636 [2]=3239 [3]=4788 [4]=4788 [5]=4788 [6]=4788 [7]=4788 [8]=4788 [9]=4788 [10]=4788 [11]=4788 [12]=4788 
key_index before (DPU 26) [0]=   0 [1]=1563 [2]=3066 [3]=4539 [4]=4539 [5]=4539 [6]=4539 [7]=4539 [8]=4539 [9]=4539 [10]=4539 [11]=4539 [12]=4539 
key_index before (DPU 27) [0]=   0 [1]=1469 [2]=2966 [3]=4433 [4]=4433 [5]=4433 [6]=4433 [7]=4433 [8]=4433 [9]=4433 [10]=4433 [11]=4433 [12]=4433 
key_index before (DPU 28) [0]=   0 [1]=1406 [2]=2789 [3]=4170 [4]=4170 [5]=4170 [6]=4170 [7]=4170 [8]=4170 [9]=4170 [10]=4170 [11]=4170 [12]=4170 
key_index before (DPU 29) [0]=   0 [1]=1395 [2]=2763 [3]=4092 [4]=4092 [5]=4092 [6]=4092 [7]=4092 [8]=4092 [9]=4092 [10]=4092 [11]=4092 [12]=4092 
key_index before (DPU 30) [0]=   0 [1]=1260 [2]=2544 [3]=3836 [4]=3836 [5]=3836 [6]=3836 [7]=3836 [8]=3836 [9]=3836 [10]=3836 [11]=3836 [12]=3836 
key_index before (DPU 31) [0]=   0 [1]=1311 [2]=2533 [3]=3778 [4]=3778 [5]=3778 [6]=3778 [7]=3778 [8]=3778 [9]=3778 [10]=3778 [11]=3778 [12]=3778 
key_index before (DPU 32) [0]=   0 [1]=1185 [2]=2382 [3]=3618 [4]=3618 [5]=3618 [6]=3618 [7]=3618 [8]=3618 [9]=3618 [10]=3618 [11]=3618 [12]=3618 
key_index before (DPU 33) [0]=   0 [1]=1229 [2]=2445 [3]=3597 [4]=3597 [5]=3597 [6]=3597 [7]=3597 [8]=3597 [9]=3597 [10]=3597 [11]=3597 [12]=3597 
key_index before (DPU 34) [0]=   0 [1]=1114 [2]=2264 [3]=3419 [4]=3419 [5]=3419 [6]=3419 [7]=3419 [8]=3419 [9]=3419 [10]=3419 [11]=3419 [12]=3419 
key_index before (DPU 35) [0]=   0 [1]=1135 [2]=2251 [3]=3385 [4]=3385 [5]=3385 [6]=3385 [7]=3385 [8]=3385 [9]=3385 [10]=3385 [11]=3385 [12]=3385 
key_index before (DPU 36) [0]=   0 [1]=1121 [2]=2148 [3]=3197 [4]=3197 [5]=3197 [6]=3197 [7]=3197 [8]=3197 [9]=3197 [10]=3197 [11]=3197 [12]=3197 
key_index before (DPU 37) [0]=   0 [1]=1137 [2]=2245 [3]=3249 [4]=3249 [5]=3249 [6]=3249 [7]=3249 [8]=3249 [9]=3249 [10]=3249 [11]=3249 [12]=3249 
key_index before (DPU 38) [0]=   0 [1]=1103 [2]=2176 [3]=3209 [4]=3209 [5]=3209 [6]=3209 [7]=3209 [8]=3209 [9]=3209 [10]=3209 [11]=3209 [12]=3209 
key_index before (DPU 39) [0]=   0 [1]=1000 [2]=2014 [3]=3064 [4]=3064 [5]=3064 [6]=3064 [7]=3064 [8]=3064 [9]=3064 [10]=3064 [11]=3064 [12]=3064 
key_index before (DPU 40) [0]=   0 [1]= 989 [2]=1993 [3]=3021 [4]=3021 [5]=3021 [6]=3021 [7]=3021 [8]=3021 [9]=3021 [10]=3021 [11]=3021 [12]=3021 
key_index before (DPU 41) [0]=   0 [1]= 922 [2]=1960 [3]=2930 [4]=2930 [5]=2930 [6]=2930 [7]=2930 [8]=2930 [9]=2930 [10]=2930 [11]=2930 [12]=2930 
key_index before (DPU 42) [0]=   0 [1]= 925 [2]=1820 [3]=2807 [4]=2807 [5]=2807 [6]=2807 [7]=2807 [8]=2807 [9]=2807 [10]=2807 [11]=2807 [12]=2807 
key_index before (DPU 43) [0]=   0 [1]= 945 [2]=1849 [3]=2774 [4]=2774 [5]=2774 [6]=2774 [7]=2774 [8]=2774 [9]=2774 [10]=2774 [11]=2774 [12]=2774 
key_index before (DPU 44) [0]=   0 [1]= 881 [2]=1786 [3]=2670 [4]=2670 [5]=2670 [6]=2670 [7]=2670 [8]=2670 [9]=2670 [10]=2670 [11]=2670 [12]=2670 
key_index before (DPU 45) [0]=   0 [1]= 889 [2]=1790 [3]=2668 [4]=2668 [5]=2668 [6]=2668 [7]=2668 [8]=2668 [9]=2668 [10]=2668 [11]=2668 [12]=2668 
key_index before (DPU 46) [0]=   0 [1]= 829 [2]=1698 [3]=2559 [4]=2559 [5]=2559 [6]=2559 [7]=2559 [8]=2559 [9]=2559 [10]=2559 [11]=2559 [12]=2559 
key_index before (DPU 47) [0]=   0 [1]= 892 [2]=1776 [3]=2569 [4]=2569 [5]=2569 [6]=2569 [7]=2569 [8]=2569 [9]=2569 [10]=2569 [11]=2569 [12]=2569 
key_index before (DPU 48) [0]=   0 [1]= 839 [2]=1700 [3]=2529 [4]=2529 [5]=2529 [6]=2529 [7]=2529 [8]=2529 [9]=2529 [10]=2529 [11]=2529 [12]=2529 
key_index before (DPU 49) [0]=   0 [1]= 792 [2]=1603 [3]=2446 [4]=2446 [5]=2446 [6]=2446 [7]=2446 [8]=2446 [9]=2446 [10]=2446 [11]=2446 [12]=2446 
key_index before (DPU 50) [0]=   0 [1]= 790 [2]=1582 [3]=2363 [4]=2363 [5]=2363 [6]=2363 [7]=2363 [8]=2363 [9]=2363 [10]=2363 [11]=2363 [12]=2363 
key_index before (DPU 51) [0]=   0 [1]= 823 [2]=1640 [3]=2426 [4]=2426 [5]=2426 [6]=2426 [7]=2426 [8]=2426 [9]=2426 [10]=2426 [11]=2426 [12]=2426 
key_index before (DPU 52) [0]=   0 [1]= 753 [2]=1576 [3]=2336 [4]=2336 [5]=2336 [6]=2336 [7]=2336 [8]=2336 [9]=2336 [10]=2336 [11]=2336 [12]=2336 
key_index before (DPU 53) [0]=   0 [1]= 727 [2]=1470 [3]=2199 [4]=2199 [5]=2199 [6]=2199 [7]=2199 [8]=2199 [9]=2199 [10]=2199 [11]=2199 [12]=2199 
key_index before (DPU 54) [0]=   0 [1]= 730 [2]=1454 [3]=2221 [4]=2221 [5]=2221 [6]=2221 [7]=2221 [8]=2221 [9]=2221 [10]=2221 [11]=2221 [12]=2221 
key_index before (DPU 55) [0]=   0 [1]= 666 [2]=1374 [3]=2068 [4]=2068 [5]=2068 [6]=2068 [7]=2068 [8]=2068 [9]=2068 [10]=2068 [11]=2068 [12]=2068 
key_index before (DPU 56) [0]=   0 [1]= 748 [2]=1440 [3]=2145 [4]=2145 [5]=2145 [6]=2145 [7]=2145 [8]=2145 [9]=2145 [10]=2145 [11]=2145 [12]=2145 
key_index before (DPU 57) [0]=   0 [1]= 651 [2]=1375 [3]=2085 [4]=2085 [5]=2085 [6]=2085 [7]=2085 [8]=2085 [9]=2085 [10]=2085 [11]=2085 [12]=2085 
key_index before (DPU 58) [0]=   0 [1]= 675 [2]=1341 [3]=2003 [4]=2003 [5]=2003 [6]=2003 [7]=2003 [8]=2003 [9]=2003 [10]=2003 [11]=2003 [12]=2003 
key_index before (DPU 59) [0]=   0 [1]= 696 [2]=1395 [3]=2074 [4]=2074 [5]=2074 [6]=2074 [7]=2074 [8]=2074 [9]=2074 [10]=2074 [11]=2074 [12]=2074 
key_index before (DPU 60) [0]=   0 [1]= 678 [2]=1318 [3]=1977 [4]=1977 [5]=1977 [6]=1977 [7]=1977 [8]=1977 [9]=1977 [10]=1977 [11]=1977 [12]=1977 
key_index before (DPU 61) [0]=   0 [1]= 662 [2]=1284 [3]=1932 [4]=1932 [5]=1932 [6]=1932 [7]=1932 [8]=1932 [9]=1932 [10]=1932 [11]=1932 [12]=1932 
key_index before (DPU 62) [0]=   0 [1]= 673 [2]=1340 [3]=1942 [4]=1942 [5]=1942 [6]=1942 [7]=1942 [8]=1942 [9]=1942 [10]=1942 [11]=1942 [12]=1942 
key_index before (DPU 63) [0]=   0 [1]= 705 [2]=1342 [3]=1898 [4]=1898 [5]=1898 [6]=1898 [7]=1898 [8]=1898 [9]=1898 [10]=1898 [11]=1898 [12]=1898 
key_index before (DPU 64) [0]=   0 [1]= 580 [2]=1218 [3]=1877 [4]=1877 [5]=1877 [6]=1877 [7]=1877 [8]=1877 [9]=1877 [10]=1877 [11]=1877 [12]=1877 
key_index before (DPU 65) [0]=   0 [1]= 614 [2]=1249 [3]=1833 [4]=1833 [5]=1833 [6]=1833 [7]=1833 [8]=1833 [9]=1833 [10]=1833 [11]=1833 [12]=1833 
key_index before (DPU 66) [0]=   0 [1]= 633 [2]=1240 [3]=1841 [4]=1841 [5]=1841 [6]=1841 [7]=1841 [8]=1841 [9]=1841 [10]=1841 [11]=1841 [12]=1841 
key_index before (DPU 67) [0]=   0 [1]= 579 [2]=1194 [3]=1768 [4]=1768 [5]=1768 [6]=1768 [7]=1768 [8]=1768 [9]=1768 [10]=1768 [11]=1768 [12]=1768 
key_index before (DPU 68) [0]=   0 [1]= 563 [2]=1165 [3]=1739 [4]=1739 [5]=1739 [6]=1739 [7]=1739 [8]=1739 [9]=1739 [10]=1739 [11]=1739 [12]=1739 
key_index before (DPU 69) [0]=   0 [1]= 600 [2]=1200 [3]=1738 [4]=1738 [5]=1738 [6]=1738 [7]=1738 [8]=1738 [9]=1738 [10]=1738 [11]=1738 [12]=1738 
key_index before (DPU 70) [0]=   0 [1]= 536 [2]=1107 [3]=1699 [4]=1699 [5]=1699 [6]=1699 [7]=1699 [8]=1699 [9]=1699 [10]=1699 [11]=1699 [12]=1699 
key_index before (DPU 71) [0]=   0 [1]= 598 [2]=1137 [3]=1717 [4]=1717 [5]=1717 [6]=1717 [7]=1717 [8]=1717 [9]=1717 [10]=1717 [11]=1717 [12]=1717 
key_index before (DPU 72) [0]=   0 [1]= 554 [2]=1107 [3]=1677 [4]=1677 [5]=1677 [6]=1677 [7]=1677 [8]=1677 [9]=1677 [10]=1677 [11]=1677 [12]=1677 
key_index before (DPU 73) [0]=   0 [1]= 540 [2]=1073 [3]=1608 [4]=1608 [5]=1608 [6]=1608 [7]=1608 [8]=1608 [9]=1608 [10]=1608 [11]=1608 [12]=1608 
key_index before (DPU 74) [0]=   0 [1]= 569 [2]=1088 [3]=1629 [4]=1629 [5]=1629 [6]=1629 [7]=1629 [8]=1629 [9]=1629 [10]=1629 [11]=1629 [12]=1629 
key_index before (DPU 75) [0]=   0 [1]= 511 [2]=1029 [3]=1589 [4]=1589 [5]=1589 [6]=1589 [7]=1589 [8]=1589 [9]=1589 [10]=1589 [11]=1589 [12]=1589 
key_index before (DPU 76) [0]=   0 [1]= 543 [2]=1058 [3]=1578 [4]=1578 [5]=1578 [6]=1578 [7]=1578 [8]=1578 [9]=1578 [10]=1578 [11]=1578 [12]=1578 
key_index before (DPU 77) [0]=   0 [1]= 538 [2]= 994 [3]=1467 [4]=1467 [5]=1467 [6]=1467 [7]=1467 [8]=1467 [9]=1467 [10]=1467 [11]=1467 [12]=1467 
key_index before (DPU 78) [0]=   0 [1]= 484 [2]=1006 [3]=1504 [4]=1504 [5]=1504 [6]=1504 [7]=1504 [8]=1504 [9]=1504 [10]=1504 [11]=1504 [12]=1504 
key_index before (DPU 79) [0]=   0 [1]= 518 [2]=1042 [3]=1585 [4]=1585 [5]=1585 [6]=1585 [7]=1585 [8]=1585 [9]=1585 [10]=1585 [11]=1585 [12]=1585 
key_index before (DPU 80) [0]=   0 [1]= 512 [2]= 994 [3]=1512 [4]=1512 [5]=1512 [6]=1512 [7]=1512 [8]=1512 [9]=1512 [10]=1512 [11]=1512 [12]=1512 
key_index before (DPU 81) [0]=   0 [1]= 497 [2]= 962 [3]=1433 [4]=1433 [5]=1433 [6]=1433 [7]=1433 [8]=1433 [9]=1433 [10]=1433 [11]=1433 [12]=1433 
key_index before (DPU 82) [0]=   0 [1]= 510 [2]=1010 [3]=1549 [4]=1549 [5]=1549 [6]=1549 [7]=1549 [8]=1549 [9]=1549 [10]=1549 [11]=1549 [12]=1549 
key_index before (DPU 83) [0]=   0 [1]= 468 [2]= 975 [3]=1433 [4]=1433 [5]=1433 [6]=1433 [7]=1433 [8]=1433 [9]=1433 [10]=1433 [11]=1433 [12]=1433 
key_index before (DPU 84) [0]=   0 [1]= 479 [2]= 956 [3]=1460 [4]=1460 [5]=1460 [6]=1460 [7]=1460 [8]=1460 [9]=1460 [10]=1460 [11]=1460 [12]=1460 
key_index before (DPU 85) [0]=   0 [1]= 502 [2]= 967 [3]=1434 [4]=1434 [5]=1434 [6]=1434 [7]=1434 [8]=1434 [9]=1434 [10]=1434 [11]=1434 [12]=1434 
key_index before (DPU 86) [0]=   0 [1]= 489 [2]= 943 [3]=1400 [4]=1400 [5]=1400 [6]=1400 [7]=1400 [8]=1400 [9]=1400 [10]=1400 [11]=1400 [12]=1400 
key_index before (DPU 87) [0]=   0 [1]= 458 [2]= 967 [3]=1436 [4]=1436 [5]=1436 [6]=1436 [7]=1436 [8]=1436 [9]=1436 [10]=1436 [11]=1436 [12]=1436 
key_index before (DPU 88) [0]=   0 [1]= 447 [2]= 900 [3]=1347 [4]=1347 [5]=1347 [6]=1347 [7]=1347 [8]=1347 [9]=1347 [10]=1347 [11]=1347 [12]=1347 
key_index before (DPU 89) [0]=   0 [1]= 505 [2]= 965 [3]=1403 [4]=1403 [5]=1403 [6]=1403 [7]=1403 [8]=1403 [9]=1403 [10]=1403 [11]=1403 [12]=1403 
key_index before (DPU 90) [0]=   0 [1]= 422 [2]= 868 [3]=1309 [4]=1309 [5]=1309 [6]=1309 [7]=1309 [8]=1309 [9]=1309 [10]=1309 [11]=1309 [12]=1309 
key_index before (DPU 91) [0]=   0 [1]= 395 [2]= 831 [3]=1258 [4]=1258 [5]=1258 [6]=1258 [7]=1258 [8]=1258 [9]=1258 [10]=1258 [11]=1258 [12]=1258 
key_index before (DPU 92) [0]=   0 [1]= 417 [2]= 879 [3]=1348 [4]=1348 [5]=1348 [6]=1348 [7]=1348 [8]=1348 [9]=1348 [10]=1348 [11]=1348 [12]=1348 
key_index before (DPU 93) [0]=   0 [1]= 447 [2]= 889 [3]=1379 [4]=1379 [5]=1379 [6]=1379 [7]=1379 [8]=1379 [9]=1379 [10]=1379 [11]=1379 [12]=1379 
key_index before (DPU 94) [0]=   0 [1]= 407 [2]= 813 [3]=1219 [4]=1219 [5]=1219 [6]=1219 [7]=1219 [8]=1219 [9]=1219 [10]=1219 [11]=1219 [12]=1219 
key_index before (DPU 95) [0]=   0 [1]= 413 [2]= 810 [3]=1205 [4]=1205 [5]=1205 [6]=1205 [7]=1205 [8]=1205 [9]=1205 [10]=1205 [11]=1205 [12]=1205 
key_index before (DPU 96) [0]=   0 [1]= 393 [2]= 801 [3]=1238 [4]=1238 [5]=1238 [6]=1238 [7]=1238 [8]=1238 [9]=1238 [10]=1238 [11]=1238 [12]=1238 
key_index before (DPU 97) [0]=   0 [1]= 396 [2]= 827 [3]=1249 [4]=1249 [5]=1249 [6]=1249 [7]=1249 [8]=1249 [9]=1249 [10]=1249 [11]=1249 [12]=1249 
key_index before (DPU 98) [0]=   0 [1]= 389 [2]= 805 [3]=1204 [4]=1204 [5]=1204 [6]=1204 [7]=1204 [8]=1204 [9]=1204 [10]=1204 [11]=1204 [12]=1204 
key_index before (DPU 99) [0]=   0 [1]= 392 [2]= 783 [3]=1179 [4]=1179 [5]=1179 [6]=1179 [7]=1179 [8]=1179 [9]=1179 [10]=1179 [11]=1179 [12]=1179 
key_index before (DPU 100) [0]=   0 [1]= 420 [2]= 843 [3]=1302 [4]=1302 [5]=1302 [6]=1302 [7]=1302 [8]=1302 [9]=1302 [10]=1302 [11]=1302 [12]=1302 
key_index before (DPU 101) [0]=   0 [1]= 388 [2]= 832 [3]=1236 [4]=1236 [5]=1236 [6]=1236 [7]=1236 [8]=1236 [9]=1236 [10]=1236 [11]=1236 [12]=1236 
key_index before (DPU 102) [0]=   0 [1]= 394 [2]= 785 [3]=1170 [4]=1170 [5]=1170 [6]=1170 [7]=1170 [8]=1170 [9]=1170 [10]=1170 [11]=1170 [12]=1170 
key_index before (DPU 103) [0]=   0 [1]= 357 [2]= 721 [3]=1081 [4]=1081 [5]=1081 [6]=1081 [7]=1081 [8]=1081 [9]=1081 [10]=1081 [11]=1081 [12]=1081 
key_index before (DPU 104) [0]=   0 [1]= 363 [2]= 729 [3]=1119 [4]=1119 [5]=1119 [6]=1119 [7]=1119 [8]=1119 [9]=1119 [10]=1119 [11]=1119 [12]=1119 
key_index before (DPU 105) [0]=   0 [1]= 392 [2]= 789 [3]=1203 [4]=1203 [5]=1203 [6]=1203 [7]=1203 [8]=1203 [9]=1203 [10]=1203 [11]=1203 [12]=1203 
key_index before (DPU 106) [0]=   0 [1]= 353 [2]= 721 [3]=1096 [4]=1096 [5]=1096 [6]=1096 [7]=1096 [8]=1096 [9]=1096 [10]=1096 [11]=1096 [12]=1096 
key_index before (DPU 107) [0]=   0 [1]= 390 [2]= 784 [3]=1159 [4]=1159 [5]=1159 [6]=1159 [7]=1159 [8]=1159 [9]=1159 [10]=1159 [11]=1159 [12]=1159 
key_index before (DPU 108) [0]=   0 [1]= 377 [2]= 747 [3]=1139 [4]=1139 [5]=1139 [6]=1139 [7]=1139 [8]=1139 [9]=1139 [10]=1139 [11]=1139 [12]=1139 
key_index before (DPU 109) [0]=   0 [1]= 376 [2]= 711 [3]=1079 [4]=1079 [5]=1079 [6]=1079 [7]=1079 [8]=1079 [9]=1079 [10]=1079 [11]=1079 [12]=1079 
key_index before (DPU 110) [0]=   0 [1]= 359 [2]= 729 [3]=1068 [4]=1068 [5]=1068 [6]=1068 [7]=1068 [8]=1068 [9]=1068 [10]=1068 [11]=1068 [12]=1068 
key_index before (DPU 111) [0]=   0 [1]= 378 [2]= 761 [3]=1143 [4]=1143 [5]=1143 [6]=1143 [7]=1143 [8]=1143 [9]=1143 [10]=1143 [11]=1143 [12]=1143 
key_index before (DPU 112) [0]=   0 [1]= 371 [2]= 698 [3]=1107 [4]=1107 [5]=1107 [6]=1107 [7]=1107 [8]=1107 [9]=1107 [10]=1107 [11]=1107 [12]=1107 
key_index before (DPU 113) [0]=   0 [1]= 326 [2]= 660 [3]=1016 [4]=1016 [5]=1016 [6]=1016 [7]=1016 [8]=1016 [9]=1016 [10]=1016 [11]=1016 [12]=1016 
key_index before (DPU 114) [0]=   0 [1]= 350 [2]= 697 [3]=1063 [4]=1063 [5]=1063 [6]=1063 [7]=1063 [8]=1063 [9]=1063 [10]=1063 [11]=1063 [12]=1063 
key_index before (DPU 115) [0]=   0 [1]= 347 [2]= 666 [3]= 979 [4]= 979 [5]= 979 [6]= 979 [7]= 979 [8]= 979 [9]= 979 [10]= 979 [11]= 979 [12]= 979 
key_index before (DPU 116) [0]=   0 [1]= 345 [2]= 673 [3]=1003 [4]=1003 [5]=1003 [6]=1003 [7]=1003 [8]=1003 [9]=1003 [10]=1003 [11]=1003 [12]=1003 
key_index before (DPU 117) [0]=   0 [1]= 340 [2]= 704 [3]=1051 [4]=1051 [5]=1051 [6]=1051 [7]=1051 [8]=1051 [9]=1051 [10]=1051 [11]=1051 [12]=1051 
key_index before (DPU 118) [0]=   0 [1]= 370 [2]= 711 [3]=1068 [4]=1068 [5]=1068 [6]=1068 [7]=1068 [8]=1068 [9]=1068 [10]=1068 [11]=1068 [12]=1068 
key_index before (DPU 119) [0]=   0 [1]= 347 [2]= 683 [3]=1023 [4]=1023 [5]=1023 [6]=1023 [7]=1023 [8]=1023 [9]=1023 [10]=1023 [11]=1023 [12]=1023 
key_index before (DPU 120) [0]=   0 [1]= 335 [2]= 671 [3]=1008 [4]=1008 [5]=1008 [6]=1008 [7]=1008 [8]=1008 [9]=1008 [10]=1008 [11]=1008 [12]=1008 
key_index before (DPU 121) [0]=   0 [1]= 348 [2]= 674 [3]=1023 [4]=1023 [5]=1023 [6]=1023 [7]=1023 [8]=1023 [9]=1023 [10]=1023 [11]=1023 [12]=1023 
key_index before (DPU 122) [0]=   0 [1]= 351 [2]= 665 [3]=1002 [4]=1002 [5]=1002 [6]=1002 [7]=1002 [8]=1002 [9]=1002 [10]=1002 [11]=1002 [12]=1002 
key_index before (DPU 123) [0]=   0 [1]= 315 [2]= 637 [3]= 964 [4]= 964 [5]= 964 [6]= 964 [7]= 964 [8]= 964 [9]= 964 [10]= 964 [11]= 964 [12]= 964 
key_index before (DPU 124) [0]=   0 [1]= 342 [2]= 664 [3]= 967 [4]= 967 [5]= 967 [6]= 967 [7]= 967 [8]= 967 [9]= 967 [10]= 967 [11]= 967 [12]= 967 
key_index before (DPU 125) [0]=   0 [1]= 315 [2]= 618 [3]= 930 [4]= 930 [5]= 930 [6]= 930 [7]= 930 [8]= 930 [9]= 930 [10]= 930 [11]= 930 [12]= 930 
key_index before (DPU 126) [0]=   0 [1]= 305 [2]= 601 [3]= 922 [4]= 922 [5]= 922 [6]= 922 [7]= 922 [8]= 922 [9]= 922 [10]= 922 [11]= 922 [12]= 922 
key_index before (DPU 127) [0]=   0 [1]= 325 [2]= 635 [3]= 963 [4]= 963 [5]= 963 [6]= 963 [7]= 963 [8]= 963 [9]= 963 [10]= 963 [11]= 963 [12]= 963 
key_index before (DPU 128) [0]=   0 [1]= 320 [2]= 616 [3]= 913 [4]= 913 [5]= 913 [6]= 913 [7]= 913 [8]= 913 [9]= 913 [10]= 913 [11]= 913 [12]= 913 
key_index before (DPU 129) [0]=   0 [1]= 334 [2]= 640 [3]= 925 [4]= 925 [5]= 925 [6]= 925 [7]= 925 [8]= 925 [9]= 925 [10]= 925 [11]= 925 [12]= 925 
key_index before (DPU 130) [0]=   0 [1]= 318 [2]= 632 [3]= 956 [4]= 956 [5]= 956 [6]= 956 [7]= 956 [8]= 956 [9]= 956 [10]= 956 [11]= 956 [12]= 956 
key_index before (DPU 131) [0]=   0 [1]= 306 [2]= 618 [3]= 917 [4]= 917 [5]= 917 [6]= 917 [7]= 917 [8]= 917 [9]= 917 [10]= 917 [11]= 917 [12]= 917 
key_index before (DPU 132) [0]=   0 [1]= 323 [2]= 636 [3]= 922 [4]= 922 [5]= 922 [6]= 922 [7]= 922 [8]= 922 [9]= 922 [10]= 922 [11]= 922 [12]= 922 
key_index before (DPU 133) [0]=   0 [1]= 287 [2]= 559 [3]= 865 [4]= 865 [5]= 865 [6]= 865 [7]= 865 [8]= 865 [9]= 865 [10]= 865 [11]= 865 [12]= 865 
key_index before (DPU 134) [0]=   0 [1]= 276 [2]= 579 [3]= 899 [4]= 899 [5]= 899 [6]= 899 [7]= 899 [8]= 899 [9]= 899 [10]= 899 [11]= 899 [12]= 899 
key_index before (DPU 135) [0]=   0 [1]= 361 [2]= 639 [3]= 927 [4]= 927 [5]= 927 [6]= 927 [7]= 927 [8]= 927 [9]= 927 [10]= 927 [11]= 927 [12]= 927 
key_index before (DPU 136) [0]=   0 [1]= 289 [2]= 596 [3]= 881 [4]= 881 [5]= 881 [6]= 881 [7]= 881 [8]= 881 [9]= 881 [10]= 881 [11]= 881 [12]= 881 
key_index before (DPU 137) [0]=   0 [1]= 327 [2]= 621 [3]= 924 [4]= 924 [5]= 924 [6]= 924 [7]= 924 [8]= 924 [9]= 924 [10]= 924 [11]= 924 [12]= 924 
key_index before (DPU 138) [0]=   0 [1]= 325 [2]= 615 [3]= 895 [4]= 895 [5]= 895 [6]= 895 [7]= 895 [8]= 895 [9]= 895 [10]= 895 [11]= 895 [12]= 895 
key_index before (DPU 139) [0]=   0 [1]= 266 [2]= 538 [3]= 814 [4]= 814 [5]= 814 [6]= 814 [7]= 814 [8]= 814 [9]= 814 [10]= 814 [11]= 814 [12]= 814 
key_index before (DPU 140) [0]=   0 [1]= 295 [2]= 582 [3]= 824 [4]= 824 [5]= 824 [6]= 824 [7]= 824 [8]= 824 [9]= 824 [10]= 824 [11]= 824 [12]= 824 
key_index before (DPU 141) [0]=   0 [1]= 271 [2]= 539 [3]= 807 [4]= 807 [5]= 807 [6]= 807 [7]= 807 [8]= 807 [9]= 807 [10]= 807 [11]= 807 [12]= 807 
key_index before (DPU 142) [0]=   0 [1]= 252 [2]= 546 [3]= 832 [4]= 832 [5]= 832 [6]= 832 [7]= 832 [8]= 832 [9]= 832 [10]= 832 [11]= 832 [12]= 832 
key_index before (DPU 143) [0]=   0 [1]= 261 [2]= 537 [3]= 822 [4]= 822 [5]= 822 [6]= 822 [7]= 822 [8]= 822 [9]= 822 [10]= 822 [11]= 822 [12]= 822 
key_index before (DPU 144) [0]=   0 [1]= 286 [2]= 544 [3]= 813 [4]= 813 [5]= 813 [6]= 813 [7]= 813 [8]= 813 [9]= 813 [10]= 813 [11]= 813 [12]= 813 
key_index before (DPU 145) [0]=   0 [1]= 250 [2]= 514 [3]= 790 [4]= 790 [5]= 790 [6]= 790 [7]= 790 [8]= 790 [9]= 790 [10]= 790 [11]= 790 [12]= 790 
key_index before (DPU 146) [0]=   0 [1]= 270 [2]= 541 [3]= 817 [4]= 817 [5]= 817 [6]= 817 [7]= 817 [8]= 817 [9]= 817 [10]= 817 [11]= 817 [12]= 817 
key_index before (DPU 147) [0]=   0 [1]= 260 [2]= 512 [3]= 801 [4]= 801 [5]= 801 [6]= 801 [7]= 801 [8]= 801 [9]= 801 [10]= 801 [11]= 801 [12]= 801 
key_index before (DPU 148) [0]=   0 [1]= 261 [2]= 553 [3]= 839 [4]= 839 [5]= 839 [6]= 839 [7]= 839 [8]= 839 [9]= 839 [10]= 839 [11]= 839 [12]= 839 
key_index before (DPU 149) [0]=   0 [1]= 282 [2]= 584 [3]= 849 [4]= 849 [5]= 849 [6]= 849 [7]= 849 [8]= 849 [9]= 849 [10]= 849 [11]= 849 [12]= 849 
key_index before (DPU 150) [0]=   0 [1]= 280 [2]= 540 [3]= 825 [4]= 825 [5]= 825 [6]= 825 [7]= 825 [8]= 825 [9]= 825 [10]= 825 [11]= 825 [12]= 825 
key_index before (DPU 151) [0]=   0 [1]= 272 [2]= 547 [3]= 794 [4]= 794 [5]= 794 [6]= 794 [7]= 794 [8]= 794 [9]= 794 [10]= 794 [11]= 794 [12]= 794 
key_index before (DPU 152) [0]=   0 [1]= 279 [2]= 569 [3]= 817 [4]= 817 [5]= 817 [6]= 817 [7]= 817 [8]= 817 [9]= 817 [10]= 817 [11]= 817 [12]= 817 
key_index before (DPU 153) [0]=   0 [1]= 282 [2]= 564 [3]= 810 [4]= 810 [5]= 810 [6]= 810 [7]= 810 [8]= 810 [9]= 810 [10]= 810 [11]= 810 [12]= 810 
key_index before (DPU 154) [0]=   0 [1]= 263 [2]= 545 [3]= 787 [4]= 787 [5]= 787 [6]= 787 [7]= 787 [8]= 787 [9]= 787 [10]= 787 [11]= 787 [12]= 787 
key_index before (DPU 155) [0]=   0 [1]= 278 [2]= 521 [3]= 777 [4]= 777 [5]= 777 [6]= 777 [7]= 777 [8]= 777 [9]= 777 [10]= 777 [11]= 777 [12]= 777 
key_index before (DPU 156) [0]=   0 [1]= 248 [2]= 484 [3]= 755 [4]= 755 [5]= 755 [6]= 755 [7]= 755 [8]= 755 [9]= 755 [10]= 755 [11]= 755 [12]= 755 
key_index before (DPU 157) [0]=   0 [1]= 264 [2]= 555 [3]= 814 [4]= 814 [5]= 814 [6]= 814 [7]= 814 [8]= 814 [9]= 814 [10]= 814 [11]= 814 [12]= 814 
key_index before (DPU 158) [0]=   0 [1]= 259 [2]= 501 [3]= 773 [4]= 773 [5]= 773 [6]= 773 [7]= 773 [8]= 773 [9]= 773 [10]= 773 [11]= 773 [12]= 773 
key_index before (DPU 159) [0]=   0 [1]= 241 [2]= 487 [3]= 722 [4]= 722 [5]= 722 [6]= 722 [7]= 722 [8]= 722 [9]= 722 [10]= 722 [11]= 722 [12]= 722 
key_index before (DPU 160) [0]=   0 [1]= 229 [2]= 490 [3]= 746 [4]= 746 [5]= 746 [6]= 746 [7]= 746 [8]= 746 [9]= 746 [10]= 746 [11]= 746 [12]= 746 
key_index before (DPU 161) [0]=   0 [1]= 258 [2]= 498 [3]= 750 [4]= 750 [5]= 750 [6]= 750 [7]= 750 [8]= 750 [9]= 750 [10]= 750 [11]= 750 [12]= 750 
key_index before (DPU 162) [0]=   0 [1]= 241 [2]= 492 [3]= 744 [4]= 744 [5]= 744 [6]= 744 [7]= 744 [8]= 744 [9]= 744 [10]= 744 [11]= 744 [12]= 744 
key_index before (DPU 163) [0]=   0 [1]= 260 [2]= 537 [3]= 788 [4]= 788 [5]= 788 [6]= 788 [7]= 788 [8]= 788 [9]= 788 [10]= 788 [11]= 788 [12]= 788 
key_index before (DPU 164) [0]=   0 [1]= 259 [2]= 504 [3]= 734 [4]= 734 [5]= 734 [6]= 734 [7]= 734 [8]= 734 [9]= 734 [10]= 734 [11]= 734 [12]= 734 
key_index before (DPU 165) [0]=   0 [1]= 246 [2]= 493 [3]= 732 [4]= 732 [5]= 732 [6]= 732 [7]= 732 [8]= 732 [9]= 732 [10]= 732 [11]= 732 [12]= 732 
key_index before (DPU 166) [0]=   0 [1]= 216 [2]= 485 [3]= 739 [4]= 739 [5]= 739 [6]= 739 [7]= 739 [8]= 739 [9]= 739 [10]= 739 [11]= 739 [12]= 739 
key_index before (DPU 167) [0]=   0 [1]= 258 [2]= 531 [3]= 767 [4]= 767 [5]= 767 [6]= 767 [7]= 767 [8]= 767 [9]= 767 [10]= 767 [11]= 767 [12]= 767 
key_index before (DPU 168) [0]=   0 [1]= 227 [2]= 468 [3]= 696 [4]= 696 [5]= 696 [6]= 696 [7]= 696 [8]= 696 [9]= 696 [10]= 696 [11]= 696 [12]= 696 
key_index before (DPU 169) [0]=   0 [1]= 248 [2]= 468 [3]= 709 [4]= 709 [5]= 709 [6]= 709 [7]= 709 [8]= 709 [9]= 709 [10]= 709 [11]= 709 [12]= 709 
key_index before (DPU 170) [0]=   0 [1]= 246 [2]= 483 [3]= 722 [4]= 722 [5]= 722 [6]= 722 [7]= 722 [8]= 722 [9]= 722 [10]= 722 [11]= 722 [12]= 722 
key_index before (DPU 171) [0]=   0 [1]= 240 [2]= 522 [3]= 747 [4]= 747 [5]= 747 [6]= 747 [7]= 747 [8]= 747 [9]= 747 [10]= 747 [11]= 747 [12]= 747 
key_index before (DPU 172) [0]=   0 [1]= 248 [2]= 448 [3]= 700 [4]= 700 [5]= 700 [6]= 700 [7]= 700 [8]= 700 [9]= 700 [10]= 700 [11]= 700 [12]= 700 
key_index before (DPU 173) [0]=   0 [1]= 258 [2]= 504 [3]= 752 [4]= 752 [5]= 752 [6]= 752 [7]= 752 [8]= 752 [9]= 752 [10]= 752 [11]= 752 [12]= 752 
key_index before (DPU 174) [0]=   0 [1]= 255 [2]= 489 [3]= 735 [4]= 735 [5]= 735 [6]= 735 [7]= 735 [8]= 735 [9]= 735 [10]= 735 [11]= 735 [12]= 735 
key_index before (DPU 175) [0]=   0 [1]= 233 [2]= 476 [3]= 712 [4]= 712 [5]= 712 [6]= 712 [7]= 712 [8]= 712 [9]= 712 [10]= 712 [11]= 712 [12]= 712 
key_index before (DPU 176) [0]=   0 [1]= 239 [2]= 454 [3]= 705 [4]= 705 [5]= 705 [6]= 705 [7]= 705 [8]= 705 [9]= 705 [10]= 705 [11]= 705 [12]= 705 
key_index before (DPU 177) [0]=   0 [1]= 206 [2]= 440 [3]= 670 [4]= 670 [5]= 670 [6]= 670 [7]= 670 [8]= 670 [9]= 670 [10]= 670 [11]= 670 [12]= 670 
key_index before (DPU 178) [0]=   0 [1]= 218 [2]= 467 [3]= 709 [4]= 709 [5]= 709 [6]= 709 [7]= 709 [8]= 709 [9]= 709 [10]= 709 [11]= 709 [12]= 709 
key_index before (DPU 179) [0]=   0 [1]= 226 [2]= 492 [3]= 725 [4]= 725 [5]= 725 [6]= 725 [7]= 725 [8]= 725 [9]= 725 [10]= 725 [11]= 725 [12]= 725 
key_index before (DPU 180) [0]=   0 [1]= 209 [2]= 443 [3]= 648 [4]= 648 [5]= 648 [6]= 648 [7]= 648 [8]= 648 [9]= 648 [10]= 648 [11]= 648 [12]= 648 
key_index before (DPU 181) [0]=   0 [1]= 231 [2]= 443 [3]= 665 [4]= 665 [5]= 665 [6]= 665 [7]= 665 [8]= 665 [9]= 665 [10]= 665 [11]= 665 [12]= 665 
key_index before (DPU 182) [0]=   0 [1]= 209 [2]= 457 [3]= 683 [4]= 683 [5]= 683 [6]= 683 [7]= 683 [8]= 683 [9]= 683 [10]= 683 [11]= 683 [12]= 683 
key_index before (DPU 183) [0]=   0 [1]= 233 [2]= 446 [3]= 632 [4]= 632 [5]= 632 [6]= 632 [7]= 632 [8]= 632 [9]= 632 [10]= 632 [11]= 632 [12]= 632 
key_index before (DPU 184) [0]=   0 [1]= 212 [2]= 439 [3]= 670 [4]= 670 [5]= 670 [6]= 670 [7]= 670 [8]= 670 [9]= 670 [10]= 670 [11]= 670 [12]= 670 
key_index before (DPU 185) [0]=   0 [1]= 222 [2]= 416 [3]= 661 [4]= 661 [5]= 661 [6]= 661 [7]= 661 [8]= 661 [9]= 661 [10]= 661 [11]= 661 [12]= 661 
key_index before (DPU 186) [0]=   0 [1]= 217 [2]= 426 [3]= 628 [4]= 628 [5]= 628 [6]= 628 [7]= 628 [8]= 628 [9]= 628 [10]= 628 [11]= 628 [12]= 628 
key_index before (DPU 187) [0]=   0 [1]= 218 [2]= 409 [3]= 615 [4]= 615 [5]= 615 [6]= 615 [7]= 615 [8]= 615 [9]= 615 [10]= 615 [11]= 615 [12]= 615 
key_index before (DPU 188) [0]=   0 [1]= 198 [2]= 408 [3]= 652 [4]= 652 [5]= 652 [6]= 652 [7]= 652 [8]= 652 [9]= 652 [10]= 652 [11]= 652 [12]= 652 
key_index before (DPU 189) [0]=   0 [1]= 199 [2]= 413 [3]= 623 [4]= 623 [5]= 623 [6]= 623 [7]= 623 [8]= 623 [9]= 623 [10]= 623 [11]= 623 [12]= 623 
key_index before (DPU 190) [0]=   0 [1]= 244 [2]= 449 [3]= 643 [4]= 643 [5]= 643 [6]= 643 [7]= 643 [8]= 643 [9]= 643 [10]= 643 [11]= 643 [12]= 643 
key_index before (DPU 191) [0]=   0 [1]= 222 [2]= 436 [3]= 650 [4]= 650 [5]= 650 [6]= 650 [7]= 650 [8]= 650 [9]= 650 [10]= 650 [11]= 650 [12]= 650 
key_index before (DPU 192) [0]=   0 [1]= 186 [2]= 364 [3]= 596 [4]= 596 [5]= 596 [6]= 596 [7]= 596 [8]= 596 [9]= 596 [10]= 596 [11]= 596 [12]= 596 
key_index before (DPU 193) [0]=   0 [1]= 197 [2]= 395 [3]= 612 [4]= 612 [5]= 612 [6]= 612 [7]= 612 [8]= 612 [9]= 612 [10]= 612 [11]= 612 [12]= 612 
key_index before (DPU 194) [0]=   0 [1]= 232 [2]= 431 [3]= 650 [4]= 650 [5]= 650 [6]= 650 [7]= 650 [8]= 650 [9]= 650 [10]= 650 [11]= 650 [12]= 650 
key_index before (DPU 195) [0]=   0 [1]= 229 [2]= 422 [3]= 615 [4]= 615 [5]= 615 [6]= 615 [7]= 615 [8]= 615 [9]= 615 [10]= 615 [11]= 615 [12]= 615 
key_index before (DPU 196) [0]=   0 [1]= 202 [2]= 426 [3]= 621 [4]= 621 [5]= 621 [6]= 621 [7]= 621 [8]= 621 [9]= 621 [10]= 621 [11]= 621 [12]= 621 
key_index before (DPU 197) [0]=   0 [1]= 223 [2]= 409 [3]= 612 [4]= 612 [5]= 612 [6]= 612 [7]= 612 [8]= 612 [9]= 612 [10]= 612 [11]= 612 [12]= 612 
key_index before (DPU 198) [0]=   0 [1]= 203 [2]= 405 [3]= 628 [4]= 628 [5]= 628 [6]= 628 [7]= 628 [8]= 628 [9]= 628 [10]= 628 [11]= 628 [12]= 628 
key_index before (DPU 199) [0]=   0 [1]= 212 [2]= 436 [3]= 654 [4]= 654 [5]= 654 [6]= 654 [7]= 654 [8]= 654 [9]= 654 [10]= 654 [11]= 654 [12]= 654 
key_index before (DPU 200) [0]=   0 [1]= 192 [2]= 400 [3]= 613 [4]= 613 [5]= 613 [6]= 613 [7]= 613 [8]= 613 [9]= 613 [10]= 613 [11]= 613 [12]= 613 
key_index before (DPU 201) [0]=   0 [1]= 191 [2]= 413 [3]= 607 [4]= 607 [5]= 607 [6]= 607 [7]= 607 [8]= 607 [9]= 607 [10]= 607 [11]= 607 [12]= 607 
key_index before (DPU 202) [0]=   0 [1]= 171 [2]= 394 [3]= 595 [4]= 595 [5]= 595 [6]= 595 [7]= 595 [8]= 595 [9]= 595 [10]= 595 [11]= 595 [12]= 595 
key_index before (DPU 203) [0]=   0 [1]= 222 [2]= 421 [3]= 608 [4]= 608 [5]= 608 [6]= 608 [7]= 608 [8]= 608 [9]= 608 [10]= 608 [11]= 608 [12]= 608 
key_index before (DPU 204) [0]=   0 [1]= 197 [2]= 392 [3]= 607 [4]= 607 [5]= 607 [6]= 607 [7]= 607 [8]= 607 [9]= 607 [10]= 607 [11]= 607 [12]= 607 
key_index before (DPU 205) [0]=   0 [1]= 201 [2]= 416 [3]= 637 [4]= 637 [5]= 637 [6]= 637 [7]= 637 [8]= 637 [9]= 637 [10]= 637 [11]= 637 [12]= 637 
key_index before (DPU 206) [0]=   0 [1]= 193 [2]= 395 [3]= 593 [4]= 593 [5]= 593 [6]= 593 [7]= 593 [8]= 593 [9]= 593 [10]= 593 [11]= 593 [12]= 593 
key_index before (DPU 207) [0]=   0 [1]= 205 [2]= 416 [3]= 585 [4]= 585 [5]= 585 [6]= 585 [7]= 585 [8]= 585 [9]= 585 [10]= 585 [11]= 585 [12]= 585 
key_index before (DPU 208) [0]=   0 [1]= 185 [2]= 394 [3]= 599 [4]= 599 [5]= 599 [6]= 599 [7]= 599 [8]= 599 [9]= 599 [10]= 599 [11]= 599 [12]= 599 
key_index before (DPU 209) [0]=   0 [1]= 223 [2]= 414 [3]= 597 [4]= 597 [5]= 597 [6]= 597 [7]= 597 [8]= 597 [9]= 597 [10]= 597 [11]= 597 [12]= 597 
key_index before (DPU 210) [0]=   0 [1]= 196 [2]= 400 [3]= 609 [4]= 609 [5]= 609 [6]= 609 [7]= 609 [8]= 609 [9]= 609 [10]= 609 [11]= 609 [12]= 609 
key_index before (DPU 211) [0]=   0 [1]= 195 [2]= 408 [3]= 619 [4]= 619 [5]= 619 [6]= 619 [7]= 619 [8]= 619 [9]= 619 [10]= 619 [11]= 619 [12]= 619 
key_index before (DPU 212) [0]=   0 [1]= 169 [2]= 352 [3]= 554 [4]= 554 [5]= 554 [6]= 554 [7]= 554 [8]= 554 [9]= 554 [10]= 554 [11]= 554 [12]= 554 
key_index before (DPU 213) [0]=   0 [1]= 200 [2]= 390 [3]= 584 [4]= 584 [5]= 584 [6]= 584 [7]= 584 [8]= 584 [9]= 584 [10]= 584 [11]= 584 [12]= 584 
key_index before (DPU 214) [0]=   0 [1]= 203 [2]= 410 [3]= 603 [4]= 603 [5]= 603 [6]= 603 [7]= 603 [8]= 603 [9]= 603 [10]= 603 [11]= 603 [12]= 603 
key_index before (DPU 215) [0]=   0 [1]= 188 [2]= 355 [3]= 561 [4]= 561 [5]= 561 [6]= 561 [7]= 561 [8]= 561 [9]= 561 [10]= 561 [11]= 561 [12]= 561 
key_index before (DPU 216) [0]=   0 [1]= 208 [2]= 415 [3]= 586 [4]= 586 [5]= 586 [6]= 586 [7]= 586 [8]= 586 [9]= 586 [10]= 586 [11]= 586 [12]= 586 
key_index before (DPU 217) [0]=   0 [1]= 206 [2]= 394 [3]= 613 [4]= 613 [5]= 613 [6]= 613 [7]= 613 [8]= 613 [9]= 613 [10]= 613 [11]= 613 [12]= 613 
key_index before (DPU 218) [0]=   0 [1]= 185 [2]= 399 [3]= 614 [4]= 614 [5]= 614 [6]= 614 [7]= 614 [8]= 614 [9]= 614 [10]= 614 [11]= 614 [12]= 614 
key_index before (DPU 219) [0]=   0 [1]= 180 [2]= 366 [3]= 532 [4]= 532 [5]= 532 [6]= 532 [7]= 532 [8]= 532 [9]= 532 [10]= 532 [11]= 532 [12]= 532 
key_index before (DPU 220) [0]=   0 [1]= 180 [2]= 374 [3]= 564 [4]= 564 [5]= 564 [6]= 564 [7]= 564 [8]= 564 [9]= 564 [10]= 564 [11]= 564 [12]= 564 
key_index before (DPU 221) [0]=   0 [1]= 176 [2]= 371 [3]= 555 [4]= 555 [5]= 555 [6]= 555 [7]= 555 [8]= 555 [9]= 555 [10]= 555 [11]= 555 [12]= 555 
key_index before (DPU 222) [0]=   0 [1]= 199 [2]= 378 [3]= 576 [4]= 576 [5]= 576 [6]= 576 [7]= 576 [8]= 576 [9]= 576 [10]= 576 [11]= 576 [12]= 576 
key_index before (DPU 223) [0]=   0 [1]= 159 [2]= 338 [3]= 504 [4]= 504 [5]= 504 [6]= 504 [7]= 504 [8]= 504 [9]= 504 [10]= 504 [11]= 504 [12]= 504 
key_index before (DPU 224) [0]=   0 [1]= 174 [2]= 342 [3]= 518 [4]= 518 [5]= 518 [6]= 518 [7]= 518 [8]= 518 [9]= 518 [10]= 518 [11]= 518 [12]= 518 
key_index before (DPU 225) [0]=   0 [1]= 222 [2]= 408 [3]= 584 [4]= 584 [5]= 584 [6]= 584 [7]= 584 [8]= 584 [9]= 584 [10]= 584 [11]= 584 [12]= 584 
key_index before (DPU 226) [0]=   0 [1]= 177 [2]= 351 [3]= 522 [4]= 522 [5]= 522 [6]= 522 [7]= 522 [8]= 522 [9]= 522 [10]= 522 [11]= 522 [12]= 522 
key_index before (DPU 227) [0]=   0 [1]= 152 [2]= 323 [3]= 501 [4]= 501 [5]= 501 [6]= 501 [7]= 501 [8]= 501 [9]= 501 [10]= 501 [11]= 501 [12]= 501 
key_index before (DPU 228) [0]=   0 [1]= 187 [2]= 369 [3]= 529 [4]= 529 [5]= 529 [6]= 529 [7]= 529 [8]= 529 [9]= 529 [10]= 529 [11]= 529 [12]= 529 
key_index before (DPU 229) [0]=   0 [1]= 147 [2]= 296 [3]= 469 [4]= 469 [5]= 469 [6]= 469 [7]= 469 [8]= 469 [9]= 469 [10]= 469 [11]= 469 [12]= 469 
key_index before (DPU 230) [0]=   0 [1]= 177 [2]= 366 [3]= 544 [4]= 544 [5]= 544 [6]= 544 [7]= 544 [8]= 544 [9]= 544 [10]= 544 [11]= 544 [12]= 544 
key_index before (DPU 231) [0]=   0 [1]= 192 [2]= 376 [3]= 534 [4]= 534 [5]= 534 [6]= 534 [7]= 534 [8]= 534 [9]= 534 [10]= 534 [11]= 534 [12]= 534 
key_index before (DPU 232) [0]=   0 [1]= 180 [2]= 339 [3]= 501 [4]= 501 [5]= 501 [6]= 501 [7]= 501 [8]= 501 [9]= 501 [10]= 501 [11]= 501 [12]= 501 
key_index before (DPU 233) [0]=   0 [1]= 177 [2]= 369 [3]= 536 [4]= 536 [5]= 536 [6]= 536 [7]= 536 [8]= 536 [9]= 536 [10]= 536 [11]= 536 [12]= 536 
key_index before (DPU 234) [0]=   0 [1]= 167 [2]= 357 [3]= 518 [4]= 518 [5]= 518 [6]= 518 [7]= 518 [8]= 518 [9]= 518 [10]= 518 [11]= 518 [12]= 518 
key_index before (DPU 235) [0]=   0 [1]= 183 [2]= 356 [3]= 537 [4]= 537 [5]= 537 [6]= 537 [7]= 537 [8]= 537 [9]= 537 [10]= 537 [11]= 537 [12]= 537 
key_index before (DPU 236) [0]=   0 [1]= 190 [2]= 359 [3]= 556 [4]= 556 [5]= 556 [6]= 556 [7]= 556 [8]= 556 [9]= 556 [10]= 556 [11]= 556 [12]= 556 
key_index before (DPU 237) [0]=   0 [1]= 188 [2]= 339 [3]= 492 [4]= 492 [5]= 492 [6]= 492 [7]= 492 [8]= 492 [9]= 492 [10]= 492 [11]= 492 [12]= 492 
key_index before (DPU 238) [0]=   0 [1]= 163 [2]= 339 [3]= 494 [4]= 494 [5]= 494 [6]= 494 [7]= 494 [8]= 494 [9]= 494 [10]= 494 [11]= 494 [12]= 494 
key_index before (DPU 239) [0]=   0 [1]= 145 [2]= 313 [3]= 476 [4]= 476 [5]= 476 [6]= 476 [7]= 476 [8]= 476 [9]= 476 [10]= 476 [11]= 476 [12]= 476 
key_index before (DPU 240) [0]=   0 [1]= 172 [2]= 359 [3]= 547 [4]= 547 [5]= 547 [6]= 547 [7]= 547 [8]= 547 [9]= 547 [10]= 547 [11]= 547 [12]= 547 
key_index before (DPU 241) [0]=   0 [1]= 156 [2]= 333 [3]= 490 [4]= 490 [5]= 490 [6]= 490 [7]= 490 [8]= 490 [9]= 490 [10]= 490 [11]= 490 [12]= 490 
key_index before (DPU 242) [0]=   0 [1]= 176 [2]= 335 [3]= 504 [4]= 504 [5]= 504 [6]= 504 [7]= 504 [8]= 504 [9]= 504 [10]= 504 [11]= 504 [12]= 504 
key_index before (DPU 243) [0]=   0 [1]= 166 [2]= 327 [3]= 497 [4]= 497 [5]= 497 [6]= 497 [7]= 497 [8]= 497 [9]= 497 [10]= 497 [11]= 497 [12]= 497 
key_index before (DPU 244) [0]=   0 [1]= 168 [2]= 336 [3]= 488 [4]= 488 [5]= 488 [6]= 488 [7]= 488 [8]= 488 [9]= 488 [10]= 488 [11]= 488 [12]= 488 
key_index before (DPU 245) [0]=   0 [1]= 169 [2]= 325 [3]= 466 [4]= 466 [5]= 466 [6]= 466 [7]= 466 [8]= 466 [9]= 466 [10]= 466 [11]= 466 [12]= 466 
key_index before (DPU 246) [0]=   0 [1]= 151 [2]= 328 [3]= 520 [4]= 520 [5]= 520 [6]= 520 [7]= 520 [8]= 520 [9]= 520 [10]= 520 [11]= 520 [12]= 520 
key_index before (DPU 247) [0]=   0 [1]= 151 [2]= 297 [3]= 454 [4]= 454 [5]= 454 [6]= 454 [7]= 454 [8]= 454 [9]= 454 [10]= 454 [11]= 454 [12]= 454 
key_index before (DPU 248) [0]=   0 [1]= 159 [2]= 335 [3]= 482 [4]= 482 [5]= 482 [6]= 482 [7]= 482 [8]= 482 [9]= 482 [10]= 482 [11]= 482 [12]= 482 
key_index before (DPU 249) [0]=   0 [1]= 172 [2]= 306 [3]= 450 [4]= 450 [5]= 450 [6]= 450 [7]= 450 [8]= 450 [9]= 450 [10]= 450 [11]= 450 [12]= 450 
key_index before (DPU 250) [0]=   0 [1]= 153 [2]= 313 [3]= 460 [4]= 460 [5]= 460 [6]= 460 [7]= 460 [8]= 460 [9]= 460 [10]= 460 [11]= 460 [12]= 460 
key_index before (DPU 251) [0]=   0 [1]= 159 [2]= 328 [3]= 501 [4]= 501 [5]= 501 [6]= 501 [7]= 501 [8]= 501 [9]= 501 [10]= 501 [11]= 501 [12]= 501 
key_index before (DPU 252) [0]=   0 [1]= 169 [2]= 324 [3]= 504 [4]= 504 [5]= 504 [6]= 504 [7]= 504 [8]= 504 [9]= 504 [10]= 504 [11]= 504 [12]= 504 
key_index before (DPU 253) [0]=   0 [1]= 178 [2]= 338 [3]= 498 [4]= 498 [5]= 498 [6]= 498 [7]= 498 [8]= 498 [9]= 498 [10]= 498 [11]= 498 [12]= 498 
key_index before (DPU 254) [0]=   0 [1]= 170 [2]= 328 [3]= 473 [4]= 473 [5]= 473 [6]= 473 [7]= 473 [8]= 473 [9]= 473 [10]= 473 [11]= 473 [12]= 473 
key_index before (DPU 255) [0]=   0 [1]= 147 [2]= 288 [3]= 454 [4]= 454 [5]= 454 [6]= 454 [7]= 454 [8]= 454 [9]= 454 [10]= 454 [11]= 454 [12]= 454 
key_index before (DPU 256) [0]=   0 [1]= 144 [2]= 305 [3]= 456 [4]= 456 [5]= 456 [6]= 456 [7]= 456 [8]= 456 [9]= 456 [10]= 456 [11]= 456 [12]= 456 
key_index before (DPU 257) [0]=   0 [1]= 143 [2]= 306 [3]= 477 [4]= 477 [5]= 477 [6]= 477 [7]= 477 [8]= 477 [9]= 477 [10]= 477 [11]= 477 [12]= 477 
key_index before (DPU 258) [0]=   0 [1]= 162 [2]= 329 [3]= 495 [4]= 495 [5]= 495 [6]= 495 [7]= 495 [8]= 495 [9]= 495 [10]= 495 [11]= 495 [12]= 495 
key_index before (DPU 259) [0]=   0 [1]= 158 [2]= 311 [3]= 477 [4]= 477 [5]= 477 [6]= 477 [7]= 477 [8]= 477 [9]= 477 [10]= 477 [11]= 477 [12]= 477 
key_index before (DPU 260) [0]=   0 [1]= 131 [2]= 301 [3]= 468 [4]= 468 [5]= 468 [6]= 468 [7]= 468 [8]= 468 [9]= 468 [10]= 468 [11]= 468 [12]= 468 
key_index before (DPU 261) [0]=   0 [1]= 153 [2]= 302 [3]= 457 [4]= 457 [5]= 457 [6]= 457 [7]= 457 [8]= 457 [9]= 457 [10]= 457 [11]= 457 [12]= 457 
key_index before (DPU 262) [0]=   0 [1]= 170 [2]= 343 [3]= 485 [4]= 485 [5]= 485 [6]= 485 [7]= 485 [8]= 485 [9]= 485 [10]= 485 [11]= 485 [12]= 485 
key_index before (DPU 263) [0]=   0 [1]= 150 [2]= 300 [3]= 447 [4]= 447 [5]= 447 [6]= 447 [7]= 447 [8]= 447 [9]= 447 [10]= 447 [11]= 447 [12]= 447 
key_index before (DPU 264) [0]=   0 [1]= 167 [2]= 324 [3]= 466 [4]= 466 [5]= 466 [6]= 466 [7]= 466 [8]= 466 [9]= 466 [10]= 466 [11]= 466 [12]= 466 
key_index before (DPU 265) [0]=   0 [1]= 168 [2]= 324 [3]= 473 [4]= 473 [5]= 473 [6]= 473 [7]= 473 [8]= 473 [9]= 473 [10]= 473 [11]= 473 [12]= 473 
key_index before (DPU 266) [0]=   0 [1]= 147 [2]= 264 [3]= 426 [4]= 426 [5]= 426 [6]= 426 [7]= 426 [8]= 426 [9]= 426 [10]= 426 [11]= 426 [12]= 426 
key_index before (DPU 267) [0]=   0 [1]= 162 [2]= 320 [3]= 469 [4]= 469 [5]= 469 [6]= 469 [7]= 469 [8]= 469 [9]= 469 [10]= 469 [11]= 469 [12]= 469 
key_index before (DPU 268) [0]=   0 [1]= 150 [2]= 290 [3]= 450 [4]= 450 [5]= 450 [6]= 450 [7]= 450 [8]= 450 [9]= 450 [10]= 450 [11]= 450 [12]= 450 
key_index before (DPU 269) [0]=   0 [1]= 156 [2]= 296 [3]= 452 [4]= 452 [5]= 452 [6]= 452 [7]= 452 [8]= 452 [9]= 452 [10]= 452 [11]= 452 [12]= 452 
key_index before (DPU 270) [0]=   0 [1]= 152 [2]= 319 [3]= 468 [4]= 468 [5]= 468 [6]= 468 [7]= 468 [8]= 468 [9]= 468 [10]= 468 [11]= 468 [12]= 468 
key_index before (DPU 271) [0]=   0 [1]= 171 [2]= 305 [3]= 449 [4]= 449 [5]= 449 [6]= 449 [7]= 449 [8]= 449 [9]= 449 [10]= 449 [11]= 449 [12]= 449 
key_index before (DPU 272) [0]=   0 [1]= 161 [2]= 323 [3]= 467 [4]= 467 [5]= 467 [6]= 467 [7]= 467 [8]= 467 [9]= 467 [10]= 467 [11]= 467 [12]= 467 
key_index before (DPU 273) [0]=   0 [1]= 151 [2]= 283 [3]= 436 [4]= 436 [5]= 436 [6]= 436 [7]= 436 [8]= 436 [9]= 436 [10]= 436 [11]= 436 [12]= 436 
key_index before (DPU 274) [0]=   0 [1]= 148 [2]= 316 [3]= 478 [4]= 478 [5]= 478 [6]= 478 [7]= 478 [8]= 478 [9]= 478 [10]= 478 [11]= 478 [12]= 478 
key_index before (DPU 275) [0]=   0 [1]= 152 [2]= 320 [3]= 468 [4]= 468 [5]= 468 [6]= 468 [7]= 468 [8]= 468 [9]= 468 [10]= 468 [11]= 468 [12]= 468 
key_index before (DPU 276) [0]=   0 [1]= 146 [2]= 293 [3]= 435 [4]= 435 [5]= 435 [6]= 435 [7]= 435 [8]= 435 [9]= 435 [10]= 435 [11]= 435 [12]= 435 
key_index before (DPU 277) [0]=   0 [1]= 153 [2]= 317 [3]= 476 [4]= 476 [5]= 476 [6]= 476 [7]= 476 [8]= 476 [9]= 476 [10]= 476 [11]= 476 [12]= 476 
key_index before (DPU 278) [0]=   0 [1]= 158 [2]= 305 [3]= 454 [4]= 454 [5]= 454 [6]= 454 [7]= 454 [8]= 454 [9]= 454 [10]= 454 [11]= 454 [12]= 454 
key_index before (DPU 279) [0]=   0 [1]= 125 [2]= 283 [3]= 429 [4]= 429 [5]= 429 [6]= 429 [7]= 429 [8]= 429 [9]= 429 [10]= 429 [11]= 429 [12]= 429 
key_index before (DPU 280) [0]=   0 [1]= 158 [2]= 288 [3]= 450 [4]= 450 [5]= 450 [6]= 450 [7]= 450 [8]= 450 [9]= 450 [10]= 450 [11]= 450 [12]= 450 
key_index before (DPU 281) [0]=   0 [1]= 125 [2]= 278 [3]= 448 [4]= 448 [5]= 448 [6]= 448 [7]= 448 [8]= 448 [9]= 448 [10]= 448 [11]= 448 [12]= 448 
key_index before (DPU 282) [0]=   0 [1]= 147 [2]= 282 [3]= 430 [4]= 430 [5]= 430 [6]= 430 [7]= 430 [8]= 430 [9]= 430 [10]= 430 [11]= 430 [12]= 430 
key_index before (DPU 283) [0]=   0 [1]= 130 [2]= 242 [3]= 400 [4]= 400 [5]= 400 [6]= 400 [7]= 400 [8]= 400 [9]= 400 [10]= 400 [11]= 400 [12]= 400 
key_index before (DPU 284) [0]=   0 [1]= 138 [2]= 274 [3]= 430 [4]= 430 [5]= 430 [6]= 430 [7]= 430 [8]= 430 [9]= 430 [10]= 430 [11]= 430 [12]= 430 
key_index before (DPU 285) [0]=   0 [1]= 136 [2]= 282 [3]= 399 [4]= 399 [5]= 399 [6]= 399 [7]= 399 [8]= 399 [9]= 399 [10]= 399 [11]= 399 [12]= 399 
key_index before (DPU 286) [0]=   0 [1]= 128 [2]= 274 [3]= 432 [4]= 432 [5]= 432 [6]= 432 [7]= 432 [8]= 432 [9]= 432 [10]= 432 [11]= 432 [12]= 432 
key_index before (DPU 287) [0]=   0 [1]= 123 [2]= 249 [3]= 396 [4]= 396 [5]= 396 [6]= 396 [7]= 396 [8]= 396 [9]= 396 [10]= 396 [11]= 396 [12]= 396 
key_index before (DPU 288) [0]=   0 [1]= 129 [2]= 272 [3]= 413 [4]= 413 [5]= 413 [6]= 413 [7]= 413 [8]= 413 [9]= 413 [10]= 413 [11]= 413 [12]= 413 
key_index before (DPU 289) [0]=   0 [1]= 141 [2]= 291 [3]= 448 [4]= 448 [5]= 448 [6]= 448 [7]= 448 [8]= 448 [9]= 448 [10]= 448 [11]= 448 [12]= 448 
key_index before (DPU 290) [0]=   0 [1]= 130 [2]= 253 [3]= 387 [4]= 387 [5]= 387 [6]= 387 [7]= 387 [8]= 387 [9]= 387 [10]= 387 [11]= 387 [12]= 387 
key_index before (DPU 291) [0]=   0 [1]= 130 [2]= 252 [3]= 390 [4]= 390 [5]= 390 [6]= 390 [7]= 390 [8]= 390 [9]= 390 [10]= 390 [11]= 390 [12]= 390 
key_index before (DPU 292) [0]=   0 [1]= 122 [2]= 248 [3]= 385 [4]= 385 [5]= 385 [6]= 385 [7]= 385 [8]= 385 [9]= 385 [10]= 385 [11]= 385 [12]= 385 
key_index before (DPU 293) [0]=   0 [1]= 127 [2]= 271 [3]= 412 [4]= 412 [5]= 412 [6]= 412 [7]= 412 [8]= 412 [9]= 412 [10]= 412 [11]= 412 [12]= 412 
key_index before (DPU 294) [0]=   0 [1]= 141 [2]= 272 [3]= 417 [4]= 417 [5]= 417 [6]= 417 [7]= 417 [8]= 417 [9]= 417 [10]= 417 [11]= 417 [12]= 417 
key_index before (DPU 295) [0]=   0 [1]= 148 [2]= 294 [3]= 425 [4]= 425 [5]= 425 [6]= 425 [7]= 425 [8]= 425 [9]= 425 [10]= 425 [11]= 425 [12]= 425 
key_index before (DPU 296) [0]=   0 [1]= 133 [2]= 252 [3]= 373 [4]= 373 [5]= 373 [6]= 373 [7]= 373 [8]= 373 [9]= 373 [10]= 373 [11]= 373 [12]= 373 
key_index before (DPU 297) [0]=   0 [1]= 157 [2]= 286 [3]= 423 [4]= 423 [5]= 423 [6]= 423 [7]= 423 [8]= 423 [9]= 423 [10]= 423 [11]= 423 [12]= 423 
key_index before (DPU 298) [0]=   0 [1]= 159 [2]= 310 [3]= 453 [4]= 453 [5]= 453 [6]= 453 [7]= 453 [8]= 453 [9]= 453 [10]= 453 [11]= 453 [12]= 453 
key_index before (DPU 299) [0]=   0 [1]= 116 [2]= 248 [3]= 394 [4]= 394 [5]= 394 [6]= 394 [7]= 394 [8]= 394 [9]= 394 [10]= 394 [11]= 394 [12]= 394 
key_index before (DPU 300) [0]=   0 [1]= 134 [2]= 272 [3]= 419 [4]= 419 [5]= 419 [6]= 419 [7]= 419 [8]= 419 [9]= 419 [10]= 419 [11]= 419 [12]= 419 
key_index before (DPU 301) [0]=   0 [1]= 141 [2]= 263 [3]= 405 [4]= 405 [5]= 405 [6]= 405 [7]= 405 [8]= 405 [9]= 405 [10]= 405 [11]= 405 [12]= 405 
key_index before (DPU 302) [0]=   0 [1]= 149 [2]= 289 [3]= 419 [4]= 419 [5]= 419 [6]= 419 [7]= 419 [8]= 419 [9]= 419 [10]= 419 [11]= 419 [12]= 419 
key_index before (DPU 303) [0]=   0 [1]= 153 [2]= 299 [3]= 438 [4]= 438 [5]= 438 [6]= 438 [7]= 438 [8]= 438 [9]= 438 [10]= 438 [11]= 438 [12]= 438 
key_index before (DPU 304) [0]=   0 [1]= 129 [2]= 256 [3]= 399 [4]= 399 [5]= 399 [6]= 399 [7]= 399 [8]= 399 [9]= 399 [10]= 399 [11]= 399 [12]= 399 
key_index before (DPU 305) [0]=   0 [1]= 126 [2]= 266 [3]= 406 [4]= 406 [5]= 406 [6]= 406 [7]= 406 [8]= 406 [9]= 406 [10]= 406 [11]= 406 [12]= 406 
key_index before (DPU 306) [0]=   0 [1]= 145 [2]= 253 [3]= 379 [4]= 379 [5]= 379 [6]= 379 [7]= 379 [8]= 379 [9]= 379 [10]= 379 [11]= 379 [12]= 379 
key_index before (DPU 307) [0]=   0 [1]= 133 [2]= 265 [3]= 405 [4]= 405 [5]= 405 [6]= 405 [7]= 405 [8]= 405 [9]= 405 [10]= 405 [11]= 405 [12]= 405 
key_index before (DPU 308) [0]=   0 [1]= 125 [2]= 253 [3]= 372 [4]= 372 [5]= 372 [6]= 372 [7]= 372 [8]= 372 [9]= 372 [10]= 372 [11]= 372 [12]= 372 
key_index before (DPU 309) [0]=   0 [1]= 161 [2]= 308 [3]= 458 [4]= 458 [5]= 458 [6]= 458 [7]= 458 [8]= 458 [9]= 458 [10]= 458 [11]= 458 [12]= 458 
key_index before (DPU 310) [0]=   0 [1]= 122 [2]= 255 [3]= 416 [4]= 416 [5]= 416 [6]= 416 [7]= 416 [8]= 416 [9]= 416 [10]= 416 [11]= 416 [12]= 416 
key_index before (DPU 311) [0]=   0 [1]= 133 [2]= 257 [3]= 386 [4]= 386 [5]= 386 [6]= 386 [7]= 386 [8]= 386 [9]= 386 [10]= 386 [11]= 386 [12]= 386 
key_index before (DPU 312) [0]=   0 [1]= 120 [2]= 245 [3]= 364 [4]= 364 [5]= 364 [6]= 364 [7]= 364 [8]= 364 [9]= 364 [10]= 364 [11]= 364 [12]= 364 
key_index before (DPU 313) [0]=   0 [1]= 143 [2]= 250 [3]= 351 [4]= 351 [5]= 351 [6]= 351 [7]= 351 [8]= 351 [9]= 351 [10]= 351 [11]= 351 [12]= 351 
key_index before (DPU 314) [0]=   0 [1]= 139 [2]= 285 [3]= 424 [4]= 424 [5]= 424 [6]= 424 [7]= 424 [8]= 424 [9]= 424 [10]= 424 [11]= 424 [12]= 424 
key_index before (DPU 315) [0]=   0 [1]= 132 [2]= 276 [3]= 400 [4]= 400 [5]= 400 [6]= 400 [7]= 400 [8]= 400 [9]= 400 [10]= 400 [11]= 400 [12]= 400 
key_index before (DPU 316) [0]=   0 [1]= 122 [2]= 252 [3]= 384 [4]= 384 [5]= 384 [6]= 384 [7]= 384 [8]= 384 [9]= 384 [10]= 384 [11]= 384 [12]= 384 
key_index before (DPU 317) [0]=   0 [1]= 120 [2]= 252 [3]= 384 [4]= 384 [5]= 384 [6]= 384 [7]= 384 [8]= 384 [9]= 384 [10]= 384 [11]= 384 [12]= 384 
key_index before (DPU 318) [0]=   0 [1]= 138 [2]= 272 [3]= 388 [4]= 388 [5]= 388 [6]= 388 [7]= 388 [8]= 388 [9]= 388 [10]= 388 [11]= 388 [12]= 388 
key_index before (DPU 319) [0]=   0 [1]= 121 [2]= 236 [3]= 365 [4]= 365 [5]= 365 [6]= 365 [7]= 365 [8]= 365 [9]= 365 [10]= 365 [11]= 365 [12]= 365 
key_index before (DPU 320) [0]=   0 [1]= 132 [2]= 266 [3]= 398 [4]= 398 [5]= 398 [6]= 398 [7]= 398 [8]= 398 [9]= 398 [10]= 398 [11]= 398 [12]= 398 
key_index before (DPU 321) [0]=   0 [1]= 125 [2]= 259 [3]= 388 [4]= 388 [5]= 388 [6]= 388 [7]= 388 [8]= 388 [9]= 388 [10]= 388 [11]= 388 [12]= 388 
key_index before (DPU 322) [0]=   0 [1]= 133 [2]= 266 [3]= 380 [4]= 380 [5]= 380 [6]= 380 [7]= 380 [8]= 380 [9]= 380 [10]= 380 [11]= 380 [12]= 380 
key_index before (DPU 323) [0]=   0 [1]= 120 [2]= 262 [3]= 385 [4]= 385 [5]= 385 [6]= 385 [7]= 385 [8]= 385 [9]= 385 [10]= 385 [11]= 385 [12]= 385 
key_index before (DPU 324) [0]=   0 [1]= 122 [2]= 218 [3]= 354 [4]= 354 [5]= 354 [6]= 354 [7]= 354 [8]= 354 [9]= 354 [10]= 354 [11]= 354 [12]= 354 
key_index before (DPU 325) [0]=   0 [1]= 119 [2]= 247 [3]= 388 [4]= 388 [5]= 388 [6]= 388 [7]= 388 [8]= 388 [9]= 388 [10]= 388 [11]= 388 [12]= 388 
key_index before (DPU 326) [0]=   0 [1]= 131 [2]= 241 [3]= 361 [4]= 361 [5]= 361 [6]= 361 [7]= 361 [8]= 361 [9]= 361 [10]= 361 [11]= 361 [12]= 361 
key_index before (DPU 327) [0]=   0 [1]= 122 [2]= 270 [3]= 390 [4]= 390 [5]= 390 [6]= 390 [7]= 390 [8]= 390 [9]= 390 [10]= 390 [11]= 390 [12]= 390 
key_index before (DPU 328) [0]=   0 [1]= 120 [2]= 252 [3]= 383 [4]= 383 [5]= 383 [6]= 383 [7]= 383 [8]= 383 [9]= 383 [10]= 383 [11]= 383 [12]= 383 
key_index before (DPU 329) [0]=   0 [1]= 128 [2]= 248 [3]= 366 [4]= 366 [5]= 366 [6]= 366 [7]= 366 [8]= 366 [9]= 366 [10]= 366 [11]= 366 [12]= 366 
key_index before (DPU 330) [0]=   0 [1]= 122 [2]= 241 [3]= 361 [4]= 361 [5]= 361 [6]= 361 [7]= 361 [8]= 361 [9]= 361 [10]= 361 [11]= 361 [12]= 361 
key_index before (DPU 331) [0]=   0 [1]= 120 [2]= 259 [3]= 385 [4]= 385 [5]= 385 [6]= 385 [7]= 385 [8]= 385 [9]= 385 [10]= 385 [11]= 385 [12]= 385 
key_index before (DPU 332) [0]=   0 [1]= 110 [2]= 243 [3]= 381 [4]= 381 [5]= 381 [6]= 381 [7]= 381 [8]= 381 [9]= 381 [10]= 381 [11]= 381 [12]= 381 
key_index before (DPU 333) [0]=   0 [1]=  94 [2]= 236 [3]= 353 [4]= 353 [5]= 353 [6]= 353 [7]= 353 [8]= 353 [9]= 353 [10]= 353 [11]= 353 [12]= 353 
key_index before (DPU 334) [0]=   0 [1]= 142 [2]= 253 [3]= 370 [4]= 370 [5]= 370 [6]= 370 [7]= 370 [8]= 370 [9]= 370 [10]= 370 [11]= 370 [12]= 370 
key_index before (DPU 335) [0]=   0 [1]= 130 [2]= 253 [3]= 356 [4]= 356 [5]= 356 [6]= 356 [7]= 356 [8]= 356 [9]= 356 [10]= 356 [11]= 356 [12]= 356 
key_index before (DPU 336) [0]=   0 [1]= 118 [2]= 225 [3]= 335 [4]= 335 [5]= 335 [6]= 335 [7]= 335 [8]= 335 [9]= 335 [10]= 335 [11]= 335 [12]= 335 
key_index before (DPU 337) [0]=   0 [1]= 130 [2]= 275 [3]= 377 [4]= 377 [5]= 377 [6]= 377 [7]= 377 [8]= 377 [9]= 377 [10]= 377 [11]= 377 [12]= 377 
key_index before (DPU 338) [0]=   0 [1]= 123 [2]= 228 [3]= 338 [4]= 338 [5]= 338 [6]= 338 [7]= 338 [8]= 338 [9]= 338 [10]= 338 [11]= 338 [12]= 338 
key_index before (DPU 339) [0]=   0 [1]= 116 [2]= 240 [3]= 369 [4]= 369 [5]= 369 [6]= 369 [7]= 369 [8]= 369 [9]= 369 [10]= 369 [11]= 369 [12]= 369 
key_index before (DPU 340) [0]=   0 [1]= 132 [2]= 251 [3]= 394 [4]= 394 [5]= 394 [6]= 394 [7]= 394 [8]= 394 [9]= 394 [10]= 394 [11]= 394 [12]= 394 
key_index before (DPU 341) [0]=   0 [1]= 105 [2]= 230 [3]= 338 [4]= 338 [5]= 338 [6]= 338 [7]= 338 [8]= 338 [9]= 338 [10]= 338 [11]= 338 [12]= 338 
key_index before (DPU 342) [0]=   0 [1]= 113 [2]= 240 [3]= 347 [4]= 347 [5]= 347 [6]= 347 [7]= 347 [8]= 347 [9]= 347 [10]= 347 [11]= 347 [12]= 347 
key_index before (DPU 343) [0]=   0 [1]= 126 [2]= 247 [3]= 361 [4]= 361 [5]= 361 [6]= 361 [7]= 361 [8]= 361 [9]= 361 [10]= 361 [11]= 361 [12]= 361 
key_index before (DPU 344) [0]=   0 [1]=  94 [2]= 206 [3]= 316 [4]= 316 [5]= 316 [6]= 316 [7]= 316 [8]= 316 [9]= 316 [10]= 316 [11]= 316 [12]= 316 
key_index before (DPU 345) [0]=   0 [1]= 124 [2]= 226 [3]= 341 [4]= 341 [5]= 341 [6]= 341 [7]= 341 [8]= 341 [9]= 341 [10]= 341 [11]= 341 [12]= 341 
key_index before (DPU 346) [0]=   0 [1]= 131 [2]= 223 [3]= 342 [4]= 342 [5]= 342 [6]= 342 [7]= 342 [8]= 342 [9]= 342 [10]= 342 [11]= 342 [12]= 342 
key_index before (DPU 347) [0]=   0 [1]= 120 [2]= 218 [3]= 326 [4]= 326 [5]= 326 [6]= 326 [7]= 326 [8]= 326 [9]= 326 [10]= 326 [11]= 326 [12]= 326 
key_index before (DPU 348) [0]=   0 [1]= 123 [2]= 256 [3]= 363 [4]= 363 [5]= 363 [6]= 363 [7]= 363 [8]= 363 [9]= 363 [10]= 363 [11]= 363 [12]= 363 
key_index before (DPU 349) [0]=   0 [1]= 119 [2]= 230 [3]= 335 [4]= 335 [5]= 335 [6]= 335 [7]= 335 [8]= 335 [9]= 335 [10]= 335 [11]= 335 [12]= 335 
key_index before (DPU 350) [0]=   0 [1]= 111 [2]= 239 [3]= 344 [4]= 344 [5]= 344 [6]= 344 [7]= 344 [8]= 344 [9]= 344 [10]= 344 [11]= 344 [12]= 344 
key_index before (DPU 351) [0]=   0 [1]= 113 [2]= 232 [3]= 353 [4]= 353 [5]= 353 [6]= 353 [7]= 353 [8]= 353 [9]= 353 [10]= 353 [11]= 353 [12]= 353 
key_index before (DPU 352) [0]=   0 [1]=  92 [2]= 212 [3]= 321 [4]= 321 [5]= 321 [6]= 321 [7]= 321 [8]= 321 [9]= 321 [10]= 321 [11]= 321 [12]= 321 
key_index before (DPU 353) [0]=   0 [1]= 102 [2]= 208 [3]= 333 [4]= 333 [5]= 333 [6]= 333 [7]= 333 [8]= 333 [9]= 333 [10]= 333 [11]= 333 [12]= 333 
key_index before (DPU 354) [0]=   0 [1]= 127 [2]= 229 [3]= 342 [4]= 342 [5]= 342 [6]= 342 [7]= 342 [8]= 342 [9]= 342 [10]= 342 [11]= 342 [12]= 342 
key_index before (DPU 355) [0]=   0 [1]= 125 [2]= 236 [3]= 357 [4]= 357 [5]= 357 [6]= 357 [7]= 357 [8]= 357 [9]= 357 [10]= 357 [11]= 357 [12]= 357 
key_index before (DPU 356) [0]=   0 [1]=  93 [2]= 188 [3]= 309 [4]= 309 [5]= 309 [6]= 309 [7]= 309 [8]= 309 [9]= 309 [10]= 309 [11]= 309 [12]= 309 
key_index before (DPU 357) [0]=   0 [1]= 116 [2]= 225 [3]= 338 [4]= 338 [5]= 338 [6]= 338 [7]= 338 [8]= 338 [9]= 338 [10]= 338 [11]= 338 [12]= 338 
key_index before (DPU 358) [0]=   0 [1]=  96 [2]= 212 [3]= 321 [4]= 321 [5]= 321 [6]= 321 [7]= 321 [8]= 321 [9]= 321 [10]= 321 [11]= 321 [12]= 321 
key_index before (DPU 359) [0]=   0 [1]= 110 [2]= 219 [3]= 329 [4]= 329 [5]= 329 [6]= 329 [7]= 329 [8]= 329 [9]= 329 [10]= 329 [11]= 329 [12]= 329 
key_index before (DPU 360) [0]=   0 [1]= 106 [2]= 228 [3]= 346 [4]= 346 [5]= 346 [6]= 346 [7]= 346 [8]= 346 [9]= 346 [10]= 346 [11]= 346 [12]= 346 
key_index before (DPU 361) [0]=   0 [1]= 118 [2]= 239 [3]= 343 [4]= 343 [5]= 343 [6]= 343 [7]= 343 [8]= 343 [9]= 343 [10]= 343 [11]= 343 [12]= 343 
key_index before (DPU 362) [0]=   0 [1]=  95 [2]= 214 [3]= 329 [4]= 329 [5]= 329 [6]= 329 [7]= 329 [8]= 329 [9]= 329 [10]= 329 [11]= 329 [12]= 329 
key_index before (DPU 363) [0]=   0 [1]= 100 [2]= 216 [3]= 349 [4]= 349 [5]= 349 [6]= 349 [7]= 349 [8]= 349 [9]= 349 [10]= 349 [11]= 349 [12]= 349 
key_index before (DPU 364) [0]=   0 [1]= 109 [2]= 213 [3]= 315 [4]= 315 [5]= 315 [6]= 315 [7]= 315 [8]= 315 [9]= 315 [10]= 315 [11]= 315 [12]= 315 
key_index before (DPU 365) [0]=   0 [1]= 116 [2]= 229 [3]= 340 [4]= 340 [5]= 340 [6]= 340 [7]= 340 [8]= 340 [9]= 340 [10]= 340 [11]= 340 [12]= 340 
key_index before (DPU 366) [0]=   0 [1]= 137 [2]= 265 [3]= 374 [4]= 374 [5]= 374 [6]= 374 [7]= 374 [8]= 374 [9]= 374 [10]= 374 [11]= 374 [12]= 374 
key_index before (DPU 367) [0]=   0 [1]= 114 [2]= 233 [3]= 320 [4]= 320 [5]= 320 [6]= 320 [7]= 320 [8]= 320 [9]= 320 [10]= 320 [11]= 320 [12]= 320 
key_index before (DPU 368) [0]=   0 [1]=  95 [2]= 209 [3]= 300 [4]= 300 [5]= 300 [6]= 300 [7]= 300 [8]= 300 [9]= 300 [10]= 300 [11]= 300 [12]= 300 
key_index before (DPU 369) [0]=   0 [1]= 121 [2]= 260 [3]= 379 [4]= 379 [5]= 379 [6]= 379 [7]= 379 [8]= 379 [9]= 379 [10]= 379 [11]= 379 [12]= 379 
key_index before (DPU 370) [0]=   0 [1]= 136 [2]= 253 [3]= 369 [4]= 369 [5]= 369 [6]= 369 [7]= 369 [8]= 369 [9]= 369 [10]= 369 [11]= 369 [12]= 369 
key_index before (DPU 371) [0]=   0 [1]= 118 [2]= 222 [3]= 334 [4]= 334 [5]= 334 [6]= 334 [7]= 334 [8]= 334 [9]= 334 [10]= 334 [11]= 334 [12]= 334 
key_index before (DPU 372) [0]=   0 [1]= 106 [2]= 210 [3]= 330 [4]= 330 [5]= 330 [6]= 330 [7]= 330 [8]= 330 [9]= 330 [10]= 330 [11]= 330 [12]= 330 
key_index before (DPU 373) [0]=   0 [1]= 100 [2]= 199 [3]= 325 [4]= 325 [5]= 325 [6]= 325 [7]= 325 [8]= 325 [9]= 325 [10]= 325 [11]= 325 [12]= 325 
key_index before (DPU 374) [0]=   0 [1]=  92 [2]= 184 [3]= 295 [4]= 295 [5]= 295 [6]= 295 [7]= 295 [8]= 295 [9]= 295 [10]= 295 [11]= 295 [12]= 295 
key_index before (DPU 375) [0]=   0 [1]=  94 [2]= 199 [3]= 309 [4]= 309 [5]= 309 [6]= 309 [7]= 309 [8]= 309 [9]= 309 [10]= 309 [11]= 309 [12]= 309 
key_index before (DPU 376) [0]=   0 [1]= 106 [2]= 205 [3]= 314 [4]= 314 [5]= 314 [6]= 314 [7]= 314 [8]= 314 [9]= 314 [10]= 314 [11]= 314 [12]= 314 
key_index before (DPU 377) [0]=   0 [1]=  94 [2]= 216 [3]= 339 [4]= 339 [5]= 339 [6]= 339 [7]= 339 [8]= 339 [9]= 339 [10]= 339 [11]= 339 [12]= 339 
key_index before (DPU 378) [0]=   0 [1]= 105 [2]= 206 [3]= 326 [4]= 326 [5]= 326 [6]= 326 [7]= 326 [8]= 326 [9]= 326 [10]= 326 [11]= 326 [12]= 326 
key_index before (DPU 379) [0]=   0 [1]= 104 [2]= 205 [3]= 308 [4]= 308 [5]= 308 [6]= 308 [7]= 308 [8]= 308 [9]= 308 [10]= 308 [11]= 308 [12]= 308 
key_index before (DPU 380) [0]=   0 [1]= 118 [2]= 199 [3]= 302 [4]= 302 [5]= 302 [6]= 302 [7]= 302 [8]= 302 [9]= 302 [10]= 302 [11]= 302 [12]= 302 
key_index before (DPU 381) [0]=   0 [1]= 108 [2]= 214 [3]= 306 [4]= 306 [5]= 306 [6]= 306 [7]= 306 [8]= 306 [9]= 306 [10]= 306 [11]= 306 [12]= 306 
key_index before (DPU 382) [0]=   0 [1]= 101 [2]= 197 [3]= 316 [4]= 316 [5]= 316 [6]= 316 [7]= 316 [8]= 316 [9]= 316 [10]= 316 [11]= 316 [12]= 316 
key_index before (DPU 383) [0]=   0 [1]= 106 [2]= 190 [3]= 310 [4]= 310 [5]= 310 [6]= 310 [7]= 310 [8]= 310 [9]= 310 [10]= 310 [11]= 310 [12]= 310 
key_index before (DPU 384) [0]=   0 [1]= 112 [2]= 225 [3]= 338 [4]= 338 [5]= 338 [6]= 338 [7]= 338 [8]= 338 [9]= 338 [10]= 338 [11]= 338 [12]= 338 
key_index before (DPU 385) [0]=   0 [1]= 107 [2]= 210 [3]= 308 [4]= 308 [5]= 308 [6]= 308 [7]= 308 [8]= 308 [9]= 308 [10]= 308 [11]= 308 [12]= 308 
key_index before (DPU 386) [0]=   0 [1]= 112 [2]= 223 [3]= 317 [4]= 317 [5]= 317 [6]= 317 [7]= 317 [8]= 317 [9]= 317 [10]= 317 [11]= 317 [12]= 317 
key_index before (DPU 387) [0]=   0 [1]= 104 [2]= 220 [3]= 321 [4]= 321 [5]= 321 [6]= 321 [7]= 321 [8]= 321 [9]= 321 [10]= 321 [11]= 321 [12]= 321 
key_index before (DPU 388) [0]=   0 [1]= 104 [2]= 215 [3]= 339 [4]= 339 [5]= 339 [6]= 339 [7]= 339 [8]= 339 [9]= 339 [10]= 339 [11]= 339 [12]= 339 
key_index before (DPU 389) [0]=   0 [1]=  94 [2]= 199 [3]= 305 [4]= 305 [5]= 305 [6]= 305 [7]= 305 [8]= 305 [9]= 305 [10]= 305 [11]= 305 [12]= 305 
key_index before (DPU 390) [0]=   0 [1]= 102 [2]= 212 [3]= 317 [4]= 317 [5]= 317 [6]= 317 [7]= 317 [8]= 317 [9]= 317 [10]= 317 [11]= 317 [12]= 317 
key_index before (DPU 391) [0]=   0 [1]= 128 [2]= 241 [3]= 347 [4]= 347 [5]= 347 [6]= 347 [7]= 347 [8]= 347 [9]= 347 [10]= 347 [11]= 347 [12]= 347 
key_index before (DPU 392) [0]=   0 [1]=  90 [2]= 194 [3]= 311 [4]= 311 [5]= 311 [6]= 311 [7]= 311 [8]= 311 [9]= 311 [10]= 311 [11]= 311 [12]= 311 
key_index before (DPU 393) [0]=   0 [1]= 100 [2]= 201 [3]= 319 [4]= 319 [5]= 319 [6]= 319 [7]= 319 [8]= 319 [9]= 319 [10]= 319 [11]= 319 [12]= 319 
key_index before (DPU 394) [0]=   0 [1]=  83 [2]= 176 [3]= 283 [4]= 283 [5]= 283 [6]= 283 [7]= 283 [8]= 283 [9]= 283 [10]= 283 [11]= 283 [12]= 283 
key_index before (DPU 395) [0]=   0 [1]= 108 [2]= 227 [3]= 336 [4]= 336 [5]= 336 [6]= 336 [7]= 336 [8]= 336 [9]= 336 [10]= 336 [11]= 336 [12]= 336 
key_index before (DPU 396) [0]=   0 [1]=  97 [2]= 203 [3]= 308 [4]= 308 [5]= 308 [6]= 308 [7]= 308 [8]= 308 [9]= 308 [10]= 308 [11]= 308 [12]= 308 
key_index before (DPU 397) [0]=   0 [1]= 102 [2]= 196 [3]= 289 [4]= 289 [5]= 289 [6]= 289 [7]= 289 [8]= 289 [9]= 289 [10]= 289 [11]= 289 [12]= 289 
key_index before (DPU 398) [0]=   0 [1]= 125 [2]= 209 [3]= 316 [4]= 316 [5]= 316 [6]= 316 [7]= 316 [8]= 316 [9]= 316 [10]= 316 [11]= 316 [12]= 316 
key_index before (DPU 399) [0]=   0 [1]=  99 [2]= 199 [3]= 315 [4]= 315 [5]= 315 [6]= 315 [7]= 315 [8]= 315 [9]= 315 [10]= 315 [11]= 315 [12]= 315 
key_index before (DPU 400) [0]=   0 [1]= 109 [2]= 230 [3]= 348 [4]= 348 [5]= 348 [6]= 348 [7]= 348 [8]= 348 [9]= 348 [10]= 348 [11]= 348 [12]= 348 
key_index before (DPU 401) [0]=   0 [1]= 109 [2]= 202 [3]= 303 [4]= 303 [5]= 303 [6]= 303 [7]= 303 [8]= 303 [9]= 303 [10]= 303 [11]= 303 [12]= 303 
key_index before (DPU 402) [0]=   0 [1]= 105 [2]= 227 [3]= 342 [4]= 342 [5]= 342 [6]= 342 [7]= 342 [8]= 342 [9]= 342 [10]= 342 [11]= 342 [12]= 342 
key_index before (DPU 403) [0]=   0 [1]= 116 [2]= 217 [3]= 302 [4]= 302 [5]= 302 [6]= 302 [7]= 302 [8]= 302 [9]= 302 [10]= 302 [11]= 302 [12]= 302 
key_index before (DPU 404) [0]=   0 [1]= 111 [2]= 191 [3]= 283 [4]= 283 [5]= 283 [6]= 283 [7]= 283 [8]= 283 [9]= 283 [10]= 283 [11]= 283 [12]= 283 
key_index before (DPU 405) [0]=   0 [1]=  88 [2]= 190 [3]= 293 [4]= 293 [5]= 293 [6]= 293 [7]= 293 [8]= 293 [9]= 293 [10]= 293 [11]= 293 [12]= 293 
key_index before (DPU 406) [0]=   0 [1]= 105 [2]= 225 [3]= 322 [4]= 322 [5]= 322 [6]= 322 [7]= 322 [8]= 322 [9]= 322 [10]= 322 [11]= 322 [12]= 322 
key_index before (DPU 407) [0]=   0 [1]= 115 [2]= 228 [3]= 321 [4]= 321 [5]= 321 [6]= 321 [7]= 321 [8]= 321 [9]= 321 [10]= 321 [11]= 321 [12]= 321 
key_index before (DPU 408) [0]=   0 [1]= 117 [2]= 231 [3]= 329 [4]= 329 [5]= 329 [6]= 329 [7]= 329 [8]= 329 [9]= 329 [10]= 329 [11]= 329 [12]= 329 
key_index before (DPU 409) [0]=   0 [1]=  98 [2]= 183 [3]= 279 [4]= 279 [5]= 279 [6]= 279 [7]= 279 [8]= 279 [9]= 279 [10]= 279 [11]= 279 [12]= 279 
key_index before (DPU 410) [0]=   0 [1]= 110 [2]= 205 [3]= 288 [4]= 288 [5]= 288 [6]= 288 [7]= 288 [8]= 288 [9]= 288 [10]= 288 [11]= 288 [12]= 288 
key_index before (DPU 411) [0]=   0 [1]= 108 [2]= 218 [3]= 320 [4]= 320 [5]= 320 [6]= 320 [7]= 320 [8]= 320 [9]= 320 [10]= 320 [11]= 320 [12]= 320 
key_index before (DPU 412) [0]=   0 [1]= 117 [2]= 227 [3]= 316 [4]= 316 [5]= 316 [6]= 316 [7]= 316 [8]= 316 [9]= 316 [10]= 316 [11]= 316 [12]= 316 
key_index before (DPU 413) [0]=   0 [1]=  86 [2]= 175 [3]= 285 [4]= 285 [5]= 285 [6]= 285 [7]= 285 [8]= 285 [9]= 285 [10]= 285 [11]= 285 [12]= 285 
key_index before (DPU 414) [0]=   0 [1]= 109 [2]= 212 [3]= 297 [4]= 297 [5]= 297 [6]= 297 [7]= 297 [8]= 297 [9]= 297 [10]= 297 [11]= 297 [12]= 297 
key_index before (DPU 415) [0]=   0 [1]=  98 [2]= 196 [3]= 306 [4]= 306 [5]= 306 [6]= 306 [7]= 306 [8]= 306 [9]= 306 [10]= 306 [11]= 306 [12]= 306 
key_index before (DPU 416) [0]=   0 [1]=  81 [2]= 183 [3]= 258 [4]= 258 [5]= 258 [6]= 258 [7]= 258 [8]= 258 [9]= 258 [10]= 258 [11]= 258 [12]= 258 
key_index before (DPU 417) [0]=   0 [1]= 106 [2]= 200 [3]= 297 [4]= 297 [5]= 297 [6]= 297 [7]= 297 [8]= 297 [9]= 297 [10]= 297 [11]= 297 [12]= 297 
key_index before (DPU 418) [0]=   0 [1]= 122 [2]= 210 [3]= 325 [4]= 325 [5]= 325 [6]= 325 [7]= 325 [8]= 325 [9]= 325 [10]= 325 [11]= 325 [12]= 325 
key_index before (DPU 419) [0]=   0 [1]=  81 [2]= 169 [3]= 266 [4]= 266 [5]= 266 [6]= 266 [7]= 266 [8]= 266 [9]= 266 [10]= 266 [11]= 266 [12]= 266 
key_index before (DPU 420) [0]=   0 [1]= 103 [2]= 192 [3]= 300 [4]= 300 [5]= 300 [6]= 300 [7]= 300 [8]= 300 [9]= 300 [10]= 300 [11]= 300 [12]= 300 
key_index before (DPU 421) [0]=   0 [1]=  91 [2]= 192 [3]= 294 [4]= 294 [5]= 294 [6]= 294 [7]= 294 [8]= 294 [9]= 294 [10]= 294 [11]= 294 [12]= 294 
key_index before (DPU 422) [0]=   0 [1]= 107 [2]= 206 [3]= 302 [4]= 302 [5]= 302 [6]= 302 [7]= 302 [8]= 302 [9]= 302 [10]= 302 [11]= 302 [12]= 302 
key_index before (DPU 423) [0]=   0 [1]=  88 [2]= 175 [3]= 279 [4]= 279 [5]= 279 [6]= 279 [7]= 279 [8]= 279 [9]= 279 [10]= 279 [11]= 279 [12]= 279 
key_index before (DPU 424) [0]=   0 [1]=  83 [2]= 176 [3]= 258 [4]= 258 [5]= 258 [6]= 258 [7]= 258 [8]= 258 [9]= 258 [10]= 258 [11]= 258 [12]= 258 
key_index before (DPU 425) [0]=   0 [1]= 105 [2]= 207 [3]= 311 [4]= 311 [5]= 311 [6]= 311 [7]= 311 [8]= 311 [9]= 311 [10]= 311 [11]= 311 [12]= 311 
key_index before (DPU 426) [0]=   0 [1]= 106 [2]= 199 [3]= 281 [4]= 281 [5]= 281 [6]= 281 [7]= 281 [8]= 281 [9]= 281 [10]= 281 [11]= 281 [12]= 281 
key_index before (DPU 427) [0]=   0 [1]= 105 [2]= 189 [3]= 277 [4]= 277 [5]= 277 [6]= 277 [7]= 277 [8]= 277 [9]= 277 [10]= 277 [11]= 277 [12]= 277 
key_index before (DPU 428) [0]=   0 [1]=  86 [2]= 181 [3]= 271 [4]= 271 [5]= 271 [6]= 271 [7]= 271 [8]= 271 [9]= 271 [10]= 271 [11]= 271 [12]= 271 
key_index before (DPU 429) [0]=   0 [1]=  93 [2]= 199 [3]= 296 [4]= 296 [5]= 296 [6]= 296 [7]= 296 [8]= 296 [9]= 296 [10]= 296 [11]= 296 [12]= 296 
key_index before (DPU 430) [0]=   0 [1]= 101 [2]= 195 [3]= 294 [4]= 294 [5]= 294 [6]= 294 [7]= 294 [8]= 294 [9]= 294 [10]= 294 [11]= 294 [12]= 294 
key_index before (DPU 431) [0]=   0 [1]=  88 [2]= 174 [3]= 262 [4]= 262 [5]= 262 [6]= 262 [7]= 262 [8]= 262 [9]= 262 [10]= 262 [11]= 262 [12]= 262 
key_index before (DPU 432) [0]=   0 [1]=  92 [2]= 175 [3]= 270 [4]= 270 [5]= 270 [6]= 270 [7]= 270 [8]= 270 [9]= 270 [10]= 270 [11]= 270 [12]= 270 
key_index before (DPU 433) [0]=   0 [1]=  93 [2]= 182 [3]= 276 [4]= 276 [5]= 276 [6]= 276 [7]= 276 [8]= 276 [9]= 276 [10]= 276 [11]= 276 [12]= 276 
key_index before (DPU 434) [0]=   0 [1]= 100 [2]= 181 [3]= 287 [4]= 287 [5]= 287 [6]= 287 [7]= 287 [8]= 287 [9]= 287 [10]= 287 [11]= 287 [12]= 287 
key_index before (DPU 435) [0]=   0 [1]=  87 [2]= 190 [3]= 287 [4]= 287 [5]= 287 [6]= 287 [7]= 287 [8]= 287 [9]= 287 [10]= 287 [11]= 287 [12]= 287 
key_index before (DPU 436) [0]=   0 [1]=  96 [2]= 187 [3]= 264 [4]= 264 [5]= 264 [6]= 264 [7]= 264 [8]= 264 [9]= 264 [10]= 264 [11]= 264 [12]= 264 
key_index before (DPU 437) [0]=   0 [1]= 103 [2]= 206 [3]= 302 [4]= 302 [5]= 302 [6]= 302 [7]= 302 [8]= 302 [9]= 302 [10]= 302 [11]= 302 [12]= 302 
key_index before (DPU 438) [0]=   0 [1]=  94 [2]= 178 [3]= 272 [4]= 272 [5]= 272 [6]= 272 [7]= 272 [8]= 272 [9]= 272 [10]= 272 [11]= 272 [12]= 272 
key_index before (DPU 439) [0]=   0 [1]=  78 [2]= 179 [3]= 287 [4]= 287 [5]= 287 [6]= 287 [7]= 287 [8]= 287 [9]= 287 [10]= 287 [11]= 287 [12]= 287 
key_index before (DPU 440) [0]=   0 [1]= 101 [2]= 197 [3]= 299 [4]= 299 [5]= 299 [6]= 299 [7]= 299 [8]= 299 [9]= 299 [10]= 299 [11]= 299 [12]= 299 
key_index before (DPU 441) [0]=   0 [1]= 101 [2]= 196 [3]= 268 [4]= 268 [5]= 268 [6]= 268 [7]= 268 [8]= 268 [9]= 268 [10]= 268 [11]= 268 [12]= 268 
key_index before (DPU 442) [0]=   0 [1]=  97 [2]= 190 [3]= 275 [4]= 275 [5]= 275 [6]= 275 [7]= 275 [8]= 275 [9]= 275 [10]= 275 [11]= 275 [12]= 275 
key_index before (DPU 443) [0]=   0 [1]=  88 [2]= 182 [3]= 269 [4]= 269 [5]= 269 [6]= 269 [7]= 269 [8]= 269 [9]= 269 [10]= 269 [11]= 269 [12]= 269 
key_index before (DPU 444) [0]=   0 [1]= 100 [2]= 194 [3]= 271 [4]= 271 [5]= 271 [6]= 271 [7]= 271 [8]= 271 [9]= 271 [10]= 271 [11]= 271 [12]= 271 
key_index before (DPU 445) [0]=   0 [1]=  95 [2]= 198 [3]= 271 [4]= 271 [5]= 271 [6]= 271 [7]= 271 [8]= 271 [9]= 271 [10]= 271 [11]= 271 [12]= 271 
key_index before (DPU 446) [0]=   0 [1]=   0 [2]=   0 [3]=   0 [4]=139115 [5]=139115 [6]=139115 [7]=139115 [8]=139115 [9]=139115 [10]=139115 [11]=139115 [12]=139115 
key_index before (DPU 447) [0]=   0 [1]=  89 [2]= 164 [3]= 258 [4]= 258 [5]= 258 [6]= 258 [7]= 258 [8]= 258 [9]= 258 [10]= 258 [11]= 258 [12]= 258 
key_index before (DPU 448) [0]=   0 [1]= 100 [2]= 190 [3]= 278 [4]= 278 [5]= 278 [6]= 278 [7]= 278 [8]= 278 [9]= 278 [10]= 278 [11]= 278 [12]= 278 
key_index before (DPU 449) [0]=   0 [1]=   0 [2]=  84 [3]=  84 [4]=21464 [5]=21464 [6]=21464 [7]=21464 [8]=21464 [9]=21464 [10]=21464 [11]=21464 [12]=21464 
key_index before (DPU 450) [0]=   0 [1]=  88 [2]= 211 [3]= 319 [4]= 319 [5]= 319 [6]= 319 [7]= 319 [8]= 319 [9]= 319 [10]= 319 [11]= 319 [12]= 319 
key_index before (DPU 451) [0]=   0 [1]=  93 [2]= 195 [3]= 286 [4]= 286 [5]= 286 [6]= 286 [7]= 286 [8]= 286 [9]= 286 [10]= 286 [11]= 286 [12]= 286 
key_index before (DPU 452) [0]=   0 [1]=  89 [2]= 188 [3]= 272 [4]= 272 [5]= 272 [6]= 272 [7]= 272 [8]= 272 [9]= 272 [10]= 272 [11]= 272 [12]= 272 
key_index before (DPU 453) [0]=   0 [1]=  79 [2]= 178 [3]= 273 [4]= 273 [5]= 273 [6]= 273 [7]= 273 [8]= 273 [9]= 273 [10]= 273 [11]= 273 [12]= 273 
key_index before (DPU 454) [0]=   0 [1]=  92 [2]= 186 [3]= 278 [4]= 278 [5]= 278 [6]= 278 [7]= 278 [8]= 278 [9]= 278 [10]= 278 [11]= 278 [12]= 278 
key_index before (DPU 455) [0]=   0 [1]= 104 [2]= 180 [3]= 274 [4]= 274 [5]= 274 [6]= 274 [7]= 274 [8]= 274 [9]= 274 [10]= 274 [11]= 274 [12]= 274 
key_index before (DPU 456) [0]=   0 [1]=  92 [2]= 187 [3]= 280 [4]= 280 [5]= 280 [6]= 280 [7]= 280 [8]= 280 [9]= 280 [10]= 280 [11]= 280 [12]= 280 
key_index before (DPU 457) [0]=   0 [1]=  87 [2]= 172 [3]= 249 [4]=6649 [5]=6649 [6]=6649 [7]=6649 [8]=6649 [9]=6649 [10]=6649 [11]=6649 [12]=6649 
key_index before (DPU 458) [0]=   0 [1]=  92 [2]= 177 [3]= 283 [4]= 283 [5]= 283 [6]= 283 [7]= 283 [8]= 283 [9]= 283 [10]= 283 [11]= 283 [12]= 283 
key_index before (DPU 459) [0]=   0 [1]=  85 [2]= 174 [3]= 242 [4]=12563 [5]=12563 [6]=12563 [7]=12563 [8]=12563 [9]=12563 [10]=12563 [11]=12563 [12]=12563 
key_index before (DPU 460) [0]=   0 [1]=  93 [2]= 179 [3]= 273 [4]= 273 [5]= 273 [6]= 273 [7]= 273 [8]= 273 [9]= 273 [10]= 273 [11]= 273 [12]= 273 
key_index before (DPU 461) [0]=   0 [1]=  83 [2]= 181 [3]= 275 [4]= 373 [5]= 373 [6]= 373 [7]= 373 [8]= 373 [9]= 373 [10]= 373 [11]= 373 [12]= 373 
key_index before (DPU 462) [0]=   0 [1]=  94 [2]= 169 [3]= 272 [4]= 272 [5]= 272 [6]= 272 [7]= 272 [8]= 272 [9]= 272 [10]= 272 [11]= 272 [12]= 272 
key_index before (DPU 463) [0]=   0 [1]=  88 [2]= 168 [3]= 244 [4]= 344 [5]= 344 [6]= 344 [7]= 344 [8]= 344 [9]= 344 [10]= 344 [11]= 344 [12]= 344 
key_index before (DPU 464) [0]=   0 [1]=  85 [2]= 169 [3]= 253 [4]=5810 [5]=5810 [6]=5810 [7]=5810 [8]=5810 [9]=5810 [10]=5810 [11]=5810 [12]=5810 
key_index before (DPU 465) [0]=   0 [1]=  76 [2]= 163 [3]= 256 [4]= 256 [5]= 256 [6]= 256 [7]= 256 [8]= 256 [9]= 256 [10]= 256 [11]= 256 [12]= 256 
key_index before (DPU 466) [0]=   0 [1]=  92 [2]= 175 [3]= 279 [4]= 279 [5]= 279 [6]= 279 [7]= 279 [8]= 279 [9]= 279 [10]= 279 [11]= 279 [12]= 279 
key_index before (DPU 467) [0]=   0 [1]=  87 [2]= 182 [3]= 280 [4]= 280 [5]= 280 [6]= 280 [7]= 280 [8]= 280 [9]= 280 [10]= 280 [11]= 280 [12]= 280 
key_index before (DPU 468) [0]=   0 [1]=  93 [2]= 169 [3]= 268 [4]= 268 [5]= 268 [6]= 268 [7]= 268 [8]= 268 [9]= 268 [10]= 268 [11]= 268 [12]= 268 
key_index before (DPU 469) [0]=   0 [1]=  76 [2]= 160 [3]= 237 [4]= 314 [5]= 314 [6]= 314 [7]= 314 [8]= 314 [9]= 314 [10]= 314 [11]= 314 [12]= 314 
key_index before (DPU 470) [0]=   0 [1]=  82 [2]=  82 [3]= 180 [4]=17941 [5]=17941 [6]=17941 [7]=17941 [8]=17941 [9]=17941 [10]=17941 [11]=17941 [12]=17941 
key_index before (DPU 471) [0]=   0 [1]=  99 [2]= 195 [3]= 277 [4]= 277 [5]= 277 [6]= 277 [7]= 277 [8]= 277 [9]= 277 [10]= 277 [11]= 277 [12]= 277 
key_index before (DPU 472) [0]=   0 [1]=  80 [2]= 165 [3]= 260 [4]= 260 [5]= 260 [6]= 260 [7]= 260 [8]= 260 [9]= 260 [10]= 260 [11]= 260 [12]= 260 
key_index before (DPU 473) [0]=   0 [1]=  89 [2]= 178 [3]= 256 [4]= 256 [5]= 256 [6]= 256 [7]= 256 [8]= 256 [9]= 256 [10]= 256 [11]= 256 [12]= 256 
key_index before (DPU 474) [0]=   0 [1]= 105 [2]= 185 [3]= 264 [4]= 264 [5]= 264 [6]= 264 [7]= 264 [8]= 264 [9]= 264 [10]= 264 [11]= 264 [12]= 264 
key_index before (DPU 475) [0]=   0 [1]=  66 [2]= 151 [3]= 248 [4]=8511 [5]=8511 [6]=8511 [7]=8511 [8]=8511 [9]=8511 [10]=8511 [11]=8511 [12]=8511 
key_index before (DPU 476) [0]=   0 [1]=  78 [2]= 163 [3]= 257 [4]= 328 [5]= 328 [6]= 328 [7]= 328 [8]= 328 [9]= 328 [10]= 328 [11]= 328 [12]= 328 
key_index before (DPU 477) [0]=   0 [1]=  86 [2]= 187 [3]= 264 [4]= 264 [5]= 264 [6]= 264 [7]= 264 [8]= 264 [9]= 264 [10]= 264 [11]= 264 [12]= 264 
key_index before (DPU 478) [0]=   0 [1]= 108 [2]= 205 [3]= 296 [4]= 381 [5]= 381 [6]= 381 [7]= 381 [8]= 381 [9]= 381 [10]= 381 [11]= 381 [12]= 381 
key_index before (DPU 479) [0]=   0 [1]=  97 [2]= 186 [3]= 270 [4]= 270 [5]= 270 [6]= 270 [7]= 270 [8]= 270 [9]= 270 [10]= 270 [11]= 270 [12]= 270 
key_index before (DPU 480) [0]=   0 [1]=  81 [2]= 169 [3]= 264 [4]= 264 [5]= 264 [6]= 264 [7]= 264 [8]= 264 [9]= 264 [10]= 264 [11]= 264 [12]= 264 
key_index before (DPU 481) [0]=   0 [1]=   0 [2]=   0 [3]=   0 [4]=33046 [5]=33046 [6]=33046 [7]=33046 [8]=33046 [9]=33046 [10]=33046 [11]=33046 [12]=33046 
key_index before (DPU 482) [0]=   0 [1]=  97 [2]= 175 [3]= 260 [4]= 260 [5]= 260 [6]= 260 [7]= 260 [8]= 260 [9]= 260 [10]= 260 [11]= 260 [12]= 260 
key_index before (DPU 483) [0]=   0 [1]=  83 [2]= 168 [3]= 245 [4]= 333 [5]= 333 [6]= 333 [7]= 333 [8]= 333 [9]= 333 [10]= 333 [11]= 333 [12]= 333 
key_index before (DPU 484) [0]=   0 [1]=  85 [2]= 189 [3]= 280 [4]= 280 [5]= 280 [6]= 280 [7]= 280 [8]= 280 [9]= 280 [10]= 280 [11]= 280 [12]= 280 
key_index before (DPU 485) [0]=   0 [1]=  92 [2]= 170 [3]= 261 [4]= 358 [5]= 358 [6]= 358 [7]= 358 [8]= 358 [9]= 358 [10]= 358 [11]= 358 [12]= 358 
key_index before (DPU 486) [0]=   0 [1]=  86 [2]= 179 [3]= 277 [4]= 277 [5]= 277 [6]= 277 [7]= 277 [8]= 277 [9]= 277 [10]= 277 [11]= 277 [12]= 277 
key_index before (DPU 487) [0]=   0 [1]=  85 [2]= 174 [3]= 262 [4]= 262 [5]= 262 [6]= 262 [7]= 262 [8]= 262 [9]= 262 [10]= 262 [11]= 262 [12]= 262 
key_index before (DPU 488) [0]=   0 [1]=  83 [2]= 180 [3]= 264 [4]= 264 [5]= 264 [6]= 264 [7]= 264 [8]= 264 [9]= 264 [10]= 264 [11]= 264 [12]= 264 
key_index before (DPU 489) [0]=   0 [1]=  94 [2]= 175 [3]= 259 [4]= 259 [5]= 259 [6]= 259 [7]= 259 [8]= 259 [9]= 259 [10]= 259 [11]= 259 [12]= 259 
key_index before (DPU 490) [0]=   0 [1]=  96 [2]= 177 [3]= 262 [4]= 361 [5]= 361 [6]= 361 [7]= 361 [8]= 361 [9]= 361 [10]= 361 [11]= 361 [12]= 361 
key_index before (DPU 491) [0]=   0 [1]=  86 [2]= 169 [3]= 262 [4]=10492 [5]=10492 [6]=10492 [7]=10492 [8]=10492 [9]=10492 [10]=10492 [11]=10492 [12]=10492 
key_index before (DPU 492) [0]=   0 [1]=  83 [2]= 158 [3]= 243 [4]= 331 [5]= 331 [6]= 331 [7]= 331 [8]= 331 [9]= 331 [10]= 331 [11]= 331 [12]= 331 
key_index before (DPU 493) [0]=   0 [1]=  90 [2]= 166 [3]= 239 [4]=7805 [5]=7805 [6]=7805 [7]=7805 [8]=7805 [9]=7805 [10]=7805 [11]=7805 [12]=7805 
key_index before (DPU 494) [0]=   0 [1]=  89 [2]= 162 [3]= 242 [4]= 334 [5]= 334 [6]= 334 [7]= 334 [8]= 334 [9]= 334 [10]= 334 [11]= 334 [12]= 334 
key_index before (DPU 495) [0]=   0 [1]=  85 [2]= 157 [3]= 222 [4]=9770 [5]=9770 [6]=9770 [7]=9770 [8]=9770 [9]=9770 [10]=9770 [11]=9770 [12]=9770 
key_index before (DPU 496) [0]=   0 [1]=  92 [2]= 189 [3]= 260 [4]=13917 [5]=13917 [6]=13917 [7]=13917 [8]=13917 [9]=13917 [10]=13917 [11]=13917 [12]=13917 
key_index before (DPU 497) [0]=   0 [1]=  77 [2]= 164 [3]= 240 [4]= 340 [5]= 340 [6]= 340 [7]= 340 [8]= 340 [9]= 340 [10]= 340 [11]= 340 [12]= 340 
key_index before (DPU 498) [0]=   0 [1]=  88 [2]= 172 [3]= 254 [4]= 320 [5]= 320 [6]= 320 [7]= 320 [8]= 320 [9]= 320 [10]= 320 [11]= 320 [12]= 320 
key_index before (DPU 499) [0]=   0 [1]=   0 [2]=   0 [3]=   0 [4]=47846 [5]=47846 [6]=47846 [7]=47846 [8]=47846 [9]=47846 [10]=47846 [11]=47846 [12]=47846 
before (DPU 0) [0]=   0 [1]=71789 [2]=   0 [3]=   0 [4]=   0 [5]=   0 [6]=   0 [7]=   0 [8]=   0 [9]=   0 [10]=   0 [11]=   0 
after  (DPU 0) [0]=   0 [1]=71789 [2]=   0 [3]=   0 [4]=   0 [5]=   0 [6]=   0 [7]=   0 [8]=   0 [9]=   0 [10]=   0 [11]=   0 
before (DPU 1) [0]=   0 [1]=25829 [2]=   0 [3]=   0 [4]=   0 [5]=   0 [6]=   0 [7]=   0 [8]=   0 [9]=   0 [10]=   0 [11]=   0 
after  (DPU 1) [0]=   0 [1]=25829 [2]=   0 [3]=   0 [4]=   0 [5]=   0 [6]=   0 [7]=   0 [8]=   0 [9]=   0 [10]=   0 [11]=   0 
before (DPU 2) [0]=   0 [1]=15657 [2]=   0 [3]=   0 [4]=   0 [5]=   0 [6]=   0 [7]=   0 [8]=   0 [9]=   0 [10]=   0 [11]=   0 
after  (DPU 2) [0]=   0 [1]=15657 [2]=   0 [3]=   0 [4]=   0 [5]=   0 [6]=   0 [7]=   0 [8]=   0 [9]=   0 [10]=   0 [11]=   0 
before (DPU 3) [0]=   0 [1]=11085 [2]=   0 [3]=   0 [4]=   0 [5]=   0 [6]=   0 [7]=   0 [8]=   0 [9]=   0 [10]=   0 [11]=   0 
after  (DPU 3) [0]=   0 [1]=11085 [2]=   0 [3]=   0 [4]=   0 [5]=   0 [6]=   0 [7]=   0 [8]=   0 [9]=   0 [10]=   0 [11]=   0 
before (DPU 4) [0]=   0 [1]=8689 [2]=8263 [3]=   0 [4]=   0 [5]=   0 [6]=   0 [7]=   0 [8]=   0 [9]=   0 [10]=   0 [11]=   0 
after  (DPU 4) [0]=   0 [1]=8689 [2]=   0 [3]=   0 [4]=   0 [5]=   0 [6]=   0 [7]=   0 [8]=   0 [9]=   0 [10]=   0 [11]=   0 
before (DPU 5) [0]=   0 [1]=7206 [2]=6751 [3]=   0 [4]=   0 [5]=   0 [6]=   0 [7]=   0 [8]=   0 [9]=   0 [10]=   0 [11]=   0 
after  (DPU 5) [0]=   0 [1]=7206 [2]=6751 [3]=   0 [4]=   0 [5]=   0 [6]=   0 [7]=   0 [8]=   0 [9]=   0 [10]=   0 [11]=   0 
before (DPU 6) [0]=   0 [1]=6053 [2]=5771 [3]=   0 [4]=   0 [5]=   0 [6]=   0 [7]=   0 [8]=   0 [9]=   0 [10]=   0 [11]=   0 
after  (DPU 6) [0]=   0 [1]=6053 [2]=5771 [3]=   0 [4]=   0 [5]=   0 [6]=   0 [7]=   0 [8]=   0 [9]=   0 [10]=   0 [11]=   0 
before (DPU 7) [0]=5557 [1]=5191 [2]=4885 [3]=   0 [4]=   0 [5]=   0 [6]=   0 [7]=   0 [8]=   0 [9]=   0 [10]=   0 [11]=   0 
after  (DPU 7) [0]=   0 [1]=5191 [2]=4885 [3]=   0 [4]=   0 [5]=   0 [6]=   0 [7]=   0 [8]=   0 [9]=   0 [10]=   0 [11]=   0 
before (DPU 8) [0]=4790 [1]=4628 [2]=4449 [3]=   0 [4]=   0 [5]=   0 [6]=   0 [7]=   0 [8]=   0 [9]=   0 [10]=   0 [11]=   0 
after  (DPU 8) [0]=4790 [1]=4628 [2]=4449 [3]=   0 [4]=   0 [5]=   0 [6]=   0 [7]=   0 [8]=   0 [9]=   0 [10]=   0 [11]=   0 
before (DPU 9) [0]=4432 [1]=4104 [2]=3939 [3]=   0 [4]=   0 [5]=   0 [6]=   0 [7]=   0 [8]=   0 [9]=   0 [10]=   0 [11]=   0 
after  (DPU 9) [0]=4432 [1]=4104 [2]=3939 [3]=   0 [4]=   0 [5]=   0 [6]=   0 [7]=   0 [8]=   0 [9]=   0 [10]=   0 [11]=   0 
before (DPU 10) [0]=3847 [1]=3798 [2]=3579 [3]=   0 [4]=   0 [5]=   0 [6]=   0 [7]=   0 [8]=   0 [9]=   0 [10]=   0 [11]=   0 
after  (DPU 10) [0]=3847 [1]=3798 [2]=3579 [3]=   0 [4]=   0 [5]=   0 [6]=   0 [7]=   0 [8]=   0 [9]=   0 [10]=   0 [11]=   0 
before (DPU 11) [0]=3566 [1]=3428 [2]=3312 [3]=   0 [4]=   0 [5]=   0 [6]=   0 [7]=   0 [8]=   0 [9]=   0 [10]=   0 [11]=   0 
after  (DPU 11) [0]=3566 [1]=3428 [2]=3312 [3]=   0 [4]=   0 [5]=   0 [6]=   0 [7]=   0 [8]=   0 [9]=   0 [10]=   0 [11]=   0 
before (DPU 12) [0]=3317 [1]=3231 [2]=3040 [3]=   0 [4]=   0 [5]=   0 [6]=   0 [7]=   0 [8]=   0 [9]=   0 [10]=   0 [11]=   0 
after  (DPU 12) [0]=3317 [1]=3231 [2]=3040 [3]=   0 [4]=   0 [5]=   0 [6]=   0 [7]=   0 [8]=   0 [9]=   0 [10]=   0 [11]=   0 
before (DPU 13) [0]=2996 [1]=2916 [2]=2867 [3]=   0 [4]=   0 [5]=   0 [6]=   0 [7]=   0 [8]=   0 [9]=   0 [10]=   0 [11]=   0 
after  (DPU 13) [0]=2996 [1]=2916 [2]=2867 [3]=   0 [4]=   0 [5]=   0 [6]=   0 [7]=   0 [8]=   0 [9]=   0 [10]=   0 [11]=   0 
before (DPU 14) [0]=2803 [1]=2782 [2]=2671 [3]=   0 [4]=   0 [5]=   0 [6]=   0 [7]=   0 [8]=   0 [9]=   0 [10]=   0 [11]=   0 
after  (DPU 14) [0]=2803 [1]=2782 [2]=2671 [3]=   0 [4]=   0 [5]=   0 [6]=   0 [7]=   0 [8]=   0 [9]=   0 [10]=   0 [11]=   0 
before (DPU 15) [0]=2613 [1]=2543 [2]=2531 [3]=   0 [4]=   0 [5]=   0 [6]=   0 [7]=   0 [8]=   0 [9]=   0 [10]=   0 [11]=   0 
after  (DPU 15) [0]=2613 [1]=2543 [2]=2531 [3]=   0 [4]=   0 [5]=   0 [6]=   0 [7]=   0 [8]=   0 [9]=   0 [10]=   0 [11]=   0 
before (DPU 16) [0]=2417 [1]=2454 [2]=2341 [3]=   0 [4]=   0 [5]=   0 [6]=   0 [7]=   0 [8]=   0 [9]=   0 [10]=   0 [11]=   0 
after  (DPU 16) [0]=2417 [1]=2454 [2]=2341 [3]=   0 [4]=   0 [5]=   0 [6]=   0 [7]=   0 [8]=   0 [9]=   0 [10]=   0 [11]=   0 
before (DPU 17) [0]=2238 [1]=2213 [2]=2180 [3]=   0 [4]=   0 [5]=   0 [6]=   0 [7]=   0 [8]=   0 [9]=   0 [10]=   0 [11]=   0 
after  (DPU 17) [0]=2238 [1]=2213 [2]=2180 [3]=   0 [4]=   0 [5]=   0 [6]=   0 [7]=   0 [8]=   0 [9]=   0 [10]=   0 [11]=   0 
before (DPU 18) [0]=2231 [1]=2072 [2]=2053 [3]=   0 [4]=   0 [5]=   0 [6]=   0 [7]=   0 [8]=   0 [9]=   0 [10]=   0 [11]=   0 
after  (DPU 18) [0]=2231 [1]=2072 [2]=2053 [3]=   0 [4]=   0 [5]=   0 [6]=   0 [7]=   0 [8]=   0 [9]=   0 [10]=   0 [11]=   0 
before (DPU 19) [0]=2101 [1]=2025 [2]=1964 [3]=   0 [4]=   0 [5]=   0 [6]=   0 [7]=   0 [8]=   0 [9]=   0 [10]=   0 [11]=   0 
after  (DPU 19) [0]=2101 [1]=2025 [2]=1964 [3]=   0 [4]=   0 [5]=   0 [6]=   0 [7]=   0 [8]=   0 [9]=   0 [10]=   0 [11]=   0 
before (DPU 20) [0]=1934 [1]=1852 [2]=1805 [3]=   0 [4]=   0 [5]=   0 [6]=   0 [7]=   0 [8]=   0 [9]=   0 [10]=   0 [11]=   0 
after  (DPU 20) [0]=1934 [1]=1852 [2]=1805 [3]=   0 [4]=   0 [5]=   0 [6]=   0 [7]=   0 [8]=   0 [9]=   0 [10]=   0 [11]=   0 
before (DPU 21) [0]=1828 [1]=1874 [2]=1916 [3]=   0 [4]=   0 [5]=   0 [6]=   0 [7]=   0 [8]=   0 [9]=   0 [10]=   0 [11]=   0 
after  (DPU 21) [0]=1828 [1]=1874 [2]=1916 [3]=   0 [4]=   0 [5]=   0 [6]=   0 [7]=   0 [8]=   0 [9]=   0 [10]=   0 [11]=   0 
before (DPU 22) [0]=1802 [1]=1726 [2]=1765 [3]=   0 [4]=   0 [5]=   0 [6]=   0 [7]=   0 [8]=   0 [9]=   0 [10]=   0 [11]=   0 
after  (DPU 22) [0]=1802 [1]=1726 [2]=1765 [3]=   0 [4]=   0 [5]=   0 [6]=   0 [7]=   0 [8]=   0 [9]=   0 [10]=   0 [11]=   0 
before (DPU 23) [0]=1680 [1]=1694 [2]=1736 [3]=   0 [4]=   0 [5]=   0 [6]=   0 [7]=   0 [8]=   0 [9]=   0 [10]=   0 [11]=   0 
after  (DPU 23) [0]=1680 [1]=1694 [2]=1736 [3]=   0 [4]=   0 [5]=   0 [6]=   0 [7]=   0 [8]=   0 [9]=   0 [10]=   0 [11]=   0 
before (DPU 24) [0]=1677 [1]=1645 [2]=1650 [3]=   0 [4]=   0 [5]=   0 [6]=   0 [7]=   0 [8]=   0 [9]=   0 [10]=   0 [11]=   0 
after  (DPU 24) [0]=1677 [1]=1645 [2]=1650 [3]=   0 [4]=   0 [5]=   0 [6]=   0 [7]=   0 [8]=   0 [9]=   0 [10]=   0 [11]=   0 
before (DPU 25) [0]=1636 [1]=1603 [2]=1549 [3]=   0 [4]=   0 [5]=   0 [6]=   0 [7]=   0 [8]=   0 [9]=   0 [10]=   0 [11]=   0 
after  (DPU 25) [0]=1636 [1]=1603 [2]=1549 [3]=   0 [4]=   0 [5]=   0 [6]=   0 [7]=   0 [8]=   0 [9]=   0 [10]=   0 [11]=   0 
before (DPU 26) [0]=1563 [1]=1503 [2]=1473 [3]=   0 [4]=   0 [5]=   0 [6]=   0 [7]=   0 [8]=   0 [9]=   0 [10]=   0 [11]=   0 
after  (DPU 26) [0]=1563 [1]=1503 [2]=1473 [3]=   0 [4]=   0 [5]=   0 [6]=   0 [7]=   0 [8]=   0 [9]=   0 [10]=   0 [11]=   0 
before (DPU 27) [0]=1469 [1]=1497 [2]=1467 [3]=   0 [4]=   0 [5]=   0 [6]=   0 [7]=   0 [8]=   0 [9]=   0 [10]=   0 [11]=   0 
after  (DPU 27) [0]=1469 [1]=1497 [2]=1467 [3]=   0 [4]=   0 [5]=   0 [6]=   0 [7]=   0 [8]=   0 [9]=   0 [10]=   0 [11]=   0 
before (DPU 28) [0]=1406 [1]=1383 [2]=1381 [3]=   0 [4]=   0 [5]=   0 [6]=   0 [7]=   0 [8]=   0 [9]=   0 [10]=   0 [11]=   0 
after  (DPU 28) [0]=1406 [1]=1383 [2]=1381 [3]=   0 [4]=   0 [5]=   0 [6]=   0 [7]=   0 [8]=   0 [9]=   0 [10]=   0 [11]=   0 
before (DPU 29) [0]=1395 [1]=1368 [2]=1329 [3]=   0 [4]=   0 [5]=   0 [6]=   0 [7]=   0 [8]=   0 [9]=   0 [10]=   0 [11]=   0 
after  (DPU 29) [0]=1395 [1]=1368 [2]=1329 [3]=   0 [4]=   0 [5]=   0 [6]=   0 [7]=   0 [8]=   0 [9]=   0 [10]=   0 [11]=   0 
before (DPU 30) [0]=1260 [1]=1284 [2]=1292 [3]=   0 [4]=   0 [5]=   0 [6]=   0 [7]=   0 [8]=   0 [9]=   0 [10]=   0 [11]=   0 
after  (DPU 30) [0]=1260 [1]=1284 [2]=1292 [3]=   0 [4]=   0 [5]=   0 [6]=   0 [7]=   0 [8]=   0 [9]=   0 [10]=   0 [11]=   0 
before (DPU 31) [0]=1311 [1]=1222 [2]=1245 [3]=   0 [4]=   0 [5]=   0 [6]=   0 [7]=   0 [8]=   0 [9]=   0 [10]=   0 [11]=   0 
after  (DPU 31) [0]=1311 [1]=1222 [2]=1245 [3]=   0 [4]=   0 [5]=   0 [6]=   0 [7]=   0 [8]=   0 [9]=   0 [10]=   0 [11]=   0 
before (DPU 32) [0]=1185 [1]=1197 [2]=1236 [3]=   0 [4]=   0 [5]=   0 [6]=   0 [7]=   0 [8]=   0 [9]=   0 [10]=   0 [11]=   0 
after  (DPU 32) [0]=1185 [1]=1197 [2]=1236 [3]=   0 [4]=   0 [5]=   0 [6]=   0 [7]=   0 [8]=   0 [9]=   0 [10]=   0 [11]=   0 
before (DPU 33) [0]=1229 [1]=1216 [2]=1152 [3]=   0 [4]=   0 [5]=   0 [6]=   0 [7]=   0 [8]=   0 [9]=   0 [10]=   0 [11]=   0 
after  (DPU 33) [0]=1229 [1]=1216 [2]=1152 [3]=   0 [4]=   0 [5]=   0 [6]=   0 [7]=   0 [8]=   0 [9]=   0 [10]=   0 [11]=   0 
before (DPU 34) [0]=1114 [1]=1150 [2]=1155 [3]=   0 [4]=   0 [5]=   0 [6]=   0 [7]=   0 [8]=   0 [9]=   0 [10]=   0 [11]=   0 
after  (DPU 34) [0]=1114 [1]=1150 [2]=1155 [3]=   0 [4]=   0 [5]=   0 [6]=   0 [7]=   0 [8]=   0 [9]=   0 [10]=   0 [11]=   0 
before (DPU 35) [0]=1135 [1]=1116 [2]=1134 [3]=   0 [4]=   0 [5]=   0 [6]=   0 [7]=   0 [8]=   0 [9]=   0 [10]=   0 [11]=   0 
after  (DPU 35) [0]=1135 [1]=1116 [2]=1134 [3]=   0 [4]=   0 [5]=   0 [6]=   0 [7]=   0 [8]=   0 [9]=   0 [10]=   0 [11]=   0 
before (DPU 36) [0]=1121 [1]=1027 [2]=1049 [3]=   0 [4]=   0 [5]=   0 [6]=   0 [7]=   0 [8]=   0 [9]=   0 [10]=   0 [11]=   0 
after  (DPU 36) [0]=1121 [1]=1027 [2]=1049 [3]=   0 [4]=   0 [5]=   0 [6]=   0 [7]=   0 [8]=   0 [9]=   0 [10]=   0 [11]=   0 
before (DPU 37) [0]=1137 [1]=1108 [2]=1004 [3]=   0 [4]=   0 [5]=   0 [6]=   0 [7]=   0 [8]=   0 [9]=   0 [10]=   0 [11]=   0 
after  (DPU 37) [0]=1137 [1]=1108 [2]=1004 [3]=   0 [4]=   0 [5]=   0 [6]=   0 [7]=   0 [8]=   0 [9]=   0 [10]=   0 [11]=   0 
before (DPU 38) [0]=1103 [1]=1073 [2]=1033 [3]=   0 [4]=   0 [5]=   0 [6]=   0 [7]=   0 [8]=   0 [9]=   0 [10]=   0 [11]=   0 
after  (DPU 38) [0]=1103 [1]=1073 [2]=1033 [3]=   0 [4]=   0 [5]=   0 [6]=   0 [7]=   0 [8]=   0 [9]=   0 [10]=   0 [11]=   0 
before (DPU 39) [0]=1000 [1]=1014 [2]=1050 [3]=   0 [4]=   0 [5]=   0 [6]=   0 [7]=   0 [8]=   0 [9]=   0 [10]=   0 [11]=   0 
after  (DPU 39) [0]=1000 [1]=1014 [2]=1050 [3]=   0 [4]=   0 [5]=   0 [6]=   0 [7]=   0 [8]=   0 [9]=   0 [10]=   0 [11]=   0 
before (DPU 40) [0]= 989 [1]=1004 [2]=1028 [3]=   0 [4]=   0 [5]=   0 [6]=   0 [7]=   0 [8]=   0 [9]=   0 [10]=   0 [11]=   0 
after  (DPU 40) [0]= 989 [1]=1004 [2]=1028 [3]=   0 [4]=   0 [5]=   0 [6]=   0 [7]=   0 [8]=   0 [9]=   0 [10]=   0 [11]=   0 
before (DPU 41) [0]= 922 [1]=1038 [2]= 970 [3]=   0 [4]=   0 [5]=   0 [6]=   0 [7]=   0 [8]=   0 [9]=   0 [10]=   0 [11]=   0 
after  (DPU 41) [0]= 922 [1]=1038 [2]= 970 [3]=   0 [4]=   0 [5]=   0 [6]=   0 [7]=   0 [8]=   0 [9]=   0 [10]=   0 [11]=   0 
before (DPU 42) [0]= 925 [1]= 895 [2]= 987 [3]=   0 [4]=   0 [5]=   0 [6]=   0 [7]=   0 [8]=   0 [9]=   0 [10]=   0 [11]=   0 
after  (DPU 42) [0]= 925 [1]= 895 [2]= 987 [3]=   0 [4]=   0 [5]=   0 [6]=   0 [7]=   0 [8]=   0 [9]=   0 [10]=   0 [11]=   0 
before (DPU 43) [0]= 945 [1]= 904 [2]= 925 [3]=   0 [4]=   0 [5]=   0 [6]=   0 [7]=   0 [8]=   0 [9]=   0 [10]=   0 [11]=   0 
after  (DPU 43) [0]= 945 [1]= 904 [2]= 925 [3]=   0 [4]=   0 [5]=   0 [6]=   0 [7]=   0 [8]=   0 [9]=   0 [10]=   0 [11]=   0 
before (DPU 44) [0]= 881 [1]= 905 [2]= 884 [3]=   0 [4]=   0 [5]=   0 [6]=   0 [7]=   0 [8]=   0 [9]=   0 [10]=   0 [11]=   0 
after  (DPU 44) [0]= 881 [1]= 905 [2]= 884 [3]=   0 [4]=   0 [5]=   0 [6]=   0 [7]=   0 [8]=   0 [9]=   0 [10]=   0 [11]=   0 
before (DPU 45) [0]= 889 [1]= 901 [2]= 878 [3]=   0 [4]=   0 [5]=   0 [6]=   0 [7]=   0 [8]=   0 [9]=   0 [10]=   0 [11]=   0 
after  (DPU 45) [0]= 889 [1]= 901 [2]= 878 [3]=   0 [4]=   0 [5]=   0 [6]=   0 [7]=   0 [8]=   0 [9]=   0 [10]=   0 [11]=   0 
before (DPU 46) [0]= 829 [1]= 869 [2]= 861 [3]=   0 [4]=   0 [5]=   0 [6]=   0 [7]=   0 [8]=   0 [9]=   0 [10]=   0 [11]=   0 
after  (DPU 46) [0]= 829 [1]= 869 [2]= 861 [3]=   0 [4]=   0 [5]=   0 [6]=   0 [7]=   0 [8]=   0 [9]=   0 [10]=   0 [11]=   0 
before (DPU 47) [0]= 892 [1]= 884 [2]= 793 [3]=   0 [4]=   0 [5]=   0 [6]=   0 [7]=   0 [8]=   0 [9]=   0 [10]=   0 [11]=   0 
after  (DPU 47) [0]= 892 [1]= 884 [2]= 793 [3]=   0 [4]=   0 [5]=   0 [6]=   0 [7]=   0 [8]=   0 [9]=   0 [10]=   0 [11]=   0 
before (DPU 48) [0]= 839 [1]= 861 [2]= 829 [3]=   0 [4]=   0 [5]=   0 [6]=   0 [7]=   0 [8]=   0 [9]=   0 [10]=   0 [11]=   0 
after  (DPU 48) [0]= 839 [1]= 861 [2]= 829 [3]=   0 [4]=   0 [5]=   0 [6]=   0 [7]=   0 [8]=   0 [9]=   0 [10]=   0 [11]=   0 
before (DPU 49) [0]= 792 [1]= 811 [2]= 843 [3]=   0 [4]=   0 [5]=   0 [6]=   0 [7]=   0 [8]=   0 [9]=   0 [10]=   0 [11]=   0 
after  (DPU 49) [0]= 792 [1]= 811 [2]= 843 [3]=   0 [4]=   0 [5]=   0 [6]=   0 [7]=   0 [8]=   0 [9]=   0 [10]=   0 [11]=   0 
before (DPU 50) [0]= 790 [1]= 792 [2]= 781 [3]=   0 [4]=   0 [5]=   0 [6]=   0 [7]=   0 [8]=   0 [9]=   0 [10]=   0 [11]=   0 
after  (DPU 50) [0]= 790 [1]= 792 [2]= 781 [3]=   0 [4]=   0 [5]=   0 [6]=   0 [7]=   0 [8]=   0 [9]=   0 [10]=   0 [11]=   0 
before (DPU 51) [0]= 823 [1]= 817 [2]= 786 [3]=   0 [4]=   0 [5]=   0 [6]=   0 [7]=   0 [8]=   0 [9]=   0 [10]=   0 [11]=   0 
after  (DPU 51) [0]= 823 [1]= 817 [2]= 786 [3]=   0 [4]=   0 [5]=   0 [6]=   0 [7]=   0 [8]=   0 [9]=   0 [10]=   0 [11]=   0 
before (DPU 52) [0]= 753 [1]= 823 [2]= 760 [3]=   0 [4]=   0 [5]=   0 [6]=   0 [7]=   0 [8]=   0 [9]=   0 [10]=   0 [11]=   0 
after  (DPU 52) [0]= 753 [1]= 823 [2]= 760 [3]=   0 [4]=   0 [5]=   0 [6]=   0 [7]=   0 [8]=   0 [9]=   0 [10]=   0 [11]=   0 
before (DPU 53) [0]= 727 [1]= 743 [2]= 729 [3]=   0 [4]=   0 [5]=   0 [6]=   0 [7]=   0 [8]=   0 [9]=   0 [10]=   0 [11]=   0 
after  (DPU 53) [0]= 727 [1]= 743 [2]= 729 [3]=   0 [4]=   0 [5]=   0 [6]=   0 [7]=   0 [8]=   0 [9]=   0 [10]=   0 [11]=   0 
before (DPU 54) [0]= 730 [1]= 724 [2]= 767 [3]=   0 [4]=   0 [5]=   0 [6]=   0 [7]=   0 [8]=   0 [9]=   0 [10]=   0 [11]=   0 
after  (DPU 54) [0]= 730 [1]= 724 [2]= 767 [3]=   0 [4]=   0 [5]=   0 [6]=   0 [7]=   0 [8]=   0 [9]=   0 [10]=   0 [11]=   0 
before (DPU 55) [0]= 666 [1]= 708 [2]= 694 [3]=   0 [4]=   0 [5]=   0 [6]=   0 [7]=   0 [8]=   0 [9]=   0 [10]=   0 [11]=   0 
after  (DPU 55) [0]= 666 [1]= 708 [2]= 694 [3]=   0 [4]=   0 [5]=   0 [6]=   0 [7]=   0 [8]=   0 [9]=   0 [10]=   0 [11]=   0 
before (DPU 56) [0]= 748 [1]= 692 [2]= 705 [3]=   0 [4]=   0 [5]=   0 [6]=   0 [7]=   0 [8]=   0 [9]=   0 [10]=   0 [11]=   0 
after  (DPU 56) [0]= 748 [1]= 692 [2]= 705 [3]=   0 [4]=   0 [5]=   0 [6]=   0 [7]=   0 [8]=   0 [9]=   0 [10]=   0 [11]=   0 
before (DPU 57) [0]= 651 [1]= 724 [2]= 710 [3]=   0 [4]=   0 [5]=   0 [6]=   0 [7]=   0 [8]=   0 [9]=   0 [10]=   0 [11]=   0 
after  (DPU 57) [0]= 651 [1]= 724 [2]= 710 [3]=   0 [4]=   0 [5]=   0 [6]=   0 [7]=   0 [8]=   0 [9]=   0 [10]=   0 [11]=   0 
before (DPU 58) [0]= 675 [1]= 666 [2]= 662 [3]=   0 [4]=   0 [5]=   0 [6]=   0 [7]=   0 [8]=   0 [9]=   0 [10]=   0 [11]=   0 
after  (DPU 58) [0]= 675 [1]= 666 [2]= 662 [3]=   0 [4]=   0 [5]=   0 [6]=   0 [7]=   0 [8]=   0 [9]=   0 [10]=   0 [11]=   0 
before (DPU 59) [0]= 696 [1]= 699 [2]= 679 [3]=   0 [4]=   0 [5]=   0 [6]=   0 [7]=   0 [8]=   0 [9]=   0 [10]=   0 [11]=   0 
after  (DPU 59) [0]= 696 [1]= 699 [2]= 679 [3]=   0 [4]=   0 [5]=   0 [6]=   0 [7]=   0 [8]=   0 [9]=   0 [10]=   0 [11]=   0 
before (DPU 60) [0]= 678 [1]= 640 [2]= 659 [3]=   0 [4]=   0 [5]=   0 [6]=   0 [7]=   0 [8]=   0 [9]=   0 [10]=   0 [11]=   0 
after  (DPU 60) [0]= 678 [1]= 640 [2]= 659 [3]=   0 [4]=   0 [5]=   0 [6]=   0 [7]=   0 [8]=   0 [9]=   0 [10]=   0 [11]=   0 
before (DPU 61) [0]= 662 [1]= 622 [2]= 648 [3]=   0 [4]=   0 [5]=   0 [6]=   0 [7]=   0 [8]=   0 [9]=   0 [10]=   0 [11]=   0 
after  (DPU 61) [0]= 662 [1]= 622 [2]= 648 [3]=   0 [4]=   0 [5]=   0 [6]=   0 [7]=   0 [8]=   0 [9]=   0 [10]=   0 [11]=   0 
before (DPU 62) [0]= 673 [1]= 667 [2]= 602 [3]=   0 [4]=   0 [5]=   0 [6]=   0 [7]=   0 [8]=   0 [9]=   0 [10]=   0 [11]=   0 
after  (DPU 62) [0]= 673 [1]= 667 [2]= 602 [3]=   0 [4]=   0 [5]=   0 [6]=   0 [7]=   0 [8]=   0 [9]=   0 [10]=   0 [11]=   0 
before (DPU 63) [0]= 705 [1]= 637 [2]= 556 [3]=   0 [4]=   0 [5]=   0 [6]=   0 [7]=   0 [8]=   0 [9]=   0 [10]=   0 [11]=   0 
after  (DPU 63) [0]= 705 [1]= 637 [2]= 556 [3]=   0 [4]=   0 [5]=   0 [6]=   0 [7]=   0 [8]=   0 [9]=   0 [10]=   0 [11]=   0 
before (DPU 64) [0]= 580 [1]= 638 [2]= 659 [3]=   0 [4]=   0 [5]=   0 [6]=   0 [7]=   0 [8]=   0 [9]=   0 [10]=   0 [11]=   0 
after  (DPU 64) [0]= 580 [1]= 638 [2]= 659 [3]=   0 [4]=   0 [5]=   0 [6]=   0 [7]=   0 [8]=   0 [9]=   0 [10]=   0 [11]=   0 
before (DPU 65) [0]= 614 [1]= 635 [2]= 584 [3]=   0 [4]=   0 [5]=   0 [6]=   0 [7]=   0 [8]=   0 [9]=   0 [10]=   0 [11]=   0 
after  (DPU 65) [0]= 614 [1]= 635 [2]= 584 [3]=   0 [4]=   0 [5]=   0 [6]=   0 [7]=   0 [8]=   0 [9]=   0 [10]=   0 [11]=   0 
before (DPU 66) [0]= 633 [1]= 607 [2]= 601 [3]=   0 [4]=   0 [5]=   0 [6]=   0 [7]=   0 [8]=   0 [9]=   0 [10]=   0 [11]=   0 
after  (DPU 66) [0]= 633 [1]= 607 [2]= 601 [3]=   0 [4]=   0 [5]=   0 [6]=   0 [7]=   0 [8]=   0 [9]=   0 [10]=   0 [11]=   0 
before (DPU 67) [0]= 579 [1]= 615 [2]= 574 [3]=   0 [4]=   0 [5]=   0 [6]=   0 [7]=   0 [8]=   0 [9]=   0 [10]=   0 [11]=   0 
after  (DPU 67) [0]= 579 [1]= 615 [2]= 574 [3]=   0 [4]=   0 [5]=   0 [6]=   0 [7]=   0 [8]=   0 [9]=   0 [10]=   0 [11]=   0 
before (DPU 68) [0]= 563 [1]= 602 [2]= 574 [3]=   0 [4]=   0 [5]=   0 [6]=   0 [7]=   0 [8]=   0 [9]=   0 [10]=   0 [11]=   0 
after  (DPU 68) [0]= 563 [1]= 602 [2]= 574 [3]=   0 [4]=   0 [5]=   0 [6]=   0 [7]=   0 [8]=   0 [9]=   0 [10]=   0 [11]=   0 
before (DPU 69) [0]= 600 [1]= 600 [2]= 538 [3]=   0 [4]=   0 [5]=   0 [6]=   0 [7]=   0 [8]=   0 [9]=   0 [10]=   0 [11]=   0 
after  (DPU 69) [0]= 600 [1]= 600 [2]= 538 [3]=   0 [4]=   0 [5]=   0 [6]=   0 [7]=   0 [8]=   0 [9]=   0 [10]=   0 [11]=   0 
before (DPU 70) [0]= 536 [1]= 571 [2]= 592 [3]=   0 [4]=   0 [5]=   0 [6]=   0 [7]=   0 [8]=   0 [9]=   0 [10]=   0 [11]=   0 
after  (DPU 70) [0]= 536 [1]= 571 [2]= 592 [3]=   0 [4]=   0 [5]=   0 [6]=   0 [7]=   0 [8]=   0 [9]=   0 [10]=   0 [11]=   0 
before (DPU 71) [0]= 598 [1]= 539 [2]= 580 [3]=   0 [4]=   0 [5]=   0 [6]=   0 [7]=   0 [8]=   0 [9]=   0 [10]=   0 [11]=   0 
after  (DPU 71) [0]= 598 [1]= 539 [2]= 580 [3]=   0 [4]=   0 [5]=   0 [6]=   0 [7]=   0 [8]=   0 [9]=   0 [10]=   0 [11]=   0 
before (DPU 72) [0]= 554 [1]= 553 [2]= 570 [3]=   0 [4]=   0 [5]=   0 [6]=   0 [7]=   0 [8]=   0 [9]=   0 [10]=   0 [11]=   0 
after  (DPU 72) [0]= 554 [1]= 553 [2]= 570 [3]=   0 [4]=   0 [5]=   0 [6]=   0 [7]=   0 [8]=   0 [9]=   0 [10]=   0 [11]=   0 
before (DPU 73) [0]= 540 [1]= 533 [2]= 535 [3]=   0 [4]=   0 [5]=   0 [6]=   0 [7]=   0 [8]=   0 [9]=   0 [10]=   0 [11]=   0 
after  (DPU 73) [0]= 540 [1]= 533 [2]= 535 [3]=   0 [4]=   0 [5]=   0 [6]=   0 [7]=   0 [8]=   0 [9]=   0 [10]=   0 [11]=   0 
before (DPU 74) [0]= 569 [1]= 519 [2]= 541 [3]=   0 [4]=   0 [5]=   0 [6]=   0 [7]=   0 [8]=   0 [9]=   0 [10]=   0 [11]=   0 
after  (DPU 74) [0]= 569 [1]= 519 [2]= 541 [3]=   0 [4]=   0 [5]=   0 [6]=   0 [7]=   0 [8]=   0 [9]=   0 [10]=   0 [11]=   0 
before (DPU 75) [0]= 511 [1]= 518 [2]= 560 [3]=   0 [4]=   0 [5]=   0 [6]=   0 [7]=   0 [8]=   0 [9]=   0 [10]=   0 [11]=   0 
after  (DPU 75) [0]= 511 [1]= 518 [2]= 560 [3]=   0 [4]=   0 [5]=   0 [6]=   0 [7]=   0 [8]=   0 [9]=   0 [10]=   0 [11]=   0 
before (DPU 76) [0]= 543 [1]= 515 [2]= 520 [3]=   0 [4]=   0 [5]=   0 [6]=   0 [7]=   0 [8]=   0 [9]=   0 [10]=   0 [11]=   0 
after  (DPU 76) [0]= 543 [1]= 515 [2]= 520 [3]=   0 [4]=   0 [5]=   0 [6]=   0 [7]=   0 [8]=   0 [9]=   0 [10]=   0 [11]=   0 
before (DPU 77) [0]= 538 [1]= 456 [2]= 473 [3]=   0 [4]=   0 [5]=   0 [6]=   0 [7]=   0 [8]=   0 [9]=   0 [10]=   0 [11]=   0 
after  (DPU 77) [0]= 538 [1]= 456 [2]= 473 [3]=   0 [4]=   0 [5]=   0 [6]=   0 [7]=   0 [8]=   0 [9]=   0 [10]=   0 [11]=   0 
before (DPU 78) [0]= 484 [1]= 522 [2]= 498 [3]=   0 [4]=   0 [5]=   0 [6]=   0 [7]=   0 [8]=   0 [9]=   0 [10]=   0 [11]=   0 
after  (DPU 78) [0]= 484 [1]= 522 [2]= 498 [3]=   0 [4]=   0 [5]=   0 [6]=   0 [7]=   0 [8]=   0 [9]=   0 [10]=   0 [11]=   0 
before (DPU 79) [0]= 518 [1]= 524 [2]= 543 [3]=   0 [4]=   0 [5]=   0 [6]=   0 [7]=   0 [8]=   0 [9]=   0 [10]=   0 [11]=   0 
after  (DPU 79) [0]= 518 [1]= 524 [2]= 543 [3]=   0 [4]=   0 [5]=   0 [6]=   0 [7]=   0 [8]=   0 [9]=   0 [10]=   0 [11]=   0 
before (DPU 80) [0]= 512 [1]= 482 [2]= 518 [3]=   0 [4]=   0 [5]=   0 [6]=   0 [7]=   0 [8]=   0 [9]=   0 [10]=   0 [11]=   0 
after  (DPU 80) [0]= 512 [1]= 482 [2]= 518 [3]=   0 [4]=   0 [5]=   0 [6]=   0 [7]=   0 [8]=   0 [9]=   0 [10]=   0 [11]=   0 
before (DPU 81) [0]= 497 [1]= 465 [2]= 471 [3]=   0 [4]=   0 [5]=   0 [6]=   0 [7]=   0 [8]=   0 [9]=   0 [10]=   0 [11]=   0 
after  (DPU 81) [0]= 497 [1]= 465 [2]= 471 [3]=   0 [4]=   0 [5]=   0 [6]=   0 [7]=   0 [8]=   0 [9]=   0 [10]=   0 [11]=   0 
before (DPU 82) [0]= 510 [1]= 500 [2]= 539 [3]=   0 [4]=   0 [5]=   0 [6]=   0 [7]=   0 [8]=   0 [9]=   0 [10]=   0 [11]=   0 
after  (DPU 82) [0]= 510 [1]= 500 [2]= 539 [3]=   0 [4]=   0 [5]=   0 [6]=   0 [7]=   0 [8]=   0 [9]=   0 [10]=   0 [11]=   0 
before (DPU 83) [0]= 468 [1]= 507 [2]= 458 [3]=   0 [4]=   0 [5]=   0 [6]=   0 [7]=   0 [8]=   0 [9]=   0 [10]=   0 [11]=   0 
after  (DPU 83) [0]= 468 [1]= 507 [2]= 458 [3]=   0 [4]=   0 [5]=   0 [6]=   0 [7]=   0 [8]=   0 [9]=   0 [10]=   0 [11]=   0 
before (DPU 84) [0]= 479 [1]= 477 [2]= 504 [3]=   0 [4]=   0 [5]=   0 [6]=   0 [7]=   0 [8]=   0 [9]=   0 [10]=   0 [11]=   0 
after  (DPU 84) [0]= 479 [1]= 477 [2]= 504 [3]=   0 [4]=   0 [5]=   0 [6]=   0 [7]=   0 [8]=   0 [9]=   0 [10]=   0 [11]=   0 
before (DPU 85) [0]= 502 [1]= 465 [2]= 467 [3]=   0 [4]=   0 [5]=   0 [6]=   0 [7]=   0 [8]=   0 [9]=   0 [10]=   0 [11]=   0 
after  (DPU 85) [0]= 502 [1]= 465 [2]= 467 [3]=   0 [4]=   0 [5]=   0 [6]=   0 [7]=   0 [8]=   0 [9]=   0 [10]=   0 [11]=   0 
before (DPU 86) [0]= 489 [1]= 454 [2]= 457 [3]=   0 [4]=   0 [5]=   0 [6]=   0 [7]=   0 [8]=   0 [9]=   0 [10]=   0 [11]=   0 
after  (DPU 86) [0]= 489 [1]= 454 [2]= 457 [3]=   0 [4]=   0 [5]=   0 [6]=   0 [7]=   0 [8]=   0 [9]=   0 [10]=   0 [11]=   0 
before (DPU 87) [0]= 458 [1]= 509 [2]= 469 [3]=   0 [4]=   0 [5]=   0 [6]=   0 [7]=   0 [8]=   0 [9]=   0 [10]=   0 [11]=   0 
after  (DPU 87) [0]= 458 [1]= 509 [2]= 469 [3]=   0 [4]=   0 [5]=   0 [6]=   0 [7]=   0 [8]=   0 [9]=   0 [10]=   0 [11]=   0 
before (DPU 88) [0]= 447 [1]= 453 [2]= 447 [3]=   0 [4]=   0 [5]=   0 [6]=   0 [7]=   0 [8]=   0 [9]=   0 [10]=   0 [11]=   0 
after  (DPU 88) [0]= 447 [1]= 453 [2]= 447 [3]=   0 [4]=   0 [5]=   0 [6]=   0 [7]=   0 [8]=   0 [9]=   0 [10]=   0 [11]=   0 
before (DPU 89) [0]= 505 [1]= 460 [2]= 438 [3]=   0 [4]=   0 [5]=   0 [6]=   0 [7]=   0 [8]=   0 [9]=   0 [10]=   0 [11]=   0 
after  (DPU 89) [0]= 505 [1]= 460 [2]= 438 [3]=   0 [4]=   0 [5]=   0 [6]=   0 [7]=   0 [8]=   0 [9]=   0 [10]=   0 [11]=   0 
before (DPU 90) [0]= 422 [1]= 446 [2]= 441 [3]=   0 [4]=   0 [5]=   0 [6]=   0 [7]=   0 [8]=   0 [9]=   0 [10]=   0 [11]=   0 
after  (DPU 90) [0]= 422 [1]= 446 [2]= 441 [3]=   0 [4]=   0 [5]=   0 [6]=   0 [7]=   0 [8]=   0 [9]=   0 [10]=   0 [11]=   0 
before (DPU 91) [0]= 395 [1]= 436 [2]= 427 [3]=   0 [4]=   0 [5]=   0 [6]=   0 [7]=   0 [8]=   0 [9]=   0 [10]=   0 [11]=   0 
after  (DPU 91) [0]= 395 [1]= 436 [2]= 427 [3]=   0 [4]=   0 [5]=   0 [6]=   0 [7]=   0 [8]=   0 [9]=   0 [10]=   0 [11]=   0 
before (DPU 92) [0]= 417 [1]= 462 [2]= 469 [3]=   0 [4]=   0 [5]=   0 [6]=   0 [7]=   0 [8]=   0 [9]=   0 [10]=   0 [11]=   0 
after  (DPU 92) [0]= 417 [1]= 462 [2]= 469 [3]=   0 [4]=   0 [5]=   0 [6]=   0 [7]=   0 [8]=   0 [9]=   0 [10]=   0 [11]=   0 
before (DPU 93) [0]= 447 [1]= 442 [2]= 490 [3]=   0 [4]=   0 [5]=   0 [6]=   0 [7]=   0 [8]=   0 [9]=   0 [10]=   0 [11]=   0 
after  (DPU 93) [0]= 447 [1]= 442 [2]= 490 [3]=   0 [4]=   0 [5]=   0 [6]=   0 [7]=   0 [8]=   0 [9]=   0 [10]=   0 [11]=   0 
before (DPU 94) [0]= 407 [1]= 406 [2]= 406 [3]=   0 [4]=   0 [5]=   0 [6]=   0 [7]=   0 [8]=   0 [9]=   0 [10]=   0 [11]=   0 
after  (DPU 94) [0]= 407 [1]= 406 [2]= 406 [3]=   0 [4]=   0 [5]=   0 [6]=   0 [7]=   0 [8]=   0 [9]=   0 [10]=   0 [11]=   0 
before (DPU 95) [0]= 413 [1]= 397 [2]= 395 [3]=   0 [4]=   0 [5]=   0 [6]=   0 [7]=   0 [8]=   0 [9]=   0 [10]=   0 [11]=   0 
after  (DPU 95) [0]= 413 [1]= 397 [2]= 395 [3]=   0 [4]=   0 [5]=   0 [6]=   0 [7]=   0 [8]=   0 [9]=   0 [10]=   0 [11]=   0 
before (DPU 96) [0]= 393 [1]= 408 [2]= 437 [3]=   0 [4]=   0 [5]=   0 [6]=   0 [7]=   0 [8]=   0 [9]=   0 [10]=   0 [11]=   0 
after  (DPU 96) [0]= 393 [1]= 408 [2]= 437 [3]=   0 [4]=   0 [5]=   0 [6]=   0 [7]=   0 [8]=   0 [9]=   0 [10]=   0 [11]=   0 
before (DPU 97) [0]= 396 [1]= 431 [2]= 422 [3]=   0 [4]=   0 [5]=   0 [6]=   0 [7]=   0 [8]=   0 [9]=   0 [10]=   0 [11]=   0 
after  (DPU 97) [0]= 396 [1]= 431 [2]= 422 [3]=   0 [4]=   0 [5]=   0 [6]=   0 [7]=   0 [8]=   0 [9]=   0 [10]=   0 [11]=   0 
before (DPU 98) [0]= 389 [1]= 416 [2]= 399 [3]=   0 [4]=   0 [5]=   0 [6]=   0 [7]=   0 [8]=   0 [9]=   0 [10]=   0 [11]=   0 
after  (DPU 98) [0]= 389 [1]= 416 [2]= 399 [3]=   0 [4]=   0 [5]=   0 [6]=   0 [7]=   0 [8]=   0 [9]=   0 [10]=   0 [11]=   0 
before (DPU 99) [0]= 392 [1]= 391 [2]= 396 [3]=   0 [4]=   0 [5]=   0 [6]=   0 [7]=   0 [8]=   0 [9]=   0 [10]=   0 [11]=   0 
after  (DPU 99) [0]= 392 [1]= 391 [2]= 396 [3]=   0 [4]=   0 [5]=   0 [6]=   0 [7]=   0 [8]=   0 [9]=   0 [10]=   0 [11]=   0 
before (DPU 100) [0]= 420 [1]= 423 [2]= 459 [3]=   0 [4]=   0 [5]=   0 [6]=   0 [7]=   0 [8]=   0 [9]=   0 [10]=   0 [11]=   0 
after  (DPU 100) [0]= 420 [1]= 423 [2]= 459 [3]=   0 [4]=   0 [5]=   0 [6]=   0 [7]=   0 [8]=   0 [9]=   0 [10]=   0 [11]=   0 
before (DPU 101) [0]= 388 [1]= 444 [2]= 404 [3]=   0 [4]=   0 [5]=   0 [6]=   0 [7]=   0 [8]=   0 [9]=   0 [10]=   0 [11]=   0 
after  (DPU 101) [0]= 388 [1]= 444 [2]= 404 [3]=   0 [4]=   0 [5]=   0 [6]=   0 [7]=   0 [8]=   0 [9]=   0 [10]=   0 [11]=   0 
before (DPU 102) [0]= 394 [1]= 391 [2]= 385 [3]=   0 [4]=   0 [5]=   0 [6]=   0 [7]=   0 [8]=   0 [9]=   0 [10]=   0 [11]=   0 
after  (DPU 102) [0]= 394 [1]= 391 [2]= 385 [3]=   0 [4]=   0 [5]=   0 [6]=   0 [7]=   0 [8]=   0 [9]=   0 [10]=   0 [11]=   0 
before (DPU 103) [0]= 357 [1]= 364 [2]= 360 [3]=   0 [4]=   0 [5]=   0 [6]=   0 [7]=   0 [8]=   0 [9]=   0 [10]=   0 [11]=   0 
after  (DPU 103) [0]= 357 [1]= 364 [2]= 360 [3]=   0 [4]=   0 [5]=   0 [6]=   0 [7]=   0 [8]=   0 [9]=   0 [10]=   0 [11]=   0 
before (DPU 104) [0]= 363 [1]= 366 [2]= 390 [3]=   0 [4]=   0 [5]=   0 [6]=   0 [7]=   0 [8]=   0 [9]=   0 [10]=   0 [11]=   0 
after  (DPU 104) [0]= 363 [1]= 366 [2]= 390 [3]=   0 [4]=   0 [5]=   0 [6]=   0 [7]=   0 [8]=   0 [9]=   0 [10]=   0 [11]=   0 
before (DPU 105) [0]= 392 [1]= 397 [2]= 414 [3]=   0 [4]=   0 [5]=   0 [6]=   0 [7]=   0 [8]=   0 [9]=   0 [10]=   0 [11]=   0 
after  (DPU 105) [0]= 392 [1]= 397 [2]= 414 [3]=   0 [4]=   0 [5]=   0 [6]=   0 [7]=   0 [8]=   0 [9]=   0 [10]=   0 [11]=   0 
before (DPU 106) [0]= 353 [1]= 368 [2]= 375 [3]=   0 [4]=   0 [5]=   0 [6]=   0 [7]=   0 [8]=   0 [9]=   0 [10]=   0 [11]=   0 
after  (DPU 106) [0]= 353 [1]= 368 [2]= 375 [3]=   0 [4]=   0 [5]=   0 [6]=   0 [7]=   0 [8]=   0 [9]=   0 [10]=   0 [11]=   0 
before (DPU 107) [0]= 390 [1]= 394 [2]= 375 [3]=   0 [4]=   0 [5]=   0 [6]=   0 [7]=   0 [8]=   0 [9]=   0 [10]=   0 [11]=   0 
after  (DPU 107) [0]= 390 [1]= 394 [2]= 375 [3]=   0 [4]=   0 [5]=   0 [6]=   0 [7]=   0 [8]=   0 [9]=   0 [10]=   0 [11]=   0 
before (DPU 108) [0]= 377 [1]= 370 [2]= 392 [3]=   0 [4]=   0 [5]=   0 [6]=   0 [7]=   0 [8]=   0 [9]=   0 [10]=   0 [11]=   0 
after  (DPU 108) [0]= 377 [1]= 370 [2]= 392 [3]=   0 [4]=   0 [5]=   0 [6]=   0 [7]=   0 [8]=   0 [9]=   0 [10]=   0 [11]=   0 
before (DPU 109) [0]= 376 [1]= 335 [2]= 368 [3]=   0 [4]=   0 [5]=   0 [6]=   0 [7]=   0 [8]=   0 [9]=   0 [10]=   0 [11]=   0 
after  (DPU 109) [0]= 376 [1]= 335 [2]= 368 [3]=   0 [4]=   0 [5]=   0 [6]=   0 [7]=   0 [8]=   0 [9]=   0 [10]=   0 [11]=   0 
before (DPU 110) [0]= 359 [1]= 370 [2]= 339 [3]=   0 [4]=   0 [5]=   0 [6]=   0 [7]=   0 [8]=   0 [9]=   0 [10]=   0 [11]=   0 
after  (DPU 110) [0]= 359 [1]= 370 [2]= 339 [3]=   0 [4]=   0 [5]=   0 [6]=   0 [7]=   0 [8]=   0 [9]=   0 [10]=   0 [11]=   0 
before (DPU 111) [0]= 378 [1]= 383 [2]= 382 [3]=   0 [4]=   0 [5]=   0 [6]=   0 [7]=   0 [8]=   0 [9]=   0 [10]=   0 [11]=   0 
after  (DPU 111) [0]= 378 [1]= 383 [2]= 382 [3]=   0 [4]=   0 [5]=   0 [6]=   0 [7]=   0 [8]=   0 [9]=   0 [10]=   0 [11]=   0 
before (DPU 112) [0]= 371 [1]= 327 [2]= 409 [3]=   0 [4]=   0 [5]=   0 [6]=   0 [7]=   0 [8]=   0 [9]=   0 [10]=   0 [11]=   0 
after  (DPU 112) [0]= 371 [1]= 327 [2]= 409 [3]=   0 [4]=   0 [5]=   0 [6]=   0 [7]=   0 [8]=   0 [9]=   0 [10]=   0 [11]=   0 
before (DPU 113) [0]= 326 [1]= 334 [2]= 356 [3]=   0 [4]=   0 [5]=   0 [6]=   0 [7]=   0 [8]=   0 [9]=   0 [10]=   0 [11]=   0 
after  (DPU 113) [0]= 326 [1]= 334 [2]= 356 [3]=   0 [4]=   0 [5]=   0 [6]=   0 [7]=   0 [8]=   0 [9]=   0 [10]=   0 [11]=   0 
before (DPU 114) [0]= 350 [1]= 347 [2]= 366 [3]=   0 [4]=   0 [5]=   0 [6]=   0 [7]=   0 [8]=   0 [9]=   0 [10]=   0 [11]=   0 
after  (DPU 114) [0]= 350 [1]= 347 [2]= 366 [3]=   0 [4]=   0 [5]=   0 [6]=   0 [7]=   0 [8]=   0 [9]=   0 [10]=   0 [11]=   0 
before (DPU 115) [0]= 347 [1]= 319 [2]= 313 [3]=   0 [4]=   0 [5]=   0 [6]=   0 [7]=   0 [8]=   0 [9]=   0 [10]=   0 [11]=   0 
after  (DPU 115) [0]= 347 [1]= 319 [2]= 313 [3]=   0 [4]=   0 [5]=   0 [6]=   0 [7]=   0 [8]=   0 [9]=   0 [10]=   0 [11]=   0 
before (DPU 116) [0]= 345 [1]= 328 [2]= 330 [3]=   0 [4]=   0 [5]=   0 [6]=   0 [7]=   0 [8]=   0 [9]=   0 [10]=   0 [11]=   0 
after  (DPU 116) [0]= 345 [1]= 328 [2]= 330 [3]=   0 [4]=   0 [5]=   0 [6]=   0 [7]=   0 [8]=   0 [9]=   0 [10]=   0 [11]=   0 
before (DPU 117) [0]= 340 [1]= 364 [2]= 347 [3]=   0 [4]=   0 [5]=   0 [6]=   0 [7]=   0 [8]=   0 [9]=   0 [10]=   0 [11]=   0 
after  (DPU 117) [0]= 340 [1]= 364 [2]= 347 [3]=   0 [4]=   0 [5]=   0 [6]=   0 [7]=   0 [8]=   0 [9]=   0 [10]=   0 [11]=   0 
before (DPU 118) [0]= 370 [1]= 341 [2]= 357 [3]=   0 [4]=   0 [5]=   0 [6]=   0 [7]=   0 [8]=   0 [9]=   0 [10]=   0 [11]=   0 
after  (DPU 118) [0]= 370 [1]= 341 [2]= 357 [3]=   0 [4]=   0 [5]=   0 [6]=   0 [7]=   0 [8]=   0 [9]=   0 [10]=   0 [11]=   0 
before (DPU 119) [0]= 347 [1]= 336 [2]= 340 [3]=   0 [4]=   0 [5]=   0 [6]=   0 [7]=   0 [8]=   0 [9]=   0 [10]=   0 [11]=   0 
after  (DPU 119) [0]= 347 [1]= 336 [2]= 340 [3]=   0 [4]=   0 [5]=   0 [6]=   0 [7]=   0 [8]=   0 [9]=   0 [10]=   0 [11]=   0 
before (DPU 120) [0]= 335 [1]= 336 [2]= 337 [3]=   0 [4]=   0 [5]=   0 [6]=   0 [7]=   0 [8]=   0 [9]=   0 [10]=   0 [11]=   0 
after  (DPU 120) [0]= 335 [1]= 336 [2]= 337 [3]=   0 [4]=   0 [5]=   0 [6]=   0 [7]=   0 [8]=   0 [9]=   0 [10]=   0 [11]=   0 
before (DPU 121) [0]= 348 [1]= 326 [2]= 349 [3]=   0 [4]=   0 [5]=   0 [6]=   0 [7]=   0 [8]=   0 [9]=   0 [10]=   0 [11]=   0 
after  (DPU 121) [0]= 348 [1]= 326 [2]= 349 [3]=   0 [4]=   0 [5]=   0 [6]=   0 [7]=   0 [8]=   0 [9]=   0 [10]=   0 [11]=   0 
before (DPU 122) [0]= 351 [1]= 314 [2]= 337 [3]=   0 [4]=   0 [5]=   0 [6]=   0 [7]=   0 [8]=   0 [9]=   0 [10]=   0 [11]=   0 
after  (DPU 122) [0]= 351 [1]= 314 [2]= 337 [3]=   0 [4]=   0 [5]=   0 [6]=   0 [7]=   0 [8]=   0 [9]=   0 [10]=   0 [11]=   0 
before (DPU 123) [0]= 315 [1]= 322 [2]= 327 [3]=   0 [4]=   0 [5]=   0 [6]=   0 [7]=   0 [8]=   0 [9]=   0 [10]=   0 [11]=   0 
after  (DPU 123) [0]= 315 [1]= 322 [2]= 327 [3]=   0 [4]=   0 [5]=   0 [6]=   0 [7]=   0 [8]=   0 [9]=   0 [10]=   0 [11]=   0 
before (DPU 124) [0]= 342 [1]= 322 [2]= 303 [3]=   0 [4]=   0 [5]=   0 [6]=   0 [7]=   0 [8]=   0 [9]=   0 [10]=   0 [11]=   0 
after  (DPU 124) [0]= 342 [1]= 322 [2]= 303 [3]=   0 [4]=   0 [5]=   0 [6]=   0 [7]=   0 [8]=   0 [9]=   0 [10]=   0 [11]=   0 
before (DPU 125) [0]= 315 [1]= 303 [2]= 312 [3]=   0 [4]=   0 [5]=   0 [6]=   0 [7]=   0 [8]=   0 [9]=   0 [10]=   0 [11]=   0 
after  (DPU 125) [0]= 315 [1]= 303 [2]= 312 [3]=   0 [4]=   0 [5]=   0 [6]=   0 [7]=   0 [8]=   0 [9]=   0 [10]=   0 [11]=   0 
before (DPU 126) [0]= 305 [1]= 296 [2]= 321 [3]=   0 [4]=   0 [5]=   0 [6]=   0 [7]=   0 [8]=   0 [9]=   0 [10]=   0 [11]=   0 
after  (DPU 126) [0]= 305 [1]= 296 [2]= 321 [3]=   0 [4]=   0 [5]=   0 [6]=   0 [7]=   0 [8]=   0 [9]=   0 [10]=   0 [11]=   0 
before (DPU 127) [0]= 325 [1]= 310 [2]= 328 [3]=   0 [4]=   0 [5]=   0 [6]=   0 [7]=   0 [8]=   0 [9]=   0 [10]=   0 [11]=   0 
after  (DPU 127) [0]= 325 [1]= 310 [2]= 328 [3]=   0 [4]=   0 [5]=   0 [6]=   0 [7]=   0 [8]=   0 [9]=   0 [10]=   0 [11]=   0 
before (DPU 128) [0]= 320 [1]= 296 [2]= 297 [3]=   0 [4]=   0 [5]=   0 [6]=   0 [7]=   0 [8]=   0 [9]=   0 [10]=   0 [11]=   0 
after  (DPU 128) [0]= 320 [1]= 296 [2]= 297 [3]=   0 [4]=   0 [5]=   0 [6]=   0 [7]=   0 [8]=   0 [9]=   0 [10]=   0 [11]=   0 
before (DPU 129) [0]= 334 [1]= 306 [2]= 285 [3]=   0 [4]=   0 [5]=   0 [6]=   0 [7]=   0 [8]=   0 [9]=   0 [10]=   0 [11]=   0 
after  (DPU 129) [0]= 334 [1]= 306 [2]= 285 [3]=   0 [4]=   0 [5]=   0 [6]=   0 [7]=   0 [8]=   0 [9]=   0 [10]=   0 [11]=   0 
before (DPU 130) [0]= 318 [1]= 314 [2]= 324 [3]=   0 [4]=   0 [5]=   0 [6]=   0 [7]=   0 [8]=   0 [9]=   0 [10]=   0 [11]=   0 
after  (DPU 130) [0]= 318 [1]= 314 [2]= 324 [3]=   0 [4]=   0 [5]=   0 [6]=   0 [7]=   0 [8]=   0 [9]=   0 [10]=   0 [11]=   0 
before (DPU 131) [0]= 306 [1]= 312 [2]= 299 [3]=   0 [4]=   0 [5]=   0 [6]=   0 [7]=   0 [8]=   0 [9]=   0 [10]=   0 [11]=   0 
after  (DPU 131) [0]= 306 [1]= 312 [2]= 299 [3]=   0 [4]=   0 [5]=   0 [6]=   0 [7]=   0 [8]=   0 [9]=   0 [10]=   0 [11]=   0 
before (DPU 132) [0]= 323 [1]= 313 [2]= 286 [3]=   0 [4]=   0 [5]=   0 [6]=   0 [7]=   0 [8]=   0 [9]=   0 [10]=   0 [11]=   0 
after  (DPU 132) [0]= 323 [1]= 313 [2]= 286 [3]=   0 [4]=   0 [5]=   0 [6]=   0 [7]=   0 [8]=   0 [9]=   0 [10]=   0 [11]=   0 
before (DPU 133) [0]= 287 [1]= 272 [2]= 306 [3]=   0 [4]=   0 [5]=   0 [6]=   0 [7]=   0 [8]=   0 [9]=   0 [10]=   0 [11]=   0 
after  (DPU 133) [0]= 287 [1]= 272 [2]= 306 [3]=   0 [4]=   0 [5]=   0 [6]=   0 [7]=   0 [8]=   0 [9]=   0 [10]=   0 [11]=   0 
before (DPU 134) [0]= 276 [1]= 303 [2]= 320 [3]=   0 [4]=   0 [5]=   0 [6]=   0 [7]=   0 [8]=   0 [9]=   0 [10]=   0 [11]=   0 
after  (DPU 134) [0]= 276 [1]= 303 [2]= 320 [3]=   0 [4]=   0 [5]=   0 [6]=   0 [7]=   0 [8]=   0 [9]=   0 [10]=   0 [11]=   0 
before (DPU 135) [0]= 361 [1]= 278 [2]= 288 [3]=   0 [4]=   0 [5]=   0 [6]=   0 [7]=   0 [8]=   0 [9]=   0 [10]=   0 [11]=   0 
after  (DPU 135) [0]= 361 [1]= 278 [2]= 288 [3]=   0 [4]=   0 [5]=   0 [6]=   0 [7]=   0 [8]=   0 [9]=   0 [10]=   0 [11]=   0 
before (DPU 136) [0]= 289 [1]= 307 [2]= 285 [3]=   0 [4]=   0 [5]=   0 [6]=   0 [7]=   0 [8]=   0 [9]=   0 [10]=   0 [11]=   0 
after  (DPU 136) [0]= 289 [1]= 307 [2]= 285 [3]=   0 [4]=   0 [5]=   0 [6]=   0 [7]=   0 [8]=   0 [9]=   0 [10]=   0 [11]=   0 
before (DPU 137) [0]= 327 [1]= 294 [2]= 303 [3]=   0 [4]=   0 [5]=   0 [6]=   0 [7]=   0 [8]=   0 [9]=   0 [10]=   0 [11]=   0 
after  (DPU 137) [0]= 327 [1]= 294 [2]= 303 [3]=   0 [4]=   0 [5]=   0 [6]=   0 [7]=   0 [8]=   0 [9]=   0 [10]=   0 [11]=   0 
before (DPU 138) [0]= 325 [1]= 290 [2]= 280 [3]=   0 [4]=   0 [5]=   0 [6]=   0 [7]=   0 [8]=   0 [9]=   0 [10]=   0 [11]=   0 
after  (DPU 138) [0]= 325 [1]= 290 [2]= 280 [3]=   0 [4]=   0 [5]=   0 [6]=   0 [7]=   0 [8]=   0 [9]=   0 [10]=   0 [11]=   0 
before (DPU 139) [0]= 266 [1]= 272 [2]= 276 [3]=   0 [4]=   0 [5]=   0 [6]=   0 [7]=   0 [8]=   0 [9]=   0 [10]=   0 [11]=   0 
after  (DPU 139) [0]= 266 [1]= 272 [2]= 276 [3]=   0 [4]=   0 [5]=   0 [6]=   0 [7]=   0 [8]=   0 [9]=   0 [10]=   0 [11]=   0 
before (DPU 140) [0]= 295 [1]= 287 [2]= 242 [3]=   0 [4]=   0 [5]=   0 [6]=   0 [7]=   0 [8]=   0 [9]=   0 [10]=   0 [11]=   0 
after  (DPU 140) [0]= 295 [1]= 287 [2]= 242 [3]=   0 [4]=   0 [5]=   0 [6]=   0 [7]=   0 [8]=   0 [9]=   0 [10]=   0 [11]=   0 
before (DPU 141) [0]= 271 [1]= 268 [2]= 268 [3]=   0 [4]=   0 [5]=   0 [6]=   0 [7]=   0 [8]=   0 [9]=   0 [10]=   0 [11]=   0 
after  (DPU 141) [0]= 271 [1]= 268 [2]= 268 [3]=   0 [4]=   0 [5]=   0 [6]=   0 [7]=   0 [8]=   0 [9]=   0 [10]=   0 [11]=   0 
before (DPU 142) [0]= 252 [1]= 294 [2]= 286 [3]=   0 [4]=   0 [5]=   0 [6]=   0 [7]=   0 [8]=   0 [9]=   0 [10]=   0 [11]=   0 
after  (DPU 142) [0]= 252 [1]= 294 [2]= 286 [3]=   0 [4]=   0 [5]=   0 [6]=   0 [7]=   0 [8]=   0 [9]=   0 [10]=   0 [11]=   0 
before (DPU 143) [0]= 261 [1]= 276 [2]= 285 [3]=   0 [4]=   0 [5]=   0 [6]=   0 [7]=   0 [8]=   0 [9]=   0 [10]=   0 [11]=   0 
after  (DPU 143) [0]= 261 [1]= 276 [2]= 285 [3]=   0 [4]=   0 [5]=   0 [6]=   0 [7]=   0 [8]=   0 [9]=   0 [10]=   0 [11]=   0 
before (DPU 144) [0]= 286 [1]= 258 [2]= 269 [3]=   0 [4]=   0 [5]=   0 [6]=   0 [7]=   0 [8]=   0 [9]=   0 [10]=   0 [11]=   0 
after  (DPU 144) [0]= 286 [1]= 258 [2]= 269 [3]=   0 [4]=   0 [5]=   0 [6]=   0 [7]=   0 [8]=   0 [9]=   0 [10]=   0 [11]=   0 
before (DPU 145) [0]= 250 [1]= 264 [2]= 276 [3]=   0 [4]=   0 [5]=   0 [6]=   0 [7]=   0 [8]=   0 [9]=   0 [10]=   0 [11]=   0 
after  (DPU 145) [0]= 250 [1]= 264 [2]= 276 [3]=   0 [4]=   0 [5]=   0 [6]=   0 [7]=   0 [8]=   0 [9]=   0 [10]=   0 [11]=   0 
before (DPU 146) [0]= 270 [1]= 271 [2]= 276 [3]=   0 [4]=   0 [5]=   0 [6]=   0 [7]=   0 [8]=   0 [9]=   0 [10]=   0 [11]=   0 
after  (DPU 146) [0]= 270 [1]= 271 [2]= 276 [3]=   0 [4]=   0 [5]=   0 [6]=   0 [7]=   0 [8]=   0 [9]=   0 [10]=   0 [11]=   0 
before (DPU 147) [0]= 260 [1]= 252 [2]= 289 [3]=   0 [4]=   0 [5]=   0 [6]=   0 [7]=   0 [8]=   0 [9]=   0 [10]=   0 [11]=   0 
after  (DPU 147) [0]= 260 [1]= 252 [2]= 289 [3]=   0 [4]=   0 [5]=   0 [6]=   0 [7]=   0 [8]=   0 [9]=   0 [10]=   0 [11]=   0 
before (DPU 148) [0]= 261 [1]= 292 [2]= 286 [3]=   0 [4]=   0 [5]=   0 [6]=   0 [7]=   0 [8]=   0 [9]=   0 [10]=   0 [11]=   0 
after  (DPU 148) [0]= 261 [1]= 292 [2]= 286 [3]=   0 [4]=   0 [5]=   0 [6]=   0 [7]=   0 [8]=   0 [9]=   0 [10]=   0 [11]=   0 
before (DPU 149) [0]= 282 [1]= 302 [2]= 265 [3]=   0 [4]=   0 [5]=   0 [6]=   0 [7]=   0 [8]=   0 [9]=   0 [10]=   0 [11]=   0 
after  (DPU 149) [0]= 282 [1]= 302 [2]= 265 [3]=   0 [4]=   0 [5]=   0 [6]=   0 [7]=   0 [8]=   0 [9]=   0 [10]=   0 [11]=   0 
before (DPU 150) [0]= 280 [1]= 260 [2]= 285 [3]=   0 [4]=   0 [5]=   0 [6]=   0 [7]=   0 [8]=   0 [9]=   0 [10]=   0 [11]=   0 
after  (DPU 150) [0]= 280 [1]= 260 [2]= 285 [3]=   0 [4]=   0 [5]=   0 [6]=   0 [7]=   0 [8]=   0 [9]=   0 [10]=   0 [11]=   0 
before (DPU 151) [0]= 272 [1]= 275 [2]= 247 [3]=   0 [4]=   0 [5]=   0 [6]=   0 [7]=   0 [8]=   0 [9]=   0 [10]=   0 [11]=   0 
after  (DPU 151) [0]= 272 [1]= 275 [2]= 247 [3]=   0 [4]=   0 [5]=   0 [6]=   0 [7]=   0 [8]=   0 [9]=   0 [10]=   0 [11]=   0 
before (DPU 152) [0]= 279 [1]= 290 [2]= 248 [3]=   0 [4]=   0 [5]=   0 [6]=   0 [7]=   0 [8]=   0 [9]=   0 [10]=   0 [11]=   0 
after  (DPU 152) [0]= 279 [1]= 290 [2]= 248 [3]=   0 [4]=   0 [5]=   0 [6]=   0 [7]=   0 [8]=   0 [9]=   0 [10]=   0 [11]=   0 
before (DPU 153) [0]= 282 [1]= 282 [2]= 246 [3]=   0 [4]=   0 [5]=   0 [6]=   0 [7]=   0 [8]=   0 [9]=   0 [10]=   0 [11]=   0 
after  (DPU 153) [0]= 282 [1]= 282 [2]= 246 [3]=   0 [4]=   0 [5]=   0 [6]=   0 [7]=   0 [8]=   0 [9]=   0 [10]=   0 [11]=   0 
before (DPU 154) [0]= 263 [1]= 282 [2]= 242 [3]=   0 [4]=   0 [5]=   0 [6]=   0 [7]=   0 [8]=   0 [9]=   0 [10]=   0 [11]=   0 
after  (DPU 154) [0]= 263 [1]= 282 [2]= 242 [3]=   0 [4]=   0 [5]=   0 [6]=   0 [7]=   0 [8]=   0 [9]=   0 [10]=   0 [11]=   0 
before (DPU 155) [0]= 278 [1]= 243 [2]= 256 [3]=   0 [4]=   0 [5]=   0 [6]=   0 [7]=   0 [8]=   0 [9]=   0 [10]=   0 [11]=   0 
after  (DPU 155) [0]= 278 [1]= 243 [2]= 256 [3]=   0 [4]=   0 [5]=   0 [6]=   0 [7]=   0 [8]=   0 [9]=   0 [10]=   0 [11]=   0 
before (DPU 156) [0]= 248 [1]= 236 [2]= 271 [3]=   0 [4]=   0 [5]=   0 [6]=   0 [7]=   0 [8]=   0 [9]=   0 [10]=   0 [11]=   0 
after  (DPU 156) [0]= 248 [1]= 236 [2]= 271 [3]=   0 [4]=   0 [5]=   0 [6]=   0 [7]=   0 [8]=   0 [9]=   0 [10]=   0 [11]=   0 
before (DPU 157) [0]= 264 [1]= 291 [2]= 259 [3]=   0 [4]=   0 [5]=   0 [6]=   0 [7]=   0 [8]=   0 [9]=   0 [10]=   0 [11]=   0 
after  (DPU 157) [0]= 264 [1]= 291 [2]= 259 [3]=   0 [4]=   0 [5]=   0 [6]=   0 [7]=   0 [8]=   0 [9]=   0 [10]=   0 [11]=   0 
before (DPU 158) [0]= 259 [1]= 242 [2]= 272 [3]=   0 [4]=   0 [5]=   0 [6]=   0 [7]=   0 [8]=   0 [9]=   0 [10]=   0 [11]=   0 
after  (DPU 158) [0]= 259 [1]= 242 [2]= 272 [3]=   0 [4]=   0 [5]=   0 [6]=   0 [7]=   0 [8]=   0 [9]=   0 [10]=   0 [11]=   0 
before (DPU 159) [0]= 241 [1]= 246 [2]= 235 [3]=   0 [4]=   0 [5]=   0 [6]=   0 [7]=   0 [8]=   0 [9]=   0 [10]=   0 [11]=   0 
after  (DPU 159) [0]= 241 [1]= 246 [2]= 235 [3]=   0 [4]=   0 [5]=   0 [6]=   0 [7]=   0 [8]=   0 [9]=   0 [10]=   0 [11]=   0 
before (DPU 160) [0]= 229 [1]= 261 [2]= 256 [3]=   0 [4]=   0 [5]=   0 [6]=   0 [7]=   0 [8]=   0 [9]=   0 [10]=   0 [11]=   0 
after  (DPU 160) [0]= 229 [1]= 261 [2]= 256 [3]=   0 [4]=   0 [5]=   0 [6]=   0 [7]=   0 [8]=   0 [9]=   0 [10]=   0 [11]=   0 
before (DPU 161) [0]= 258 [1]= 240 [2]= 252 [3]=   0 [4]=   0 [5]=   0 [6]=   0 [7]=   0 [8]=   0 [9]=   0 [10]=   0 [11]=   0 
after  (DPU 161) [0]= 258 [1]= 240 [2]= 252 [3]=   0 [4]=   0 [5]=   0 [6]=   0 [7]=   0 [8]=   0 [9]=   0 [10]=   0 [11]=   0 
before (DPU 162) [0]= 241 [1]= 251 [2]= 252 [3]=   0 [4]=   0 [5]=   0 [6]=   0 [7]=   0 [8]=   0 [9]=   0 [10]=   0 [11]=   0 
after  (DPU 162) [0]= 241 [1]= 251 [2]= 252 [3]=   0 [4]=   0 [5]=   0 [6]=   0 [7]=   0 [8]=   0 [9]=   0 [10]=   0 [11]=   0 
before (DPU 163) [0]= 260 [1]= 277 [2]= 251 [3]=   0 [4]=   0 [5]=   0 [6]=   0 [7]=   0 [8]=   0 [9]=   0 [10]=   0 [11]=   0 
after  (DPU 163) [0]= 260 [1]= 277 [2]= 251 [3]=   0 [4]=   0 [5]=   0 [6]=   0 [7]=   0 [8]=   0 [9]=   0 [10]=   0 [11]=   0 
before (DPU 164) [0]= 259 [1]= 245 [2]= 230 [3]=   0 [4]=   0 [5]=   0 [6]=   0 [7]=   0 [8]=   0 [9]=   0 [10]=   0 [11]=   0 
after  (DPU 164) [0]= 259 [1]= 245 [2]= 230 [3]=   0 [4]=   0 [5]=   0 [6]=   0 [7]=   0 [8]=   0 [9]=   0 [10]=   0 [11]=   0 
before (DPU 165) [0]= 246 [1]= 247 [2]= 239 [3]=   0 [4]=   0 [5]=   0 [6]=   0 [7]=   0 [8]=   0 [9]=   0 [10]=   0 [11]=   0 
after  (DPU 165) [0]= 246 [1]= 247 [2]= 239 [3]=   0 [4]=   0 [5]=   0 [6]=   0 [7]=   0 [8]=   0 [9]=   0 [10]=   0 [11]=   0 
before (DPU 166) [0]= 216 [1]= 269 [2]= 254 [3]=   0 [4]=   0 [5]=   0 [6]=   0 [7]=   0 [8]=   0 [9]=   0 [10]=   0 [11]=   0 
after  (DPU 166) [0]= 216 [1]= 269 [2]= 254 [3]=   0 [4]=   0 [5]=   0 [6]=   0 [7]=   0 [8]=   0 [9]=   0 [10]=   0 [11]=   0 
before (DPU 167) [0]= 258 [1]= 273 [2]= 236 [3]=   0 [4]=   0 [5]=   0 [6]=   0 [7]=   0 [8]=   0 [9]=   0 [10]=   0 [11]=   0 
after  (DPU 167) [0]= 258 [1]= 273 [2]= 236 [3]=   0 [4]=   0 [5]=   0 [6]=   0 [7]=   0 [8]=   0 [9]=   0 [10]=   0 [11]=   0 
before (DPU 168) [0]= 227 [1]= 241 [2]= 228 [3]=   0 [4]=   0 [5]=   0 [6]=   0 [7]=   0 [8]=   0 [9]=   0 [10]=   0 [11]=   0 
after  (DPU 168) [0]= 227 [1]= 241 [2]= 228 [3]=   0 [4]=   0 [5]=   0 [6]=   0 [7]=   0 [8]=   0 [9]=   0 [10]=   0 [11]=   0 
before (DPU 169) [0]= 248 [1]= 220 [2]= 241 [3]=   0 [4]=   0 [5]=   0 [6]=   0 [7]=   0 [8]=   0 [9]=   0 [10]=   0 [11]=   0 
after  (DPU 169) [0]= 248 [1]= 220 [2]= 241 [3]=   0 [4]=   0 [5]=   0 [6]=   0 [7]=   0 [8]=   0 [9]=   0 [10]=   0 [11]=   0 
before (DPU 170) [0]= 246 [1]= 237 [2]= 239 [3]=   0 [4]=   0 [5]=   0 [6]=   0 [7]=   0 [8]=   0 [9]=   0 [10]=   0 [11]=   0 
after  (DPU 170) [0]= 246 [1]= 237 [2]= 239 [3]=   0 [4]=   0 [5]=   0 [6]=   0 [7]=   0 [8]=   0 [9]=   0 [10]=   0 [11]=   0 
before (DPU 171) [0]= 240 [1]= 282 [2]= 225 [3]=   0 [4]=   0 [5]=   0 [6]=   0 [7]=   0 [8]=   0 [9]=   0 [10]=   0 [11]=   0 
after  (DPU 171) [0]= 240 [1]= 282 [2]= 225 [3]=   0 [4]=   0 [5]=   0 [6]=   0 [7]=   0 [8]=   0 [9]=   0 [10]=   0 [11]=   0 
before (DPU 172) [0]= 248 [1]= 200 [2]= 252 [3]=   0 [4]=   0 [5]=   0 [6]=   0 [7]=   0 [8]=   0 [9]=   0 [10]=   0 [11]=   0 
after  (DPU 172) [0]= 248 [1]= 200 [2]= 252 [3]=   0 [4]=   0 [5]=   0 [6]=   0 [7]=   0 [8]=   0 [9]=   0 [10]=   0 [11]=   0 
before (DPU 173) [0]= 258 [1]= 246 [2]= 248 [3]=   0 [4]=   0 [5]=   0 [6]=   0 [7]=   0 [8]=   0 [9]=   0 [10]=   0 [11]=   0 
after  (DPU 173) [0]= 258 [1]= 246 [2]= 248 [3]=   0 [4]=   0 [5]=   0 [6]=   0 [7]=   0 [8]=   0 [9]=   0 [10]=   0 [11]=   0 
before (DPU 174) [0]= 255 [1]= 234 [2]= 246 [3]=   0 [4]=   0 [5]=   0 [6]=   0 [7]=   0 [8]=   0 [9]=   0 [10]=   0 [11]=   0 
after  (DPU 174) [0]= 255 [1]= 234 [2]= 246 [3]=   0 [4]=   0 [5]=   0 [6]=   0 [7]=   0 [8]=   0 [9]=   0 [10]=   0 [11]=   0 
before (DPU 175) [0]= 233 [1]= 243 [2]= 236 [3]=   0 [4]=   0 [5]=   0 [6]=   0 [7]=   0 [8]=   0 [9]=   0 [10]=   0 [11]=   0 
after  (DPU 175) [0]= 233 [1]= 243 [2]= 236 [3]=   0 [4]=   0 [5]=   0 [6]=   0 [7]=   0 [8]=   0 [9]=   0 [10]=   0 [11]=   0 
before (DPU 176) [0]= 239 [1]= 215 [2]= 251 [3]=   0 [4]=   0 [5]=   0 [6]=   0 [7]=   0 [8]=   0 [9]=   0 [10]=   0 [11]=   0 
after  (DPU 176) [0]= 239 [1]= 215 [2]= 251 [3]=   0 [4]=   0 [5]=   0 [6]=   0 [7]=   0 [8]=   0 [9]=   0 [10]=   0 [11]=   0 
before (DPU 177) [0]= 206 [1]= 234 [2]= 230 [3]=   0 [4]=   0 [5]=   0 [6]=   0 [7]=   0 [8]=   0 [9]=   0 [10]=   0 [11]=   0 
after  (DPU 177) [0]= 206 [1]= 234 [2]= 230 [3]=   0 [4]=   0 [5]=   0 [6]=   0 [7]=   0 [8]=   0 [9]=   0 [10]=   0 [11]=   0 
before (DPU 178) [0]= 218 [1]= 249 [2]= 242 [3]=   0 [4]=   0 [5]=   0 [6]=   0 [7]=   0 [8]=   0 [9]=   0 [10]=   0 [11]=   0 
after  (DPU 178) [0]= 218 [1]= 249 [2]= 242 [3]=   0 [4]=   0 [5]=   0 [6]=   0 [7]=   0 [8]=   0 [9]=   0 [10]=   0 [11]=   0 
before (DPU 179) [0]= 226 [1]= 266 [2]= 233 [3]=   0 [4]=   0 [5]=   0 [6]=   0 [7]=   0 [8]=   0 [9]=   0 [10]=   0 [11]=   0 
after  (DPU 179) [0]= 226 [1]= 266 [2]= 233 [3]=   0 [4]=   0 [5]=   0 [6]=   0 [7]=   0 [8]=   0 [9]=   0 [10]=   0 [11]=   0 
before (DPU 180) [0]= 209 [1]= 234 [2]= 205 [3]=   0 [4]=   0 [5]=   0 [6]=   0 [7]=   0 [8]=   0 [9]=   0 [10]=   0 [11]=   0 
after  (DPU 180) [0]= 209 [1]= 234 [2]= 205 [3]=   0 [4]=   0 [5]=   0 [6]=   0 [7]=   0 [8]=   0 [9]=   0 [10]=   0 [11]=   0 
before (DPU 181) [0]= 231 [1]= 212 [2]= 222 [3]=   0 [4]=   0 [5]=   0 [6]=   0 [7]=   0 [8]=   0 [9]=   0 [10]=   0 [11]=   0 
after  (DPU 181) [0]= 231 [1]= 212 [2]= 222 [3]=   0 [4]=   0 [5]=   0 [6]=   0 [7]=   0 [8]=   0 [9]=   0 [10]=   0 [11]=   0 
before (DPU 182) [0]= 209 [1]= 248 [2]= 226 [3]=   0 [4]=   0 [5]=   0 [6]=   0 [7]=   0 [8]=   0 [9]=   0 [10]=   0 [11]=   0 
after  (DPU 182) [0]= 209 [1]= 248 [2]= 226 [3]=   0 [4]=   0 [5]=   0 [6]=   0 [7]=   0 [8]=   0 [9]=   0 [10]=   0 [11]=   0 
before (DPU 183) [0]= 233 [1]= 213 [2]= 186 [3]=   0 [4]=   0 [5]=   0 [6]=   0 [7]=   0 [8]=   0 [9]=   0 [10]=   0 [11]=   0 
after  (DPU 183) [0]= 233 [1]= 213 [2]= 186 [3]=   0 [4]=   0 [5]=   0 [6]=   0 [7]=   0 [8]=   0 [9]=   0 [10]=   0 [11]=   0 
before (DPU 184) [0]= 212 [1]= 227 [2]= 231 [3]=   0 [4]=   0 [5]=   0 [6]=   0 [7]=   0 [8]=   0 [9]=   0 [10]=   0 [11]=   0 
after  (DPU 184) [0]= 212 [1]= 227 [2]= 231 [3]=   0 [4]=   0 [5]=   0 [6]=   0 [7]=   0 [8]=   0 [9]=   0 [10]=   0 [11]=   0 
before (DPU 185) [0]= 222 [1]= 194 [2]= 245 [3]=   0 [4]=   0 [5]=   0 [6]=   0 [7]=   0 [8]=   0 [9]=   0 [10]=   0 [11]=   0 
after  (DPU 185) [0]= 222 [1]= 194 [2]= 245 [3]=   0 [4]=   0 [5]=   0 [6]=   0 [7]=   0 [8]=   0 [9]=   0 [10]=   0 [11]=   0 
before (DPU 186) [0]= 217 [1]= 209 [2]= 202 [3]=   0 [4]=   0 [5]=   0 [6]=   0 [7]=   0 [8]=   0 [9]=   0 [10]=   0 [11]=   0 
after  (DPU 186) [0]= 217 [1]= 209 [2]= 202 [3]=   0 [4]=   0 [5]=   0 [6]=   0 [7]=   0 [8]=   0 [9]=   0 [10]=   0 [11]=   0 
before (DPU 187) [0]= 218 [1]= 191 [2]= 206 [3]=   0 [4]=   0 [5]=   0 [6]=   0 [7]=   0 [8]=   0 [9]=   0 [10]=   0 [11]=   0 
after  (DPU 187) [0]= 218 [1]= 191 [2]= 206 [3]=   0 [4]=   0 [5]=   0 [6]=   0 [7]=   0 [8]=   0 [9]=   0 [10]=   0 [11]=   0 
before (DPU 188) [0]= 198 [1]= 210 [2]= 244 [3]=   0 [4]=   0 [5]=   0 [6]=   0 [7]=   0 [8]=   0 [9]=   0 [10]=   0 [11]=   0 
after  (DPU 188) [0]= 198 [1]= 210 [2]= 244 [3]=   0 [4]=   0 [5]=   0 [6]=   0 [7]=   0 [8]=   0 [9]=   0 [10]=   0 [11]=   0 
before (DPU 189) [0]= 199 [1]= 214 [2]= 210 [3]=   0 [4]=   0 [5]=   0 [6]=   0 [7]=   0 [8]=   0 [9]=   0 [10]=   0 [11]=   0 
after  (DPU 189) [0]= 199 [1]= 214 [2]= 210 [3]=   0 [4]=   0 [5]=   0 [6]=   0 [7]=   0 [8]=   0 [9]=   0 [10]=   0 [11]=   0 
before (DPU 190) [0]= 244 [1]= 205 [2]= 194 [3]=   0 [4]=   0 [5]=   0 [6]=   0 [7]=   0 [8]=   0 [9]=   0 [10]=   0 [11]=   0 
after  (DPU 190) [0]= 244 [1]= 205 [2]= 194 [3]=   0 [4]=   0 [5]=   0 [6]=   0 [7]=   0 [8]=   0 [9]=   0 [10]=   0 [11]=   0 
before (DPU 191) [0]= 222 [1]= 214 [2]= 214 [3]=   0 [4]=   0 [5]=   0 [6]=   0 [7]=   0 [8]=   0 [9]=   0 [10]=   0 [11]=   0 
after  (DPU 191) [0]= 222 [1]= 214 [2]= 214 [3]=   0 [4]=   0 [5]=   0 [6]=   0 [7]=   0 [8]=   0 [9]=   0 [10]=   0 [11]=   0 
before (DPU 192) [0]= 186 [1]= 178 [2]= 232 [3]=   0 [4]=   0 [5]=   0 [6]=   0 [7]=   0 [8]=   0 [9]=   0 [10]=   0 [11]=   0 
after  (DPU 192) [0]= 186 [1]= 178 [2]= 232 [3]=   0 [4]=   0 [5]=   0 [6]=   0 [7]=   0 [8]=   0 [9]=   0 [10]=   0 [11]=   0 
before (DPU 193) [0]= 197 [1]= 198 [2]= 217 [3]=   0 [4]=   0 [5]=   0 [6]=   0 [7]=   0 [8]=   0 [9]=   0 [10]=   0 [11]=   0 
after  (DPU 193) [0]= 197 [1]= 198 [2]= 217 [3]=   0 [4]=   0 [5]=   0 [6]=   0 [7]=   0 [8]=   0 [9]=   0 [10]=   0 [11]=   0 
before (DPU 194) [0]= 232 [1]= 199 [2]= 219 [3]=   0 [4]=   0 [5]=   0 [6]=   0 [7]=   0 [8]=   0 [9]=   0 [10]=   0 [11]=   0 
after  (DPU 194) [0]= 232 [1]= 199 [2]= 219 [3]=   0 [4]=   0 [5]=   0 [6]=   0 [7]=   0 [8]=   0 [9]=   0 [10]=   0 [11]=   0 
before (DPU 195) [0]= 229 [1]= 193 [2]= 193 [3]=   0 [4]=   0 [5]=   0 [6]=   0 [7]=   0 [8]=   0 [9]=   0 [10]=   0 [11]=   0 
after  (DPU 195) [0]= 229 [1]= 193 [2]= 193 [3]=   0 [4]=   0 [5]=   0 [6]=   0 [7]=   0 [8]=   0 [9]=   0 [10]=   0 [11]=   0 
before (DPU 196) [0]= 202 [1]= 224 [2]= 195 [3]=   0 [4]=   0 [5]=   0 [6]=   0 [7]=   0 [8]=   0 [9]=   0 [10]=   0 [11]=   0 
after  (DPU 196) [0]= 202 [1]= 224 [2]= 195 [3]=   0 [4]=   0 [5]=   0 [6]=   0 [7]=   0 [8]=   0 [9]=   0 [10]=   0 [11]=   0 
before (DPU 197) [0]= 223 [1]= 186 [2]= 203 [3]=   0 [4]=   0 [5]=   0 [6]=   0 [7]=   0 [8]=   0 [9]=   0 [10]=   0 [11]=   0 
after  (DPU 197) [0]= 223 [1]= 186 [2]= 203 [3]=   0 [4]=   0 [5]=   0 [6]=   0 [7]=   0 [8]=   0 [9]=   0 [10]=   0 [11]=   0 
before (DPU 198) [0]= 203 [1]= 202 [2]= 223 [3]=   0 [4]=   0 [5]=   0 [6]=   0 [7]=   0 [8]=   0 [9]=   0 [10]=   0 [11]=   0 
after  (DPU 198) [0]= 203 [1]= 202 [2]= 223 [3]=   0 [4]=   0 [5]=   0 [6]=   0 [7]=   0 [8]=   0 [9]=   0 [10]=   0 [11]=   0 
before (DPU 199) [0]= 212 [1]= 224 [2]= 218 [3]=   0 [4]=   0 [5]=   0 [6]=   0 [7]=   0 [8]=   0 [9]=   0 [10]=   0 [11]=   0 
after  (DPU 199) [0]= 212 [1]= 224 [2]= 218 [3]=   0 [4]=   0 [5]=   0 [6]=   0 [7]=   0 [8]=   0 [9]=   0 [10]=   0 [11]=   0 
before (DPU 200) [0]= 192 [1]= 208 [2]= 213 [3]=   0 [4]=   0 [5]=   0 [6]=   0 [7]=   0 [8]=   0 [9]=   0 [10]=   0 [11]=   0 
after  (DPU 200) [0]= 192 [1]= 208 [2]= 213 [3]=   0 [4]=   0 [5]=   0 [6]=   0 [7]=   0 [8]=   0 [9]=   0 [10]=   0 [11]=   0 
before (DPU 201) [0]= 191 [1]= 222 [2]= 194 [3]=   0 [4]=   0 [5]=   0 [6]=   0 [7]=   0 [8]=   0 [9]=   0 [10]=   0 [11]=   0 
after  (DPU 201) [0]= 191 [1]= 222 [2]= 194 [3]=   0 [4]=   0 [5]=   0 [6]=   0 [7]=   0 [8]=   0 [9]=   0 [10]=   0 [11]=   0 
before (DPU 202) [0]= 171 [1]= 223 [2]= 201 [3]=   0 [4]=   0 [5]=   0 [6]=   0 [7]=   0 [8]=   0 [9]=   0 [10]=   0 [11]=   0 
after  (DPU 202) [0]= 171 [1]= 223 [2]= 201 [3]=   0 [4]=   0 [5]=   0 [6]=   0 [7]=   0 [8]=   0 [9]=   0 [10]=   0 [11]=   0 
before (DPU 203) [0]= 222 [1]= 199 [2]= 187 [3]=   0 [4]=   0 [5]=   0 [6]=   0 [7]=   0 [8]=   0 [9]=   0 [10]=   0 [11]=   0 
after  (DPU 203) [0]= 222 [1]= 199 [2]= 187 [3]=   0 [4]=   0 [5]=   0 [6]=   0 [7]=   0 [8]=   0 [9]=   0 [10]=   0 [11]=   0 
before (DPU 204) [0]= 197 [1]= 195 [2]= 215 [3]=   0 [4]=   0 [5]=   0 [6]=   0 [7]=   0 [8]=   0 [9]=   0 [10]=   0 [11]=   0 
after  (DPU 204) [0]= 197 [1]= 195 [2]= 215 [3]=   0 [4]=   0 [5]=   0 [6]=   0 [7]=   0 [8]=   0 [9]=   0 [10]=   0 [11]=   0 
before (DPU 205) [0]= 201 [1]= 215 [2]= 221 [3]=   0 [4]=   0 [5]=   0 [6]=   0 [7]=   0 [8]=   0 [9]=   0 [10]=   0 [11]=   0 
after  (DPU 205) [0]= 201 [1]= 215 [2]= 221 [3]=   0 [4]=   0 [5]=   0 [6]=   0 [7]=   0 [8]=   0 [9]=   0 [10]=   0 [11]=   0 
before (DPU 206) [0]= 193 [1]= 202 [2]= 198 [3]=   0 [4]=   0 [5]=   0 [6]=   0 [7]=   0 [8]=   0 [9]=   0 [10]=   0 [11]=   0 
after  (DPU 206) [0]= 193 [1]= 202 [2]= 198 [3]=   0 [4]=   0 [5]=   0 [6]=   0 [7]=   0 [8]=   0 [9]=   0 [10]=   0 [11]=   0 
before (DPU 207) [0]= 205 [1]= 211 [2]= 169 [3]=   0 [4]=   0 [5]=   0 [6]=   0 [7]=   0 [8]=   0 [9]=   0 [10]=   0 [11]=   0 
after  (DPU 207) [0]= 205 [1]= 211 [2]= 169 [3]=   0 [4]=   0 [5]=   0 [6]=   0 [7]=   0 [8]=   0 [9]=   0 [10]=   0 [11]=   0 
before (DPU 208) [0]= 185 [1]= 209 [2]= 205 [3]=   0 [4]=   0 [5]=   0 [6]=   0 [7]=   0 [8]=   0 [9]=   0 [10]=   0 [11]=   0 
after  (DPU 208) [0]= 185 [1]= 209 [2]= 205 [3]=   0 [4]=   0 [5]=   0 [6]=   0 [7]=   0 [8]=   0 [9]=   0 [10]=   0 [11]=   0 
before (DPU 209) [0]= 223 [1]= 191 [2]= 183 [3]=   0 [4]=   0 [5]=   0 [6]=   0 [7]=   0 [8]=   0 [9]=   0 [10]=   0 [11]=   0 
after  (DPU 209) [0]= 223 [1]= 191 [2]= 183 [3]=   0 [4]=   0 [5]=   0 [6]=   0 [7]=   0 [8]=   0 [9]=   0 [10]=   0 [11]=   0 
before (DPU 210) [0]= 196 [1]= 204 [2]= 209 [3]=   0 [4]=   0 [5]=   0 [6]=   0 [7]=   0 [8]=   0 [9]=   0 [10]=   0 [11]=   0 
after  (DPU 210) [0]= 196 [1]= 204 [2]= 209 [3]=   0 [4]=   0 [5]=   0 [6]=   0 [7]=   0 [8]=   0 [9]=   0 [10]=   0 [11]=   0 
before (DPU 211) [0]= 195 [1]= 213 [2]= 211 [3]=   0 [4]=   0 [5]=   0 [6]=   0 [7]=   0 [8]=   0 [9]=   0 [10]=   0 [11]=   0 
after  (DPU 211) [0]= 195 [1]= 213 [2]= 211 [3]=   0 [4]=   0 [5]=   0 [6]=   0 [7]=   0 [8]=   0 [9]=   0 [10]=   0 [11]=   0 
before (DPU 212) [0]= 169 [1]= 183 [2]= 202 [3]=   0 [4]=   0 [5]=   0 [6]=   0 [7]=   0 [8]=   0 [9]=   0 [10]=   0 [11]=   0 
after  (DPU 212) [0]= 169 [1]= 183 [2]= 202 [3]=   0 [4]=   0 [5]=   0 [6]=   0 [7]=   0 [8]=   0 [9]=   0 [10]=   0 [11]=   0 
before (DPU 213) [0]= 200 [1]= 190 [2]= 194 [3]=   0 [4]=   0 [5]=   0 [6]=   0 [7]=   0 [8]=   0 [9]=   0 [10]=   0 [11]=   0 
after  (DPU 213) [0]= 200 [1]= 190 [2]= 194 [3]=   0 [4]=   0 [5]=   0 [6]=   0 [7]=   0 [8]=   0 [9]=   0 [10]=   0 [11]=   0 
before (DPU 214) [0]= 203 [1]= 207 [2]= 193 [3]=   0 [4]=   0 [5]=   0 [6]=   0 [7]=   0 [8]=   0 [9]=   0 [10]=   0 [11]=   0 
after  (DPU 214) [0]= 203 [1]= 207 [2]= 193 [3]=   0 [4]=   0 [5]=   0 [6]=   0 [7]=   0 [8]=   0 [9]=   0 [10]=   0 [11]=   0 
before (DPU 215) [0]= 188 [1]= 167 [2]= 206 [3]=   0 [4]=   0 [5]=   0 [6]=   0 [7]=   0 [8]=   0 [9]=   0 [10]=   0 [11]=   0 
after  (DPU 215) [0]= 188 [1]= 167 [2]= 206 [3]=   0 [4]=   0 [5]=   0 [6]=   0 [7]=   0 [8]=   0 [9]=   0 [10]=   0 [11]=   0 
before (DPU 216) [0]= 208 [1]= 207 [2]= 171 [3]=   0 [4]=   0 [5]=   0 [6]=   0 [7]=   0 [8]=   0 [9]=   0 [10]=   0 [11]=   0 
after  (DPU 216) [0]= 208 [1]= 207 [2]= 171 [3]=   0 [4]=   0 [5]=   0 [6]=   0 [7]=   0 [8]=   0 [9]=   0 [10]=   0 [11]=   0 
before (DPU 217) [0]= 206 [1]= 188 [2]= 219 [3]=   0 [4]=   0 [5]=   0 [6]=   0 [7]=   0 [8]=   0 [9]=   0 [10]=   0 [11]=   0 
after  (DPU 217) [0]= 206 [1]= 188 [2]= 219 [3]=   0 [4]=   0 [5]=   0 [6]=   0 [7]=   0 [8]=   0 [9]=   0 [10]=   0 [11]=   0 
before (DPU 218) [0]= 185 [1]= 214 [2]= 215 [3]=   0 [4]=   0 [5]=   0 [6]=   0 [7]=   0 [8]=   0 [9]=   0 [10]=   0 [11]=   0 
after  (DPU 218) [0]= 185 [1]= 214 [2]= 215 [3]=   0 [4]=   0 [5]=   0 [6]=   0 [7]=   0 [8]=   0 [9]=   0 [10]=   0 [11]=   0 
before (DPU 219) [0]= 180 [1]= 186 [2]= 166 [3]=   0 [4]=   0 [5]=   0 [6]=   0 [7]=   0 [8]=   0 [9]=   0 [10]=   0 [11]=   0 
after  (DPU 219) [0]= 180 [1]= 186 [2]= 166 [3]=   0 [4]=   0 [5]=   0 [6]=   0 [7]=   0 [8]=   0 [9]=   0 [10]=   0 [11]=   0 
before (DPU 220) [0]= 180 [1]= 194 [2]= 190 [3]=   0 [4]=   0 [5]=   0 [6]=   0 [7]=   0 [8]=   0 [9]=   0 [10]=   0 [11]=   0 
after  (DPU 220) [0]= 180 [1]= 194 [2]= 190 [3]=   0 [4]=   0 [5]=   0 [6]=   0 [7]=   0 [8]=   0 [9]=   0 [10]=   0 [11]=   0 
before (DPU 221) [0]= 176 [1]= 195 [2]= 184 [3]=   0 [4]=   0 [5]=   0 [6]=   0 [7]=   0 [8]=   0 [9]=   0 [10]=   0 [11]=   0 
after  (DPU 221) [0]= 176 [1]= 195 [2]= 184 [3]=   0 [4]=   0 [5]=   0 [6]=   0 [7]=   0 [8]=   0 [9]=   0 [10]=   0 [11]=   0 
before (DPU 222) [0]= 199 [1]= 179 [2]= 198 [3]=   0 [4]=   0 [5]=   0 [6]=   0 [7]=   0 [8]=   0 [9]=   0 [10]=   0 [11]=   0 
after  (DPU 222) [0]= 199 [1]= 179 [2]= 198 [3]=   0 [4]=   0 [5]=   0 [6]=   0 [7]=   0 [8]=   0 [9]=   0 [10]=   0 [11]=   0 
before (DPU 223) [0]= 159 [1]= 179 [2]= 166 [3]=   0 [4]=   0 [5]=   0 [6]=   0 [7]=   0 [8]=   0 [9]=   0 [10]=   0 [11]=   0 
after  (DPU 223) [0]= 159 [1]= 179 [2]= 166 [3]=   0 [4]=   0 [5]=   0 [6]=   0 [7]=   0 [8]=   0 [9]=   0 [10]=   0 [11]=   0 
before (DPU 224) [0]= 174 [1]= 168 [2]= 176 [3]=   0 [4]=   0 [5]=   0 [6]=   0 [7]=   0 [8]=   0 [9]=   0 [10]=   0 [11]=   0 
after  (DPU 224) [0]= 174 [1]= 168 [2]= 176 [3]=   0 [4]=   0 [5]=   0 [6]=   0 [7]=   0 [8]=   0 [9]=   0 [10]=   0 [11]=   0 
before (DPU 225) [0]= 222 [1]= 186 [2]= 176 [3]=   0 [4]=   0 [5]=   0 [6]=   0 [7]=   0 [8]=   0 [9]=   0 [10]=   0 [11]=   0 
after  (DPU 225) [0]= 222 [1]= 186 [2]= 176 [3]=   0 [4]=   0 [5]=   0 [6]=   0 [7]=   0 [8]=   0 [9]=   0 [10]=   0 [11]=   0 
before (DPU 226) [0]= 177 [1]= 174 [2]= 171 [3]=   0 [4]=   0 [5]=   0 [6]=   0 [7]=   0 [8]=   0 [9]=   0 [10]=   0 [11]=   0 
after  (DPU 226) [0]= 177 [1]= 174 [2]= 171 [3]=   0 [4]=   0 [5]=   0 [6]=   0 [7]=   0 [8]=   0 [9]=   0 [10]=   0 [11]=   0 
before (DPU 227) [0]= 152 [1]= 171 [2]= 178 [3]=   0 [4]=   0 [5]=   0 [6]=   0 [7]=   0 [8]=   0 [9]=   0 [10]=   0 [11]=   0 
after  (DPU 227) [0]= 152 [1]= 171 [2]= 178 [3]=   0 [4]=   0 [5]=   0 [6]=   0 [7]=   0 [8]=   0 [9]=   0 [10]=   0 [11]=   0 
before (DPU 228) [0]= 187 [1]= 182 [2]= 160 [3]=   0 [4]=   0 [5]=   0 [6]=   0 [7]=   0 [8]=   0 [9]=   0 [10]=   0 [11]=   0 
after  (DPU 228) [0]= 187 [1]= 182 [2]= 160 [3]=   0 [4]=   0 [5]=   0 [6]=   0 [7]=   0 [8]=   0 [9]=   0 [10]=   0 [11]=   0 
before (DPU 229) [0]= 147 [1]= 149 [2]= 173 [3]=   0 [4]=   0 [5]=   0 [6]=   0 [7]=   0 [8]=   0 [9]=   0 [10]=   0 [11]=   0 
after  (DPU 229) [0]= 147 [1]= 149 [2]= 173 [3]=   0 [4]=   0 [5]=   0 [6]=   0 [7]=   0 [8]=   0 [9]=   0 [10]=   0 [11]=   0 
before (DPU 230) [0]= 177 [1]= 189 [2]= 178 [3]=   0 [4]=   0 [5]=   0 [6]=   0 [7]=   0 [8]=   0 [9]=   0 [10]=   0 [11]=   0 
after  (DPU 230) [0]= 177 [1]= 189 [2]= 178 [3]=   0 [4]=   0 [5]=   0 [6]=   0 [7]=   0 [8]=   0 [9]=   0 [10]=   0 [11]=   0 
before (DPU 231) [0]= 192 [1]= 184 [2]= 158 [3]=   0 [4]=   0 [5]=   0 [6]=   0 [7]=   0 [8]=   0 [9]=   0 [10]=   0 [11]=   0 
after  (DPU 231) [0]= 192 [1]= 184 [2]= 158 [3]=   0 [4]=   0 [5]=   0 [6]=   0 [7]=   0 [8]=   0 [9]=   0 [10]=   0 [11]=   0 
before (DPU 232) [0]= 180 [1]= 159 [2]= 162 [3]=   0 [4]=   0 [5]=   0 [6]=   0 [7]=   0 [8]=   0 [9]=   0 [10]=   0 [11]=   0 
after  (DPU 232) [0]= 180 [1]= 159 [2]= 162 [3]=   0 [4]=   0 [5]=   0 [6]=   0 [7]=   0 [8]=   0 [9]=   0 [10]=   0 [11]=   0 
before (DPU 233) [0]= 177 [1]= 192 [2]= 167 [3]=   0 [4]=   0 [5]=   0 [6]=   0 [7]=   0 [8]=   0 [9]=   0 [10]=   0 [11]=   0 
after  (DPU 233) [0]= 177 [1]= 192 [2]= 167 [3]=   0 [4]=   0 [5]=   0 [6]=   0 [7]=   0 [8]=   0 [9]=   0 [10]=   0 [11]=   0 
before (DPU 234) [0]= 167 [1]= 190 [2]= 161 [3]=   0 [4]=   0 [5]=   0 [6]=   0 [7]=   0 [8]=   0 [9]=   0 [10]=   0 [11]=   0 
after  (DPU 234) [0]= 167 [1]= 190 [2]= 161 [3]=   0 [4]=   0 [5]=   0 [6]=   0 [7]=   0 [8]=   0 [9]=   0 [10]=   0 [11]=   0 
before (DPU 235) [0]= 183 [1]= 173 [2]= 181 [3]=   0 [4]=   0 [5]=   0 [6]=   0 [7]=   0 [8]=   0 [9]=   0 [10]=   0 [11]=   0 
after  (DPU 235) [0]= 183 [1]= 173 [2]= 181 [3]=   0 [4]=   0 [5]=   0 [6]=   0 [7]=   0 [8]=   0 [9]=   0 [10]=   0 [11]=   0 
before (DPU 236) [0]= 190 [1]= 169 [2]= 197 [3]=   0 [4]=   0 [5]=   0 [6]=   0 [7]=   0 [8]=   0 [9]=   0 [10]=   0 [11]=   0 
after  (DPU 236) [0]= 190 [1]= 169 [2]= 197 [3]=   0 [4]=   0 [5]=   0 [6]=   0 [7]=   0 [8]=   0 [9]=   0 [10]=   0 [11]=   0 
before (DPU 237) [0]= 188 [1]= 151 [2]= 153 [3]=   0 [4]=   0 [5]=   0 [6]=   0 [7]=   0 [8]=   0 [9]=   0 [10]=   0 [11]=   0 
after  (DPU 237) [0]= 188 [1]= 151 [2]= 153 [3]=   0 [4]=   0 [5]=   0 [6]=   0 [7]=   0 [8]=   0 [9]=   0 [10]=   0 [11]=   0 
before (DPU 238) [0]= 163 [1]= 176 [2]= 155 [3]=   0 [4]=   0 [5]=   0 [6]=   0 [7]=   0 [8]=   0 [9]=   0 [10]=   0 [11]=   0 
after  (DPU 238) [0]= 163 [1]= 176 [2]= 155 [3]=   0 [4]=   0 [5]=   0 [6]=   0 [7]=   0 [8]=   0 [9]=   0 [10]=   0 [11]=   0 
before (DPU 239) [0]= 145 [1]= 168 [2]= 163 [3]=   0 [4]=   0 [5]=   0 [6]=   0 [7]=   0 [8]=   0 [9]=   0 [10]=   0 [11]=   0 
after  (DPU 239) [0]= 145 [1]= 168 [2]= 163 [3]=   0 [4]=   0 [5]=   0 [6]=   0 [7]=   0 [8]=   0 [9]=   0 [10]=   0 [11]=   0 
before (DPU 240) [0]= 172 [1]= 187 [2]= 188 [3]=   0 [4]=   0 [5]=   0 [6]=   0 [7]=   0 [8]=   0 [9]=   0 [10]=   0 [11]=   0 
after  (DPU 240) [0]= 172 [1]= 187 [2]= 188 [3]=   0 [4]=   0 [5]=   0 [6]=   0 [7]=   0 [8]=   0 [9]=   0 [10]=   0 [11]=   0 
before (DPU 241) [0]= 156 [1]= 177 [2]= 157 [3]=   0 [4]=   0 [5]=   0 [6]=   0 [7]=   0 [8]=   0 [9]=   0 [10]=   0 [11]=   0 
after  (DPU 241) [0]= 156 [1]= 177 [2]= 157 [3]=   0 [4]=   0 [5]=   0 [6]=   0 [7]=   0 [8]=   0 [9]=   0 [10]=   0 [11]=   0 
before (DPU 242) [0]= 176 [1]= 159 [2]= 169 [3]=   0 [4]=   0 [5]=   0 [6]=   0 [7]=   0 [8]=   0 [9]=   0 [10]=   0 [11]=   0 
after  (DPU 242) [0]= 176 [1]= 159 [2]= 169 [3]=   0 [4]=   0 [5]=   0 [6]=   0 [7]=   0 [8]=   0 [9]=   0 [10]=   0 [11]=   0 
before (DPU 243) [0]= 166 [1]= 161 [2]= 170 [3]=   0 [4]=   0 [5]=   0 [6]=   0 [7]=   0 [8]=   0 [9]=   0 [10]=   0 [11]=   0 
after  (DPU 243) [0]= 166 [1]= 161 [2]= 170 [3]=   0 [4]=   0 [5]=   0 [6]=   0 [7]=   0 [8]=   0 [9]=   0 [10]=   0 [11]=   0 
before (DPU 244) [0]= 168 [1]= 168 [2]= 152 [3]=   0 [4]=   0 [5]=   0 [6]=   0 [7]=   0 [8]=   0 [9]=   0 [10]=   0 [11]=   0 
after  (DPU 244) [0]= 168 [1]= 168 [2]= 152 [3]=   0 [4]=   0 [5]=   0 [6]=   0 [7]=   0 [8]=   0 [9]=   0 [10]=   0 [11]=   0 
before (DPU 245) [0]= 169 [1]= 156 [2]= 141 [3]=   0 [4]=   0 [5]=   0 [6]=   0 [7]=   0 [8]=   0 [9]=   0 [10]=   0 [11]=   0 
after  (DPU 245) [0]= 169 [1]= 156 [2]= 141 [3]=   0 [4]=   0 [5]=   0 [6]=   0 [7]=   0 [8]=   0 [9]=   0 [10]=   0 [11]=   0 
before (DPU 246) [0]= 151 [1]= 177 [2]= 192 [3]=   0 [4]=   0 [5]=   0 [6]=   0 [7]=   0 [8]=   0 [9]=   0 [10]=   0 [11]=   0 
after  (DPU 246) [0]= 151 [1]= 177 [2]= 192 [3]=   0 [4]=   0 [5]=   0 [6]=   0 [7]=   0 [8]=   0 [9]=   0 [10]=   0 [11]=   0 
before (DPU 247) [0]= 151 [1]= 146 [2]= 157 [3]=   0 [4]=   0 [5]=   0 [6]=   0 [7]=   0 [8]=   0 [9]=   0 [10]=   0 [11]=   0 
after  (DPU 247) [0]= 151 [1]= 146 [2]= 157 [3]=   0 [4]=   0 [5]=   0 [6]=   0 [7]=   0 [8]=   0 [9]=   0 [10]=   0 [11]=   0 
before (DPU 248) [0]= 159 [1]= 176 [2]= 147 [3]=   0 [4]=   0 [5]=   0 [6]=   0 [7]=   0 [8]=   0 [9]=   0 [10]=   0 [11]=   0 
after  (DPU 248) [0]= 159 [1]= 176 [2]= 147 [3]=   0 [4]=   0 [5]=   0 [6]=   0 [7]=   0 [8]=   0 [9]=   0 [10]=   0 [11]=   0 
before (DPU 249) [0]= 172 [1]= 134 [2]= 144 [3]=   0 [4]=   0 [5]=   0 [6]=   0 [7]=   0 [8]=   0 [9]=   0 [10]=   0 [11]=   0 
after  (DPU 249) [0]= 172 [1]= 134 [2]= 144 [3]=   0 [4]=   0 [5]=   0 [6]=   0 [7]=   0 [8]=   0 [9]=   0 [10]=   0 [11]=   0 
before (DPU 250) [0]= 153 [1]= 160 [2]= 147 [3]=   0 [4]=   0 [5]=   0 [6]=   0 [7]=   0 [8]=   0 [9]=   0 [10]=   0 [11]=   0 
after  (DPU 250) [0]= 153 [1]= 160 [2]= 147 [3]=   0 [4]=   0 [5]=   0 [6]=   0 [7]=   0 [8]=   0 [9]=   0 [10]=   0 [11]=   0 
before (DPU 251) [0]= 159 [1]= 169 [2]= 173 [3]=   0 [4]=   0 [5]=   0 [6]=   0 [7]=   0 [8]=   0 [9]=   0 [10]=   0 [11]=   0 
after  (DPU 251) [0]= 159 [1]= 169 [2]= 173 [3]=   0 [4]=   0 [5]=   0 [6]=   0 [7]=   0 [8]=   0 [9]=   0 [10]=   0 [11]=   0 
before (DPU 252) [0]= 169 [1]= 155 [2]= 180 [3]=   0 [4]=   0 [5]=   0 [6]=   0 [7]=   0 [8]=   0 [9]=   0 [10]=   0 [11]=   0 
after  (DPU 252) [0]= 169 [1]= 155 [2]= 180 [3]=   0 [4]=   0 [5]=   0 [6]=   0 [7]=   0 [8]=   0 [9]=   0 [10]=   0 [11]=   0 
before (DPU 253) [0]= 178 [1]= 160 [2]= 160 [3]=   0 [4]=   0 [5]=   0 [6]=   0 [7]=   0 [8]=   0 [9]=   0 [10]=   0 [11]=   0 
after  (DPU 253) [0]= 178 [1]= 160 [2]= 160 [3]=   0 [4]=   0 [5]=   0 [6]=   0 [7]=   0 [8]=   0 [9]=   0 [10]=   0 [11]=   0 
before (DPU 254) [0]= 170 [1]= 158 [2]= 145 [3]=   0 [4]=   0 [5]=   0 [6]=   0 [7]=   0 [8]=   0 [9]=   0 [10]=   0 [11]=   0 
after  (DPU 254) [0]= 170 [1]= 158 [2]= 145 [3]=   0 [4]=   0 [5]=   0 [6]=   0 [7]=   0 [8]=   0 [9]=   0 [10]=   0 [11]=   0 
before (DPU 255) [0]= 147 [1]= 141 [2]= 166 [3]=   0 [4]=   0 [5]=   0 [6]=   0 [7]=   0 [8]=   0 [9]=   0 [10]=   0 [11]=   0 
after  (DPU 255) [0]= 147 [1]= 141 [2]= 166 [3]=   0 [4]=   0 [5]=   0 [6]=   0 [7]=   0 [8]=   0 [9]=   0 [10]=   0 [11]=   0 
before (DPU 256) [0]= 144 [1]= 161 [2]= 151 [3]=   0 [4]=   0 [5]=   0 [6]=   0 [7]=   0 [8]=   0 [9]=   0 [10]=   0 [11]=   0 
after  (DPU 256) [0]= 144 [1]= 161 [2]= 151 [3]=   0 [4]=   0 [5]=   0 [6]=   0 [7]=   0 [8]=   0 [9]=   0 [10]=   0 [11]=   0 
before (DPU 257) [0]= 143 [1]= 163 [2]= 171 [3]=   0 [4]=   0 [5]=   0 [6]=   0 [7]=   0 [8]=   0 [9]=   0 [10]=   0 [11]=   0 
after  (DPU 257) [0]= 143 [1]= 163 [2]= 171 [3]=   0 [4]=   0 [5]=   0 [6]=   0 [7]=   0 [8]=   0 [9]=   0 [10]=   0 [11]=   0 
before (DPU 258) [0]= 162 [1]= 167 [2]= 166 [3]=   0 [4]=   0 [5]=   0 [6]=   0 [7]=   0 [8]=   0 [9]=   0 [10]=   0 [11]=   0 
after  (DPU 258) [0]= 162 [1]= 167 [2]= 166 [3]=   0 [4]=   0 [5]=   0 [6]=   0 [7]=   0 [8]=   0 [9]=   0 [10]=   0 [11]=   0 
before (DPU 259) [0]= 158 [1]= 153 [2]= 166 [3]=   0 [4]=   0 [5]=   0 [6]=   0 [7]=   0 [8]=   0 [9]=   0 [10]=   0 [11]=   0 
after  (DPU 259) [0]= 158 [1]= 153 [2]= 166 [3]=   0 [4]=   0 [5]=   0 [6]=   0 [7]=   0 [8]=   0 [9]=   0 [10]=   0 [11]=   0 
before (DPU 260) [0]= 131 [1]= 170 [2]= 167 [3]=   0 [4]=   0 [5]=   0 [6]=   0 [7]=   0 [8]=   0 [9]=   0 [10]=   0 [11]=   0 
after  (DPU 260) [0]= 131 [1]= 170 [2]= 167 [3]=   0 [4]=   0 [5]=   0 [6]=   0 [7]=   0 [8]=   0 [9]=   0 [10]=   0 [11]=   0 
before (DPU 261) [0]= 153 [1]= 149 [2]= 155 [3]=   0 [4]=   0 [5]=   0 [6]=   0 [7]=   0 [8]=   0 [9]=   0 [10]=   0 [11]=   0 
after  (DPU 261) [0]= 153 [1]= 149 [2]= 155 [3]=   0 [4]=   0 [5]=   0 [6]=   0 [7]=   0 [8]=   0 [9]=   0 [10]=   0 [11]=   0 
before (DPU 262) [0]= 170 [1]= 173 [2]= 142 [3]=   0 [4]=   0 [5]=   0 [6]=   0 [7]=   0 [8]=   0 [9]=   0 [10]=   0 [11]=   0 
after  (DPU 262) [0]= 170 [1]= 173 [2]= 142 [3]=   0 [4]=   0 [5]=   0 [6]=   0 [7]=   0 [8]=   0 [9]=   0 [10]=   0 [11]=   0 
before (DPU 263) [0]= 150 [1]= 150 [2]= 147 [3]=   0 [4]=   0 [5]=   0 [6]=   0 [7]=   0 [8]=   0 [9]=   0 [10]=   0 [11]=   0 
after  (DPU 263) [0]= 150 [1]= 150 [2]= 147 [3]=   0 [4]=   0 [5]=   0 [6]=   0 [7]=   0 [8]=   0 [9]=   0 [10]=   0 [11]=   0 
before (DPU 264) [0]= 167 [1]= 157 [2]= 142 [3]=   0 [4]=   0 [5]=   0 [6]=   0 [7]=   0 [8]=   0 [9]=   0 [10]=   0 [11]=   0 
after  (DPU 264) [0]= 167 [1]= 157 [2]= 142 [3]=   0 [4]=   0 [5]=   0 [6]=   0 [7]=   0 [8]=   0 [9]=   0 [10]=   0 [11]=   0 
before (DPU 265) [0]= 168 [1]= 156 [2]= 149 [3]=   0 [4]=   0 [5]=   0 [6]=   0 [7]=   0 [8]=   0 [9]=   0 [10]=   0 [11]=   0 
after  (DPU 265) [0]= 168 [1]= 156 [2]= 149 [3]=   0 [4]=   0 [5]=   0 [6]=   0 [7]=   0 [8]=   0 [9]=   0 [10]=   0 [11]=   0 
before (DPU 266) [0]= 147 [1]= 117 [2]= 162 [3]=   0 [4]=   0 [5]=   0 [6]=   0 [7]=   0 [8]=   0 [9]=   0 [10]=   0 [11]=   0 
after  (DPU 266) [0]= 147 [1]= 117 [2]= 162 [3]=   0 [4]=   0 [5]=   0 [6]=   0 [7]=   0 [8]=   0 [9]=   0 [10]=   0 [11]=   0 
before (DPU 267) [0]= 162 [1]= 158 [2]= 149 [3]=   0 [4]=   0 [5]=   0 [6]=   0 [7]=   0 [8]=   0 [9]=   0 [10]=   0 [11]=   0 
after  (DPU 267) [0]= 162 [1]= 158 [2]= 149 [3]=   0 [4]=   0 [5]=   0 [6]=   0 [7]=   0 [8]=   0 [9]=   0 [10]=   0 [11]=   0 
before (DPU 268) [0]= 150 [1]= 140 [2]= 160 [3]=   0 [4]=   0 [5]=   0 [6]=   0 [7]=   0 [8]=   0 [9]=   0 [10]=   0 [11]=   0 
after  (DPU 268) [0]= 150 [1]= 140 [2]= 160 [3]=   0 [4]=   0 [5]=   0 [6]=   0 [7]=   0 [8]=   0 [9]=   0 [10]=   0 [11]=   0 
before (DPU 269) [0]= 156 [1]= 140 [2]= 156 [3]=   0 [4]=   0 [5]=   0 [6]=   0 [7]=   0 [8]=   0 [9]=   0 [10]=   0 [11]=   0 
after  (DPU 269) [0]= 156 [1]= 140 [2]= 156 [3]=   0 [4]=   0 [5]=   0 [6]=   0 [7]=   0 [8]=   0 [9]=   0 [10]=   0 [11]=   0 
before (DPU 270) [0]= 152 [1]= 167 [2]= 149 [3]=   0 [4]=   0 [5]=   0 [6]=   0 [7]=   0 [8]=   0 [9]=   0 [10]=   0 [11]=   0 
after  (DPU 270) [0]= 152 [1]= 167 [2]= 149 [3]=   0 [4]=   0 [5]=   0 [6]=   0 [7]=   0 [8]=   0 [9]=   0 [10]=   0 [11]=   0 
before (DPU 271) [0]= 171 [1]= 134 [2]= 144 [3]=   0 [4]=   0 [5]=   0 [6]=   0 [7]=   0 [8]=   0 [9]=   0 [10]=   0 [11]=   0 
after  (DPU 271) [0]= 171 [1]= 134 [2]= 144 [3]=   0 [4]=   0 [5]=   0 [6]=   0 [7]=   0 [8]=   0 [9]=   0 [10]=   0 [11]=   0 
before (DPU 272) [0]= 161 [1]= 162 [2]= 144 [3]=   0 [4]=   0 [5]=   0 [6]=   0 [7]=   0 [8]=   0 [9]=   0 [10]=   0 [11]=   0 
after  (DPU 272) [0]= 161 [1]= 162 [2]= 144 [3]=   0 [4]=   0 [5]=   0 [6]=   0 [7]=   0 [8]=   0 [9]=   0 [10]=   0 [11]=   0 
before (DPU 273) [0]= 151 [1]= 132 [2]= 153 [3]=   0 [4]=   0 [5]=   0 [6]=   0 [7]=   0 [8]=   0 [9]=   0 [10]=   0 [11]=   0 
after  (DPU 273) [0]= 151 [1]= 132 [2]= 153 [3]=   0 [4]=   0 [5]=   0 [6]=   0 [7]=   0 [8]=   0 [9]=   0 [10]=   0 [11]=   0 
before (DPU 274) [0]= 148 [1]= 168 [2]= 162 [3]=   0 [4]=   0 [5]=   0 [6]=   0 [7]=   0 [8]=   0 [9]=   0 [10]=   0 [11]=   0 
after  (DPU 274) [0]= 148 [1]= 168 [2]= 162 [3]=   0 [4]=   0 [5]=   0 [6]=   0 [7]=   0 [8]=   0 [9]=   0 [10]=   0 [11]=   0 
before (DPU 275) [0]= 152 [1]= 168 [2]= 148 [3]=   0 [4]=   0 [5]=   0 [6]=   0 [7]=   0 [8]=   0 [9]=   0 [10]=   0 [11]=   0 
after  (DPU 275) [0]= 152 [1]= 168 [2]= 148 [3]=   0 [4]=   0 [5]=   0 [6]=   0 [7]=   0 [8]=   0 [9]=   0 [10]=   0 [11]=   0 
before (DPU 276) [0]= 146 [1]= 147 [2]= 142 [3]=   0 [4]=   0 [5]=   0 [6]=   0 [7]=   0 [8]=   0 [9]=   0 [10]=   0 [11]=   0 
after  (DPU 276) [0]= 146 [1]= 147 [2]= 142 [3]=   0 [4]=   0 [5]=   0 [6]=   0 [7]=   0 [8]=   0 [9]=   0 [10]=   0 [11]=   0 
before (DPU 277) [0]= 153 [1]= 164 [2]= 159 [3]=   0 [4]=   0 [5]=   0 [6]=   0 [7]=   0 [8]=   0 [9]=   0 [10]=   0 [11]=   0 
after  (DPU 277) [0]= 153 [1]= 164 [2]= 159 [3]=   0 [4]=   0 [5]=   0 [6]=   0 [7]=   0 [8]=   0 [9]=   0 [10]=   0 [11]=   0 
before (DPU 278) [0]= 158 [1]= 147 [2]= 149 [3]=   0 [4]=   0 [5]=   0 [6]=   0 [7]=   0 [8]=   0 [9]=   0 [10]=   0 [11]=   0 
after  (DPU 278) [0]= 158 [1]= 147 [2]= 149 [3]=   0 [4]=   0 [5]=   0 [6]=   0 [7]=   0 [8]=   0 [9]=   0 [10]=   0 [11]=   0 
before (DPU 279) [0]= 125 [1]= 158 [2]= 146 [3]=   0 [4]=   0 [5]=   0 [6]=   0 [7]=   0 [8]=   0 [9]=   0 [10]=   0 [11]=   0 
after  (DPU 279) [0]= 125 [1]= 158 [2]= 146 [3]=   0 [4]=   0 [5]=   0 [6]=   0 [7]=   0 [8]=   0 [9]=   0 [10]=   0 [11]=   0 
before (DPU 280) [0]= 158 [1]= 130 [2]= 162 [3]=   0 [4]=   0 [5]=   0 [6]=   0 [7]=   0 [8]=   0 [9]=   0 [10]=   0 [11]=   0 
after  (DPU 280) [0]= 158 [1]= 130 [2]= 162 [3]=   0 [4]=   0 [5]=   0 [6]=   0 [7]=   0 [8]=   0 [9]=   0 [10]=   0 [11]=   0 
before (DPU 281) [0]= 125 [1]= 153 [2]= 170 [3]=   0 [4]=   0 [5]=   0 [6]=   0 [7]=   0 [8]=   0 [9]=   0 [10]=   0 [11]=   0 
after  (DPU 281) [0]= 125 [1]= 153 [2]= 170 [3]=   0 [4]=   0 [5]=   0 [6]=   0 [7]=   0 [8]=   0 [9]=   0 [10]=   0 [11]=   0 
before (DPU 282) [0]= 147 [1]= 135 [2]= 148 [3]=   0 [4]=   0 [5]=   0 [6]=   0 [7]=   0 [8]=   0 [9]=   0 [10]=   0 [11]=   0 
after  (DPU 282) [0]= 147 [1]= 135 [2]= 148 [3]=   0 [4]=   0 [5]=   0 [6]=   0 [7]=   0 [8]=   0 [9]=   0 [10]=   0 [11]=   0 
before (DPU 283) [0]= 130 [1]= 112 [2]= 158 [3]=   0 [4]=   0 [5]=   0 [6]=   0 [7]=   0 [8]=   0 [9]=   0 [10]=   0 [11]=   0 
after  (DPU 283) [0]= 130 [1]= 112 [2]= 158 [3]=   0 [4]=   0 [5]=   0 [6]=   0 [7]=   0 [8]=   0 [9]=   0 [10]=   0 [11]=   0 
before (DPU 284) [0]= 138 [1]= 136 [2]= 156 [3]=   0 [4]=   0 [5]=   0 [6]=   0 [7]=   0 [8]=   0 [9]=   0 [10]=   0 [11]=   0 
after  (DPU 284) [0]= 138 [1]= 136 [2]= 156 [3]=   0 [4]=   0 [5]=   0 [6]=   0 [7]=   0 [8]=   0 [9]=   0 [10]=   0 [11]=   0 
before (DPU 285) [0]= 136 [1]= 146 [2]= 117 [3]=   0 [4]=   0 [5]=   0 [6]=   0 [7]=   0 [8]=   0 [9]=   0 [10]=   0 [11]=   0 
after  (DPU 285) [0]= 136 [1]= 146 [2]= 117 [3]=   0 [4]=   0 [5]=   0 [6]=   0 [7]=   0 [8]=   0 [9]=   0 [10]=   0 [11]=   0 
before (DPU 286) [0]= 128 [1]= 146 [2]= 158 [3]=   0 [4]=   0 [5]=   0 [6]=   0 [7]=   0 [8]=   0 [9]=   0 [10]=   0 [11]=   0 
after  (DPU 286) [0]= 128 [1]= 146 [2]= 158 [3]=   0 [4]=   0 [5]=   0 [6]=   0 [7]=   0 [8]=   0 [9]=   0 [10]=   0 [11]=   0 
before (DPU 287) [0]= 123 [1]= 126 [2]= 147 [3]=   0 [4]=   0 [5]=   0 [6]=   0 [7]=   0 [8]=   0 [9]=   0 [10]=   0 [11]=   0 
after  (DPU 287) [0]= 123 [1]= 126 [2]= 147 [3]=   0 [4]=   0 [5]=   0 [6]=   0 [7]=   0 [8]=   0 [9]=   0 [10]=   0 [11]=   0 
before (DPU 288) [0]= 129 [1]= 143 [2]= 141 [3]=   0 [4]=   0 [5]=   0 [6]=   0 [7]=   0 [8]=   0 [9]=   0 [10]=   0 [11]=   0 
after  (DPU 288) [0]= 129 [1]= 143 [2]= 141 [3]=   0 [4]=   0 [5]=   0 [6]=   0 [7]=   0 [8]=   0 [9]=   0 [10]=   0 [11]=   0 
before (DPU 289) [0]= 141 [1]= 150 [2]= 157 [3]=   0 [4]=   0 [5]=   0 [6]=   0 [7]=   0 [8]=   0 [9]=   0 [10]=   0 [11]=   0 
after  (DPU 289) [0]= 141 [1]= 150 [2]= 157 [3]=   0 [4]=   0 [5]=   0 [6]=   0 [7]=   0 [8]=   0 [9]=   0 [10]=   0 [11]=   0 
before (DPU 290) [0]= 130 [1]= 123 [2]= 134 [3]=   0 [4]=   0 [5]=   0 [6]=   0 [7]=   0 [8]=   0 [9]=   0 [10]=   0 [11]=   0 
after  (DPU 290) [0]= 130 [1]= 123 [2]= 134 [3]=   0 [4]=   0 [5]=   0 [6]=   0 [7]=   0 [8]=   0 [9]=   0 [10]=   0 [11]=   0 
before (DPU 291) [0]= 130 [1]= 122 [2]= 138 [3]=   0 [4]=   0 [5]=   0 [6]=   0 [7]=   0 [8]=   0 [9]=   0 [10]=   0 [11]=   0 
after  (DPU 291) [0]= 130 [1]= 122 [2]= 138 [3]=   0 [4]=   0 [5]=   0 [6]=   0 [7]=   0 [8]=   0 [9]=   0 [10]=   0 [11]=   0 
before (DPU 292) [0]= 122 [1]= 126 [2]= 137 [3]=   0 [4]=   0 [5]=   0 [6]=   0 [7]=   0 [8]=   0 [9]=   0 [10]=   0 [11]=   0 
after  (DPU 292) [0]= 122 [1]= 126 [2]= 137 [3]=   0 [4]=   0 [5]=   0 [6]=   0 [7]=   0 [8]=   0 [9]=   0 [10]=   0 [11]=   0 
before (DPU 293) [0]= 127 [1]= 144 [2]= 141 [3]=   0 [4]=   0 [5]=   0 [6]=   0 [7]=   0 [8]=   0 [9]=   0 [10]=   0 [11]=   0 
after  (DPU 293) [0]= 127 [1]= 144 [2]= 141 [3]=   0 [4]=   0 [5]=   0 [6]=   0 [7]=   0 [8]=   0 [9]=   0 [10]=   0 [11]=   0 
before (DPU 294) [0]= 141 [1]= 131 [2]= 145 [3]=   0 [4]=   0 [5]=   0 [6]=   0 [7]=   0 [8]=   0 [9]=   0 [10]=   0 [11]=   0 
after  (DPU 294) [0]= 141 [1]= 131 [2]= 145 [3]=   0 [4]=   0 [5]=   0 [6]=   0 [7]=   0 [8]=   0 [9]=   0 [10]=   0 [11]=   0 
before (DPU 295) [0]= 148 [1]= 146 [2]= 131 [3]=   0 [4]=   0 [5]=   0 [6]=   0 [7]=   0 [8]=   0 [9]=   0 [10]=   0 [11]=   0 
after  (DPU 295) [0]= 148 [1]= 146 [2]= 131 [3]=   0 [4]=   0 [5]=   0 [6]=   0 [7]=   0 [8]=   0 [9]=   0 [10]=   0 [11]=   0 
before (DPU 296) [0]= 133 [1]= 119 [2]= 121 [3]=   0 [4]=   0 [5]=   0 [6]=   0 [7]=   0 [8]=   0 [9]=   0 [10]=   0 [11]=   0 
after  (DPU 296) [0]= 133 [1]= 119 [2]= 121 [3]=   0 [4]=   0 [5]=   0 [6]=   0 [7]=   0 [8]=   0 [9]=   0 [10]=   0 [11]=   0 
before (DPU 297) [0]= 157 [1]= 129 [2]= 137 [3]=   0 [4]=   0 [5]=   0 [6]=   0 [7]=   0 [8]=   0 [9]=   0 [10]=   0 [11]=   0 
after  (DPU 297) [0]= 157 [1]= 129 [2]= 137 [3]=   0 [4]=   0 [5]=   0 [6]=   0 [7]=   0 [8]=   0 [9]=   0 [10]=   0 [11]=   0 
before (DPU 298) [0]= 159 [1]= 151 [2]= 143 [3]=   0 [4]=   0 [5]=   0 [6]=   0 [7]=   0 [8]=   0 [9]=   0 [10]=   0 [11]=   0 
after  (DPU 298) [0]= 159 [1]= 151 [2]= 143 [3]=   0 [4]=   0 [5]=   0 [6]=   0 [7]=   0 [8]=   0 [9]=   0 [10]=   0 [11]=   0 
before (DPU 299) [0]= 116 [1]= 132 [2]= 146 [3]=   0 [4]=   0 [5]=   0 [6]=   0 [7]=   0 [8]=   0 [9]=   0 [10]=   0 [11]=   0 
after  (DPU 299) [0]= 116 [1]= 132 [2]= 146 [3]=   0 [4]=   0 [5]=   0 [6]=   0 [7]=   0 [8]=   0 [9]=   0 [10]=   0 [11]=   0 
before (DPU 300) [0]= 134 [1]= 138 [2]= 147 [3]=   0 [4]=   0 [5]=   0 [6]=   0 [7]=   0 [8]=   0 [9]=   0 [10]=   0 [11]=   0 
after  (DPU 300) [0]= 134 [1]= 138 [2]= 147 [3]=   0 [4]=   0 [5]=   0 [6]=   0 [7]=   0 [8]=   0 [9]=   0 [10]=   0 [11]=   0 
before (DPU 301) [0]= 141 [1]= 122 [2]= 142 [3]=   0 [4]=   0 [5]=   0 [6]=   0 [7]=   0 [8]=   0 [9]=   0 [10]=   0 [11]=   0 
after  (DPU 301) [0]= 141 [1]= 122 [2]= 142 [3]=   0 [4]=   0 [5]=   0 [6]=   0 [7]=   0 [8]=   0 [9]=   0 [10]=   0 [11]=   0 
before (DPU 302) [0]= 149 [1]= 140 [2]= 130 [3]=   0 [4]=   0 [5]=   0 [6]=   0 [7]=   0 [8]=   0 [9]=   0 [10]=   0 [11]=   0 
after  (DPU 302) [0]= 149 [1]= 140 [2]= 130 [3]=   0 [4]=   0 [5]=   0 [6]=   0 [7]=   0 [8]=   0 [9]=   0 [10]=   0 [11]=   0 
before (DPU 303) [0]= 153 [1]= 146 [2]= 139 [3]=   0 [4]=   0 [5]=   0 [6]=   0 [7]=   0 [8]=   0 [9]=   0 [10]=   0 [11]=   0 
after  (DPU 303) [0]= 153 [1]= 146 [2]= 139 [3]=   0 [4]=   0 [5]=   0 [6]=   0 [7]=   0 [8]=   0 [9]=   0 [10]=   0 [11]=   0 
before (DPU 304) [0]= 129 [1]= 127 [2]= 143 [3]=   0 [4]=   0 [5]=   0 [6]=   0 [7]=   0 [8]=   0 [9]=   0 [10]=   0 [11]=   0 
after  (DPU 304) [0]= 129 [1]= 127 [2]= 143 [3]=   0 [4]=   0 [5]=   0 [6]=   0 [7]=   0 [8]=   0 [9]=   0 [10]=   0 [11]=   0 
before (DPU 305) [0]= 126 [1]= 140 [2]= 140 [3]=   0 [4]=   0 [5]=   0 [6]=   0 [7]=   0 [8]=   0 [9]=   0 [10]=   0 [11]=   0 
after  (DPU 305) [0]= 126 [1]= 140 [2]= 140 [3]=   0 [4]=   0 [5]=   0 [6]=   0 [7]=   0 [8]=   0 [9]=   0 [10]=   0 [11]=   0 
before (DPU 306) [0]= 145 [1]= 108 [2]= 126 [3]=   0 [4]=   0 [5]=   0 [6]=   0 [7]=   0 [8]=   0 [9]=   0 [10]=   0 [11]=   0 
after  (DPU 306) [0]= 145 [1]= 108 [2]= 126 [3]=   0 [4]=   0 [5]=   0 [6]=   0 [7]=   0 [8]=   0 [9]=   0 [10]=   0 [11]=   0 
before (DPU 307) [0]= 133 [1]= 132 [2]= 140 [3]=   0 [4]=   0 [5]=   0 [6]=   0 [7]=   0 [8]=   0 [9]=   0 [10]=   0 [11]=   0 
after  (DPU 307) [0]= 133 [1]= 132 [2]= 140 [3]=   0 [4]=   0 [5]=   0 [6]=   0 [7]=   0 [8]=   0 [9]=   0 [10]=   0 [11]=   0 
before (DPU 308) [0]= 125 [1]= 128 [2]= 119 [3]=   0 [4]=   0 [5]=   0 [6]=   0 [7]=   0 [8]=   0 [9]=   0 [10]=   0 [11]=   0 
after  (DPU 308) [0]= 125 [1]= 128 [2]= 119 [3]=   0 [4]=   0 [5]=   0 [6]=   0 [7]=   0 [8]=   0 [9]=   0 [10]=   0 [11]=   0 
before (DPU 309) [0]= 161 [1]= 147 [2]= 150 [3]=   0 [4]=   0 [5]=   0 [6]=   0 [7]=   0 [8]=   0 [9]=   0 [10]=   0 [11]=   0 
after  (DPU 309) [0]= 161 [1]= 147 [2]= 150 [3]=   0 [4]=   0 [5]=   0 [6]=   0 [7]=   0 [8]=   0 [9]=   0 [10]=   0 [11]=   0 
before (DPU 310) [0]= 122 [1]= 133 [2]= 161 [3]=   0 [4]=   0 [5]=   0 [6]=   0 [7]=   0 [8]=   0 [9]=   0 [10]=   0 [11]=   0 
after  (DPU 310) [0]= 122 [1]= 133 [2]= 161 [3]=   0 [4]=   0 [5]=   0 [6]=   0 [7]=   0 [8]=   0 [9]=   0 [10]=   0 [11]=   0 
before (DPU 311) [0]= 133 [1]= 124 [2]= 129 [3]=   0 [4]=   0 [5]=   0 [6]=   0 [7]=   0 [8]=   0 [9]=   0 [10]=   0 [11]=   0 
after  (DPU 311) [0]= 133 [1]= 124 [2]= 129 [3]=   0 [4]=   0 [5]=   0 [6]=   0 [7]=   0 [8]=   0 [9]=   0 [10]=   0 [11]=   0 
before (DPU 312) [0]= 120 [1]= 125 [2]= 119 [3]=   0 [4]=   0 [5]=   0 [6]=   0 [7]=   0 [8]=   0 [9]=   0 [10]=   0 [11]=   0 
after  (DPU 312) [0]= 120 [1]= 125 [2]= 119 [3]=   0 [4]=   0 [5]=   0 [6]=   0 [7]=   0 [8]=   0 [9]=   0 [10]=   0 [11]=   0 
before (DPU 313) [0]= 143 [1]= 107 [2]= 101 [3]=   0 [4]=   0 [5]=   0 [6]=   0 [7]=   0 [8]=   0 [9]=   0 [10]=   0 [11]=   0 
after  (DPU 313) [0]= 143 [1]= 107 [2]= 101 [3]=   0 [4]=   0 [5]=   0 [6]=   0 [7]=   0 [8]=   0 [9]=   0 [10]=   0 [11]=   0 
before (DPU 314) [0]= 139 [1]= 146 [2]= 139 [3]=   0 [4]=   0 [5]=   0 [6]=   0 [7]=   0 [8]=   0 [9]=   0 [10]=   0 [11]=   0 
after  (DPU 314) [0]= 139 [1]= 146 [2]= 139 [3]=   0 [4]=   0 [5]=   0 [6]=   0 [7]=   0 [8]=   0 [9]=   0 [10]=   0 [11]=   0 
before (DPU 315) [0]= 132 [1]= 144 [2]= 124 [3]=   0 [4]=   0 [5]=   0 [6]=   0 [7]=   0 [8]=   0 [9]=   0 [10]=   0 [11]=   0 
after  (DPU 315) [0]= 132 [1]= 144 [2]= 124 [3]=   0 [4]=   0 [5]=   0 [6]=   0 [7]=   0 [8]=   0 [9]=   0 [10]=   0 [11]=   0 
before (DPU 316) [0]= 122 [1]= 130 [2]= 132 [3]=   0 [4]=   0 [5]=   0 [6]=   0 [7]=   0 [8]=   0 [9]=   0 [10]=   0 [11]=   0 
after  (DPU 316) [0]= 122 [1]= 130 [2]= 132 [3]=   0 [4]=   0 [5]=   0 [6]=   0 [7]=   0 [8]=   0 [9]=   0 [10]=   0 [11]=   0 
before (DPU 317) [0]= 120 [1]= 132 [2]= 132 [3]=   0 [4]=   0 [5]=   0 [6]=   0 [7]=   0 [8]=   0 [9]=   0 [10]=   0 [11]=   0 
after  (DPU 317) [0]= 120 [1]= 132 [2]= 132 [3]=   0 [4]=   0 [5]=   0 [6]=   0 [7]=   0 [8]=   0 [9]=   0 [10]=   0 [11]=   0 
before (DPU 318) [0]= 138 [1]= 134 [2]= 116 [3]=   0 [4]=   0 [5]=   0 [6]=   0 [7]=   0 [8]=   0 [9]=   0 [10]=   0 [11]=   0 
after  (DPU 318) [0]= 138 [1]= 134 [2]= 116 [3]=   0 [4]=   0 [5]=   0 [6]=   0 [7]=   0 [8]=   0 [9]=   0 [10]=   0 [11]=   0 
before (DPU 319) [0]= 121 [1]= 115 [2]= 129 [3]=   0 [4]=   0 [5]=   0 [6]=   0 [7]=   0 [8]=   0 [9]=   0 [10]=   0 [11]=   0 
after  (DPU 319) [0]= 121 [1]= 115 [2]= 129 [3]=   0 [4]=   0 [5]=   0 [6]=   0 [7]=   0 [8]=   0 [9]=   0 [10]=   0 [11]=   0 
before (DPU 320) [0]= 132 [1]= 134 [2]= 132 [3]=   0 [4]=   0 [5]=   0 [6]=   0 [7]=   0 [8]=   0 [9]=   0 [10]=   0 [11]=   0 
after  (DPU 320) [0]= 132 [1]= 134 [2]= 132 [3]=   0 [4]=   0 [5]=   0 [6]=   0 [7]=   0 [8]=   0 [9]=   0 [10]=   0 [11]=   0 
before (DPU 321) [0]= 125 [1]= 134 [2]= 129 [3]=   0 [4]=   0 [5]=   0 [6]=   0 [7]=   0 [8]=   0 [9]=   0 [10]=   0 [11]=   0 
after  (DPU 321) [0]= 125 [1]= 134 [2]= 129 [3]=   0 [4]=   0 [5]=   0 [6]=   0 [7]=   0 [8]=   0 [9]=   0 [10]=   0 [11]=   0 
before (DPU 322) [0]= 133 [1]= 133 [2]= 114 [3]=   0 [4]=   0 [5]=   0 [6]=   0 [7]=   0 [8]=   0 [9]=   0 [10]=   0 [11]=   0 
after  (DPU 322) [0]= 133 [1]= 133 [2]= 114 [3]=   0 [4]=   0 [5]=   0 [6]=   0 [7]=   0 [8]=   0 [9]=   0 [10]=   0 [11]=   0 
before (DPU 323) [0]= 120 [1]= 142 [2]= 123 [3]=   0 [4]=   0 [5]=   0 [6]=   0 [7]=   0 [8]=   0 [9]=   0 [10]=   0 [11]=   0 
after  (DPU 323) [0]= 120 [1]= 142 [2]= 123 [3]=   0 [4]=   0 [5]=   0 [6]=   0 [7]=   0 [8]=   0 [9]=   0 [10]=   0 [11]=   0 
before (DPU 324) [0]= 122 [1]=  96 [2]= 136 [3]=   0 [4]=   0 [5]=   0 [6]=   0 [7]=   0 [8]=   0 [9]=   0 [10]=   0 [11]=   0 
after  (DPU 324) [0]= 122 [1]=  96 [2]= 136 [3]=   0 [4]=   0 [5]=   0 [6]=   0 [7]=   0 [8]=   0 [9]=   0 [10]=   0 [11]=   0 
before (DPU 325) [0]= 119 [1]= 128 [2]= 141 [3]=   0 [4]=   0 [5]=   0 [6]=   0 [7]=   0 [8]=   0 [9]=   0 [10]=   0 [11]=   0 
after  (DPU 325) [0]= 119 [1]= 128 [2]= 141 [3]=   0 [4]=   0 [5]=   0 [6]=   0 [7]=   0 [8]=   0 [9]=   0 [10]=   0 [11]=   0 
before (DPU 326) [0]= 131 [1]= 110 [2]= 120 [3]=   0 [4]=   0 [5]=   0 [6]=   0 [7]=   0 [8]=   0 [9]=   0 [10]=   0 [11]=   0 
after  (DPU 326) [0]= 131 [1]= 110 [2]= 120 [3]=   0 [4]=   0 [5]=   0 [6]=   0 [7]=   0 [8]=   0 [9]=   0 [10]=   0 [11]=   0 
before (DPU 327) [0]= 122 [1]= 148 [2]= 120 [3]=   0 [4]=   0 [5]=   0 [6]=   0 [7]=   0 [8]=   0 [9]=   0 [10]=   0 [11]=   0 
after  (DPU 327) [0]= 122 [1]= 148 [2]= 120 [3]=   0 [4]=   0 [5]=   0 [6]=   0 [7]=   0 [8]=   0 [9]=   0 [10]=   0 [11]=   0 
before (DPU 328) [0]= 120 [1]= 132 [2]= 131 [3]=   0 [4]=   0 [5]=   0 [6]=   0 [7]=   0 [8]=   0 [9]=   0 [10]=   0 [11]=   0 
after  (DPU 328) [0]= 120 [1]= 132 [2]= 131 [3]=   0 [4]=   0 [5]=   0 [6]=   0 [7]=   0 [8]=   0 [9]=   0 [10]=   0 [11]=   0 
before (DPU 329) [0]= 128 [1]= 120 [2]= 118 [3]=   0 [4]=   0 [5]=   0 [6]=   0 [7]=   0 [8]=   0 [9]=   0 [10]=   0 [11]=   0 
after  (DPU 329) [0]= 128 [1]= 120 [2]= 118 [3]=   0 [4]=   0 [5]=   0 [6]=   0 [7]=   0 [8]=   0 [9]=   0 [10]=   0 [11]=   0 
before (DPU 330) [0]= 122 [1]= 119 [2]= 120 [3]=   0 [4]=   0 [5]=   0 [6]=   0 [7]=   0 [8]=   0 [9]=   0 [10]=   0 [11]=   0 
after  (DPU 330) [0]= 122 [1]= 119 [2]= 120 [3]=   0 [4]=   0 [5]=   0 [6]=   0 [7]=   0 [8]=   0 [9]=   0 [10]=   0 [11]=   0 
before (DPU 331) [0]= 120 [1]= 139 [2]= 126 [3]=   0 [4]=   0 [5]=   0 [6]=   0 [7]=   0 [8]=   0 [9]=   0 [10]=   0 [11]=   0 
after  (DPU 331) [0]= 120 [1]= 139 [2]= 126 [3]=   0 [4]=   0 [5]=   0 [6]=   0 [7]=   0 [8]=   0 [9]=   0 [10]=   0 [11]=   0 
before (DPU 332) [0]= 110 [1]= 133 [2]= 138 [3]=   0 [4]=   0 [5]=   0 [6]=   0 [7]=   0 [8]=   0 [9]=   0 [10]=   0 [11]=   0 
after  (DPU 332) [0]= 110 [1]= 133 [2]= 138 [3]=   0 [4]=   0 [5]=   0 [6]=   0 [7]=   0 [8]=   0 [9]=   0 [10]=   0 [11]=   0 
before (DPU 333) [0]=  94 [1]= 142 [2]= 117 [3]=   0 [4]=   0 [5]=   0 [6]=   0 [7]=   0 [8]=   0 [9]=   0 [10]=   0 [11]=   0 
after  (DPU 333) [0]=  94 [1]= 142 [2]= 117 [3]=   0 [4]=   0 [5]=   0 [6]=   0 [7]=   0 [8]=   0 [9]=   0 [10]=   0 [11]=   0 
before (DPU 334) [0]= 142 [1]= 111 [2]= 117 [3]=   0 [4]=   0 [5]=   0 [6]=   0 [7]=   0 [8]=   0 [9]=   0 [10]=   0 [11]=   0 
after  (DPU 334) [0]= 142 [1]= 111 [2]= 117 [3]=   0 [4]=   0 [5]=   0 [6]=   0 [7]=   0 [8]=   0 [9]=   0 [10]=   0 [11]=   0 
before (DPU 335) [0]= 130 [1]= 123 [2]= 103 [3]=   0 [4]=   0 [5]=   0 [6]=   0 [7]=   0 [8]=   0 [9]=   0 [10]=   0 [11]=   0 
after  (DPU 335) [0]= 130 [1]= 123 [2]= 103 [3]=   0 [4]=   0 [5]=   0 [6]=   0 [7]=   0 [8]=   0 [9]=   0 [10]=   0 [11]=   0 
before (DPU 336) [0]= 118 [1]= 107 [2]= 110 [3]=   0 [4]=   0 [5]=   0 [6]=   0 [7]=   0 [8]=   0 [9]=   0 [10]=   0 [11]=   0 
after  (DPU 336) [0]= 118 [1]= 107 [2]= 110 [3]=   0 [4]=   0 [5]=   0 [6]=   0 [7]=   0 [8]=   0 [9]=   0 [10]=   0 [11]=   0 
before (DPU 337) [0]= 130 [1]= 145 [2]= 102 [3]=   0 [4]=   0 [5]=   0 [6]=   0 [7]=   0 [8]=   0 [9]=   0 [10]=   0 [11]=   0 
after  (DPU 337) [0]= 130 [1]= 145 [2]= 102 [3]=   0 [4]=   0 [5]=   0 [6]=   0 [7]=   0 [8]=   0 [9]=   0 [10]=   0 [11]=   0 
before (DPU 338) [0]= 123 [1]= 105 [2]= 110 [3]=   0 [4]=   0 [5]=   0 [6]=   0 [7]=   0 [8]=   0 [9]=   0 [10]=   0 [11]=   0 
after  (DPU 338) [0]= 123 [1]= 105 [2]= 110 [3]=   0 [4]=   0 [5]=   0 [6]=   0 [7]=   0 [8]=   0 [9]=   0 [10]=   0 [11]=   0 
before (DPU 339) [0]= 116 [1]= 124 [2]= 129 [3]=   0 [4]=   0 [5]=   0 [6]=   0 [7]=   0 [8]=   0 [9]=   0 [10]=   0 [11]=   0 
after  (DPU 339) [0]= 116 [1]= 124 [2]= 129 [3]=   0 [4]=   0 [5]=   0 [6]=   0 [7]=   0 [8]=   0 [9]=   0 [10]=   0 [11]=   0 
before (DPU 340) [0]= 132 [1]= 119 [2]= 143 [3]=   0 [4]=   0 [5]=   0 [6]=   0 [7]=   0 [8]=   0 [9]=   0 [10]=   0 [11]=   0 
after  (DPU 340) [0]= 132 [1]= 119 [2]= 143 [3]=   0 [4]=   0 [5]=   0 [6]=   0 [7]=   0 [8]=   0 [9]=   0 [10]=   0 [11]=   0 
before (DPU 341) [0]= 105 [1]= 125 [2]= 108 [3]=   0 [4]=   0 [5]=   0 [6]=   0 [7]=   0 [8]=   0 [9]=   0 [10]=   0 [11]=   0 
after  (DPU 341) [0]= 105 [1]= 125 [2]= 108 [3]=   0 [4]=   0 [5]=   0 [6]=   0 [7]=   0 [8]=   0 [9]=   0 [10]=   0 [11]=   0 
before (DPU 342) [0]= 113 [1]= 127 [2]= 107 [3]=   0 [4]=   0 [5]=   0 [6]=   0 [7]=   0 [8]=   0 [9]=   0 [10]=   0 [11]=   0 
after  (DPU 342) [0]= 113 [1]= 127 [2]= 107 [3]=   0 [4]=   0 [5]=   0 [6]=   0 [7]=   0 [8]=   0 [9]=   0 [10]=   0 [11]=   0 
before (DPU 343) [0]= 126 [1]= 121 [2]= 114 [3]=   0 [4]=   0 [5]=   0 [6]=   0 [7]=   0 [8]=   0 [9]=   0 [10]=   0 [11]=   0 
after  (DPU 343) [0]= 126 [1]= 121 [2]= 114 [3]=   0 [4]=   0 [5]=   0 [6]=   0 [7]=   0 [8]=   0 [9]=   0 [10]=   0 [11]=   0 
before (DPU 344) [0]=  94 [1]= 112 [2]= 110 [3]=   0 [4]=   0 [5]=   0 [6]=   0 [7]=   0 [8]=   0 [9]=   0 [10]=   0 [11]=   0 
after  (DPU 344) [0]=  94 [1]= 112 [2]= 110 [3]=   0 [4]=   0 [5]=   0 [6]=   0 [7]=   0 [8]=   0 [9]=   0 [10]=   0 [11]=   0 
before (DPU 345) [0]= 124 [1]= 102 [2]= 115 [3]=   0 [4]=   0 [5]=   0 [6]=   0 [7]=   0 [8]=   0 [9]=   0 [10]=   0 [11]=   0 
after  (DPU 345) [0]= 124 [1]= 102 [2]= 115 [3]=   0 [4]=   0 [5]=   0 [6]=   0 [7]=   0 [8]=   0 [9]=   0 [10]=   0 [11]=   0 
before (DPU 346) [0]= 131 [1]=  92 [2]= 119 [3]=   0 [4]=   0 [5]=   0 [6]=   0 [7]=   0 [8]=   0 [9]=   0 [10]=   0 [11]=   0 
after  (DPU 346) [0]= 131 [1]=  92 [2]= 119 [3]=   0 [4]=   0 [5]=   0 [6]=   0 [7]=   0 [8]=   0 [9]=   0 [10]=   0 [11]=   0 
before (DPU 347) [0]= 120 [1]=  98 [2]= 108 [3]=   0 [4]=   0 [5]=   0 [6]=   0 [7]=   0 [8]=   0 [9]=   0 [10]=   0 [11]=   0 
after  (DPU 347) [0]= 120 [1]=  98 [2]= 108 [3]=   0 [4]=   0 [5]=   0 [6]=   0 [7]=   0 [8]=   0 [9]=   0 [10]=   0 [11]=   0 
before (DPU 348) [0]= 123 [1]= 133 [2]= 107 [3]=   0 [4]=   0 [5]=   0 [6]=   0 [7]=   0 [8]=   0 [9]=   0 [10]=   0 [11]=   0 
after  (DPU 348) [0]= 123 [1]= 133 [2]= 107 [3]=   0 [4]=   0 [5]=   0 [6]=   0 [7]=   0 [8]=   0 [9]=   0 [10]=   0 [11]=   0 
before (DPU 349) [0]= 119 [1]= 111 [2]= 105 [3]=   0 [4]=   0 [5]=   0 [6]=   0 [7]=   0 [8]=   0 [9]=   0 [10]=   0 [11]=   0 
after  (DPU 349) [0]= 119 [1]= 111 [2]= 105 [3]=   0 [4]=   0 [5]=   0 [6]=   0 [7]=   0 [8]=   0 [9]=   0 [10]=   0 [11]=   0 
before (DPU 350) [0]= 111 [1]= 128 [2]= 105 [3]=   0 [4]=   0 [5]=   0 [6]=   0 [7]=   0 [8]=   0 [9]=   0 [10]=   0 [11]=   0 
after  (DPU 350) [0]= 111 [1]= 128 [2]= 105 [3]=   0 [4]=   0 [5]=   0 [6]=   0 [7]=   0 [8]=   0 [9]=   0 [10]=   0 [11]=   0 
before (DPU 351) [0]= 113 [1]= 119 [2]= 121 [3]=   0 [4]=   0 [5]=   0 [6]=   0 [7]=   0 [8]=   0 [9]=   0 [10]=   0 [11]=   0 
after  (DPU 351) [0]= 113 [1]= 119 [2]= 121 [3]=   0 [4]=   0 [5]=   0 [6]=   0 [7]=   0 [8]=   0 [9]=   0 [10]=   0 [11]=   0 
before (DPU 352) [0]=  92 [1]= 120 [2]= 109 [3]=   0 [4]=   0 [5]=   0 [6]=   0 [7]=   0 [8]=   0 [9]=   0 [10]=   0 [11]=   0 
after  (DPU 352) [0]=  92 [1]= 120 [2]= 109 [3]=   0 [4]=   0 [5]=   0 [6]=   0 [7]=   0 [8]=   0 [9]=   0 [10]=   0 [11]=   0 
before (DPU 353) [0]= 102 [1]= 106 [2]= 125 [3]=   0 [4]=   0 [5]=   0 [6]=   0 [7]=   0 [8]=   0 [9]=   0 [10]=   0 [11]=   0 
after  (DPU 353) [0]= 102 [1]= 106 [2]= 125 [3]=   0 [4]=   0 [5]=   0 [6]=   0 [7]=   0 [8]=   0 [9]=   0 [10]=   0 [11]=   0 
before (DPU 354) [0]= 127 [1]= 102 [2]= 113 [3]=   0 [4]=   0 [5]=   0 [6]=   0 [7]=   0 [8]=   0 [9]=   0 [10]=   0 [11]=   0 
after  (DPU 354) [0]= 127 [1]= 102 [2]= 113 [3]=   0 [4]=   0 [5]=   0 [6]=   0 [7]=   0 [8]=   0 [9]=   0 [10]=   0 [11]=   0 
before (DPU 355) [0]= 125 [1]= 111 [2]= 121 [3]=   0 [4]=   0 [5]=   0 [6]=   0 [7]=   0 [8]=   0 [9]=   0 [10]=   0 [11]=   0 
after  (DPU 355) [0]= 125 [1]= 111 [2]= 121 [3]=   0 [4]=   0 [5]=   0 [6]=   0 [7]=   0 [8]=   0 [9]=   0 [10]=   0 [11]=   0 
before (DPU 356) [0]=  93 [1]=  95 [2]= 121 [3]=   0 [4]=   0 [5]=   0 [6]=   0 [7]=   0 [8]=   0 [9]=   0 [10]=   0 [11]=   0 
after  (DPU 356) [0]=  93 [1]=  95 [2]= 121 [3]=   0 [4]=   0 [5]=   0 [6]=   0 [7]=   0 [8]=   0 [9]=   0 [10]=   0 [11]=   0 
before (DPU 357) [0]= 116 [1]= 109 [2]= 113 [3]=   0 [4]=   0 [5]=   0 [6]=   0 [7]=   0 [8]=   0 [9]=   0 [10]=   0 [11]=   0 
after  (DPU 357) [0]= 116 [1]= 109 [2]= 113 [3]=   0 [4]=   0 [5]=   0 [6]=   0 [7]=   0 [8]=   0 [9]=   0 [10]=   0 [11]=   0 
before (DPU 358) [0]=  96 [1]= 116 [2]= 109 [3]=   0 [4]=   0 [5]=   0 [6]=   0 [7]=   0 [8]=   0 [9]=   0 [10]=   0 [11]=   0 
after  (DPU 358) [0]=  96 [1]= 116 [2]= 109 [3]=   0 [4]=   0 [5]=   0 [6]=   0 [7]=   0 [8]=   0 [9]=   0 [10]=   0 [11]=   0 
before (DPU 359) [0]= 110 [1]= 109 [2]= 110 [3]=   0 [4]=   0 [5]=   0 [6]=   0 [7]=   0 [8]=   0 [9]=   0 [10]=   0 [11]=   0 
after  (DPU 359) [0]= 110 [1]= 109 [2]= 110 [3]=   0 [4]=   0 [5]=   0 [6]=   0 [7]=   0 [8]=   0 [9]=   0 [10]=   0 [11]=   0 
before (DPU 360) [0]= 106 [1]= 122 [2]= 118 [3]=   0 [4]=   0 [5]=   0 [6]=   0 [7]=   0 [8]=   0 [9]=   0 [10]=   0 [11]=   0 
after  (DPU 360) [0]= 106 [1]= 122 [2]= 118 [3]=   0 [4]=   0 [5]=   0 [6]=   0 [7]=   0 [8]=   0 [9]=   0 [10]=   0 [11]=   0 
before (DPU 361) [0]= 118 [1]= 121 [2]= 104 [3]=   0 [4]=   0 [5]=   0 [6]=   0 [7]=   0 [8]=   0 [9]=   0 [10]=   0 [11]=   0 
after  (DPU 361) [0]= 118 [1]= 121 [2]= 104 [3]=   0 [4]=   0 [5]=   0 [6]=   0 [7]=   0 [8]=   0 [9]=   0 [10]=   0 [11]=   0 
before (DPU 362) [0]=  95 [1]= 119 [2]= 115 [3]=   0 [4]=   0 [5]=   0 [6]=   0 [7]=   0 [8]=   0 [9]=   0 [10]=   0 [11]=   0 
after  (DPU 362) [0]=  95 [1]= 119 [2]= 115 [3]=   0 [4]=   0 [5]=   0 [6]=   0 [7]=   0 [8]=   0 [9]=   0 [10]=   0 [11]=   0 
before (DPU 363) [0]= 100 [1]= 116 [2]= 133 [3]=   0 [4]=   0 [5]=   0 [6]=   0 [7]=   0 [8]=   0 [9]=   0 [10]=   0 [11]=   0 
after  (DPU 363) [0]= 100 [1]= 116 [2]= 133 [3]=   0 [4]=   0 [5]=   0 [6]=   0 [7]=   0 [8]=   0 [9]=   0 [10]=   0 [11]=   0 
before (DPU 364) [0]= 109 [1]= 104 [2]= 102 [3]=   0 [4]=   0 [5]=   0 [6]=   0 [7]=   0 [8]=   0 [9]=   0 [10]=   0 [11]=   0 
after  (DPU 364) [0]= 109 [1]= 104 [2]= 102 [3]=   0 [4]=   0 [5]=   0 [6]=   0 [7]=   0 [8]=   0 [9]=   0 [10]=   0 [11]=   0 
before (DPU 365) [0]= 116 [1]= 113 [2]= 111 [3]=   0 [4]=   0 [5]=   0 [6]=   0 [7]=   0 [8]=   0 [9]=   0 [10]=   0 [11]=   0 
after  (DPU 365) [0]= 116 [1]= 113 [2]= 111 [3]=   0 [4]=   0 [5]=   0 [6]=   0 [7]=   0 [8]=   0 [9]=   0 [10]=   0 [11]=   0 
before (DPU 366) [0]= 137 [1]= 128 [2]= 109 [3]=   0 [4]=   0 [5]=   0 [6]=   0 [7]=   0 [8]=   0 [9]=   0 [10]=   0 [11]=   0 
after  (DPU 366) [0]= 137 [1]= 128 [2]= 109 [3]=   0 [4]=   0 [5]=   0 [6]=   0 [7]=   0 [8]=   0 [9]=   0 [10]=   0 [11]=   0 
before (DPU 367) [0]= 114 [1]= 119 [2]=  87 [3]=   0 [4]=   0 [5]=   0 [6]=   0 [7]=   0 [8]=   0 [9]=   0 [10]=   0 [11]=   0 
after  (DPU 367) [0]= 114 [1]= 119 [2]=  87 [3]=   0 [4]=   0 [5]=   0 [6]=   0 [7]=   0 [8]=   0 [9]=   0 [10]=   0 [11]=   0 
before (DPU 368) [0]=  95 [1]= 114 [2]=  91 [3]=   0 [4]=   0 [5]=   0 [6]=   0 [7]=   0 [8]=   0 [9]=   0 [10]=   0 [11]=   0 
after  (DPU 368) [0]=  95 [1]= 114 [2]=  91 [3]=   0 [4]=   0 [5]=   0 [6]=   0 [7]=   0 [8]=   0 [9]=   0 [10]=   0 [11]=   0 
before (DPU 369) [0]= 121 [1]= 139 [2]= 119 [3]=   0 [4]=   0 [5]=   0 [6]=   0 [7]=   0 [8]=   0 [9]=   0 [10]=   0 [11]=   0 
after  (DPU 369) [0]= 121 [1]= 139 [2]= 119 [3]=   0 [4]=   0 [5]=   0 [6]=   0 [7]=   0 [8]=   0 [9]=   0 [10]=   0 [11]=   0 
before (DPU 370) [0]= 136 [1]= 117 [2]= 116 [3]=   0 [4]=   0 [5]=   0 [6]=   0 [7]=   0 [8]=   0 [9]=   0 [10]=   0 [11]=   0 
after  (DPU 370) [0]= 136 [1]= 117 [2]= 116 [3]=   0 [4]=   0 [5]=   0 [6]=   0 [7]=   0 [8]=   0 [9]=   0 [10]=   0 [11]=   0 
before (DPU 371) [0]= 118 [1]= 104 [2]= 112 [3]=   0 [4]=   0 [5]=   0 [6]=   0 [7]=   0 [8]=   0 [9]=   0 [10]=   0 [11]=   0 
after  (DPU 371) [0]= 118 [1]= 104 [2]= 112 [3]=   0 [4]=   0 [5]=   0 [6]=   0 [7]=   0 [8]=   0 [9]=   0 [10]=   0 [11]=   0 
before (DPU 372) [0]= 106 [1]= 104 [2]= 120 [3]=   0 [4]=   0 [5]=   0 [6]=   0 [7]=   0 [8]=   0 [9]=   0 [10]=   0 [11]=   0 
after  (DPU 372) [0]= 106 [1]= 104 [2]= 120 [3]=   0 [4]=   0 [5]=   0 [6]=   0 [7]=   0 [8]=   0 [9]=   0 [10]=   0 [11]=   0 
before (DPU 373) [0]= 100 [1]=  99 [2]= 126 [3]=   0 [4]=   0 [5]=   0 [6]=   0 [7]=   0 [8]=   0 [9]=   0 [10]=   0 [11]=   0 
after  (DPU 373) [0]= 100 [1]=  99 [2]= 126 [3]=   0 [4]=   0 [5]=   0 [6]=   0 [7]=   0 [8]=   0 [9]=   0 [10]=   0 [11]=   0 
before (DPU 374) [0]=  92 [1]=  92 [2]= 111 [3]=   0 [4]=   0 [5]=   0 [6]=   0 [7]=   0 [8]=   0 [9]=   0 [10]=   0 [11]=   0 
after  (DPU 374) [0]=  92 [1]=  92 [2]= 111 [3]=   0 [4]=   0 [5]=   0 [6]=   0 [7]=   0 [8]=   0 [9]=   0 [10]=   0 [11]=   0 
before (DPU 375) [0]=  94 [1]= 105 [2]= 110 [3]=   0 [4]=   0 [5]=   0 [6]=   0 [7]=   0 [8]=   0 [9]=   0 [10]=   0 [11]=   0 
after  (DPU 375) [0]=  94 [1]= 105 [2]= 110 [3]=   0 [4]=   0 [5]=   0 [6]=   0 [7]=   0 [8]=   0 [9]=   0 [10]=   0 [11]=   0 
before (DPU 376) [0]= 106 [1]=  99 [2]= 109 [3]=   0 [4]=   0 [5]=   0 [6]=   0 [7]=   0 [8]=   0 [9]=   0 [10]=   0 [11]=   0 
after  (DPU 376) [0]= 106 [1]=  99 [2]= 109 [3]=   0 [4]=   0 [5]=   0 [6]=   0 [7]=   0 [8]=   0 [9]=   0 [10]=   0 [11]=   0 
before (DPU 377) [0]=  94 [1]= 122 [2]= 123 [3]=   0 [4]=   0 [5]=   0 [6]=   0 [7]=   0 [8]=   0 [9]=   0 [10]=   0 [11]=   0 
after  (DPU 377) [0]=  94 [1]= 122 [2]= 123 [3]=   0 [4]=   0 [5]=   0 [6]=   0 [7]=   0 [8]=   0 [9]=   0 [10]=   0 [11]=   0 
before (DPU 378) [0]= 105 [1]= 101 [2]= 120 [3]=   0 [4]=   0 [5]=   0 [6]=   0 [7]=   0 [8]=   0 [9]=   0 [10]=   0 [11]=   0 
after  (DPU 378) [0]= 105 [1]= 101 [2]= 120 [3]=   0 [4]=   0 [5]=   0 [6]=   0 [7]=   0 [8]=   0 [9]=   0 [10]=   0 [11]=   0 
before (DPU 379) [0]= 104 [1]= 101 [2]= 103 [3]=   0 [4]=   0 [5]=   0 [6]=   0 [7]=   0 [8]=   0 [9]=   0 [10]=   0 [11]=   0 
after  (DPU 379) [0]= 104 [1]= 101 [2]= 103 [3]=   0 [4]=   0 [5]=   0 [6]=   0 [7]=   0 [8]=   0 [9]=   0 [10]=   0 [11]=   0 
before (DPU 380) [0]= 118 [1]=  81 [2]= 103 [3]=   0 [4]=   0 [5]=   0 [6]=   0 [7]=   0 [8]=   0 [9]=   0 [10]=   0 [11]=   0 
after  (DPU 380) [0]= 118 [1]=  81 [2]= 103 [3]=   0 [4]=   0 [5]=   0 [6]=   0 [7]=   0 [8]=   0 [9]=   0 [10]=   0 [11]=   0 
before (DPU 381) [0]= 108 [1]= 106 [2]=  92 [3]=   0 [4]=   0 [5]=   0 [6]=   0 [7]=   0 [8]=   0 [9]=   0 [10]=   0 [11]=   0 
after  (DPU 381) [0]= 108 [1]= 106 [2]=  92 [3]=   0 [4]=   0 [5]=   0 [6]=   0 [7]=   0 [8]=   0 [9]=   0 [10]=   0 [11]=   0 
before (DPU 382) [0]= 101 [1]=  96 [2]= 119 [3]=   0 [4]=   0 [5]=   0 [6]=   0 [7]=   0 [8]=   0 [9]=   0 [10]=   0 [11]=   0 
after  (DPU 382) [0]= 101 [1]=  96 [2]= 119 [3]=   0 [4]=   0 [5]=   0 [6]=   0 [7]=   0 [8]=   0 [9]=   0 [10]=   0 [11]=   0 
before (DPU 383) [0]= 106 [1]=  84 [2]= 120 [3]=   0 [4]=   0 [5]=   0 [6]=   0 [7]=   0 [8]=   0 [9]=   0 [10]=   0 [11]=   0 
after  (DPU 383) [0]= 106 [1]=  84 [2]= 120 [3]=   0 [4]=   0 [5]=   0 [6]=   0 [7]=   0 [8]=   0 [9]=   0 [10]=   0 [11]=   0 
before (DPU 384) [0]= 112 [1]= 113 [2]= 113 [3]=   0 [4]=   0 [5]=   0 [6]=   0 [7]=   0 [8]=   0 [9]=   0 [10]=   0 [11]=   0 
after  (DPU 384) [0]= 112 [1]= 113 [2]= 113 [3]=   0 [4]=   0 [5]=   0 [6]=   0 [7]=   0 [8]=   0 [9]=   0 [10]=   0 [11]=   0 
before (DPU 385) [0]= 107 [1]= 103 [2]=  98 [3]=   0 [4]=   0 [5]=   0 [6]=   0 [7]=   0 [8]=   0 [9]=   0 [10]=   0 [11]=   0 
after  (DPU 385) [0]= 107 [1]= 103 [2]=  98 [3]=   0 [4]=   0 [5]=   0 [6]=   0 [7]=   0 [8]=   0 [9]=   0 [10]=   0 [11]=   0 
before (DPU 386) [0]= 112 [1]= 111 [2]=  94 [3]=   0 [4]=   0 [5]=   0 [6]=   0 [7]=   0 [8]=   0 [9]=   0 [10]=   0 [11]=   0 
after  (DPU 386) [0]= 112 [1]= 111 [2]=  94 [3]=   0 [4]=   0 [5]=   0 [6]=   0 [7]=   0 [8]=   0 [9]=   0 [10]=   0 [11]=   0 
before (DPU 387) [0]= 104 [1]= 116 [2]= 101 [3]=   0 [4]=   0 [5]=   0 [6]=   0 [7]=   0 [8]=   0 [9]=   0 [10]=   0 [11]=   0 
after  (DPU 387) [0]= 104 [1]= 116 [2]= 101 [3]=   0 [4]=   0 [5]=   0 [6]=   0 [7]=   0 [8]=   0 [9]=   0 [10]=   0 [11]=   0 
before (DPU 388) [0]= 104 [1]= 111 [2]= 124 [3]=   0 [4]=   0 [5]=   0 [6]=   0 [7]=   0 [8]=   0 [9]=   0 [10]=   0 [11]=   0 
after  (DPU 388) [0]= 104 [1]= 111 [2]= 124 [3]=   0 [4]=   0 [5]=   0 [6]=   0 [7]=   0 [8]=   0 [9]=   0 [10]=   0 [11]=   0 
before (DPU 389) [0]=  94 [1]= 105 [2]= 106 [3]=   0 [4]=   0 [5]=   0 [6]=   0 [7]=   0 [8]=   0 [9]=   0 [10]=   0 [11]=   0 
after  (DPU 389) [0]=  94 [1]= 105 [2]= 106 [3]=   0 [4]=   0 [5]=   0 [6]=   0 [7]=   0 [8]=   0 [9]=   0 [10]=   0 [11]=   0 
before (DPU 390) [0]= 102 [1]= 110 [2]= 105 [3]=   0 [4]=   0 [5]=   0 [6]=   0 [7]=   0 [8]=   0 [9]=   0 [10]=   0 [11]=   0 
after  (DPU 390) [0]= 102 [1]= 110 [2]= 105 [3]=   0 [4]=   0 [5]=   0 [6]=   0 [7]=   0 [8]=   0 [9]=   0 [10]=   0 [11]=   0 
before (DPU 391) [0]= 128 [1]= 113 [2]= 106 [3]=   0 [4]=   0 [5]=   0 [6]=   0 [7]=   0 [8]=   0 [9]=   0 [10]=   0 [11]=   0 
after  (DPU 391) [0]= 128 [1]= 113 [2]= 106 [3]=   0 [4]=   0 [5]=   0 [6]=   0 [7]=   0 [8]=   0 [9]=   0 [10]=   0 [11]=   0 
before (DPU 392) [0]=  90 [1]= 104 [2]= 117 [3]=   0 [4]=   0 [5]=   0 [6]=   0 [7]=   0 [8]=   0 [9]=   0 [10]=   0 [11]=   0 
after  (DPU 392) [0]=  90 [1]= 104 [2]= 117 [3]=   0 [4]=   0 [5]=   0 [6]=   0 [7]=   0 [8]=   0 [9]=   0 [10]=   0 [11]=   0 
before (DPU 393) [0]= 100 [1]= 101 [2]= 118 [3]=   0 [4]=   0 [5]=   0 [6]=   0 [7]=   0 [8]=   0 [9]=   0 [10]=   0 [11]=   0 
after  (DPU 393) [0]= 100 [1]= 101 [2]= 118 [3]=   0 [4]=   0 [5]=   0 [6]=   0 [7]=   0 [8]=   0 [9]=   0 [10]=   0 [11]=   0 
before (DPU 394) [0]=  83 [1]=  93 [2]= 107 [3]=   0 [4]=   0 [5]=   0 [6]=   0 [7]=   0 [8]=   0 [9]=   0 [10]=   0 [11]=   0 
after  (DPU 394) [0]=  83 [1]=  93 [2]= 107 [3]=   0 [4]=   0 [5]=   0 [6]=   0 [7]=   0 [8]=   0 [9]=   0 [10]=   0 [11]=   0 
before (DPU 395) [0]= 108 [1]= 119 [2]= 109 [3]=   0 [4]=   0 [5]=   0 [6]=   0 [7]=   0 [8]=   0 [9]=   0 [10]=   0 [11]=   0 
after  (DPU 395) [0]= 108 [1]= 119 [2]= 109 [3]=   0 [4]=   0 [5]=   0 [6]=   0 [7]=   0 [8]=   0 [9]=   0 [10]=   0 [11]=   0 
before (DPU 396) [0]=  97 [1]= 106 [2]= 105 [3]=   0 [4]=   0 [5]=   0 [6]=   0 [7]=   0 [8]=   0 [9]=   0 [10]=   0 [11]=   0 
after  (DPU 396) [0]=  97 [1]= 106 [2]= 105 [3]=   0 [4]=   0 [5]=   0 [6]=   0 [7]=   0 [8]=   0 [9]=   0 [10]=   0 [11]=   0 
before (DPU 397) [0]= 102 [1]=  94 [2]=  93 [3]=   0 [4]=   0 [5]=   0 [6]=   0 [7]=   0 [8]=   0 [9]=   0 [10]=   0 [11]=   0 
after  (DPU 397) [0]= 102 [1]=  94 [2]=  93 [3]=   0 [4]=   0 [5]=   0 [6]=   0 [7]=   0 [8]=   0 [9]=   0 [10]=   0 [11]=   0 
before (DPU 398) [0]= 125 [1]=  84 [2]= 107 [3]=   0 [4]=   0 [5]=   0 [6]=   0 [7]=   0 [8]=   0 [9]=   0 [10]=   0 [11]=   0 
after  (DPU 398) [0]= 125 [1]=  84 [2]= 107 [3]=   0 [4]=   0 [5]=   0 [6]=   0 [7]=   0 [8]=   0 [9]=   0 [10]=   0 [11]=   0 
before (DPU 399) [0]=  99 [1]= 100 [2]= 116 [3]=   0 [4]=   0 [5]=   0 [6]=   0 [7]=   0 [8]=   0 [9]=   0 [10]=   0 [11]=   0 
after  (DPU 399) [0]=  99 [1]= 100 [2]= 116 [3]=   0 [4]=   0 [5]=   0 [6]=   0 [7]=   0 [8]=   0 [9]=   0 [10]=   0 [11]=   0 
before (DPU 400) [0]= 109 [1]= 121 [2]= 118 [3]=   0 [4]=   0 [5]=   0 [6]=   0 [7]=   0 [8]=   0 [9]=   0 [10]=   0 [11]=   0 
after  (DPU 400) [0]= 109 [1]= 121 [2]= 118 [3]=   0 [4]=   0 [5]=   0 [6]=   0 [7]=   0 [8]=   0 [9]=   0 [10]=   0 [11]=   0 
before (DPU 401) [0]= 109 [1]=  93 [2]= 101 [3]=   0 [4]=   0 [5]=   0 [6]=   0 [7]=   0 [8]=   0 [9]=   0 [10]=   0 [11]=   0 
after  (DPU 401) [0]= 109 [1]=  93 [2]= 101 [3]=   0 [4]=   0 [5]=   0 [6]=   0 [7]=   0 [8]=   0 [9]=   0 [10]=   0 [11]=   0 
before (DPU 402) [0]= 105 [1]= 122 [2]= 115 [3]=   0 [4]=   0 [5]=   0 [6]=   0 [7]=   0 [8]=   0 [9]=   0 [10]=   0 [11]=   0 
after  (DPU 402) [0]= 105 [1]= 122 [2]= 115 [3]=   0 [4]=   0 [5]=   0 [6]=   0 [7]=   0 [8]=   0 [9]=   0 [10]=   0 [11]=   0 
before (DPU 403) [0]= 116 [1]= 101 [2]=  85 [3]=   0 [4]=   0 [5]=   0 [6]=   0 [7]=   0 [8]=   0 [9]=   0 [10]=   0 [11]=   0 
after  (DPU 403) [0]= 116 [1]= 101 [2]=  85 [3]=   0 [4]=   0 [5]=   0 [6]=   0 [7]=   0 [8]=   0 [9]=   0 [10]=   0 [11]=   0 
before (DPU 404) [0]= 111 [1]=  80 [2]=  92 [3]=   0 [4]=   0 [5]=   0 [6]=   0 [7]=   0 [8]=   0 [9]=   0 [10]=   0 [11]=   0 
after  (DPU 404) [0]= 111 [1]=  80 [2]=  92 [3]=   0 [4]=   0 [5]=   0 [6]=   0 [7]=   0 [8]=   0 [9]=   0 [10]=   0 [11]=   0 
before (DPU 405) [0]=  88 [1]= 102 [2]= 103 [3]=   0 [4]=   0 [5]=   0 [6]=   0 [7]=   0 [8]=   0 [9]=   0 [10]=   0 [11]=   0 
after  (DPU 405) [0]=  88 [1]= 102 [2]= 103 [3]=   0 [4]=   0 [5]=   0 [6]=   0 [7]=   0 [8]=   0 [9]=   0 [10]=   0 [11]=   0 
before (DPU 406) [0]= 105 [1]= 120 [2]=  97 [3]=   0 [4]=   0 [5]=   0 [6]=   0 [7]=   0 [8]=   0 [9]=   0 [10]=   0 [11]=   0 
after  (DPU 406) [0]= 105 [1]= 120 [2]=  97 [3]=   0 [4]=   0 [5]=   0 [6]=   0 [7]=   0 [8]=   0 [9]=   0 [10]=   0 [11]=   0 
before (DPU 407) [0]= 115 [1]= 113 [2]=  93 [3]=   0 [4]=   0 [5]=   0 [6]=   0 [7]=   0 [8]=   0 [9]=   0 [10]=   0 [11]=   0 
after  (DPU 407) [0]= 115 [1]= 113 [2]=  93 [3]=   0 [4]=   0 [5]=   0 [6]=   0 [7]=   0 [8]=   0 [9]=   0 [10]=   0 [11]=   0 
before (DPU 408) [0]= 117 [1]= 114 [2]=  98 [3]=   0 [4]=   0 [5]=   0 [6]=   0 [7]=   0 [8]=   0 [9]=   0 [10]=   0 [11]=   0 
after  (DPU 408) [0]= 117 [1]= 114 [2]=  98 [3]=   0 [4]=   0 [5]=   0 [6]=   0 [7]=   0 [8]=   0 [9]=   0 [10]=   0 [11]=   0 
before (DPU 409) [0]=  98 [1]=  85 [2]=  96 [3]=   0 [4]=   0 [5]=   0 [6]=   0 [7]=   0 [8]=   0 [9]=   0 [10]=   0 [11]=   0 
after  (DPU 409) [0]=  98 [1]=  85 [2]=  96 [3]=   0 [4]=   0 [5]=   0 [6]=   0 [7]=   0 [8]=   0 [9]=   0 [10]=   0 [11]=   0 
before (DPU 410) [0]= 110 [1]=  95 [2]=  83 [3]=   0 [4]=   0 [5]=   0 [6]=   0 [7]=   0 [8]=   0 [9]=   0 [10]=   0 [11]=   0 
after  (DPU 410) [0]= 110 [1]=  95 [2]=  83 [3]=   0 [4]=   0 [5]=   0 [6]=   0 [7]=   0 [8]=   0 [9]=   0 [10]=   0 [11]=   0 
before (DPU 411) [0]= 108 [1]= 110 [2]= 102 [3]=   0 [4]=   0 [5]=   0 [6]=   0 [7]=   0 [8]=   0 [9]=   0 [10]=   0 [11]=   0 
after  (DPU 411) [0]= 108 [1]= 110 [2]= 102 [3]=   0 [4]=   0 [5]=   0 [6]=   0 [7]=   0 [8]=   0 [9]=   0 [10]=   0 [11]=   0 
before (DPU 412) [0]= 117 [1]= 110 [2]=  89 [3]=   0 [4]=   0 [5]=   0 [6]=   0 [7]=   0 [8]=   0 [9]=   0 [10]=   0 [11]=   0 
after  (DPU 412) [0]= 117 [1]= 110 [2]=  89 [3]=   0 [4]=   0 [5]=   0 [6]=   0 [7]=   0 [8]=   0 [9]=   0 [10]=   0 [11]=   0 
before (DPU 413) [0]=  86 [1]=  89 [2]= 110 [3]=   0 [4]=   0 [5]=   0 [6]=   0 [7]=   0 [8]=   0 [9]=   0 [10]=   0 [11]=   0 
after  (DPU 413) [0]=  86 [1]=  89 [2]= 110 [3]=   0 [4]=   0 [5]=   0 [6]=   0 [7]=   0 [8]=   0 [9]=   0 [10]=   0 [11]=   0 
before (DPU 414) [0]= 109 [1]= 103 [2]=  85 [3]=   0 [4]=   0 [5]=   0 [6]=   0 [7]=   0 [8]=   0 [9]=   0 [10]=   0 [11]=   0 
after  (DPU 414) [0]= 109 [1]= 103 [2]=  85 [3]=   0 [4]=   0 [5]=   0 [6]=   0 [7]=   0 [8]=   0 [9]=   0 [10]=   0 [11]=   0 
before (DPU 415) [0]=  98 [1]=  98 [2]= 110 [3]=   0 [4]=   0 [5]=   0 [6]=   0 [7]=   0 [8]=   0 [9]=   0 [10]=   0 [11]=   0 
after  (DPU 415) [0]=  98 [1]=  98 [2]= 110 [3]=   0 [4]=   0 [5]=   0 [6]=   0 [7]=   0 [8]=   0 [9]=   0 [10]=   0 [11]=   0 
before (DPU 416) [0]=  81 [1]= 102 [2]=  75 [3]=   0 [4]=   0 [5]=   0 [6]=   0 [7]=   0 [8]=   0 [9]=   0 [10]=   0 [11]=   0 
after  (DPU 416) [0]=  81 [1]= 102 [2]=  75 [3]=   0 [4]=   0 [5]=   0 [6]=   0 [7]=   0 [8]=   0 [9]=   0 [10]=   0 [11]=   0 
before (DPU 417) [0]= 106 [1]=  94 [2]=  97 [3]=   0 [4]=   0 [5]=   0 [6]=   0 [7]=   0 [8]=   0 [9]=   0 [10]=   0 [11]=   0 
after  (DPU 417) [0]= 106 [1]=  94 [2]=  97 [3]=   0 [4]=   0 [5]=   0 [6]=   0 [7]=   0 [8]=   0 [9]=   0 [10]=   0 [11]=   0 
before (DPU 418) [0]= 122 [1]=  88 [2]= 115 [3]=   0 [4]=   0 [5]=   0 [6]=   0 [7]=   0 [8]=   0 [9]=   0 [10]=   0 [11]=   0 
after  (DPU 418) [0]= 122 [1]=  88 [2]= 115 [3]=   0 [4]=   0 [5]=   0 [6]=   0 [7]=   0 [8]=   0 [9]=   0 [10]=   0 [11]=   0 
before (DPU 419) [0]=  81 [1]=  88 [2]=  97 [3]=   0 [4]=   0 [5]=   0 [6]=   0 [7]=   0 [8]=   0 [9]=   0 [10]=   0 [11]=   0 
after  (DPU 419) [0]=  81 [1]=  88 [2]=  97 [3]=   0 [4]=   0 [5]=   0 [6]=   0 [7]=   0 [8]=   0 [9]=   0 [10]=   0 [11]=   0 
before (DPU 420) [0]= 103 [1]=  89 [2]= 108 [3]=   0 [4]=   0 [5]=   0 [6]=   0 [7]=   0 [8]=   0 [9]=   0 [10]=   0 [11]=   0 
after  (DPU 420) [0]= 103 [1]=  89 [2]= 108 [3]=   0 [4]=   0 [5]=   0 [6]=   0 [7]=   0 [8]=   0 [9]=   0 [10]=   0 [11]=   0 
before (DPU 421) [0]=  91 [1]= 101 [2]= 102 [3]=   0 [4]=   0 [5]=   0 [6]=   0 [7]=   0 [8]=   0 [9]=   0 [10]=   0 [11]=   0 
after  (DPU 421) [0]=  91 [1]= 101 [2]= 102 [3]=   0 [4]=   0 [5]=   0 [6]=   0 [7]=   0 [8]=   0 [9]=   0 [10]=   0 [11]=   0 
before (DPU 422) [0]= 107 [1]=  99 [2]=  96 [3]=   0 [4]=   0 [5]=   0 [6]=   0 [7]=   0 [8]=   0 [9]=   0 [10]=   0 [11]=   0 
after  (DPU 422) [0]= 107 [1]=  99 [2]=  96 [3]=   0 [4]=   0 [5]=   0 [6]=   0 [7]=   0 [8]=   0 [9]=   0 [10]=   0 [11]=   0 
before (DPU 423) [0]=  88 [1]=  87 [2]= 104 [3]=   0 [4]=   0 [5]=   0 [6]=   0 [7]=   0 [8]=   0 [9]=   0 [10]=   0 [11]=   0 
after  (DPU 423) [0]=  88 [1]=  87 [2]= 104 [3]=   0 [4]=   0 [5]=   0 [6]=   0 [7]=   0 [8]=   0 [9]=   0 [10]=   0 [11]=   0 
before (DPU 424) [0]=  83 [1]=  93 [2]=  82 [3]=   0 [4]=   0 [5]=   0 [6]=   0 [7]=   0 [8]=   0 [9]=   0 [10]=   0 [11]=   0 
after  (DPU 424) [0]=  83 [1]=  93 [2]=  82 [3]=   0 [4]=   0 [5]=   0 [6]=   0 [7]=   0 [8]=   0 [9]=   0 [10]=   0 [11]=   0 
before (DPU 425) [0]= 105 [1]= 102 [2]= 104 [3]=   0 [4]=   0 [5]=   0 [6]=   0 [7]=   0 [8]=   0 [9]=   0 [10]=   0 [11]=   0 
after  (DPU 425) [0]= 105 [1]= 102 [2]= 104 [3]=   0 [4]=   0 [5]=   0 [6]=   0 [7]=   0 [8]=   0 [9]=   0 [10]=   0 [11]=   0 
before (DPU 426) [0]= 106 [1]=  93 [2]=  82 [3]=   0 [4]=   0 [5]=   0 [6]=   0 [7]=   0 [8]=   0 [9]=   0 [10]=   0 [11]=   0 
after  (DPU 426) [0]= 106 [1]=  93 [2]=  82 [3]=   0 [4]=   0 [5]=   0 [6]=   0 [7]=   0 [8]=   0 [9]=   0 [10]=   0 [11]=   0 
before (DPU 427) [0]= 105 [1]=  84 [2]=  88 [3]=   0 [4]=   0 [5]=   0 [6]=   0 [7]=   0 [8]=   0 [9]=   0 [10]=   0 [11]=   0 
after  (DPU 427) [0]= 105 [1]=  84 [2]=  88 [3]=   0 [4]=   0 [5]=   0 [6]=   0 [7]=   0 [8]=   0 [9]=   0 [10]=   0 [11]=   0 
before (DPU 428) [0]=  86 [1]=  95 [2]=  90 [3]=   0 [4]=   0 [5]=   0 [6]=   0 [7]=   0 [8]=   0 [9]=   0 [10]=   0 [11]=   0 
after  (DPU 428) [0]=  86 [1]=  95 [2]=  90 [3]=   0 [4]=   0 [5]=   0 [6]=   0 [7]=   0 [8]=   0 [9]=   0 [10]=   0 [11]=   0 
before (DPU 429) [0]=  93 [1]= 106 [2]=  97 [3]=   0 [4]=   0 [5]=   0 [6]=   0 [7]=   0 [8]=   0 [9]=   0 [10]=   0 [11]=   0 
after  (DPU 429) [0]=  93 [1]= 106 [2]=  97 [3]=   0 [4]=   0 [5]=   0 [6]=   0 [7]=   0 [8]=   0 [9]=   0 [10]=   0 [11]=   0 
before (DPU 430) [0]= 101 [1]=  94 [2]=  99 [3]=   0 [4]=   0 [5]=   0 [6]=   0 [7]=   0 [8]=   0 [9]=   0 [10]=   0 [11]=   0 
after  (DPU 430) [0]= 101 [1]=  94 [2]=  99 [3]=   0 [4]=   0 [5]=   0 [6]=   0 [7]=   0 [8]=   0 [9]=   0 [10]=   0 [11]=   0 
before (DPU 431) [0]=  88 [1]=  86 [2]=  88 [3]=   0 [4]=   0 [5]=   0 [6]=   0 [7]=   0 [8]=   0 [9]=   0 [10]=   0 [11]=   0 
after  (DPU 431) [0]=  88 [1]=  86 [2]=  88 [3]=   0 [4]=   0 [5]=   0 [6]=   0 [7]=   0 [8]=   0 [9]=   0 [10]=   0 [11]=   0 
before (DPU 432) [0]=  92 [1]=  83 [2]=  95 [3]=   0 [4]=   0 [5]=   0 [6]=   0 [7]=   0 [8]=   0 [9]=   0 [10]=   0 [11]=   0 
after  (DPU 432) [0]=  92 [1]=  83 [2]=  95 [3]=   0 [4]=   0 [5]=   0 [6]=   0 [7]=   0 [8]=   0 [9]=   0 [10]=   0 [11]=   0 
before (DPU 433) [0]=  93 [1]=  89 [2]=  94 [3]=   0 [4]=   0 [5]=   0 [6]=   0 [7]=   0 [8]=   0 [9]=   0 [10]=   0 [11]=   0 
after  (DPU 433) [0]=  93 [1]=  89 [2]=  94 [3]=   0 [4]=   0 [5]=   0 [6]=   0 [7]=   0 [8]=   0 [9]=   0 [10]=   0 [11]=   0 
before (DPU 434) [0]= 100 [1]=  81 [2]= 106 [3]=   0 [4]=   0 [5]=   0 [6]=   0 [7]=   0 [8]=   0 [9]=   0 [10]=   0 [11]=   0 
after  (DPU 434) [0]= 100 [1]=  81 [2]= 106 [3]=   0 [4]=   0 [5]=   0 [6]=   0 [7]=   0 [8]=   0 [9]=   0 [10]=   0 [11]=   0 
before (DPU 435) [0]=  87 [1]= 103 [2]=  97 [3]=   0 [4]=   0 [5]=   0 [6]=   0 [7]=   0 [8]=   0 [9]=   0 [10]=   0 [11]=   0 
after  (DPU 435) [0]=  87 [1]= 103 [2]=  97 [3]=   0 [4]=   0 [5]=   0 [6]=   0 [7]=   0 [8]=   0 [9]=   0 [10]=   0 [11]=   0 
before (DPU 436) [0]=  96 [1]=  91 [2]=  77 [3]=   0 [4]=   0 [5]=   0 [6]=   0 [7]=   0 [8]=   0 [9]=   0 [10]=   0 [11]=   0 
after  (DPU 436) [0]=  96 [1]=  91 [2]=  77 [3]=   0 [4]=   0 [5]=   0 [6]=   0 [7]=   0 [8]=   0 [9]=   0 [10]=   0 [11]=   0 
before (DPU 437) [0]= 103 [1]= 103 [2]=  96 [3]=   0 [4]=   0 [5]=   0 [6]=   0 [7]=   0 [8]=   0 [9]=   0 [10]=   0 [11]=   0 
after  (DPU 437) [0]= 103 [1]= 103 [2]=  96 [3]=   0 [4]=   0 [5]=   0 [6]=   0 [7]=   0 [8]=   0 [9]=   0 [10]=   0 [11]=   0 
before (DPU 438) [0]=  94 [1]=  84 [2]=  94 [3]=   0 [4]=   0 [5]=   0 [6]=   0 [7]=   0 [8]=   0 [9]=   0 [10]=   0 [11]=   0 
after  (DPU 438) [0]=  94 [1]=  84 [2]=  94 [3]=   0 [4]=   0 [5]=   0 [6]=   0 [7]=   0 [8]=   0 [9]=   0 [10]=   0 [11]=   0 
before (DPU 439) [0]=  78 [1]= 101 [2]= 108 [3]=   0 [4]=   0 [5]=   0 [6]=   0 [7]=   0 [8]=   0 [9]=   0 [10]=   0 [11]=   0 
after  (DPU 439) [0]=  78 [1]= 101 [2]= 108 [3]=   0 [4]=   0 [5]=   0 [6]=   0 [7]=   0 [8]=   0 [9]=   0 [10]=   0 [11]=   0 
before (DPU 440) [0]= 101 [1]=  96 [2]= 102 [3]=   0 [4]=   0 [5]=   0 [6]=   0 [7]=   0 [8]=   0 [9]=   0 [10]=   0 [11]=   0 
after  (DPU 440) [0]= 101 [1]=  96 [2]= 102 [3]=   0 [4]=   0 [5]=   0 [6]=   0 [7]=   0 [8]=   0 [9]=   0 [10]=   0 [11]=   0 
before (DPU 441) [0]= 101 [1]=  95 [2]=  72 [3]=   0 [4]=   0 [5]=   0 [6]=   0 [7]=   0 [8]=   0 [9]=   0 [10]=   0 [11]=   0 
after  (DPU 441) [0]= 101 [1]=  95 [2]=  72 [3]=   0 [4]=   0 [5]=   0 [6]=   0 [7]=   0 [8]=   0 [9]=   0 [10]=   0 [11]=   0 
before (DPU 442) [0]=  97 [1]=  93 [2]=  85 [3]=   0 [4]=   0 [5]=   0 [6]=   0 [7]=   0 [8]=   0 [9]=   0 [10]=   0 [11]=   0 
after  (DPU 442) [0]=  97 [1]=  93 [2]=  85 [3]=   0 [4]=   0 [5]=   0 [6]=   0 [7]=   0 [8]=   0 [9]=   0 [10]=   0 [11]=   0 
before (DPU 443) [0]=  88 [1]=  94 [2]=  87 [3]=   0 [4]=   0 [5]=   0 [6]=   0 [7]=   0 [8]=   0 [9]=   0 [10]=   0 [11]=   0 
after  (DPU 443) [0]=  88 [1]=  94 [2]=  87 [3]=   0 [4]=   0 [5]=   0 [6]=   0 [7]=   0 [8]=   0 [9]=   0 [10]=   0 [11]=   0 
before (DPU 444) [0]= 100 [1]=  94 [2]=  77 [3]=   0 [4]=   0 [5]=   0 [6]=   0 [7]=   0 [8]=   0 [9]=   0 [10]=   0 [11]=   0 
after  (DPU 444) [0]= 100 [1]=  94 [2]=  77 [3]=   0 [4]=   0 [5]=   0 [6]=   0 [7]=   0 [8]=   0 [9]=   0 [10]=   0 [11]=   0 
before (DPU 445) [0]=  95 [1]= 103 [2]=  73 [3]=   0 [4]=   0 [5]=   0 [6]=   0 [7]=   0 [8]=   0 [9]=   0 [10]=   0 [11]=   0 
after  (DPU 445) [0]=  95 [1]= 103 [2]=  73 [3]=   0 [4]=   0 [5]=   0 [6]=   0 [7]=   0 [8]=   0 [9]=   0 [10]=   0 [11]=   0 
before (DPU 446) [0]=   0 [1]=   0 [2]=   0 [3]=139115 [4]=   0 [5]=   0 [6]=   0 [7]=   0 [8]=   0 [9]=   0 [10]=   0 [11]=   0 
after  (DPU 446) [0]=   0 [1]=   0 [2]=   0 [3]=139115 [4]=   0 [5]=   0 [6]=   0 [7]=   0 [8]=   0 [9]=   0 [10]=   0 [11]=   0 
before (DPU 447) [0]=  89 [1]=  75 [2]=  94 [3]=   0 [4]=   0 [5]=   0 [6]=   0 [7]=   0 [8]=   0 [9]=   0 [10]=   0 [11]=   0 
after  (DPU 447) [0]=  89 [1]=  75 [2]=  94 [3]=   0 [4]=   0 [5]=   0 [6]=   0 [7]=   0 [8]=   0 [9]=   0 [10]=   0 [11]=   0 
before (DPU 448) [0]= 100 [1]=  90 [2]=  88 [3]=   0 [4]=   0 [5]=   0 [6]=   0 [7]=   0 [8]=   0 [9]=   0 [10]=   0 [11]=   0 
after  (DPU 448) [0]= 100 [1]=  90 [2]=  88 [3]=   0 [4]=   0 [5]=   0 [6]=   0 [7]=   0 [8]=   0 [9]=   0 [10]=   0 [11]=   0 
before (DPU 449) [0]=   0 [1]=  84 [2]=  92 [3]=21380 [4]=   0 [5]=   0 [6]=   0 [7]=   0 [8]=   0 [9]=   0 [10]=   0 [11]=   0 
after  (DPU 449) [0]=   0 [1]=  84 [2]=   0 [3]=21380 [4]=   0 [5]=   0 [6]=   0 [7]=   0 [8]=   0 [9]=   0 [10]=   0 [11]=   0 
before (DPU 450) [0]=  88 [1]= 123 [2]= 108 [3]=   0 [4]=   0 [5]=   0 [6]=   0 [7]=   0 [8]=   0 [9]=   0 [10]=   0 [11]=   0 
after  (DPU 450) [0]=  88 [1]= 123 [2]= 108 [3]=   0 [4]=   0 [5]=   0 [6]=   0 [7]=   0 [8]=   0 [9]=   0 [10]=   0 [11]=   0 
before (DPU 451) [0]=  93 [1]= 102 [2]=  91 [3]=   0 [4]=   0 [5]=   0 [6]=   0 [7]=   0 [8]=   0 [9]=   0 [10]=   0 [11]=   0 
after  (DPU 451) [0]=  93 [1]= 102 [2]=  91 [3]=   0 [4]=   0 [5]=   0 [6]=   0 [7]=   0 [8]=   0 [9]=   0 [10]=   0 [11]=   0 
before (DPU 452) [0]=  89 [1]=  99 [2]=  84 [3]=   0 [4]=   0 [5]=   0 [6]=   0 [7]=   0 [8]=   0 [9]=   0 [10]=   0 [11]=   0 
after  (DPU 452) [0]=  89 [1]=  99 [2]=  84 [3]=   0 [4]=   0 [5]=   0 [6]=   0 [7]=   0 [8]=   0 [9]=   0 [10]=   0 [11]=   0 
before (DPU 453) [0]=  79 [1]=  99 [2]=  95 [3]=   0 [4]=   0 [5]=   0 [6]=   0 [7]=   0 [8]=   0 [9]=   0 [10]=   0 [11]=   0 
after  (DPU 453) [0]=  79 [1]=  99 [2]=  95 [3]=   0 [4]=   0 [5]=   0 [6]=   0 [7]=   0 [8]=   0 [9]=   0 [10]=   0 [11]=   0 
before (DPU 454) [0]=  92 [1]=  94 [2]=  92 [3]=   0 [4]=   0 [5]=   0 [6]=   0 [7]=   0 [8]=   0 [9]=   0 [10]=   0 [11]=   0 
after  (DPU 454) [0]=  92 [1]=  94 [2]=  92 [3]=   0 [4]=   0 [5]=   0 [6]=   0 [7]=   0 [8]=   0 [9]=   0 [10]=   0 [11]=   0 
before (DPU 455) [0]= 104 [1]=  76 [2]=  94 [3]=   0 [4]=   0 [5]=   0 [6]=   0 [7]=   0 [8]=   0 [9]=   0 [10]=   0 [11]=   0 
after  (DPU 455) [0]= 104 [1]=  76 [2]=  94 [3]=   0 [4]=   0 [5]=   0 [6]=   0 [7]=   0 [8]=   0 [9]=   0 [10]=   0 [11]=   0 
before (DPU 456) [0]=  92 [1]=  95 [2]=  93 [3]=   0 [4]=   0 [5]=   0 [6]=   0 [7]=   0 [8]=   0 [9]=   0 [10]=   0 [11]=   0 
after  (DPU 456) [0]=  92 [1]=  95 [2]=  93 [3]=   0 [4]=   0 [5]=   0 [6]=   0 [7]=   0 [8]=   0 [9]=   0 [10]=   0 [11]=   0 
before (DPU 457) [0]=  87 [1]=  85 [2]=  77 [3]=6400 [4]=   0 [5]=   0 [6]=   0 [7]=   0 [8]=   0 [9]=   0 [10]=   0 [11]=   0 
after  (DPU 457) [0]=  87 [1]=  85 [2]=  77 [3]=6400 [4]=   0 [5]=   0 [6]=   0 [7]=   0 [8]=   0 [9]=   0 [10]=   0 [11]=   0 
before (DPU 458) [0]=  92 [1]=  85 [2]= 106 [3]=   0 [4]=   0 [5]=   0 [6]=   0 [7]=   0 [8]=   0 [9]=   0 [10]=   0 [11]=   0 
after  (DPU 458) [0]=  92 [1]=  85 [2]= 106 [3]=   0 [4]=   0 [5]=   0 [6]=   0 [7]=   0 [8]=   0 [9]=   0 [10]=   0 [11]=   0 
before (DPU 459) [0]=  85 [1]=  89 [2]=  68 [3]=12321 [4]=   0 [5]=   0 [6]=   0 [7]=   0 [8]=   0 [9]=   0 [10]=   0 [11]=   0 
after  (DPU 459) [0]=  85 [1]=  89 [2]=  68 [3]=12321 [4]=   0 [5]=   0 [6]=   0 [7]=   0 [8]=   0 [9]=   0 [10]=   0 [11]=   0 
before (DPU 460) [0]=  93 [1]=  86 [2]=  94 [3]=   0 [4]=   0 [5]=   0 [6]=   0 [7]=   0 [8]=   0 [9]=   0 [10]=   0 [11]=   0 
after  (DPU 460) [0]=  93 [1]=  86 [2]=  94 [3]=   0 [4]=   0 [5]=   0 [6]=   0 [7]=   0 [8]=   0 [9]=   0 [10]=   0 [11]=   0 
before (DPU 461) [0]=  83 [1]=  98 [2]=  94 [3]=  98 [4]=   0 [5]=   0 [6]=   0 [7]=   0 [8]=   0 [9]=   0 [10]=   0 [11]=   0 
after  (DPU 461) [0]=  83 [1]=  98 [2]=  94 [3]=  98 [4]=   0 [5]=   0 [6]=   0 [7]=   0 [8]=   0 [9]=   0 [10]=   0 [11]=   0 
before (DPU 462) [0]=  94 [1]=  75 [2]= 103 [3]=   0 [4]=   0 [5]=   0 [6]=   0 [7]=   0 [8]=   0 [9]=   0 [10]=   0 [11]=   0 
after  (DPU 462) [0]=  94 [1]=  75 [2]= 103 [3]=   0 [4]=   0 [5]=   0 [6]=   0 [7]=   0 [8]=   0 [9]=   0 [10]=   0 [11]=   0 
before (DPU 463) [0]=  88 [1]=  80 [2]=  76 [3]=   0 [4]=   0 [5]=   0 [6]=   0 [7]=   0 [8]=   0 [9]=   0 [10]=   0 [11]=   0 
after  (DPU 463) [0]=  88 [1]=  80 [2]=  76 [3]= 100 [4]=   0 [5]=   0 [6]=   0 [7]=   0 [8]=   0 [9]=   0 [10]=   0 [11]=   0 
before (DPU 464) [0]=  85 [1]=  84 [2]=  84 [3]=   0 [4]=   0 [5]=   0 [6]=   0 [7]=   0 [8]=   0 [9]=   0 [10]=   0 [11]=   0 
after  (DPU 464) [0]=  85 [1]=  84 [2]=  84 [3]=5557 [4]=   0 [5]=   0 [6]=   0 [7]=   0 [8]=   0 [9]=   0 [10]=   0 [11]=   0 
before (DPU 465) [0]=  76 [1]=  87 [2]=  93 [3]=   0 [4]=   0 [5]=   0 [6]=   0 [7]=   0 [8]=   0 [9]=   0 [10]=   0 [11]=   0 
after  (DPU 465) [0]=  76 [1]=  87 [2]=  93 [3]=   0 [4]=   0 [5]=   0 [6]=   0 [7]=   0 [8]=   0 [9]=   0 [10]=   0 [11]=   0 
before (DPU 466) [0]=  92 [1]=  83 [2]= 104 [3]=   0 [4]=   0 [5]=   0 [6]=   0 [7]=   0 [8]=   0 [9]=   0 [10]=   0 [11]=   0 
after  (DPU 466) [0]=  92 [1]=  83 [2]= 104 [3]=   0 [4]=   0 [5]=   0 [6]=   0 [7]=   0 [8]=   0 [9]=   0 [10]=   0 [11]=   0 
before (DPU 467) [0]=  87 [1]=  95 [2]=  98 [3]=   0 [4]=   0 [5]=   0 [6]=   0 [7]=   0 [8]=   0 [9]=   0 [10]=   0 [11]=   0 
after  (DPU 467) [0]=  87 [1]=  95 [2]=  98 [3]=   0 [4]=   0 [5]=   0 [6]=   0 [7]=   0 [8]=   0 [9]=   0 [10]=   0 [11]=   0 
before (DPU 468) [0]=  93 [1]=  76 [2]=  99 [3]=   0 [4]=   0 [5]=   0 [6]=   0 [7]=   0 [8]=   0 [9]=   0 [10]=   0 [11]=   0 
after  (DPU 468) [0]=  93 [1]=  76 [2]=  99 [3]=   0 [4]=   0 [5]=   0 [6]=   0 [7]=   0 [8]=   0 [9]=   0 [10]=   0 [11]=   0 
before (DPU 469) [0]=  76 [1]=  84 [2]=  77 [3]=   0 [4]=   0 [5]=   0 [6]=   0 [7]=   0 [8]=   0 [9]=   0 [10]=   0 [11]=   0 
after  (DPU 469) [0]=  76 [1]=  84 [2]=  77 [3]=  77 [4]=   0 [5]=   0 [6]=   0 [7]=   0 [8]=   0 [9]=   0 [10]=   0 [11]=   0 
before (DPU 470) [0]=  82 [1]= 100 [2]=  98 [3]=17761 [4]=   0 [5]=   0 [6]=   0 [7]=   0 [8]=   0 [9]=   0 [10]=   0 [11]=   0 
after  (DPU 470) [0]=  82 [1]=   0 [2]=  98 [3]=17761 [4]=   0 [5]=   0 [6]=   0 [7]=   0 [8]=   0 [9]=   0 [10]=   0 [11]=   0 
before (DPU 471) [0]=  99 [1]=  96 [2]=  82 [3]=   0 [4]=   0 [5]=   0 [6]=   0 [7]=   0 [8]=   0 [9]=   0 [10]=   0 [11]=   0 
after  (DPU 471) [0]=  99 [1]=  96 [2]=  82 [3]=   0 [4]=   0 [5]=   0 [6]=   0 [7]=   0 [8]=   0 [9]=   0 [10]=   0 [11]=   0 
before (DPU 472) [0]=  80 [1]=  85 [2]=  95 [3]=   0 [4]=   0 [5]=   0 [6]=   0 [7]=   0 [8]=   0 [9]=   0 [10]=   0 [11]=   0 
after  (DPU 472) [0]=  80 [1]=  85 [2]=  95 [3]=   0 [4]=   0 [5]=   0 [6]=   0 [7]=   0 [8]=   0 [9]=   0 [10]=   0 [11]=   0 
before (DPU 473) [0]=  89 [1]=  89 [2]=  78 [3]=   0 [4]=   0 [5]=   0 [6]=   0 [7]=   0 [8]=   0 [9]=   0 [10]=   0 [11]=   0 
after  (DPU 473) [0]=  89 [1]=  89 [2]=  78 [3]=   0 [4]=   0 [5]=   0 [6]=   0 [7]=   0 [8]=   0 [9]=   0 [10]=   0 [11]=   0 
before (DPU 474) [0]= 105 [1]=  80 [2]=  79 [3]=   0 [4]=   0 [5]=   0 [6]=   0 [7]=   0 [8]=   0 [9]=   0 [10]=   0 [11]=   0 
after  (DPU 474) [0]= 105 [1]=  80 [2]=  79 [3]=   0 [4]=   0 [5]=   0 [6]=   0 [7]=   0 [8]=   0 [9]=   0 [10]=   0 [11]=   0 
before (DPU 475) [0]=  66 [1]=  85 [2]=  97 [3]=   0 [4]=   0 [5]=   0 [6]=   0 [7]=   0 [8]=   0 [9]=   0 [10]=   0 [11]=   0 
after  (DPU 475) [0]=  66 [1]=  85 [2]=  97 [3]=8263 [4]=   0 [5]=   0 [6]=   0 [7]=   0 [8]=   0 [9]=   0 [10]=   0 [11]=   0 
before (DPU 476) [0]=  78 [1]=  85 [2]=  94 [3]=  71 [4]=   0 [5]=   0 [6]=   0 [7]=   0 [8]=   0 [9]=   0 [10]=   0 [11]=   0 
after  (DPU 476) [0]=  78 [1]=  85 [2]=  94 [3]=  71 [4]=   0 [5]=   0 [6]=   0 [7]=   0 [8]=   0 [9]=   0 [10]=   0 [11]=   0 
before (DPU 477) [0]=  86 [1]= 101 [2]=  77 [3]=   0 [4]=   0 [5]=   0 [6]=   0 [7]=   0 [8]=   0 [9]=   0 [10]=   0 [11]=   0 
after  (DPU 477) [0]=  86 [1]= 101 [2]=  77 [3]=   0 [4]=   0 [5]=   0 [6]=   0 [7]=   0 [8]=   0 [9]=   0 [10]=   0 [11]=   0 
before (DPU 478) [0]= 108 [1]=  97 [2]=  91 [3]=  85 [4]=   0 [5]=   0 [6]=   0 [7]=   0 [8]=   0 [9]=   0 [10]=   0 [11]=   0 
after  (DPU 478) [0]= 108 [1]=  97 [2]=  91 [3]=  85 [4]=   0 [5]=   0 [6]=   0 [7]=   0 [8]=   0 [9]=   0 [10]=   0 [11]=   0 
before (DPU 479) [0]=  97 [1]=  89 [2]=  84 [3]=   0 [4]=   0 [5]=   0 [6]=   0 [7]=   0 [8]=   0 [9]=   0 [10]=   0 [11]=   0 
after  (DPU 479) [0]=  97 [1]=  89 [2]=  84 [3]=   0 [4]=   0 [5]=   0 [6]=   0 [7]=   0 [8]=   0 [9]=   0 [10]=   0 [11]=   0 
before (DPU 480) [0]=  81 [1]=  88 [2]=  95 [3]=   0 [4]=   0 [5]=   0 [6]=   0 [7]=   0 [8]=   0 [9]=   0 [10]=   0 [11]=   0 
after  (DPU 480) [0]=  81 [1]=  88 [2]=  95 [3]=   0 [4]=   0 [5]=   0 [6]=   0 [7]=   0 [8]=   0 [9]=   0 [10]=   0 [11]=   0 
before (DPU 481) [0]=   0 [1]=   0 [2]=   0 [3]=33046 [4]=   0 [5]=   0 [6]=   0 [7]=   0 [8]=   0 [9]=   0 [10]=   0 [11]=   0 
after  (DPU 481) [0]=   0 [1]=   0 [2]=   0 [3]=33046 [4]=   0 [5]=   0 [6]=   0 [7]=   0 [8]=   0 [9]=   0 [10]=   0 [11]=   0 
before (DPU 482) [0]=  97 [1]=  78 [2]=  85 [3]=   0 [4]=   0 [5]=   0 [6]=   0 [7]=   0 [8]=   0 [9]=   0 [10]=   0 [11]=   0 
after  (DPU 482) [0]=  97 [1]=  78 [2]=  85 [3]=   0 [4]=   0 [5]=   0 [6]=   0 [7]=   0 [8]=   0 [9]=   0 [10]=   0 [11]=   0 
before (DPU 483) [0]=  83 [1]=  85 [2]=  77 [3]=  88 [4]=   0 [5]=   0 [6]=   0 [7]=   0 [8]=   0 [9]=   0 [10]=   0 [11]=   0 
after  (DPU 483) [0]=  83 [1]=  85 [2]=  77 [3]=  88 [4]=   0 [5]=   0 [6]=   0 [7]=   0 [8]=   0 [9]=   0 [10]=   0 [11]=   0 
before (DPU 484) [0]=  85 [1]= 104 [2]=  91 [3]=   0 [4]=   0 [5]=   0 [6]=   0 [7]=   0 [8]=   0 [9]=   0 [10]=   0 [11]=   0 
after  (DPU 484) [0]=  85 [1]= 104 [2]=  91 [3]=   0 [4]=   0 [5]=   0 [6]=   0 [7]=   0 [8]=   0 [9]=   0 [10]=   0 [11]=   0 
before (DPU 485) [0]=  92 [1]=  78 [2]=  91 [3]=  97 [4]=   0 [5]=   0 [6]=   0 [7]=   0 [8]=   0 [9]=   0 [10]=   0 [11]=   0 
after  (DPU 485) [0]=  92 [1]=  78 [2]=  91 [3]=  97 [4]=   0 [5]=   0 [6]=   0 [7]=   0 [8]=   0 [9]=   0 [10]=   0 [11]=   0 
before (DPU 486) [0]=  86 [1]=  93 [2]=  98 [3]=   0 [4]=   0 [5]=   0 [6]=   0 [7]=   0 [8]=   0 [9]=   0 [10]=   0 [11]=   0 
after  (DPU 486) [0]=  86 [1]=  93 [2]=  98 [3]=   0 [4]=   0 [5]=   0 [6]=   0 [7]=   0 [8]=   0 [9]=   0 [10]=   0 [11]=   0 
before (DPU 487) [0]=  85 [1]=  89 [2]=  88 [3]=   0 [4]=   0 [5]=   0 [6]=   0 [7]=   0 [8]=   0 [9]=   0 [10]=   0 [11]=   0 
after  (DPU 487) [0]=  85 [1]=  89 [2]=  88 [3]=   0 [4]=   0 [5]=   0 [6]=   0 [7]=   0 [8]=   0 [9]=   0 [10]=   0 [11]=   0 
before (DPU 488) [0]=  83 [1]=  97 [2]=  84 [3]=   0 [4]=   0 [5]=   0 [6]=   0 [7]=   0 [8]=   0 [9]=   0 [10]=   0 [11]=   0 
after  (DPU 488) [0]=  83 [1]=  97 [2]=  84 [3]=   0 [4]=   0 [5]=   0 [6]=   0 [7]=   0 [8]=   0 [9]=   0 [10]=   0 [11]=   0 
before (DPU 489) [0]=  94 [1]=  81 [2]=  84 [3]=   0 [4]=   0 [5]=   0 [6]=   0 [7]=   0 [8]=   0 [9]=   0 [10]=   0 [11]=   0 
after  (DPU 489) [0]=  94 [1]=  81 [2]=  84 [3]=   0 [4]=   0 [5]=   0 [6]=   0 [7]=   0 [8]=   0 [9]=   0 [10]=   0 [11]=   0 
before (DPU 490) [0]=  96 [1]=  81 [2]=  85 [3]=  99 [4]=   0 [5]=   0 [6]=   0 [7]=   0 [8]=   0 [9]=   0 [10]=   0 [11]=   0 
after  (DPU 490) [0]=  96 [1]=  81 [2]=  85 [3]=  99 [4]=   0 [5]=   0 [6]=   0 [7]=   0 [8]=   0 [9]=   0 [10]=   0 [11]=   0 
before (DPU 491) [0]=  86 [1]=  83 [2]=  93 [3]=10230 [4]=   0 [5]=   0 [6]=   0 [7]=   0 [8]=   0 [9]=   0 [10]=   0 [11]=   0 
after  (DPU 491) [0]=  86 [1]=  83 [2]=  93 [3]=10230 [4]=   0 [5]=   0 [6]=   0 [7]=   0 [8]=   0 [9]=   0 [10]=   0 [11]=   0 
before (DPU 492) [0]=  83 [1]=  75 [2]=  85 [3]=  88 [4]=   0 [5]=   0 [6]=   0 [7]=   0 [8]=   0 [9]=   0 [10]=   0 [11]=   0 
after  (DPU 492) [0]=  83 [1]=  75 [2]=  85 [3]=  88 [4]=   0 [5]=   0 [6]=   0 [7]=   0 [8]=   0 [9]=   0 [10]=   0 [11]=   0 
before (DPU 493) [0]=  90 [1]=  76 [2]=  73 [3]=7566 [4]=   0 [5]=   0 [6]=   0 [7]=   0 [8]=   0 [9]=   0 [10]=   0 [11]=   0 
after  (DPU 493) [0]=  90 [1]=  76 [2]=  73 [3]=7566 [4]=   0 [5]=   0 [6]=   0 [7]=   0 [8]=   0 [9]=   0 [10]=   0 [11]=   0 
before (DPU 494) [0]=  89 [1]=  73 [2]=  80 [3]=   0 [4]=   0 [5]=   0 [6]=   0 [7]=   0 [8]=   0 [9]=   0 [10]=   0 [11]=   0 
after  (DPU 494) [0]=  89 [1]=  73 [2]=  80 [3]=  92 [4]=   0 [5]=   0 [6]=   0 [7]=   0 [8]=   0 [9]=   0 [10]=   0 [11]=   0 
before (DPU 495) [0]=  85 [1]=  72 [2]=  65 [3]=9548 [4]=   0 [5]=   0 [6]=   0 [7]=   0 [8]=   0 [9]=   0 [10]=   0 [11]=   0 
after  (DPU 495) [0]=  85 [1]=  72 [2]=  65 [3]=9548 [4]=   0 [5]=   0 [6]=   0 [7]=   0 [8]=   0 [9]=   0 [10]=   0 [11]=   0 
before (DPU 496) [0]=  92 [1]=  97 [2]=  71 [3]=13657 [4]=   0 [5]=   0 [6]=   0 [7]=   0 [8]=   0 [9]=   0 [10]=   0 [11]=   0 
after  (DPU 496) [0]=  92 [1]=  97 [2]=  71 [3]=13657 [4]=   0 [5]=   0 [6]=   0 [7]=   0 [8]=   0 [9]=   0 [10]=   0 [11]=   0 
before (DPU 497) [0]=  77 [1]=  87 [2]=  76 [3]= 100 [4]=   0 [5]=   0 [6]=   0 [7]=   0 [8]=   0 [9]=   0 [10]=   0 [11]=   0 
after  (DPU 497) [0]=  77 [1]=  87 [2]=  76 [3]= 100 [4]=   0 [5]=   0 [6]=   0 [7]=   0 [8]=   0 [9]=   0 [10]=   0 [11]=   0 
before (DPU 498) [0]=  88 [1]=  84 [2]=  82 [3]=  66 [4]=   0 [5]=   0 [6]=   0 [7]=   0 [8]=   0 [9]=   0 [10]=   0 [11]=   0 
after  (DPU 498) [0]=  88 [1]=  84 [2]=  82 [3]=  66 [4]=   0 [5]=   0 [6]=   0 [7]=   0 [8]=   0 [9]=   0 [10]=   0 [11]=   0 
before (DPU 499) [0]=   0 [1]=  77 [2]=   0 [3]=47846 [4]=   0 [5]=   0 [6]=   0 [7]=   0 [8]=   0 [9]=   0 [10]=   0 [11]=   0 
after  (DPU 499) [0]=   0 [1]=   0 [2]=   0 [3]=47846 [4]=   0 [5]=   0 [6]=   0 [7]=   0 [8]=   0 [9]=   0 [10]=   0 [11]=   0 
key_index after (DPU 0) [0]=   0 [1]=71789 [2]=71789 [3]=71789 [4]=71789 [5]=71789 [6]=71789 [7]=71789 [8]=71789 [9]=71789 [10]=71789 [11]=71789 [12]=71789 
key_index after (DPU 1) [0]=   0 [1]=25829 [2]=25829 [3]=25829 [4]=25829 [5]=25829 [6]=25829 [7]=25829 [8]=25829 [9]=25829 [10]=25829 [11]=25829 [12]=25829 
key_index after (DPU 2) [0]=   0 [1]=15657 [2]=15657 [3]=15657 [4]=15657 [5]=15657 [6]=15657 [7]=15657 [8]=15657 [9]=15657 [10]=15657 [11]=15657 [12]=15657 
key_index after (DPU 3) [0]=   0 [1]=11085 [2]=11085 [3]=11085 [4]=11085 [5]=11085 [6]=11085 [7]=11085 [8]=11085 [9]=11085 [10]=11085 [11]=11085 [12]=11085 
key_index after (DPU 4) [0]=   0 [1]=8689 [2]=8689 [3]=8689 [4]=8689 [5]=8689 [6]=8689 [7]=8689 [8]=8689 [9]=8689 [10]=8689 [11]=8689 [12]=8689 
key_index after (DPU 5) [0]=   0 [1]=7206 [2]=13957 [3]=13957 [4]=13957 [5]=13957 [6]=13957 [7]=13957 [8]=13957 [9]=13957 [10]=13957 [11]=13957 [12]=13957 
key_index after (DPU 6) [0]=   0 [1]=6053 [2]=11824 [3]=11824 [4]=11824 [5]=11824 [6]=11824 [7]=11824 [8]=11824 [9]=11824 [10]=11824 [11]=11824 [12]=11824 
key_index after (DPU 7) [0]=   0 [1]=5191 [2]=10076 [3]=10076 [4]=10076 [5]=10076 [6]=10076 [7]=10076 [8]=10076 [9]=10076 [10]=10076 [11]=10076 [12]=10076 
key_index after (DPU 8) [0]=4790 [1]=9418 [2]=13867 [3]=13867 [4]=13867 [5]=13867 [6]=13867 [7]=13867 [8]=13867 [9]=13867 [10]=13867 [11]=13867 [12]=13867 
key_index after (DPU 9) [0]=4432 [1]=8536 [2]=12475 [3]=12475 [4]=12475 [5]=12475 [6]=12475 [7]=12475 [8]=12475 [9]=12475 [10]=12475 [11]=12475 [12]=12475 
key_index after (DPU 10) [0]=3847 [1]=7645 [2]=11224 [3]=11224 [4]=11224 [5]=11224 [6]=11224 [7]=11224 [8]=11224 [9]=11224 [10]=11224 [11]=11224 [12]=11224 
key_index after (DPU 11) [0]=3566 [1]=6994 [2]=10306 [3]=10306 [4]=10306 [5]=10306 [6]=10306 [7]=10306 [8]=10306 [9]=10306 [10]=10306 [11]=10306 [12]=10306 
key_index after (DPU 12) [0]=3317 [1]=6548 [2]=9588 [3]=9588 [4]=9588 [5]=9588 [6]=9588 [7]=9588 [8]=9588 [9]=9588 [10]=9588 [11]=9588 [12]=9588 
key_index after (DPU 13) [0]=2996 [1]=5912 [2]=8779 [3]=8779 [4]=8779 [5]=8779 [6]=8779 [7]=8779 [8]=8779 [9]=8779 [10]=8779 [11]=8779 [12]=8779 
key_index after (DPU 14) [0]=2803 [1]=5585 [2]=8256 [3]=8256 [4]=8256 [5]=8256 [6]=8256 [7]=8256 [8]=8256 [9]=8256 [10]=8256 [11]=8256 [12]=8256 
key_index after (DPU 15) [0]=2613 [1]=5156 [2]=7687 [3]=7687 [4]=7687 [5]=7687 [6]=7687 [7]=7687 [8]=7687 [9]=7687 [10]=7687 [11]=7687 [12]=7687 
key_index after (DPU 16) [0]=2417 [1]=4871 [2]=7212 [3]=7212 [4]=7212 [5]=7212 [6]=7212 [7]=7212 [8]=7212 [9]=7212 [10]=7212 [11]=7212 [12]=7212 
key_index after (DPU 17) [0]=2238 [1]=4451 [2]=6631 [3]=6631 [4]=6631 [5]=6631 [6]=6631 [7]=6631 [8]=6631 [9]=6631 [10]=6631 [11]=6631 [12]=6631 
key_index after (DPU 18) [0]=2231 [1]=4303 [2]=6356 [3]=6356 [4]=6356 [5]=6356 [6]=6356 [7]=6356 [8]=6356 [9]=6356 [10]=6356 [11]=6356 [12]=6356 
key_index after (DPU 19) [0]=2101 [1]=4126 [2]=6090 [3]=6090 [4]=6090 [5]=6090 [6]=6090 [7]=6090 [8]=6090 [9]=6090 [10]=6090 [11]=6090 [12]=6090 
key_index after (DPU 20) [0]=1934 [1]=3786 [2]=5591 [3]=5591 [4]=5591 [5]=5591 [6]=5591 [7]=5591 [8]=5591 [9]=5591 [10]=5591 [11]=5591 [12]=5591 
key_index after (DPU 21) [0]=1828 [1]=3702 [2]=5618 [3]=5618 [4]=5618 [5]=5618 [6]=5618 [7]=5618 [8]=5618 [9]=5618 [10]=5618 [11]=5618 [12]=5618 
key_index after (DPU 22) [0]=1802 [1]=3528 [2]=5293 [3]=5293 [4]=5293 [5]=5293 [6]=5293 [7]=5293 [8]=5293 [9]=5293 [10]=5293 [11]=5293 [12]=5293 
key_index after (DPU 23) [0]=1680 [1]=3374 [2]=5110 [3]=5110 [4]=5110 [5]=5110 [6]=5110 [7]=5110 [8]=5110 [9]=5110 [10]=5110 [11]=5110 [12]=5110 
key_index after (DPU 24) [0]=1677 [1]=3322 [2]=4972 [3]=4972 [4]=4972 [5]=4972 [6]=4972 [7]=4972 [8]=4972 [9]=4972 [10]=4972 [11]=4972 [12]=4972 
key_index after (DPU 25) [0]=1636 [1]=3239 [2]=4788 [3]=4788 [4]=4788 [5]=4788 [6]=4788 [7]=4788 [8]=4788 [9]=4788 [10]=4788 [11]=4788 [12]=4788 
key_index after (DPU 26) [0]=1563 [1]=3066 [2]=4539 [3]=4539 [4]=4539 [5]=4539 [6]=4539 [7]=4539 [8]=4539 [9]=4539 [10]=4539 [11]=4539 [12]=4539 
key_index after (DPU 27) [0]=1469 [1]=2966 [2]=4433 [3]=4433 [4]=4433 [5]=4433 [6]=4433 [7]=4433 [8]=4433 [9]=4433 [10]=4433 [11]=4433 [12]=4433 
key_index after (DPU 28) [0]=1406 [1]=2789 [2]=4170 [3]=4170 [4]=4170 [5]=4170 [6]=4170 [7]=4170 [8]=4170 [9]=4170 [10]=4170 [11]=4170 [12]=4170 
key_index after (DPU 29) [0]=1395 [1]=2763 [2]=4092 [3]=4092 [4]=4092 [5]=4092 [6]=4092 [7]=4092 [8]=4092 [9]=4092 [10]=4092 [11]=4092 [12]=4092 
key_index after (DPU 30) [0]=1260 [1]=2544 [2]=3836 [3]=3836 [4]=3836 [5]=3836 [6]=3836 [7]=3836 [8]=3836 [9]=3836 [10]=3836 [11]=3836 [12]=3836 
key_index after (DPU 31) [0]=1311 [1]=2533 [2]=3778 [3]=3778 [4]=3778 [5]=3778 [6]=3778 [7]=3778 [8]=3778 [9]=3778 [10]=3778 [11]=3778 [12]=3778 
key_index after (DPU 32) [0]=1185 [1]=2382 [2]=3618 [3]=3618 [4]=3618 [5]=3618 [6]=3618 [7]=3618 [8]=3618 [9]=3618 [10]=3618 [11]=3618 [12]=3618 
key_index after (DPU 33) [0]=1229 [1]=2445 [2]=3597 [3]=3597 [4]=3597 [5]=3597 [6]=3597 [7]=3597 [8]=3597 [9]=3597 [10]=3597 [11]=3597 [12]=3597 
key_index after (DPU 34) [0]=1114 [1]=2264 [2]=3419 [3]=3419 [4]=3419 [5]=3419 [6]=3419 [7]=3419 [8]=3419 [9]=3419 [10]=3419 [11]=3419 [12]=3419 
key_index after (DPU 35) [0]=1135 [1]=2251 [2]=3385 [3]=3385 [4]=3385 [5]=3385 [6]=3385 [7]=3385 [8]=3385 [9]=3385 [10]=3385 [11]=3385 [12]=3385 
key_index after (DPU 36) [0]=1121 [1]=2148 [2]=3197 [3]=3197 [4]=3197 [5]=3197 [6]=3197 [7]=3197 [8]=3197 [9]=3197 [10]=3197 [11]=3197 [12]=3197 
key_index after (DPU 37) [0]=1137 [1]=2245 [2]=3249 [3]=3249 [4]=3249 [5]=3249 [6]=3249 [7]=3249 [8]=3249 [9]=3249 [10]=3249 [11]=3249 [12]=3249 
key_index after (DPU 38) [0]=1103 [1]=2176 [2]=3209 [3]=3209 [4]=3209 [5]=3209 [6]=3209 [7]=3209 [8]=3209 [9]=3209 [10]=3209 [11]=3209 [12]=3209 
key_index after (DPU 39) [0]=1000 [1]=2014 [2]=3064 [3]=3064 [4]=3064 [5]=3064 [6]=3064 [7]=3064 [8]=3064 [9]=3064 [10]=3064 [11]=3064 [12]=3064 
key_index after (DPU 40) [0]= 989 [1]=1993 [2]=3021 [3]=3021 [4]=3021 [5]=3021 [6]=3021 [7]=3021 [8]=3021 [9]=3021 [10]=3021 [11]=3021 [12]=3021 
key_index after (DPU 41) [0]= 922 [1]=1960 [2]=2930 [3]=2930 [4]=2930 [5]=2930 [6]=2930 [7]=2930 [8]=2930 [9]=2930 [10]=2930 [11]=2930 [12]=2930 
key_index after (DPU 42) [0]= 925 [1]=1820 [2]=2807 [3]=2807 [4]=2807 [5]=2807 [6]=2807 [7]=2807 [8]=2807 [9]=2807 [10]=2807 [11]=2807 [12]=2807 
key_index after (DPU 43) [0]= 945 [1]=1849 [2]=2774 [3]=2774 [4]=2774 [5]=2774 [6]=2774 [7]=2774 [8]=2774 [9]=2774 [10]=2774 [11]=2774 [12]=2774 
key_index after (DPU 44) [0]= 881 [1]=1786 [2]=2670 [3]=2670 [4]=2670 [5]=2670 [6]=2670 [7]=2670 [8]=2670 [9]=2670 [10]=2670 [11]=2670 [12]=2670 
key_index after (DPU 45) [0]= 889 [1]=1790 [2]=2668 [3]=2668 [4]=2668 [5]=2668 [6]=2668 [7]=2668 [8]=2668 [9]=2668 [10]=2668 [11]=2668 [12]=2668 
key_index after (DPU 46) [0]= 829 [1]=1698 [2]=2559 [3]=2559 [4]=2559 [5]=2559 [6]=2559 [7]=2559 [8]=2559 [9]=2559 [10]=2559 [11]=2559 [12]=2559 
key_index after (DPU 47) [0]= 892 [1]=1776 [2]=2569 [3]=2569 [4]=2569 [5]=2569 [6]=2569 [7]=2569 [8]=2569 [9]=2569 [10]=2569 [11]=2569 [12]=2569 
key_index after (DPU 48) [0]= 839 [1]=1700 [2]=2529 [3]=2529 [4]=2529 [5]=2529 [6]=2529 [7]=2529 [8]=2529 [9]=2529 [10]=2529 [11]=2529 [12]=2529 
key_index after (DPU 49) [0]= 792 [1]=1603 [2]=2446 [3]=2446 [4]=2446 [5]=2446 [6]=2446 [7]=2446 [8]=2446 [9]=2446 [10]=2446 [11]=2446 [12]=2446 
key_index after (DPU 50) [0]= 790 [1]=1582 [2]=2363 [3]=2363 [4]=2363 [5]=2363 [6]=2363 [7]=2363 [8]=2363 [9]=2363 [10]=2363 [11]=2363 [12]=2363 
key_index after (DPU 51) [0]= 823 [1]=1640 [2]=2426 [3]=2426 [4]=2426 [5]=2426 [6]=2426 [7]=2426 [8]=2426 [9]=2426 [10]=2426 [11]=2426 [12]=2426 
key_index after (DPU 52) [0]= 753 [1]=1576 [2]=2336 [3]=2336 [4]=2336 [5]=2336 [6]=2336 [7]=2336 [8]=2336 [9]=2336 [10]=2336 [11]=2336 [12]=2336 
key_index after (DPU 53) [0]= 727 [1]=1470 [2]=2199 [3]=2199 [4]=2199 [5]=2199 [6]=2199 [7]=2199 [8]=2199 [9]=2199 [10]=2199 [11]=2199 [12]=2199 
key_index after (DPU 54) [0]= 730 [1]=1454 [2]=2221 [3]=2221 [4]=2221 [5]=2221 [6]=2221 [7]=2221 [8]=2221 [9]=2221 [10]=2221 [11]=2221 [12]=2221 
key_index after (DPU 55) [0]= 666 [1]=1374 [2]=2068 [3]=2068 [4]=2068 [5]=2068 [6]=2068 [7]=2068 [8]=2068 [9]=2068 [10]=2068 [11]=2068 [12]=2068 
key_index after (DPU 56) [0]= 748 [1]=1440 [2]=2145 [3]=2145 [4]=2145 [5]=2145 [6]=2145 [7]=2145 [8]=2145 [9]=2145 [10]=2145 [11]=2145 [12]=2145 
key_index after (DPU 57) [0]= 651 [1]=1375 [2]=2085 [3]=2085 [4]=2085 [5]=2085 [6]=2085 [7]=2085 [8]=2085 [9]=2085 [10]=2085 [11]=2085 [12]=2085 
key_index after (DPU 58) [0]= 675 [1]=1341 [2]=2003 [3]=2003 [4]=2003 [5]=2003 [6]=2003 [7]=2003 [8]=2003 [9]=2003 [10]=2003 [11]=2003 [12]=2003 
key_index after (DPU 59) [0]= 696 [1]=1395 [2]=2074 [3]=2074 [4]=2074 [5]=2074 [6]=2074 [7]=2074 [8]=2074 [9]=2074 [10]=2074 [11]=2074 [12]=2074 
key_index after (DPU 60) [0]= 678 [1]=1318 [2]=1977 [3]=1977 [4]=1977 [5]=1977 [6]=1977 [7]=1977 [8]=1977 [9]=1977 [10]=1977 [11]=1977 [12]=1977 
key_index after (DPU 61) [0]= 662 [1]=1284 [2]=1932 [3]=1932 [4]=1932 [5]=1932 [6]=1932 [7]=1932 [8]=1932 [9]=1932 [10]=1932 [11]=1932 [12]=1932 
key_index after (DPU 62) [0]= 673 [1]=1340 [2]=1942 [3]=1942 [4]=1942 [5]=1942 [6]=1942 [7]=1942 [8]=1942 [9]=1942 [10]=1942 [11]=1942 [12]=1942 
key_index after (DPU 63) [0]= 705 [1]=1342 [2]=1898 [3]=1898 [4]=1898 [5]=1898 [6]=1898 [7]=1898 [8]=1898 [9]=1898 [10]=1898 [11]=1898 [12]=1898 
key_index after (DPU 64) [0]= 580 [1]=1218 [2]=1877 [3]=1877 [4]=1877 [5]=1877 [6]=1877 [7]=1877 [8]=1877 [9]=1877 [10]=1877 [11]=1877 [12]=1877 
key_index after (DPU 65) [0]= 614 [1]=1249 [2]=1833 [3]=1833 [4]=1833 [5]=1833 [6]=1833 [7]=1833 [8]=1833 [9]=1833 [10]=1833 [11]=1833 [12]=1833 
key_index after (DPU 66) [0]= 633 [1]=1240 [2]=1841 [3]=1841 [4]=1841 [5]=1841 [6]=1841 [7]=1841 [8]=1841 [9]=1841 [10]=1841 [11]=1841 [12]=1841 
key_index after (DPU 67) [0]= 579 [1]=1194 [2]=1768 [3]=1768 [4]=1768 [5]=1768 [6]=1768 [7]=1768 [8]=1768 [9]=1768 [10]=1768 [11]=1768 [12]=1768 
key_index after (DPU 68) [0]= 563 [1]=1165 [2]=1739 [3]=1739 [4]=1739 [5]=1739 [6]=1739 [7]=1739 [8]=1739 [9]=1739 [10]=1739 [11]=1739 [12]=1739 
key_index after (DPU 69) [0]= 600 [1]=1200 [2]=1738 [3]=1738 [4]=1738 [5]=1738 [6]=1738 [7]=1738 [8]=1738 [9]=1738 [10]=1738 [11]=1738 [12]=1738 
key_index after (DPU 70) [0]= 536 [1]=1107 [2]=1699 [3]=1699 [4]=1699 [5]=1699 [6]=1699 [7]=1699 [8]=1699 [9]=1699 [10]=1699 [11]=1699 [12]=1699 
key_index after (DPU 71) [0]= 598 [1]=1137 [2]=1717 [3]=1717 [4]=1717 [5]=1717 [6]=1717 [7]=1717 [8]=1717 [9]=1717 [10]=1717 [11]=1717 [12]=1717 
key_index after (DPU 72) [0]= 554 [1]=1107 [2]=1677 [3]=1677 [4]=1677 [5]=1677 [6]=1677 [7]=1677 [8]=1677 [9]=1677 [10]=1677 [11]=1677 [12]=1677 
key_index after (DPU 73) [0]= 540 [1]=1073 [2]=1608 [3]=1608 [4]=1608 [5]=1608 [6]=1608 [7]=1608 [8]=1608 [9]=1608 [10]=1608 [11]=1608 [12]=1608 
key_index after (DPU 74) [0]= 569 [1]=1088 [2]=1629 [3]=1629 [4]=1629 [5]=1629 [6]=1629 [7]=1629 [8]=1629 [9]=1629 [10]=1629 [11]=1629 [12]=1629 
key_index after (DPU 75) [0]= 511 [1]=1029 [2]=1589 [3]=1589 [4]=1589 [5]=1589 [6]=1589 [7]=1589 [8]=1589 [9]=1589 [10]=1589 [11]=1589 [12]=1589 
key_index after (DPU 76) [0]= 543 [1]=1058 [2]=1578 [3]=1578 [4]=1578 [5]=1578 [6]=1578 [7]=1578 [8]=1578 [9]=1578 [10]=1578 [11]=1578 [12]=1578 
key_index after (DPU 77) [0]= 538 [1]= 994 [2]=1467 [3]=1467 [4]=1467 [5]=1467 [6]=1467 [7]=1467 [8]=1467 [9]=1467 [10]=1467 [11]=1467 [12]=1467 
key_index after (DPU 78) [0]= 484 [1]=1006 [2]=1504 [3]=1504 [4]=1504 [5]=1504 [6]=1504 [7]=1504 [8]=1504 [9]=1504 [10]=1504 [11]=1504 [12]=1504 
key_index after (DPU 79) [0]= 518 [1]=1042 [2]=1585 [3]=1585 [4]=1585 [5]=1585 [6]=1585 [7]=1585 [8]=1585 [9]=1585 [10]=1585 [11]=1585 [12]=1585 
key_index after (DPU 80) [0]= 512 [1]= 994 [2]=1512 [3]=1512 [4]=1512 [5]=1512 [6]=1512 [7]=1512 [8]=1512 [9]=1512 [10]=1512 [11]=1512 [12]=1512 
key_index after (DPU 81) [0]= 497 [1]= 962 [2]=1433 [3]=1433 [4]=1433 [5]=1433 [6]=1433 [7]=1433 [8]=1433 [9]=1433 [10]=1433 [11]=1433 [12]=1433 
key_index after (DPU 82) [0]= 510 [1]=1010 [2]=1549 [3]=1549 [4]=1549 [5]=1549 [6]=1549 [7]=1549 [8]=1549 [9]=1549 [10]=1549 [11]=1549 [12]=1549 
key_index after (DPU 83) [0]= 468 [1]= 975 [2]=1433 [3]=1433 [4]=1433 [5]=1433 [6]=1433 [7]=1433 [8]=1433 [9]=1433 [10]=1433 [11]=1433 [12]=1433 
key_index after (DPU 84) [0]= 479 [1]= 956 [2]=1460 [3]=1460 [4]=1460 [5]=1460 [6]=1460 [7]=1460 [8]=1460 [9]=1460 [10]=1460 [11]=1460 [12]=1460 
key_index after (DPU 85) [0]= 502 [1]= 967 [2]=1434 [3]=1434 [4]=1434 [5]=1434 [6]=1434 [7]=1434 [8]=1434 [9]=1434 [10]=1434 [11]=1434 [12]=1434 
key_index after (DPU 86) [0]= 489 [1]= 943 [2]=1400 [3]=1400 [4]=1400 [5]=1400 [6]=1400 [7]=1400 [8]=1400 [9]=1400 [10]=1400 [11]=1400 [12]=1400 
key_index after (DPU 87) [0]= 458 [1]= 967 [2]=1436 [3]=1436 [4]=1436 [5]=1436 [6]=1436 [7]=1436 [8]=1436 [9]=1436 [10]=1436 [11]=1436 [12]=1436 
key_index after (DPU 88) [0]= 447 [1]= 900 [2]=1347 [3]=1347 [4]=1347 [5]=1347 [6]=1347 [7]=1347 [8]=1347 [9]=1347 [10]=1347 [11]=1347 [12]=1347 
key_index after (DPU 89) [0]= 505 [1]= 965 [2]=1403 [3]=1403 [4]=1403 [5]=1403 [6]=1403 [7]=1403 [8]=1403 [9]=1403 [10]=1403 [11]=1403 [12]=1403 
key_index after (DPU 90) [0]= 422 [1]= 868 [2]=1309 [3]=1309 [4]=1309 [5]=1309 [6]=1309 [7]=1309 [8]=1309 [9]=1309 [10]=1309 [11]=1309 [12]=1309 
key_index after (DPU 91) [0]= 395 [1]= 831 [2]=1258 [3]=1258 [4]=1258 [5]=1258 [6]=1258 [7]=1258 [8]=1258 [9]=1258 [10]=1258 [11]=1258 [12]=1258 
key_index after (DPU 92) [0]= 417 [1]= 879 [2]=1348 [3]=1348 [4]=1348 [5]=1348 [6]=1348 [7]=1348 [8]=1348 [9]=1348 [10]=1348 [11]=1348 [12]=1348 
key_index after (DPU 93) [0]= 447 [1]= 889 [2]=1379 [3]=1379 [4]=1379 [5]=1379 [6]=1379 [7]=1379 [8]=1379 [9]=1379 [10]=1379 [11]=1379 [12]=1379 
key_index after (DPU 94) [0]= 407 [1]= 813 [2]=1219 [3]=1219 [4]=1219 [5]=1219 [6]=1219 [7]=1219 [8]=1219 [9]=1219 [10]=1219 [11]=1219 [12]=1219 
key_index after (DPU 95) [0]= 413 [1]= 810 [2]=1205 [3]=1205 [4]=1205 [5]=1205 [6]=1205 [7]=1205 [8]=1205 [9]=1205 [10]=1205 [11]=1205 [12]=1205 
key_index after (DPU 96) [0]= 393 [1]= 801 [2]=1238 [3]=1238 [4]=1238 [5]=1238 [6]=1238 [7]=1238 [8]=1238 [9]=1238 [10]=1238 [11]=1238 [12]=1238 
key_index after (DPU 97) [0]= 396 [1]= 827 [2]=1249 [3]=1249 [4]=1249 [5]=1249 [6]=1249 [7]=1249 [8]=1249 [9]=1249 [10]=1249 [11]=1249 [12]=1249 
key_index after (DPU 98) [0]= 389 [1]= 805 [2]=1204 [3]=1204 [4]=1204 [5]=1204 [6]=1204 [7]=1204 [8]=1204 [9]=1204 [10]=1204 [11]=1204 [12]=1204 
key_index after (DPU 99) [0]= 392 [1]= 783 [2]=1179 [3]=1179 [4]=1179 [5]=1179 [6]=1179 [7]=1179 [8]=1179 [9]=1179 [10]=1179 [11]=1179 [12]=1179 
key_index after (DPU 100) [0]= 420 [1]= 843 [2]=1302 [3]=1302 [4]=1302 [5]=1302 [6]=1302 [7]=1302 [8]=1302 [9]=1302 [10]=1302 [11]=1302 [12]=1302 
key_index after (DPU 101) [0]= 388 [1]= 832 [2]=1236 [3]=1236 [4]=1236 [5]=1236 [6]=1236 [7]=1236 [8]=1236 [9]=1236 [10]=1236 [11]=1236 [12]=1236 
key_index after (DPU 102) [0]= 394 [1]= 785 [2]=1170 [3]=1170 [4]=1170 [5]=1170 [6]=1170 [7]=1170 [8]=1170 [9]=1170 [10]=1170 [11]=1170 [12]=1170 
key_index after (DPU 103) [0]= 357 [1]= 721 [2]=1081 [3]=1081 [4]=1081 [5]=1081 [6]=1081 [7]=1081 [8]=1081 [9]=1081 [10]=1081 [11]=1081 [12]=1081 
key_index after (DPU 104) [0]= 363 [1]= 729 [2]=1119 [3]=1119 [4]=1119 [5]=1119 [6]=1119 [7]=1119 [8]=1119 [9]=1119 [10]=1119 [11]=1119 [12]=1119 
key_index after (DPU 105) [0]= 392 [1]= 789 [2]=1203 [3]=1203 [4]=1203 [5]=1203 [6]=1203 [7]=1203 [8]=1203 [9]=1203 [10]=1203 [11]=1203 [12]=1203 
key_index after (DPU 106) [0]= 353 [1]= 721 [2]=1096 [3]=1096 [4]=1096 [5]=1096 [6]=1096 [7]=1096 [8]=1096 [9]=1096 [10]=1096 [11]=1096 [12]=1096 
key_index after (DPU 107) [0]= 390 [1]= 784 [2]=1159 [3]=1159 [4]=1159 [5]=1159 [6]=1159 [7]=1159 [8]=1159 [9]=1159 [10]=1159 [11]=1159 [12]=1159 
key_index after (DPU 108) [0]= 377 [1]= 747 [2]=1139 [3]=1139 [4]=1139 [5]=1139 [6]=1139 [7]=1139 [8]=1139 [9]=1139 [10]=1139 [11]=1139 [12]=1139 
key_index after (DPU 109) [0]= 376 [1]= 711 [2]=1079 [3]=1079 [4]=1079 [5]=1079 [6]=1079 [7]=1079 [8]=1079 [9]=1079 [10]=1079 [11]=1079 [12]=1079 
key_index after (DPU 110) [0]= 359 [1]= 729 [2]=1068 [3]=1068 [4]=1068 [5]=1068 [6]=1068 [7]=1068 [8]=1068 [9]=1068 [10]=1068 [11]=1068 [12]=1068 
key_index after (DPU 111) [0]= 378 [1]= 761 [2]=1143 [3]=1143 [4]=1143 [5]=1143 [6]=1143 [7]=1143 [8]=1143 [9]=1143 [10]=1143 [11]=1143 [12]=1143 
key_index after (DPU 112) [0]= 371 [1]= 698 [2]=1107 [3]=1107 [4]=1107 [5]=1107 [6]=1107 [7]=1107 [8]=1107 [9]=1107 [10]=1107 [11]=1107 [12]=1107 
key_index after (DPU 113) [0]= 326 [1]= 660 [2]=1016 [3]=1016 [4]=1016 [5]=1016 [6]=1016 [7]=1016 [8]=1016 [9]=1016 [10]=1016 [11]=1016 [12]=1016 
key_index after (DPU 114) [0]= 350 [1]= 697 [2]=1063 [3]=1063 [4]=1063 [5]=1063 [6]=1063 [7]=1063 [8]=1063 [9]=1063 [10]=1063 [11]=1063 [12]=1063 
key_index after (DPU 115) [0]= 347 [1]= 666 [2]= 979 [3]= 979 [4]= 979 [5]= 979 [6]= 979 [7]= 979 [8]= 979 [9]= 979 [10]= 979 [11]= 979 [12]= 979 
key_index after (DPU 116) [0]= 345 [1]= 673 [2]=1003 [3]=1003 [4]=1003 [5]=1003 [6]=1003 [7]=1003 [8]=1003 [9]=1003 [10]=1003 [11]=1003 [12]=1003 
key_index after (DPU 117) [0]= 340 [1]= 704 [2]=1051 [3]=1051 [4]=1051 [5]=1051 [6]=1051 [7]=1051 [8]=1051 [9]=1051 [10]=1051 [11]=1051 [12]=1051 
key_index after (DPU 118) [0]= 370 [1]= 711 [2]=1068 [3]=1068 [4]=1068 [5]=1068 [6]=1068 [7]=1068 [8]=1068 [9]=1068 [10]=1068 [11]=1068 [12]=1068 
key_index after (DPU 119) [0]= 347 [1]= 683 [2]=1023 [3]=1023 [4]=1023 [5]=1023 [6]=1023 [7]=1023 [8]=1023 [9]=1023 [10]=1023 [11]=1023 [12]=1023 
key_index after (DPU 120) [0]= 335 [1]= 671 [2]=1008 [3]=1008 [4]=1008 [5]=1008 [6]=1008 [7]=1008 [8]=1008 [9]=1008 [10]=1008 [11]=1008 [12]=1008 
key_index after (DPU 121) [0]= 348 [1]= 674 [2]=1023 [3]=1023 [4]=1023 [5]=1023 [6]=1023 [7]=1023 [8]=1023 [9]=1023 [10]=1023 [11]=1023 [12]=1023 
key_index after (DPU 122) [0]= 351 [1]= 665 [2]=1002 [3]=1002 [4]=1002 [5]=1002 [6]=1002 [7]=1002 [8]=1002 [9]=1002 [10]=1002 [11]=1002 [12]=1002 
key_index after (DPU 123) [0]= 315 [1]= 637 [2]= 964 [3]= 964 [4]= 964 [5]= 964 [6]= 964 [7]= 964 [8]= 964 [9]= 964 [10]= 964 [11]= 964 [12]= 964 
key_index after (DPU 124) [0]= 342 [1]= 664 [2]= 967 [3]= 967 [4]= 967 [5]= 967 [6]= 967 [7]= 967 [8]= 967 [9]= 967 [10]= 967 [11]= 967 [12]= 967 
key_index after (DPU 125) [0]= 315 [1]= 618 [2]= 930 [3]= 930 [4]= 930 [5]= 930 [6]= 930 [7]= 930 [8]= 930 [9]= 930 [10]= 930 [11]= 930 [12]= 930 
key_index after (DPU 126) [0]= 305 [1]= 601 [2]= 922 [3]= 922 [4]= 922 [5]= 922 [6]= 922 [7]= 922 [8]= 922 [9]= 922 [10]= 922 [11]= 922 [12]= 922 
key_index after (DPU 127) [0]= 325 [1]= 635 [2]= 963 [3]= 963 [4]= 963 [5]= 963 [6]= 963 [7]= 963 [8]= 963 [9]= 963 [10]= 963 [11]= 963 [12]= 963 
key_index after (DPU 128) [0]= 320 [1]= 616 [2]= 913 [3]= 913 [4]= 913 [5]= 913 [6]= 913 [7]= 913 [8]= 913 [9]= 913 [10]= 913 [11]= 913 [12]= 913 
key_index after (DPU 129) [0]= 334 [1]= 640 [2]= 925 [3]= 925 [4]= 925 [5]= 925 [6]= 925 [7]= 925 [8]= 925 [9]= 925 [10]= 925 [11]= 925 [12]= 925 
key_index after (DPU 130) [0]= 318 [1]= 632 [2]= 956 [3]= 956 [4]= 956 [5]= 956 [6]= 956 [7]= 956 [8]= 956 [9]= 956 [10]= 956 [11]= 956 [12]= 956 
key_index after (DPU 131) [0]= 306 [1]= 618 [2]= 917 [3]= 917 [4]= 917 [5]= 917 [6]= 917 [7]= 917 [8]= 917 [9]= 917 [10]= 917 [11]= 917 [12]= 917 
key_index after (DPU 132) [0]= 323 [1]= 636 [2]= 922 [3]= 922 [4]= 922 [5]= 922 [6]= 922 [7]= 922 [8]= 922 [9]= 922 [10]= 922 [11]= 922 [12]= 922 
key_index after (DPU 133) [0]= 287 [1]= 559 [2]= 865 [3]= 865 [4]= 865 [5]= 865 [6]= 865 [7]= 865 [8]= 865 [9]= 865 [10]= 865 [11]= 865 [12]= 865 
key_index after (DPU 134) [0]= 276 [1]= 579 [2]= 899 [3]= 899 [4]= 899 [5]= 899 [6]= 899 [7]= 899 [8]= 899 [9]= 899 [10]= 899 [11]= 899 [12]= 899 
key_index after (DPU 135) [0]= 361 [1]= 639 [2]= 927 [3]= 927 [4]= 927 [5]= 927 [6]= 927 [7]= 927 [8]= 927 [9]= 927 [10]= 927 [11]= 927 [12]= 927 
key_index after (DPU 136) [0]= 289 [1]= 596 [2]= 881 [3]= 881 [4]= 881 [5]= 881 [6]= 881 [7]= 881 [8]= 881 [9]= 881 [10]= 881 [11]= 881 [12]= 881 
key_index after (DPU 137) [0]= 327 [1]= 621 [2]= 924 [3]= 924 [4]= 924 [5]= 924 [6]= 924 [7]= 924 [8]= 924 [9]= 924 [10]= 924 [11]= 924 [12]= 924 
key_index after (DPU 138) [0]= 325 [1]= 615 [2]= 895 [3]= 895 [4]= 895 [5]= 895 [6]= 895 [7]= 895 [8]= 895 [9]= 895 [10]= 895 [11]= 895 [12]= 895 
key_index after (DPU 139) [0]= 266 [1]= 538 [2]= 814 [3]= 814 [4]= 814 [5]= 814 [6]= 814 [7]= 814 [8]= 814 [9]= 814 [10]= 814 [11]= 814 [12]= 814 
key_index after (DPU 140) [0]= 295 [1]= 582 [2]= 824 [3]= 824 [4]= 824 [5]= 824 [6]= 824 [7]= 824 [8]= 824 [9]= 824 [10]= 824 [11]= 824 [12]= 824 
key_index after (DPU 141) [0]= 271 [1]= 539 [2]= 807 [3]= 807 [4]= 807 [5]= 807 [6]= 807 [7]= 807 [8]= 807 [9]= 807 [10]= 807 [11]= 807 [12]= 807 
key_index after (DPU 142) [0]= 252 [1]= 546 [2]= 832 [3]= 832 [4]= 832 [5]= 832 [6]= 832 [7]= 832 [8]= 832 [9]= 832 [10]= 832 [11]= 832 [12]= 832 
key_index after (DPU 143) [0]= 261 [1]= 537 [2]= 822 [3]= 822 [4]= 822 [5]= 822 [6]= 822 [7]= 822 [8]= 822 [9]= 822 [10]= 822 [11]= 822 [12]= 822 
key_index after (DPU 144) [0]= 286 [1]= 544 [2]= 813 [3]= 813 [4]= 813 [5]= 813 [6]= 813 [7]= 813 [8]= 813 [9]= 813 [10]= 813 [11]= 813 [12]= 813 
key_index after (DPU 145) [0]= 250 [1]= 514 [2]= 790 [3]= 790 [4]= 790 [5]= 790 [6]= 790 [7]= 790 [8]= 790 [9]= 790 [10]= 790 [11]= 790 [12]= 790 
key_index after (DPU 146) [0]= 270 [1]= 541 [2]= 817 [3]= 817 [4]= 817 [5]= 817 [6]= 817 [7]= 817 [8]= 817 [9]= 817 [10]= 817 [11]= 817 [12]= 817 
key_index after (DPU 147) [0]= 260 [1]= 512 [2]= 801 [3]= 801 [4]= 801 [5]= 801 [6]= 801 [7]= 801 [8]= 801 [9]= 801 [10]= 801 [11]= 801 [12]= 801 
key_index after (DPU 148) [0]= 261 [1]= 553 [2]= 839 [3]= 839 [4]= 839 [5]= 839 [6]= 839 [7]= 839 [8]= 839 [9]= 839 [10]= 839 [11]= 839 [12]= 839 
key_index after (DPU 149) [0]= 282 [1]= 584 [2]= 849 [3]= 849 [4]= 849 [5]= 849 [6]= 849 [7]= 849 [8]= 849 [9]= 849 [10]= 849 [11]= 849 [12]= 849 
key_index after (DPU 150) [0]= 280 [1]= 540 [2]= 825 [3]= 825 [4]= 825 [5]= 825 [6]= 825 [7]= 825 [8]= 825 [9]= 825 [10]= 825 [11]= 825 [12]= 825 
key_index after (DPU 151) [0]= 272 [1]= 547 [2]= 794 [3]= 794 [4]= 794 [5]= 794 [6]= 794 [7]= 794 [8]= 794 [9]= 794 [10]= 794 [11]= 794 [12]= 794 
key_index after (DPU 152) [0]= 279 [1]= 569 [2]= 817 [3]= 817 [4]= 817 [5]= 817 [6]= 817 [7]= 817 [8]= 817 [9]= 817 [10]= 817 [11]= 817 [12]= 817 
key_index after (DPU 153) [0]= 282 [1]= 564 [2]= 810 [3]= 810 [4]= 810 [5]= 810 [6]= 810 [7]= 810 [8]= 810 [9]= 810 [10]= 810 [11]= 810 [12]= 810 
key_index after (DPU 154) [0]= 263 [1]= 545 [2]= 787 [3]= 787 [4]= 787 [5]= 787 [6]= 787 [7]= 787 [8]= 787 [9]= 787 [10]= 787 [11]= 787 [12]= 787 
key_index after (DPU 155) [0]= 278 [1]= 521 [2]= 777 [3]= 777 [4]= 777 [5]= 777 [6]= 777 [7]= 777 [8]= 777 [9]= 777 [10]= 777 [11]= 777 [12]= 777 
key_index after (DPU 156) [0]= 248 [1]= 484 [2]= 755 [3]= 755 [4]= 755 [5]= 755 [6]= 755 [7]= 755 [8]= 755 [9]= 755 [10]= 755 [11]= 755 [12]= 755 
key_index after (DPU 157) [0]= 264 [1]= 555 [2]= 814 [3]= 814 [4]= 814 [5]= 814 [6]= 814 [7]= 814 [8]= 814 [9]= 814 [10]= 814 [11]= 814 [12]= 814 
key_index after (DPU 158) [0]= 259 [1]= 501 [2]= 773 [3]= 773 [4]= 773 [5]= 773 [6]= 773 [7]= 773 [8]= 773 [9]= 773 [10]= 773 [11]= 773 [12]= 773 
key_index after (DPU 159) [0]= 241 [1]= 487 [2]= 722 [3]= 722 [4]= 722 [5]= 722 [6]= 722 [7]= 722 [8]= 722 [9]= 722 [10]= 722 [11]= 722 [12]= 722 
key_index after (DPU 160) [0]= 229 [1]= 490 [2]= 746 [3]= 746 [4]= 746 [5]= 746 [6]= 746 [7]= 746 [8]= 746 [9]= 746 [10]= 746 [11]= 746 [12]= 746 
key_index after (DPU 161) [0]= 258 [1]= 498 [2]= 750 [3]= 750 [4]= 750 [5]= 750 [6]= 750 [7]= 750 [8]= 750 [9]= 750 [10]= 750 [11]= 750 [12]= 750 
key_index after (DPU 162) [0]= 241 [1]= 492 [2]= 744 [3]= 744 [4]= 744 [5]= 744 [6]= 744 [7]= 744 [8]= 744 [9]= 744 [10]= 744 [11]= 744 [12]= 744 
key_index after (DPU 163) [0]= 260 [1]= 537 [2]= 788 [3]= 788 [4]= 788 [5]= 788 [6]= 788 [7]= 788 [8]= 788 [9]= 788 [10]= 788 [11]= 788 [12]= 788 
key_index after (DPU 164) [0]= 259 [1]= 504 [2]= 734 [3]= 734 [4]= 734 [5]= 734 [6]= 734 [7]= 734 [8]= 734 [9]= 734 [10]= 734 [11]= 734 [12]= 734 
key_index after (DPU 165) [0]= 246 [1]= 493 [2]= 732 [3]= 732 [4]= 732 [5]= 732 [6]= 732 [7]= 732 [8]= 732 [9]= 732 [10]= 732 [11]= 732 [12]= 732 
key_index after (DPU 166) [0]= 216 [1]= 485 [2]= 739 [3]= 739 [4]= 739 [5]= 739 [6]= 739 [7]= 739 [8]= 739 [9]= 739 [10]= 739 [11]= 739 [12]= 739 
key_index after (DPU 167) [0]= 258 [1]= 531 [2]= 767 [3]= 767 [4]= 767 [5]= 767 [6]= 767 [7]= 767 [8]= 767 [9]= 767 [10]= 767 [11]= 767 [12]= 767 
key_index after (DPU 168) [0]= 227 [1]= 468 [2]= 696 [3]= 696 [4]= 696 [5]= 696 [6]= 696 [7]= 696 [8]= 696 [9]= 696 [10]= 696 [11]= 696 [12]= 696 
key_index after (DPU 169) [0]= 248 [1]= 468 [2]= 709 [3]= 709 [4]= 709 [5]= 709 [6]= 709 [7]= 709 [8]= 709 [9]= 709 [10]= 709 [11]= 709 [12]= 709 
key_index after (DPU 170) [0]= 246 [1]= 483 [2]= 722 [3]= 722 [4]= 722 [5]= 722 [6]= 722 [7]= 722 [8]= 722 [9]= 722 [10]= 722 [11]= 722 [12]= 722 
key_index after (DPU 171) [0]= 240 [1]= 522 [2]= 747 [3]= 747 [4]= 747 [5]= 747 [6]= 747 [7]= 747 [8]= 747 [9]= 747 [10]= 747 [11]= 747 [12]= 747 
key_index after (DPU 172) [0]= 248 [1]= 448 [2]= 700 [3]= 700 [4]= 700 [5]= 700 [6]= 700 [7]= 700 [8]= 700 [9]= 700 [10]= 700 [11]= 700 [12]= 700 
key_index after (DPU 173) [0]= 258 [1]= 504 [2]= 752 [3]= 752 [4]= 752 [5]= 752 [6]= 752 [7]= 752 [8]= 752 [9]= 752 [10]= 752 [11]= 752 [12]= 752 
key_index after (DPU 174) [0]= 255 [1]= 489 [2]= 735 [3]= 735 [4]= 735 [5]= 735 [6]= 735 [7]= 735 [8]= 735 [9]= 735 [10]= 735 [11]= 735 [12]= 735 
key_index after (DPU 175) [0]= 233 [1]= 476 [2]= 712 [3]= 712 [4]= 712 [5]= 712 [6]= 712 [7]= 712 [8]= 712 [9]= 712 [10]= 712 [11]= 712 [12]= 712 
key_index after (DPU 176) [0]= 239 [1]= 454 [2]= 705 [3]= 705 [4]= 705 [5]= 705 [6]= 705 [7]= 705 [8]= 705 [9]= 705 [10]= 705 [11]= 705 [12]= 705 
key_index after (DPU 177) [0]= 206 [1]= 440 [2]= 670 [3]= 670 [4]= 670 [5]= 670 [6]= 670 [7]= 670 [8]= 670 [9]= 670 [10]= 670 [11]= 670 [12]= 670 
key_index after (DPU 178) [0]= 218 [1]= 467 [2]= 709 [3]= 709 [4]= 709 [5]= 709 [6]= 709 [7]= 709 [8]= 709 [9]= 709 [10]= 709 [11]= 709 [12]= 709 
key_index after (DPU 179) [0]= 226 [1]= 492 [2]= 725 [3]= 725 [4]= 725 [5]= 725 [6]= 725 [7]= 725 [8]= 725 [9]= 725 [10]= 725 [11]= 725 [12]= 725 
key_index after (DPU 180) [0]= 209 [1]= 443 [2]= 648 [3]= 648 [4]= 648 [5]= 648 [6]= 648 [7]= 648 [8]= 648 [9]= 648 [10]= 648 [11]= 648 [12]= 648 
key_index after (DPU 181) [0]= 231 [1]= 443 [2]= 665 [3]= 665 [4]= 665 [5]= 665 [6]= 665 [7]= 665 [8]= 665 [9]= 665 [10]= 665 [11]= 665 [12]= 665 
key_index after (DPU 182) [0]= 209 [1]= 457 [2]= 683 [3]= 683 [4]= 683 [5]= 683 [6]= 683 [7]= 683 [8]= 683 [9]= 683 [10]= 683 [11]= 683 [12]= 683 
key_index after (DPU 183) [0]= 233 [1]= 446 [2]= 632 [3]= 632 [4]= 632 [5]= 632 [6]= 632 [7]= 632 [8]= 632 [9]= 632 [10]= 632 [11]= 632 [12]= 632 
key_index after (DPU 184) [0]= 212 [1]= 439 [2]= 670 [3]= 670 [4]= 670 [5]= 670 [6]= 670 [7]= 670 [8]= 670 [9]= 670 [10]= 670 [11]= 670 [12]= 670 
key_index after (DPU 185) [0]= 222 [1]= 416 [2]= 661 [3]= 661 [4]= 661 [5]= 661 [6]= 661 [7]= 661 [8]= 661 [9]= 661 [10]= 661 [11]= 661 [12]= 661 
key_index after (DPU 186) [0]= 217 [1]= 426 [2]= 628 [3]= 628 [4]= 628 [5]= 628 [6]= 628 [7]= 628 [8]= 628 [9]= 628 [10]= 628 [11]= 628 [12]= 628 
key_index after (DPU 187) [0]= 218 [1]= 409 [2]= 615 [3]= 615 [4]= 615 [5]= 615 [6]= 615 [7]= 615 [8]= 615 [9]= 615 [10]= 615 [11]= 615 [12]= 615 
key_index after (DPU 188) [0]= 198 [1]= 408 [2]= 652 [3]= 652 [4]= 652 [5]= 652 [6]= 652 [7]= 652 [8]= 652 [9]= 652 [10]= 652 [11]= 652 [12]= 652 
key_index after (DPU 189) [0]= 199 [1]= 413 [2]= 623 [3]= 623 [4]= 623 [5]= 623 [6]= 623 [7]= 623 [8]= 623 [9]= 623 [10]= 623 [11]= 623 [12]= 623 
key_index after (DPU 190) [0]= 244 [1]= 449 [2]= 643 [3]= 643 [4]= 643 [5]= 643 [6]= 643 [7]= 643 [8]= 643 [9]= 643 [10]= 643 [11]= 643 [12]= 643 
key_index after (DPU 191) [0]= 222 [1]= 436 [2]= 650 [3]= 650 [4]= 650 [5]= 650 [6]= 650 [7]= 650 [8]= 650 [9]= 650 [10]= 650 [11]= 650 [12]= 650 
key_index after (DPU 192) [0]= 186 [1]= 364 [2]= 596 [3]= 596 [4]= 596 [5]= 596 [6]= 596 [7]= 596 [8]= 596 [9]= 596 [10]= 596 [11]= 596 [12]= 596 
key_index after (DPU 193) [0]= 197 [1]= 395 [2]= 612 [3]= 612 [4]= 612 [5]= 612 [6]= 612 [7]= 612 [8]= 612 [9]= 612 [10]= 612 [11]= 612 [12]= 612 
key_index after (DPU 194) [0]= 232 [1]= 431 [2]= 650 [3]= 650 [4]= 650 [5]= 650 [6]= 650 [7]= 650 [8]= 650 [9]= 650 [10]= 650 [11]= 650 [12]= 650 
key_index after (DPU 195) [0]= 229 [1]= 422 [2]= 615 [3]= 615 [4]= 615 [5]= 615 [6]= 615 [7]= 615 [8]= 615 [9]= 615 [10]= 615 [11]= 615 [12]= 615 
key_index after (DPU 196) [0]= 202 [1]= 426 [2]= 621 [3]= 621 [4]= 621 [5]= 621 [6]= 621 [7]= 621 [8]= 621 [9]= 621 [10]= 621 [11]= 621 [12]= 621 
key_index after (DPU 197) [0]= 223 [1]= 409 [2]= 612 [3]= 612 [4]= 612 [5]= 612 [6]= 612 [7]= 612 [8]= 612 [9]= 612 [10]= 612 [11]= 612 [12]= 612 
key_index after (DPU 198) [0]= 203 [1]= 405 [2]= 628 [3]= 628 [4]= 628 [5]= 628 [6]= 628 [7]= 628 [8]= 628 [9]= 628 [10]= 628 [11]= 628 [12]= 628 
key_index after (DPU 199) [0]= 212 [1]= 436 [2]= 654 [3]= 654 [4]= 654 [5]= 654 [6]= 654 [7]= 654 [8]= 654 [9]= 654 [10]= 654 [11]= 654 [12]= 654 
key_index after (DPU 200) [0]= 192 [1]= 400 [2]= 613 [3]= 613 [4]= 613 [5]= 613 [6]= 613 [7]= 613 [8]= 613 [9]= 613 [10]= 613 [11]= 613 [12]= 613 
key_index after (DPU 201) [0]= 191 [1]= 413 [2]= 607 [3]= 607 [4]= 607 [5]= 607 [6]= 607 [7]= 607 [8]= 607 [9]= 607 [10]= 607 [11]= 607 [12]= 607 
key_index after (DPU 202) [0]= 171 [1]= 394 [2]= 595 [3]= 595 [4]= 595 [5]= 595 [6]= 595 [7]= 595 [8]= 595 [9]= 595 [10]= 595 [11]= 595 [12]= 595 
key_index after (DPU 203) [0]= 222 [1]= 421 [2]= 608 [3]= 608 [4]= 608 [5]= 608 [6]= 608 [7]= 608 [8]= 608 [9]= 608 [10]= 608 [11]= 608 [12]= 608 
key_index after (DPU 204) [0]= 197 [1]= 392 [2]= 607 [3]= 607 [4]= 607 [5]= 607 [6]= 607 [7]= 607 [8]= 607 [9]= 607 [10]= 607 [11]= 607 [12]= 607 
key_index after (DPU 205) [0]= 201 [1]= 416 [2]= 637 [3]= 637 [4]= 637 [5]= 637 [6]= 637 [7]= 637 [8]= 637 [9]= 637 [10]= 637 [11]= 637 [12]= 637 
key_index after (DPU 206) [0]= 193 [1]= 395 [2]= 593 [3]= 593 [4]= 593 [5]= 593 [6]= 593 [7]= 593 [8]= 593 [9]= 593 [10]= 593 [11]= 593 [12]= 593 
key_index after (DPU 207) [0]= 205 [1]= 416 [2]= 585 [3]= 585 [4]= 585 [5]= 585 [6]= 585 [7]= 585 [8]= 585 [9]= 585 [10]= 585 [11]= 585 [12]= 585 
key_index after (DPU 208) [0]= 185 [1]= 394 [2]= 599 [3]= 599 [4]= 599 [5]= 599 [6]= 599 [7]= 599 [8]= 599 [9]= 599 [10]= 599 [11]= 599 [12]= 599 
key_index after (DPU 209) [0]= 223 [1]= 414 [2]= 597 [3]= 597 [4]= 597 [5]= 597 [6]= 597 [7]= 597 [8]= 597 [9]= 597 [10]= 597 [11]= 597 [12]= 597 
key_index after (DPU 210) [0]= 196 [1]= 400 [2]= 609 [3]= 609 [4]= 609 [5]= 609 [6]= 609 [7]= 609 [8]= 609 [9]= 609 [10]= 609 [11]= 609 [12]= 609 
key_index after (DPU 211) [0]= 195 [1]= 408 [2]= 619 [3]= 619 [4]= 619 [5]= 619 [6]= 619 [7]= 619 [8]= 619 [9]= 619 [10]= 619 [11]= 619 [12]= 619 
key_index after (DPU 212) [0]= 169 [1]= 352 [2]= 554 [3]= 554 [4]= 554 [5]= 554 [6]= 554 [7]= 554 [8]= 554 [9]= 554 [10]= 554 [11]= 554 [12]= 554 
key_index after (DPU 213) [0]= 200 [1]= 390 [2]= 584 [3]= 584 [4]= 584 [5]= 584 [6]= 584 [7]= 584 [8]= 584 [9]= 584 [10]= 584 [11]= 584 [12]= 584 
key_index after (DPU 214) [0]= 203 [1]= 410 [2]= 603 [3]= 603 [4]= 603 [5]= 603 [6]= 603 [7]= 603 [8]= 603 [9]= 603 [10]= 603 [11]= 603 [12]= 603 
key_index after (DPU 215) [0]= 188 [1]= 355 [2]= 561 [3]= 561 [4]= 561 [5]= 561 [6]= 561 [7]= 561 [8]= 561 [9]= 561 [10]= 561 [11]= 561 [12]= 561 
key_index after (DPU 216) [0]= 208 [1]= 415 [2]= 586 [3]= 586 [4]= 586 [5]= 586 [6]= 586 [7]= 586 [8]= 586 [9]= 586 [10]= 586 [11]= 586 [12]= 586 
key_index after (DPU 217) [0]= 206 [1]= 394 [2]= 613 [3]= 613 [4]= 613 [5]= 613 [6]= 613 [7]= 613 [8]= 613 [9]= 613 [10]= 613 [11]= 613 [12]= 613 
key_index after (DPU 218) [0]= 185 [1]= 399 [2]= 614 [3]= 614 [4]= 614 [5]= 614 [6]= 614 [7]= 614 [8]= 614 [9]= 614 [10]= 614 [11]= 614 [12]= 614 
key_index after (DPU 219) [0]= 180 [1]= 366 [2]= 532 [3]= 532 [4]= 532 [5]= 532 [6]= 532 [7]= 532 [8]= 532 [9]= 532 [10]= 532 [11]= 532 [12]= 532 
key_index after (DPU 220) [0]= 180 [1]= 374 [2]= 564 [3]= 564 [4]= 564 [5]= 564 [6]= 564 [7]= 564 [8]= 564 [9]= 564 [10]= 564 [11]= 564 [12]= 564 
key_index after (DPU 221) [0]= 176 [1]= 371 [2]= 555 [3]= 555 [4]= 555 [5]= 555 [6]= 555 [7]= 555 [8]= 555 [9]= 555 [10]= 555 [11]= 555 [12]= 555 
key_index after (DPU 222) [0]= 199 [1]= 378 [2]= 576 [3]= 576 [4]= 576 [5]= 576 [6]= 576 [7]= 576 [8]= 576 [9]= 576 [10]= 576 [11]= 576 [12]= 576 
key_index after (DPU 223) [0]= 159 [1]= 338 [2]= 504 [3]= 504 [4]= 504 [5]= 504 [6]= 504 [7]= 504 [8]= 504 [9]= 504 [10]= 504 [11]= 504 [12]= 504 
key_index after (DPU 224) [0]= 174 [1]= 342 [2]= 518 [3]= 518 [4]= 518 [5]= 518 [6]= 518 [7]= 518 [8]= 518 [9]= 518 [10]= 518 [11]= 518 [12]= 518 
key_index after (DPU 225) [0]= 222 [1]= 408 [2]= 584 [3]= 584 [4]= 584 [5]= 584 [6]= 584 [7]= 584 [8]= 584 [9]= 584 [10]= 584 [11]= 584 [12]= 584 
key_index after (DPU 226) [0]= 177 [1]= 351 [2]= 522 [3]= 522 [4]= 522 [5]= 522 [6]= 522 [7]= 522 [8]= 522 [9]= 522 [10]= 522 [11]= 522 [12]= 522 
key_index after (DPU 227) [0]= 152 [1]= 323 [2]= 501 [3]= 501 [4]= 501 [5]= 501 [6]= 501 [7]= 501 [8]= 501 [9]= 501 [10]= 501 [11]= 501 [12]= 501 
key_index after (DPU 228) [0]= 187 [1]= 369 [2]= 529 [3]= 529 [4]= 529 [5]= 529 [6]= 529 [7]= 529 [8]= 529 [9]= 529 [10]= 529 [11]= 529 [12]= 529 
key_index after (DPU 229) [0]= 147 [1]= 296 [2]= 469 [3]= 469 [4]= 469 [5]= 469 [6]= 469 [7]= 469 [8]= 469 [9]= 469 [10]= 469 [11]= 469 [12]= 469 
key_index after (DPU 230) [0]= 177 [1]= 366 [2]= 544 [3]= 544 [4]= 544 [5]= 544 [6]= 544 [7]= 544 [8]= 544 [9]= 544 [10]= 544 [11]= 544 [12]= 544 
key_index after (DPU 231) [0]= 192 [1]= 376 [2]= 534 [3]= 534 [4]= 534 [5]= 534 [6]= 534 [7]= 534 [8]= 534 [9]= 534 [10]= 534 [11]= 534 [12]= 534 
key_index after (DPU 232) [0]= 180 [1]= 339 [2]= 501 [3]= 501 [4]= 501 [5]= 501 [6]= 501 [7]= 501 [8]= 501 [9]= 501 [10]= 501 [11]= 501 [12]= 501 
key_index after (DPU 233) [0]= 177 [1]= 369 [2]= 536 [3]= 536 [4]= 536 [5]= 536 [6]= 536 [7]= 536 [8]= 536 [9]= 536 [10]= 536 [11]= 536 [12]= 536 
key_index after (DPU 234) [0]= 167 [1]= 357 [2]= 518 [3]= 518 [4]= 518 [5]= 518 [6]= 518 [7]= 518 [8]= 518 [9]= 518 [10]= 518 [11]= 518 [12]= 518 
key_index after (DPU 235) [0]= 183 [1]= 356 [2]= 537 [3]= 537 [4]= 537 [5]= 537 [6]= 537 [7]= 537 [8]= 537 [9]= 537 [10]= 537 [11]= 537 [12]= 537 
key_index after (DPU 236) [0]= 190 [1]= 359 [2]= 556 [3]= 556 [4]= 556 [5]= 556 [6]= 556 [7]= 556 [8]= 556 [9]= 556 [10]= 556 [11]= 556 [12]= 556 
key_index after (DPU 237) [0]= 188 [1]= 339 [2]= 492 [3]= 492 [4]= 492 [5]= 492 [6]= 492 [7]= 492 [8]= 492 [9]= 492 [10]= 492 [11]= 492 [12]= 492 
key_index after (DPU 238) [0]= 163 [1]= 339 [2]= 494 [3]= 494 [4]= 494 [5]= 494 [6]= 494 [7]= 494 [8]= 494 [9]= 494 [10]= 494 [11]= 494 [12]= 494 
key_index after (DPU 239) [0]= 145 [1]= 313 [2]= 476 [3]= 476 [4]= 476 [5]= 476 [6]= 476 [7]= 476 [8]= 476 [9]= 476 [10]= 476 [11]= 476 [12]= 476 
key_index after (DPU 240) [0]= 172 [1]= 359 [2]= 547 [3]= 547 [4]= 547 [5]= 547 [6]= 547 [7]= 547 [8]= 547 [9]= 547 [10]= 547 [11]= 547 [12]= 547 
key_index after (DPU 241) [0]= 156 [1]= 333 [2]= 490 [3]= 490 [4]= 490 [5]= 490 [6]= 490 [7]= 490 [8]= 490 [9]= 490 [10]= 490 [11]= 490 [12]= 490 
key_index after (DPU 242) [0]= 176 [1]= 335 [2]= 504 [3]= 504 [4]= 504 [5]= 504 [6]= 504 [7]= 504 [8]= 504 [9]= 504 [10]= 504 [11]= 504 [12]= 504 
key_index after (DPU 243) [0]= 166 [1]= 327 [2]= 497 [3]= 497 [4]= 497 [5]= 497 [6]= 497 [7]= 497 [8]= 497 [9]= 497 [10]= 497 [11]= 497 [12]= 497 
key_index after (DPU 244) [0]= 168 [1]= 336 [2]= 488 [3]= 488 [4]= 488 [5]= 488 [6]= 488 [7]= 488 [8]= 488 [9]= 488 [10]= 488 [11]= 488 [12]= 488 
key_index after (DPU 245) [0]= 169 [1]= 325 [2]= 466 [3]= 466 [4]= 466 [5]= 466 [6]= 466 [7]= 466 [8]= 466 [9]= 466 [10]= 466 [11]= 466 [12]= 466 
key_index after (DPU 246) [0]= 151 [1]= 328 [2]= 520 [3]= 520 [4]= 520 [5]= 520 [6]= 520 [7]= 520 [8]= 520 [9]= 520 [10]= 520 [11]= 520 [12]= 520 
key_index after (DPU 247) [0]= 151 [1]= 297 [2]= 454 [3]= 454 [4]= 454 [5]= 454 [6]= 454 [7]= 454 [8]= 454 [9]= 454 [10]= 454 [11]= 454 [12]= 454 
key_index after (DPU 248) [0]= 159 [1]= 335 [2]= 482 [3]= 482 [4]= 482 [5]= 482 [6]= 482 [7]= 482 [8]= 482 [9]= 482 [10]= 482 [11]= 482 [12]= 482 
key_index after (DPU 249) [0]= 172 [1]= 306 [2]= 450 [3]= 450 [4]= 450 [5]= 450 [6]= 450 [7]= 450 [8]= 450 [9]= 450 [10]= 450 [11]= 450 [12]= 450 
key_index after (DPU 250) [0]= 153 [1]= 313 [2]= 460 [3]= 460 [4]= 460 [5]= 460 [6]= 460 [7]= 460 [8]= 460 [9]= 460 [10]= 460 [11]= 460 [12]= 460 
key_index after (DPU 251) [0]= 159 [1]= 328 [2]= 501 [3]= 501 [4]= 501 [5]= 501 [6]= 501 [7]= 501 [8]= 501 [9]= 501 [10]= 501 [11]= 501 [12]= 501 
key_index after (DPU 252) [0]= 169 [1]= 324 [2]= 504 [3]= 504 [4]= 504 [5]= 504 [6]= 504 [7]= 504 [8]= 504 [9]= 504 [10]= 504 [11]= 504 [12]= 504 
key_index after (DPU 253) [0]= 178 [1]= 338 [2]= 498 [3]= 498 [4]= 498 [5]= 498 [6]= 498 [7]= 498 [8]= 498 [9]= 498 [10]= 498 [11]= 498 [12]= 498 
key_index after (DPU 254) [0]= 170 [1]= 328 [2]= 473 [3]= 473 [4]= 473 [5]= 473 [6]= 473 [7]= 473 [8]= 473 [9]= 473 [10]= 473 [11]= 473 [12]= 473 
key_index after (DPU 255) [0]= 147 [1]= 288 [2]= 454 [3]= 454 [4]= 454 [5]= 454 [6]= 454 [7]= 454 [8]= 454 [9]= 454 [10]= 454 [11]= 454 [12]= 454 
key_index after (DPU 256) [0]= 144 [1]= 305 [2]= 456 [3]= 456 [4]= 456 [5]= 456 [6]= 456 [7]= 456 [8]= 456 [9]= 456 [10]= 456 [11]= 456 [12]= 456 
key_index after (DPU 257) [0]= 143 [1]= 306 [2]= 477 [3]= 477 [4]= 477 [5]= 477 [6]= 477 [7]= 477 [8]= 477 [9]= 477 [10]= 477 [11]= 477 [12]= 477 
key_index after (DPU 258) [0]= 162 [1]= 329 [2]= 495 [3]= 495 [4]= 495 [5]= 495 [6]= 495 [7]= 495 [8]= 495 [9]= 495 [10]= 495 [11]= 495 [12]= 495 
key_index after (DPU 259) [0]= 158 [1]= 311 [2]= 477 [3]= 477 [4]= 477 [5]= 477 [6]= 477 [7]= 477 [8]= 477 [9]= 477 [10]= 477 [11]= 477 [12]= 477 
key_index after (DPU 260) [0]= 131 [1]= 301 [2]= 468 [3]= 468 [4]= 468 [5]= 468 [6]= 468 [7]= 468 [8]= 468 [9]= 468 [10]= 468 [11]= 468 [12]= 468 
key_index after (DPU 261) [0]= 153 [1]= 302 [2]= 457 [3]= 457 [4]= 457 [5]= 457 [6]= 457 [7]= 457 [8]= 457 [9]= 457 [10]= 457 [11]= 457 [12]= 457 
key_index after (DPU 262) [0]= 170 [1]= 343 [2]= 485 [3]= 485 [4]= 485 [5]= 485 [6]= 485 [7]= 485 [8]= 485 [9]= 485 [10]= 485 [11]= 485 [12]= 485 
key_index after (DPU 263) [0]= 150 [1]= 300 [2]= 447 [3]= 447 [4]= 447 [5]= 447 [6]= 447 [7]= 447 [8]= 447 [9]= 447 [10]= 447 [11]= 447 [12]= 447 
key_index after (DPU 264) [0]= 167 [1]= 324 [2]= 466 [3]= 466 [4]= 466 [5]= 466 [6]= 466 [7]= 466 [8]= 466 [9]= 466 [10]= 466 [11]= 466 [12]= 466 
key_index after (DPU 265) [0]= 168 [1]= 324 [2]= 473 [3]= 473 [4]= 473 [5]= 473 [6]= 473 [7]= 473 [8]= 473 [9]= 473 [10]= 473 [11]= 473 [12]= 473 
key_index after (DPU 266) [0]= 147 [1]= 264 [2]= 426 [3]= 426 [4]= 426 [5]= 426 [6]= 426 [7]= 426 [8]= 426 [9]= 426 [10]= 426 [11]= 426 [12]= 426 
key_index after (DPU 267) [0]= 162 [1]= 320 [2]= 469 [3]= 469 [4]= 469 [5]= 469 [6]= 469 [7]= 469 [8]= 469 [9]= 469 [10]= 469 [11]= 469 [12]= 469 
key_index after (DPU 268) [0]= 150 [1]= 290 [2]= 450 [3]= 450 [4]= 450 [5]= 450 [6]= 450 [7]= 450 [8]= 450 [9]= 450 [10]= 450 [11]= 450 [12]= 450 
key_index after (DPU 269) [0]= 156 [1]= 296 [2]= 452 [3]= 452 [4]= 452 [5]= 452 [6]= 452 [7]= 452 [8]= 452 [9]= 452 [10]= 452 [11]= 452 [12]= 452 
key_index after (DPU 270) [0]= 152 [1]= 319 [2]= 468 [3]= 468 [4]= 468 [5]= 468 [6]= 468 [7]= 468 [8]= 468 [9]= 468 [10]= 468 [11]= 468 [12]= 468 
key_index after (DPU 271) [0]= 171 [1]= 305 [2]= 449 [3]= 449 [4]= 449 [5]= 449 [6]= 449 [7]= 449 [8]= 449 [9]= 449 [10]= 449 [11]= 449 [12]= 449 
key_index after (DPU 272) [0]= 161 [1]= 323 [2]= 467 [3]= 467 [4]= 467 [5]= 467 [6]= 467 [7]= 467 [8]= 467 [9]= 467 [10]= 467 [11]= 467 [12]= 467 
key_index after (DPU 273) [0]= 151 [1]= 283 [2]= 436 [3]= 436 [4]= 436 [5]= 436 [6]= 436 [7]= 436 [8]= 436 [9]= 436 [10]= 436 [11]= 436 [12]= 436 
key_index after (DPU 274) [0]= 148 [1]= 316 [2]= 478 [3]= 478 [4]= 478 [5]= 478 [6]= 478 [7]= 478 [8]= 478 [9]= 478 [10]= 478 [11]= 478 [12]= 478 
key_index after (DPU 275) [0]= 152 [1]= 320 [2]= 468 [3]= 468 [4]= 468 [5]= 468 [6]= 468 [7]= 468 [8]= 468 [9]= 468 [10]= 468 [11]= 468 [12]= 468 
key_index after (DPU 276) [0]= 146 [1]= 293 [2]= 435 [3]= 435 [4]= 435 [5]= 435 [6]= 435 [7]= 435 [8]= 435 [9]= 435 [10]= 435 [11]= 435 [12]= 435 
key_index after (DPU 277) [0]= 153 [1]= 317 [2]= 476 [3]= 476 [4]= 476 [5]= 476 [6]= 476 [7]= 476 [8]= 476 [9]= 476 [10]= 476 [11]= 476 [12]= 476 
key_index after (DPU 278) [0]= 158 [1]= 305 [2]= 454 [3]= 454 [4]= 454 [5]= 454 [6]= 454 [7]= 454 [8]= 454 [9]= 454 [10]= 454 [11]= 454 [12]= 454 
key_index after (DPU 279) [0]= 125 [1]= 283 [2]= 429 [3]= 429 [4]= 429 [5]= 429 [6]= 429 [7]= 429 [8]= 429 [9]= 429 [10]= 429 [11]= 429 [12]= 429 
key_index after (DPU 280) [0]= 158 [1]= 288 [2]= 450 [3]= 450 [4]= 450 [5]= 450 [6]= 450 [7]= 450 [8]= 450 [9]= 450 [10]= 450 [11]= 450 [12]= 450 
key_index after (DPU 281) [0]= 125 [1]= 278 [2]= 448 [3]= 448 [4]= 448 [5]= 448 [6]= 448 [7]= 448 [8]= 448 [9]= 448 [10]= 448 [11]= 448 [12]= 448 
key_index after (DPU 282) [0]= 147 [1]= 282 [2]= 430 [3]= 430 [4]= 430 [5]= 430 [6]= 430 [7]= 430 [8]= 430 [9]= 430 [10]= 430 [11]= 430 [12]= 430 
key_index after (DPU 283) [0]= 130 [1]= 242 [2]= 400 [3]= 400 [4]= 400 [5]= 400 [6]= 400 [7]= 400 [8]= 400 [9]= 400 [10]= 400 [11]= 400 [12]= 400 
key_index after (DPU 284) [0]= 138 [1]= 274 [2]= 430 [3]= 430 [4]= 430 [5]= 430 [6]= 430 [7]= 430 [8]= 430 [9]= 430 [10]= 430 [11]= 430 [12]= 430 
key_index after (DPU 285) [0]= 136 [1]= 282 [2]= 399 [3]= 399 [4]= 399 [5]= 399 [6]= 399 [7]= 399 [8]= 399 [9]= 399 [10]= 399 [11]= 399 [12]= 399 
key_index after (DPU 286) [0]= 128 [1]= 274 [2]= 432 [3]= 432 [4]= 432 [5]= 432 [6]= 432 [7]= 432 [8]= 432 [9]= 432 [10]= 432 [11]= 432 [12]= 432 
key_index after (DPU 287) [0]= 123 [1]= 249 [2]= 396 [3]= 396 [4]= 396 [5]= 396 [6]= 396 [7]= 396 [8]= 396 [9]= 396 [10]= 396 [11]= 396 [12]= 396 
key_index after (DPU 288) [0]= 129 [1]= 272 [2]= 413 [3]= 413 [4]= 413 [5]= 413 [6]= 413 [7]= 413 [8]= 413 [9]= 413 [10]= 413 [11]= 413 [12]= 413 
key_index after (DPU 289) [0]= 141 [1]= 291 [2]= 448 [3]= 448 [4]= 448 [5]= 448 [6]= 448 [7]= 448 [8]= 448 [9]= 448 [10]= 448 [11]= 448 [12]= 448 
key_index after (DPU 290) [0]= 130 [1]= 253 [2]= 387 [3]= 387 [4]= 387 [5]= 387 [6]= 387 [7]= 387 [8]= 387 [9]= 387 [10]= 387 [11]= 387 [12]= 387 
key_index after (DPU 291) [0]= 130 [1]= 252 [2]= 390 [3]= 390 [4]= 390 [5]= 390 [6]= 390 [7]= 390 [8]= 390 [9]= 390 [10]= 390 [11]= 390 [12]= 390 
key_index after (DPU 292) [0]= 122 [1]= 248 [2]= 385 [3]= 385 [4]= 385 [5]= 385 [6]= 385 [7]= 385 [8]= 385 [9]= 385 [10]= 385 [11]= 385 [12]= 385 
key_index after (DPU 293) [0]= 127 [1]= 271 [2]= 412 [3]= 412 [4]= 412 [5]= 412 [6]= 412 [7]= 412 [8]= 412 [9]= 412 [10]= 412 [11]= 412 [12]= 412 
key_index after (DPU 294) [0]= 141 [1]= 272 [2]= 417 [3]= 417 [4]= 417 [5]= 417 [6]= 417 [7]= 417 [8]= 417 [9]= 417 [10]= 417 [11]= 417 [12]= 417 
key_index after (DPU 295) [0]= 148 [1]= 294 [2]= 425 [3]= 425 [4]= 425 [5]= 425 [6]= 425 [7]= 425 [8]= 425 [9]= 425 [10]= 425 [11]= 425 [12]= 425 
key_index after (DPU 296) [0]= 133 [1]= 252 [2]= 373 [3]= 373 [4]= 373 [5]= 373 [6]= 373 [7]= 373 [8]= 373 [9]= 373 [10]= 373 [11]= 373 [12]= 373 
key_index after (DPU 297) [0]= 157 [1]= 286 [2]= 423 [3]= 423 [4]= 423 [5]= 423 [6]= 423 [7]= 423 [8]= 423 [9]= 423 [10]= 423 [11]= 423 [12]= 423 
key_index after (DPU 298) [0]= 159 [1]= 310 [2]= 453 [3]= 453 [4]= 453 [5]= 453 [6]= 453 [7]= 453 [8]= 453 [9]= 453 [10]= 453 [11]= 453 [12]= 453 
key_index after (DPU 299) [0]= 116 [1]= 248 [2]= 394 [3]= 394 [4]= 394 [5]= 394 [6]= 394 [7]= 394 [8]= 394 [9]= 394 [10]= 394 [11]= 394 [12]= 394 
key_index after (DPU 300) [0]= 134 [1]= 272 [2]= 419 [3]= 419 [4]= 419 [5]= 419 [6]= 419 [7]= 419 [8]= 419 [9]= 419 [10]= 419 [11]= 419 [12]= 419 
key_index after (DPU 301) [0]= 141 [1]= 263 [2]= 405 [3]= 405 [4]= 405 [5]= 405 [6]= 405 [7]= 405 [8]= 405 [9]= 405 [10]= 405 [11]= 405 [12]= 405 
key_index after (DPU 302) [0]= 149 [1]= 289 [2]= 419 [3]= 419 [4]= 419 [5]= 419 [6]= 419 [7]= 419 [8]= 419 [9]= 419 [10]= 419 [11]= 419 [12]= 419 
key_index after (DPU 303) [0]= 153 [1]= 299 [2]= 438 [3]= 438 [4]= 438 [5]= 438 [6]= 438 [7]= 438 [8]= 438 [9]= 438 [10]= 438 [11]= 438 [12]= 438 
key_index after (DPU 304) [0]= 129 [1]= 256 [2]= 399 [3]= 399 [4]= 399 [5]= 399 [6]= 399 [7]= 399 [8]= 399 [9]= 399 [10]= 399 [11]= 399 [12]= 399 
key_index after (DPU 305) [0]= 126 [1]= 266 [2]= 406 [3]= 406 [4]= 406 [5]= 406 [6]= 406 [7]= 406 [8]= 406 [9]= 406 [10]= 406 [11]= 406 [12]= 406 
key_index after (DPU 306) [0]= 145 [1]= 253 [2]= 379 [3]= 379 [4]= 379 [5]= 379 [6]= 379 [7]= 379 [8]= 379 [9]= 379 [10]= 379 [11]= 379 [12]= 379 
key_index after (DPU 307) [0]= 133 [1]= 265 [2]= 405 [3]= 405 [4]= 405 [5]= 405 [6]= 405 [7]= 405 [8]= 405 [9]= 405 [10]= 405 [11]= 405 [12]= 405 
key_index after (DPU 308) [0]= 125 [1]= 253 [2]= 372 [3]= 372 [4]= 372 [5]= 372 [6]= 372 [7]= 372 [8]= 372 [9]= 372 [10]= 372 [11]= 372 [12]= 372 
key_index after (DPU 309) [0]= 161 [1]= 308 [2]= 458 [3]= 458 [4]= 458 [5]= 458 [6]= 458 [7]= 458 [8]= 458 [9]= 458 [10]= 458 [11]= 458 [12]= 458 
key_index after (DPU 310) [0]= 122 [1]= 255 [2]= 416 [3]= 416 [4]= 416 [5]= 416 [6]= 416 [7]= 416 [8]= 416 [9]= 416 [10]= 416 [11]= 416 [12]= 416 
key_index after (DPU 311) [0]= 133 [1]= 257 [2]= 386 [3]= 386 [4]= 386 [5]= 386 [6]= 386 [7]= 386 [8]= 386 [9]= 386 [10]= 386 [11]= 386 [12]= 386 
key_index after (DPU 312) [0]= 120 [1]= 245 [2]= 364 [3]= 364 [4]= 364 [5]= 364 [6]= 364 [7]= 364 [8]= 364 [9]= 364 [10]= 364 [11]= 364 [12]= 364 
key_index after (DPU 313) [0]= 143 [1]= 250 [2]= 351 [3]= 351 [4]= 351 [5]= 351 [6]= 351 [7]= 351 [8]= 351 [9]= 351 [10]= 351 [11]= 351 [12]= 351 
key_index after (DPU 314) [0]= 139 [1]= 285 [2]= 424 [3]= 424 [4]= 424 [5]= 424 [6]= 424 [7]= 424 [8]= 424 [9]= 424 [10]= 424 [11]= 424 [12]= 424 
key_index after (DPU 315) [0]= 132 [1]= 276 [2]= 400 [3]= 400 [4]= 400 [5]= 400 [6]= 400 [7]= 400 [8]= 400 [9]= 400 [10]= 400 [11]= 400 [12]= 400 
key_index after (DPU 316) [0]= 122 [1]= 252 [2]= 384 [3]= 384 [4]= 384 [5]= 384 [6]= 384 [7]= 384 [8]= 384 [9]= 384 [10]= 384 [11]= 384 [12]= 384 
key_index after (DPU 317) [0]= 120 [1]= 252 [2]= 384 [3]= 384 [4]= 384 [5]= 384 [6]= 384 [7]= 384 [8]= 384 [9]= 384 [10]= 384 [11]= 384 [12]= 384 
key_index after (DPU 318) [0]= 138 [1]= 272 [2]= 388 [3]= 388 [4]= 388 [5]= 388 [6]= 388 [7]= 388 [8]= 388 [9]= 388 [10]= 388 [11]= 388 [12]= 388 
key_index after (DPU 319) [0]= 121 [1]= 236 [2]= 365 [3]= 365 [4]= 365 [5]= 365 [6]= 365 [7]= 365 [8]= 365 [9]= 365 [10]= 365 [11]= 365 [12]= 365 
key_index after (DPU 320) [0]= 132 [1]= 266 [2]= 398 [3]= 398 [4]= 398 [5]= 398 [6]= 398 [7]= 398 [8]= 398 [9]= 398 [10]= 398 [11]= 398 [12]= 398 
key_index after (DPU 321) [0]= 125 [1]= 259 [2]= 388 [3]= 388 [4]= 388 [5]= 388 [6]= 388 [7]= 388 [8]= 388 [9]= 388 [10]= 388 [11]= 388 [12]= 388 
key_index after (DPU 322) [0]= 133 [1]= 266 [2]= 380 [3]= 380 [4]= 380 [5]= 380 [6]= 380 [7]= 380 [8]= 380 [9]= 380 [10]= 380 [11]= 380 [12]= 380 
key_index after (DPU 323) [0]= 120 [1]= 262 [2]= 385 [3]= 385 [4]= 385 [5]= 385 [6]= 385 [7]= 385 [8]= 385 [9]= 385 [10]= 385 [11]= 385 [12]= 385 
key_index after (DPU 324) [0]= 122 [1]= 218 [2]= 354 [3]= 354 [4]= 354 [5]= 354 [6]= 354 [7]= 354 [8]= 354 [9]= 354 [10]= 354 [11]= 354 [12]= 354 
key_index after (DPU 325) [0]= 119 [1]= 247 [2]= 388 [3]= 388 [4]= 388 [5]= 388 [6]= 388 [7]= 388 [8]= 388 [9]= 388 [10]= 388 [11]= 388 [12]= 388 
key_index after (DPU 326) [0]= 131 [1]= 241 [2]= 361 [3]= 361 [4]= 361 [5]= 361 [6]= 361 [7]= 361 [8]= 361 [9]= 361 [10]= 361 [11]= 361 [12]= 361 
key_index after (DPU 327) [0]= 122 [1]= 270 [2]= 390 [3]= 390 [4]= 390 [5]= 390 [6]= 390 [7]= 390 [8]= 390 [9]= 390 [10]= 390 [11]= 390 [12]= 390 
key_index after (DPU 328) [0]= 120 [1]= 252 [2]= 383 [3]= 383 [4]= 383 [5]= 383 [6]= 383 [7]= 383 [8]= 383 [9]= 383 [10]= 383 [11]= 383 [12]= 383 
key_index after (DPU 329) [0]= 128 [1]= 248 [2]= 366 [3]= 366 [4]= 366 [5]= 366 [6]= 366 [7]= 366 [8]= 366 [9]= 366 [10]= 366 [11]= 366 [12]= 366 
key_index after (DPU 330) [0]= 122 [1]= 241 [2]= 361 [3]= 361 [4]= 361 [5]= 361 [6]= 361 [7]= 361 [8]= 361 [9]= 361 [10]= 361 [11]= 361 [12]= 361 
key_index after (DPU 331) [0]= 120 [1]= 259 [2]= 385 [3]= 385 [4]= 385 [5]= 385 [6]= 385 [7]= 385 [8]= 385 [9]= 385 [10]= 385 [11]= 385 [12]= 385 
key_index after (DPU 332) [0]= 110 [1]= 243 [2]= 381 [3]= 381 [4]= 381 [5]= 381 [6]= 381 [7]= 381 [8]= 381 [9]= 381 [10]= 381 [11]= 381 [12]= 381 
key_index after (DPU 333) [0]=  94 [1]= 236 [2]= 353 [3]= 353 [4]= 353 [5]= 353 [6]= 353 [7]= 353 [8]= 353 [9]= 353 [10]= 353 [11]= 353 [12]= 353 
key_index after (DPU 334) [0]= 142 [1]= 253 [2]= 370 [3]= 370 [4]= 370 [5]= 370 [6]= 370 [7]= 370 [8]= 370 [9]= 370 [10]= 370 [11]= 370 [12]= 370 
key_index after (DPU 335) [0]= 130 [1]= 253 [2]= 356 [3]= 356 [4]= 356 [5]= 356 [6]= 356 [7]= 356 [8]= 356 [9]= 356 [10]= 356 [11]= 356 [12]= 356 
key_index after (DPU 336) [0]= 118 [1]= 225 [2]= 335 [3]= 335 [4]= 335 [5]= 335 [6]= 335 [7]= 335 [8]= 335 [9]= 335 [10]= 335 [11]= 335 [12]= 335 
key_index after (DPU 337) [0]= 130 [1]= 275 [2]= 377 [3]= 377 [4]= 377 [5]= 377 [6]= 377 [7]= 377 [8]= 377 [9]= 377 [10]= 377 [11]= 377 [12]= 377 
key_index after (DPU 338) [0]= 123 [1]= 228 [2]= 338 [3]= 338 [4]= 338 [5]= 338 [6]= 338 [7]= 338 [8]= 338 [9]= 338 [10]= 338 [11]= 338 [12]= 338 
key_index after (DPU 339) [0]= 116 [1]= 240 [2]= 369 [3]= 369 [4]= 369 [5]= 369 [6]= 369 [7]= 369 [8]= 369 [9]= 369 [10]= 369 [11]= 369 [12]= 369 
key_index after (DPU 340) [0]= 132 [1]= 251 [2]= 394 [3]= 394 [4]= 394 [5]= 394 [6]= 394 [7]= 394 [8]= 394 [9]= 394 [10]= 394 [11]= 394 [12]= 394 
key_index after (DPU 341) [0]= 105 [1]= 230 [2]= 338 [3]= 338 [4]= 338 [5]= 338 [6]= 338 [7]= 338 [8]= 338 [9]= 338 [10]= 338 [11]= 338 [12]= 338 
key_index after (DPU 342) [0]= 113 [1]= 240 [2]= 347 [3]= 347 [4]= 347 [5]= 347 [6]= 347 [7]= 347 [8]= 347 [9]= 347 [10]= 347 [11]= 347 [12]= 347 
key_index after (DPU 343) [0]= 126 [1]= 247 [2]= 361 [3]= 361 [4]= 361 [5]= 361 [6]= 361 [7]= 361 [8]= 361 [9]= 361 [10]= 361 [11]= 361 [12]= 361 
key_index after (DPU 344) [0]=  94 [1]= 206 [2]= 316 [3]= 316 [4]= 316 [5]= 316 [6]= 316 [7]= 316 [8]= 316 [9]= 316 [10]= 316 [11]= 316 [12]= 316 
key_index after (DPU 345) [0]= 124 [1]= 226 [2]= 341 [3]= 341 [4]= 341 [5]= 341 [6]= 341 [7]= 341 [8]= 341 [9]= 341 [10]= 341 [11]= 341 [12]= 341 
key_index after (DPU 346) [0]= 131 [1]= 223 [2]= 342 [3]= 342 [4]= 342 [5]= 342 [6]= 342 [7]= 342 [8]= 342 [9]= 342 [10]= 342 [11]= 342 [12]= 342 
key_index after (DPU 347) [0]= 120 [1]= 218 [2]= 326 [3]= 326 [4]= 326 [5]= 326 [6]= 326 [7]= 326 [8]= 326 [9]= 326 [10]= 326 [11]= 326 [12]= 326 
key_index after (DPU 348) [0]= 123 [1]= 256 [2]= 363 [3]= 363 [4]= 363 [5]= 363 [6]= 363 [7]= 363 [8]= 363 [9]= 363 [10]= 363 [11]= 363 [12]= 363 
key_index after (DPU 349) [0]= 119 [1]= 230 [2]= 335 [3]= 335 [4]= 335 [5]= 335 [6]= 335 [7]= 335 [8]= 335 [9]= 335 [10]= 335 [11]= 335 [12]= 335 
key_index after (DPU 350) [0]= 111 [1]= 239 [2]= 344 [3]= 344 [4]= 344 [5]= 344 [6]= 344 [7]= 344 [8]= 344 [9]= 344 [10]= 344 [11]= 344 [12]= 344 
key_index after (DPU 351) [0]= 113 [1]= 232 [2]= 353 [3]= 353 [4]= 353 [5]= 353 [6]= 353 [7]= 353 [8]= 353 [9]= 353 [10]= 353 [11]= 353 [12]= 353 
key_index after (DPU 352) [0]=  92 [1]= 212 [2]= 321 [3]= 321 [4]= 321 [5]= 321 [6]= 321 [7]= 321 [8]= 321 [9]= 321 [10]= 321 [11]= 321 [12]= 321 
key_index after (DPU 353) [0]= 102 [1]= 208 [2]= 333 [3]= 333 [4]= 333 [5]= 333 [6]= 333 [7]= 333 [8]= 333 [9]= 333 [10]= 333 [11]= 333 [12]= 333 
key_index after (DPU 354) [0]= 127 [1]= 229 [2]= 342 [3]= 342 [4]= 342 [5]= 342 [6]= 342 [7]= 342 [8]= 342 [9]= 342 [10]= 342 [11]= 342 [12]= 342 
key_index after (DPU 355) [0]= 125 [1]= 236 [2]= 357 [3]= 357 [4]= 357 [5]= 357 [6]= 357 [7]= 357 [8]= 357 [9]= 357 [10]= 357 [11]= 357 [12]= 357 
key_index after (DPU 356) [0]=  93 [1]= 188 [2]= 309 [3]= 309 [4]= 309 [5]= 309 [6]= 309 [7]= 309 [8]= 309 [9]= 309 [10]= 309 [11]= 309 [12]= 309 
key_index after (DPU 357) [0]= 116 [1]= 225 [2]= 338 [3]= 338 [4]= 338 [5]= 338 [6]= 338 [7]= 338 [8]= 338 [9]= 338 [10]= 338 [11]= 338 [12]= 338 
key_index after (DPU 358) [0]=  96 [1]= 212 [2]= 321 [3]= 321 [4]= 321 [5]= 321 [6]= 321 [7]= 321 [8]= 321 [9]= 321 [10]= 321 [11]= 321 [12]= 321 
key_index after (DPU 359) [0]= 110 [1]= 219 [2]= 329 [3]= 329 [4]= 329 [5]= 329 [6]= 329 [7]= 329 [8]= 329 [9]= 329 [10]= 329 [11]= 329 [12]= 329 
key_index after (DPU 360) [0]= 106 [1]= 228 [2]= 346 [3]= 346 [4]= 346 [5]= 346 [6]= 346 [7]= 346 [8]= 346 [9]= 346 [10]= 346 [11]= 346 [12]= 346 
key_index after (DPU 361) [0]= 118 [1]= 239 [2]= 343 [3]= 343 [4]= 343 [5]= 343 [6]= 343 [7]= 343 [8]= 343 [9]= 343 [10]= 343 [11]= 343 [12]= 343 
key_index after (DPU 362) [0]=  95 [1]= 214 [2]= 329 [3]= 329 [4]= 329 [5]= 329 [6]= 329 [7]= 329 [8]= 329 [9]= 329 [10]= 329 [11]= 329 [12]= 329 
key_index after (DPU 363) [0]= 100 [1]= 216 [2]= 349 [3]= 349 [4]= 349 [5]= 349 [6]= 349 [7]= 349 [8]= 349 [9]= 349 [10]= 349 [11]= 349 [12]= 349 
key_index after (DPU 364) [0]= 109 [1]= 213 [2]= 315 [3]= 315 [4]= 315 [5]= 315 [6]= 315 [7]= 315 [8]= 315 [9]= 315 [10]= 315 [11]= 315 [12]= 315 
key_index after (DPU 365) [0]= 116 [1]= 229 [2]= 340 [3]= 340 [4]= 340 [5]= 340 [6]= 340 [7]= 340 [8]= 340 [9]= 340 [10]= 340 [11]= 340 [12]= 340 
key_index after (DPU 366) [0]= 137 [1]= 265 [2]= 374 [3]= 374 [4]= 374 [5]= 374 [6]= 374 [7]= 374 [8]= 374 [9]= 374 [10]= 374 [11]= 374 [12]= 374 
key_index after (DPU 367) [0]= 114 [1]= 233 [2]= 320 [3]= 320 [4]= 320 [5]= 320 [6]= 320 [7]= 320 [8]= 320 [9]= 320 [10]= 320 [11]= 320 [12]= 320 
key_index after (DPU 368) [0]=  95 [1]= 209 [2]= 300 [3]= 300 [4]= 300 [5]= 300 [6]= 300 [7]= 300 [8]= 300 [9]= 300 [10]= 300 [11]= 300 [12]= 300 
key_index after (DPU 369) [0]= 121 [1]= 260 [2]= 379 [3]= 379 [4]= 379 [5]= 379 [6]= 379 [7]= 379 [8]= 379 [9]= 379 [10]= 379 [11]= 379 [12]= 379 
key_index after (DPU 370) [0]= 136 [1]= 253 [2]= 369 [3]= 369 [4]= 369 [5]= 369 [6]= 369 [7]= 369 [8]= 369 [9]= 369 [10]= 369 [11]= 369 [12]= 369 
key_index after (DPU 371) [0]= 118 [1]= 222 [2]= 334 [3]= 334 [4]= 334 [5]= 334 [6]= 334 [7]= 334 [8]= 334 [9]= 334 [10]= 334 [11]= 334 [12]= 334 
key_index after (DPU 372) [0]= 106 [1]= 210 [2]= 330 [3]= 330 [4]= 330 [5]= 330 [6]= 330 [7]= 330 [8]= 330 [9]= 330 [10]= 330 [11]= 330 [12]= 330 
key_index after (DPU 373) [0]= 100 [1]= 199 [2]= 325 [3]= 325 [4]= 325 [5]= 325 [6]= 325 [7]= 325 [8]= 325 [9]= 325 [10]= 325 [11]= 325 [12]= 325 
key_index after (DPU 374) [0]=  92 [1]= 184 [2]= 295 [3]= 295 [4]= 295 [5]= 295 [6]= 295 [7]= 295 [8]= 295 [9]= 295 [10]= 295 [11]= 295 [12]= 295 
key_index after (DPU 375) [0]=  94 [1]= 199 [2]= 309 [3]= 309 [4]= 309 [5]= 309 [6]= 309 [7]= 309 [8]= 309 [9]= 309 [10]= 309 [11]= 309 [12]= 309 
key_index after (DPU 376) [0]= 106 [1]= 205 [2]= 314 [3]= 314 [4]= 314 [5]= 314 [6]= 314 [7]= 314 [8]= 314 [9]= 314 [10]= 314 [11]= 314 [12]= 314 
key_index after (DPU 377) [0]=  94 [1]= 216 [2]= 339 [3]= 339 [4]= 339 [5]= 339 [6]= 339 [7]= 339 [8]= 339 [9]= 339 [10]= 339 [11]= 339 [12]= 339 
key_index after (DPU 378) [0]= 105 [1]= 206 [2]= 326 [3]= 326 [4]= 326 [5]= 326 [6]= 326 [7]= 326 [8]= 326 [9]= 326 [10]= 326 [11]= 326 [12]= 326 
key_index after (DPU 379) [0]= 104 [1]= 205 [2]= 308 [3]= 308 [4]= 308 [5]= 308 [6]= 308 [7]= 308 [8]= 308 [9]= 308 [10]= 308 [11]= 308 [12]= 308 
key_index after (DPU 380) [0]= 118 [1]= 199 [2]= 302 [3]= 302 [4]= 302 [5]= 302 [6]= 302 [7]= 302 [8]= 302 [9]= 302 [10]= 302 [11]= 302 [12]= 302 
key_index after (DPU 381) [0]= 108 [1]= 214 [2]= 306 [3]= 306 [4]= 306 [5]= 306 [6]= 306 [7]= 306 [8]= 306 [9]= 306 [10]= 306 [11]= 306 [12]= 306 
key_index after (DPU 382) [0]= 101 [1]= 197 [2]= 316 [3]= 316 [4]= 316 [5]= 316 [6]= 316 [7]= 316 [8]= 316 [9]= 316 [10]= 316 [11]= 316 [12]= 316 
key_index after (DPU 383) [0]= 106 [1]= 190 [2]= 310 [3]= 310 [4]= 310 [5]= 310 [6]= 310 [7]= 310 [8]= 310 [9]= 310 [10]= 310 [11]= 310 [12]= 310 
key_index after (DPU 384) [0]= 112 [1]= 225 [2]= 338 [3]= 338 [4]= 338 [5]= 338 [6]= 338 [7]= 338 [8]= 338 [9]= 338 [10]= 338 [11]= 338 [12]= 338 
key_index after (DPU 385) [0]= 107 [1]= 210 [2]= 308 [3]= 308 [4]= 308 [5]= 308 [6]= 308 [7]= 308 [8]= 308 [9]= 308 [10]= 308 [11]= 308 [12]= 308 
key_index after (DPU 386) [0]= 112 [1]= 223 [2]= 317 [3]= 317 [4]= 317 [5]= 317 [6]= 317 [7]= 317 [8]= 317 [9]= 317 [10]= 317 [11]= 317 [12]= 317 
key_index after (DPU 387) [0]= 104 [1]= 220 [2]= 321 [3]= 321 [4]= 321 [5]= 321 [6]= 321 [7]= 321 [8]= 321 [9]= 321 [10]= 321 [11]= 321 [12]= 321 
key_index after (DPU 388) [0]= 104 [1]= 215 [2]= 339 [3]= 339 [4]= 339 [5]= 339 [6]= 339 [7]= 339 [8]= 339 [9]= 339 [10]= 339 [11]= 339 [12]= 339 
key_index after (DPU 389) [0]=  94 [1]= 199 [2]= 305 [3]= 305 [4]= 305 [5]= 305 [6]= 305 [7]= 305 [8]= 305 [9]= 305 [10]= 305 [11]= 305 [12]= 305 
key_index after (DPU 390) [0]= 102 [1]= 212 [2]= 317 [3]= 317 [4]= 317 [5]= 317 [6]= 317 [7]= 317 [8]= 317 [9]= 317 [10]= 317 [11]= 317 [12]= 317 
key_index after (DPU 391) [0]= 128 [1]= 241 [2]= 347 [3]= 347 [4]= 347 [5]= 347 [6]= 347 [7]= 347 [8]= 347 [9]= 347 [10]= 347 [11]= 347 [12]= 347 
key_index after (DPU 392) [0]=  90 [1]= 194 [2]= 311 [3]= 311 [4]= 311 [5]= 311 [6]= 311 [7]= 311 [8]= 311 [9]= 311 [10]= 311 [11]= 311 [12]= 311 
key_index after (DPU 393) [0]= 100 [1]= 201 [2]= 319 [3]= 319 [4]= 319 [5]= 319 [6]= 319 [7]= 319 [8]= 319 [9]= 319 [10]= 319 [11]= 319 [12]= 319 
key_index after (DPU 394) [0]=  83 [1]= 176 [2]= 283 [3]= 283 [4]= 283 [5]= 283 [6]= 283 [7]= 283 [8]= 283 [9]= 283 [10]= 283 [11]= 283 [12]= 283 
key_index after (DPU 395) [0]= 108 [1]= 227 [2]= 336 [3]= 336 [4]= 336 [5]= 336 [6]= 336 [7]= 336 [8]= 336 [9]= 336 [10]= 336 [11]= 336 [12]= 336 
key_index after (DPU 396) [0]=  97 [1]= 203 [2]= 308 [3]= 308 [4]= 308 [5]= 308 [6]= 308 [7]= 308 [8]= 308 [9]= 308 [10]= 308 [11]= 308 [12]= 308 
key_index after (DPU 397) [0]= 102 [1]= 196 [2]= 289 [3]= 289 [4]= 289 [5]= 289 [6]= 289 [7]= 289 [8]= 289 [9]= 289 [10]= 289 [11]= 289 [12]= 289 
key_index after (DPU 398) [0]= 125 [1]= 209 [2]= 316 [3]= 316 [4]= 316 [5]= 316 [6]= 316 [7]= 316 [8]= 316 [9]= 316 [10]= 316 [11]= 316 [12]= 316 
key_index after (DPU 399) [0]=  99 [1]= 199 [2]= 315 [3]= 315 [4]= 315 [5]= 315 [6]= 315 [7]= 315 [8]= 315 [9]= 315 [10]= 315 [11]= 315 [12]= 315 
key_index after (DPU 400) [0]= 109 [1]= 230 [2]= 348 [3]= 348 [4]= 348 [5]= 348 [6]= 348 [7]= 348 [8]= 348 [9]= 348 [10]= 348 [11]= 348 [12]= 348 
key_index after (DPU 401) [0]= 109 [1]= 202 [2]= 303 [3]= 303 [4]= 303 [5]= 303 [6]= 303 [7]= 303 [8]= 303 [9]= 303 [10]= 303 [11]= 303 [12]= 303 
key_index after (DPU 402) [0]= 105 [1]= 227 [2]= 342 [3]= 342 [4]= 342 [5]= 342 [6]= 342 [7]= 342 [8]= 342 [9]= 342 [10]= 342 [11]= 342 [12]= 342 
key_index after (DPU 403) [0]= 116 [1]= 217 [2]= 302 [3]= 302 [4]= 302 [5]= 302 [6]= 302 [7]= 302 [8]= 302 [9]= 302 [10]= 302 [11]= 302 [12]= 302 
key_index after (DPU 404) [0]= 111 [1]= 191 [2]= 283 [3]= 283 [4]= 283 [5]= 283 [6]= 283 [7]= 283 [8]= 283 [9]= 283 [10]= 283 [11]= 283 [12]= 283 
key_index after (DPU 405) [0]=  88 [1]= 190 [2]= 293 [3]= 293 [4]= 293 [5]= 293 [6]= 293 [7]= 293 [8]= 293 [9]= 293 [10]= 293 [11]= 293 [12]= 293 
key_index after (DPU 406) [0]= 105 [1]= 225 [2]= 322 [3]= 322 [4]= 322 [5]= 322 [6]= 322 [7]= 322 [8]= 322 [9]= 322 [10]= 322 [11]= 322 [12]= 322 
key_index after (DPU 407) [0]= 115 [1]= 228 [2]= 321 [3]= 321 [4]= 321 [5]= 321 [6]= 321 [7]= 321 [8]= 321 [9]= 321 [10]= 321 [11]= 321 [12]= 321 
key_index after (DPU 408) [0]= 117 [1]= 231 [2]= 329 [3]= 329 [4]= 329 [5]= 329 [6]= 329 [7]= 329 [8]= 329 [9]= 329 [10]= 329 [11]= 329 [12]= 329 
key_index after (DPU 409) [0]=  98 [1]= 183 [2]= 279 [3]= 279 [4]= 279 [5]= 279 [6]= 279 [7]= 279 [8]= 279 [9]= 279 [10]= 279 [11]= 279 [12]= 279 
key_index after (DPU 410) [0]= 110 [1]= 205 [2]= 288 [3]= 288 [4]= 288 [5]= 288 [6]= 288 [7]= 288 [8]= 288 [9]= 288 [10]= 288 [11]= 288 [12]= 288 
key_index after (DPU 411) [0]= 108 [1]= 218 [2]= 320 [3]= 320 [4]= 320 [5]= 320 [6]= 320 [7]= 320 [8]= 320 [9]= 320 [10]= 320 [11]= 320 [12]= 320 
key_index after (DPU 412) [0]= 117 [1]= 227 [2]= 316 [3]= 316 [4]= 316 [5]= 316 [6]= 316 [7]= 316 [8]= 316 [9]= 316 [10]= 316 [11]= 316 [12]= 316 
key_index after (DPU 413) [0]=  86 [1]= 175 [2]= 285 [3]= 285 [4]= 285 [5]= 285 [6]= 285 [7]= 285 [8]= 285 [9]= 285 [10]= 285 [11]= 285 [12]= 285 
key_index after (DPU 414) [0]= 109 [1]= 212 [2]= 297 [3]= 297 [4]= 297 [5]= 297 [6]= 297 [7]= 297 [8]= 297 [9]= 297 [10]= 297 [11]= 297 [12]= 297 
key_index after (DPU 415) [0]=  98 [1]= 196 [2]= 306 [3]= 306 [4]= 306 [5]= 306 [6]= 306 [7]= 306 [8]= 306 [9]= 306 [10]= 306 [11]= 306 [12]= 306 
key_index after (DPU 416) [0]=  81 [1]= 183 [2]= 258 [3]= 258 [4]= 258 [5]= 258 [6]= 258 [7]= 258 [8]= 258 [9]= 258 [10]= 258 [11]= 258 [12]= 258 
key_index after (DPU 417) [0]= 106 [1]= 200 [2]= 297 [3]= 297 [4]= 297 [5]= 297 [6]= 297 [7]= 297 [8]= 297 [9]= 297 [10]= 297 [11]= 297 [12]= 297 
key_index after (DPU 418) [0]= 122 [1]= 210 [2]= 325 [3]= 325 [4]= 325 [5]= 325 [6]= 325 [7]= 325 [8]= 325 [9]= 325 [10]= 325 [11]= 325 [12]= 325 
key_index after (DPU 419) [0]=  81 [1]= 169 [2]= 266 [3]= 266 [4]= 266 [5]= 266 [6]= 266 [7]= 266 [8]= 266 [9]= 266 [10]= 266 [11]= 266 [12]= 266 
key_index after (DPU 420) [0]= 103 [1]= 192 [2]= 300 [3]= 300 [4]= 300 [5]= 300 [6]= 300 [7]= 300 [8]= 300 [9]= 300 [10]= 300 [11]= 300 [12]= 300 
key_index after (DPU 421) [0]=  91 [1]= 192 [2]= 294 [3]= 294 [4]= 294 [5]= 294 [6]= 294 [7]= 294 [8]= 294 [9]= 294 [10]= 294 [11]= 294 [12]= 294 
key_index after (DPU 422) [0]= 107 [1]= 206 [2]= 302 [3]= 302 [4]= 302 [5]= 302 [6]= 302 [7]= 302 [8]= 302 [9]= 302 [10]= 302 [11]= 302 [12]= 302 
key_index after (DPU 423) [0]=  88 [1]= 175 [2]= 279 [3]= 279 [4]= 279 [5]= 279 [6]= 279 [7]= 279 [8]= 279 [9]= 279 [10]= 279 [11]= 279 [12]= 279 
key_index after (DPU 424) [0]=  83 [1]= 176 [2]= 258 [3]= 258 [4]= 258 [5]= 258 [6]= 258 [7]= 258 [8]= 258 [9]= 258 [10]= 258 [11]= 258 [12]= 258 
key_index after (DPU 425) [0]= 105 [1]= 207 [2]= 311 [3]= 311 [4]= 311 [5]= 311 [6]= 311 [7]= 311 [8]= 311 [9]= 311 [10]= 311 [11]= 311 [12]= 311 
key_index after (DPU 426) [0]= 106 [1]= 199 [2]= 281 [3]= 281 [4]= 281 [5]= 281 [6]= 281 [7]= 281 [8]= 281 [9]= 281 [10]= 281 [11]= 281 [12]= 281 
key_index after (DPU 427) [0]= 105 [1]= 189 [2]= 277 [3]= 277 [4]= 277 [5]= 277 [6]= 277 [7]= 277 [8]= 277 [9]= 277 [10]= 277 [11]= 277 [12]= 277 
key_index after (DPU 428) [0]=  86 [1]= 181 [2]= 271 [3]= 271 [4]= 271 [5]= 271 [6]= 271 [7]= 271 [8]= 271 [9]= 271 [10]= 271 [11]= 271 [12]= 271 
key_index after (DPU 429) [0]=  93 [1]= 199 [2]= 296 [3]= 296 [4]= 296 [5]= 296 [6]= 296 [7]= 296 [8]= 296 [9]= 296 [10]= 296 [11]= 296 [12]= 296 
key_index after (DPU 430) [0]= 101 [1]= 195 [2]= 294 [3]= 294 [4]= 294 [5]= 294 [6]= 294 [7]= 294 [8]= 294 [9]= 294 [10]= 294 [11]= 294 [12]= 294 
key_index after (DPU 431) [0]=  88 [1]= 174 [2]= 262 [3]= 262 [4]= 262 [5]= 262 [6]= 262 [7]= 262 [8]= 262 [9]= 262 [10]= 262 [11]= 262 [12]= 262 
key_index after (DPU 432) [0]=  92 [1]= 175 [2]= 270 [3]= 270 [4]= 270 [5]= 270 [6]= 270 [7]= 270 [8]= 270 [9]= 270 [10]= 270 [11]= 270 [12]= 270 
key_index after (DPU 433) [0]=  93 [1]= 182 [2]= 276 [3]= 276 [4]= 276 [5]= 276 [6]= 276 [7]= 276 [8]= 276 [9]= 276 [10]= 276 [11]= 276 [12]= 276 
key_index after (DPU 434) [0]= 100 [1]= 181 [2]= 287 [3]= 287 [4]= 287 [5]= 287 [6]= 287 [7]= 287 [8]= 287 [9]= 287 [10]= 287 [11]= 287 [12]= 287 
key_index after (DPU 435) [0]=  87 [1]= 190 [2]= 287 [3]= 287 [4]= 287 [5]= 287 [6]= 287 [7]= 287 [8]= 287 [9]= 287 [10]= 287 [11]= 287 [12]= 287 
key_index after (DPU 436) [0]=  96 [1]= 187 [2]= 264 [3]= 264 [4]= 264 [5]= 264 [6]= 264 [7]= 264 [8]= 264 [9]= 264 [10]= 264 [11]= 264 [12]= 264 
key_index after (DPU 437) [0]= 103 [1]= 206 [2]= 302 [3]= 302 [4]= 302 [5]= 302 [6]= 302 [7]= 302 [8]= 302 [9]= 302 [10]= 302 [11]= 302 [12]= 302 
key_index after (DPU 438) [0]=  94 [1]= 178 [2]= 272 [3]= 272 [4]= 272 [5]= 272 [6]= 272 [7]= 272 [8]= 272 [9]= 272 [10]= 272 [11]= 272 [12]= 272 
key_index after (DPU 439) [0]=  78 [1]= 179 [2]= 287 [3]= 287 [4]= 287 [5]= 287 [6]= 287 [7]= 287 [8]= 287 [9]= 287 [10]= 287 [11]= 287 [12]= 287 
key_index after (DPU 440) [0]= 101 [1]= 197 [2]= 299 [3]= 299 [4]= 299 [5]= 299 [6]= 299 [7]= 299 [8]= 299 [9]= 299 [10]= 299 [11]= 299 [12]= 299 
key_index after (DPU 441) [0]= 101 [1]= 196 [2]= 268 [3]= 268 [4]= 268 [5]= 268 [6]= 268 [7]= 268 [8]= 268 [9]= 268 [10]= 268 [11]= 268 [12]= 268 
key_index after (DPU 442) [0]=  97 [1]= 190 [2]= 275 [3]= 275 [4]= 275 [5]= 275 [6]= 275 [7]= 275 [8]= 275 [9]= 275 [10]= 275 [11]= 275 [12]= 275 
key_index after (DPU 443) [0]=  88 [1]= 182 [2]= 269 [3]= 269 [4]= 269 [5]= 269 [6]= 269 [7]= 269 [8]= 269 [9]= 269 [10]= 269 [11]= 269 [12]= 269 
key_index after (DPU 444) [0]= 100 [1]= 194 [2]= 271 [3]= 271 [4]= 271 [5]= 271 [6]= 271 [7]= 271 [8]= 271 [9]= 271 [10]= 271 [11]= 271 [12]= 271 
key_index after (DPU 445) [0]=  95 [1]= 198 [2]= 271 [3]= 271 [4]= 271 [5]= 271 [6]= 271 [7]= 271 [8]= 271 [9]= 271 [10]= 271 [11]= 271 [12]= 271 
key_index after (DPU 446) [0]=   0 [1]=   0 [2]=   0 [3]=139115 [4]=139115 [5]=139115 [6]=139115 [7]=139115 [8]=139115 [9]=139115 [10]=139115 [11]=139115 [12]=139115 
key_index after (DPU 447) [0]=  89 [1]= 164 [2]= 258 [3]= 258 [4]= 258 [5]= 258 [6]= 258 [7]= 258 [8]= 258 [9]= 258 [10]= 258 [11]= 258 [12]= 258 
key_index after (DPU 448) [0]= 100 [1]= 190 [2]= 278 [3]= 278 [4]= 278 [5]= 278 [6]= 278 [7]= 278 [8]= 278 [9]= 278 [10]= 278 [11]= 278 [12]= 278 
key_index after (DPU 449) [0]=   0 [1]=  84 [2]=  84 [3]=21464 [4]=21464 [5]=21464 [6]=21464 [7]=21464 [8]=21464 [9]=21464 [10]=21464 [11]=21464 [12]=21464 
key_index after (DPU 450) [0]=  88 [1]= 211 [2]= 319 [3]= 319 [4]= 319 [5]= 319 [6]= 319 [7]= 319 [8]= 319 [9]= 319 [10]= 319 [11]= 319 [12]= 319 
key_index after (DPU 451) [0]=  93 [1]= 195 [2]= 286 [3]= 286 [4]= 286 [5]= 286 [6]= 286 [7]= 286 [8]= 286 [9]= 286 [10]= 286 [11]= 286 [12]= 286 
key_index after (DPU 452) [0]=  89 [1]= 188 [2]= 272 [3]= 272 [4]= 272 [5]= 272 [6]= 272 [7]= 272 [8]= 272 [9]= 272 [10]= 272 [11]= 272 [12]= 272 
key_index after (DPU 453) [0]=  79 [1]= 178 [2]= 273 [3]= 273 [4]= 273 [5]= 273 [6]= 273 [7]= 273 [8]= 273 [9]= 273 [10]= 273 [11]= 273 [12]= 273 
key_index after (DPU 454) [0]=  92 [1]= 186 [2]= 278 [3]= 278 [4]= 278 [5]= 278 [6]= 278 [7]= 278 [8]= 278 [9]= 278 [10]= 278 [11]= 278 [12]= 278 
key_index after (DPU 455) [0]= 104 [1]= 180 [2]= 274 [3]= 274 [4]= 274 [5]= 274 [6]= 274 [7]= 274 [8]= 274 [9]= 274 [10]= 274 [11]= 274 [12]= 274 
key_index after (DPU 456) [0]=  92 [1]= 187 [2]= 280 [3]= 280 [4]= 280 [5]= 280 [6]= 280 [7]= 280 [8]= 280 [9]= 280 [10]= 280 [11]= 280 [12]= 280 
key_index after (DPU 457) [0]=  87 [1]= 172 [2]= 249 [3]=6649 [4]=6649 [5]=6649 [6]=6649 [7]=6649 [8]=6649 [9]=6649 [10]=6649 [11]=6649 [12]=6649 
key_index after (DPU 458) [0]=  92 [1]= 177 [2]= 283 [3]= 283 [4]= 283 [5]= 283 [6]= 283 [7]= 283 [8]= 283 [9]= 283 [10]= 283 [11]= 283 [12]= 283 
key_index after (DPU 459) [0]=  85 [1]= 174 [2]= 242 [3]=12563 [4]=12563 [5]=12563 [6]=12563 [7]=12563 [8]=12563 [9]=12563 [10]=12563 [11]=12563 [12]=12563 
key_index after (DPU 460) [0]=  93 [1]= 179 [2]= 273 [3]= 273 [4]= 273 [5]= 273 [6]= 273 [7]= 273 [8]= 273 [9]= 273 [10]= 273 [11]= 273 [12]= 273 
key_index after (DPU 461) [0]=  83 [1]= 181 [2]= 275 [3]= 373 [4]= 373 [5]= 373 [6]= 373 [7]= 373 [8]= 373 [9]= 373 [10]= 373 [11]= 373 [12]= 373 
key_index after (DPU 462) [0]=  94 [1]= 169 [2]= 272 [3]= 272 [4]= 272 [5]= 272 [6]= 272 [7]= 272 [8]= 272 [9]= 272 [10]= 272 [11]= 272 [12]= 272 
key_index after (DPU 463) [0]=  88 [1]= 168 [2]= 244 [3]= 344 [4]= 344 [5]= 344 [6]= 344 [7]= 344 [8]= 344 [9]= 344 [10]= 344 [11]= 344 [12]= 344 
key_index after (DPU 464) [0]=  85 [1]= 169 [2]= 253 [3]=5810 [4]=5810 [5]=5810 [6]=5810 [7]=5810 [8]=5810 [9]=5810 [10]=5810 [11]=5810 [12]=5810 
key_index after (DPU 465) [0]=  76 [1]= 163 [2]= 256 [3]= 256 [4]= 256 [5]= 256 [6]= 256 [7]= 256 [8]= 256 [9]= 256 [10]= 256 [11]= 256 [12]= 256 
key_index after (DPU 466) [0]=  92 [1]= 175 [2]= 279 [3]= 279 [4]= 279 [5]= 279 [6]= 279 [7]= 279 [8]= 279 [9]= 279 [10]= 279 [11]= 279 [12]= 279 
key_index after (DPU 467) [0]=  87 [1]= 182 [2]= 280 [3]= 280 [4]= 280 [5]= 280 [6]= 280 [7]= 280 [8]= 280 [9]= 280 [10]= 280 [11]= 280 [12]= 280 
key_index after (DPU 468) [0]=  93 [1]= 169 [2]= 268 [3]= 268 [4]= 268 [5]= 268 [6]= 268 [7]= 268 [8]= 268 [9]= 268 [10]= 268 [11]= 268 [12]= 268 
key_index after (DPU 469) [0]=  76 [1]= 160 [2]= 237 [3]= 314 [4]= 314 [5]= 314 [6]= 314 [7]= 314 [8]= 314 [9]= 314 [10]= 314 [11]= 314 [12]= 314 
key_index after (DPU 470) [0]=  82 [1]=  82 [2]= 180 [3]=17941 [4]=17941 [5]=17941 [6]=17941 [7]=17941 [8]=17941 [9]=17941 [10]=17941 [11]=17941 [12]=17941 
key_index after (DPU 471) [0]=  99 [1]= 195 [2]= 277 [3]= 277 [4]= 277 [5]= 277 [6]= 277 [7]= 277 [8]= 277 [9]= 277 [10]= 277 [11]= 277 [12]= 277 
key_index after (DPU 472) [0]=  80 [1]= 165 [2]= 260 [3]= 260 [4]= 260 [5]= 260 [6]= 260 [7]= 260 [8]= 260 [9]= 260 [10]= 260 [11]= 260 [12]= 260 
key_index after (DPU 473) [0]=  89 [1]= 178 [2]= 256 [3]= 256 [4]= 256 [5]= 256 [6]= 256 [7]= 256 [8]= 256 [9]= 256 [10]= 256 [11]= 256 [12]= 256 
key_index after (DPU 474) [0]= 105 [1]= 185 [2]= 264 [3]= 264 [4]= 264 [5]= 264 [6]= 264 [7]= 264 [8]= 264 [9]= 264 [10]= 264 [11]= 264 [12]= 264 
key_index after (DPU 475) [0]=  66 [1]= 151 [2]= 248 [3]=8511 [4]=8511 [5]=8511 [6]=8511 [7]=8511 [8]=8511 [9]=8511 [10]=8511 [11]=8511 [12]=8511 
key_index after (DPU 476) [0]=  78 [1]= 163 [2]= 257 [3]= 328 [4]= 328 [5]= 328 [6]= 328 [7]= 328 [8]= 328 [9]= 328 [10]= 328 [11]= 328 [12]= 328 
key_index after (DPU 477) [0]=  86 [1]= 187 [2]= 264 [3]= 264 [4]= 264 [5]= 264 [6]= 264 [7]= 264 [8]= 264 [9]= 264 [10]= 264 [11]= 264 [12]= 264 
key_index after (DPU 478) [0]= 108 [1]= 205 [2]= 296 [3]= 381 [4]= 381 [5]= 381 [6]= 381 [7]= 381 [8]= 381 [9]= 381 [10]= 381 [11]= 381 [12]= 381 
key_index after (DPU 479) [0]=  97 [1]= 186 [2]= 270 [3]= 270 [4]= 270 [5]= 270 [6]= 270 [7]= 270 [8]= 270 [9]= 270 [10]= 270 [11]= 270 [12]= 270 
key_index after (DPU 480) [0]=  81 [1]= 169 [2]= 264 [3]= 264 [4]= 264 [5]= 264 [6]= 264 [7]= 264 [8]= 264 [9]= 264 [10]= 264 [11]= 264 [12]= 264 
key_index after (DPU 481) [0]=   0 [1]=   0 [2]=   0 [3]=33046 [4]=33046 [5]=33046 [6]=33046 [7]=33046 [8]=33046 [9]=33046 [10]=33046 [11]=33046 [12]=33046 
key_index after (DPU 482) [0]=  97 [1]= 175 [2]= 260 [3]= 260 [4]= 260 [5]= 260 [6]= 260 [7]= 260 [8]= 260 [9]= 260 [10]= 260 [11]= 260 [12]= 260 
key_index after (DPU 483) [0]=  83 [1]= 168 [2]= 245 [3]= 333 [4]= 333 [5]= 333 [6]= 333 [7]= 333 [8]= 333 [9]= 333 [10]= 333 [11]= 333 [12]= 333 
key_index after (DPU 484) [0]=  85 [1]= 189 [2]= 280 [3]= 280 [4]= 280 [5]= 280 [6]= 280 [7]= 280 [8]= 280 [9]= 280 [10]= 280 [11]= 280 [12]= 280 
key_index after (DPU 485) [0]=  92 [1]= 170 [2]= 261 [3]= 358 [4]= 358 [5]= 358 [6]= 358 [7]= 358 [8]= 358 [9]= 358 [10]= 358 [11]= 358 [12]= 358 
key_index after (DPU 486) [0]=  86 [1]= 179 [2]= 277 [3]= 277 [4]= 277 [5]= 277 [6]= 277 [7]= 277 [8]= 277 [9]= 277 [10]= 277 [11]= 277 [12]= 277 
key_index after (DPU 487) [0]=  85 [1]= 174 [2]= 262 [3]= 262 [4]= 262 [5]= 262 [6]= 262 [7]= 262 [8]= 262 [9]= 262 [10]= 262 [11]= 262 [12]= 262 
key_index after (DPU 488) [0]=  83 [1]= 180 [2]= 264 [3]= 264 [4]= 264 [5]= 264 [6]= 264 [7]= 264 [8]= 264 [9]= 264 [10]= 264 [11]= 264 [12]= 264 
key_index after (DPU 489) [0]=  94 [1]= 175 [2]= 259 [3]= 259 [4]= 259 [5]= 259 [6]= 259 [7]= 259 [8]= 259 [9]= 259 [10]= 259 [11]= 259 [12]= 259 
key_index after (DPU 490) [0]=  96 [1]= 177 [2]= 262 [3]= 361 [4]= 361 [5]= 361 [6]= 361 [7]= 361 [8]= 361 [9]= 361 [10]= 361 [11]= 361 [12]= 361 
key_index after (DPU 491) [0]=  86 [1]= 169 [2]= 262 [3]=10492 [4]=10492 [5]=10492 [6]=10492 [7]=10492 [8]=10492 [9]=10492 [10]=10492 [11]=10492 [12]=10492 
key_index after (DPU 492) [0]=  83 [1]= 158 [2]= 243 [3]= 331 [4]= 331 [5]= 331 [6]= 331 [7]= 331 [8]= 331 [9]= 331 [10]= 331 [11]= 331 [12]= 331 
key_index after (DPU 493) [0]=  90 [1]= 166 [2]= 239 [3]=7805 [4]=7805 [5]=7805 [6]=7805 [7]=7805 [8]=7805 [9]=7805 [10]=7805 [11]=7805 [12]=7805 
key_index after (DPU 494) [0]=  89 [1]= 162 [2]= 242 [3]= 334 [4]= 334 [5]= 334 [6]= 334 [7]= 334 [8]= 334 [9]= 334 [10]= 334 [11]= 334 [12]= 334 
key_index after (DPU 495) [0]=  85 [1]= 157 [2]= 222 [3]=9770 [4]=9770 [5]=9770 [6]=9770 [7]=9770 [8]=9770 [9]=9770 [10]=9770 [11]=9770 [12]=9770 
key_index after (DPU 496) [0]=  92 [1]= 189 [2]= 260 [3]=13917 [4]=13917 [5]=13917 [6]=13917 [7]=13917 [8]=13917 [9]=13917 [10]=13917 [11]=13917 [12]=13917 
key_index after (DPU 497) [0]=  77 [1]= 164 [2]= 240 [3]= 340 [4]= 340 [5]= 340 [6]= 340 [7]= 340 [8]= 340 [9]= 340 [10]= 340 [11]= 340 [12]= 340 
key_index after (DPU 498) [0]=  88 [1]= 172 [2]= 254 [3]= 320 [4]= 320 [5]= 320 [6]= 320 [7]= 320 [8]= 320 [9]= 320 [10]= 320 [11]= 320 [12]= 320 
key_index after (DPU 499) [0]=   0 [1]=   0 [2]=   0 [3]=47846 [4]=47846 [5]=47846 [6]=47846 [7]=47846 [8]=47846 [9]=47846 [10]=47846 [11]=47846 [12]=47846 
[1/4] preprocess finished 0.00000sec
sending 1000000 requests for 0 DPUS...
[2/4] send finished 0.00000sec
[3/4]all the dpu execution finished: 0.00000sec
[4/4] batch postprocess finished: 0.00000sec
0.99, 500, 12, 6, 1000000, 139115, 0.43743, 0.55276, 0.00015, 0.00005, 0.00000, 0.00000, 0.00000, 0.00000, 0.99039, 1009703
======= batch 6 =======
key_index before (DPU 0) [0]=   0 [1]=   0 [2]=71995 [3]=71995 [4]=71995 [5]=71995 [6]=71995 [7]=71995 [8]=71995 [9]=71995 [10]=71995 [11]=71995 [12]=71995 
key_index before (DPU 1) [0]=   0 [1]=   0 [2]=26215 [3]=26215 [4]=26215 [5]=26215 [6]=26215 [7]=26215 [8]=26215 [9]=26215 [10]=26215 [11]=26215 [12]=26215 
key_index before (DPU 2) [0]=   0 [1]=   0 [2]=15725 [3]=15725 [4]=15725 [5]=15725 [6]=15725 [7]=15725 [8]=15725 [9]=15725 [10]=15725 [11]=15725 [12]=15725 
key_index before (DPU 3) [0]=   0 [1]=   0 [2]=11340 [3]=11340 [4]=11340 [5]=11340 [6]=11340 [7]=11340 [8]=11340 [9]=11340 [10]=11340 [11]=11340 [12]=11340 
key_index before (DPU 4) [0]=   0 [1]=   0 [2]=8796 [3]=8796 [4]=8796 [5]=8796 [6]=8796 [7]=8796 [8]=8796 [9]=8796 [10]=8796 [11]=8796 [12]=8796 
key_index before (DPU 5) [0]=   0 [1]=   0 [2]=6981 [3]=6981 [4]=6981 [5]=6981 [6]=6981 [7]=6981 [8]=6981 [9]=6981 [10]=6981 [11]=6981 [12]=6981 
key_index before (DPU 6) [0]=   0 [1]=   0 [2]=5953 [3]=11755 [4]=11755 [5]=11755 [6]=11755 [7]=11755 [8]=11755 [9]=11755 [10]=11755 [11]=11755 [12]=11755 
key_index before (DPU 7) [0]=   0 [1]=   0 [2]=5205 [3]=10225 [4]=10225 [5]=10225 [6]=10225 [7]=10225 [8]=10225 [9]=10225 [10]=10225 [11]=10225 [12]=10225 
key_index before (DPU 8) [0]=   0 [1]=   0 [2]=4583 [3]=9117 [4]=9117 [5]=9117 [6]=9117 [7]=9117 [8]=9117 [9]=9117 [10]=9117 [11]=9117 [12]=9117 
key_index before (DPU 9) [0]=   0 [1]=4275 [2]=8378 [3]=12456 [4]=12456 [5]=12456 [6]=12456 [7]=12456 [8]=12456 [9]=12456 [10]=12456 [11]=12456 [12]=12456 
key_index before (DPU 10) [0]=   0 [1]=3863 [2]=7637 [3]=11151 [4]=11151 [5]=11151 [6]=11151 [7]=11151 [8]=11151 [9]=11151 [10]=11151 [11]=11151 [12]=11151 
key_index before (DPU 11) [0]=   0 [1]=3508 [2]=6994 [3]=10238 [4]=10238 [5]=10238 [6]=10238 [7]=10238 [8]=10238 [9]=10238 [10]=10238 [11]=10238 [12]=10238 
key_index before (DPU 12) [0]=   0 [1]=3257 [2]=6537 [3]=9587 [4]=9587 [5]=9587 [6]=9587 [7]=9587 [8]=9587 [9]=9587 [10]=9587 [11]=9587 [12]=9587 
key_index before (DPU 13) [0]=   0 [1]=2991 [2]=5883 [3]=8647 [4]=8647 [5]=8647 [6]=8647 [7]=8647 [8]=8647 [9]=8647 [10]=8647 [11]=8647 [12]=8647 
key_index before (DPU 14) [0]=   0 [1]=2797 [2]=5546 [3]=8118 [4]=8118 [5]=8118 [6]=8118 [7]=8118 [8]=8118 [9]=8118 [10]=8118 [11]=8118 [12]=8118 
key_index before (DPU 15) [0]=   0 [1]=2550 [2]=5145 [3]=7623 [4]=7623 [5]=7623 [6]=7623 [7]=7623 [8]=7623 [9]=7623 [10]=7623 [11]=7623 [12]=7623 
key_index before (DPU 16) [0]=   0 [1]=2359 [2]=4730 [3]=7009 [4]=7009 [5]=7009 [6]=7009 [7]=7009 [8]=7009 [9]=7009 [10]=7009 [11]=7009 [12]=7009 
key_index before (DPU 17) [0]=   0 [1]=2386 [2]=4640 [3]=6870 [4]=6870 [5]=6870 [6]=6870 [7]=6870 [8]=6870 [9]=6870 [10]=6870 [11]=6870 [12]=6870 
key_index before (DPU 18) [0]=   0 [1]=2147 [2]=4300 [3]=6375 [4]=6375 [5]=6375 [6]=6375 [7]=6375 [8]=6375 [9]=6375 [10]=6375 [11]=6375 [12]=6375 
key_index before (DPU 19) [0]=   0 [1]=2125 [2]=4212 [3]=6205 [4]=6205 [5]=6205 [6]=6205 [7]=6205 [8]=6205 [9]=6205 [10]=6205 [11]=6205 [12]=6205 
key_index before (DPU 20) [0]=   0 [1]=1964 [2]=3893 [3]=5803 [4]=5803 [5]=5803 [6]=5803 [7]=5803 [8]=5803 [9]=5803 [10]=5803 [11]=5803 [12]=5803 
key_index before (DPU 21) [0]=   0 [1]=1855 [2]=3742 [3]=5469 [4]=5469 [5]=5469 [6]=5469 [7]=5469 [8]=5469 [9]=5469 [10]=5469 [11]=5469 [12]=5469 
key_index before (DPU 22) [0]=   0 [1]=1736 [2]=3530 [3]=5284 [4]=5284 [5]=5284 [6]=5284 [7]=5284 [8]=5284 [9]=5284 [10]=5284 [11]=5284 [12]=5284 
key_index before (DPU 23) [0]=   0 [1]=1667 [2]=3386 [3]=5101 [4]=5101 [5]=5101 [6]=5101 [7]=5101 [8]=5101 [9]=5101 [10]=5101 [11]=5101 [12]=5101 
key_index before (DPU 24) [0]=   0 [1]=1695 [2]=3333 [3]=4849 [4]=4849 [5]=4849 [6]=4849 [7]=4849 [8]=4849 [9]=4849 [10]=4849 [11]=4849 [12]=4849 
key_index before (DPU 25) [0]=   0 [1]=1591 [2]=3171 [3]=4721 [4]=4721 [5]=4721 [6]=4721 [7]=4721 [8]=4721 [9]=4721 [10]=4721 [11]=4721 [12]=4721 
key_index before (DPU 26) [0]=   0 [1]=1462 [2]=2988 [3]=4403 [4]=4403 [5]=4403 [6]=4403 [7]=4403 [8]=4403 [9]=4403 [10]=4403 [11]=4403 [12]=4403 
key_index before (DPU 27) [0]=   0 [1]=1430 [2]=2879 [3]=4327 [4]=4327 [5]=4327 [6]=4327 [7]=4327 [8]=4327 [9]=4327 [10]=4327 [11]=4327 [12]=4327 
key_index before (DPU 28) [0]=   0 [1]=1390 [2]=2774 [3]=4162 [4]=4162 [5]=4162 [6]=4162 [7]=4162 [8]=4162 [9]=4162 [10]=4162 [11]=4162 [12]=4162 
key_index before (DPU 29) [0]=   0 [1]=1394 [2]=2788 [3]=4072 [4]=4072 [5]=4072 [6]=4072 [7]=4072 [8]=4072 [9]=4072 [10]=4072 [11]=4072 [12]=4072 
key_index before (DPU 30) [0]=   0 [1]=1314 [2]=2561 [3]=3847 [4]=3847 [5]=3847 [6]=3847 [7]=3847 [8]=3847 [9]=3847 [10]=3847 [11]=3847 [12]=3847 
key_index before (DPU 31) [0]=   0 [1]=1283 [2]=2512 [3]=3764 [4]=3764 [5]=3764 [6]=3764 [7]=3764 [8]=3764 [9]=3764 [10]=3764 [11]=3764 [12]=3764 
key_index before (DPU 32) [0]=   0 [1]=1238 [2]=2473 [3]=3645 [4]=3645 [5]=3645 [6]=3645 [7]=3645 [8]=3645 [9]=3645 [10]=3645 [11]=3645 [12]=3645 
key_index before (DPU 33) [0]=   0 [1]=1186 [2]=2320 [3]=3503 [4]=3503 [5]=3503 [6]=3503 [7]=3503 [8]=3503 [9]=3503 [10]=3503 [11]=3503 [12]=3503 
key_index before (DPU 34) [0]=   0 [1]=1238 [2]=2394 [3]=3507 [4]=3507 [5]=3507 [6]=3507 [7]=3507 [8]=3507 [9]=3507 [10]=3507 [11]=3507 [12]=3507 
key_index before (DPU 35) [0]=   0 [1]=1135 [2]=2231 [3]=3341 [4]=3341 [5]=3341 [6]=3341 [7]=3341 [8]=3341 [9]=3341 [10]=3341 [11]=3341 [12]=3341 
key_index before (DPU 36) [0]=   0 [1]=1102 [2]=2165 [3]=3256 [4]=3256 [5]=3256 [6]=3256 [7]=3256 [8]=3256 [9]=3256 [10]=3256 [11]=3256 [12]=3256 
key_index before (DPU 37) [0]=   0 [1]=1070 [2]=2073 [3]=3175 [4]=3175 [5]=3175 [6]=3175 [7]=3175 [8]=3175 [9]=3175 [10]=3175 [11]=3175 [12]=3175 
key_index before (DPU 38) [0]=   0 [1]=1065 [2]=2089 [3]=3102 [4]=3102 [5]=3102 [6]=3102 [7]=3102 [8]=3102 [9]=3102 [10]=3102 [11]=3102 [12]=3102 
key_index before (DPU 39) [0]=   0 [1]=1057 [2]=2067 [3]=3064 [4]=3064 [5]=3064 [6]=3064 [7]=3064 [8]=3064 [9]=3064 [10]=3064 [11]=3064 [12]=3064 
key_index before (DPU 40) [0]=   0 [1]= 990 [2]=1973 [3]=2946 [4]=2946 [5]=2946 [6]=2946 [7]=2946 [8]=2946 [9]=2946 [10]=2946 [11]=2946 [12]=2946 
key_index before (DPU 41) [0]=   0 [1]= 953 [2]=1889 [3]=2849 [4]=2849 [5]=2849 [6]=2849 [7]=2849 [8]=2849 [9]=2849 [10]=2849 [11]=2849 [12]=2849 
key_index before (DPU 42) [0]=   0 [1]=1006 [2]=1946 [3]=2853 [4]=2853 [5]=2853 [6]=2853 [7]=2853 [8]=2853 [9]=2853 [10]=2853 [11]=2853 [12]=2853 
key_index before (DPU 43) [0]=   0 [1]= 930 [2]=1851 [3]=2739 [4]=2739 [5]=2739 [6]=2739 [7]=2739 [8]=2739 [9]=2739 [10]=2739 [11]=2739 [12]=2739 
key_index before (DPU 44) [0]=   0 [1]= 846 [2]=1814 [3]=2713 [4]=2713 [5]=2713 [6]=2713 [7]=2713 [8]=2713 [9]=2713 [10]=2713 [11]=2713 [12]=2713 
key_index before (DPU 45) [0]=   0 [1]= 955 [2]=1814 [3]=2747 [4]=2747 [5]=2747 [6]=2747 [7]=2747 [8]=2747 [9]=2747 [10]=2747 [11]=2747 [12]=2747 
key_index before (DPU 46) [0]=   0 [1]= 830 [2]=1688 [3]=2556 [4]=2556 [5]=2556 [6]=2556 [7]=2556 [8]=2556 [9]=2556 [10]=2556 [11]=2556 [12]=2556 
key_index before (DPU 47) [0]=   0 [1]= 826 [2]=1689 [3]=2495 [4]=2495 [5]=2495 [6]=2495 [7]=2495 [8]=2495 [9]=2495 [10]=2495 [11]=2495 [12]=2495 
key_index before (DPU 48) [0]=   0 [1]= 829 [2]=1663 [3]=2448 [4]=2448 [5]=2448 [6]=2448 [7]=2448 [8]=2448 [9]=2448 [10]=2448 [11]=2448 [12]=2448 
key_index before (DPU 49) [0]=   0 [1]= 838 [2]=1667 [3]=2444 [4]=2444 [5]=2444 [6]=2444 [7]=2444 [8]=2444 [9]=2444 [10]=2444 [11]=2444 [12]=2444 
key_index before (DPU 50) [0]=   0 [1]= 797 [2]=1566 [3]=2300 [4]=2300 [5]=2300 [6]=2300 [7]=2300 [8]=2300 [9]=2300 [10]=2300 [11]=2300 [12]=2300 
key_index before (DPU 51) [0]=   0 [1]= 833 [2]=1606 [3]=2326 [4]=2326 [5]=2326 [6]=2326 [7]=2326 [8]=2326 [9]=2326 [10]=2326 [11]=2326 [12]=2326 
key_index before (DPU 52) [0]=   0 [1]= 789 [2]=1565 [3]=2322 [4]=2322 [5]=2322 [6]=2322 [7]=2322 [8]=2322 [9]=2322 [10]=2322 [11]=2322 [12]=2322 
key_index before (DPU 53) [0]=   0 [1]= 745 [2]=1466 [3]=2231 [4]=2231 [5]=2231 [6]=2231 [7]=2231 [8]=2231 [9]=2231 [10]=2231 [11]=2231 [12]=2231 
key_index before (DPU 54) [0]=   0 [1]= 743 [2]=1501 [3]=2223 [4]=2223 [5]=2223 [6]=2223 [7]=2223 [8]=2223 [9]=2223 [10]=2223 [11]=2223 [12]=2223 
key_index before (DPU 55) [0]=   0 [1]= 735 [2]=1466 [3]=2169 [4]=2169 [5]=2169 [6]=2169 [7]=2169 [8]=2169 [9]=2169 [10]=2169 [11]=2169 [12]=2169 
key_index before (DPU 56) [0]=   0 [1]= 732 [2]=1393 [3]=2109 [4]=2109 [5]=2109 [6]=2109 [7]=2109 [8]=2109 [9]=2109 [10]=2109 [11]=2109 [12]=2109 
key_index before (DPU 57) [0]=   0 [1]= 697 [2]=1402 [3]=2059 [4]=2059 [5]=2059 [6]=2059 [7]=2059 [8]=2059 [9]=2059 [10]=2059 [11]=2059 [12]=2059 
key_index before (DPU 58) [0]=   0 [1]= 698 [2]=1382 [3]=2036 [4]=2036 [5]=2036 [6]=2036 [7]=2036 [8]=2036 [9]=2036 [10]=2036 [11]=2036 [12]=2036 
key_index before (DPU 59) [0]=   0 [1]= 692 [2]=1361 [3]=1997 [4]=1997 [5]=1997 [6]=1997 [7]=1997 [8]=1997 [9]=1997 [10]=1997 [11]=1997 [12]=1997 
key_index before (DPU 60) [0]=   0 [1]= 646 [2]=1305 [3]=1973 [4]=1973 [5]=1973 [6]=1973 [7]=1973 [8]=1973 [9]=1973 [10]=1973 [11]=1973 [12]=1973 
key_index before (DPU 61) [0]=   0 [1]= 651 [2]=1279 [3]=1897 [4]=1897 [5]=1897 [6]=1897 [7]=1897 [8]=1897 [9]=1897 [10]=1897 [11]=1897 [12]=1897 
key_index before (DPU 62) [0]=   0 [1]= 671 [2]=1357 [3]=1965 [4]=1965 [5]=1965 [6]=1965 [7]=1965 [8]=1965 [9]=1965 [10]=1965 [11]=1965 [12]=1965 
key_index before (DPU 63) [0]=   0 [1]= 628 [2]=1235 [3]=1824 [4]=1824 [5]=1824 [6]=1824 [7]=1824 [8]=1824 [9]=1824 [10]=1824 [11]=1824 [12]=1824 
key_index before (DPU 64) [0]=   0 [1]= 623 [2]=1232 [3]=1874 [4]=1874 [5]=1874 [6]=1874 [7]=1874 [8]=1874 [9]=1874 [10]=1874 [11]=1874 [12]=1874 
key_index before (DPU 65) [0]=   0 [1]= 622 [2]=1243 [3]=1851 [4]=1851 [5]=1851 [6]=1851 [7]=1851 [8]=1851 [9]=1851 [10]=1851 [11]=1851 [12]=1851 
key_index before (DPU 66) [0]=   0 [1]= 632 [2]=1241 [3]=1869 [4]=1869 [5]=1869 [6]=1869 [7]=1869 [8]=1869 [9]=1869 [10]=1869 [11]=1869 [12]=1869 
key_index before (DPU 67) [0]=   0 [1]= 580 [2]=1178 [3]=1822 [4]=1822 [5]=1822 [6]=1822 [7]=1822 [8]=1822 [9]=1822 [10]=1822 [11]=1822 [12]=1822 
key_index before (DPU 68) [0]=   0 [1]= 633 [2]=1243 [3]=1848 [4]=1848 [5]=1848 [6]=1848 [7]=1848 [8]=1848 [9]=1848 [10]=1848 [11]=1848 [12]=1848 
key_index before (DPU 69) [0]=   0 [1]= 589 [2]=1173 [3]=1762 [4]=1762 [5]=1762 [6]=1762 [7]=1762 [8]=1762 [9]=1762 [10]=1762 [11]=1762 [12]=1762 
key_index before (DPU 70) [0]=   0 [1]= 549 [2]=1106 [3]=1643 [4]=1643 [5]=1643 [6]=1643 [7]=1643 [8]=1643 [9]=1643 [10]=1643 [11]=1643 [12]=1643 
key_index before (DPU 71) [0]=   0 [1]= 523 [2]=1098 [3]=1700 [4]=1700 [5]=1700 [6]=1700 [7]=1700 [8]=1700 [9]=1700 [10]=1700 [11]=1700 [12]=1700 
key_index before (DPU 72) [0]=   0 [1]= 549 [2]=1121 [3]=1686 [4]=1686 [5]=1686 [6]=1686 [7]=1686 [8]=1686 [9]=1686 [10]=1686 [11]=1686 [12]=1686 
key_index before (DPU 73) [0]=   0 [1]= 512 [2]=1105 [3]=1677 [4]=1677 [5]=1677 [6]=1677 [7]=1677 [8]=1677 [9]=1677 [10]=1677 [11]=1677 [12]=1677 
key_index before (DPU 74) [0]=   0 [1]= 587 [2]=1124 [3]=1686 [4]=1686 [5]=1686 [6]=1686 [7]=1686 [8]=1686 [9]=1686 [10]=1686 [11]=1686 [12]=1686 
key_index before (DPU 75) [0]=   0 [1]= 547 [2]=1058 [3]=1569 [4]=1569 [5]=1569 [6]=1569 [7]=1569 [8]=1569 [9]=1569 [10]=1569 [11]=1569 [12]=1569 
key_index before (DPU 76) [0]=   0 [1]= 525 [2]=1041 [3]=1565 [4]=1565 [5]=1565 [6]=1565 [7]=1565 [8]=1565 [9]=1565 [10]=1565 [11]=1565 [12]=1565 
key_index before (DPU 77) [0]=   0 [1]= 546 [2]=1110 [3]=1628 [4]=1628 [5]=1628 [6]=1628 [7]=1628 [8]=1628 [9]=1628 [10]=1628 [11]=1628 [12]=1628 
key_index before (DPU 78) [0]=   0 [1]= 529 [2]=1016 [3]=1503 [4]=1503 [5]=1503 [6]=1503 [7]=1503 [8]=1503 [9]=1503 [10]=1503 [11]=1503 [12]=1503 
key_index before (DPU 79) [0]=   0 [1]= 512 [2]= 989 [3]=1544 [4]=1544 [5]=1544 [6]=1544 [7]=1544 [8]=1544 [9]=1544 [10]=1544 [11]=1544 [12]=1544 
key_index before (DPU 80) [0]=   0 [1]= 472 [2]= 966 [3]=1473 [4]=1473 [5]=1473 [6]=1473 [7]=1473 [8]=1473 [9]=1473 [10]=1473 [11]=1473 [12]=1473 
key_index before (DPU 81) [0]=   0 [1]= 442 [2]= 905 [3]=1376 [4]=1376 [5]=1376 [6]=1376 [7]=1376 [8]=1376 [9]=1376 [10]=1376 [11]=1376 [12]=1376 
key_index before (DPU 82) [0]=   0 [1]= 518 [2]= 990 [3]=1444 [4]=1444 [5]=1444 [6]=1444 [7]=1444 [8]=1444 [9]=1444 [10]=1444 [11]=1444 [12]=1444 
key_index before (DPU 83) [0]=   0 [1]= 490 [2]= 947 [3]=1422 [4]=1422 [5]=1422 [6]=1422 [7]=1422 [8]=1422 [9]=1422 [10]=1422 [11]=1422 [12]=1422 
key_index before (DPU 84) [0]=   0 [1]= 469 [2]= 942 [3]=1421 [4]=1421 [5]=1421 [6]=1421 [7]=1421 [8]=1421 [9]=1421 [10]=1421 [11]=1421 [12]=1421 
key_index before (DPU 85) [0]=   0 [1]= 523 [2]=1012 [3]=1503 [4]=1503 [5]=1503 [6]=1503 [7]=1503 [8]=1503 [9]=1503 [10]=1503 [11]=1503 [12]=1503 
key_index before (DPU 86) [0]=   0 [1]= 482 [2]= 969 [3]=1386 [4]=1386 [5]=1386 [6]=1386 [7]=1386 [8]=1386 [9]=1386 [10]=1386 [11]=1386 [12]=1386 
key_index before (DPU 87) [0]=   0 [1]= 433 [2]= 924 [3]=1398 [4]=1398 [5]=1398 [6]=1398 [7]=1398 [8]=1398 [9]=1398 [10]=1398 [11]=1398 [12]=1398 
key_index before (DPU 88) [0]=   0 [1]= 456 [2]= 898 [3]=1370 [4]=1370 [5]=1370 [6]=1370 [7]=1370 [8]=1370 [9]=1370 [10]=1370 [11]=1370 [12]=1370 
key_index before (DPU 89) [0]=   0 [1]= 460 [2]= 937 [3]=1386 [4]=1386 [5]=1386 [6]=1386 [7]=1386 [8]=1386 [9]=1386 [10]=1386 [11]=1386 [12]=1386 
key_index before (DPU 90) [0]=   0 [1]= 454 [2]= 903 [3]=1347 [4]=1347 [5]=1347 [6]=1347 [7]=1347 [8]=1347 [9]=1347 [10]=1347 [11]=1347 [12]=1347 
key_index before (DPU 91) [0]=   0 [1]= 471 [2]= 923 [3]=1377 [4]=1377 [5]=1377 [6]=1377 [7]=1377 [8]=1377 [9]=1377 [10]=1377 [11]=1377 [12]=1377 
key_index before (DPU 92) [0]=   0 [1]= 461 [2]= 879 [3]=1330 [4]=1330 [5]=1330 [6]=1330 [7]=1330 [8]=1330 [9]=1330 [10]=1330 [11]=1330 [12]=1330 
key_index before (DPU 93) [0]=   0 [1]= 409 [2]= 833 [3]=1251 [4]=1251 [5]=1251 [6]=1251 [7]=1251 [8]=1251 [9]=1251 [10]=1251 [11]=1251 [12]=1251 
key_index before (DPU 94) [0]=   0 [1]= 415 [2]= 860 [3]=1267 [4]=1267 [5]=1267 [6]=1267 [7]=1267 [8]=1267 [9]=1267 [10]=1267 [11]=1267 [12]=1267 
key_index before (DPU 95) [0]=   0 [1]= 461 [2]= 905 [3]=1341 [4]=1341 [5]=1341 [6]=1341 [7]=1341 [8]=1341 [9]=1341 [10]=1341 [11]=1341 [12]=1341 
key_index before (DPU 96) [0]=   0 [1]= 431 [2]= 893 [3]=1302 [4]=1302 [5]=1302 [6]=1302 [7]=1302 [8]=1302 [9]=1302 [10]=1302 [11]=1302 [12]=1302 
key_index before (DPU 97) [0]=   0 [1]= 421 [2]= 845 [3]=1308 [4]=1308 [5]=1308 [6]=1308 [7]=1308 [8]=1308 [9]=1308 [10]=1308 [11]=1308 [12]=1308 
key_index before (DPU 98) [0]=   0 [1]= 419 [2]= 823 [3]=1246 [4]=1246 [5]=1246 [6]=1246 [7]=1246 [8]=1246 [9]=1246 [10]=1246 [11]=1246 [12]=1246 
key_index before (DPU 99) [0]=   0 [1]= 414 [2]= 841 [3]=1245 [4]=1245 [5]=1245 [6]=1245 [7]=1245 [8]=1245 [9]=1245 [10]=1245 [11]=1245 [12]=1245 
key_index before (DPU 100) [0]=   0 [1]= 366 [2]= 755 [3]=1181 [4]=1181 [5]=1181 [6]=1181 [7]=1181 [8]=1181 [9]=1181 [10]=1181 [11]=1181 [12]=1181 
key_index before (DPU 101) [0]=   0 [1]= 424 [2]= 819 [3]=1213 [4]=1213 [5]=1213 [6]=1213 [7]=1213 [8]=1213 [9]=1213 [10]=1213 [11]=1213 [12]=1213 
key_index before (DPU 102) [0]=   0 [1]= 405 [2]= 770 [3]=1134 [4]=1134 [5]=1134 [6]=1134 [7]=1134 [8]=1134 [9]=1134 [10]=1134 [11]=1134 [12]=1134 
key_index before (DPU 103) [0]=   0 [1]= 380 [2]= 762 [3]=1143 [4]=1143 [5]=1143 [6]=1143 [7]=1143 [8]=1143 [9]=1143 [10]=1143 [11]=1143 [12]=1143 
key_index before (DPU 104) [0]=   0 [1]= 396 [2]= 777 [3]=1167 [4]=1167 [5]=1167 [6]=1167 [7]=1167 [8]=1167 [9]=1167 [10]=1167 [11]=1167 [12]=1167 
key_index before (DPU 105) [0]=   0 [1]= 382 [2]= 753 [3]=1137 [4]=1137 [5]=1137 [6]=1137 [7]=1137 [8]=1137 [9]=1137 [10]=1137 [11]=1137 [12]=1137 
key_index before (DPU 106) [0]=   0 [1]= 376 [2]= 727 [3]=1132 [4]=1132 [5]=1132 [6]=1132 [7]=1132 [8]=1132 [9]=1132 [10]=1132 [11]=1132 [12]=1132 
key_index before (DPU 107) [0]=   0 [1]= 399 [2]= 739 [3]=1119 [4]=1119 [5]=1119 [6]=1119 [7]=1119 [8]=1119 [9]=1119 [10]=1119 [11]=1119 [12]=1119 
key_index before (DPU 108) [0]=   0 [1]= 364 [2]= 710 [3]=1041 [4]=1041 [5]=1041 [6]=1041 [7]=1041 [8]=1041 [9]=1041 [10]=1041 [11]=1041 [12]=1041 
key_index before (DPU 109) [0]=   0 [1]= 396 [2]= 764 [3]=1124 [4]=1124 [5]=1124 [6]=1124 [7]=1124 [8]=1124 [9]=1124 [10]=1124 [11]=1124 [12]=1124 
key_index before (DPU 110) [0]=   0 [1]= 374 [2]= 741 [3]=1090 [4]=1090 [5]=1090 [6]=1090 [7]=1090 [8]=1090 [9]=1090 [10]=1090 [11]=1090 [12]=1090 
key_index before (DPU 111) [0]=   0 [1]= 371 [2]= 734 [3]=1123 [4]=1123 [5]=1123 [6]=1123 [7]=1123 [8]=1123 [9]=1123 [10]=1123 [11]=1123 [12]=1123 
key_index before (DPU 112) [0]=   0 [1]= 353 [2]= 716 [3]=1092 [4]=1092 [5]=1092 [6]=1092 [7]=1092 [8]=1092 [9]=1092 [10]=1092 [11]=1092 [12]=1092 
key_index before (DPU 113) [0]=   0 [1]= 339 [2]= 726 [3]=1071 [4]=1071 [5]=1071 [6]=1071 [7]=1071 [8]=1071 [9]=1071 [10]=1071 [11]=1071 [12]=1071 
key_index before (DPU 114) [0]=   0 [1]= 351 [2]= 704 [3]=1040 [4]=1040 [5]=1040 [6]=1040 [7]=1040 [8]=1040 [9]=1040 [10]=1040 [11]=1040 [12]=1040 
key_index before (DPU 115) [0]=   0 [1]= 324 [2]= 638 [3]=1022 [4]=1022 [5]=1022 [6]=1022 [7]=1022 [8]=1022 [9]=1022 [10]=1022 [11]=1022 [12]=1022 
key_index before (DPU 116) [0]=   0 [1]= 362 [2]= 737 [3]=1106 [4]=1106 [5]=1106 [6]=1106 [7]=1106 [8]=1106 [9]=1106 [10]=1106 [11]=1106 [12]=1106 
key_index before (DPU 117) [0]=   0 [1]= 343 [2]= 692 [3]=1054 [4]=1054 [5]=1054 [6]=1054 [7]=1054 [8]=1054 [9]=1054 [10]=1054 [11]=1054 [12]=1054 
key_index before (DPU 118) [0]=   0 [1]= 365 [2]= 715 [3]=1031 [4]=1031 [5]=1031 [6]=1031 [7]=1031 [8]=1031 [9]=1031 [10]=1031 [11]=1031 [12]=1031 
key_index before (DPU 119) [0]=   0 [1]= 362 [2]= 702 [3]=1050 [4]=1050 [5]=1050 [6]=1050 [7]=1050 [8]=1050 [9]=1050 [10]=1050 [11]=1050 [12]=1050 
key_index before (DPU 120) [0]=   0 [1]= 322 [2]= 641 [3]= 966 [4]= 966 [5]= 966 [6]= 966 [7]= 966 [8]= 966 [9]= 966 [10]= 966 [11]= 966 [12]= 966 
key_index before (DPU 121) [0]=   0 [1]= 328 [2]= 652 [3]= 995 [4]= 995 [5]= 995 [6]= 995 [7]= 995 [8]= 995 [9]= 995 [10]= 995 [11]= 995 [12]= 995 
key_index before (DPU 122) [0]=   0 [1]= 305 [2]= 641 [3]= 991 [4]= 991 [5]= 991 [6]= 991 [7]= 991 [8]= 991 [9]= 991 [10]= 991 [11]= 991 [12]= 991 
key_index before (DPU 123) [0]=   0 [1]= 355 [2]= 663 [3]= 994 [4]= 994 [5]= 994 [6]= 994 [7]= 994 [8]= 994 [9]= 994 [10]= 994 [11]= 994 [12]= 994 
key_index before (DPU 124) [0]=   0 [1]= 347 [2]= 667 [3]= 992 [4]= 992 [5]= 992 [6]= 992 [7]= 992 [8]= 992 [9]= 992 [10]= 992 [11]= 992 [12]= 992 
key_index before (DPU 125) [0]=   0 [1]= 311 [2]= 619 [3]= 958 [4]= 958 [5]= 958 [6]= 958 [7]= 958 [8]= 958 [9]= 958 [10]= 958 [11]= 958 [12]= 958 
key_index before (DPU 126) [0]=   0 [1]= 346 [2]= 657 [3]=1010 [4]=1010 [5]=1010 [6]=1010 [7]=1010 [8]=1010 [9]=1010 [10]=1010 [11]=1010 [12]=1010 
key_index before (DPU 127) [0]=   0 [1]= 308 [2]= 612 [3]= 930 [4]= 930 [5]= 930 [6]= 930 [7]= 930 [8]= 930 [9]= 930 [10]= 930 [11]= 930 [12]= 930 
key_index before (DPU 128) [0]=   0 [1]= 324 [2]= 633 [3]= 936 [4]= 936 [5]= 936 [6]= 936 [7]= 936 [8]= 936 [9]= 936 [10]= 936 [11]= 936 [12]= 936 
key_index before (DPU 129) [0]=   0 [1]= 324 [2]= 628 [3]= 933 [4]= 933 [5]= 933 [6]= 933 [7]= 933 [8]= 933 [9]= 933 [10]= 933 [11]= 933 [12]= 933 
key_index before (DPU 130) [0]=   0 [1]= 296 [2]= 646 [3]= 956 [4]= 956 [5]= 956 [6]= 956 [7]= 956 [8]= 956 [9]= 956 [10]= 956 [11]= 956 [12]= 956 
key_index before (DPU 131) [0]=   0 [1]= 326 [2]= 597 [3]= 916 [4]= 916 [5]= 916 [6]= 916 [7]= 916 [8]= 916 [9]= 916 [10]= 916 [11]= 916 [12]= 916 
key_index before (DPU 132) [0]=   0 [1]= 326 [2]= 623 [3]= 935 [4]= 935 [5]= 935 [6]= 935 [7]= 935 [8]= 935 [9]= 935 [10]= 935 [11]= 935 [12]= 935 
key_index before (DPU 133) [0]=   0 [1]= 314 [2]= 628 [3]= 915 [4]= 915 [5]= 915 [6]= 915 [7]= 915 [8]= 915 [9]= 915 [10]= 915 [11]= 915 [12]= 915 
key_index before (DPU 134) [0]=   0 [1]= 286 [2]= 589 [3]= 898 [4]= 898 [5]= 898 [6]= 898 [7]= 898 [8]= 898 [9]= 898 [10]= 898 [11]= 898 [12]= 898 
key_index before (DPU 135) [0]=   0 [1]= 279 [2]= 619 [3]= 907 [4]= 907 [5]= 907 [6]= 907 [7]= 907 [8]= 907 [9]= 907 [10]= 907 [11]= 907 [12]= 907 
key_index before (DPU 136) [0]=   0 [1]= 307 [2]= 602 [3]= 909 [4]= 909 [5]= 909 [6]= 909 [7]= 909 [8]= 909 [9]= 909 [10]= 909 [11]= 909 [12]= 909 
key_index before (DPU 137) [0]=   0 [1]= 273 [2]= 579 [3]= 868 [4]= 868 [5]= 868 [6]= 868 [7]= 868 [8]= 868 [9]= 868 [10]= 868 [11]= 868 [12]= 868 
key_index before (DPU 138) [0]=   0 [1]= 307 [2]= 591 [3]= 883 [4]= 883 [5]= 883 [6]= 883 [7]= 883 [8]= 883 [9]= 883 [10]= 883 [11]= 883 [12]= 883 
key_index before (DPU 139) [0]=   0 [1]= 305 [2]= 618 [3]= 911 [4]= 911 [5]= 911 [6]= 911 [7]= 911 [8]= 911 [9]= 911 [10]= 911 [11]= 911 [12]= 911 
key_index before (DPU 140) [0]=   0 [1]= 263 [2]= 543 [3]= 835 [4]= 835 [5]= 835 [6]= 835 [7]= 835 [8]= 835 [9]= 835 [10]= 835 [11]= 835 [12]= 835 
key_index before (DPU 141) [0]=   0 [1]= 314 [2]= 590 [3]= 867 [4]= 867 [5]= 867 [6]= 867 [7]= 867 [8]= 867 [9]= 867 [10]= 867 [11]= 867 [12]= 867 
key_index before (DPU 142) [0]=   0 [1]= 308 [2]= 592 [3]= 858 [4]= 858 [5]= 858 [6]= 858 [7]= 858 [8]= 858 [9]= 858 [10]= 858 [11]= 858 [12]= 858 
key_index before (DPU 143) [0]=   0 [1]= 255 [2]= 546 [3]= 859 [4]= 859 [5]= 859 [6]= 859 [7]= 859 [8]= 859 [9]= 859 [10]= 859 [11]= 859 [12]= 859 
key_index before (DPU 144) [0]=   0 [1]= 283 [2]= 563 [3]= 841 [4]= 841 [5]= 841 [6]= 841 [7]= 841 [8]= 841 [9]= 841 [10]= 841 [11]= 841 [12]= 841 
key_index before (DPU 145) [0]=   0 [1]= 300 [2]= 576 [3]= 835 [4]= 835 [5]= 835 [6]= 835 [7]= 835 [8]= 835 [9]= 835 [10]= 835 [11]= 835 [12]= 835 
key_index before (DPU 146) [0]=   0 [1]= 280 [2]= 571 [3]= 869 [4]= 869 [5]= 869 [6]= 869 [7]= 869 [8]= 869 [9]= 869 [10]= 869 [11]= 869 [12]= 869 
key_index before (DPU 147) [0]=   0 [1]= 251 [2]= 543 [3]= 822 [4]= 822 [5]= 822 [6]= 822 [7]= 822 [8]= 822 [9]= 822 [10]= 822 [11]= 822 [12]= 822 
key_index before (DPU 148) [0]=   0 [1]= 263 [2]= 513 [3]= 787 [4]= 787 [5]= 787 [6]= 787 [7]= 787 [8]= 787 [9]= 787 [10]= 787 [11]= 787 [12]= 787 
key_index before (DPU 149) [0]=   0 [1]= 292 [2]= 579 [3]= 837 [4]= 837 [5]= 837 [6]= 837 [7]= 837 [8]= 837 [9]= 837 [10]= 837 [11]= 837 [12]= 837 
key_index before (DPU 150) [0]=   0 [1]= 285 [2]= 560 [3]= 810 [4]= 810 [5]= 810 [6]= 810 [7]= 810 [8]= 810 [9]= 810 [10]= 810 [11]= 810 [12]= 810 
key_index before (DPU 151) [0]=   0 [1]= 233 [2]= 527 [3]= 782 [4]= 782 [5]= 782 [6]= 782 [7]= 782 [8]= 782 [9]= 782 [10]= 782 [11]= 782 [12]= 782 
key_index before (DPU 152) [0]=   0 [1]= 290 [2]= 549 [3]= 813 [4]= 813 [5]= 813 [6]= 813 [7]= 813 [8]= 813 [9]= 813 [10]= 813 [11]= 813 [12]= 813 
key_index before (DPU 153) [0]=   0 [1]= 271 [2]= 560 [3]= 822 [4]= 822 [5]= 822 [6]= 822 [7]= 822 [8]= 822 [9]= 822 [10]= 822 [11]= 822 [12]= 822 
key_index before (DPU 154) [0]=   0 [1]= 262 [2]= 535 [3]= 796 [4]= 796 [5]= 796 [6]= 796 [7]= 796 [8]= 796 [9]= 796 [10]= 796 [11]= 796 [12]= 796 
key_index before (DPU 155) [0]=   0 [1]= 254 [2]= 530 [3]= 775 [4]= 775 [5]= 775 [6]= 775 [7]= 775 [8]= 775 [9]= 775 [10]= 775 [11]= 775 [12]= 775 
key_index before (DPU 156) [0]=   0 [1]= 285 [2]= 534 [3]= 780 [4]= 780 [5]= 780 [6]= 780 [7]= 780 [8]= 780 [9]= 780 [10]= 780 [11]= 780 [12]= 780 
key_index before (DPU 157) [0]=   0 [1]= 248 [2]= 526 [3]= 831 [4]= 831 [5]= 831 [6]= 831 [7]= 831 [8]= 831 [9]= 831 [10]= 831 [11]= 831 [12]= 831 
key_index before (DPU 158) [0]=   0 [1]= 273 [2]= 539 [3]= 783 [4]= 783 [5]= 783 [6]= 783 [7]= 783 [8]= 783 [9]= 783 [10]= 783 [11]= 783 [12]= 783 
key_index before (DPU 159) [0]=   0 [1]= 251 [2]= 523 [3]= 786 [4]= 786 [5]= 786 [6]= 786 [7]= 786 [8]= 786 [9]= 786 [10]= 786 [11]= 786 [12]= 786 
key_index before (DPU 160) [0]=   0 [1]= 212 [2]= 456 [3]= 700 [4]= 700 [5]= 700 [6]= 700 [7]= 700 [8]= 700 [9]= 700 [10]= 700 [11]= 700 [12]= 700 
key_index before (DPU 161) [0]=   0 [1]= 268 [2]= 511 [3]= 763 [4]= 763 [5]= 763 [6]= 763 [7]= 763 [8]= 763 [9]= 763 [10]= 763 [11]= 763 [12]= 763 
key_index before (DPU 162) [0]=   0 [1]= 254 [2]= 509 [3]= 761 [4]= 761 [5]= 761 [6]= 761 [7]= 761 [8]= 761 [9]= 761 [10]= 761 [11]= 761 [12]= 761 
key_index before (DPU 163) [0]=   0 [1]= 261 [2]= 512 [3]= 777 [4]= 777 [5]= 777 [6]= 777 [7]= 777 [8]= 777 [9]= 777 [10]= 777 [11]= 777 [12]= 777 
key_index before (DPU 164) [0]=   0 [1]= 235 [2]= 457 [3]= 701 [4]= 701 [5]= 701 [6]= 701 [7]= 701 [8]= 701 [9]= 701 [10]= 701 [11]= 701 [12]= 701 
key_index before (DPU 165) [0]=   0 [1]= 229 [2]= 475 [3]= 729 [4]= 729 [5]= 729 [6]= 729 [7]= 729 [8]= 729 [9]= 729 [10]= 729 [11]= 729 [12]= 729 
key_index before (DPU 166) [0]=   0 [1]= 255 [2]= 526 [3]= 763 [4]= 763 [5]= 763 [6]= 763 [7]= 763 [8]= 763 [9]= 763 [10]= 763 [11]= 763 [12]= 763 
key_index before (DPU 167) [0]=   0 [1]= 259 [2]= 474 [3]= 720 [4]= 720 [5]= 720 [6]= 720 [7]= 720 [8]= 720 [9]= 720 [10]= 720 [11]= 720 [12]= 720 
key_index before (DPU 168) [0]=   0 [1]= 260 [2]= 526 [3]= 797 [4]= 797 [5]= 797 [6]= 797 [7]= 797 [8]= 797 [9]= 797 [10]= 797 [11]= 797 [12]= 797 
key_index before (DPU 169) [0]=   0 [1]= 265 [2]= 482 [3]= 693 [4]= 693 [5]= 693 [6]= 693 [7]= 693 [8]= 693 [9]= 693 [10]= 693 [11]= 693 [12]= 693 
key_index before (DPU 170) [0]=   0 [1]= 266 [2]= 465 [3]= 718 [4]= 718 [5]= 718 [6]= 718 [7]= 718 [8]= 718 [9]= 718 [10]= 718 [11]= 718 [12]= 718 
key_index before (DPU 171) [0]=   0 [1]= 225 [2]= 499 [3]= 739 [4]= 739 [5]= 739 [6]= 739 [7]= 739 [8]= 739 [9]= 739 [10]= 739 [11]= 739 [12]= 739 
key_index before (DPU 172) [0]=   0 [1]= 220 [2]= 455 [3]= 670 [4]= 670 [5]= 670 [6]= 670 [7]= 670 [8]= 670 [9]= 670 [10]= 670 [11]= 670 [12]= 670 
key_index before (DPU 173) [0]=   0 [1]= 248 [2]= 472 [3]= 683 [4]= 683 [5]= 683 [6]= 683 [7]= 683 [8]= 683 [9]= 683 [10]= 683 [11]= 683 [12]= 683 
key_index before (DPU 174) [0]=   0 [1]= 215 [2]= 428 [3]= 641 [4]= 641 [5]= 641 [6]= 641 [7]= 641 [8]= 641 [9]= 641 [10]= 641 [11]= 641 [12]= 641 
key_index before (DPU 175) [0]=   0 [1]= 231 [2]= 441 [3]= 693 [4]= 693 [5]= 693 [6]= 693 [7]= 693 [8]= 693 [9]= 693 [10]= 693 [11]= 693 [12]= 693 
key_index before (DPU 176) [0]=   0 [1]= 240 [2]= 458 [3]= 685 [4]= 685 [5]= 685 [6]= 685 [7]= 685 [8]= 685 [9]= 685 [10]= 685 [11]= 685 [12]= 685 
key_index before (DPU 177) [0]=   0 [1]= 223 [2]= 454 [3]= 663 [4]= 663 [5]= 663 [6]= 663 [7]= 663 [8]= 663 [9]= 663 [10]= 663 [11]= 663 [12]= 663 
key_index before (DPU 178) [0]=   0 [1]= 238 [2]= 455 [3]= 673 [4]= 673 [5]= 673 [6]= 673 [7]= 673 [8]= 673 [9]= 673 [10]= 673 [11]= 673 [12]= 673 
key_index before (DPU 179) [0]=   0 [1]= 239 [2]= 456 [3]= 688 [4]= 688 [5]= 688 [6]= 688 [7]= 688 [8]= 688 [9]= 688 [10]= 688 [11]= 688 [12]= 688 
key_index before (DPU 180) [0]=   0 [1]= 248 [2]= 463 [3]= 691 [4]= 691 [5]= 691 [6]= 691 [7]= 691 [8]= 691 [9]= 691 [10]= 691 [11]= 691 [12]= 691 
key_index before (DPU 181) [0]=   0 [1]= 231 [2]= 438 [3]= 660 [4]= 660 [5]= 660 [6]= 660 [7]= 660 [8]= 660 [9]= 660 [10]= 660 [11]= 660 [12]= 660 
key_index before (DPU 182) [0]=   0 [1]= 214 [2]= 426 [3]= 634 [4]= 634 [5]= 634 [6]= 634 [7]= 634 [8]= 634 [9]= 634 [10]= 634 [11]= 634 [12]= 634 
key_index before (DPU 183) [0]=   0 [1]= 244 [2]= 462 [3]= 675 [4]= 675 [5]= 675 [6]= 675 [7]= 675 [8]= 675 [9]= 675 [10]= 675 [11]= 675 [12]= 675 
key_index before (DPU 184) [0]=   0 [1]= 218 [2]= 437 [3]= 673 [4]= 673 [5]= 673 [6]= 673 [7]= 673 [8]= 673 [9]= 673 [10]= 673 [11]= 673 [12]= 673 
key_index before (DPU 185) [0]=   0 [1]= 251 [2]= 473 [3]= 684 [4]= 684 [5]= 684 [6]= 684 [7]= 684 [8]= 684 [9]= 684 [10]= 684 [11]= 684 [12]= 684 
key_index before (DPU 186) [0]=   0 [1]= 241 [2]= 456 [3]= 666 [4]= 666 [5]= 666 [6]= 666 [7]= 666 [8]= 666 [9]= 666 [10]= 666 [11]= 666 [12]= 666 
key_index before (DPU 187) [0]=   0 [1]= 205 [2]= 390 [3]= 617 [4]= 617 [5]= 617 [6]= 617 [7]= 617 [8]= 617 [9]= 617 [10]= 617 [11]= 617 [12]= 617 
key_index before (DPU 188) [0]=   0 [1]= 203 [2]= 397 [3]= 614 [4]= 614 [5]= 614 [6]= 614 [7]= 614 [8]= 614 [9]= 614 [10]= 614 [11]= 614 [12]= 614 
key_index before (DPU 189) [0]=   0 [1]= 244 [2]= 449 [3]= 655 [4]= 655 [5]= 655 [6]= 655 [7]= 655 [8]= 655 [9]= 655 [10]= 655 [11]= 655 [12]= 655 
key_index before (DPU 190) [0]=   0 [1]= 215 [2]= 440 [3]= 650 [4]= 650 [5]= 650 [6]= 650 [7]= 650 [8]= 650 [9]= 650 [10]= 650 [11]= 650 [12]= 650 
key_index before (DPU 191) [0]=   0 [1]= 200 [2]= 418 [3]= 642 [4]= 642 [5]= 642 [6]= 642 [7]= 642 [8]= 642 [9]= 642 [10]= 642 [11]= 642 [12]= 642 
key_index before (DPU 192) [0]=   0 [1]= 231 [2]= 435 [3]= 652 [4]= 652 [5]= 652 [6]= 652 [7]= 652 [8]= 652 [9]= 652 [10]= 652 [11]= 652 [12]= 652 
key_index before (DPU 193) [0]=   0 [1]= 185 [2]= 420 [3]= 612 [4]= 612 [5]= 612 [6]= 612 [7]= 612 [8]= 612 [9]= 612 [10]= 612 [11]= 612 [12]= 612 
key_index before (DPU 194) [0]=   0 [1]= 218 [2]= 433 [3]= 649 [4]= 649 [5]= 649 [6]= 649 [7]= 649 [8]= 649 [9]= 649 [10]= 649 [11]= 649 [12]= 649 
key_index before (DPU 195) [0]=   0 [1]= 213 [2]= 422 [3]= 615 [4]= 615 [5]= 615 [6]= 615 [7]= 615 [8]= 615 [9]= 615 [10]= 615 [11]= 615 [12]= 615 
key_index before (DPU 196) [0]=   0 [1]= 217 [2]= 426 [3]= 620 [4]= 620 [5]= 620 [6]= 620 [7]= 620 [8]= 620 [9]= 620 [10]= 620 [11]= 620 [12]= 620 
key_index before (DPU 197) [0]=   0 [1]= 202 [2]= 410 [3]= 609 [4]= 609 [5]= 609 [6]= 609 [7]= 609 [8]= 609 [9]= 609 [10]= 609 [11]= 609 [12]= 609 
key_index before (DPU 198) [0]=   0 [1]= 195 [2]= 373 [3]= 571 [4]= 571 [5]= 571 [6]= 571 [7]= 571 [8]= 571 [9]= 571 [10]= 571 [11]= 571 [12]= 571 
key_index before (DPU 199) [0]=   0 [1]= 195 [2]= 374 [3]= 584 [4]= 584 [5]= 584 [6]= 584 [7]= 584 [8]= 584 [9]= 584 [10]= 584 [11]= 584 [12]= 584 
key_index before (DPU 200) [0]=   0 [1]= 190 [2]= 387 [3]= 585 [4]= 585 [5]= 585 [6]= 585 [7]= 585 [8]= 585 [9]= 585 [10]= 585 [11]= 585 [12]= 585 
key_index before (DPU 201) [0]=   0 [1]= 181 [2]= 388 [3]= 591 [4]= 591 [5]= 591 [6]= 591 [7]= 591 [8]= 591 [9]= 591 [10]= 591 [11]= 591 [12]= 591 
key_index before (DPU 202) [0]=   0 [1]= 207 [2]= 401 [3]= 611 [4]= 611 [5]= 611 [6]= 611 [7]= 611 [8]= 611 [9]= 611 [10]= 611 [11]= 611 [12]= 611 
key_index before (DPU 203) [0]=   0 [1]= 212 [2]= 411 [3]= 615 [4]= 615 [5]= 615 [6]= 615 [7]= 615 [8]= 615 [9]= 615 [10]= 615 [11]= 615 [12]= 615 
key_index before (DPU 204) [0]=   0 [1]= 181 [2]= 371 [3]= 584 [4]= 584 [5]= 584 [6]= 584 [7]= 584 [8]= 584 [9]= 584 [10]= 584 [11]= 584 [12]= 584 
key_index before (DPU 205) [0]=   0 [1]= 209 [2]= 404 [3]= 637 [4]= 637 [5]= 637 [6]= 637 [7]= 637 [8]= 637 [9]= 637 [10]= 637 [11]= 637 [12]= 637 
key_index before (DPU 206) [0]=   0 [1]= 214 [2]= 422 [3]= 599 [4]= 599 [5]= 599 [6]= 599 [7]= 599 [8]= 599 [9]= 599 [10]= 599 [11]= 599 [12]= 599 
key_index before (DPU 207) [0]=   0 [1]= 205 [2]= 407 [3]= 614 [4]= 614 [5]= 614 [6]= 614 [7]= 614 [8]= 614 [9]= 614 [10]= 614 [11]= 614 [12]= 614 
key_index before (DPU 208) [0]=   0 [1]= 183 [2]= 364 [3]= 560 [4]= 560 [5]= 560 [6]= 560 [7]= 560 [8]= 560 [9]= 560 [10]= 560 [11]= 560 [12]= 560 
key_index before (DPU 209) [0]=   0 [1]= 216 [2]= 435 [3]= 612 [4]= 612 [5]= 612 [6]= 612 [7]= 612 [8]= 612 [9]= 612 [10]= 612 [11]= 612 [12]= 612 
key_index before (DPU 210) [0]=   0 [1]= 204 [2]= 378 [3]= 547 [4]= 547 [5]= 547 [6]= 547 [7]= 547 [8]= 547 [9]= 547 [10]= 547 [11]= 547 [12]= 547 
key_index before (DPU 211) [0]=   0 [1]= 151 [2]= 335 [3]= 527 [4]= 527 [5]= 527 [6]= 527 [7]= 527 [8]= 527 [9]= 527 [10]= 527 [11]= 527 [12]= 527 
key_index before (DPU 212) [0]=   0 [1]= 180 [2]= 356 [3]= 549 [4]= 549 [5]= 549 [6]= 549 [7]= 549 [8]= 549 [9]= 549 [10]= 549 [11]= 549 [12]= 549 
key_index before (DPU 213) [0]=   0 [1]= 194 [2]= 387 [3]= 590 [4]= 590 [5]= 590 [6]= 590 [7]= 590 [8]= 590 [9]= 590 [10]= 590 [11]= 590 [12]= 590 
key_index before (DPU 214) [0]=   0 [1]= 178 [2]= 356 [3]= 515 [4]= 515 [5]= 515 [6]= 515 [7]= 515 [8]= 515 [9]= 515 [10]= 515 [11]= 515 [12]= 515 
key_index before (DPU 215) [0]=   0 [1]= 179 [2]= 373 [3]= 568 [4]= 568 [5]= 568 [6]= 568 [7]= 568 [8]= 568 [9]= 568 [10]= 568 [11]= 568 [12]= 568 
key_index before (DPU 216) [0]=   0 [1]= 175 [2]= 341 [3]= 506 [4]= 506 [5]= 506 [6]= 506 [7]= 506 [8]= 506 [9]= 506 [10]= 506 [11]= 506 [12]= 506 
key_index before (DPU 217) [0]=   0 [1]= 215 [2]= 416 [3]= 602 [4]= 602 [5]= 602 [6]= 602 [7]= 602 [8]= 602 [9]= 602 [10]= 602 [11]= 602 [12]= 602 
key_index before (DPU 218) [0]=   0 [1]= 194 [2]= 415 [3]= 614 [4]= 614 [5]= 614 [6]= 614 [7]= 614 [8]= 614 [9]= 614 [10]= 614 [11]= 614 [12]= 614 
key_index before (DPU 219) [0]=   0 [1]= 168 [2]= 332 [3]= 488 [4]= 488 [5]= 488 [6]= 488 [7]= 488 [8]= 488 [9]= 488 [10]= 488 [11]= 488 [12]= 488 
key_index before (DPU 220) [0]=   0 [1]= 173 [2]= 369 [3]= 546 [4]= 546 [5]= 546 [6]= 546 [7]= 546 [8]= 546 [9]= 546 [10]= 546 [11]= 546 [12]= 546 
key_index before (DPU 221) [0]=   0 [1]= 186 [2]= 362 [3]= 544 [4]= 544 [5]= 544 [6]= 544 [7]= 544 [8]= 544 [9]= 544 [10]= 544 [11]= 544 [12]= 544 
key_index before (DPU 222) [0]=   0 [1]= 176 [2]= 357 [3]= 549 [4]= 549 [5]= 549 [6]= 549 [7]= 549 [8]= 549 [9]= 549 [10]= 549 [11]= 549 [12]= 549 
key_index before (DPU 223) [0]=   0 [1]= 188 [2]= 400 [3]= 619 [4]= 619 [5]= 619 [6]= 619 [7]= 619 [8]= 619 [9]= 619 [10]= 619 [11]= 619 [12]= 619 
key_index before (DPU 224) [0]=   0 [1]= 195 [2]= 356 [3]= 515 [4]= 515 [5]= 515 [6]= 515 [7]= 515 [8]= 515 [9]= 515 [10]= 515 [11]= 515 [12]= 515 
key_index before (DPU 225) [0]=   0 [1]= 179 [2]= 348 [3]= 535 [4]= 535 [5]= 535 [6]= 535 [7]= 535 [8]= 535 [9]= 535 [10]= 535 [11]= 535 [12]= 535 
key_index before (DPU 226) [0]=   0 [1]= 206 [2]= 399 [3]= 583 [4]= 583 [5]= 583 [6]= 583 [7]= 583 [8]= 583 [9]= 583 [10]= 583 [11]= 583 [12]= 583 
key_index before (DPU 227) [0]=   0 [1]= 183 [2]= 344 [3]= 535 [4]= 535 [5]= 535 [6]= 535 [7]= 535 [8]= 535 [9]= 535 [10]= 535 [11]= 535 [12]= 535 
key_index before (DPU 228) [0]=   0 [1]= 181 [2]= 377 [3]= 572 [4]= 572 [5]= 572 [6]= 572 [7]= 572 [8]= 572 [9]= 572 [10]= 572 [11]= 572 [12]= 572 
key_index before (DPU 229) [0]=   0 [1]= 186 [2]= 332 [3]= 509 [4]= 509 [5]= 509 [6]= 509 [7]= 509 [8]= 509 [9]= 509 [10]= 509 [11]= 509 [12]= 509 
key_index before (DPU 230) [0]=   0 [1]= 194 [2]= 395 [3]= 577 [4]= 577 [5]= 577 [6]= 577 [7]= 577 [8]= 577 [9]= 577 [10]= 577 [11]= 577 [12]= 577 
key_index before (DPU 231) [0]=   0 [1]= 176 [2]= 347 [3]= 500 [4]= 500 [5]= 500 [6]= 500 [7]= 500 [8]= 500 [9]= 500 [10]= 500 [11]= 500 [12]= 500 
key_index before (DPU 232) [0]=   0 [1]= 165 [2]= 327 [3]= 521 [4]= 521 [5]= 521 [6]= 521 [7]= 521 [8]= 521 [9]= 521 [10]= 521 [11]= 521 [12]= 521 
key_index before (DPU 233) [0]=   0 [1]= 174 [2]= 332 [3]= 533 [4]= 533 [5]= 533 [6]= 533 [7]= 533 [8]= 533 [9]= 533 [10]= 533 [11]= 533 [12]= 533 
key_index before (DPU 234) [0]=   0 [1]= 161 [2]= 352 [3]= 524 [4]= 524 [5]= 524 [6]= 524 [7]= 524 [8]= 524 [9]= 524 [10]= 524 [11]= 524 [12]= 524 
key_index before (DPU 235) [0]=   0 [1]= 155 [2]= 333 [3]= 535 [4]= 535 [5]= 535 [6]= 535 [7]= 535 [8]= 535 [9]= 535 [10]= 535 [11]= 535 [12]= 535 
key_index before (DPU 236) [0]=   0 [1]= 174 [2]= 341 [3]= 487 [4]= 487 [5]= 487 [6]= 487 [7]= 487 [8]= 487 [9]= 487 [10]= 487 [11]= 487 [12]= 487 
key_index before (DPU 237) [0]=   0 [1]= 166 [2]= 332 [3]= 529 [4]= 529 [5]= 529 [6]= 529 [7]= 529 [8]= 529 [9]= 529 [10]= 529 [11]= 529 [12]= 529 
key_index before (DPU 238) [0]=   0 [1]= 144 [2]= 318 [3]= 481 [4]= 481 [5]= 481 [6]= 481 [7]= 481 [8]= 481 [9]= 481 [10]= 481 [11]= 481 [12]= 481 
key_index before (DPU 239) [0]=   0 [1]= 185 [2]= 374 [3]= 526 [4]= 526 [5]= 526 [6]= 526 [7]= 526 [8]= 526 [9]= 526 [10]= 526 [11]= 526 [12]= 526 
key_index before (DPU 240) [0]=   0 [1]= 164 [2]= 338 [3]= 485 [4]= 485 [5]= 485 [6]= 485 [7]= 485 [8]= 485 [9]= 485 [10]= 485 [11]= 485 [12]= 485 
key_index before (DPU 241) [0]=   0 [1]= 171 [2]= 341 [3]= 501 [4]= 501 [5]= 501 [6]= 501 [7]= 501 [8]= 501 [9]= 501 [10]= 501 [11]= 501 [12]= 501 
key_index before (DPU 242) [0]=   0 [1]= 157 [2]= 317 [3]= 493 [4]= 493 [5]= 493 [6]= 493 [7]= 493 [8]= 493 [9]= 493 [10]= 493 [11]= 493 [12]= 493 
key_index before (DPU 243) [0]=   0 [1]= 156 [2]= 320 [3]= 487 [4]= 487 [5]= 487 [6]= 487 [7]= 487 [8]= 487 [9]= 487 [10]= 487 [11]= 487 [12]= 487 
key_index before (DPU 244) [0]=   0 [1]= 172 [2]= 341 [3]= 502 [4]= 502 [5]= 502 [6]= 502 [7]= 502 [8]= 502 [9]= 502 [10]= 502 [11]= 502 [12]= 502 
key_index before (DPU 245) [0]=   0 [1]= 162 [2]= 307 [3]= 465 [4]= 465 [5]= 465 [6]= 465 [7]= 465 [8]= 465 [9]= 465 [10]= 465 [11]= 465 [12]= 465 
key_index before (DPU 246) [0]=   0 [1]= 159 [2]= 320 [3]= 482 [4]= 482 [5]= 482 [6]= 482 [7]= 482 [8]= 482 [9]= 482 [10]= 482 [11]= 482 [12]= 482 
key_index before (DPU 247) [0]=   0 [1]= 169 [2]= 350 [3]= 517 [4]= 517 [5]= 517 [6]= 517 [7]= 517 [8]= 517 [9]= 517 [10]= 517 [11]= 517 [12]= 517 
key_index before (DPU 248) [0]=   0 [1]= 165 [2]= 299 [3]= 447 [4]= 447 [5]= 447 [6]= 447 [7]= 447 [8]= 447 [9]= 447 [10]= 447 [11]= 447 [12]= 447 
key_index before (DPU 249) [0]=   0 [1]= 158 [2]= 333 [3]= 482 [4]= 482 [5]= 482 [6]= 482 [7]= 482 [8]= 482 [9]= 482 [10]= 482 [11]= 482 [12]= 482 
key_index before (DPU 250) [0]=   0 [1]= 140 [2]= 293 [3]= 443 [4]= 443 [5]= 443 [6]= 443 [7]= 443 [8]= 443 [9]= 443 [10]= 443 [11]= 443 [12]= 443 
key_index before (DPU 251) [0]=   0 [1]= 181 [2]= 348 [3]= 504 [4]= 504 [5]= 504 [6]= 504 [7]= 504 [8]= 504 [9]= 504 [10]= 504 [11]= 504 [12]= 504 
key_index before (DPU 252) [0]=   0 [1]= 157 [2]= 302 [3]= 452 [4]= 452 [5]= 452 [6]= 452 [7]= 452 [8]= 452 [9]= 452 [10]= 452 [11]= 452 [12]= 452 
key_index before (DPU 253) [0]=   0 [1]= 178 [2]= 342 [3]= 490 [4]= 490 [5]= 490 [6]= 490 [7]= 490 [8]= 490 [9]= 490 [10]= 490 [11]= 490 [12]= 490 
key_index before (DPU 254) [0]=   0 [1]= 177 [2]= 337 [3]= 479 [4]= 479 [5]= 479 [6]= 479 [7]= 479 [8]= 479 [9]= 479 [10]= 479 [11]= 479 [12]= 479 
key_index before (DPU 255) [0]=   0 [1]= 169 [2]= 329 [3]= 489 [4]= 489 [5]= 489 [6]= 489 [7]= 489 [8]= 489 [9]= 489 [10]= 489 [11]= 489 [12]= 489 
key_index before (DPU 256) [0]=   0 [1]= 152 [2]= 323 [3]= 485 [4]= 485 [5]= 485 [6]= 485 [7]= 485 [8]= 485 [9]= 485 [10]= 485 [11]= 485 [12]= 485 
key_index before (DPU 257) [0]=   0 [1]= 147 [2]= 294 [3]= 419 [4]= 419 [5]= 419 [6]= 419 [7]= 419 [8]= 419 [9]= 419 [10]= 419 [11]= 419 [12]= 419 
key_index before (DPU 258) [0]=   0 [1]= 155 [2]= 293 [3]= 443 [4]= 443 [5]= 443 [6]= 443 [7]= 443 [8]= 443 [9]= 443 [10]= 443 [11]= 443 [12]= 443 
key_index before (DPU 259) [0]=   0 [1]= 141 [2]= 295 [3]= 435 [4]= 435 [5]= 435 [6]= 435 [7]= 435 [8]= 435 [9]= 435 [10]= 435 [11]= 435 [12]= 435 
key_index before (DPU 260) [0]=   0 [1]= 165 [2]= 306 [3]= 441 [4]= 441 [5]= 441 [6]= 441 [7]= 441 [8]= 441 [9]= 441 [10]= 441 [11]= 441 [12]= 441 
key_index before (DPU 261) [0]=   0 [1]= 124 [2]= 240 [3]= 380 [4]= 380 [5]= 380 [6]= 380 [7]= 380 [8]= 380 [9]= 380 [10]= 380 [11]= 380 [12]= 380 
key_index before (DPU 262) [0]=   0 [1]= 149 [2]= 316 [3]= 478 [4]= 478 [5]= 478 [6]= 478 [7]= 478 [8]= 478 [9]= 478 [10]= 478 [11]= 478 [12]= 478 
key_index before (DPU 263) [0]=   0 [1]= 165 [2]= 332 [3]= 492 [4]= 492 [5]= 492 [6]= 492 [7]= 492 [8]= 492 [9]= 492 [10]= 492 [11]= 492 [12]= 492 
key_index before (DPU 264) [0]=   0 [1]= 148 [2]= 287 [3]= 432 [4]= 432 [5]= 432 [6]= 432 [7]= 432 [8]= 432 [9]= 432 [10]= 432 [11]= 432 [12]= 432 
key_index before (DPU 265) [0]=   0 [1]= 136 [2]= 292 [3]= 446 [4]= 446 [5]= 446 [6]= 446 [7]= 446 [8]= 446 [9]= 446 [10]= 446 [11]= 446 [12]= 446 
key_index before (DPU 266) [0]=   0 [1]= 151 [2]= 307 [3]= 471 [4]= 471 [5]= 471 [6]= 471 [7]= 471 [8]= 471 [9]= 471 [10]= 471 [11]= 471 [12]= 471 
key_index before (DPU 267) [0]=   0 [1]= 160 [2]= 303 [3]= 455 [4]= 455 [5]= 455 [6]= 455 [7]= 455 [8]= 455 [9]= 455 [10]= 455 [11]= 455 [12]= 455 
key_index before (DPU 268) [0]=   0 [1]= 147 [2]= 291 [3]= 431 [4]= 431 [5]= 431 [6]= 431 [7]= 431 [8]= 431 [9]= 431 [10]= 431 [11]= 431 [12]= 431 
key_index before (DPU 269) [0]=   0 [1]= 163 [2]= 317 [3]= 477 [4]= 477 [5]= 477 [6]= 477 [7]= 477 [8]= 477 [9]= 477 [10]= 477 [11]= 477 [12]= 477 
key_index before (DPU 270) [0]=   0 [1]= 156 [2]= 326 [3]= 480 [4]= 480 [5]= 480 [6]= 480 [7]= 480 [8]= 480 [9]= 480 [10]= 480 [11]= 480 [12]= 480 
key_index before (DPU 271) [0]=   0 [1]= 140 [2]= 289 [3]= 462 [4]= 462 [5]= 462 [6]= 462 [7]= 462 [8]= 462 [9]= 462 [10]= 462 [11]= 462 [12]= 462 
key_index before (DPU 272) [0]=   0 [1]= 139 [2]= 300 [3]= 435 [4]= 435 [5]= 435 [6]= 435 [7]= 435 [8]= 435 [9]= 435 [10]= 435 [11]= 435 [12]= 435 
key_index before (DPU 273) [0]=   0 [1]= 144 [2]= 293 [3]= 436 [4]= 436 [5]= 436 [6]= 436 [7]= 436 [8]= 436 [9]= 436 [10]= 436 [11]= 436 [12]= 436 
key_index before (DPU 274) [0]=   0 [1]= 171 [2]= 322 [3]= 481 [4]= 481 [5]= 481 [6]= 481 [7]= 481 [8]= 481 [9]= 481 [10]= 481 [11]= 481 [12]= 481 
key_index before (DPU 275) [0]=   0 [1]= 154 [2]= 285 [3]= 426 [4]= 426 [5]= 426 [6]= 426 [7]= 426 [8]= 426 [9]= 426 [10]= 426 [11]= 426 [12]= 426 
key_index before (DPU 276) [0]=   0 [1]= 143 [2]= 321 [3]= 475 [4]= 475 [5]= 475 [6]= 475 [7]= 475 [8]= 475 [9]= 475 [10]= 475 [11]= 475 [12]= 475 
key_index before (DPU 277) [0]=   0 [1]= 145 [2]= 295 [3]= 450 [4]= 450 [5]= 450 [6]= 450 [7]= 450 [8]= 450 [9]= 450 [10]= 450 [11]= 450 [12]= 450 
key_index before (DPU 278) [0]=   0 [1]= 130 [2]= 272 [3]= 419 [4]= 419 [5]= 419 [6]= 419 [7]= 419 [8]= 419 [9]= 419 [10]= 419 [11]= 419 [12]= 419 
key_index before (DPU 279) [0]=   0 [1]= 141 [2]= 294 [3]= 423 [4]= 423 [5]= 423 [6]= 423 [7]= 423 [8]= 423 [9]= 423 [10]= 423 [11]= 423 [12]= 423 
key_index before (DPU 280) [0]=   0 [1]= 170 [2]= 326 [3]= 494 [4]= 494 [5]= 494 [6]= 494 [7]= 494 [8]= 494 [9]= 494 [10]= 494 [11]= 494 [12]= 494 
key_index before (DPU 281) [0]=   0 [1]= 159 [2]= 296 [3]= 437 [4]= 437 [5]= 437 [6]= 437 [7]= 437 [8]= 437 [9]= 437 [10]= 437 [11]= 437 [12]= 437 
key_index before (DPU 282) [0]=   0 [1]= 143 [2]= 283 [3]= 411 [4]= 411 [5]= 411 [6]= 411 [7]= 411 [8]= 411 [9]= 411 [10]= 411 [11]= 411 [12]= 411 
key_index before (DPU 283) [0]=   0 [1]= 160 [2]= 301 [3]= 448 [4]= 448 [5]= 448 [6]= 448 [7]= 448 [8]= 448 [9]= 448 [10]= 448 [11]= 448 [12]= 448 
key_index before (DPU 284) [0]=   0 [1]= 125 [2]= 274 [3]= 411 [4]= 411 [5]= 411 [6]= 411 [7]= 411 [8]= 411 [9]= 411 [10]= 411 [11]= 411 [12]= 411 
key_index before (DPU 285) [0]=   0 [1]= 143 [2]= 285 [3]= 421 [4]= 421 [5]= 421 [6]= 421 [7]= 421 [8]= 421 [9]= 421 [10]= 421 [11]= 421 [12]= 421 
key_index before (DPU 286) [0]=   0 [1]= 161 [2]= 313 [3]= 455 [4]= 455 [5]= 455 [6]= 455 [7]= 455 [8]= 455 [9]= 455 [10]= 455 [11]= 455 [12]= 455 
key_index before (DPU 287) [0]=   0 [1]= 134 [2]= 256 [3]= 398 [4]= 398 [5]= 398 [6]= 398 [7]= 398 [8]= 398 [9]= 398 [10]= 398 [11]= 398 [12]= 398 
key_index before (DPU 288) [0]=   0 [1]= 148 [2]= 304 [3]= 441 [4]= 441 [5]= 441 [6]= 441 [7]= 441 [8]= 441 [9]= 441 [10]= 441 [11]= 441 [12]= 441 
key_index before (DPU 289) [0]=   0 [1]= 147 [2]= 289 [3]= 427 [4]= 427 [5]= 427 [6]= 427 [7]= 427 [8]= 427 [9]= 427 [10]= 427 [11]= 427 [12]= 427 
key_index before (DPU 290) [0]=   0 [1]= 127 [2]= 276 [3]= 423 [4]= 423 [5]= 423 [6]= 423 [7]= 423 [8]= 423 [9]= 423 [10]= 423 [11]= 423 [12]= 423 
key_index before (DPU 291) [0]=   0 [1]= 137 [2]= 275 [3]= 410 [4]= 410 [5]= 410 [6]= 410 [7]= 410 [8]= 410 [9]= 410 [10]= 410 [11]= 410 [12]= 410 
key_index before (DPU 292) [0]=   0 [1]= 133 [2]= 293 [3]= 434 [4]= 434 [5]= 434 [6]= 434 [7]= 434 [8]= 434 [9]= 434 [10]= 434 [11]= 434 [12]= 434 
key_index before (DPU 293) [0]=   0 [1]= 149 [2]= 289 [3]= 410 [4]= 410 [5]= 410 [6]= 410 [7]= 410 [8]= 410 [9]= 410 [10]= 410 [11]= 410 [12]= 410 
key_index before (DPU 294) [0]=   0 [1]= 134 [2]= 269 [3]= 399 [4]= 399 [5]= 399 [6]= 399 [7]= 399 [8]= 399 [9]= 399 [10]= 399 [11]= 399 [12]= 399 
key_index before (DPU 295) [0]=   0 [1]= 112 [2]= 250 [3]= 397 [4]= 397 [5]= 397 [6]= 397 [7]= 397 [8]= 397 [9]= 397 [10]= 397 [11]= 397 [12]= 397 
key_index before (DPU 296) [0]=   0 [1]= 138 [2]= 286 [3]= 441 [4]= 441 [5]= 441 [6]= 441 [7]= 441 [8]= 441 [9]= 441 [10]= 441 [11]= 441 [12]= 441 
key_index before (DPU 297) [0]=   0 [1]= 129 [2]= 267 [3]= 401 [4]= 401 [5]= 401 [6]= 401 [7]= 401 [8]= 401 [9]= 401 [10]= 401 [11]= 401 [12]= 401 
key_index before (DPU 298) [0]=   0 [1]= 136 [2]= 266 [3]= 388 [4]= 388 [5]= 388 [6]= 388 [7]= 388 [8]= 388 [9]= 388 [10]= 388 [11]= 388 [12]= 388 
key_index before (DPU 299) [0]=   0 [1]= 131 [2]= 278 [3]= 409 [4]= 409 [5]= 409 [6]= 409 [7]= 409 [8]= 409 [9]= 409 [10]= 409 [11]= 409 [12]= 409 
key_index before (DPU 300) [0]=   0 [1]= 134 [2]= 265 [3]= 392 [4]= 392 [5]= 392 [6]= 392 [7]= 392 [8]= 392 [9]= 392 [10]= 392 [11]= 392 [12]= 392 
key_index before (DPU 301) [0]=   0 [1]= 159 [2]= 294 [3]= 410 [4]= 410 [5]= 410 [6]= 410 [7]= 410 [8]= 410 [9]= 410 [10]= 410 [11]= 410 [12]= 410 
key_index before (DPU 302) [0]=   0 [1]= 144 [2]= 292 [3]= 404 [4]= 404 [5]= 404 [6]= 404 [7]= 404 [8]= 404 [9]= 404 [10]= 404 [11]= 404 [12]= 404 
key_index before (DPU 303) [0]=   0 [1]= 108 [2]= 232 [3]= 358 [4]= 358 [5]= 358 [6]= 358 [7]= 358 [8]= 358 [9]= 358 [10]= 358 [11]= 358 [12]= 358 
key_index before (DPU 304) [0]=   0 [1]= 136 [2]= 246 [3]= 374 [4]= 374 [5]= 374 [6]= 374 [7]= 374 [8]= 374 [9]= 374 [10]= 374 [11]= 374 [12]= 374 
key_index before (DPU 305) [0]=   0 [1]= 145 [2]= 272 [3]= 390 [4]= 390 [5]= 390 [6]= 390 [7]= 390 [8]= 390 [9]= 390 [10]= 390 [11]= 390 [12]= 390 
key_index before (DPU 306) [0]=   0 [1]= 129 [2]= 247 [3]= 377 [4]= 377 [5]= 377 [6]= 377 [7]= 377 [8]= 377 [9]= 377 [10]= 377 [11]= 377 [12]= 377 
key_index before (DPU 307) [0]=   0 [1]= 131 [2]= 275 [3]= 397 [4]= 397 [5]= 397 [6]= 397 [7]= 397 [8]= 397 [9]= 397 [10]= 397 [11]= 397 [12]= 397 
key_index before (DPU 308) [0]=   0 [1]= 103 [2]= 241 [3]= 364 [4]= 364 [5]= 364 [6]= 364 [7]= 364 [8]= 364 [9]= 364 [10]= 364 [11]= 364 [12]= 364 
key_index before (DPU 309) [0]=   0 [1]= 122 [2]= 276 [3]= 416 [4]= 416 [5]= 416 [6]= 416 [7]= 416 [8]= 416 [9]= 416 [10]= 416 [11]= 416 [12]= 416 
key_index before (DPU 310) [0]=   0 [1]= 121 [2]= 270 [3]= 390 [4]= 390 [5]= 390 [6]= 390 [7]= 390 [8]= 390 [9]= 390 [10]= 390 [11]= 390 [12]= 390 
key_index before (DPU 311) [0]=   0 [1]= 126 [2]= 260 [3]= 387 [4]= 387 [5]= 387 [6]= 387 [7]= 387 [8]= 387 [9]= 387 [10]= 387 [11]= 387 [12]= 387 
key_index before (DPU 312) [0]=   0 [1]= 137 [2]= 257 [3]= 397 [4]= 397 [5]= 397 [6]= 397 [7]= 397 [8]= 397 [9]= 397 [10]= 397 [11]= 397 [12]= 397 
key_index before (DPU 313) [0]=   0 [1]= 127 [2]= 278 [3]= 398 [4]= 398 [5]= 398 [6]= 398 [7]= 398 [8]= 398 [9]= 398 [10]= 398 [11]= 398 [12]= 398 
key_index before (DPU 314) [0]=   0 [1]= 148 [2]= 280 [3]= 404 [4]= 404 [5]= 404 [6]= 404 [7]= 404 [8]= 404 [9]= 404 [10]= 404 [11]= 404 [12]= 404 
key_index before (DPU 315) [0]=   0 [1]= 145 [2]= 278 [3]= 403 [4]= 403 [5]= 403 [6]= 403 [7]= 403 [8]= 403 [9]= 403 [10]= 403 [11]= 403 [12]= 403 
key_index before (DPU 316) [0]=   0 [1]= 118 [2]= 244 [3]= 375 [4]= 375 [5]= 375 [6]= 375 [7]= 375 [8]= 375 [9]= 375 [10]= 375 [11]= 375 [12]= 375 
key_index before (DPU 317) [0]=   0 [1]= 109 [2]= 249 [3]= 371 [4]= 371 [5]= 371 [6]= 371 [7]= 371 [8]= 371 [9]= 371 [10]= 371 [11]= 371 [12]= 371 
key_index before (DPU 318) [0]=   0 [1]= 124 [2]= 241 [3]= 358 [4]= 358 [5]= 358 [6]= 358 [7]= 358 [8]= 358 [9]= 358 [10]= 358 [11]= 358 [12]= 358 
key_index before (DPU 319) [0]=   0 [1]= 130 [2]= 247 [3]= 383 [4]= 383 [5]= 383 [6]= 383 [7]= 383 [8]= 383 [9]= 383 [10]= 383 [11]= 383 [12]= 383 
key_index before (DPU 320) [0]=   0 [1]= 139 [2]= 251 [3]= 374 [4]= 374 [5]= 374 [6]= 374 [7]= 374 [8]= 374 [9]= 374 [10]= 374 [11]= 374 [12]= 374 
key_index before (DPU 321) [0]=   0 [1]= 109 [2]= 245 [3]= 352 [4]= 352 [5]= 352 [6]= 352 [7]= 352 [8]= 352 [9]= 352 [10]= 352 [11]= 352 [12]= 352 
key_index before (DPU 322) [0]=   0 [1]= 121 [2]= 252 [3]= 377 [4]= 377 [5]= 377 [6]= 377 [7]= 377 [8]= 377 [9]= 377 [10]= 377 [11]= 377 [12]= 377 
key_index before (DPU 323) [0]=   0 [1]= 124 [2]= 262 [3]= 384 [4]= 384 [5]= 384 [6]= 384 [7]= 384 [8]= 384 [9]= 384 [10]= 384 [11]= 384 [12]= 384 
key_index before (DPU 324) [0]=   0 [1]= 128 [2]= 242 [3]= 353 [4]= 353 [5]= 353 [6]= 353 [7]= 353 [8]= 353 [9]= 353 [10]= 353 [11]= 353 [12]= 353 
key_index before (DPU 325) [0]=   0 [1]= 140 [2]= 286 [3]= 413 [4]= 413 [5]= 413 [6]= 413 [7]= 413 [8]= 413 [9]= 413 [10]= 413 [11]= 413 [12]= 413 
key_index before (DPU 326) [0]=   0 [1]= 140 [2]= 257 [3]= 363 [4]= 363 [5]= 363 [6]= 363 [7]= 363 [8]= 363 [9]= 363 [10]= 363 [11]= 363 [12]= 363 
key_index before (DPU 327) [0]=   0 [1]= 149 [2]= 285 [3]= 394 [4]= 394 [5]= 394 [6]= 394 [7]= 394 [8]= 394 [9]= 394 [10]= 394 [11]= 394 [12]= 394 
key_index before (DPU 328) [0]=   0 [1]= 137 [2]= 243 [3]= 375 [4]= 375 [5]= 375 [6]= 375 [7]= 375 [8]= 375 [9]= 375 [10]= 375 [11]= 375 [12]= 375 
key_index before (DPU 329) [0]=   0 [1]= 124 [2]= 257 [3]= 382 [4]= 382 [5]= 382 [6]= 382 [7]= 382 [8]= 382 [9]= 382 [10]= 382 [11]= 382 [12]= 382 
key_index before (DPU 330) [0]=   0 [1]= 120 [2]= 245 [3]= 380 [4]= 380 [5]= 380 [6]= 380 [7]= 380 [8]= 380 [9]= 380 [10]= 380 [11]= 380 [12]= 380 
key_index before (DPU 331) [0]=   0 [1]= 135 [2]= 244 [3]= 356 [4]= 356 [5]= 356 [6]= 356 [7]= 356 [8]= 356 [9]= 356 [10]= 356 [11]= 356 [12]= 356 
key_index before (DPU 332) [0]=   0 [1]= 148 [2]= 255 [3]= 380 [4]= 380 [5]= 380 [6]= 380 [7]= 380 [8]= 380 [9]= 380 [10]= 380 [11]= 380 [12]= 380 
key_index before (DPU 333) [0]=   0 [1]= 112 [2]= 230 [3]= 346 [4]= 346 [5]= 346 [6]= 346 [7]= 346 [8]= 346 [9]= 346 [10]= 346 [11]= 346 [12]= 346 
key_index before (DPU 334) [0]=   0 [1]= 108 [2]= 226 [3]= 359 [4]= 359 [5]= 359 [6]= 359 [7]= 359 [8]= 359 [9]= 359 [10]= 359 [11]= 359 [12]= 359 
key_index before (DPU 335) [0]=   0 [1]= 120 [2]= 246 [3]= 373 [4]= 373 [5]= 373 [6]= 373 [7]= 373 [8]= 373 [9]= 373 [10]= 373 [11]= 373 [12]= 373 
key_index before (DPU 336) [0]=   0 [1]= 125 [2]= 240 [3]= 351 [4]= 351 [5]= 351 [6]= 351 [7]= 351 [8]= 351 [9]= 351 [10]= 351 [11]= 351 [12]= 351 
key_index before (DPU 337) [0]=   0 [1]= 137 [2]= 256 [3]= 375 [4]= 375 [5]= 375 [6]= 375 [7]= 375 [8]= 375 [9]= 375 [10]= 375 [11]= 375 [12]= 375 
key_index before (DPU 338) [0]=   0 [1]= 134 [2]= 248 [3]= 374 [4]= 374 [5]= 374 [6]= 374 [7]= 374 [8]= 374 [9]= 374 [10]= 374 [11]= 374 [12]= 374 
key_index before (DPU 339) [0]=   0 [1]= 121 [2]= 236 [3]= 354 [4]= 354 [5]= 354 [6]= 354 [7]= 354 [8]= 354 [9]= 354 [10]= 354 [11]= 354 [12]= 354 
key_index before (DPU 340) [0]=   0 [1]= 125 [2]= 233 [3]= 346 [4]= 346 [5]= 346 [6]= 346 [7]= 346 [8]= 346 [9]= 346 [10]= 346 [11]= 346 [12]= 346 
key_index before (DPU 341) [0]=   0 [1]= 127 [2]= 242 [3]= 355 [4]= 355 [5]= 355 [6]= 355 [7]= 355 [8]= 355 [9]= 355 [10]= 355 [11]= 355 [12]= 355 
key_index before (DPU 342) [0]=   0 [1]= 106 [2]= 213 [3]= 338 [4]= 338 [5]= 338 [6]= 338 [7]= 338 [8]= 338 [9]= 338 [10]= 338 [11]= 338 [12]= 338 
key_index before (DPU 343) [0]=   0 [1]= 115 [2]= 248 [3]= 367 [4]= 367 [5]= 367 [6]= 367 [7]= 367 [8]= 367 [9]= 367 [10]= 367 [11]= 367 [12]= 367 
key_index before (DPU 344) [0]=   0 [1]= 126 [2]= 254 [3]= 386 [4]= 386 [5]= 386 [6]= 386 [7]= 386 [8]= 386 [9]= 386 [10]= 386 [11]= 386 [12]= 386 
key_index before (DPU 345) [0]=   0 [1]= 119 [2]= 215 [3]= 331 [4]= 331 [5]= 331 [6]= 331 [7]= 331 [8]= 331 [9]= 331 [10]= 331 [11]= 331 [12]= 331 
key_index before (DPU 346) [0]=   0 [1]= 134 [2]= 250 [3]= 364 [4]= 364 [5]= 364 [6]= 364 [7]= 364 [8]= 364 [9]= 364 [10]= 364 [11]= 364 [12]= 364 
key_index before (DPU 347) [0]=   0 [1]= 134 [2]= 244 [3]= 377 [4]= 377 [5]= 377 [6]= 377 [7]= 377 [8]= 377 [9]= 377 [10]= 377 [11]= 377 [12]= 377 
key_index before (DPU 348) [0]=   0 [1]= 143 [2]= 264 [3]= 391 [4]= 391 [5]= 391 [6]= 391 [7]= 391 [8]= 391 [9]= 391 [10]= 391 [11]= 391 [12]= 391 
key_index before (DPU 349) [0]=   0 [1]= 113 [2]= 208 [3]= 307 [4]= 307 [5]= 307 [6]= 307 [7]= 307 [8]= 307 [9]= 307 [10]= 307 [11]= 307 [12]= 307 
key_index before (DPU 350) [0]=   0 [1]= 105 [2]= 216 [3]= 329 [4]= 329 [5]= 329 [6]= 329 [7]= 329 [8]= 329 [9]= 329 [10]= 329 [11]= 329 [12]= 329 
key_index before (DPU 351) [0]=   0 [1]= 122 [2]= 233 [3]= 335 [4]= 335 [5]= 335 [6]= 335 [7]= 335 [8]= 335 [9]= 335 [10]= 335 [11]= 335 [12]= 335 
key_index before (DPU 352) [0]=   0 [1]= 122 [2]= 237 [3]= 350 [4]= 350 [5]= 350 [6]= 350 [7]= 350 [8]= 350 [9]= 350 [10]= 350 [11]= 350 [12]= 350 
key_index before (DPU 353) [0]=   0 [1]= 115 [2]= 219 [3]= 320 [4]= 320 [5]= 320 [6]= 320 [7]= 320 [8]= 320 [9]= 320 [10]= 320 [11]= 320 [12]= 320 
key_index before (DPU 354) [0]=   0 [1]= 121 [2]= 243 [3]= 342 [4]= 342 [5]= 342 [6]= 342 [7]= 342 [8]= 342 [9]= 342 [10]= 342 [11]= 342 [12]= 342 
key_index before (DPU 355) [0]=   0 [1]= 115 [2]= 231 [3]= 353 [4]= 353 [5]= 353 [6]= 353 [7]= 353 [8]= 353 [9]= 353 [10]= 353 [11]= 353 [12]= 353 
key_index before (DPU 356) [0]=   0 [1]= 124 [2]= 253 [3]= 347 [4]= 347 [5]= 347 [6]= 347 [7]= 347 [8]= 347 [9]= 347 [10]= 347 [11]= 347 [12]= 347 
key_index before (DPU 357) [0]=   0 [1]= 109 [2]= 217 [3]= 323 [4]= 323 [5]= 323 [6]= 323 [7]= 323 [8]= 323 [9]= 323 [10]= 323 [11]= 323 [12]= 323 
key_index before (DPU 358) [0]=   0 [1]= 128 [2]= 237 [3]= 334 [4]= 334 [5]= 334 [6]= 334 [7]= 334 [8]= 334 [9]= 334 [10]= 334 [11]= 334 [12]= 334 
key_index before (DPU 359) [0]=   0 [1]= 131 [2]= 212 [3]= 342 [4]= 342 [5]= 342 [6]= 342 [7]= 342 [8]= 342 [9]= 342 [10]= 342 [11]= 342 [12]= 342 
key_index before (DPU 360) [0]=   0 [1]= 111 [2]= 230 [3]= 339 [4]= 339 [5]= 339 [6]= 339 [7]= 339 [8]= 339 [9]= 339 [10]= 339 [11]= 339 [12]= 339 
key_index before (DPU 361) [0]=   0 [1]= 140 [2]= 237 [3]= 359 [4]= 359 [5]= 359 [6]= 359 [7]= 359 [8]= 359 [9]= 359 [10]= 359 [11]= 359 [12]= 359 
key_index before (DPU 362) [0]=   0 [1]= 120 [2]= 233 [3]= 342 [4]= 342 [5]= 342 [6]= 342 [7]= 342 [8]= 342 [9]= 342 [10]= 342 [11]= 342 [12]= 342 
key_index before (DPU 363) [0]=   0 [1]=  90 [2]= 193 [3]= 298 [4]= 298 [5]= 298 [6]= 298 [7]= 298 [8]= 298 [9]= 298 [10]= 298 [11]= 298 [12]= 298 
key_index before (DPU 364) [0]=   0 [1]= 126 [2]= 231 [3]= 362 [4]= 362 [5]= 362 [6]= 362 [7]= 362 [8]= 362 [9]= 362 [10]= 362 [11]= 362 [12]= 362 
key_index before (DPU 365) [0]=   0 [1]= 109 [2]= 228 [3]= 353 [4]= 353 [5]= 353 [6]= 353 [7]= 353 [8]= 353 [9]= 353 [10]= 353 [11]= 353 [12]= 353 
key_index before (DPU 366) [0]=   0 [1]= 102 [2]= 196 [3]= 310 [4]= 310 [5]= 310 [6]= 310 [7]= 310 [8]= 310 [9]= 310 [10]= 310 [11]= 310 [12]= 310 
key_index before (DPU 367) [0]=   0 [1]= 114 [2]= 230 [3]= 347 [4]= 347 [5]= 347 [6]= 347 [7]= 347 [8]= 347 [9]= 347 [10]= 347 [11]= 347 [12]= 347 
key_index before (DPU 368) [0]=   0 [1]= 115 [2]= 230 [3]= 342 [4]= 342 [5]= 342 [6]= 342 [7]= 342 [8]= 342 [9]= 342 [10]= 342 [11]= 342 [12]= 342 
key_index before (DPU 369) [0]=   0 [1]= 114 [2]= 226 [3]= 338 [4]= 338 [5]= 338 [6]= 338 [7]= 338 [8]= 338 [9]= 338 [10]= 338 [11]= 338 [12]= 338 
key_index before (DPU 370) [0]=   0 [1]= 115 [2]= 210 [3]= 315 [4]= 315 [5]= 315 [6]= 315 [7]= 315 [8]= 315 [9]= 315 [10]= 315 [11]= 315 [12]= 315 
key_index before (DPU 371) [0]=   0 [1]=  99 [2]= 202 [3]= 300 [4]= 300 [5]= 300 [6]= 300 [7]= 300 [8]= 300 [9]= 300 [10]= 300 [11]= 300 [12]= 300 
key_index before (DPU 372) [0]=   0 [1]= 120 [2]= 222 [3]= 323 [4]= 323 [5]= 323 [6]= 323 [7]= 323 [8]= 323 [9]= 323 [10]= 323 [11]= 323 [12]= 323 
key_index before (DPU 373) [0]=   0 [1]= 101 [2]= 205 [3]= 315 [4]= 315 [5]= 315 [6]= 315 [7]= 315 [8]= 315 [9]= 315 [10]= 315 [11]= 315 [12]= 315 
key_index before (DPU 374) [0]=   0 [1]= 112 [2]= 222 [3]= 333 [4]= 333 [5]= 333 [6]= 333 [7]= 333 [8]= 333 [9]= 333 [10]= 333 [11]= 333 [12]= 333 
key_index before (DPU 375) [0]=   0 [1]= 118 [2]= 235 [3]= 336 [4]= 336 [5]= 336 [6]= 336 [7]= 336 [8]= 336 [9]= 336 [10]= 336 [11]= 336 [12]= 336 
key_index before (DPU 376) [0]=   0 [1]= 102 [2]= 216 [3]= 323 [4]= 323 [5]= 323 [6]= 323 [7]= 323 [8]= 323 [9]= 323 [10]= 323 [11]= 323 [12]= 323 
key_index before (DPU 377) [0]=   0 [1]= 109 [2]= 203 [3]= 311 [4]= 311 [5]= 311 [6]= 311 [7]= 311 [8]= 311 [9]= 311 [10]= 311 [11]= 311 [12]= 311 
key_index before (DPU 378) [0]=   0 [1]= 106 [2]= 199 [3]= 312 [4]= 312 [5]= 312 [6]= 312 [7]= 312 [8]= 312 [9]= 312 [10]= 312 [11]= 312 [12]= 312 
key_index before (DPU 379) [0]=   0 [1]= 113 [2]= 218 [3]= 312 [4]= 312 [5]= 312 [6]= 312 [7]= 312 [8]= 312 [9]= 312 [10]= 312 [11]= 312 [12]= 312 
key_index before (DPU 380) [0]=   0 [1]= 124 [2]= 210 [3]= 300 [4]= 300 [5]= 300 [6]= 300 [7]= 300 [8]= 300 [9]= 300 [10]= 300 [11]= 300 [12]= 300 
key_index before (DPU 381) [0]=   0 [1]= 104 [2]= 200 [3]= 308 [4]= 308 [5]= 308 [6]= 308 [7]= 308 [8]= 308 [9]= 308 [10]= 308 [11]= 308 [12]= 308 
key_index before (DPU 382) [0]=   0 [1]= 109 [2]= 216 [3]= 323 [4]= 323 [5]= 323 [6]= 323 [7]= 323 [8]= 323 [9]= 323 [10]= 323 [11]= 323 [12]= 323 
key_index before (DPU 383) [0]=   0 [1]= 115 [2]= 186 [3]= 284 [4]= 284 [5]= 284 [6]= 284 [7]= 284 [8]= 284 [9]= 284 [10]= 284 [11]= 284 [12]= 284 
key_index before (DPU 384) [0]=   0 [1]= 111 [2]= 232 [3]= 344 [4]= 344 [5]= 344 [6]= 344 [7]= 344 [8]= 344 [9]= 344 [10]= 344 [11]= 344 [12]= 344 
key_index before (DPU 385) [0]=   0 [1]= 118 [2]= 238 [3]= 358 [4]= 358 [5]= 358 [6]= 358 [7]= 358 [8]= 358 [9]= 358 [10]= 358 [11]= 358 [12]= 358 
key_index before (DPU 386) [0]=   0 [1]= 108 [2]= 200 [3]= 327 [4]= 327 [5]= 327 [6]= 327 [7]= 327 [8]= 327 [9]= 327 [10]= 327 [11]= 327 [12]= 327 
key_index before (DPU 387) [0]=   0 [1]=  98 [2]= 194 [3]= 307 [4]= 307 [5]= 307 [6]= 307 [7]= 307 [8]= 307 [9]= 307 [10]= 307 [11]= 307 [12]= 307 
key_index before (DPU 388) [0]=   0 [1]=  94 [2]= 198 [3]= 286 [4]= 286 [5]= 286 [6]= 286 [7]= 286 [8]= 286 [9]= 286 [10]= 286 [11]= 286 [12]= 286 
key_index before (DPU 389) [0]=   0 [1]= 102 [2]= 223 [3]= 333 [4]= 333 [5]= 333 [6]= 333 [7]= 333 [8]= 333 [9]= 333 [10]= 333 [11]= 333 [12]= 333 
key_index before (DPU 390) [0]=   0 [1]=  87 [2]= 185 [3]= 292 [4]= 292 [5]= 292 [6]= 292 [7]= 292 [8]= 292 [9]= 292 [10]= 292 [11]= 292 [12]= 292 
key_index before (DPU 391) [0]=   0 [1]= 100 [2]= 224 [3]= 327 [4]= 327 [5]= 327 [6]= 327 [7]= 327 [8]= 327 [9]= 327 [10]= 327 [11]= 327 [12]= 327 
key_index before (DPU 392) [0]=   0 [1]=  97 [2]= 215 [3]= 331 [4]= 331 [5]= 331 [6]= 331 [7]= 331 [8]= 331 [9]= 331 [10]= 331 [11]= 331 [12]= 331 
key_index before (DPU 393) [0]=   0 [1]= 103 [2]= 205 [3]= 301 [4]= 301 [5]= 301 [6]= 301 [7]= 301 [8]= 301 [9]= 301 [10]= 301 [11]= 301 [12]= 301 
key_index before (DPU 394) [0]=   0 [1]= 106 [2]= 202 [3]= 306 [4]= 306 [5]= 306 [6]= 306 [7]= 306 [8]= 306 [9]= 306 [10]= 306 [11]= 306 [12]= 306 
key_index before (DPU 395) [0]=   0 [1]= 103 [2]= 210 [3]= 313 [4]= 313 [5]= 313 [6]= 313 [7]= 313 [8]= 313 [9]= 313 [10]= 313 [11]= 313 [12]= 313 
key_index before (DPU 396) [0]=   0 [1]= 108 [2]= 213 [3]= 331 [4]= 331 [5]= 331 [6]= 331 [7]= 331 [8]= 331 [9]= 331 [10]= 331 [11]= 331 [12]= 331 
key_index before (DPU 397) [0]=   0 [1]=  93 [2]= 201 [3]= 296 [4]= 296 [5]= 296 [6]= 296 [7]= 296 [8]= 296 [9]= 296 [10]= 296 [11]= 296 [12]= 296 
key_index before (DPU 398) [0]=   0 [1]= 113 [2]= 203 [3]= 319 [4]= 319 [5]= 319 [6]= 319 [7]= 319 [8]= 319 [9]= 319 [10]= 319 [11]= 319 [12]= 319 
key_index before (DPU 399) [0]=   0 [1]= 123 [2]= 218 [3]= 313 [4]= 313 [5]= 313 [6]= 313 [7]= 313 [8]= 313 [9]= 313 [10]= 313 [11]= 313 [12]= 313 
key_index before (DPU 400) [0]=   0 [1]=  90 [2]= 201 [3]= 311 [4]= 311 [5]= 311 [6]= 311 [7]= 311 [8]= 311 [9]= 311 [10]= 311 [11]= 311 [12]= 311 
key_index before (DPU 401) [0]=   0 [1]=  85 [2]= 178 [3]= 275 [4]= 275 [5]= 275 [6]= 275 [7]= 275 [8]= 275 [9]= 275 [10]= 275 [11]= 275 [12]= 275 
key_index before (DPU 402) [0]=   0 [1]= 121 [2]= 241 [3]= 335 [4]= 335 [5]= 335 [6]= 335 [7]= 335 [8]= 335 [9]= 335 [10]= 335 [11]= 335 [12]= 335 
key_index before (DPU 403) [0]=   0 [1]=  88 [2]= 191 [3]= 292 [4]= 292 [5]= 292 [6]= 292 [7]= 292 [8]= 292 [9]= 292 [10]= 292 [11]= 292 [12]= 292 
key_index before (DPU 404) [0]=   0 [1]= 107 [2]= 195 [3]= 273 [4]= 273 [5]= 273 [6]= 273 [7]= 273 [8]= 273 [9]= 273 [10]= 273 [11]= 273 [12]= 273 
key_index before (DPU 405) [0]=   0 [1]= 103 [2]= 187 [3]= 301 [4]= 301 [5]= 301 [6]= 301 [7]= 301 [8]= 301 [9]= 301 [10]= 301 [11]= 301 [12]= 301 
key_index before (DPU 406) [0]=   0 [1]= 108 [2]= 220 [3]= 316 [4]= 316 [5]= 316 [6]= 316 [7]= 316 [8]= 316 [9]= 316 [10]= 316 [11]= 316 [12]= 316 
key_index before (DPU 407) [0]=   0 [1]= 113 [2]= 203 [3]= 287 [4]= 287 [5]= 287 [6]= 287 [7]= 287 [8]= 287 [9]= 287 [10]= 287 [11]= 287 [12]= 287 
key_index before (DPU 408) [0]=   0 [1]= 105 [2]= 203 [3]= 305 [4]= 305 [5]= 305 [6]= 305 [7]= 305 [8]= 305 [9]= 305 [10]= 305 [11]= 305 [12]= 305 
key_index before (DPU 409) [0]=   0 [1]= 112 [2]= 213 [3]= 294 [4]= 294 [5]= 294 [6]= 294 [7]= 294 [8]= 294 [9]= 294 [10]= 294 [11]= 294 [12]= 294 
key_index before (DPU 410) [0]=   0 [1]= 116 [2]= 205 [3]= 300 [4]= 300 [5]= 300 [6]= 300 [7]= 300 [8]= 300 [9]= 300 [10]= 300 [11]= 300 [12]= 300 
key_index before (DPU 411) [0]=   0 [1]= 102 [2]= 214 [3]= 315 [4]= 315 [5]= 315 [6]= 315 [7]= 315 [8]= 315 [9]= 315 [10]= 315 [11]= 315 [12]= 315 
key_index before (DPU 412) [0]=   0 [1]= 109 [2]= 206 [3]= 301 [4]= 301 [5]= 301 [6]= 301 [7]= 301 [8]= 301 [9]= 301 [10]= 301 [11]= 301 [12]= 301 
key_index before (DPU 413) [0]=   0 [1]= 105 [2]= 182 [3]= 288 [4]= 288 [5]= 288 [6]= 288 [7]= 288 [8]= 288 [9]= 288 [10]= 288 [11]= 288 [12]= 288 
key_index before (DPU 414) [0]=   0 [1]= 102 [2]= 225 [3]= 335 [4]= 335 [5]= 335 [6]= 335 [7]= 335 [8]= 335 [9]= 335 [10]= 335 [11]= 335 [12]= 335 
key_index before (DPU 415) [0]=   0 [1]=  99 [2]= 205 [3]= 314 [4]= 314 [5]= 314 [6]= 314 [7]= 314 [8]= 314 [9]= 314 [10]= 314 [11]= 314 [12]= 314 
key_index before (DPU 416) [0]=   0 [1]= 100 [2]= 198 [3]= 286 [4]= 286 [5]= 286 [6]= 286 [7]= 286 [8]= 286 [9]= 286 [10]= 286 [11]= 286 [12]= 286 
key_index before (DPU 417) [0]=   0 [1]=  94 [2]= 196 [3]= 270 [4]= 270 [5]= 270 [6]= 270 [7]= 270 [8]= 270 [9]= 270 [10]= 270 [11]= 270 [12]= 270 
key_index before (DPU 418) [0]=   0 [1]= 109 [2]= 227 [3]= 320 [4]= 320 [5]= 320 [6]= 320 [7]= 320 [8]= 320 [9]= 320 [10]= 320 [11]= 320 [12]= 320 
key_index before (DPU 419) [0]=   0 [1]=  81 [2]= 188 [3]= 275 [4]= 275 [5]= 275 [6]= 275 [7]= 275 [8]= 275 [9]= 275 [10]= 275 [11]= 275 [12]= 275 
key_index before (DPU 420) [0]=   0 [1]= 111 [2]= 211 [3]= 296 [4]= 296 [5]= 296 [6]= 296 [7]= 296 [8]= 296 [9]= 296 [10]= 296 [11]= 296 [12]= 296 
key_index before (DPU 421) [0]=   0 [1]=  96 [2]= 181 [3]= 281 [4]= 281 [5]= 281 [6]= 281 [7]= 281 [8]= 281 [9]= 281 [10]= 281 [11]= 281 [12]= 281 
key_index before (DPU 422) [0]=   0 [1]= 111 [2]= 203 [3]= 311 [4]= 311 [5]= 311 [6]= 311 [7]= 311 [8]= 311 [9]= 311 [10]= 311 [11]= 311 [12]= 311 
key_index before (DPU 423) [0]=   0 [1]=  87 [2]= 192 [3]= 293 [4]= 293 [5]= 293 [6]= 293 [7]= 293 [8]= 293 [9]= 293 [10]= 293 [11]= 293 [12]= 293 
key_index before (DPU 424) [0]=   0 [1]=  91 [2]= 204 [3]= 302 [4]= 302 [5]= 302 [6]= 302 [7]= 302 [8]= 302 [9]= 302 [10]= 302 [11]= 302 [12]= 302 
key_index before (DPU 425) [0]=   0 [1]=  98 [2]= 185 [3]= 276 [4]= 276 [5]= 276 [6]= 276 [7]= 276 [8]= 276 [9]= 276 [10]= 276 [11]= 276 [12]= 276 
key_index before (DPU 426) [0]=   0 [1]=  91 [2]= 185 [3]= 287 [4]= 287 [5]= 287 [6]= 287 [7]= 287 [8]= 287 [9]= 287 [10]= 287 [11]= 287 [12]= 287 
key_index before (DPU 427) [0]=   0 [1]=  89 [2]= 188 [3]= 282 [4]= 282 [5]= 282 [6]= 282 [7]= 282 [8]= 282 [9]= 282 [10]= 282 [11]= 282 [12]= 282 
key_index before (DPU 428) [0]=   0 [1]=  85 [2]= 183 [3]= 273 [4]= 273 [5]= 273 [6]= 273 [7]= 273 [8]= 273 [9]= 273 [10]= 273 [11]= 273 [12]= 273 
key_index before (DPU 429) [0]=   0 [1]=  85 [2]= 179 [3]= 289 [4]= 289 [5]= 289 [6]= 289 [7]= 289 [8]= 289 [9]= 289 [10]= 289 [11]= 289 [12]= 289 
key_index before (DPU 430) [0]=   0 [1]=  93 [2]= 182 [3]= 250 [4]= 250 [5]= 250 [6]= 250 [7]= 250 [8]= 250 [9]= 250 [10]= 250 [11]= 250 [12]= 250 
key_index before (DPU 431) [0]=   0 [1]=  85 [2]= 183 [3]= 279 [4]= 279 [5]= 279 [6]= 279 [7]= 279 [8]= 279 [9]= 279 [10]= 279 [11]= 279 [12]= 279 
key_index before (DPU 432) [0]=   0 [1]=  78 [2]= 167 [3]= 268 [4]= 268 [5]= 268 [6]= 268 [7]= 268 [8]= 268 [9]= 268 [10]= 268 [11]= 268 [12]= 268 
key_index before (DPU 433) [0]=   0 [1]=  99 [2]= 183 [3]= 274 [4]= 274 [5]= 274 [6]= 274 [7]= 274 [8]= 274 [9]= 274 [10]= 274 [11]= 274 [12]= 274 
key_index before (DPU 434) [0]=   0 [1]=  95 [2]= 174 [3]= 279 [4]= 279 [5]= 279 [6]= 279 [7]= 279 [8]= 279 [9]= 279 [10]= 279 [11]= 279 [12]= 279 
key_index before (DPU 435) [0]=   0 [1]=  93 [2]= 204 [3]= 298 [4]= 298 [5]= 298 [6]= 298 [7]= 298 [8]= 298 [9]= 298 [10]= 298 [11]= 298 [12]= 298 
key_index before (DPU 436) [0]=   0 [1]=  95 [2]= 177 [3]= 270 [4]= 270 [5]= 270 [6]= 270 [7]= 270 [8]= 270 [9]= 270 [10]= 270 [11]= 270 [12]= 270 
key_index before (DPU 437) [0]=   0 [1]= 114 [2]= 201 [3]= 284 [4]= 284 [5]= 284 [6]= 284 [7]= 284 [8]= 284 [9]= 284 [10]= 284 [11]= 284 [12]= 284 
key_index before (DPU 438) [0]=   0 [1]= 102 [2]= 180 [3]= 295 [4]= 295 [5]= 295 [6]= 295 [7]= 295 [8]= 295 [9]= 295 [10]= 295 [11]= 295 [12]= 295 
key_index before (DPU 439) [0]=   0 [1]=  90 [2]= 199 [3]= 283 [4]= 283 [5]= 283 [6]= 283 [7]= 283 [8]= 283 [9]= 283 [10]= 283 [11]= 283 [12]= 283 
key_index before (DPU 440) [0]=   0 [1]=  94 [2]= 171 [3]= 260 [4]= 260 [5]= 260 [6]= 260 [7]= 260 [8]= 260 [9]= 260 [10]= 260 [11]= 260 [12]= 260 
key_index before (DPU 441) [0]=   0 [1]=  90 [2]= 186 [3]= 288 [4]= 288 [5]= 288 [6]= 288 [7]= 288 [8]= 288 [9]= 288 [10]= 288 [11]= 288 [12]= 288 
key_index before (DPU 442) [0]=   0 [1]= 107 [2]= 198 [3]= 288 [4]= 288 [5]= 288 [6]= 288 [7]= 288 [8]= 288 [9]= 288 [10]= 288 [11]= 288 [12]= 288 
key_index before (DPU 443) [0]=   0 [1]=  84 [2]= 175 [3]= 272 [4]= 272 [5]= 272 [6]= 272 [7]= 272 [8]= 272 [9]= 272 [10]= 272 [11]= 272 [12]= 272 
key_index before (DPU 444) [0]=   0 [1]=  93 [2]= 183 [3]= 275 [4]= 275 [5]= 275 [6]= 275 [7]= 275 [8]= 275 [9]= 275 [10]= 275 [11]= 275 [12]= 275 
key_index before (DPU 445) [0]=   0 [1]= 100 [2]= 176 [3]= 260 [4]= 260 [5]= 260 [6]= 260 [7]= 260 [8]= 260 [9]= 260 [10]= 260 [11]= 260 [12]= 260 
key_index before (DPU 446) [0]=   0 [1]=   0 [2]=   0 [3]=   0 [4]=139738 [5]=139738 [6]=139738 [7]=139738 [8]=139738 [9]=139738 [10]=139738 [11]=139738 [12]=139738 
key_index before (DPU 447) [0]=   0 [1]=  88 [2]= 172 [3]= 259 [4]= 259 [5]= 259 [6]= 259 [7]= 259 [8]= 259 [9]= 259 [10]= 259 [11]= 259 [12]= 259 
key_index before (DPU 448) [0]=   0 [1]=  96 [2]= 198 [3]= 292 [4]= 292 [5]= 292 [6]= 292 [7]= 292 [8]= 292 [9]= 292 [10]= 292 [11]= 292 [12]= 292 
key_index before (DPU 449) [0]=   0 [1]=   0 [2]=   0 [3]=   0 [4]=21189 [5]=21189 [6]=21189 [7]=21189 [8]=21189 [9]=21189 [10]=21189 [11]=21189 [12]=21189 
key_index before (DPU 450) [0]=   0 [1]=  93 [2]= 183 [3]= 281 [4]= 281 [5]= 281 [6]= 281 [7]= 281 [8]= 281 [9]= 281 [10]= 281 [11]= 281 [12]= 281 
key_index before (DPU 451) [0]=   0 [1]=  94 [2]= 181 [3]= 261 [4]= 261 [5]= 261 [6]= 261 [7]= 261 [8]= 261 [9]= 261 [10]= 261 [11]= 261 [12]= 261 
key_index before (DPU 452) [0]=   0 [1]=  82 [2]= 171 [3]= 268 [4]= 268 [5]= 268 [6]= 268 [7]= 268 [8]= 268 [9]= 268 [10]= 268 [11]= 268 [12]= 268 
key_index before (DPU 453) [0]=   0 [1]=  86 [2]= 154 [3]= 244 [4]=6973 [5]=6973 [6]=6973 [7]=6973 [8]=6973 [9]=6973 [10]=6973 [11]=6973 [12]=6973 
key_index before (DPU 454) [0]=   0 [1]=  91 [2]= 181 [3]= 270 [4]= 270 [5]= 270 [6]= 270 [7]= 270 [8]= 270 [9]= 270 [10]= 270 [11]= 270 [12]= 270 
key_index before (DPU 455) [0]=   0 [1]=  89 [2]= 171 [3]= 264 [4]= 264 [5]= 264 [6]= 264 [7]= 264 [8]= 264 [9]= 264 [10]= 264 [11]= 264 [12]= 264 
key_index before (DPU 456) [0]=   0 [1]=  89 [2]= 166 [3]= 259 [4]= 259 [5]= 259 [6]= 259 [7]= 259 [8]= 259 [9]= 259 [10]= 259 [11]= 259 [12]= 259 
key_index before (DPU 457) [0]=   0 [1]=  97 [2]= 180 [3]= 260 [4]=6632 [5]=6632 [6]=6632 [7]=6632 [8]=6632 [9]=6632 [10]=6632 [11]=6632 [12]=6632 
key_index before (DPU 458) [0]=   0 [1]=  70 [2]= 147 [3]= 224 [4]= 308 [5]= 308 [6]= 308 [7]= 308 [8]= 308 [9]= 308 [10]= 308 [11]= 308 [12]= 308 
key_index before (DPU 459) [0]=   0 [1]=  97 [2]= 191 [3]= 262 [4]=12826 [5]=12826 [6]=12826 [7]=12826 [8]=12826 [9]=12826 [10]=12826 [11]=12826 [12]=12826 
key_index before (DPU 460) [0]=   0 [1]=  93 [2]= 193 [3]= 283 [4]= 283 [5]= 283 [6]= 283 [7]= 283 [8]= 283 [9]= 283 [10]= 283 [11]= 283 [12]= 283 
key_index before (DPU 461) [0]=   0 [1]=  85 [2]= 180 [3]= 267 [4]= 367 [5]= 367 [6]= 367 [7]= 367 [8]= 367 [9]= 367 [10]= 367 [11]= 367 [12]= 367 
key_index before (DPU 462) [0]=   0 [1]=  82 [2]= 167 [3]= 241 [4]=4984 [5]=4984 [6]=4984 [7]=4984 [8]=4984 [9]=4984 [10]=4984 [11]=4984 [12]=4984 
key_index before (DPU 463) [0]=   0 [1]=  74 [2]= 167 [3]= 253 [4]= 329 [5]= 329 [6]= 329 [7]= 329 [8]= 329 [9]= 329 [10]= 329 [11]= 329 [12]= 329 
key_index before (DPU 464) [0]=   0 [1]=  75 [2]= 160 [3]= 247 [4]=5831 [5]=5831 [6]=5831 [7]=5831 [8]=5831 [9]=5831 [10]=5831 [11]=5831 [12]=5831 
key_index before (DPU 465) [0]=   0 [1]=  79 [2]= 179 [3]= 260 [4]= 260 [5]= 260 [6]= 260 [7]= 260 [8]= 260 [9]= 260 [10]= 260 [11]= 260 [12]= 260 
key_index before (DPU 466) [0]=   0 [1]=  91 [2]= 173 [3]= 280 [4]= 280 [5]= 280 [6]= 280 [7]= 280 [8]= 280 [9]= 280 [10]= 280 [11]= 280 [12]= 280 
key_index before (DPU 467) [0]=   0 [1]=  86 [2]= 182 [3]= 269 [4]= 269 [5]= 269 [6]= 269 [7]= 269 [8]= 269 [9]= 269 [10]= 269 [11]= 269 [12]= 269 
key_index before (DPU 468) [0]=   0 [1]= 105 [2]= 176 [3]= 264 [4]= 264 [5]= 264 [6]= 264 [7]= 264 [8]= 264 [9]= 264 [10]= 264 [11]= 264 [12]= 264 
key_index before (DPU 469) [0]=   0 [1]=  96 [2]= 173 [3]= 275 [4]= 352 [5]= 352 [6]= 352 [7]= 352 [8]= 352 [9]= 352 [10]= 352 [11]= 352 [12]= 352 
key_index before (DPU 470) [0]=   0 [1]=   0 [2]=   0 [3]=  79 [4]=17920 [5]=17920 [6]=17920 [7]=17920 [8]=17920 [9]=17920 [10]=17920 [11]=17920 [12]=17920 
key_index before (DPU 471) [0]=   0 [1]=  75 [2]= 166 [3]= 262 [4]= 262 [5]= 262 [6]= 262 [7]= 262 [8]= 262 [9]= 262 [10]= 262 [11]= 262 [12]= 262 
key_index before (DPU 472) [0]=   0 [1]=  85 [2]= 169 [3]= 256 [4]= 256 [5]= 256 [6]= 256 [7]= 256 [8]= 256 [9]= 256 [10]= 256 [11]= 256 [12]= 256 
key_index before (DPU 473) [0]=   0 [1]=  78 [2]= 174 [3]= 252 [4]= 252 [5]= 252 [6]= 252 [7]= 252 [8]= 252 [9]= 252 [10]= 252 [11]= 252 [12]= 252 
key_index before (DPU 474) [0]=   0 [1]=  86 [2]= 169 [3]= 254 [4]= 254 [5]= 254 [6]= 254 [7]= 254 [8]= 254 [9]= 254 [10]= 254 [11]= 254 [12]= 254 
key_index before (DPU 475) [0]=   0 [1]=  99 [2]= 187 [3]= 274 [4]=8466 [5]=8466 [6]=8466 [7]=8466 [8]=8466 [9]=8466 [10]=8466 [11]=8466 [12]=8466 
key_index before (DPU 476) [0]=   0 [1]=  73 [2]= 165 [3]= 239 [4]= 321 [5]= 321 [6]= 321 [7]= 321 [8]= 321 [9]= 321 [10]= 321 [11]= 321 [12]= 321 
key_index before (DPU 477) [0]=   0 [1]=  73 [2]= 171 [3]= 257 [4]= 257 [5]= 257 [6]= 257 [7]= 257 [8]= 257 [9]= 257 [10]= 257 [11]= 257 [12]= 257 
key_index before (DPU 478) [0]=   0 [1]=  89 [2]= 176 [3]= 265 [4]= 355 [5]= 355 [6]= 355 [7]= 355 [8]= 355 [9]= 355 [10]= 355 [11]= 355 [12]= 355 
key_index before (DPU 479) [0]=   0 [1]=  93 [2]= 187 [3]= 269 [4]= 269 [5]= 269 [6]= 269 [7]= 269 [8]= 269 [9]= 269 [10]= 269 [11]= 269 [12]= 269 
key_index before (DPU 480) [0]=   0 [1]=  95 [2]= 177 [3]= 287 [4]= 287 [5]= 287 [6]= 287 [7]= 287 [8]= 287 [9]= 287 [10]= 287 [11]= 287 [12]= 287 
key_index before (DPU 481) [0]=   0 [1]=   0 [2]=   0 [3]=   0 [4]=32897 [5]=32897 [6]=32897 [7]=32897 [8]=32897 [9]=32897 [10]=32897 [11]=32897 [12]=32897 
key_index before (DPU 482) [0]=   0 [1]=  95 [2]= 180 [3]= 266 [4]= 266 [5]= 266 [6]= 266 [7]= 266 [8]= 266 [9]= 266 [10]= 266 [11]= 266 [12]= 266 
key_index before (DPU 483) [0]=   0 [1]=  77 [2]= 162 [3]= 238 [4]= 313 [5]= 313 [6]= 313 [7]= 313 [8]= 313 [9]= 313 [10]= 313 [11]= 313 [12]= 313 
key_index before (DPU 484) [0]=   0 [1]=  93 [2]= 187 [3]= 270 [4]= 270 [5]= 270 [6]= 270 [7]= 270 [8]= 270 [9]= 270 [10]= 270 [11]= 270 [12]= 270 
key_index before (DPU 485) [0]=   0 [1]=  97 [2]= 175 [3]= 244 [4]= 321 [5]= 321 [6]= 321 [7]= 321 [8]= 321 [9]= 321 [10]= 321 [11]= 321 [12]= 321 
key_index before (DPU 486) [0]=   0 [1]=  91 [2]= 159 [3]= 239 [4]= 326 [5]= 326 [6]= 326 [7]= 326 [8]= 326 [9]= 326 [10]= 326 [11]= 326 [12]= 326 
key_index before (DPU 487) [0]=   0 [1]=  71 [2]= 151 [3]= 226 [4]= 309 [5]= 309 [6]= 309 [7]= 309 [8]= 309 [9]= 309 [10]= 309 [11]= 309 [12]= 309 
key_index before (DPU 488) [0]=   0 [1]=  77 [2]= 158 [3]= 248 [4]= 248 [5]= 248 [6]= 248 [7]= 248 [8]= 248 [9]= 248 [10]= 248 [11]= 248 [12]= 248 
key_index before (DPU 489) [0]=   0 [1]=  85 [2]= 164 [3]= 248 [4]= 248 [5]= 248 [6]= 248 [7]= 248 [8]= 248 [9]= 248 [10]= 248 [11]= 248 [12]= 248 
key_index before (DPU 490) [0]=   0 [1]=  91 [2]= 177 [3]= 266 [4]= 355 [5]= 355 [6]= 355 [7]= 355 [8]= 355 [9]= 355 [10]= 355 [11]= 355 [12]= 355 
key_index before (DPU 491) [0]=   0 [1]=  77 [2]= 164 [3]= 251 [4]=10406 [5]=10406 [6]=10406 [7]=10406 [8]=10406 [9]=10406 [10]=10406 [11]=10406 [12]=10406 
key_index before (DPU 492) [0]=   0 [1]=  85 [2]= 166 [3]= 245 [4]= 344 [5]= 344 [6]= 344 [7]= 344 [8]= 344 [9]= 344 [10]= 344 [11]= 344 [12]= 344 
key_index before (DPU 493) [0]=   0 [1]=  78 [2]= 176 [3]= 254 [4]=7942 [5]=7942 [6]=7942 [7]=7942 [8]=7942 [9]=7942 [10]=7942 [11]=7942 [12]=7942 
key_index before (DPU 494) [0]=   0 [1]=  82 [2]= 162 [3]= 260 [4]= 364 [5]= 364 [6]= 364 [7]= 364 [8]= 364 [9]= 364 [10]= 364 [11]= 364 [12]= 364 
key_index before (DPU 495) [0]=   0 [1]=  79 [2]= 170 [3]= 243 [4]=9647 [5]=9647 [6]=9647 [7]=9647 [8]=9647 [9]=9647 [10]=9647 [11]=9647 [12]=9647 
key_index before (DPU 496) [0]=   0 [1]=   0 [2]=  68 [3]= 153 [4]=13898 [5]=13898 [6]=13898 [7]=13898 [8]=13898 [9]=13898 [10]=13898 [11]=13898 [12]=13898 
key_index before (DPU 497) [0]=   0 [1]=  74 [2]= 151 [3]= 250 [4]= 347 [5]= 347 [6]= 347 [7]= 347 [8]= 347 [9]= 347 [10]= 347 [11]= 347 [12]= 347 
key_index before (DPU 498) [0]=   0 [1]=  82 [2]= 165 [3]= 245 [4]= 333 [5]= 333 [6]= 333 [7]= 333 [8]= 333 [9]= 333 [10]= 333 [11]= 333 [12]= 333 
key_index before (DPU 499) [0]=   0 [1]=   0 [2]=   0 [3]=   0 [4]=48019 [5]=48019 [6]=48019 [7]=48019 [8]=48019 [9]=48019 [10]=48019 [11]=48019 [12]=48019 
before (DPU 0) [0]=   0 [1]=71995 [2]=   0 [3]=   0 [4]=   0 [5]=   0 [6]=   0 [7]=   0 [8]=   0 [9]=   0 [10]=   0 [11]=   0 
after  (DPU 0) [0]=   0 [1]=71995 [2]=   0 [3]=   0 [4]=   0 [5]=   0 [6]=   0 [7]=   0 [8]=   0 [9]=   0 [10]=   0 [11]=   0 
before (DPU 1) [0]=   0 [1]=26215 [2]=   0 [3]=   0 [4]=   0 [5]=   0 [6]=   0 [7]=   0 [8]=   0 [9]=   0 [10]=   0 [11]=   0 
after  (DPU 1) [0]=   0 [1]=26215 [2]=   0 [3]=   0 [4]=   0 [5]=   0 [6]=   0 [7]=   0 [8]=   0 [9]=   0 [10]=   0 [11]=   0 
before (DPU 2) [0]=   0 [1]=15725 [2]=   0 [3]=   0 [4]=   0 [5]=   0 [6]=   0 [7]=   0 [8]=   0 [9]=   0 [10]=   0 [11]=   0 
after  (DPU 2) [0]=   0 [1]=15725 [2]=   0 [3]=   0 [4]=   0 [5]=   0 [6]=   0 [7]=   0 [8]=   0 [9]=   0 [10]=   0 [11]=   0 
before (DPU 3) [0]=   0 [1]=11340 [2]=   0 [3]=   0 [4]=   0 [5]=   0 [6]=   0 [7]=   0 [8]=   0 [9]=   0 [10]=   0 [11]=   0 
after  (DPU 3) [0]=   0 [1]=11340 [2]=   0 [3]=   0 [4]=   0 [5]=   0 [6]=   0 [7]=   0 [8]=   0 [9]=   0 [10]=   0 [11]=   0 
before (DPU 4) [0]=   0 [1]=8796 [2]=   0 [3]=   0 [4]=   0 [5]=   0 [6]=   0 [7]=   0 [8]=   0 [9]=   0 [10]=   0 [11]=   0 
after  (DPU 4) [0]=   0 [1]=8796 [2]=   0 [3]=   0 [4]=   0 [5]=   0 [6]=   0 [7]=   0 [8]=   0 [9]=   0 [10]=   0 [11]=   0 
before (DPU 5) [0]=   0 [1]=6981 [2]=6729 [3]=   0 [4]=   0 [5]=   0 [6]=   0 [7]=   0 [8]=   0 [9]=   0 [10]=   0 [11]=   0 
after  (DPU 5) [0]=   0 [1]=6981 [2]=   0 [3]=   0 [4]=   0 [5]=   0 [6]=   0 [7]=   0 [8]=   0 [9]=   0 [10]=   0 [11]=   0 
before (DPU 6) [0]=   0 [1]=5953 [2]=5802 [3]=   0 [4]=   0 [5]=   0 [6]=   0 [7]=   0 [8]=   0 [9]=   0 [10]=   0 [11]=   0 
after  (DPU 6) [0]=   0 [1]=5953 [2]=5802 [3]=   0 [4]=   0 [5]=   0 [6]=   0 [7]=   0 [8]=   0 [9]=   0 [10]=   0 [11]=   0 
before (DPU 7) [0]=   0 [1]=5205 [2]=5020 [3]=   0 [4]=   0 [5]=   0 [6]=   0 [7]=   0 [8]=   0 [9]=   0 [10]=   0 [11]=   0 
after  (DPU 7) [0]=   0 [1]=5205 [2]=5020 [3]=   0 [4]=   0 [5]=   0 [6]=   0 [7]=   0 [8]=   0 [9]=   0 [10]=   0 [11]=   0 
before (DPU 8) [0]=4743 [1]=4583 [2]=4534 [3]=   0 [4]=   0 [5]=   0 [6]=   0 [7]=   0 [8]=   0 [9]=   0 [10]=   0 [11]=   0 
after  (DPU 8) [0]=   0 [1]=4583 [2]=4534 [3]=   0 [4]=   0 [5]=   0 [6]=   0 [7]=   0 [8]=   0 [9]=   0 [10]=   0 [11]=   0 
before (DPU 9) [0]=4275 [1]=4103 [2]=4078 [3]=   0 [4]=   0 [5]=   0 [6]=   0 [7]=   0 [8]=   0 [9]=   0 [10]=   0 [11]=   0 
after  (DPU 9) [0]=4275 [1]=4103 [2]=4078 [3]=   0 [4]=   0 [5]=   0 [6]=   0 [7]=   0 [8]=   0 [9]=   0 [10]=   0 [11]=   0 
before (DPU 10) [0]=3863 [1]=3774 [2]=3514 [3]=   0 [4]=   0 [5]=   0 [6]=   0 [7]=   0 [8]=   0 [9]=   0 [10]=   0 [11]=   0 
after  (DPU 10) [0]=3863 [1]=3774 [2]=3514 [3]=   0 [4]=   0 [5]=   0 [6]=   0 [7]=   0 [8]=   0 [9]=   0 [10]=   0 [11]=   0 
before (DPU 11) [0]=3508 [1]=3486 [2]=3244 [3]=   0 [4]=   0 [5]=   0 [6]=   0 [7]=   0 [8]=   0 [9]=   0 [10]=   0 [11]=   0 
after  (DPU 11) [0]=3508 [1]=3486 [2]=3244 [3]=   0 [4]=   0 [5]=   0 [6]=   0 [7]=   0 [8]=   0 [9]=   0 [10]=   0 [11]=   0 
before (DPU 12) [0]=3257 [1]=3280 [2]=3050 [3]=   0 [4]=   0 [5]=   0 [6]=   0 [7]=   0 [8]=   0 [9]=   0 [10]=   0 [11]=   0 
after  (DPU 12) [0]=3257 [1]=3280 [2]=3050 [3]=   0 [4]=   0 [5]=   0 [6]=   0 [7]=   0 [8]=   0 [9]=   0 [10]=   0 [11]=   0 
before (DPU 13) [0]=2991 [1]=2892 [2]=2764 [3]=   0 [4]=   0 [5]=   0 [6]=   0 [7]=   0 [8]=   0 [9]=   0 [10]=   0 [11]=   0 
after  (DPU 13) [0]=2991 [1]=2892 [2]=2764 [3]=   0 [4]=   0 [5]=   0 [6]=   0 [7]=   0 [8]=   0 [9]=   0 [10]=   0 [11]=   0 
before (DPU 14) [0]=2797 [1]=2749 [2]=2572 [3]=   0 [4]=   0 [5]=   0 [6]=   0 [7]=   0 [8]=   0 [9]=   0 [10]=   0 [11]=   0 
after  (DPU 14) [0]=2797 [1]=2749 [2]=2572 [3]=   0 [4]=   0 [5]=   0 [6]=   0 [7]=   0 [8]=   0 [9]=   0 [10]=   0 [11]=   0 
before (DPU 15) [0]=2550 [1]=2595 [2]=2478 [3]=   0 [4]=   0 [5]=   0 [6]=   0 [7]=   0 [8]=   0 [9]=   0 [10]=   0 [11]=   0 
after  (DPU 15) [0]=2550 [1]=2595 [2]=2478 [3]=   0 [4]=   0 [5]=   0 [6]=   0 [7]=   0 [8]=   0 [9]=   0 [10]=   0 [11]=   0 
before (DPU 16) [0]=2359 [1]=2371 [2]=2279 [3]=   0 [4]=   0 [5]=   0 [6]=   0 [7]=   0 [8]=   0 [9]=   0 [10]=   0 [11]=   0 
after  (DPU 16) [0]=2359 [1]=2371 [2]=2279 [3]=   0 [4]=   0 [5]=   0 [6]=   0 [7]=   0 [8]=   0 [9]=   0 [10]=   0 [11]=   0 
before (DPU 17) [0]=2386 [1]=2254 [2]=2230 [3]=   0 [4]=   0 [5]=   0 [6]=   0 [7]=   0 [8]=   0 [9]=   0 [10]=   0 [11]=   0 
after  (DPU 17) [0]=2386 [1]=2254 [2]=2230 [3]=   0 [4]=   0 [5]=   0 [6]=   0 [7]=   0 [8]=   0 [9]=   0 [10]=   0 [11]=   0 
before (DPU 18) [0]=2147 [1]=2153 [2]=2075 [3]=   0 [4]=   0 [5]=   0 [6]=   0 [7]=   0 [8]=   0 [9]=   0 [10]=   0 [11]=   0 
after  (DPU 18) [0]=2147 [1]=2153 [2]=2075 [3]=   0 [4]=   0 [5]=   0 [6]=   0 [7]=   0 [8]=   0 [9]=   0 [10]=   0 [11]=   0 
before (DPU 19) [0]=2125 [1]=2087 [2]=1993 [3]=   0 [4]=   0 [5]=   0 [6]=   0 [7]=   0 [8]=   0 [9]=   0 [10]=   0 [11]=   0 
after  (DPU 19) [0]=2125 [1]=2087 [2]=1993 [3]=   0 [4]=   0 [5]=   0 [6]=   0 [7]=   0 [8]=   0 [9]=   0 [10]=   0 [11]=   0 
before (DPU 20) [0]=1964 [1]=1929 [2]=1910 [3]=   0 [4]=   0 [5]=   0 [6]=   0 [7]=   0 [8]=   0 [9]=   0 [10]=   0 [11]=   0 
after  (DPU 20) [0]=1964 [1]=1929 [2]=1910 [3]=   0 [4]=   0 [5]=   0 [6]=   0 [7]=   0 [8]=   0 [9]=   0 [10]=   0 [11]=   0 
before (DPU 21) [0]=1855 [1]=1887 [2]=1727 [3]=   0 [4]=   0 [5]=   0 [6]=   0 [7]=   0 [8]=   0 [9]=   0 [10]=   0 [11]=   0 
after  (DPU 21) [0]=1855 [1]=1887 [2]=1727 [3]=   0 [4]=   0 [5]=   0 [6]=   0 [7]=   0 [8]=   0 [9]=   0 [10]=   0 [11]=   0 
before (DPU 22) [0]=1736 [1]=1794 [2]=1754 [3]=   0 [4]=   0 [5]=   0 [6]=   0 [7]=   0 [8]=   0 [9]=   0 [10]=   0 [11]=   0 
after  (DPU 22) [0]=1736 [1]=1794 [2]=1754 [3]=   0 [4]=   0 [5]=   0 [6]=   0 [7]=   0 [8]=   0 [9]=   0 [10]=   0 [11]=   0 
before (DPU 23) [0]=1667 [1]=1719 [2]=1715 [3]=   0 [4]=   0 [5]=   0 [6]=   0 [7]=   0 [8]=   0 [9]=   0 [10]=   0 [11]=   0 
after  (DPU 23) [0]=1667 [1]=1719 [2]=1715 [3]=   0 [4]=   0 [5]=   0 [6]=   0 [7]=   0 [8]=   0 [9]=   0 [10]=   0 [11]=   0 
before (DPU 24) [0]=1695 [1]=1638 [2]=1516 [3]=   0 [4]=   0 [5]=   0 [6]=   0 [7]=   0 [8]=   0 [9]=   0 [10]=   0 [11]=   0 
after  (DPU 24) [0]=1695 [1]=1638 [2]=1516 [3]=   0 [4]=   0 [5]=   0 [6]=   0 [7]=   0 [8]=   0 [9]=   0 [10]=   0 [11]=   0 
before (DPU 25) [0]=1591 [1]=1580 [2]=1550 [3]=   0 [4]=   0 [5]=   0 [6]=   0 [7]=   0 [8]=   0 [9]=   0 [10]=   0 [11]=   0 
after  (DPU 25) [0]=1591 [1]=1580 [2]=1550 [3]=   0 [4]=   0 [5]=   0 [6]=   0 [7]=   0 [8]=   0 [9]=   0 [10]=   0 [11]=   0 
before (DPU 26) [0]=1462 [1]=1526 [2]=1415 [3]=   0 [4]=   0 [5]=   0 [6]=   0 [7]=   0 [8]=   0 [9]=   0 [10]=   0 [11]=   0 
after  (DPU 26) [0]=1462 [1]=1526 [2]=1415 [3]=   0 [4]=   0 [5]=   0 [6]=   0 [7]=   0 [8]=   0 [9]=   0 [10]=   0 [11]=   0 
before (DPU 27) [0]=1430 [1]=1449 [2]=1448 [3]=   0 [4]=   0 [5]=   0 [6]=   0 [7]=   0 [8]=   0 [9]=   0 [10]=   0 [11]=   0 
after  (DPU 27) [0]=1430 [1]=1449 [2]=1448 [3]=   0 [4]=   0 [5]=   0 [6]=   0 [7]=   0 [8]=   0 [9]=   0 [10]=   0 [11]=   0 
before (DPU 28) [0]=1390 [1]=1384 [2]=1388 [3]=   0 [4]=   0 [5]=   0 [6]=   0 [7]=   0 [8]=   0 [9]=   0 [10]=   0 [11]=   0 
after  (DPU 28) [0]=1390 [1]=1384 [2]=1388 [3]=   0 [4]=   0 [5]=   0 [6]=   0 [7]=   0 [8]=   0 [9]=   0 [10]=   0 [11]=   0 
before (DPU 29) [0]=1394 [1]=1394 [2]=1284 [3]=   0 [4]=   0 [5]=   0 [6]=   0 [7]=   0 [8]=   0 [9]=   0 [10]=   0 [11]=   0 
after  (DPU 29) [0]=1394 [1]=1394 [2]=1284 [3]=   0 [4]=   0 [5]=   0 [6]=   0 [7]=   0 [8]=   0 [9]=   0 [10]=   0 [11]=   0 
before (DPU 30) [0]=1314 [1]=1247 [2]=1286 [3]=   0 [4]=   0 [5]=   0 [6]=   0 [7]=   0 [8]=   0 [9]=   0 [10]=   0 [11]=   0 
after  (DPU 30) [0]=1314 [1]=1247 [2]=1286 [3]=   0 [4]=   0 [5]=   0 [6]=   0 [7]=   0 [8]=   0 [9]=   0 [10]=   0 [11]=   0 
before (DPU 31) [0]=1283 [1]=1229 [2]=1252 [3]=   0 [4]=   0 [5]=   0 [6]=   0 [7]=   0 [8]=   0 [9]=   0 [10]=   0 [11]=   0 
after  (DPU 31) [0]=1283 [1]=1229 [2]=1252 [3]=   0 [4]=   0 [5]=   0 [6]=   0 [7]=   0 [8]=   0 [9]=   0 [10]=   0 [11]=   0 
before (DPU 32) [0]=1238 [1]=1235 [2]=1172 [3]=   0 [4]=   0 [5]=   0 [6]=   0 [7]=   0 [8]=   0 [9]=   0 [10]=   0 [11]=   0 
after  (DPU 32) [0]=1238 [1]=1235 [2]=1172 [3]=   0 [4]=   0 [5]=   0 [6]=   0 [7]=   0 [8]=   0 [9]=   0 [10]=   0 [11]=   0 
before (DPU 33) [0]=1186 [1]=1134 [2]=1183 [3]=   0 [4]=   0 [5]=   0 [6]=   0 [7]=   0 [8]=   0 [9]=   0 [10]=   0 [11]=   0 
after  (DPU 33) [0]=1186 [1]=1134 [2]=1183 [3]=   0 [4]=   0 [5]=   0 [6]=   0 [7]=   0 [8]=   0 [9]=   0 [10]=   0 [11]=   0 
before (DPU 34) [0]=1238 [1]=1156 [2]=1113 [3]=   0 [4]=   0 [5]=   0 [6]=   0 [7]=   0 [8]=   0 [9]=   0 [10]=   0 [11]=   0 
after  (DPU 34) [0]=1238 [1]=1156 [2]=1113 [3]=   0 [4]=   0 [5]=   0 [6]=   0 [7]=   0 [8]=   0 [9]=   0 [10]=   0 [11]=   0 
before (DPU 35) [0]=1135 [1]=1096 [2]=1110 [3]=   0 [4]=   0 [5]=   0 [6]=   0 [7]=   0 [8]=   0 [9]=   0 [10]=   0 [11]=   0 
after  (DPU 35) [0]=1135 [1]=1096 [2]=1110 [3]=   0 [4]=   0 [5]=   0 [6]=   0 [7]=   0 [8]=   0 [9]=   0 [10]=   0 [11]=   0 
before (DPU 36) [0]=1102 [1]=1063 [2]=1091 [3]=   0 [4]=   0 [5]=   0 [6]=   0 [7]=   0 [8]=   0 [9]=   0 [10]=   0 [11]=   0 
after  (DPU 36) [0]=1102 [1]=1063 [2]=1091 [3]=   0 [4]=   0 [5]=   0 [6]=   0 [7]=   0 [8]=   0 [9]=   0 [10]=   0 [11]=   0 
before (DPU 37) [0]=1070 [1]=1003 [2]=1102 [3]=   0 [4]=   0 [5]=   0 [6]=   0 [7]=   0 [8]=   0 [9]=   0 [10]=   0 [11]=   0 
after  (DPU 37) [0]=1070 [1]=1003 [2]=1102 [3]=   0 [4]=   0 [5]=   0 [6]=   0 [7]=   0 [8]=   0 [9]=   0 [10]=   0 [11]=   0 
before (DPU 38) [0]=1065 [1]=1024 [2]=1013 [3]=   0 [4]=   0 [5]=   0 [6]=   0 [7]=   0 [8]=   0 [9]=   0 [10]=   0 [11]=   0 
after  (DPU 38) [0]=1065 [1]=1024 [2]=1013 [3]=   0 [4]=   0 [5]=   0 [6]=   0 [7]=   0 [8]=   0 [9]=   0 [10]=   0 [11]=   0 
before (DPU 39) [0]=1057 [1]=1010 [2]= 997 [3]=   0 [4]=   0 [5]=   0 [6]=   0 [7]=   0 [8]=   0 [9]=   0 [10]=   0 [11]=   0 
after  (DPU 39) [0]=1057 [1]=1010 [2]= 997 [3]=   0 [4]=   0 [5]=   0 [6]=   0 [7]=   0 [8]=   0 [9]=   0 [10]=   0 [11]=   0 
before (DPU 40) [0]= 990 [1]= 983 [2]= 973 [3]=   0 [4]=   0 [5]=   0 [6]=   0 [7]=   0 [8]=   0 [9]=   0 [10]=   0 [11]=   0 
after  (DPU 40) [0]= 990 [1]= 983 [2]= 973 [3]=   0 [4]=   0 [5]=   0 [6]=   0 [7]=   0 [8]=   0 [9]=   0 [10]=   0 [11]=   0 
before (DPU 41) [0]= 953 [1]= 936 [2]= 960 [3]=   0 [4]=   0 [5]=   0 [6]=   0 [7]=   0 [8]=   0 [9]=   0 [10]=   0 [11]=   0 
after  (DPU 41) [0]= 953 [1]= 936 [2]= 960 [3]=   0 [4]=   0 [5]=   0 [6]=   0 [7]=   0 [8]=   0 [9]=   0 [10]=   0 [11]=   0 
before (DPU 42) [0]=1006 [1]= 940 [2]= 907 [3]=   0 [4]=   0 [5]=   0 [6]=   0 [7]=   0 [8]=   0 [9]=   0 [10]=   0 [11]=   0 
after  (DPU 42) [0]=1006 [1]= 940 [2]= 907 [3]=   0 [4]=   0 [5]=   0 [6]=   0 [7]=   0 [8]=   0 [9]=   0 [10]=   0 [11]=   0 
before (DPU 43) [0]= 930 [1]= 921 [2]= 888 [3]=   0 [4]=   0 [5]=   0 [6]=   0 [7]=   0 [8]=   0 [9]=   0 [10]=   0 [11]=   0 
after  (DPU 43) [0]= 930 [1]= 921 [2]= 888 [3]=   0 [4]=   0 [5]=   0 [6]=   0 [7]=   0 [8]=   0 [9]=   0 [10]=   0 [11]=   0 
before (DPU 44) [0]= 846 [1]= 968 [2]= 899 [3]=   0 [4]=   0 [5]=   0 [6]=   0 [7]=   0 [8]=   0 [9]=   0 [10]=   0 [11]=   0 
after  (DPU 44) [0]= 846 [1]= 968 [2]= 899 [3]=   0 [4]=   0 [5]=   0 [6]=   0 [7]=   0 [8]=   0 [9]=   0 [10]=   0 [11]=   0 
before (DPU 45) [0]= 955 [1]= 859 [2]= 933 [3]=   0 [4]=   0 [5]=   0 [6]=   0 [7]=   0 [8]=   0 [9]=   0 [10]=   0 [11]=   0 
after  (DPU 45) [0]= 955 [1]= 859 [2]= 933 [3]=   0 [4]=   0 [5]=   0 [6]=   0 [7]=   0 [8]=   0 [9]=   0 [10]=   0 [11]=   0 
before (DPU 46) [0]= 830 [1]= 858 [2]= 868 [3]=   0 [4]=   0 [5]=   0 [6]=   0 [7]=   0 [8]=   0 [9]=   0 [10]=   0 [11]=   0 
after  (DPU 46) [0]= 830 [1]= 858 [2]= 868 [3]=   0 [4]=   0 [5]=   0 [6]=   0 [7]=   0 [8]=   0 [9]=   0 [10]=   0 [11]=   0 
before (DPU 47) [0]= 826 [1]= 863 [2]= 806 [3]=   0 [4]=   0 [5]=   0 [6]=   0 [7]=   0 [8]=   0 [9]=   0 [10]=   0 [11]=   0 
after  (DPU 47) [0]= 826 [1]= 863 [2]= 806 [3]=   0 [4]=   0 [5]=   0 [6]=   0 [7]=   0 [8]=   0 [9]=   0 [10]=   0 [11]=   0 
before (DPU 48) [0]= 829 [1]= 834 [2]= 785 [3]=   0 [4]=   0 [5]=   0 [6]=   0 [7]=   0 [8]=   0 [9]=   0 [10]=   0 [11]=   0 
after  (DPU 48) [0]= 829 [1]= 834 [2]= 785 [3]=   0 [4]=   0 [5]=   0 [6]=   0 [7]=   0 [8]=   0 [9]=   0 [10]=   0 [11]=   0 
before (DPU 49) [0]= 838 [1]= 829 [2]= 777 [3]=   0 [4]=   0 [5]=   0 [6]=   0 [7]=   0 [8]=   0 [9]=   0 [10]=   0 [11]=   0 
after  (DPU 49) [0]= 838 [1]= 829 [2]= 777 [3]=   0 [4]=   0 [5]=   0 [6]=   0 [7]=   0 [8]=   0 [9]=   0 [10]=   0 [11]=   0 
before (DPU 50) [0]= 797 [1]= 769 [2]= 734 [3]=   0 [4]=   0 [5]=   0 [6]=   0 [7]=   0 [8]=   0 [9]=   0 [10]=   0 [11]=   0 
after  (DPU 50) [0]= 797 [1]= 769 [2]= 734 [3]=   0 [4]=   0 [5]=   0 [6]=   0 [7]=   0 [8]=   0 [9]=   0 [10]=   0 [11]=   0 
before (DPU 51) [0]= 833 [1]= 773 [2]= 720 [3]=   0 [4]=   0 [5]=   0 [6]=   0 [7]=   0 [8]=   0 [9]=   0 [10]=   0 [11]=   0 
after  (DPU 51) [0]= 833 [1]= 773 [2]= 720 [3]=   0 [4]=   0 [5]=   0 [6]=   0 [7]=   0 [8]=   0 [9]=   0 [10]=   0 [11]=   0 
before (DPU 52) [0]= 789 [1]= 776 [2]= 757 [3]=   0 [4]=   0 [5]=   0 [6]=   0 [7]=   0 [8]=   0 [9]=   0 [10]=   0 [11]=   0 
after  (DPU 52) [0]= 789 [1]= 776 [2]= 757 [3]=   0 [4]=   0 [5]=   0 [6]=   0 [7]=   0 [8]=   0 [9]=   0 [10]=   0 [11]=   0 
before (DPU 53) [0]= 745 [1]= 721 [2]= 765 [3]=   0 [4]=   0 [5]=   0 [6]=   0 [7]=   0 [8]=   0 [9]=   0 [10]=   0 [11]=   0 
after  (DPU 53) [0]= 745 [1]= 721 [2]= 765 [3]=   0 [4]=   0 [5]=   0 [6]=   0 [7]=   0 [8]=   0 [9]=   0 [10]=   0 [11]=   0 
before (DPU 54) [0]= 743 [1]= 758 [2]= 722 [3]=   0 [4]=   0 [5]=   0 [6]=   0 [7]=   0 [8]=   0 [9]=   0 [10]=   0 [11]=   0 
after  (DPU 54) [0]= 743 [1]= 758 [2]= 722 [3]=   0 [4]=   0 [5]=   0 [6]=   0 [7]=   0 [8]=   0 [9]=   0 [10]=   0 [11]=   0 
before (DPU 55) [0]= 735 [1]= 731 [2]= 703 [3]=   0 [4]=   0 [5]=   0 [6]=   0 [7]=   0 [8]=   0 [9]=   0 [10]=   0 [11]=   0 
after  (DPU 55) [0]= 735 [1]= 731 [2]= 703 [3]=   0 [4]=   0 [5]=   0 [6]=   0 [7]=   0 [8]=   0 [9]=   0 [10]=   0 [11]=   0 
before (DPU 56) [0]= 732 [1]= 661 [2]= 716 [3]=   0 [4]=   0 [5]=   0 [6]=   0 [7]=   0 [8]=   0 [9]=   0 [10]=   0 [11]=   0 
after  (DPU 56) [0]= 732 [1]= 661 [2]= 716 [3]=   0 [4]=   0 [5]=   0 [6]=   0 [7]=   0 [8]=   0 [9]=   0 [10]=   0 [11]=   0 
before (DPU 57) [0]= 697 [1]= 705 [2]= 657 [3]=   0 [4]=   0 [5]=   0 [6]=   0 [7]=   0 [8]=   0 [9]=   0 [10]=   0 [11]=   0 
after  (DPU 57) [0]= 697 [1]= 705 [2]= 657 [3]=   0 [4]=   0 [5]=   0 [6]=   0 [7]=   0 [8]=   0 [9]=   0 [10]=   0 [11]=   0 
before (DPU 58) [0]= 698 [1]= 684 [2]= 654 [3]=   0 [4]=   0 [5]=   0 [6]=   0 [7]=   0 [8]=   0 [9]=   0 [10]=   0 [11]=   0 
after  (DPU 58) [0]= 698 [1]= 684 [2]= 654 [3]=   0 [4]=   0 [5]=   0 [6]=   0 [7]=   0 [8]=   0 [9]=   0 [10]=   0 [11]=   0 
before (DPU 59) [0]= 692 [1]= 669 [2]= 636 [3]=   0 [4]=   0 [5]=   0 [6]=   0 [7]=   0 [8]=   0 [9]=   0 [10]=   0 [11]=   0 
after  (DPU 59) [0]= 692 [1]= 669 [2]= 636 [3]=   0 [4]=   0 [5]=   0 [6]=   0 [7]=   0 [8]=   0 [9]=   0 [10]=   0 [11]=   0 
before (DPU 60) [0]= 646 [1]= 659 [2]= 668 [3]=   0 [4]=   0 [5]=   0 [6]=   0 [7]=   0 [8]=   0 [9]=   0 [10]=   0 [11]=   0 
after  (DPU 60) [0]= 646 [1]= 659 [2]= 668 [3]=   0 [4]=   0 [5]=   0 [6]=   0 [7]=   0 [8]=   0 [9]=   0 [10]=   0 [11]=   0 
before (DPU 61) [0]= 651 [1]= 628 [2]= 618 [3]=   0 [4]=   0 [5]=   0 [6]=   0 [7]=   0 [8]=   0 [9]=   0 [10]=   0 [11]=   0 
after  (DPU 61) [0]= 651 [1]= 628 [2]= 618 [3]=   0 [4]=   0 [5]=   0 [6]=   0 [7]=   0 [8]=   0 [9]=   0 [10]=   0 [11]=   0 
before (DPU 62) [0]= 671 [1]= 686 [2]= 608 [3]=   0 [4]=   0 [5]=   0 [6]=   0 [7]=   0 [8]=   0 [9]=   0 [10]=   0 [11]=   0 
after  (DPU 62) [0]= 671 [1]= 686 [2]= 608 [3]=   0 [4]=   0 [5]=   0 [6]=   0 [7]=   0 [8]=   0 [9]=   0 [10]=   0 [11]=   0 
before (DPU 63) [0]= 628 [1]= 607 [2]= 589 [3]=   0 [4]=   0 [5]=   0 [6]=   0 [7]=   0 [8]=   0 [9]=   0 [10]=   0 [11]=   0 
after  (DPU 63) [0]= 628 [1]= 607 [2]= 589 [3]=   0 [4]=   0 [5]=   0 [6]=   0 [7]=   0 [8]=   0 [9]=   0 [10]=   0 [11]=   0 
before (DPU 64) [0]= 623 [1]= 609 [2]= 642 [3]=   0 [4]=   0 [5]=   0 [6]=   0 [7]=   0 [8]=   0 [9]=   0 [10]=   0 [11]=   0 
after  (DPU 64) [0]= 623 [1]= 609 [2]= 642 [3]=   0 [4]=   0 [5]=   0 [6]=   0 [7]=   0 [8]=   0 [9]=   0 [10]=   0 [11]=   0 
before (DPU 65) [0]= 622 [1]= 621 [2]= 608 [3]=   0 [4]=   0 [5]=   0 [6]=   0 [7]=   0 [8]=   0 [9]=   0 [10]=   0 [11]=   0 
after  (DPU 65) [0]= 622 [1]= 621 [2]= 608 [3]=   0 [4]=   0 [5]=   0 [6]=   0 [7]=   0 [8]=   0 [9]=   0 [10]=   0 [11]=   0 
before (DPU 66) [0]= 632 [1]= 609 [2]= 628 [3]=   0 [4]=   0 [5]=   0 [6]=   0 [7]=   0 [8]=   0 [9]=   0 [10]=   0 [11]=   0 
after  (DPU 66) [0]= 632 [1]= 609 [2]= 628 [3]=   0 [4]=   0 [5]=   0 [6]=   0 [7]=   0 [8]=   0 [9]=   0 [10]=   0 [11]=   0 
before (DPU 67) [0]= 580 [1]= 598 [2]= 644 [3]=   0 [4]=   0 [5]=   0 [6]=   0 [7]=   0 [8]=   0 [9]=   0 [10]=   0 [11]=   0 
after  (DPU 67) [0]= 580 [1]= 598 [2]= 644 [3]=   0 [4]=   0 [5]=   0 [6]=   0 [7]=   0 [8]=   0 [9]=   0 [10]=   0 [11]=   0 
before (DPU 68) [0]= 633 [1]= 610 [2]= 605 [3]=   0 [4]=   0 [5]=   0 [6]=   0 [7]=   0 [8]=   0 [9]=   0 [10]=   0 [11]=   0 
after  (DPU 68) [0]= 633 [1]= 610 [2]= 605 [3]=   0 [4]=   0 [5]=   0 [6]=   0 [7]=   0 [8]=   0 [9]=   0 [10]=   0 [11]=   0 
before (DPU 69) [0]= 589 [1]= 584 [2]= 589 [3]=   0 [4]=   0 [5]=   0 [6]=   0 [7]=   0 [8]=   0 [9]=   0 [10]=   0 [11]=   0 
after  (DPU 69) [0]= 589 [1]= 584 [2]= 589 [3]=   0 [4]=   0 [5]=   0 [6]=   0 [7]=   0 [8]=   0 [9]=   0 [10]=   0 [11]=   0 
before (DPU 70) [0]= 549 [1]= 557 [2]= 537 [3]=   0 [4]=   0 [5]=   0 [6]=   0 [7]=   0 [8]=   0 [9]=   0 [10]=   0 [11]=   0 
after  (DPU 70) [0]= 549 [1]= 557 [2]= 537 [3]=   0 [4]=   0 [5]=   0 [6]=   0 [7]=   0 [8]=   0 [9]=   0 [10]=   0 [11]=   0 
before (DPU 71) [0]= 523 [1]= 575 [2]= 602 [3]=   0 [4]=   0 [5]=   0 [6]=   0 [7]=   0 [8]=   0 [9]=   0 [10]=   0 [11]=   0 
after  (DPU 71) [0]= 523 [1]= 575 [2]= 602 [3]=   0 [4]=   0 [5]=   0 [6]=   0 [7]=   0 [8]=   0 [9]=   0 [10]=   0 [11]=   0 
before (DPU 72) [0]= 549 [1]= 572 [2]= 565 [3]=   0 [4]=   0 [5]=   0 [6]=   0 [7]=   0 [8]=   0 [9]=   0 [10]=   0 [11]=   0 
after  (DPU 72) [0]= 549 [1]= 572 [2]= 565 [3]=   0 [4]=   0 [5]=   0 [6]=   0 [7]=   0 [8]=   0 [9]=   0 [10]=   0 [11]=   0 
before (DPU 73) [0]= 512 [1]= 593 [2]= 572 [3]=   0 [4]=   0 [5]=   0 [6]=   0 [7]=   0 [8]=   0 [9]=   0 [10]=   0 [11]=   0 
after  (DPU 73) [0]= 512 [1]= 593 [2]= 572 [3]=   0 [4]=   0 [5]=   0 [6]=   0 [7]=   0 [8]=   0 [9]=   0 [10]=   0 [11]=   0 
before (DPU 74) [0]= 587 [1]= 537 [2]= 562 [3]=   0 [4]=   0 [5]=   0 [6]=   0 [7]=   0 [8]=   0 [9]=   0 [10]=   0 [11]=   0 
after  (DPU 74) [0]= 587 [1]= 537 [2]= 562 [3]=   0 [4]=   0 [5]=   0 [6]=   0 [7]=   0 [8]=   0 [9]=   0 [10]=   0 [11]=   0 
before (DPU 75) [0]= 547 [1]= 511 [2]= 511 [3]=   0 [4]=   0 [5]=   0 [6]=   0 [7]=   0 [8]=   0 [9]=   0 [10]=   0 [11]=   0 
after  (DPU 75) [0]= 547 [1]= 511 [2]= 511 [3]=   0 [4]=   0 [5]=   0 [6]=   0 [7]=   0 [8]=   0 [9]=   0 [10]=   0 [11]=   0 
before (DPU 76) [0]= 525 [1]= 516 [2]= 524 [3]=   0 [4]=   0 [5]=   0 [6]=   0 [7]=   0 [8]=   0 [9]=   0 [10]=   0 [11]=   0 
after  (DPU 76) [0]= 525 [1]= 516 [2]= 524 [3]=   0 [4]=   0 [5]=   0 [6]=   0 [7]=   0 [8]=   0 [9]=   0 [10]=   0 [11]=   0 
before (DPU 77) [0]= 546 [1]= 564 [2]= 518 [3]=   0 [4]=   0 [5]=   0 [6]=   0 [7]=   0 [8]=   0 [9]=   0 [10]=   0 [11]=   0 
after  (DPU 77) [0]= 546 [1]= 564 [2]= 518 [3]=   0 [4]=   0 [5]=   0 [6]=   0 [7]=   0 [8]=   0 [9]=   0 [10]=   0 [11]=   0 
before (DPU 78) [0]= 529 [1]= 487 [2]= 487 [3]=   0 [4]=   0 [5]=   0 [6]=   0 [7]=   0 [8]=   0 [9]=   0 [10]=   0 [11]=   0 
after  (DPU 78) [0]= 529 [1]= 487 [2]= 487 [3]=   0 [4]=   0 [5]=   0 [6]=   0 [7]=   0 [8]=   0 [9]=   0 [10]=   0 [11]=   0 
before (DPU 79) [0]= 512 [1]= 477 [2]= 555 [3]=   0 [4]=   0 [5]=   0 [6]=   0 [7]=   0 [8]=   0 [9]=   0 [10]=   0 [11]=   0 
after  (DPU 79) [0]= 512 [1]= 477 [2]= 555 [3]=   0 [4]=   0 [5]=   0 [6]=   0 [7]=   0 [8]=   0 [9]=   0 [10]=   0 [11]=   0 
before (DPU 80) [0]= 472 [1]= 494 [2]= 507 [3]=   0 [4]=   0 [5]=   0 [6]=   0 [7]=   0 [8]=   0 [9]=   0 [10]=   0 [11]=   0 
after  (DPU 80) [0]= 472 [1]= 494 [2]= 507 [3]=   0 [4]=   0 [5]=   0 [6]=   0 [7]=   0 [8]=   0 [9]=   0 [10]=   0 [11]=   0 
before (DPU 81) [0]= 442 [1]= 463 [2]= 471 [3]=   0 [4]=   0 [5]=   0 [6]=   0 [7]=   0 [8]=   0 [9]=   0 [10]=   0 [11]=   0 
after  (DPU 81) [0]= 442 [1]= 463 [2]= 471 [3]=   0 [4]=   0 [5]=   0 [6]=   0 [7]=   0 [8]=   0 [9]=   0 [10]=   0 [11]=   0 
before (DPU 82) [0]= 518 [1]= 472 [2]= 454 [3]=   0 [4]=   0 [5]=   0 [6]=   0 [7]=   0 [8]=   0 [9]=   0 [10]=   0 [11]=   0 
after  (DPU 82) [0]= 518 [1]= 472 [2]= 454 [3]=   0 [4]=   0 [5]=   0 [6]=   0 [7]=   0 [8]=   0 [9]=   0 [10]=   0 [11]=   0 
before (DPU 83) [0]= 490 [1]= 457 [2]= 475 [3]=   0 [4]=   0 [5]=   0 [6]=   0 [7]=   0 [8]=   0 [9]=   0 [10]=   0 [11]=   0 
after  (DPU 83) [0]= 490 [1]= 457 [2]= 475 [3]=   0 [4]=   0 [5]=   0 [6]=   0 [7]=   0 [8]=   0 [9]=   0 [10]=   0 [11]=   0 
before (DPU 84) [0]= 469 [1]= 473 [2]= 479 [3]=   0 [4]=   0 [5]=   0 [6]=   0 [7]=   0 [8]=   0 [9]=   0 [10]=   0 [11]=   0 
after  (DPU 84) [0]= 469 [1]= 473 [2]= 479 [3]=   0 [4]=   0 [5]=   0 [6]=   0 [7]=   0 [8]=   0 [9]=   0 [10]=   0 [11]=   0 
before (DPU 85) [0]= 523 [1]= 489 [2]= 491 [3]=   0 [4]=   0 [5]=   0 [6]=   0 [7]=   0 [8]=   0 [9]=   0 [10]=   0 [11]=   0 
after  (DPU 85) [0]= 523 [1]= 489 [2]= 491 [3]=   0 [4]=   0 [5]=   0 [6]=   0 [7]=   0 [8]=   0 [9]=   0 [10]=   0 [11]=   0 
before (DPU 86) [0]= 482 [1]= 487 [2]= 417 [3]=   0 [4]=   0 [5]=   0 [6]=   0 [7]=   0 [8]=   0 [9]=   0 [10]=   0 [11]=   0 
after  (DPU 86) [0]= 482 [1]= 487 [2]= 417 [3]=   0 [4]=   0 [5]=   0 [6]=   0 [7]=   0 [8]=   0 [9]=   0 [10]=   0 [11]=   0 
before (DPU 87) [0]= 433 [1]= 491 [2]= 474 [3]=   0 [4]=   0 [5]=   0 [6]=   0 [7]=   0 [8]=   0 [9]=   0 [10]=   0 [11]=   0 
after  (DPU 87) [0]= 433 [1]= 491 [2]= 474 [3]=   0 [4]=   0 [5]=   0 [6]=   0 [7]=   0 [8]=   0 [9]=   0 [10]=   0 [11]=   0 
before (DPU 88) [0]= 456 [1]= 442 [2]= 472 [3]=   0 [4]=   0 [5]=   0 [6]=   0 [7]=   0 [8]=   0 [9]=   0 [10]=   0 [11]=   0 
after  (DPU 88) [0]= 456 [1]= 442 [2]= 472 [3]=   0 [4]=   0 [5]=   0 [6]=   0 [7]=   0 [8]=   0 [9]=   0 [10]=   0 [11]=   0 
before (DPU 89) [0]= 460 [1]= 477 [2]= 449 [3]=   0 [4]=   0 [5]=   0 [6]=   0 [7]=   0 [8]=   0 [9]=   0 [10]=   0 [11]=   0 
after  (DPU 89) [0]= 460 [1]= 477 [2]= 449 [3]=   0 [4]=   0 [5]=   0 [6]=   0 [7]=   0 [8]=   0 [9]=   0 [10]=   0 [11]=   0 
before (DPU 90) [0]= 454 [1]= 449 [2]= 444 [3]=   0 [4]=   0 [5]=   0 [6]=   0 [7]=   0 [8]=   0 [9]=   0 [10]=   0 [11]=   0 
after  (DPU 90) [0]= 454 [1]= 449 [2]= 444 [3]=   0 [4]=   0 [5]=   0 [6]=   0 [7]=   0 [8]=   0 [9]=   0 [10]=   0 [11]=   0 
before (DPU 91) [0]= 471 [1]= 452 [2]= 454 [3]=   0 [4]=   0 [5]=   0 [6]=   0 [7]=   0 [8]=   0 [9]=   0 [10]=   0 [11]=   0 
after  (DPU 91) [0]= 471 [1]= 452 [2]= 454 [3]=   0 [4]=   0 [5]=   0 [6]=   0 [7]=   0 [8]=   0 [9]=   0 [10]=   0 [11]=   0 
before (DPU 92) [0]= 461 [1]= 418 [2]= 451 [3]=   0 [4]=   0 [5]=   0 [6]=   0 [7]=   0 [8]=   0 [9]=   0 [10]=   0 [11]=   0 
after  (DPU 92) [0]= 461 [1]= 418 [2]= 451 [3]=   0 [4]=   0 [5]=   0 [6]=   0 [7]=   0 [8]=   0 [9]=   0 [10]=   0 [11]=   0 
before (DPU 93) [0]= 409 [1]= 424 [2]= 418 [3]=   0 [4]=   0 [5]=   0 [6]=   0 [7]=   0 [8]=   0 [9]=   0 [10]=   0 [11]=   0 
after  (DPU 93) [0]= 409 [1]= 424 [2]= 418 [3]=   0 [4]=   0 [5]=   0 [6]=   0 [7]=   0 [8]=   0 [9]=   0 [10]=   0 [11]=   0 
before (DPU 94) [0]= 415 [1]= 445 [2]= 407 [3]=   0 [4]=   0 [5]=   0 [6]=   0 [7]=   0 [8]=   0 [9]=   0 [10]=   0 [11]=   0 
after  (DPU 94) [0]= 415 [1]= 445 [2]= 407 [3]=   0 [4]=   0 [5]=   0 [6]=   0 [7]=   0 [8]=   0 [9]=   0 [10]=   0 [11]=   0 
before (DPU 95) [0]= 461 [1]= 444 [2]= 436 [3]=   0 [4]=   0 [5]=   0 [6]=   0 [7]=   0 [8]=   0 [9]=   0 [10]=   0 [11]=   0 
after  (DPU 95) [0]= 461 [1]= 444 [2]= 436 [3]=   0 [4]=   0 [5]=   0 [6]=   0 [7]=   0 [8]=   0 [9]=   0 [10]=   0 [11]=   0 
before (DPU 96) [0]= 431 [1]= 462 [2]= 409 [3]=   0 [4]=   0 [5]=   0 [6]=   0 [7]=   0 [8]=   0 [9]=   0 [10]=   0 [11]=   0 
after  (DPU 96) [0]= 431 [1]= 462 [2]= 409 [3]=   0 [4]=   0 [5]=   0 [6]=   0 [7]=   0 [8]=   0 [9]=   0 [10]=   0 [11]=   0 
before (DPU 97) [0]= 421 [1]= 424 [2]= 463 [3]=   0 [4]=   0 [5]=   0 [6]=   0 [7]=   0 [8]=   0 [9]=   0 [10]=   0 [11]=   0 
after  (DPU 97) [0]= 421 [1]= 424 [2]= 463 [3]=   0 [4]=   0 [5]=   0 [6]=   0 [7]=   0 [8]=   0 [9]=   0 [10]=   0 [11]=   0 
before (DPU 98) [0]= 419 [1]= 404 [2]= 423 [3]=   0 [4]=   0 [5]=   0 [6]=   0 [7]=   0 [8]=   0 [9]=   0 [10]=   0 [11]=   0 
after  (DPU 98) [0]= 419 [1]= 404 [2]= 423 [3]=   0 [4]=   0 [5]=   0 [6]=   0 [7]=   0 [8]=   0 [9]=   0 [10]=   0 [11]=   0 
before (DPU 99) [0]= 414 [1]= 427 [2]= 404 [3]=   0 [4]=   0 [5]=   0 [6]=   0 [7]=   0 [8]=   0 [9]=   0 [10]=   0 [11]=   0 
after  (DPU 99) [0]= 414 [1]= 427 [2]= 404 [3]=   0 [4]=   0 [5]=   0 [6]=   0 [7]=   0 [8]=   0 [9]=   0 [10]=   0 [11]=   0 
before (DPU 100) [0]= 366 [1]= 389 [2]= 426 [3]=   0 [4]=   0 [5]=   0 [6]=   0 [7]=   0 [8]=   0 [9]=   0 [10]=   0 [11]=   0 
after  (DPU 100) [0]= 366 [1]= 389 [2]= 426 [3]=   0 [4]=   0 [5]=   0 [6]=   0 [7]=   0 [8]=   0 [9]=   0 [10]=   0 [11]=   0 
before (DPU 101) [0]= 424 [1]= 395 [2]= 394 [3]=   0 [4]=   0 [5]=   0 [6]=   0 [7]=   0 [8]=   0 [9]=   0 [10]=   0 [11]=   0 
after  (DPU 101) [0]= 424 [1]= 395 [2]= 394 [3]=   0 [4]=   0 [5]=   0 [6]=   0 [7]=   0 [8]=   0 [9]=   0 [10]=   0 [11]=   0 
before (DPU 102) [0]= 405 [1]= 365 [2]= 364 [3]=   0 [4]=   0 [5]=   0 [6]=   0 [7]=   0 [8]=   0 [9]=   0 [10]=   0 [11]=   0 
after  (DPU 102) [0]= 405 [1]= 365 [2]= 364 [3]=   0 [4]=   0 [5]=   0 [6]=   0 [7]=   0 [8]=   0 [9]=   0 [10]=   0 [11]=   0 
before (DPU 103) [0]= 380 [1]= 382 [2]= 381 [3]=   0 [4]=   0 [5]=   0 [6]=   0 [7]=   0 [8]=   0 [9]=   0 [10]=   0 [11]=   0 
after  (DPU 103) [0]= 380 [1]= 382 [2]= 381 [3]=   0 [4]=   0 [5]=   0 [6]=   0 [7]=   0 [8]=   0 [9]=   0 [10]=   0 [11]=   0 
before (DPU 104) [0]= 396 [1]= 381 [2]= 390 [3]=   0 [4]=   0 [5]=   0 [6]=   0 [7]=   0 [8]=   0 [9]=   0 [10]=   0 [11]=   0 
after  (DPU 104) [0]= 396 [1]= 381 [2]= 390 [3]=   0 [4]=   0 [5]=   0 [6]=   0 [7]=   0 [8]=   0 [9]=   0 [10]=   0 [11]=   0 
before (DPU 105) [0]= 382 [1]= 371 [2]= 384 [3]=   0 [4]=   0 [5]=   0 [6]=   0 [7]=   0 [8]=   0 [9]=   0 [10]=   0 [11]=   0 
after  (DPU 105) [0]= 382 [1]= 371 [2]= 384 [3]=   0 [4]=   0 [5]=   0 [6]=   0 [7]=   0 [8]=   0 [9]=   0 [10]=   0 [11]=   0 
before (DPU 106) [0]= 376 [1]= 351 [2]= 405 [3]=   0 [4]=   0 [5]=   0 [6]=   0 [7]=   0 [8]=   0 [9]=   0 [10]=   0 [11]=   0 
after  (DPU 106) [0]= 376 [1]= 351 [2]= 405 [3]=   0 [4]=   0 [5]=   0 [6]=   0 [7]=   0 [8]=   0 [9]=   0 [10]=   0 [11]=   0 
before (DPU 107) [0]= 399 [1]= 340 [2]= 380 [3]=   0 [4]=   0 [5]=   0 [6]=   0 [7]=   0 [8]=   0 [9]=   0 [10]=   0 [11]=   0 
after  (DPU 107) [0]= 399 [1]= 340 [2]= 380 [3]=   0 [4]=   0 [5]=   0 [6]=   0 [7]=   0 [8]=   0 [9]=   0 [10]=   0 [11]=   0 
before (DPU 108) [0]= 364 [1]= 346 [2]= 331 [3]=   0 [4]=   0 [5]=   0 [6]=   0 [7]=   0 [8]=   0 [9]=   0 [10]=   0 [11]=   0 
after  (DPU 108) [0]= 364 [1]= 346 [2]= 331 [3]=   0 [4]=   0 [5]=   0 [6]=   0 [7]=   0 [8]=   0 [9]=   0 [10]=   0 [11]=   0 
before (DPU 109) [0]= 396 [1]= 368 [2]= 360 [3]=   0 [4]=   0 [5]=   0 [6]=   0 [7]=   0 [8]=   0 [9]=   0 [10]=   0 [11]=   0 
after  (DPU 109) [0]= 396 [1]= 368 [2]= 360 [3]=   0 [4]=   0 [5]=   0 [6]=   0 [7]=   0 [8]=   0 [9]=   0 [10]=   0 [11]=   0 
before (DPU 110) [0]= 374 [1]= 367 [2]= 349 [3]=   0 [4]=   0 [5]=   0 [6]=   0 [7]=   0 [8]=   0 [9]=   0 [10]=   0 [11]=   0 
after  (DPU 110) [0]= 374 [1]= 367 [2]= 349 [3]=   0 [4]=   0 [5]=   0 [6]=   0 [7]=   0 [8]=   0 [9]=   0 [10]=   0 [11]=   0 
before (DPU 111) [0]= 371 [1]= 363 [2]= 389 [3]=   0 [4]=   0 [5]=   0 [6]=   0 [7]=   0 [8]=   0 [9]=   0 [10]=   0 [11]=   0 
after  (DPU 111) [0]= 371 [1]= 363 [2]= 389 [3]=   0 [4]=   0 [5]=   0 [6]=   0 [7]=   0 [8]=   0 [9]=   0 [10]=   0 [11]=   0 
before (DPU 112) [0]= 353 [1]= 363 [2]= 376 [3]=   0 [4]=   0 [5]=   0 [6]=   0 [7]=   0 [8]=   0 [9]=   0 [10]=   0 [11]=   0 
after  (DPU 112) [0]= 353 [1]= 363 [2]= 376 [3]=   0 [4]=   0 [5]=   0 [6]=   0 [7]=   0 [8]=   0 [9]=   0 [10]=   0 [11]=   0 
before (DPU 113) [0]= 339 [1]= 387 [2]= 345 [3]=   0 [4]=   0 [5]=   0 [6]=   0 [7]=   0 [8]=   0 [9]=   0 [10]=   0 [11]=   0 
after  (DPU 113) [0]= 339 [1]= 387 [2]= 345 [3]=   0 [4]=   0 [5]=   0 [6]=   0 [7]=   0 [8]=   0 [9]=   0 [10]=   0 [11]=   0 
before (DPU 114) [0]= 351 [1]= 353 [2]= 336 [3]=   0 [4]=   0 [5]=   0 [6]=   0 [7]=   0 [8]=   0 [9]=   0 [10]=   0 [11]=   0 
after  (DPU 114) [0]= 351 [1]= 353 [2]= 336 [3]=   0 [4]=   0 [5]=   0 [6]=   0 [7]=   0 [8]=   0 [9]=   0 [10]=   0 [11]=   0 
before (DPU 115) [0]= 324 [1]= 314 [2]= 384 [3]=   0 [4]=   0 [5]=   0 [6]=   0 [7]=   0 [8]=   0 [9]=   0 [10]=   0 [11]=   0 
after  (DPU 115) [0]= 324 [1]= 314 [2]= 384 [3]=   0 [4]=   0 [5]=   0 [6]=   0 [7]=   0 [8]=   0 [9]=   0 [10]=   0 [11]=   0 
before (DPU 116) [0]= 362 [1]= 375 [2]= 369 [3]=   0 [4]=   0 [5]=   0 [6]=   0 [7]=   0 [8]=   0 [9]=   0 [10]=   0 [11]=   0 
after  (DPU 116) [0]= 362 [1]= 375 [2]= 369 [3]=   0 [4]=   0 [5]=   0 [6]=   0 [7]=   0 [8]=   0 [9]=   0 [10]=   0 [11]=   0 
before (DPU 117) [0]= 343 [1]= 349 [2]= 362 [3]=   0 [4]=   0 [5]=   0 [6]=   0 [7]=   0 [8]=   0 [9]=   0 [10]=   0 [11]=   0 
after  (DPU 117) [0]= 343 [1]= 349 [2]= 362 [3]=   0 [4]=   0 [5]=   0 [6]=   0 [7]=   0 [8]=   0 [9]=   0 [10]=   0 [11]=   0 
before (DPU 118) [0]= 365 [1]= 350 [2]= 316 [3]=   0 [4]=   0 [5]=   0 [6]=   0 [7]=   0 [8]=   0 [9]=   0 [10]=   0 [11]=   0 
after  (DPU 118) [0]= 365 [1]= 350 [2]= 316 [3]=   0 [4]=   0 [5]=   0 [6]=   0 [7]=   0 [8]=   0 [9]=   0 [10]=   0 [11]=   0 
before (DPU 119) [0]= 362 [1]= 340 [2]= 348 [3]=   0 [4]=   0 [5]=   0 [6]=   0 [7]=   0 [8]=   0 [9]=   0 [10]=   0 [11]=   0 
after  (DPU 119) [0]= 362 [1]= 340 [2]= 348 [3]=   0 [4]=   0 [5]=   0 [6]=   0 [7]=   0 [8]=   0 [9]=   0 [10]=   0 [11]=   0 
before (DPU 120) [0]= 322 [1]= 319 [2]= 325 [3]=   0 [4]=   0 [5]=   0 [6]=   0 [7]=   0 [8]=   0 [9]=   0 [10]=   0 [11]=   0 
after  (DPU 120) [0]= 322 [1]= 319 [2]= 325 [3]=   0 [4]=   0 [5]=   0 [6]=   0 [7]=   0 [8]=   0 [9]=   0 [10]=   0 [11]=   0 
before (DPU 121) [0]= 328 [1]= 324 [2]= 343 [3]=   0 [4]=   0 [5]=   0 [6]=   0 [7]=   0 [8]=   0 [9]=   0 [10]=   0 [11]=   0 
after  (DPU 121) [0]= 328 [1]= 324 [2]= 343 [3]=   0 [4]=   0 [5]=   0 [6]=   0 [7]=   0 [8]=   0 [9]=   0 [10]=   0 [11]=   0 
before (DPU 122) [0]= 305 [1]= 336 [2]= 350 [3]=   0 [4]=   0 [5]=   0 [6]=   0 [7]=   0 [8]=   0 [9]=   0 [10]=   0 [11]=   0 
after  (DPU 122) [0]= 305 [1]= 336 [2]= 350 [3]=   0 [4]=   0 [5]=   0 [6]=   0 [7]=   0 [8]=   0 [9]=   0 [10]=   0 [11]=   0 
before (DPU 123) [0]= 355 [1]= 308 [2]= 331 [3]=   0 [4]=   0 [5]=   0 [6]=   0 [7]=   0 [8]=   0 [9]=   0 [10]=   0 [11]=   0 
after  (DPU 123) [0]= 355 [1]= 308 [2]= 331 [3]=   0 [4]=   0 [5]=   0 [6]=   0 [7]=   0 [8]=   0 [9]=   0 [10]=   0 [11]=   0 
before (DPU 124) [0]= 347 [1]= 320 [2]= 325 [3]=   0 [4]=   0 [5]=   0 [6]=   0 [7]=   0 [8]=   0 [9]=   0 [10]=   0 [11]=   0 
after  (DPU 124) [0]= 347 [1]= 320 [2]= 325 [3]=   0 [4]=   0 [5]=   0 [6]=   0 [7]=   0 [8]=   0 [9]=   0 [10]=   0 [11]=   0 
before (DPU 125) [0]= 311 [1]= 308 [2]= 339 [3]=   0 [4]=   0 [5]=   0 [6]=   0 [7]=   0 [8]=   0 [9]=   0 [10]=   0 [11]=   0 
after  (DPU 125) [0]= 311 [1]= 308 [2]= 339 [3]=   0 [4]=   0 [5]=   0 [6]=   0 [7]=   0 [8]=   0 [9]=   0 [10]=   0 [11]=   0 
before (DPU 126) [0]= 346 [1]= 311 [2]= 353 [3]=   0 [4]=   0 [5]=   0 [6]=   0 [7]=   0 [8]=   0 [9]=   0 [10]=   0 [11]=   0 
after  (DPU 126) [0]= 346 [1]= 311 [2]= 353 [3]=   0 [4]=   0 [5]=   0 [6]=   0 [7]=   0 [8]=   0 [9]=   0 [10]=   0 [11]=   0 
before (DPU 127) [0]= 308 [1]= 304 [2]= 318 [3]=   0 [4]=   0 [5]=   0 [6]=   0 [7]=   0 [8]=   0 [9]=   0 [10]=   0 [11]=   0 
after  (DPU 127) [0]= 308 [1]= 304 [2]= 318 [3]=   0 [4]=   0 [5]=   0 [6]=   0 [7]=   0 [8]=   0 [9]=   0 [10]=   0 [11]=   0 
before (DPU 128) [0]= 324 [1]= 309 [2]= 303 [3]=   0 [4]=   0 [5]=   0 [6]=   0 [7]=   0 [8]=   0 [9]=   0 [10]=   0 [11]=   0 
after  (DPU 128) [0]= 324 [1]= 309 [2]= 303 [3]=   0 [4]=   0 [5]=   0 [6]=   0 [7]=   0 [8]=   0 [9]=   0 [10]=   0 [11]=   0 
before (DPU 129) [0]= 324 [1]= 304 [2]= 305 [3]=   0 [4]=   0 [5]=   0 [6]=   0 [7]=   0 [8]=   0 [9]=   0 [10]=   0 [11]=   0 
after  (DPU 129) [0]= 324 [1]= 304 [2]= 305 [3]=   0 [4]=   0 [5]=   0 [6]=   0 [7]=   0 [8]=   0 [9]=   0 [10]=   0 [11]=   0 
before (DPU 130) [0]= 296 [1]= 350 [2]= 310 [3]=   0 [4]=   0 [5]=   0 [6]=   0 [7]=   0 [8]=   0 [9]=   0 [10]=   0 [11]=   0 
after  (DPU 130) [0]= 296 [1]= 350 [2]= 310 [3]=   0 [4]=   0 [5]=   0 [6]=   0 [7]=   0 [8]=   0 [9]=   0 [10]=   0 [11]=   0 
before (DPU 131) [0]= 326 [1]= 271 [2]= 319 [3]=   0 [4]=   0 [5]=   0 [6]=   0 [7]=   0 [8]=   0 [9]=   0 [10]=   0 [11]=   0 
after  (DPU 131) [0]= 326 [1]= 271 [2]= 319 [3]=   0 [4]=   0 [5]=   0 [6]=   0 [7]=   0 [8]=   0 [9]=   0 [10]=   0 [11]=   0 
before (DPU 132) [0]= 326 [1]= 297 [2]= 312 [3]=   0 [4]=   0 [5]=   0 [6]=   0 [7]=   0 [8]=   0 [9]=   0 [10]=   0 [11]=   0 
after  (DPU 132) [0]= 326 [1]= 297 [2]= 312 [3]=   0 [4]=   0 [5]=   0 [6]=   0 [7]=   0 [8]=   0 [9]=   0 [10]=   0 [11]=   0 
before (DPU 133) [0]= 314 [1]= 314 [2]= 287 [3]=   0 [4]=   0 [5]=   0 [6]=   0 [7]=   0 [8]=   0 [9]=   0 [10]=   0 [11]=   0 
after  (DPU 133) [0]= 314 [1]= 314 [2]= 287 [3]=   0 [4]=   0 [5]=   0 [6]=   0 [7]=   0 [8]=   0 [9]=   0 [10]=   0 [11]=   0 
before (DPU 134) [0]= 286 [1]= 303 [2]= 309 [3]=   0 [4]=   0 [5]=   0 [6]=   0 [7]=   0 [8]=   0 [9]=   0 [10]=   0 [11]=   0 
after  (DPU 134) [0]= 286 [1]= 303 [2]= 309 [3]=   0 [4]=   0 [5]=   0 [6]=   0 [7]=   0 [8]=   0 [9]=   0 [10]=   0 [11]=   0 
before (DPU 135) [0]= 279 [1]= 340 [2]= 288 [3]=   0 [4]=   0 [5]=   0 [6]=   0 [7]=   0 [8]=   0 [9]=   0 [10]=   0 [11]=   0 
after  (DPU 135) [0]= 279 [1]= 340 [2]= 288 [3]=   0 [4]=   0 [5]=   0 [6]=   0 [7]=   0 [8]=   0 [9]=   0 [10]=   0 [11]=   0 
before (DPU 136) [0]= 307 [1]= 295 [2]= 307 [3]=   0 [4]=   0 [5]=   0 [6]=   0 [7]=   0 [8]=   0 [9]=   0 [10]=   0 [11]=   0 
after  (DPU 136) [0]= 307 [1]= 295 [2]= 307 [3]=   0 [4]=   0 [5]=   0 [6]=   0 [7]=   0 [8]=   0 [9]=   0 [10]=   0 [11]=   0 
before (DPU 137) [0]= 273 [1]= 306 [2]= 289 [3]=   0 [4]=   0 [5]=   0 [6]=   0 [7]=   0 [8]=   0 [9]=   0 [10]=   0 [11]=   0 
after  (DPU 137) [0]= 273 [1]= 306 [2]= 289 [3]=   0 [4]=   0 [5]=   0 [6]=   0 [7]=   0 [8]=   0 [9]=   0 [10]=   0 [11]=   0 
before (DPU 138) [0]= 307 [1]= 284 [2]= 292 [3]=   0 [4]=   0 [5]=   0 [6]=   0 [7]=   0 [8]=   0 [9]=   0 [10]=   0 [11]=   0 
after  (DPU 138) [0]= 307 [1]= 284 [2]= 292 [3]=   0 [4]=   0 [5]=   0 [6]=   0 [7]=   0 [8]=   0 [9]=   0 [10]=   0 [11]=   0 
before (DPU 139) [0]= 305 [1]= 313 [2]= 293 [3]=   0 [4]=   0 [5]=   0 [6]=   0 [7]=   0 [8]=   0 [9]=   0 [10]=   0 [11]=   0 
after  (DPU 139) [0]= 305 [1]= 313 [2]= 293 [3]=   0 [4]=   0 [5]=   0 [6]=   0 [7]=   0 [8]=   0 [9]=   0 [10]=   0 [11]=   0 
before (DPU 140) [0]= 263 [1]= 280 [2]= 292 [3]=   0 [4]=   0 [5]=   0 [6]=   0 [7]=   0 [8]=   0 [9]=   0 [10]=   0 [11]=   0 
after  (DPU 140) [0]= 263 [1]= 280 [2]= 292 [3]=   0 [4]=   0 [5]=   0 [6]=   0 [7]=   0 [8]=   0 [9]=   0 [10]=   0 [11]=   0 
before (DPU 141) [0]= 314 [1]= 276 [2]= 277 [3]=   0 [4]=   0 [5]=   0 [6]=   0 [7]=   0 [8]=   0 [9]=   0 [10]=   0 [11]=   0 
after  (DPU 141) [0]= 314 [1]= 276 [2]= 277 [3]=   0 [4]=   0 [5]=   0 [6]=   0 [7]=   0 [8]=   0 [9]=   0 [10]=   0 [11]=   0 
before (DPU 142) [0]= 308 [1]= 284 [2]= 266 [3]=   0 [4]=   0 [5]=   0 [6]=   0 [7]=   0 [8]=   0 [9]=   0 [10]=   0 [11]=   0 
after  (DPU 142) [0]= 308 [1]= 284 [2]= 266 [3]=   0 [4]=   0 [5]=   0 [6]=   0 [7]=   0 [8]=   0 [9]=   0 [10]=   0 [11]=   0 
before (DPU 143) [0]= 255 [1]= 291 [2]= 313 [3]=   0 [4]=   0 [5]=   0 [6]=   0 [7]=   0 [8]=   0 [9]=   0 [10]=   0 [11]=   0 
after  (DPU 143) [0]= 255 [1]= 291 [2]= 313 [3]=   0 [4]=   0 [5]=   0 [6]=   0 [7]=   0 [8]=   0 [9]=   0 [10]=   0 [11]=   0 
before (DPU 144) [0]= 283 [1]= 280 [2]= 278 [3]=   0 [4]=   0 [5]=   0 [6]=   0 [7]=   0 [8]=   0 [9]=   0 [10]=   0 [11]=   0 
after  (DPU 144) [0]= 283 [1]= 280 [2]= 278 [3]=   0 [4]=   0 [5]=   0 [6]=   0 [7]=   0 [8]=   0 [9]=   0 [10]=   0 [11]=   0 
before (DPU 145) [0]= 300 [1]= 276 [2]= 259 [3]=   0 [4]=   0 [5]=   0 [6]=   0 [7]=   0 [8]=   0 [9]=   0 [10]=   0 [11]=   0 
after  (DPU 145) [0]= 300 [1]= 276 [2]= 259 [3]=   0 [4]=   0 [5]=   0 [6]=   0 [7]=   0 [8]=   0 [9]=   0 [10]=   0 [11]=   0 
before (DPU 146) [0]= 280 [1]= 291 [2]= 298 [3]=   0 [4]=   0 [5]=   0 [6]=   0 [7]=   0 [8]=   0 [9]=   0 [10]=   0 [11]=   0 
after  (DPU 146) [0]= 280 [1]= 291 [2]= 298 [3]=   0 [4]=   0 [5]=   0 [6]=   0 [7]=   0 [8]=   0 [9]=   0 [10]=   0 [11]=   0 
before (DPU 147) [0]= 251 [1]= 292 [2]= 279 [3]=   0 [4]=   0 [5]=   0 [6]=   0 [7]=   0 [8]=   0 [9]=   0 [10]=   0 [11]=   0 
after  (DPU 147) [0]= 251 [1]= 292 [2]= 279 [3]=   0 [4]=   0 [5]=   0 [6]=   0 [7]=   0 [8]=   0 [9]=   0 [10]=   0 [11]=   0 
before (DPU 148) [0]= 263 [1]= 250 [2]= 274 [3]=   0 [4]=   0 [5]=   0 [6]=   0 [7]=   0 [8]=   0 [9]=   0 [10]=   0 [11]=   0 
after  (DPU 148) [0]= 263 [1]= 250 [2]= 274 [3]=   0 [4]=   0 [5]=   0 [6]=   0 [7]=   0 [8]=   0 [9]=   0 [10]=   0 [11]=   0 
before (DPU 149) [0]= 292 [1]= 287 [2]= 258 [3]=   0 [4]=   0 [5]=   0 [6]=   0 [7]=   0 [8]=   0 [9]=   0 [10]=   0 [11]=   0 
after  (DPU 149) [0]= 292 [1]= 287 [2]= 258 [3]=   0 [4]=   0 [5]=   0 [6]=   0 [7]=   0 [8]=   0 [9]=   0 [10]=   0 [11]=   0 
before (DPU 150) [0]= 285 [1]= 275 [2]= 250 [3]=   0 [4]=   0 [5]=   0 [6]=   0 [7]=   0 [8]=   0 [9]=   0 [10]=   0 [11]=   0 
after  (DPU 150) [0]= 285 [1]= 275 [2]= 250 [3]=   0 [4]=   0 [5]=   0 [6]=   0 [7]=   0 [8]=   0 [9]=   0 [10]=   0 [11]=   0 
before (DPU 151) [0]= 233 [1]= 294 [2]= 255 [3]=   0 [4]=   0 [5]=   0 [6]=   0 [7]=   0 [8]=   0 [9]=   0 [10]=   0 [11]=   0 
after  (DPU 151) [0]= 233 [1]= 294 [2]= 255 [3]=   0 [4]=   0 [5]=   0 [6]=   0 [7]=   0 [8]=   0 [9]=   0 [10]=   0 [11]=   0 
before (DPU 152) [0]= 290 [1]= 259 [2]= 264 [3]=   0 [4]=   0 [5]=   0 [6]=   0 [7]=   0 [8]=   0 [9]=   0 [10]=   0 [11]=   0 
after  (DPU 152) [0]= 290 [1]= 259 [2]= 264 [3]=   0 [4]=   0 [5]=   0 [6]=   0 [7]=   0 [8]=   0 [9]=   0 [10]=   0 [11]=   0 
before (DPU 153) [0]= 271 [1]= 289 [2]= 262 [3]=   0 [4]=   0 [5]=   0 [6]=   0 [7]=   0 [8]=   0 [9]=   0 [10]=   0 [11]=   0 
after  (DPU 153) [0]= 271 [1]= 289 [2]= 262 [3]=   0 [4]=   0 [5]=   0 [6]=   0 [7]=   0 [8]=   0 [9]=   0 [10]=   0 [11]=   0 
before (DPU 154) [0]= 262 [1]= 273 [2]= 261 [3]=   0 [4]=   0 [5]=   0 [6]=   0 [7]=   0 [8]=   0 [9]=   0 [10]=   0 [11]=   0 
after  (DPU 154) [0]= 262 [1]= 273 [2]= 261 [3]=   0 [4]=   0 [5]=   0 [6]=   0 [7]=   0 [8]=   0 [9]=   0 [10]=   0 [11]=   0 
before (DPU 155) [0]= 254 [1]= 276 [2]= 245 [3]=   0 [4]=   0 [5]=   0 [6]=   0 [7]=   0 [8]=   0 [9]=   0 [10]=   0 [11]=   0 
after  (DPU 155) [0]= 254 [1]= 276 [2]= 245 [3]=   0 [4]=   0 [5]=   0 [6]=   0 [7]=   0 [8]=   0 [9]=   0 [10]=   0 [11]=   0 
before (DPU 156) [0]= 285 [1]= 249 [2]= 246 [3]=   0 [4]=   0 [5]=   0 [6]=   0 [7]=   0 [8]=   0 [9]=   0 [10]=   0 [11]=   0 
after  (DPU 156) [0]= 285 [1]= 249 [2]= 246 [3]=   0 [4]=   0 [5]=   0 [6]=   0 [7]=   0 [8]=   0 [9]=   0 [10]=   0 [11]=   0 
before (DPU 157) [0]= 248 [1]= 278 [2]= 305 [3]=   0 [4]=   0 [5]=   0 [6]=   0 [7]=   0 [8]=   0 [9]=   0 [10]=   0 [11]=   0 
after  (DPU 157) [0]= 248 [1]= 278 [2]= 305 [3]=   0 [4]=   0 [5]=   0 [6]=   0 [7]=   0 [8]=   0 [9]=   0 [10]=   0 [11]=   0 
before (DPU 158) [0]= 273 [1]= 266 [2]= 244 [3]=   0 [4]=   0 [5]=   0 [6]=   0 [7]=   0 [8]=   0 [9]=   0 [10]=   0 [11]=   0 
after  (DPU 158) [0]= 273 [1]= 266 [2]= 244 [3]=   0 [4]=   0 [5]=   0 [6]=   0 [7]=   0 [8]=   0 [9]=   0 [10]=   0 [11]=   0 
before (DPU 159) [0]= 251 [1]= 272 [2]= 263 [3]=   0 [4]=   0 [5]=   0 [6]=   0 [7]=   0 [8]=   0 [9]=   0 [10]=   0 [11]=   0 
after  (DPU 159) [0]= 251 [1]= 272 [2]= 263 [3]=   0 [4]=   0 [5]=   0 [6]=   0 [7]=   0 [8]=   0 [9]=   0 [10]=   0 [11]=   0 
before (DPU 160) [0]= 212 [1]= 244 [2]= 244 [3]=   0 [4]=   0 [5]=   0 [6]=   0 [7]=   0 [8]=   0 [9]=   0 [10]=   0 [11]=   0 
after  (DPU 160) [0]= 212 [1]= 244 [2]= 244 [3]=   0 [4]=   0 [5]=   0 [6]=   0 [7]=   0 [8]=   0 [9]=   0 [10]=   0 [11]=   0 
before (DPU 161) [0]= 268 [1]= 243 [2]= 252 [3]=   0 [4]=   0 [5]=   0 [6]=   0 [7]=   0 [8]=   0 [9]=   0 [10]=   0 [11]=   0 
after  (DPU 161) [0]= 268 [1]= 243 [2]= 252 [3]=   0 [4]=   0 [5]=   0 [6]=   0 [7]=   0 [8]=   0 [9]=   0 [10]=   0 [11]=   0 
before (DPU 162) [0]= 254 [1]= 255 [2]= 252 [3]=   0 [4]=   0 [5]=   0 [6]=   0 [7]=   0 [8]=   0 [9]=   0 [10]=   0 [11]=   0 
after  (DPU 162) [0]= 254 [1]= 255 [2]= 252 [3]=   0 [4]=   0 [5]=   0 [6]=   0 [7]=   0 [8]=   0 [9]=   0 [10]=   0 [11]=   0 
before (DPU 163) [0]= 261 [1]= 251 [2]= 265 [3]=   0 [4]=   0 [5]=   0 [6]=   0 [7]=   0 [8]=   0 [9]=   0 [10]=   0 [11]=   0 
after  (DPU 163) [0]= 261 [1]= 251 [2]= 265 [3]=   0 [4]=   0 [5]=   0 [6]=   0 [7]=   0 [8]=   0 [9]=   0 [10]=   0 [11]=   0 
before (DPU 164) [0]= 235 [1]= 222 [2]= 244 [3]=   0 [4]=   0 [5]=   0 [6]=   0 [7]=   0 [8]=   0 [9]=   0 [10]=   0 [11]=   0 
after  (DPU 164) [0]= 235 [1]= 222 [2]= 244 [3]=   0 [4]=   0 [5]=   0 [6]=   0 [7]=   0 [8]=   0 [9]=   0 [10]=   0 [11]=   0 
before (DPU 165) [0]= 229 [1]= 246 [2]= 254 [3]=   0 [4]=   0 [5]=   0 [6]=   0 [7]=   0 [8]=   0 [9]=   0 [10]=   0 [11]=   0 
after  (DPU 165) [0]= 229 [1]= 246 [2]= 254 [3]=   0 [4]=   0 [5]=   0 [6]=   0 [7]=   0 [8]=   0 [9]=   0 [10]=   0 [11]=   0 
before (DPU 166) [0]= 255 [1]= 271 [2]= 237 [3]=   0 [4]=   0 [5]=   0 [6]=   0 [7]=   0 [8]=   0 [9]=   0 [10]=   0 [11]=   0 
after  (DPU 166) [0]= 255 [1]= 271 [2]= 237 [3]=   0 [4]=   0 [5]=   0 [6]=   0 [7]=   0 [8]=   0 [9]=   0 [10]=   0 [11]=   0 
before (DPU 167) [0]= 259 [1]= 215 [2]= 246 [3]=   0 [4]=   0 [5]=   0 [6]=   0 [7]=   0 [8]=   0 [9]=   0 [10]=   0 [11]=   0 
after  (DPU 167) [0]= 259 [1]= 215 [2]= 246 [3]=   0 [4]=   0 [5]=   0 [6]=   0 [7]=   0 [8]=   0 [9]=   0 [10]=   0 [11]=   0 
before (DPU 168) [0]= 260 [1]= 266 [2]= 271 [3]=   0 [4]=   0 [5]=   0 [6]=   0 [7]=   0 [8]=   0 [9]=   0 [10]=   0 [11]=   0 
after  (DPU 168) [0]= 260 [1]= 266 [2]= 271 [3]=   0 [4]=   0 [5]=   0 [6]=   0 [7]=   0 [8]=   0 [9]=   0 [10]=   0 [11]=   0 
before (DPU 169) [0]= 265 [1]= 217 [2]= 211 [3]=   0 [4]=   0 [5]=   0 [6]=   0 [7]=   0 [8]=   0 [9]=   0 [10]=   0 [11]=   0 
after  (DPU 169) [0]= 265 [1]= 217 [2]= 211 [3]=   0 [4]=   0 [5]=   0 [6]=   0 [7]=   0 [8]=   0 [9]=   0 [10]=   0 [11]=   0 
before (DPU 170) [0]= 266 [1]= 199 [2]= 253 [3]=   0 [4]=   0 [5]=   0 [6]=   0 [7]=   0 [8]=   0 [9]=   0 [10]=   0 [11]=   0 
after  (DPU 170) [0]= 266 [1]= 199 [2]= 253 [3]=   0 [4]=   0 [5]=   0 [6]=   0 [7]=   0 [8]=   0 [9]=   0 [10]=   0 [11]=   0 
before (DPU 171) [0]= 225 [1]= 274 [2]= 240 [3]=   0 [4]=   0 [5]=   0 [6]=   0 [7]=   0 [8]=   0 [9]=   0 [10]=   0 [11]=   0 
after  (DPU 171) [0]= 225 [1]= 274 [2]= 240 [3]=   0 [4]=   0 [5]=   0 [6]=   0 [7]=   0 [8]=   0 [9]=   0 [10]=   0 [11]=   0 
before (DPU 172) [0]= 220 [1]= 235 [2]= 215 [3]=   0 [4]=   0 [5]=   0 [6]=   0 [7]=   0 [8]=   0 [9]=   0 [10]=   0 [11]=   0 
after  (DPU 172) [0]= 220 [1]= 235 [2]= 215 [3]=   0 [4]=   0 [5]=   0 [6]=   0 [7]=   0 [8]=   0 [9]=   0 [10]=   0 [11]=   0 
before (DPU 173) [0]= 248 [1]= 224 [2]= 211 [3]=   0 [4]=   0 [5]=   0 [6]=   0 [7]=   0 [8]=   0 [9]=   0 [10]=   0 [11]=   0 
after  (DPU 173) [0]= 248 [1]= 224 [2]= 211 [3]=   0 [4]=   0 [5]=   0 [6]=   0 [7]=   0 [8]=   0 [9]=   0 [10]=   0 [11]=   0 
before (DPU 174) [0]= 215 [1]= 213 [2]= 213 [3]=   0 [4]=   0 [5]=   0 [6]=   0 [7]=   0 [8]=   0 [9]=   0 [10]=   0 [11]=   0 
after  (DPU 174) [0]= 215 [1]= 213 [2]= 213 [3]=   0 [4]=   0 [5]=   0 [6]=   0 [7]=   0 [8]=   0 [9]=   0 [10]=   0 [11]=   0 
before (DPU 175) [0]= 231 [1]= 210 [2]= 252 [3]=   0 [4]=   0 [5]=   0 [6]=   0 [7]=   0 [8]=   0 [9]=   0 [10]=   0 [11]=   0 
after  (DPU 175) [0]= 231 [1]= 210 [2]= 252 [3]=   0 [4]=   0 [5]=   0 [6]=   0 [7]=   0 [8]=   0 [9]=   0 [10]=   0 [11]=   0 
before (DPU 176) [0]= 240 [1]= 218 [2]= 227 [3]=   0 [4]=   0 [5]=   0 [6]=   0 [7]=   0 [8]=   0 [9]=   0 [10]=   0 [11]=   0 
after  (DPU 176) [0]= 240 [1]= 218 [2]= 227 [3]=   0 [4]=   0 [5]=   0 [6]=   0 [7]=   0 [8]=   0 [9]=   0 [10]=   0 [11]=   0 
before (DPU 177) [0]= 223 [1]= 231 [2]= 209 [3]=   0 [4]=   0 [5]=   0 [6]=   0 [7]=   0 [8]=   0 [9]=   0 [10]=   0 [11]=   0 
after  (DPU 177) [0]= 223 [1]= 231 [2]= 209 [3]=   0 [4]=   0 [5]=   0 [6]=   0 [7]=   0 [8]=   0 [9]=   0 [10]=   0 [11]=   0 
before (DPU 178) [0]= 238 [1]= 217 [2]= 218 [3]=   0 [4]=   0 [5]=   0 [6]=   0 [7]=   0 [8]=   0 [9]=   0 [10]=   0 [11]=   0 
after  (DPU 178) [0]= 238 [1]= 217 [2]= 218 [3]=   0 [4]=   0 [5]=   0 [6]=   0 [7]=   0 [8]=   0 [9]=   0 [10]=   0 [11]=   0 
before (DPU 179) [0]= 239 [1]= 217 [2]= 232 [3]=   0 [4]=   0 [5]=   0 [6]=   0 [7]=   0 [8]=   0 [9]=   0 [10]=   0 [11]=   0 
after  (DPU 179) [0]= 239 [1]= 217 [2]= 232 [3]=   0 [4]=   0 [5]=   0 [6]=   0 [7]=   0 [8]=   0 [9]=   0 [10]=   0 [11]=   0 
before (DPU 180) [0]= 248 [1]= 215 [2]= 228 [3]=   0 [4]=   0 [5]=   0 [6]=   0 [7]=   0 [8]=   0 [9]=   0 [10]=   0 [11]=   0 
after  (DPU 180) [0]= 248 [1]= 215 [2]= 228 [3]=   0 [4]=   0 [5]=   0 [6]=   0 [7]=   0 [8]=   0 [9]=   0 [10]=   0 [11]=   0 
before (DPU 181) [0]= 231 [1]= 207 [2]= 222 [3]=   0 [4]=   0 [5]=   0 [6]=   0 [7]=   0 [8]=   0 [9]=   0 [10]=   0 [11]=   0 
after  (DPU 181) [0]= 231 [1]= 207 [2]= 222 [3]=   0 [4]=   0 [5]=   0 [6]=   0 [7]=   0 [8]=   0 [9]=   0 [10]=   0 [11]=   0 
before (DPU 182) [0]= 214 [1]= 212 [2]= 208 [3]=   0 [4]=   0 [5]=   0 [6]=   0 [7]=   0 [8]=   0 [9]=   0 [10]=   0 [11]=   0 
after  (DPU 182) [0]= 214 [1]= 212 [2]= 208 [3]=   0 [4]=   0 [5]=   0 [6]=   0 [7]=   0 [8]=   0 [9]=   0 [10]=   0 [11]=   0 
before (DPU 183) [0]= 244 [1]= 218 [2]= 213 [3]=   0 [4]=   0 [5]=   0 [6]=   0 [7]=   0 [8]=   0 [9]=   0 [10]=   0 [11]=   0 
after  (DPU 183) [0]= 244 [1]= 218 [2]= 213 [3]=   0 [4]=   0 [5]=   0 [6]=   0 [7]=   0 [8]=   0 [9]=   0 [10]=   0 [11]=   0 
before (DPU 184) [0]= 218 [1]= 219 [2]= 236 [3]=   0 [4]=   0 [5]=   0 [6]=   0 [7]=   0 [8]=   0 [9]=   0 [10]=   0 [11]=   0 
after  (DPU 184) [0]= 218 [1]= 219 [2]= 236 [3]=   0 [4]=   0 [5]=   0 [6]=   0 [7]=   0 [8]=   0 [9]=   0 [10]=   0 [11]=   0 
before (DPU 185) [0]= 251 [1]= 222 [2]= 211 [3]=   0 [4]=   0 [5]=   0 [6]=   0 [7]=   0 [8]=   0 [9]=   0 [10]=   0 [11]=   0 
after  (DPU 185) [0]= 251 [1]= 222 [2]= 211 [3]=   0 [4]=   0 [5]=   0 [6]=   0 [7]=   0 [8]=   0 [9]=   0 [10]=   0 [11]=   0 
before (DPU 186) [0]= 241 [1]= 215 [2]= 210 [3]=   0 [4]=   0 [5]=   0 [6]=   0 [7]=   0 [8]=   0 [9]=   0 [10]=   0 [11]=   0 
after  (DPU 186) [0]= 241 [1]= 215 [2]= 210 [3]=   0 [4]=   0 [5]=   0 [6]=   0 [7]=   0 [8]=   0 [9]=   0 [10]=   0 [11]=   0 
before (DPU 187) [0]= 205 [1]= 185 [2]= 227 [3]=   0 [4]=   0 [5]=   0 [6]=   0 [7]=   0 [8]=   0 [9]=   0 [10]=   0 [11]=   0 
after  (DPU 187) [0]= 205 [1]= 185 [2]= 227 [3]=   0 [4]=   0 [5]=   0 [6]=   0 [7]=   0 [8]=   0 [9]=   0 [10]=   0 [11]=   0 
before (DPU 188) [0]= 203 [1]= 194 [2]= 217 [3]=   0 [4]=   0 [5]=   0 [6]=   0 [7]=   0 [8]=   0 [9]=   0 [10]=   0 [11]=   0 
after  (DPU 188) [0]= 203 [1]= 194 [2]= 217 [3]=   0 [4]=   0 [5]=   0 [6]=   0 [7]=   0 [8]=   0 [9]=   0 [10]=   0 [11]=   0 
before (DPU 189) [0]= 244 [1]= 205 [2]= 206 [3]=   0 [4]=   0 [5]=   0 [6]=   0 [7]=   0 [8]=   0 [9]=   0 [10]=   0 [11]=   0 
after  (DPU 189) [0]= 244 [1]= 205 [2]= 206 [3]=   0 [4]=   0 [5]=   0 [6]=   0 [7]=   0 [8]=   0 [9]=   0 [10]=   0 [11]=   0 
before (DPU 190) [0]= 215 [1]= 225 [2]= 210 [3]=   0 [4]=   0 [5]=   0 [6]=   0 [7]=   0 [8]=   0 [9]=   0 [10]=   0 [11]=   0 
after  (DPU 190) [0]= 215 [1]= 225 [2]= 210 [3]=   0 [4]=   0 [5]=   0 [6]=   0 [7]=   0 [8]=   0 [9]=   0 [10]=   0 [11]=   0 
before (DPU 191) [0]= 200 [1]= 218 [2]= 224 [3]=   0 [4]=   0 [5]=   0 [6]=   0 [7]=   0 [8]=   0 [9]=   0 [10]=   0 [11]=   0 
after  (DPU 191) [0]= 200 [1]= 218 [2]= 224 [3]=   0 [4]=   0 [5]=   0 [6]=   0 [7]=   0 [8]=   0 [9]=   0 [10]=   0 [11]=   0 
before (DPU 192) [0]= 231 [1]= 204 [2]= 217 [3]=   0 [4]=   0 [5]=   0 [6]=   0 [7]=   0 [8]=   0 [9]=   0 [10]=   0 [11]=   0 
after  (DPU 192) [0]= 231 [1]= 204 [2]= 217 [3]=   0 [4]=   0 [5]=   0 [6]=   0 [7]=   0 [8]=   0 [9]=   0 [10]=   0 [11]=   0 
before (DPU 193) [0]= 185 [1]= 235 [2]= 192 [3]=   0 [4]=   0 [5]=   0 [6]=   0 [7]=   0 [8]=   0 [9]=   0 [10]=   0 [11]=   0 
after  (DPU 193) [0]= 185 [1]= 235 [2]= 192 [3]=   0 [4]=   0 [5]=   0 [6]=   0 [7]=   0 [8]=   0 [9]=   0 [10]=   0 [11]=   0 
before (DPU 194) [0]= 218 [1]= 215 [2]= 216 [3]=   0 [4]=   0 [5]=   0 [6]=   0 [7]=   0 [8]=   0 [9]=   0 [10]=   0 [11]=   0 
after  (DPU 194) [0]= 218 [1]= 215 [2]= 216 [3]=   0 [4]=   0 [5]=   0 [6]=   0 [7]=   0 [8]=   0 [9]=   0 [10]=   0 [11]=   0 
before (DPU 195) [0]= 213 [1]= 209 [2]= 193 [3]=   0 [4]=   0 [5]=   0 [6]=   0 [7]=   0 [8]=   0 [9]=   0 [10]=   0 [11]=   0 
after  (DPU 195) [0]= 213 [1]= 209 [2]= 193 [3]=   0 [4]=   0 [5]=   0 [6]=   0 [7]=   0 [8]=   0 [9]=   0 [10]=   0 [11]=   0 
before (DPU 196) [0]= 217 [1]= 209 [2]= 194 [3]=   0 [4]=   0 [5]=   0 [6]=   0 [7]=   0 [8]=   0 [9]=   0 [10]=   0 [11]=   0 
after  (DPU 196) [0]= 217 [1]= 209 [2]= 194 [3]=   0 [4]=   0 [5]=   0 [6]=   0 [7]=   0 [8]=   0 [9]=   0 [10]=   0 [11]=   0 
before (DPU 197) [0]= 202 [1]= 208 [2]= 199 [3]=   0 [4]=   0 [5]=   0 [6]=   0 [7]=   0 [8]=   0 [9]=   0 [10]=   0 [11]=   0 
after  (DPU 197) [0]= 202 [1]= 208 [2]= 199 [3]=   0 [4]=   0 [5]=   0 [6]=   0 [7]=   0 [8]=   0 [9]=   0 [10]=   0 [11]=   0 
before (DPU 198) [0]= 195 [1]= 178 [2]= 198 [3]=   0 [4]=   0 [5]=   0 [6]=   0 [7]=   0 [8]=   0 [9]=   0 [10]=   0 [11]=   0 
after  (DPU 198) [0]= 195 [1]= 178 [2]= 198 [3]=   0 [4]=   0 [5]=   0 [6]=   0 [7]=   0 [8]=   0 [9]=   0 [10]=   0 [11]=   0 
before (DPU 199) [0]= 195 [1]= 179 [2]= 210 [3]=   0 [4]=   0 [5]=   0 [6]=   0 [7]=   0 [8]=   0 [9]=   0 [10]=   0 [11]=   0 
after  (DPU 199) [0]= 195 [1]= 179 [2]= 210 [3]=   0 [4]=   0 [5]=   0 [6]=   0 [7]=   0 [8]=   0 [9]=   0 [10]=   0 [11]=   0 
before (DPU 200) [0]= 190 [1]= 197 [2]= 198 [3]=   0 [4]=   0 [5]=   0 [6]=   0 [7]=   0 [8]=   0 [9]=   0 [10]=   0 [11]=   0 
after  (DPU 200) [0]= 190 [1]= 197 [2]= 198 [3]=   0 [4]=   0 [5]=   0 [6]=   0 [7]=   0 [8]=   0 [9]=   0 [10]=   0 [11]=   0 
before (DPU 201) [0]= 181 [1]= 207 [2]= 203 [3]=   0 [4]=   0 [5]=   0 [6]=   0 [7]=   0 [8]=   0 [9]=   0 [10]=   0 [11]=   0 
after  (DPU 201) [0]= 181 [1]= 207 [2]= 203 [3]=   0 [4]=   0 [5]=   0 [6]=   0 [7]=   0 [8]=   0 [9]=   0 [10]=   0 [11]=   0 
before (DPU 202) [0]= 207 [1]= 194 [2]= 210 [3]=   0 [4]=   0 [5]=   0 [6]=   0 [7]=   0 [8]=   0 [9]=   0 [10]=   0 [11]=   0 
after  (DPU 202) [0]= 207 [1]= 194 [2]= 210 [3]=   0 [4]=   0 [5]=   0 [6]=   0 [7]=   0 [8]=   0 [9]=   0 [10]=   0 [11]=   0 
before (DPU 203) [0]= 212 [1]= 199 [2]= 204 [3]=   0 [4]=   0 [5]=   0 [6]=   0 [7]=   0 [8]=   0 [9]=   0 [10]=   0 [11]=   0 
after  (DPU 203) [0]= 212 [1]= 199 [2]= 204 [3]=   0 [4]=   0 [5]=   0 [6]=   0 [7]=   0 [8]=   0 [9]=   0 [10]=   0 [11]=   0 
before (DPU 204) [0]= 181 [1]= 190 [2]= 213 [3]=   0 [4]=   0 [5]=   0 [6]=   0 [7]=   0 [8]=   0 [9]=   0 [10]=   0 [11]=   0 
after  (DPU 204) [0]= 181 [1]= 190 [2]= 213 [3]=   0 [4]=   0 [5]=   0 [6]=   0 [7]=   0 [8]=   0 [9]=   0 [10]=   0 [11]=   0 
before (DPU 205) [0]= 209 [1]= 195 [2]= 233 [3]=   0 [4]=   0 [5]=   0 [6]=   0 [7]=   0 [8]=   0 [9]=   0 [10]=   0 [11]=   0 
after  (DPU 205) [0]= 209 [1]= 195 [2]= 233 [3]=   0 [4]=   0 [5]=   0 [6]=   0 [7]=   0 [8]=   0 [9]=   0 [10]=   0 [11]=   0 
before (DPU 206) [0]= 214 [1]= 208 [2]= 177 [3]=   0 [4]=   0 [5]=   0 [6]=   0 [7]=   0 [8]=   0 [9]=   0 [10]=   0 [11]=   0 
after  (DPU 206) [0]= 214 [1]= 208 [2]= 177 [3]=   0 [4]=   0 [5]=   0 [6]=   0 [7]=   0 [8]=   0 [9]=   0 [10]=   0 [11]=   0 
before (DPU 207) [0]= 205 [1]= 202 [2]= 207 [3]=   0 [4]=   0 [5]=   0 [6]=   0 [7]=   0 [8]=   0 [9]=   0 [10]=   0 [11]=   0 
after  (DPU 207) [0]= 205 [1]= 202 [2]= 207 [3]=   0 [4]=   0 [5]=   0 [6]=   0 [7]=   0 [8]=   0 [9]=   0 [10]=   0 [11]=   0 
before (DPU 208) [0]= 183 [1]= 181 [2]= 196 [3]=   0 [4]=   0 [5]=   0 [6]=   0 [7]=   0 [8]=   0 [9]=   0 [10]=   0 [11]=   0 
after  (DPU 208) [0]= 183 [1]= 181 [2]= 196 [3]=   0 [4]=   0 [5]=   0 [6]=   0 [7]=   0 [8]=   0 [9]=   0 [10]=   0 [11]=   0 
before (DPU 209) [0]= 216 [1]= 219 [2]= 177 [3]=   0 [4]=   0 [5]=   0 [6]=   0 [7]=   0 [8]=   0 [9]=   0 [10]=   0 [11]=   0 
after  (DPU 209) [0]= 216 [1]= 219 [2]= 177 [3]=   0 [4]=   0 [5]=   0 [6]=   0 [7]=   0 [8]=   0 [9]=   0 [10]=   0 [11]=   0 
before (DPU 210) [0]= 204 [1]= 174 [2]= 169 [3]=   0 [4]=   0 [5]=   0 [6]=   0 [7]=   0 [8]=   0 [9]=   0 [10]=   0 [11]=   0 
after  (DPU 210) [0]= 204 [1]= 174 [2]= 169 [3]=   0 [4]=   0 [5]=   0 [6]=   0 [7]=   0 [8]=   0 [9]=   0 [10]=   0 [11]=   0 
before (DPU 211) [0]= 151 [1]= 184 [2]= 192 [3]=   0 [4]=   0 [5]=   0 [6]=   0 [7]=   0 [8]=   0 [9]=   0 [10]=   0 [11]=   0 
after  (DPU 211) [0]= 151 [1]= 184 [2]= 192 [3]=   0 [4]=   0 [5]=   0 [6]=   0 [7]=   0 [8]=   0 [9]=   0 [10]=   0 [11]=   0 
before (DPU 212) [0]= 180 [1]= 176 [2]= 193 [3]=   0 [4]=   0 [5]=   0 [6]=   0 [7]=   0 [8]=   0 [9]=   0 [10]=   0 [11]=   0 
after  (DPU 212) [0]= 180 [1]= 176 [2]= 193 [3]=   0 [4]=   0 [5]=   0 [6]=   0 [7]=   0 [8]=   0 [9]=   0 [10]=   0 [11]=   0 
before (DPU 213) [0]= 194 [1]= 193 [2]= 203 [3]=   0 [4]=   0 [5]=   0 [6]=   0 [7]=   0 [8]=   0 [9]=   0 [10]=   0 [11]=   0 
after  (DPU 213) [0]= 194 [1]= 193 [2]= 203 [3]=   0 [4]=   0 [5]=   0 [6]=   0 [7]=   0 [8]=   0 [9]=   0 [10]=   0 [11]=   0 
before (DPU 214) [0]= 178 [1]= 178 [2]= 159 [3]=   0 [4]=   0 [5]=   0 [6]=   0 [7]=   0 [8]=   0 [9]=   0 [10]=   0 [11]=   0 
after  (DPU 214) [0]= 178 [1]= 178 [2]= 159 [3]=   0 [4]=   0 [5]=   0 [6]=   0 [7]=   0 [8]=   0 [9]=   0 [10]=   0 [11]=   0 
before (DPU 215) [0]= 179 [1]= 194 [2]= 195 [3]=   0 [4]=   0 [5]=   0 [6]=   0 [7]=   0 [8]=   0 [9]=   0 [10]=   0 [11]=   0 
after  (DPU 215) [0]= 179 [1]= 194 [2]= 195 [3]=   0 [4]=   0 [5]=   0 [6]=   0 [7]=   0 [8]=   0 [9]=   0 [10]=   0 [11]=   0 
before (DPU 216) [0]= 175 [1]= 166 [2]= 165 [3]=   0 [4]=   0 [5]=   0 [6]=   0 [7]=   0 [8]=   0 [9]=   0 [10]=   0 [11]=   0 
after  (DPU 216) [0]= 175 [1]= 166 [2]= 165 [3]=   0 [4]=   0 [5]=   0 [6]=   0 [7]=   0 [8]=   0 [9]=   0 [10]=   0 [11]=   0 
before (DPU 217) [0]= 215 [1]= 201 [2]= 186 [3]=   0 [4]=   0 [5]=   0 [6]=   0 [7]=   0 [8]=   0 [9]=   0 [10]=   0 [11]=   0 
after  (DPU 217) [0]= 215 [1]= 201 [2]= 186 [3]=   0 [4]=   0 [5]=   0 [6]=   0 [7]=   0 [8]=   0 [9]=   0 [10]=   0 [11]=   0 
before (DPU 218) [0]= 194 [1]= 221 [2]= 199 [3]=   0 [4]=   0 [5]=   0 [6]=   0 [7]=   0 [8]=   0 [9]=   0 [10]=   0 [11]=   0 
after  (DPU 218) [0]= 194 [1]= 221 [2]= 199 [3]=   0 [4]=   0 [5]=   0 [6]=   0 [7]=   0 [8]=   0 [9]=   0 [10]=   0 [11]=   0 
before (DPU 219) [0]= 168 [1]= 164 [2]= 156 [3]=   0 [4]=   0 [5]=   0 [6]=   0 [7]=   0 [8]=   0 [9]=   0 [10]=   0 [11]=   0 
after  (DPU 219) [0]= 168 [1]= 164 [2]= 156 [3]=   0 [4]=   0 [5]=   0 [6]=   0 [7]=   0 [8]=   0 [9]=   0 [10]=   0 [11]=   0 
before (DPU 220) [0]= 173 [1]= 196 [2]= 177 [3]=   0 [4]=   0 [5]=   0 [6]=   0 [7]=   0 [8]=   0 [9]=   0 [10]=   0 [11]=   0 
after  (DPU 220) [0]= 173 [1]= 196 [2]= 177 [3]=   0 [4]=   0 [5]=   0 [6]=   0 [7]=   0 [8]=   0 [9]=   0 [10]=   0 [11]=   0 
before (DPU 221) [0]= 186 [1]= 176 [2]= 182 [3]=   0 [4]=   0 [5]=   0 [6]=   0 [7]=   0 [8]=   0 [9]=   0 [10]=   0 [11]=   0 
after  (DPU 221) [0]= 186 [1]= 176 [2]= 182 [3]=   0 [4]=   0 [5]=   0 [6]=   0 [7]=   0 [8]=   0 [9]=   0 [10]=   0 [11]=   0 
before (DPU 222) [0]= 176 [1]= 181 [2]= 192 [3]=   0 [4]=   0 [5]=   0 [6]=   0 [7]=   0 [8]=   0 [9]=   0 [10]=   0 [11]=   0 
after  (DPU 222) [0]= 176 [1]= 181 [2]= 192 [3]=   0 [4]=   0 [5]=   0 [6]=   0 [7]=   0 [8]=   0 [9]=   0 [10]=   0 [11]=   0 
before (DPU 223) [0]= 188 [1]= 212 [2]= 219 [3]=   0 [4]=   0 [5]=   0 [6]=   0 [7]=   0 [8]=   0 [9]=   0 [10]=   0 [11]=   0 
after  (DPU 223) [0]= 188 [1]= 212 [2]= 219 [3]=   0 [4]=   0 [5]=   0 [6]=   0 [7]=   0 [8]=   0 [9]=   0 [10]=   0 [11]=   0 
before (DPU 224) [0]= 195 [1]= 161 [2]= 159 [3]=   0 [4]=   0 [5]=   0 [6]=   0 [7]=   0 [8]=   0 [9]=   0 [10]=   0 [11]=   0 
after  (DPU 224) [0]= 195 [1]= 161 [2]= 159 [3]=   0 [4]=   0 [5]=   0 [6]=   0 [7]=   0 [8]=   0 [9]=   0 [10]=   0 [11]=   0 
before (DPU 225) [0]= 179 [1]= 169 [2]= 187 [3]=   0 [4]=   0 [5]=   0 [6]=   0 [7]=   0 [8]=   0 [9]=   0 [10]=   0 [11]=   0 
after  (DPU 225) [0]= 179 [1]= 169 [2]= 187 [3]=   0 [4]=   0 [5]=   0 [6]=   0 [7]=   0 [8]=   0 [9]=   0 [10]=   0 [11]=   0 
before (DPU 226) [0]= 206 [1]= 193 [2]= 184 [3]=   0 [4]=   0 [5]=   0 [6]=   0 [7]=   0 [8]=   0 [9]=   0 [10]=   0 [11]=   0 
after  (DPU 226) [0]= 206 [1]= 193 [2]= 184 [3]=   0 [4]=   0 [5]=   0 [6]=   0 [7]=   0 [8]=   0 [9]=   0 [10]=   0 [11]=   0 
before (DPU 227) [0]= 183 [1]= 161 [2]= 191 [3]=   0 [4]=   0 [5]=   0 [6]=   0 [7]=   0 [8]=   0 [9]=   0 [10]=   0 [11]=   0 
after  (DPU 227) [0]= 183 [1]= 161 [2]= 191 [3]=   0 [4]=   0 [5]=   0 [6]=   0 [7]=   0 [8]=   0 [9]=   0 [10]=   0 [11]=   0 
before (DPU 228) [0]= 181 [1]= 196 [2]= 195 [3]=   0 [4]=   0 [5]=   0 [6]=   0 [7]=   0 [8]=   0 [9]=   0 [10]=   0 [11]=   0 
after  (DPU 228) [0]= 181 [1]= 196 [2]= 195 [3]=   0 [4]=   0 [5]=   0 [6]=   0 [7]=   0 [8]=   0 [9]=   0 [10]=   0 [11]=   0 
before (DPU 229) [0]= 186 [1]= 146 [2]= 177 [3]=   0 [4]=   0 [5]=   0 [6]=   0 [7]=   0 [8]=   0 [9]=   0 [10]=   0 [11]=   0 
after  (DPU 229) [0]= 186 [1]= 146 [2]= 177 [3]=   0 [4]=   0 [5]=   0 [6]=   0 [7]=   0 [8]=   0 [9]=   0 [10]=   0 [11]=   0 
before (DPU 230) [0]= 194 [1]= 201 [2]= 182 [3]=   0 [4]=   0 [5]=   0 [6]=   0 [7]=   0 [8]=   0 [9]=   0 [10]=   0 [11]=   0 
after  (DPU 230) [0]= 194 [1]= 201 [2]= 182 [3]=   0 [4]=   0 [5]=   0 [6]=   0 [7]=   0 [8]=   0 [9]=   0 [10]=   0 [11]=   0 
before (DPU 231) [0]= 176 [1]= 171 [2]= 153 [3]=   0 [4]=   0 [5]=   0 [6]=   0 [7]=   0 [8]=   0 [9]=   0 [10]=   0 [11]=   0 
after  (DPU 231) [0]= 176 [1]= 171 [2]= 153 [3]=   0 [4]=   0 [5]=   0 [6]=   0 [7]=   0 [8]=   0 [9]=   0 [10]=   0 [11]=   0 
before (DPU 232) [0]= 165 [1]= 162 [2]= 194 [3]=   0 [4]=   0 [5]=   0 [6]=   0 [7]=   0 [8]=   0 [9]=   0 [10]=   0 [11]=   0 
after  (DPU 232) [0]= 165 [1]= 162 [2]= 194 [3]=   0 [4]=   0 [5]=   0 [6]=   0 [7]=   0 [8]=   0 [9]=   0 [10]=   0 [11]=   0 
before (DPU 233) [0]= 174 [1]= 158 [2]= 201 [3]=   0 [4]=   0 [5]=   0 [6]=   0 [7]=   0 [8]=   0 [9]=   0 [10]=   0 [11]=   0 
after  (DPU 233) [0]= 174 [1]= 158 [2]= 201 [3]=   0 [4]=   0 [5]=   0 [6]=   0 [7]=   0 [8]=   0 [9]=   0 [10]=   0 [11]=   0 
before (DPU 234) [0]= 161 [1]= 191 [2]= 172 [3]=   0 [4]=   0 [5]=   0 [6]=   0 [7]=   0 [8]=   0 [9]=   0 [10]=   0 [11]=   0 
after  (DPU 234) [0]= 161 [1]= 191 [2]= 172 [3]=   0 [4]=   0 [5]=   0 [6]=   0 [7]=   0 [8]=   0 [9]=   0 [10]=   0 [11]=   0 
before (DPU 235) [0]= 155 [1]= 178 [2]= 202 [3]=   0 [4]=   0 [5]=   0 [6]=   0 [7]=   0 [8]=   0 [9]=   0 [10]=   0 [11]=   0 
after  (DPU 235) [0]= 155 [1]= 178 [2]= 202 [3]=   0 [4]=   0 [5]=   0 [6]=   0 [7]=   0 [8]=   0 [9]=   0 [10]=   0 [11]=   0 
before (DPU 236) [0]= 174 [1]= 167 [2]= 146 [3]=   0 [4]=   0 [5]=   0 [6]=   0 [7]=   0 [8]=   0 [9]=   0 [10]=   0 [11]=   0 
after  (DPU 236) [0]= 174 [1]= 167 [2]= 146 [3]=   0 [4]=   0 [5]=   0 [6]=   0 [7]=   0 [8]=   0 [9]=   0 [10]=   0 [11]=   0 
before (DPU 237) [0]= 166 [1]= 166 [2]= 197 [3]=   0 [4]=   0 [5]=   0 [6]=   0 [7]=   0 [8]=   0 [9]=   0 [10]=   0 [11]=   0 
after  (DPU 237) [0]= 166 [1]= 166 [2]= 197 [3]=   0 [4]=   0 [5]=   0 [6]=   0 [7]=   0 [8]=   0 [9]=   0 [10]=   0 [11]=   0 
before (DPU 238) [0]= 144 [1]= 174 [2]= 163 [3]=   0 [4]=   0 [5]=   0 [6]=   0 [7]=   0 [8]=   0 [9]=   0 [10]=   0 [11]=   0 
after  (DPU 238) [0]= 144 [1]= 174 [2]= 163 [3]=   0 [4]=   0 [5]=   0 [6]=   0 [7]=   0 [8]=   0 [9]=   0 [10]=   0 [11]=   0 
before (DPU 239) [0]= 185 [1]= 189 [2]= 152 [3]=   0 [4]=   0 [5]=   0 [6]=   0 [7]=   0 [8]=   0 [9]=   0 [10]=   0 [11]=   0 
after  (DPU 239) [0]= 185 [1]= 189 [2]= 152 [3]=   0 [4]=   0 [5]=   0 [6]=   0 [7]=   0 [8]=   0 [9]=   0 [10]=   0 [11]=   0 
before (DPU 240) [0]= 164 [1]= 174 [2]= 147 [3]=   0 [4]=   0 [5]=   0 [6]=   0 [7]=   0 [8]=   0 [9]=   0 [10]=   0 [11]=   0 
after  (DPU 240) [0]= 164 [1]= 174 [2]= 147 [3]=   0 [4]=   0 [5]=   0 [6]=   0 [7]=   0 [8]=   0 [9]=   0 [10]=   0 [11]=   0 
before (DPU 241) [0]= 171 [1]= 170 [2]= 160 [3]=   0 [4]=   0 [5]=   0 [6]=   0 [7]=   0 [8]=   0 [9]=   0 [10]=   0 [11]=   0 
after  (DPU 241) [0]= 171 [1]= 170 [2]= 160 [3]=   0 [4]=   0 [5]=   0 [6]=   0 [7]=   0 [8]=   0 [9]=   0 [10]=   0 [11]=   0 
before (DPU 242) [0]= 157 [1]= 160 [2]= 176 [3]=   0 [4]=   0 [5]=   0 [6]=   0 [7]=   0 [8]=   0 [9]=   0 [10]=   0 [11]=   0 
after  (DPU 242) [0]= 157 [1]= 160 [2]= 176 [3]=   0 [4]=   0 [5]=   0 [6]=   0 [7]=   0 [8]=   0 [9]=   0 [10]=   0 [11]=   0 
before (DPU 243) [0]= 156 [1]= 164 [2]= 167 [3]=   0 [4]=   0 [5]=   0 [6]=   0 [7]=   0 [8]=   0 [9]=   0 [10]=   0 [11]=   0 
after  (DPU 243) [0]= 156 [1]= 164 [2]= 167 [3]=   0 [4]=   0 [5]=   0 [6]=   0 [7]=   0 [8]=   0 [9]=   0 [10]=   0 [11]=   0 
before (DPU 244) [0]= 172 [1]= 169 [2]= 161 [3]=   0 [4]=   0 [5]=   0 [6]=   0 [7]=   0 [8]=   0 [9]=   0 [10]=   0 [11]=   0 
after  (DPU 244) [0]= 172 [1]= 169 [2]= 161 [3]=   0 [4]=   0 [5]=   0 [6]=   0 [7]=   0 [8]=   0 [9]=   0 [10]=   0 [11]=   0 
before (DPU 245) [0]= 162 [1]= 145 [2]= 158 [3]=   0 [4]=   0 [5]=   0 [6]=   0 [7]=   0 [8]=   0 [9]=   0 [10]=   0 [11]=   0 
after  (DPU 245) [0]= 162 [1]= 145 [2]= 158 [3]=   0 [4]=   0 [5]=   0 [6]=   0 [7]=   0 [8]=   0 [9]=   0 [10]=   0 [11]=   0 
before (DPU 246) [0]= 159 [1]= 161 [2]= 162 [3]=   0 [4]=   0 [5]=   0 [6]=   0 [7]=   0 [8]=   0 [9]=   0 [10]=   0 [11]=   0 
after  (DPU 246) [0]= 159 [1]= 161 [2]= 162 [3]=   0 [4]=   0 [5]=   0 [6]=   0 [7]=   0 [8]=   0 [9]=   0 [10]=   0 [11]=   0 
before (DPU 247) [0]= 169 [1]= 181 [2]= 167 [3]=   0 [4]=   0 [5]=   0 [6]=   0 [7]=   0 [8]=   0 [9]=   0 [10]=   0 [11]=   0 
after  (DPU 247) [0]= 169 [1]= 181 [2]= 167 [3]=   0 [4]=   0 [5]=   0 [6]=   0 [7]=   0 [8]=   0 [9]=   0 [10]=   0 [11]=   0 
before (DPU 248) [0]= 165 [1]= 134 [2]= 148 [3]=   0 [4]=   0 [5]=   0 [6]=   0 [7]=   0 [8]=   0 [9]=   0 [10]=   0 [11]=   0 
after  (DPU 248) [0]= 165 [1]= 134 [2]= 148 [3]=   0 [4]=   0 [5]=   0 [6]=   0 [7]=   0 [8]=   0 [9]=   0 [10]=   0 [11]=   0 
before (DPU 249) [0]= 158 [1]= 175 [2]= 149 [3]=   0 [4]=   0 [5]=   0 [6]=   0 [7]=   0 [8]=   0 [9]=   0 [10]=   0 [11]=   0 
after  (DPU 249) [0]= 158 [1]= 175 [2]= 149 [3]=   0 [4]=   0 [5]=   0 [6]=   0 [7]=   0 [8]=   0 [9]=   0 [10]=   0 [11]=   0 
before (DPU 250) [0]= 140 [1]= 153 [2]= 150 [3]=   0 [4]=   0 [5]=   0 [6]=   0 [7]=   0 [8]=   0 [9]=   0 [10]=   0 [11]=   0 
after  (DPU 250) [0]= 140 [1]= 153 [2]= 150 [3]=   0 [4]=   0 [5]=   0 [6]=   0 [7]=   0 [8]=   0 [9]=   0 [10]=   0 [11]=   0 
before (DPU 251) [0]= 181 [1]= 167 [2]= 156 [3]=   0 [4]=   0 [5]=   0 [6]=   0 [7]=   0 [8]=   0 [9]=   0 [10]=   0 [11]=   0 
after  (DPU 251) [0]= 181 [1]= 167 [2]= 156 [3]=   0 [4]=   0 [5]=   0 [6]=   0 [7]=   0 [8]=   0 [9]=   0 [10]=   0 [11]=   0 
before (DPU 252) [0]= 157 [1]= 145 [2]= 150 [3]=   0 [4]=   0 [5]=   0 [6]=   0 [7]=   0 [8]=   0 [9]=   0 [10]=   0 [11]=   0 
after  (DPU 252) [0]= 157 [1]= 145 [2]= 150 [3]=   0 [4]=   0 [5]=   0 [6]=   0 [7]=   0 [8]=   0 [9]=   0 [10]=   0 [11]=   0 
before (DPU 253) [0]= 178 [1]= 164 [2]= 148 [3]=   0 [4]=   0 [5]=   0 [6]=   0 [7]=   0 [8]=   0 [9]=   0 [10]=   0 [11]=   0 
after  (DPU 253) [0]= 178 [1]= 164 [2]= 148 [3]=   0 [4]=   0 [5]=   0 [6]=   0 [7]=   0 [8]=   0 [9]=   0 [10]=   0 [11]=   0 
before (DPU 254) [0]= 177 [1]= 160 [2]= 142 [3]=   0 [4]=   0 [5]=   0 [6]=   0 [7]=   0 [8]=   0 [9]=   0 [10]=   0 [11]=   0 
after  (DPU 254) [0]= 177 [1]= 160 [2]= 142 [3]=   0 [4]=   0 [5]=   0 [6]=   0 [7]=   0 [8]=   0 [9]=   0 [10]=   0 [11]=   0 
before (DPU 255) [0]= 169 [1]= 160 [2]= 160 [3]=   0 [4]=   0 [5]=   0 [6]=   0 [7]=   0 [8]=   0 [9]=   0 [10]=   0 [11]=   0 
after  (DPU 255) [0]= 169 [1]= 160 [2]= 160 [3]=   0 [4]=   0 [5]=   0 [6]=   0 [7]=   0 [8]=   0 [9]=   0 [10]=   0 [11]=   0 
before (DPU 256) [0]= 152 [1]= 171 [2]= 162 [3]=   0 [4]=   0 [5]=   0 [6]=   0 [7]=   0 [8]=   0 [9]=   0 [10]=   0 [11]=   0 
after  (DPU 256) [0]= 152 [1]= 171 [2]= 162 [3]=   0 [4]=   0 [5]=   0 [6]=   0 [7]=   0 [8]=   0 [9]=   0 [10]=   0 [11]=   0 
before (DPU 257) [0]= 147 [1]= 147 [2]= 125 [3]=   0 [4]=   0 [5]=   0 [6]=   0 [7]=   0 [8]=   0 [9]=   0 [10]=   0 [11]=   0 
after  (DPU 257) [0]= 147 [1]= 147 [2]= 125 [3]=   0 [4]=   0 [5]=   0 [6]=   0 [7]=   0 [8]=   0 [9]=   0 [10]=   0 [11]=   0 
before (DPU 258) [0]= 155 [1]= 138 [2]= 150 [3]=   0 [4]=   0 [5]=   0 [6]=   0 [7]=   0 [8]=   0 [9]=   0 [10]=   0 [11]=   0 
after  (DPU 258) [0]= 155 [1]= 138 [2]= 150 [3]=   0 [4]=   0 [5]=   0 [6]=   0 [7]=   0 [8]=   0 [9]=   0 [10]=   0 [11]=   0 
before (DPU 259) [0]= 141 [1]= 154 [2]= 140 [3]=   0 [4]=   0 [5]=   0 [6]=   0 [7]=   0 [8]=   0 [9]=   0 [10]=   0 [11]=   0 
after  (DPU 259) [0]= 141 [1]= 154 [2]= 140 [3]=   0 [4]=   0 [5]=   0 [6]=   0 [7]=   0 [8]=   0 [9]=   0 [10]=   0 [11]=   0 
before (DPU 260) [0]= 165 [1]= 141 [2]= 135 [3]=   0 [4]=   0 [5]=   0 [6]=   0 [7]=   0 [8]=   0 [9]=   0 [10]=   0 [11]=   0 
after  (DPU 260) [0]= 165 [1]= 141 [2]= 135 [3]=   0 [4]=   0 [5]=   0 [6]=   0 [7]=   0 [8]=   0 [9]=   0 [10]=   0 [11]=   0 
before (DPU 261) [0]= 124 [1]= 116 [2]= 140 [3]=   0 [4]=   0 [5]=   0 [6]=   0 [7]=   0 [8]=   0 [9]=   0 [10]=   0 [11]=   0 
after  (DPU 261) [0]= 124 [1]= 116 [2]= 140 [3]=   0 [4]=   0 [5]=   0 [6]=   0 [7]=   0 [8]=   0 [9]=   0 [10]=   0 [11]=   0 
before (DPU 262) [0]= 149 [1]= 167 [2]= 162 [3]=   0 [4]=   0 [5]=   0 [6]=   0 [7]=   0 [8]=   0 [9]=   0 [10]=   0 [11]=   0 
after  (DPU 262) [0]= 149 [1]= 167 [2]= 162 [3]=   0 [4]=   0 [5]=   0 [6]=   0 [7]=   0 [8]=   0 [9]=   0 [10]=   0 [11]=   0 
before (DPU 263) [0]= 165 [1]= 167 [2]= 160 [3]=   0 [4]=   0 [5]=   0 [6]=   0 [7]=   0 [8]=   0 [9]=   0 [10]=   0 [11]=   0 
after  (DPU 263) [0]= 165 [1]= 167 [2]= 160 [3]=   0 [4]=   0 [5]=   0 [6]=   0 [7]=   0 [8]=   0 [9]=   0 [10]=   0 [11]=   0 
before (DPU 264) [0]= 148 [1]= 139 [2]= 145 [3]=   0 [4]=   0 [5]=   0 [6]=   0 [7]=   0 [8]=   0 [9]=   0 [10]=   0 [11]=   0 
after  (DPU 264) [0]= 148 [1]= 139 [2]= 145 [3]=   0 [4]=   0 [5]=   0 [6]=   0 [7]=   0 [8]=   0 [9]=   0 [10]=   0 [11]=   0 
before (DPU 265) [0]= 136 [1]= 156 [2]= 154 [3]=   0 [4]=   0 [5]=   0 [6]=   0 [7]=   0 [8]=   0 [9]=   0 [10]=   0 [11]=   0 
after  (DPU 265) [0]= 136 [1]= 156 [2]= 154 [3]=   0 [4]=   0 [5]=   0 [6]=   0 [7]=   0 [8]=   0 [9]=   0 [10]=   0 [11]=   0 
before (DPU 266) [0]= 151 [1]= 156 [2]= 164 [3]=   0 [4]=   0 [5]=   0 [6]=   0 [7]=   0 [8]=   0 [9]=   0 [10]=   0 [11]=   0 
after  (DPU 266) [0]= 151 [1]= 156 [2]= 164 [3]=   0 [4]=   0 [5]=   0 [6]=   0 [7]=   0 [8]=   0 [9]=   0 [10]=   0 [11]=   0 
before (DPU 267) [0]= 160 [1]= 143 [2]= 152 [3]=   0 [4]=   0 [5]=   0 [6]=   0 [7]=   0 [8]=   0 [9]=   0 [10]=   0 [11]=   0 
after  (DPU 267) [0]= 160 [1]= 143 [2]= 152 [3]=   0 [4]=   0 [5]=   0 [6]=   0 [7]=   0 [8]=   0 [9]=   0 [10]=   0 [11]=   0 
before (DPU 268) [0]= 147 [1]= 144 [2]= 140 [3]=   0 [4]=   0 [5]=   0 [6]=   0 [7]=   0 [8]=   0 [9]=   0 [10]=   0 [11]=   0 
after  (DPU 268) [0]= 147 [1]= 144 [2]= 140 [3]=   0 [4]=   0 [5]=   0 [6]=   0 [7]=   0 [8]=   0 [9]=   0 [10]=   0 [11]=   0 
before (DPU 269) [0]= 163 [1]= 154 [2]= 160 [3]=   0 [4]=   0 [5]=   0 [6]=   0 [7]=   0 [8]=   0 [9]=   0 [10]=   0 [11]=   0 
after  (DPU 269) [0]= 163 [1]= 154 [2]= 160 [3]=   0 [4]=   0 [5]=   0 [6]=   0 [7]=   0 [8]=   0 [9]=   0 [10]=   0 [11]=   0 
before (DPU 270) [0]= 156 [1]= 170 [2]= 154 [3]=   0 [4]=   0 [5]=   0 [6]=   0 [7]=   0 [8]=   0 [9]=   0 [10]=   0 [11]=   0 
after  (DPU 270) [0]= 156 [1]= 170 [2]= 154 [3]=   0 [4]=   0 [5]=   0 [6]=   0 [7]=   0 [8]=   0 [9]=   0 [10]=   0 [11]=   0 
before (DPU 271) [0]= 140 [1]= 149 [2]= 173 [3]=   0 [4]=   0 [5]=   0 [6]=   0 [7]=   0 [8]=   0 [9]=   0 [10]=   0 [11]=   0 
after  (DPU 271) [0]= 140 [1]= 149 [2]= 173 [3]=   0 [4]=   0 [5]=   0 [6]=   0 [7]=   0 [8]=   0 [9]=   0 [10]=   0 [11]=   0 
before (DPU 272) [0]= 139 [1]= 161 [2]= 135 [3]=   0 [4]=   0 [5]=   0 [6]=   0 [7]=   0 [8]=   0 [9]=   0 [10]=   0 [11]=   0 
after  (DPU 272) [0]= 139 [1]= 161 [2]= 135 [3]=   0 [4]=   0 [5]=   0 [6]=   0 [7]=   0 [8]=   0 [9]=   0 [10]=   0 [11]=   0 
before (DPU 273) [0]= 144 [1]= 149 [2]= 143 [3]=   0 [4]=   0 [5]=   0 [6]=   0 [7]=   0 [8]=   0 [9]=   0 [10]=   0 [11]=   0 
after  (DPU 273) [0]= 144 [1]= 149 [2]= 143 [3]=   0 [4]=   0 [5]=   0 [6]=   0 [7]=   0 [8]=   0 [9]=   0 [10]=   0 [11]=   0 
before (DPU 274) [0]= 171 [1]= 151 [2]= 159 [3]=   0 [4]=   0 [5]=   0 [6]=   0 [7]=   0 [8]=   0 [9]=   0 [10]=   0 [11]=   0 
after  (DPU 274) [0]= 171 [1]= 151 [2]= 159 [3]=   0 [4]=   0 [5]=   0 [6]=   0 [7]=   0 [8]=   0 [9]=   0 [10]=   0 [11]=   0 
before (DPU 275) [0]= 154 [1]= 131 [2]= 141 [3]=   0 [4]=   0 [5]=   0 [6]=   0 [7]=   0 [8]=   0 [9]=   0 [10]=   0 [11]=   0 
after  (DPU 275) [0]= 154 [1]= 131 [2]= 141 [3]=   0 [4]=   0 [5]=   0 [6]=   0 [7]=   0 [8]=   0 [9]=   0 [10]=   0 [11]=   0 
before (DPU 276) [0]= 143 [1]= 178 [2]= 154 [3]=   0 [4]=   0 [5]=   0 [6]=   0 [7]=   0 [8]=   0 [9]=   0 [10]=   0 [11]=   0 
after  (DPU 276) [0]= 143 [1]= 178 [2]= 154 [3]=   0 [4]=   0 [5]=   0 [6]=   0 [7]=   0 [8]=   0 [9]=   0 [10]=   0 [11]=   0 
before (DPU 277) [0]= 145 [1]= 150 [2]= 155 [3]=   0 [4]=   0 [5]=   0 [6]=   0 [7]=   0 [8]=   0 [9]=   0 [10]=   0 [11]=   0 
after  (DPU 277) [0]= 145 [1]= 150 [2]= 155 [3]=   0 [4]=   0 [5]=   0 [6]=   0 [7]=   0 [8]=   0 [9]=   0 [10]=   0 [11]=   0 
before (DPU 278) [0]= 130 [1]= 142 [2]= 147 [3]=   0 [4]=   0 [5]=   0 [6]=   0 [7]=   0 [8]=   0 [9]=   0 [10]=   0 [11]=   0 
after  (DPU 278) [0]= 130 [1]= 142 [2]= 147 [3]=   0 [4]=   0 [5]=   0 [6]=   0 [7]=   0 [8]=   0 [9]=   0 [10]=   0 [11]=   0 
before (DPU 279) [0]= 141 [1]= 153 [2]= 129 [3]=   0 [4]=   0 [5]=   0 [6]=   0 [7]=   0 [8]=   0 [9]=   0 [10]=   0 [11]=   0 
after  (DPU 279) [0]= 141 [1]= 153 [2]= 129 [3]=   0 [4]=   0 [5]=   0 [6]=   0 [7]=   0 [8]=   0 [9]=   0 [10]=   0 [11]=   0 
before (DPU 280) [0]= 170 [1]= 156 [2]= 168 [3]=   0 [4]=   0 [5]=   0 [6]=   0 [7]=   0 [8]=   0 [9]=   0 [10]=   0 [11]=   0 
after  (DPU 280) [0]= 170 [1]= 156 [2]= 168 [3]=   0 [4]=   0 [5]=   0 [6]=   0 [7]=   0 [8]=   0 [9]=   0 [10]=   0 [11]=   0 
before (DPU 281) [0]= 159 [1]= 137 [2]= 141 [3]=   0 [4]=   0 [5]=   0 [6]=   0 [7]=   0 [8]=   0 [9]=   0 [10]=   0 [11]=   0 
after  (DPU 281) [0]= 159 [1]= 137 [2]= 141 [3]=   0 [4]=   0 [5]=   0 [6]=   0 [7]=   0 [8]=   0 [9]=   0 [10]=   0 [11]=   0 
before (DPU 282) [0]= 143 [1]= 140 [2]= 128 [3]=   0 [4]=   0 [5]=   0 [6]=   0 [7]=   0 [8]=   0 [9]=   0 [10]=   0 [11]=   0 
after  (DPU 282) [0]= 143 [1]= 140 [2]= 128 [3]=   0 [4]=   0 [5]=   0 [6]=   0 [7]=   0 [8]=   0 [9]=   0 [10]=   0 [11]=   0 
before (DPU 283) [0]= 160 [1]= 141 [2]= 147 [3]=   0 [4]=   0 [5]=   0 [6]=   0 [7]=   0 [8]=   0 [9]=   0 [10]=   0 [11]=   0 
after  (DPU 283) [0]= 160 [1]= 141 [2]= 147 [3]=   0 [4]=   0 [5]=   0 [6]=   0 [7]=   0 [8]=   0 [9]=   0 [10]=   0 [11]=   0 
before (DPU 284) [0]= 125 [1]= 149 [2]= 137 [3]=   0 [4]=   0 [5]=   0 [6]=   0 [7]=   0 [8]=   0 [9]=   0 [10]=   0 [11]=   0 
after  (DPU 284) [0]= 125 [1]= 149 [2]= 137 [3]=   0 [4]=   0 [5]=   0 [6]=   0 [7]=   0 [8]=   0 [9]=   0 [10]=   0 [11]=   0 
before (DPU 285) [0]= 143 [1]= 142 [2]= 136 [3]=   0 [4]=   0 [5]=   0 [6]=   0 [7]=   0 [8]=   0 [9]=   0 [10]=   0 [11]=   0 
after  (DPU 285) [0]= 143 [1]= 142 [2]= 136 [3]=   0 [4]=   0 [5]=   0 [6]=   0 [7]=   0 [8]=   0 [9]=   0 [10]=   0 [11]=   0 
before (DPU 286) [0]= 161 [1]= 152 [2]= 142 [3]=   0 [4]=   0 [5]=   0 [6]=   0 [7]=   0 [8]=   0 [9]=   0 [10]=   0 [11]=   0 
after  (DPU 286) [0]= 161 [1]= 152 [2]= 142 [3]=   0 [4]=   0 [5]=   0 [6]=   0 [7]=   0 [8]=   0 [9]=   0 [10]=   0 [11]=   0 
before (DPU 287) [0]= 134 [1]= 122 [2]= 142 [3]=   0 [4]=   0 [5]=   0 [6]=   0 [7]=   0 [8]=   0 [9]=   0 [10]=   0 [11]=   0 
after  (DPU 287) [0]= 134 [1]= 122 [2]= 142 [3]=   0 [4]=   0 [5]=   0 [6]=   0 [7]=   0 [8]=   0 [9]=   0 [10]=   0 [11]=   0 
before (DPU 288) [0]= 148 [1]= 156 [2]= 137 [3]=   0 [4]=   0 [5]=   0 [6]=   0 [7]=   0 [8]=   0 [9]=   0 [10]=   0 [11]=   0 
after  (DPU 288) [0]= 148 [1]= 156 [2]= 137 [3]=   0 [4]=   0 [5]=   0 [6]=   0 [7]=   0 [8]=   0 [9]=   0 [10]=   0 [11]=   0 
before (DPU 289) [0]= 147 [1]= 142 [2]= 138 [3]=   0 [4]=   0 [5]=   0 [6]=   0 [7]=   0 [8]=   0 [9]=   0 [10]=   0 [11]=   0 
after  (DPU 289) [0]= 147 [1]= 142 [2]= 138 [3]=   0 [4]=   0 [5]=   0 [6]=   0 [7]=   0 [8]=   0 [9]=   0 [10]=   0 [11]=   0 
before (DPU 290) [0]= 127 [1]= 149 [2]= 147 [3]=   0 [4]=   0 [5]=   0 [6]=   0 [7]=   0 [8]=   0 [9]=   0 [10]=   0 [11]=   0 
after  (DPU 290) [0]= 127 [1]= 149 [2]= 147 [3]=   0 [4]=   0 [5]=   0 [6]=   0 [7]=   0 [8]=   0 [9]=   0 [10]=   0 [11]=   0 
before (DPU 291) [0]= 137 [1]= 138 [2]= 135 [3]=   0 [4]=   0 [5]=   0 [6]=   0 [7]=   0 [8]=   0 [9]=   0 [10]=   0 [11]=   0 
after  (DPU 291) [0]= 137 [1]= 138 [2]= 135 [3]=   0 [4]=   0 [5]=   0 [6]=   0 [7]=   0 [8]=   0 [9]=   0 [10]=   0 [11]=   0 
before (DPU 292) [0]= 133 [1]= 160 [2]= 141 [3]=   0 [4]=   0 [5]=   0 [6]=   0 [7]=   0 [8]=   0 [9]=   0 [10]=   0 [11]=   0 
after  (DPU 292) [0]= 133 [1]= 160 [2]= 141 [3]=   0 [4]=   0 [5]=   0 [6]=   0 [7]=   0 [8]=   0 [9]=   0 [10]=   0 [11]=   0 
before (DPU 293) [0]= 149 [1]= 140 [2]= 121 [3]=   0 [4]=   0 [5]=   0 [6]=   0 [7]=   0 [8]=   0 [9]=   0 [10]=   0 [11]=   0 
after  (DPU 293) [0]= 149 [1]= 140 [2]= 121 [3]=   0 [4]=   0 [5]=   0 [6]=   0 [7]=   0 [8]=   0 [9]=   0 [10]=   0 [11]=   0 
before (DPU 294) [0]= 134 [1]= 135 [2]= 130 [3]=   0 [4]=   0 [5]=   0 [6]=   0 [7]=   0 [8]=   0 [9]=   0 [10]=   0 [11]=   0 
after  (DPU 294) [0]= 134 [1]= 135 [2]= 130 [3]=   0 [4]=   0 [5]=   0 [6]=   0 [7]=   0 [8]=   0 [9]=   0 [10]=   0 [11]=   0 
before (DPU 295) [0]= 112 [1]= 138 [2]= 147 [3]=   0 [4]=   0 [5]=   0 [6]=   0 [7]=   0 [8]=   0 [9]=   0 [10]=   0 [11]=   0 
after  (DPU 295) [0]= 112 [1]= 138 [2]= 147 [3]=   0 [4]=   0 [5]=   0 [6]=   0 [7]=   0 [8]=   0 [9]=   0 [10]=   0 [11]=   0 
before (DPU 296) [0]= 138 [1]= 148 [2]= 155 [3]=   0 [4]=   0 [5]=   0 [6]=   0 [7]=   0 [8]=   0 [9]=   0 [10]=   0 [11]=   0 
after  (DPU 296) [0]= 138 [1]= 148 [2]= 155 [3]=   0 [4]=   0 [5]=   0 [6]=   0 [7]=   0 [8]=   0 [9]=   0 [10]=   0 [11]=   0 
before (DPU 297) [0]= 129 [1]= 138 [2]= 134 [3]=   0 [4]=   0 [5]=   0 [6]=   0 [7]=   0 [8]=   0 [9]=   0 [10]=   0 [11]=   0 
after  (DPU 297) [0]= 129 [1]= 138 [2]= 134 [3]=   0 [4]=   0 [5]=   0 [6]=   0 [7]=   0 [8]=   0 [9]=   0 [10]=   0 [11]=   0 
before (DPU 298) [0]= 136 [1]= 130 [2]= 122 [3]=   0 [4]=   0 [5]=   0 [6]=   0 [7]=   0 [8]=   0 [9]=   0 [10]=   0 [11]=   0 
after  (DPU 298) [0]= 136 [1]= 130 [2]= 122 [3]=   0 [4]=   0 [5]=   0 [6]=   0 [7]=   0 [8]=   0 [9]=   0 [10]=   0 [11]=   0 
before (DPU 299) [0]= 131 [1]= 147 [2]= 131 [3]=   0 [4]=   0 [5]=   0 [6]=   0 [7]=   0 [8]=   0 [9]=   0 [10]=   0 [11]=   0 
after  (DPU 299) [0]= 131 [1]= 147 [2]= 131 [3]=   0 [4]=   0 [5]=   0 [6]=   0 [7]=   0 [8]=   0 [9]=   0 [10]=   0 [11]=   0 
before (DPU 300) [0]= 134 [1]= 131 [2]= 127 [3]=   0 [4]=   0 [5]=   0 [6]=   0 [7]=   0 [8]=   0 [9]=   0 [10]=   0 [11]=   0 
after  (DPU 300) [0]= 134 [1]= 131 [2]= 127 [3]=   0 [4]=   0 [5]=   0 [6]=   0 [7]=   0 [8]=   0 [9]=   0 [10]=   0 [11]=   0 
before (DPU 301) [0]= 159 [1]= 135 [2]= 116 [3]=   0 [4]=   0 [5]=   0 [6]=   0 [7]=   0 [8]=   0 [9]=   0 [10]=   0 [11]=   0 
after  (DPU 301) [0]= 159 [1]= 135 [2]= 116 [3]=   0 [4]=   0 [5]=   0 [6]=   0 [7]=   0 [8]=   0 [9]=   0 [10]=   0 [11]=   0 
before (DPU 302) [0]= 144 [1]= 148 [2]= 112 [3]=   0 [4]=   0 [5]=   0 [6]=   0 [7]=   0 [8]=   0 [9]=   0 [10]=   0 [11]=   0 
after  (DPU 302) [0]= 144 [1]= 148 [2]= 112 [3]=   0 [4]=   0 [5]=   0 [6]=   0 [7]=   0 [8]=   0 [9]=   0 [10]=   0 [11]=   0 
before (DPU 303) [0]= 108 [1]= 124 [2]= 126 [3]=   0 [4]=   0 [5]=   0 [6]=   0 [7]=   0 [8]=   0 [9]=   0 [10]=   0 [11]=   0 
after  (DPU 303) [0]= 108 [1]= 124 [2]= 126 [3]=   0 [4]=   0 [5]=   0 [6]=   0 [7]=   0 [8]=   0 [9]=   0 [10]=   0 [11]=   0 
before (DPU 304) [0]= 136 [1]= 110 [2]= 128 [3]=   0 [4]=   0 [5]=   0 [6]=   0 [7]=   0 [8]=   0 [9]=   0 [10]=   0 [11]=   0 
after  (DPU 304) [0]= 136 [1]= 110 [2]= 128 [3]=   0 [4]=   0 [5]=   0 [6]=   0 [7]=   0 [8]=   0 [9]=   0 [10]=   0 [11]=   0 
before (DPU 305) [0]= 145 [1]= 127 [2]= 118 [3]=   0 [4]=   0 [5]=   0 [6]=   0 [7]=   0 [8]=   0 [9]=   0 [10]=   0 [11]=   0 
after  (DPU 305) [0]= 145 [1]= 127 [2]= 118 [3]=   0 [4]=   0 [5]=   0 [6]=   0 [7]=   0 [8]=   0 [9]=   0 [10]=   0 [11]=   0 
before (DPU 306) [0]= 129 [1]= 118 [2]= 130 [3]=   0 [4]=   0 [5]=   0 [6]=   0 [7]=   0 [8]=   0 [9]=   0 [10]=   0 [11]=   0 
after  (DPU 306) [0]= 129 [1]= 118 [2]= 130 [3]=   0 [4]=   0 [5]=   0 [6]=   0 [7]=   0 [8]=   0 [9]=   0 [10]=   0 [11]=   0 
before (DPU 307) [0]= 131 [1]= 144 [2]= 122 [3]=   0 [4]=   0 [5]=   0 [6]=   0 [7]=   0 [8]=   0 [9]=   0 [10]=   0 [11]=   0 
after  (DPU 307) [0]= 131 [1]= 144 [2]= 122 [3]=   0 [4]=   0 [5]=   0 [6]=   0 [7]=   0 [8]=   0 [9]=   0 [10]=   0 [11]=   0 
before (DPU 308) [0]= 103 [1]= 138 [2]= 123 [3]=   0 [4]=   0 [5]=   0 [6]=   0 [7]=   0 [8]=   0 [9]=   0 [10]=   0 [11]=   0 
after  (DPU 308) [0]= 103 [1]= 138 [2]= 123 [3]=   0 [4]=   0 [5]=   0 [6]=   0 [7]=   0 [8]=   0 [9]=   0 [10]=   0 [11]=   0 
before (DPU 309) [0]= 122 [1]= 154 [2]= 140 [3]=   0 [4]=   0 [5]=   0 [6]=   0 [7]=   0 [8]=   0 [9]=   0 [10]=   0 [11]=   0 
after  (DPU 309) [0]= 122 [1]= 154 [2]= 140 [3]=   0 [4]=   0 [5]=   0 [6]=   0 [7]=   0 [8]=   0 [9]=   0 [10]=   0 [11]=   0 
before (DPU 310) [0]= 121 [1]= 149 [2]= 120 [3]=   0 [4]=   0 [5]=   0 [6]=   0 [7]=   0 [8]=   0 [9]=   0 [10]=   0 [11]=   0 
after  (DPU 310) [0]= 121 [1]= 149 [2]= 120 [3]=   0 [4]=   0 [5]=   0 [6]=   0 [7]=   0 [8]=   0 [9]=   0 [10]=   0 [11]=   0 
before (DPU 311) [0]= 126 [1]= 134 [2]= 127 [3]=   0 [4]=   0 [5]=   0 [6]=   0 [7]=   0 [8]=   0 [9]=   0 [10]=   0 [11]=   0 
after  (DPU 311) [0]= 126 [1]= 134 [2]= 127 [3]=   0 [4]=   0 [5]=   0 [6]=   0 [7]=   0 [8]=   0 [9]=   0 [10]=   0 [11]=   0 
before (DPU 312) [0]= 137 [1]= 120 [2]= 140 [3]=   0 [4]=   0 [5]=   0 [6]=   0 [7]=   0 [8]=   0 [9]=   0 [10]=   0 [11]=   0 
after  (DPU 312) [0]= 137 [1]= 120 [2]= 140 [3]=   0 [4]=   0 [5]=   0 [6]=   0 [7]=   0 [8]=   0 [9]=   0 [10]=   0 [11]=   0 
before (DPU 313) [0]= 127 [1]= 151 [2]= 120 [3]=   0 [4]=   0 [5]=   0 [6]=   0 [7]=   0 [8]=   0 [9]=   0 [10]=   0 [11]=   0 
after  (DPU 313) [0]= 127 [1]= 151 [2]= 120 [3]=   0 [4]=   0 [5]=   0 [6]=   0 [7]=   0 [8]=   0 [9]=   0 [10]=   0 [11]=   0 
before (DPU 314) [0]= 148 [1]= 132 [2]= 124 [3]=   0 [4]=   0 [5]=   0 [6]=   0 [7]=   0 [8]=   0 [9]=   0 [10]=   0 [11]=   0 
after  (DPU 314) [0]= 148 [1]= 132 [2]= 124 [3]=   0 [4]=   0 [5]=   0 [6]=   0 [7]=   0 [8]=   0 [9]=   0 [10]=   0 [11]=   0 
before (DPU 315) [0]= 145 [1]= 133 [2]= 125 [3]=   0 [4]=   0 [5]=   0 [6]=   0 [7]=   0 [8]=   0 [9]=   0 [10]=   0 [11]=   0 
after  (DPU 315) [0]= 145 [1]= 133 [2]= 125 [3]=   0 [4]=   0 [5]=   0 [6]=   0 [7]=   0 [8]=   0 [9]=   0 [10]=   0 [11]=   0 
before (DPU 316) [0]= 118 [1]= 126 [2]= 131 [3]=   0 [4]=   0 [5]=   0 [6]=   0 [7]=   0 [8]=   0 [9]=   0 [10]=   0 [11]=   0 
after  (DPU 316) [0]= 118 [1]= 126 [2]= 131 [3]=   0 [4]=   0 [5]=   0 [6]=   0 [7]=   0 [8]=   0 [9]=   0 [10]=   0 [11]=   0 
before (DPU 317) [0]= 109 [1]= 140 [2]= 122 [3]=   0 [4]=   0 [5]=   0 [6]=   0 [7]=   0 [8]=   0 [9]=   0 [10]=   0 [11]=   0 
after  (DPU 317) [0]= 109 [1]= 140 [2]= 122 [3]=   0 [4]=   0 [5]=   0 [6]=   0 [7]=   0 [8]=   0 [9]=   0 [10]=   0 [11]=   0 
before (DPU 318) [0]= 124 [1]= 117 [2]= 117 [3]=   0 [4]=   0 [5]=   0 [6]=   0 [7]=   0 [8]=   0 [9]=   0 [10]=   0 [11]=   0 
after  (DPU 318) [0]= 124 [1]= 117 [2]= 117 [3]=   0 [4]=   0 [5]=   0 [6]=   0 [7]=   0 [8]=   0 [9]=   0 [10]=   0 [11]=   0 
before (DPU 319) [0]= 130 [1]= 117 [2]= 136 [3]=   0 [4]=   0 [5]=   0 [6]=   0 [7]=   0 [8]=   0 [9]=   0 [10]=   0 [11]=   0 
after  (DPU 319) [0]= 130 [1]= 117 [2]= 136 [3]=   0 [4]=   0 [5]=   0 [6]=   0 [7]=   0 [8]=   0 [9]=   0 [10]=   0 [11]=   0 
before (DPU 320) [0]= 139 [1]= 112 [2]= 123 [3]=   0 [4]=   0 [5]=   0 [6]=   0 [7]=   0 [8]=   0 [9]=   0 [10]=   0 [11]=   0 
after  (DPU 320) [0]= 139 [1]= 112 [2]= 123 [3]=   0 [4]=   0 [5]=   0 [6]=   0 [7]=   0 [8]=   0 [9]=   0 [10]=   0 [11]=   0 
before (DPU 321) [0]= 109 [1]= 136 [2]= 107 [3]=   0 [4]=   0 [5]=   0 [6]=   0 [7]=   0 [8]=   0 [9]=   0 [10]=   0 [11]=   0 
after  (DPU 321) [0]= 109 [1]= 136 [2]= 107 [3]=   0 [4]=   0 [5]=   0 [6]=   0 [7]=   0 [8]=   0 [9]=   0 [10]=   0 [11]=   0 
before (DPU 322) [0]= 121 [1]= 131 [2]= 125 [3]=   0 [4]=   0 [5]=   0 [6]=   0 [7]=   0 [8]=   0 [9]=   0 [10]=   0 [11]=   0 
after  (DPU 322) [0]= 121 [1]= 131 [2]= 125 [3]=   0 [4]=   0 [5]=   0 [6]=   0 [7]=   0 [8]=   0 [9]=   0 [10]=   0 [11]=   0 
before (DPU 323) [0]= 124 [1]= 138 [2]= 122 [3]=   0 [4]=   0 [5]=   0 [6]=   0 [7]=   0 [8]=   0 [9]=   0 [10]=   0 [11]=   0 
after  (DPU 323) [0]= 124 [1]= 138 [2]= 122 [3]=   0 [4]=   0 [5]=   0 [6]=   0 [7]=   0 [8]=   0 [9]=   0 [10]=   0 [11]=   0 
before (DPU 324) [0]= 128 [1]= 114 [2]= 111 [3]=   0 [4]=   0 [5]=   0 [6]=   0 [7]=   0 [8]=   0 [9]=   0 [10]=   0 [11]=   0 
after  (DPU 324) [0]= 128 [1]= 114 [2]= 111 [3]=   0 [4]=   0 [5]=   0 [6]=   0 [7]=   0 [8]=   0 [9]=   0 [10]=   0 [11]=   0 
before (DPU 325) [0]= 140 [1]= 146 [2]= 127 [3]=   0 [4]=   0 [5]=   0 [6]=   0 [7]=   0 [8]=   0 [9]=   0 [10]=   0 [11]=   0 
after  (DPU 325) [0]= 140 [1]= 146 [2]= 127 [3]=   0 [4]=   0 [5]=   0 [6]=   0 [7]=   0 [8]=   0 [9]=   0 [10]=   0 [11]=   0 
before (DPU 326) [0]= 140 [1]= 117 [2]= 106 [3]=   0 [4]=   0 [5]=   0 [6]=   0 [7]=   0 [8]=   0 [9]=   0 [10]=   0 [11]=   0 
after  (DPU 326) [0]= 140 [1]= 117 [2]= 106 [3]=   0 [4]=   0 [5]=   0 [6]=   0 [7]=   0 [8]=   0 [9]=   0 [10]=   0 [11]=   0 
before (DPU 327) [0]= 149 [1]= 136 [2]= 109 [3]=   0 [4]=   0 [5]=   0 [6]=   0 [7]=   0 [8]=   0 [9]=   0 [10]=   0 [11]=   0 
after  (DPU 327) [0]= 149 [1]= 136 [2]= 109 [3]=   0 [4]=   0 [5]=   0 [6]=   0 [7]=   0 [8]=   0 [9]=   0 [10]=   0 [11]=   0 
before (DPU 328) [0]= 137 [1]= 106 [2]= 132 [3]=   0 [4]=   0 [5]=   0 [6]=   0 [7]=   0 [8]=   0 [9]=   0 [10]=   0 [11]=   0 
after  (DPU 328) [0]= 137 [1]= 106 [2]= 132 [3]=   0 [4]=   0 [5]=   0 [6]=   0 [7]=   0 [8]=   0 [9]=   0 [10]=   0 [11]=   0 
before (DPU 329) [0]= 124 [1]= 133 [2]= 125 [3]=   0 [4]=   0 [5]=   0 [6]=   0 [7]=   0 [8]=   0 [9]=   0 [10]=   0 [11]=   0 
after  (DPU 329) [0]= 124 [1]= 133 [2]= 125 [3]=   0 [4]=   0 [5]=   0 [6]=   0 [7]=   0 [8]=   0 [9]=   0 [10]=   0 [11]=   0 
before (DPU 330) [0]= 120 [1]= 125 [2]= 135 [3]=   0 [4]=   0 [5]=   0 [6]=   0 [7]=   0 [8]=   0 [9]=   0 [10]=   0 [11]=   0 
after  (DPU 330) [0]= 120 [1]= 125 [2]= 135 [3]=   0 [4]=   0 [5]=   0 [6]=   0 [7]=   0 [8]=   0 [9]=   0 [10]=   0 [11]=   0 
before (DPU 331) [0]= 135 [1]= 109 [2]= 112 [3]=   0 [4]=   0 [5]=   0 [6]=   0 [7]=   0 [8]=   0 [9]=   0 [10]=   0 [11]=   0 
after  (DPU 331) [0]= 135 [1]= 109 [2]= 112 [3]=   0 [4]=   0 [5]=   0 [6]=   0 [7]=   0 [8]=   0 [9]=   0 [10]=   0 [11]=   0 
before (DPU 332) [0]= 148 [1]= 107 [2]= 125 [3]=   0 [4]=   0 [5]=   0 [6]=   0 [7]=   0 [8]=   0 [9]=   0 [10]=   0 [11]=   0 
after  (DPU 332) [0]= 148 [1]= 107 [2]= 125 [3]=   0 [4]=   0 [5]=   0 [6]=   0 [7]=   0 [8]=   0 [9]=   0 [10]=   0 [11]=   0 
before (DPU 333) [0]= 112 [1]= 118 [2]= 116 [3]=   0 [4]=   0 [5]=   0 [6]=   0 [7]=   0 [8]=   0 [9]=   0 [10]=   0 [11]=   0 
after  (DPU 333) [0]= 112 [1]= 118 [2]= 116 [3]=   0 [4]=   0 [5]=   0 [6]=   0 [7]=   0 [8]=   0 [9]=   0 [10]=   0 [11]=   0 
before (DPU 334) [0]= 108 [1]= 118 [2]= 133 [3]=   0 [4]=   0 [5]=   0 [6]=   0 [7]=   0 [8]=   0 [9]=   0 [10]=   0 [11]=   0 
after  (DPU 334) [0]= 108 [1]= 118 [2]= 133 [3]=   0 [4]=   0 [5]=   0 [6]=   0 [7]=   0 [8]=   0 [9]=   0 [10]=   0 [11]=   0 
before (DPU 335) [0]= 120 [1]= 126 [2]= 127 [3]=   0 [4]=   0 [5]=   0 [6]=   0 [7]=   0 [8]=   0 [9]=   0 [10]=   0 [11]=   0 
after  (DPU 335) [0]= 120 [1]= 126 [2]= 127 [3]=   0 [4]=   0 [5]=   0 [6]=   0 [7]=   0 [8]=   0 [9]=   0 [10]=   0 [11]=   0 
before (DPU 336) [0]= 125 [1]= 115 [2]= 111 [3]=   0 [4]=   0 [5]=   0 [6]=   0 [7]=   0 [8]=   0 [9]=   0 [10]=   0 [11]=   0 
after  (DPU 336) [0]= 125 [1]= 115 [2]= 111 [3]=   0 [4]=   0 [5]=   0 [6]=   0 [7]=   0 [8]=   0 [9]=   0 [10]=   0 [11]=   0 
before (DPU 337) [0]= 137 [1]= 119 [2]= 119 [3]=   0 [4]=   0 [5]=   0 [6]=   0 [7]=   0 [8]=   0 [9]=   0 [10]=   0 [11]=   0 
after  (DPU 337) [0]= 137 [1]= 119 [2]= 119 [3]=   0 [4]=   0 [5]=   0 [6]=   0 [7]=   0 [8]=   0 [9]=   0 [10]=   0 [11]=   0 
before (DPU 338) [0]= 134 [1]= 114 [2]= 126 [3]=   0 [4]=   0 [5]=   0 [6]=   0 [7]=   0 [8]=   0 [9]=   0 [10]=   0 [11]=   0 
after  (DPU 338) [0]= 134 [1]= 114 [2]= 126 [3]=   0 [4]=   0 [5]=   0 [6]=   0 [7]=   0 [8]=   0 [9]=   0 [10]=   0 [11]=   0 
before (DPU 339) [0]= 121 [1]= 115 [2]= 118 [3]=   0 [4]=   0 [5]=   0 [6]=   0 [7]=   0 [8]=   0 [9]=   0 [10]=   0 [11]=   0 
after  (DPU 339) [0]= 121 [1]= 115 [2]= 118 [3]=   0 [4]=   0 [5]=   0 [6]=   0 [7]=   0 [8]=   0 [9]=   0 [10]=   0 [11]=   0 
before (DPU 340) [0]= 125 [1]= 108 [2]= 113 [3]=   0 [4]=   0 [5]=   0 [6]=   0 [7]=   0 [8]=   0 [9]=   0 [10]=   0 [11]=   0 
after  (DPU 340) [0]= 125 [1]= 108 [2]= 113 [3]=   0 [4]=   0 [5]=   0 [6]=   0 [7]=   0 [8]=   0 [9]=   0 [10]=   0 [11]=   0 
before (DPU 341) [0]= 127 [1]= 115 [2]= 113 [3]=   0 [4]=   0 [5]=   0 [6]=   0 [7]=   0 [8]=   0 [9]=   0 [10]=   0 [11]=   0 
after  (DPU 341) [0]= 127 [1]= 115 [2]= 113 [3]=   0 [4]=   0 [5]=   0 [6]=   0 [7]=   0 [8]=   0 [9]=   0 [10]=   0 [11]=   0 
before (DPU 342) [0]= 106 [1]= 107 [2]= 125 [3]=   0 [4]=   0 [5]=   0 [6]=   0 [7]=   0 [8]=   0 [9]=   0 [10]=   0 [11]=   0 
after  (DPU 342) [0]= 106 [1]= 107 [2]= 125 [3]=   0 [4]=   0 [5]=   0 [6]=   0 [7]=   0 [8]=   0 [9]=   0 [10]=   0 [11]=   0 
before (DPU 343) [0]= 115 [1]= 133 [2]= 119 [3]=   0 [4]=   0 [5]=   0 [6]=   0 [7]=   0 [8]=   0 [9]=   0 [10]=   0 [11]=   0 
after  (DPU 343) [0]= 115 [1]= 133 [2]= 119 [3]=   0 [4]=   0 [5]=   0 [6]=   0 [7]=   0 [8]=   0 [9]=   0 [10]=   0 [11]=   0 
before (DPU 344) [0]= 126 [1]= 128 [2]= 132 [3]=   0 [4]=   0 [5]=   0 [6]=   0 [7]=   0 [8]=   0 [9]=   0 [10]=   0 [11]=   0 
after  (DPU 344) [0]= 126 [1]= 128 [2]= 132 [3]=   0 [4]=   0 [5]=   0 [6]=   0 [7]=   0 [8]=   0 [9]=   0 [10]=   0 [11]=   0 
before (DPU 345) [0]= 119 [1]=  96 [2]= 116 [3]=   0 [4]=   0 [5]=   0 [6]=   0 [7]=   0 [8]=   0 [9]=   0 [10]=   0 [11]=   0 
after  (DPU 345) [0]= 119 [1]=  96 [2]= 116 [3]=   0 [4]=   0 [5]=   0 [6]=   0 [7]=   0 [8]=   0 [9]=   0 [10]=   0 [11]=   0 
before (DPU 346) [0]= 134 [1]= 116 [2]= 114 [3]=   0 [4]=   0 [5]=   0 [6]=   0 [7]=   0 [8]=   0 [9]=   0 [10]=   0 [11]=   0 
after  (DPU 346) [0]= 134 [1]= 116 [2]= 114 [3]=   0 [4]=   0 [5]=   0 [6]=   0 [7]=   0 [8]=   0 [9]=   0 [10]=   0 [11]=   0 
before (DPU 347) [0]= 134 [1]= 110 [2]= 133 [3]=   0 [4]=   0 [5]=   0 [6]=   0 [7]=   0 [8]=   0 [9]=   0 [10]=   0 [11]=   0 
after  (DPU 347) [0]= 134 [1]= 110 [2]= 133 [3]=   0 [4]=   0 [5]=   0 [6]=   0 [7]=   0 [8]=   0 [9]=   0 [10]=   0 [11]=   0 
before (DPU 348) [0]= 143 [1]= 121 [2]= 127 [3]=   0 [4]=   0 [5]=   0 [6]=   0 [7]=   0 [8]=   0 [9]=   0 [10]=   0 [11]=   0 
after  (DPU 348) [0]= 143 [1]= 121 [2]= 127 [3]=   0 [4]=   0 [5]=   0 [6]=   0 [7]=   0 [8]=   0 [9]=   0 [10]=   0 [11]=   0 
before (DPU 349) [0]= 113 [1]=  95 [2]=  99 [3]=   0 [4]=   0 [5]=   0 [6]=   0 [7]=   0 [8]=   0 [9]=   0 [10]=   0 [11]=   0 
after  (DPU 349) [0]= 113 [1]=  95 [2]=  99 [3]=   0 [4]=   0 [5]=   0 [6]=   0 [7]=   0 [8]=   0 [9]=   0 [10]=   0 [11]=   0 
before (DPU 350) [0]= 105 [1]= 111 [2]= 113 [3]=   0 [4]=   0 [5]=   0 [6]=   0 [7]=   0 [8]=   0 [9]=   0 [10]=   0 [11]=   0 
after  (DPU 350) [0]= 105 [1]= 111 [2]= 113 [3]=   0 [4]=   0 [5]=   0 [6]=   0 [7]=   0 [8]=   0 [9]=   0 [10]=   0 [11]=   0 
before (DPU 351) [0]= 122 [1]= 111 [2]= 102 [3]=   0 [4]=   0 [5]=   0 [6]=   0 [7]=   0 [8]=   0 [9]=   0 [10]=   0 [11]=   0 
after  (DPU 351) [0]= 122 [1]= 111 [2]= 102 [3]=   0 [4]=   0 [5]=   0 [6]=   0 [7]=   0 [8]=   0 [9]=   0 [10]=   0 [11]=   0 
before (DPU 352) [0]= 122 [1]= 115 [2]= 113 [3]=   0 [4]=   0 [5]=   0 [6]=   0 [7]=   0 [8]=   0 [9]=   0 [10]=   0 [11]=   0 
after  (DPU 352) [0]= 122 [1]= 115 [2]= 113 [3]=   0 [4]=   0 [5]=   0 [6]=   0 [7]=   0 [8]=   0 [9]=   0 [10]=   0 [11]=   0 
before (DPU 353) [0]= 115 [1]= 104 [2]= 101 [3]=   0 [4]=   0 [5]=   0 [6]=   0 [7]=   0 [8]=   0 [9]=   0 [10]=   0 [11]=   0 
after  (DPU 353) [0]= 115 [1]= 104 [2]= 101 [3]=   0 [4]=   0 [5]=   0 [6]=   0 [7]=   0 [8]=   0 [9]=   0 [10]=   0 [11]=   0 
before (DPU 354) [0]= 121 [1]= 122 [2]=  99 [3]=   0 [4]=   0 [5]=   0 [6]=   0 [7]=   0 [8]=   0 [9]=   0 [10]=   0 [11]=   0 
after  (DPU 354) [0]= 121 [1]= 122 [2]=  99 [3]=   0 [4]=   0 [5]=   0 [6]=   0 [7]=   0 [8]=   0 [9]=   0 [10]=   0 [11]=   0 
before (DPU 355) [0]= 115 [1]= 116 [2]= 122 [3]=   0 [4]=   0 [5]=   0 [6]=   0 [7]=   0 [8]=   0 [9]=   0 [10]=   0 [11]=   0 
after  (DPU 355) [0]= 115 [1]= 116 [2]= 122 [3]=   0 [4]=   0 [5]=   0 [6]=   0 [7]=   0 [8]=   0 [9]=   0 [10]=   0 [11]=   0 
before (DPU 356) [0]= 124 [1]= 129 [2]=  94 [3]=   0 [4]=   0 [5]=   0 [6]=   0 [7]=   0 [8]=   0 [9]=   0 [10]=   0 [11]=   0 
after  (DPU 356) [0]= 124 [1]= 129 [2]=  94 [3]=   0 [4]=   0 [5]=   0 [6]=   0 [7]=   0 [8]=   0 [9]=   0 [10]=   0 [11]=   0 
before (DPU 357) [0]= 109 [1]= 108 [2]= 106 [3]=   0 [4]=   0 [5]=   0 [6]=   0 [7]=   0 [8]=   0 [9]=   0 [10]=   0 [11]=   0 
after  (DPU 357) [0]= 109 [1]= 108 [2]= 106 [3]=   0 [4]=   0 [5]=   0 [6]=   0 [7]=   0 [8]=   0 [9]=   0 [10]=   0 [11]=   0 
before (DPU 358) [0]= 128 [1]= 109 [2]=  97 [3]=   0 [4]=   0 [5]=   0 [6]=   0 [7]=   0 [8]=   0 [9]=   0 [10]=   0 [11]=   0 
after  (DPU 358) [0]= 128 [1]= 109 [2]=  97 [3]=   0 [4]=   0 [5]=   0 [6]=   0 [7]=   0 [8]=   0 [9]=   0 [10]=   0 [11]=   0 
before (DPU 359) [0]= 131 [1]=  81 [2]= 130 [3]=   0 [4]=   0 [5]=   0 [6]=   0 [7]=   0 [8]=   0 [9]=   0 [10]=   0 [11]=   0 
after  (DPU 359) [0]= 131 [1]=  81 [2]= 130 [3]=   0 [4]=   0 [5]=   0 [6]=   0 [7]=   0 [8]=   0 [9]=   0 [10]=   0 [11]=   0 
before (DPU 360) [0]= 111 [1]= 119 [2]= 109 [3]=   0 [4]=   0 [5]=   0 [6]=   0 [7]=   0 [8]=   0 [9]=   0 [10]=   0 [11]=   0 
after  (DPU 360) [0]= 111 [1]= 119 [2]= 109 [3]=   0 [4]=   0 [5]=   0 [6]=   0 [7]=   0 [8]=   0 [9]=   0 [10]=   0 [11]=   0 
before (DPU 361) [0]= 140 [1]=  97 [2]= 122 [3]=   0 [4]=   0 [5]=   0 [6]=   0 [7]=   0 [8]=   0 [9]=   0 [10]=   0 [11]=   0 
after  (DPU 361) [0]= 140 [1]=  97 [2]= 122 [3]=   0 [4]=   0 [5]=   0 [6]=   0 [7]=   0 [8]=   0 [9]=   0 [10]=   0 [11]=   0 
before (DPU 362) [0]= 120 [1]= 113 [2]= 109 [3]=   0 [4]=   0 [5]=   0 [6]=   0 [7]=   0 [8]=   0 [9]=   0 [10]=   0 [11]=   0 
after  (DPU 362) [0]= 120 [1]= 113 [2]= 109 [3]=   0 [4]=   0 [5]=   0 [6]=   0 [7]=   0 [8]=   0 [9]=   0 [10]=   0 [11]=   0 
before (DPU 363) [0]=  90 [1]= 103 [2]= 105 [3]=   0 [4]=   0 [5]=   0 [6]=   0 [7]=   0 [8]=   0 [9]=   0 [10]=   0 [11]=   0 
after  (DPU 363) [0]=  90 [1]= 103 [2]= 105 [3]=   0 [4]=   0 [5]=   0 [6]=   0 [7]=   0 [8]=   0 [9]=   0 [10]=   0 [11]=   0 
before (DPU 364) [0]= 126 [1]= 105 [2]= 131 [3]=   0 [4]=   0 [5]=   0 [6]=   0 [7]=   0 [8]=   0 [9]=   0 [10]=   0 [11]=   0 
after  (DPU 364) [0]= 126 [1]= 105 [2]= 131 [3]=   0 [4]=   0 [5]=   0 [6]=   0 [7]=   0 [8]=   0 [9]=   0 [10]=   0 [11]=   0 
before (DPU 365) [0]= 109 [1]= 119 [2]= 125 [3]=   0 [4]=   0 [5]=   0 [6]=   0 [7]=   0 [8]=   0 [9]=   0 [10]=   0 [11]=   0 
after  (DPU 365) [0]= 109 [1]= 119 [2]= 125 [3]=   0 [4]=   0 [5]=   0 [6]=   0 [7]=   0 [8]=   0 [9]=   0 [10]=   0 [11]=   0 
before (DPU 366) [0]= 102 [1]=  94 [2]= 114 [3]=   0 [4]=   0 [5]=   0 [6]=   0 [7]=   0 [8]=   0 [9]=   0 [10]=   0 [11]=   0 
after  (DPU 366) [0]= 102 [1]=  94 [2]= 114 [3]=   0 [4]=   0 [5]=   0 [6]=   0 [7]=   0 [8]=   0 [9]=   0 [10]=   0 [11]=   0 
before (DPU 367) [0]= 114 [1]= 116 [2]= 117 [3]=   0 [4]=   0 [5]=   0 [6]=   0 [7]=   0 [8]=   0 [9]=   0 [10]=   0 [11]=   0 
after  (DPU 367) [0]= 114 [1]= 116 [2]= 117 [3]=   0 [4]=   0 [5]=   0 [6]=   0 [7]=   0 [8]=   0 [9]=   0 [10]=   0 [11]=   0 
before (DPU 368) [0]= 115 [1]= 115 [2]= 112 [3]=   0 [4]=   0 [5]=   0 [6]=   0 [7]=   0 [8]=   0 [9]=   0 [10]=   0 [11]=   0 
after  (DPU 368) [0]= 115 [1]= 115 [2]= 112 [3]=   0 [4]=   0 [5]=   0 [6]=   0 [7]=   0 [8]=   0 [9]=   0 [10]=   0 [11]=   0 
before (DPU 369) [0]= 114 [1]= 112 [2]= 112 [3]=   0 [4]=   0 [5]=   0 [6]=   0 [7]=   0 [8]=   0 [9]=   0 [10]=   0 [11]=   0 
after  (DPU 369) [0]= 114 [1]= 112 [2]= 112 [3]=   0 [4]=   0 [5]=   0 [6]=   0 [7]=   0 [8]=   0 [9]=   0 [10]=   0 [11]=   0 
before (DPU 370) [0]= 115 [1]=  95 [2]= 105 [3]=   0 [4]=   0 [5]=   0 [6]=   0 [7]=   0 [8]=   0 [9]=   0 [10]=   0 [11]=   0 
after  (DPU 370) [0]= 115 [1]=  95 [2]= 105 [3]=   0 [4]=   0 [5]=   0 [6]=   0 [7]=   0 [8]=   0 [9]=   0 [10]=   0 [11]=   0 
before (DPU 371) [0]=  99 [1]= 103 [2]=  98 [3]=   0 [4]=   0 [5]=   0 [6]=   0 [7]=   0 [8]=   0 [9]=   0 [10]=   0 [11]=   0 
after  (DPU 371) [0]=  99 [1]= 103 [2]=  98 [3]=   0 [4]=   0 [5]=   0 [6]=   0 [7]=   0 [8]=   0 [9]=   0 [10]=   0 [11]=   0 
before (DPU 372) [0]= 120 [1]= 102 [2]= 101 [3]=   0 [4]=   0 [5]=   0 [6]=   0 [7]=   0 [8]=   0 [9]=   0 [10]=   0 [11]=   0 
after  (DPU 372) [0]= 120 [1]= 102 [2]= 101 [3]=   0 [4]=   0 [5]=   0 [6]=   0 [7]=   0 [8]=   0 [9]=   0 [10]=   0 [11]=   0 
before (DPU 373) [0]= 101 [1]= 104 [2]= 110 [3]=   0 [4]=   0 [5]=   0 [6]=   0 [7]=   0 [8]=   0 [9]=   0 [10]=   0 [11]=   0 
after  (DPU 373) [0]= 101 [1]= 104 [2]= 110 [3]=   0 [4]=   0 [5]=   0 [6]=   0 [7]=   0 [8]=   0 [9]=   0 [10]=   0 [11]=   0 
before (DPU 374) [0]= 112 [1]= 110 [2]= 111 [3]=   0 [4]=   0 [5]=   0 [6]=   0 [7]=   0 [8]=   0 [9]=   0 [10]=   0 [11]=   0 
after  (DPU 374) [0]= 112 [1]= 110 [2]= 111 [3]=   0 [4]=   0 [5]=   0 [6]=   0 [7]=   0 [8]=   0 [9]=   0 [10]=   0 [11]=   0 
before (DPU 375) [0]= 118 [1]= 117 [2]= 101 [3]=   0 [4]=   0 [5]=   0 [6]=   0 [7]=   0 [8]=   0 [9]=   0 [10]=   0 [11]=   0 
after  (DPU 375) [0]= 118 [1]= 117 [2]= 101 [3]=   0 [4]=   0 [5]=   0 [6]=   0 [7]=   0 [8]=   0 [9]=   0 [10]=   0 [11]=   0 
before (DPU 376) [0]= 102 [1]= 114 [2]= 107 [3]=   0 [4]=   0 [5]=   0 [6]=   0 [7]=   0 [8]=   0 [9]=   0 [10]=   0 [11]=   0 
after  (DPU 376) [0]= 102 [1]= 114 [2]= 107 [3]=   0 [4]=   0 [5]=   0 [6]=   0 [7]=   0 [8]=   0 [9]=   0 [10]=   0 [11]=   0 
before (DPU 377) [0]= 109 [1]=  94 [2]= 108 [3]=   0 [4]=   0 [5]=   0 [6]=   0 [7]=   0 [8]=   0 [9]=   0 [10]=   0 [11]=   0 
after  (DPU 377) [0]= 109 [1]=  94 [2]= 108 [3]=   0 [4]=   0 [5]=   0 [6]=   0 [7]=   0 [8]=   0 [9]=   0 [10]=   0 [11]=   0 
before (DPU 378) [0]= 106 [1]=  93 [2]= 113 [3]=   0 [4]=   0 [5]=   0 [6]=   0 [7]=   0 [8]=   0 [9]=   0 [10]=   0 [11]=   0 
after  (DPU 378) [0]= 106 [1]=  93 [2]= 113 [3]=   0 [4]=   0 [5]=   0 [6]=   0 [7]=   0 [8]=   0 [9]=   0 [10]=   0 [11]=   0 
before (DPU 379) [0]= 113 [1]= 105 [2]=  94 [3]=   0 [4]=   0 [5]=   0 [6]=   0 [7]=   0 [8]=   0 [9]=   0 [10]=   0 [11]=   0 
after  (DPU 379) [0]= 113 [1]= 105 [2]=  94 [3]=   0 [4]=   0 [5]=   0 [6]=   0 [7]=   0 [8]=   0 [9]=   0 [10]=   0 [11]=   0 
before (DPU 380) [0]= 124 [1]=  86 [2]=  90 [3]=   0 [4]=   0 [5]=   0 [6]=   0 [7]=   0 [8]=   0 [9]=   0 [10]=   0 [11]=   0 
after  (DPU 380) [0]= 124 [1]=  86 [2]=  90 [3]=   0 [4]=   0 [5]=   0 [6]=   0 [7]=   0 [8]=   0 [9]=   0 [10]=   0 [11]=   0 
before (DPU 381) [0]= 104 [1]=  96 [2]= 108 [3]=   0 [4]=   0 [5]=   0 [6]=   0 [7]=   0 [8]=   0 [9]=   0 [10]=   0 [11]=   0 
after  (DPU 381) [0]= 104 [1]=  96 [2]= 108 [3]=   0 [4]=   0 [5]=   0 [6]=   0 [7]=   0 [8]=   0 [9]=   0 [10]=   0 [11]=   0 
before (DPU 382) [0]= 109 [1]= 107 [2]= 107 [3]=   0 [4]=   0 [5]=   0 [6]=   0 [7]=   0 [8]=   0 [9]=   0 [10]=   0 [11]=   0 
after  (DPU 382) [0]= 109 [1]= 107 [2]= 107 [3]=   0 [4]=   0 [5]=   0 [6]=   0 [7]=   0 [8]=   0 [9]=   0 [10]=   0 [11]=   0 
before (DPU 383) [0]= 115 [1]=  71 [2]=  98 [3]=   0 [4]=   0 [5]=   0 [6]=   0 [7]=   0 [8]=   0 [9]=   0 [10]=   0 [11]=   0 
after  (DPU 383) [0]= 115 [1]=  71 [2]=  98 [3]=   0 [4]=   0 [5]=   0 [6]=   0 [7]=   0 [8]=   0 [9]=   0 [10]=   0 [11]=   0 
before (DPU 384) [0]= 111 [1]= 121 [2]= 112 [3]=   0 [4]=   0 [5]=   0 [6]=   0 [7]=   0 [8]=   0 [9]=   0 [10]=   0 [11]=   0 
after  (DPU 384) [0]= 111 [1]= 121 [2]= 112 [3]=   0 [4]=   0 [5]=   0 [6]=   0 [7]=   0 [8]=   0 [9]=   0 [10]=   0 [11]=   0 
before (DPU 385) [0]= 118 [1]= 120 [2]= 120 [3]=   0 [4]=   0 [5]=   0 [6]=   0 [7]=   0 [8]=   0 [9]=   0 [10]=   0 [11]=   0 
after  (DPU 385) [0]= 118 [1]= 120 [2]= 120 [3]=   0 [4]=   0 [5]=   0 [6]=   0 [7]=   0 [8]=   0 [9]=   0 [10]=   0 [11]=   0 
before (DPU 386) [0]= 108 [1]=  92 [2]= 127 [3]=   0 [4]=   0 [5]=   0 [6]=   0 [7]=   0 [8]=   0 [9]=   0 [10]=   0 [11]=   0 
after  (DPU 386) [0]= 108 [1]=  92 [2]= 127 [3]=   0 [4]=   0 [5]=   0 [6]=   0 [7]=   0 [8]=   0 [9]=   0 [10]=   0 [11]=   0 
before (DPU 387) [0]=  98 [1]=  96 [2]= 113 [3]=   0 [4]=   0 [5]=   0 [6]=   0 [7]=   0 [8]=   0 [9]=   0 [10]=   0 [11]=   0 
after  (DPU 387) [0]=  98 [1]=  96 [2]= 113 [3]=   0 [4]=   0 [5]=   0 [6]=   0 [7]=   0 [8]=   0 [9]=   0 [10]=   0 [11]=   0 
before (DPU 388) [0]=  94 [1]= 104 [2]=  88 [3]=   0 [4]=   0 [5]=   0 [6]=   0 [7]=   0 [8]=   0 [9]=   0 [10]=   0 [11]=   0 
after  (DPU 388) [0]=  94 [1]= 104 [2]=  88 [3]=   0 [4]=   0 [5]=   0 [6]=   0 [7]=   0 [8]=   0 [9]=   0 [10]=   0 [11]=   0 
before (DPU 389) [0]= 102 [1]= 121 [2]= 110 [3]=   0 [4]=   0 [5]=   0 [6]=   0 [7]=   0 [8]=   0 [9]=   0 [10]=   0 [11]=   0 
after  (DPU 389) [0]= 102 [1]= 121 [2]= 110 [3]=   0 [4]=   0 [5]=   0 [6]=   0 [7]=   0 [8]=   0 [9]=   0 [10]=   0 [11]=   0 
before (DPU 390) [0]=  87 [1]=  98 [2]= 107 [3]=   0 [4]=   0 [5]=   0 [6]=   0 [7]=   0 [8]=   0 [9]=   0 [10]=   0 [11]=   0 
after  (DPU 390) [0]=  87 [1]=  98 [2]= 107 [3]=   0 [4]=   0 [5]=   0 [6]=   0 [7]=   0 [8]=   0 [9]=   0 [10]=   0 [11]=   0 
before (DPU 391) [0]= 100 [1]= 124 [2]= 103 [3]=   0 [4]=   0 [5]=   0 [6]=   0 [7]=   0 [8]=   0 [9]=   0 [10]=   0 [11]=   0 
after  (DPU 391) [0]= 100 [1]= 124 [2]= 103 [3]=   0 [4]=   0 [5]=   0 [6]=   0 [7]=   0 [8]=   0 [9]=   0 [10]=   0 [11]=   0 
before (DPU 392) [0]=  97 [1]= 118 [2]= 116 [3]=   0 [4]=   0 [5]=   0 [6]=   0 [7]=   0 [8]=   0 [9]=   0 [10]=   0 [11]=   0 
after  (DPU 392) [0]=  97 [1]= 118 [2]= 116 [3]=   0 [4]=   0 [5]=   0 [6]=   0 [7]=   0 [8]=   0 [9]=   0 [10]=   0 [11]=   0 
before (DPU 393) [0]= 103 [1]= 102 [2]=  96 [3]=   0 [4]=   0 [5]=   0 [6]=   0 [7]=   0 [8]=   0 [9]=   0 [10]=   0 [11]=   0 
after  (DPU 393) [0]= 103 [1]= 102 [2]=  96 [3]=   0 [4]=   0 [5]=   0 [6]=   0 [7]=   0 [8]=   0 [9]=   0 [10]=   0 [11]=   0 
before (DPU 394) [0]= 106 [1]=  96 [2]= 104 [3]=   0 [4]=   0 [5]=   0 [6]=   0 [7]=   0 [8]=   0 [9]=   0 [10]=   0 [11]=   0 
after  (DPU 394) [0]= 106 [1]=  96 [2]= 104 [3]=   0 [4]=   0 [5]=   0 [6]=   0 [7]=   0 [8]=   0 [9]=   0 [10]=   0 [11]=   0 
before (DPU 395) [0]= 103 [1]= 107 [2]= 103 [3]=   0 [4]=   0 [5]=   0 [6]=   0 [7]=   0 [8]=   0 [9]=   0 [10]=   0 [11]=   0 
after  (DPU 395) [0]= 103 [1]= 107 [2]= 103 [3]=   0 [4]=   0 [5]=   0 [6]=   0 [7]=   0 [8]=   0 [9]=   0 [10]=   0 [11]=   0 
before (DPU 396) [0]= 108 [1]= 105 [2]= 118 [3]=   0 [4]=   0 [5]=   0 [6]=   0 [7]=   0 [8]=   0 [9]=   0 [10]=   0 [11]=   0 
after  (DPU 396) [0]= 108 [1]= 105 [2]= 118 [3]=   0 [4]=   0 [5]=   0 [6]=   0 [7]=   0 [8]=   0 [9]=   0 [10]=   0 [11]=   0 
before (DPU 397) [0]=  93 [1]= 108 [2]=  95 [3]=   0 [4]=   0 [5]=   0 [6]=   0 [7]=   0 [8]=   0 [9]=   0 [10]=   0 [11]=   0 
after  (DPU 397) [0]=  93 [1]= 108 [2]=  95 [3]=   0 [4]=   0 [5]=   0 [6]=   0 [7]=   0 [8]=   0 [9]=   0 [10]=   0 [11]=   0 
before (DPU 398) [0]= 113 [1]=  90 [2]= 116 [3]=   0 [4]=   0 [5]=   0 [6]=   0 [7]=   0 [8]=   0 [9]=   0 [10]=   0 [11]=   0 
after  (DPU 398) [0]= 113 [1]=  90 [2]= 116 [3]=   0 [4]=   0 [5]=   0 [6]=   0 [7]=   0 [8]=   0 [9]=   0 [10]=   0 [11]=   0 
before (DPU 399) [0]= 123 [1]=  95 [2]=  95 [3]=   0 [4]=   0 [5]=   0 [6]=   0 [7]=   0 [8]=   0 [9]=   0 [10]=   0 [11]=   0 
after  (DPU 399) [0]= 123 [1]=  95 [2]=  95 [3]=   0 [4]=   0 [5]=   0 [6]=   0 [7]=   0 [8]=   0 [9]=   0 [10]=   0 [11]=   0 
before (DPU 400) [0]=  90 [1]= 111 [2]= 110 [3]=   0 [4]=   0 [5]=   0 [6]=   0 [7]=   0 [8]=   0 [9]=   0 [10]=   0 [11]=   0 
after  (DPU 400) [0]=  90 [1]= 111 [2]= 110 [3]=   0 [4]=   0 [5]=   0 [6]=   0 [7]=   0 [8]=   0 [9]=   0 [10]=   0 [11]=   0 
before (DPU 401) [0]=  85 [1]=  93 [2]=  97 [3]=   0 [4]=   0 [5]=   0 [6]=   0 [7]=   0 [8]=   0 [9]=   0 [10]=   0 [11]=   0 
after  (DPU 401) [0]=  85 [1]=  93 [2]=  97 [3]=   0 [4]=   0 [5]=   0 [6]=   0 [7]=   0 [8]=   0 [9]=   0 [10]=   0 [11]=   0 
before (DPU 402) [0]= 121 [1]= 120 [2]=  94 [3]=   0 [4]=   0 [5]=   0 [6]=   0 [7]=   0 [8]=   0 [9]=   0 [10]=   0 [11]=   0 
after  (DPU 402) [0]= 121 [1]= 120 [2]=  94 [3]=   0 [4]=   0 [5]=   0 [6]=   0 [7]=   0 [8]=   0 [9]=   0 [10]=   0 [11]=   0 
before (DPU 403) [0]=  88 [1]= 103 [2]= 101 [3]=   0 [4]=   0 [5]=   0 [6]=   0 [7]=   0 [8]=   0 [9]=   0 [10]=   0 [11]=   0 
after  (DPU 403) [0]=  88 [1]= 103 [2]= 101 [3]=   0 [4]=   0 [5]=   0 [6]=   0 [7]=   0 [8]=   0 [9]=   0 [10]=   0 [11]=   0 
before (DPU 404) [0]= 107 [1]=  88 [2]=  78 [3]=   0 [4]=   0 [5]=   0 [6]=   0 [7]=   0 [8]=   0 [9]=   0 [10]=   0 [11]=   0 
after  (DPU 404) [0]= 107 [1]=  88 [2]=  78 [3]=   0 [4]=   0 [5]=   0 [6]=   0 [7]=   0 [8]=   0 [9]=   0 [10]=   0 [11]=   0 
before (DPU 405) [0]= 103 [1]=  84 [2]= 114 [3]=   0 [4]=   0 [5]=   0 [6]=   0 [7]=   0 [8]=   0 [9]=   0 [10]=   0 [11]=   0 
after  (DPU 405) [0]= 103 [1]=  84 [2]= 114 [3]=   0 [4]=   0 [5]=   0 [6]=   0 [7]=   0 [8]=   0 [9]=   0 [10]=   0 [11]=   0 
before (DPU 406) [0]= 108 [1]= 112 [2]=  96 [3]=   0 [4]=   0 [5]=   0 [6]=   0 [7]=   0 [8]=   0 [9]=   0 [10]=   0 [11]=   0 
after  (DPU 406) [0]= 108 [1]= 112 [2]=  96 [3]=   0 [4]=   0 [5]=   0 [6]=   0 [7]=   0 [8]=   0 [9]=   0 [10]=   0 [11]=   0 
before (DPU 407) [0]= 113 [1]=  90 [2]=  84 [3]=   0 [4]=   0 [5]=   0 [6]=   0 [7]=   0 [8]=   0 [9]=   0 [10]=   0 [11]=   0 
after  (DPU 407) [0]= 113 [1]=  90 [2]=  84 [3]=   0 [4]=   0 [5]=   0 [6]=   0 [7]=   0 [8]=   0 [9]=   0 [10]=   0 [11]=   0 
before (DPU 408) [0]= 105 [1]=  98 [2]= 102 [3]=   0 [4]=   0 [5]=   0 [6]=   0 [7]=   0 [8]=   0 [9]=   0 [10]=   0 [11]=   0 
after  (DPU 408) [0]= 105 [1]=  98 [2]= 102 [3]=   0 [4]=   0 [5]=   0 [6]=   0 [7]=   0 [8]=   0 [9]=   0 [10]=   0 [11]=   0 
before (DPU 409) [0]= 112 [1]= 101 [2]=  81 [3]=   0 [4]=   0 [5]=   0 [6]=   0 [7]=   0 [8]=   0 [9]=   0 [10]=   0 [11]=   0 
after  (DPU 409) [0]= 112 [1]= 101 [2]=  81 [3]=   0 [4]=   0 [5]=   0 [6]=   0 [7]=   0 [8]=   0 [9]=   0 [10]=   0 [11]=   0 
before (DPU 410) [0]= 116 [1]=  89 [2]=  95 [3]=   0 [4]=   0 [5]=   0 [6]=   0 [7]=   0 [8]=   0 [9]=   0 [10]=   0 [11]=   0 
after  (DPU 410) [0]= 116 [1]=  89 [2]=  95 [3]=   0 [4]=   0 [5]=   0 [6]=   0 [7]=   0 [8]=   0 [9]=   0 [10]=   0 [11]=   0 
before (DPU 411) [0]= 102 [1]= 112 [2]= 101 [3]=   0 [4]=   0 [5]=   0 [6]=   0 [7]=   0 [8]=   0 [9]=   0 [10]=   0 [11]=   0 
after  (DPU 411) [0]= 102 [1]= 112 [2]= 101 [3]=   0 [4]=   0 [5]=   0 [6]=   0 [7]=   0 [8]=   0 [9]=   0 [10]=   0 [11]=   0 
before (DPU 412) [0]= 109 [1]=  97 [2]=  95 [3]=   0 [4]=   0 [5]=   0 [6]=   0 [7]=   0 [8]=   0 [9]=   0 [10]=   0 [11]=   0 
after  (DPU 412) [0]= 109 [1]=  97 [2]=  95 [3]=   0 [4]=   0 [5]=   0 [6]=   0 [7]=   0 [8]=   0 [9]=   0 [10]=   0 [11]=   0 
before (DPU 413) [0]= 105 [1]=  77 [2]= 106 [3]=   0 [4]=   0 [5]=   0 [6]=   0 [7]=   0 [8]=   0 [9]=   0 [10]=   0 [11]=   0 
after  (DPU 413) [0]= 105 [1]=  77 [2]= 106 [3]=   0 [4]=   0 [5]=   0 [6]=   0 [7]=   0 [8]=   0 [9]=   0 [10]=   0 [11]=   0 
before (DPU 414) [0]= 102 [1]= 123 [2]= 110 [3]=   0 [4]=   0 [5]=   0 [6]=   0 [7]=   0 [8]=   0 [9]=   0 [10]=   0 [11]=   0 
after  (DPU 414) [0]= 102 [1]= 123 [2]= 110 [3]=   0 [4]=   0 [5]=   0 [6]=   0 [7]=   0 [8]=   0 [9]=   0 [10]=   0 [11]=   0 
before (DPU 415) [0]=  99 [1]= 106 [2]= 109 [3]=   0 [4]=   0 [5]=   0 [6]=   0 [7]=   0 [8]=   0 [9]=   0 [10]=   0 [11]=   0 
after  (DPU 415) [0]=  99 [1]= 106 [2]= 109 [3]=   0 [4]=   0 [5]=   0 [6]=   0 [7]=   0 [8]=   0 [9]=   0 [10]=   0 [11]=   0 
before (DPU 416) [0]= 100 [1]=  98 [2]=  88 [3]=   0 [4]=   0 [5]=   0 [6]=   0 [7]=   0 [8]=   0 [9]=   0 [10]=   0 [11]=   0 
after  (DPU 416) [0]= 100 [1]=  98 [2]=  88 [3]=   0 [4]=   0 [5]=   0 [6]=   0 [7]=   0 [8]=   0 [9]=   0 [10]=   0 [11]=   0 
before (DPU 417) [0]=  94 [1]= 102 [2]=  74 [3]=   0 [4]=   0 [5]=   0 [6]=   0 [7]=   0 [8]=   0 [9]=   0 [10]=   0 [11]=   0 
after  (DPU 417) [0]=  94 [1]= 102 [2]=  74 [3]=   0 [4]=   0 [5]=   0 [6]=   0 [7]=   0 [8]=   0 [9]=   0 [10]=   0 [11]=   0 
before (DPU 418) [0]= 109 [1]= 118 [2]=  93 [3]=   0 [4]=   0 [5]=   0 [6]=   0 [7]=   0 [8]=   0 [9]=   0 [10]=   0 [11]=   0 
after  (DPU 418) [0]= 109 [1]= 118 [2]=  93 [3]=   0 [4]=   0 [5]=   0 [6]=   0 [7]=   0 [8]=   0 [9]=   0 [10]=   0 [11]=   0 
before (DPU 419) [0]=  81 [1]= 107 [2]=  87 [3]=   0 [4]=   0 [5]=   0 [6]=   0 [7]=   0 [8]=   0 [9]=   0 [10]=   0 [11]=   0 
after  (DPU 419) [0]=  81 [1]= 107 [2]=  87 [3]=   0 [4]=   0 [5]=   0 [6]=   0 [7]=   0 [8]=   0 [9]=   0 [10]=   0 [11]=   0 
before (DPU 420) [0]= 111 [1]= 100 [2]=  85 [3]=   0 [4]=   0 [5]=   0 [6]=   0 [7]=   0 [8]=   0 [9]=   0 [10]=   0 [11]=   0 
after  (DPU 420) [0]= 111 [1]= 100 [2]=  85 [3]=   0 [4]=   0 [5]=   0 [6]=   0 [7]=   0 [8]=   0 [9]=   0 [10]=   0 [11]=   0 
before (DPU 421) [0]=  96 [1]=  85 [2]= 100 [3]=   0 [4]=   0 [5]=   0 [6]=   0 [7]=   0 [8]=   0 [9]=   0 [10]=   0 [11]=   0 
after  (DPU 421) [0]=  96 [1]=  85 [2]= 100 [3]=   0 [4]=   0 [5]=   0 [6]=   0 [7]=   0 [8]=   0 [9]=   0 [10]=   0 [11]=   0 
before (DPU 422) [0]= 111 [1]=  92 [2]= 108 [3]=   0 [4]=   0 [5]=   0 [6]=   0 [7]=   0 [8]=   0 [9]=   0 [10]=   0 [11]=   0 
after  (DPU 422) [0]= 111 [1]=  92 [2]= 108 [3]=   0 [4]=   0 [5]=   0 [6]=   0 [7]=   0 [8]=   0 [9]=   0 [10]=   0 [11]=   0 
before (DPU 423) [0]=  87 [1]= 105 [2]= 101 [3]=   0 [4]=   0 [5]=   0 [6]=   0 [7]=   0 [8]=   0 [9]=   0 [10]=   0 [11]=   0 
after  (DPU 423) [0]=  87 [1]= 105 [2]= 101 [3]=   0 [4]=   0 [5]=   0 [6]=   0 [7]=   0 [8]=   0 [9]=   0 [10]=   0 [11]=   0 
before (DPU 424) [0]=  91 [1]= 113 [2]=  98 [3]=   0 [4]=   0 [5]=   0 [6]=   0 [7]=   0 [8]=   0 [9]=   0 [10]=   0 [11]=   0 
after  (DPU 424) [0]=  91 [1]= 113 [2]=  98 [3]=   0 [4]=   0 [5]=   0 [6]=   0 [7]=   0 [8]=   0 [9]=   0 [10]=   0 [11]=   0 
before (DPU 425) [0]=  98 [1]=  87 [2]=  91 [3]=   0 [4]=   0 [5]=   0 [6]=   0 [7]=   0 [8]=   0 [9]=   0 [10]=   0 [11]=   0 
after  (DPU 425) [0]=  98 [1]=  87 [2]=  91 [3]=   0 [4]=   0 [5]=   0 [6]=   0 [7]=   0 [8]=   0 [9]=   0 [10]=   0 [11]=   0 
before (DPU 426) [0]=  91 [1]=  94 [2]= 102 [3]=   0 [4]=   0 [5]=   0 [6]=   0 [7]=   0 [8]=   0 [9]=   0 [10]=   0 [11]=   0 
after  (DPU 426) [0]=  91 [1]=  94 [2]= 102 [3]=   0 [4]=   0 [5]=   0 [6]=   0 [7]=   0 [8]=   0 [9]=   0 [10]=   0 [11]=   0 
before (DPU 427) [0]=  89 [1]=  99 [2]=  94 [3]=   0 [4]=   0 [5]=   0 [6]=   0 [7]=   0 [8]=   0 [9]=   0 [10]=   0 [11]=   0 
after  (DPU 427) [0]=  89 [1]=  99 [2]=  94 [3]=   0 [4]=   0 [5]=   0 [6]=   0 [7]=   0 [8]=   0 [9]=   0 [10]=   0 [11]=   0 
before (DPU 428) [0]=  85 [1]=  98 [2]=  90 [3]=   0 [4]=   0 [5]=   0 [6]=   0 [7]=   0 [8]=   0 [9]=   0 [10]=   0 [11]=   0 
after  (DPU 428) [0]=  85 [1]=  98 [2]=  90 [3]=   0 [4]=   0 [5]=   0 [6]=   0 [7]=   0 [8]=   0 [9]=   0 [10]=   0 [11]=   0 
before (DPU 429) [0]=  85 [1]=  94 [2]= 110 [3]=   0 [4]=   0 [5]=   0 [6]=   0 [7]=   0 [8]=   0 [9]=   0 [10]=   0 [11]=   0 
after  (DPU 429) [0]=  85 [1]=  94 [2]= 110 [3]=   0 [4]=   0 [5]=   0 [6]=   0 [7]=   0 [8]=   0 [9]=   0 [10]=   0 [11]=   0 
before (DPU 430) [0]=  93 [1]=  89 [2]=  68 [3]=   0 [4]=   0 [5]=   0 [6]=   0 [7]=   0 [8]=   0 [9]=   0 [10]=   0 [11]=   0 
after  (DPU 430) [0]=  93 [1]=  89 [2]=  68 [3]=   0 [4]=   0 [5]=   0 [6]=   0 [7]=   0 [8]=   0 [9]=   0 [10]=   0 [11]=   0 
before (DPU 431) [0]=  85 [1]=  98 [2]=  96 [3]=   0 [4]=   0 [5]=   0 [6]=   0 [7]=   0 [8]=   0 [9]=   0 [10]=   0 [11]=   0 
after  (DPU 431) [0]=  85 [1]=  98 [2]=  96 [3]=   0 [4]=   0 [5]=   0 [6]=   0 [7]=   0 [8]=   0 [9]=   0 [10]=   0 [11]=   0 
before (DPU 432) [0]=  78 [1]=  89 [2]= 101 [3]=   0 [4]=   0 [5]=   0 [6]=   0 [7]=   0 [8]=   0 [9]=   0 [10]=   0 [11]=   0 
after  (DPU 432) [0]=  78 [1]=  89 [2]= 101 [3]=   0 [4]=   0 [5]=   0 [6]=   0 [7]=   0 [8]=   0 [9]=   0 [10]=   0 [11]=   0 
before (DPU 433) [0]=  99 [1]=  84 [2]=  91 [3]=   0 [4]=   0 [5]=   0 [6]=   0 [7]=   0 [8]=   0 [9]=   0 [10]=   0 [11]=   0 
after  (DPU 433) [0]=  99 [1]=  84 [2]=  91 [3]=   0 [4]=   0 [5]=   0 [6]=   0 [7]=   0 [8]=   0 [9]=   0 [10]=   0 [11]=   0 
before (DPU 434) [0]=  95 [1]=  79 [2]= 105 [3]=   0 [4]=   0 [5]=   0 [6]=   0 [7]=   0 [8]=   0 [9]=   0 [10]=   0 [11]=   0 
after  (DPU 434) [0]=  95 [1]=  79 [2]= 105 [3]=   0 [4]=   0 [5]=   0 [6]=   0 [7]=   0 [8]=   0 [9]=   0 [10]=   0 [11]=   0 
before (DPU 435) [0]=  93 [1]= 111 [2]=  94 [3]=   0 [4]=   0 [5]=   0 [6]=   0 [7]=   0 [8]=   0 [9]=   0 [10]=   0 [11]=   0 
after  (DPU 435) [0]=  93 [1]= 111 [2]=  94 [3]=   0 [4]=   0 [5]=   0 [6]=   0 [7]=   0 [8]=   0 [9]=   0 [10]=   0 [11]=   0 
before (DPU 436) [0]=  95 [1]=  82 [2]=  93 [3]=   0 [4]=   0 [5]=   0 [6]=   0 [7]=   0 [8]=   0 [9]=   0 [10]=   0 [11]=   0 
after  (DPU 436) [0]=  95 [1]=  82 [2]=  93 [3]=   0 [4]=   0 [5]=   0 [6]=   0 [7]=   0 [8]=   0 [9]=   0 [10]=   0 [11]=   0 
before (DPU 437) [0]= 114 [1]=  87 [2]=  83 [3]=   0 [4]=   0 [5]=   0 [6]=   0 [7]=   0 [8]=   0 [9]=   0 [10]=   0 [11]=   0 
after  (DPU 437) [0]= 114 [1]=  87 [2]=  83 [3]=   0 [4]=   0 [5]=   0 [6]=   0 [7]=   0 [8]=   0 [9]=   0 [10]=   0 [11]=   0 
before (DPU 438) [0]= 102 [1]=  78 [2]= 115 [3]=   0 [4]=   0 [5]=   0 [6]=   0 [7]=   0 [8]=   0 [9]=   0 [10]=   0 [11]=   0 
after  (DPU 438) [0]= 102 [1]=  78 [2]= 115 [3]=   0 [4]=   0 [5]=   0 [6]=   0 [7]=   0 [8]=   0 [9]=   0 [10]=   0 [11]=   0 
before (DPU 439) [0]=  90 [1]= 109 [2]=  84 [3]=   0 [4]=   0 [5]=   0 [6]=   0 [7]=   0 [8]=   0 [9]=   0 [10]=   0 [11]=   0 
after  (DPU 439) [0]=  90 [1]= 109 [2]=  84 [3]=   0 [4]=   0 [5]=   0 [6]=   0 [7]=   0 [8]=   0 [9]=   0 [10]=   0 [11]=   0 
before (DPU 440) [0]=  94 [1]=  77 [2]=  89 [3]=   0 [4]=   0 [5]=   0 [6]=   0 [7]=   0 [8]=   0 [9]=   0 [10]=   0 [11]=   0 
after  (DPU 440) [0]=  94 [1]=  77 [2]=  89 [3]=   0 [4]=   0 [5]=   0 [6]=   0 [7]=   0 [8]=   0 [9]=   0 [10]=   0 [11]=   0 
before (DPU 441) [0]=  90 [1]=  96 [2]= 102 [3]=   0 [4]=   0 [5]=   0 [6]=   0 [7]=   0 [8]=   0 [9]=   0 [10]=   0 [11]=   0 
after  (DPU 441) [0]=  90 [1]=  96 [2]= 102 [3]=   0 [4]=   0 [5]=   0 [6]=   0 [7]=   0 [8]=   0 [9]=   0 [10]=   0 [11]=   0 
before (DPU 442) [0]= 107 [1]=  91 [2]=  90 [3]=   0 [4]=   0 [5]=   0 [6]=   0 [7]=   0 [8]=   0 [9]=   0 [10]=   0 [11]=   0 
after  (DPU 442) [0]= 107 [1]=  91 [2]=  90 [3]=   0 [4]=   0 [5]=   0 [6]=   0 [7]=   0 [8]=   0 [9]=   0 [10]=   0 [11]=   0 
before (DPU 443) [0]=  84 [1]=  91 [2]=  97 [3]=   0 [4]=   0 [5]=   0 [6]=   0 [7]=   0 [8]=   0 [9]=   0 [10]=   0 [11]=   0 
after  (DPU 443) [0]=  84 [1]=  91 [2]=  97 [3]=   0 [4]=   0 [5]=   0 [6]=   0 [7]=   0 [8]=   0 [9]=   0 [10]=   0 [11]=   0 
before (DPU 444) [0]=  93 [1]=  90 [2]=  92 [3]=   0 [4]=   0 [5]=   0 [6]=   0 [7]=   0 [8]=   0 [9]=   0 [10]=   0 [11]=   0 
after  (DPU 444) [0]=  93 [1]=  90 [2]=  92 [3]=   0 [4]=   0 [5]=   0 [6]=   0 [7]=   0 [8]=   0 [9]=   0 [10]=   0 [11]=   0 
before (DPU 445) [0]= 100 [1]=  76 [2]=  84 [3]=   0 [4]=   0 [5]=   0 [6]=   0 [7]=   0 [8]=   0 [9]=   0 [10]=   0 [11]=   0 
after  (DPU 445) [0]= 100 [1]=  76 [2]=  84 [3]=   0 [4]=   0 [5]=   0 [6]=   0 [7]=   0 [8]=   0 [9]=   0 [10]=   0 [11]=   0 
before (DPU 446) [0]=   0 [1]=   0 [2]=   0 [3]=139738 [4]=   0 [5]=   0 [6]=   0 [7]=   0 [8]=   0 [9]=   0 [10]=   0 [11]=   0 
after  (DPU 446) [0]=   0 [1]=   0 [2]=   0 [3]=139738 [4]=   0 [5]=   0 [6]=   0 [7]=   0 [8]=   0 [9]=   0 [10]=   0 [11]=   0 
before (DPU 447) [0]=  88 [1]=  84 [2]=  87 [3]=   0 [4]=   0 [5]=   0 [6]=   0 [7]=   0 [8]=   0 [9]=   0 [10]=   0 [11]=   0 
after  (DPU 447) [0]=  88 [1]=  84 [2]=  87 [3]=   0 [4]=   0 [5]=   0 [6]=   0 [7]=   0 [8]=   0 [9]=   0 [10]=   0 [11]=   0 
before (DPU 448) [0]=  96 [1]= 102 [2]=  94 [3]=   0 [4]=   0 [5]=   0 [6]=   0 [7]=   0 [8]=   0 [9]=   0 [10]=   0 [11]=   0 
after  (DPU 448) [0]=  96 [1]= 102 [2]=  94 [3]=   0 [4]=   0 [5]=   0 [6]=   0 [7]=   0 [8]=   0 [9]=   0 [10]=   0 [11]=   0 
before (DPU 449) [0]=   0 [1]=  84 [2]=   0 [3]=21189 [4]=   0 [5]=   0 [6]=   0 [7]=   0 [8]=   0 [9]=   0 [10]=   0 [11]=   0 
after  (DPU 449) [0]=   0 [1]=   0 [2]=   0 [3]=21189 [4]=   0 [5]=   0 [6]=   0 [7]=   0 [8]=   0 [9]=   0 [10]=   0 [11]=   0 
before (DPU 450) [0]=  93 [1]=  90 [2]=  98 [3]=   0 [4]=   0 [5]=   0 [6]=   0 [7]=   0 [8]=   0 [9]=   0 [10]=   0 [11]=   0 
after  (DPU 450) [0]=  93 [1]=  90 [2]=  98 [3]=   0 [4]=   0 [5]=   0 [6]=   0 [7]=   0 [8]=   0 [9]=   0 [10]=   0 [11]=   0 
before (DPU 451) [0]=  94 [1]=  87 [2]=  80 [3]=   0 [4]=   0 [5]=   0 [6]=   0 [7]=   0 [8]=   0 [9]=   0 [10]=   0 [11]=   0 
after  (DPU 451) [0]=  94 [1]=  87 [2]=  80 [3]=   0 [4]=   0 [5]=   0 [6]=   0 [7]=   0 [8]=   0 [9]=   0 [10]=   0 [11]=   0 
before (DPU 452) [0]=  82 [1]=  89 [2]=  97 [3]=   0 [4]=   0 [5]=   0 [6]=   0 [7]=   0 [8]=   0 [9]=   0 [10]=   0 [11]=   0 
after  (DPU 452) [0]=  82 [1]=  89 [2]=  97 [3]=   0 [4]=   0 [5]=   0 [6]=   0 [7]=   0 [8]=   0 [9]=   0 [10]=   0 [11]=   0 
before (DPU 453) [0]=  86 [1]=  68 [2]=  90 [3]=   0 [4]=   0 [5]=   0 [6]=   0 [7]=   0 [8]=   0 [9]=   0 [10]=   0 [11]=   0 
after  (DPU 453) [0]=  86 [1]=  68 [2]=  90 [3]=6729 [4]=   0 [5]=   0 [6]=   0 [7]=   0 [8]=   0 [9]=   0 [10]=   0 [11]=   0 
before (DPU 454) [0]=  91 [1]=  90 [2]=  89 [3]=   0 [4]=   0 [5]=   0 [6]=   0 [7]=   0 [8]=   0 [9]=   0 [10]=   0 [11]=   0 
after  (DPU 454) [0]=  91 [1]=  90 [2]=  89 [3]=   0 [4]=   0 [5]=   0 [6]=   0 [7]=   0 [8]=   0 [9]=   0 [10]=   0 [11]=   0 
before (DPU 455) [0]=  89 [1]=  82 [2]=  93 [3]=   0 [4]=   0 [5]=   0 [6]=   0 [7]=   0 [8]=   0 [9]=   0 [10]=   0 [11]=   0 
after  (DPU 455) [0]=  89 [1]=  82 [2]=  93 [3]=   0 [4]=   0 [5]=   0 [6]=   0 [7]=   0 [8]=   0 [9]=   0 [10]=   0 [11]=   0 
before (DPU 456) [0]=  89 [1]=  77 [2]=  93 [3]=   0 [4]=   0 [5]=   0 [6]=   0 [7]=   0 [8]=   0 [9]=   0 [10]=   0 [11]=   0 
after  (DPU 456) [0]=  89 [1]=  77 [2]=  93 [3]=   0 [4]=   0 [5]=   0 [6]=   0 [7]=   0 [8]=   0 [9]=   0 [10]=   0 [11]=   0 
before (DPU 457) [0]=  97 [1]=  83 [2]=  80 [3]=6372 [4]=   0 [5]=   0 [6]=   0 [7]=   0 [8]=   0 [9]=   0 [10]=   0 [11]=   0 
after  (DPU 457) [0]=  97 [1]=  83 [2]=  80 [3]=6372 [4]=   0 [5]=   0 [6]=   0 [7]=   0 [8]=   0 [9]=   0 [10]=   0 [11]=   0 
before (DPU 458) [0]=  70 [1]=  77 [2]=  77 [3]=   0 [4]=   0 [5]=   0 [6]=   0 [7]=   0 [8]=   0 [9]=   0 [10]=   0 [11]=   0 
after  (DPU 458) [0]=  70 [1]=  77 [2]=  77 [3]=  84 [4]=   0 [5]=   0 [6]=   0 [7]=   0 [8]=   0 [9]=   0 [10]=   0 [11]=   0 
before (DPU 459) [0]=  97 [1]=  94 [2]=  71 [3]=12564 [4]=   0 [5]=   0 [6]=   0 [7]=   0 [8]=   0 [9]=   0 [10]=   0 [11]=   0 
after  (DPU 459) [0]=  97 [1]=  94 [2]=  71 [3]=12564 [4]=   0 [5]=   0 [6]=   0 [7]=   0 [8]=   0 [9]=   0 [10]=   0 [11]=   0 
before (DPU 460) [0]=  93 [1]= 100 [2]=  90 [3]=   0 [4]=   0 [5]=   0 [6]=   0 [7]=   0 [8]=   0 [9]=   0 [10]=   0 [11]=   0 
after  (DPU 460) [0]=  93 [1]= 100 [2]=  90 [3]=   0 [4]=   0 [5]=   0 [6]=   0 [7]=   0 [8]=   0 [9]=   0 [10]=   0 [11]=   0 
before (DPU 461) [0]=  85 [1]=  95 [2]=  87 [3]= 100 [4]=   0 [5]=   0 [6]=   0 [7]=   0 [8]=   0 [9]=   0 [10]=   0 [11]=   0 
after  (DPU 461) [0]=  85 [1]=  95 [2]=  87 [3]= 100 [4]=   0 [5]=   0 [6]=   0 [7]=   0 [8]=   0 [9]=   0 [10]=   0 [11]=   0 
before (DPU 462) [0]=  82 [1]=  85 [2]=  74 [3]=   0 [4]=   0 [5]=   0 [6]=   0 [7]=   0 [8]=   0 [9]=   0 [10]=   0 [11]=   0 
after  (DPU 462) [0]=  82 [1]=  85 [2]=  74 [3]=4743 [4]=   0 [5]=   0 [6]=   0 [7]=   0 [8]=   0 [9]=   0 [10]=   0 [11]=   0 
before (DPU 463) [0]=  74 [1]=  93 [2]=  86 [3]=  76 [4]=   0 [5]=   0 [6]=   0 [7]=   0 [8]=   0 [9]=   0 [10]=   0 [11]=   0 
after  (DPU 463) [0]=  74 [1]=  93 [2]=  86 [3]=  76 [4]=   0 [5]=   0 [6]=   0 [7]=   0 [8]=   0 [9]=   0 [10]=   0 [11]=   0 
before (DPU 464) [0]=  75 [1]=  85 [2]=  87 [3]=5584 [4]=   0 [5]=   0 [6]=   0 [7]=   0 [8]=   0 [9]=   0 [10]=   0 [11]=   0 
after  (DPU 464) [0]=  75 [1]=  85 [2]=  87 [3]=5584 [4]=   0 [5]=   0 [6]=   0 [7]=   0 [8]=   0 [9]=   0 [10]=   0 [11]=   0 
before (DPU 465) [0]=  79 [1]= 100 [2]=  81 [3]=   0 [4]=   0 [5]=   0 [6]=   0 [7]=   0 [8]=   0 [9]=   0 [10]=   0 [11]=   0 
after  (DPU 465) [0]=  79 [1]= 100 [2]=  81 [3]=   0 [4]=   0 [5]=   0 [6]=   0 [7]=   0 [8]=   0 [9]=   0 [10]=   0 [11]=   0 
before (DPU 466) [0]=  91 [1]=  82 [2]= 107 [3]=   0 [4]=   0 [5]=   0 [6]=   0 [7]=   0 [8]=   0 [9]=   0 [10]=   0 [11]=   0 
after  (DPU 466) [0]=  91 [1]=  82 [2]= 107 [3]=   0 [4]=   0 [5]=   0 [6]=   0 [7]=   0 [8]=   0 [9]=   0 [10]=   0 [11]=   0 
before (DPU 467) [0]=  86 [1]=  96 [2]=  87 [3]=   0 [4]=   0 [5]=   0 [6]=   0 [7]=   0 [8]=   0 [9]=   0 [10]=   0 [11]=   0 
after  (DPU 467) [0]=  86 [1]=  96 [2]=  87 [3]=   0 [4]=   0 [5]=   0 [6]=   0 [7]=   0 [8]=   0 [9]=   0 [10]=   0 [11]=   0 
before (DPU 468) [0]= 105 [1]=  71 [2]=  88 [3]=   0 [4]=   0 [5]=   0 [6]=   0 [7]=   0 [8]=   0 [9]=   0 [10]=   0 [11]=   0 
after  (DPU 468) [0]= 105 [1]=  71 [2]=  88 [3]=   0 [4]=   0 [5]=   0 [6]=   0 [7]=   0 [8]=   0 [9]=   0 [10]=   0 [11]=   0 
before (DPU 469) [0]=  96 [1]=  77 [2]= 102 [3]=  77 [4]=   0 [5]=   0 [6]=   0 [7]=   0 [8]=   0 [9]=   0 [10]=   0 [11]=   0 
after  (DPU 469) [0]=  96 [1]=  77 [2]= 102 [3]=  77 [4]=   0 [5]=   0 [6]=   0 [7]=   0 [8]=   0 [9]=   0 [10]=   0 [11]=   0 
before (DPU 470) [0]=  83 [1]=   0 [2]=  79 [3]=17841 [4]=   0 [5]=   0 [6]=   0 [7]=   0 [8]=   0 [9]=   0 [10]=   0 [11]=   0 
after  (DPU 470) [0]=   0 [1]=   0 [2]=  79 [3]=17841 [4]=   0 [5]=   0 [6]=   0 [7]=   0 [8]=   0 [9]=   0 [10]=   0 [11]=   0 
before (DPU 471) [0]=  75 [1]=  91 [2]=  96 [3]=   0 [4]=   0 [5]=   0 [6]=   0 [7]=   0 [8]=   0 [9]=   0 [10]=   0 [11]=   0 
after  (DPU 471) [0]=  75 [1]=  91 [2]=  96 [3]=   0 [4]=   0 [5]=   0 [6]=   0 [7]=   0 [8]=   0 [9]=   0 [10]=   0 [11]=   0 
before (DPU 472) [0]=  85 [1]=  84 [2]=  87 [3]=   0 [4]=   0 [5]=   0 [6]=   0 [7]=   0 [8]=   0 [9]=   0 [10]=   0 [11]=   0 
after  (DPU 472) [0]=  85 [1]=  84 [2]=  87 [3]=   0 [4]=   0 [5]=   0 [6]=   0 [7]=   0 [8]=   0 [9]=   0 [10]=   0 [11]=   0 
before (DPU 473) [0]=  78 [1]=  96 [2]=  78 [3]=   0 [4]=   0 [5]=   0 [6]=   0 [7]=   0 [8]=   0 [9]=   0 [10]=   0 [11]=   0 
after  (DPU 473) [0]=  78 [1]=  96 [2]=  78 [3]=   0 [4]=   0 [5]=   0 [6]=   0 [7]=   0 [8]=   0 [9]=   0 [10]=   0 [11]=   0 
before (DPU 474) [0]=  86 [1]=  83 [2]=  85 [3]=   0 [4]=   0 [5]=   0 [6]=   0 [7]=   0 [8]=   0 [9]=   0 [10]=   0 [11]=   0 
after  (DPU 474) [0]=  86 [1]=  83 [2]=  85 [3]=   0 [4]=   0 [5]=   0 [6]=   0 [7]=   0 [8]=   0 [9]=   0 [10]=   0 [11]=   0 
before (DPU 475) [0]=  99 [1]=  88 [2]=  87 [3]=8192 [4]=   0 [5]=   0 [6]=   0 [7]=   0 [8]=   0 [9]=   0 [10]=   0 [11]=   0 
after  (DPU 475) [0]=  99 [1]=  88 [2]=  87 [3]=8192 [4]=   0 [5]=   0 [6]=   0 [7]=   0 [8]=   0 [9]=   0 [10]=   0 [11]=   0 
before (DPU 476) [0]=  73 [1]=  92 [2]=  74 [3]=  82 [4]=   0 [5]=   0 [6]=   0 [7]=   0 [8]=   0 [9]=   0 [10]=   0 [11]=   0 
after  (DPU 476) [0]=  73 [1]=  92 [2]=  74 [3]=  82 [4]=   0 [5]=   0 [6]=   0 [7]=   0 [8]=   0 [9]=   0 [10]=   0 [11]=   0 
before (DPU 477) [0]=  73 [1]=  98 [2]=  86 [3]=   0 [4]=   0 [5]=   0 [6]=   0 [7]=   0 [8]=   0 [9]=   0 [10]=   0 [11]=   0 
after  (DPU 477) [0]=  73 [1]=  98 [2]=  86 [3]=   0 [4]=   0 [5]=   0 [6]=   0 [7]=   0 [8]=   0 [9]=   0 [10]=   0 [11]=   0 
before (DPU 478) [0]=  89 [1]=  87 [2]=  89 [3]=  90 [4]=   0 [5]=   0 [6]=   0 [7]=   0 [8]=   0 [9]=   0 [10]=   0 [11]=   0 
after  (DPU 478) [0]=  89 [1]=  87 [2]=  89 [3]=  90 [4]=   0 [5]=   0 [6]=   0 [7]=   0 [8]=   0 [9]=   0 [10]=   0 [11]=   0 
before (DPU 479) [0]=  93 [1]=  94 [2]=  82 [3]=   0 [4]=   0 [5]=   0 [6]=   0 [7]=   0 [8]=   0 [9]=   0 [10]=   0 [11]=   0 
after  (DPU 479) [0]=  93 [1]=  94 [2]=  82 [3]=   0 [4]=   0 [5]=   0 [6]=   0 [7]=   0 [8]=   0 [9]=   0 [10]=   0 [11]=   0 
before (DPU 480) [0]=  95 [1]=  82 [2]= 110 [3]=   0 [4]=   0 [5]=   0 [6]=   0 [7]=   0 [8]=   0 [9]=   0 [10]=   0 [11]=   0 
after  (DPU 480) [0]=  95 [1]=  82 [2]= 110 [3]=   0 [4]=   0 [5]=   0 [6]=   0 [7]=   0 [8]=   0 [9]=   0 [10]=   0 [11]=   0 
before (DPU 481) [0]=   0 [1]=   0 [2]=   0 [3]=32897 [4]=   0 [5]=   0 [6]=   0 [7]=   0 [8]=   0 [9]=   0 [10]=   0 [11]=   0 
after  (DPU 481) [0]=   0 [1]=   0 [2]=   0 [3]=32897 [4]=   0 [5]=   0 [6]=   0 [7]=   0 [8]=   0 [9]=   0 [10]=   0 [11]=   0 
before (DPU 482) [0]=  95 [1]=  85 [2]=  86 [3]=   0 [4]=   0 [5]=   0 [6]=   0 [7]=   0 [8]=   0 [9]=   0 [10]=   0 [11]=   0 
after  (DPU 482) [0]=  95 [1]=  85 [2]=  86 [3]=   0 [4]=   0 [5]=   0 [6]=   0 [7]=   0 [8]=   0 [9]=   0 [10]=   0 [11]=   0 
before (DPU 483) [0]=  77 [1]=  85 [2]=  76 [3]=  75 [4]=   0 [5]=   0 [6]=   0 [7]=   0 [8]=   0 [9]=   0 [10]=   0 [11]=   0 
after  (DPU 483) [0]=  77 [1]=  85 [2]=  76 [3]=  75 [4]=   0 [5]=   0 [6]=   0 [7]=   0 [8]=   0 [9]=   0 [10]=   0 [11]=   0 
before (DPU 484) [0]=  93 [1]=  94 [2]=  83 [3]=   0 [4]=   0 [5]=   0 [6]=   0 [7]=   0 [8]=   0 [9]=   0 [10]=   0 [11]=   0 
after  (DPU 484) [0]=  93 [1]=  94 [2]=  83 [3]=   0 [4]=   0 [5]=   0 [6]=   0 [7]=   0 [8]=   0 [9]=   0 [10]=   0 [11]=   0 
before (DPU 485) [0]=  97 [1]=  78 [2]=  69 [3]=  77 [4]=   0 [5]=   0 [6]=   0 [7]=   0 [8]=   0 [9]=   0 [10]=   0 [11]=   0 
after  (DPU 485) [0]=  97 [1]=  78 [2]=  69 [3]=  77 [4]=   0 [5]=   0 [6]=   0 [7]=   0 [8]=   0 [9]=   0 [10]=   0 [11]=   0 
before (DPU 486) [0]=  91 [1]=  68 [2]=  80 [3]=   0 [4]=   0 [5]=   0 [6]=   0 [7]=   0 [8]=   0 [9]=   0 [10]=   0 [11]=   0 
after  (DPU 486) [0]=  91 [1]=  68 [2]=  80 [3]=  87 [4]=   0 [5]=   0 [6]=   0 [7]=   0 [8]=   0 [9]=   0 [10]=   0 [11]=   0 
before (DPU 487) [0]=  71 [1]=  80 [2]=  75 [3]=   0 [4]=   0 [5]=   0 [6]=   0 [7]=   0 [8]=   0 [9]=   0 [10]=   0 [11]=   0 
after  (DPU 487) [0]=  71 [1]=  80 [2]=  75 [3]=  83 [4]=   0 [5]=   0 [6]=   0 [7]=   0 [8]=   0 [9]=   0 [10]=   0 [11]=   0 
before (DPU 488) [0]=  77 [1]=  81 [2]=  90 [3]=   0 [4]=   0 [5]=   0 [6]=   0 [7]=   0 [8]=   0 [9]=   0 [10]=   0 [11]=   0 
after  (DPU 488) [0]=  77 [1]=  81 [2]=  90 [3]=   0 [4]=   0 [5]=   0 [6]=   0 [7]=   0 [8]=   0 [9]=   0 [10]=   0 [11]=   0 
before (DPU 489) [0]=  85 [1]=  79 [2]=  84 [3]=   0 [4]=   0 [5]=   0 [6]=   0 [7]=   0 [8]=   0 [9]=   0 [10]=   0 [11]=   0 
after  (DPU 489) [0]=  85 [1]=  79 [2]=  84 [3]=   0 [4]=   0 [5]=   0 [6]=   0 [7]=   0 [8]=   0 [9]=   0 [10]=   0 [11]=   0 
before (DPU 490) [0]=  91 [1]=  86 [2]=  89 [3]=  89 [4]=   0 [5]=   0 [6]=   0 [7]=   0 [8]=   0 [9]=   0 [10]=   0 [11]=   0 
after  (DPU 490) [0]=  91 [1]=  86 [2]=  89 [3]=  89 [4]=   0 [5]=   0 [6]=   0 [7]=   0 [8]=   0 [9]=   0 [10]=   0 [11]=   0 
before (DPU 491) [0]=  77 [1]=  87 [2]=  87 [3]=10155 [4]=   0 [5]=   0 [6]=   0 [7]=   0 [8]=   0 [9]=   0 [10]=   0 [11]=   0 
after  (DPU 491) [0]=  77 [1]=  87 [2]=  87 [3]=10155 [4]=   0 [5]=   0 [6]=   0 [7]=   0 [8]=   0 [9]=   0 [10]=   0 [11]=   0 
before (DPU 492) [0]=  85 [1]=  81 [2]=  79 [3]=  99 [4]=   0 [5]=   0 [6]=   0 [7]=   0 [8]=   0 [9]=   0 [10]=   0 [11]=   0 
after  (DPU 492) [0]=  85 [1]=  81 [2]=  79 [3]=  99 [4]=   0 [5]=   0 [6]=   0 [7]=   0 [8]=   0 [9]=   0 [10]=   0 [11]=   0 
before (DPU 493) [0]=  78 [1]=  98 [2]=  78 [3]=7688 [4]=   0 [5]=   0 [6]=   0 [7]=   0 [8]=   0 [9]=   0 [10]=   0 [11]=   0 
after  (DPU 493) [0]=  78 [1]=  98 [2]=  78 [3]=7688 [4]=   0 [5]=   0 [6]=   0 [7]=   0 [8]=   0 [9]=   0 [10]=   0 [11]=   0 
before (DPU 494) [0]=  82 [1]=  80 [2]=  98 [3]= 104 [4]=   0 [5]=   0 [6]=   0 [7]=   0 [8]=   0 [9]=   0 [10]=   0 [11]=   0 
after  (DPU 494) [0]=  82 [1]=  80 [2]=  98 [3]= 104 [4]=   0 [5]=   0 [6]=   0 [7]=   0 [8]=   0 [9]=   0 [10]=   0 [11]=   0 
before (DPU 495) [0]=  79 [1]=  91 [2]=  73 [3]=9404 [4]=   0 [5]=   0 [6]=   0 [7]=   0 [8]=   0 [9]=   0 [10]=   0 [11]=   0 
after  (DPU 495) [0]=  79 [1]=  91 [2]=  73 [3]=9404 [4]=   0 [5]=   0 [6]=   0 [7]=   0 [8]=   0 [9]=   0 [10]=   0 [11]=   0 
before (DPU 496) [0]=  87 [1]=  68 [2]=  85 [3]=13745 [4]=   0 [5]=   0 [6]=   0 [7]=   0 [8]=   0 [9]=   0 [10]=   0 [11]=   0 
after  (DPU 496) [0]=   0 [1]=  68 [2]=  85 [3]=13745 [4]=   0 [5]=   0 [6]=   0 [7]=   0 [8]=   0 [9]=   0 [10]=   0 [11]=   0 
before (DPU 497) [0]=  74 [1]=  77 [2]=  99 [3]=  97 [4]=   0 [5]=   0 [6]=   0 [7]=   0 [8]=   0 [9]=   0 [10]=   0 [11]=   0 
after  (DPU 497) [0]=  74 [1]=  77 [2]=  99 [3]=  97 [4]=   0 [5]=   0 [6]=   0 [7]=   0 [8]=   0 [9]=   0 [10]=   0 [11]=   0 
before (DPU 498) [0]=  82 [1]=  83 [2]=  80 [3]=  88 [4]=   0 [5]=   0 [6]=   0 [7]=   0 [8]=   0 [9]=   0 [10]=   0 [11]=   0 
after  (DPU 498) [0]=  82 [1]=  83 [2]=  80 [3]=  88 [4]=   0 [5]=   0 [6]=   0 [7]=   0 [8]=   0 [9]=   0 [10]=   0 [11]=   0 
before (DPU 499) [0]=   0 [1]=   0 [2]=   0 [3]=48019 [4]=   0 [5]=   0 [6]=   0 [7]=   0 [8]=   0 [9]=   0 [10]=   0 [11]=   0 
after  (DPU 499) [0]=   0 [1]=   0 [2]=   0 [3]=48019 [4]=   0 [5]=   0 [6]=   0 [7]=   0 [8]=   0 [9]=   0 [10]=   0 [11]=   0 
key_index after (DPU 0) [0]=   0 [1]=71995 [2]=71995 [3]=71995 [4]=71995 [5]=71995 [6]=71995 [7]=71995 [8]=71995 [9]=71995 [10]=71995 [11]=71995 [12]=71995 
key_index after (DPU 1) [0]=   0 [1]=26215 [2]=26215 [3]=26215 [4]=26215 [5]=26215 [6]=26215 [7]=26215 [8]=26215 [9]=26215 [10]=26215 [11]=26215 [12]=26215 
key_index after (DPU 2) [0]=   0 [1]=15725 [2]=15725 [3]=15725 [4]=15725 [5]=15725 [6]=15725 [7]=15725 [8]=15725 [9]=15725 [10]=15725 [11]=15725 [12]=15725 
key_index after (DPU 3) [0]=   0 [1]=11340 [2]=11340 [3]=11340 [4]=11340 [5]=11340 [6]=11340 [7]=11340 [8]=11340 [9]=11340 [10]=11340 [11]=11340 [12]=11340 
key_index after (DPU 4) [0]=   0 [1]=8796 [2]=8796 [3]=8796 [4]=8796 [5]=8796 [6]=8796 [7]=8796 [8]=8796 [9]=8796 [10]=8796 [11]=8796 [12]=8796 
key_index after (DPU 5) [0]=   0 [1]=6981 [2]=6981 [3]=6981 [4]=6981 [5]=6981 [6]=6981 [7]=6981 [8]=6981 [9]=6981 [10]=6981 [11]=6981 [12]=6981 
key_index after (DPU 6) [0]=   0 [1]=5953 [2]=11755 [3]=11755 [4]=11755 [5]=11755 [6]=11755 [7]=11755 [8]=11755 [9]=11755 [10]=11755 [11]=11755 [12]=11755 
key_index after (DPU 7) [0]=   0 [1]=5205 [2]=10225 [3]=10225 [4]=10225 [5]=10225 [6]=10225 [7]=10225 [8]=10225 [9]=10225 [10]=10225 [11]=10225 [12]=10225 
key_index after (DPU 8) [0]=   0 [1]=4583 [2]=9117 [3]=9117 [4]=9117 [5]=9117 [6]=9117 [7]=9117 [8]=9117 [9]=9117 [10]=9117 [11]=9117 [12]=9117 
key_index after (DPU 9) [0]=4275 [1]=8378 [2]=12456 [3]=12456 [4]=12456 [5]=12456 [6]=12456 [7]=12456 [8]=12456 [9]=12456 [10]=12456 [11]=12456 [12]=12456 
key_index after (DPU 10) [0]=3863 [1]=7637 [2]=11151 [3]=11151 [4]=11151 [5]=11151 [6]=11151 [7]=11151 [8]=11151 [9]=11151 [10]=11151 [11]=11151 [12]=11151 
key_index after (DPU 11) [0]=3508 [1]=6994 [2]=10238 [3]=10238 [4]=10238 [5]=10238 [6]=10238 [7]=10238 [8]=10238 [9]=10238 [10]=10238 [11]=10238 [12]=10238 
key_index after (DPU 12) [0]=3257 [1]=6537 [2]=9587 [3]=9587 [4]=9587 [5]=9587 [6]=9587 [7]=9587 [8]=9587 [9]=9587 [10]=9587 [11]=9587 [12]=9587 
key_index after (DPU 13) [0]=2991 [1]=5883 [2]=8647 [3]=8647 [4]=8647 [5]=8647 [6]=8647 [7]=8647 [8]=8647 [9]=8647 [10]=8647 [11]=8647 [12]=8647 
key_index after (DPU 14) [0]=2797 [1]=5546 [2]=8118 [3]=8118 [4]=8118 [5]=8118 [6]=8118 [7]=8118 [8]=8118 [9]=8118 [10]=8118 [11]=8118 [12]=8118 
key_index after (DPU 15) [0]=2550 [1]=5145 [2]=7623 [3]=7623 [4]=7623 [5]=7623 [6]=7623 [7]=7623 [8]=7623 [9]=7623 [10]=7623 [11]=7623 [12]=7623 
key_index after (DPU 16) [0]=2359 [1]=4730 [2]=7009 [3]=7009 [4]=7009 [5]=7009 [6]=7009 [7]=7009 [8]=7009 [9]=7009 [10]=7009 [11]=7009 [12]=7009 
key_index after (DPU 17) [0]=2386 [1]=4640 [2]=6870 [3]=6870 [4]=6870 [5]=6870 [6]=6870 [7]=6870 [8]=6870 [9]=6870 [10]=6870 [11]=6870 [12]=6870 
key_index after (DPU 18) [0]=2147 [1]=4300 [2]=6375 [3]=6375 [4]=6375 [5]=6375 [6]=6375 [7]=6375 [8]=6375 [9]=6375 [10]=6375 [11]=6375 [12]=6375 
key_index after (DPU 19) [0]=2125 [1]=4212 [2]=6205 [3]=6205 [4]=6205 [5]=6205 [6]=6205 [7]=6205 [8]=6205 [9]=6205 [10]=6205 [11]=6205 [12]=6205 
key_index after (DPU 20) [0]=1964 [1]=3893 [2]=5803 [3]=5803 [4]=5803 [5]=5803 [6]=5803 [7]=5803 [8]=5803 [9]=5803 [10]=5803 [11]=5803 [12]=5803 
key_index after (DPU 21) [0]=1855 [1]=3742 [2]=5469 [3]=5469 [4]=5469 [5]=5469 [6]=5469 [7]=5469 [8]=5469 [9]=5469 [10]=5469 [11]=5469 [12]=5469 
key_index after (DPU 22) [0]=1736 [1]=3530 [2]=5284 [3]=5284 [4]=5284 [5]=5284 [6]=5284 [7]=5284 [8]=5284 [9]=5284 [10]=5284 [11]=5284 [12]=5284 
key_index after (DPU 23) [0]=1667 [1]=3386 [2]=5101 [3]=5101 [4]=5101 [5]=5101 [6]=5101 [7]=5101 [8]=5101 [9]=5101 [10]=5101 [11]=5101 [12]=5101 
key_index after (DPU 24) [0]=1695 [1]=3333 [2]=4849 [3]=4849 [4]=4849 [5]=4849 [6]=4849 [7]=4849 [8]=4849 [9]=4849 [10]=4849 [11]=4849 [12]=4849 
key_index after (DPU 25) [0]=1591 [1]=3171 [2]=4721 [3]=4721 [4]=4721 [5]=4721 [6]=4721 [7]=4721 [8]=4721 [9]=4721 [10]=4721 [11]=4721 [12]=4721 
key_index after (DPU 26) [0]=1462 [1]=2988 [2]=4403 [3]=4403 [4]=4403 [5]=4403 [6]=4403 [7]=4403 [8]=4403 [9]=4403 [10]=4403 [11]=4403 [12]=4403 
key_index after (DPU 27) [0]=1430 [1]=2879 [2]=4327 [3]=4327 [4]=4327 [5]=4327 [6]=4327 [7]=4327 [8]=4327 [9]=4327 [10]=4327 [11]=4327 [12]=4327 
key_index after (DPU 28) [0]=1390 [1]=2774 [2]=4162 [3]=4162 [4]=4162 [5]=4162 [6]=4162 [7]=4162 [8]=4162 [9]=4162 [10]=4162 [11]=4162 [12]=4162 
key_index after (DPU 29) [0]=1394 [1]=2788 [2]=4072 [3]=4072 [4]=4072 [5]=4072 [6]=4072 [7]=4072 [8]=4072 [9]=4072 [10]=4072 [11]=4072 [12]=4072 
key_index after (DPU 30) [0]=1314 [1]=2561 [2]=3847 [3]=3847 [4]=3847 [5]=3847 [6]=3847 [7]=3847 [8]=3847 [9]=3847 [10]=3847 [11]=3847 [12]=3847 
key_index after (DPU 31) [0]=1283 [1]=2512 [2]=3764 [3]=3764 [4]=3764 [5]=3764 [6]=3764 [7]=3764 [8]=3764 [9]=3764 [10]=3764 [11]=3764 [12]=3764 
key_index after (DPU 32) [0]=1238 [1]=2473 [2]=3645 [3]=3645 [4]=3645 [5]=3645 [6]=3645 [7]=3645 [8]=3645 [9]=3645 [10]=3645 [11]=3645 [12]=3645 
key_index after (DPU 33) [0]=1186 [1]=2320 [2]=3503 [3]=3503 [4]=3503 [5]=3503 [6]=3503 [7]=3503 [8]=3503 [9]=3503 [10]=3503 [11]=3503 [12]=3503 
key_index after (DPU 34) [0]=1238 [1]=2394 [2]=3507 [3]=3507 [4]=3507 [5]=3507 [6]=3507 [7]=3507 [8]=3507 [9]=3507 [10]=3507 [11]=3507 [12]=3507 
key_index after (DPU 35) [0]=1135 [1]=2231 [2]=3341 [3]=3341 [4]=3341 [5]=3341 [6]=3341 [7]=3341 [8]=3341 [9]=3341 [10]=3341 [11]=3341 [12]=3341 
key_index after (DPU 36) [0]=1102 [1]=2165 [2]=3256 [3]=3256 [4]=3256 [5]=3256 [6]=3256 [7]=3256 [8]=3256 [9]=3256 [10]=3256 [11]=3256 [12]=3256 
key_index after (DPU 37) [0]=1070 [1]=2073 [2]=3175 [3]=3175 [4]=3175 [5]=3175 [6]=3175 [7]=3175 [8]=3175 [9]=3175 [10]=3175 [11]=3175 [12]=3175 
key_index after (DPU 38) [0]=1065 [1]=2089 [2]=3102 [3]=3102 [4]=3102 [5]=3102 [6]=3102 [7]=3102 [8]=3102 [9]=3102 [10]=3102 [11]=3102 [12]=3102 
key_index after (DPU 39) [0]=1057 [1]=2067 [2]=3064 [3]=3064 [4]=3064 [5]=3064 [6]=3064 [7]=3064 [8]=3064 [9]=3064 [10]=3064 [11]=3064 [12]=3064 
key_index after (DPU 40) [0]= 990 [1]=1973 [2]=2946 [3]=2946 [4]=2946 [5]=2946 [6]=2946 [7]=2946 [8]=2946 [9]=2946 [10]=2946 [11]=2946 [12]=2946 
key_index after (DPU 41) [0]= 953 [1]=1889 [2]=2849 [3]=2849 [4]=2849 [5]=2849 [6]=2849 [7]=2849 [8]=2849 [9]=2849 [10]=2849 [11]=2849 [12]=2849 
key_index after (DPU 42) [0]=1006 [1]=1946 [2]=2853 [3]=2853 [4]=2853 [5]=2853 [6]=2853 [7]=2853 [8]=2853 [9]=2853 [10]=2853 [11]=2853 [12]=2853 
key_index after (DPU 43) [0]= 930 [1]=1851 [2]=2739 [3]=2739 [4]=2739 [5]=2739 [6]=2739 [7]=2739 [8]=2739 [9]=2739 [10]=2739 [11]=2739 [12]=2739 
key_index after (DPU 44) [0]= 846 [1]=1814 [2]=2713 [3]=2713 [4]=2713 [5]=2713 [6]=2713 [7]=2713 [8]=2713 [9]=2713 [10]=2713 [11]=2713 [12]=2713 
key_index after (DPU 45) [0]= 955 [1]=1814 [2]=2747 [3]=2747 [4]=2747 [5]=2747 [6]=2747 [7]=2747 [8]=2747 [9]=2747 [10]=2747 [11]=2747 [12]=2747 
key_index after (DPU 46) [0]= 830 [1]=1688 [2]=2556 [3]=2556 [4]=2556 [5]=2556 [6]=2556 [7]=2556 [8]=2556 [9]=2556 [10]=2556 [11]=2556 [12]=2556 
key_index after (DPU 47) [0]= 826 [1]=1689 [2]=2495 [3]=2495 [4]=2495 [5]=2495 [6]=2495 [7]=2495 [8]=2495 [9]=2495 [10]=2495 [11]=2495 [12]=2495 
key_index after (DPU 48) [0]= 829 [1]=1663 [2]=2448 [3]=2448 [4]=2448 [5]=2448 [6]=2448 [7]=2448 [8]=2448 [9]=2448 [10]=2448 [11]=2448 [12]=2448 
key_index after (DPU 49) [0]= 838 [1]=1667 [2]=2444 [3]=2444 [4]=2444 [5]=2444 [6]=2444 [7]=2444 [8]=2444 [9]=2444 [10]=2444 [11]=2444 [12]=2444 
key_index after (DPU 50) [0]= 797 [1]=1566 [2]=2300 [3]=2300 [4]=2300 [5]=2300 [6]=2300 [7]=2300 [8]=2300 [9]=2300 [10]=2300 [11]=2300 [12]=2300 
key_index after (DPU 51) [0]= 833 [1]=1606 [2]=2326 [3]=2326 [4]=2326 [5]=2326 [6]=2326 [7]=2326 [8]=2326 [9]=2326 [10]=2326 [11]=2326 [12]=2326 
key_index after (DPU 52) [0]= 789 [1]=1565 [2]=2322 [3]=2322 [4]=2322 [5]=2322 [6]=2322 [7]=2322 [8]=2322 [9]=2322 [10]=2322 [11]=2322 [12]=2322 
key_index after (DPU 53) [0]= 745 [1]=1466 [2]=2231 [3]=2231 [4]=2231 [5]=2231 [6]=2231 [7]=2231 [8]=2231 [9]=2231 [10]=2231 [11]=2231 [12]=2231 
key_index after (DPU 54) [0]= 743 [1]=1501 [2]=2223 [3]=2223 [4]=2223 [5]=2223 [6]=2223 [7]=2223 [8]=2223 [9]=2223 [10]=2223 [11]=2223 [12]=2223 
key_index after (DPU 55) [0]= 735 [1]=1466 [2]=2169 [3]=2169 [4]=2169 [5]=2169 [6]=2169 [7]=2169 [8]=2169 [9]=2169 [10]=2169 [11]=2169 [12]=2169 
key_index after (DPU 56) [0]= 732 [1]=1393 [2]=2109 [3]=2109 [4]=2109 [5]=2109 [6]=2109 [7]=2109 [8]=2109 [9]=2109 [10]=2109 [11]=2109 [12]=2109 
key_index after (DPU 57) [0]= 697 [1]=1402 [2]=2059 [3]=2059 [4]=2059 [5]=2059 [6]=2059 [7]=2059 [8]=2059 [9]=2059 [10]=2059 [11]=2059 [12]=2059 
key_index after (DPU 58) [0]= 698 [1]=1382 [2]=2036 [3]=2036 [4]=2036 [5]=2036 [6]=2036 [7]=2036 [8]=2036 [9]=2036 [10]=2036 [11]=2036 [12]=2036 
key_index after (DPU 59) [0]= 692 [1]=1361 [2]=1997 [3]=1997 [4]=1997 [5]=1997 [6]=1997 [7]=1997 [8]=1997 [9]=1997 [10]=1997 [11]=1997 [12]=1997 
key_index after (DPU 60) [0]= 646 [1]=1305 [2]=1973 [3]=1973 [4]=1973 [5]=1973 [6]=1973 [7]=1973 [8]=1973 [9]=1973 [10]=1973 [11]=1973 [12]=1973 
key_index after (DPU 61) [0]= 651 [1]=1279 [2]=1897 [3]=1897 [4]=1897 [5]=1897 [6]=1897 [7]=1897 [8]=1897 [9]=1897 [10]=1897 [11]=1897 [12]=1897 
key_index after (DPU 62) [0]= 671 [1]=1357 [2]=1965 [3]=1965 [4]=1965 [5]=1965 [6]=1965 [7]=1965 [8]=1965 [9]=1965 [10]=1965 [11]=1965 [12]=1965 
key_index after (DPU 63) [0]= 628 [1]=1235 [2]=1824 [3]=1824 [4]=1824 [5]=1824 [6]=1824 [7]=1824 [8]=1824 [9]=1824 [10]=1824 [11]=1824 [12]=1824 
key_index after (DPU 64) [0]= 623 [1]=1232 [2]=1874 [3]=1874 [4]=1874 [5]=1874 [6]=1874 [7]=1874 [8]=1874 [9]=1874 [10]=1874 [11]=1874 [12]=1874 
key_index after (DPU 65) [0]= 622 [1]=1243 [2]=1851 [3]=1851 [4]=1851 [5]=1851 [6]=1851 [7]=1851 [8]=1851 [9]=1851 [10]=1851 [11]=1851 [12]=1851 
key_index after (DPU 66) [0]= 632 [1]=1241 [2]=1869 [3]=1869 [4]=1869 [5]=1869 [6]=1869 [7]=1869 [8]=1869 [9]=1869 [10]=1869 [11]=1869 [12]=1869 
key_index after (DPU 67) [0]= 580 [1]=1178 [2]=1822 [3]=1822 [4]=1822 [5]=1822 [6]=1822 [7]=1822 [8]=1822 [9]=1822 [10]=1822 [11]=1822 [12]=1822 
key_index after (DPU 68) [0]= 633 [1]=1243 [2]=1848 [3]=1848 [4]=1848 [5]=1848 [6]=1848 [7]=1848 [8]=1848 [9]=1848 [10]=1848 [11]=1848 [12]=1848 
key_index after (DPU 69) [0]= 589 [1]=1173 [2]=1762 [3]=1762 [4]=1762 [5]=1762 [6]=1762 [7]=1762 [8]=1762 [9]=1762 [10]=1762 [11]=1762 [12]=1762 
key_index after (DPU 70) [0]= 549 [1]=1106 [2]=1643 [3]=1643 [4]=1643 [5]=1643 [6]=1643 [7]=1643 [8]=1643 [9]=1643 [10]=1643 [11]=1643 [12]=1643 
key_index after (DPU 71) [0]= 523 [1]=1098 [2]=1700 [3]=1700 [4]=1700 [5]=1700 [6]=1700 [7]=1700 [8]=1700 [9]=1700 [10]=1700 [11]=1700 [12]=1700 
key_index after (DPU 72) [0]= 549 [1]=1121 [2]=1686 [3]=1686 [4]=1686 [5]=1686 [6]=1686 [7]=1686 [8]=1686 [9]=1686 [10]=1686 [11]=1686 [12]=1686 
key_index after (DPU 73) [0]= 512 [1]=1105 [2]=1677 [3]=1677 [4]=1677 [5]=1677 [6]=1677 [7]=1677 [8]=1677 [9]=1677 [10]=1677 [11]=1677 [12]=1677 
key_index after (DPU 74) [0]= 587 [1]=1124 [2]=1686 [3]=1686 [4]=1686 [5]=1686 [6]=1686 [7]=1686 [8]=1686 [9]=1686 [10]=1686 [11]=1686 [12]=1686 
key_index after (DPU 75) [0]= 547 [1]=1058 [2]=1569 [3]=1569 [4]=1569 [5]=1569 [6]=1569 [7]=1569 [8]=1569 [9]=1569 [10]=1569 [11]=1569 [12]=1569 
key_index after (DPU 76) [0]= 525 [1]=1041 [2]=1565 [3]=1565 [4]=1565 [5]=1565 [6]=1565 [7]=1565 [8]=1565 [9]=1565 [10]=1565 [11]=1565 [12]=1565 
key_index after (DPU 77) [0]= 546 [1]=1110 [2]=1628 [3]=1628 [4]=1628 [5]=1628 [6]=1628 [7]=1628 [8]=1628 [9]=1628 [10]=1628 [11]=1628 [12]=1628 
key_index after (DPU 78) [0]= 529 [1]=1016 [2]=1503 [3]=1503 [4]=1503 [5]=1503 [6]=1503 [7]=1503 [8]=1503 [9]=1503 [10]=1503 [11]=1503 [12]=1503 
key_index after (DPU 79) [0]= 512 [1]= 989 [2]=1544 [3]=1544 [4]=1544 [5]=1544 [6]=1544 [7]=1544 [8]=1544 [9]=1544 [10]=1544 [11]=1544 [12]=1544 
key_index after (DPU 80) [0]= 472 [1]= 966 [2]=1473 [3]=1473 [4]=1473 [5]=1473 [6]=1473 [7]=1473 [8]=1473 [9]=1473 [10]=1473 [11]=1473 [12]=1473 
key_index after (DPU 81) [0]= 442 [1]= 905 [2]=1376 [3]=1376 [4]=1376 [5]=1376 [6]=1376 [7]=1376 [8]=1376 [9]=1376 [10]=1376 [11]=1376 [12]=1376 
key_index after (DPU 82) [0]= 518 [1]= 990 [2]=1444 [3]=1444 [4]=1444 [5]=1444 [6]=1444 [7]=1444 [8]=1444 [9]=1444 [10]=1444 [11]=1444 [12]=1444 
key_index after (DPU 83) [0]= 490 [1]= 947 [2]=1422 [3]=1422 [4]=1422 [5]=1422 [6]=1422 [7]=1422 [8]=1422 [9]=1422 [10]=1422 [11]=1422 [12]=1422 
key_index after (DPU 84) [0]= 469 [1]= 942 [2]=1421 [3]=1421 [4]=1421 [5]=1421 [6]=1421 [7]=1421 [8]=1421 [9]=1421 [10]=1421 [11]=1421 [12]=1421 
key_index after (DPU 85) [0]= 523 [1]=1012 [2]=1503 [3]=1503 [4]=1503 [5]=1503 [6]=1503 [7]=1503 [8]=1503 [9]=1503 [10]=1503 [11]=1503 [12]=1503 
key_index after (DPU 86) [0]= 482 [1]= 969 [2]=1386 [3]=1386 [4]=1386 [5]=1386 [6]=1386 [7]=1386 [8]=1386 [9]=1386 [10]=1386 [11]=1386 [12]=1386 
key_index after (DPU 87) [0]= 433 [1]= 924 [2]=1398 [3]=1398 [4]=1398 [5]=1398 [6]=1398 [7]=1398 [8]=1398 [9]=1398 [10]=1398 [11]=1398 [12]=1398 
key_index after (DPU 88) [0]= 456 [1]= 898 [2]=1370 [3]=1370 [4]=1370 [5]=1370 [6]=1370 [7]=1370 [8]=1370 [9]=1370 [10]=1370 [11]=1370 [12]=1370 
key_index after (DPU 89) [0]= 460 [1]= 937 [2]=1386 [3]=1386 [4]=1386 [5]=1386 [6]=1386 [7]=1386 [8]=1386 [9]=1386 [10]=1386 [11]=1386 [12]=1386 
key_index after (DPU 90) [0]= 454 [1]= 903 [2]=1347 [3]=1347 [4]=1347 [5]=1347 [6]=1347 [7]=1347 [8]=1347 [9]=1347 [10]=1347 [11]=1347 [12]=1347 
key_index after (DPU 91) [0]= 471 [1]= 923 [2]=1377 [3]=1377 [4]=1377 [5]=1377 [6]=1377 [7]=1377 [8]=1377 [9]=1377 [10]=1377 [11]=1377 [12]=1377 
key_index after (DPU 92) [0]= 461 [1]= 879 [2]=1330 [3]=1330 [4]=1330 [5]=1330 [6]=1330 [7]=1330 [8]=1330 [9]=1330 [10]=1330 [11]=1330 [12]=1330 
key_index after (DPU 93) [0]= 409 [1]= 833 [2]=1251 [3]=1251 [4]=1251 [5]=1251 [6]=1251 [7]=1251 [8]=1251 [9]=1251 [10]=1251 [11]=1251 [12]=1251 
key_index after (DPU 94) [0]= 415 [1]= 860 [2]=1267 [3]=1267 [4]=1267 [5]=1267 [6]=1267 [7]=1267 [8]=1267 [9]=1267 [10]=1267 [11]=1267 [12]=1267 
key_index after (DPU 95) [0]= 461 [1]= 905 [2]=1341 [3]=1341 [4]=1341 [5]=1341 [6]=1341 [7]=1341 [8]=1341 [9]=1341 [10]=1341 [11]=1341 [12]=1341 
key_index after (DPU 96) [0]= 431 [1]= 893 [2]=1302 [3]=1302 [4]=1302 [5]=1302 [6]=1302 [7]=1302 [8]=1302 [9]=1302 [10]=1302 [11]=1302 [12]=1302 
key_index after (DPU 97) [0]= 421 [1]= 845 [2]=1308 [3]=1308 [4]=1308 [5]=1308 [6]=1308 [7]=1308 [8]=1308 [9]=1308 [10]=1308 [11]=1308 [12]=1308 
key_index after (DPU 98) [0]= 419 [1]= 823 [2]=1246 [3]=1246 [4]=1246 [5]=1246 [6]=1246 [7]=1246 [8]=1246 [9]=1246 [10]=1246 [11]=1246 [12]=1246 
key_index after (DPU 99) [0]= 414 [1]= 841 [2]=1245 [3]=1245 [4]=1245 [5]=1245 [6]=1245 [7]=1245 [8]=1245 [9]=1245 [10]=1245 [11]=1245 [12]=1245 
key_index after (DPU 100) [0]= 366 [1]= 755 [2]=1181 [3]=1181 [4]=1181 [5]=1181 [6]=1181 [7]=1181 [8]=1181 [9]=1181 [10]=1181 [11]=1181 [12]=1181 
key_index after (DPU 101) [0]= 424 [1]= 819 [2]=1213 [3]=1213 [4]=1213 [5]=1213 [6]=1213 [7]=1213 [8]=1213 [9]=1213 [10]=1213 [11]=1213 [12]=1213 
key_index after (DPU 102) [0]= 405 [1]= 770 [2]=1134 [3]=1134 [4]=1134 [5]=1134 [6]=1134 [7]=1134 [8]=1134 [9]=1134 [10]=1134 [11]=1134 [12]=1134 
key_index after (DPU 103) [0]= 380 [1]= 762 [2]=1143 [3]=1143 [4]=1143 [5]=1143 [6]=1143 [7]=1143 [8]=1143 [9]=1143 [10]=1143 [11]=1143 [12]=1143 
key_index after (DPU 104) [0]= 396 [1]= 777 [2]=1167 [3]=1167 [4]=1167 [5]=1167 [6]=1167 [7]=1167 [8]=1167 [9]=1167 [10]=1167 [11]=1167 [12]=1167 
key_index after (DPU 105) [0]= 382 [1]= 753 [2]=1137 [3]=1137 [4]=1137 [5]=1137 [6]=1137 [7]=1137 [8]=1137 [9]=1137 [10]=1137 [11]=1137 [12]=1137 
key_index after (DPU 106) [0]= 376 [1]= 727 [2]=1132 [3]=1132 [4]=1132 [5]=1132 [6]=1132 [7]=1132 [8]=1132 [9]=1132 [10]=1132 [11]=1132 [12]=1132 
key_index after (DPU 107) [0]= 399 [1]= 739 [2]=1119 [3]=1119 [4]=1119 [5]=1119 [6]=1119 [7]=1119 [8]=1119 [9]=1119 [10]=1119 [11]=1119 [12]=1119 
key_index after (DPU 108) [0]= 364 [1]= 710 [2]=1041 [3]=1041 [4]=1041 [5]=1041 [6]=1041 [7]=1041 [8]=1041 [9]=1041 [10]=1041 [11]=1041 [12]=1041 
key_index after (DPU 109) [0]= 396 [1]= 764 [2]=1124 [3]=1124 [4]=1124 [5]=1124 [6]=1124 [7]=1124 [8]=1124 [9]=1124 [10]=1124 [11]=1124 [12]=1124 
key_index after (DPU 110) [0]= 374 [1]= 741 [2]=1090 [3]=1090 [4]=1090 [5]=1090 [6]=1090 [7]=1090 [8]=1090 [9]=1090 [10]=1090 [11]=1090 [12]=1090 
key_index after (DPU 111) [0]= 371 [1]= 734 [2]=1123 [3]=1123 [4]=1123 [5]=1123 [6]=1123 [7]=1123 [8]=1123 [9]=1123 [10]=1123 [11]=1123 [12]=1123 
key_index after (DPU 112) [0]= 353 [1]= 716 [2]=1092 [3]=1092 [4]=1092 [5]=1092 [6]=1092 [7]=1092 [8]=1092 [9]=1092 [10]=1092 [11]=1092 [12]=1092 
key_index after (DPU 113) [0]= 339 [1]= 726 [2]=1071 [3]=1071 [4]=1071 [5]=1071 [6]=1071 [7]=1071 [8]=1071 [9]=1071 [10]=1071 [11]=1071 [12]=1071 
key_index after (DPU 114) [0]= 351 [1]= 704 [2]=1040 [3]=1040 [4]=1040 [5]=1040 [6]=1040 [7]=1040 [8]=1040 [9]=1040 [10]=1040 [11]=1040 [12]=1040 
key_index after (DPU 115) [0]= 324 [1]= 638 [2]=1022 [3]=1022 [4]=1022 [5]=1022 [6]=1022 [7]=1022 [8]=1022 [9]=1022 [10]=1022 [11]=1022 [12]=1022 
key_index after (DPU 116) [0]= 362 [1]= 737 [2]=1106 [3]=1106 [4]=1106 [5]=1106 [6]=1106 [7]=1106 [8]=1106 [9]=1106 [10]=1106 [11]=1106 [12]=1106 
key_index after (DPU 117) [0]= 343 [1]= 692 [2]=1054 [3]=1054 [4]=1054 [5]=1054 [6]=1054 [7]=1054 [8]=1054 [9]=1054 [10]=1054 [11]=1054 [12]=1054 
key_index after (DPU 118) [0]= 365 [1]= 715 [2]=1031 [3]=1031 [4]=1031 [5]=1031 [6]=1031 [7]=1031 [8]=1031 [9]=1031 [10]=1031 [11]=1031 [12]=1031 
key_index after (DPU 119) [0]= 362 [1]= 702 [2]=1050 [3]=1050 [4]=1050 [5]=1050 [6]=1050 [7]=1050 [8]=1050 [9]=1050 [10]=1050 [11]=1050 [12]=1050 
key_index after (DPU 120) [0]= 322 [1]= 641 [2]= 966 [3]= 966 [4]= 966 [5]= 966 [6]= 966 [7]= 966 [8]= 966 [9]= 966 [10]= 966 [11]= 966 [12]= 966 
key_index after (DPU 121) [0]= 328 [1]= 652 [2]= 995 [3]= 995 [4]= 995 [5]= 995 [6]= 995 [7]= 995 [8]= 995 [9]= 995 [10]= 995 [11]= 995 [12]= 995 
key_index after (DPU 122) [0]= 305 [1]= 641 [2]= 991 [3]= 991 [4]= 991 [5]= 991 [6]= 991 [7]= 991 [8]= 991 [9]= 991 [10]= 991 [11]= 991 [12]= 991 
key_index after (DPU 123) [0]= 355 [1]= 663 [2]= 994 [3]= 994 [4]= 994 [5]= 994 [6]= 994 [7]= 994 [8]= 994 [9]= 994 [10]= 994 [11]= 994 [12]= 994 
key_index after (DPU 124) [0]= 347 [1]= 667 [2]= 992 [3]= 992 [4]= 992 [5]= 992 [6]= 992 [7]= 992 [8]= 992 [9]= 992 [10]= 992 [11]= 992 [12]= 992 
key_index after (DPU 125) [0]= 311 [1]= 619 [2]= 958 [3]= 958 [4]= 958 [5]= 958 [6]= 958 [7]= 958 [8]= 958 [9]= 958 [10]= 958 [11]= 958 [12]= 958 
key_index after (DPU 126) [0]= 346 [1]= 657 [2]=1010 [3]=1010 [4]=1010 [5]=1010 [6]=1010 [7]=1010 [8]=1010 [9]=1010 [10]=1010 [11]=1010 [12]=1010 
key_index after (DPU 127) [0]= 308 [1]= 612 [2]= 930 [3]= 930 [4]= 930 [5]= 930 [6]= 930 [7]= 930 [8]= 930 [9]= 930 [10]= 930 [11]= 930 [12]= 930 
key_index after (DPU 128) [0]= 324 [1]= 633 [2]= 936 [3]= 936 [4]= 936 [5]= 936 [6]= 936 [7]= 936 [8]= 936 [9]= 936 [10]= 936 [11]= 936 [12]= 936 
key_index after (DPU 129) [0]= 324 [1]= 628 [2]= 933 [3]= 933 [4]= 933 [5]= 933 [6]= 933 [7]= 933 [8]= 933 [9]= 933 [10]= 933 [11]= 933 [12]= 933 
key_index after (DPU 130) [0]= 296 [1]= 646 [2]= 956 [3]= 956 [4]= 956 [5]= 956 [6]= 956 [7]= 956 [8]= 956 [9]= 956 [10]= 956 [11]= 956 [12]= 956 
key_index after (DPU 131) [0]= 326 [1]= 597 [2]= 916 [3]= 916 [4]= 916 [5]= 916 [6]= 916 [7]= 916 [8]= 916 [9]= 916 [10]= 916 [11]= 916 [12]= 916 
key_index after (DPU 132) [0]= 326 [1]= 623 [2]= 935 [3]= 935 [4]= 935 [5]= 935 [6]= 935 [7]= 935 [8]= 935 [9]= 935 [10]= 935 [11]= 935 [12]= 935 
key_index after (DPU 133) [0]= 314 [1]= 628 [2]= 915 [3]= 915 [4]= 915 [5]= 915 [6]= 915 [7]= 915 [8]= 915 [9]= 915 [10]= 915 [11]= 915 [12]= 915 
key_index after (DPU 134) [0]= 286 [1]= 589 [2]= 898 [3]= 898 [4]= 898 [5]= 898 [6]= 898 [7]= 898 [8]= 898 [9]= 898 [10]= 898 [11]= 898 [12]= 898 
key_index after (DPU 135) [0]= 279 [1]= 619 [2]= 907 [3]= 907 [4]= 907 [5]= 907 [6]= 907 [7]= 907 [8]= 907 [9]= 907 [10]= 907 [11]= 907 [12]= 907 
key_index after (DPU 136) [0]= 307 [1]= 602 [2]= 909 [3]= 909 [4]= 909 [5]= 909 [6]= 909 [7]= 909 [8]= 909 [9]= 909 [10]= 909 [11]= 909 [12]= 909 
key_index after (DPU 137) [0]= 273 [1]= 579 [2]= 868 [3]= 868 [4]= 868 [5]= 868 [6]= 868 [7]= 868 [8]= 868 [9]= 868 [10]= 868 [11]= 868 [12]= 868 
key_index after (DPU 138) [0]= 307 [1]= 591 [2]= 883 [3]= 883 [4]= 883 [5]= 883 [6]= 883 [7]= 883 [8]= 883 [9]= 883 [10]= 883 [11]= 883 [12]= 883 
key_index after (DPU 139) [0]= 305 [1]= 618 [2]= 911 [3]= 911 [4]= 911 [5]= 911 [6]= 911 [7]= 911 [8]= 911 [9]= 911 [10]= 911 [11]= 911 [12]= 911 
key_index after (DPU 140) [0]= 263 [1]= 543 [2]= 835 [3]= 835 [4]= 835 [5]= 835 [6]= 835 [7]= 835 [8]= 835 [9]= 835 [10]= 835 [11]= 835 [12]= 835 
key_index after (DPU 141) [0]= 314 [1]= 590 [2]= 867 [3]= 867 [4]= 867 [5]= 867 [6]= 867 [7]= 867 [8]= 867 [9]= 867 [10]= 867 [11]= 867 [12]= 867 
key_index after (DPU 142) [0]= 308 [1]= 592 [2]= 858 [3]= 858 [4]= 858 [5]= 858 [6]= 858 [7]= 858 [8]= 858 [9]= 858 [10]= 858 [11]= 858 [12]= 858 
key_index after (DPU 143) [0]= 255 [1]= 546 [2]= 859 [3]= 859 [4]= 859 [5]= 859 [6]= 859 [7]= 859 [8]= 859 [9]= 859 [10]= 859 [11]= 859 [12]= 859 
key_index after (DPU 144) [0]= 283 [1]= 563 [2]= 841 [3]= 841 [4]= 841 [5]= 841 [6]= 841 [7]= 841 [8]= 841 [9]= 841 [10]= 841 [11]= 841 [12]= 841 
key_index after (DPU 145) [0]= 300 [1]= 576 [2]= 835 [3]= 835 [4]= 835 [5]= 835 [6]= 835 [7]= 835 [8]= 835 [9]= 835 [10]= 835 [11]= 835 [12]= 835 
key_index after (DPU 146) [0]= 280 [1]= 571 [2]= 869 [3]= 869 [4]= 869 [5]= 869 [6]= 869 [7]= 869 [8]= 869 [9]= 869 [10]= 869 [11]= 869 [12]= 869 
key_index after (DPU 147) [0]= 251 [1]= 543 [2]= 822 [3]= 822 [4]= 822 [5]= 822 [6]= 822 [7]= 822 [8]= 822 [9]= 822 [10]= 822 [11]= 822 [12]= 822 
key_index after (DPU 148) [0]= 263 [1]= 513 [2]= 787 [3]= 787 [4]= 787 [5]= 787 [6]= 787 [7]= 787 [8]= 787 [9]= 787 [10]= 787 [11]= 787 [12]= 787 
key_index after (DPU 149) [0]= 292 [1]= 579 [2]= 837 [3]= 837 [4]= 837 [5]= 837 [6]= 837 [7]= 837 [8]= 837 [9]= 837 [10]= 837 [11]= 837 [12]= 837 
key_index after (DPU 150) [0]= 285 [1]= 560 [2]= 810 [3]= 810 [4]= 810 [5]= 810 [6]= 810 [7]= 810 [8]= 810 [9]= 810 [10]= 810 [11]= 810 [12]= 810 
key_index after (DPU 151) [0]= 233 [1]= 527 [2]= 782 [3]= 782 [4]= 782 [5]= 782 [6]= 782 [7]= 782 [8]= 782 [9]= 782 [10]= 782 [11]= 782 [12]= 782 
key_index after (DPU 152) [0]= 290 [1]= 549 [2]= 813 [3]= 813 [4]= 813 [5]= 813 [6]= 813 [7]= 813 [8]= 813 [9]= 813 [10]= 813 [11]= 813 [12]= 813 
key_index after (DPU 153) [0]= 271 [1]= 560 [2]= 822 [3]= 822 [4]= 822 [5]= 822 [6]= 822 [7]= 822 [8]= 822 [9]= 822 [10]= 822 [11]= 822 [12]= 822 
key_index after (DPU 154) [0]= 262 [1]= 535 [2]= 796 [3]= 796 [4]= 796 [5]= 796 [6]= 796 [7]= 796 [8]= 796 [9]= 796 [10]= 796 [11]= 796 [12]= 796 
key_index after (DPU 155) [0]= 254 [1]= 530 [2]= 775 [3]= 775 [4]= 775 [5]= 775 [6]= 775 [7]= 775 [8]= 775 [9]= 775 [10]= 775 [11]= 775 [12]= 775 
key_index after (DPU 156) [0]= 285 [1]= 534 [2]= 780 [3]= 780 [4]= 780 [5]= 780 [6]= 780 [7]= 780 [8]= 780 [9]= 780 [10]= 780 [11]= 780 [12]= 780 
key_index after (DPU 157) [0]= 248 [1]= 526 [2]= 831 [3]= 831 [4]= 831 [5]= 831 [6]= 831 [7]= 831 [8]= 831 [9]= 831 [10]= 831 [11]= 831 [12]= 831 
key_index after (DPU 158) [0]= 273 [1]= 539 [2]= 783 [3]= 783 [4]= 783 [5]= 783 [6]= 783 [7]= 783 [8]= 783 [9]= 783 [10]= 783 [11]= 783 [12]= 783 
key_index after (DPU 159) [0]= 251 [1]= 523 [2]= 786 [3]= 786 [4]= 786 [5]= 786 [6]= 786 [7]= 786 [8]= 786 [9]= 786 [10]= 786 [11]= 786 [12]= 786 
key_index after (DPU 160) [0]= 212 [1]= 456 [2]= 700 [3]= 700 [4]= 700 [5]= 700 [6]= 700 [7]= 700 [8]= 700 [9]= 700 [10]= 700 [11]= 700 [12]= 700 
key_index after (DPU 161) [0]= 268 [1]= 511 [2]= 763 [3]= 763 [4]= 763 [5]= 763 [6]= 763 [7]= 763 [8]= 763 [9]= 763 [10]= 763 [11]= 763 [12]= 763 
key_index after (DPU 162) [0]= 254 [1]= 509 [2]= 761 [3]= 761 [4]= 761 [5]= 761 [6]= 761 [7]= 761 [8]= 761 [9]= 761 [10]= 761 [11]= 761 [12]= 761 
key_index after (DPU 163) [0]= 261 [1]= 512 [2]= 777 [3]= 777 [4]= 777 [5]= 777 [6]= 777 [7]= 777 [8]= 777 [9]= 777 [10]= 777 [11]= 777 [12]= 777 
key_index after (DPU 164) [0]= 235 [1]= 457 [2]= 701 [3]= 701 [4]= 701 [5]= 701 [6]= 701 [7]= 701 [8]= 701 [9]= 701 [10]= 701 [11]= 701 [12]= 701 
key_index after (DPU 165) [0]= 229 [1]= 475 [2]= 729 [3]= 729 [4]= 729 [5]= 729 [6]= 729 [7]= 729 [8]= 729 [9]= 729 [10]= 729 [11]= 729 [12]= 729 
key_index after (DPU 166) [0]= 255 [1]= 526 [2]= 763 [3]= 763 [4]= 763 [5]= 763 [6]= 763 [7]= 763 [8]= 763 [9]= 763 [10]= 763 [11]= 763 [12]= 763 
key_index after (DPU 167) [0]= 259 [1]= 474 [2]= 720 [3]= 720 [4]= 720 [5]= 720 [6]= 720 [7]= 720 [8]= 720 [9]= 720 [10]= 720 [11]= 720 [12]= 720 
key_index after (DPU 168) [0]= 260 [1]= 526 [2]= 797 [3]= 797 [4]= 797 [5]= 797 [6]= 797 [7]= 797 [8]= 797 [9]= 797 [10]= 797 [11]= 797 [12]= 797 
key_index after (DPU 169) [0]= 265 [1]= 482 [2]= 693 [3]= 693 [4]= 693 [5]= 693 [6]= 693 [7]= 693 [8]= 693 [9]= 693 [10]= 693 [11]= 693 [12]= 693 
key_index after (DPU 170) [0]= 266 [1]= 465 [2]= 718 [3]= 718 [4]= 718 [5]= 718 [6]= 718 [7]= 718 [8]= 718 [9]= 718 [10]= 718 [11]= 718 [12]= 718 
key_index after (DPU 171) [0]= 225 [1]= 499 [2]= 739 [3]= 739 [4]= 739 [5]= 739 [6]= 739 [7]= 739 [8]= 739 [9]= 739 [10]= 739 [11]= 739 [12]= 739 
key_index after (DPU 172) [0]= 220 [1]= 455 [2]= 670 [3]= 670 [4]= 670 [5]= 670 [6]= 670 [7]= 670 [8]= 670 [9]= 670 [10]= 670 [11]= 670 [12]= 670 
key_index after (DPU 173) [0]= 248 [1]= 472 [2]= 683 [3]= 683 [4]= 683 [5]= 683 [6]= 683 [7]= 683 [8]= 683 [9]= 683 [10]= 683 [11]= 683 [12]= 683 
key_index after (DPU 174) [0]= 215 [1]= 428 [2]= 641 [3]= 641 [4]= 641 [5]= 641 [6]= 641 [7]= 641 [8]= 641 [9]= 641 [10]= 641 [11]= 641 [12]= 641 
key_index after (DPU 175) [0]= 231 [1]= 441 [2]= 693 [3]= 693 [4]= 693 [5]= 693 [6]= 693 [7]= 693 [8]= 693 [9]= 693 [10]= 693 [11]= 693 [12]= 693 
key_index after (DPU 176) [0]= 240 [1]= 458 [2]= 685 [3]= 685 [4]= 685 [5]= 685 [6]= 685 [7]= 685 [8]= 685 [9]= 685 [10]= 685 [11]= 685 [12]= 685 
key_index after (DPU 177) [0]= 223 [1]= 454 [2]= 663 [3]= 663 [4]= 663 [5]= 663 [6]= 663 [7]= 663 [8]= 663 [9]= 663 [10]= 663 [11]= 663 [12]= 663 
key_index after (DPU 178) [0]= 238 [1]= 455 [2]= 673 [3]= 673 [4]= 673 [5]= 673 [6]= 673 [7]= 673 [8]= 673 [9]= 673 [10]= 673 [11]= 673 [12]= 673 
key_index after (DPU 179) [0]= 239 [1]= 456 [2]= 688 [3]= 688 [4]= 688 [5]= 688 [6]= 688 [7]= 688 [8]= 688 [9]= 688 [10]= 688 [11]= 688 [12]= 688 
key_index after (DPU 180) [0]= 248 [1]= 463 [2]= 691 [3]= 691 [4]= 691 [5]= 691 [6]= 691 [7]= 691 [8]= 691 [9]= 691 [10]= 691 [11]= 691 [12]= 691 
key_index after (DPU 181) [0]= 231 [1]= 438 [2]= 660 [3]= 660 [4]= 660 [5]= 660 [6]= 660 [7]= 660 [8]= 660 [9]= 660 [10]= 660 [11]= 660 [12]= 660 
key_index after (DPU 182) [0]= 214 [1]= 426 [2]= 634 [3]= 634 [4]= 634 [5]= 634 [6]= 634 [7]= 634 [8]= 634 [9]= 634 [10]= 634 [11]= 634 [12]= 634 
key_index after (DPU 183) [0]= 244 [1]= 462 [2]= 675 [3]= 675 [4]= 675 [5]= 675 [6]= 675 [7]= 675 [8]= 675 [9]= 675 [10]= 675 [11]= 675 [12]= 675 
key_index after (DPU 184) [0]= 218 [1]= 437 [2]= 673 [3]= 673 [4]= 673 [5]= 673 [6]= 673 [7]= 673 [8]= 673 [9]= 673 [10]= 673 [11]= 673 [12]= 673 
key_index after (DPU 185) [0]= 251 [1]= 473 [2]= 684 [3]= 684 [4]= 684 [5]= 684 [6]= 684 [7]= 684 [8]= 684 [9]= 684 [10]= 684 [11]= 684 [12]= 684 
key_index after (DPU 186) [0]= 241 [1]= 456 [2]= 666 [3]= 666 [4]= 666 [5]= 666 [6]= 666 [7]= 666 [8]= 666 [9]= 666 [10]= 666 [11]= 666 [12]= 666 
key_index after (DPU 187) [0]= 205 [1]= 390 [2]= 617 [3]= 617 [4]= 617 [5]= 617 [6]= 617 [7]= 617 [8]= 617 [9]= 617 [10]= 617 [11]= 617 [12]= 617 
key_index after (DPU 188) [0]= 203 [1]= 397 [2]= 614 [3]= 614 [4]= 614 [5]= 614 [6]= 614 [7]= 614 [8]= 614 [9]= 614 [10]= 614 [11]= 614 [12]= 614 
key_index after (DPU 189) [0]= 244 [1]= 449 [2]= 655 [3]= 655 [4]= 655 [5]= 655 [6]= 655 [7]= 655 [8]= 655 [9]= 655 [10]= 655 [11]= 655 [12]= 655 
key_index after (DPU 190) [0]= 215 [1]= 440 [2]= 650 [3]= 650 [4]= 650 [5]= 650 [6]= 650 [7]= 650 [8]= 650 [9]= 650 [10]= 650 [11]= 650 [12]= 650 
key_index after (DPU 191) [0]= 200 [1]= 418 [2]= 642 [3]= 642 [4]= 642 [5]= 642 [6]= 642 [7]= 642 [8]= 642 [9]= 642 [10]= 642 [11]= 642 [12]= 642 
key_index after (DPU 192) [0]= 231 [1]= 435 [2]= 652 [3]= 652 [4]= 652 [5]= 652 [6]= 652 [7]= 652 [8]= 652 [9]= 652 [10]= 652 [11]= 652 [12]= 652 
key_index after (DPU 193) [0]= 185 [1]= 420 [2]= 612 [3]= 612 [4]= 612 [5]= 612 [6]= 612 [7]= 612 [8]= 612 [9]= 612 [10]= 612 [11]= 612 [12]= 612 
key_index after (DPU 194) [0]= 218 [1]= 433 [2]= 649 [3]= 649 [4]= 649 [5]= 649 [6]= 649 [7]= 649 [8]= 649 [9]= 649 [10]= 649 [11]= 649 [12]= 649 
key_index after (DPU 195) [0]= 213 [1]= 422 [2]= 615 [3]= 615 [4]= 615 [5]= 615 [6]= 615 [7]= 615 [8]= 615 [9]= 615 [10]= 615 [11]= 615 [12]= 615 
key_index after (DPU 196) [0]= 217 [1]= 426 [2]= 620 [3]= 620 [4]= 620 [5]= 620 [6]= 620 [7]= 620 [8]= 620 [9]= 620 [10]= 620 [11]= 620 [12]= 620 
key_index after (DPU 197) [0]= 202 [1]= 410 [2]= 609 [3]= 609 [4]= 609 [5]= 609 [6]= 609 [7]= 609 [8]= 609 [9]= 609 [10]= 609 [11]= 609 [12]= 609 
key_index after (DPU 198) [0]= 195 [1]= 373 [2]= 571 [3]= 571 [4]= 571 [5]= 571 [6]= 571 [7]= 571 [8]= 571 [9]= 571 [10]= 571 [11]= 571 [12]= 571 
key_index after (DPU 199) [0]= 195 [1]= 374 [2]= 584 [3]= 584 [4]= 584 [5]= 584 [6]= 584 [7]= 584 [8]= 584 [9]= 584 [10]= 584 [11]= 584 [12]= 584 
key_index after (DPU 200) [0]= 190 [1]= 387 [2]= 585 [3]= 585 [4]= 585 [5]= 585 [6]= 585 [7]= 585 [8]= 585 [9]= 585 [10]= 585 [11]= 585 [12]= 585 
key_index after (DPU 201) [0]= 181 [1]= 388 [2]= 591 [3]= 591 [4]= 591 [5]= 591 [6]= 591 [7]= 591 [8]= 591 [9]= 591 [10]= 591 [11]= 591 [12]= 591 
key_index after (DPU 202) [0]= 207 [1]= 401 [2]= 611 [3]= 611 [4]= 611 [5]= 611 [6]= 611 [7]= 611 [8]= 611 [9]= 611 [10]= 611 [11]= 611 [12]= 611 
key_index after (DPU 203) [0]= 212 [1]= 411 [2]= 615 [3]= 615 [4]= 615 [5]= 615 [6]= 615 [7]= 615 [8]= 615 [9]= 615 [10]= 615 [11]= 615 [12]= 615 
key_index after (DPU 204) [0]= 181 [1]= 371 [2]= 584 [3]= 584 [4]= 584 [5]= 584 [6]= 584 [7]= 584 [8]= 584 [9]= 584 [10]= 584 [11]= 584 [12]= 584 
key_index after (DPU 205) [0]= 209 [1]= 404 [2]= 637 [3]= 637 [4]= 637 [5]= 637 [6]= 637 [7]= 637 [8]= 637 [9]= 637 [10]= 637 [11]= 637 [12]= 637 
key_index after (DPU 206) [0]= 214 [1]= 422 [2]= 599 [3]= 599 [4]= 599 [5]= 599 [6]= 599 [7]= 599 [8]= 599 [9]= 599 [10]= 599 [11]= 599 [12]= 599 
key_index after (DPU 207) [0]= 205 [1]= 407 [2]= 614 [3]= 614 [4]= 614 [5]= 614 [6]= 614 [7]= 614 [8]= 614 [9]= 614 [10]= 614 [11]= 614 [12]= 614 
key_index after (DPU 208) [0]= 183 [1]= 364 [2]= 560 [3]= 560 [4]= 560 [5]= 560 [6]= 560 [7]= 560 [8]= 560 [9]= 560 [10]= 560 [11]= 560 [12]= 560 
key_index after (DPU 209) [0]= 216 [1]= 435 [2]= 612 [3]= 612 [4]= 612 [5]= 612 [6]= 612 [7]= 612 [8]= 612 [9]= 612 [10]= 612 [11]= 612 [12]= 612 
key_index after (DPU 210) [0]= 204 [1]= 378 [2]= 547 [3]= 547 [4]= 547 [5]= 547 [6]= 547 [7]= 547 [8]= 547 [9]= 547 [10]= 547 [11]= 547 [12]= 547 
key_index after (DPU 211) [0]= 151 [1]= 335 [2]= 527 [3]= 527 [4]= 527 [5]= 527 [6]= 527 [7]= 527 [8]= 527 [9]= 527 [10]= 527 [11]= 527 [12]= 527 
key_index after (DPU 212) [0]= 180 [1]= 356 [2]= 549 [3]= 549 [4]= 549 [5]= 549 [6]= 549 [7]= 549 [8]= 549 [9]= 549 [10]= 549 [11]= 549 [12]= 549 
key_index after (DPU 213) [0]= 194 [1]= 387 [2]= 590 [3]= 590 [4]= 590 [5]= 590 [6]= 590 [7]= 590 [8]= 590 [9]= 590 [10]= 590 [11]= 590 [12]= 590 
key_index after (DPU 214) [0]= 178 [1]= 356 [2]= 515 [3]= 515 [4]= 515 [5]= 515 [6]= 515 [7]= 515 [8]= 515 [9]= 515 [10]= 515 [11]= 515 [12]= 515 
key_index after (DPU 215) [0]= 179 [1]= 373 [2]= 568 [3]= 568 [4]= 568 [5]= 568 [6]= 568 [7]= 568 [8]= 568 [9]= 568 [10]= 568 [11]= 568 [12]= 568 
key_index after (DPU 216) [0]= 175 [1]= 341 [2]= 506 [3]= 506 [4]= 506 [5]= 506 [6]= 506 [7]= 506 [8]= 506 [9]= 506 [10]= 506 [11]= 506 [12]= 506 
key_index after (DPU 217) [0]= 215 [1]= 416 [2]= 602 [3]= 602 [4]= 602 [5]= 602 [6]= 602 [7]= 602 [8]= 602 [9]= 602 [10]= 602 [11]= 602 [12]= 602 
key_index after (DPU 218) [0]= 194 [1]= 415 [2]= 614 [3]= 614 [4]= 614 [5]= 614 [6]= 614 [7]= 614 [8]= 614 [9]= 614 [10]= 614 [11]= 614 [12]= 614 
key_index after (DPU 219) [0]= 168 [1]= 332 [2]= 488 [3]= 488 [4]= 488 [5]= 488 [6]= 488 [7]= 488 [8]= 488 [9]= 488 [10]= 488 [11]= 488 [12]= 488 
key_index after (DPU 220) [0]= 173 [1]= 369 [2]= 546 [3]= 546 [4]= 546 [5]= 546 [6]= 546 [7]= 546 [8]= 546 [9]= 546 [10]= 546 [11]= 546 [12]= 546 
key_index after (DPU 221) [0]= 186 [1]= 362 [2]= 544 [3]= 544 [4]= 544 [5]= 544 [6]= 544 [7]= 544 [8]= 544 [9]= 544 [10]= 544 [11]= 544 [12]= 544 
key_index after (DPU 222) [0]= 176 [1]= 357 [2]= 549 [3]= 549 [4]= 549 [5]= 549 [6]= 549 [7]= 549 [8]= 549 [9]= 549 [10]= 549 [11]= 549 [12]= 549 
key_index after (DPU 223) [0]= 188 [1]= 400 [2]= 619 [3]= 619 [4]= 619 [5]= 619 [6]= 619 [7]= 619 [8]= 619 [9]= 619 [10]= 619 [11]= 619 [12]= 619 
key_index after (DPU 224) [0]= 195 [1]= 356 [2]= 515 [3]= 515 [4]= 515 [5]= 515 [6]= 515 [7]= 515 [8]= 515 [9]= 515 [10]= 515 [11]= 515 [12]= 515 
key_index after (DPU 225) [0]= 179 [1]= 348 [2]= 535 [3]= 535 [4]= 535 [5]= 535 [6]= 535 [7]= 535 [8]= 535 [9]= 535 [10]= 535 [11]= 535 [12]= 535 
key_index after (DPU 226) [0]= 206 [1]= 399 [2]= 583 [3]= 583 [4]= 583 [5]= 583 [6]= 583 [7]= 583 [8]= 583 [9]= 583 [10]= 583 [11]= 583 [12]= 583 
key_index after (DPU 227) [0]= 183 [1]= 344 [2]= 535 [3]= 535 [4]= 535 [5]= 535 [6]= 535 [7]= 535 [8]= 535 [9]= 535 [10]= 535 [11]= 535 [12]= 535 
key_index after (DPU 228) [0]= 181 [1]= 377 [2]= 572 [3]= 572 [4]= 572 [5]= 572 [6]= 572 [7]= 572 [8]= 572 [9]= 572 [10]= 572 [11]= 572 [12]= 572 
key_index after (DPU 229) [0]= 186 [1]= 332 [2]= 509 [3]= 509 [4]= 509 [5]= 509 [6]= 509 [7]= 509 [8]= 509 [9]= 509 [10]= 509 [11]= 509 [12]= 509 
key_index after (DPU 230) [0]= 194 [1]= 395 [2]= 577 [3]= 577 [4]= 577 [5]= 577 [6]= 577 [7]= 577 [8]= 577 [9]= 577 [10]= 577 [11]= 577 [12]= 577 
key_index after (DPU 231) [0]= 176 [1]= 347 [2]= 500 [3]= 500 [4]= 500 [5]= 500 [6]= 500 [7]= 500 [8]= 500 [9]= 500 [10]= 500 [11]= 500 [12]= 500 
key_index after (DPU 232) [0]= 165 [1]= 327 [2]= 521 [3]= 521 [4]= 521 [5]= 521 [6]= 521 [7]= 521 [8]= 521 [9]= 521 [10]= 521 [11]= 521 [12]= 521 
key_index after (DPU 233) [0]= 174 [1]= 332 [2]= 533 [3]= 533 [4]= 533 [5]= 533 [6]= 533 [7]= 533 [8]= 533 [9]= 533 [10]= 533 [11]= 533 [12]= 533 
key_index after (DPU 234) [0]= 161 [1]= 352 [2]= 524 [3]= 524 [4]= 524 [5]= 524 [6]= 524 [7]= 524 [8]= 524 [9]= 524 [10]= 524 [11]= 524 [12]= 524 
key_index after (DPU 235) [0]= 155 [1]= 333 [2]= 535 [3]= 535 [4]= 535 [5]= 535 [6]= 535 [7]= 535 [8]= 535 [9]= 535 [10]= 535 [11]= 535 [12]= 535 
key_index after (DPU 236) [0]= 174 [1]= 341 [2]= 487 [3]= 487 [4]= 487 [5]= 487 [6]= 487 [7]= 487 [8]= 487 [9]= 487 [10]= 487 [11]= 487 [12]= 487 
key_index after (DPU 237) [0]= 166 [1]= 332 [2]= 529 [3]= 529 [4]= 529 [5]= 529 [6]= 529 [7]= 529 [8]= 529 [9]= 529 [10]= 529 [11]= 529 [12]= 529 
key_index after (DPU 238) [0]= 144 [1]= 318 [2]= 481 [3]= 481 [4]= 481 [5]= 481 [6]= 481 [7]= 481 [8]= 481 [9]= 481 [10]= 481 [11]= 481 [12]= 481 
key_index after (DPU 239) [0]= 185 [1]= 374 [2]= 526 [3]= 526 [4]= 526 [5]= 526 [6]= 526 [7]= 526 [8]= 526 [9]= 526 [10]= 526 [11]= 526 [12]= 526 
key_index after (DPU 240) [0]= 164 [1]= 338 [2]= 485 [3]= 485 [4]= 485 [5]= 485 [6]= 485 [7]= 485 [8]= 485 [9]= 485 [10]= 485 [11]= 485 [12]= 485 
key_index after (DPU 241) [0]= 171 [1]= 341 [2]= 501 [3]= 501 [4]= 501 [5]= 501 [6]= 501 [7]= 501 [8]= 501 [9]= 501 [10]= 501 [11]= 501 [12]= 501 
key_index after (DPU 242) [0]= 157 [1]= 317 [2]= 493 [3]= 493 [4]= 493 [5]= 493 [6]= 493 [7]= 493 [8]= 493 [9]= 493 [10]= 493 [11]= 493 [12]= 493 
key_index after (DPU 243) [0]= 156 [1]= 320 [2]= 487 [3]= 487 [4]= 487 [5]= 487 [6]= 487 [7]= 487 [8]= 487 [9]= 487 [10]= 487 [11]= 487 [12]= 487 
key_index after (DPU 244) [0]= 172 [1]= 341 [2]= 502 [3]= 502 [4]= 502 [5]= 502 [6]= 502 [7]= 502 [8]= 502 [9]= 502 [10]= 502 [11]= 502 [12]= 502 
key_index after (DPU 245) [0]= 162 [1]= 307 [2]= 465 [3]= 465 [4]= 465 [5]= 465 [6]= 465 [7]= 465 [8]= 465 [9]= 465 [10]= 465 [11]= 465 [12]= 465 
key_index after (DPU 246) [0]= 159 [1]= 320 [2]= 482 [3]= 482 [4]= 482 [5]= 482 [6]= 482 [7]= 482 [8]= 482 [9]= 482 [10]= 482 [11]= 482 [12]= 482 
key_index after (DPU 247) [0]= 169 [1]= 350 [2]= 517 [3]= 517 [4]= 517 [5]= 517 [6]= 517 [7]= 517 [8]= 517 [9]= 517 [10]= 517 [11]= 517 [12]= 517 
key_index after (DPU 248) [0]= 165 [1]= 299 [2]= 447 [3]= 447 [4]= 447 [5]= 447 [6]= 447 [7]= 447 [8]= 447 [9]= 447 [10]= 447 [11]= 447 [12]= 447 
key_index after (DPU 249) [0]= 158 [1]= 333 [2]= 482 [3]= 482 [4]= 482 [5]= 482 [6]= 482 [7]= 482 [8]= 482 [9]= 482 [10]= 482 [11]= 482 [12]= 482 
key_index after (DPU 250) [0]= 140 [1]= 293 [2]= 443 [3]= 443 [4]= 443 [5]= 443 [6]= 443 [7]= 443 [8]= 443 [9]= 443 [10]= 443 [11]= 443 [12]= 443 
key_index after (DPU 251) [0]= 181 [1]= 348 [2]= 504 [3]= 504 [4]= 504 [5]= 504 [6]= 504 [7]= 504 [8]= 504 [9]= 504 [10]= 504 [11]= 504 [12]= 504 
key_index after (DPU 252) [0]= 157 [1]= 302 [2]= 452 [3]= 452 [4]= 452 [5]= 452 [6]= 452 [7]= 452 [8]= 452 [9]= 452 [10]= 452 [11]= 452 [12]= 452 
key_index after (DPU 253) [0]= 178 [1]= 342 [2]= 490 [3]= 490 [4]= 490 [5]= 490 [6]= 490 [7]= 490 [8]= 490 [9]= 490 [10]= 490 [11]= 490 [12]= 490 
key_index after (DPU 254) [0]= 177 [1]= 337 [2]= 479 [3]= 479 [4]= 479 [5]= 479 [6]= 479 [7]= 479 [8]= 479 [9]= 479 [10]= 479 [11]= 479 [12]= 479 
key_index after (DPU 255) [0]= 169 [1]= 329 [2]= 489 [3]= 489 [4]= 489 [5]= 489 [6]= 489 [7]= 489 [8]= 489 [9]= 489 [10]= 489 [11]= 489 [12]= 489 
key_index after (DPU 256) [0]= 152 [1]= 323 [2]= 485 [3]= 485 [4]= 485 [5]= 485 [6]= 485 [7]= 485 [8]= 485 [9]= 485 [10]= 485 [11]= 485 [12]= 485 
key_index after (DPU 257) [0]= 147 [1]= 294 [2]= 419 [3]= 419 [4]= 419 [5]= 419 [6]= 419 [7]= 419 [8]= 419 [9]= 419 [10]= 419 [11]= 419 [12]= 419 
key_index after (DPU 258) [0]= 155 [1]= 293 [2]= 443 [3]= 443 [4]= 443 [5]= 443 [6]= 443 [7]= 443 [8]= 443 [9]= 443 [10]= 443 [11]= 443 [12]= 443 
key_index after (DPU 259) [0]= 141 [1]= 295 [2]= 435 [3]= 435 [4]= 435 [5]= 435 [6]= 435 [7]= 435 [8]= 435 [9]= 435 [10]= 435 [11]= 435 [12]= 435 
key_index after (DPU 260) [0]= 165 [1]= 306 [2]= 441 [3]= 441 [4]= 441 [5]= 441 [6]= 441 [7]= 441 [8]= 441 [9]= 441 [10]= 441 [11]= 441 [12]= 441 
key_index after (DPU 261) [0]= 124 [1]= 240 [2]= 380 [3]= 380 [4]= 380 [5]= 380 [6]= 380 [7]= 380 [8]= 380 [9]= 380 [10]= 380 [11]= 380 [12]= 380 
key_index after (DPU 262) [0]= 149 [1]= 316 [2]= 478 [3]= 478 [4]= 478 [5]= 478 [6]= 478 [7]= 478 [8]= 478 [9]= 478 [10]= 478 [11]= 478 [12]= 478 
key_index after (DPU 263) [0]= 165 [1]= 332 [2]= 492 [3]= 492 [4]= 492 [5]= 492 [6]= 492 [7]= 492 [8]= 492 [9]= 492 [10]= 492 [11]= 492 [12]= 492 
key_index after (DPU 264) [0]= 148 [1]= 287 [2]= 432 [3]= 432 [4]= 432 [5]= 432 [6]= 432 [7]= 432 [8]= 432 [9]= 432 [10]= 432 [11]= 432 [12]= 432 
key_index after (DPU 265) [0]= 136 [1]= 292 [2]= 446 [3]= 446 [4]= 446 [5]= 446 [6]= 446 [7]= 446 [8]= 446 [9]= 446 [10]= 446 [11]= 446 [12]= 446 
key_index after (DPU 266) [0]= 151 [1]= 307 [2]= 471 [3]= 471 [4]= 471 [5]= 471 [6]= 471 [7]= 471 [8]= 471 [9]= 471 [10]= 471 [11]= 471 [12]= 471 
key_index after (DPU 267) [0]= 160 [1]= 303 [2]= 455 [3]= 455 [4]= 455 [5]= 455 [6]= 455 [7]= 455 [8]= 455 [9]= 455 [10]= 455 [11]= 455 [12]= 455 
key_index after (DPU 268) [0]= 147 [1]= 291 [2]= 431 [3]= 431 [4]= 431 [5]= 431 [6]= 431 [7]= 431 [8]= 431 [9]= 431 [10]= 431 [11]= 431 [12]= 431 
key_index after (DPU 269) [0]= 163 [1]= 317 [2]= 477 [3]= 477 [4]= 477 [5]= 477 [6]= 477 [7]= 477 [8]= 477 [9]= 477 [10]= 477 [11]= 477 [12]= 477 
key_index after (DPU 270) [0]= 156 [1]= 326 [2]= 480 [3]= 480 [4]= 480 [5]= 480 [6]= 480 [7]= 480 [8]= 480 [9]= 480 [10]= 480 [11]= 480 [12]= 480 
key_index after (DPU 271) [0]= 140 [1]= 289 [2]= 462 [3]= 462 [4]= 462 [5]= 462 [6]= 462 [7]= 462 [8]= 462 [9]= 462 [10]= 462 [11]= 462 [12]= 462 
key_index after (DPU 272) [0]= 139 [1]= 300 [2]= 435 [3]= 435 [4]= 435 [5]= 435 [6]= 435 [7]= 435 [8]= 435 [9]= 435 [10]= 435 [11]= 435 [12]= 435 
key_index after (DPU 273) [0]= 144 [1]= 293 [2]= 436 [3]= 436 [4]= 436 [5]= 436 [6]= 436 [7]= 436 [8]= 436 [9]= 436 [10]= 436 [11]= 436 [12]= 436 
key_index after (DPU 274) [0]= 171 [1]= 322 [2]= 481 [3]= 481 [4]= 481 [5]= 481 [6]= 481 [7]= 481 [8]= 481 [9]= 481 [10]= 481 [11]= 481 [12]= 481 
key_index after (DPU 275) [0]= 154 [1]= 285 [2]= 426 [3]= 426 [4]= 426 [5]= 426 [6]= 426 [7]= 426 [8]= 426 [9]= 426 [10]= 426 [11]= 426 [12]= 426 
key_index after (DPU 276) [0]= 143 [1]= 321 [2]= 475 [3]= 475 [4]= 475 [5]= 475 [6]= 475 [7]= 475 [8]= 475 [9]= 475 [10]= 475 [11]= 475 [12]= 475 
key_index after (DPU 277) [0]= 145 [1]= 295 [2]= 450 [3]= 450 [4]= 450 [5]= 450 [6]= 450 [7]= 450 [8]= 450 [9]= 450 [10]= 450 [11]= 450 [12]= 450 
key_index after (DPU 278) [0]= 130 [1]= 272 [2]= 419 [3]= 419 [4]= 419 [5]= 419 [6]= 419 [7]= 419 [8]= 419 [9]= 419 [10]= 419 [11]= 419 [12]= 419 
key_index after (DPU 279) [0]= 141 [1]= 294 [2]= 423 [3]= 423 [4]= 423 [5]= 423 [6]= 423 [7]= 423 [8]= 423 [9]= 423 [10]= 423 [11]= 423 [12]= 423 
key_index after (DPU 280) [0]= 170 [1]= 326 [2]= 494 [3]= 494 [4]= 494 [5]= 494 [6]= 494 [7]= 494 [8]= 494 [9]= 494 [10]= 494 [11]= 494 [12]= 494 
key_index after (DPU 281) [0]= 159 [1]= 296 [2]= 437 [3]= 437 [4]= 437 [5]= 437 [6]= 437 [7]= 437 [8]= 437 [9]= 437 [10]= 437 [11]= 437 [12]= 437 
key_index after (DPU 282) [0]= 143 [1]= 283 [2]= 411 [3]= 411 [4]= 411 [5]= 411 [6]= 411 [7]= 411 [8]= 411 [9]= 411 [10]= 411 [11]= 411 [12]= 411 
key_index after (DPU 283) [0]= 160 [1]= 301 [2]= 448 [3]= 448 [4]= 448 [5]= 448 [6]= 448 [7]= 448 [8]= 448 [9]= 448 [10]= 448 [11]= 448 [12]= 448 
key_index after (DPU 284) [0]= 125 [1]= 274 [2]= 411 [3]= 411 [4]= 411 [5]= 411 [6]= 411 [7]= 411 [8]= 411 [9]= 411 [10]= 411 [11]= 411 [12]= 411 
key_index after (DPU 285) [0]= 143 [1]= 285 [2]= 421 [3]= 421 [4]= 421 [5]= 421 [6]= 421 [7]= 421 [8]= 421 [9]= 421 [10]= 421 [11]= 421 [12]= 421 
key_index after (DPU 286) [0]= 161 [1]= 313 [2]= 455 [3]= 455 [4]= 455 [5]= 455 [6]= 455 [7]= 455 [8]= 455 [9]= 455 [10]= 455 [11]= 455 [12]= 455 
key_index after (DPU 287) [0]= 134 [1]= 256 [2]= 398 [3]= 398 [4]= 398 [5]= 398 [6]= 398 [7]= 398 [8]= 398 [9]= 398 [10]= 398 [11]= 398 [12]= 398 
key_index after (DPU 288) [0]= 148 [1]= 304 [2]= 441 [3]= 441 [4]= 441 [5]= 441 [6]= 441 [7]= 441 [8]= 441 [9]= 441 [10]= 441 [11]= 441 [12]= 441 
key_index after (DPU 289) [0]= 147 [1]= 289 [2]= 427 [3]= 427 [4]= 427 [5]= 427 [6]= 427 [7]= 427 [8]= 427 [9]= 427 [10]= 427 [11]= 427 [12]= 427 
key_index after (DPU 290) [0]= 127 [1]= 276 [2]= 423 [3]= 423 [4]= 423 [5]= 423 [6]= 423 [7]= 423 [8]= 423 [9]= 423 [10]= 423 [11]= 423 [12]= 423 
key_index after (DPU 291) [0]= 137 [1]= 275 [2]= 410 [3]= 410 [4]= 410 [5]= 410 [6]= 410 [7]= 410 [8]= 410 [9]= 410 [10]= 410 [11]= 410 [12]= 410 
key_index after (DPU 292) [0]= 133 [1]= 293 [2]= 434 [3]= 434 [4]= 434 [5]= 434 [6]= 434 [7]= 434 [8]= 434 [9]= 434 [10]= 434 [11]= 434 [12]= 434 
key_index after (DPU 293) [0]= 149 [1]= 289 [2]= 410 [3]= 410 [4]= 410 [5]= 410 [6]= 410 [7]= 410 [8]= 410 [9]= 410 [10]= 410 [11]= 410 [12]= 410 
key_index after (DPU 294) [0]= 134 [1]= 269 [2]= 399 [3]= 399 [4]= 399 [5]= 399 [6]= 399 [7]= 399 [8]= 399 [9]= 399 [10]= 399 [11]= 399 [12]= 399 
key_index after (DPU 295) [0]= 112 [1]= 250 [2]= 397 [3]= 397 [4]= 397 [5]= 397 [6]= 397 [7]= 397 [8]= 397 [9]= 397 [10]= 397 [11]= 397 [12]= 397 
key_index after (DPU 296) [0]= 138 [1]= 286 [2]= 441 [3]= 441 [4]= 441 [5]= 441 [6]= 441 [7]= 441 [8]= 441 [9]= 441 [10]= 441 [11]= 441 [12]= 441 
key_index after (DPU 297) [0]= 129 [1]= 267 [2]= 401 [3]= 401 [4]= 401 [5]= 401 [6]= 401 [7]= 401 [8]= 401 [9]= 401 [10]= 401 [11]= 401 [12]= 401 
key_index after (DPU 298) [0]= 136 [1]= 266 [2]= 388 [3]= 388 [4]= 388 [5]= 388 [6]= 388 [7]= 388 [8]= 388 [9]= 388 [10]= 388 [11]= 388 [12]= 388 
key_index after (DPU 299) [0]= 131 [1]= 278 [2]= 409 [3]= 409 [4]= 409 [5]= 409 [6]= 409 [7]= 409 [8]= 409 [9]= 409 [10]= 409 [11]= 409 [12]= 409 
key_index after (DPU 300) [0]= 134 [1]= 265 [2]= 392 [3]= 392 [4]= 392 [5]= 392 [6]= 392 [7]= 392 [8]= 392 [9]= 392 [10]= 392 [11]= 392 [12]= 392 
key_index after (DPU 301) [0]= 159 [1]= 294 [2]= 410 [3]= 410 [4]= 410 [5]= 410 [6]= 410 [7]= 410 [8]= 410 [9]= 410 [10]= 410 [11]= 410 [12]= 410 
key_index after (DPU 302) [0]= 144 [1]= 292 [2]= 404 [3]= 404 [4]= 404 [5]= 404 [6]= 404 [7]= 404 [8]= 404 [9]= 404 [10]= 404 [11]= 404 [12]= 404 
key_index after (DPU 303) [0]= 108 [1]= 232 [2]= 358 [3]= 358 [4]= 358 [5]= 358 [6]= 358 [7]= 358 [8]= 358 [9]= 358 [10]= 358 [11]= 358 [12]= 358 
key_index after (DPU 304) [0]= 136 [1]= 246 [2]= 374 [3]= 374 [4]= 374 [5]= 374 [6]= 374 [7]= 374 [8]= 374 [9]= 374 [10]= 374 [11]= 374 [12]= 374 
key_index after (DPU 305) [0]= 145 [1]= 272 [2]= 390 [3]= 390 [4]= 390 [5]= 390 [6]= 390 [7]= 390 [8]= 390 [9]= 390 [10]= 390 [11]= 390 [12]= 390 
key_index after (DPU 306) [0]= 129 [1]= 247 [2]= 377 [3]= 377 [4]= 377 [5]= 377 [6]= 377 [7]= 377 [8]= 377 [9]= 377 [10]= 377 [11]= 377 [12]= 377 
key_index after (DPU 307) [0]= 131 [1]= 275 [2]= 397 [3]= 397 [4]= 397 [5]= 397 [6]= 397 [7]= 397 [8]= 397 [9]= 397 [10]= 397 [11]= 397 [12]= 397 
key_index after (DPU 308) [0]= 103 [1]= 241 [2]= 364 [3]= 364 [4]= 364 [5]= 364 [6]= 364 [7]= 364 [8]= 364 [9]= 364 [10]= 364 [11]= 364 [12]= 364 
key_index after (DPU 309) [0]= 122 [1]= 276 [2]= 416 [3]= 416 [4]= 416 [5]= 416 [6]= 416 [7]= 416 [8]= 416 [9]= 416 [10]= 416 [11]= 416 [12]= 416 
key_index after (DPU 310) [0]= 121 [1]= 270 [2]= 390 [3]= 390 [4]= 390 [5]= 390 [6]= 390 [7]= 390 [8]= 390 [9]= 390 [10]= 390 [11]= 390 [12]= 390 
key_index after (DPU 311) [0]= 126 [1]= 260 [2]= 387 [3]= 387 [4]= 387 [5]= 387 [6]= 387 [7]= 387 [8]= 387 [9]= 387 [10]= 387 [11]= 387 [12]= 387 
key_index after (DPU 312) [0]= 137 [1]= 257 [2]= 397 [3]= 397 [4]= 397 [5]= 397 [6]= 397 [7]= 397 [8]= 397 [9]= 397 [10]= 397 [11]= 397 [12]= 397 
key_index after (DPU 313) [0]= 127 [1]= 278 [2]= 398 [3]= 398 [4]= 398 [5]= 398 [6]= 398 [7]= 398 [8]= 398 [9]= 398 [10]= 398 [11]= 398 [12]= 398 
key_index after (DPU 314) [0]= 148 [1]= 280 [2]= 404 [3]= 404 [4]= 404 [5]= 404 [6]= 404 [7]= 404 [8]= 404 [9]= 404 [10]= 404 [11]= 404 [12]= 404 
key_index after (DPU 315) [0]= 145 [1]= 278 [2]= 403 [3]= 403 [4]= 403 [5]= 403 [6]= 403 [7]= 403 [8]= 403 [9]= 403 [10]= 403 [11]= 403 [12]= 403 
key_index after (DPU 316) [0]= 118 [1]= 244 [2]= 375 [3]= 375 [4]= 375 [5]= 375 [6]= 375 [7]= 375 [8]= 375 [9]= 375 [10]= 375 [11]= 375 [12]= 375 
key_index after (DPU 317) [0]= 109 [1]= 249 [2]= 371 [3]= 371 [4]= 371 [5]= 371 [6]= 371 [7]= 371 [8]= 371 [9]= 371 [10]= 371 [11]= 371 [12]= 371 
key_index after (DPU 318) [0]= 124 [1]= 241 [2]= 358 [3]= 358 [4]= 358 [5]= 358 [6]= 358 [7]= 358 [8]= 358 [9]= 358 [10]= 358 [11]= 358 [12]= 358 
key_index after (DPU 319) [0]= 130 [1]= 247 [2]= 383 [3]= 383 [4]= 383 [5]= 383 [6]= 383 [7]= 383 [8]= 383 [9]= 383 [10]= 383 [11]= 383 [12]= 383 
key_index after (DPU 320) [0]= 139 [1]= 251 [2]= 374 [3]= 374 [4]= 374 [5]= 374 [6]= 374 [7]= 374 [8]= 374 [9]= 374 [10]= 374 [11]= 374 [12]= 374 
key_index after (DPU 321) [0]= 109 [1]= 245 [2]= 352 [3]= 352 [4]= 352 [5]= 352 [6]= 352 [7]= 352 [8]= 352 [9]= 352 [10]= 352 [11]= 352 [12]= 352 
key_index after (DPU 322) [0]= 121 [1]= 252 [2]= 377 [3]= 377 [4]= 377 [5]= 377 [6]= 377 [7]= 377 [8]= 377 [9]= 377 [10]= 377 [11]= 377 [12]= 377 
key_index after (DPU 323) [0]= 124 [1]= 262 [2]= 384 [3]= 384 [4]= 384 [5]= 384 [6]= 384 [7]= 384 [8]= 384 [9]= 384 [10]= 384 [11]= 384 [12]= 384 
key_index after (DPU 324) [0]= 128 [1]= 242 [2]= 353 [3]= 353 [4]= 353 [5]= 353 [6]= 353 [7]= 353 [8]= 353 [9]= 353 [10]= 353 [11]= 353 [12]= 353 
key_index after (DPU 325) [0]= 140 [1]= 286 [2]= 413 [3]= 413 [4]= 413 [5]= 413 [6]= 413 [7]= 413 [8]= 413 [9]= 413 [10]= 413 [11]= 413 [12]= 413 
key_index after (DPU 326) [0]= 140 [1]= 257 [2]= 363 [3]= 363 [4]= 363 [5]= 363 [6]= 363 [7]= 363 [8]= 363 [9]= 363 [10]= 363 [11]= 363 [12]= 363 
key_index after (DPU 327) [0]= 149 [1]= 285 [2]= 394 [3]= 394 [4]= 394 [5]= 394 [6]= 394 [7]= 394 [8]= 394 [9]= 394 [10]= 394 [11]= 394 [12]= 394 
key_index after (DPU 328) [0]= 137 [1]= 243 [2]= 375 [3]= 375 [4]= 375 [5]= 375 [6]= 375 [7]= 375 [8]= 375 [9]= 375 [10]= 375 [11]= 375 [12]= 375 
key_index after (DPU 329) [0]= 124 [1]= 257 [2]= 382 [3]= 382 [4]= 382 [5]= 382 [6]= 382 [7]= 382 [8]= 382 [9]= 382 [10]= 382 [11]= 382 [12]= 382 
key_index after (DPU 330) [0]= 120 [1]= 245 [2]= 380 [3]= 380 [4]= 380 [5]= 380 [6]= 380 [7]= 380 [8]= 380 [9]= 380 [10]= 380 [11]= 380 [12]= 380 
key_index after (DPU 331) [0]= 135 [1]= 244 [2]= 356 [3]= 356 [4]= 356 [5]= 356 [6]= 356 [7]= 356 [8]= 356 [9]= 356 [10]= 356 [11]= 356 [12]= 356 
key_index after (DPU 332) [0]= 148 [1]= 255 [2]= 380 [3]= 380 [4]= 380 [5]= 380 [6]= 380 [7]= 380 [8]= 380 [9]= 380 [10]= 380 [11]= 380 [12]= 380 
key_index after (DPU 333) [0]= 112 [1]= 230 [2]= 346 [3]= 346 [4]= 346 [5]= 346 [6]= 346 [7]= 346 [8]= 346 [9]= 346 [10]= 346 [11]= 346 [12]= 346 
key_index after (DPU 334) [0]= 108 [1]= 226 [2]= 359 [3]= 359 [4]= 359 [5]= 359 [6]= 359 [7]= 359 [8]= 359 [9]= 359 [10]= 359 [11]= 359 [12]= 359 
key_index after (DPU 335) [0]= 120 [1]= 246 [2]= 373 [3]= 373 [4]= 373 [5]= 373 [6]= 373 [7]= 373 [8]= 373 [9]= 373 [10]= 373 [11]= 373 [12]= 373 
key_index after (DPU 336) [0]= 125 [1]= 240 [2]= 351 [3]= 351 [4]= 351 [5]= 351 [6]= 351 [7]= 351 [8]= 351 [9]= 351 [10]= 351 [11]= 351 [12]= 351 
key_index after (DPU 337) [0]= 137 [1]= 256 [2]= 375 [3]= 375 [4]= 375 [5]= 375 [6]= 375 [7]= 375 [8]= 375 [9]= 375 [10]= 375 [11]= 375 [12]= 375 
key_index after (DPU 338) [0]= 134 [1]= 248 [2]= 374 [3]= 374 [4]= 374 [5]= 374 [6]= 374 [7]= 374 [8]= 374 [9]= 374 [10]= 374 [11]= 374 [12]= 374 
key_index after (DPU 339) [0]= 121 [1]= 236 [2]= 354 [3]= 354 [4]= 354 [5]= 354 [6]= 354 [7]= 354 [8]= 354 [9]= 354 [10]= 354 [11]= 354 [12]= 354 
key_index after (DPU 340) [0]= 125 [1]= 233 [2]= 346 [3]= 346 [4]= 346 [5]= 346 [6]= 346 [7]= 346 [8]= 346 [9]= 346 [10]= 346 [11]= 346 [12]= 346 
key_index after (DPU 341) [0]= 127 [1]= 242 [2]= 355 [3]= 355 [4]= 355 [5]= 355 [6]= 355 [7]= 355 [8]= 355 [9]= 355 [10]= 355 [11]= 355 [12]= 355 
key_index after (DPU 342) [0]= 106 [1]= 213 [2]= 338 [3]= 338 [4]= 338 [5]= 338 [6]= 338 [7]= 338 [8]= 338 [9]= 338 [10]= 338 [11]= 338 [12]= 338 
key_index after (DPU 343) [0]= 115 [1]= 248 [2]= 367 [3]= 367 [4]= 367 [5]= 367 [6]= 367 [7]= 367 [8]= 367 [9]= 367 [10]= 367 [11]= 367 [12]= 367 
key_index after (DPU 344) [0]= 126 [1]= 254 [2]= 386 [3]= 386 [4]= 386 [5]= 386 [6]= 386 [7]= 386 [8]= 386 [9]= 386 [10]= 386 [11]= 386 [12]= 386 
key_index after (DPU 345) [0]= 119 [1]= 215 [2]= 331 [3]= 331 [4]= 331 [5]= 331 [6]= 331 [7]= 331 [8]= 331 [9]= 331 [10]= 331 [11]= 331 [12]= 331 
key_index after (DPU 346) [0]= 134 [1]= 250 [2]= 364 [3]= 364 [4]= 364 [5]= 364 [6]= 364 [7]= 364 [8]= 364 [9]= 364 [10]= 364 [11]= 364 [12]= 364 
key_index after (DPU 347) [0]= 134 [1]= 244 [2]= 377 [3]= 377 [4]= 377 [5]= 377 [6]= 377 [7]= 377 [8]= 377 [9]= 377 [10]= 377 [11]= 377 [12]= 377 
key_index after (DPU 348) [0]= 143 [1]= 264 [2]= 391 [3]= 391 [4]= 391 [5]= 391 [6]= 391 [7]= 391 [8]= 391 [9]= 391 [10]= 391 [11]= 391 [12]= 391 
key_index after (DPU 349) [0]= 113 [1]= 208 [2]= 307 [3]= 307 [4]= 307 [5]= 307 [6]= 307 [7]= 307 [8]= 307 [9]= 307 [10]= 307 [11]= 307 [12]= 307 
key_index after (DPU 350) [0]= 105 [1]= 216 [2]= 329 [3]= 329 [4]= 329 [5]= 329 [6]= 329 [7]= 329 [8]= 329 [9]= 329 [10]= 329 [11]= 329 [12]= 329 
key_index after (DPU 351) [0]= 122 [1]= 233 [2]= 335 [3]= 335 [4]= 335 [5]= 335 [6]= 335 [7]= 335 [8]= 335 [9]= 335 [10]= 335 [11]= 335 [12]= 335 
key_index after (DPU 352) [0]= 122 [1]= 237 [2]= 350 [3]= 350 [4]= 350 [5]= 350 [6]= 350 [7]= 350 [8]= 350 [9]= 350 [10]= 350 [11]= 350 [12]= 350 
key_index after (DPU 353) [0]= 115 [1]= 219 [2]= 320 [3]= 320 [4]= 320 [5]= 320 [6]= 320 [7]= 320 [8]= 320 [9]= 320 [10]= 320 [11]= 320 [12]= 320 
key_index after (DPU 354) [0]= 121 [1]= 243 [2]= 342 [3]= 342 [4]= 342 [5]= 342 [6]= 342 [7]= 342 [8]= 342 [9]= 342 [10]= 342 [11]= 342 [12]= 342 
key_index after (DPU 355) [0]= 115 [1]= 231 [2]= 353 [3]= 353 [4]= 353 [5]= 353 [6]= 353 [7]= 353 [8]= 353 [9]= 353 [10]= 353 [11]= 353 [12]= 353 
key_index after (DPU 356) [0]= 124 [1]= 253 [2]= 347 [3]= 347 [4]= 347 [5]= 347 [6]= 347 [7]= 347 [8]= 347 [9]= 347 [10]= 347 [11]= 347 [12]= 347 
key_index after (DPU 357) [0]= 109 [1]= 217 [2]= 323 [3]= 323 [4]= 323 [5]= 323 [6]= 323 [7]= 323 [8]= 323 [9]= 323 [10]= 323 [11]= 323 [12]= 323 
key_index after (DPU 358) [0]= 128 [1]= 237 [2]= 334 [3]= 334 [4]= 334 [5]= 334 [6]= 334 [7]= 334 [8]= 334 [9]= 334 [10]= 334 [11]= 334 [12]= 334 
key_index after (DPU 359) [0]= 131 [1]= 212 [2]= 342 [3]= 342 [4]= 342 [5]= 342 [6]= 342 [7]= 342 [8]= 342 [9]= 342 [10]= 342 [11]= 342 [12]= 342 
key_index after (DPU 360) [0]= 111 [1]= 230 [2]= 339 [3]= 339 [4]= 339 [5]= 339 [6]= 339 [7]= 339 [8]= 339 [9]= 339 [10]= 339 [11]= 339 [12]= 339 
key_index after (DPU 361) [0]= 140 [1]= 237 [2]= 359 [3]= 359 [4]= 359 [5]= 359 [6]= 359 [7]= 359 [8]= 359 [9]= 359 [10]= 359 [11]= 359 [12]= 359 
key_index after (DPU 362) [0]= 120 [1]= 233 [2]= 342 [3]= 342 [4]= 342 [5]= 342 [6]= 342 [7]= 342 [8]= 342 [9]= 342 [10]= 342 [11]= 342 [12]= 342 
key_index after (DPU 363) [0]=  90 [1]= 193 [2]= 298 [3]= 298 [4]= 298 [5]= 298 [6]= 298 [7]= 298 [8]= 298 [9]= 298 [10]= 298 [11]= 298 [12]= 298 
key_index after (DPU 364) [0]= 126 [1]= 231 [2]= 362 [3]= 362 [4]= 362 [5]= 362 [6]= 362 [7]= 362 [8]= 362 [9]= 362 [10]= 362 [11]= 362 [12]= 362 
key_index after (DPU 365) [0]= 109 [1]= 228 [2]= 353 [3]= 353 [4]= 353 [5]= 353 [6]= 353 [7]= 353 [8]= 353 [9]= 353 [10]= 353 [11]= 353 [12]= 353 
key_index after (DPU 366) [0]= 102 [1]= 196 [2]= 310 [3]= 310 [4]= 310 [5]= 310 [6]= 310 [7]= 310 [8]= 310 [9]= 310 [10]= 310 [11]= 310 [12]= 310 
key_index after (DPU 367) [0]= 114 [1]= 230 [2]= 347 [3]= 347 [4]= 347 [5]= 347 [6]= 347 [7]= 347 [8]= 347 [9]= 347 [10]= 347 [11]= 347 [12]= 347 
key_index after (DPU 368) [0]= 115 [1]= 230 [2]= 342 [3]= 342 [4]= 342 [5]= 342 [6]= 342 [7]= 342 [8]= 342 [9]= 342 [10]= 342 [11]= 342 [12]= 342 
key_index after (DPU 369) [0]= 114 [1]= 226 [2]= 338 [3]= 338 [4]= 338 [5]= 338 [6]= 338 [7]= 338 [8]= 338 [9]= 338 [10]= 338 [11]= 338 [12]= 338 
key_index after (DPU 370) [0]= 115 [1]= 210 [2]= 315 [3]= 315 [4]= 315 [5]= 315 [6]= 315 [7]= 315 [8]= 315 [9]= 315 [10]= 315 [11]= 315 [12]= 315 
key_index after (DPU 371) [0]=  99 [1]= 202 [2]= 300 [3]= 300 [4]= 300 [5]= 300 [6]= 300 [7]= 300 [8]= 300 [9]= 300 [10]= 300 [11]= 300 [12]= 300 
key_index after (DPU 372) [0]= 120 [1]= 222 [2]= 323 [3]= 323 [4]= 323 [5]= 323 [6]= 323 [7]= 323 [8]= 323 [9]= 323 [10]= 323 [11]= 323 [12]= 323 
key_index after (DPU 373) [0]= 101 [1]= 205 [2]= 315 [3]= 315 [4]= 315 [5]= 315 [6]= 315 [7]= 315 [8]= 315 [9]= 315 [10]= 315 [11]= 315 [12]= 315 
key_index after (DPU 374) [0]= 112 [1]= 222 [2]= 333 [3]= 333 [4]= 333 [5]= 333 [6]= 333 [7]= 333 [8]= 333 [9]= 333 [10]= 333 [11]= 333 [12]= 333 
key_index after (DPU 375) [0]= 118 [1]= 235 [2]= 336 [3]= 336 [4]= 336 [5]= 336 [6]= 336 [7]= 336 [8]= 336 [9]= 336 [10]= 336 [11]= 336 [12]= 336 
key_index after (DPU 376) [0]= 102 [1]= 216 [2]= 323 [3]= 323 [4]= 323 [5]= 323 [6]= 323 [7]= 323 [8]= 323 [9]= 323 [10]= 323 [11]= 323 [12]= 323 
key_index after (DPU 377) [0]= 109 [1]= 203 [2]= 311 [3]= 311 [4]= 311 [5]= 311 [6]= 311 [7]= 311 [8]= 311 [9]= 311 [10]= 311 [11]= 311 [12]= 311 
key_index after (DPU 378) [0]= 106 [1]= 199 [2]= 312 [3]= 312 [4]= 312 [5]= 312 [6]= 312 [7]= 312 [8]= 312 [9]= 312 [10]= 312 [11]= 312 [12]= 312 
key_index after (DPU 379) [0]= 113 [1]= 218 [2]= 312 [3]= 312 [4]= 312 [5]= 312 [6]= 312 [7]= 312 [8]= 312 [9]= 312 [10]= 312 [11]= 312 [12]= 312 
key_index after (DPU 380) [0]= 124 [1]= 210 [2]= 300 [3]= 300 [4]= 300 [5]= 300 [6]= 300 [7]= 300 [8]= 300 [9]= 300 [10]= 300 [11]= 300 [12]= 300 
key_index after (DPU 381) [0]= 104 [1]= 200 [2]= 308 [3]= 308 [4]= 308 [5]= 308 [6]= 308 [7]= 308 [8]= 308 [9]= 308 [10]= 308 [11]= 308 [12]= 308 
key_index after (DPU 382) [0]= 109 [1]= 216 [2]= 323 [3]= 323 [4]= 323 [5]= 323 [6]= 323 [7]= 323 [8]= 323 [9]= 323 [10]= 323 [11]= 323 [12]= 323 
key_index after (DPU 383) [0]= 115 [1]= 186 [2]= 284 [3]= 284 [4]= 284 [5]= 284 [6]= 284 [7]= 284 [8]= 284 [9]= 284 [10]= 284 [11]= 284 [12]= 284 
key_index after (DPU 384) [0]= 111 [1]= 232 [2]= 344 [3]= 344 [4]= 344 [5]= 344 [6]= 344 [7]= 344 [8]= 344 [9]= 344 [10]= 344 [11]= 344 [12]= 344 
key_index after (DPU 385) [0]= 118 [1]= 238 [2]= 358 [3]= 358 [4]= 358 [5]= 358 [6]= 358 [7]= 358 [8]= 358 [9]= 358 [10]= 358 [11]= 358 [12]= 358 
key_index after (DPU 386) [0]= 108 [1]= 200 [2]= 327 [3]= 327 [4]= 327 [5]= 327 [6]= 327 [7]= 327 [8]= 327 [9]= 327 [10]= 327 [11]= 327 [12]= 327 
key_index after (DPU 387) [0]=  98 [1]= 194 [2]= 307 [3]= 307 [4]= 307 [5]= 307 [6]= 307 [7]= 307 [8]= 307 [9]= 307 [10]= 307 [11]= 307 [12]= 307 
key_index after (DPU 388) [0]=  94 [1]= 198 [2]= 286 [3]= 286 [4]= 286 [5]= 286 [6]= 286 [7]= 286 [8]= 286 [9]= 286 [10]= 286 [11]= 286 [12]= 286 
key_index after (DPU 389) [0]= 102 [1]= 223 [2]= 333 [3]= 333 [4]= 333 [5]= 333 [6]= 333 [7]= 333 [8]= 333 [9]= 333 [10]= 333 [11]= 333 [12]= 333 
key_index after (DPU 390) [0]=  87 [1]= 185 [2]= 292 [3]= 292 [4]= 292 [5]= 292 [6]= 292 [7]= 292 [8]= 292 [9]= 292 [10]= 292 [11]= 292 [12]= 292 
key_index after (DPU 391) [0]= 100 [1]= 224 [2]= 327 [3]= 327 [4]= 327 [5]= 327 [6]= 327 [7]= 327 [8]= 327 [9]= 327 [10]= 327 [11]= 327 [12]= 327 
key_index after (DPU 392) [0]=  97 [1]= 215 [2]= 331 [3]= 331 [4]= 331 [5]= 331 [6]= 331 [7]= 331 [8]= 331 [9]= 331 [10]= 331 [11]= 331 [12]= 331 
key_index after (DPU 393) [0]= 103 [1]= 205 [2]= 301 [3]= 301 [4]= 301 [5]= 301 [6]= 301 [7]= 301 [8]= 301 [9]= 301 [10]= 301 [11]= 301 [12]= 301 
key_index after (DPU 394) [0]= 106 [1]= 202 [2]= 306 [3]= 306 [4]= 306 [5]= 306 [6]= 306 [7]= 306 [8]= 306 [9]= 306 [10]= 306 [11]= 306 [12]= 306 
key_index after (DPU 395) [0]= 103 [1]= 210 [2]= 313 [3]= 313 [4]= 313 [5]= 313 [6]= 313 [7]= 313 [8]= 313 [9]= 313 [10]= 313 [11]= 313 [12]= 313 
key_index after (DPU 396) [0]= 108 [1]= 213 [2]= 331 [3]= 331 [4]= 331 [5]= 331 [6]= 331 [7]= 331 [8]= 331 [9]= 331 [10]= 331 [11]= 331 [12]= 331 
key_index after (DPU 397) [0]=  93 [1]= 201 [2]= 296 [3]= 296 [4]= 296 [5]= 296 [6]= 296 [7]= 296 [8]= 296 [9]= 296 [10]= 296 [11]= 296 [12]= 296 
key_index after (DPU 398) [0]= 113 [1]= 203 [2]= 319 [3]= 319 [4]= 319 [5]= 319 [6]= 319 [7]= 319 [8]= 319 [9]= 319 [10]= 319 [11]= 319 [12]= 319 
key_index after (DPU 399) [0]= 123 [1]= 218 [2]= 313 [3]= 313 [4]= 313 [5]= 313 [6]= 313 [7]= 313 [8]= 313 [9]= 313 [10]= 313 [11]= 313 [12]= 313 
key_index after (DPU 400) [0]=  90 [1]= 201 [2]= 311 [3]= 311 [4]= 311 [5]= 311 [6]= 311 [7]= 311 [8]= 311 [9]= 311 [10]= 311 [11]= 311 [12]= 311 
key_index after (DPU 401) [0]=  85 [1]= 178 [2]= 275 [3]= 275 [4]= 275 [5]= 275 [6]= 275 [7]= 275 [8]= 275 [9]= 275 [10]= 275 [11]= 275 [12]= 275 
key_index after (DPU 402) [0]= 121 [1]= 241 [2]= 335 [3]= 335 [4]= 335 [5]= 335 [6]= 335 [7]= 335 [8]= 335 [9]= 335 [10]= 335 [11]= 335 [12]= 335 
key_index after (DPU 403) [0]=  88 [1]= 191 [2]= 292 [3]= 292 [4]= 292 [5]= 292 [6]= 292 [7]= 292 [8]= 292 [9]= 292 [10]= 292 [11]= 292 [12]= 292 
key_index after (DPU 404) [0]= 107 [1]= 195 [2]= 273 [3]= 273 [4]= 273 [5]= 273 [6]= 273 [7]= 273 [8]= 273 [9]= 273 [10]= 273 [11]= 273 [12]= 273 
key_index after (DPU 405) [0]= 103 [1]= 187 [2]= 301 [3]= 301 [4]= 301 [5]= 301 [6]= 301 [7]= 301 [8]= 301 [9]= 301 [10]= 301 [11]= 301 [12]= 301 
key_index after (DPU 406) [0]= 108 [1]= 220 [2]= 316 [3]= 316 [4]= 316 [5]= 316 [6]= 316 [7]= 316 [8]= 316 [9]= 316 [10]= 316 [11]= 316 [12]= 316 
key_index after (DPU 407) [0]= 113 [1]= 203 [2]= 287 [3]= 287 [4]= 287 [5]= 287 [6]= 287 [7]= 287 [8]= 287 [9]= 287 [10]= 287 [11]= 287 [12]= 287 
key_index after (DPU 408) [0]= 105 [1]= 203 [2]= 305 [3]= 305 [4]= 305 [5]= 305 [6]= 305 [7]= 305 [8]= 305 [9]= 305 [10]= 305 [11]= 305 [12]= 305 
key_index after (DPU 409) [0]= 112 [1]= 213 [2]= 294 [3]= 294 [4]= 294 [5]= 294 [6]= 294 [7]= 294 [8]= 294 [9]= 294 [10]= 294 [11]= 294 [12]= 294 
key_index after (DPU 410) [0]= 116 [1]= 205 [2]= 300 [3]= 300 [4]= 300 [5]= 300 [6]= 300 [7]= 300 [8]= 300 [9]= 300 [10]= 300 [11]= 300 [12]= 300 
key_index after (DPU 411) [0]= 102 [1]= 214 [2]= 315 [3]= 315 [4]= 315 [5]= 315 [6]= 315 [7]= 315 [8]= 315 [9]= 315 [10]= 315 [11]= 315 [12]= 315 
key_index after (DPU 412) [0]= 109 [1]= 206 [2]= 301 [3]= 301 [4]= 301 [5]= 301 [6]= 301 [7]= 301 [8]= 301 [9]= 301 [10]= 301 [11]= 301 [12]= 301 
key_index after (DPU 413) [0]= 105 [1]= 182 [2]= 288 [3]= 288 [4]= 288 [5]= 288 [6]= 288 [7]= 288 [8]= 288 [9]= 288 [10]= 288 [11]= 288 [12]= 288 
key_index after (DPU 414) [0]= 102 [1]= 225 [2]= 335 [3]= 335 [4]= 335 [5]= 335 [6]= 335 [7]= 335 [8]= 335 [9]= 335 [10]= 335 [11]= 335 [12]= 335 
key_index after (DPU 415) [0]=  99 [1]= 205 [2]= 314 [3]= 314 [4]= 314 [5]= 314 [6]= 314 [7]= 314 [8]= 314 [9]= 314 [10]= 314 [11]= 314 [12]= 314 
key_index after (DPU 416) [0]= 100 [1]= 198 [2]= 286 [3]= 286 [4]= 286 [5]= 286 [6]= 286 [7]= 286 [8]= 286 [9]= 286 [10]= 286 [11]= 286 [12]= 286 
key_index after (DPU 417) [0]=  94 [1]= 196 [2]= 270 [3]= 270 [4]= 270 [5]= 270 [6]= 270 [7]= 270 [8]= 270 [9]= 270 [10]= 270 [11]= 270 [12]= 270 
key_index after (DPU 418) [0]= 109 [1]= 227 [2]= 320 [3]= 320 [4]= 320 [5]= 320 [6]= 320 [7]= 320 [8]= 320 [9]= 320 [10]= 320 [11]= 320 [12]= 320 
key_index after (DPU 419) [0]=  81 [1]= 188 [2]= 275 [3]= 275 [4]= 275 [5]= 275 [6]= 275 [7]= 275 [8]= 275 [9]= 275 [10]= 275 [11]= 275 [12]= 275 
key_index after (DPU 420) [0]= 111 [1]= 211 [2]= 296 [3]= 296 [4]= 296 [5]= 296 [6]= 296 [7]= 296 [8]= 296 [9]= 296 [10]= 296 [11]= 296 [12]= 296 
key_index after (DPU 421) [0]=  96 [1]= 181 [2]= 281 [3]= 281 [4]= 281 [5]= 281 [6]= 281 [7]= 281 [8]= 281 [9]= 281 [10]= 281 [11]= 281 [12]= 281 
key_index after (DPU 422) [0]= 111 [1]= 203 [2]= 311 [3]= 311 [4]= 311 [5]= 311 [6]= 311 [7]= 311 [8]= 311 [9]= 311 [10]= 311 [11]= 311 [12]= 311 
key_index after (DPU 423) [0]=  87 [1]= 192 [2]= 293 [3]= 293 [4]= 293 [5]= 293 [6]= 293 [7]= 293 [8]= 293 [9]= 293 [10]= 293 [11]= 293 [12]= 293 
key_index after (DPU 424) [0]=  91 [1]= 204 [2]= 302 [3]= 302 [4]= 302 [5]= 302 [6]= 302 [7]= 302 [8]= 302 [9]= 302 [10]= 302 [11]= 302 [12]= 302 
key_index after (DPU 425) [0]=  98 [1]= 185 [2]= 276 [3]= 276 [4]= 276 [5]= 276 [6]= 276 [7]= 276 [8]= 276 [9]= 276 [10]= 276 [11]= 276 [12]= 276 
key_index after (DPU 426) [0]=  91 [1]= 185 [2]= 287 [3]= 287 [4]= 287 [5]= 287 [6]= 287 [7]= 287 [8]= 287 [9]= 287 [10]= 287 [11]= 287 [12]= 287 
key_index after (DPU 427) [0]=  89 [1]= 188 [2]= 282 [3]= 282 [4]= 282 [5]= 282 [6]= 282 [7]= 282 [8]= 282 [9]= 282 [10]= 282 [11]= 282 [12]= 282 
key_index after (DPU 428) [0]=  85 [1]= 183 [2]= 273 [3]= 273 [4]= 273 [5]= 273 [6]= 273 [7]= 273 [8]= 273 [9]= 273 [10]= 273 [11]= 273 [12]= 273 
key_index after (DPU 429) [0]=  85 [1]= 179 [2]= 289 [3]= 289 [4]= 289 [5]= 289 [6]= 289 [7]= 289 [8]= 289 [9]= 289 [10]= 289 [11]= 289 [12]= 289 
key_index after (DPU 430) [0]=  93 [1]= 182 [2]= 250 [3]= 250 [4]= 250 [5]= 250 [6]= 250 [7]= 250 [8]= 250 [9]= 250 [10]= 250 [11]= 250 [12]= 250 
key_index after (DPU 431) [0]=  85 [1]= 183 [2]= 279 [3]= 279 [4]= 279 [5]= 279 [6]= 279 [7]= 279 [8]= 279 [9]= 279 [10]= 279 [11]= 279 [12]= 279 
key_index after (DPU 432) [0]=  78 [1]= 167 [2]= 268 [3]= 268 [4]= 268 [5]= 268 [6]= 268 [7]= 268 [8]= 268 [9]= 268 [10]= 268 [11]= 268 [12]= 268 
key_index after (DPU 433) [0]=  99 [1]= 183 [2]= 274 [3]= 274 [4]= 274 [5]= 274 [6]= 274 [7]= 274 [8]= 274 [9]= 274 [10]= 274 [11]= 274 [12]= 274 
key_index after (DPU 434) [0]=  95 [1]= 174 [2]= 279 [3]= 279 [4]= 279 [5]= 279 [6]= 279 [7]= 279 [8]= 279 [9]= 279 [10]= 279 [11]= 279 [12]= 279 
key_index after (DPU 435) [0]=  93 [1]= 204 [2]= 298 [3]= 298 [4]= 298 [5]= 298 [6]= 298 [7]= 298 [8]= 298 [9]= 298 [10]= 298 [11]= 298 [12]= 298 
key_index after (DPU 436) [0]=  95 [1]= 177 [2]= 270 [3]= 270 [4]= 270 [5]= 270 [6]= 270 [7]= 270 [8]= 270 [9]= 270 [10]= 270 [11]= 270 [12]= 270 
key_index after (DPU 437) [0]= 114 [1]= 201 [2]= 284 [3]= 284 [4]= 284 [5]= 284 [6]= 284 [7]= 284 [8]= 284 [9]= 284 [10]= 284 [11]= 284 [12]= 284 
key_index after (DPU 438) [0]= 102 [1]= 180 [2]= 295 [3]= 295 [4]= 295 [5]= 295 [6]= 295 [7]= 295 [8]= 295 [9]= 295 [10]= 295 [11]= 295 [12]= 295 
key_index after (DPU 439) [0]=  90 [1]= 199 [2]= 283 [3]= 283 [4]= 283 [5]= 283 [6]= 283 [7]= 283 [8]= 283 [9]= 283 [10]= 283 [11]= 283 [12]= 283 
key_index after (DPU 440) [0]=  94 [1]= 171 [2]= 260 [3]= 260 [4]= 260 [5]= 260 [6]= 260 [7]= 260 [8]= 260 [9]= 260 [10]= 260 [11]= 260 [12]= 260 
key_index after (DPU 441) [0]=  90 [1]= 186 [2]= 288 [3]= 288 [4]= 288 [5]= 288 [6]= 288 [7]= 288 [8]= 288 [9]= 288 [10]= 288 [11]= 288 [12]= 288 
key_index after (DPU 442) [0]= 107 [1]= 198 [2]= 288 [3]= 288 [4]= 288 [5]= 288 [6]= 288 [7]= 288 [8]= 288 [9]= 288 [10]= 288 [11]= 288 [12]= 288 
key_index after (DPU 443) [0]=  84 [1]= 175 [2]= 272 [3]= 272 [4]= 272 [5]= 272 [6]= 272 [7]= 272 [8]= 272 [9]= 272 [10]= 272 [11]= 272 [12]= 272 
key_index after (DPU 444) [0]=  93 [1]= 183 [2]= 275 [3]= 275 [4]= 275 [5]= 275 [6]= 275 [7]= 275 [8]= 275 [9]= 275 [10]= 275 [11]= 275 [12]= 275 
key_index after (DPU 445) [0]= 100 [1]= 176 [2]= 260 [3]= 260 [4]= 260 [5]= 260 [6]= 260 [7]= 260 [8]= 260 [9]= 260 [10]= 260 [11]= 260 [12]= 260 
key_index after (DPU 446) [0]=   0 [1]=   0 [2]=   0 [3]=139738 [4]=139738 [5]=139738 [6]=139738 [7]=139738 [8]=139738 [9]=139738 [10]=139738 [11]=139738 [12]=139738 
key_index after (DPU 447) [0]=  88 [1]= 172 [2]= 259 [3]= 259 [4]= 259 [5]= 259 [6]= 259 [7]= 259 [8]= 259 [9]= 259 [10]= 259 [11]= 259 [12]= 259 
key_index after (DPU 448) [0]=  96 [1]= 198 [2]= 292 [3]= 292 [4]= 292 [5]= 292 [6]= 292 [7]= 292 [8]= 292 [9]= 292 [10]= 292 [11]= 292 [12]= 292 
key_index after (DPU 449) [0]=   0 [1]=   0 [2]=   0 [3]=21189 [4]=21189 [5]=21189 [6]=21189 [7]=21189 [8]=21189 [9]=21189 [10]=21189 [11]=21189 [12]=21189 
key_index after (DPU 450) [0]=  93 [1]= 183 [2]= 281 [3]= 281 [4]= 281 [5]= 281 [6]= 281 [7]= 281 [8]= 281 [9]= 281 [10]= 281 [11]= 281 [12]= 281 
key_index after (DPU 451) [0]=  94 [1]= 181 [2]= 261 [3]= 261 [4]= 261 [5]= 261 [6]= 261 [7]= 261 [8]= 261 [9]= 261 [10]= 261 [11]= 261 [12]= 261 
key_index after (DPU 452) [0]=  82 [1]= 171 [2]= 268 [3]= 268 [4]= 268 [5]= 268 [6]= 268 [7]= 268 [8]= 268 [9]= 268 [10]= 268 [11]= 268 [12]= 268 
key_index after (DPU 453) [0]=  86 [1]= 154 [2]= 244 [3]=6973 [4]=6973 [5]=6973 [6]=6973 [7]=6973 [8]=6973 [9]=6973 [10]=6973 [11]=6973 [12]=6973 
key_index after (DPU 454) [0]=  91 [1]= 181 [2]= 270 [3]= 270 [4]= 270 [5]= 270 [6]= 270 [7]= 270 [8]= 270 [9]= 270 [10]= 270 [11]= 270 [12]= 270 
key_index after (DPU 455) [0]=  89 [1]= 171 [2]= 264 [3]= 264 [4]= 264 [5]= 264 [6]= 264 [7]= 264 [8]= 264 [9]= 264 [10]= 264 [11]= 264 [12]= 264 
key_index after (DPU 456) [0]=  89 [1]= 166 [2]= 259 [3]= 259 [4]= 259 [5]= 259 [6]= 259 [7]= 259 [8]= 259 [9]= 259 [10]= 259 [11]= 259 [12]= 259 
key_index after (DPU 457) [0]=  97 [1]= 180 [2]= 260 [3]=6632 [4]=6632 [5]=6632 [6]=6632 [7]=6632 [8]=6632 [9]=6632 [10]=6632 [11]=6632 [12]=6632 
key_index after (DPU 458) [0]=  70 [1]= 147 [2]= 224 [3]= 308 [4]= 308 [5]= 308 [6]= 308 [7]= 308 [8]= 308 [9]= 308 [10]= 308 [11]= 308 [12]= 308 
key_index after (DPU 459) [0]=  97 [1]= 191 [2]= 262 [3]=12826 [4]=12826 [5]=12826 [6]=12826 [7]=12826 [8]=12826 [9]=12826 [10]=12826 [11]=12826 [12]=12826 
key_index after (DPU 460) [0]=  93 [1]= 193 [2]= 283 [3]= 283 [4]= 283 [5]= 283 [6]= 283 [7]= 283 [8]= 283 [9]= 283 [10]= 283 [11]= 283 [12]= 283 
key_index after (DPU 461) [0]=  85 [1]= 180 [2]= 267 [3]= 367 [4]= 367 [5]= 367 [6]= 367 [7]= 367 [8]= 367 [9]= 367 [10]= 367 [11]= 367 [12]= 367 
key_index after (DPU 462) [0]=  82 [1]= 167 [2]= 241 [3]=4984 [4]=4984 [5]=4984 [6]=4984 [7]=4984 [8]=4984 [9]=4984 [10]=4984 [11]=4984 [12]=4984 
key_index after (DPU 463) [0]=  74 [1]= 167 [2]= 253 [3]= 329 [4]= 329 [5]= 329 [6]= 329 [7]= 329 [8]= 329 [9]= 329 [10]= 329 [11]= 329 [12]= 329 
key_index after (DPU 464) [0]=  75 [1]= 160 [2]= 247 [3]=5831 [4]=5831 [5]=5831 [6]=5831 [7]=5831 [8]=5831 [9]=5831 [10]=5831 [11]=5831 [12]=5831 
key_index after (DPU 465) [0]=  79 [1]= 179 [2]= 260 [3]= 260 [4]= 260 [5]= 260 [6]= 260 [7]= 260 [8]= 260 [9]= 260 [10]= 260 [11]= 260 [12]= 260 
key_index after (DPU 466) [0]=  91 [1]= 173 [2]= 280 [3]= 280 [4]= 280 [5]= 280 [6]= 280 [7]= 280 [8]= 280 [9]= 280 [10]= 280 [11]= 280 [12]= 280 
key_index after (DPU 467) [0]=  86 [1]= 182 [2]= 269 [3]= 269 [4]= 269 [5]= 269 [6]= 269 [7]= 269 [8]= 269 [9]= 269 [10]= 269 [11]= 269 [12]= 269 
key_index after (DPU 468) [0]= 105 [1]= 176 [2]= 264 [3]= 264 [4]= 264 [5]= 264 [6]= 264 [7]= 264 [8]= 264 [9]= 264 [10]= 264 [11]= 264 [12]= 264 
key_index after (DPU 469) [0]=  96 [1]= 173 [2]= 275 [3]= 352 [4]= 352 [5]= 352 [6]= 352 [7]= 352 [8]= 352 [9]= 352 [10]= 352 [11]= 352 [12]= 352 
key_index after (DPU 470) [0]=   0 [1]=   0 [2]=  79 [3]=17920 [4]=17920 [5]=17920 [6]=17920 [7]=17920 [8]=17920 [9]=17920 [10]=17920 [11]=17920 [12]=17920 
key_index after (DPU 471) [0]=  75 [1]= 166 [2]= 262 [3]= 262 [4]= 262 [5]= 262 [6]= 262 [7]= 262 [8]= 262 [9]= 262 [10]= 262 [11]= 262 [12]= 262 
key_index after (DPU 472) [0]=  85 [1]= 169 [2]= 256 [3]= 256 [4]= 256 [5]= 256 [6]= 256 [7]= 256 [8]= 256 [9]= 256 [10]= 256 [11]= 256 [12]= 256 
key_index after (DPU 473) [0]=  78 [1]= 174 [2]= 252 [3]= 252 [4]= 252 [5]= 252 [6]= 252 [7]= 252 [8]= 252 [9]= 252 [10]= 252 [11]= 252 [12]= 252 
key_index after (DPU 474) [0]=  86 [1]= 169 [2]= 254 [3]= 254 [4]= 254 [5]= 254 [6]= 254 [7]= 254 [8]= 254 [9]= 254 [10]= 254 [11]= 254 [12]= 254 
key_index after (DPU 475) [0]=  99 [1]= 187 [2]= 274 [3]=8466 [4]=8466 [5]=8466 [6]=8466 [7]=8466 [8]=8466 [9]=8466 [10]=8466 [11]=8466 [12]=8466 
key_index after (DPU 476) [0]=  73 [1]= 165 [2]= 239 [3]= 321 [4]= 321 [5]= 321 [6]= 321 [7]= 321 [8]= 321 [9]= 321 [10]= 321 [11]= 321 [12]= 321 
key_index after (DPU 477) [0]=  73 [1]= 171 [2]= 257 [3]= 257 [4]= 257 [5]= 257 [6]= 257 [7]= 257 [8]= 257 [9]= 257 [10]= 257 [11]= 257 [12]= 257 
key_index after (DPU 478) [0]=  89 [1]= 176 [2]= 265 [3]= 355 [4]= 355 [5]= 355 [6]= 355 [7]= 355 [8]= 355 [9]= 355 [10]= 355 [11]= 355 [12]= 355 
key_index after (DPU 479) [0]=  93 [1]= 187 [2]= 269 [3]= 269 [4]= 269 [5]= 269 [6]= 269 [7]= 269 [8]= 269 [9]= 269 [10]= 269 [11]= 269 [12]= 269 
key_index after (DPU 480) [0]=  95 [1]= 177 [2]= 287 [3]= 287 [4]= 287 [5]= 287 [6]= 287 [7]= 287 [8]= 287 [9]= 287 [10]= 287 [11]= 287 [12]= 287 
key_index after (DPU 481) [0]=   0 [1]=   0 [2]=   0 [3]=32897 [4]=32897 [5]=32897 [6]=32897 [7]=32897 [8]=32897 [9]=32897 [10]=32897 [11]=32897 [12]=32897 
key_index after (DPU 482) [0]=  95 [1]= 180 [2]= 266 [3]= 266 [4]= 266 [5]= 266 [6]= 266 [7]= 266 [8]= 266 [9]= 266 [10]= 266 [11]= 266 [12]= 266 
key_index after (DPU 483) [0]=  77 [1]= 162 [2]= 238 [3]= 313 [4]= 313 [5]= 313 [6]= 313 [7]= 313 [8]= 313 [9]= 313 [10]= 313 [11]= 313 [12]= 313 
key_index after (DPU 484) [0]=  93 [1]= 187 [2]= 270 [3]= 270 [4]= 270 [5]= 270 [6]= 270 [7]= 270 [8]= 270 [9]= 270 [10]= 270 [11]= 270 [12]= 270 
key_index after (DPU 485) [0]=  97 [1]= 175 [2]= 244 [3]= 321 [4]= 321 [5]= 321 [6]= 321 [7]= 321 [8]= 321 [9]= 321 [10]= 321 [11]= 321 [12]= 321 
key_index after (DPU 486) [0]=  91 [1]= 159 [2]= 239 [3]= 326 [4]= 326 [5]= 326 [6]= 326 [7]= 326 [8]= 326 [9]= 326 [10]= 326 [11]= 326 [12]= 326 
key_index after (DPU 487) [0]=  71 [1]= 151 [2]= 226 [3]= 309 [4]= 309 [5]= 309 [6]= 309 [7]= 309 [8]= 309 [9]= 309 [10]= 309 [11]= 309 [12]= 309 
key_index after (DPU 488) [0]=  77 [1]= 158 [2]= 248 [3]= 248 [4]= 248 [5]= 248 [6]= 248 [7]= 248 [8]= 248 [9]= 248 [10]= 248 [11]= 248 [12]= 248 
key_index after (DPU 489) [0]=  85 [1]= 164 [2]= 248 [3]= 248 [4]= 248 [5]= 248 [6]= 248 [7]= 248 [8]= 248 [9]= 248 [10]= 248 [11]= 248 [12]= 248 
key_index after (DPU 490) [0]=  91 [1]= 177 [2]= 266 [3]= 355 [4]= 355 [5]= 355 [6]= 355 [7]= 355 [8]= 355 [9]= 355 [10]= 355 [11]= 355 [12]= 355 
key_index after (DPU 491) [0]=  77 [1]= 164 [2]= 251 [3]=10406 [4]=10406 [5]=10406 [6]=10406 [7]=10406 [8]=10406 [9]=10406 [10]=10406 [11]=10406 [12]=10406 
key_index after (DPU 492) [0]=  85 [1]= 166 [2]= 245 [3]= 344 [4]= 344 [5]= 344 [6]= 344 [7]= 344 [8]= 344 [9]= 344 [10]= 344 [11]= 344 [12]= 344 
key_index after (DPU 493) [0]=  78 [1]= 176 [2]= 254 [3]=7942 [4]=7942 [5]=7942 [6]=7942 [7]=7942 [8]=7942 [9]=7942 [10]=7942 [11]=7942 [12]=7942 
key_index after (DPU 494) [0]=  82 [1]= 162 [2]= 260 [3]= 364 [4]= 364 [5]= 364 [6]= 364 [7]= 364 [8]= 364 [9]= 364 [10]= 364 [11]= 364 [12]= 364 
key_index after (DPU 495) [0]=  79 [1]= 170 [2]= 243 [3]=9647 [4]=9647 [5]=9647 [6]=9647 [7]=9647 [8]=9647 [9]=9647 [10]=9647 [11]=9647 [12]=9647 
key_index after (DPU 496) [0]=   0 [1]=  68 [2]= 153 [3]=13898 [4]=13898 [5]=13898 [6]=13898 [7]=13898 [8]=13898 [9]=13898 [10]=13898 [11]=13898 [12]=13898 
key_index after (DPU 497) [0]=  74 [1]= 151 [2]= 250 [3]= 347 [4]= 347 [5]= 347 [6]= 347 [7]= 347 [8]= 347 [9]= 347 [10]= 347 [11]= 347 [12]= 347 
key_index after (DPU 498) [0]=  82 [1]= 165 [2]= 245 [3]= 333 [4]= 333 [5]= 333 [6]= 333 [7]= 333 [8]= 333 [9]= 333 [10]= 333 [11]= 333 [12]= 333 
key_index after (DPU 499) [0]=   0 [1]=   0 [2]=   0 [3]=48019 [4]=48019 [5]=48019 [6]=48019 [7]=48019 [8]=48019 [9]=48019 [10]=48019 [11]=48019 [12]=48019 
[1/4] preprocess finished 0.00000sec
sending 1000000 requests for 0 DPUS...
[2/4] send finished 0.00000sec
[3/4]all the dpu execution finished: 0.00000sec
[4/4] batch postprocess finished: 0.00000sec
0.99, 500, 12, 7, 1000000, 139738, 0.41282, 0.35667, 0.00016, 0.00004, 0.00000, 0.00000, 0.00000, 0.00000, 0.76970, 1299206
======= batch 7 =======
key_index before (DPU 0) [0]=   0 [1]=   0 [2]=71825 [3]=71825 [4]=71825 [5]=71825 [6]=71825 [7]=71825 [8]=71825 [9]=71825 [10]=71825 [11]=71825 [12]=71825 
key_index before (DPU 1) [0]=   0 [1]=   0 [2]=26235 [3]=26235 [4]=26235 [5]=26235 [6]=26235 [7]=26235 [8]=26235 [9]=26235 [10]=26235 [11]=26235 [12]=26235 
key_index before (DPU 2) [0]=   0 [1]=   0 [2]=15640 [3]=15640 [4]=15640 [5]=15640 [6]=15640 [7]=15640 [8]=15640 [9]=15640 [10]=15640 [11]=15640 [12]=15640 
key_index before (DPU 3) [0]=   0 [1]=   0 [2]=11213 [3]=11213 [4]=11213 [5]=11213 [6]=11213 [7]=11213 [8]=11213 [9]=11213 [10]=11213 [11]=11213 [12]=11213 
key_index before (DPU 4) [0]=   0 [1]=   0 [2]=8616 [3]=8616 [4]=8616 [5]=8616 [6]=8616 [7]=8616 [8]=8616 [9]=8616 [10]=8616 [11]=8616 [12]=8616 
key_index before (DPU 5) [0]=   0 [1]=   0 [2]=6913 [3]=6913 [4]=6913 [5]=6913 [6]=6913 [7]=6913 [8]=6913 [9]=6913 [10]=6913 [11]=6913 [12]=6913 
key_index before (DPU 6) [0]=   0 [1]=   0 [2]=6079 [3]=6079 [4]=6079 [5]=6079 [6]=6079 [7]=6079 [8]=6079 [9]=6079 [10]=6079 [11]=6079 [12]=6079 
key_index before (DPU 7) [0]=   0 [1]=   0 [2]=5287 [3]=10333 [4]=10333 [5]=10333 [6]=10333 [7]=10333 [8]=10333 [9]=10333 [10]=10333 [11]=10333 [12]=10333 
key_index before (DPU 8) [0]=   0 [1]=   0 [2]=4573 [3]=9063 [4]=9063 [5]=9063 [6]=9063 [7]=9063 [8]=9063 [9]=9063 [10]=9063 [11]=9063 [12]=9063 
key_index before (DPU 9) [0]=   0 [1]=   0 [2]=4068 [3]=8146 [4]=8146 [5]=8146 [6]=8146 [7]=8146 [8]=8146 [9]=8146 [10]=8146 [11]=8146 [12]=8146 
key_index before (DPU 10) [0]=   0 [1]=3938 [2]=7765 [3]=11431 [4]=11431 [5]=11431 [6]=11431 [7]=11431 [8]=11431 [9]=11431 [10]=11431 [11]=11431 [12]=11431 
key_index before (DPU 11) [0]=   0 [1]=3466 [2]=6888 [3]=10197 [4]=10197 [5]=10197 [6]=10197 [7]=10197 [8]=10197 [9]=10197 [10]=10197 [11]=10197 [12]=10197 
key_index before (DPU 12) [0]=   0 [1]=3168 [2]=6430 [3]=9610 [4]=9610 [5]=9610 [6]=9610 [7]=9610 [8]=9610 [9]=9610 [10]=9610 [11]=9610 [12]=9610 
key_index before (DPU 13) [0]=   0 [1]=3062 [2]=6052 [3]=8973 [4]=8973 [5]=8973 [6]=8973 [7]=8973 [8]=8973 [9]=8973 [10]=8973 [11]=8973 [12]=8973 
key_index before (DPU 14) [0]=   0 [1]=2856 [2]=5519 [3]=8217 [4]=8217 [5]=8217 [6]=8217 [7]=8217 [8]=8217 [9]=8217 [10]=8217 [11]=8217 [12]=8217 
key_index before (DPU 15) [0]=   0 [1]=2625 [2]=5127 [3]=7598 [4]=7598 [5]=7598 [6]=7598 [7]=7598 [8]=7598 [9]=7598 [10]=7598 [11]=7598 [12]=7598 
key_index before (DPU 16) [0]=   0 [1]=2524 [2]=4880 [3]=7272 [4]=7272 [5]=7272 [6]=7272 [7]=7272 [8]=7272 [9]=7272 [10]=7272 [11]=7272 [12]=7272 
key_index before (DPU 17) [0]=   0 [1]=2273 [2]=4524 [3]=6715 [4]=6715 [5]=6715 [6]=6715 [7]=6715 [8]=6715 [9]=6715 [10]=6715 [11]=6715 [12]=6715 
key_index before (DPU 18) [0]=   0 [1]=2166 [2]=4334 [3]=6463 [4]=6463 [5]=6463 [6]=6463 [7]=6463 [8]=6463 [9]=6463 [10]=6463 [11]=6463 [12]=6463 
key_index before (DPU 19) [0]=   0 [1]=2048 [2]=4107 [3]=6143 [4]=6143 [5]=6143 [6]=6143 [7]=6143 [8]=6143 [9]=6143 [10]=6143 [11]=6143 [12]=6143 
key_index before (DPU 20) [0]=   0 [1]=1961 [2]=4002 [3]=5855 [4]=5855 [5]=5855 [6]=5855 [7]=5855 [8]=5855 [9]=5855 [10]=5855 [11]=5855 [12]=5855 
key_index before (DPU 21) [0]=   0 [1]=1923 [2]=3803 [3]=5482 [4]=5482 [5]=5482 [6]=5482 [7]=5482 [8]=5482 [9]=5482 [10]=5482 [11]=5482 [12]=5482 
key_index before (DPU 22) [0]=   0 [1]=1750 [2]=3562 [3]=5306 [4]=5306 [5]=5306 [6]=5306 [7]=5306 [8]=5306 [9]=5306 [10]=5306 [11]=5306 [12]=5306 
key_index before (DPU 23) [0]=   0 [1]=1749 [2]=3408 [3]=5114 [4]=5114 [5]=5114 [6]=5114 [7]=5114 [8]=5114 [9]=5114 [10]=5114 [11]=5114 [12]=5114 
key_index before (DPU 24) [0]=   0 [1]=1633 [2]=3280 [3]=4912 [4]=4912 [5]=4912 [6]=4912 [7]=4912 [8]=4912 [9]=4912 [10]=4912 [11]=4912 [12]=4912 
key_index before (DPU 25) [0]=   0 [1]=1542 [2]=3141 [3]=4646 [4]=4646 [5]=4646 [6]=4646 [7]=4646 [8]=4646 [9]=4646 [10]=4646 [11]=4646 [12]=4646 
key_index before (DPU 26) [0]=   0 [1]=1537 [2]=3093 [3]=4557 [4]=4557 [5]=4557 [6]=4557 [7]=4557 [8]=4557 [9]=4557 [10]=4557 [11]=4557 [12]=4557 
key_index before (DPU 27) [0]=   0 [1]=1379 [2]=2923 [3]=4350 [4]=4350 [5]=4350 [6]=4350 [7]=4350 [8]=4350 [9]=4350 [10]=4350 [11]=4350 [12]=4350 
key_index before (DPU 28) [0]=   0 [1]=1414 [2]=2795 [3]=4207 [4]=4207 [5]=4207 [6]=4207 [7]=4207 [8]=4207 [9]=4207 [10]=4207 [11]=4207 [12]=4207 
key_index before (DPU 29) [0]=   0 [1]=1375 [2]=2792 [3]=4233 [4]=4233 [5]=4233 [6]=4233 [7]=4233 [8]=4233 [9]=4233 [10]=4233 [11]=4233 [12]=4233 
key_index before (DPU 30) [0]=   0 [1]=1345 [2]=2654 [3]=4002 [4]=4002 [5]=4002 [6]=4002 [7]=4002 [8]=4002 [9]=4002 [10]=4002 [11]=4002 [12]=4002 
key_index before (DPU 31) [0]=   0 [1]=1255 [2]=2511 [3]=3775 [4]=3775 [5]=3775 [6]=3775 [7]=3775 [8]=3775 [9]=3775 [10]=3775 [11]=3775 [12]=3775 
key_index before (DPU 32) [0]=   0 [1]=1289 [2]=2560 [3]=3785 [4]=3785 [5]=3785 [6]=3785 [7]=3785 [8]=3785 [9]=3785 [10]=3785 [11]=3785 [12]=3785 
key_index before (DPU 33) [0]=   0 [1]=1148 [2]=2319 [3]=3433 [4]=3433 [5]=3433 [6]=3433 [7]=3433 [8]=3433 [9]=3433 [10]=3433 [11]=3433 [12]=3433 
key_index before (DPU 34) [0]=   0 [1]=1205 [2]=2297 [3]=3425 [4]=3425 [5]=3425 [6]=3425 [7]=3425 [8]=3425 [9]=3425 [10]=3425 [11]=3425 [12]=3425 
key_index before (DPU 35) [0]=   0 [1]=1121 [2]=2251 [3]=3345 [4]=3345 [5]=3345 [6]=3345 [7]=3345 [8]=3345 [9]=3345 [10]=3345 [11]=3345 [12]=3345 
key_index before (DPU 36) [0]=   0 [1]=1103 [2]=2192 [3]=3261 [4]=3261 [5]=3261 [6]=3261 [7]=3261 [8]=3261 [9]=3261 [10]=3261 [11]=3261 [12]=3261 
key_index before (DPU 37) [0]=   0 [1]=1100 [2]=2148 [3]=3196 [4]=3196 [5]=3196 [6]=3196 [7]=3196 [8]=3196 [9]=3196 [10]=3196 [11]=3196 [12]=3196 
key_index before (DPU 38) [0]=   0 [1]=1036 [2]=2103 [3]=3130 [4]=3130 [5]=3130 [6]=3130 [7]=3130 [8]=3130 [9]=3130 [10]=3130 [11]=3130 [12]=3130 
key_index before (DPU 39) [0]=   0 [1]= 971 [2]=2004 [3]=3077 [4]=3077 [5]=3077 [6]=3077 [7]=3077 [8]=3077 [9]=3077 [10]=3077 [11]=3077 [12]=3077 
key_index before (DPU 40) [0]=   0 [1]= 975 [2]=2003 [3]=2974 [4]=2974 [5]=2974 [6]=2974 [7]=2974 [8]=2974 [9]=2974 [10]=2974 [11]=2974 [12]=2974 
key_index before (DPU 41) [0]=   0 [1]= 966 [2]=1951 [3]=2924 [4]=2924 [5]=2924 [6]=2924 [7]=2924 [8]=2924 [9]=2924 [10]=2924 [11]=2924 [12]=2924 
key_index before (DPU 42) [0]=   0 [1]= 976 [2]=1926 [3]=2850 [4]=2850 [5]=2850 [6]=2850 [7]=2850 [8]=2850 [9]=2850 [10]=2850 [11]=2850 [12]=2850 
key_index before (DPU 43) [0]=   0 [1]= 954 [2]=1864 [3]=2787 [4]=2787 [5]=2787 [6]=2787 [7]=2787 [8]=2787 [9]=2787 [10]=2787 [11]=2787 [12]=2787 
key_index before (DPU 44) [0]=   0 [1]= 949 [2]=1830 [3]=2670 [4]=2670 [5]=2670 [6]=2670 [7]=2670 [8]=2670 [9]=2670 [10]=2670 [11]=2670 [12]=2670 
key_index before (DPU 45) [0]=   0 [1]= 893 [2]=1763 [3]=2684 [4]=2684 [5]=2684 [6]=2684 [7]=2684 [8]=2684 [9]=2684 [10]=2684 [11]=2684 [12]=2684 
key_index before (DPU 46) [0]=   0 [1]= 853 [2]=1708 [3]=2564 [4]=2564 [5]=2564 [6]=2564 [7]=2564 [8]=2564 [9]=2564 [10]=2564 [11]=2564 [12]=2564 
key_index before (DPU 47) [0]=   0 [1]= 832 [2]=1638 [3]=2458 [4]=2458 [5]=2458 [6]=2458 [7]=2458 [8]=2458 [9]=2458 [10]=2458 [11]=2458 [12]=2458 
key_index before (DPU 48) [0]=   0 [1]= 782 [2]=1531 [3]=2363 [4]=2363 [5]=2363 [6]=2363 [7]=2363 [8]=2363 [9]=2363 [10]=2363 [11]=2363 [12]=2363 
key_index before (DPU 49) [0]=   0 [1]= 787 [2]=1579 [3]=2340 [4]=2340 [5]=2340 [6]=2340 [7]=2340 [8]=2340 [9]=2340 [10]=2340 [11]=2340 [12]=2340 
key_index before (DPU 50) [0]=   0 [1]= 777 [2]=1553 [3]=2376 [4]=2376 [5]=2376 [6]=2376 [7]=2376 [8]=2376 [9]=2376 [10]=2376 [11]=2376 [12]=2376 
key_index before (DPU 51) [0]=   0 [1]= 788 [2]=1572 [3]=2275 [4]=2275 [5]=2275 [6]=2275 [7]=2275 [8]=2275 [9]=2275 [10]=2275 [11]=2275 [12]=2275 
key_index before (DPU 52) [0]=   0 [1]= 730 [2]=1491 [3]=2239 [4]=2239 [5]=2239 [6]=2239 [7]=2239 [8]=2239 [9]=2239 [10]=2239 [11]=2239 [12]=2239 
key_index before (DPU 53) [0]=   0 [1]= 753 [2]=1503 [3]=2255 [4]=2255 [5]=2255 [6]=2255 [7]=2255 [8]=2255 [9]=2255 [10]=2255 [11]=2255 [12]=2255 
key_index before (DPU 54) [0]=   0 [1]= 745 [2]=1448 [3]=2207 [4]=2207 [5]=2207 [6]=2207 [7]=2207 [8]=2207 [9]=2207 [10]=2207 [11]=2207 [12]=2207 
key_index before (DPU 55) [0]=   0 [1]= 696 [2]=1399 [3]=2129 [4]=2129 [5]=2129 [6]=2129 [7]=2129 [8]=2129 [9]=2129 [10]=2129 [11]=2129 [12]=2129 
key_index before (DPU 56) [0]=   0 [1]= 735 [2]=1452 [3]=2139 [4]=2139 [5]=2139 [6]=2139 [7]=2139 [8]=2139 [9]=2139 [10]=2139 [11]=2139 [12]=2139 
key_index before (DPU 57) [0]=   0 [1]= 674 [2]=1383 [3]=2056 [4]=2056 [5]=2056 [6]=2056 [7]=2056 [8]=2056 [9]=2056 [10]=2056 [11]=2056 [12]=2056 
key_index before (DPU 58) [0]=   0 [1]= 723 [2]=1380 [3]=2059 [4]=2059 [5]=2059 [6]=2059 [7]=2059 [8]=2059 [9]=2059 [10]=2059 [11]=2059 [12]=2059 
key_index before (DPU 59) [0]=   0 [1]= 689 [2]=1389 [3]=2078 [4]=2078 [5]=2078 [6]=2078 [7]=2078 [8]=2078 [9]=2078 [10]=2078 [11]=2078 [12]=2078 
key_index before (DPU 60) [0]=   0 [1]= 693 [2]=1360 [3]=2032 [4]=2032 [5]=2032 [6]=2032 [7]=2032 [8]=2032 [9]=2032 [10]=2032 [11]=2032 [12]=2032 
key_index before (DPU 61) [0]=   0 [1]= 632 [2]=1247 [3]=1918 [4]=1918 [5]=1918 [6]=1918 [7]=1918 [8]=1918 [9]=1918 [10]=1918 [11]=1918 [12]=1918 
key_index before (DPU 62) [0]=   0 [1]= 671 [2]=1269 [3]=1891 [4]=1891 [5]=1891 [6]=1891 [7]=1891 [8]=1891 [9]=1891 [10]=1891 [11]=1891 [12]=1891 
key_index before (DPU 63) [0]=   0 [1]= 614 [2]=1270 [3]=1868 [4]=1868 [5]=1868 [6]=1868 [7]=1868 [8]=1868 [9]=1868 [10]=1868 [11]=1868 [12]=1868 
key_index before (DPU 64) [0]=   0 [1]= 578 [2]=1222 [3]=1863 [4]=1863 [5]=1863 [6]=1863 [7]=1863 [8]=1863 [9]=1863 [10]=1863 [11]=1863 [12]=1863 
key_index before (DPU 65) [0]=   0 [1]= 620 [2]=1209 [3]=1824 [4]=1824 [5]=1824 [6]=1824 [7]=1824 [8]=1824 [9]=1824 [10]=1824 [11]=1824 [12]=1824 
key_index before (DPU 66) [0]=   0 [1]= 587 [2]=1156 [3]=1796 [4]=1796 [5]=1796 [6]=1796 [7]=1796 [8]=1796 [9]=1796 [10]=1796 [11]=1796 [12]=1796 
key_index before (DPU 67) [0]=   0 [1]= 602 [2]=1193 [3]=1838 [4]=1838 [5]=1838 [6]=1838 [7]=1838 [8]=1838 [9]=1838 [10]=1838 [11]=1838 [12]=1838 
key_index before (DPU 68) [0]=   0 [1]= 634 [2]=1226 [3]=1825 [4]=1825 [5]=1825 [6]=1825 [7]=1825 [8]=1825 [9]=1825 [10]=1825 [11]=1825 [12]=1825 
key_index before (DPU 69) [0]=   0 [1]= 582 [2]=1121 [3]=1681 [4]=1681 [5]=1681 [6]=1681 [7]=1681 [8]=1681 [9]=1681 [10]=1681 [11]=1681 [12]=1681 
key_index before (DPU 70) [0]=   0 [1]= 590 [2]=1191 [3]=1780 [4]=1780 [5]=1780 [6]=1780 [7]=1780 [8]=1780 [9]=1780 [10]=1780 [11]=1780 [12]=1780 
key_index before (DPU 71) [0]=   0 [1]= 593 [2]=1192 [3]=1770 [4]=1770 [5]=1770 [6]=1770 [7]=1770 [8]=1770 [9]=1770 [10]=1770 [11]=1770 [12]=1770 
key_index before (DPU 72) [0]=   0 [1]= 560 [2]=1101 [3]=1634 [4]=1634 [5]=1634 [6]=1634 [7]=1634 [8]=1634 [9]=1634 [10]=1634 [11]=1634 [12]=1634 
key_index before (DPU 73) [0]=   0 [1]= 570 [2]=1143 [3]=1714 [4]=1714 [5]=1714 [6]=1714 [7]=1714 [8]=1714 [9]=1714 [10]=1714 [11]=1714 [12]=1714 
key_index before (DPU 74) [0]=   0 [1]= 520 [2]=1071 [3]=1590 [4]=1590 [5]=1590 [6]=1590 [7]=1590 [8]=1590 [9]=1590 [10]=1590 [11]=1590 [12]=1590 
key_index before (DPU 75) [0]=   0 [1]= 552 [2]=1106 [3]=1631 [4]=1631 [5]=1631 [6]=1631 [7]=1631 [8]=1631 [9]=1631 [10]=1631 [11]=1631 [12]=1631 
key_index before (DPU 76) [0]=   0 [1]= 493 [2]=1003 [3]=1541 [4]=1541 [5]=1541 [6]=1541 [7]=1541 [8]=1541 [9]=1541 [10]=1541 [11]=1541 [12]=1541 
key_index before (DPU 77) [0]=   0 [1]= 566 [2]=1057 [3]=1563 [4]=1563 [5]=1563 [6]=1563 [7]=1563 [8]=1563 [9]=1563 [10]=1563 [11]=1563 [12]=1563 
key_index before (DPU 78) [0]=   0 [1]= 520 [2]=1023 [3]=1543 [4]=1543 [5]=1543 [6]=1543 [7]=1543 [8]=1543 [9]=1543 [10]=1543 [11]=1543 [12]=1543 
key_index before (DPU 79) [0]=   0 [1]= 555 [2]=1080 [3]=1617 [4]=1617 [5]=1617 [6]=1617 [7]=1617 [8]=1617 [9]=1617 [10]=1617 [11]=1617 [12]=1617 
key_index before (DPU 80) [0]=   0 [1]= 507 [2]= 960 [3]=1484 [4]=1484 [5]=1484 [6]=1484 [7]=1484 [8]=1484 [9]=1484 [10]=1484 [11]=1484 [12]=1484 
key_index before (DPU 81) [0]=   0 [1]= 480 [2]= 952 [3]=1430 [4]=1430 [5]=1430 [6]=1430 [7]=1430 [8]=1430 [9]=1430 [10]=1430 [11]=1430 [12]=1430 
key_index before (DPU 82) [0]=   0 [1]= 462 [2]= 943 [3]=1395 [4]=1395 [5]=1395 [6]=1395 [7]=1395 [8]=1395 [9]=1395 [10]=1395 [11]=1395 [12]=1395 
key_index before (DPU 83) [0]=   0 [1]= 499 [2]= 960 [3]=1455 [4]=1455 [5]=1455 [6]=1455 [7]=1455 [8]=1455 [9]=1455 [10]=1455 [11]=1455 [12]=1455 
key_index before (DPU 84) [0]=   0 [1]= 500 [2]= 998 [3]=1464 [4]=1464 [5]=1464 [6]=1464 [7]=1464 [8]=1464 [9]=1464 [10]=1464 [11]=1464 [12]=1464 
key_index before (DPU 85) [0]=   0 [1]= 460 [2]= 967 [3]=1445 [4]=1445 [5]=1445 [6]=1445 [7]=1445 [8]=1445 [9]=1445 [10]=1445 [11]=1445 [12]=1445 
key_index before (DPU 86) [0]=   0 [1]= 451 [2]= 879 [3]=1302 [4]=1302 [5]=1302 [6]=1302 [7]=1302 [8]=1302 [9]=1302 [10]=1302 [11]=1302 [12]=1302 
key_index before (DPU 87) [0]=   0 [1]= 473 [2]= 939 [3]=1405 [4]=1405 [5]=1405 [6]=1405 [7]=1405 [8]=1405 [9]=1405 [10]=1405 [11]=1405 [12]=1405 
key_index before (DPU 88) [0]=   0 [1]= 487 [2]= 955 [3]=1432 [4]=1432 [5]=1432 [6]=1432 [7]=1432 [8]=1432 [9]=1432 [10]=1432 [11]=1432 [12]=1432 
key_index before (DPU 89) [0]=   0 [1]= 441 [2]= 887 [3]=1323 [4]=1323 [5]=1323 [6]=1323 [7]=1323 [8]=1323 [9]=1323 [10]=1323 [11]=1323 [12]=1323 
key_index before (DPU 90) [0]=   0 [1]= 443 [2]= 919 [3]=1376 [4]=1376 [5]=1376 [6]=1376 [7]=1376 [8]=1376 [9]=1376 [10]=1376 [11]=1376 [12]=1376 
key_index before (DPU 91) [0]=   0 [1]= 432 [2]= 864 [3]=1276 [4]=1276 [5]=1276 [6]=1276 [7]=1276 [8]=1276 [9]=1276 [10]=1276 [11]=1276 [12]=1276 
key_index before (DPU 92) [0]=   0 [1]= 429 [2]= 844 [3]=1247 [4]=1247 [5]=1247 [6]=1247 [7]=1247 [8]=1247 [9]=1247 [10]=1247 [11]=1247 [12]=1247 
key_index before (DPU 93) [0]=   0 [1]= 432 [2]= 830 [3]=1255 [4]=1255 [5]=1255 [6]=1255 [7]=1255 [8]=1255 [9]=1255 [10]=1255 [11]=1255 [12]=1255 
key_index before (DPU 94) [0]=   0 [1]= 414 [2]= 833 [3]=1232 [4]=1232 [5]=1232 [6]=1232 [7]=1232 [8]=1232 [9]=1232 [10]=1232 [11]=1232 [12]=1232 
key_index before (DPU 95) [0]=   0 [1]= 421 [2]= 839 [3]=1252 [4]=1252 [5]=1252 [6]=1252 [7]=1252 [8]=1252 [9]=1252 [10]=1252 [11]=1252 [12]=1252 
key_index before (DPU 96) [0]=   0 [1]= 402 [2]= 800 [3]=1202 [4]=1202 [5]=1202 [6]=1202 [7]=1202 [8]=1202 [9]=1202 [10]=1202 [11]=1202 [12]=1202 
key_index before (DPU 97) [0]=   0 [1]= 414 [2]= 839 [3]=1277 [4]=1277 [5]=1277 [6]=1277 [7]=1277 [8]=1277 [9]=1277 [10]=1277 [11]=1277 [12]=1277 
key_index before (DPU 98) [0]=   0 [1]= 396 [2]= 791 [3]=1204 [4]=1204 [5]=1204 [6]=1204 [7]=1204 [8]=1204 [9]=1204 [10]=1204 [11]=1204 [12]=1204 
key_index before (DPU 99) [0]=   0 [1]= 415 [2]= 822 [3]=1195 [4]=1195 [5]=1195 [6]=1195 [7]=1195 [8]=1195 [9]=1195 [10]=1195 [11]=1195 [12]=1195 
key_index before (DPU 100) [0]=   0 [1]= 402 [2]= 797 [3]=1204 [4]=1204 [5]=1204 [6]=1204 [7]=1204 [8]=1204 [9]=1204 [10]=1204 [11]=1204 [12]=1204 
key_index before (DPU 101) [0]=   0 [1]= 387 [2]= 784 [3]=1196 [4]=1196 [5]=1196 [6]=1196 [7]=1196 [8]=1196 [9]=1196 [10]=1196 [11]=1196 [12]=1196 
key_index before (DPU 102) [0]=   0 [1]= 408 [2]= 819 [3]=1188 [4]=1188 [5]=1188 [6]=1188 [7]=1188 [8]=1188 [9]=1188 [10]=1188 [11]=1188 [12]=1188 
key_index before (DPU 103) [0]=   0 [1]= 421 [2]= 783 [3]=1164 [4]=1164 [5]=1164 [6]=1164 [7]=1164 [8]=1164 [9]=1164 [10]=1164 [11]=1164 [12]=1164 
key_index before (DPU 104) [0]=   0 [1]= 407 [2]= 786 [3]=1195 [4]=1195 [5]=1195 [6]=1195 [7]=1195 [8]=1195 [9]=1195 [10]=1195 [11]=1195 [12]=1195 
key_index before (DPU 105) [0]=   0 [1]= 381 [2]= 794 [3]=1190 [4]=1190 [5]=1190 [6]=1190 [7]=1190 [8]=1190 [9]=1190 [10]=1190 [11]=1190 [12]=1190 
key_index before (DPU 106) [0]=   0 [1]= 366 [2]= 748 [3]=1160 [4]=1160 [5]=1160 [6]=1160 [7]=1160 [8]=1160 [9]=1160 [10]=1160 [11]=1160 [12]=1160 
key_index before (DPU 107) [0]=   0 [1]= 381 [2]= 768 [3]=1137 [4]=1137 [5]=1137 [6]=1137 [7]=1137 [8]=1137 [9]=1137 [10]=1137 [11]=1137 [12]=1137 
key_index before (DPU 108) [0]=   0 [1]= 376 [2]= 745 [3]=1099 [4]=1099 [5]=1099 [6]=1099 [7]=1099 [8]=1099 [9]=1099 [10]=1099 [11]=1099 [12]=1099 
key_index before (DPU 109) [0]=   0 [1]= 332 [2]= 745 [3]=1098 [4]=1098 [5]=1098 [6]=1098 [7]=1098 [8]=1098 [9]=1098 [10]=1098 [11]=1098 [12]=1098 
key_index before (DPU 110) [0]=   0 [1]= 336 [2]= 689 [3]=1082 [4]=1082 [5]=1082 [6]=1082 [7]=1082 [8]=1082 [9]=1082 [10]=1082 [11]=1082 [12]=1082 
key_index before (DPU 111) [0]=   0 [1]= 380 [2]= 749 [3]=1135 [4]=1135 [5]=1135 [6]=1135 [7]=1135 [8]=1135 [9]=1135 [10]=1135 [11]=1135 [12]=1135 
key_index before (DPU 112) [0]=   0 [1]= 353 [2]= 704 [3]=1067 [4]=1067 [5]=1067 [6]=1067 [7]=1067 [8]=1067 [9]=1067 [10]=1067 [11]=1067 [12]=1067 
key_index before (DPU 113) [0]=   0 [1]= 379 [2]= 795 [3]=1183 [4]=1183 [5]=1183 [6]=1183 [7]=1183 [8]=1183 [9]=1183 [10]=1183 [11]=1183 [12]=1183 
key_index before (DPU 114) [0]=   0 [1]= 350 [2]= 676 [3]= 989 [4]= 989 [5]= 989 [6]= 989 [7]= 989 [8]= 989 [9]= 989 [10]= 989 [11]= 989 [12]= 989 
key_index before (DPU 115) [0]=   0 [1]= 381 [2]= 718 [3]=1052 [4]=1052 [5]=1052 [6]=1052 [7]=1052 [8]=1052 [9]=1052 [10]=1052 [11]=1052 [12]=1052 
key_index before (DPU 116) [0]=   0 [1]= 337 [2]= 696 [3]=1032 [4]=1032 [5]=1032 [6]=1032 [7]=1032 [8]=1032 [9]=1032 [10]=1032 [11]=1032 [12]=1032 
key_index before (DPU 117) [0]=   0 [1]= 323 [2]= 663 [3]=1007 [4]=1007 [5]=1007 [6]=1007 [7]=1007 [8]=1007 [9]=1007 [10]=1007 [11]=1007 [12]=1007 
key_index before (DPU 118) [0]=   0 [1]= 352 [2]= 705 [3]=1059 [4]=1059 [5]=1059 [6]=1059 [7]=1059 [8]=1059 [9]=1059 [10]=1059 [11]=1059 [12]=1059 
key_index before (DPU 119) [0]=   0 [1]= 322 [2]= 656 [3]= 996 [4]= 996 [5]= 996 [6]= 996 [7]= 996 [8]= 996 [9]= 996 [10]= 996 [11]= 996 [12]= 996 
key_index before (DPU 120) [0]=   0 [1]= 316 [2]= 683 [3]=1004 [4]=1004 [5]=1004 [6]=1004 [7]=1004 [8]=1004 [9]=1004 [10]=1004 [11]=1004 [12]=1004 
key_index before (DPU 121) [0]=   0 [1]= 366 [2]= 695 [3]=1044 [4]=1044 [5]=1044 [6]=1044 [7]=1044 [8]=1044 [9]=1044 [10]=1044 [11]=1044 [12]=1044 
key_index before (DPU 122) [0]=   0 [1]= 339 [2]= 689 [3]= 995 [4]= 995 [5]= 995 [6]= 995 [7]= 995 [8]= 995 [9]= 995 [10]= 995 [11]= 995 [12]= 995 
key_index before (DPU 123) [0]=   0 [1]= 359 [2]= 684 [3]=1000 [4]=1000 [5]=1000 [6]=1000 [7]=1000 [8]=1000 [9]=1000 [10]=1000 [11]=1000 [12]=1000 
key_index before (DPU 124) [0]=   0 [1]= 323 [2]= 653 [3]= 959 [4]= 959 [5]= 959 [6]= 959 [7]= 959 [8]= 959 [9]= 959 [10]= 959 [11]= 959 [12]= 959 
key_index before (DPU 125) [0]=   0 [1]= 307 [2]= 623 [3]= 924 [4]= 924 [5]= 924 [6]= 924 [7]= 924 [8]= 924 [9]= 924 [10]= 924 [11]= 924 [12]= 924 
key_index before (DPU 126) [0]=   0 [1]= 332 [2]= 663 [3]= 968 [4]= 968 [5]= 968 [6]= 968 [7]= 968 [8]= 968 [9]= 968 [10]= 968 [11]= 968 [12]= 968 
key_index before (DPU 127) [0]=   0 [1]= 344 [2]= 664 [3]= 993 [4]= 993 [5]= 993 [6]= 993 [7]= 993 [8]= 993 [9]= 993 [10]= 993 [11]= 993 [12]= 993 
key_index before (DPU 128) [0]=   0 [1]= 292 [2]= 583 [3]= 910 [4]= 910 [5]= 910 [6]= 910 [7]= 910 [8]= 910 [9]= 910 [10]= 910 [11]= 910 [12]= 910 
key_index before (DPU 129) [0]=   0 [1]= 310 [2]= 597 [3]= 881 [4]= 881 [5]= 881 [6]= 881 [7]= 881 [8]= 881 [9]= 881 [10]= 881 [11]= 881 [12]= 881 
key_index before (DPU 130) [0]=   0 [1]= 302 [2]= 618 [3]= 920 [4]= 920 [5]= 920 [6]= 920 [7]= 920 [8]= 920 [9]= 920 [10]= 920 [11]= 920 [12]= 920 
key_index before (DPU 131) [0]=   0 [1]= 299 [2]= 594 [3]= 921 [4]= 921 [5]= 921 [6]= 921 [7]= 921 [8]= 921 [9]= 921 [10]= 921 [11]= 921 [12]= 921 
key_index before (DPU 132) [0]=   0 [1]= 317 [2]= 609 [3]= 912 [4]= 912 [5]= 912 [6]= 912 [7]= 912 [8]= 912 [9]= 912 [10]= 912 [11]= 912 [12]= 912 
key_index before (DPU 133) [0]=   0 [1]= 315 [2]= 622 [3]= 904 [4]= 904 [5]= 904 [6]= 904 [7]= 904 [8]= 904 [9]= 904 [10]= 904 [11]= 904 [12]= 904 
key_index before (DPU 134) [0]=   0 [1]= 306 [2]= 583 [3]= 880 [4]= 880 [5]= 880 [6]= 880 [7]= 880 [8]= 880 [9]= 880 [10]= 880 [11]= 880 [12]= 880 
key_index before (DPU 135) [0]=   0 [1]= 309 [2]= 603 [3]= 893 [4]= 893 [5]= 893 [6]= 893 [7]= 893 [8]= 893 [9]= 893 [10]= 893 [11]= 893 [12]= 893 
key_index before (DPU 136) [0]=   0 [1]= 300 [2]= 607 [3]= 907 [4]= 907 [5]= 907 [6]= 907 [7]= 907 [8]= 907 [9]= 907 [10]= 907 [11]= 907 [12]= 907 
key_index before (DPU 137) [0]=   0 [1]= 287 [2]= 605 [3]= 870 [4]= 870 [5]= 870 [6]= 870 [7]= 870 [8]= 870 [9]= 870 [10]= 870 [11]= 870 [12]= 870 
key_index before (DPU 138) [0]=   0 [1]= 300 [2]= 577 [3]= 867 [4]= 867 [5]= 867 [6]= 867 [7]= 867 [8]= 867 [9]= 867 [10]= 867 [11]= 867 [12]= 867 
key_index before (DPU 139) [0]=   0 [1]= 326 [2]= 619 [3]= 895 [4]= 895 [5]= 895 [6]= 895 [7]= 895 [8]= 895 [9]= 895 [10]= 895 [11]= 895 [12]= 895 
key_index before (DPU 140) [0]=   0 [1]= 274 [2]= 555 [3]= 836 [4]= 836 [5]= 836 [6]= 836 [7]= 836 [8]= 836 [9]= 836 [10]= 836 [11]= 836 [12]= 836 
key_index before (DPU 141) [0]=   0 [1]= 280 [2]= 563 [3]= 843 [4]= 843 [5]= 843 [6]= 843 [7]= 843 [8]= 843 [9]= 843 [10]= 843 [11]= 843 [12]= 843 
key_index before (DPU 142) [0]=   0 [1]= 270 [2]= 546 [3]= 814 [4]= 814 [5]= 814 [6]= 814 [7]= 814 [8]= 814 [9]= 814 [10]= 814 [11]= 814 [12]= 814 
key_index before (DPU 143) [0]=   0 [1]= 297 [2]= 589 [3]= 852 [4]= 852 [5]= 852 [6]= 852 [7]= 852 [8]= 852 [9]= 852 [10]= 852 [11]= 852 [12]= 852 
key_index before (DPU 144) [0]=   0 [1]= 263 [2]= 539 [3]= 820 [4]= 820 [5]= 820 [6]= 820 [7]= 820 [8]= 820 [9]= 820 [10]= 820 [11]= 820 [12]= 820 
key_index before (DPU 145) [0]=   0 [1]= 252 [2]= 517 [3]= 798 [4]= 798 [5]= 798 [6]= 798 [7]= 798 [8]= 798 [9]= 798 [10]= 798 [11]= 798 [12]= 798 
key_index before (DPU 146) [0]=   0 [1]= 263 [2]= 548 [3]= 845 [4]= 845 [5]= 845 [6]= 845 [7]= 845 [8]= 845 [9]= 845 [10]= 845 [11]= 845 [12]= 845 
key_index before (DPU 147) [0]=   0 [1]= 260 [2]= 536 [3]= 845 [4]= 845 [5]= 845 [6]= 845 [7]= 845 [8]= 845 [9]= 845 [10]= 845 [11]= 845 [12]= 845 
key_index before (DPU 148) [0]=   0 [1]= 246 [2]= 538 [3]= 798 [4]= 798 [5]= 798 [6]= 798 [7]= 798 [8]= 798 [9]= 798 [10]= 798 [11]= 798 [12]= 798 
key_index before (DPU 149) [0]=   0 [1]= 276 [2]= 544 [3]= 822 [4]= 822 [5]= 822 [6]= 822 [7]= 822 [8]= 822 [9]= 822 [10]= 822 [11]= 822 [12]= 822 
key_index before (DPU 150) [0]=   0 [1]= 245 [2]= 535 [3]= 803 [4]= 803 [5]= 803 [6]= 803 [7]= 803 [8]= 803 [9]= 803 [10]= 803 [11]= 803 [12]= 803 
key_index before (DPU 151) [0]=   0 [1]= 293 [2]= 558 [3]= 805 [4]= 805 [5]= 805 [6]= 805 [7]= 805 [8]= 805 [9]= 805 [10]= 805 [11]= 805 [12]= 805 
key_index before (DPU 152) [0]=   0 [1]= 263 [2]= 494 [3]= 748 [4]= 748 [5]= 748 [6]= 748 [7]= 748 [8]= 748 [9]= 748 [10]= 748 [11]= 748 [12]= 748 
key_index before (DPU 153) [0]=   0 [1]= 283 [2]= 552 [3]= 798 [4]= 798 [5]= 798 [6]= 798 [7]= 798 [8]= 798 [9]= 798 [10]= 798 [11]= 798 [12]= 798 
key_index before (DPU 154) [0]=   0 [1]= 271 [2]= 542 [3]= 802 [4]= 802 [5]= 802 [6]= 802 [7]= 802 [8]= 802 [9]= 802 [10]= 802 [11]= 802 [12]= 802 
key_index before (DPU 155) [0]=   0 [1]= 261 [2]= 518 [3]= 781 [4]= 781 [5]= 781 [6]= 781 [7]= 781 [8]= 781 [9]= 781 [10]= 781 [11]= 781 [12]= 781 
key_index before (DPU 156) [0]=   0 [1]= 257 [2]= 496 [3]= 751 [4]= 751 [5]= 751 [6]= 751 [7]= 751 [8]= 751 [9]= 751 [10]= 751 [11]= 751 [12]= 751 
key_index before (DPU 157) [0]=   0 [1]= 240 [2]= 496 [3]= 749 [4]= 749 [5]= 749 [6]= 749 [7]= 749 [8]= 749 [9]= 749 [10]= 749 [11]= 749 [12]= 749 
key_index before (DPU 158) [0]=   0 [1]= 256 [2]= 512 [3]= 772 [4]= 772 [5]= 772 [6]= 772 [7]= 772 [8]= 772 [9]= 772 [10]= 772 [11]= 772 [12]= 772 
key_index before (DPU 159) [0]=   0 [1]= 251 [2]= 515 [3]= 765 [4]= 765 [5]= 765 [6]= 765 [7]= 765 [8]= 765 [9]= 765 [10]= 765 [11]= 765 [12]= 765 
key_index before (DPU 160) [0]=   0 [1]= 260 [2]= 508 [3]= 774 [4]= 774 [5]= 774 [6]= 774 [7]= 774 [8]= 774 [9]= 774 [10]= 774 [11]= 774 [12]= 774 
key_index before (DPU 161) [0]=   0 [1]= 250 [2]= 474 [3]= 732 [4]= 732 [5]= 732 [6]= 732 [7]= 732 [8]= 732 [9]= 732 [10]= 732 [11]= 732 [12]= 732 
key_index before (DPU 162) [0]=   0 [1]= 268 [2]= 517 [3]= 744 [4]= 744 [5]= 744 [6]= 744 [7]= 744 [8]= 744 [9]= 744 [10]= 744 [11]= 744 [12]= 744 
key_index before (DPU 163) [0]=   0 [1]= 237 [2]= 486 [3]= 722 [4]= 722 [5]= 722 [6]= 722 [7]= 722 [8]= 722 [9]= 722 [10]= 722 [11]= 722 [12]= 722 
key_index before (DPU 164) [0]=   0 [1]= 235 [2]= 492 [3]= 732 [4]= 732 [5]= 732 [6]= 732 [7]= 732 [8]= 732 [9]= 732 [10]= 732 [11]= 732 [12]= 732 
key_index before (DPU 165) [0]=   0 [1]= 245 [2]= 510 [3]= 731 [4]= 731 [5]= 731 [6]= 731 [7]= 731 [8]= 731 [9]= 731 [10]= 731 [11]= 731 [12]= 731 
key_index before (DPU 166) [0]=   0 [1]= 223 [2]= 437 [3]= 671 [4]= 671 [5]= 671 [6]= 671 [7]= 671 [8]= 671 [9]= 671 [10]= 671 [11]= 671 [12]= 671 
key_index before (DPU 167) [0]=   0 [1]= 220 [2]= 460 [3]= 723 [4]= 723 [5]= 723 [6]= 723 [7]= 723 [8]= 723 [9]= 723 [10]= 723 [11]= 723 [12]= 723 
key_index before (DPU 168) [0]=   0 [1]= 228 [2]= 477 [3]= 740 [4]= 740 [5]= 740 [6]= 740 [7]= 740 [8]= 740 [9]= 740 [10]= 740 [11]= 740 [12]= 740 
key_index before (DPU 169) [0]=   0 [1]= 240 [2]= 470 [3]= 699 [4]= 699 [5]= 699 [6]= 699 [7]= 699 [8]= 699 [9]= 699 [10]= 699 [11]= 699 [12]= 699 
key_index before (DPU 170) [0]=   0 [1]= 229 [2]= 490 [3]= 708 [4]= 708 [5]= 708 [6]= 708 [7]= 708 [8]= 708 [9]= 708 [10]= 708 [11]= 708 [12]= 708 
key_index before (DPU 171) [0]=   0 [1]= 233 [2]= 481 [3]= 709 [4]= 709 [5]= 709 [6]= 709 [7]= 709 [8]= 709 [9]= 709 [10]= 709 [11]= 709 [12]= 709 
key_index before (DPU 172) [0]=   0 [1]= 250 [2]= 473 [3]= 705 [4]= 705 [5]= 705 [6]= 705 [7]= 705 [8]= 705 [9]= 705 [10]= 705 [11]= 705 [12]= 705 
key_index before (DPU 173) [0]=   0 [1]= 237 [2]= 455 [3]= 695 [4]= 695 [5]= 695 [6]= 695 [7]= 695 [8]= 695 [9]= 695 [10]= 695 [11]= 695 [12]= 695 
key_index before (DPU 174) [0]=   0 [1]= 226 [2]= 439 [3]= 650 [4]= 650 [5]= 650 [6]= 650 [7]= 650 [8]= 650 [9]= 650 [10]= 650 [11]= 650 [12]= 650 
key_index before (DPU 175) [0]=   0 [1]= 242 [2]= 476 [3]= 696 [4]= 696 [5]= 696 [6]= 696 [7]= 696 [8]= 696 [9]= 696 [10]= 696 [11]= 696 [12]= 696 
key_index before (DPU 176) [0]=   0 [1]= 211 [2]= 444 [3]= 682 [4]= 682 [5]= 682 [6]= 682 [7]= 682 [8]= 682 [9]= 682 [10]= 682 [11]= 682 [12]= 682 
key_index before (DPU 177) [0]=   0 [1]= 246 [2]= 478 [3]= 708 [4]= 708 [5]= 708 [6]= 708 [7]= 708 [8]= 708 [9]= 708 [10]= 708 [11]= 708 [12]= 708 
key_index before (DPU 178) [0]=   0 [1]= 233 [2]= 451 [3]= 663 [4]= 663 [5]= 663 [6]= 663 [7]= 663 [8]= 663 [9]= 663 [10]= 663 [11]= 663 [12]= 663 
key_index before (DPU 179) [0]=   0 [1]= 238 [2]= 486 [3]= 702 [4]= 702 [5]= 702 [6]= 702 [7]= 702 [8]= 702 [9]= 702 [10]= 702 [11]= 702 [12]= 702 
key_index before (DPU 180) [0]=   0 [1]= 207 [2]= 426 [3]= 656 [4]= 656 [5]= 656 [6]= 656 [7]= 656 [8]= 656 [9]= 656 [10]= 656 [11]= 656 [12]= 656 
key_index before (DPU 181) [0]=   0 [1]= 217 [2]= 435 [3]= 671 [4]= 671 [5]= 671 [6]= 671 [7]= 671 [8]= 671 [9]= 671 [10]= 671 [11]= 671 [12]= 671 
key_index before (DPU 182) [0]=   0 [1]= 217 [2]= 456 [3]= 677 [4]= 677 [5]= 677 [6]= 677 [7]= 677 [8]= 677 [9]= 677 [10]= 677 [11]= 677 [12]= 677 
key_index before (DPU 183) [0]=   0 [1]= 213 [2]= 426 [3]= 627 [4]= 627 [5]= 627 [6]= 627 [7]= 627 [8]= 627 [9]= 627 [10]= 627 [11]= 627 [12]= 627 
key_index before (DPU 184) [0]=   0 [1]= 241 [2]= 449 [3]= 648 [4]= 648 [5]= 648 [6]= 648 [7]= 648 [8]= 648 [9]= 648 [10]= 648 [11]= 648 [12]= 648 
key_index before (DPU 185) [0]=   0 [1]= 255 [2]= 463 [3]= 690 [4]= 690 [5]= 690 [6]= 690 [7]= 690 [8]= 690 [9]= 690 [10]= 690 [11]= 690 [12]= 690 
key_index before (DPU 186) [0]=   0 [1]= 217 [2]= 452 [3]= 675 [4]= 675 [5]= 675 [6]= 675 [7]= 675 [8]= 675 [9]= 675 [10]= 675 [11]= 675 [12]= 675 
key_index before (DPU 187) [0]=   0 [1]= 219 [2]= 421 [3]= 636 [4]= 636 [5]= 636 [6]= 636 [7]= 636 [8]= 636 [9]= 636 [10]= 636 [11]= 636 [12]= 636 
key_index before (DPU 188) [0]=   0 [1]= 200 [2]= 413 [3]= 631 [4]= 631 [5]= 631 [6]= 631 [7]= 631 [8]= 631 [9]= 631 [10]= 631 [11]= 631 [12]= 631 
key_index before (DPU 189) [0]=   0 [1]= 193 [2]= 410 [3]= 605 [4]= 605 [5]= 605 [6]= 605 [7]= 605 [8]= 605 [9]= 605 [10]= 605 [11]= 605 [12]= 605 
key_index before (DPU 190) [0]=   0 [1]= 217 [2]= 423 [3]= 648 [4]= 648 [5]= 648 [6]= 648 [7]= 648 [8]= 648 [9]= 648 [10]= 648 [11]= 648 [12]= 648 
key_index before (DPU 191) [0]=   0 [1]= 191 [2]= 392 [3]= 607 [4]= 607 [5]= 607 [6]= 607 [7]= 607 [8]= 607 [9]= 607 [10]= 607 [11]= 607 [12]= 607 
key_index before (DPU 192) [0]=   0 [1]= 204 [2]= 382 [3]= 580 [4]= 580 [5]= 580 [6]= 580 [7]= 580 [8]= 580 [9]= 580 [10]= 580 [11]= 580 [12]= 580 
key_index before (DPU 193) [0]=   0 [1]= 196 [2]= 393 [3]= 593 [4]= 593 [5]= 593 [6]= 593 [7]= 593 [8]= 593 [9]= 593 [10]= 593 [11]= 593 [12]= 593 
key_index before (DPU 194) [0]=   0 [1]= 187 [2]= 399 [3]= 629 [4]= 629 [5]= 629 [6]= 629 [7]= 629 [8]= 629 [9]= 629 [10]= 629 [11]= 629 [12]= 629 
key_index before (DPU 195) [0]=   0 [1]= 211 [2]= 423 [3]= 647 [4]= 647 [5]= 647 [6]= 647 [7]= 647 [8]= 647 [9]= 647 [10]= 647 [11]= 647 [12]= 647 
key_index before (DPU 196) [0]=   0 [1]= 190 [2]= 387 [3]= 565 [4]= 565 [5]= 565 [6]= 565 [7]= 565 [8]= 565 [9]= 565 [10]= 565 [11]= 565 [12]= 565 
key_index before (DPU 197) [0]=   0 [1]= 197 [2]= 382 [3]= 576 [4]= 576 [5]= 576 [6]= 576 [7]= 576 [8]= 576 [9]= 576 [10]= 576 [11]= 576 [12]= 576 
key_index before (DPU 198) [0]=   0 [1]= 208 [2]= 415 [3]= 619 [4]= 619 [5]= 619 [6]= 619 [7]= 619 [8]= 619 [9]= 619 [10]= 619 [11]= 619 [12]= 619 
key_index before (DPU 199) [0]=   0 [1]= 193 [2]= 413 [3]= 593 [4]= 593 [5]= 593 [6]= 593 [7]= 593 [8]= 593 [9]= 593 [10]= 593 [11]= 593 [12]= 593 
key_index before (DPU 200) [0]=   0 [1]= 217 [2]= 411 [3]= 611 [4]= 611 [5]= 611 [6]= 611 [7]= 611 [8]= 611 [9]= 611 [10]= 611 [11]= 611 [12]= 611 
key_index before (DPU 201) [0]=   0 [1]= 198 [2]= 429 [3]= 645 [4]= 645 [5]= 645 [6]= 645 [7]= 645 [8]= 645 [9]= 645 [10]= 645 [11]= 645 [12]= 645 
key_index before (DPU 202) [0]=   0 [1]= 228 [2]= 435 [3]= 652 [4]= 652 [5]= 652 [6]= 652 [7]= 652 [8]= 652 [9]= 652 [10]= 652 [11]= 652 [12]= 652 
key_index before (DPU 203) [0]=   0 [1]= 202 [2]= 407 [3]= 599 [4]= 599 [5]= 599 [6]= 599 [7]= 599 [8]= 599 [9]= 599 [10]= 599 [11]= 599 [12]= 599 
key_index before (DPU 204) [0]=   0 [1]= 179 [2]= 363 [3]= 589 [4]= 589 [5]= 589 [6]= 589 [7]= 589 [8]= 589 [9]= 589 [10]= 589 [11]= 589 [12]= 589 
key_index before (DPU 205) [0]=   0 [1]= 188 [2]= 390 [3]= 593 [4]= 593 [5]= 593 [6]= 593 [7]= 593 [8]= 593 [9]= 593 [10]= 593 [11]= 593 [12]= 593 
key_index before (DPU 206) [0]=   0 [1]= 217 [2]= 415 [3]= 590 [4]= 590 [5]= 590 [6]= 590 [7]= 590 [8]= 590 [9]= 590 [10]= 590 [11]= 590 [12]= 590 
key_index before (DPU 207) [0]=   0 [1]= 201 [2]= 365 [3]= 552 [4]= 552 [5]= 552 [6]= 552 [7]= 552 [8]= 552 [9]= 552 [10]= 552 [11]= 552 [12]= 552 
key_index before (DPU 208) [0]=   0 [1]= 205 [2]= 392 [3]= 573 [4]= 573 [5]= 573 [6]= 573 [7]= 573 [8]= 573 [9]= 573 [10]= 573 [11]= 573 [12]= 573 
key_index before (DPU 209) [0]=   0 [1]= 198 [2]= 372 [3]= 561 [4]= 561 [5]= 561 [6]= 561 [7]= 561 [8]= 561 [9]= 561 [10]= 561 [11]= 561 [12]= 561 
key_index before (DPU 210) [0]=   0 [1]= 213 [2]= 410 [3]= 585 [4]= 585 [5]= 585 [6]= 585 [7]= 585 [8]= 585 [9]= 585 [10]= 585 [11]= 585 [12]= 585 
key_index before (DPU 211) [0]=   0 [1]= 171 [2]= 346 [3]= 543 [4]= 543 [5]= 543 [6]= 543 [7]= 543 [8]= 543 [9]= 543 [10]= 543 [11]= 543 [12]= 543 
key_index before (DPU 212) [0]=   0 [1]= 190 [2]= 371 [3]= 557 [4]= 557 [5]= 557 [6]= 557 [7]= 557 [8]= 557 [9]= 557 [10]= 557 [11]= 557 [12]= 557 
key_index before (DPU 213) [0]=   0 [1]= 205 [2]= 381 [3]= 549 [4]= 549 [5]= 549 [6]= 549 [7]= 549 [8]= 549 [9]= 549 [10]= 549 [11]= 549 [12]= 549 
key_index before (DPU 214) [0]=   0 [1]= 190 [2]= 378 [3]= 570 [4]= 570 [5]= 570 [6]= 570 [7]= 570 [8]= 570 [9]= 570 [10]= 570 [11]= 570 [12]= 570 
key_index before (DPU 215) [0]=   0 [1]= 189 [2]= 365 [3]= 529 [4]= 529 [5]= 529 [6]= 529 [7]= 529 [8]= 529 [9]= 529 [10]= 529 [11]= 529 [12]= 529 
key_index before (DPU 216) [0]=   0 [1]= 198 [2]= 369 [3]= 561 [4]= 561 [5]= 561 [6]= 561 [7]= 561 [8]= 561 [9]= 561 [10]= 561 [11]= 561 [12]= 561 
key_index before (DPU 217) [0]=   0 [1]= 197 [2]= 388 [3]= 585 [4]= 585 [5]= 585 [6]= 585 [7]= 585 [8]= 585 [9]= 585 [10]= 585 [11]= 585 [12]= 585 
key_index before (DPU 218) [0]=   0 [1]= 182 [2]= 377 [3]= 563 [4]= 563 [5]= 563 [6]= 563 [7]= 563 [8]= 563 [9]= 563 [10]= 563 [11]= 563 [12]= 563 
key_index before (DPU 219) [0]=   0 [1]= 160 [2]= 333 [3]= 479 [4]= 479 [5]= 479 [6]= 479 [7]= 479 [8]= 479 [9]= 479 [10]= 479 [11]= 479 [12]= 479 
key_index before (DPU 220) [0]=   0 [1]= 223 [2]= 407 [3]= 606 [4]= 606 [5]= 606 [6]= 606 [7]= 606 [8]= 606 [9]= 606 [10]= 606 [11]= 606 [12]= 606 
key_index before (DPU 221) [0]=   0 [1]= 183 [2]= 379 [3]= 564 [4]= 564 [5]= 564 [6]= 564 [7]= 564 [8]= 564 [9]= 564 [10]= 564 [11]= 564 [12]= 564 
key_index before (DPU 222) [0]=   0 [1]= 172 [2]= 381 [3]= 557 [4]= 557 [5]= 557 [6]= 557 [7]= 557 [8]= 557 [9]= 557 [10]= 557 [11]= 557 [12]= 557 
key_index before (DPU 223) [0]=   0 [1]= 199 [2]= 389 [3]= 576 [4]= 576 [5]= 576 [6]= 576 [7]= 576 [8]= 576 [9]= 576 [10]= 576 [11]= 576 [12]= 576 
key_index before (DPU 224) [0]=   0 [1]= 187 [2]= 375 [3]= 555 [4]= 555 [5]= 555 [6]= 555 [7]= 555 [8]= 555 [9]= 555 [10]= 555 [11]= 555 [12]= 555 
key_index before (DPU 225) [0]=   0 [1]= 147 [2]= 324 [3]= 483 [4]= 483 [5]= 483 [6]= 483 [7]= 483 [8]= 483 [9]= 483 [10]= 483 [11]= 483 [12]= 483 
key_index before (DPU 226) [0]=   0 [1]= 179 [2]= 364 [3]= 538 [4]= 538 [5]= 538 [6]= 538 [7]= 538 [8]= 538 [9]= 538 [10]= 538 [11]= 538 [12]= 538 
key_index before (DPU 227) [0]=   0 [1]= 183 [2]= 362 [3]= 535 [4]= 535 [5]= 535 [6]= 535 [7]= 535 [8]= 535 [9]= 535 [10]= 535 [11]= 535 [12]= 535 
key_index before (DPU 228) [0]=   0 [1]= 177 [2]= 344 [3]= 501 [4]= 501 [5]= 501 [6]= 501 [7]= 501 [8]= 501 [9]= 501 [10]= 501 [11]= 501 [12]= 501 
key_index before (DPU 229) [0]=   0 [1]= 167 [2]= 339 [3]= 517 [4]= 517 [5]= 517 [6]= 517 [7]= 517 [8]= 517 [9]= 517 [10]= 517 [11]= 517 [12]= 517 
key_index before (DPU 230) [0]=   0 [1]= 180 [2]= 385 [3]= 551 [4]= 551 [5]= 551 [6]= 551 [7]= 551 [8]= 551 [9]= 551 [10]= 551 [11]= 551 [12]= 551 
key_index before (DPU 231) [0]=   0 [1]= 197 [2]= 368 [3]= 532 [4]= 532 [5]= 532 [6]= 532 [7]= 532 [8]= 532 [9]= 532 [10]= 532 [11]= 532 [12]= 532 
key_index before (DPU 232) [0]=   0 [1]= 172 [2]= 348 [3]= 512 [4]= 512 [5]= 512 [6]= 512 [7]= 512 [8]= 512 [9]= 512 [10]= 512 [11]= 512 [12]= 512 
key_index before (DPU 233) [0]=   0 [1]= 153 [2]= 311 [3]= 484 [4]= 484 [5]= 484 [6]= 484 [7]= 484 [8]= 484 [9]= 484 [10]= 484 [11]= 484 [12]= 484 
key_index before (DPU 234) [0]=   0 [1]= 212 [2]= 375 [3]= 530 [4]= 530 [5]= 530 [6]= 530 [7]= 530 [8]= 530 [9]= 530 [10]= 530 [11]= 530 [12]= 530 
key_index before (DPU 235) [0]=   0 [1]= 162 [2]= 334 [3]= 495 [4]= 495 [5]= 495 [6]= 495 [7]= 495 [8]= 495 [9]= 495 [10]= 495 [11]= 495 [12]= 495 
key_index before (DPU 236) [0]=   0 [1]= 169 [2]= 326 [3]= 498 [4]= 498 [5]= 498 [6]= 498 [7]= 498 [8]= 498 [9]= 498 [10]= 498 [11]= 498 [12]= 498 
key_index before (DPU 237) [0]=   0 [1]= 153 [2]= 342 [3]= 514 [4]= 514 [5]= 514 [6]= 514 [7]= 514 [8]= 514 [9]= 514 [10]= 514 [11]= 514 [12]= 514 
key_index before (DPU 238) [0]=   0 [1]= 141 [2]= 321 [3]= 493 [4]= 493 [5]= 493 [6]= 493 [7]= 493 [8]= 493 [9]= 493 [10]= 493 [11]= 493 [12]= 493 
key_index before (DPU 239) [0]=   0 [1]= 162 [2]= 322 [3]= 500 [4]= 500 [5]= 500 [6]= 500 [7]= 500 [8]= 500 [9]= 500 [10]= 500 [11]= 500 [12]= 500 
key_index before (DPU 240) [0]=   0 [1]= 161 [2]= 328 [3]= 498 [4]= 498 [5]= 498 [6]= 498 [7]= 498 [8]= 498 [9]= 498 [10]= 498 [11]= 498 [12]= 498 
key_index before (DPU 241) [0]=   0 [1]= 169 [2]= 327 [3]= 497 [4]= 497 [5]= 497 [6]= 497 [7]= 497 [8]= 497 [9]= 497 [10]= 497 [11]= 497 [12]= 497 
key_index before (DPU 242) [0]=   0 [1]= 177 [2]= 352 [3]= 516 [4]= 516 [5]= 516 [6]= 516 [7]= 516 [8]= 516 [9]= 516 [10]= 516 [11]= 516 [12]= 516 
key_index before (DPU 243) [0]=   0 [1]= 188 [2]= 355 [3]= 499 [4]= 499 [5]= 499 [6]= 499 [7]= 499 [8]= 499 [9]= 499 [10]= 499 [11]= 499 [12]= 499 
key_index before (DPU 244) [0]=   0 [1]= 132 [2]= 275 [3]= 440 [4]= 440 [5]= 440 [6]= 440 [7]= 440 [8]= 440 [9]= 440 [10]= 440 [11]= 440 [12]= 440 
key_index before (DPU 245) [0]=   0 [1]= 166 [2]= 334 [3]= 514 [4]= 514 [5]= 514 [6]= 514 [7]= 514 [8]= 514 [9]= 514 [10]= 514 [11]= 514 [12]= 514 
key_index before (DPU 246) [0]=   0 [1]= 160 [2]= 337 [3]= 486 [4]= 486 [5]= 486 [6]= 486 [7]= 486 [8]= 486 [9]= 486 [10]= 486 [11]= 486 [12]= 486 
key_index before (DPU 247) [0]=   0 [1]= 165 [2]= 327 [3]= 474 [4]= 474 [5]= 474 [6]= 474 [7]= 474 [8]= 474 [9]= 474 [10]= 474 [11]= 474 [12]= 474 
key_index before (DPU 248) [0]=   0 [1]= 154 [2]= 315 [3]= 483 [4]= 483 [5]= 483 [6]= 483 [7]= 483 [8]= 483 [9]= 483 [10]= 483 [11]= 483 [12]= 483 
key_index before (DPU 249) [0]=   0 [1]= 149 [2]= 328 [3]= 490 [4]= 490 [5]= 490 [6]= 490 [7]= 490 [8]= 490 [9]= 490 [10]= 490 [11]= 490 [12]= 490 
key_index before (DPU 250) [0]=   0 [1]= 164 [2]= 312 [3]= 488 [4]= 488 [5]= 488 [6]= 488 [7]= 488 [8]= 488 [9]= 488 [10]= 488 [11]= 488 [12]= 488 
key_index before (DPU 251) [0]=   0 [1]= 147 [2]= 320 [3]= 471 [4]= 471 [5]= 471 [6]= 471 [7]= 471 [8]= 471 [9]= 471 [10]= 471 [11]= 471 [12]= 471 
key_index before (DPU 252) [0]=   0 [1]= 156 [2]= 284 [3]= 431 [4]= 431 [5]= 431 [6]= 431 [7]= 431 [8]= 431 [9]= 431 [10]= 431 [11]= 431 [12]= 431 
key_index before (DPU 253) [0]=   0 [1]= 168 [2]= 350 [3]= 520 [4]= 520 [5]= 520 [6]= 520 [7]= 520 [8]= 520 [9]= 520 [10]= 520 [11]= 520 [12]= 520 
key_index before (DPU 254) [0]=   0 [1]= 138 [2]= 293 [3]= 462 [4]= 462 [5]= 462 [6]= 462 [7]= 462 [8]= 462 [9]= 462 [10]= 462 [11]= 462 [12]= 462 
key_index before (DPU 255) [0]=   0 [1]= 172 [2]= 328 [3]= 492 [4]= 492 [5]= 492 [6]= 492 [7]= 492 [8]= 492 [9]= 492 [10]= 492 [11]= 492 [12]= 492 
key_index before (DPU 256) [0]=   0 [1]= 164 [2]= 300 [3]= 448 [4]= 448 [5]= 448 [6]= 448 [7]= 448 [8]= 448 [9]= 448 [10]= 448 [11]= 448 [12]= 448 
key_index before (DPU 257) [0]=   0 [1]= 140 [2]= 319 [3]= 468 [4]= 468 [5]= 468 [6]= 468 [7]= 468 [8]= 468 [9]= 468 [10]= 468 [11]= 468 [12]= 468 
key_index before (DPU 258) [0]=   0 [1]= 182 [2]= 327 [3]= 465 [4]= 465 [5]= 465 [6]= 465 [7]= 465 [8]= 465 [9]= 465 [10]= 465 [11]= 465 [12]= 465 
key_index before (DPU 259) [0]=   0 [1]= 150 [2]= 298 [3]= 465 [4]= 465 [5]= 465 [6]= 465 [7]= 465 [8]= 465 [9]= 465 [10]= 465 [11]= 465 [12]= 465 
key_index before (DPU 260) [0]=   0 [1]= 137 [2]= 287 [3]= 428 [4]= 428 [5]= 428 [6]= 428 [7]= 428 [8]= 428 [9]= 428 [10]= 428 [11]= 428 [12]= 428 
key_index before (DPU 261) [0]=   0 [1]= 138 [2]= 291 [3]= 473 [4]= 473 [5]= 473 [6]= 473 [7]= 473 [8]= 473 [9]= 473 [10]= 473 [11]= 473 [12]= 473 
key_index before (DPU 262) [0]=   0 [1]= 163 [2]= 308 [3]= 461 [4]= 461 [5]= 461 [6]= 461 [7]= 461 [8]= 461 [9]= 461 [10]= 461 [11]= 461 [12]= 461 
key_index before (DPU 263) [0]=   0 [1]= 165 [2]= 300 [3]= 464 [4]= 464 [5]= 464 [6]= 464 [7]= 464 [8]= 464 [9]= 464 [10]= 464 [11]= 464 [12]= 464 
key_index before (DPU 264) [0]=   0 [1]= 162 [2]= 319 [3]= 468 [4]= 468 [5]= 468 [6]= 468 [7]= 468 [8]= 468 [9]= 468 [10]= 468 [11]= 468 [12]= 468 
key_index before (DPU 265) [0]=   0 [1]= 146 [2]= 299 [3]= 473 [4]= 473 [5]= 473 [6]= 473 [7]= 473 [8]= 473 [9]= 473 [10]= 473 [11]= 473 [12]= 473 
key_index before (DPU 266) [0]=   0 [1]= 160 [2]= 286 [3]= 434 [4]= 434 [5]= 434 [6]= 434 [7]= 434 [8]= 434 [9]= 434 [10]= 434 [11]= 434 [12]= 434 
key_index before (DPU 267) [0]=   0 [1]= 149 [2]= 282 [3]= 415 [4]= 415 [5]= 415 [6]= 415 [7]= 415 [8]= 415 [9]= 415 [10]= 415 [11]= 415 [12]= 415 
key_index before (DPU 268) [0]=   0 [1]= 164 [2]= 311 [3]= 467 [4]= 467 [5]= 467 [6]= 467 [7]= 467 [8]= 467 [9]= 467 [10]= 467 [11]= 467 [12]= 467 
key_index before (DPU 269) [0]=   0 [1]= 143 [2]= 300 [3]= 459 [4]= 459 [5]= 459 [6]= 459 [7]= 459 [8]= 459 [9]= 459 [10]= 459 [11]= 459 [12]= 459 
key_index before (DPU 270) [0]=   0 [1]= 139 [2]= 303 [3]= 463 [4]= 463 [5]= 463 [6]= 463 [7]= 463 [8]= 463 [9]= 463 [10]= 463 [11]= 463 [12]= 463 
key_index before (DPU 271) [0]=   0 [1]= 150 [2]= 306 [3]= 467 [4]= 467 [5]= 467 [6]= 467 [7]= 467 [8]= 467 [9]= 467 [10]= 467 [11]= 467 [12]= 467 
key_index before (DPU 272) [0]=   0 [1]= 154 [2]= 307 [3]= 458 [4]= 458 [5]= 458 [6]= 458 [7]= 458 [8]= 458 [9]= 458 [10]= 458 [11]= 458 [12]= 458 
key_index before (DPU 273) [0]=   0 [1]= 137 [2]= 283 [3]= 442 [4]= 442 [5]= 442 [6]= 442 [7]= 442 [8]= 442 [9]= 442 [10]= 442 [11]= 442 [12]= 442 
key_index before (DPU 274) [0]=   0 [1]= 135 [2]= 300 [3]= 453 [4]= 453 [5]= 453 [6]= 453 [7]= 453 [8]= 453 [9]= 453 [10]= 453 [11]= 453 [12]= 453 
key_index before (DPU 275) [0]=   0 [1]= 159 [2]= 302 [3]= 459 [4]= 459 [5]= 459 [6]= 459 [7]= 459 [8]= 459 [9]= 459 [10]= 459 [11]= 459 [12]= 459 
key_index before (DPU 276) [0]=   0 [1]= 147 [2]= 334 [3]= 480 [4]= 480 [5]= 480 [6]= 480 [7]= 480 [8]= 480 [9]= 480 [10]= 480 [11]= 480 [12]= 480 
key_index before (DPU 277) [0]=   0 [1]= 169 [2]= 312 [3]= 467 [4]= 467 [5]= 467 [6]= 467 [7]= 467 [8]= 467 [9]= 467 [10]= 467 [11]= 467 [12]= 467 
key_index before (DPU 278) [0]=   0 [1]= 142 [2]= 292 [3]= 451 [4]= 451 [5]= 451 [6]= 451 [7]= 451 [8]= 451 [9]= 451 [10]= 451 [11]= 451 [12]= 451 
key_index before (DPU 279) [0]=   0 [1]= 162 [2]= 312 [3]= 476 [4]= 476 [5]= 476 [6]= 476 [7]= 476 [8]= 476 [9]= 476 [10]= 476 [11]= 476 [12]= 476 
key_index before (DPU 280) [0]=   0 [1]= 142 [2]= 315 [3]= 466 [4]= 466 [5]= 466 [6]= 466 [7]= 466 [8]= 466 [9]= 466 [10]= 466 [11]= 466 [12]= 466 
key_index before (DPU 281) [0]=   0 [1]= 129 [2]= 286 [3]= 429 [4]= 429 [5]= 429 [6]= 429 [7]= 429 [8]= 429 [9]= 429 [10]= 429 [11]= 429 [12]= 429 
key_index before (DPU 282) [0]=   0 [1]= 170 [2]= 311 [3]= 483 [4]= 483 [5]= 483 [6]= 483 [7]= 483 [8]= 483 [9]= 483 [10]= 483 [11]= 483 [12]= 483 
key_index before (DPU 283) [0]=   0 [1]= 137 [2]= 276 [3]= 398 [4]= 398 [5]= 398 [6]= 398 [7]= 398 [8]= 398 [9]= 398 [10]= 398 [11]= 398 [12]= 398 
key_index before (DPU 284) [0]=   0 [1]= 129 [2]= 284 [3]= 433 [4]= 433 [5]= 433 [6]= 433 [7]= 433 [8]= 433 [9]= 433 [10]= 433 [11]= 433 [12]= 433 
key_index before (DPU 285) [0]=   0 [1]= 159 [2]= 305 [3]= 455 [4]= 455 [5]= 455 [6]= 455 [7]= 455 [8]= 455 [9]= 455 [10]= 455 [11]= 455 [12]= 455 
key_index before (DPU 286) [0]=   0 [1]= 122 [2]= 237 [3]= 378 [4]= 378 [5]= 378 [6]= 378 [7]= 378 [8]= 378 [9]= 378 [10]= 378 [11]= 378 [12]= 378 
key_index before (DPU 287) [0]=   0 [1]= 148 [2]= 302 [3]= 448 [4]= 448 [5]= 448 [6]= 448 [7]= 448 [8]= 448 [9]= 448 [10]= 448 [11]= 448 [12]= 448 
key_index before (DPU 288) [0]=   0 [1]= 151 [2]= 297 [3]= 426 [4]= 426 [5]= 426 [6]= 426 [7]= 426 [8]= 426 [9]= 426 [10]= 426 [11]= 426 [12]= 426 
key_index before (DPU 289) [0]=   0 [1]= 131 [2]= 264 [3]= 413 [4]= 413 [5]= 413 [6]= 413 [7]= 413 [8]= 413 [9]= 413 [10]= 413 [11]= 413 [12]= 413 
key_index before (DPU 290) [0]=   0 [1]= 130 [2]= 244 [3]= 395 [4]= 395 [5]= 395 [6]= 395 [7]= 395 [8]= 395 [9]= 395 [10]= 395 [11]= 395 [12]= 395 
key_index before (DPU 291) [0]=   0 [1]= 121 [2]= 276 [3]= 401 [4]= 401 [5]= 401 [6]= 401 [7]= 401 [8]= 401 [9]= 401 [10]= 401 [11]= 401 [12]= 401 
key_index before (DPU 292) [0]=   0 [1]= 150 [2]= 303 [3]= 437 [4]= 437 [5]= 437 [6]= 437 [7]= 437 [8]= 437 [9]= 437 [10]= 437 [11]= 437 [12]= 437 
key_index before (DPU 293) [0]=   0 [1]= 125 [2]= 271 [3]= 411 [4]= 411 [5]= 411 [6]= 411 [7]= 411 [8]= 411 [9]= 411 [10]= 411 [11]= 411 [12]= 411 
key_index before (DPU 294) [0]=   0 [1]= 143 [2]= 275 [3]= 436 [4]= 436 [5]= 436 [6]= 436 [7]= 436 [8]= 436 [9]= 436 [10]= 436 [11]= 436 [12]= 436 
key_index before (DPU 295) [0]=   0 [1]= 153 [2]= 291 [3]= 453 [4]= 453 [5]= 453 [6]= 453 [7]= 453 [8]= 453 [9]= 453 [10]= 453 [11]= 453 [12]= 453 
key_index before (DPU 296) [0]=   0 [1]= 134 [2]= 262 [3]= 387 [4]= 387 [5]= 387 [6]= 387 [7]= 387 [8]= 387 [9]= 387 [10]= 387 [11]= 387 [12]= 387 
key_index before (DPU 297) [0]=   0 [1]= 132 [2]= 253 [3]= 427 [4]= 427 [5]= 427 [6]= 427 [7]= 427 [8]= 427 [9]= 427 [10]= 427 [11]= 427 [12]= 427 
key_index before (DPU 298) [0]=   0 [1]= 131 [2]= 280 [3]= 404 [4]= 404 [5]= 404 [6]= 404 [7]= 404 [8]= 404 [9]= 404 [10]= 404 [11]= 404 [12]= 404 
key_index before (DPU 299) [0]=   0 [1]= 128 [2]= 255 [3]= 397 [4]= 397 [5]= 397 [6]= 397 [7]= 397 [8]= 397 [9]= 397 [10]= 397 [11]= 397 [12]= 397 
key_index before (DPU 300) [0]=   0 [1]= 123 [2]= 239 [3]= 363 [4]= 363 [5]= 363 [6]= 363 [7]= 363 [8]= 363 [9]= 363 [10]= 363 [11]= 363 [12]= 363 
key_index before (DPU 301) [0]=   0 [1]= 111 [2]= 262 [3]= 417 [4]= 417 [5]= 417 [6]= 417 [7]= 417 [8]= 417 [9]= 417 [10]= 417 [11]= 417 [12]= 417 
key_index before (DPU 302) [0]=   0 [1]= 142 [2]= 283 [3]= 430 [4]= 430 [5]= 430 [6]= 430 [7]= 430 [8]= 430 [9]= 430 [10]= 430 [11]= 430 [12]= 430 
key_index before (DPU 303) [0]=   0 [1]= 138 [2]= 274 [3]= 415 [4]= 415 [5]= 415 [6]= 415 [7]= 415 [8]= 415 [9]= 415 [10]= 415 [11]= 415 [12]= 415 
key_index before (DPU 304) [0]=   0 [1]= 139 [2]= 279 [3]= 417 [4]= 417 [5]= 417 [6]= 417 [7]= 417 [8]= 417 [9]= 417 [10]= 417 [11]= 417 [12]= 417 
key_index before (DPU 305) [0]=   0 [1]= 121 [2]= 258 [3]= 393 [4]= 393 [5]= 393 [6]= 393 [7]= 393 [8]= 393 [9]= 393 [10]= 393 [11]= 393 [12]= 393 
key_index before (DPU 306) [0]=   0 [1]= 125 [2]= 248 [3]= 393 [4]= 393 [5]= 393 [6]= 393 [7]= 393 [8]= 393 [9]= 393 [10]= 393 [11]= 393 [12]= 393 
key_index before (DPU 307) [0]=   0 [1]= 116 [2]= 247 [3]= 366 [4]= 366 [5]= 366 [6]= 366 [7]= 366 [8]= 366 [9]= 366 [10]= 366 [11]= 366 [12]= 366 
key_index before (DPU 308) [0]=   0 [1]= 117 [2]= 242 [3]= 368 [4]= 368 [5]= 368 [6]= 368 [7]= 368 [8]= 368 [9]= 368 [10]= 368 [11]= 368 [12]= 368 
key_index before (DPU 309) [0]=   0 [1]= 125 [2]= 219 [3]= 365 [4]= 365 [5]= 365 [6]= 365 [7]= 365 [8]= 365 [9]= 365 [10]= 365 [11]= 365 [12]= 365 
key_index before (DPU 310) [0]=   0 [1]= 154 [2]= 285 [3]= 431 [4]= 431 [5]= 431 [6]= 431 [7]= 431 [8]= 431 [9]= 431 [10]= 431 [11]= 431 [12]= 431 
key_index before (DPU 311) [0]=   0 [1]= 143 [2]= 270 [3]= 407 [4]= 407 [5]= 407 [6]= 407 [7]= 407 [8]= 407 [9]= 407 [10]= 407 [11]= 407 [12]= 407 
key_index before (DPU 312) [0]=   0 [1]= 138 [2]= 253 [3]= 386 [4]= 386 [5]= 386 [6]= 386 [7]= 386 [8]= 386 [9]= 386 [10]= 386 [11]= 386 [12]= 386 
key_index before (DPU 313) [0]=   0 [1]= 123 [2]= 252 [3]= 373 [4]= 373 [5]= 373 [6]= 373 [7]= 373 [8]= 373 [9]= 373 [10]= 373 [11]= 373 [12]= 373 
key_index before (DPU 314) [0]=   0 [1]= 129 [2]= 258 [3]= 383 [4]= 383 [5]= 383 [6]= 383 [7]= 383 [8]= 383 [9]= 383 [10]= 383 [11]= 383 [12]= 383 
key_index before (DPU 315) [0]=   0 [1]= 115 [2]= 249 [3]= 381 [4]= 381 [5]= 381 [6]= 381 [7]= 381 [8]= 381 [9]= 381 [10]= 381 [11]= 381 [12]= 381 
key_index before (DPU 316) [0]=   0 [1]= 122 [2]= 233 [3]= 357 [4]= 357 [5]= 357 [6]= 357 [7]= 357 [8]= 357 [9]= 357 [10]= 357 [11]= 357 [12]= 357 
key_index before (DPU 317) [0]=   0 [1]= 124 [2]= 249 [3]= 375 [4]= 375 [5]= 375 [6]= 375 [7]= 375 [8]= 375 [9]= 375 [10]= 375 [11]= 375 [12]= 375 
key_index before (DPU 318) [0]=   0 [1]= 131 [2]= 257 [3]= 380 [4]= 380 [5]= 380 [6]= 380 [7]= 380 [8]= 380 [9]= 380 [10]= 380 [11]= 380 [12]= 380 
key_index before (DPU 319) [0]=   0 [1]= 148 [2]= 254 [3]= 380 [4]= 380 [5]= 380 [6]= 380 [7]= 380 [8]= 380 [9]= 380 [10]= 380 [11]= 380 [12]= 380 
key_index before (DPU 320) [0]=   0 [1]= 135 [2]= 262 [3]= 395 [4]= 395 [5]= 395 [6]= 395 [7]= 395 [8]= 395 [9]= 395 [10]= 395 [11]= 395 [12]= 395 
key_index before (DPU 321) [0]=   0 [1]= 115 [2]= 246 [3]= 373 [4]= 373 [5]= 373 [6]= 373 [7]= 373 [8]= 373 [9]= 373 [10]= 373 [11]= 373 [12]= 373 
key_index before (DPU 322) [0]=   0 [1]= 131 [2]= 274 [3]= 392 [4]= 392 [5]= 392 [6]= 392 [7]= 392 [8]= 392 [9]= 392 [10]= 392 [11]= 392 [12]= 392 
key_index before (DPU 323) [0]=   0 [1]=  99 [2]= 235 [3]= 371 [4]= 371 [5]= 371 [6]= 371 [7]= 371 [8]= 371 [9]= 371 [10]= 371 [11]= 371 [12]= 371 
key_index before (DPU 324) [0]=   0 [1]= 140 [2]= 259 [3]= 391 [4]= 391 [5]= 391 [6]= 391 [7]= 391 [8]= 391 [9]= 391 [10]= 391 [11]= 391 [12]= 391 
key_index before (DPU 325) [0]=   0 [1]= 130 [2]= 258 [3]= 380 [4]= 380 [5]= 380 [6]= 380 [7]= 380 [8]= 380 [9]= 380 [10]= 380 [11]= 380 [12]= 380 
key_index before (DPU 326) [0]=   0 [1]= 123 [2]= 239 [3]= 376 [4]= 376 [5]= 376 [6]= 376 [7]= 376 [8]= 376 [9]= 376 [10]= 376 [11]= 376 [12]= 376 
key_index before (DPU 327) [0]=   0 [1]= 114 [2]= 238 [3]= 358 [4]= 358 [5]= 358 [6]= 358 [7]= 358 [8]= 358 [9]= 358 [10]= 358 [11]= 358 [12]= 358 
key_index before (DPU 328) [0]=   0 [1]= 107 [2]= 228 [3]= 348 [4]= 348 [5]= 348 [6]= 348 [7]= 348 [8]= 348 [9]= 348 [10]= 348 [11]= 348 [12]= 348 
key_index before (DPU 329) [0]=   0 [1]= 155 [2]= 295 [3]= 429 [4]= 429 [5]= 429 [6]= 429 [7]= 429 [8]= 429 [9]= 429 [10]= 429 [11]= 429 [12]= 429 
key_index before (DPU 330) [0]=   0 [1]= 125 [2]= 260 [3]= 399 [4]= 399 [5]= 399 [6]= 399 [7]= 399 [8]= 399 [9]= 399 [10]= 399 [11]= 399 [12]= 399 
key_index before (DPU 331) [0]=   0 [1]= 136 [2]= 296 [3]= 405 [4]= 405 [5]= 405 [6]= 405 [7]= 405 [8]= 405 [9]= 405 [10]= 405 [11]= 405 [12]= 405 
key_index before (DPU 332) [0]=   0 [1]= 123 [2]= 261 [3]= 387 [4]= 387 [5]= 387 [6]= 387 [7]= 387 [8]= 387 [9]= 387 [10]= 387 [11]= 387 [12]= 387 
key_index before (DPU 333) [0]=   0 [1]= 118 [2]= 232 [3]= 336 [4]= 336 [5]= 336 [6]= 336 [7]= 336 [8]= 336 [9]= 336 [10]= 336 [11]= 336 [12]= 336 
key_index before (DPU 334) [0]=   0 [1]= 147 [2]= 260 [3]= 381 [4]= 381 [5]= 381 [6]= 381 [7]= 381 [8]= 381 [9]= 381 [10]= 381 [11]= 381 [12]= 381 
key_index before (DPU 335) [0]=   0 [1]= 124 [2]= 236 [3]= 365 [4]= 365 [5]= 365 [6]= 365 [7]= 365 [8]= 365 [9]= 365 [10]= 365 [11]= 365 [12]= 365 
key_index before (DPU 336) [0]=   0 [1]= 117 [2]= 257 [3]= 381 [4]= 381 [5]= 381 [6]= 381 [7]= 381 [8]= 381 [9]= 381 [10]= 381 [11]= 381 [12]= 381 
key_index before (DPU 337) [0]=   0 [1]= 100 [2]= 226 [3]= 355 [4]= 355 [5]= 355 [6]= 355 [7]= 355 [8]= 355 [9]= 355 [10]= 355 [11]= 355 [12]= 355 
key_index before (DPU 338) [0]=   0 [1]= 112 [2]= 230 [3]= 341 [4]= 341 [5]= 341 [6]= 341 [7]= 341 [8]= 341 [9]= 341 [10]= 341 [11]= 341 [12]= 341 
key_index before (DPU 339) [0]=   0 [1]= 107 [2]= 231 [3]= 352 [4]= 352 [5]= 352 [6]= 352 [7]= 352 [8]= 352 [9]= 352 [10]= 352 [11]= 352 [12]= 352 
key_index before (DPU 340) [0]=   0 [1]= 100 [2]= 228 [3]= 335 [4]= 335 [5]= 335 [6]= 335 [7]= 335 [8]= 335 [9]= 335 [10]= 335 [11]= 335 [12]= 335 
key_index before (DPU 341) [0]=   0 [1]= 110 [2]= 231 [3]= 347 [4]= 347 [5]= 347 [6]= 347 [7]= 347 [8]= 347 [9]= 347 [10]= 347 [11]= 347 [12]= 347 
key_index before (DPU 342) [0]=   0 [1]= 113 [2]= 224 [3]= 339 [4]= 339 [5]= 339 [6]= 339 [7]= 339 [8]= 339 [9]= 339 [10]= 339 [11]= 339 [12]= 339 
key_index before (DPU 343) [0]=   0 [1]= 119 [2]= 231 [3]= 361 [4]= 361 [5]= 361 [6]= 361 [7]= 361 [8]= 361 [9]= 361 [10]= 361 [11]= 361 [12]= 361 
key_index before (DPU 344) [0]=   0 [1]= 108 [2]= 212 [3]= 339 [4]= 339 [5]= 339 [6]= 339 [7]= 339 [8]= 339 [9]= 339 [10]= 339 [11]= 339 [12]= 339 
key_index before (DPU 345) [0]=   0 [1]=  90 [2]= 208 [3]= 316 [4]= 316 [5]= 316 [6]= 316 [7]= 316 [8]= 316 [9]= 316 [10]= 316 [11]= 316 [12]= 316 
key_index before (DPU 346) [0]=   0 [1]= 102 [2]= 235 [3]= 360 [4]= 360 [5]= 360 [6]= 360 [7]= 360 [8]= 360 [9]= 360 [10]= 360 [11]= 360 [12]= 360 
key_index before (DPU 347) [0]=   0 [1]= 125 [2]= 246 [3]= 364 [4]= 364 [5]= 364 [6]= 364 [7]= 364 [8]= 364 [9]= 364 [10]= 364 [11]= 364 [12]= 364 
key_index before (DPU 348) [0]=   0 [1]= 120 [2]= 239 [3]= 358 [4]= 358 [5]= 358 [6]= 358 [7]= 358 [8]= 358 [9]= 358 [10]= 358 [11]= 358 [12]= 358 
key_index before (DPU 349) [0]=   0 [1]= 121 [2]= 227 [3]= 350 [4]= 350 [5]= 350 [6]= 350 [7]= 350 [8]= 350 [9]= 350 [10]= 350 [11]= 350 [12]= 350 
key_index before (DPU 350) [0]=   0 [1]= 113 [2]= 229 [3]= 336 [4]= 336 [5]= 336 [6]= 336 [7]= 336 [8]= 336 [9]= 336 [10]= 336 [11]= 336 [12]= 336 
key_index before (DPU 351) [0]=   0 [1]= 113 [2]= 233 [3]= 361 [4]= 361 [5]= 361 [6]= 361 [7]= 361 [8]= 361 [9]= 361 [10]= 361 [11]= 361 [12]= 361 
key_index before (DPU 352) [0]=   0 [1]= 113 [2]= 226 [3]= 328 [4]= 328 [5]= 328 [6]= 328 [7]= 328 [8]= 328 [9]= 328 [10]= 328 [11]= 328 [12]= 328 
key_index before (DPU 353) [0]=   0 [1]= 128 [2]= 233 [3]= 338 [4]= 338 [5]= 338 [6]= 338 [7]= 338 [8]= 338 [9]= 338 [10]= 338 [11]= 338 [12]= 338 
key_index before (DPU 354) [0]=   0 [1]= 123 [2]= 235 [3]= 367 [4]= 367 [5]= 367 [6]= 367 [7]= 367 [8]= 367 [9]= 367 [10]= 367 [11]= 367 [12]= 367 
key_index before (DPU 355) [0]=   0 [1]= 106 [2]= 209 [3]= 330 [4]= 330 [5]= 330 [6]= 330 [7]= 330 [8]= 330 [9]= 330 [10]= 330 [11]= 330 [12]= 330 
key_index before (DPU 356) [0]=   0 [1]= 109 [2]= 222 [3]= 339 [4]= 339 [5]= 339 [6]= 339 [7]= 339 [8]= 339 [9]= 339 [10]= 339 [11]= 339 [12]= 339 
key_index before (DPU 357) [0]=   0 [1]= 103 [2]= 233 [3]= 344 [4]= 344 [5]= 344 [6]= 344 [7]= 344 [8]= 344 [9]= 344 [10]= 344 [11]= 344 [12]= 344 
key_index before (DPU 358) [0]=   0 [1]= 115 [2]= 227 [3]= 336 [4]= 336 [5]= 336 [6]= 336 [7]= 336 [8]= 336 [9]= 336 [10]= 336 [11]= 336 [12]= 336 
key_index before (DPU 359) [0]=   0 [1]= 118 [2]= 228 [3]= 347 [4]= 347 [5]= 347 [6]= 347 [7]= 347 [8]= 347 [9]= 347 [10]= 347 [11]= 347 [12]= 347 
key_index before (DPU 360) [0]=   0 [1]= 112 [2]= 230 [3]= 337 [4]= 337 [5]= 337 [6]= 337 [7]= 337 [8]= 337 [9]= 337 [10]= 337 [11]= 337 [12]= 337 
key_index before (DPU 361) [0]=   0 [1]= 143 [2]= 252 [3]= 359 [4]= 359 [5]= 359 [6]= 359 [7]= 359 [8]= 359 [9]= 359 [10]= 359 [11]= 359 [12]= 359 
key_index before (DPU 362) [0]=   0 [1]=  95 [2]= 189 [3]= 294 [4]= 294 [5]= 294 [6]= 294 [7]= 294 [8]= 294 [9]= 294 [10]= 294 [11]= 294 [12]= 294 
key_index before (DPU 363) [0]=   0 [1]=  94 [2]= 210 [3]= 295 [4]= 295 [5]= 295 [6]= 295 [7]= 295 [8]= 295 [9]= 295 [10]= 295 [11]= 295 [12]= 295 
key_index before (DPU 364) [0]=   0 [1]=  89 [2]= 220 [3]= 331 [4]= 331 [5]= 331 [6]= 331 [7]= 331 [8]= 331 [9]= 331 [10]= 331 [11]= 331 [12]= 331 
key_index before (DPU 365) [0]=   0 [1]= 116 [2]= 231 [3]= 313 [4]= 313 [5]= 313 [6]= 313 [7]= 313 [8]= 313 [9]= 313 [10]= 313 [11]= 313 [12]= 313 
key_index before (DPU 366) [0]=   0 [1]= 110 [2]= 234 [3]= 357 [4]= 357 [5]= 357 [6]= 357 [7]= 357 [8]= 357 [9]= 357 [10]= 357 [11]= 357 [12]= 357 
key_index before (DPU 367) [0]=   0 [1]= 118 [2]= 234 [3]= 346 [4]= 346 [5]= 346 [6]= 346 [7]= 346 [8]= 346 [9]= 346 [10]= 346 [11]= 346 [12]= 346 
key_index before (DPU 368) [0]=   0 [1]= 100 [2]= 187 [3]= 303 [4]= 303 [5]= 303 [6]= 303 [7]= 303 [8]= 303 [9]= 303 [10]= 303 [11]= 303 [12]= 303 
key_index before (DPU 369) [0]=   0 [1]= 100 [2]= 228 [3]= 337 [4]= 337 [5]= 337 [6]= 337 [7]= 337 [8]= 337 [9]= 337 [10]= 337 [11]= 337 [12]= 337 
key_index before (DPU 370) [0]=   0 [1]= 101 [2]= 229 [3]= 336 [4]= 336 [5]= 336 [6]= 336 [7]= 336 [8]= 336 [9]= 336 [10]= 336 [11]= 336 [12]= 336 
key_index before (DPU 371) [0]=   0 [1]=  99 [2]= 222 [3]= 330 [4]= 330 [5]= 330 [6]= 330 [7]= 330 [8]= 330 [9]= 330 [10]= 330 [11]= 330 [12]= 330 
key_index before (DPU 372) [0]=   0 [1]= 117 [2]= 216 [3]= 343 [4]= 343 [5]= 343 [6]= 343 [7]= 343 [8]= 343 [9]= 343 [10]= 343 [11]= 343 [12]= 343 
key_index before (DPU 373) [0]=   0 [1]= 107 [2]= 217 [3]= 310 [4]= 310 [5]= 310 [6]= 310 [7]= 310 [8]= 310 [9]= 310 [10]= 310 [11]= 310 [12]= 310 
key_index before (DPU 374) [0]=   0 [1]= 105 [2]= 226 [3]= 329 [4]= 329 [5]= 329 [6]= 329 [7]= 329 [8]= 329 [9]= 329 [10]= 329 [11]= 329 [12]= 329 
key_index before (DPU 375) [0]=   0 [1]= 117 [2]= 215 [3]= 334 [4]= 334 [5]= 334 [6]= 334 [7]= 334 [8]= 334 [9]= 334 [10]= 334 [11]= 334 [12]= 334 
key_index before (DPU 376) [0]=   0 [1]=  91 [2]= 208 [3]= 312 [4]= 312 [5]= 312 [6]= 312 [7]= 312 [8]= 312 [9]= 312 [10]= 312 [11]= 312 [12]= 312 
key_index before (DPU 377) [0]=   0 [1]= 115 [2]= 236 [3]= 339 [4]= 339 [5]= 339 [6]= 339 [7]= 339 [8]= 339 [9]= 339 [10]= 339 [11]= 339 [12]= 339 
key_index before (DPU 378) [0]=   0 [1]= 123 [2]= 222 [3]= 339 [4]= 339 [5]= 339 [6]= 339 [7]= 339 [8]= 339 [9]= 339 [10]= 339 [11]= 339 [12]= 339 
key_index before (DPU 379) [0]=   0 [1]= 111 [2]= 228 [3]= 343 [4]= 343 [5]= 343 [6]= 343 [7]= 343 [8]= 343 [9]= 343 [10]= 343 [11]= 343 [12]= 343 
key_index before (DPU 380) [0]=   0 [1]=  98 [2]= 193 [3]= 308 [4]= 308 [5]= 308 [6]= 308 [7]= 308 [8]= 308 [9]= 308 [10]= 308 [11]= 308 [12]= 308 
key_index before (DPU 381) [0]=   0 [1]= 115 [2]= 223 [3]= 334 [4]= 334 [5]= 334 [6]= 334 [7]= 334 [8]= 334 [9]= 334 [10]= 334 [11]= 334 [12]= 334 
key_index before (DPU 382) [0]=   0 [1]= 100 [2]= 206 [3]= 315 [4]= 315 [5]= 315 [6]= 315 [7]= 315 [8]= 315 [9]= 315 [10]= 315 [11]= 315 [12]= 315 
key_index before (DPU 383) [0]=   0 [1]= 103 [2]= 229 [3]= 334 [4]= 334 [5]= 334 [6]= 334 [7]= 334 [8]= 334 [9]= 334 [10]= 334 [11]= 334 [12]= 334 
key_index before (DPU 384) [0]=   0 [1]= 134 [2]= 227 [3]= 331 [4]= 331 [5]= 331 [6]= 331 [7]= 331 [8]= 331 [9]= 331 [10]= 331 [11]= 331 [12]= 331 
key_index before (DPU 385) [0]=   0 [1]= 101 [2]= 221 [3]= 334 [4]= 334 [5]= 334 [6]= 334 [7]= 334 [8]= 334 [9]= 334 [10]= 334 [11]= 334 [12]= 334 
key_index before (DPU 386) [0]=   0 [1]= 110 [2]= 224 [3]= 329 [4]= 329 [5]= 329 [6]= 329 [7]= 329 [8]= 329 [9]= 329 [10]= 329 [11]= 329 [12]= 329 
key_index before (DPU 387) [0]=   0 [1]= 103 [2]= 188 [3]= 293 [4]= 293 [5]= 293 [6]= 293 [7]= 293 [8]= 293 [9]= 293 [10]= 293 [11]= 293 [12]= 293 
key_index before (DPU 388) [0]=   0 [1]= 109 [2]= 210 [3]= 315 [4]= 315 [5]= 315 [6]= 315 [7]= 315 [8]= 315 [9]= 315 [10]= 315 [11]= 315 [12]= 315 
key_index before (DPU 389) [0]=   0 [1]= 128 [2]= 251 [3]= 361 [4]= 361 [5]= 361 [6]= 361 [7]= 361 [8]= 361 [9]= 361 [10]= 361 [11]= 361 [12]= 361 
key_index before (DPU 390) [0]=   0 [1]=  93 [2]= 199 [3]= 310 [4]= 310 [5]= 310 [6]= 310 [7]= 310 [8]= 310 [9]= 310 [10]= 310 [11]= 310 [12]= 310 
key_index before (DPU 391) [0]=   0 [1]= 114 [2]= 202 [3]= 313 [4]= 313 [5]= 313 [6]= 313 [7]= 313 [8]= 313 [9]= 313 [10]= 313 [11]= 313 [12]= 313 
key_index before (DPU 392) [0]=   0 [1]= 120 [2]= 217 [3]= 344 [4]= 344 [5]= 344 [6]= 344 [7]= 344 [8]= 344 [9]= 344 [10]= 344 [11]= 344 [12]= 344 
key_index before (DPU 393) [0]=   0 [1]= 106 [2]= 214 [3]= 322 [4]= 322 [5]= 322 [6]= 322 [7]= 322 [8]= 322 [9]= 322 [10]= 322 [11]= 322 [12]= 322 
key_index before (DPU 394) [0]=   0 [1]=  76 [2]= 172 [3]= 276 [4]= 276 [5]= 276 [6]= 276 [7]= 276 [8]= 276 [9]= 276 [10]= 276 [11]= 276 [12]= 276 
key_index before (DPU 395) [0]=   0 [1]= 107 [2]= 214 [3]= 327 [4]= 327 [5]= 327 [6]= 327 [7]= 327 [8]= 327 [9]= 327 [10]= 327 [11]= 327 [12]= 327 
key_index before (DPU 396) [0]=   0 [1]=  75 [2]= 173 [3]= 289 [4]= 289 [5]= 289 [6]= 289 [7]= 289 [8]= 289 [9]= 289 [10]= 289 [11]= 289 [12]= 289 
key_index before (DPU 397) [0]=   0 [1]=  94 [2]= 183 [3]= 275 [4]= 275 [5]= 275 [6]= 275 [7]= 275 [8]= 275 [9]= 275 [10]= 275 [11]= 275 [12]= 275 
key_index before (DPU 398) [0]=   0 [1]= 103 [2]= 203 [3]= 304 [4]= 304 [5]= 304 [6]= 304 [7]= 304 [8]= 304 [9]= 304 [10]= 304 [11]= 304 [12]= 304 
key_index before (DPU 399) [0]=   0 [1]= 105 [2]= 203 [3]= 305 [4]= 305 [5]= 305 [6]= 305 [7]= 305 [8]= 305 [9]= 305 [10]= 305 [11]= 305 [12]= 305 
key_index before (DPU 400) [0]=   0 [1]=  92 [2]= 184 [3]= 299 [4]= 299 [5]= 299 [6]= 299 [7]= 299 [8]= 299 [9]= 299 [10]= 299 [11]= 299 [12]= 299 
key_index before (DPU 401) [0]=   0 [1]= 112 [2]= 205 [3]= 314 [4]= 314 [5]= 314 [6]= 314 [7]= 314 [8]= 314 [9]= 314 [10]= 314 [11]= 314 [12]= 314 
key_index before (DPU 402) [0]=   0 [1]= 110 [2]= 207 [3]= 308 [4]= 308 [5]= 308 [6]= 308 [7]= 308 [8]= 308 [9]= 308 [10]= 308 [11]= 308 [12]= 308 
key_index before (DPU 403) [0]=   0 [1]=  98 [2]= 203 [3]= 307 [4]= 307 [5]= 307 [6]= 307 [7]= 307 [8]= 307 [9]= 307 [10]= 307 [11]= 307 [12]= 307 
key_index before (DPU 404) [0]=   0 [1]= 108 [2]= 205 [3]= 310 [4]= 310 [5]= 310 [6]= 310 [7]= 310 [8]= 310 [9]= 310 [10]= 310 [11]= 310 [12]= 310 
key_index before (DPU 405) [0]=   0 [1]=  89 [2]= 224 [3]= 353 [4]= 353 [5]= 353 [6]= 353 [7]= 353 [8]= 353 [9]= 353 [10]= 353 [11]= 353 [12]= 353 
key_index before (DPU 406) [0]=   0 [1]= 110 [2]= 210 [3]= 321 [4]= 321 [5]= 321 [6]= 321 [7]= 321 [8]= 321 [9]= 321 [10]= 321 [11]= 321 [12]= 321 
key_index before (DPU 407) [0]=   0 [1]= 121 [2]= 211 [3]= 311 [4]= 311 [5]= 311 [6]= 311 [7]= 311 [8]= 311 [9]= 311 [10]= 311 [11]= 311 [12]= 311 
key_index before (DPU 408) [0]=   0 [1]= 107 [2]= 211 [3]= 304 [4]= 304 [5]= 304 [6]= 304 [7]= 304 [8]= 304 [9]= 304 [10]= 304 [11]= 304 [12]= 304 
key_index before (DPU 409) [0]=   0 [1]= 105 [2]= 209 [3]= 311 [4]= 311 [5]= 311 [6]= 311 [7]= 311 [8]= 311 [9]= 311 [10]= 311 [11]= 311 [12]= 311 
key_index before (DPU 410) [0]=   0 [1]= 100 [2]= 188 [3]= 286 [4]= 286 [5]= 286 [6]= 286 [7]= 286 [8]= 286 [9]= 286 [10]= 286 [11]= 286 [12]= 286 
key_index before (DPU 411) [0]=   0 [1]= 107 [2]= 217 [3]= 320 [4]= 320 [5]= 320 [6]= 320 [7]= 320 [8]= 320 [9]= 320 [10]= 320 [11]= 320 [12]= 320 
key_index before (DPU 412) [0]=   0 [1]= 121 [2]= 218 [3]= 342 [4]= 342 [5]= 342 [6]= 342 [7]= 342 [8]= 342 [9]= 342 [10]= 342 [11]= 342 [12]= 342 
key_index before (DPU 413) [0]=   0 [1]=  93 [2]= 181 [3]= 282 [4]= 282 [5]= 282 [6]= 282 [7]= 282 [8]= 282 [9]= 282 [10]= 282 [11]= 282 [12]= 282 
key_index before (DPU 414) [0]=   0 [1]=  91 [2]= 175 [3]= 287 [4]= 287 [5]= 287 [6]= 287 [7]= 287 [8]= 287 [9]= 287 [10]= 287 [11]= 287 [12]= 287 
key_index before (DPU 415) [0]=   0 [1]=  89 [2]= 185 [3]= 294 [4]= 294 [5]= 294 [6]= 294 [7]= 294 [8]= 294 [9]= 294 [10]= 294 [11]= 294 [12]= 294 
key_index before (DPU 416) [0]=   0 [1]=  91 [2]= 169 [3]= 274 [4]= 274 [5]= 274 [6]= 274 [7]= 274 [8]= 274 [9]= 274 [10]= 274 [11]= 274 [12]= 274 
key_index before (DPU 417) [0]=   0 [1]= 105 [2]= 217 [3]= 322 [4]= 322 [5]= 322 [6]= 322 [7]= 322 [8]= 322 [9]= 322 [10]= 322 [11]= 322 [12]= 322 
key_index before (DPU 418) [0]=   0 [1]=  99 [2]= 202 [3]= 299 [4]= 299 [5]= 299 [6]= 299 [7]= 299 [8]= 299 [9]= 299 [10]= 299 [11]= 299 [12]= 299 
key_index before (DPU 419) [0]=   0 [1]= 105 [2]= 224 [3]= 319 [4]= 319 [5]= 319 [6]= 319 [7]= 319 [8]= 319 [9]= 319 [10]= 319 [11]= 319 [12]= 319 
key_index before (DPU 420) [0]=   0 [1]= 100 [2]= 183 [3]= 277 [4]= 277 [5]= 277 [6]= 277 [7]= 277 [8]= 277 [9]= 277 [10]= 277 [11]= 277 [12]= 277 
key_index before (DPU 421) [0]=   0 [1]=  88 [2]= 187 [3]= 275 [4]= 275 [5]= 275 [6]= 275 [7]= 275 [8]= 275 [9]= 275 [10]= 275 [11]= 275 [12]= 275 
key_index before (DPU 422) [0]=   0 [1]=  68 [2]= 158 [3]= 266 [4]= 266 [5]= 266 [6]= 266 [7]= 266 [8]= 266 [9]= 266 [10]= 266 [11]= 266 [12]= 266 
key_index before (DPU 423) [0]=   0 [1]=  90 [2]= 193 [3]= 289 [4]= 289 [5]= 289 [6]= 289 [7]= 289 [8]= 289 [9]= 289 [10]= 289 [11]= 289 [12]= 289 
key_index before (DPU 424) [0]=   0 [1]= 106 [2]= 192 [3]= 305 [4]= 305 [5]= 305 [6]= 305 [7]= 305 [8]= 305 [9]= 305 [10]= 305 [11]= 305 [12]= 305 
key_index before (DPU 425) [0]=   0 [1]=  90 [2]= 187 [3]= 268 [4]= 268 [5]= 268 [6]= 268 [7]= 268 [8]= 268 [9]= 268 [10]= 268 [11]= 268 [12]= 268 
key_index before (DPU 426) [0]=   0 [1]=  91 [2]= 201 [3]= 266 [4]= 266 [5]= 266 [6]= 266 [7]= 266 [8]= 266 [9]= 266 [10]= 266 [11]= 266 [12]= 266 
key_index before (DPU 427) [0]=   0 [1]=  87 [2]= 175 [3]= 261 [4]= 261 [5]= 261 [6]= 261 [7]= 261 [8]= 261 [9]= 261 [10]= 261 [11]= 261 [12]= 261 
key_index before (DPU 428) [0]=   0 [1]= 101 [2]= 183 [3]= 297 [4]= 297 [5]= 297 [6]= 297 [7]= 297 [8]= 297 [9]= 297 [10]= 297 [11]= 297 [12]= 297 
key_index before (DPU 429) [0]=   0 [1]= 100 [2]= 187 [3]= 282 [4]= 282 [5]= 282 [6]= 282 [7]= 282 [8]= 282 [9]= 282 [10]= 282 [11]= 282 [12]= 282 
key_index before (DPU 430) [0]=   0 [1]=  95 [2]= 189 [3]= 289 [4]= 289 [5]= 289 [6]= 289 [7]= 289 [8]= 289 [9]= 289 [10]= 289 [11]= 289 [12]= 289 
key_index before (DPU 431) [0]=   0 [1]=  81 [2]= 178 [3]= 268 [4]= 268 [5]= 268 [6]= 268 [7]= 268 [8]= 268 [9]= 268 [10]= 268 [11]= 268 [12]= 268 
key_index before (DPU 432) [0]=   0 [1]= 100 [2]= 185 [3]= 276 [4]= 276 [5]= 276 [6]= 276 [7]= 276 [8]= 276 [9]= 276 [10]= 276 [11]= 276 [12]= 276 
key_index before (DPU 433) [0]=   0 [1]=  76 [2]= 171 [3]= 259 [4]= 259 [5]= 259 [6]= 259 [7]= 259 [8]= 259 [9]= 259 [10]= 259 [11]= 259 [12]= 259 
key_index before (DPU 434) [0]=   0 [1]= 100 [2]= 191 [3]= 283 [4]= 283 [5]= 283 [6]= 283 [7]= 283 [8]= 283 [9]= 283 [10]= 283 [11]= 283 [12]= 283 
key_index before (DPU 435) [0]=   0 [1]=  67 [2]= 170 [3]= 260 [4]= 260 [5]= 260 [6]= 260 [7]= 260 [8]= 260 [9]= 260 [10]= 260 [11]= 260 [12]= 260 
key_index before (DPU 436) [0]=   0 [1]= 100 [2]= 198 [3]= 276 [4]= 276 [5]= 276 [6]= 276 [7]= 276 [8]= 276 [9]= 276 [10]= 276 [11]= 276 [12]= 276 
key_index before (DPU 437) [0]=   0 [1]=  96 [2]= 196 [3]= 288 [4]= 288 [5]= 288 [6]= 288 [7]= 288 [8]= 288 [9]= 288 [10]= 288 [11]= 288 [12]= 288 
key_index before (DPU 438) [0]=   0 [1]= 111 [2]= 202 [3]= 301 [4]= 301 [5]= 301 [6]= 301 [7]= 301 [8]= 301 [9]= 301 [10]= 301 [11]= 301 [12]= 301 
key_index before (DPU 439) [0]=   0 [1]=  84 [2]= 160 [3]= 243 [4]= 327 [5]= 327 [6]= 327 [7]= 327 [8]= 327 [9]= 327 [10]= 327 [11]= 327 [12]= 327 
key_index before (DPU 440) [0]=   0 [1]=  85 [2]= 190 [3]= 269 [4]= 269 [5]= 269 [6]= 269 [7]= 269 [8]= 269 [9]= 269 [10]= 269 [11]= 269 [12]= 269 
key_index before (DPU 441) [0]=   0 [1]=  91 [2]= 175 [3]= 271 [4]= 271 [5]= 271 [6]= 271 [7]= 271 [8]= 271 [9]= 271 [10]= 271 [11]= 271 [12]= 271 
key_index before (DPU 442) [0]=   0 [1]=  88 [2]= 171 [3]= 262 [4]= 262 [5]= 262 [6]= 262 [7]= 262 [8]= 262 [9]= 262 [10]= 262 [11]= 262 [12]= 262 
key_index before (DPU 443) [0]=   0 [1]=  90 [2]= 194 [3]= 287 [4]= 287 [5]= 287 [6]= 287 [7]= 287 [8]= 287 [9]= 287 [10]= 287 [11]= 287 [12]= 287 
key_index before (DPU 444) [0]=   0 [1]=  94 [2]= 183 [3]= 272 [4]= 272 [5]= 272 [6]= 272 [7]= 272 [8]= 272 [9]= 272 [10]= 272 [11]= 272 [12]= 272 
key_index before (DPU 445) [0]=   0 [1]= 103 [2]= 191 [3]= 279 [4]= 279 [5]= 279 [6]= 279 [7]= 279 [8]= 279 [9]= 279 [10]= 279 [11]= 279 [12]= 279 
key_index before (DPU 446) [0]=   0 [1]=   0 [2]=   0 [3]=   0 [4]=139516 [5]=139516 [6]=139516 [7]=139516 [8]=139516 [9]=139516 [10]=139516 [11]=139516 [12]=139516 
key_index before (DPU 447) [0]=   0 [1]=  90 [2]= 186 [3]= 272 [4]= 272 [5]= 272 [6]= 272 [7]= 272 [8]= 272 [9]= 272 [10]= 272 [11]= 272 [12]= 272 
key_index before (DPU 448) [0]=   0 [1]= 111 [2]= 231 [3]= 334 [4]= 334 [5]= 334 [6]= 334 [7]= 334 [8]= 334 [9]= 334 [10]= 334 [11]= 334 [12]= 334 
key_index before (DPU 449) [0]=   0 [1]=   0 [2]=   0 [3]=   0 [4]=21215 [5]=21215 [6]=21215 [7]=21215 [8]=21215 [9]=21215 [10]=21215 [11]=21215 [12]=21215 
key_index before (DPU 450) [0]=   0 [1]=  96 [2]= 187 [3]= 276 [4]= 276 [5]= 276 [6]= 276 [7]= 276 [8]= 276 [9]= 276 [10]= 276 [11]= 276 [12]= 276 
key_index before (DPU 451) [0]=   0 [1]=  97 [2]= 200 [3]= 291 [4]= 291 [5]= 291 [6]= 291 [7]= 291 [8]= 291 [9]= 291 [10]= 291 [11]= 291 [12]= 291 
key_index before (DPU 452) [0]=   0 [1]=  93 [2]= 180 [3]= 262 [4]= 262 [5]= 262 [6]= 262 [7]= 262 [8]= 262 [9]= 262 [10]= 262 [11]= 262 [12]= 262 
key_index before (DPU 453) [0]=   0 [1]=  84 [2]= 168 [3]= 257 [4]=6958 [5]=6958 [6]=6958 [7]=6958 [8]=6958 [9]=6958 [10]=6958 [11]=6958 [12]=6958 
key_index before (DPU 454) [0]=   0 [1]=  74 [2]= 173 [3]= 276 [4]= 276 [5]= 276 [6]= 276 [7]= 276 [8]= 276 [9]= 276 [10]= 276 [11]= 276 [12]= 276 
key_index before (DPU 455) [0]=   0 [1]=  98 [2]= 178 [3]= 252 [4]=5986 [5]=5986 [6]=5986 [7]=5986 [8]=5986 [9]=5986 [10]=5986 [11]=5986 [12]=5986 
key_index before (DPU 456) [0]=   0 [1]=  92 [2]= 188 [3]= 271 [4]= 271 [5]= 271 [6]= 271 [7]= 271 [8]= 271 [9]= 271 [10]= 271 [11]= 271 [12]= 271 
key_index before (DPU 457) [0]=   0 [1]=  89 [2]= 177 [3]= 278 [4]=6650 [5]=6650 [6]=6650 [7]=6650 [8]=6650 [9]=6650 [10]=6650 [11]=6650 [12]=6650 
key_index before (DPU 458) [0]=   0 [1]=  96 [2]= 178 [3]= 252 [4]= 346 [5]= 346 [6]= 346 [7]= 346 [8]= 346 [9]= 346 [10]= 346 [11]= 346 [12]= 346 
key_index before (DPU 459) [0]=   0 [1]=  83 [2]= 161 [3]= 161 [4]=12481 [5]=12481 [6]=12481 [7]=12481 [8]=12481 [9]=12481 [10]=12481 [11]=12481 [12]=12481 
key_index before (DPU 460) [0]=   0 [1]=  79 [2]= 180 [3]= 268 [4]= 268 [5]= 268 [6]= 268 [7]= 268 [8]= 268 [9]= 268 [10]= 268 [11]= 268 [12]= 268 
key_index before (DPU 461) [0]=   0 [1]=  84 [2]= 165 [3]= 253 [4]= 335 [5]= 335 [6]= 335 [7]= 335 [8]= 335 [9]= 335 [10]= 335 [11]= 335 [12]= 335 
key_index before (DPU 462) [0]=   0 [1]= 100 [2]= 190 [3]= 258 [4]=5113 [5]=5113 [6]=5113 [7]=5113 [8]=5113 [9]=5113 [10]=5113 [11]=5113 [12]=5113 
key_index before (DPU 463) [0]=   0 [1]=  90 [2]= 180 [3]= 281 [4]= 358 [5]= 358 [6]= 358 [7]= 358 [8]= 358 [9]= 358 [10]= 358 [11]= 358 [12]= 358 
key_index before (DPU 464) [0]=   0 [1]=  82 [2]= 177 [3]= 256 [4]=5754 [5]=5754 [6]=5754 [7]=5754 [8]=5754 [9]=5754 [10]=5754 [11]=5754 [12]=5754 
key_index before (DPU 465) [0]=   0 [1]=  90 [2]= 169 [3]= 267 [4]= 267 [5]= 267 [6]= 267 [7]= 267 [8]= 267 [9]= 267 [10]= 267 [11]= 267 [12]= 267 
key_index before (DPU 466) [0]=   0 [1]=  89 [2]= 171 [3]= 251 [4]= 340 [5]= 340 [6]= 340 [7]= 340 [8]= 340 [9]= 340 [10]= 340 [11]= 340 [12]= 340 
key_index before (DPU 467) [0]=   0 [1]=  78 [2]= 173 [3]= 268 [4]= 268 [5]= 268 [6]= 268 [7]= 268 [8]= 268 [9]= 268 [10]= 268 [11]= 268 [12]= 268 
key_index before (DPU 468) [0]=   0 [1]=  80 [2]= 183 [3]= 271 [4]= 271 [5]= 271 [6]= 271 [7]= 271 [8]= 271 [9]= 271 [10]= 271 [11]= 271 [12]= 271 
key_index before (DPU 469) [0]=   0 [1]=  81 [2]= 159 [3]= 229 [4]= 297 [5]= 297 [6]= 297 [7]= 297 [8]= 297 [9]= 297 [10]= 297 [11]= 297 [12]= 297 
key_index before (DPU 470) [0]=   0 [1]=   0 [2]=   0 [3]=   0 [4]=17948 [5]=17948 [6]=17948 [7]=17948 [8]=17948 [9]=17948 [10]=17948 [11]=17948 [12]=17948 
key_index before (DPU 471) [0]=   0 [1]=  80 [2]= 165 [3]= 252 [4]=4584 [5]=4584 [6]=4584 [7]=4584 [8]=4584 [9]=4584 [10]=4584 [11]=4584 [12]=4584 
key_index before (DPU 472) [0]=   0 [1]=  66 [2]= 163 [3]= 255 [4]= 255 [5]= 255 [6]= 255 [7]= 255 [8]= 255 [9]= 255 [10]= 255 [11]= 255 [12]= 255 
key_index before (DPU 473) [0]=   0 [1]=  85 [2]= 167 [3]= 255 [4]= 255 [5]= 255 [6]= 255 [7]= 255 [8]= 255 [9]= 255 [10]= 255 [11]= 255 [12]= 255 
key_index before (DPU 474) [0]=   0 [1]=  95 [2]= 192 [3]= 287 [4]= 287 [5]= 287 [6]= 287 [7]= 287 [8]= 287 [9]= 287 [10]= 287 [11]= 287 [12]= 287 
key_index before (DPU 475) [0]=   0 [1]=  94 [2]= 193 [3]= 283 [4]=8407 [5]=8407 [6]=8407 [7]=8407 [8]=8407 [9]=8407 [10]=8407 [11]=8407 [12]=8407 
key_index before (DPU 476) [0]=   0 [1]=  81 [2]= 154 [3]= 248 [4]= 316 [5]= 316 [6]= 316 [7]= 316 [8]= 316 [9]= 316 [10]= 316 [11]= 316 [12]= 316 
key_index before (DPU 477) [0]=   0 [1]=  80 [2]= 173 [3]= 261 [4]= 261 [5]= 261 [6]= 261 [7]= 261 [8]= 261 [9]= 261 [10]= 261 [11]= 261 [12]= 261 
key_index before (DPU 478) [0]=   0 [1]=  91 [2]= 179 [3]= 258 [4]= 327 [5]= 327 [6]= 327 [7]= 327 [8]= 327 [9]= 327 [10]= 327 [11]= 327 [12]= 327 
key_index before (DPU 479) [0]=   0 [1]=  82 [2]= 182 [3]= 271 [4]= 271 [5]= 271 [6]= 271 [7]= 271 [8]= 271 [9]= 271 [10]= 271 [11]= 271 [12]= 271 
key_index before (DPU 480) [0]=   0 [1]=  88 [2]= 169 [3]= 260 [4]= 260 [5]= 260 [6]= 260 [7]= 260 [8]= 260 [9]= 260 [10]= 260 [11]= 260 [12]= 260 
key_index before (DPU 481) [0]=   0 [1]=   0 [2]=   0 [3]=   0 [4]=33039 [5]=33039 [6]=33039 [7]=33039 [8]=33039 [9]=33039 [10]=33039 [11]=33039 [12]=33039 
key_index before (DPU 482) [0]=   0 [1]=  77 [2]= 179 [3]= 256 [4]= 256 [5]= 256 [6]= 256 [7]= 256 [8]= 256 [9]= 256 [10]= 256 [11]= 256 [12]= 256 
key_index before (DPU 483) [0]=   0 [1]=  90 [2]= 178 [3]= 269 [4]= 356 [5]= 356 [6]= 356 [7]= 356 [8]= 356 [9]= 356 [10]= 356 [11]= 356 [12]= 356 
key_index before (DPU 484) [0]=   0 [1]=  84 [2]= 178 [3]= 273 [4]= 273 [5]= 273 [6]= 273 [7]= 273 [8]= 273 [9]= 273 [10]= 273 [11]= 273 [12]= 273 
key_index before (DPU 485) [0]=   0 [1]=  96 [2]= 197 [3]= 281 [4]= 383 [5]= 383 [6]= 383 [7]= 383 [8]= 383 [9]= 383 [10]= 383 [11]= 383 [12]= 383 
key_index before (DPU 486) [0]=   0 [1]=  80 [2]= 161 [3]= 273 [4]= 349 [5]= 349 [6]= 349 [7]= 349 [8]= 349 [9]= 349 [10]= 349 [11]= 349 [12]= 349 
key_index before (DPU 487) [0]=   0 [1]=  86 [2]= 168 [3]= 239 [4]= 324 [5]= 324 [6]= 324 [7]= 324 [8]= 324 [9]= 324 [10]= 324 [11]= 324 [12]= 324 
key_index before (DPU 488) [0]=   0 [1]=  89 [2]= 169 [3]= 253 [4]= 253 [5]= 253 [6]= 253 [7]= 253 [8]= 253 [9]= 253 [10]= 253 [11]= 253 [12]= 253 
key_index before (DPU 489) [0]=   0 [1]=  94 [2]= 172 [3]= 248 [4]= 353 [5]= 353 [6]= 353 [7]= 353 [8]= 353 [9]= 353 [10]= 353 [11]= 353 [12]= 353 
key_index before (DPU 490) [0]=   0 [1]= 103 [2]= 189 [3]= 264 [4]= 345 [5]= 345 [6]= 345 [7]= 345 [8]= 345 [9]= 345 [10]= 345 [11]= 345 [12]= 345 
key_index before (DPU 491) [0]=   0 [1]=  93 [2]= 169 [3]= 265 [4]=10462 [5]=10462 [6]=10462 [7]=10462 [8]=10462 [9]=10462 [10]=10462 [11]=10462 [12]=10462 
key_index before (DPU 492) [0]=   0 [1]=  84 [2]= 159 [3]= 219 [4]= 319 [5]= 319 [6]= 319 [7]= 319 [8]= 319 [9]= 319 [10]= 319 [11]= 319 [12]= 319 
key_index before (DPU 493) [0]=   0 [1]=  78 [2]= 160 [3]= 228 [4]=7981 [5]=7981 [6]=7981 [7]=7981 [8]=7981 [9]=7981 [10]=7981 [11]=7981 [12]=7981 
key_index before (DPU 494) [0]=   0 [1]=  78 [2]= 167 [3]= 248 [4]= 343 [5]= 343 [6]= 343 [7]= 343 [8]= 343 [9]= 343 [10]= 343 [11]= 343 [12]= 343 
key_index before (DPU 495) [0]=   0 [1]=  72 [2]= 148 [3]= 219 [4]=9511 [5]=9511 [6]=9511 [7]=9511 [8]=9511 [9]=9511 [10]=9511 [11]=9511 [12]=9511 
key_index before (DPU 496) [0]=   0 [1]=   0 [2]=  76 [3]=  76 [4]=13883 [5]=13883 [6]=13883 [7]=13883 [8]=13883 [9]=13883 [10]=13883 [11]=13883 [12]=13883 
key_index before (DPU 497) [0]=   0 [1]=  92 [2]= 168 [3]= 230 [4]= 312 [5]= 312 [6]= 312 [7]= 312 [8]= 312 [9]= 312 [10]= 312 [11]= 312 [12]= 312 
key_index before (DPU 498) [0]=   0 [1]=  89 [2]= 177 [3]= 261 [4]= 346 [5]= 346 [6]= 346 [7]= 346 [8]= 346 [9]= 346 [10]= 346 [11]= 346 [12]= 346 
key_index before (DPU 499) [0]=   0 [1]=   0 [2]=   0 [3]=   0 [4]=48099 [5]=48099 [6]=48099 [7]=48099 [8]=48099 [9]=48099 [10]=48099 [11]=48099 [12]=48099 
before (DPU 0) [0]=   0 [1]=71825 [2]=   0 [3]=   0 [4]=   0 [5]=   0 [6]=   0 [7]=   0 [8]=   0 [9]=   0 [10]=   0 [11]=   0 
after  (DPU 0) [0]=   0 [1]=71825 [2]=   0 [3]=   0 [4]=   0 [5]=   0 [6]=   0 [7]=   0 [8]=   0 [9]=   0 [10]=   0 [11]=   0 
before (DPU 1) [0]=   0 [1]=26235 [2]=   0 [3]=   0 [4]=   0 [5]=   0 [6]=   0 [7]=   0 [8]=   0 [9]=   0 [10]=   0 [11]=   0 
after  (DPU 1) [0]=   0 [1]=26235 [2]=   0 [3]=   0 [4]=   0 [5]=   0 [6]=   0 [7]=   0 [8]=   0 [9]=   0 [10]=   0 [11]=   0 
before (DPU 2) [0]=   0 [1]=15640 [2]=   0 [3]=   0 [4]=   0 [5]=   0 [6]=   0 [7]=   0 [8]=   0 [9]=   0 [10]=   0 [11]=   0 
after  (DPU 2) [0]=   0 [1]=15640 [2]=   0 [3]=   0 [4]=   0 [5]=   0 [6]=   0 [7]=   0 [8]=   0 [9]=   0 [10]=   0 [11]=   0 
before (DPU 3) [0]=   0 [1]=11213 [2]=   0 [3]=   0 [4]=   0 [5]=   0 [6]=   0 [7]=   0 [8]=   0 [9]=   0 [10]=   0 [11]=   0 
after  (DPU 3) [0]=   0 [1]=11213 [2]=   0 [3]=   0 [4]=   0 [5]=   0 [6]=   0 [7]=   0 [8]=   0 [9]=   0 [10]=   0 [11]=   0 
before (DPU 4) [0]=   0 [1]=8616 [2]=   0 [3]=   0 [4]=   0 [5]=   0 [6]=   0 [7]=   0 [8]=   0 [9]=   0 [10]=   0 [11]=   0 
after  (DPU 4) [0]=   0 [1]=8616 [2]=   0 [3]=   0 [4]=   0 [5]=   0 [6]=   0 [7]=   0 [8]=   0 [9]=   0 [10]=   0 [11]=   0 
before (DPU 5) [0]=   0 [1]=6913 [2]=   0 [3]=   0 [4]=   0 [5]=   0 [6]=   0 [7]=   0 [8]=   0 [9]=   0 [10]=   0 [11]=   0 
after  (DPU 5) [0]=   0 [1]=6913 [2]=   0 [3]=   0 [4]=   0 [5]=   0 [6]=   0 [7]=   0 [8]=   0 [9]=   0 [10]=   0 [11]=   0 
before (DPU 6) [0]=   0 [1]=6079 [2]=5734 [3]=   0 [4]=   0 [5]=   0 [6]=   0 [7]=   0 [8]=   0 [9]=   0 [10]=   0 [11]=   0 
after  (DPU 6) [0]=   0 [1]=6079 [2]=   0 [3]=   0 [4]=   0 [5]=   0 [6]=   0 [7]=   0 [8]=   0 [9]=   0 [10]=   0 [11]=   0 
before (DPU 7) [0]=   0 [1]=5287 [2]=5046 [3]=   0 [4]=   0 [5]=   0 [6]=   0 [7]=   0 [8]=   0 [9]=   0 [10]=   0 [11]=   0 
after  (DPU 7) [0]=   0 [1]=5287 [2]=5046 [3]=   0 [4]=   0 [5]=   0 [6]=   0 [7]=   0 [8]=   0 [9]=   0 [10]=   0 [11]=   0 
before (DPU 8) [0]=   0 [1]=4573 [2]=4490 [3]=   0 [4]=   0 [5]=   0 [6]=   0 [7]=   0 [8]=   0 [9]=   0 [10]=   0 [11]=   0 
after  (DPU 8) [0]=   0 [1]=4573 [2]=4490 [3]=   0 [4]=   0 [5]=   0 [6]=   0 [7]=   0 [8]=   0 [9]=   0 [10]=   0 [11]=   0 
before (DPU 9) [0]=4332 [1]=4068 [2]=4078 [3]=   0 [4]=   0 [5]=   0 [6]=   0 [7]=   0 [8]=   0 [9]=   0 [10]=   0 [11]=   0 
after  (DPU 9) [0]=   0 [1]=4068 [2]=4078 [3]=   0 [4]=   0 [5]=   0 [6]=   0 [7]=   0 [8]=   0 [9]=   0 [10]=   0 [11]=   0 
before (DPU 10) [0]=3938 [1]=3827 [2]=3666 [3]=   0 [4]=   0 [5]=   0 [6]=   0 [7]=   0 [8]=   0 [9]=   0 [10]=   0 [11]=   0 
after  (DPU 10) [0]=3938 [1]=3827 [2]=3666 [3]=   0 [4]=   0 [5]=   0 [6]=   0 [7]=   0 [8]=   0 [9]=   0 [10]=   0 [11]=   0 
before (DPU 11) [0]=3466 [1]=3422 [2]=3309 [3]=   0 [4]=   0 [5]=   0 [6]=   0 [7]=   0 [8]=   0 [9]=   0 [10]=   0 [11]=   0 
after  (DPU 11) [0]=3466 [1]=3422 [2]=3309 [3]=   0 [4]=   0 [5]=   0 [6]=   0 [7]=   0 [8]=   0 [9]=   0 [10]=   0 [11]=   0 
before (DPU 12) [0]=3168 [1]=3262 [2]=3180 [3]=   0 [4]=   0 [5]=   0 [6]=   0 [7]=   0 [8]=   0 [9]=   0 [10]=   0 [11]=   0 
after  (DPU 12) [0]=3168 [1]=3262 [2]=3180 [3]=   0 [4]=   0 [5]=   0 [6]=   0 [7]=   0 [8]=   0 [9]=   0 [10]=   0 [11]=   0 
before (DPU 13) [0]=3062 [1]=2990 [2]=2921 [3]=   0 [4]=   0 [5]=   0 [6]=   0 [7]=   0 [8]=   0 [9]=   0 [10]=   0 [11]=   0 
after  (DPU 13) [0]=3062 [1]=2990 [2]=2921 [3]=   0 [4]=   0 [5]=   0 [6]=   0 [7]=   0 [8]=   0 [9]=   0 [10]=   0 [11]=   0 
before (DPU 14) [0]=2856 [1]=2663 [2]=2698 [3]=   0 [4]=   0 [5]=   0 [6]=   0 [7]=   0 [8]=   0 [9]=   0 [10]=   0 [11]=   0 
after  (DPU 14) [0]=2856 [1]=2663 [2]=2698 [3]=   0 [4]=   0 [5]=   0 [6]=   0 [7]=   0 [8]=   0 [9]=   0 [10]=   0 [11]=   0 
before (DPU 15) [0]=2625 [1]=2502 [2]=2471 [3]=   0 [4]=   0 [5]=   0 [6]=   0 [7]=   0 [8]=   0 [9]=   0 [10]=   0 [11]=   0 
after  (DPU 15) [0]=2625 [1]=2502 [2]=2471 [3]=   0 [4]=   0 [5]=   0 [6]=   0 [7]=   0 [8]=   0 [9]=   0 [10]=   0 [11]=   0 
before (DPU 16) [0]=2524 [1]=2356 [2]=2392 [3]=   0 [4]=   0 [5]=   0 [6]=   0 [7]=   0 [8]=   0 [9]=   0 [10]=   0 [11]=   0 
after  (DPU 16) [0]=2524 [1]=2356 [2]=2392 [3]=   0 [4]=   0 [5]=   0 [6]=   0 [7]=   0 [8]=   0 [9]=   0 [10]=   0 [11]=   0 
before (DPU 17) [0]=2273 [1]=2251 [2]=2191 [3]=   0 [4]=   0 [5]=   0 [6]=   0 [7]=   0 [8]=   0 [9]=   0 [10]=   0 [11]=   0 
after  (DPU 17) [0]=2273 [1]=2251 [2]=2191 [3]=   0 [4]=   0 [5]=   0 [6]=   0 [7]=   0 [8]=   0 [9]=   0 [10]=   0 [11]=   0 
before (DPU 18) [0]=2166 [1]=2168 [2]=2129 [3]=   0 [4]=   0 [5]=   0 [6]=   0 [7]=   0 [8]=   0 [9]=   0 [10]=   0 [11]=   0 
after  (DPU 18) [0]=2166 [1]=2168 [2]=2129 [3]=   0 [4]=   0 [5]=   0 [6]=   0 [7]=   0 [8]=   0 [9]=   0 [10]=   0 [11]=   0 
before (DPU 19) [0]=2048 [1]=2059 [2]=2036 [3]=   0 [4]=   0 [5]=   0 [6]=   0 [7]=   0 [8]=   0 [9]=   0 [10]=   0 [11]=   0 
after  (DPU 19) [0]=2048 [1]=2059 [2]=2036 [3]=   0 [4]=   0 [5]=   0 [6]=   0 [7]=   0 [8]=   0 [9]=   0 [10]=   0 [11]=   0 
before (DPU 20) [0]=1961 [1]=2041 [2]=1853 [3]=   0 [4]=   0 [5]=   0 [6]=   0 [7]=   0 [8]=   0 [9]=   0 [10]=   0 [11]=   0 
after  (DPU 20) [0]=1961 [1]=2041 [2]=1853 [3]=   0 [4]=   0 [5]=   0 [6]=   0 [7]=   0 [8]=   0 [9]=   0 [10]=   0 [11]=   0 
before (DPU 21) [0]=1923 [1]=1880 [2]=1679 [3]=   0 [4]=   0 [5]=   0 [6]=   0 [7]=   0 [8]=   0 [9]=   0 [10]=   0 [11]=   0 
after  (DPU 21) [0]=1923 [1]=1880 [2]=1679 [3]=   0 [4]=   0 [5]=   0 [6]=   0 [7]=   0 [8]=   0 [9]=   0 [10]=   0 [11]=   0 
before (DPU 22) [0]=1750 [1]=1812 [2]=1744 [3]=   0 [4]=   0 [5]=   0 [6]=   0 [7]=   0 [8]=   0 [9]=   0 [10]=   0 [11]=   0 
after  (DPU 22) [0]=1750 [1]=1812 [2]=1744 [3]=   0 [4]=   0 [5]=   0 [6]=   0 [7]=   0 [8]=   0 [9]=   0 [10]=   0 [11]=   0 
before (DPU 23) [0]=1749 [1]=1659 [2]=1706 [3]=   0 [4]=   0 [5]=   0 [6]=   0 [7]=   0 [8]=   0 [9]=   0 [10]=   0 [11]=   0 
after  (DPU 23) [0]=1749 [1]=1659 [2]=1706 [3]=   0 [4]=   0 [5]=   0 [6]=   0 [7]=   0 [8]=   0 [9]=   0 [10]=   0 [11]=   0 
before (DPU 24) [0]=1633 [1]=1647 [2]=1632 [3]=   0 [4]=   0 [5]=   0 [6]=   0 [7]=   0 [8]=   0 [9]=   0 [10]=   0 [11]=   0 
after  (DPU 24) [0]=1633 [1]=1647 [2]=1632 [3]=   0 [4]=   0 [5]=   0 [6]=   0 [7]=   0 [8]=   0 [9]=   0 [10]=   0 [11]=   0 
before (DPU 25) [0]=1542 [1]=1599 [2]=1505 [3]=   0 [4]=   0 [5]=   0 [6]=   0 [7]=   0 [8]=   0 [9]=   0 [10]=   0 [11]=   0 
after  (DPU 25) [0]=1542 [1]=1599 [2]=1505 [3]=   0 [4]=   0 [5]=   0 [6]=   0 [7]=   0 [8]=   0 [9]=   0 [10]=   0 [11]=   0 
before (DPU 26) [0]=1537 [1]=1556 [2]=1464 [3]=   0 [4]=   0 [5]=   0 [6]=   0 [7]=   0 [8]=   0 [9]=   0 [10]=   0 [11]=   0 
after  (DPU 26) [0]=1537 [1]=1556 [2]=1464 [3]=   0 [4]=   0 [5]=   0 [6]=   0 [7]=   0 [8]=   0 [9]=   0 [10]=   0 [11]=   0 
before (DPU 27) [0]=1379 [1]=1544 [2]=1427 [3]=   0 [4]=   0 [5]=   0 [6]=   0 [7]=   0 [8]=   0 [9]=   0 [10]=   0 [11]=   0 
after  (DPU 27) [0]=1379 [1]=1544 [2]=1427 [3]=   0 [4]=   0 [5]=   0 [6]=   0 [7]=   0 [8]=   0 [9]=   0 [10]=   0 [11]=   0 
before (DPU 28) [0]=1414 [1]=1381 [2]=1412 [3]=   0 [4]=   0 [5]=   0 [6]=   0 [7]=   0 [8]=   0 [9]=   0 [10]=   0 [11]=   0 
after  (DPU 28) [0]=1414 [1]=1381 [2]=1412 [3]=   0 [4]=   0 [5]=   0 [6]=   0 [7]=   0 [8]=   0 [9]=   0 [10]=   0 [11]=   0 
before (DPU 29) [0]=1375 [1]=1417 [2]=1441 [3]=   0 [4]=   0 [5]=   0 [6]=   0 [7]=   0 [8]=   0 [9]=   0 [10]=   0 [11]=   0 
after  (DPU 29) [0]=1375 [1]=1417 [2]=1441 [3]=   0 [4]=   0 [5]=   0 [6]=   0 [7]=   0 [8]=   0 [9]=   0 [10]=   0 [11]=   0 
before (DPU 30) [0]=1345 [1]=1309 [2]=1348 [3]=   0 [4]=   0 [5]=   0 [6]=   0 [7]=   0 [8]=   0 [9]=   0 [10]=   0 [11]=   0 
after  (DPU 30) [0]=1345 [1]=1309 [2]=1348 [3]=   0 [4]=   0 [5]=   0 [6]=   0 [7]=   0 [8]=   0 [9]=   0 [10]=   0 [11]=   0 
before (DPU 31) [0]=1255 [1]=1256 [2]=1264 [3]=   0 [4]=   0 [5]=   0 [6]=   0 [7]=   0 [8]=   0 [9]=   0 [10]=   0 [11]=   0 
after  (DPU 31) [0]=1255 [1]=1256 [2]=1264 [3]=   0 [4]=   0 [5]=   0 [6]=   0 [7]=   0 [8]=   0 [9]=   0 [10]=   0 [11]=   0 
before (DPU 32) [0]=1289 [1]=1271 [2]=1225 [3]=   0 [4]=   0 [5]=   0 [6]=   0 [7]=   0 [8]=   0 [9]=   0 [10]=   0 [11]=   0 
after  (DPU 32) [0]=1289 [1]=1271 [2]=1225 [3]=   0 [4]=   0 [5]=   0 [6]=   0 [7]=   0 [8]=   0 [9]=   0 [10]=   0 [11]=   0 
before (DPU 33) [0]=1148 [1]=1171 [2]=1114 [3]=   0 [4]=   0 [5]=   0 [6]=   0 [7]=   0 [8]=   0 [9]=   0 [10]=   0 [11]=   0 
after  (DPU 33) [0]=1148 [1]=1171 [2]=1114 [3]=   0 [4]=   0 [5]=   0 [6]=   0 [7]=   0 [8]=   0 [9]=   0 [10]=   0 [11]=   0 
before (DPU 34) [0]=1205 [1]=1092 [2]=1128 [3]=   0 [4]=   0 [5]=   0 [6]=   0 [7]=   0 [8]=   0 [9]=   0 [10]=   0 [11]=   0 
after  (DPU 34) [0]=1205 [1]=1092 [2]=1128 [3]=   0 [4]=   0 [5]=   0 [6]=   0 [7]=   0 [8]=   0 [9]=   0 [10]=   0 [11]=   0 
before (DPU 35) [0]=1121 [1]=1130 [2]=1094 [3]=   0 [4]=   0 [5]=   0 [6]=   0 [7]=   0 [8]=   0 [9]=   0 [10]=   0 [11]=   0 
after  (DPU 35) [0]=1121 [1]=1130 [2]=1094 [3]=   0 [4]=   0 [5]=   0 [6]=   0 [7]=   0 [8]=   0 [9]=   0 [10]=   0 [11]=   0 
before (DPU 36) [0]=1103 [1]=1089 [2]=1069 [3]=   0 [4]=   0 [5]=   0 [6]=   0 [7]=   0 [8]=   0 [9]=   0 [10]=   0 [11]=   0 
after  (DPU 36) [0]=1103 [1]=1089 [2]=1069 [3]=   0 [4]=   0 [5]=   0 [6]=   0 [7]=   0 [8]=   0 [9]=   0 [10]=   0 [11]=   0 
before (DPU 37) [0]=1100 [1]=1048 [2]=1048 [3]=   0 [4]=   0 [5]=   0 [6]=   0 [7]=   0 [8]=   0 [9]=   0 [10]=   0 [11]=   0 
after  (DPU 37) [0]=1100 [1]=1048 [2]=1048 [3]=   0 [4]=   0 [5]=   0 [6]=   0 [7]=   0 [8]=   0 [9]=   0 [10]=   0 [11]=   0 
before (DPU 38) [0]=1036 [1]=1067 [2]=1027 [3]=   0 [4]=   0 [5]=   0 [6]=   0 [7]=   0 [8]=   0 [9]=   0 [10]=   0 [11]=   0 
after  (DPU 38) [0]=1036 [1]=1067 [2]=1027 [3]=   0 [4]=   0 [5]=   0 [6]=   0 [7]=   0 [8]=   0 [9]=   0 [10]=   0 [11]=   0 
before (DPU 39) [0]= 971 [1]=1033 [2]=1073 [3]=   0 [4]=   0 [5]=   0 [6]=   0 [7]=   0 [8]=   0 [9]=   0 [10]=   0 [11]=   0 
after  (DPU 39) [0]= 971 [1]=1033 [2]=1073 [3]=   0 [4]=   0 [5]=   0 [6]=   0 [7]=   0 [8]=   0 [9]=   0 [10]=   0 [11]=   0 
before (DPU 40) [0]= 975 [1]=1028 [2]= 971 [3]=   0 [4]=   0 [5]=   0 [6]=   0 [7]=   0 [8]=   0 [9]=   0 [10]=   0 [11]=   0 
after  (DPU 40) [0]= 975 [1]=1028 [2]= 971 [3]=   0 [4]=   0 [5]=   0 [6]=   0 [7]=   0 [8]=   0 [9]=   0 [10]=   0 [11]=   0 
before (DPU 41) [0]= 966 [1]= 985 [2]= 973 [3]=   0 [4]=   0 [5]=   0 [6]=   0 [7]=   0 [8]=   0 [9]=   0 [10]=   0 [11]=   0 
after  (DPU 41) [0]= 966 [1]= 985 [2]= 973 [3]=   0 [4]=   0 [5]=   0 [6]=   0 [7]=   0 [8]=   0 [9]=   0 [10]=   0 [11]=   0 
before (DPU 42) [0]= 976 [1]= 950 [2]= 924 [3]=   0 [4]=   0 [5]=   0 [6]=   0 [7]=   0 [8]=   0 [9]=   0 [10]=   0 [11]=   0 
after  (DPU 42) [0]= 976 [1]= 950 [2]= 924 [3]=   0 [4]=   0 [5]=   0 [6]=   0 [7]=   0 [8]=   0 [9]=   0 [10]=   0 [11]=   0 
before (DPU 43) [0]= 954 [1]= 910 [2]= 923 [3]=   0 [4]=   0 [5]=   0 [6]=   0 [7]=   0 [8]=   0 [9]=   0 [10]=   0 [11]=   0 
after  (DPU 43) [0]= 954 [1]= 910 [2]= 923 [3]=   0 [4]=   0 [5]=   0 [6]=   0 [7]=   0 [8]=   0 [9]=   0 [10]=   0 [11]=   0 
before (DPU 44) [0]= 949 [1]= 881 [2]= 840 [3]=   0 [4]=   0 [5]=   0 [6]=   0 [7]=   0 [8]=   0 [9]=   0 [10]=   0 [11]=   0 
after  (DPU 44) [0]= 949 [1]= 881 [2]= 840 [3]=   0 [4]=   0 [5]=   0 [6]=   0 [7]=   0 [8]=   0 [9]=   0 [10]=   0 [11]=   0 
before (DPU 45) [0]= 893 [1]= 870 [2]= 921 [3]=   0 [4]=   0 [5]=   0 [6]=   0 [7]=   0 [8]=   0 [9]=   0 [10]=   0 [11]=   0 
after  (DPU 45) [0]= 893 [1]= 870 [2]= 921 [3]=   0 [4]=   0 [5]=   0 [6]=   0 [7]=   0 [8]=   0 [9]=   0 [10]=   0 [11]=   0 
before (DPU 46) [0]= 853 [1]= 855 [2]= 856 [3]=   0 [4]=   0 [5]=   0 [6]=   0 [7]=   0 [8]=   0 [9]=   0 [10]=   0 [11]=   0 
after  (DPU 46) [0]= 853 [1]= 855 [2]= 856 [3]=   0 [4]=   0 [5]=   0 [6]=   0 [7]=   0 [8]=   0 [9]=   0 [10]=   0 [11]=   0 
before (DPU 47) [0]= 832 [1]= 806 [2]= 820 [3]=   0 [4]=   0 [5]=   0 [6]=   0 [7]=   0 [8]=   0 [9]=   0 [10]=   0 [11]=   0 
after  (DPU 47) [0]= 832 [1]= 806 [2]= 820 [3]=   0 [4]=   0 [5]=   0 [6]=   0 [7]=   0 [8]=   0 [9]=   0 [10]=   0 [11]=   0 
before (DPU 48) [0]= 782 [1]= 749 [2]= 832 [3]=   0 [4]=   0 [5]=   0 [6]=   0 [7]=   0 [8]=   0 [9]=   0 [10]=   0 [11]=   0 
after  (DPU 48) [0]= 782 [1]= 749 [2]= 832 [3]=   0 [4]=   0 [5]=   0 [6]=   0 [7]=   0 [8]=   0 [9]=   0 [10]=   0 [11]=   0 
before (DPU 49) [0]= 787 [1]= 792 [2]= 761 [3]=   0 [4]=   0 [5]=   0 [6]=   0 [7]=   0 [8]=   0 [9]=   0 [10]=   0 [11]=   0 
after  (DPU 49) [0]= 787 [1]= 792 [2]= 761 [3]=   0 [4]=   0 [5]=   0 [6]=   0 [7]=   0 [8]=   0 [9]=   0 [10]=   0 [11]=   0 
before (DPU 50) [0]= 777 [1]= 776 [2]= 823 [3]=   0 [4]=   0 [5]=   0 [6]=   0 [7]=   0 [8]=   0 [9]=   0 [10]=   0 [11]=   0 
after  (DPU 50) [0]= 777 [1]= 776 [2]= 823 [3]=   0 [4]=   0 [5]=   0 [6]=   0 [7]=   0 [8]=   0 [9]=   0 [10]=   0 [11]=   0 
before (DPU 51) [0]= 788 [1]= 784 [2]= 703 [3]=   0 [4]=   0 [5]=   0 [6]=   0 [7]=   0 [8]=   0 [9]=   0 [10]=   0 [11]=   0 
after  (DPU 51) [0]= 788 [1]= 784 [2]= 703 [3]=   0 [4]=   0 [5]=   0 [6]=   0 [7]=   0 [8]=   0 [9]=   0 [10]=   0 [11]=   0 
before (DPU 52) [0]= 730 [1]= 761 [2]= 748 [3]=   0 [4]=   0 [5]=   0 [6]=   0 [7]=   0 [8]=   0 [9]=   0 [10]=   0 [11]=   0 
after  (DPU 52) [0]= 730 [1]= 761 [2]= 748 [3]=   0 [4]=   0 [5]=   0 [6]=   0 [7]=   0 [8]=   0 [9]=   0 [10]=   0 [11]=   0 
before (DPU 53) [0]= 753 [1]= 750 [2]= 752 [3]=   0 [4]=   0 [5]=   0 [6]=   0 [7]=   0 [8]=   0 [9]=   0 [10]=   0 [11]=   0 
after  (DPU 53) [0]= 753 [1]= 750 [2]= 752 [3]=   0 [4]=   0 [5]=   0 [6]=   0 [7]=   0 [8]=   0 [9]=   0 [10]=   0 [11]=   0 
before (DPU 54) [0]= 745 [1]= 703 [2]= 759 [3]=   0 [4]=   0 [5]=   0 [6]=   0 [7]=   0 [8]=   0 [9]=   0 [10]=   0 [11]=   0 
after  (DPU 54) [0]= 745 [1]= 703 [2]= 759 [3]=   0 [4]=   0 [5]=   0 [6]=   0 [7]=   0 [8]=   0 [9]=   0 [10]=   0 [11]=   0 
before (DPU 55) [0]= 696 [1]= 703 [2]= 730 [3]=   0 [4]=   0 [5]=   0 [6]=   0 [7]=   0 [8]=   0 [9]=   0 [10]=   0 [11]=   0 
after  (DPU 55) [0]= 696 [1]= 703 [2]= 730 [3]=   0 [4]=   0 [5]=   0 [6]=   0 [7]=   0 [8]=   0 [9]=   0 [10]=   0 [11]=   0 
before (DPU 56) [0]= 735 [1]= 717 [2]= 687 [3]=   0 [4]=   0 [5]=   0 [6]=   0 [7]=   0 [8]=   0 [9]=   0 [10]=   0 [11]=   0 
after  (DPU 56) [0]= 735 [1]= 717 [2]= 687 [3]=   0 [4]=   0 [5]=   0 [6]=   0 [7]=   0 [8]=   0 [9]=   0 [10]=   0 [11]=   0 
before (DPU 57) [0]= 674 [1]= 709 [2]= 673 [3]=   0 [4]=   0 [5]=   0 [6]=   0 [7]=   0 [8]=   0 [9]=   0 [10]=   0 [11]=   0 
after  (DPU 57) [0]= 674 [1]= 709 [2]= 673 [3]=   0 [4]=   0 [5]=   0 [6]=   0 [7]=   0 [8]=   0 [9]=   0 [10]=   0 [11]=   0 
before (DPU 58) [0]= 723 [1]= 657 [2]= 679 [3]=   0 [4]=   0 [5]=   0 [6]=   0 [7]=   0 [8]=   0 [9]=   0 [10]=   0 [11]=   0 
after  (DPU 58) [0]= 723 [1]= 657 [2]= 679 [3]=   0 [4]=   0 [5]=   0 [6]=   0 [7]=   0 [8]=   0 [9]=   0 [10]=   0 [11]=   0 
before (DPU 59) [0]= 689 [1]= 700 [2]= 689 [3]=   0 [4]=   0 [5]=   0 [6]=   0 [7]=   0 [8]=   0 [9]=   0 [10]=   0 [11]=   0 
after  (DPU 59) [0]= 689 [1]= 700 [2]= 689 [3]=   0 [4]=   0 [5]=   0 [6]=   0 [7]=   0 [8]=   0 [9]=   0 [10]=   0 [11]=   0 
before (DPU 60) [0]= 693 [1]= 667 [2]= 672 [3]=   0 [4]=   0 [5]=   0 [6]=   0 [7]=   0 [8]=   0 [9]=   0 [10]=   0 [11]=   0 
after  (DPU 60) [0]= 693 [1]= 667 [2]= 672 [3]=   0 [4]=   0 [5]=   0 [6]=   0 [7]=   0 [8]=   0 [9]=   0 [10]=   0 [11]=   0 
before (DPU 61) [0]= 632 [1]= 615 [2]= 671 [3]=   0 [4]=   0 [5]=   0 [6]=   0 [7]=   0 [8]=   0 [9]=   0 [10]=   0 [11]=   0 
after  (DPU 61) [0]= 632 [1]= 615 [2]= 671 [3]=   0 [4]=   0 [5]=   0 [6]=   0 [7]=   0 [8]=   0 [9]=   0 [10]=   0 [11]=   0 
before (DPU 62) [0]= 671 [1]= 598 [2]= 622 [3]=   0 [4]=   0 [5]=   0 [6]=   0 [7]=   0 [8]=   0 [9]=   0 [10]=   0 [11]=   0 
after  (DPU 62) [0]= 671 [1]= 598 [2]= 622 [3]=   0 [4]=   0 [5]=   0 [6]=   0 [7]=   0 [8]=   0 [9]=   0 [10]=   0 [11]=   0 
before (DPU 63) [0]= 614 [1]= 656 [2]= 598 [3]=   0 [4]=   0 [5]=   0 [6]=   0 [7]=   0 [8]=   0 [9]=   0 [10]=   0 [11]=   0 
after  (DPU 63) [0]= 614 [1]= 656 [2]= 598 [3]=   0 [4]=   0 [5]=   0 [6]=   0 [7]=   0 [8]=   0 [9]=   0 [10]=   0 [11]=   0 
before (DPU 64) [0]= 578 [1]= 644 [2]= 641 [3]=   0 [4]=   0 [5]=   0 [6]=   0 [7]=   0 [8]=   0 [9]=   0 [10]=   0 [11]=   0 
after  (DPU 64) [0]= 578 [1]= 644 [2]= 641 [3]=   0 [4]=   0 [5]=   0 [6]=   0 [7]=   0 [8]=   0 [9]=   0 [10]=   0 [11]=   0 
before (DPU 65) [0]= 620 [1]= 589 [2]= 615 [3]=   0 [4]=   0 [5]=   0 [6]=   0 [7]=   0 [8]=   0 [9]=   0 [10]=   0 [11]=   0 
after  (DPU 65) [0]= 620 [1]= 589 [2]= 615 [3]=   0 [4]=   0 [5]=   0 [6]=   0 [7]=   0 [8]=   0 [9]=   0 [10]=   0 [11]=   0 
before (DPU 66) [0]= 587 [1]= 569 [2]= 640 [3]=   0 [4]=   0 [5]=   0 [6]=   0 [7]=   0 [8]=   0 [9]=   0 [10]=   0 [11]=   0 
after  (DPU 66) [0]= 587 [1]= 569 [2]= 640 [3]=   0 [4]=   0 [5]=   0 [6]=   0 [7]=   0 [8]=   0 [9]=   0 [10]=   0 [11]=   0 
before (DPU 67) [0]= 602 [1]= 591 [2]= 645 [3]=   0 [4]=   0 [5]=   0 [6]=   0 [7]=   0 [8]=   0 [9]=   0 [10]=   0 [11]=   0 
after  (DPU 67) [0]= 602 [1]= 591 [2]= 645 [3]=   0 [4]=   0 [5]=   0 [6]=   0 [7]=   0 [8]=   0 [9]=   0 [10]=   0 [11]=   0 
before (DPU 68) [0]= 634 [1]= 592 [2]= 599 [3]=   0 [4]=   0 [5]=   0 [6]=   0 [7]=   0 [8]=   0 [9]=   0 [10]=   0 [11]=   0 
after  (DPU 68) [0]= 634 [1]= 592 [2]= 599 [3]=   0 [4]=   0 [5]=   0 [6]=   0 [7]=   0 [8]=   0 [9]=   0 [10]=   0 [11]=   0 
before (DPU 69) [0]= 582 [1]= 539 [2]= 560 [3]=   0 [4]=   0 [5]=   0 [6]=   0 [7]=   0 [8]=   0 [9]=   0 [10]=   0 [11]=   0 
after  (DPU 69) [0]= 582 [1]= 539 [2]= 560 [3]=   0 [4]=   0 [5]=   0 [6]=   0 [7]=   0 [8]=   0 [9]=   0 [10]=   0 [11]=   0 
before (DPU 70) [0]= 590 [1]= 601 [2]= 589 [3]=   0 [4]=   0 [5]=   0 [6]=   0 [7]=   0 [8]=   0 [9]=   0 [10]=   0 [11]=   0 
after  (DPU 70) [0]= 590 [1]= 601 [2]= 589 [3]=   0 [4]=   0 [5]=   0 [6]=   0 [7]=   0 [8]=   0 [9]=   0 [10]=   0 [11]=   0 
before (DPU 71) [0]= 593 [1]= 599 [2]= 578 [3]=   0 [4]=   0 [5]=   0 [6]=   0 [7]=   0 [8]=   0 [9]=   0 [10]=   0 [11]=   0 
after  (DPU 71) [0]= 593 [1]= 599 [2]= 578 [3]=   0 [4]=   0 [5]=   0 [6]=   0 [7]=   0 [8]=   0 [9]=   0 [10]=   0 [11]=   0 
before (DPU 72) [0]= 560 [1]= 541 [2]= 533 [3]=   0 [4]=   0 [5]=   0 [6]=   0 [7]=   0 [8]=   0 [9]=   0 [10]=   0 [11]=   0 
after  (DPU 72) [0]= 560 [1]= 541 [2]= 533 [3]=   0 [4]=   0 [5]=   0 [6]=   0 [7]=   0 [8]=   0 [9]=   0 [10]=   0 [11]=   0 
before (DPU 73) [0]= 570 [1]= 573 [2]= 571 [3]=   0 [4]=   0 [5]=   0 [6]=   0 [7]=   0 [8]=   0 [9]=   0 [10]=   0 [11]=   0 
after  (DPU 73) [0]= 570 [1]= 573 [2]= 571 [3]=   0 [4]=   0 [5]=   0 [6]=   0 [7]=   0 [8]=   0 [9]=   0 [10]=   0 [11]=   0 
before (DPU 74) [0]= 520 [1]= 551 [2]= 519 [3]=   0 [4]=   0 [5]=   0 [6]=   0 [7]=   0 [8]=   0 [9]=   0 [10]=   0 [11]=   0 
after  (DPU 74) [0]= 520 [1]= 551 [2]= 519 [3]=   0 [4]=   0 [5]=   0 [6]=   0 [7]=   0 [8]=   0 [9]=   0 [10]=   0 [11]=   0 
before (DPU 75) [0]= 552 [1]= 554 [2]= 525 [3]=   0 [4]=   0 [5]=   0 [6]=   0 [7]=   0 [8]=   0 [9]=   0 [10]=   0 [11]=   0 
after  (DPU 75) [0]= 552 [1]= 554 [2]= 525 [3]=   0 [4]=   0 [5]=   0 [6]=   0 [7]=   0 [8]=   0 [9]=   0 [10]=   0 [11]=   0 
before (DPU 76) [0]= 493 [1]= 510 [2]= 538 [3]=   0 [4]=   0 [5]=   0 [6]=   0 [7]=   0 [8]=   0 [9]=   0 [10]=   0 [11]=   0 
after  (DPU 76) [0]= 493 [1]= 510 [2]= 538 [3]=   0 [4]=   0 [5]=   0 [6]=   0 [7]=   0 [8]=   0 [9]=   0 [10]=   0 [11]=   0 
before (DPU 77) [0]= 566 [1]= 491 [2]= 506 [3]=   0 [4]=   0 [5]=   0 [6]=   0 [7]=   0 [8]=   0 [9]=   0 [10]=   0 [11]=   0 
after  (DPU 77) [0]= 566 [1]= 491 [2]= 506 [3]=   0 [4]=   0 [5]=   0 [6]=   0 [7]=   0 [8]=   0 [9]=   0 [10]=   0 [11]=   0 
before (DPU 78) [0]= 520 [1]= 503 [2]= 520 [3]=   0 [4]=   0 [5]=   0 [6]=   0 [7]=   0 [8]=   0 [9]=   0 [10]=   0 [11]=   0 
after  (DPU 78) [0]= 520 [1]= 503 [2]= 520 [3]=   0 [4]=   0 [5]=   0 [6]=   0 [7]=   0 [8]=   0 [9]=   0 [10]=   0 [11]=   0 
before (DPU 79) [0]= 555 [1]= 525 [2]= 537 [3]=   0 [4]=   0 [5]=   0 [6]=   0 [7]=   0 [8]=   0 [9]=   0 [10]=   0 [11]=   0 
after  (DPU 79) [0]= 555 [1]= 525 [2]= 537 [3]=   0 [4]=   0 [5]=   0 [6]=   0 [7]=   0 [8]=   0 [9]=   0 [10]=   0 [11]=   0 
before (DPU 80) [0]= 507 [1]= 453 [2]= 524 [3]=   0 [4]=   0 [5]=   0 [6]=   0 [7]=   0 [8]=   0 [9]=   0 [10]=   0 [11]=   0 
after  (DPU 80) [0]= 507 [1]= 453 [2]= 524 [3]=   0 [4]=   0 [5]=   0 [6]=   0 [7]=   0 [8]=   0 [9]=   0 [10]=   0 [11]=   0 
before (DPU 81) [0]= 480 [1]= 472 [2]= 478 [3]=   0 [4]=   0 [5]=   0 [6]=   0 [7]=   0 [8]=   0 [9]=   0 [10]=   0 [11]=   0 
after  (DPU 81) [0]= 480 [1]= 472 [2]= 478 [3]=   0 [4]=   0 [5]=   0 [6]=   0 [7]=   0 [8]=   0 [9]=   0 [10]=   0 [11]=   0 
before (DPU 82) [0]= 462 [1]= 481 [2]= 452 [3]=   0 [4]=   0 [5]=   0 [6]=   0 [7]=   0 [8]=   0 [9]=   0 [10]=   0 [11]=   0 
after  (DPU 82) [0]= 462 [1]= 481 [2]= 452 [3]=   0 [4]=   0 [5]=   0 [6]=   0 [7]=   0 [8]=   0 [9]=   0 [10]=   0 [11]=   0 
before (DPU 83) [0]= 499 [1]= 461 [2]= 495 [3]=   0 [4]=   0 [5]=   0 [6]=   0 [7]=   0 [8]=   0 [9]=   0 [10]=   0 [11]=   0 
after  (DPU 83) [0]= 499 [1]= 461 [2]= 495 [3]=   0 [4]=   0 [5]=   0 [6]=   0 [7]=   0 [8]=   0 [9]=   0 [10]=   0 [11]=   0 
before (DPU 84) [0]= 500 [1]= 498 [2]= 466 [3]=   0 [4]=   0 [5]=   0 [6]=   0 [7]=   0 [8]=   0 [9]=   0 [10]=   0 [11]=   0 
after  (DPU 84) [0]= 500 [1]= 498 [2]= 466 [3]=   0 [4]=   0 [5]=   0 [6]=   0 [7]=   0 [8]=   0 [9]=   0 [10]=   0 [11]=   0 
before (DPU 85) [0]= 460 [1]= 507 [2]= 478 [3]=   0 [4]=   0 [5]=   0 [6]=   0 [7]=   0 [8]=   0 [9]=   0 [10]=   0 [11]=   0 
after  (DPU 85) [0]= 460 [1]= 507 [2]= 478 [3]=   0 [4]=   0 [5]=   0 [6]=   0 [7]=   0 [8]=   0 [9]=   0 [10]=   0 [11]=   0 
before (DPU 86) [0]= 451 [1]= 428 [2]= 423 [3]=   0 [4]=   0 [5]=   0 [6]=   0 [7]=   0 [8]=   0 [9]=   0 [10]=   0 [11]=   0 
after  (DPU 86) [0]= 451 [1]= 428 [2]= 423 [3]=   0 [4]=   0 [5]=   0 [6]=   0 [7]=   0 [8]=   0 [9]=   0 [10]=   0 [11]=   0 
before (DPU 87) [0]= 473 [1]= 466 [2]= 466 [3]=   0 [4]=   0 [5]=   0 [6]=   0 [7]=   0 [8]=   0 [9]=   0 [10]=   0 [11]=   0 
after  (DPU 87) [0]= 473 [1]= 466 [2]= 466 [3]=   0 [4]=   0 [5]=   0 [6]=   0 [7]=   0 [8]=   0 [9]=   0 [10]=   0 [11]=   0 
before (DPU 88) [0]= 487 [1]= 468 [2]= 477 [3]=   0 [4]=   0 [5]=   0 [6]=   0 [7]=   0 [8]=   0 [9]=   0 [10]=   0 [11]=   0 
after  (DPU 88) [0]= 487 [1]= 468 [2]= 477 [3]=   0 [4]=   0 [5]=   0 [6]=   0 [7]=   0 [8]=   0 [9]=   0 [10]=   0 [11]=   0 
before (DPU 89) [0]= 441 [1]= 446 [2]= 436 [3]=   0 [4]=   0 [5]=   0 [6]=   0 [7]=   0 [8]=   0 [9]=   0 [10]=   0 [11]=   0 
after  (DPU 89) [0]= 441 [1]= 446 [2]= 436 [3]=   0 [4]=   0 [5]=   0 [6]=   0 [7]=   0 [8]=   0 [9]=   0 [10]=   0 [11]=   0 
before (DPU 90) [0]= 443 [1]= 476 [2]= 457 [3]=   0 [4]=   0 [5]=   0 [6]=   0 [7]=   0 [8]=   0 [9]=   0 [10]=   0 [11]=   0 
after  (DPU 90) [0]= 443 [1]= 476 [2]= 457 [3]=   0 [4]=   0 [5]=   0 [6]=   0 [7]=   0 [8]=   0 [9]=   0 [10]=   0 [11]=   0 
before (DPU 91) [0]= 432 [1]= 432 [2]= 412 [3]=   0 [4]=   0 [5]=   0 [6]=   0 [7]=   0 [8]=   0 [9]=   0 [10]=   0 [11]=   0 
after  (DPU 91) [0]= 432 [1]= 432 [2]= 412 [3]=   0 [4]=   0 [5]=   0 [6]=   0 [7]=   0 [8]=   0 [9]=   0 [10]=   0 [11]=   0 
before (DPU 92) [0]= 429 [1]= 415 [2]= 403 [3]=   0 [4]=   0 [5]=   0 [6]=   0 [7]=   0 [8]=   0 [9]=   0 [10]=   0 [11]=   0 
after  (DPU 92) [0]= 429 [1]= 415 [2]= 403 [3]=   0 [4]=   0 [5]=   0 [6]=   0 [7]=   0 [8]=   0 [9]=   0 [10]=   0 [11]=   0 
before (DPU 93) [0]= 432 [1]= 398 [2]= 425 [3]=   0 [4]=   0 [5]=   0 [6]=   0 [7]=   0 [8]=   0 [9]=   0 [10]=   0 [11]=   0 
after  (DPU 93) [0]= 432 [1]= 398 [2]= 425 [3]=   0 [4]=   0 [5]=   0 [6]=   0 [7]=   0 [8]=   0 [9]=   0 [10]=   0 [11]=   0 
before (DPU 94) [0]= 414 [1]= 419 [2]= 399 [3]=   0 [4]=   0 [5]=   0 [6]=   0 [7]=   0 [8]=   0 [9]=   0 [10]=   0 [11]=   0 
after  (DPU 94) [0]= 414 [1]= 419 [2]= 399 [3]=   0 [4]=   0 [5]=   0 [6]=   0 [7]=   0 [8]=   0 [9]=   0 [10]=   0 [11]=   0 
before (DPU 95) [0]= 421 [1]= 418 [2]= 413 [3]=   0 [4]=   0 [5]=   0 [6]=   0 [7]=   0 [8]=   0 [9]=   0 [10]=   0 [11]=   0 
after  (DPU 95) [0]= 421 [1]= 418 [2]= 413 [3]=   0 [4]=   0 [5]=   0 [6]=   0 [7]=   0 [8]=   0 [9]=   0 [10]=   0 [11]=   0 
before (DPU 96) [0]= 402 [1]= 398 [2]= 402 [3]=   0 [4]=   0 [5]=   0 [6]=   0 [7]=   0 [8]=   0 [9]=   0 [10]=   0 [11]=   0 
after  (DPU 96) [0]= 402 [1]= 398 [2]= 402 [3]=   0 [4]=   0 [5]=   0 [6]=   0 [7]=   0 [8]=   0 [9]=   0 [10]=   0 [11]=   0 
before (DPU 97) [0]= 414 [1]= 425 [2]= 438 [3]=   0 [4]=   0 [5]=   0 [6]=   0 [7]=   0 [8]=   0 [9]=   0 [10]=   0 [11]=   0 
after  (DPU 97) [0]= 414 [1]= 425 [2]= 438 [3]=   0 [4]=   0 [5]=   0 [6]=   0 [7]=   0 [8]=   0 [9]=   0 [10]=   0 [11]=   0 
before (DPU 98) [0]= 396 [1]= 395 [2]= 413 [3]=   0 [4]=   0 [5]=   0 [6]=   0 [7]=   0 [8]=   0 [9]=   0 [10]=   0 [11]=   0 
after  (DPU 98) [0]= 396 [1]= 395 [2]= 413 [3]=   0 [4]=   0 [5]=   0 [6]=   0 [7]=   0 [8]=   0 [9]=   0 [10]=   0 [11]=   0 
before (DPU 99) [0]= 415 [1]= 407 [2]= 373 [3]=   0 [4]=   0 [5]=   0 [6]=   0 [7]=   0 [8]=   0 [9]=   0 [10]=   0 [11]=   0 
after  (DPU 99) [0]= 415 [1]= 407 [2]= 373 [3]=   0 [4]=   0 [5]=   0 [6]=   0 [7]=   0 [8]=   0 [9]=   0 [10]=   0 [11]=   0 
before (DPU 100) [0]= 402 [1]= 395 [2]= 407 [3]=   0 [4]=   0 [5]=   0 [6]=   0 [7]=   0 [8]=   0 [9]=   0 [10]=   0 [11]=   0 
after  (DPU 100) [0]= 402 [1]= 395 [2]= 407 [3]=   0 [4]=   0 [5]=   0 [6]=   0 [7]=   0 [8]=   0 [9]=   0 [10]=   0 [11]=   0 
before (DPU 101) [0]= 387 [1]= 397 [2]= 412 [3]=   0 [4]=   0 [5]=   0 [6]=   0 [7]=   0 [8]=   0 [9]=   0 [10]=   0 [11]=   0 
after  (DPU 101) [0]= 387 [1]= 397 [2]= 412 [3]=   0 [4]=   0 [5]=   0 [6]=   0 [7]=   0 [8]=   0 [9]=   0 [10]=   0 [11]=   0 
before (DPU 102) [0]= 408 [1]= 411 [2]= 369 [3]=   0 [4]=   0 [5]=   0 [6]=   0 [7]=   0 [8]=   0 [9]=   0 [10]=   0 [11]=   0 
after  (DPU 102) [0]= 408 [1]= 411 [2]= 369 [3]=   0 [4]=   0 [5]=   0 [6]=   0 [7]=   0 [8]=   0 [9]=   0 [10]=   0 [11]=   0 
before (DPU 103) [0]= 421 [1]= 362 [2]= 381 [3]=   0 [4]=   0 [5]=   0 [6]=   0 [7]=   0 [8]=   0 [9]=   0 [10]=   0 [11]=   0 
after  (DPU 103) [0]= 421 [1]= 362 [2]= 381 [3]=   0 [4]=   0 [5]=   0 [6]=   0 [7]=   0 [8]=   0 [9]=   0 [10]=   0 [11]=   0 
before (DPU 104) [0]= 407 [1]= 379 [2]= 409 [3]=   0 [4]=   0 [5]=   0 [6]=   0 [7]=   0 [8]=   0 [9]=   0 [10]=   0 [11]=   0 
after  (DPU 104) [0]= 407 [1]= 379 [2]= 409 [3]=   0 [4]=   0 [5]=   0 [6]=   0 [7]=   0 [8]=   0 [9]=   0 [10]=   0 [11]=   0 
before (DPU 105) [0]= 381 [1]= 413 [2]= 396 [3]=   0 [4]=   0 [5]=   0 [6]=   0 [7]=   0 [8]=   0 [9]=   0 [10]=   0 [11]=   0 
after  (DPU 105) [0]= 381 [1]= 413 [2]= 396 [3]=   0 [4]=   0 [5]=   0 [6]=   0 [7]=   0 [8]=   0 [9]=   0 [10]=   0 [11]=   0 
before (DPU 106) [0]= 366 [1]= 382 [2]= 412 [3]=   0 [4]=   0 [5]=   0 [6]=   0 [7]=   0 [8]=   0 [9]=   0 [10]=   0 [11]=   0 
after  (DPU 106) [0]= 366 [1]= 382 [2]= 412 [3]=   0 [4]=   0 [5]=   0 [6]=   0 [7]=   0 [8]=   0 [9]=   0 [10]=   0 [11]=   0 
before (DPU 107) [0]= 381 [1]= 387 [2]= 369 [3]=   0 [4]=   0 [5]=   0 [6]=   0 [7]=   0 [8]=   0 [9]=   0 [10]=   0 [11]=   0 
after  (DPU 107) [0]= 381 [1]= 387 [2]= 369 [3]=   0 [4]=   0 [5]=   0 [6]=   0 [7]=   0 [8]=   0 [9]=   0 [10]=   0 [11]=   0 
before (DPU 108) [0]= 376 [1]= 369 [2]= 354 [3]=   0 [4]=   0 [5]=   0 [6]=   0 [7]=   0 [8]=   0 [9]=   0 [10]=   0 [11]=   0 
after  (DPU 108) [0]= 376 [1]= 369 [2]= 354 [3]=   0 [4]=   0 [5]=   0 [6]=   0 [7]=   0 [8]=   0 [9]=   0 [10]=   0 [11]=   0 
before (DPU 109) [0]= 332 [1]= 413 [2]= 353 [3]=   0 [4]=   0 [5]=   0 [6]=   0 [7]=   0 [8]=   0 [9]=   0 [10]=   0 [11]=   0 
after  (DPU 109) [0]= 332 [1]= 413 [2]= 353 [3]=   0 [4]=   0 [5]=   0 [6]=   0 [7]=   0 [8]=   0 [9]=   0 [10]=   0 [11]=   0 
before (DPU 110) [0]= 336 [1]= 353 [2]= 393 [3]=   0 [4]=   0 [5]=   0 [6]=   0 [7]=   0 [8]=   0 [9]=   0 [10]=   0 [11]=   0 
after  (DPU 110) [0]= 336 [1]= 353 [2]= 393 [3]=   0 [4]=   0 [5]=   0 [6]=   0 [7]=   0 [8]=   0 [9]=   0 [10]=   0 [11]=   0 
before (DPU 111) [0]= 380 [1]= 369 [2]= 386 [3]=   0 [4]=   0 [5]=   0 [6]=   0 [7]=   0 [8]=   0 [9]=   0 [10]=   0 [11]=   0 
after  (DPU 111) [0]= 380 [1]= 369 [2]= 386 [3]=   0 [4]=   0 [5]=   0 [6]=   0 [7]=   0 [8]=   0 [9]=   0 [10]=   0 [11]=   0 
before (DPU 112) [0]= 353 [1]= 351 [2]= 363 [3]=   0 [4]=   0 [5]=   0 [6]=   0 [7]=   0 [8]=   0 [9]=   0 [10]=   0 [11]=   0 
after  (DPU 112) [0]= 353 [1]= 351 [2]= 363 [3]=   0 [4]=   0 [5]=   0 [6]=   0 [7]=   0 [8]=   0 [9]=   0 [10]=   0 [11]=   0 
before (DPU 113) [0]= 379 [1]= 416 [2]= 388 [3]=   0 [4]=   0 [5]=   0 [6]=   0 [7]=   0 [8]=   0 [9]=   0 [10]=   0 [11]=   0 
after  (DPU 113) [0]= 379 [1]= 416 [2]= 388 [3]=   0 [4]=   0 [5]=   0 [6]=   0 [7]=   0 [8]=   0 [9]=   0 [10]=   0 [11]=   0 
before (DPU 114) [0]= 350 [1]= 326 [2]= 313 [3]=   0 [4]=   0 [5]=   0 [6]=   0 [7]=   0 [8]=   0 [9]=   0 [10]=   0 [11]=   0 
after  (DPU 114) [0]= 350 [1]= 326 [2]= 313 [3]=   0 [4]=   0 [5]=   0 [6]=   0 [7]=   0 [8]=   0 [9]=   0 [10]=   0 [11]=   0 
before (DPU 115) [0]= 381 [1]= 337 [2]= 334 [3]=   0 [4]=   0 [5]=   0 [6]=   0 [7]=   0 [8]=   0 [9]=   0 [10]=   0 [11]=   0 
after  (DPU 115) [0]= 381 [1]= 337 [2]= 334 [3]=   0 [4]=   0 [5]=   0 [6]=   0 [7]=   0 [8]=   0 [9]=   0 [10]=   0 [11]=   0 
before (DPU 116) [0]= 337 [1]= 359 [2]= 336 [3]=   0 [4]=   0 [5]=   0 [6]=   0 [7]=   0 [8]=   0 [9]=   0 [10]=   0 [11]=   0 
after  (DPU 116) [0]= 337 [1]= 359 [2]= 336 [3]=   0 [4]=   0 [5]=   0 [6]=   0 [7]=   0 [8]=   0 [9]=   0 [10]=   0 [11]=   0 
before (DPU 117) [0]= 323 [1]= 340 [2]= 344 [3]=   0 [4]=   0 [5]=   0 [6]=   0 [7]=   0 [8]=   0 [9]=   0 [10]=   0 [11]=   0 
after  (DPU 117) [0]= 323 [1]= 340 [2]= 344 [3]=   0 [4]=   0 [5]=   0 [6]=   0 [7]=   0 [8]=   0 [9]=   0 [10]=   0 [11]=   0 
before (DPU 118) [0]= 352 [1]= 353 [2]= 354 [3]=   0 [4]=   0 [5]=   0 [6]=   0 [7]=   0 [8]=   0 [9]=   0 [10]=   0 [11]=   0 
after  (DPU 118) [0]= 352 [1]= 353 [2]= 354 [3]=   0 [4]=   0 [5]=   0 [6]=   0 [7]=   0 [8]=   0 [9]=   0 [10]=   0 [11]=   0 
before (DPU 119) [0]= 322 [1]= 334 [2]= 340 [3]=   0 [4]=   0 [5]=   0 [6]=   0 [7]=   0 [8]=   0 [9]=   0 [10]=   0 [11]=   0 
after  (DPU 119) [0]= 322 [1]= 334 [2]= 340 [3]=   0 [4]=   0 [5]=   0 [6]=   0 [7]=   0 [8]=   0 [9]=   0 [10]=   0 [11]=   0 
before (DPU 120) [0]= 316 [1]= 367 [2]= 321 [3]=   0 [4]=   0 [5]=   0 [6]=   0 [7]=   0 [8]=   0 [9]=   0 [10]=   0 [11]=   0 
after  (DPU 120) [0]= 316 [1]= 367 [2]= 321 [3]=   0 [4]=   0 [5]=   0 [6]=   0 [7]=   0 [8]=   0 [9]=   0 [10]=   0 [11]=   0 
before (DPU 121) [0]= 366 [1]= 329 [2]= 349 [3]=   0 [4]=   0 [5]=   0 [6]=   0 [7]=   0 [8]=   0 [9]=   0 [10]=   0 [11]=   0 
after  (DPU 121) [0]= 366 [1]= 329 [2]= 349 [3]=   0 [4]=   0 [5]=   0 [6]=   0 [7]=   0 [8]=   0 [9]=   0 [10]=   0 [11]=   0 
before (DPU 122) [0]= 339 [1]= 350 [2]= 306 [3]=   0 [4]=   0 [5]=   0 [6]=   0 [7]=   0 [8]=   0 [9]=   0 [10]=   0 [11]=   0 
after  (DPU 122) [0]= 339 [1]= 350 [2]= 306 [3]=   0 [4]=   0 [5]=   0 [6]=   0 [7]=   0 [8]=   0 [9]=   0 [10]=   0 [11]=   0 
before (DPU 123) [0]= 359 [1]= 325 [2]= 316 [3]=   0 [4]=   0 [5]=   0 [6]=   0 [7]=   0 [8]=   0 [9]=   0 [10]=   0 [11]=   0 
after  (DPU 123) [0]= 359 [1]= 325 [2]= 316 [3]=   0 [4]=   0 [5]=   0 [6]=   0 [7]=   0 [8]=   0 [9]=   0 [10]=   0 [11]=   0 
before (DPU 124) [0]= 323 [1]= 330 [2]= 306 [3]=   0 [4]=   0 [5]=   0 [6]=   0 [7]=   0 [8]=   0 [9]=   0 [10]=   0 [11]=   0 
after  (DPU 124) [0]= 323 [1]= 330 [2]= 306 [3]=   0 [4]=   0 [5]=   0 [6]=   0 [7]=   0 [8]=   0 [9]=   0 [10]=   0 [11]=   0 
before (DPU 125) [0]= 307 [1]= 316 [2]= 301 [3]=   0 [4]=   0 [5]=   0 [6]=   0 [7]=   0 [8]=   0 [9]=   0 [10]=   0 [11]=   0 
after  (DPU 125) [0]= 307 [1]= 316 [2]= 301 [3]=   0 [4]=   0 [5]=   0 [6]=   0 [7]=   0 [8]=   0 [9]=   0 [10]=   0 [11]=   0 
before (DPU 126) [0]= 332 [1]= 331 [2]= 305 [3]=   0 [4]=   0 [5]=   0 [6]=   0 [7]=   0 [8]=   0 [9]=   0 [10]=   0 [11]=   0 
after  (DPU 126) [0]= 332 [1]= 331 [2]= 305 [3]=   0 [4]=   0 [5]=   0 [6]=   0 [7]=   0 [8]=   0 [9]=   0 [10]=   0 [11]=   0 
before (DPU 127) [0]= 344 [1]= 320 [2]= 329 [3]=   0 [4]=   0 [5]=   0 [6]=   0 [7]=   0 [8]=   0 [9]=   0 [10]=   0 [11]=   0 
after  (DPU 127) [0]= 344 [1]= 320 [2]= 329 [3]=   0 [4]=   0 [5]=   0 [6]=   0 [7]=   0 [8]=   0 [9]=   0 [10]=   0 [11]=   0 
before (DPU 128) [0]= 292 [1]= 291 [2]= 327 [3]=   0 [4]=   0 [5]=   0 [6]=   0 [7]=   0 [8]=   0 [9]=   0 [10]=   0 [11]=   0 
after  (DPU 128) [0]= 292 [1]= 291 [2]= 327 [3]=   0 [4]=   0 [5]=   0 [6]=   0 [7]=   0 [8]=   0 [9]=   0 [10]=   0 [11]=   0 
before (DPU 129) [0]= 310 [1]= 287 [2]= 284 [3]=   0 [4]=   0 [5]=   0 [6]=   0 [7]=   0 [8]=   0 [9]=   0 [10]=   0 [11]=   0 
after  (DPU 129) [0]= 310 [1]= 287 [2]= 284 [3]=   0 [4]=   0 [5]=   0 [6]=   0 [7]=   0 [8]=   0 [9]=   0 [10]=   0 [11]=   0 
before (DPU 130) [0]= 302 [1]= 316 [2]= 302 [3]=   0 [4]=   0 [5]=   0 [6]=   0 [7]=   0 [8]=   0 [9]=   0 [10]=   0 [11]=   0 
after  (DPU 130) [0]= 302 [1]= 316 [2]= 302 [3]=   0 [4]=   0 [5]=   0 [6]=   0 [7]=   0 [8]=   0 [9]=   0 [10]=   0 [11]=   0 
before (DPU 131) [0]= 299 [1]= 295 [2]= 327 [3]=   0 [4]=   0 [5]=   0 [6]=   0 [7]=   0 [8]=   0 [9]=   0 [10]=   0 [11]=   0 
after  (DPU 131) [0]= 299 [1]= 295 [2]= 327 [3]=   0 [4]=   0 [5]=   0 [6]=   0 [7]=   0 [8]=   0 [9]=   0 [10]=   0 [11]=   0 
before (DPU 132) [0]= 317 [1]= 292 [2]= 303 [3]=   0 [4]=   0 [5]=   0 [6]=   0 [7]=   0 [8]=   0 [9]=   0 [10]=   0 [11]=   0 
after  (DPU 132) [0]= 317 [1]= 292 [2]= 303 [3]=   0 [4]=   0 [5]=   0 [6]=   0 [7]=   0 [8]=   0 [9]=   0 [10]=   0 [11]=   0 
before (DPU 133) [0]= 315 [1]= 307 [2]= 282 [3]=   0 [4]=   0 [5]=   0 [6]=   0 [7]=   0 [8]=   0 [9]=   0 [10]=   0 [11]=   0 
after  (DPU 133) [0]= 315 [1]= 307 [2]= 282 [3]=   0 [4]=   0 [5]=   0 [6]=   0 [7]=   0 [8]=   0 [9]=   0 [10]=   0 [11]=   0 
before (DPU 134) [0]= 306 [1]= 277 [2]= 297 [3]=   0 [4]=   0 [5]=   0 [6]=   0 [7]=   0 [8]=   0 [9]=   0 [10]=   0 [11]=   0 
after  (DPU 134) [0]= 306 [1]= 277 [2]= 297 [3]=   0 [4]=   0 [5]=   0 [6]=   0 [7]=   0 [8]=   0 [9]=   0 [10]=   0 [11]=   0 
before (DPU 135) [0]= 309 [1]= 294 [2]= 290 [3]=   0 [4]=   0 [5]=   0 [6]=   0 [7]=   0 [8]=   0 [9]=   0 [10]=   0 [11]=   0 
after  (DPU 135) [0]= 309 [1]= 294 [2]= 290 [3]=   0 [4]=   0 [5]=   0 [6]=   0 [7]=   0 [8]=   0 [9]=   0 [10]=   0 [11]=   0 
before (DPU 136) [0]= 300 [1]= 307 [2]= 300 [3]=   0 [4]=   0 [5]=   0 [6]=   0 [7]=   0 [8]=   0 [9]=   0 [10]=   0 [11]=   0 
after  (DPU 136) [0]= 300 [1]= 307 [2]= 300 [3]=   0 [4]=   0 [5]=   0 [6]=   0 [7]=   0 [8]=   0 [9]=   0 [10]=   0 [11]=   0 
before (DPU 137) [0]= 287 [1]= 318 [2]= 265 [3]=   0 [4]=   0 [5]=   0 [6]=   0 [7]=   0 [8]=   0 [9]=   0 [10]=   0 [11]=   0 
after  (DPU 137) [0]= 287 [1]= 318 [2]= 265 [3]=   0 [4]=   0 [5]=   0 [6]=   0 [7]=   0 [8]=   0 [9]=   0 [10]=   0 [11]=   0 
before (DPU 138) [0]= 300 [1]= 277 [2]= 290 [3]=   0 [4]=   0 [5]=   0 [6]=   0 [7]=   0 [8]=   0 [9]=   0 [10]=   0 [11]=   0 
after  (DPU 138) [0]= 300 [1]= 277 [2]= 290 [3]=   0 [4]=   0 [5]=   0 [6]=   0 [7]=   0 [8]=   0 [9]=   0 [10]=   0 [11]=   0 
before (DPU 139) [0]= 326 [1]= 293 [2]= 276 [3]=   0 [4]=   0 [5]=   0 [6]=   0 [7]=   0 [8]=   0 [9]=   0 [10]=   0 [11]=   0 
after  (DPU 139) [0]= 326 [1]= 293 [2]= 276 [3]=   0 [4]=   0 [5]=   0 [6]=   0 [7]=   0 [8]=   0 [9]=   0 [10]=   0 [11]=   0 
before (DPU 140) [0]= 274 [1]= 281 [2]= 281 [3]=   0 [4]=   0 [5]=   0 [6]=   0 [7]=   0 [8]=   0 [9]=   0 [10]=   0 [11]=   0 
after  (DPU 140) [0]= 274 [1]= 281 [2]= 281 [3]=   0 [4]=   0 [5]=   0 [6]=   0 [7]=   0 [8]=   0 [9]=   0 [10]=   0 [11]=   0 
before (DPU 141) [0]= 280 [1]= 283 [2]= 280 [3]=   0 [4]=   0 [5]=   0 [6]=   0 [7]=   0 [8]=   0 [9]=   0 [10]=   0 [11]=   0 
after  (DPU 141) [0]= 280 [1]= 283 [2]= 280 [3]=   0 [4]=   0 [5]=   0 [6]=   0 [7]=   0 [8]=   0 [9]=   0 [10]=   0 [11]=   0 
before (DPU 142) [0]= 270 [1]= 276 [2]= 268 [3]=   0 [4]=   0 [5]=   0 [6]=   0 [7]=   0 [8]=   0 [9]=   0 [10]=   0 [11]=   0 
after  (DPU 142) [0]= 270 [1]= 276 [2]= 268 [3]=   0 [4]=   0 [5]=   0 [6]=   0 [7]=   0 [8]=   0 [9]=   0 [10]=   0 [11]=   0 
before (DPU 143) [0]= 297 [1]= 292 [2]= 263 [3]=   0 [4]=   0 [5]=   0 [6]=   0 [7]=   0 [8]=   0 [9]=   0 [10]=   0 [11]=   0 
after  (DPU 143) [0]= 297 [1]= 292 [2]= 263 [3]=   0 [4]=   0 [5]=   0 [6]=   0 [7]=   0 [8]=   0 [9]=   0 [10]=   0 [11]=   0 
before (DPU 144) [0]= 263 [1]= 276 [2]= 281 [3]=   0 [4]=   0 [5]=   0 [6]=   0 [7]=   0 [8]=   0 [9]=   0 [10]=   0 [11]=   0 
after  (DPU 144) [0]= 263 [1]= 276 [2]= 281 [3]=   0 [4]=   0 [5]=   0 [6]=   0 [7]=   0 [8]=   0 [9]=   0 [10]=   0 [11]=   0 
before (DPU 145) [0]= 252 [1]= 265 [2]= 281 [3]=   0 [4]=   0 [5]=   0 [6]=   0 [7]=   0 [8]=   0 [9]=   0 [10]=   0 [11]=   0 
after  (DPU 145) [0]= 252 [1]= 265 [2]= 281 [3]=   0 [4]=   0 [5]=   0 [6]=   0 [7]=   0 [8]=   0 [9]=   0 [10]=   0 [11]=   0 
before (DPU 146) [0]= 263 [1]= 285 [2]= 297 [3]=   0 [4]=   0 [5]=   0 [6]=   0 [7]=   0 [8]=   0 [9]=   0 [10]=   0 [11]=   0 
after  (DPU 146) [0]= 263 [1]= 285 [2]= 297 [3]=   0 [4]=   0 [5]=   0 [6]=   0 [7]=   0 [8]=   0 [9]=   0 [10]=   0 [11]=   0 
before (DPU 147) [0]= 260 [1]= 276 [2]= 309 [3]=   0 [4]=   0 [5]=   0 [6]=   0 [7]=   0 [8]=   0 [9]=   0 [10]=   0 [11]=   0 
after  (DPU 147) [0]= 260 [1]= 276 [2]= 309 [3]=   0 [4]=   0 [5]=   0 [6]=   0 [7]=   0 [8]=   0 [9]=   0 [10]=   0 [11]=   0 
before (DPU 148) [0]= 246 [1]= 292 [2]= 260 [3]=   0 [4]=   0 [5]=   0 [6]=   0 [7]=   0 [8]=   0 [9]=   0 [10]=   0 [11]=   0 
after  (DPU 148) [0]= 246 [1]= 292 [2]= 260 [3]=   0 [4]=   0 [5]=   0 [6]=   0 [7]=   0 [8]=   0 [9]=   0 [10]=   0 [11]=   0 
before (DPU 149) [0]= 276 [1]= 268 [2]= 278 [3]=   0 [4]=   0 [5]=   0 [6]=   0 [7]=   0 [8]=   0 [9]=   0 [10]=   0 [11]=   0 
after  (DPU 149) [0]= 276 [1]= 268 [2]= 278 [3]=   0 [4]=   0 [5]=   0 [6]=   0 [7]=   0 [8]=   0 [9]=   0 [10]=   0 [11]=   0 
before (DPU 150) [0]= 245 [1]= 290 [2]= 268 [3]=   0 [4]=   0 [5]=   0 [6]=   0 [7]=   0 [8]=   0 [9]=   0 [10]=   0 [11]=   0 
after  (DPU 150) [0]= 245 [1]= 290 [2]= 268 [3]=   0 [4]=   0 [5]=   0 [6]=   0 [7]=   0 [8]=   0 [9]=   0 [10]=   0 [11]=   0 
before (DPU 151) [0]= 293 [1]= 265 [2]= 247 [3]=   0 [4]=   0 [5]=   0 [6]=   0 [7]=   0 [8]=   0 [9]=   0 [10]=   0 [11]=   0 
after  (DPU 151) [0]= 293 [1]= 265 [2]= 247 [3]=   0 [4]=   0 [5]=   0 [6]=   0 [7]=   0 [8]=   0 [9]=   0 [10]=   0 [11]=   0 
before (DPU 152) [0]= 263 [1]= 231 [2]= 254 [3]=   0 [4]=   0 [5]=   0 [6]=   0 [7]=   0 [8]=   0 [9]=   0 [10]=   0 [11]=   0 
after  (DPU 152) [0]= 263 [1]= 231 [2]= 254 [3]=   0 [4]=   0 [5]=   0 [6]=   0 [7]=   0 [8]=   0 [9]=   0 [10]=   0 [11]=   0 
before (DPU 153) [0]= 283 [1]= 269 [2]= 246 [3]=   0 [4]=   0 [5]=   0 [6]=   0 [7]=   0 [8]=   0 [9]=   0 [10]=   0 [11]=   0 
after  (DPU 153) [0]= 283 [1]= 269 [2]= 246 [3]=   0 [4]=   0 [5]=   0 [6]=   0 [7]=   0 [8]=   0 [9]=   0 [10]=   0 [11]=   0 
before (DPU 154) [0]= 271 [1]= 271 [2]= 260 [3]=   0 [4]=   0 [5]=   0 [6]=   0 [7]=   0 [8]=   0 [9]=   0 [10]=   0 [11]=   0 
after  (DPU 154) [0]= 271 [1]= 271 [2]= 260 [3]=   0 [4]=   0 [5]=   0 [6]=   0 [7]=   0 [8]=   0 [9]=   0 [10]=   0 [11]=   0 
before (DPU 155) [0]= 261 [1]= 257 [2]= 263 [3]=   0 [4]=   0 [5]=   0 [6]=   0 [7]=   0 [8]=   0 [9]=   0 [10]=   0 [11]=   0 
after  (DPU 155) [0]= 261 [1]= 257 [2]= 263 [3]=   0 [4]=   0 [5]=   0 [6]=   0 [7]=   0 [8]=   0 [9]=   0 [10]=   0 [11]=   0 
before (DPU 156) [0]= 257 [1]= 239 [2]= 255 [3]=   0 [4]=   0 [5]=   0 [6]=   0 [7]=   0 [8]=   0 [9]=   0 [10]=   0 [11]=   0 
after  (DPU 156) [0]= 257 [1]= 239 [2]= 255 [3]=   0 [4]=   0 [5]=   0 [6]=   0 [7]=   0 [8]=   0 [9]=   0 [10]=   0 [11]=   0 
before (DPU 157) [0]= 240 [1]= 256 [2]= 253 [3]=   0 [4]=   0 [5]=   0 [6]=   0 [7]=   0 [8]=   0 [9]=   0 [10]=   0 [11]=   0 
after  (DPU 157) [0]= 240 [1]= 256 [2]= 253 [3]=   0 [4]=   0 [5]=   0 [6]=   0 [7]=   0 [8]=   0 [9]=   0 [10]=   0 [11]=   0 
before (DPU 158) [0]= 256 [1]= 256 [2]= 260 [3]=   0 [4]=   0 [5]=   0 [6]=   0 [7]=   0 [8]=   0 [9]=   0 [10]=   0 [11]=   0 
after  (DPU 158) [0]= 256 [1]= 256 [2]= 260 [3]=   0 [4]=   0 [5]=   0 [6]=   0 [7]=   0 [8]=   0 [9]=   0 [10]=   0 [11]=   0 
before (DPU 159) [0]= 251 [1]= 264 [2]= 250 [3]=   0 [4]=   0 [5]=   0 [6]=   0 [7]=   0 [8]=   0 [9]=   0 [10]=   0 [11]=   0 
after  (DPU 159) [0]= 251 [1]= 264 [2]= 250 [3]=   0 [4]=   0 [5]=   0 [6]=   0 [7]=   0 [8]=   0 [9]=   0 [10]=   0 [11]=   0 
before (DPU 160) [0]= 260 [1]= 248 [2]= 266 [3]=   0 [4]=   0 [5]=   0 [6]=   0 [7]=   0 [8]=   0 [9]=   0 [10]=   0 [11]=   0 
after  (DPU 160) [0]= 260 [1]= 248 [2]= 266 [3]=   0 [4]=   0 [5]=   0 [6]=   0 [7]=   0 [8]=   0 [9]=   0 [10]=   0 [11]=   0 
before (DPU 161) [0]= 250 [1]= 224 [2]= 258 [3]=   0 [4]=   0 [5]=   0 [6]=   0 [7]=   0 [8]=   0 [9]=   0 [10]=   0 [11]=   0 
after  (DPU 161) [0]= 250 [1]= 224 [2]= 258 [3]=   0 [4]=   0 [5]=   0 [6]=   0 [7]=   0 [8]=   0 [9]=   0 [10]=   0 [11]=   0 
before (DPU 162) [0]= 268 [1]= 249 [2]= 227 [3]=   0 [4]=   0 [5]=   0 [6]=   0 [7]=   0 [8]=   0 [9]=   0 [10]=   0 [11]=   0 
after  (DPU 162) [0]= 268 [1]= 249 [2]= 227 [3]=   0 [4]=   0 [5]=   0 [6]=   0 [7]=   0 [8]=   0 [9]=   0 [10]=   0 [11]=   0 
before (DPU 163) [0]= 237 [1]= 249 [2]= 236 [3]=   0 [4]=   0 [5]=   0 [6]=   0 [7]=   0 [8]=   0 [9]=   0 [10]=   0 [11]=   0 
after  (DPU 163) [0]= 237 [1]= 249 [2]= 236 [3]=   0 [4]=   0 [5]=   0 [6]=   0 [7]=   0 [8]=   0 [9]=   0 [10]=   0 [11]=   0 
before (DPU 164) [0]= 235 [1]= 257 [2]= 240 [3]=   0 [4]=   0 [5]=   0 [6]=   0 [7]=   0 [8]=   0 [9]=   0 [10]=   0 [11]=   0 
after  (DPU 164) [0]= 235 [1]= 257 [2]= 240 [3]=   0 [4]=   0 [5]=   0 [6]=   0 [7]=   0 [8]=   0 [9]=   0 [10]=   0 [11]=   0 
before (DPU 165) [0]= 245 [1]= 265 [2]= 221 [3]=   0 [4]=   0 [5]=   0 [6]=   0 [7]=   0 [8]=   0 [9]=   0 [10]=   0 [11]=   0 
after  (DPU 165) [0]= 245 [1]= 265 [2]= 221 [3]=   0 [4]=   0 [5]=   0 [6]=   0 [7]=   0 [8]=   0 [9]=   0 [10]=   0 [11]=   0 
before (DPU 166) [0]= 223 [1]= 214 [2]= 234 [3]=   0 [4]=   0 [5]=   0 [6]=   0 [7]=   0 [8]=   0 [9]=   0 [10]=   0 [11]=   0 
after  (DPU 166) [0]= 223 [1]= 214 [2]= 234 [3]=   0 [4]=   0 [5]=   0 [6]=   0 [7]=   0 [8]=   0 [9]=   0 [10]=   0 [11]=   0 
before (DPU 167) [0]= 220 [1]= 240 [2]= 263 [3]=   0 [4]=   0 [5]=   0 [6]=   0 [7]=   0 [8]=   0 [9]=   0 [10]=   0 [11]=   0 
after  (DPU 167) [0]= 220 [1]= 240 [2]= 263 [3]=   0 [4]=   0 [5]=   0 [6]=   0 [7]=   0 [8]=   0 [9]=   0 [10]=   0 [11]=   0 
before (DPU 168) [0]= 228 [1]= 249 [2]= 263 [3]=   0 [4]=   0 [5]=   0 [6]=   0 [7]=   0 [8]=   0 [9]=   0 [10]=   0 [11]=   0 
after  (DPU 168) [0]= 228 [1]= 249 [2]= 263 [3]=   0 [4]=   0 [5]=   0 [6]=   0 [7]=   0 [8]=   0 [9]=   0 [10]=   0 [11]=   0 
before (DPU 169) [0]= 240 [1]= 230 [2]= 229 [3]=   0 [4]=   0 [5]=   0 [6]=   0 [7]=   0 [8]=   0 [9]=   0 [10]=   0 [11]=   0 
after  (DPU 169) [0]= 240 [1]= 230 [2]= 229 [3]=   0 [4]=   0 [5]=   0 [6]=   0 [7]=   0 [8]=   0 [9]=   0 [10]=   0 [11]=   0 
before (DPU 170) [0]= 229 [1]= 261 [2]= 218 [3]=   0 [4]=   0 [5]=   0 [6]=   0 [7]=   0 [8]=   0 [9]=   0 [10]=   0 [11]=   0 
after  (DPU 170) [0]= 229 [1]= 261 [2]= 218 [3]=   0 [4]=   0 [5]=   0 [6]=   0 [7]=   0 [8]=   0 [9]=   0 [10]=   0 [11]=   0 
before (DPU 171) [0]= 233 [1]= 248 [2]= 228 [3]=   0 [4]=   0 [5]=   0 [6]=   0 [7]=   0 [8]=   0 [9]=   0 [10]=   0 [11]=   0 
after  (DPU 171) [0]= 233 [1]= 248 [2]= 228 [3]=   0 [4]=   0 [5]=   0 [6]=   0 [7]=   0 [8]=   0 [9]=   0 [10]=   0 [11]=   0 
before (DPU 172) [0]= 250 [1]= 223 [2]= 232 [3]=   0 [4]=   0 [5]=   0 [6]=   0 [7]=   0 [8]=   0 [9]=   0 [10]=   0 [11]=   0 
after  (DPU 172) [0]= 250 [1]= 223 [2]= 232 [3]=   0 [4]=   0 [5]=   0 [6]=   0 [7]=   0 [8]=   0 [9]=   0 [10]=   0 [11]=   0 
before (DPU 173) [0]= 237 [1]= 218 [2]= 240 [3]=   0 [4]=   0 [5]=   0 [6]=   0 [7]=   0 [8]=   0 [9]=   0 [10]=   0 [11]=   0 
after  (DPU 173) [0]= 237 [1]= 218 [2]= 240 [3]=   0 [4]=   0 [5]=   0 [6]=   0 [7]=   0 [8]=   0 [9]=   0 [10]=   0 [11]=   0 
before (DPU 174) [0]= 226 [1]= 213 [2]= 211 [3]=   0 [4]=   0 [5]=   0 [6]=   0 [7]=   0 [8]=   0 [9]=   0 [10]=   0 [11]=   0 
after  (DPU 174) [0]= 226 [1]= 213 [2]= 211 [3]=   0 [4]=   0 [5]=   0 [6]=   0 [7]=   0 [8]=   0 [9]=   0 [10]=   0 [11]=   0 
before (DPU 175) [0]= 242 [1]= 234 [2]= 220 [3]=   0 [4]=   0 [5]=   0 [6]=   0 [7]=   0 [8]=   0 [9]=   0 [10]=   0 [11]=   0 
after  (DPU 175) [0]= 242 [1]= 234 [2]= 220 [3]=   0 [4]=   0 [5]=   0 [6]=   0 [7]=   0 [8]=   0 [9]=   0 [10]=   0 [11]=   0 
before (DPU 176) [0]= 211 [1]= 233 [2]= 238 [3]=   0 [4]=   0 [5]=   0 [6]=   0 [7]=   0 [8]=   0 [9]=   0 [10]=   0 [11]=   0 
after  (DPU 176) [0]= 211 [1]= 233 [2]= 238 [3]=   0 [4]=   0 [5]=   0 [6]=   0 [7]=   0 [8]=   0 [9]=   0 [10]=   0 [11]=   0 
before (DPU 177) [0]= 246 [1]= 232 [2]= 230 [3]=   0 [4]=   0 [5]=   0 [6]=   0 [7]=   0 [8]=   0 [9]=   0 [10]=   0 [11]=   0 
after  (DPU 177) [0]= 246 [1]= 232 [2]= 230 [3]=   0 [4]=   0 [5]=   0 [6]=   0 [7]=   0 [8]=   0 [9]=   0 [10]=   0 [11]=   0 
before (DPU 178) [0]= 233 [1]= 218 [2]= 212 [3]=   0 [4]=   0 [5]=   0 [6]=   0 [7]=   0 [8]=   0 [9]=   0 [10]=   0 [11]=   0 
after  (DPU 178) [0]= 233 [1]= 218 [2]= 212 [3]=   0 [4]=   0 [5]=   0 [6]=   0 [7]=   0 [8]=   0 [9]=   0 [10]=   0 [11]=   0 
before (DPU 179) [0]= 238 [1]= 248 [2]= 216 [3]=   0 [4]=   0 [5]=   0 [6]=   0 [7]=   0 [8]=   0 [9]=   0 [10]=   0 [11]=   0 
after  (DPU 179) [0]= 238 [1]= 248 [2]= 216 [3]=   0 [4]=   0 [5]=   0 [6]=   0 [7]=   0 [8]=   0 [9]=   0 [10]=   0 [11]=   0 
before (DPU 180) [0]= 207 [1]= 219 [2]= 230 [3]=   0 [4]=   0 [5]=   0 [6]=   0 [7]=   0 [8]=   0 [9]=   0 [10]=   0 [11]=   0 
after  (DPU 180) [0]= 207 [1]= 219 [2]= 230 [3]=   0 [4]=   0 [5]=   0 [6]=   0 [7]=   0 [8]=   0 [9]=   0 [10]=   0 [11]=   0 
before (DPU 181) [0]= 217 [1]= 218 [2]= 236 [3]=   0 [4]=   0 [5]=   0 [6]=   0 [7]=   0 [8]=   0 [9]=   0 [10]=   0 [11]=   0 
after  (DPU 181) [0]= 217 [1]= 218 [2]= 236 [3]=   0 [4]=   0 [5]=   0 [6]=   0 [7]=   0 [8]=   0 [9]=   0 [10]=   0 [11]=   0 
before (DPU 182) [0]= 217 [1]= 239 [2]= 221 [3]=   0 [4]=   0 [5]=   0 [6]=   0 [7]=   0 [8]=   0 [9]=   0 [10]=   0 [11]=   0 
after  (DPU 182) [0]= 217 [1]= 239 [2]= 221 [3]=   0 [4]=   0 [5]=   0 [6]=   0 [7]=   0 [8]=   0 [9]=   0 [10]=   0 [11]=   0 
before (DPU 183) [0]= 213 [1]= 213 [2]= 201 [3]=   0 [4]=   0 [5]=   0 [6]=   0 [7]=   0 [8]=   0 [9]=   0 [10]=   0 [11]=   0 
after  (DPU 183) [0]= 213 [1]= 213 [2]= 201 [3]=   0 [4]=   0 [5]=   0 [6]=   0 [7]=   0 [8]=   0 [9]=   0 [10]=   0 [11]=   0 
before (DPU 184) [0]= 241 [1]= 208 [2]= 199 [3]=   0 [4]=   0 [5]=   0 [6]=   0 [7]=   0 [8]=   0 [9]=   0 [10]=   0 [11]=   0 
after  (DPU 184) [0]= 241 [1]= 208 [2]= 199 [3]=   0 [4]=   0 [5]=   0 [6]=   0 [7]=   0 [8]=   0 [9]=   0 [10]=   0 [11]=   0 
before (DPU 185) [0]= 255 [1]= 208 [2]= 227 [3]=   0 [4]=   0 [5]=   0 [6]=   0 [7]=   0 [8]=   0 [9]=   0 [10]=   0 [11]=   0 
after  (DPU 185) [0]= 255 [1]= 208 [2]= 227 [3]=   0 [4]=   0 [5]=   0 [6]=   0 [7]=   0 [8]=   0 [9]=   0 [10]=   0 [11]=   0 
before (DPU 186) [0]= 217 [1]= 235 [2]= 223 [3]=   0 [4]=   0 [5]=   0 [6]=   0 [7]=   0 [8]=   0 [9]=   0 [10]=   0 [11]=   0 
after  (DPU 186) [0]= 217 [1]= 235 [2]= 223 [3]=   0 [4]=   0 [5]=   0 [6]=   0 [7]=   0 [8]=   0 [9]=   0 [10]=   0 [11]=   0 
before (DPU 187) [0]= 219 [1]= 202 [2]= 215 [3]=   0 [4]=   0 [5]=   0 [6]=   0 [7]=   0 [8]=   0 [9]=   0 [10]=   0 [11]=   0 
after  (DPU 187) [0]= 219 [1]= 202 [2]= 215 [3]=   0 [4]=   0 [5]=   0 [6]=   0 [7]=   0 [8]=   0 [9]=   0 [10]=   0 [11]=   0 
before (DPU 188) [0]= 200 [1]= 213 [2]= 218 [3]=   0 [4]=   0 [5]=   0 [6]=   0 [7]=   0 [8]=   0 [9]=   0 [10]=   0 [11]=   0 
after  (DPU 188) [0]= 200 [1]= 213 [2]= 218 [3]=   0 [4]=   0 [5]=   0 [6]=   0 [7]=   0 [8]=   0 [9]=   0 [10]=   0 [11]=   0 
before (DPU 189) [0]= 193 [1]= 217 [2]= 195 [3]=   0 [4]=   0 [5]=   0 [6]=   0 [7]=   0 [8]=   0 [9]=   0 [10]=   0 [11]=   0 
after  (DPU 189) [0]= 193 [1]= 217 [2]= 195 [3]=   0 [4]=   0 [5]=   0 [6]=   0 [7]=   0 [8]=   0 [9]=   0 [10]=   0 [11]=   0 
before (DPU 190) [0]= 217 [1]= 206 [2]= 225 [3]=   0 [4]=   0 [5]=   0 [6]=   0 [7]=   0 [8]=   0 [9]=   0 [10]=   0 [11]=   0 
after  (DPU 190) [0]= 217 [1]= 206 [2]= 225 [3]=   0 [4]=   0 [5]=   0 [6]=   0 [7]=   0 [8]=   0 [9]=   0 [10]=   0 [11]=   0 
before (DPU 191) [0]= 191 [1]= 201 [2]= 215 [3]=   0 [4]=   0 [5]=   0 [6]=   0 [7]=   0 [8]=   0 [9]=   0 [10]=   0 [11]=   0 
after  (DPU 191) [0]= 191 [1]= 201 [2]= 215 [3]=   0 [4]=   0 [5]=   0 [6]=   0 [7]=   0 [8]=   0 [9]=   0 [10]=   0 [11]=   0 
before (DPU 192) [0]= 204 [1]= 178 [2]= 198 [3]=   0 [4]=   0 [5]=   0 [6]=   0 [7]=   0 [8]=   0 [9]=   0 [10]=   0 [11]=   0 
after  (DPU 192) [0]= 204 [1]= 178 [2]= 198 [3]=   0 [4]=   0 [5]=   0 [6]=   0 [7]=   0 [8]=   0 [9]=   0 [10]=   0 [11]=   0 
before (DPU 193) [0]= 196 [1]= 197 [2]= 200 [3]=   0 [4]=   0 [5]=   0 [6]=   0 [7]=   0 [8]=   0 [9]=   0 [10]=   0 [11]=   0 
after  (DPU 193) [0]= 196 [1]= 197 [2]= 200 [3]=   0 [4]=   0 [5]=   0 [6]=   0 [7]=   0 [8]=   0 [9]=   0 [10]=   0 [11]=   0 
before (DPU 194) [0]= 187 [1]= 212 [2]= 230 [3]=   0 [4]=   0 [5]=   0 [6]=   0 [7]=   0 [8]=   0 [9]=   0 [10]=   0 [11]=   0 
after  (DPU 194) [0]= 187 [1]= 212 [2]= 230 [3]=   0 [4]=   0 [5]=   0 [6]=   0 [7]=   0 [8]=   0 [9]=   0 [10]=   0 [11]=   0 
before (DPU 195) [0]= 211 [1]= 212 [2]= 224 [3]=   0 [4]=   0 [5]=   0 [6]=   0 [7]=   0 [8]=   0 [9]=   0 [10]=   0 [11]=   0 
after  (DPU 195) [0]= 211 [1]= 212 [2]= 224 [3]=   0 [4]=   0 [5]=   0 [6]=   0 [7]=   0 [8]=   0 [9]=   0 [10]=   0 [11]=   0 
before (DPU 196) [0]= 190 [1]= 197 [2]= 178 [3]=   0 [4]=   0 [5]=   0 [6]=   0 [7]=   0 [8]=   0 [9]=   0 [10]=   0 [11]=   0 
after  (DPU 196) [0]= 190 [1]= 197 [2]= 178 [3]=   0 [4]=   0 [5]=   0 [6]=   0 [7]=   0 [8]=   0 [9]=   0 [10]=   0 [11]=   0 
before (DPU 197) [0]= 197 [1]= 185 [2]= 194 [3]=   0 [4]=   0 [5]=   0 [6]=   0 [7]=   0 [8]=   0 [9]=   0 [10]=   0 [11]=   0 
after  (DPU 197) [0]= 197 [1]= 185 [2]= 194 [3]=   0 [4]=   0 [5]=   0 [6]=   0 [7]=   0 [8]=   0 [9]=   0 [10]=   0 [11]=   0 
before (DPU 198) [0]= 208 [1]= 207 [2]= 204 [3]=   0 [4]=   0 [5]=   0 [6]=   0 [7]=   0 [8]=   0 [9]=   0 [10]=   0 [11]=   0 
after  (DPU 198) [0]= 208 [1]= 207 [2]= 204 [3]=   0 [4]=   0 [5]=   0 [6]=   0 [7]=   0 [8]=   0 [9]=   0 [10]=   0 [11]=   0 
before (DPU 199) [0]= 193 [1]= 220 [2]= 180 [3]=   0 [4]=   0 [5]=   0 [6]=   0 [7]=   0 [8]=   0 [9]=   0 [10]=   0 [11]=   0 
after  (DPU 199) [0]= 193 [1]= 220 [2]= 180 [3]=   0 [4]=   0 [5]=   0 [6]=   0 [7]=   0 [8]=   0 [9]=   0 [10]=   0 [11]=   0 
before (DPU 200) [0]= 217 [1]= 194 [2]= 200 [3]=   0 [4]=   0 [5]=   0 [6]=   0 [7]=   0 [8]=   0 [9]=   0 [10]=   0 [11]=   0 
after  (DPU 200) [0]= 217 [1]= 194 [2]= 200 [3]=   0 [4]=   0 [5]=   0 [6]=   0 [7]=   0 [8]=   0 [9]=   0 [10]=   0 [11]=   0 
before (DPU 201) [0]= 198 [1]= 231 [2]= 216 [3]=   0 [4]=   0 [5]=   0 [6]=   0 [7]=   0 [8]=   0 [9]=   0 [10]=   0 [11]=   0 
after  (DPU 201) [0]= 198 [1]= 231 [2]= 216 [3]=   0 [4]=   0 [5]=   0 [6]=   0 [7]=   0 [8]=   0 [9]=   0 [10]=   0 [11]=   0 
before (DPU 202) [0]= 228 [1]= 207 [2]= 217 [3]=   0 [4]=   0 [5]=   0 [6]=   0 [7]=   0 [8]=   0 [9]=   0 [10]=   0 [11]=   0 
after  (DPU 202) [0]= 228 [1]= 207 [2]= 217 [3]=   0 [4]=   0 [5]=   0 [6]=   0 [7]=   0 [8]=   0 [9]=   0 [10]=   0 [11]=   0 
before (DPU 203) [0]= 202 [1]= 205 [2]= 192 [3]=   0 [4]=   0 [5]=   0 [6]=   0 [7]=   0 [8]=   0 [9]=   0 [10]=   0 [11]=   0 
after  (DPU 203) [0]= 202 [1]= 205 [2]= 192 [3]=   0 [4]=   0 [5]=   0 [6]=   0 [7]=   0 [8]=   0 [9]=   0 [10]=   0 [11]=   0 
before (DPU 204) [0]= 179 [1]= 184 [2]= 226 [3]=   0 [4]=   0 [5]=   0 [6]=   0 [7]=   0 [8]=   0 [9]=   0 [10]=   0 [11]=   0 
after  (DPU 204) [0]= 179 [1]= 184 [2]= 226 [3]=   0 [4]=   0 [5]=   0 [6]=   0 [7]=   0 [8]=   0 [9]=   0 [10]=   0 [11]=   0 
before (DPU 205) [0]= 188 [1]= 202 [2]= 203 [3]=   0 [4]=   0 [5]=   0 [6]=   0 [7]=   0 [8]=   0 [9]=   0 [10]=   0 [11]=   0 
after  (DPU 205) [0]= 188 [1]= 202 [2]= 203 [3]=   0 [4]=   0 [5]=   0 [6]=   0 [7]=   0 [8]=   0 [9]=   0 [10]=   0 [11]=   0 
before (DPU 206) [0]= 217 [1]= 198 [2]= 175 [3]=   0 [4]=   0 [5]=   0 [6]=   0 [7]=   0 [8]=   0 [9]=   0 [10]=   0 [11]=   0 
after  (DPU 206) [0]= 217 [1]= 198 [2]= 175 [3]=   0 [4]=   0 [5]=   0 [6]=   0 [7]=   0 [8]=   0 [9]=   0 [10]=   0 [11]=   0 
before (DPU 207) [0]= 201 [1]= 164 [2]= 187 [3]=   0 [4]=   0 [5]=   0 [6]=   0 [7]=   0 [8]=   0 [9]=   0 [10]=   0 [11]=   0 
after  (DPU 207) [0]= 201 [1]= 164 [2]= 187 [3]=   0 [4]=   0 [5]=   0 [6]=   0 [7]=   0 [8]=   0 [9]=   0 [10]=   0 [11]=   0 
before (DPU 208) [0]= 205 [1]= 187 [2]= 181 [3]=   0 [4]=   0 [5]=   0 [6]=   0 [7]=   0 [8]=   0 [9]=   0 [10]=   0 [11]=   0 
after  (DPU 208) [0]= 205 [1]= 187 [2]= 181 [3]=   0 [4]=   0 [5]=   0 [6]=   0 [7]=   0 [8]=   0 [9]=   0 [10]=   0 [11]=   0 
before (DPU 209) [0]= 198 [1]= 174 [2]= 189 [3]=   0 [4]=   0 [5]=   0 [6]=   0 [7]=   0 [8]=   0 [9]=   0 [10]=   0 [11]=   0 
after  (DPU 209) [0]= 198 [1]= 174 [2]= 189 [3]=   0 [4]=   0 [5]=   0 [6]=   0 [7]=   0 [8]=   0 [9]=   0 [10]=   0 [11]=   0 
before (DPU 210) [0]= 213 [1]= 197 [2]= 175 [3]=   0 [4]=   0 [5]=   0 [6]=   0 [7]=   0 [8]=   0 [9]=   0 [10]=   0 [11]=   0 
after  (DPU 210) [0]= 213 [1]= 197 [2]= 175 [3]=   0 [4]=   0 [5]=   0 [6]=   0 [7]=   0 [8]=   0 [9]=   0 [10]=   0 [11]=   0 
before (DPU 211) [0]= 171 [1]= 175 [2]= 197 [3]=   0 [4]=   0 [5]=   0 [6]=   0 [7]=   0 [8]=   0 [9]=   0 [10]=   0 [11]=   0 
after  (DPU 211) [0]= 171 [1]= 175 [2]= 197 [3]=   0 [4]=   0 [5]=   0 [6]=   0 [7]=   0 [8]=   0 [9]=   0 [10]=   0 [11]=   0 
before (DPU 212) [0]= 190 [1]= 181 [2]= 186 [3]=   0 [4]=   0 [5]=   0 [6]=   0 [7]=   0 [8]=   0 [9]=   0 [10]=   0 [11]=   0 
after  (DPU 212) [0]= 190 [1]= 181 [2]= 186 [3]=   0 [4]=   0 [5]=   0 [6]=   0 [7]=   0 [8]=   0 [9]=   0 [10]=   0 [11]=   0 
before (DPU 213) [0]= 205 [1]= 176 [2]= 168 [3]=   0 [4]=   0 [5]=   0 [6]=   0 [7]=   0 [8]=   0 [9]=   0 [10]=   0 [11]=   0 
after  (DPU 213) [0]= 205 [1]= 176 [2]= 168 [3]=   0 [4]=   0 [5]=   0 [6]=   0 [7]=   0 [8]=   0 [9]=   0 [10]=   0 [11]=   0 
before (DPU 214) [0]= 190 [1]= 188 [2]= 192 [3]=   0 [4]=   0 [5]=   0 [6]=   0 [7]=   0 [8]=   0 [9]=   0 [10]=   0 [11]=   0 
after  (DPU 214) [0]= 190 [1]= 188 [2]= 192 [3]=   0 [4]=   0 [5]=   0 [6]=   0 [7]=   0 [8]=   0 [9]=   0 [10]=   0 [11]=   0 
before (DPU 215) [0]= 189 [1]= 176 [2]= 164 [3]=   0 [4]=   0 [5]=   0 [6]=   0 [7]=   0 [8]=   0 [9]=   0 [10]=   0 [11]=   0 
after  (DPU 215) [0]= 189 [1]= 176 [2]= 164 [3]=   0 [4]=   0 [5]=   0 [6]=   0 [7]=   0 [8]=   0 [9]=   0 [10]=   0 [11]=   0 
before (DPU 216) [0]= 198 [1]= 171 [2]= 192 [3]=   0 [4]=   0 [5]=   0 [6]=   0 [7]=   0 [8]=   0 [9]=   0 [10]=   0 [11]=   0 
after  (DPU 216) [0]= 198 [1]= 171 [2]= 192 [3]=   0 [4]=   0 [5]=   0 [6]=   0 [7]=   0 [8]=   0 [9]=   0 [10]=   0 [11]=   0 
before (DPU 217) [0]= 197 [1]= 191 [2]= 197 [3]=   0 [4]=   0 [5]=   0 [6]=   0 [7]=   0 [8]=   0 [9]=   0 [10]=   0 [11]=   0 
after  (DPU 217) [0]= 197 [1]= 191 [2]= 197 [3]=   0 [4]=   0 [5]=   0 [6]=   0 [7]=   0 [8]=   0 [9]=   0 [10]=   0 [11]=   0 
before (DPU 218) [0]= 182 [1]= 195 [2]= 186 [3]=   0 [4]=   0 [5]=   0 [6]=   0 [7]=   0 [8]=   0 [9]=   0 [10]=   0 [11]=   0 
after  (DPU 218) [0]= 182 [1]= 195 [2]= 186 [3]=   0 [4]=   0 [5]=   0 [6]=   0 [7]=   0 [8]=   0 [9]=   0 [10]=   0 [11]=   0 
before (DPU 219) [0]= 160 [1]= 173 [2]= 146 [3]=   0 [4]=   0 [5]=   0 [6]=   0 [7]=   0 [8]=   0 [9]=   0 [10]=   0 [11]=   0 
after  (DPU 219) [0]= 160 [1]= 173 [2]= 146 [3]=   0 [4]=   0 [5]=   0 [6]=   0 [7]=   0 [8]=   0 [9]=   0 [10]=   0 [11]=   0 
before (DPU 220) [0]= 223 [1]= 184 [2]= 199 [3]=   0 [4]=   0 [5]=   0 [6]=   0 [7]=   0 [8]=   0 [9]=   0 [10]=   0 [11]=   0 
after  (DPU 220) [0]= 223 [1]= 184 [2]= 199 [3]=   0 [4]=   0 [5]=   0 [6]=   0 [7]=   0 [8]=   0 [9]=   0 [10]=   0 [11]=   0 
before (DPU 221) [0]= 183 [1]= 196 [2]= 185 [3]=   0 [4]=   0 [5]=   0 [6]=   0 [7]=   0 [8]=   0 [9]=   0 [10]=   0 [11]=   0 
after  (DPU 221) [0]= 183 [1]= 196 [2]= 185 [3]=   0 [4]=   0 [5]=   0 [6]=   0 [7]=   0 [8]=   0 [9]=   0 [10]=   0 [11]=   0 
before (DPU 222) [0]= 172 [1]= 209 [2]= 176 [3]=   0 [4]=   0 [5]=   0 [6]=   0 [7]=   0 [8]=   0 [9]=   0 [10]=   0 [11]=   0 
after  (DPU 222) [0]= 172 [1]= 209 [2]= 176 [3]=   0 [4]=   0 [5]=   0 [6]=   0 [7]=   0 [8]=   0 [9]=   0 [10]=   0 [11]=   0 
before (DPU 223) [0]= 199 [1]= 190 [2]= 187 [3]=   0 [4]=   0 [5]=   0 [6]=   0 [7]=   0 [8]=   0 [9]=   0 [10]=   0 [11]=   0 
after  (DPU 223) [0]= 199 [1]= 190 [2]= 187 [3]=   0 [4]=   0 [5]=   0 [6]=   0 [7]=   0 [8]=   0 [9]=   0 [10]=   0 [11]=   0 
before (DPU 224) [0]= 187 [1]= 188 [2]= 180 [3]=   0 [4]=   0 [5]=   0 [6]=   0 [7]=   0 [8]=   0 [9]=   0 [10]=   0 [11]=   0 
after  (DPU 224) [0]= 187 [1]= 188 [2]= 180 [3]=   0 [4]=   0 [5]=   0 [6]=   0 [7]=   0 [8]=   0 [9]=   0 [10]=   0 [11]=   0 
before (DPU 225) [0]= 147 [1]= 177 [2]= 159 [3]=   0 [4]=   0 [5]=   0 [6]=   0 [7]=   0 [8]=   0 [9]=   0 [10]=   0 [11]=   0 
after  (DPU 225) [0]= 147 [1]= 177 [2]= 159 [3]=   0 [4]=   0 [5]=   0 [6]=   0 [7]=   0 [8]=   0 [9]=   0 [10]=   0 [11]=   0 
before (DPU 226) [0]= 179 [1]= 185 [2]= 174 [3]=   0 [4]=   0 [5]=   0 [6]=   0 [7]=   0 [8]=   0 [9]=   0 [10]=   0 [11]=   0 
after  (DPU 226) [0]= 179 [1]= 185 [2]= 174 [3]=   0 [4]=   0 [5]=   0 [6]=   0 [7]=   0 [8]=   0 [9]=   0 [10]=   0 [11]=   0 
before (DPU 227) [0]= 183 [1]= 179 [2]= 173 [3]=   0 [4]=   0 [5]=   0 [6]=   0 [7]=   0 [8]=   0 [9]=   0 [10]=   0 [11]=   0 
after  (DPU 227) [0]= 183 [1]= 179 [2]= 173 [3]=   0 [4]=   0 [5]=   0 [6]=   0 [7]=   0 [8]=   0 [9]=   0 [10]=   0 [11]=   0 
before (DPU 228) [0]= 177 [1]= 167 [2]= 157 [3]=   0 [4]=   0 [5]=   0 [6]=   0 [7]=   0 [8]=   0 [9]=   0 [10]=   0 [11]=   0 
after  (DPU 228) [0]= 177 [1]= 167 [2]= 157 [3]=   0 [4]=   0 [5]=   0 [6]=   0 [7]=   0 [8]=   0 [9]=   0 [10]=   0 [11]=   0 
before (DPU 229) [0]= 167 [1]= 172 [2]= 178 [3]=   0 [4]=   0 [5]=   0 [6]=   0 [7]=   0 [8]=   0 [9]=   0 [10]=   0 [11]=   0 
after  (DPU 229) [0]= 167 [1]= 172 [2]= 178 [3]=   0 [4]=   0 [5]=   0 [6]=   0 [7]=   0 [8]=   0 [9]=   0 [10]=   0 [11]=   0 
before (DPU 230) [0]= 180 [1]= 205 [2]= 166 [3]=   0 [4]=   0 [5]=   0 [6]=   0 [7]=   0 [8]=   0 [9]=   0 [10]=   0 [11]=   0 
after  (DPU 230) [0]= 180 [1]= 205 [2]= 166 [3]=   0 [4]=   0 [5]=   0 [6]=   0 [7]=   0 [8]=   0 [9]=   0 [10]=   0 [11]=   0 
before (DPU 231) [0]= 197 [1]= 171 [2]= 164 [3]=   0 [4]=   0 [5]=   0 [6]=   0 [7]=   0 [8]=   0 [9]=   0 [10]=   0 [11]=   0 
after  (DPU 231) [0]= 197 [1]= 171 [2]= 164 [3]=   0 [4]=   0 [5]=   0 [6]=   0 [7]=   0 [8]=   0 [9]=   0 [10]=   0 [11]=   0 
before (DPU 232) [0]= 172 [1]= 176 [2]= 164 [3]=   0 [4]=   0 [5]=   0 [6]=   0 [7]=   0 [8]=   0 [9]=   0 [10]=   0 [11]=   0 
after  (DPU 232) [0]= 172 [1]= 176 [2]= 164 [3]=   0 [4]=   0 [5]=   0 [6]=   0 [7]=   0 [8]=   0 [9]=   0 [10]=   0 [11]=   0 
before (DPU 233) [0]= 153 [1]= 158 [2]= 173 [3]=   0 [4]=   0 [5]=   0 [6]=   0 [7]=   0 [8]=   0 [9]=   0 [10]=   0 [11]=   0 
after  (DPU 233) [0]= 153 [1]= 158 [2]= 173 [3]=   0 [4]=   0 [5]=   0 [6]=   0 [7]=   0 [8]=   0 [9]=   0 [10]=   0 [11]=   0 
before (DPU 234) [0]= 212 [1]= 163 [2]= 155 [3]=   0 [4]=   0 [5]=   0 [6]=   0 [7]=   0 [8]=   0 [9]=   0 [10]=   0 [11]=   0 
after  (DPU 234) [0]= 212 [1]= 163 [2]= 155 [3]=   0 [4]=   0 [5]=   0 [6]=   0 [7]=   0 [8]=   0 [9]=   0 [10]=   0 [11]=   0 
before (DPU 235) [0]= 162 [1]= 172 [2]= 161 [3]=   0 [4]=   0 [5]=   0 [6]=   0 [7]=   0 [8]=   0 [9]=   0 [10]=   0 [11]=   0 
after  (DPU 235) [0]= 162 [1]= 172 [2]= 161 [3]=   0 [4]=   0 [5]=   0 [6]=   0 [7]=   0 [8]=   0 [9]=   0 [10]=   0 [11]=   0 
before (DPU 236) [0]= 169 [1]= 157 [2]= 172 [3]=   0 [4]=   0 [5]=   0 [6]=   0 [7]=   0 [8]=   0 [9]=   0 [10]=   0 [11]=   0 
after  (DPU 236) [0]= 169 [1]= 157 [2]= 172 [3]=   0 [4]=   0 [5]=   0 [6]=   0 [7]=   0 [8]=   0 [9]=   0 [10]=   0 [11]=   0 
before (DPU 237) [0]= 153 [1]= 189 [2]= 172 [3]=   0 [4]=   0 [5]=   0 [6]=   0 [7]=   0 [8]=   0 [9]=   0 [10]=   0 [11]=   0 
after  (DPU 237) [0]= 153 [1]= 189 [2]= 172 [3]=   0 [4]=   0 [5]=   0 [6]=   0 [7]=   0 [8]=   0 [9]=   0 [10]=   0 [11]=   0 
before (DPU 238) [0]= 141 [1]= 180 [2]= 172 [3]=   0 [4]=   0 [5]=   0 [6]=   0 [7]=   0 [8]=   0 [9]=   0 [10]=   0 [11]=   0 
after  (DPU 238) [0]= 141 [1]= 180 [2]= 172 [3]=   0 [4]=   0 [5]=   0 [6]=   0 [7]=   0 [8]=   0 [9]=   0 [10]=   0 [11]=   0 
before (DPU 239) [0]= 162 [1]= 160 [2]= 178 [3]=   0 [4]=   0 [5]=   0 [6]=   0 [7]=   0 [8]=   0 [9]=   0 [10]=   0 [11]=   0 
after  (DPU 239) [0]= 162 [1]= 160 [2]= 178 [3]=   0 [4]=   0 [5]=   0 [6]=   0 [7]=   0 [8]=   0 [9]=   0 [10]=   0 [11]=   0 
before (DPU 240) [0]= 161 [1]= 167 [2]= 170 [3]=   0 [4]=   0 [5]=   0 [6]=   0 [7]=   0 [8]=   0 [9]=   0 [10]=   0 [11]=   0 
after  (DPU 240) [0]= 161 [1]= 167 [2]= 170 [3]=   0 [4]=   0 [5]=   0 [6]=   0 [7]=   0 [8]=   0 [9]=   0 [10]=   0 [11]=   0 
before (DPU 241) [0]= 169 [1]= 158 [2]= 170 [3]=   0 [4]=   0 [5]=   0 [6]=   0 [7]=   0 [8]=   0 [9]=   0 [10]=   0 [11]=   0 
after  (DPU 241) [0]= 169 [1]= 158 [2]= 170 [3]=   0 [4]=   0 [5]=   0 [6]=   0 [7]=   0 [8]=   0 [9]=   0 [10]=   0 [11]=   0 
before (DPU 242) [0]= 177 [1]= 175 [2]= 164 [3]=   0 [4]=   0 [5]=   0 [6]=   0 [7]=   0 [8]=   0 [9]=   0 [10]=   0 [11]=   0 
after  (DPU 242) [0]= 177 [1]= 175 [2]= 164 [3]=   0 [4]=   0 [5]=   0 [6]=   0 [7]=   0 [8]=   0 [9]=   0 [10]=   0 [11]=   0 
before (DPU 243) [0]= 188 [1]= 167 [2]= 144 [3]=   0 [4]=   0 [5]=   0 [6]=   0 [7]=   0 [8]=   0 [9]=   0 [10]=   0 [11]=   0 
after  (DPU 243) [0]= 188 [1]= 167 [2]= 144 [3]=   0 [4]=   0 [5]=   0 [6]=   0 [7]=   0 [8]=   0 [9]=   0 [10]=   0 [11]=   0 
before (DPU 244) [0]= 132 [1]= 143 [2]= 165 [3]=   0 [4]=   0 [5]=   0 [6]=   0 [7]=   0 [8]=   0 [9]=   0 [10]=   0 [11]=   0 
after  (DPU 244) [0]= 132 [1]= 143 [2]= 165 [3]=   0 [4]=   0 [5]=   0 [6]=   0 [7]=   0 [8]=   0 [9]=   0 [10]=   0 [11]=   0 
before (DPU 245) [0]= 166 [1]= 168 [2]= 180 [3]=   0 [4]=   0 [5]=   0 [6]=   0 [7]=   0 [8]=   0 [9]=   0 [10]=   0 [11]=   0 
after  (DPU 245) [0]= 166 [1]= 168 [2]= 180 [3]=   0 [4]=   0 [5]=   0 [6]=   0 [7]=   0 [8]=   0 [9]=   0 [10]=   0 [11]=   0 
before (DPU 246) [0]= 160 [1]= 177 [2]= 149 [3]=   0 [4]=   0 [5]=   0 [6]=   0 [7]=   0 [8]=   0 [9]=   0 [10]=   0 [11]=   0 
after  (DPU 246) [0]= 160 [1]= 177 [2]= 149 [3]=   0 [4]=   0 [5]=   0 [6]=   0 [7]=   0 [8]=   0 [9]=   0 [10]=   0 [11]=   0 
before (DPU 247) [0]= 165 [1]= 162 [2]= 147 [3]=   0 [4]=   0 [5]=   0 [6]=   0 [7]=   0 [8]=   0 [9]=   0 [10]=   0 [11]=   0 
after  (DPU 247) [0]= 165 [1]= 162 [2]= 147 [3]=   0 [4]=   0 [5]=   0 [6]=   0 [7]=   0 [8]=   0 [9]=   0 [10]=   0 [11]=   0 
before (DPU 248) [0]= 154 [1]= 161 [2]= 168 [3]=   0 [4]=   0 [5]=   0 [6]=   0 [7]=   0 [8]=   0 [9]=   0 [10]=   0 [11]=   0 
after  (DPU 248) [0]= 154 [1]= 161 [2]= 168 [3]=   0 [4]=   0 [5]=   0 [6]=   0 [7]=   0 [8]=   0 [9]=   0 [10]=   0 [11]=   0 
before (DPU 249) [0]= 149 [1]= 179 [2]= 162 [3]=   0 [4]=   0 [5]=   0 [6]=   0 [7]=   0 [8]=   0 [9]=   0 [10]=   0 [11]=   0 
after  (DPU 249) [0]= 149 [1]= 179 [2]= 162 [3]=   0 [4]=   0 [5]=   0 [6]=   0 [7]=   0 [8]=   0 [9]=   0 [10]=   0 [11]=   0 
before (DPU 250) [0]= 164 [1]= 148 [2]= 176 [3]=   0 [4]=   0 [5]=   0 [6]=   0 [7]=   0 [8]=   0 [9]=   0 [10]=   0 [11]=   0 
after  (DPU 250) [0]= 164 [1]= 148 [2]= 176 [3]=   0 [4]=   0 [5]=   0 [6]=   0 [7]=   0 [8]=   0 [9]=   0 [10]=   0 [11]=   0 
before (DPU 251) [0]= 147 [1]= 173 [2]= 151 [3]=   0 [4]=   0 [5]=   0 [6]=   0 [7]=   0 [8]=   0 [9]=   0 [10]=   0 [11]=   0 
after  (DPU 251) [0]= 147 [1]= 173 [2]= 151 [3]=   0 [4]=   0 [5]=   0 [6]=   0 [7]=   0 [8]=   0 [9]=   0 [10]=   0 [11]=   0 
before (DPU 252) [0]= 156 [1]= 128 [2]= 147 [3]=   0 [4]=   0 [5]=   0 [6]=   0 [7]=   0 [8]=   0 [9]=   0 [10]=   0 [11]=   0 
after  (DPU 252) [0]= 156 [1]= 128 [2]= 147 [3]=   0 [4]=   0 [5]=   0 [6]=   0 [7]=   0 [8]=   0 [9]=   0 [10]=   0 [11]=   0 
before (DPU 253) [0]= 168 [1]= 182 [2]= 170 [3]=   0 [4]=   0 [5]=   0 [6]=   0 [7]=   0 [8]=   0 [9]=   0 [10]=   0 [11]=   0 
after  (DPU 253) [0]= 168 [1]= 182 [2]= 170 [3]=   0 [4]=   0 [5]=   0 [6]=   0 [7]=   0 [8]=   0 [9]=   0 [10]=   0 [11]=   0 
before (DPU 254) [0]= 138 [1]= 155 [2]= 169 [3]=   0 [4]=   0 [5]=   0 [6]=   0 [7]=   0 [8]=   0 [9]=   0 [10]=   0 [11]=   0 
after  (DPU 254) [0]= 138 [1]= 155 [2]= 169 [3]=   0 [4]=   0 [5]=   0 [6]=   0 [7]=   0 [8]=   0 [9]=   0 [10]=   0 [11]=   0 
before (DPU 255) [0]= 172 [1]= 156 [2]= 164 [3]=   0 [4]=   0 [5]=   0 [6]=   0 [7]=   0 [8]=   0 [9]=   0 [10]=   0 [11]=   0 
after  (DPU 255) [0]= 172 [1]= 156 [2]= 164 [3]=   0 [4]=   0 [5]=   0 [6]=   0 [7]=   0 [8]=   0 [9]=   0 [10]=   0 [11]=   0 
before (DPU 256) [0]= 164 [1]= 136 [2]= 148 [3]=   0 [4]=   0 [5]=   0 [6]=   0 [7]=   0 [8]=   0 [9]=   0 [10]=   0 [11]=   0 
after  (DPU 256) [0]= 164 [1]= 136 [2]= 148 [3]=   0 [4]=   0 [5]=   0 [6]=   0 [7]=   0 [8]=   0 [9]=   0 [10]=   0 [11]=   0 
before (DPU 257) [0]= 140 [1]= 179 [2]= 149 [3]=   0 [4]=   0 [5]=   0 [6]=   0 [7]=   0 [8]=   0 [9]=   0 [10]=   0 [11]=   0 
after  (DPU 257) [0]= 140 [1]= 179 [2]= 149 [3]=   0 [4]=   0 [5]=   0 [6]=   0 [7]=   0 [8]=   0 [9]=   0 [10]=   0 [11]=   0 
before (DPU 258) [0]= 182 [1]= 145 [2]= 138 [3]=   0 [4]=   0 [5]=   0 [6]=   0 [7]=   0 [8]=   0 [9]=   0 [10]=   0 [11]=   0 
after  (DPU 258) [0]= 182 [1]= 145 [2]= 138 [3]=   0 [4]=   0 [5]=   0 [6]=   0 [7]=   0 [8]=   0 [9]=   0 [10]=   0 [11]=   0 
before (DPU 259) [0]= 150 [1]= 148 [2]= 167 [3]=   0 [4]=   0 [5]=   0 [6]=   0 [7]=   0 [8]=   0 [9]=   0 [10]=   0 [11]=   0 
after  (DPU 259) [0]= 150 [1]= 148 [2]= 167 [3]=   0 [4]=   0 [5]=   0 [6]=   0 [7]=   0 [8]=   0 [9]=   0 [10]=   0 [11]=   0 
before (DPU 260) [0]= 137 [1]= 150 [2]= 141 [3]=   0 [4]=   0 [5]=   0 [6]=   0 [7]=   0 [8]=   0 [9]=   0 [10]=   0 [11]=   0 
after  (DPU 260) [0]= 137 [1]= 150 [2]= 141 [3]=   0 [4]=   0 [5]=   0 [6]=   0 [7]=   0 [8]=   0 [9]=   0 [10]=   0 [11]=   0 
before (DPU 261) [0]= 138 [1]= 153 [2]= 182 [3]=   0 [4]=   0 [5]=   0 [6]=   0 [7]=   0 [8]=   0 [9]=   0 [10]=   0 [11]=   0 
after  (DPU 261) [0]= 138 [1]= 153 [2]= 182 [3]=   0 [4]=   0 [5]=   0 [6]=   0 [7]=   0 [8]=   0 [9]=   0 [10]=   0 [11]=   0 
before (DPU 262) [0]= 163 [1]= 145 [2]= 153 [3]=   0 [4]=   0 [5]=   0 [6]=   0 [7]=   0 [8]=   0 [9]=   0 [10]=   0 [11]=   0 
after  (DPU 262) [0]= 163 [1]= 145 [2]= 153 [3]=   0 [4]=   0 [5]=   0 [6]=   0 [7]=   0 [8]=   0 [9]=   0 [10]=   0 [11]=   0 
before (DPU 263) [0]= 165 [1]= 135 [2]= 164 [3]=   0 [4]=   0 [5]=   0 [6]=   0 [7]=   0 [8]=   0 [9]=   0 [10]=   0 [11]=   0 
after  (DPU 263) [0]= 165 [1]= 135 [2]= 164 [3]=   0 [4]=   0 [5]=   0 [6]=   0 [7]=   0 [8]=   0 [9]=   0 [10]=   0 [11]=   0 
before (DPU 264) [0]= 162 [1]= 157 [2]= 149 [3]=   0 [4]=   0 [5]=   0 [6]=   0 [7]=   0 [8]=   0 [9]=   0 [10]=   0 [11]=   0 
after  (DPU 264) [0]= 162 [1]= 157 [2]= 149 [3]=   0 [4]=   0 [5]=   0 [6]=   0 [7]=   0 [8]=   0 [9]=   0 [10]=   0 [11]=   0 
before (DPU 265) [0]= 146 [1]= 153 [2]= 174 [3]=   0 [4]=   0 [5]=   0 [6]=   0 [7]=   0 [8]=   0 [9]=   0 [10]=   0 [11]=   0 
after  (DPU 265) [0]= 146 [1]= 153 [2]= 174 [3]=   0 [4]=   0 [5]=   0 [6]=   0 [7]=   0 [8]=   0 [9]=   0 [10]=   0 [11]=   0 
before (DPU 266) [0]= 160 [1]= 126 [2]= 148 [3]=   0 [4]=   0 [5]=   0 [6]=   0 [7]=   0 [8]=   0 [9]=   0 [10]=   0 [11]=   0 
after  (DPU 266) [0]= 160 [1]= 126 [2]= 148 [3]=   0 [4]=   0 [5]=   0 [6]=   0 [7]=   0 [8]=   0 [9]=   0 [10]=   0 [11]=   0 
before (DPU 267) [0]= 149 [1]= 133 [2]= 133 [3]=   0 [4]=   0 [5]=   0 [6]=   0 [7]=   0 [8]=   0 [9]=   0 [10]=   0 [11]=   0 
after  (DPU 267) [0]= 149 [1]= 133 [2]= 133 [3]=   0 [4]=   0 [5]=   0 [6]=   0 [7]=   0 [8]=   0 [9]=   0 [10]=   0 [11]=   0 
before (DPU 268) [0]= 164 [1]= 147 [2]= 156 [3]=   0 [4]=   0 [5]=   0 [6]=   0 [7]=   0 [8]=   0 [9]=   0 [10]=   0 [11]=   0 
after  (DPU 268) [0]= 164 [1]= 147 [2]= 156 [3]=   0 [4]=   0 [5]=   0 [6]=   0 [7]=   0 [8]=   0 [9]=   0 [10]=   0 [11]=   0 
before (DPU 269) [0]= 143 [1]= 157 [2]= 159 [3]=   0 [4]=   0 [5]=   0 [6]=   0 [7]=   0 [8]=   0 [9]=   0 [10]=   0 [11]=   0 
after  (DPU 269) [0]= 143 [1]= 157 [2]= 159 [3]=   0 [4]=   0 [5]=   0 [6]=   0 [7]=   0 [8]=   0 [9]=   0 [10]=   0 [11]=   0 
before (DPU 270) [0]= 139 [1]= 164 [2]= 160 [3]=   0 [4]=   0 [5]=   0 [6]=   0 [7]=   0 [8]=   0 [9]=   0 [10]=   0 [11]=   0 
after  (DPU 270) [0]= 139 [1]= 164 [2]= 160 [3]=   0 [4]=   0 [5]=   0 [6]=   0 [7]=   0 [8]=   0 [9]=   0 [10]=   0 [11]=   0 
before (DPU 271) [0]= 150 [1]= 156 [2]= 161 [3]=   0 [4]=   0 [5]=   0 [6]=   0 [7]=   0 [8]=   0 [9]=   0 [10]=   0 [11]=   0 
after  (DPU 271) [0]= 150 [1]= 156 [2]= 161 [3]=   0 [4]=   0 [5]=   0 [6]=   0 [7]=   0 [8]=   0 [9]=   0 [10]=   0 [11]=   0 
before (DPU 272) [0]= 154 [1]= 153 [2]= 151 [3]=   0 [4]=   0 [5]=   0 [6]=   0 [7]=   0 [8]=   0 [9]=   0 [10]=   0 [11]=   0 
after  (DPU 272) [0]= 154 [1]= 153 [2]= 151 [3]=   0 [4]=   0 [5]=   0 [6]=   0 [7]=   0 [8]=   0 [9]=   0 [10]=   0 [11]=   0 
before (DPU 273) [0]= 137 [1]= 146 [2]= 159 [3]=   0 [4]=   0 [5]=   0 [6]=   0 [7]=   0 [8]=   0 [9]=   0 [10]=   0 [11]=   0 
after  (DPU 273) [0]= 137 [1]= 146 [2]= 159 [3]=   0 [4]=   0 [5]=   0 [6]=   0 [7]=   0 [8]=   0 [9]=   0 [10]=   0 [11]=   0 
before (DPU 274) [0]= 135 [1]= 165 [2]= 153 [3]=   0 [4]=   0 [5]=   0 [6]=   0 [7]=   0 [8]=   0 [9]=   0 [10]=   0 [11]=   0 
after  (DPU 274) [0]= 135 [1]= 165 [2]= 153 [3]=   0 [4]=   0 [5]=   0 [6]=   0 [7]=   0 [8]=   0 [9]=   0 [10]=   0 [11]=   0 
before (DPU 275) [0]= 159 [1]= 143 [2]= 157 [3]=   0 [4]=   0 [5]=   0 [6]=   0 [7]=   0 [8]=   0 [9]=   0 [10]=   0 [11]=   0 
after  (DPU 275) [0]= 159 [1]= 143 [2]= 157 [3]=   0 [4]=   0 [5]=   0 [6]=   0 [7]=   0 [8]=   0 [9]=   0 [10]=   0 [11]=   0 
before (DPU 276) [0]= 147 [1]= 187 [2]= 146 [3]=   0 [4]=   0 [5]=   0 [6]=   0 [7]=   0 [8]=   0 [9]=   0 [10]=   0 [11]=   0 
after  (DPU 276) [0]= 147 [1]= 187 [2]= 146 [3]=   0 [4]=   0 [5]=   0 [6]=   0 [7]=   0 [8]=   0 [9]=   0 [10]=   0 [11]=   0 
before (DPU 277) [0]= 169 [1]= 143 [2]= 155 [3]=   0 [4]=   0 [5]=   0 [6]=   0 [7]=   0 [8]=   0 [9]=   0 [10]=   0 [11]=   0 
after  (DPU 277) [0]= 169 [1]= 143 [2]= 155 [3]=   0 [4]=   0 [5]=   0 [6]=   0 [7]=   0 [8]=   0 [9]=   0 [10]=   0 [11]=   0 
before (DPU 278) [0]= 142 [1]= 150 [2]= 159 [3]=   0 [4]=   0 [5]=   0 [6]=   0 [7]=   0 [8]=   0 [9]=   0 [10]=   0 [11]=   0 
after  (DPU 278) [0]= 142 [1]= 150 [2]= 159 [3]=   0 [4]=   0 [5]=   0 [6]=   0 [7]=   0 [8]=   0 [9]=   0 [10]=   0 [11]=   0 
before (DPU 279) [0]= 162 [1]= 150 [2]= 164 [3]=   0 [4]=   0 [5]=   0 [6]=   0 [7]=   0 [8]=   0 [9]=   0 [10]=   0 [11]=   0 
after  (DPU 279) [0]= 162 [1]= 150 [2]= 164 [3]=   0 [4]=   0 [5]=   0 [6]=   0 [7]=   0 [8]=   0 [9]=   0 [10]=   0 [11]=   0 
before (DPU 280) [0]= 142 [1]= 173 [2]= 151 [3]=   0 [4]=   0 [5]=   0 [6]=   0 [7]=   0 [8]=   0 [9]=   0 [10]=   0 [11]=   0 
after  (DPU 280) [0]= 142 [1]= 173 [2]= 151 [3]=   0 [4]=   0 [5]=   0 [6]=   0 [7]=   0 [8]=   0 [9]=   0 [10]=   0 [11]=   0 
before (DPU 281) [0]= 129 [1]= 157 [2]= 143 [3]=   0 [4]=   0 [5]=   0 [6]=   0 [7]=   0 [8]=   0 [9]=   0 [10]=   0 [11]=   0 
after  (DPU 281) [0]= 129 [1]= 157 [2]= 143 [3]=   0 [4]=   0 [5]=   0 [6]=   0 [7]=   0 [8]=   0 [9]=   0 [10]=   0 [11]=   0 
before (DPU 282) [0]= 170 [1]= 141 [2]= 172 [3]=   0 [4]=   0 [5]=   0 [6]=   0 [7]=   0 [8]=   0 [9]=   0 [10]=   0 [11]=   0 
after  (DPU 282) [0]= 170 [1]= 141 [2]= 172 [3]=   0 [4]=   0 [5]=   0 [6]=   0 [7]=   0 [8]=   0 [9]=   0 [10]=   0 [11]=   0 
before (DPU 283) [0]= 137 [1]= 139 [2]= 122 [3]=   0 [4]=   0 [5]=   0 [6]=   0 [7]=   0 [8]=   0 [9]=   0 [10]=   0 [11]=   0 
after  (DPU 283) [0]= 137 [1]= 139 [2]= 122 [3]=   0 [4]=   0 [5]=   0 [6]=   0 [7]=   0 [8]=   0 [9]=   0 [10]=   0 [11]=   0 
before (DPU 284) [0]= 129 [1]= 155 [2]= 149 [3]=   0 [4]=   0 [5]=   0 [6]=   0 [7]=   0 [8]=   0 [9]=   0 [10]=   0 [11]=   0 
after  (DPU 284) [0]= 129 [1]= 155 [2]= 149 [3]=   0 [4]=   0 [5]=   0 [6]=   0 [7]=   0 [8]=   0 [9]=   0 [10]=   0 [11]=   0 
before (DPU 285) [0]= 159 [1]= 146 [2]= 150 [3]=   0 [4]=   0 [5]=   0 [6]=   0 [7]=   0 [8]=   0 [9]=   0 [10]=   0 [11]=   0 
after  (DPU 285) [0]= 159 [1]= 146 [2]= 150 [3]=   0 [4]=   0 [5]=   0 [6]=   0 [7]=   0 [8]=   0 [9]=   0 [10]=   0 [11]=   0 
before (DPU 286) [0]= 122 [1]= 115 [2]= 141 [3]=   0 [4]=   0 [5]=   0 [6]=   0 [7]=   0 [8]=   0 [9]=   0 [10]=   0 [11]=   0 
after  (DPU 286) [0]= 122 [1]= 115 [2]= 141 [3]=   0 [4]=   0 [5]=   0 [6]=   0 [7]=   0 [8]=   0 [9]=   0 [10]=   0 [11]=   0 
before (DPU 287) [0]= 148 [1]= 154 [2]= 146 [3]=   0 [4]=   0 [5]=   0 [6]=   0 [7]=   0 [8]=   0 [9]=   0 [10]=   0 [11]=   0 
after  (DPU 287) [0]= 148 [1]= 154 [2]= 146 [3]=   0 [4]=   0 [5]=   0 [6]=   0 [7]=   0 [8]=   0 [9]=   0 [10]=   0 [11]=   0 
before (DPU 288) [0]= 151 [1]= 146 [2]= 129 [3]=   0 [4]=   0 [5]=   0 [6]=   0 [7]=   0 [8]=   0 [9]=   0 [10]=   0 [11]=   0 
after  (DPU 288) [0]= 151 [1]= 146 [2]= 129 [3]=   0 [4]=   0 [5]=   0 [6]=   0 [7]=   0 [8]=   0 [9]=   0 [10]=   0 [11]=   0 
before (DPU 289) [0]= 131 [1]= 133 [2]= 149 [3]=   0 [4]=   0 [5]=   0 [6]=   0 [7]=   0 [8]=   0 [9]=   0 [10]=   0 [11]=   0 
after  (DPU 289) [0]= 131 [1]= 133 [2]= 149 [3]=   0 [4]=   0 [5]=   0 [6]=   0 [7]=   0 [8]=   0 [9]=   0 [10]=   0 [11]=   0 
before (DPU 290) [0]= 130 [1]= 114 [2]= 151 [3]=   0 [4]=   0 [5]=   0 [6]=   0 [7]=   0 [8]=   0 [9]=   0 [10]=   0 [11]=   0 
after  (DPU 290) [0]= 130 [1]= 114 [2]= 151 [3]=   0 [4]=   0 [5]=   0 [6]=   0 [7]=   0 [8]=   0 [9]=   0 [10]=   0 [11]=   0 
before (DPU 291) [0]= 121 [1]= 155 [2]= 125 [3]=   0 [4]=   0 [5]=   0 [6]=   0 [7]=   0 [8]=   0 [9]=   0 [10]=   0 [11]=   0 
after  (DPU 291) [0]= 121 [1]= 155 [2]= 125 [3]=   0 [4]=   0 [5]=   0 [6]=   0 [7]=   0 [8]=   0 [9]=   0 [10]=   0 [11]=   0 
before (DPU 292) [0]= 150 [1]= 153 [2]= 134 [3]=   0 [4]=   0 [5]=   0 [6]=   0 [7]=   0 [8]=   0 [9]=   0 [10]=   0 [11]=   0 
after  (DPU 292) [0]= 150 [1]= 153 [2]= 134 [3]=   0 [4]=   0 [5]=   0 [6]=   0 [7]=   0 [8]=   0 [9]=   0 [10]=   0 [11]=   0 
before (DPU 293) [0]= 125 [1]= 146 [2]= 140 [3]=   0 [4]=   0 [5]=   0 [6]=   0 [7]=   0 [8]=   0 [9]=   0 [10]=   0 [11]=   0 
after  (DPU 293) [0]= 125 [1]= 146 [2]= 140 [3]=   0 [4]=   0 [5]=   0 [6]=   0 [7]=   0 [8]=   0 [9]=   0 [10]=   0 [11]=   0 
before (DPU 294) [0]= 143 [1]= 132 [2]= 161 [3]=   0 [4]=   0 [5]=   0 [6]=   0 [7]=   0 [8]=   0 [9]=   0 [10]=   0 [11]=   0 
after  (DPU 294) [0]= 143 [1]= 132 [2]= 161 [3]=   0 [4]=   0 [5]=   0 [6]=   0 [7]=   0 [8]=   0 [9]=   0 [10]=   0 [11]=   0 
before (DPU 295) [0]= 153 [1]= 138 [2]= 162 [3]=   0 [4]=   0 [5]=   0 [6]=   0 [7]=   0 [8]=   0 [9]=   0 [10]=   0 [11]=   0 
after  (DPU 295) [0]= 153 [1]= 138 [2]= 162 [3]=   0 [4]=   0 [5]=   0 [6]=   0 [7]=   0 [8]=   0 [9]=   0 [10]=   0 [11]=   0 
before (DPU 296) [0]= 134 [1]= 128 [2]= 125 [3]=   0 [4]=   0 [5]=   0 [6]=   0 [7]=   0 [8]=   0 [9]=   0 [10]=   0 [11]=   0 
after  (DPU 296) [0]= 134 [1]= 128 [2]= 125 [3]=   0 [4]=   0 [5]=   0 [6]=   0 [7]=   0 [8]=   0 [9]=   0 [10]=   0 [11]=   0 
before (DPU 297) [0]= 132 [1]= 121 [2]= 174 [3]=   0 [4]=   0 [5]=   0 [6]=   0 [7]=   0 [8]=   0 [9]=   0 [10]=   0 [11]=   0 
after  (DPU 297) [0]= 132 [1]= 121 [2]= 174 [3]=   0 [4]=   0 [5]=   0 [6]=   0 [7]=   0 [8]=   0 [9]=   0 [10]=   0 [11]=   0 
before (DPU 298) [0]= 131 [1]= 149 [2]= 124 [3]=   0 [4]=   0 [5]=   0 [6]=   0 [7]=   0 [8]=   0 [9]=   0 [10]=   0 [11]=   0 
after  (DPU 298) [0]= 131 [1]= 149 [2]= 124 [3]=   0 [4]=   0 [5]=   0 [6]=   0 [7]=   0 [8]=   0 [9]=   0 [10]=   0 [11]=   0 
before (DPU 299) [0]= 128 [1]= 127 [2]= 142 [3]=   0 [4]=   0 [5]=   0 [6]=   0 [7]=   0 [8]=   0 [9]=   0 [10]=   0 [11]=   0 
after  (DPU 299) [0]= 128 [1]= 127 [2]= 142 [3]=   0 [4]=   0 [5]=   0 [6]=   0 [7]=   0 [8]=   0 [9]=   0 [10]=   0 [11]=   0 
before (DPU 300) [0]= 123 [1]= 116 [2]= 124 [3]=   0 [4]=   0 [5]=   0 [6]=   0 [7]=   0 [8]=   0 [9]=   0 [10]=   0 [11]=   0 
after  (DPU 300) [0]= 123 [1]= 116 [2]= 124 [3]=   0 [4]=   0 [5]=   0 [6]=   0 [7]=   0 [8]=   0 [9]=   0 [10]=   0 [11]=   0 
before (DPU 301) [0]= 111 [1]= 151 [2]= 155 [3]=   0 [4]=   0 [5]=   0 [6]=   0 [7]=   0 [8]=   0 [9]=   0 [10]=   0 [11]=   0 
after  (DPU 301) [0]= 111 [1]= 151 [2]= 155 [3]=   0 [4]=   0 [5]=   0 [6]=   0 [7]=   0 [8]=   0 [9]=   0 [10]=   0 [11]=   0 
before (DPU 302) [0]= 142 [1]= 141 [2]= 147 [3]=   0 [4]=   0 [5]=   0 [6]=   0 [7]=   0 [8]=   0 [9]=   0 [10]=   0 [11]=   0 
after  (DPU 302) [0]= 142 [1]= 141 [2]= 147 [3]=   0 [4]=   0 [5]=   0 [6]=   0 [7]=   0 [8]=   0 [9]=   0 [10]=   0 [11]=   0 
before (DPU 303) [0]= 138 [1]= 136 [2]= 141 [3]=   0 [4]=   0 [5]=   0 [6]=   0 [7]=   0 [8]=   0 [9]=   0 [10]=   0 [11]=   0 
after  (DPU 303) [0]= 138 [1]= 136 [2]= 141 [3]=   0 [4]=   0 [5]=   0 [6]=   0 [7]=   0 [8]=   0 [9]=   0 [10]=   0 [11]=   0 
before (DPU 304) [0]= 139 [1]= 140 [2]= 138 [3]=   0 [4]=   0 [5]=   0 [6]=   0 [7]=   0 [8]=   0 [9]=   0 [10]=   0 [11]=   0 
after  (DPU 304) [0]= 139 [1]= 140 [2]= 138 [3]=   0 [4]=   0 [5]=   0 [6]=   0 [7]=   0 [8]=   0 [9]=   0 [10]=   0 [11]=   0 
before (DPU 305) [0]= 121 [1]= 137 [2]= 135 [3]=   0 [4]=   0 [5]=   0 [6]=   0 [7]=   0 [8]=   0 [9]=   0 [10]=   0 [11]=   0 
after  (DPU 305) [0]= 121 [1]= 137 [2]= 135 [3]=   0 [4]=   0 [5]=   0 [6]=   0 [7]=   0 [8]=   0 [9]=   0 [10]=   0 [11]=   0 
before (DPU 306) [0]= 125 [1]= 123 [2]= 145 [3]=   0 [4]=   0 [5]=   0 [6]=   0 [7]=   0 [8]=   0 [9]=   0 [10]=   0 [11]=   0 
after  (DPU 306) [0]= 125 [1]= 123 [2]= 145 [3]=   0 [4]=   0 [5]=   0 [6]=   0 [7]=   0 [8]=   0 [9]=   0 [10]=   0 [11]=   0 
before (DPU 307) [0]= 116 [1]= 131 [2]= 119 [3]=   0 [4]=   0 [5]=   0 [6]=   0 [7]=   0 [8]=   0 [9]=   0 [10]=   0 [11]=   0 
after  (DPU 307) [0]= 116 [1]= 131 [2]= 119 [3]=   0 [4]=   0 [5]=   0 [6]=   0 [7]=   0 [8]=   0 [9]=   0 [10]=   0 [11]=   0 
before (DPU 308) [0]= 117 [1]= 125 [2]= 126 [3]=   0 [4]=   0 [5]=   0 [6]=   0 [7]=   0 [8]=   0 [9]=   0 [10]=   0 [11]=   0 
after  (DPU 308) [0]= 117 [1]= 125 [2]= 126 [3]=   0 [4]=   0 [5]=   0 [6]=   0 [7]=   0 [8]=   0 [9]=   0 [10]=   0 [11]=   0 
before (DPU 309) [0]= 125 [1]=  94 [2]= 146 [3]=   0 [4]=   0 [5]=   0 [6]=   0 [7]=   0 [8]=   0 [9]=   0 [10]=   0 [11]=   0 
after  (DPU 309) [0]= 125 [1]=  94 [2]= 146 [3]=   0 [4]=   0 [5]=   0 [6]=   0 [7]=   0 [8]=   0 [9]=   0 [10]=   0 [11]=   0 
before (DPU 310) [0]= 154 [1]= 131 [2]= 146 [3]=   0 [4]=   0 [5]=   0 [6]=   0 [7]=   0 [8]=   0 [9]=   0 [10]=   0 [11]=   0 
after  (DPU 310) [0]= 154 [1]= 131 [2]= 146 [3]=   0 [4]=   0 [5]=   0 [6]=   0 [7]=   0 [8]=   0 [9]=   0 [10]=   0 [11]=   0 
before (DPU 311) [0]= 143 [1]= 127 [2]= 137 [3]=   0 [4]=   0 [5]=   0 [6]=   0 [7]=   0 [8]=   0 [9]=   0 [10]=   0 [11]=   0 
after  (DPU 311) [0]= 143 [1]= 127 [2]= 137 [3]=   0 [4]=   0 [5]=   0 [6]=   0 [7]=   0 [8]=   0 [9]=   0 [10]=   0 [11]=   0 
before (DPU 312) [0]= 138 [1]= 115 [2]= 133 [3]=   0 [4]=   0 [5]=   0 [6]=   0 [7]=   0 [8]=   0 [9]=   0 [10]=   0 [11]=   0 
after  (DPU 312) [0]= 138 [1]= 115 [2]= 133 [3]=   0 [4]=   0 [5]=   0 [6]=   0 [7]=   0 [8]=   0 [9]=   0 [10]=   0 [11]=   0 
before (DPU 313) [0]= 123 [1]= 129 [2]= 121 [3]=   0 [4]=   0 [5]=   0 [6]=   0 [7]=   0 [8]=   0 [9]=   0 [10]=   0 [11]=   0 
after  (DPU 313) [0]= 123 [1]= 129 [2]= 121 [3]=   0 [4]=   0 [5]=   0 [6]=   0 [7]=   0 [8]=   0 [9]=   0 [10]=   0 [11]=   0 
before (DPU 314) [0]= 129 [1]= 129 [2]= 125 [3]=   0 [4]=   0 [5]=   0 [6]=   0 [7]=   0 [8]=   0 [9]=   0 [10]=   0 [11]=   0 
after  (DPU 314) [0]= 129 [1]= 129 [2]= 125 [3]=   0 [4]=   0 [5]=   0 [6]=   0 [7]=   0 [8]=   0 [9]=   0 [10]=   0 [11]=   0 
before (DPU 315) [0]= 115 [1]= 134 [2]= 132 [3]=   0 [4]=   0 [5]=   0 [6]=   0 [7]=   0 [8]=   0 [9]=   0 [10]=   0 [11]=   0 
after  (DPU 315) [0]= 115 [1]= 134 [2]= 132 [3]=   0 [4]=   0 [5]=   0 [6]=   0 [7]=   0 [8]=   0 [9]=   0 [10]=   0 [11]=   0 
before (DPU 316) [0]= 122 [1]= 111 [2]= 124 [3]=   0 [4]=   0 [5]=   0 [6]=   0 [7]=   0 [8]=   0 [9]=   0 [10]=   0 [11]=   0 
after  (DPU 316) [0]= 122 [1]= 111 [2]= 124 [3]=   0 [4]=   0 [5]=   0 [6]=   0 [7]=   0 [8]=   0 [9]=   0 [10]=   0 [11]=   0 
before (DPU 317) [0]= 124 [1]= 125 [2]= 126 [3]=   0 [4]=   0 [5]=   0 [6]=   0 [7]=   0 [8]=   0 [9]=   0 [10]=   0 [11]=   0 
after  (DPU 317) [0]= 124 [1]= 125 [2]= 126 [3]=   0 [4]=   0 [5]=   0 [6]=   0 [7]=   0 [8]=   0 [9]=   0 [10]=   0 [11]=   0 
before (DPU 318) [0]= 131 [1]= 126 [2]= 123 [3]=   0 [4]=   0 [5]=   0 [6]=   0 [7]=   0 [8]=   0 [9]=   0 [10]=   0 [11]=   0 
after  (DPU 318) [0]= 131 [1]= 126 [2]= 123 [3]=   0 [4]=   0 [5]=   0 [6]=   0 [7]=   0 [8]=   0 [9]=   0 [10]=   0 [11]=   0 
before (DPU 319) [0]= 148 [1]= 106 [2]= 126 [3]=   0 [4]=   0 [5]=   0 [6]=   0 [7]=   0 [8]=   0 [9]=   0 [10]=   0 [11]=   0 
after  (DPU 319) [0]= 148 [1]= 106 [2]= 126 [3]=   0 [4]=   0 [5]=   0 [6]=   0 [7]=   0 [8]=   0 [9]=   0 [10]=   0 [11]=   0 
before (DPU 320) [0]= 135 [1]= 127 [2]= 133 [3]=   0 [4]=   0 [5]=   0 [6]=   0 [7]=   0 [8]=   0 [9]=   0 [10]=   0 [11]=   0 
after  (DPU 320) [0]= 135 [1]= 127 [2]= 133 [3]=   0 [4]=   0 [5]=   0 [6]=   0 [7]=   0 [8]=   0 [9]=   0 [10]=   0 [11]=   0 
before (DPU 321) [0]= 115 [1]= 131 [2]= 127 [3]=   0 [4]=   0 [5]=   0 [6]=   0 [7]=   0 [8]=   0 [9]=   0 [10]=   0 [11]=   0 
after  (DPU 321) [0]= 115 [1]= 131 [2]= 127 [3]=   0 [4]=   0 [5]=   0 [6]=   0 [7]=   0 [8]=   0 [9]=   0 [10]=   0 [11]=   0 
before (DPU 322) [0]= 131 [1]= 143 [2]= 118 [3]=   0 [4]=   0 [5]=   0 [6]=   0 [7]=   0 [8]=   0 [9]=   0 [10]=   0 [11]=   0 
after  (DPU 322) [0]= 131 [1]= 143 [2]= 118 [3]=   0 [4]=   0 [5]=   0 [6]=   0 [7]=   0 [8]=   0 [9]=   0 [10]=   0 [11]=   0 
before (DPU 323) [0]=  99 [1]= 136 [2]= 136 [3]=   0 [4]=   0 [5]=   0 [6]=   0 [7]=   0 [8]=   0 [9]=   0 [10]=   0 [11]=   0 
after  (DPU 323) [0]=  99 [1]= 136 [2]= 136 [3]=   0 [4]=   0 [5]=   0 [6]=   0 [7]=   0 [8]=   0 [9]=   0 [10]=   0 [11]=   0 
before (DPU 324) [0]= 140 [1]= 119 [2]= 132 [3]=   0 [4]=   0 [5]=   0 [6]=   0 [7]=   0 [8]=   0 [9]=   0 [10]=   0 [11]=   0 
after  (DPU 324) [0]= 140 [1]= 119 [2]= 132 [3]=   0 [4]=   0 [5]=   0 [6]=   0 [7]=   0 [8]=   0 [9]=   0 [10]=   0 [11]=   0 
before (DPU 325) [0]= 130 [1]= 128 [2]= 122 [3]=   0 [4]=   0 [5]=   0 [6]=   0 [7]=   0 [8]=   0 [9]=   0 [10]=   0 [11]=   0 
after  (DPU 325) [0]= 130 [1]= 128 [2]= 122 [3]=   0 [4]=   0 [5]=   0 [6]=   0 [7]=   0 [8]=   0 [9]=   0 [10]=   0 [11]=   0 
before (DPU 326) [0]= 123 [1]= 116 [2]= 137 [3]=   0 [4]=   0 [5]=   0 [6]=   0 [7]=   0 [8]=   0 [9]=   0 [10]=   0 [11]=   0 
after  (DPU 326) [0]= 123 [1]= 116 [2]= 137 [3]=   0 [4]=   0 [5]=   0 [6]=   0 [7]=   0 [8]=   0 [9]=   0 [10]=   0 [11]=   0 
before (DPU 327) [0]= 114 [1]= 124 [2]= 120 [3]=   0 [4]=   0 [5]=   0 [6]=   0 [7]=   0 [8]=   0 [9]=   0 [10]=   0 [11]=   0 
after  (DPU 327) [0]= 114 [1]= 124 [2]= 120 [3]=   0 [4]=   0 [5]=   0 [6]=   0 [7]=   0 [8]=   0 [9]=   0 [10]=   0 [11]=   0 
before (DPU 328) [0]= 107 [1]= 121 [2]= 120 [3]=   0 [4]=   0 [5]=   0 [6]=   0 [7]=   0 [8]=   0 [9]=   0 [10]=   0 [11]=   0 
after  (DPU 328) [0]= 107 [1]= 121 [2]= 120 [3]=   0 [4]=   0 [5]=   0 [6]=   0 [7]=   0 [8]=   0 [9]=   0 [10]=   0 [11]=   0 
before (DPU 329) [0]= 155 [1]= 140 [2]= 134 [3]=   0 [4]=   0 [5]=   0 [6]=   0 [7]=   0 [8]=   0 [9]=   0 [10]=   0 [11]=   0 
after  (DPU 329) [0]= 155 [1]= 140 [2]= 134 [3]=   0 [4]=   0 [5]=   0 [6]=   0 [7]=   0 [8]=   0 [9]=   0 [10]=   0 [11]=   0 
before (DPU 330) [0]= 125 [1]= 135 [2]= 139 [3]=   0 [4]=   0 [5]=   0 [6]=   0 [7]=   0 [8]=   0 [9]=   0 [10]=   0 [11]=   0 
after  (DPU 330) [0]= 125 [1]= 135 [2]= 139 [3]=   0 [4]=   0 [5]=   0 [6]=   0 [7]=   0 [8]=   0 [9]=   0 [10]=   0 [11]=   0 
before (DPU 331) [0]= 136 [1]= 160 [2]= 109 [3]=   0 [4]=   0 [5]=   0 [6]=   0 [7]=   0 [8]=   0 [9]=   0 [10]=   0 [11]=   0 
after  (DPU 331) [0]= 136 [1]= 160 [2]= 109 [3]=   0 [4]=   0 [5]=   0 [6]=   0 [7]=   0 [8]=   0 [9]=   0 [10]=   0 [11]=   0 
before (DPU 332) [0]= 123 [1]= 138 [2]= 126 [3]=   0 [4]=   0 [5]=   0 [6]=   0 [7]=   0 [8]=   0 [9]=   0 [10]=   0 [11]=   0 
after  (DPU 332) [0]= 123 [1]= 138 [2]= 126 [3]=   0 [4]=   0 [5]=   0 [6]=   0 [7]=   0 [8]=   0 [9]=   0 [10]=   0 [11]=   0 
before (DPU 333) [0]= 118 [1]= 114 [2]= 104 [3]=   0 [4]=   0 [5]=   0 [6]=   0 [7]=   0 [8]=   0 [9]=   0 [10]=   0 [11]=   0 
after  (DPU 333) [0]= 118 [1]= 114 [2]= 104 [3]=   0 [4]=   0 [5]=   0 [6]=   0 [7]=   0 [8]=   0 [9]=   0 [10]=   0 [11]=   0 
before (DPU 334) [0]= 147 [1]= 113 [2]= 121 [3]=   0 [4]=   0 [5]=   0 [6]=   0 [7]=   0 [8]=   0 [9]=   0 [10]=   0 [11]=   0 
after  (DPU 334) [0]= 147 [1]= 113 [2]= 121 [3]=   0 [4]=   0 [5]=   0 [6]=   0 [7]=   0 [8]=   0 [9]=   0 [10]=   0 [11]=   0 
before (DPU 335) [0]= 124 [1]= 112 [2]= 129 [3]=   0 [4]=   0 [5]=   0 [6]=   0 [7]=   0 [8]=   0 [9]=   0 [10]=   0 [11]=   0 
after  (DPU 335) [0]= 124 [1]= 112 [2]= 129 [3]=   0 [4]=   0 [5]=   0 [6]=   0 [7]=   0 [8]=   0 [9]=   0 [10]=   0 [11]=   0 
before (DPU 336) [0]= 117 [1]= 140 [2]= 124 [3]=   0 [4]=   0 [5]=   0 [6]=   0 [7]=   0 [8]=   0 [9]=   0 [10]=   0 [11]=   0 
after  (DPU 336) [0]= 117 [1]= 140 [2]= 124 [3]=   0 [4]=   0 [5]=   0 [6]=   0 [7]=   0 [8]=   0 [9]=   0 [10]=   0 [11]=   0 
before (DPU 337) [0]= 100 [1]= 126 [2]= 129 [3]=   0 [4]=   0 [5]=   0 [6]=   0 [7]=   0 [8]=   0 [9]=   0 [10]=   0 [11]=   0 
after  (DPU 337) [0]= 100 [1]= 126 [2]= 129 [3]=   0 [4]=   0 [5]=   0 [6]=   0 [7]=   0 [8]=   0 [9]=   0 [10]=   0 [11]=   0 
before (DPU 338) [0]= 112 [1]= 118 [2]= 111 [3]=   0 [4]=   0 [5]=   0 [6]=   0 [7]=   0 [8]=   0 [9]=   0 [10]=   0 [11]=   0 
after  (DPU 338) [0]= 112 [1]= 118 [2]= 111 [3]=   0 [4]=   0 [5]=   0 [6]=   0 [7]=   0 [8]=   0 [9]=   0 [10]=   0 [11]=   0 
before (DPU 339) [0]= 107 [1]= 124 [2]= 121 [3]=   0 [4]=   0 [5]=   0 [6]=   0 [7]=   0 [8]=   0 [9]=   0 [10]=   0 [11]=   0 
after  (DPU 339) [0]= 107 [1]= 124 [2]= 121 [3]=   0 [4]=   0 [5]=   0 [6]=   0 [7]=   0 [8]=   0 [9]=   0 [10]=   0 [11]=   0 
before (DPU 340) [0]= 100 [1]= 128 [2]= 107 [3]=   0 [4]=   0 [5]=   0 [6]=   0 [7]=   0 [8]=   0 [9]=   0 [10]=   0 [11]=   0 
after  (DPU 340) [0]= 100 [1]= 128 [2]= 107 [3]=   0 [4]=   0 [5]=   0 [6]=   0 [7]=   0 [8]=   0 [9]=   0 [10]=   0 [11]=   0 
before (DPU 341) [0]= 110 [1]= 121 [2]= 116 [3]=   0 [4]=   0 [5]=   0 [6]=   0 [7]=   0 [8]=   0 [9]=   0 [10]=   0 [11]=   0 
after  (DPU 341) [0]= 110 [1]= 121 [2]= 116 [3]=   0 [4]=   0 [5]=   0 [6]=   0 [7]=   0 [8]=   0 [9]=   0 [10]=   0 [11]=   0 
before (DPU 342) [0]= 113 [1]= 111 [2]= 115 [3]=   0 [4]=   0 [5]=   0 [6]=   0 [7]=   0 [8]=   0 [9]=   0 [10]=   0 [11]=   0 
after  (DPU 342) [0]= 113 [1]= 111 [2]= 115 [3]=   0 [4]=   0 [5]=   0 [6]=   0 [7]=   0 [8]=   0 [9]=   0 [10]=   0 [11]=   0 
before (DPU 343) [0]= 119 [1]= 112 [2]= 130 [3]=   0 [4]=   0 [5]=   0 [6]=   0 [7]=   0 [8]=   0 [9]=   0 [10]=   0 [11]=   0 
after  (DPU 343) [0]= 119 [1]= 112 [2]= 130 [3]=   0 [4]=   0 [5]=   0 [6]=   0 [7]=   0 [8]=   0 [9]=   0 [10]=   0 [11]=   0 
before (DPU 344) [0]= 108 [1]= 104 [2]= 127 [3]=   0 [4]=   0 [5]=   0 [6]=   0 [7]=   0 [8]=   0 [9]=   0 [10]=   0 [11]=   0 
after  (DPU 344) [0]= 108 [1]= 104 [2]= 127 [3]=   0 [4]=   0 [5]=   0 [6]=   0 [7]=   0 [8]=   0 [9]=   0 [10]=   0 [11]=   0 
before (DPU 345) [0]=  90 [1]= 118 [2]= 108 [3]=   0 [4]=   0 [5]=   0 [6]=   0 [7]=   0 [8]=   0 [9]=   0 [10]=   0 [11]=   0 
after  (DPU 345) [0]=  90 [1]= 118 [2]= 108 [3]=   0 [4]=   0 [5]=   0 [6]=   0 [7]=   0 [8]=   0 [9]=   0 [10]=   0 [11]=   0 
before (DPU 346) [0]= 102 [1]= 133 [2]= 125 [3]=   0 [4]=   0 [5]=   0 [6]=   0 [7]=   0 [8]=   0 [9]=   0 [10]=   0 [11]=   0 
after  (DPU 346) [0]= 102 [1]= 133 [2]= 125 [3]=   0 [4]=   0 [5]=   0 [6]=   0 [7]=   0 [8]=   0 [9]=   0 [10]=   0 [11]=   0 
before (DPU 347) [0]= 125 [1]= 121 [2]= 118 [3]=   0 [4]=   0 [5]=   0 [6]=   0 [7]=   0 [8]=   0 [9]=   0 [10]=   0 [11]=   0 
after  (DPU 347) [0]= 125 [1]= 121 [2]= 118 [3]=   0 [4]=   0 [5]=   0 [6]=   0 [7]=   0 [8]=   0 [9]=   0 [10]=   0 [11]=   0 
before (DPU 348) [0]= 120 [1]= 119 [2]= 119 [3]=   0 [4]=   0 [5]=   0 [6]=   0 [7]=   0 [8]=   0 [9]=   0 [10]=   0 [11]=   0 
after  (DPU 348) [0]= 120 [1]= 119 [2]= 119 [3]=   0 [4]=   0 [5]=   0 [6]=   0 [7]=   0 [8]=   0 [9]=   0 [10]=   0 [11]=   0 
before (DPU 349) [0]= 121 [1]= 106 [2]= 123 [3]=   0 [4]=   0 [5]=   0 [6]=   0 [7]=   0 [8]=   0 [9]=   0 [10]=   0 [11]=   0 
after  (DPU 349) [0]= 121 [1]= 106 [2]= 123 [3]=   0 [4]=   0 [5]=   0 [6]=   0 [7]=   0 [8]=   0 [9]=   0 [10]=   0 [11]=   0 
before (DPU 350) [0]= 113 [1]= 116 [2]= 107 [3]=   0 [4]=   0 [5]=   0 [6]=   0 [7]=   0 [8]=   0 [9]=   0 [10]=   0 [11]=   0 
after  (DPU 350) [0]= 113 [1]= 116 [2]= 107 [3]=   0 [4]=   0 [5]=   0 [6]=   0 [7]=   0 [8]=   0 [9]=   0 [10]=   0 [11]=   0 
before (DPU 351) [0]= 113 [1]= 120 [2]= 128 [3]=   0 [4]=   0 [5]=   0 [6]=   0 [7]=   0 [8]=   0 [9]=   0 [10]=   0 [11]=   0 
after  (DPU 351) [0]= 113 [1]= 120 [2]= 128 [3]=   0 [4]=   0 [5]=   0 [6]=   0 [7]=   0 [8]=   0 [9]=   0 [10]=   0 [11]=   0 
before (DPU 352) [0]= 113 [1]= 113 [2]= 102 [3]=   0 [4]=   0 [5]=   0 [6]=   0 [7]=   0 [8]=   0 [9]=   0 [10]=   0 [11]=   0 
after  (DPU 352) [0]= 113 [1]= 113 [2]= 102 [3]=   0 [4]=   0 [5]=   0 [6]=   0 [7]=   0 [8]=   0 [9]=   0 [10]=   0 [11]=   0 
before (DPU 353) [0]= 128 [1]= 105 [2]= 105 [3]=   0 [4]=   0 [5]=   0 [6]=   0 [7]=   0 [8]=   0 [9]=   0 [10]=   0 [11]=   0 
after  (DPU 353) [0]= 128 [1]= 105 [2]= 105 [3]=   0 [4]=   0 [5]=   0 [6]=   0 [7]=   0 [8]=   0 [9]=   0 [10]=   0 [11]=   0 
before (DPU 354) [0]= 123 [1]= 112 [2]= 132 [3]=   0 [4]=   0 [5]=   0 [6]=   0 [7]=   0 [8]=   0 [9]=   0 [10]=   0 [11]=   0 
after  (DPU 354) [0]= 123 [1]= 112 [2]= 132 [3]=   0 [4]=   0 [5]=   0 [6]=   0 [7]=   0 [8]=   0 [9]=   0 [10]=   0 [11]=   0 
before (DPU 355) [0]= 106 [1]= 103 [2]= 121 [3]=   0 [4]=   0 [5]=   0 [6]=   0 [7]=   0 [8]=   0 [9]=   0 [10]=   0 [11]=   0 
after  (DPU 355) [0]= 106 [1]= 103 [2]= 121 [3]=   0 [4]=   0 [5]=   0 [6]=   0 [7]=   0 [8]=   0 [9]=   0 [10]=   0 [11]=   0 
before (DPU 356) [0]= 109 [1]= 113 [2]= 117 [3]=   0 [4]=   0 [5]=   0 [6]=   0 [7]=   0 [8]=   0 [9]=   0 [10]=   0 [11]=   0 
after  (DPU 356) [0]= 109 [1]= 113 [2]= 117 [3]=   0 [4]=   0 [5]=   0 [6]=   0 [7]=   0 [8]=   0 [9]=   0 [10]=   0 [11]=   0 
before (DPU 357) [0]= 103 [1]= 130 [2]= 111 [3]=   0 [4]=   0 [5]=   0 [6]=   0 [7]=   0 [8]=   0 [9]=   0 [10]=   0 [11]=   0 
after  (DPU 357) [0]= 103 [1]= 130 [2]= 111 [3]=   0 [4]=   0 [5]=   0 [6]=   0 [7]=   0 [8]=   0 [9]=   0 [10]=   0 [11]=   0 
before (DPU 358) [0]= 115 [1]= 112 [2]= 109 [3]=   0 [4]=   0 [5]=   0 [6]=   0 [7]=   0 [8]=   0 [9]=   0 [10]=   0 [11]=   0 
after  (DPU 358) [0]= 115 [1]= 112 [2]= 109 [3]=   0 [4]=   0 [5]=   0 [6]=   0 [7]=   0 [8]=   0 [9]=   0 [10]=   0 [11]=   0 
before (DPU 359) [0]= 118 [1]= 110 [2]= 119 [3]=   0 [4]=   0 [5]=   0 [6]=   0 [7]=   0 [8]=   0 [9]=   0 [10]=   0 [11]=   0 
after  (DPU 359) [0]= 118 [1]= 110 [2]= 119 [3]=   0 [4]=   0 [5]=   0 [6]=   0 [7]=   0 [8]=   0 [9]=   0 [10]=   0 [11]=   0 
before (DPU 360) [0]= 112 [1]= 118 [2]= 107 [3]=   0 [4]=   0 [5]=   0 [6]=   0 [7]=   0 [8]=   0 [9]=   0 [10]=   0 [11]=   0 
after  (DPU 360) [0]= 112 [1]= 118 [2]= 107 [3]=   0 [4]=   0 [5]=   0 [6]=   0 [7]=   0 [8]=   0 [9]=   0 [10]=   0 [11]=   0 
before (DPU 361) [0]= 143 [1]= 109 [2]= 107 [3]=   0 [4]=   0 [5]=   0 [6]=   0 [7]=   0 [8]=   0 [9]=   0 [10]=   0 [11]=   0 
after  (DPU 361) [0]= 143 [1]= 109 [2]= 107 [3]=   0 [4]=   0 [5]=   0 [6]=   0 [7]=   0 [8]=   0 [9]=   0 [10]=   0 [11]=   0 
before (DPU 362) [0]=  95 [1]=  94 [2]= 105 [3]=   0 [4]=   0 [5]=   0 [6]=   0 [7]=   0 [8]=   0 [9]=   0 [10]=   0 [11]=   0 
after  (DPU 362) [0]=  95 [1]=  94 [2]= 105 [3]=   0 [4]=   0 [5]=   0 [6]=   0 [7]=   0 [8]=   0 [9]=   0 [10]=   0 [11]=   0 
before (DPU 363) [0]=  94 [1]= 116 [2]=  85 [3]=   0 [4]=   0 [5]=   0 [6]=   0 [7]=   0 [8]=   0 [9]=   0 [10]=   0 [11]=   0 
after  (DPU 363) [0]=  94 [1]= 116 [2]=  85 [3]=   0 [4]=   0 [5]=   0 [6]=   0 [7]=   0 [8]=   0 [9]=   0 [10]=   0 [11]=   0 
before (DPU 364) [0]=  89 [1]= 131 [2]= 111 [3]=   0 [4]=   0 [5]=   0 [6]=   0 [7]=   0 [8]=   0 [9]=   0 [10]=   0 [11]=   0 
after  (DPU 364) [0]=  89 [1]= 131 [2]= 111 [3]=   0 [4]=   0 [5]=   0 [6]=   0 [7]=   0 [8]=   0 [9]=   0 [10]=   0 [11]=   0 
before (DPU 365) [0]= 116 [1]= 115 [2]=  82 [3]=   0 [4]=   0 [5]=   0 [6]=   0 [7]=   0 [8]=   0 [9]=   0 [10]=   0 [11]=   0 
after  (DPU 365) [0]= 116 [1]= 115 [2]=  82 [3]=   0 [4]=   0 [5]=   0 [6]=   0 [7]=   0 [8]=   0 [9]=   0 [10]=   0 [11]=   0 
before (DPU 366) [0]= 110 [1]= 124 [2]= 123 [3]=   0 [4]=   0 [5]=   0 [6]=   0 [7]=   0 [8]=   0 [9]=   0 [10]=   0 [11]=   0 
after  (DPU 366) [0]= 110 [1]= 124 [2]= 123 [3]=   0 [4]=   0 [5]=   0 [6]=   0 [7]=   0 [8]=   0 [9]=   0 [10]=   0 [11]=   0 
before (DPU 367) [0]= 118 [1]= 116 [2]= 112 [3]=   0 [4]=   0 [5]=   0 [6]=   0 [7]=   0 [8]=   0 [9]=   0 [10]=   0 [11]=   0 
after  (DPU 367) [0]= 118 [1]= 116 [2]= 112 [3]=   0 [4]=   0 [5]=   0 [6]=   0 [7]=   0 [8]=   0 [9]=   0 [10]=   0 [11]=   0 
before (DPU 368) [0]= 100 [1]=  87 [2]= 116 [3]=   0 [4]=   0 [5]=   0 [6]=   0 [7]=   0 [8]=   0 [9]=   0 [10]=   0 [11]=   0 
after  (DPU 368) [0]= 100 [1]=  87 [2]= 116 [3]=   0 [4]=   0 [5]=   0 [6]=   0 [7]=   0 [8]=   0 [9]=   0 [10]=   0 [11]=   0 
before (DPU 369) [0]= 100 [1]= 128 [2]= 109 [3]=   0 [4]=   0 [5]=   0 [6]=   0 [7]=   0 [8]=   0 [9]=   0 [10]=   0 [11]=   0 
after  (DPU 369) [0]= 100 [1]= 128 [2]= 109 [3]=   0 [4]=   0 [5]=   0 [6]=   0 [7]=   0 [8]=   0 [9]=   0 [10]=   0 [11]=   0 
before (DPU 370) [0]= 101 [1]= 128 [2]= 107 [3]=   0 [4]=   0 [5]=   0 [6]=   0 [7]=   0 [8]=   0 [9]=   0 [10]=   0 [11]=   0 
after  (DPU 370) [0]= 101 [1]= 128 [2]= 107 [3]=   0 [4]=   0 [5]=   0 [6]=   0 [7]=   0 [8]=   0 [9]=   0 [10]=   0 [11]=   0 
before (DPU 371) [0]=  99 [1]= 123 [2]= 108 [3]=   0 [4]=   0 [5]=   0 [6]=   0 [7]=   0 [8]=   0 [9]=   0 [10]=   0 [11]=   0 
after  (DPU 371) [0]=  99 [1]= 123 [2]= 108 [3]=   0 [4]=   0 [5]=   0 [6]=   0 [7]=   0 [8]=   0 [9]=   0 [10]=   0 [11]=   0 
before (DPU 372) [0]= 117 [1]=  99 [2]= 127 [3]=   0 [4]=   0 [5]=   0 [6]=   0 [7]=   0 [8]=   0 [9]=   0 [10]=   0 [11]=   0 
after  (DPU 372) [0]= 117 [1]=  99 [2]= 127 [3]=   0 [4]=   0 [5]=   0 [6]=   0 [7]=   0 [8]=   0 [9]=   0 [10]=   0 [11]=   0 
before (DPU 373) [0]= 107 [1]= 110 [2]=  93 [3]=   0 [4]=   0 [5]=   0 [6]=   0 [7]=   0 [8]=   0 [9]=   0 [10]=   0 [11]=   0 
after  (DPU 373) [0]= 107 [1]= 110 [2]=  93 [3]=   0 [4]=   0 [5]=   0 [6]=   0 [7]=   0 [8]=   0 [9]=   0 [10]=   0 [11]=   0 
before (DPU 374) [0]= 105 [1]= 121 [2]= 103 [3]=   0 [4]=   0 [5]=   0 [6]=   0 [7]=   0 [8]=   0 [9]=   0 [10]=   0 [11]=   0 
after  (DPU 374) [0]= 105 [1]= 121 [2]= 103 [3]=   0 [4]=   0 [5]=   0 [6]=   0 [7]=   0 [8]=   0 [9]=   0 [10]=   0 [11]=   0 
before (DPU 375) [0]= 117 [1]=  98 [2]= 119 [3]=   0 [4]=   0 [5]=   0 [6]=   0 [7]=   0 [8]=   0 [9]=   0 [10]=   0 [11]=   0 
after  (DPU 375) [0]= 117 [1]=  98 [2]= 119 [3]=   0 [4]=   0 [5]=   0 [6]=   0 [7]=   0 [8]=   0 [9]=   0 [10]=   0 [11]=   0 
before (DPU 376) [0]=  91 [1]= 117 [2]= 104 [3]=   0 [4]=   0 [5]=   0 [6]=   0 [7]=   0 [8]=   0 [9]=   0 [10]=   0 [11]=   0 
after  (DPU 376) [0]=  91 [1]= 117 [2]= 104 [3]=   0 [4]=   0 [5]=   0 [6]=   0 [7]=   0 [8]=   0 [9]=   0 [10]=   0 [11]=   0 
before (DPU 377) [0]= 115 [1]= 121 [2]= 103 [3]=   0 [4]=   0 [5]=   0 [6]=   0 [7]=   0 [8]=   0 [9]=   0 [10]=   0 [11]=   0 
after  (DPU 377) [0]= 115 [1]= 121 [2]= 103 [3]=   0 [4]=   0 [5]=   0 [6]=   0 [7]=   0 [8]=   0 [9]=   0 [10]=   0 [11]=   0 
before (DPU 378) [0]= 123 [1]=  99 [2]= 117 [3]=   0 [4]=   0 [5]=   0 [6]=   0 [7]=   0 [8]=   0 [9]=   0 [10]=   0 [11]=   0 
after  (DPU 378) [0]= 123 [1]=  99 [2]= 117 [3]=   0 [4]=   0 [5]=   0 [6]=   0 [7]=   0 [8]=   0 [9]=   0 [10]=   0 [11]=   0 
before (DPU 379) [0]= 111 [1]= 117 [2]= 115 [3]=   0 [4]=   0 [5]=   0 [6]=   0 [7]=   0 [8]=   0 [9]=   0 [10]=   0 [11]=   0 
after  (DPU 379) [0]= 111 [1]= 117 [2]= 115 [3]=   0 [4]=   0 [5]=   0 [6]=   0 [7]=   0 [8]=   0 [9]=   0 [10]=   0 [11]=   0 
before (DPU 380) [0]=  98 [1]=  95 [2]= 115 [3]=   0 [4]=   0 [5]=   0 [6]=   0 [7]=   0 [8]=   0 [9]=   0 [10]=   0 [11]=   0 
after  (DPU 380) [0]=  98 [1]=  95 [2]= 115 [3]=   0 [4]=   0 [5]=   0 [6]=   0 [7]=   0 [8]=   0 [9]=   0 [10]=   0 [11]=   0 
before (DPU 381) [0]= 115 [1]= 108 [2]= 111 [3]=   0 [4]=   0 [5]=   0 [6]=   0 [7]=   0 [8]=   0 [9]=   0 [10]=   0 [11]=   0 
after  (DPU 381) [0]= 115 [1]= 108 [2]= 111 [3]=   0 [4]=   0 [5]=   0 [6]=   0 [7]=   0 [8]=   0 [9]=   0 [10]=   0 [11]=   0 
before (DPU 382) [0]= 100 [1]= 106 [2]= 109 [3]=   0 [4]=   0 [5]=   0 [6]=   0 [7]=   0 [8]=   0 [9]=   0 [10]=   0 [11]=   0 
after  (DPU 382) [0]= 100 [1]= 106 [2]= 109 [3]=   0 [4]=   0 [5]=   0 [6]=   0 [7]=   0 [8]=   0 [9]=   0 [10]=   0 [11]=   0 
before (DPU 383) [0]= 103 [1]= 126 [2]= 105 [3]=   0 [4]=   0 [5]=   0 [6]=   0 [7]=   0 [8]=   0 [9]=   0 [10]=   0 [11]=   0 
after  (DPU 383) [0]= 103 [1]= 126 [2]= 105 [3]=   0 [4]=   0 [5]=   0 [6]=   0 [7]=   0 [8]=   0 [9]=   0 [10]=   0 [11]=   0 
before (DPU 384) [0]= 134 [1]=  93 [2]= 104 [3]=   0 [4]=   0 [5]=   0 [6]=   0 [7]=   0 [8]=   0 [9]=   0 [10]=   0 [11]=   0 
after  (DPU 384) [0]= 134 [1]=  93 [2]= 104 [3]=   0 [4]=   0 [5]=   0 [6]=   0 [7]=   0 [8]=   0 [9]=   0 [10]=   0 [11]=   0 
before (DPU 385) [0]= 101 [1]= 120 [2]= 113 [3]=   0 [4]=   0 [5]=   0 [6]=   0 [7]=   0 [8]=   0 [9]=   0 [10]=   0 [11]=   0 
after  (DPU 385) [0]= 101 [1]= 120 [2]= 113 [3]=   0 [4]=   0 [5]=   0 [6]=   0 [7]=   0 [8]=   0 [9]=   0 [10]=   0 [11]=   0 
before (DPU 386) [0]= 110 [1]= 114 [2]= 105 [3]=   0 [4]=   0 [5]=   0 [6]=   0 [7]=   0 [8]=   0 [9]=   0 [10]=   0 [11]=   0 
after  (DPU 386) [0]= 110 [1]= 114 [2]= 105 [3]=   0 [4]=   0 [5]=   0 [6]=   0 [7]=   0 [8]=   0 [9]=   0 [10]=   0 [11]=   0 
before (DPU 387) [0]= 103 [1]=  85 [2]= 105 [3]=   0 [4]=   0 [5]=   0 [6]=   0 [7]=   0 [8]=   0 [9]=   0 [10]=   0 [11]=   0 
after  (DPU 387) [0]= 103 [1]=  85 [2]= 105 [3]=   0 [4]=   0 [5]=   0 [6]=   0 [7]=   0 [8]=   0 [9]=   0 [10]=   0 [11]=   0 
before (DPU 388) [0]= 109 [1]= 101 [2]= 105 [3]=   0 [4]=   0 [5]=   0 [6]=   0 [7]=   0 [8]=   0 [9]=   0 [10]=   0 [11]=   0 
after  (DPU 388) [0]= 109 [1]= 101 [2]= 105 [3]=   0 [4]=   0 [5]=   0 [6]=   0 [7]=   0 [8]=   0 [9]=   0 [10]=   0 [11]=   0 
before (DPU 389) [0]= 128 [1]= 123 [2]= 110 [3]=   0 [4]=   0 [5]=   0 [6]=   0 [7]=   0 [8]=   0 [9]=   0 [10]=   0 [11]=   0 
after  (DPU 389) [0]= 128 [1]= 123 [2]= 110 [3]=   0 [4]=   0 [5]=   0 [6]=   0 [7]=   0 [8]=   0 [9]=   0 [10]=   0 [11]=   0 
before (DPU 390) [0]=  93 [1]= 106 [2]= 111 [3]=   0 [4]=   0 [5]=   0 [6]=   0 [7]=   0 [8]=   0 [9]=   0 [10]=   0 [11]=   0 
after  (DPU 390) [0]=  93 [1]= 106 [2]= 111 [3]=   0 [4]=   0 [5]=   0 [6]=   0 [7]=   0 [8]=   0 [9]=   0 [10]=   0 [11]=   0 
before (DPU 391) [0]= 114 [1]=  88 [2]= 111 [3]=   0 [4]=   0 [5]=   0 [6]=   0 [7]=   0 [8]=   0 [9]=   0 [10]=   0 [11]=   0 
after  (DPU 391) [0]= 114 [1]=  88 [2]= 111 [3]=   0 [4]=   0 [5]=   0 [6]=   0 [7]=   0 [8]=   0 [9]=   0 [10]=   0 [11]=   0 
before (DPU 392) [0]= 120 [1]=  97 [2]= 127 [3]=   0 [4]=   0 [5]=   0 [6]=   0 [7]=   0 [8]=   0 [9]=   0 [10]=   0 [11]=   0 
after  (DPU 392) [0]= 120 [1]=  97 [2]= 127 [3]=   0 [4]=   0 [5]=   0 [6]=   0 [7]=   0 [8]=   0 [9]=   0 [10]=   0 [11]=   0 
before (DPU 393) [0]= 106 [1]= 108 [2]= 108 [3]=   0 [4]=   0 [5]=   0 [6]=   0 [7]=   0 [8]=   0 [9]=   0 [10]=   0 [11]=   0 
after  (DPU 393) [0]= 106 [1]= 108 [2]= 108 [3]=   0 [4]=   0 [5]=   0 [6]=   0 [7]=   0 [8]=   0 [9]=   0 [10]=   0 [11]=   0 
before (DPU 394) [0]=  76 [1]=  96 [2]= 104 [3]=   0 [4]=   0 [5]=   0 [6]=   0 [7]=   0 [8]=   0 [9]=   0 [10]=   0 [11]=   0 
after  (DPU 394) [0]=  76 [1]=  96 [2]= 104 [3]=   0 [4]=   0 [5]=   0 [6]=   0 [7]=   0 [8]=   0 [9]=   0 [10]=   0 [11]=   0 
before (DPU 395) [0]= 107 [1]= 107 [2]= 113 [3]=   0 [4]=   0 [5]=   0 [6]=   0 [7]=   0 [8]=   0 [9]=   0 [10]=   0 [11]=   0 
after  (DPU 395) [0]= 107 [1]= 107 [2]= 113 [3]=   0 [4]=   0 [5]=   0 [6]=   0 [7]=   0 [8]=   0 [9]=   0 [10]=   0 [11]=   0 
before (DPU 396) [0]=  75 [1]=  98 [2]= 116 [3]=   0 [4]=   0 [5]=   0 [6]=   0 [7]=   0 [8]=   0 [9]=   0 [10]=   0 [11]=   0 
after  (DPU 396) [0]=  75 [1]=  98 [2]= 116 [3]=   0 [4]=   0 [5]=   0 [6]=   0 [7]=   0 [8]=   0 [9]=   0 [10]=   0 [11]=   0 
before (DPU 397) [0]=  94 [1]=  89 [2]=  92 [3]=   0 [4]=   0 [5]=   0 [6]=   0 [7]=   0 [8]=   0 [9]=   0 [10]=   0 [11]=   0 
after  (DPU 397) [0]=  94 [1]=  89 [2]=  92 [3]=   0 [4]=   0 [5]=   0 [6]=   0 [7]=   0 [8]=   0 [9]=   0 [10]=   0 [11]=   0 
before (DPU 398) [0]= 103 [1]= 100 [2]= 101 [3]=   0 [4]=   0 [5]=   0 [6]=   0 [7]=   0 [8]=   0 [9]=   0 [10]=   0 [11]=   0 
after  (DPU 398) [0]= 103 [1]= 100 [2]= 101 [3]=   0 [4]=   0 [5]=   0 [6]=   0 [7]=   0 [8]=   0 [9]=   0 [10]=   0 [11]=   0 
before (DPU 399) [0]= 105 [1]=  98 [2]= 102 [3]=   0 [4]=   0 [5]=   0 [6]=   0 [7]=   0 [8]=   0 [9]=   0 [10]=   0 [11]=   0 
after  (DPU 399) [0]= 105 [1]=  98 [2]= 102 [3]=   0 [4]=   0 [5]=   0 [6]=   0 [7]=   0 [8]=   0 [9]=   0 [10]=   0 [11]=   0 
before (DPU 400) [0]=  92 [1]=  92 [2]= 115 [3]=   0 [4]=   0 [5]=   0 [6]=   0 [7]=   0 [8]=   0 [9]=   0 [10]=   0 [11]=   0 
after  (DPU 400) [0]=  92 [1]=  92 [2]= 115 [3]=   0 [4]=   0 [5]=   0 [6]=   0 [7]=   0 [8]=   0 [9]=   0 [10]=   0 [11]=   0 
before (DPU 401) [0]= 112 [1]=  93 [2]= 109 [3]=   0 [4]=   0 [5]=   0 [6]=   0 [7]=   0 [8]=   0 [9]=   0 [10]=   0 [11]=   0 
after  (DPU 401) [0]= 112 [1]=  93 [2]= 109 [3]=   0 [4]=   0 [5]=   0 [6]=   0 [7]=   0 [8]=   0 [9]=   0 [10]=   0 [11]=   0 
before (DPU 402) [0]= 110 [1]=  97 [2]= 101 [3]=   0 [4]=   0 [5]=   0 [6]=   0 [7]=   0 [8]=   0 [9]=   0 [10]=   0 [11]=   0 
after  (DPU 402) [0]= 110 [1]=  97 [2]= 101 [3]=   0 [4]=   0 [5]=   0 [6]=   0 [7]=   0 [8]=   0 [9]=   0 [10]=   0 [11]=   0 
before (DPU 403) [0]=  98 [1]= 105 [2]= 104 [3]=   0 [4]=   0 [5]=   0 [6]=   0 [7]=   0 [8]=   0 [9]=   0 [10]=   0 [11]=   0 
after  (DPU 403) [0]=  98 [1]= 105 [2]= 104 [3]=   0 [4]=   0 [5]=   0 [6]=   0 [7]=   0 [8]=   0 [9]=   0 [10]=   0 [11]=   0 
before (DPU 404) [0]= 108 [1]=  97 [2]= 105 [3]=   0 [4]=   0 [5]=   0 [6]=   0 [7]=   0 [8]=   0 [9]=   0 [10]=   0 [11]=   0 
after  (DPU 404) [0]= 108 [1]=  97 [2]= 105 [3]=   0 [4]=   0 [5]=   0 [6]=   0 [7]=   0 [8]=   0 [9]=   0 [10]=   0 [11]=   0 
before (DPU 405) [0]=  89 [1]= 135 [2]= 129 [3]=   0 [4]=   0 [5]=   0 [6]=   0 [7]=   0 [8]=   0 [9]=   0 [10]=   0 [11]=   0 
after  (DPU 405) [0]=  89 [1]= 135 [2]= 129 [3]=   0 [4]=   0 [5]=   0 [6]=   0 [7]=   0 [8]=   0 [9]=   0 [10]=   0 [11]=   0 
before (DPU 406) [0]= 110 [1]= 100 [2]= 111 [3]=   0 [4]=   0 [5]=   0 [6]=   0 [7]=   0 [8]=   0 [9]=   0 [10]=   0 [11]=   0 
after  (DPU 406) [0]= 110 [1]= 100 [2]= 111 [3]=   0 [4]=   0 [5]=   0 [6]=   0 [7]=   0 [8]=   0 [9]=   0 [10]=   0 [11]=   0 
before (DPU 407) [0]= 121 [1]=  90 [2]= 100 [3]=   0 [4]=   0 [5]=   0 [6]=   0 [7]=   0 [8]=   0 [9]=   0 [10]=   0 [11]=   0 
after  (DPU 407) [0]= 121 [1]=  90 [2]= 100 [3]=   0 [4]=   0 [5]=   0 [6]=   0 [7]=   0 [8]=   0 [9]=   0 [10]=   0 [11]=   0 
before (DPU 408) [0]= 107 [1]= 104 [2]=  93 [3]=   0 [4]=   0 [5]=   0 [6]=   0 [7]=   0 [8]=   0 [9]=   0 [10]=   0 [11]=   0 
after  (DPU 408) [0]= 107 [1]= 104 [2]=  93 [3]=   0 [4]=   0 [5]=   0 [6]=   0 [7]=   0 [8]=   0 [9]=   0 [10]=   0 [11]=   0 
before (DPU 409) [0]= 105 [1]= 104 [2]= 102 [3]=   0 [4]=   0 [5]=   0 [6]=   0 [7]=   0 [8]=   0 [9]=   0 [10]=   0 [11]=   0 
after  (DPU 409) [0]= 105 [1]= 104 [2]= 102 [3]=   0 [4]=   0 [5]=   0 [6]=   0 [7]=   0 [8]=   0 [9]=   0 [10]=   0 [11]=   0 
before (DPU 410) [0]= 100 [1]=  88 [2]=  98 [3]=   0 [4]=   0 [5]=   0 [6]=   0 [7]=   0 [8]=   0 [9]=   0 [10]=   0 [11]=   0 
after  (DPU 410) [0]= 100 [1]=  88 [2]=  98 [3]=   0 [4]=   0 [5]=   0 [6]=   0 [7]=   0 [8]=   0 [9]=   0 [10]=   0 [11]=   0 
before (DPU 411) [0]= 107 [1]= 110 [2]= 103 [3]=   0 [4]=   0 [5]=   0 [6]=   0 [7]=   0 [8]=   0 [9]=   0 [10]=   0 [11]=   0 
after  (DPU 411) [0]= 107 [1]= 110 [2]= 103 [3]=   0 [4]=   0 [5]=   0 [6]=   0 [7]=   0 [8]=   0 [9]=   0 [10]=   0 [11]=   0 
before (DPU 412) [0]= 121 [1]=  97 [2]= 124 [3]=   0 [4]=   0 [5]=   0 [6]=   0 [7]=   0 [8]=   0 [9]=   0 [10]=   0 [11]=   0 
after  (DPU 412) [0]= 121 [1]=  97 [2]= 124 [3]=   0 [4]=   0 [5]=   0 [6]=   0 [7]=   0 [8]=   0 [9]=   0 [10]=   0 [11]=   0 
before (DPU 413) [0]=  93 [1]=  88 [2]= 101 [3]=   0 [4]=   0 [5]=   0 [6]=   0 [7]=   0 [8]=   0 [9]=   0 [10]=   0 [11]=   0 
after  (DPU 413) [0]=  93 [1]=  88 [2]= 101 [3]=   0 [4]=   0 [5]=   0 [6]=   0 [7]=   0 [8]=   0 [9]=   0 [10]=   0 [11]=   0 
before (DPU 414) [0]=  91 [1]=  84 [2]= 112 [3]=   0 [4]=   0 [5]=   0 [6]=   0 [7]=   0 [8]=   0 [9]=   0 [10]=   0 [11]=   0 
after  (DPU 414) [0]=  91 [1]=  84 [2]= 112 [3]=   0 [4]=   0 [5]=   0 [6]=   0 [7]=   0 [8]=   0 [9]=   0 [10]=   0 [11]=   0 
before (DPU 415) [0]=  89 [1]=  96 [2]= 109 [3]=   0 [4]=   0 [5]=   0 [6]=   0 [7]=   0 [8]=   0 [9]=   0 [10]=   0 [11]=   0 
after  (DPU 415) [0]=  89 [1]=  96 [2]= 109 [3]=   0 [4]=   0 [5]=   0 [6]=   0 [7]=   0 [8]=   0 [9]=   0 [10]=   0 [11]=   0 
before (DPU 416) [0]=  91 [1]=  78 [2]= 105 [3]=   0 [4]=   0 [5]=   0 [6]=   0 [7]=   0 [8]=   0 [9]=   0 [10]=   0 [11]=   0 
after  (DPU 416) [0]=  91 [1]=  78 [2]= 105 [3]=   0 [4]=   0 [5]=   0 [6]=   0 [7]=   0 [8]=   0 [9]=   0 [10]=   0 [11]=   0 
before (DPU 417) [0]= 105 [1]= 112 [2]= 105 [3]=   0 [4]=   0 [5]=   0 [6]=   0 [7]=   0 [8]=   0 [9]=   0 [10]=   0 [11]=   0 
after  (DPU 417) [0]= 105 [1]= 112 [2]= 105 [3]=   0 [4]=   0 [5]=   0 [6]=   0 [7]=   0 [8]=   0 [9]=   0 [10]=   0 [11]=   0 
before (DPU 418) [0]=  99 [1]= 103 [2]=  97 [3]=   0 [4]=   0 [5]=   0 [6]=   0 [7]=   0 [8]=   0 [9]=   0 [10]=   0 [11]=   0 
after  (DPU 418) [0]=  99 [1]= 103 [2]=  97 [3]=   0 [4]=   0 [5]=   0 [6]=   0 [7]=   0 [8]=   0 [9]=   0 [10]=   0 [11]=   0 
before (DPU 419) [0]= 105 [1]= 119 [2]=  95 [3]=   0 [4]=   0 [5]=   0 [6]=   0 [7]=   0 [8]=   0 [9]=   0 [10]=   0 [11]=   0 
after  (DPU 419) [0]= 105 [1]= 119 [2]=  95 [3]=   0 [4]=   0 [5]=   0 [6]=   0 [7]=   0 [8]=   0 [9]=   0 [10]=   0 [11]=   0 
before (DPU 420) [0]= 100 [1]=  83 [2]=  94 [3]=   0 [4]=   0 [5]=   0 [6]=   0 [7]=   0 [8]=   0 [9]=   0 [10]=   0 [11]=   0 
after  (DPU 420) [0]= 100 [1]=  83 [2]=  94 [3]=   0 [4]=   0 [5]=   0 [6]=   0 [7]=   0 [8]=   0 [9]=   0 [10]=   0 [11]=   0 
before (DPU 421) [0]=  88 [1]=  99 [2]=  88 [3]=   0 [4]=   0 [5]=   0 [6]=   0 [7]=   0 [8]=   0 [9]=   0 [10]=   0 [11]=   0 
after  (DPU 421) [0]=  88 [1]=  99 [2]=  88 [3]=   0 [4]=   0 [5]=   0 [6]=   0 [7]=   0 [8]=   0 [9]=   0 [10]=   0 [11]=   0 
before (DPU 422) [0]=  68 [1]=  90 [2]= 108 [3]=   0 [4]=   0 [5]=   0 [6]=   0 [7]=   0 [8]=   0 [9]=   0 [10]=   0 [11]=   0 
after  (DPU 422) [0]=  68 [1]=  90 [2]= 108 [3]=   0 [4]=   0 [5]=   0 [6]=   0 [7]=   0 [8]=   0 [9]=   0 [10]=   0 [11]=   0 
before (DPU 423) [0]=  90 [1]= 103 [2]=  96 [3]=   0 [4]=   0 [5]=   0 [6]=   0 [7]=   0 [8]=   0 [9]=   0 [10]=   0 [11]=   0 
after  (DPU 423) [0]=  90 [1]= 103 [2]=  96 [3]=   0 [4]=   0 [5]=   0 [6]=   0 [7]=   0 [8]=   0 [9]=   0 [10]=   0 [11]=   0 
before (DPU 424) [0]= 106 [1]=  86 [2]= 113 [3]=   0 [4]=   0 [5]=   0 [6]=   0 [7]=   0 [8]=   0 [9]=   0 [10]=   0 [11]=   0 
after  (DPU 424) [0]= 106 [1]=  86 [2]= 113 [3]=   0 [4]=   0 [5]=   0 [6]=   0 [7]=   0 [8]=   0 [9]=   0 [10]=   0 [11]=   0 
before (DPU 425) [0]=  90 [1]=  97 [2]=  81 [3]=   0 [4]=   0 [5]=   0 [6]=   0 [7]=   0 [8]=   0 [9]=   0 [10]=   0 [11]=   0 
after  (DPU 425) [0]=  90 [1]=  97 [2]=  81 [3]=   0 [4]=   0 [5]=   0 [6]=   0 [7]=   0 [8]=   0 [9]=   0 [10]=   0 [11]=   0 
before (DPU 426) [0]=  91 [1]= 110 [2]=  65 [3]=   0 [4]=   0 [5]=   0 [6]=   0 [7]=   0 [8]=   0 [9]=   0 [10]=   0 [11]=   0 
after  (DPU 426) [0]=  91 [1]= 110 [2]=  65 [3]=   0 [4]=   0 [5]=   0 [6]=   0 [7]=   0 [8]=   0 [9]=   0 [10]=   0 [11]=   0 
before (DPU 427) [0]=  87 [1]=  88 [2]=  86 [3]=   0 [4]=   0 [5]=   0 [6]=   0 [7]=   0 [8]=   0 [9]=   0 [10]=   0 [11]=   0 
after  (DPU 427) [0]=  87 [1]=  88 [2]=  86 [3]=   0 [4]=   0 [5]=   0 [6]=   0 [7]=   0 [8]=   0 [9]=   0 [10]=   0 [11]=   0 
before (DPU 428) [0]= 101 [1]=  82 [2]= 114 [3]=   0 [4]=   0 [5]=   0 [6]=   0 [7]=   0 [8]=   0 [9]=   0 [10]=   0 [11]=   0 
after  (DPU 428) [0]= 101 [1]=  82 [2]= 114 [3]=   0 [4]=   0 [5]=   0 [6]=   0 [7]=   0 [8]=   0 [9]=   0 [10]=   0 [11]=   0 
before (DPU 429) [0]= 100 [1]=  87 [2]=  95 [3]=   0 [4]=   0 [5]=   0 [6]=   0 [7]=   0 [8]=   0 [9]=   0 [10]=   0 [11]=   0 
after  (DPU 429) [0]= 100 [1]=  87 [2]=  95 [3]=   0 [4]=   0 [5]=   0 [6]=   0 [7]=   0 [8]=   0 [9]=   0 [10]=   0 [11]=   0 
before (DPU 430) [0]=  95 [1]=  94 [2]= 100 [3]=   0 [4]=   0 [5]=   0 [6]=   0 [7]=   0 [8]=   0 [9]=   0 [10]=   0 [11]=   0 
after  (DPU 430) [0]=  95 [1]=  94 [2]= 100 [3]=   0 [4]=   0 [5]=   0 [6]=   0 [7]=   0 [8]=   0 [9]=   0 [10]=   0 [11]=   0 
before (DPU 431) [0]=  81 [1]=  97 [2]=  90 [3]=   0 [4]=   0 [5]=   0 [6]=   0 [7]=   0 [8]=   0 [9]=   0 [10]=   0 [11]=   0 
after  (DPU 431) [0]=  81 [1]=  97 [2]=  90 [3]=   0 [4]=   0 [5]=   0 [6]=   0 [7]=   0 [8]=   0 [9]=   0 [10]=   0 [11]=   0 
before (DPU 432) [0]= 100 [1]=  85 [2]=  91 [3]=   0 [4]=   0 [5]=   0 [6]=   0 [7]=   0 [8]=   0 [9]=   0 [10]=   0 [11]=   0 
after  (DPU 432) [0]= 100 [1]=  85 [2]=  91 [3]=   0 [4]=   0 [5]=   0 [6]=   0 [7]=   0 [8]=   0 [9]=   0 [10]=   0 [11]=   0 
before (DPU 433) [0]=  76 [1]=  95 [2]=  88 [3]=   0 [4]=   0 [5]=   0 [6]=   0 [7]=   0 [8]=   0 [9]=   0 [10]=   0 [11]=   0 
after  (DPU 433) [0]=  76 [1]=  95 [2]=  88 [3]=   0 [4]=   0 [5]=   0 [6]=   0 [7]=   0 [8]=   0 [9]=   0 [10]=   0 [11]=   0 
before (DPU 434) [0]= 100 [1]=  91 [2]=  92 [3]=   0 [4]=   0 [5]=   0 [6]=   0 [7]=   0 [8]=   0 [9]=   0 [10]=   0 [11]=   0 
after  (DPU 434) [0]= 100 [1]=  91 [2]=  92 [3]=   0 [4]=   0 [5]=   0 [6]=   0 [7]=   0 [8]=   0 [9]=   0 [10]=   0 [11]=   0 
before (DPU 435) [0]=  67 [1]= 103 [2]=  90 [3]=   0 [4]=   0 [5]=   0 [6]=   0 [7]=   0 [8]=   0 [9]=   0 [10]=   0 [11]=   0 
after  (DPU 435) [0]=  67 [1]= 103 [2]=  90 [3]=   0 [4]=   0 [5]=   0 [6]=   0 [7]=   0 [8]=   0 [9]=   0 [10]=   0 [11]=   0 
before (DPU 436) [0]= 100 [1]=  98 [2]=  78 [3]=   0 [4]=   0 [5]=   0 [6]=   0 [7]=   0 [8]=   0 [9]=   0 [10]=   0 [11]=   0 
after  (DPU 436) [0]= 100 [1]=  98 [2]=  78 [3]=   0 [4]=   0 [5]=   0 [6]=   0 [7]=   0 [8]=   0 [9]=   0 [10]=   0 [11]=   0 
before (DPU 437) [0]=  96 [1]= 100 [2]=  92 [3]=   0 [4]=   0 [5]=   0 [6]=   0 [7]=   0 [8]=   0 [9]=   0 [10]=   0 [11]=   0 
after  (DPU 437) [0]=  96 [1]= 100 [2]=  92 [3]=   0 [4]=   0 [5]=   0 [6]=   0 [7]=   0 [8]=   0 [9]=   0 [10]=   0 [11]=   0 
before (DPU 438) [0]= 111 [1]=  91 [2]=  99 [3]=   0 [4]=   0 [5]=   0 [6]=   0 [7]=   0 [8]=   0 [9]=   0 [10]=   0 [11]=   0 
after  (DPU 438) [0]= 111 [1]=  91 [2]=  99 [3]=   0 [4]=   0 [5]=   0 [6]=   0 [7]=   0 [8]=   0 [9]=   0 [10]=   0 [11]=   0 
before (DPU 439) [0]=  84 [1]=  76 [2]=  83 [3]=   0 [4]=   0 [5]=   0 [6]=   0 [7]=   0 [8]=   0 [9]=   0 [10]=   0 [11]=   0 
after  (DPU 439) [0]=  84 [1]=  76 [2]=  83 [3]=  84 [4]=   0 [5]=   0 [6]=   0 [7]=   0 [8]=   0 [9]=   0 [10]=   0 [11]=   0 
before (DPU 440) [0]=  85 [1]= 105 [2]=  79 [3]=   0 [4]=   0 [5]=   0 [6]=   0 [7]=   0 [8]=   0 [9]=   0 [10]=   0 [11]=   0 
after  (DPU 440) [0]=  85 [1]= 105 [2]=  79 [3]=   0 [4]=   0 [5]=   0 [6]=   0 [7]=   0 [8]=   0 [9]=   0 [10]=   0 [11]=   0 
before (DPU 441) [0]=  91 [1]=  84 [2]=  96 [3]=   0 [4]=   0 [5]=   0 [6]=   0 [7]=   0 [8]=   0 [9]=   0 [10]=   0 [11]=   0 
after  (DPU 441) [0]=  91 [1]=  84 [2]=  96 [3]=   0 [4]=   0 [5]=   0 [6]=   0 [7]=   0 [8]=   0 [9]=   0 [10]=   0 [11]=   0 
before (DPU 442) [0]=  88 [1]=  83 [2]=  91 [3]=   0 [4]=   0 [5]=   0 [6]=   0 [7]=   0 [8]=   0 [9]=   0 [10]=   0 [11]=   0 
after  (DPU 442) [0]=  88 [1]=  83 [2]=  91 [3]=   0 [4]=   0 [5]=   0 [6]=   0 [7]=   0 [8]=   0 [9]=   0 [10]=   0 [11]=   0 
before (DPU 443) [0]=  90 [1]= 104 [2]=  93 [3]=   0 [4]=   0 [5]=   0 [6]=   0 [7]=   0 [8]=   0 [9]=   0 [10]=   0 [11]=   0 
after  (DPU 443) [0]=  90 [1]= 104 [2]=  93 [3]=   0 [4]=   0 [5]=   0 [6]=   0 [7]=   0 [8]=   0 [9]=   0 [10]=   0 [11]=   0 
before (DPU 444) [0]=  94 [1]=  89 [2]=  89 [3]=   0 [4]=   0 [5]=   0 [6]=   0 [7]=   0 [8]=   0 [9]=   0 [10]=   0 [11]=   0 
after  (DPU 444) [0]=  94 [1]=  89 [2]=  89 [3]=   0 [4]=   0 [5]=   0 [6]=   0 [7]=   0 [8]=   0 [9]=   0 [10]=   0 [11]=   0 
before (DPU 445) [0]= 103 [1]=  88 [2]=  88 [3]=   0 [4]=   0 [5]=   0 [6]=   0 [7]=   0 [8]=   0 [9]=   0 [10]=   0 [11]=   0 
after  (DPU 445) [0]= 103 [1]=  88 [2]=  88 [3]=   0 [4]=   0 [5]=   0 [6]=   0 [7]=   0 [8]=   0 [9]=   0 [10]=   0 [11]=   0 
before (DPU 446) [0]=   0 [1]=   0 [2]=   0 [3]=139516 [4]=   0 [5]=   0 [6]=   0 [7]=   0 [8]=   0 [9]=   0 [10]=   0 [11]=   0 
after  (DPU 446) [0]=   0 [1]=   0 [2]=   0 [3]=139516 [4]=   0 [5]=   0 [6]=   0 [7]=   0 [8]=   0 [9]=   0 [10]=   0 [11]=   0 
before (DPU 447) [0]=  90 [1]=  96 [2]=  86 [3]=   0 [4]=   0 [5]=   0 [6]=   0 [7]=   0 [8]=   0 [9]=   0 [10]=   0 [11]=   0 
after  (DPU 447) [0]=  90 [1]=  96 [2]=  86 [3]=   0 [4]=   0 [5]=   0 [6]=   0 [7]=   0 [8]=   0 [9]=   0 [10]=   0 [11]=   0 
before (DPU 448) [0]= 111 [1]= 120 [2]= 103 [3]=   0 [4]=   0 [5]=   0 [6]=   0 [7]=   0 [8]=   0 [9]=   0 [10]=   0 [11]=   0 
after  (DPU 448) [0]= 111 [1]= 120 [2]= 103 [3]=   0 [4]=   0 [5]=   0 [6]=   0 [7]=   0 [8]=   0 [9]=   0 [10]=   0 [11]=   0 
before (DPU 449) [0]=   0 [1]=   0 [2]=   0 [3]=21215 [4]=   0 [5]=   0 [6]=   0 [7]=   0 [8]=   0 [9]=   0 [10]=   0 [11]=   0 
after  (DPU 449) [0]=   0 [1]=   0 [2]=   0 [3]=21215 [4]=   0 [5]=   0 [6]=   0 [7]=   0 [8]=   0 [9]=   0 [10]=   0 [11]=   0 
before (DPU 450) [0]=  96 [1]=  91 [2]=  89 [3]=   0 [4]=   0 [5]=   0 [6]=   0 [7]=   0 [8]=   0 [9]=   0 [10]=   0 [11]=   0 
after  (DPU 450) [0]=  96 [1]=  91 [2]=  89 [3]=   0 [4]=   0 [5]=   0 [6]=   0 [7]=   0 [8]=   0 [9]=   0 [10]=   0 [11]=   0 
before (DPU 451) [0]=  97 [1]= 103 [2]=  91 [3]=   0 [4]=   0 [5]=   0 [6]=   0 [7]=   0 [8]=   0 [9]=   0 [10]=   0 [11]=   0 
after  (DPU 451) [0]=  97 [1]= 103 [2]=  91 [3]=   0 [4]=   0 [5]=   0 [6]=   0 [7]=   0 [8]=   0 [9]=   0 [10]=   0 [11]=   0 
before (DPU 452) [0]=  93 [1]=  87 [2]=  82 [3]=   0 [4]=   0 [5]=   0 [6]=   0 [7]=   0 [8]=   0 [9]=   0 [10]=   0 [11]=   0 
after  (DPU 452) [0]=  93 [1]=  87 [2]=  82 [3]=   0 [4]=   0 [5]=   0 [6]=   0 [7]=   0 [8]=   0 [9]=   0 [10]=   0 [11]=   0 
before (DPU 453) [0]=  84 [1]=  84 [2]=  89 [3]=6701 [4]=   0 [5]=   0 [6]=   0 [7]=   0 [8]=   0 [9]=   0 [10]=   0 [11]=   0 
after  (DPU 453) [0]=  84 [1]=  84 [2]=  89 [3]=6701 [4]=   0 [5]=   0 [6]=   0 [7]=   0 [8]=   0 [9]=   0 [10]=   0 [11]=   0 
before (DPU 454) [0]=  74 [1]=  99 [2]= 103 [3]=   0 [4]=   0 [5]=   0 [6]=   0 [7]=   0 [8]=   0 [9]=   0 [10]=   0 [11]=   0 
after  (DPU 454) [0]=  74 [1]=  99 [2]= 103 [3]=   0 [4]=   0 [5]=   0 [6]=   0 [7]=   0 [8]=   0 [9]=   0 [10]=   0 [11]=   0 
before (DPU 455) [0]=  98 [1]=  80 [2]=  74 [3]=   0 [4]=   0 [5]=   0 [6]=   0 [7]=   0 [8]=   0 [9]=   0 [10]=   0 [11]=   0 
after  (DPU 455) [0]=  98 [1]=  80 [2]=  74 [3]=5734 [4]=   0 [5]=   0 [6]=   0 [7]=   0 [8]=   0 [9]=   0 [10]=   0 [11]=   0 
before (DPU 456) [0]=  92 [1]=  96 [2]=  83 [3]=   0 [4]=   0 [5]=   0 [6]=   0 [7]=   0 [8]=   0 [9]=   0 [10]=   0 [11]=   0 
after  (DPU 456) [0]=  92 [1]=  96 [2]=  83 [3]=   0 [4]=   0 [5]=   0 [6]=   0 [7]=   0 [8]=   0 [9]=   0 [10]=   0 [11]=   0 
before (DPU 457) [0]=  89 [1]=  88 [2]= 101 [3]=6372 [4]=   0 [5]=   0 [6]=   0 [7]=   0 [8]=   0 [9]=   0 [10]=   0 [11]=   0 
after  (DPU 457) [0]=  89 [1]=  88 [2]= 101 [3]=6372 [4]=   0 [5]=   0 [6]=   0 [7]=   0 [8]=   0 [9]=   0 [10]=   0 [11]=   0 
before (DPU 458) [0]=  96 [1]=  82 [2]=  74 [3]=  94 [4]=   0 [5]=   0 [6]=   0 [7]=   0 [8]=   0 [9]=   0 [10]=   0 [11]=   0 
after  (DPU 458) [0]=  96 [1]=  82 [2]=  74 [3]=  94 [4]=   0 [5]=   0 [6]=   0 [7]=   0 [8]=   0 [9]=   0 [10]=   0 [11]=   0 
before (DPU 459) [0]=  83 [1]=  78 [2]=  89 [3]=12320 [4]=   0 [5]=   0 [6]=   0 [7]=   0 [8]=   0 [9]=   0 [10]=   0 [11]=   0 
after  (DPU 459) [0]=  83 [1]=  78 [2]=   0 [3]=12320 [4]=   0 [5]=   0 [6]=   0 [7]=   0 [8]=   0 [9]=   0 [10]=   0 [11]=   0 
before (DPU 460) [0]=  79 [1]= 101 [2]=  88 [3]=   0 [4]=   0 [5]=   0 [6]=   0 [7]=   0 [8]=   0 [9]=   0 [10]=   0 [11]=   0 
after  (DPU 460) [0]=  79 [1]= 101 [2]=  88 [3]=   0 [4]=   0 [5]=   0 [6]=   0 [7]=   0 [8]=   0 [9]=   0 [10]=   0 [11]=   0 
before (DPU 461) [0]=  84 [1]=  81 [2]=  88 [3]=  82 [4]=   0 [5]=   0 [6]=   0 [7]=   0 [8]=   0 [9]=   0 [10]=   0 [11]=   0 
after  (DPU 461) [0]=  84 [1]=  81 [2]=  88 [3]=  82 [4]=   0 [5]=   0 [6]=   0 [7]=   0 [8]=   0 [9]=   0 [10]=   0 [11]=   0 
before (DPU 462) [0]= 100 [1]=  90 [2]=  68 [3]=4855 [4]=   0 [5]=   0 [6]=   0 [7]=   0 [8]=   0 [9]=   0 [10]=   0 [11]=   0 
after  (DPU 462) [0]= 100 [1]=  90 [2]=  68 [3]=4855 [4]=   0 [5]=   0 [6]=   0 [7]=   0 [8]=   0 [9]=   0 [10]=   0 [11]=   0 
before (DPU 463) [0]=  90 [1]=  90 [2]= 101 [3]=  77 [4]=   0 [5]=   0 [6]=   0 [7]=   0 [8]=   0 [9]=   0 [10]=   0 [11]=   0 
after  (DPU 463) [0]=  90 [1]=  90 [2]= 101 [3]=  77 [4]=   0 [5]=   0 [6]=   0 [7]=   0 [8]=   0 [9]=   0 [10]=   0 [11]=   0 
before (DPU 464) [0]=  82 [1]=  95 [2]=  79 [3]=5498 [4]=   0 [5]=   0 [6]=   0 [7]=   0 [8]=   0 [9]=   0 [10]=   0 [11]=   0 
after  (DPU 464) [0]=  82 [1]=  95 [2]=  79 [3]=5498 [4]=   0 [5]=   0 [6]=   0 [7]=   0 [8]=   0 [9]=   0 [10]=   0 [11]=   0 
before (DPU 465) [0]=  90 [1]=  79 [2]=  98 [3]=   0 [4]=   0 [5]=   0 [6]=   0 [7]=   0 [8]=   0 [9]=   0 [10]=   0 [11]=   0 
after  (DPU 465) [0]=  90 [1]=  79 [2]=  98 [3]=   0 [4]=   0 [5]=   0 [6]=   0 [7]=   0 [8]=   0 [9]=   0 [10]=   0 [11]=   0 
before (DPU 466) [0]=  89 [1]=  82 [2]=  80 [3]=   0 [4]=   0 [5]=   0 [6]=   0 [7]=   0 [8]=   0 [9]=   0 [10]=   0 [11]=   0 
after  (DPU 466) [0]=  89 [1]=  82 [2]=  80 [3]=  89 [4]=   0 [5]=   0 [6]=   0 [7]=   0 [8]=   0 [9]=   0 [10]=   0 [11]=   0 
before (DPU 467) [0]=  78 [1]=  95 [2]=  95 [3]=   0 [4]=   0 [5]=   0 [6]=   0 [7]=   0 [8]=   0 [9]=   0 [10]=   0 [11]=   0 
after  (DPU 467) [0]=  78 [1]=  95 [2]=  95 [3]=   0 [4]=   0 [5]=   0 [6]=   0 [7]=   0 [8]=   0 [9]=   0 [10]=   0 [11]=   0 
before (DPU 468) [0]=  80 [1]= 103 [2]=  88 [3]=   0 [4]=   0 [5]=   0 [6]=   0 [7]=   0 [8]=   0 [9]=   0 [10]=   0 [11]=   0 
after  (DPU 468) [0]=  80 [1]= 103 [2]=  88 [3]=   0 [4]=   0 [5]=   0 [6]=   0 [7]=   0 [8]=   0 [9]=   0 [10]=   0 [11]=   0 
before (DPU 469) [0]=  81 [1]=  78 [2]=  70 [3]=  68 [4]=   0 [5]=   0 [6]=   0 [7]=   0 [8]=   0 [9]=   0 [10]=   0 [11]=   0 
after  (DPU 469) [0]=  81 [1]=  78 [2]=  70 [3]=  68 [4]=   0 [5]=   0 [6]=   0 [7]=   0 [8]=   0 [9]=   0 [10]=   0 [11]=   0 
before (DPU 470) [0]=   0 [1]=   0 [2]=  84 [3]=17948 [4]=   0 [5]=   0 [6]=   0 [7]=   0 [8]=   0 [9]=   0 [10]=   0 [11]=   0 
after  (DPU 470) [0]=   0 [1]=   0 [2]=   0 [3]=17948 [4]=   0 [5]=   0 [6]=   0 [7]=   0 [8]=   0 [9]=   0 [10]=   0 [11]=   0 
before (DPU 471) [0]=  80 [1]=  85 [2]=  87 [3]=   0 [4]=   0 [5]=   0 [6]=   0 [7]=   0 [8]=   0 [9]=   0 [10]=   0 [11]=   0 
after  (DPU 471) [0]=  80 [1]=  85 [2]=  87 [3]=4332 [4]=   0 [5]=   0 [6]=   0 [7]=   0 [8]=   0 [9]=   0 [10]=   0 [11]=   0 
before (DPU 472) [0]=  66 [1]=  97 [2]=  92 [3]=   0 [4]=   0 [5]=   0 [6]=   0 [7]=   0 [8]=   0 [9]=   0 [10]=   0 [11]=   0 
after  (DPU 472) [0]=  66 [1]=  97 [2]=  92 [3]=   0 [4]=   0 [5]=   0 [6]=   0 [7]=   0 [8]=   0 [9]=   0 [10]=   0 [11]=   0 
before (DPU 473) [0]=  85 [1]=  82 [2]=  88 [3]=   0 [4]=   0 [5]=   0 [6]=   0 [7]=   0 [8]=   0 [9]=   0 [10]=   0 [11]=   0 
after  (DPU 473) [0]=  85 [1]=  82 [2]=  88 [3]=   0 [4]=   0 [5]=   0 [6]=   0 [7]=   0 [8]=   0 [9]=   0 [10]=   0 [11]=   0 
before (DPU 474) [0]=  95 [1]=  97 [2]=  95 [3]=   0 [4]=   0 [5]=   0 [6]=   0 [7]=   0 [8]=   0 [9]=   0 [10]=   0 [11]=   0 
after  (DPU 474) [0]=  95 [1]=  97 [2]=  95 [3]=   0 [4]=   0 [5]=   0 [6]=   0 [7]=   0 [8]=   0 [9]=   0 [10]=   0 [11]=   0 
before (DPU 475) [0]=  94 [1]=  99 [2]=  90 [3]=8124 [4]=   0 [5]=   0 [6]=   0 [7]=   0 [8]=   0 [9]=   0 [10]=   0 [11]=   0 
after  (DPU 475) [0]=  94 [1]=  99 [2]=  90 [3]=8124 [4]=   0 [5]=   0 [6]=   0 [7]=   0 [8]=   0 [9]=   0 [10]=   0 [11]=   0 
before (DPU 476) [0]=  81 [1]=  73 [2]=  94 [3]=  68 [4]=   0 [5]=   0 [6]=   0 [7]=   0 [8]=   0 [9]=   0 [10]=   0 [11]=   0 
after  (DPU 476) [0]=  81 [1]=  73 [2]=  94 [3]=  68 [4]=   0 [5]=   0 [6]=   0 [7]=   0 [8]=   0 [9]=   0 [10]=   0 [11]=   0 
before (DPU 477) [0]=  80 [1]=  93 [2]=  88 [3]=   0 [4]=   0 [5]=   0 [6]=   0 [7]=   0 [8]=   0 [9]=   0 [10]=   0 [11]=   0 
after  (DPU 477) [0]=  80 [1]=  93 [2]=  88 [3]=   0 [4]=   0 [5]=   0 [6]=   0 [7]=   0 [8]=   0 [9]=   0 [10]=   0 [11]=   0 
before (DPU 478) [0]=  91 [1]=  88 [2]=  79 [3]=  69 [4]=   0 [5]=   0 [6]=   0 [7]=   0 [8]=   0 [9]=   0 [10]=   0 [11]=   0 
after  (DPU 478) [0]=  91 [1]=  88 [2]=  79 [3]=  69 [4]=   0 [5]=   0 [6]=   0 [7]=   0 [8]=   0 [9]=   0 [10]=   0 [11]=   0 
before (DPU 479) [0]=  82 [1]= 100 [2]=  89 [3]=   0 [4]=   0 [5]=   0 [6]=   0 [7]=   0 [8]=   0 [9]=   0 [10]=   0 [11]=   0 
after  (DPU 479) [0]=  82 [1]= 100 [2]=  89 [3]=   0 [4]=   0 [5]=   0 [6]=   0 [7]=   0 [8]=   0 [9]=   0 [10]=   0 [11]=   0 
before (DPU 480) [0]=  88 [1]=  81 [2]=  91 [3]=   0 [4]=   0 [5]=   0 [6]=   0 [7]=   0 [8]=   0 [9]=   0 [10]=   0 [11]=   0 
after  (DPU 480) [0]=  88 [1]=  81 [2]=  91 [3]=   0 [4]=   0 [5]=   0 [6]=   0 [7]=   0 [8]=   0 [9]=   0 [10]=   0 [11]=   0 
before (DPU 481) [0]=   0 [1]=   0 [2]=   0 [3]=33039 [4]=   0 [5]=   0 [6]=   0 [7]=   0 [8]=   0 [9]=   0 [10]=   0 [11]=   0 
after  (DPU 481) [0]=   0 [1]=   0 [2]=   0 [3]=33039 [4]=   0 [5]=   0 [6]=   0 [7]=   0 [8]=   0 [9]=   0 [10]=   0 [11]=   0 
before (DPU 482) [0]=  77 [1]= 102 [2]=  77 [3]=   0 [4]=   0 [5]=   0 [6]=   0 [7]=   0 [8]=   0 [9]=   0 [10]=   0 [11]=   0 
after  (DPU 482) [0]=  77 [1]= 102 [2]=  77 [3]=   0 [4]=   0 [5]=   0 [6]=   0 [7]=   0 [8]=   0 [9]=   0 [10]=   0 [11]=   0 
before (DPU 483) [0]=  90 [1]=  88 [2]=  91 [3]=  87 [4]=   0 [5]=   0 [6]=   0 [7]=   0 [8]=   0 [9]=   0 [10]=   0 [11]=   0 
after  (DPU 483) [0]=  90 [1]=  88 [2]=  91 [3]=  87 [4]=   0 [5]=   0 [6]=   0 [7]=   0 [8]=   0 [9]=   0 [10]=   0 [11]=   0 
before (DPU 484) [0]=  84 [1]=  94 [2]=  95 [3]=   0 [4]=   0 [5]=   0 [6]=   0 [7]=   0 [8]=   0 [9]=   0 [10]=   0 [11]=   0 
after  (DPU 484) [0]=  84 [1]=  94 [2]=  95 [3]=   0 [4]=   0 [5]=   0 [6]=   0 [7]=   0 [8]=   0 [9]=   0 [10]=   0 [11]=   0 
before (DPU 485) [0]=  96 [1]= 101 [2]=  84 [3]= 102 [4]=   0 [5]=   0 [6]=   0 [7]=   0 [8]=   0 [9]=   0 [10]=   0 [11]=   0 
after  (DPU 485) [0]=  96 [1]= 101 [2]=  84 [3]= 102 [4]=   0 [5]=   0 [6]=   0 [7]=   0 [8]=   0 [9]=   0 [10]=   0 [11]=   0 
before (DPU 486) [0]=  80 [1]=  81 [2]= 112 [3]=  76 [4]=   0 [5]=   0 [6]=   0 [7]=   0 [8]=   0 [9]=   0 [10]=   0 [11]=   0 
after  (DPU 486) [0]=  80 [1]=  81 [2]= 112 [3]=  76 [4]=   0 [5]=   0 [6]=   0 [7]=   0 [8]=   0 [9]=   0 [10]=   0 [11]=   0 
before (DPU 487) [0]=  86 [1]=  82 [2]=  71 [3]=  85 [4]=   0 [5]=   0 [6]=   0 [7]=   0 [8]=   0 [9]=   0 [10]=   0 [11]=   0 
after  (DPU 487) [0]=  86 [1]=  82 [2]=  71 [3]=  85 [4]=   0 [5]=   0 [6]=   0 [7]=   0 [8]=   0 [9]=   0 [10]=   0 [11]=   0 
before (DPU 488) [0]=  89 [1]=  80 [2]=  84 [3]=   0 [4]=   0 [5]=   0 [6]=   0 [7]=   0 [8]=   0 [9]=   0 [10]=   0 [11]=   0 
after  (DPU 488) [0]=  89 [1]=  80 [2]=  84 [3]=   0 [4]=   0 [5]=   0 [6]=   0 [7]=   0 [8]=   0 [9]=   0 [10]=   0 [11]=   0 
before (DPU 489) [0]=  94 [1]=  78 [2]=  76 [3]=   0 [4]=   0 [5]=   0 [6]=   0 [7]=   0 [8]=   0 [9]=   0 [10]=   0 [11]=   0 
after  (DPU 489) [0]=  94 [1]=  78 [2]=  76 [3]= 105 [4]=   0 [5]=   0 [6]=   0 [7]=   0 [8]=   0 [9]=   0 [10]=   0 [11]=   0 
before (DPU 490) [0]= 103 [1]=  86 [2]=  75 [3]=  81 [4]=   0 [5]=   0 [6]=   0 [7]=   0 [8]=   0 [9]=   0 [10]=   0 [11]=   0 
after  (DPU 490) [0]= 103 [1]=  86 [2]=  75 [3]=  81 [4]=   0 [5]=   0 [6]=   0 [7]=   0 [8]=   0 [9]=   0 [10]=   0 [11]=   0 
before (DPU 491) [0]=  93 [1]=  76 [2]=  96 [3]=10197 [4]=   0 [5]=   0 [6]=   0 [7]=   0 [8]=   0 [9]=   0 [10]=   0 [11]=   0 
after  (DPU 491) [0]=  93 [1]=  76 [2]=  96 [3]=10197 [4]=   0 [5]=   0 [6]=   0 [7]=   0 [8]=   0 [9]=   0 [10]=   0 [11]=   0 
before (DPU 492) [0]=  84 [1]=  75 [2]=  60 [3]= 100 [4]=   0 [5]=   0 [6]=   0 [7]=   0 [8]=   0 [9]=   0 [10]=   0 [11]=   0 
after  (DPU 492) [0]=  84 [1]=  75 [2]=  60 [3]= 100 [4]=   0 [5]=   0 [6]=   0 [7]=   0 [8]=   0 [9]=   0 [10]=   0 [11]=   0 
before (DPU 493) [0]=  78 [1]=  82 [2]=  68 [3]=7753 [4]=   0 [5]=   0 [6]=   0 [7]=   0 [8]=   0 [9]=   0 [10]=   0 [11]=   0 
after  (DPU 493) [0]=  78 [1]=  82 [2]=  68 [3]=7753 [4]=   0 [5]=   0 [6]=   0 [7]=   0 [8]=   0 [9]=   0 [10]=   0 [11]=   0 
before (DPU 494) [0]=  78 [1]=  89 [2]=  81 [3]=  95 [4]=   0 [5]=   0 [6]=   0 [7]=   0 [8]=   0 [9]=   0 [10]=   0 [11]=   0 
after  (DPU 494) [0]=  78 [1]=  89 [2]=  81 [3]=  95 [4]=   0 [5]=   0 [6]=   0 [7]=   0 [8]=   0 [9]=   0 [10]=   0 [11]=   0 
before (DPU 495) [0]=  72 [1]=  76 [2]=  71 [3]=9292 [4]=   0 [5]=   0 [6]=   0 [7]=   0 [8]=   0 [9]=   0 [10]=   0 [11]=   0 
after  (DPU 495) [0]=  72 [1]=  76 [2]=  71 [3]=9292 [4]=   0 [5]=   0 [6]=   0 [7]=   0 [8]=   0 [9]=   0 [10]=   0 [11]=   0 
before (DPU 496) [0]=   0 [1]=  76 [2]= 105 [3]=13807 [4]=   0 [5]=   0 [6]=   0 [7]=   0 [8]=   0 [9]=   0 [10]=   0 [11]=   0 
after  (DPU 496) [0]=   0 [1]=  76 [2]=   0 [3]=13807 [4]=   0 [5]=   0 [6]=   0 [7]=   0 [8]=   0 [9]=   0 [10]=   0 [11]=   0 
before (DPU 497) [0]=  92 [1]=  76 [2]=  62 [3]=  82 [4]=   0 [5]=   0 [6]=   0 [7]=   0 [8]=   0 [9]=   0 [10]=   0 [11]=   0 
after  (DPU 497) [0]=  92 [1]=  76 [2]=  62 [3]=  82 [4]=   0 [5]=   0 [6]=   0 [7]=   0 [8]=   0 [9]=   0 [10]=   0 [11]=   0 
before (DPU 498) [0]=  89 [1]=  88 [2]=  84 [3]=  85 [4]=   0 [5]=   0 [6]=   0 [7]=   0 [8]=   0 [9]=   0 [10]=   0 [11]=   0 
after  (DPU 498) [0]=  89 [1]=  88 [2]=  84 [3]=  85 [4]=   0 [5]=   0 [6]=   0 [7]=   0 [8]=   0 [9]=   0 [10]=   0 [11]=   0 
before (DPU 499) [0]=   0 [1]=   0 [2]=   0 [3]=48099 [4]=   0 [5]=   0 [6]=   0 [7]=   0 [8]=   0 [9]=   0 [10]=   0 [11]=   0 
after  (DPU 499) [0]=   0 [1]=   0 [2]=   0 [3]=48099 [4]=   0 [5]=   0 [6]=   0 [7]=   0 [8]=   0 [9]=   0 [10]=   0 [11]=   0 
key_index after (DPU 0) [0]=   0 [1]=71825 [2]=71825 [3]=71825 [4]=71825 [5]=71825 [6]=71825 [7]=71825 [8]=71825 [9]=71825 [10]=71825 [11]=71825 [12]=71825 
key_index after (DPU 1) [0]=   0 [1]=26235 [2]=26235 [3]=26235 [4]=26235 [5]=26235 [6]=26235 [7]=26235 [8]=26235 [9]=26235 [10]=26235 [11]=26235 [12]=26235 
key_index after (DPU 2) [0]=   0 [1]=15640 [2]=15640 [3]=15640 [4]=15640 [5]=15640 [6]=15640 [7]=15640 [8]=15640 [9]=15640 [10]=15640 [11]=15640 [12]=15640 
key_index after (DPU 3) [0]=   0 [1]=11213 [2]=11213 [3]=11213 [4]=11213 [5]=11213 [6]=11213 [7]=11213 [8]=11213 [9]=11213 [10]=11213 [11]=11213 [12]=11213 
key_index after (DPU 4) [0]=   0 [1]=8616 [2]=8616 [3]=8616 [4]=8616 [5]=8616 [6]=8616 [7]=8616 [8]=8616 [9]=8616 [10]=8616 [11]=8616 [12]=8616 
key_index after (DPU 5) [0]=   0 [1]=6913 [2]=6913 [3]=6913 [4]=6913 [5]=6913 [6]=6913 [7]=6913 [8]=6913 [9]=6913 [10]=6913 [11]=6913 [12]=6913 
key_index after (DPU 6) [0]=   0 [1]=6079 [2]=6079 [3]=6079 [4]=6079 [5]=6079 [6]=6079 [7]=6079 [8]=6079 [9]=6079 [10]=6079 [11]=6079 [12]=6079 
key_index after (DPU 7) [0]=   0 [1]=5287 [2]=10333 [3]=10333 [4]=10333 [5]=10333 [6]=10333 [7]=10333 [8]=10333 [9]=10333 [10]=10333 [11]=10333 [12]=10333 
key_index after (DPU 8) [0]=   0 [1]=4573 [2]=9063 [3]=9063 [4]=9063 [5]=9063 [6]=9063 [7]=9063 [8]=9063 [9]=9063 [10]=9063 [11]=9063 [12]=9063 
key_index after (DPU 9) [0]=   0 [1]=4068 [2]=8146 [3]=8146 [4]=8146 [5]=8146 [6]=8146 [7]=8146 [8]=8146 [9]=8146 [10]=8146 [11]=8146 [12]=8146 
key_index after (DPU 10) [0]=3938 [1]=7765 [2]=11431 [3]=11431 [4]=11431 [5]=11431 [6]=11431 [7]=11431 [8]=11431 [9]=11431 [10]=11431 [11]=11431 [12]=11431 
key_index after (DPU 11) [0]=3466 [1]=6888 [2]=10197 [3]=10197 [4]=10197 [5]=10197 [6]=10197 [7]=10197 [8]=10197 [9]=10197 [10]=10197 [11]=10197 [12]=10197 
key_index after (DPU 12) [0]=3168 [1]=6430 [2]=9610 [3]=9610 [4]=9610 [5]=9610 [6]=9610 [7]=9610 [8]=9610 [9]=9610 [10]=9610 [11]=9610 [12]=9610 
key_index after (DPU 13) [0]=3062 [1]=6052 [2]=8973 [3]=8973 [4]=8973 [5]=8973 [6]=8973 [7]=8973 [8]=8973 [9]=8973 [10]=8973 [11]=8973 [12]=8973 
key_index after (DPU 14) [0]=2856 [1]=5519 [2]=8217 [3]=8217 [4]=8217 [5]=8217 [6]=8217 [7]=8217 [8]=8217 [9]=8217 [10]=8217 [11]=8217 [12]=8217 
key_index after (DPU 15) [0]=2625 [1]=5127 [2]=7598 [3]=7598 [4]=7598 [5]=7598 [6]=7598 [7]=7598 [8]=7598 [9]=7598 [10]=7598 [11]=7598 [12]=7598 
key_index after (DPU 16) [0]=2524 [1]=4880 [2]=7272 [3]=7272 [4]=7272 [5]=7272 [6]=7272 [7]=7272 [8]=7272 [9]=7272 [10]=7272 [11]=7272 [12]=7272 
key_index after (DPU 17) [0]=2273 [1]=4524 [2]=6715 [3]=6715 [4]=6715 [5]=6715 [6]=6715 [7]=6715 [8]=6715 [9]=6715 [10]=6715 [11]=6715 [12]=6715 
key_index after (DPU 18) [0]=2166 [1]=4334 [2]=6463 [3]=6463 [4]=6463 [5]=6463 [6]=6463 [7]=6463 [8]=6463 [9]=6463 [10]=6463 [11]=6463 [12]=6463 
key_index after (DPU 19) [0]=2048 [1]=4107 [2]=6143 [3]=6143 [4]=6143 [5]=6143 [6]=6143 [7]=6143 [8]=6143 [9]=6143 [10]=6143 [11]=6143 [12]=6143 
key_index after (DPU 20) [0]=1961 [1]=4002 [2]=5855 [3]=5855 [4]=5855 [5]=5855 [6]=5855 [7]=5855 [8]=5855 [9]=5855 [10]=5855 [11]=5855 [12]=5855 
key_index after (DPU 21) [0]=1923 [1]=3803 [2]=5482 [3]=5482 [4]=5482 [5]=5482 [6]=5482 [7]=5482 [8]=5482 [9]=5482 [10]=5482 [11]=5482 [12]=5482 
key_index after (DPU 22) [0]=1750 [1]=3562 [2]=5306 [3]=5306 [4]=5306 [5]=5306 [6]=5306 [7]=5306 [8]=5306 [9]=5306 [10]=5306 [11]=5306 [12]=5306 
key_index after (DPU 23) [0]=1749 [1]=3408 [2]=5114 [3]=5114 [4]=5114 [5]=5114 [6]=5114 [7]=5114 [8]=5114 [9]=5114 [10]=5114 [11]=5114 [12]=5114 
key_index after (DPU 24) [0]=1633 [1]=3280 [2]=4912 [3]=4912 [4]=4912 [5]=4912 [6]=4912 [7]=4912 [8]=4912 [9]=4912 [10]=4912 [11]=4912 [12]=4912 
key_index after (DPU 25) [0]=1542 [1]=3141 [2]=4646 [3]=4646 [4]=4646 [5]=4646 [6]=4646 [7]=4646 [8]=4646 [9]=4646 [10]=4646 [11]=4646 [12]=4646 
key_index after (DPU 26) [0]=1537 [1]=3093 [2]=4557 [3]=4557 [4]=4557 [5]=4557 [6]=4557 [7]=4557 [8]=4557 [9]=4557 [10]=4557 [11]=4557 [12]=4557 
key_index after (DPU 27) [0]=1379 [1]=2923 [2]=4350 [3]=4350 [4]=4350 [5]=4350 [6]=4350 [7]=4350 [8]=4350 [9]=4350 [10]=4350 [11]=4350 [12]=4350 
key_index after (DPU 28) [0]=1414 [1]=2795 [2]=4207 [3]=4207 [4]=4207 [5]=4207 [6]=4207 [7]=4207 [8]=4207 [9]=4207 [10]=4207 [11]=4207 [12]=4207 
key_index after (DPU 29) [0]=1375 [1]=2792 [2]=4233 [3]=4233 [4]=4233 [5]=4233 [6]=4233 [7]=4233 [8]=4233 [9]=4233 [10]=4233 [11]=4233 [12]=4233 
key_index after (DPU 30) [0]=1345 [1]=2654 [2]=4002 [3]=4002 [4]=4002 [5]=4002 [6]=4002 [7]=4002 [8]=4002 [9]=4002 [10]=4002 [11]=4002 [12]=4002 
key_index after (DPU 31) [0]=1255 [1]=2511 [2]=3775 [3]=3775 [4]=3775 [5]=3775 [6]=3775 [7]=3775 [8]=3775 [9]=3775 [10]=3775 [11]=3775 [12]=3775 
key_index after (DPU 32) [0]=1289 [1]=2560 [2]=3785 [3]=3785 [4]=3785 [5]=3785 [6]=3785 [7]=3785 [8]=3785 [9]=3785 [10]=3785 [11]=3785 [12]=3785 
key_index after (DPU 33) [0]=1148 [1]=2319 [2]=3433 [3]=3433 [4]=3433 [5]=3433 [6]=3433 [7]=3433 [8]=3433 [9]=3433 [10]=3433 [11]=3433 [12]=3433 
key_index after (DPU 34) [0]=1205 [1]=2297 [2]=3425 [3]=3425 [4]=3425 [5]=3425 [6]=3425 [7]=3425 [8]=3425 [9]=3425 [10]=3425 [11]=3425 [12]=3425 
key_index after (DPU 35) [0]=1121 [1]=2251 [2]=3345 [3]=3345 [4]=3345 [5]=3345 [6]=3345 [7]=3345 [8]=3345 [9]=3345 [10]=3345 [11]=3345 [12]=3345 
key_index after (DPU 36) [0]=1103 [1]=2192 [2]=3261 [3]=3261 [4]=3261 [5]=3261 [6]=3261 [7]=3261 [8]=3261 [9]=3261 [10]=3261 [11]=3261 [12]=3261 
key_index after (DPU 37) [0]=1100 [1]=2148 [2]=3196 [3]=3196 [4]=3196 [5]=3196 [6]=3196 [7]=3196 [8]=3196 [9]=3196 [10]=3196 [11]=3196 [12]=3196 
key_index after (DPU 38) [0]=1036 [1]=2103 [2]=3130 [3]=3130 [4]=3130 [5]=3130 [6]=3130 [7]=3130 [8]=3130 [9]=3130 [10]=3130 [11]=3130 [12]=3130 
key_index after (DPU 39) [0]= 971 [1]=2004 [2]=3077 [3]=3077 [4]=3077 [5]=3077 [6]=3077 [7]=3077 [8]=3077 [9]=3077 [10]=3077 [11]=3077 [12]=3077 
key_index after (DPU 40) [0]= 975 [1]=2003 [2]=2974 [3]=2974 [4]=2974 [5]=2974 [6]=2974 [7]=2974 [8]=2974 [9]=2974 [10]=2974 [11]=2974 [12]=2974 
key_index after (DPU 41) [0]= 966 [1]=1951 [2]=2924 [3]=2924 [4]=2924 [5]=2924 [6]=2924 [7]=2924 [8]=2924 [9]=2924 [10]=2924 [11]=2924 [12]=2924 
key_index after (DPU 42) [0]= 976 [1]=1926 [2]=2850 [3]=2850 [4]=2850 [5]=2850 [6]=2850 [7]=2850 [8]=2850 [9]=2850 [10]=2850 [11]=2850 [12]=2850 
key_index after (DPU 43) [0]= 954 [1]=1864 [2]=2787 [3]=2787 [4]=2787 [5]=2787 [6]=2787 [7]=2787 [8]=2787 [9]=2787 [10]=2787 [11]=2787 [12]=2787 
key_index after (DPU 44) [0]= 949 [1]=1830 [2]=2670 [3]=2670 [4]=2670 [5]=2670 [6]=2670 [7]=2670 [8]=2670 [9]=2670 [10]=2670 [11]=2670 [12]=2670 
key_index after (DPU 45) [0]= 893 [1]=1763 [2]=2684 [3]=2684 [4]=2684 [5]=2684 [6]=2684 [7]=2684 [8]=2684 [9]=2684 [10]=2684 [11]=2684 [12]=2684 
key_index after (DPU 46) [0]= 853 [1]=1708 [2]=2564 [3]=2564 [4]=2564 [5]=2564 [6]=2564 [7]=2564 [8]=2564 [9]=2564 [10]=2564 [11]=2564 [12]=2564 
key_index after (DPU 47) [0]= 832 [1]=1638 [2]=2458 [3]=2458 [4]=2458 [5]=2458 [6]=2458 [7]=2458 [8]=2458 [9]=2458 [10]=2458 [11]=2458 [12]=2458 
key_index after (DPU 48) [0]= 782 [1]=1531 [2]=2363 [3]=2363 [4]=2363 [5]=2363 [6]=2363 [7]=2363 [8]=2363 [9]=2363 [10]=2363 [11]=2363 [12]=2363 
key_index after (DPU 49) [0]= 787 [1]=1579 [2]=2340 [3]=2340 [4]=2340 [5]=2340 [6]=2340 [7]=2340 [8]=2340 [9]=2340 [10]=2340 [11]=2340 [12]=2340 
key_index after (DPU 50) [0]= 777 [1]=1553 [2]=2376 [3]=2376 [4]=2376 [5]=2376 [6]=2376 [7]=2376 [8]=2376 [9]=2376 [10]=2376 [11]=2376 [12]=2376 
key_index after (DPU 51) [0]= 788 [1]=1572 [2]=2275 [3]=2275 [4]=2275 [5]=2275 [6]=2275 [7]=2275 [8]=2275 [9]=2275 [10]=2275 [11]=2275 [12]=2275 
key_index after (DPU 52) [0]= 730 [1]=1491 [2]=2239 [3]=2239 [4]=2239 [5]=2239 [6]=2239 [7]=2239 [8]=2239 [9]=2239 [10]=2239 [11]=2239 [12]=2239 
key_index after (DPU 53) [0]= 753 [1]=1503 [2]=2255 [3]=2255 [4]=2255 [5]=2255 [6]=2255 [7]=2255 [8]=2255 [9]=2255 [10]=2255 [11]=2255 [12]=2255 
key_index after (DPU 54) [0]= 745 [1]=1448 [2]=2207 [3]=2207 [4]=2207 [5]=2207 [6]=2207 [7]=2207 [8]=2207 [9]=2207 [10]=2207 [11]=2207 [12]=2207 
key_index after (DPU 55) [0]= 696 [1]=1399 [2]=2129 [3]=2129 [4]=2129 [5]=2129 [6]=2129 [7]=2129 [8]=2129 [9]=2129 [10]=2129 [11]=2129 [12]=2129 
key_index after (DPU 56) [0]= 735 [1]=1452 [2]=2139 [3]=2139 [4]=2139 [5]=2139 [6]=2139 [7]=2139 [8]=2139 [9]=2139 [10]=2139 [11]=2139 [12]=2139 
key_index after (DPU 57) [0]= 674 [1]=1383 [2]=2056 [3]=2056 [4]=2056 [5]=2056 [6]=2056 [7]=2056 [8]=2056 [9]=2056 [10]=2056 [11]=2056 [12]=2056 
key_index after (DPU 58) [0]= 723 [1]=1380 [2]=2059 [3]=2059 [4]=2059 [5]=2059 [6]=2059 [7]=2059 [8]=2059 [9]=2059 [10]=2059 [11]=2059 [12]=2059 
key_index after (DPU 59) [0]= 689 [1]=1389 [2]=2078 [3]=2078 [4]=2078 [5]=2078 [6]=2078 [7]=2078 [8]=2078 [9]=2078 [10]=2078 [11]=2078 [12]=2078 
key_index after (DPU 60) [0]= 693 [1]=1360 [2]=2032 [3]=2032 [4]=2032 [5]=2032 [6]=2032 [7]=2032 [8]=2032 [9]=2032 [10]=2032 [11]=2032 [12]=2032 
key_index after (DPU 61) [0]= 632 [1]=1247 [2]=1918 [3]=1918 [4]=1918 [5]=1918 [6]=1918 [7]=1918 [8]=1918 [9]=1918 [10]=1918 [11]=1918 [12]=1918 
key_index after (DPU 62) [0]= 671 [1]=1269 [2]=1891 [3]=1891 [4]=1891 [5]=1891 [6]=1891 [7]=1891 [8]=1891 [9]=1891 [10]=1891 [11]=1891 [12]=1891 
key_index after (DPU 63) [0]= 614 [1]=1270 [2]=1868 [3]=1868 [4]=1868 [5]=1868 [6]=1868 [7]=1868 [8]=1868 [9]=1868 [10]=1868 [11]=1868 [12]=1868 
key_index after (DPU 64) [0]= 578 [1]=1222 [2]=1863 [3]=1863 [4]=1863 [5]=1863 [6]=1863 [7]=1863 [8]=1863 [9]=1863 [10]=1863 [11]=1863 [12]=1863 
key_index after (DPU 65) [0]= 620 [1]=1209 [2]=1824 [3]=1824 [4]=1824 [5]=1824 [6]=1824 [7]=1824 [8]=1824 [9]=1824 [10]=1824 [11]=1824 [12]=1824 
key_index after (DPU 66) [0]= 587 [1]=1156 [2]=1796 [3]=1796 [4]=1796 [5]=1796 [6]=1796 [7]=1796 [8]=1796 [9]=1796 [10]=1796 [11]=1796 [12]=1796 
key_index after (DPU 67) [0]= 602 [1]=1193 [2]=1838 [3]=1838 [4]=1838 [5]=1838 [6]=1838 [7]=1838 [8]=1838 [9]=1838 [10]=1838 [11]=1838 [12]=1838 
key_index after (DPU 68) [0]= 634 [1]=1226 [2]=1825 [3]=1825 [4]=1825 [5]=1825 [6]=1825 [7]=1825 [8]=1825 [9]=1825 [10]=1825 [11]=1825 [12]=1825 
key_index after (DPU 69) [0]= 582 [1]=1121 [2]=1681 [3]=1681 [4]=1681 [5]=1681 [6]=1681 [7]=1681 [8]=1681 [9]=1681 [10]=1681 [11]=1681 [12]=1681 
key_index after (DPU 70) [0]= 590 [1]=1191 [2]=1780 [3]=1780 [4]=1780 [5]=1780 [6]=1780 [7]=1780 [8]=1780 [9]=1780 [10]=1780 [11]=1780 [12]=1780 
key_index after (DPU 71) [0]= 593 [1]=1192 [2]=1770 [3]=1770 [4]=1770 [5]=1770 [6]=1770 [7]=1770 [8]=1770 [9]=1770 [10]=1770 [11]=1770 [12]=1770 
key_index after (DPU 72) [0]= 560 [1]=1101 [2]=1634 [3]=1634 [4]=1634 [5]=1634 [6]=1634 [7]=1634 [8]=1634 [9]=1634 [10]=1634 [11]=1634 [12]=1634 
key_index after (DPU 73) [0]= 570 [1]=1143 [2]=1714 [3]=1714 [4]=1714 [5]=1714 [6]=1714 [7]=1714 [8]=1714 [9]=1714 [10]=1714 [11]=1714 [12]=1714 
key_index after (DPU 74) [0]= 520 [1]=1071 [2]=1590 [3]=1590 [4]=1590 [5]=1590 [6]=1590 [7]=1590 [8]=1590 [9]=1590 [10]=1590 [11]=1590 [12]=1590 
key_index after (DPU 75) [0]= 552 [1]=1106 [2]=1631 [3]=1631 [4]=1631 [5]=1631 [6]=1631 [7]=1631 [8]=1631 [9]=1631 [10]=1631 [11]=1631 [12]=1631 
key_index after (DPU 76) [0]= 493 [1]=1003 [2]=1541 [3]=1541 [4]=1541 [5]=1541 [6]=1541 [7]=1541 [8]=1541 [9]=1541 [10]=1541 [11]=1541 [12]=1541 
key_index after (DPU 77) [0]= 566 [1]=1057 [2]=1563 [3]=1563 [4]=1563 [5]=1563 [6]=1563 [7]=1563 [8]=1563 [9]=1563 [10]=1563 [11]=1563 [12]=1563 
key_index after (DPU 78) [0]= 520 [1]=1023 [2]=1543 [3]=1543 [4]=1543 [5]=1543 [6]=1543 [7]=1543 [8]=1543 [9]=1543 [10]=1543 [11]=1543 [12]=1543 
key_index after (DPU 79) [0]= 555 [1]=1080 [2]=1617 [3]=1617 [4]=1617 [5]=1617 [6]=1617 [7]=1617 [8]=1617 [9]=1617 [10]=1617 [11]=1617 [12]=1617 
key_index after (DPU 80) [0]= 507 [1]= 960 [2]=1484 [3]=1484 [4]=1484 [5]=1484 [6]=1484 [7]=1484 [8]=1484 [9]=1484 [10]=1484 [11]=1484 [12]=1484 
key_index after (DPU 81) [0]= 480 [1]= 952 [2]=1430 [3]=1430 [4]=1430 [5]=1430 [6]=1430 [7]=1430 [8]=1430 [9]=1430 [10]=1430 [11]=1430 [12]=1430 
key_index after (DPU 82) [0]= 462 [1]= 943 [2]=1395 [3]=1395 [4]=1395 [5]=1395 [6]=1395 [7]=1395 [8]=1395 [9]=1395 [10]=1395 [11]=1395 [12]=1395 
key_index after (DPU 83) [0]= 499 [1]= 960 [2]=1455 [3]=1455 [4]=1455 [5]=1455 [6]=1455 [7]=1455 [8]=1455 [9]=1455 [10]=1455 [11]=1455 [12]=1455 
key_index after (DPU 84) [0]= 500 [1]= 998 [2]=1464 [3]=1464 [4]=1464 [5]=1464 [6]=1464 [7]=1464 [8]=1464 [9]=1464 [10]=1464 [11]=1464 [12]=1464 
key_index after (DPU 85) [0]= 460 [1]= 967 [2]=1445 [3]=1445 [4]=1445 [5]=1445 [6]=1445 [7]=1445 [8]=1445 [9]=1445 [10]=1445 [11]=1445 [12]=1445 
key_index after (DPU 86) [0]= 451 [1]= 879 [2]=1302 [3]=1302 [4]=1302 [5]=1302 [6]=1302 [7]=1302 [8]=1302 [9]=1302 [10]=1302 [11]=1302 [12]=1302 
key_index after (DPU 87) [0]= 473 [1]= 939 [2]=1405 [3]=1405 [4]=1405 [5]=1405 [6]=1405 [7]=1405 [8]=1405 [9]=1405 [10]=1405 [11]=1405 [12]=1405 
key_index after (DPU 88) [0]= 487 [1]= 955 [2]=1432 [3]=1432 [4]=1432 [5]=1432 [6]=1432 [7]=1432 [8]=1432 [9]=1432 [10]=1432 [11]=1432 [12]=1432 
key_index after (DPU 89) [0]= 441 [1]= 887 [2]=1323 [3]=1323 [4]=1323 [5]=1323 [6]=1323 [7]=1323 [8]=1323 [9]=1323 [10]=1323 [11]=1323 [12]=1323 
key_index after (DPU 90) [0]= 443 [1]= 919 [2]=1376 [3]=1376 [4]=1376 [5]=1376 [6]=1376 [7]=1376 [8]=1376 [9]=1376 [10]=1376 [11]=1376 [12]=1376 
key_index after (DPU 91) [0]= 432 [1]= 864 [2]=1276 [3]=1276 [4]=1276 [5]=1276 [6]=1276 [7]=1276 [8]=1276 [9]=1276 [10]=1276 [11]=1276 [12]=1276 
key_index after (DPU 92) [0]= 429 [1]= 844 [2]=1247 [3]=1247 [4]=1247 [5]=1247 [6]=1247 [7]=1247 [8]=1247 [9]=1247 [10]=1247 [11]=1247 [12]=1247 
key_index after (DPU 93) [0]= 432 [1]= 830 [2]=1255 [3]=1255 [4]=1255 [5]=1255 [6]=1255 [7]=1255 [8]=1255 [9]=1255 [10]=1255 [11]=1255 [12]=1255 
key_index after (DPU 94) [0]= 414 [1]= 833 [2]=1232 [3]=1232 [4]=1232 [5]=1232 [6]=1232 [7]=1232 [8]=1232 [9]=1232 [10]=1232 [11]=1232 [12]=1232 
key_index after (DPU 95) [0]= 421 [1]= 839 [2]=1252 [3]=1252 [4]=1252 [5]=1252 [6]=1252 [7]=1252 [8]=1252 [9]=1252 [10]=1252 [11]=1252 [12]=1252 
key_index after (DPU 96) [0]= 402 [1]= 800 [2]=1202 [3]=1202 [4]=1202 [5]=1202 [6]=1202 [7]=1202 [8]=1202 [9]=1202 [10]=1202 [11]=1202 [12]=1202 
key_index after (DPU 97) [0]= 414 [1]= 839 [2]=1277 [3]=1277 [4]=1277 [5]=1277 [6]=1277 [7]=1277 [8]=1277 [9]=1277 [10]=1277 [11]=1277 [12]=1277 
key_index after (DPU 98) [0]= 396 [1]= 791 [2]=1204 [3]=1204 [4]=1204 [5]=1204 [6]=1204 [7]=1204 [8]=1204 [9]=1204 [10]=1204 [11]=1204 [12]=1204 
key_index after (DPU 99) [0]= 415 [1]= 822 [2]=1195 [3]=1195 [4]=1195 [5]=1195 [6]=1195 [7]=1195 [8]=1195 [9]=1195 [10]=1195 [11]=1195 [12]=1195 
key_index after (DPU 100) [0]= 402 [1]= 797 [2]=1204 [3]=1204 [4]=1204 [5]=1204 [6]=1204 [7]=1204 [8]=1204 [9]=1204 [10]=1204 [11]=1204 [12]=1204 
key_index after (DPU 101) [0]= 387 [1]= 784 [2]=1196 [3]=1196 [4]=1196 [5]=1196 [6]=1196 [7]=1196 [8]=1196 [9]=1196 [10]=1196 [11]=1196 [12]=1196 
key_index after (DPU 102) [0]= 408 [1]= 819 [2]=1188 [3]=1188 [4]=1188 [5]=1188 [6]=1188 [7]=1188 [8]=1188 [9]=1188 [10]=1188 [11]=1188 [12]=1188 
key_index after (DPU 103) [0]= 421 [1]= 783 [2]=1164 [3]=1164 [4]=1164 [5]=1164 [6]=1164 [7]=1164 [8]=1164 [9]=1164 [10]=1164 [11]=1164 [12]=1164 
key_index after (DPU 104) [0]= 407 [1]= 786 [2]=1195 [3]=1195 [4]=1195 [5]=1195 [6]=1195 [7]=1195 [8]=1195 [9]=1195 [10]=1195 [11]=1195 [12]=1195 
key_index after (DPU 105) [0]= 381 [1]= 794 [2]=1190 [3]=1190 [4]=1190 [5]=1190 [6]=1190 [7]=1190 [8]=1190 [9]=1190 [10]=1190 [11]=1190 [12]=1190 
key_index after (DPU 106) [0]= 366 [1]= 748 [2]=1160 [3]=1160 [4]=1160 [5]=1160 [6]=1160 [7]=1160 [8]=1160 [9]=1160 [10]=1160 [11]=1160 [12]=1160 
key_index after (DPU 107) [0]= 381 [1]= 768 [2]=1137 [3]=1137 [4]=1137 [5]=1137 [6]=1137 [7]=1137 [8]=1137 [9]=1137 [10]=1137 [11]=1137 [12]=1137 
key_index after (DPU 108) [0]= 376 [1]= 745 [2]=1099 [3]=1099 [4]=1099 [5]=1099 [6]=1099 [7]=1099 [8]=1099 [9]=1099 [10]=1099 [11]=1099 [12]=1099 
key_index after (DPU 109) [0]= 332 [1]= 745 [2]=1098 [3]=1098 [4]=1098 [5]=1098 [6]=1098 [7]=1098 [8]=1098 [9]=1098 [10]=1098 [11]=1098 [12]=1098 
key_index after (DPU 110) [0]= 336 [1]= 689 [2]=1082 [3]=1082 [4]=1082 [5]=1082 [6]=1082 [7]=1082 [8]=1082 [9]=1082 [10]=1082 [11]=1082 [12]=1082 
key_index after (DPU 111) [0]= 380 [1]= 749 [2]=1135 [3]=1135 [4]=1135 [5]=1135 [6]=1135 [7]=1135 [8]=1135 [9]=1135 [10]=1135 [11]=1135 [12]=1135 
key_index after (DPU 112) [0]= 353 [1]= 704 [2]=1067 [3]=1067 [4]=1067 [5]=1067 [6]=1067 [7]=1067 [8]=1067 [9]=1067 [10]=1067 [11]=1067 [12]=1067 
key_index after (DPU 113) [0]= 379 [1]= 795 [2]=1183 [3]=1183 [4]=1183 [5]=1183 [6]=1183 [7]=1183 [8]=1183 [9]=1183 [10]=1183 [11]=1183 [12]=1183 
key_index after (DPU 114) [0]= 350 [1]= 676 [2]= 989 [3]= 989 [4]= 989 [5]= 989 [6]= 989 [7]= 989 [8]= 989 [9]= 989 [10]= 989 [11]= 989 [12]= 989 
key_index after (DPU 115) [0]= 381 [1]= 718 [2]=1052 [3]=1052 [4]=1052 [5]=1052 [6]=1052 [7]=1052 [8]=1052 [9]=1052 [10]=1052 [11]=1052 [12]=1052 
key_index after (DPU 116) [0]= 337 [1]= 696 [2]=1032 [3]=1032 [4]=1032 [5]=1032 [6]=1032 [7]=1032 [8]=1032 [9]=1032 [10]=1032 [11]=1032 [12]=1032 
key_index after (DPU 117) [0]= 323 [1]= 663 [2]=1007 [3]=1007 [4]=1007 [5]=1007 [6]=1007 [7]=1007 [8]=1007 [9]=1007 [10]=1007 [11]=1007 [12]=1007 
key_index after (DPU 118) [0]= 352 [1]= 705 [2]=1059 [3]=1059 [4]=1059 [5]=1059 [6]=1059 [7]=1059 [8]=1059 [9]=1059 [10]=1059 [11]=1059 [12]=1059 
key_index after (DPU 119) [0]= 322 [1]= 656 [2]= 996 [3]= 996 [4]= 996 [5]= 996 [6]= 996 [7]= 996 [8]= 996 [9]= 996 [10]= 996 [11]= 996 [12]= 996 
key_index after (DPU 120) [0]= 316 [1]= 683 [2]=1004 [3]=1004 [4]=1004 [5]=1004 [6]=1004 [7]=1004 [8]=1004 [9]=1004 [10]=1004 [11]=1004 [12]=1004 
key_index after (DPU 121) [0]= 366 [1]= 695 [2]=1044 [3]=1044 [4]=1044 [5]=1044 [6]=1044 [7]=1044 [8]=1044 [9]=1044 [10]=1044 [11]=1044 [12]=1044 
key_index after (DPU 122) [0]= 339 [1]= 689 [2]= 995 [3]= 995 [4]= 995 [5]= 995 [6]= 995 [7]= 995 [8]= 995 [9]= 995 [10]= 995 [11]= 995 [12]= 995 
key_index after (DPU 123) [0]= 359 [1]= 684 [2]=1000 [3]=1000 [4]=1000 [5]=1000 [6]=1000 [7]=1000 [8]=1000 [9]=1000 [10]=1000 [11]=1000 [12]=1000 
key_index after (DPU 124) [0]= 323 [1]= 653 [2]= 959 [3]= 959 [4]= 959 [5]= 959 [6]= 959 [7]= 959 [8]= 959 [9]= 959 [10]= 959 [11]= 959 [12]= 959 
key_index after (DPU 125) [0]= 307 [1]= 623 [2]= 924 [3]= 924 [4]= 924 [5]= 924 [6]= 924 [7]= 924 [8]= 924 [9]= 924 [10]= 924 [11]= 924 [12]= 924 
key_index after (DPU 126) [0]= 332 [1]= 663 [2]= 968 [3]= 968 [4]= 968 [5]= 968 [6]= 968 [7]= 968 [8]= 968 [9]= 968 [10]= 968 [11]= 968 [12]= 968 
key_index after (DPU 127) [0]= 344 [1]= 664 [2]= 993 [3]= 993 [4]= 993 [5]= 993 [6]= 993 [7]= 993 [8]= 993 [9]= 993 [10]= 993 [11]= 993 [12]= 993 
key_index after (DPU 128) [0]= 292 [1]= 583 [2]= 910 [3]= 910 [4]= 910 [5]= 910 [6]= 910 [7]= 910 [8]= 910 [9]= 910 [10]= 910 [11]= 910 [12]= 910 
key_index after (DPU 129) [0]= 310 [1]= 597 [2]= 881 [3]= 881 [4]= 881 [5]= 881 [6]= 881 [7]= 881 [8]= 881 [9]= 881 [10]= 881 [11]= 881 [12]= 881 
key_index after (DPU 130) [0]= 302 [1]= 618 [2]= 920 [3]= 920 [4]= 920 [5]= 920 [6]= 920 [7]= 920 [8]= 920 [9]= 920 [10]= 920 [11]= 920 [12]= 920 
key_index after (DPU 131) [0]= 299 [1]= 594 [2]= 921 [3]= 921 [4]= 921 [5]= 921 [6]= 921 [7]= 921 [8]= 921 [9]= 921 [10]= 921 [11]= 921 [12]= 921 
key_index after (DPU 132) [0]= 317 [1]= 609 [2]= 912 [3]= 912 [4]= 912 [5]= 912 [6]= 912 [7]= 912 [8]= 912 [9]= 912 [10]= 912 [11]= 912 [12]= 912 
key_index after (DPU 133) [0]= 315 [1]= 622 [2]= 904 [3]= 904 [4]= 904 [5]= 904 [6]= 904 [7]= 904 [8]= 904 [9]= 904 [10]= 904 [11]= 904 [12]= 904 
key_index after (DPU 134) [0]= 306 [1]= 583 [2]= 880 [3]= 880 [4]= 880 [5]= 880 [6]= 880 [7]= 880 [8]= 880 [9]= 880 [10]= 880 [11]= 880 [12]= 880 
key_index after (DPU 135) [0]= 309 [1]= 603 [2]= 893 [3]= 893 [4]= 893 [5]= 893 [6]= 893 [7]= 893 [8]= 893 [9]= 893 [10]= 893 [11]= 893 [12]= 893 
key_index after (DPU 136) [0]= 300 [1]= 607 [2]= 907 [3]= 907 [4]= 907 [5]= 907 [6]= 907 [7]= 907 [8]= 907 [9]= 907 [10]= 907 [11]= 907 [12]= 907 
key_index after (DPU 137) [0]= 287 [1]= 605 [2]= 870 [3]= 870 [4]= 870 [5]= 870 [6]= 870 [7]= 870 [8]= 870 [9]= 870 [10]= 870 [11]= 870 [12]= 870 
key_index after (DPU 138) [0]= 300 [1]= 577 [2]= 867 [3]= 867 [4]= 867 [5]= 867 [6]= 867 [7]= 867 [8]= 867 [9]= 867 [10]= 867 [11]= 867 [12]= 867 
key_index after (DPU 139) [0]= 326 [1]= 619 [2]= 895 [3]= 895 [4]= 895 [5]= 895 [6]= 895 [7]= 895 [8]= 895 [9]= 895 [10]= 895 [11]= 895 [12]= 895 
key_index after (DPU 140) [0]= 274 [1]= 555 [2]= 836 [3]= 836 [4]= 836 [5]= 836 [6]= 836 [7]= 836 [8]= 836 [9]= 836 [10]= 836 [11]= 836 [12]= 836 
key_index after (DPU 141) [0]= 280 [1]= 563 [2]= 843 [3]= 843 [4]= 843 [5]= 843 [6]= 843 [7]= 843 [8]= 843 [9]= 843 [10]= 843 [11]= 843 [12]= 843 
key_index after (DPU 142) [0]= 270 [1]= 546 [2]= 814 [3]= 814 [4]= 814 [5]= 814 [6]= 814 [7]= 814 [8]= 814 [9]= 814 [10]= 814 [11]= 814 [12]= 814 
key_index after (DPU 143) [0]= 297 [1]= 589 [2]= 852 [3]= 852 [4]= 852 [5]= 852 [6]= 852 [7]= 852 [8]= 852 [9]= 852 [10]= 852 [11]= 852 [12]= 852 
key_index after (DPU 144) [0]= 263 [1]= 539 [2]= 820 [3]= 820 [4]= 820 [5]= 820 [6]= 820 [7]= 820 [8]= 820 [9]= 820 [10]= 820 [11]= 820 [12]= 820 
key_index after (DPU 145) [0]= 252 [1]= 517 [2]= 798 [3]= 798 [4]= 798 [5]= 798 [6]= 798 [7]= 798 [8]= 798 [9]= 798 [10]= 798 [11]= 798 [12]= 798 
key_index after (DPU 146) [0]= 263 [1]= 548 [2]= 845 [3]= 845 [4]= 845 [5]= 845 [6]= 845 [7]= 845 [8]= 845 [9]= 845 [10]= 845 [11]= 845 [12]= 845 
key_index after (DPU 147) [0]= 260 [1]= 536 [2]= 845 [3]= 845 [4]= 845 [5]= 845 [6]= 845 [7]= 845 [8]= 845 [9]= 845 [10]= 845 [11]= 845 [12]= 845 
key_index after (DPU 148) [0]= 246 [1]= 538 [2]= 798 [3]= 798 [4]= 798 [5]= 798 [6]= 798 [7]= 798 [8]= 798 [9]= 798 [10]= 798 [11]= 798 [12]= 798 
key_index after (DPU 149) [0]= 276 [1]= 544 [2]= 822 [3]= 822 [4]= 822 [5]= 822 [6]= 822 [7]= 822 [8]= 822 [9]= 822 [10]= 822 [11]= 822 [12]= 822 
key_index after (DPU 150) [0]= 245 [1]= 535 [2]= 803 [3]= 803 [4]= 803 [5]= 803 [6]= 803 [7]= 803 [8]= 803 [9]= 803 [10]= 803 [11]= 803 [12]= 803 
key_index after (DPU 151) [0]= 293 [1]= 558 [2]= 805 [3]= 805 [4]= 805 [5]= 805 [6]= 805 [7]= 805 [8]= 805 [9]= 805 [10]= 805 [11]= 805 [12]= 805 
key_index after (DPU 152) [0]= 263 [1]= 494 [2]= 748 [3]= 748 [4]= 748 [5]= 748 [6]= 748 [7]= 748 [8]= 748 [9]= 748 [10]= 748 [11]= 748 [12]= 748 
key_index after (DPU 153) [0]= 283 [1]= 552 [2]= 798 [3]= 798 [4]= 798 [5]= 798 [6]= 798 [7]= 798 [8]= 798 [9]= 798 [10]= 798 [11]= 798 [12]= 798 
key_index after (DPU 154) [0]= 271 [1]= 542 [2]= 802 [3]= 802 [4]= 802 [5]= 802 [6]= 802 [7]= 802 [8]= 802 [9]= 802 [10]= 802 [11]= 802 [12]= 802 
key_index after (DPU 155) [0]= 261 [1]= 518 [2]= 781 [3]= 781 [4]= 781 [5]= 781 [6]= 781 [7]= 781 [8]= 781 [9]= 781 [10]= 781 [11]= 781 [12]= 781 
key_index after (DPU 156) [0]= 257 [1]= 496 [2]= 751 [3]= 751 [4]= 751 [5]= 751 [6]= 751 [7]= 751 [8]= 751 [9]= 751 [10]= 751 [11]= 751 [12]= 751 
key_index after (DPU 157) [0]= 240 [1]= 496 [2]= 749 [3]= 749 [4]= 749 [5]= 749 [6]= 749 [7]= 749 [8]= 749 [9]= 749 [10]= 749 [11]= 749 [12]= 749 
key_index after (DPU 158) [0]= 256 [1]= 512 [2]= 772 [3]= 772 [4]= 772 [5]= 772 [6]= 772 [7]= 772 [8]= 772 [9]= 772 [10]= 772 [11]= 772 [12]= 772 
key_index after (DPU 159) [0]= 251 [1]= 515 [2]= 765 [3]= 765 [4]= 765 [5]= 765 [6]= 765 [7]= 765 [8]= 765 [9]= 765 [10]= 765 [11]= 765 [12]= 765 
key_index after (DPU 160) [0]= 260 [1]= 508 [2]= 774 [3]= 774 [4]= 774 [5]= 774 [6]= 774 [7]= 774 [8]= 774 [9]= 774 [10]= 774 [11]= 774 [12]= 774 
key_index after (DPU 161) [0]= 250 [1]= 474 [2]= 732 [3]= 732 [4]= 732 [5]= 732 [6]= 732 [7]= 732 [8]= 732 [9]= 732 [10]= 732 [11]= 732 [12]= 732 
key_index after (DPU 162) [0]= 268 [1]= 517 [2]= 744 [3]= 744 [4]= 744 [5]= 744 [6]= 744 [7]= 744 [8]= 744 [9]= 744 [10]= 744 [11]= 744 [12]= 744 
key_index after (DPU 163) [0]= 237 [1]= 486 [2]= 722 [3]= 722 [4]= 722 [5]= 722 [6]= 722 [7]= 722 [8]= 722 [9]= 722 [10]= 722 [11]= 722 [12]= 722 
key_index after (DPU 164) [0]= 235 [1]= 492 [2]= 732 [3]= 732 [4]= 732 [5]= 732 [6]= 732 [7]= 732 [8]= 732 [9]= 732 [10]= 732 [11]= 732 [12]= 732 
key_index after (DPU 165) [0]= 245 [1]= 510 [2]= 731 [3]= 731 [4]= 731 [5]= 731 [6]= 731 [7]= 731 [8]= 731 [9]= 731 [10]= 731 [11]= 731 [12]= 731 
key_index after (DPU 166) [0]= 223 [1]= 437 [2]= 671 [3]= 671 [4]= 671 [5]= 671 [6]= 671 [7]= 671 [8]= 671 [9]= 671 [10]= 671 [11]= 671 [12]= 671 
key_index after (DPU 167) [0]= 220 [1]= 460 [2]= 723 [3]= 723 [4]= 723 [5]= 723 [6]= 723 [7]= 723 [8]= 723 [9]= 723 [10]= 723 [11]= 723 [12]= 723 
key_index after (DPU 168) [0]= 228 [1]= 477 [2]= 740 [3]= 740 [4]= 740 [5]= 740 [6]= 740 [7]= 740 [8]= 740 [9]= 740 [10]= 740 [11]= 740 [12]= 740 
key_index after (DPU 169) [0]= 240 [1]= 470 [2]= 699 [3]= 699 [4]= 699 [5]= 699 [6]= 699 [7]= 699 [8]= 699 [9]= 699 [10]= 699 [11]= 699 [12]= 699 
key_index after (DPU 170) [0]= 229 [1]= 490 [2]= 708 [3]= 708 [4]= 708 [5]= 708 [6]= 708 [7]= 708 [8]= 708 [9]= 708 [10]= 708 [11]= 708 [12]= 708 
key_index after (DPU 171) [0]= 233 [1]= 481 [2]= 709 [3]= 709 [4]= 709 [5]= 709 [6]= 709 [7]= 709 [8]= 709 [9]= 709 [10]= 709 [11]= 709 [12]= 709 
key_index after (DPU 172) [0]= 250 [1]= 473 [2]= 705 [3]= 705 [4]= 705 [5]= 705 [6]= 705 [7]= 705 [8]= 705 [9]= 705 [10]= 705 [11]= 705 [12]= 705 
key_index after (DPU 173) [0]= 237 [1]= 455 [2]= 695 [3]= 695 [4]= 695 [5]= 695 [6]= 695 [7]= 695 [8]= 695 [9]= 695 [10]= 695 [11]= 695 [12]= 695 
key_index after (DPU 174) [0]= 226 [1]= 439 [2]= 650 [3]= 650 [4]= 650 [5]= 650 [6]= 650 [7]= 650 [8]= 650 [9]= 650 [10]= 650 [11]= 650 [12]= 650 
key_index after (DPU 175) [0]= 242 [1]= 476 [2]= 696 [3]= 696 [4]= 696 [5]= 696 [6]= 696 [7]= 696 [8]= 696 [9]= 696 [10]= 696 [11]= 696 [12]= 696 
key_index after (DPU 176) [0]= 211 [1]= 444 [2]= 682 [3]= 682 [4]= 682 [5]= 682 [6]= 682 [7]= 682 [8]= 682 [9]= 682 [10]= 682 [11]= 682 [12]= 682 
key_index after (DPU 177) [0]= 246 [1]= 478 [2]= 708 [3]= 708 [4]= 708 [5]= 708 [6]= 708 [7]= 708 [8]= 708 [9]= 708 [10]= 708 [11]= 708 [12]= 708 
key_index after (DPU 178) [0]= 233 [1]= 451 [2]= 663 [3]= 663 [4]= 663 [5]= 663 [6]= 663 [7]= 663 [8]= 663 [9]= 663 [10]= 663 [11]= 663 [12]= 663 
key_index after (DPU 179) [0]= 238 [1]= 486 [2]= 702 [3]= 702 [4]= 702 [5]= 702 [6]= 702 [7]= 702 [8]= 702 [9]= 702 [10]= 702 [11]= 702 [12]= 702 
key_index after (DPU 180) [0]= 207 [1]= 426 [2]= 656 [3]= 656 [4]= 656 [5]= 656 [6]= 656 [7]= 656 [8]= 656 [9]= 656 [10]= 656 [11]= 656 [12]= 656 
key_index after (DPU 181) [0]= 217 [1]= 435 [2]= 671 [3]= 671 [4]= 671 [5]= 671 [6]= 671 [7]= 671 [8]= 671 [9]= 671 [10]= 671 [11]= 671 [12]= 671 
key_index after (DPU 182) [0]= 217 [1]= 456 [2]= 677 [3]= 677 [4]= 677 [5]= 677 [6]= 677 [7]= 677 [8]= 677 [9]= 677 [10]= 677 [11]= 677 [12]= 677 
key_index after (DPU 183) [0]= 213 [1]= 426 [2]= 627 [3]= 627 [4]= 627 [5]= 627 [6]= 627 [7]= 627 [8]= 627 [9]= 627 [10]= 627 [11]= 627 [12]= 627 
key_index after (DPU 184) [0]= 241 [1]= 449 [2]= 648 [3]= 648 [4]= 648 [5]= 648 [6]= 648 [7]= 648 [8]= 648 [9]= 648 [10]= 648 [11]= 648 [12]= 648 
key_index after (DPU 185) [0]= 255 [1]= 463 [2]= 690 [3]= 690 [4]= 690 [5]= 690 [6]= 690 [7]= 690 [8]= 690 [9]= 690 [10]= 690 [11]= 690 [12]= 690 
key_index after (DPU 186) [0]= 217 [1]= 452 [2]= 675 [3]= 675 [4]= 675 [5]= 675 [6]= 675 [7]= 675 [8]= 675 [9]= 675 [10]= 675 [11]= 675 [12]= 675 
key_index after (DPU 187) [0]= 219 [1]= 421 [2]= 636 [3]= 636 [4]= 636 [5]= 636 [6]= 636 [7]= 636 [8]= 636 [9]= 636 [10]= 636 [11]= 636 [12]= 636 
key_index after (DPU 188) [0]= 200 [1]= 413 [2]= 631 [3]= 631 [4]= 631 [5]= 631 [6]= 631 [7]= 631 [8]= 631 [9]= 631 [10]= 631 [11]= 631 [12]= 631 
key_index after (DPU 189) [0]= 193 [1]= 410 [2]= 605 [3]= 605 [4]= 605 [5]= 605 [6]= 605 [7]= 605 [8]= 605 [9]= 605 [10]= 605 [11]= 605 [12]= 605 
key_index after (DPU 190) [0]= 217 [1]= 423 [2]= 648 [3]= 648 [4]= 648 [5]= 648 [6]= 648 [7]= 648 [8]= 648 [9]= 648 [10]= 648 [11]= 648 [12]= 648 
key_index after (DPU 191) [0]= 191 [1]= 392 [2]= 607 [3]= 607 [4]= 607 [5]= 607 [6]= 607 [7]= 607 [8]= 607 [9]= 607 [10]= 607 [11]= 607 [12]= 607 
key_index after (DPU 192) [0]= 204 [1]= 382 [2]= 580 [3]= 580 [4]= 580 [5]= 580 [6]= 580 [7]= 580 [8]= 580 [9]= 580 [10]= 580 [11]= 580 [12]= 580 
key_index after (DPU 193) [0]= 196 [1]= 393 [2]= 593 [3]= 593 [4]= 593 [5]= 593 [6]= 593 [7]= 593 [8]= 593 [9]= 593 [10]= 593 [11]= 593 [12]= 593 
key_index after (DPU 194) [0]= 187 [1]= 399 [2]= 629 [3]= 629 [4]= 629 [5]= 629 [6]= 629 [7]= 629 [8]= 629 [9]= 629 [10]= 629 [11]= 629 [12]= 629 
key_index after (DPU 195) [0]= 211 [1]= 423 [2]= 647 [3]= 647 [4]= 647 [5]= 647 [6]= 647 [7]= 647 [8]= 647 [9]= 647 [10]= 647 [11]= 647 [12]= 647 
key_index after (DPU 196) [0]= 190 [1]= 387 [2]= 565 [3]= 565 [4]= 565 [5]= 565 [6]= 565 [7]= 565 [8]= 565 [9]= 565 [10]= 565 [11]= 565 [12]= 565 
key_index after (DPU 197) [0]= 197 [1]= 382 [2]= 576 [3]= 576 [4]= 576 [5]= 576 [6]= 576 [7]= 576 [8]= 576 [9]= 576 [10]= 576 [11]= 576 [12]= 576 
key_index after (DPU 198) [0]= 208 [1]= 415 [2]= 619 [3]= 619 [4]= 619 [5]= 619 [6]= 619 [7]= 619 [8]= 619 [9]= 619 [10]= 619 [11]= 619 [12]= 619 
key_index after (DPU 199) [0]= 193 [1]= 413 [2]= 593 [3]= 593 [4]= 593 [5]= 593 [6]= 593 [7]= 593 [8]= 593 [9]= 593 [10]= 593 [11]= 593 [12]= 593 
key_index after (DPU 200) [0]= 217 [1]= 411 [2]= 611 [3]= 611 [4]= 611 [5]= 611 [6]= 611 [7]= 611 [8]= 611 [9]= 611 [10]= 611 [11]= 611 [12]= 611 
key_index after (DPU 201) [0]= 198 [1]= 429 [2]= 645 [3]= 645 [4]= 645 [5]= 645 [6]= 645 [7]= 645 [8]= 645 [9]= 645 [10]= 645 [11]= 645 [12]= 645 
key_index after (DPU 202) [0]= 228 [1]= 435 [2]= 652 [3]= 652 [4]= 652 [5]= 652 [6]= 652 [7]= 652 [8]= 652 [9]= 652 [10]= 652 [11]= 652 [12]= 652 
key_index after (DPU 203) [0]= 202 [1]= 407 [2]= 599 [3]= 599 [4]= 599 [5]= 599 [6]= 599 [7]= 599 [8]= 599 [9]= 599 [10]= 599 [11]= 599 [12]= 599 
key_index after (DPU 204) [0]= 179 [1]= 363 [2]= 589 [3]= 589 [4]= 589 [5]= 589 [6]= 589 [7]= 589 [8]= 589 [9]= 589 [10]= 589 [11]= 589 [12]= 589 
key_index after (DPU 205) [0]= 188 [1]= 390 [2]= 593 [3]= 593 [4]= 593 [5]= 593 [6]= 593 [7]= 593 [8]= 593 [9]= 593 [10]= 593 [11]= 593 [12]= 593 
key_index after (DPU 206) [0]= 217 [1]= 415 [2]= 590 [3]= 590 [4]= 590 [5]= 590 [6]= 590 [7]= 590 [8]= 590 [9]= 590 [10]= 590 [11]= 590 [12]= 590 
key_index after (DPU 207) [0]= 201 [1]= 365 [2]= 552 [3]= 552 [4]= 552 [5]= 552 [6]= 552 [7]= 552 [8]= 552 [9]= 552 [10]= 552 [11]= 552 [12]= 552 
key_index after (DPU 208) [0]= 205 [1]= 392 [2]= 573 [3]= 573 [4]= 573 [5]= 573 [6]= 573 [7]= 573 [8]= 573 [9]= 573 [10]= 573 [11]= 573 [12]= 573 
key_index after (DPU 209) [0]= 198 [1]= 372 [2]= 561 [3]= 561 [4]= 561 [5]= 561 [6]= 561 [7]= 561 [8]= 561 [9]= 561 [10]= 561 [11]= 561 [12]= 561 
key_index after (DPU 210) [0]= 213 [1]= 410 [2]= 585 [3]= 585 [4]= 585 [5]= 585 [6]= 585 [7]= 585 [8]= 585 [9]= 585 [10]= 585 [11]= 585 [12]= 585 
key_index after (DPU 211) [0]= 171 [1]= 346 [2]= 543 [3]= 543 [4]= 543 [5]= 543 [6]= 543 [7]= 543 [8]= 543 [9]= 543 [10]= 543 [11]= 543 [12]= 543 
key_index after (DPU 212) [0]= 190 [1]= 371 [2]= 557 [3]= 557 [4]= 557 [5]= 557 [6]= 557 [7]= 557 [8]= 557 [9]= 557 [10]= 557 [11]= 557 [12]= 557 
key_index after (DPU 213) [0]= 205 [1]= 381 [2]= 549 [3]= 549 [4]= 549 [5]= 549 [6]= 549 [7]= 549 [8]= 549 [9]= 549 [10]= 549 [11]= 549 [12]= 549 
key_index after (DPU 214) [0]= 190 [1]= 378 [2]= 570 [3]= 570 [4]= 570 [5]= 570 [6]= 570 [7]= 570 [8]= 570 [9]= 570 [10]= 570 [11]= 570 [12]= 570 
key_index after (DPU 215) [0]= 189 [1]= 365 [2]= 529 [3]= 529 [4]= 529 [5]= 529 [6]= 529 [7]= 529 [8]= 529 [9]= 529 [10]= 529 [11]= 529 [12]= 529 
key_index after (DPU 216) [0]= 198 [1]= 369 [2]= 561 [3]= 561 [4]= 561 [5]= 561 [6]= 561 [7]= 561 [8]= 561 [9]= 561 [10]= 561 [11]= 561 [12]= 561 
key_index after (DPU 217) [0]= 197 [1]= 388 [2]= 585 [3]= 585 [4]= 585 [5]= 585 [6]= 585 [7]= 585 [8]= 585 [9]= 585 [10]= 585 [11]= 585 [12]= 585 
key_index after (DPU 218) [0]= 182 [1]= 377 [2]= 563 [3]= 563 [4]= 563 [5]= 563 [6]= 563 [7]= 563 [8]= 563 [9]= 563 [10]= 563 [11]= 563 [12]= 563 
key_index after (DPU 219) [0]= 160 [1]= 333 [2]= 479 [3]= 479 [4]= 479 [5]= 479 [6]= 479 [7]= 479 [8]= 479 [9]= 479 [10]= 479 [11]= 479 [12]= 479 
key_index after (DPU 220) [0]= 223 [1]= 407 [2]= 606 [3]= 606 [4]= 606 [5]= 606 [6]= 606 [7]= 606 [8]= 606 [9]= 606 [10]= 606 [11]= 606 [12]= 606 
key_index after (DPU 221) [0]= 183 [1]= 379 [2]= 564 [3]= 564 [4]= 564 [5]= 564 [6]= 564 [7]= 564 [8]= 564 [9]= 564 [10]= 564 [11]= 564 [12]= 564 
key_index after (DPU 222) [0]= 172 [1]= 381 [2]= 557 [3]= 557 [4]= 557 [5]= 557 [6]= 557 [7]= 557 [8]= 557 [9]= 557 [10]= 557 [11]= 557 [12]= 557 
key_index after (DPU 223) [0]= 199 [1]= 389 [2]= 576 [3]= 576 [4]= 576 [5]= 576 [6]= 576 [7]= 576 [8]= 576 [9]= 576 [10]= 576 [11]= 576 [12]= 576 
key_index after (DPU 224) [0]= 187 [1]= 375 [2]= 555 [3]= 555 [4]= 555 [5]= 555 [6]= 555 [7]= 555 [8]= 555 [9]= 555 [10]= 555 [11]= 555 [12]= 555 
key_index after (DPU 225) [0]= 147 [1]= 324 [2]= 483 [3]= 483 [4]= 483 [5]= 483 [6]= 483 [7]= 483 [8]= 483 [9]= 483 [10]= 483 [11]= 483 [12]= 483 
key_index after (DPU 226) [0]= 179 [1]= 364 [2]= 538 [3]= 538 [4]= 538 [5]= 538 [6]= 538 [7]= 538 [8]= 538 [9]= 538 [10]= 538 [11]= 538 [12]= 538 
key_index after (DPU 227) [0]= 183 [1]= 362 [2]= 535 [3]= 535 [4]= 535 [5]= 535 [6]= 535 [7]= 535 [8]= 535 [9]= 535 [10]= 535 [11]= 535 [12]= 535 
key_index after (DPU 228) [0]= 177 [1]= 344 [2]= 501 [3]= 501 [4]= 501 [5]= 501 [6]= 501 [7]= 501 [8]= 501 [9]= 501 [10]= 501 [11]= 501 [12]= 501 
key_index after (DPU 229) [0]= 167 [1]= 339 [2]= 517 [3]= 517 [4]= 517 [5]= 517 [6]= 517 [7]= 517 [8]= 517 [9]= 517 [10]= 517 [11]= 517 [12]= 517 
key_index after (DPU 230) [0]= 180 [1]= 385 [2]= 551 [3]= 551 [4]= 551 [5]= 551 [6]= 551 [7]= 551 [8]= 551 [9]= 551 [10]= 551 [11]= 551 [12]= 551 
key_index after (DPU 231) [0]= 197 [1]= 368 [2]= 532 [3]= 532 [4]= 532 [5]= 532 [6]= 532 [7]= 532 [8]= 532 [9]= 532 [10]= 532 [11]= 532 [12]= 532 
key_index after (DPU 232) [0]= 172 [1]= 348 [2]= 512 [3]= 512 [4]= 512 [5]= 512 [6]= 512 [7]= 512 [8]= 512 [9]= 512 [10]= 512 [11]= 512 [12]= 512 
key_index after (DPU 233) [0]= 153 [1]= 311 [2]= 484 [3]= 484 [4]= 484 [5]= 484 [6]= 484 [7]= 484 [8]= 484 [9]= 484 [10]= 484 [11]= 484 [12]= 484 
key_index after (DPU 234) [0]= 212 [1]= 375 [2]= 530 [3]= 530 [4]= 530 [5]= 530 [6]= 530 [7]= 530 [8]= 530 [9]= 530 [10]= 530 [11]= 530 [12]= 530 
key_index after (DPU 235) [0]= 162 [1]= 334 [2]= 495 [3]= 495 [4]= 495 [5]= 495 [6]= 495 [7]= 495 [8]= 495 [9]= 495 [10]= 495 [11]= 495 [12]= 495 
key_index after (DPU 236) [0]= 169 [1]= 326 [2]= 498 [3]= 498 [4]= 498 [5]= 498 [6]= 498 [7]= 498 [8]= 498 [9]= 498 [10]= 498 [11]= 498 [12]= 498 
key_index after (DPU 237) [0]= 153 [1]= 342 [2]= 514 [3]= 514 [4]= 514 [5]= 514 [6]= 514 [7]= 514 [8]= 514 [9]= 514 [10]= 514 [11]= 514 [12]= 514 
key_index after (DPU 238) [0]= 141 [1]= 321 [2]= 493 [3]= 493 [4]= 493 [5]= 493 [6]= 493 [7]= 493 [8]= 493 [9]= 493 [10]= 493 [11]= 493 [12]= 493 
key_index after (DPU 239) [0]= 162 [1]= 322 [2]= 500 [3]= 500 [4]= 500 [5]= 500 [6]= 500 [7]= 500 [8]= 500 [9]= 500 [10]= 500 [11]= 500 [12]= 500 
key_index after (DPU 240) [0]= 161 [1]= 328 [2]= 498 [3]= 498 [4]= 498 [5]= 498 [6]= 498 [7]= 498 [8]= 498 [9]= 498 [10]= 498 [11]= 498 [12]= 498 
key_index after (DPU 241) [0]= 169 [1]= 327 [2]= 497 [3]= 497 [4]= 497 [5]= 497 [6]= 497 [7]= 497 [8]= 497 [9]= 497 [10]= 497 [11]= 497 [12]= 497 
key_index after (DPU 242) [0]= 177 [1]= 352 [2]= 516 [3]= 516 [4]= 516 [5]= 516 [6]= 516 [7]= 516 [8]= 516 [9]= 516 [10]= 516 [11]= 516 [12]= 516 
key_index after (DPU 243) [0]= 188 [1]= 355 [2]= 499 [3]= 499 [4]= 499 [5]= 499 [6]= 499 [7]= 499 [8]= 499 [9]= 499 [10]= 499 [11]= 499 [12]= 499 
key_index after (DPU 244) [0]= 132 [1]= 275 [2]= 440 [3]= 440 [4]= 440 [5]= 440 [6]= 440 [7]= 440 [8]= 440 [9]= 440 [10]= 440 [11]= 440 [12]= 440 
key_index after (DPU 245) [0]= 166 [1]= 334 [2]= 514 [3]= 514 [4]= 514 [5]= 514 [6]= 514 [7]= 514 [8]= 514 [9]= 514 [10]= 514 [11]= 514 [12]= 514 
key_index after (DPU 246) [0]= 160 [1]= 337 [2]= 486 [3]= 486 [4]= 486 [5]= 486 [6]= 486 [7]= 486 [8]= 486 [9]= 486 [10]= 486 [11]= 486 [12]= 486 
key_index after (DPU 247) [0]= 165 [1]= 327 [2]= 474 [3]= 474 [4]= 474 [5]= 474 [6]= 474 [7]= 474 [8]= 474 [9]= 474 [10]= 474 [11]= 474 [12]= 474 
key_index after (DPU 248) [0]= 154 [1]= 315 [2]= 483 [3]= 483 [4]= 483 [5]= 483 [6]= 483 [7]= 483 [8]= 483 [9]= 483 [10]= 483 [11]= 483 [12]= 483 
key_index after (DPU 249) [0]= 149 [1]= 328 [2]= 490 [3]= 490 [4]= 490 [5]= 490 [6]= 490 [7]= 490 [8]= 490 [9]= 490 [10]= 490 [11]= 490 [12]= 490 
key_index after (DPU 250) [0]= 164 [1]= 312 [2]= 488 [3]= 488 [4]= 488 [5]= 488 [6]= 488 [7]= 488 [8]= 488 [9]= 488 [10]= 488 [11]= 488 [12]= 488 
key_index after (DPU 251) [0]= 147 [1]= 320 [2]= 471 [3]= 471 [4]= 471 [5]= 471 [6]= 471 [7]= 471 [8]= 471 [9]= 471 [10]= 471 [11]= 471 [12]= 471 
key_index after (DPU 252) [0]= 156 [1]= 284 [2]= 431 [3]= 431 [4]= 431 [5]= 431 [6]= 431 [7]= 431 [8]= 431 [9]= 431 [10]= 431 [11]= 431 [12]= 431 
key_index after (DPU 253) [0]= 168 [1]= 350 [2]= 520 [3]= 520 [4]= 520 [5]= 520 [6]= 520 [7]= 520 [8]= 520 [9]= 520 [10]= 520 [11]= 520 [12]= 520 
key_index after (DPU 254) [0]= 138 [1]= 293 [2]= 462 [3]= 462 [4]= 462 [5]= 462 [6]= 462 [7]= 462 [8]= 462 [9]= 462 [10]= 462 [11]= 462 [12]= 462 
key_index after (DPU 255) [0]= 172 [1]= 328 [2]= 492 [3]= 492 [4]= 492 [5]= 492 [6]= 492 [7]= 492 [8]= 492 [9]= 492 [10]= 492 [11]= 492 [12]= 492 
key_index after (DPU 256) [0]= 164 [1]= 300 [2]= 448 [3]= 448 [4]= 448 [5]= 448 [6]= 448 [7]= 448 [8]= 448 [9]= 448 [10]= 448 [11]= 448 [12]= 448 
key_index after (DPU 257) [0]= 140 [1]= 319 [2]= 468 [3]= 468 [4]= 468 [5]= 468 [6]= 468 [7]= 468 [8]= 468 [9]= 468 [10]= 468 [11]= 468 [12]= 468 
key_index after (DPU 258) [0]= 182 [1]= 327 [2]= 465 [3]= 465 [4]= 465 [5]= 465 [6]= 465 [7]= 465 [8]= 465 [9]= 465 [10]= 465 [11]= 465 [12]= 465 
key_index after (DPU 259) [0]= 150 [1]= 298 [2]= 465 [3]= 465 [4]= 465 [5]= 465 [6]= 465 [7]= 465 [8]= 465 [9]= 465 [10]= 465 [11]= 465 [12]= 465 
key_index after (DPU 260) [0]= 137 [1]= 287 [2]= 428 [3]= 428 [4]= 428 [5]= 428 [6]= 428 [7]= 428 [8]= 428 [9]= 428 [10]= 428 [11]= 428 [12]= 428 
key_index after (DPU 261) [0]= 138 [1]= 291 [2]= 473 [3]= 473 [4]= 473 [5]= 473 [6]= 473 [7]= 473 [8]= 473 [9]= 473 [10]= 473 [11]= 473 [12]= 473 
key_index after (DPU 262) [0]= 163 [1]= 308 [2]= 461 [3]= 461 [4]= 461 [5]= 461 [6]= 461 [7]= 461 [8]= 461 [9]= 461 [10]= 461 [11]= 461 [12]= 461 
key_index after (DPU 263) [0]= 165 [1]= 300 [2]= 464 [3]= 464 [4]= 464 [5]= 464 [6]= 464 [7]= 464 [8]= 464 [9]= 464 [10]= 464 [11]= 464 [12]= 464 
key_index after (DPU 264) [0]= 162 [1]= 319 [2]= 468 [3]= 468 [4]= 468 [5]= 468 [6]= 468 [7]= 468 [8]= 468 [9]= 468 [10]= 468 [11]= 468 [12]= 468 
key_index after (DPU 265) [0]= 146 [1]= 299 [2]= 473 [3]= 473 [4]= 473 [5]= 473 [6]= 473 [7]= 473 [8]= 473 [9]= 473 [10]= 473 [11]= 473 [12]= 473 
key_index after (DPU 266) [0]= 160 [1]= 286 [2]= 434 [3]= 434 [4]= 434 [5]= 434 [6]= 434 [7]= 434 [8]= 434 [9]= 434 [10]= 434 [11]= 434 [12]= 434 
key_index after (DPU 267) [0]= 149 [1]= 282 [2]= 415 [3]= 415 [4]= 415 [5]= 415 [6]= 415 [7]= 415 [8]= 415 [9]= 415 [10]= 415 [11]= 415 [12]= 415 
key_index after (DPU 268) [0]= 164 [1]= 311 [2]= 467 [3]= 467 [4]= 467 [5]= 467 [6]= 467 [7]= 467 [8]= 467 [9]= 467 [10]= 467 [11]= 467 [12]= 467 
key_index after (DPU 269) [0]= 143 [1]= 300 [2]= 459 [3]= 459 [4]= 459 [5]= 459 [6]= 459 [7]= 459 [8]= 459 [9]= 459 [10]= 459 [11]= 459 [12]= 459 
key_index after (DPU 270) [0]= 139 [1]= 303 [2]= 463 [3]= 463 [4]= 463 [5]= 463 [6]= 463 [7]= 463 [8]= 463 [9]= 463 [10]= 463 [11]= 463 [12]= 463 
key_index after (DPU 271) [0]= 150 [1]= 306 [2]= 467 [3]= 467 [4]= 467 [5]= 467 [6]= 467 [7]= 467 [8]= 467 [9]= 467 [10]= 467 [11]= 467 [12]= 467 
key_index after (DPU 272) [0]= 154 [1]= 307 [2]= 458 [3]= 458 [4]= 458 [5]= 458 [6]= 458 [7]= 458 [8]= 458 [9]= 458 [10]= 458 [11]= 458 [12]= 458 
key_index after (DPU 273) [0]= 137 [1]= 283 [2]= 442 [3]= 442 [4]= 442 [5]= 442 [6]= 442 [7]= 442 [8]= 442 [9]= 442 [10]= 442 [11]= 442 [12]= 442 
key_index after (DPU 274) [0]= 135 [1]= 300 [2]= 453 [3]= 453 [4]= 453 [5]= 453 [6]= 453 [7]= 453 [8]= 453 [9]= 453 [10]= 453 [11]= 453 [12]= 453 
key_index after (DPU 275) [0]= 159 [1]= 302 [2]= 459 [3]= 459 [4]= 459 [5]= 459 [6]= 459 [7]= 459 [8]= 459 [9]= 459 [10]= 459 [11]= 459 [12]= 459 
key_index after (DPU 276) [0]= 147 [1]= 334 [2]= 480 [3]= 480 [4]= 480 [5]= 480 [6]= 480 [7]= 480 [8]= 480 [9]= 480 [10]= 480 [11]= 480 [12]= 480 
key_index after (DPU 277) [0]= 169 [1]= 312 [2]= 467 [3]= 467 [4]= 467 [5]= 467 [6]= 467 [7]= 467 [8]= 467 [9]= 467 [10]= 467 [11]= 467 [12]= 467 
key_index after (DPU 278) [0]= 142 [1]= 292 [2]= 451 [3]= 451 [4]= 451 [5]= 451 [6]= 451 [7]= 451 [8]= 451 [9]= 451 [10]= 451 [11]= 451 [12]= 451 
key_index after (DPU 279) [0]= 162 [1]= 312 [2]= 476 [3]= 476 [4]= 476 [5]= 476 [6]= 476 [7]= 476 [8]= 476 [9]= 476 [10]= 476 [11]= 476 [12]= 476 
key_index after (DPU 280) [0]= 142 [1]= 315 [2]= 466 [3]= 466 [4]= 466 [5]= 466 [6]= 466 [7]= 466 [8]= 466 [9]= 466 [10]= 466 [11]= 466 [12]= 466 
key_index after (DPU 281) [0]= 129 [1]= 286 [2]= 429 [3]= 429 [4]= 429 [5]= 429 [6]= 429 [7]= 429 [8]= 429 [9]= 429 [10]= 429 [11]= 429 [12]= 429 
key_index after (DPU 282) [0]= 170 [1]= 311 [2]= 483 [3]= 483 [4]= 483 [5]= 483 [6]= 483 [7]= 483 [8]= 483 [9]= 483 [10]= 483 [11]= 483 [12]= 483 
key_index after (DPU 283) [0]= 137 [1]= 276 [2]= 398 [3]= 398 [4]= 398 [5]= 398 [6]= 398 [7]= 398 [8]= 398 [9]= 398 [10]= 398 [11]= 398 [12]= 398 
key_index after (DPU 284) [0]= 129 [1]= 284 [2]= 433 [3]= 433 [4]= 433 [5]= 433 [6]= 433 [7]= 433 [8]= 433 [9]= 433 [10]= 433 [11]= 433 [12]= 433 
key_index after (DPU 285) [0]= 159 [1]= 305 [2]= 455 [3]= 455 [4]= 455 [5]= 455 [6]= 455 [7]= 455 [8]= 455 [9]= 455 [10]= 455 [11]= 455 [12]= 455 
key_index after (DPU 286) [0]= 122 [1]= 237 [2]= 378 [3]= 378 [4]= 378 [5]= 378 [6]= 378 [7]= 378 [8]= 378 [9]= 378 [10]= 378 [11]= 378 [12]= 378 
key_index after (DPU 287) [0]= 148 [1]= 302 [2]= 448 [3]= 448 [4]= 448 [5]= 448 [6]= 448 [7]= 448 [8]= 448 [9]= 448 [10]= 448 [11]= 448 [12]= 448 
key_index after (DPU 288) [0]= 151 [1]= 297 [2]= 426 [3]= 426 [4]= 426 [5]= 426 [6]= 426 [7]= 426 [8]= 426 [9]= 426 [10]= 426 [11]= 426 [12]= 426 
key_index after (DPU 289) [0]= 131 [1]= 264 [2]= 413 [3]= 413 [4]= 413 [5]= 413 [6]= 413 [7]= 413 [8]= 413 [9]= 413 [10]= 413 [11]= 413 [12]= 413 
key_index after (DPU 290) [0]= 130 [1]= 244 [2]= 395 [3]= 395 [4]= 395 [5]= 395 [6]= 395 [7]= 395 [8]= 395 [9]= 395 [10]= 395 [11]= 395 [12]= 395 
key_index after (DPU 291) [0]= 121 [1]= 276 [2]= 401 [3]= 401 [4]= 401 [5]= 401 [6]= 401 [7]= 401 [8]= 401 [9]= 401 [10]= 401 [11]= 401 [12]= 401 
key_index after (DPU 292) [0]= 150 [1]= 303 [2]= 437 [3]= 437 [4]= 437 [5]= 437 [6]= 437 [7]= 437 [8]= 437 [9]= 437 [10]= 437 [11]= 437 [12]= 437 
key_index after (DPU 293) [0]= 125 [1]= 271 [2]= 411 [3]= 411 [4]= 411 [5]= 411 [6]= 411 [7]= 411 [8]= 411 [9]= 411 [10]= 411 [11]= 411 [12]= 411 
key_index after (DPU 294) [0]= 143 [1]= 275 [2]= 436 [3]= 436 [4]= 436 [5]= 436 [6]= 436 [7]= 436 [8]= 436 [9]= 436 [10]= 436 [11]= 436 [12]= 436 
key_index after (DPU 295) [0]= 153 [1]= 291 [2]= 453 [3]= 453 [4]= 453 [5]= 453 [6]= 453 [7]= 453 [8]= 453 [9]= 453 [10]= 453 [11]= 453 [12]= 453 
key_index after (DPU 296) [0]= 134 [1]= 262 [2]= 387 [3]= 387 [4]= 387 [5]= 387 [6]= 387 [7]= 387 [8]= 387 [9]= 387 [10]= 387 [11]= 387 [12]= 387 
key_index after (DPU 297) [0]= 132 [1]= 253 [2]= 427 [3]= 427 [4]= 427 [5]= 427 [6]= 427 [7]= 427 [8]= 427 [9]= 427 [10]= 427 [11]= 427 [12]= 427 
key_index after (DPU 298) [0]= 131 [1]= 280 [2]= 404 [3]= 404 [4]= 404 [5]= 404 [6]= 404 [7]= 404 [8]= 404 [9]= 404 [10]= 404 [11]= 404 [12]= 404 
key_index after (DPU 299) [0]= 128 [1]= 255 [2]= 397 [3]= 397 [4]= 397 [5]= 397 [6]= 397 [7]= 397 [8]= 397 [9]= 397 [10]= 397 [11]= 397 [12]= 397 
key_index after (DPU 300) [0]= 123 [1]= 239 [2]= 363 [3]= 363 [4]= 363 [5]= 363 [6]= 363 [7]= 363 [8]= 363 [9]= 363 [10]= 363 [11]= 363 [12]= 363 
key_index after (DPU 301) [0]= 111 [1]= 262 [2]= 417 [3]= 417 [4]= 417 [5]= 417 [6]= 417 [7]= 417 [8]= 417 [9]= 417 [10]= 417 [11]= 417 [12]= 417 
key_index after (DPU 302) [0]= 142 [1]= 283 [2]= 430 [3]= 430 [4]= 430 [5]= 430 [6]= 430 [7]= 430 [8]= 430 [9]= 430 [10]= 430 [11]= 430 [12]= 430 
key_index after (DPU 303) [0]= 138 [1]= 274 [2]= 415 [3]= 415 [4]= 415 [5]= 415 [6]= 415 [7]= 415 [8]= 415 [9]= 415 [10]= 415 [11]= 415 [12]= 415 
key_index after (DPU 304) [0]= 139 [1]= 279 [2]= 417 [3]= 417 [4]= 417 [5]= 417 [6]= 417 [7]= 417 [8]= 417 [9]= 417 [10]= 417 [11]= 417 [12]= 417 
key_index after (DPU 305) [0]= 121 [1]= 258 [2]= 393 [3]= 393 [4]= 393 [5]= 393 [6]= 393 [7]= 393 [8]= 393 [9]= 393 [10]= 393 [11]= 393 [12]= 393 
key_index after (DPU 306) [0]= 125 [1]= 248 [2]= 393 [3]= 393 [4]= 393 [5]= 393 [6]= 393 [7]= 393 [8]= 393 [9]= 393 [10]= 393 [11]= 393 [12]= 393 
key_index after (DPU 307) [0]= 116 [1]= 247 [2]= 366 [3]= 366 [4]= 366 [5]= 366 [6]= 366 [7]= 366 [8]= 366 [9]= 366 [10]= 366 [11]= 366 [12]= 366 
key_index after (DPU 308) [0]= 117 [1]= 242 [2]= 368 [3]= 368 [4]= 368 [5]= 368 [6]= 368 [7]= 368 [8]= 368 [9]= 368 [10]= 368 [11]= 368 [12]= 368 
key_index after (DPU 309) [0]= 125 [1]= 219 [2]= 365 [3]= 365 [4]= 365 [5]= 365 [6]= 365 [7]= 365 [8]= 365 [9]= 365 [10]= 365 [11]= 365 [12]= 365 
key_index after (DPU 310) [0]= 154 [1]= 285 [2]= 431 [3]= 431 [4]= 431 [5]= 431 [6]= 431 [7]= 431 [8]= 431 [9]= 431 [10]= 431 [11]= 431 [12]= 431 
key_index after (DPU 311) [0]= 143 [1]= 270 [2]= 407 [3]= 407 [4]= 407 [5]= 407 [6]= 407 [7]= 407 [8]= 407 [9]= 407 [10]= 407 [11]= 407 [12]= 407 
key_index after (DPU 312) [0]= 138 [1]= 253 [2]= 386 [3]= 386 [4]= 386 [5]= 386 [6]= 386 [7]= 386 [8]= 386 [9]= 386 [10]= 386 [11]= 386 [12]= 386 
key_index after (DPU 313) [0]= 123 [1]= 252 [2]= 373 [3]= 373 [4]= 373 [5]= 373 [6]= 373 [7]= 373 [8]= 373 [9]= 373 [10]= 373 [11]= 373 [12]= 373 
key_index after (DPU 314) [0]= 129 [1]= 258 [2]= 383 [3]= 383 [4]= 383 [5]= 383 [6]= 383 [7]= 383 [8]= 383 [9]= 383 [10]= 383 [11]= 383 [12]= 383 
key_index after (DPU 315) [0]= 115 [1]= 249 [2]= 381 [3]= 381 [4]= 381 [5]= 381 [6]= 381 [7]= 381 [8]= 381 [9]= 381 [10]= 381 [11]= 381 [12]= 381 
key_index after (DPU 316) [0]= 122 [1]= 233 [2]= 357 [3]= 357 [4]= 357 [5]= 357 [6]= 357 [7]= 357 [8]= 357 [9]= 357 [10]= 357 [11]= 357 [12]= 357 
key_index after (DPU 317) [0]= 124 [1]= 249 [2]= 375 [3]= 375 [4]= 375 [5]= 375 [6]= 375 [7]= 375 [8]= 375 [9]= 375 [10]= 375 [11]= 375 [12]= 375 
key_index after (DPU 318) [0]= 131 [1]= 257 [2]= 380 [3]= 380 [4]= 380 [5]= 380 [6]= 380 [7]= 380 [8]= 380 [9]= 380 [10]= 380 [11]= 380 [12]= 380 
key_index after (DPU 319) [0]= 148 [1]= 254 [2]= 380 [3]= 380 [4]= 380 [5]= 380 [6]= 380 [7]= 380 [8]= 380 [9]= 380 [10]= 380 [11]= 380 [12]= 380 
key_index after (DPU 320) [0]= 135 [1]= 262 [2]= 395 [3]= 395 [4]= 395 [5]= 395 [6]= 395 [7]= 395 [8]= 395 [9]= 395 [10]= 395 [11]= 395 [12]= 395 
key_index after (DPU 321) [0]= 115 [1]= 246 [2]= 373 [3]= 373 [4]= 373 [5]= 373 [6]= 373 [7]= 373 [8]= 373 [9]= 373 [10]= 373 [11]= 373 [12]= 373 
key_index after (DPU 322) [0]= 131 [1]= 274 [2]= 392 [3]= 392 [4]= 392 [5]= 392 [6]= 392 [7]= 392 [8]= 392 [9]= 392 [10]= 392 [11]= 392 [12]= 392 
key_index after (DPU 323) [0]=  99 [1]= 235 [2]= 371 [3]= 371 [4]= 371 [5]= 371 [6]= 371 [7]= 371 [8]= 371 [9]= 371 [10]= 371 [11]= 371 [12]= 371 
key_index after (DPU 324) [0]= 140 [1]= 259 [2]= 391 [3]= 391 [4]= 391 [5]= 391 [6]= 391 [7]= 391 [8]= 391 [9]= 391 [10]= 391 [11]= 391 [12]= 391 
key_index after (DPU 325) [0]= 130 [1]= 258 [2]= 380 [3]= 380 [4]= 380 [5]= 380 [6]= 380 [7]= 380 [8]= 380 [9]= 380 [10]= 380 [11]= 380 [12]= 380 
key_index after (DPU 326) [0]= 123 [1]= 239 [2]= 376 [3]= 376 [4]= 376 [5]= 376 [6]= 376 [7]= 376 [8]= 376 [9]= 376 [10]= 376 [11]= 376 [12]= 376 
key_index after (DPU 327) [0]= 114 [1]= 238 [2]= 358 [3]= 358 [4]= 358 [5]= 358 [6]= 358 [7]= 358 [8]= 358 [9]= 358 [10]= 358 [11]= 358 [12]= 358 
key_index after (DPU 328) [0]= 107 [1]= 228 [2]= 348 [3]= 348 [4]= 348 [5]= 348 [6]= 348 [7]= 348 [8]= 348 [9]= 348 [10]= 348 [11]= 348 [12]= 348 
key_index after (DPU 329) [0]= 155 [1]= 295 [2]= 429 [3]= 429 [4]= 429 [5]= 429 [6]= 429 [7]= 429 [8]= 429 [9]= 429 [10]= 429 [11]= 429 [12]= 429 
key_index after (DPU 330) [0]= 125 [1]= 260 [2]= 399 [3]= 399 [4]= 399 [5]= 399 [6]= 399 [7]= 399 [8]= 399 [9]= 399 [10]= 399 [11]= 399 [12]= 399 
key_index after (DPU 331) [0]= 136 [1]= 296 [2]= 405 [3]= 405 [4]= 405 [5]= 405 [6]= 405 [7]= 405 [8]= 405 [9]= 405 [10]= 405 [11]= 405 [12]= 405 
key_index after (DPU 332) [0]= 123 [1]= 261 [2]= 387 [3]= 387 [4]= 387 [5]= 387 [6]= 387 [7]= 387 [8]= 387 [9]= 387 [10]= 387 [11]= 387 [12]= 387 
key_index after (DPU 333) [0]= 118 [1]= 232 [2]= 336 [3]= 336 [4]= 336 [5]= 336 [6]= 336 [7]= 336 [8]= 336 [9]= 336 [10]= 336 [11]= 336 [12]= 336 
key_index after (DPU 334) [0]= 147 [1]= 260 [2]= 381 [3]= 381 [4]= 381 [5]= 381 [6]= 381 [7]= 381 [8]= 381 [9]= 381 [10]= 381 [11]= 381 [12]= 381 
key_index after (DPU 335) [0]= 124 [1]= 236 [2]= 365 [3]= 365 [4]= 365 [5]= 365 [6]= 365 [7]= 365 [8]= 365 [9]= 365 [10]= 365 [11]= 365 [12]= 365 
key_index after (DPU 336) [0]= 117 [1]= 257 [2]= 381 [3]= 381 [4]= 381 [5]= 381 [6]= 381 [7]= 381 [8]= 381 [9]= 381 [10]= 381 [11]= 381 [12]= 381 
key_index after (DPU 337) [0]= 100 [1]= 226 [2]= 355 [3]= 355 [4]= 355 [5]= 355 [6]= 355 [7]= 355 [8]= 355 [9]= 355 [10]= 355 [11]= 355 [12]= 355 
key_index after (DPU 338) [0]= 112 [1]= 230 [2]= 341 [3]= 341 [4]= 341 [5]= 341 [6]= 341 [7]= 341 [8]= 341 [9]= 341 [10]= 341 [11]= 341 [12]= 341 
key_index after (DPU 339) [0]= 107 [1]= 231 [2]= 352 [3]= 352 [4]= 352 [5]= 352 [6]= 352 [7]= 352 [8]= 352 [9]= 352 [10]= 352 [11]= 352 [12]= 352 
key_index after (DPU 340) [0]= 100 [1]= 228 [2]= 335 [3]= 335 [4]= 335 [5]= 335 [6]= 335 [7]= 335 [8]= 335 [9]= 335 [10]= 335 [11]= 335 [12]= 335 
key_index after (DPU 341) [0]= 110 [1]= 231 [2]= 347 [3]= 347 [4]= 347 [5]= 347 [6]= 347 [7]= 347 [8]= 347 [9]= 347 [10]= 347 [11]= 347 [12]= 347 
key_index after (DPU 342) [0]= 113 [1]= 224 [2]= 339 [3]= 339 [4]= 339 [5]= 339 [6]= 339 [7]= 339 [8]= 339 [9]= 339 [10]= 339 [11]= 339 [12]= 339 
key_index after (DPU 343) [0]= 119 [1]= 231 [2]= 361 [3]= 361 [4]= 361 [5]= 361 [6]= 361 [7]= 361 [8]= 361 [9]= 361 [10]= 361 [11]= 361 [12]= 361 
key_index after (DPU 344) [0]= 108 [1]= 212 [2]= 339 [3]= 339 [4]= 339 [5]= 339 [6]= 339 [7]= 339 [8]= 339 [9]= 339 [10]= 339 [11]= 339 [12]= 339 
key_index after (DPU 345) [0]=  90 [1]= 208 [2]= 316 [3]= 316 [4]= 316 [5]= 316 [6]= 316 [7]= 316 [8]= 316 [9]= 316 [10]= 316 [11]= 316 [12]= 316 
key_index after (DPU 346) [0]= 102 [1]= 235 [2]= 360 [3]= 360 [4]= 360 [5]= 360 [6]= 360 [7]= 360 [8]= 360 [9]= 360 [10]= 360 [11]= 360 [12]= 360 
key_index after (DPU 347) [0]= 125 [1]= 246 [2]= 364 [3]= 364 [4]= 364 [5]= 364 [6]= 364 [7]= 364 [8]= 364 [9]= 364 [10]= 364 [11]= 364 [12]= 364 
key_index after (DPU 348) [0]= 120 [1]= 239 [2]= 358 [3]= 358 [4]= 358 [5]= 358 [6]= 358 [7]= 358 [8]= 358 [9]= 358 [10]= 358 [11]= 358 [12]= 358 
key_index after (DPU 349) [0]= 121 [1]= 227 [2]= 350 [3]= 350 [4]= 350 [5]= 350 [6]= 350 [7]= 350 [8]= 350 [9]= 350 [10]= 350 [11]= 350 [12]= 350 
key_index after (DPU 350) [0]= 113 [1]= 229 [2]= 336 [3]= 336 [4]= 336 [5]= 336 [6]= 336 [7]= 336 [8]= 336 [9]= 336 [10]= 336 [11]= 336 [12]= 336 
key_index after (DPU 351) [0]= 113 [1]= 233 [2]= 361 [3]= 361 [4]= 361 [5]= 361 [6]= 361 [7]= 361 [8]= 361 [9]= 361 [10]= 361 [11]= 361 [12]= 361 
key_index after (DPU 352) [0]= 113 [1]= 226 [2]= 328 [3]= 328 [4]= 328 [5]= 328 [6]= 328 [7]= 328 [8]= 328 [9]= 328 [10]= 328 [11]= 328 [12]= 328 
key_index after (DPU 353) [0]= 128 [1]= 233 [2]= 338 [3]= 338 [4]= 338 [5]= 338 [6]= 338 [7]= 338 [8]= 338 [9]= 338 [10]= 338 [11]= 338 [12]= 338 
key_index after (DPU 354) [0]= 123 [1]= 235 [2]= 367 [3]= 367 [4]= 367 [5]= 367 [6]= 367 [7]= 367 [8]= 367 [9]= 367 [10]= 367 [11]= 367 [12]= 367 
key_index after (DPU 355) [0]= 106 [1]= 209 [2]= 330 [3]= 330 [4]= 330 [5]= 330 [6]= 330 [7]= 330 [8]= 330 [9]= 330 [10]= 330 [11]= 330 [12]= 330 
key_index after (DPU 356) [0]= 109 [1]= 222 [2]= 339 [3]= 339 [4]= 339 [5]= 339 [6]= 339 [7]= 339 [8]= 339 [9]= 339 [10]= 339 [11]= 339 [12]= 339 
key_index after (DPU 357) [0]= 103 [1]= 233 [2]= 344 [3]= 344 [4]= 344 [5]= 344 [6]= 344 [7]= 344 [8]= 344 [9]= 344 [10]= 344 [11]= 344 [12]= 344 
key_index after (DPU 358) [0]= 115 [1]= 227 [2]= 336 [3]= 336 [4]= 336 [5]= 336 [6]= 336 [7]= 336 [8]= 336 [9]= 336 [10]= 336 [11]= 336 [12]= 336 
key_index after (DPU 359) [0]= 118 [1]= 228 [2]= 347 [3]= 347 [4]= 347 [5]= 347 [6]= 347 [7]= 347 [8]= 347 [9]= 347 [10]= 347 [11]= 347 [12]= 347 
key_index after (DPU 360) [0]= 112 [1]= 230 [2]= 337 [3]= 337 [4]= 337 [5]= 337 [6]= 337 [7]= 337 [8]= 337 [9]= 337 [10]= 337 [11]= 337 [12]= 337 
key_index after (DPU 361) [0]= 143 [1]= 252 [2]= 359 [3]= 359 [4]= 359 [5]= 359 [6]= 359 [7]= 359 [8]= 359 [9]= 359 [10]= 359 [11]= 359 [12]= 359 
key_index after (DPU 362) [0]=  95 [1]= 189 [2]= 294 [3]= 294 [4]= 294 [5]= 294 [6]= 294 [7]= 294 [8]= 294 [9]= 294 [10]= 294 [11]= 294 [12]= 294 
key_index after (DPU 363) [0]=  94 [1]= 210 [2]= 295 [3]= 295 [4]= 295 [5]= 295 [6]= 295 [7]= 295 [8]= 295 [9]= 295 [10]= 295 [11]= 295 [12]= 295 
key_index after (DPU 364) [0]=  89 [1]= 220 [2]= 331 [3]= 331 [4]= 331 [5]= 331 [6]= 331 [7]= 331 [8]= 331 [9]= 331 [10]= 331 [11]= 331 [12]= 331 
key_index after (DPU 365) [0]= 116 [1]= 231 [2]= 313 [3]= 313 [4]= 313 [5]= 313 [6]= 313 [7]= 313 [8]= 313 [9]= 313 [10]= 313 [11]= 313 [12]= 313 
key_index after (DPU 366) [0]= 110 [1]= 234 [2]= 357 [3]= 357 [4]= 357 [5]= 357 [6]= 357 [7]= 357 [8]= 357 [9]= 357 [10]= 357 [11]= 357 [12]= 357 
key_index after (DPU 367) [0]= 118 [1]= 234 [2]= 346 [3]= 346 [4]= 346 [5]= 346 [6]= 346 [7]= 346 [8]= 346 [9]= 346 [10]= 346 [11]= 346 [12]= 346 
key_index after (DPU 368) [0]= 100 [1]= 187 [2]= 303 [3]= 303 [4]= 303 [5]= 303 [6]= 303 [7]= 303 [8]= 303 [9]= 303 [10]= 303 [11]= 303 [12]= 303 
key_index after (DPU 369) [0]= 100 [1]= 228 [2]= 337 [3]= 337 [4]= 337 [5]= 337 [6]= 337 [7]= 337 [8]= 337 [9]= 337 [10]= 337 [11]= 337 [12]= 337 
key_index after (DPU 370) [0]= 101 [1]= 229 [2]= 336 [3]= 336 [4]= 336 [5]= 336 [6]= 336 [7]= 336 [8]= 336 [9]= 336 [10]= 336 [11]= 336 [12]= 336 
key_index after (DPU 371) [0]=  99 [1]= 222 [2]= 330 [3]= 330 [4]= 330 [5]= 330 [6]= 330 [7]= 330 [8]= 330 [9]= 330 [10]= 330 [11]= 330 [12]= 330 
key_index after (DPU 372) [0]= 117 [1]= 216 [2]= 343 [3]= 343 [4]= 343 [5]= 343 [6]= 343 [7]= 343 [8]= 343 [9]= 343 [10]= 343 [11]= 343 [12]= 343 
key_index after (DPU 373) [0]= 107 [1]= 217 [2]= 310 [3]= 310 [4]= 310 [5]= 310 [6]= 310 [7]= 310 [8]= 310 [9]= 310 [10]= 310 [11]= 310 [12]= 310 
key_index after (DPU 374) [0]= 105 [1]= 226 [2]= 329 [3]= 329 [4]= 329 [5]= 329 [6]= 329 [7]= 329 [8]= 329 [9]= 329 [10]= 329 [11]= 329 [12]= 329 
key_index after (DPU 375) [0]= 117 [1]= 215 [2]= 334 [3]= 334 [4]= 334 [5]= 334 [6]= 334 [7]= 334 [8]= 334 [9]= 334 [10]= 334 [11]= 334 [12]= 334 
key_index after (DPU 376) [0]=  91 [1]= 208 [2]= 312 [3]= 312 [4]= 312 [5]= 312 [6]= 312 [7]= 312 [8]= 312 [9]= 312 [10]= 312 [11]= 312 [12]= 312 
key_index after (DPU 377) [0]= 115 [1]= 236 [2]= 339 [3]= 339 [4]= 339 [5]= 339 [6]= 339 [7]= 339 [8]= 339 [9]= 339 [10]= 339 [11]= 339 [12]= 339 
key_index after (DPU 378) [0]= 123 [1]= 222 [2]= 339 [3]= 339 [4]= 339 [5]= 339 [6]= 339 [7]= 339 [8]= 339 [9]= 339 [10]= 339 [11]= 339 [12]= 339 
key_index after (DPU 379) [0]= 111 [1]= 228 [2]= 343 [3]= 343 [4]= 343 [5]= 343 [6]= 343 [7]= 343 [8]= 343 [9]= 343 [10]= 343 [11]= 343 [12]= 343 
key_index after (DPU 380) [0]=  98 [1]= 193 [2]= 308 [3]= 308 [4]= 308 [5]= 308 [6]= 308 [7]= 308 [8]= 308 [9]= 308 [10]= 308 [11]= 308 [12]= 308 
key_index after (DPU 381) [0]= 115 [1]= 223 [2]= 334 [3]= 334 [4]= 334 [5]= 334 [6]= 334 [7]= 334 [8]= 334 [9]= 334 [10]= 334 [11]= 334 [12]= 334 
key_index after (DPU 382) [0]= 100 [1]= 206 [2]= 315 [3]= 315 [4]= 315 [5]= 315 [6]= 315 [7]= 315 [8]= 315 [9]= 315 [10]= 315 [11]= 315 [12]= 315 
key_index after (DPU 383) [0]= 103 [1]= 229 [2]= 334 [3]= 334 [4]= 334 [5]= 334 [6]= 334 [7]= 334 [8]= 334 [9]= 334 [10]= 334 [11]= 334 [12]= 334 
key_index after (DPU 384) [0]= 134 [1]= 227 [2]= 331 [3]= 331 [4]= 331 [5]= 331 [6]= 331 [7]= 331 [8]= 331 [9]= 331 [10]= 331 [11]= 331 [12]= 331 
key_index after (DPU 385) [0]= 101 [1]= 221 [2]= 334 [3]= 334 [4]= 334 [5]= 334 [6]= 334 [7]= 334 [8]= 334 [9]= 334 [10]= 334 [11]= 334 [12]= 334 
key_index after (DPU 386) [0]= 110 [1]= 224 [2]= 329 [3]= 329 [4]= 329 [5]= 329 [6]= 329 [7]= 329 [8]= 329 [9]= 329 [10]= 329 [11]= 329 [12]= 329 
key_index after (DPU 387) [0]= 103 [1]= 188 [2]= 293 [3]= 293 [4]= 293 [5]= 293 [6]= 293 [7]= 293 [8]= 293 [9]= 293 [10]= 293 [11]= 293 [12]= 293 
key_index after (DPU 388) [0]= 109 [1]= 210 [2]= 315 [3]= 315 [4]= 315 [5]= 315 [6]= 315 [7]= 315 [8]= 315 [9]= 315 [10]= 315 [11]= 315 [12]= 315 
key_index after (DPU 389) [0]= 128 [1]= 251 [2]= 361 [3]= 361 [4]= 361 [5]= 361 [6]= 361 [7]= 361 [8]= 361 [9]= 361 [10]= 361 [11]= 361 [12]= 361 
key_index after (DPU 390) [0]=  93 [1]= 199 [2]= 310 [3]= 310 [4]= 310 [5]= 310 [6]= 310 [7]= 310 [8]= 310 [9]= 310 [10]= 310 [11]= 310 [12]= 310 
key_index after (DPU 391) [0]= 114 [1]= 202 [2]= 313 [3]= 313 [4]= 313 [5]= 313 [6]= 313 [7]= 313 [8]= 313 [9]= 313 [10]= 313 [11]= 313 [12]= 313 
key_index after (DPU 392) [0]= 120 [1]= 217 [2]= 344 [3]= 344 [4]= 344 [5]= 344 [6]= 344 [7]= 344 [8]= 344 [9]= 344 [10]= 344 [11]= 344 [12]= 344 
key_index after (DPU 393) [0]= 106 [1]= 214 [2]= 322 [3]= 322 [4]= 322 [5]= 322 [6]= 322 [7]= 322 [8]= 322 [9]= 322 [10]= 322 [11]= 322 [12]= 322 
key_index after (DPU 394) [0]=  76 [1]= 172 [2]= 276 [3]= 276 [4]= 276 [5]= 276 [6]= 276 [7]= 276 [8]= 276 [9]= 276 [10]= 276 [11]= 276 [12]= 276 
key_index after (DPU 395) [0]= 107 [1]= 214 [2]= 327 [3]= 327 [4]= 327 [5]= 327 [6]= 327 [7]= 327 [8]= 327 [9]= 327 [10]= 327 [11]= 327 [12]= 327 
key_index after (DPU 396) [0]=  75 [1]= 173 [2]= 289 [3]= 289 [4]= 289 [5]= 289 [6]= 289 [7]= 289 [8]= 289 [9]= 289 [10]= 289 [11]= 289 [12]= 289 
key_index after (DPU 397) [0]=  94 [1]= 183 [2]= 275 [3]= 275 [4]= 275 [5]= 275 [6]= 275 [7]= 275 [8]= 275 [9]= 275 [10]= 275 [11]= 275 [12]= 275 
key_index after (DPU 398) [0]= 103 [1]= 203 [2]= 304 [3]= 304 [4]= 304 [5]= 304 [6]= 304 [7]= 304 [8]= 304 [9]= 304 [10]= 304 [11]= 304 [12]= 304 
key_index after (DPU 399) [0]= 105 [1]= 203 [2]= 305 [3]= 305 [4]= 305 [5]= 305 [6]= 305 [7]= 305 [8]= 305 [9]= 305 [10]= 305 [11]= 305 [12]= 305 
key_index after (DPU 400) [0]=  92 [1]= 184 [2]= 299 [3]= 299 [4]= 299 [5]= 299 [6]= 299 [7]= 299 [8]= 299 [9]= 299 [10]= 299 [11]= 299 [12]= 299 
key_index after (DPU 401) [0]= 112 [1]= 205 [2]= 314 [3]= 314 [4]= 314 [5]= 314 [6]= 314 [7]= 314 [8]= 314 [9]= 314 [10]= 314 [11]= 314 [12]= 314 
key_index after (DPU 402) [0]= 110 [1]= 207 [2]= 308 [3]= 308 [4]= 308 [5]= 308 [6]= 308 [7]= 308 [8]= 308 [9]= 308 [10]= 308 [11]= 308 [12]= 308 
key_index after (DPU 403) [0]=  98 [1]= 203 [2]= 307 [3]= 307 [4]= 307 [5]= 307 [6]= 307 [7]= 307 [8]= 307 [9]= 307 [10]= 307 [11]= 307 [12]= 307 
key_index after (DPU 404) [0]= 108 [1]= 205 [2]= 310 [3]= 310 [4]= 310 [5]= 310 [6]= 310 [7]= 310 [8]= 310 [9]= 310 [10]= 310 [11]= 310 [12]= 310 
key_index after (DPU 405) [0]=  89 [1]= 224 [2]= 353 [3]= 353 [4]= 353 [5]= 353 [6]= 353 [7]= 353 [8]= 353 [9]= 353 [10]= 353 [11]= 353 [12]= 353 
key_index after (DPU 406) [0]= 110 [1]= 210 [2]= 321 [3]= 321 [4]= 321 [5]= 321 [6]= 321 [7]= 321 [8]= 321 [9]= 321 [10]= 321 [11]= 321 [12]= 321 
key_index after (DPU 407) [0]= 121 [1]= 211 [2]= 311 [3]= 311 [4]= 311 [5]= 311 [6]= 311 [7]= 311 [8]= 311 [9]= 311 [10]= 311 [11]= 311 [12]= 311 
key_index after (DPU 408) [0]= 107 [1]= 211 [2]= 304 [3]= 304 [4]= 304 [5]= 304 [6]= 304 [7]= 304 [8]= 304 [9]= 304 [10]= 304 [11]= 304 [12]= 304 
key_index after (DPU 409) [0]= 105 [1]= 209 [2]= 311 [3]= 311 [4]= 311 [5]= 311 [6]= 311 [7]= 311 [8]= 311 [9]= 311 [10]= 311 [11]= 311 [12]= 311 
key_index after (DPU 410) [0]= 100 [1]= 188 [2]= 286 [3]= 286 [4]= 286 [5]= 286 [6]= 286 [7]= 286 [8]= 286 [9]= 286 [10]= 286 [11]= 286 [12]= 286 
key_index after (DPU 411) [0]= 107 [1]= 217 [2]= 320 [3]= 320 [4]= 320 [5]= 320 [6]= 320 [7]= 320 [8]= 320 [9]= 320 [10]= 320 [11]= 320 [12]= 320 
key_index after (DPU 412) [0]= 121 [1]= 218 [2]= 342 [3]= 342 [4]= 342 [5]= 342 [6]= 342 [7]= 342 [8]= 342 [9]= 342 [10]= 342 [11]= 342 [12]= 342 
key_index after (DPU 413) [0]=  93 [1]= 181 [2]= 282 [3]= 282 [4]= 282 [5]= 282 [6]= 282 [7]= 282 [8]= 282 [9]= 282 [10]= 282 [11]= 282 [12]= 282 
key_index after (DPU 414) [0]=  91 [1]= 175 [2]= 287 [3]= 287 [4]= 287 [5]= 287 [6]= 287 [7]= 287 [8]= 287 [9]= 287 [10]= 287 [11]= 287 [12]= 287 
key_index after (DPU 415) [0]=  89 [1]= 185 [2]= 294 [3]= 294 [4]= 294 [5]= 294 [6]= 294 [7]= 294 [8]= 294 [9]= 294 [10]= 294 [11]= 294 [12]= 294 
key_index after (DPU 416) [0]=  91 [1]= 169 [2]= 274 [3]= 274 [4]= 274 [5]= 274 [6]= 274 [7]= 274 [8]= 274 [9]= 274 [10]= 274 [11]= 274 [12]= 274 
key_index after (DPU 417) [0]= 105 [1]= 217 [2]= 322 [3]= 322 [4]= 322 [5]= 322 [6]= 322 [7]= 322 [8]= 322 [9]= 322 [10]= 322 [11]= 322 [12]= 322 
key_index after (DPU 418) [0]=  99 [1]= 202 [2]= 299 [3]= 299 [4]= 299 [5]= 299 [6]= 299 [7]= 299 [8]= 299 [9]= 299 [10]= 299 [11]= 299 [12]= 299 
key_index after (DPU 419) [0]= 105 [1]= 224 [2]= 319 [3]= 319 [4]= 319 [5]= 319 [6]= 319 [7]= 319 [8]= 319 [9]= 319 [10]= 319 [11]= 319 [12]= 319 
key_index after (DPU 420) [0]= 100 [1]= 183 [2]= 277 [3]= 277 [4]= 277 [5]= 277 [6]= 277 [7]= 277 [8]= 277 [9]= 277 [10]= 277 [11]= 277 [12]= 277 
key_index after (DPU 421) [0]=  88 [1]= 187 [2]= 275 [3]= 275 [4]= 275 [5]= 275 [6]= 275 [7]= 275 [8]= 275 [9]= 275 [10]= 275 [11]= 275 [12]= 275 
key_index after (DPU 422) [0]=  68 [1]= 158 [2]= 266 [3]= 266 [4]= 266 [5]= 266 [6]= 266 [7]= 266 [8]= 266 [9]= 266 [10]= 266 [11]= 266 [12]= 266 
key_index after (DPU 423) [0]=  90 [1]= 193 [2]= 289 [3]= 289 [4]= 289 [5]= 289 [6]= 289 [7]= 289 [8]= 289 [9]= 289 [10]= 289 [11]= 289 [12]= 289 
key_index after (DPU 424) [0]= 106 [1]= 192 [2]= 305 [3]= 305 [4]= 305 [5]= 305 [6]= 305 [7]= 305 [8]= 305 [9]= 305 [10]= 305 [11]= 305 [12]= 305 
key_index after (DPU 425) [0]=  90 [1]= 187 [2]= 268 [3]= 268 [4]= 268 [5]= 268 [6]= 268 [7]= 268 [8]= 268 [9]= 268 [10]= 268 [11]= 268 [12]= 268 
key_index after (DPU 426) [0]=  91 [1]= 201 [2]= 266 [3]= 266 [4]= 266 [5]= 266 [6]= 266 [7]= 266 [8]= 266 [9]= 266 [10]= 266 [11]= 266 [12]= 266 
key_index after (DPU 427) [0]=  87 [1]= 175 [2]= 261 [3]= 261 [4]= 261 [5]= 261 [6]= 261 [7]= 261 [8]= 261 [9]= 261 [10]= 261 [11]= 261 [12]= 261 
key_index after (DPU 428) [0]= 101 [1]= 183 [2]= 297 [3]= 297 [4]= 297 [5]= 297 [6]= 297 [7]= 297 [8]= 297 [9]= 297 [10]= 297 [11]= 297 [12]= 297 
key_index after (DPU 429) [0]= 100 [1]= 187 [2]= 282 [3]= 282 [4]= 282 [5]= 282 [6]= 282 [7]= 282 [8]= 282 [9]= 282 [10]= 282 [11]= 282 [12]= 282 
key_index after (DPU 430) [0]=  95 [1]= 189 [2]= 289 [3]= 289 [4]= 289 [5]= 289 [6]= 289 [7]= 289 [8]= 289 [9]= 289 [10]= 289 [11]= 289 [12]= 289 
key_index after (DPU 431) [0]=  81 [1]= 178 [2]= 268 [3]= 268 [4]= 268 [5]= 268 [6]= 268 [7]= 268 [8]= 268 [9]= 268 [10]= 268 [11]= 268 [12]= 268 
key_index after (DPU 432) [0]= 100 [1]= 185 [2]= 276 [3]= 276 [4]= 276 [5]= 276 [6]= 276 [7]= 276 [8]= 276 [9]= 276 [10]= 276 [11]= 276 [12]= 276 
key_index after (DPU 433) [0]=  76 [1]= 171 [2]= 259 [3]= 259 [4]= 259 [5]= 259 [6]= 259 [7]= 259 [8]= 259 [9]= 259 [10]= 259 [11]= 259 [12]= 259 
key_index after (DPU 434) [0]= 100 [1]= 191 [2]= 283 [3]= 283 [4]= 283 [5]= 283 [6]= 283 [7]= 283 [8]= 283 [9]= 283 [10]= 283 [11]= 283 [12]= 283 
key_index after (DPU 435) [0]=  67 [1]= 170 [2]= 260 [3]= 260 [4]= 260 [5]= 260 [6]= 260 [7]= 260 [8]= 260 [9]= 260 [10]= 260 [11]= 260 [12]= 260 
key_index after (DPU 436) [0]= 100 [1]= 198 [2]= 276 [3]= 276 [4]= 276 [5]= 276 [6]= 276 [7]= 276 [8]= 276 [9]= 276 [10]= 276 [11]= 276 [12]= 276 
key_index after (DPU 437) [0]=  96 [1]= 196 [2]= 288 [3]= 288 [4]= 288 [5]= 288 [6]= 288 [7]= 288 [8]= 288 [9]= 288 [10]= 288 [11]= 288 [12]= 288 
key_index after (DPU 438) [0]= 111 [1]= 202 [2]= 301 [3]= 301 [4]= 301 [5]= 301 [6]= 301 [7]= 301 [8]= 301 [9]= 301 [10]= 301 [11]= 301 [12]= 301 
key_index after (DPU 439) [0]=  84 [1]= 160 [2]= 243 [3]= 327 [4]= 327 [5]= 327 [6]= 327 [7]= 327 [8]= 327 [9]= 327 [10]= 327 [11]= 327 [12]= 327 
key_index after (DPU 440) [0]=  85 [1]= 190 [2]= 269 [3]= 269 [4]= 269 [5]= 269 [6]= 269 [7]= 269 [8]= 269 [9]= 269 [10]= 269 [11]= 269 [12]= 269 
key_index after (DPU 441) [0]=  91 [1]= 175 [2]= 271 [3]= 271 [4]= 271 [5]= 271 [6]= 271 [7]= 271 [8]= 271 [9]= 271 [10]= 271 [11]= 271 [12]= 271 
key_index after (DPU 442) [0]=  88 [1]= 171 [2]= 262 [3]= 262 [4]= 262 [5]= 262 [6]= 262 [7]= 262 [8]= 262 [9]= 262 [10]= 262 [11]= 262 [12]= 262 
key_index after (DPU 443) [0]=  90 [1]= 194 [2]= 287 [3]= 287 [4]= 287 [5]= 287 [6]= 287 [7]= 287 [8]= 287 [9]= 287 [10]= 287 [11]= 287 [12]= 287 
key_index after (DPU 444) [0]=  94 [1]= 183 [2]= 272 [3]= 272 [4]= 272 [5]= 272 [6]= 272 [7]= 272 [8]= 272 [9]= 272 [10]= 272 [11]= 272 [12]= 272 
key_index after (DPU 445) [0]= 103 [1]= 191 [2]= 279 [3]= 279 [4]= 279 [5]= 279 [6]= 279 [7]= 279 [8]= 279 [9]= 279 [10]= 279 [11]= 279 [12]= 279 
key_index after (DPU 446) [0]=   0 [1]=   0 [2]=   0 [3]=139516 [4]=139516 [5]=139516 [6]=139516 [7]=139516 [8]=139516 [9]=139516 [10]=139516 [11]=139516 [12]=139516 
key_index after (DPU 447) [0]=  90 [1]= 186 [2]= 272 [3]= 272 [4]= 272 [5]= 272 [6]= 272 [7]= 272 [8]= 272 [9]= 272 [10]= 272 [11]= 272 [12]= 272 
key_index after (DPU 448) [0]= 111 [1]= 231 [2]= 334 [3]= 334 [4]= 334 [5]= 334 [6]= 334 [7]= 334 [8]= 334 [9]= 334 [10]= 334 [11]= 334 [12]= 334 
key_index after (DPU 449) [0]=   0 [1]=   0 [2]=   0 [3]=21215 [4]=21215 [5]=21215 [6]=21215 [7]=21215 [8]=21215 [9]=21215 [10]=21215 [11]=21215 [12]=21215 
key_index after (DPU 450) [0]=  96 [1]= 187 [2]= 276 [3]= 276 [4]= 276 [5]= 276 [6]= 276 [7]= 276 [8]= 276 [9]= 276 [10]= 276 [11]= 276 [12]= 276 
key_index after (DPU 451) [0]=  97 [1]= 200 [2]= 291 [3]= 291 [4]= 291 [5]= 291 [6]= 291 [7]= 291 [8]= 291 [9]= 291 [10]= 291 [11]= 291 [12]= 291 
key_index after (DPU 452) [0]=  93 [1]= 180 [2]= 262 [3]= 262 [4]= 262 [5]= 262 [6]= 262 [7]= 262 [8]= 262 [9]= 262 [10]= 262 [11]= 262 [12]= 262 
key_index after (DPU 453) [0]=  84 [1]= 168 [2]= 257 [3]=6958 [4]=6958 [5]=6958 [6]=6958 [7]=6958 [8]=6958 [9]=6958 [10]=6958 [11]=6958 [12]=6958 
key_index after (DPU 454) [0]=  74 [1]= 173 [2]= 276 [3]= 276 [4]= 276 [5]= 276 [6]= 276 [7]= 276 [8]= 276 [9]= 276 [10]= 276 [11]= 276 [12]= 276 
key_index after (DPU 455) [0]=  98 [1]= 178 [2]= 252 [3]=5986 [4]=5986 [5]=5986 [6]=5986 [7]=5986 [8]=5986 [9]=5986 [10]=5986 [11]=5986 [12]=5986 
key_index after (DPU 456) [0]=  92 [1]= 188 [2]= 271 [3]= 271 [4]= 271 [5]= 271 [6]= 271 [7]= 271 [8]= 271 [9]= 271 [10]= 271 [11]= 271 [12]= 271 
key_index after (DPU 457) [0]=  89 [1]= 177 [2]= 278 [3]=6650 [4]=6650 [5]=6650 [6]=6650 [7]=6650 [8]=6650 [9]=6650 [10]=6650 [11]=6650 [12]=6650 
key_index after (DPU 458) [0]=  96 [1]= 178 [2]= 252 [3]= 346 [4]= 346 [5]= 346 [6]= 346 [7]= 346 [8]= 346 [9]= 346 [10]= 346 [11]= 346 [12]= 346 
key_index after (DPU 459) [0]=  83 [1]= 161 [2]= 161 [3]=12481 [4]=12481 [5]=12481 [6]=12481 [7]=12481 [8]=12481 [9]=12481 [10]=12481 [11]=12481 [12]=12481 
key_index after (DPU 460) [0]=  79 [1]= 180 [2]= 268 [3]= 268 [4]= 268 [5]= 268 [6]= 268 [7]= 268 [8]= 268 [9]= 268 [10]= 268 [11]= 268 [12]= 268 
key_index after (DPU 461) [0]=  84 [1]= 165 [2]= 253 [3]= 335 [4]= 335 [5]= 335 [6]= 335 [7]= 335 [8]= 335 [9]= 335 [10]= 335 [11]= 335 [12]= 335 
key_index after (DPU 462) [0]= 100 [1]= 190 [2]= 258 [3]=5113 [4]=5113 [5]=5113 [6]=5113 [7]=5113 [8]=5113 [9]=5113 [10]=5113 [11]=5113 [12]=5113 
key_index after (DPU 463) [0]=  90 [1]= 180 [2]= 281 [3]= 358 [4]= 358 [5]= 358 [6]= 358 [7]= 358 [8]= 358 [9]= 358 [10]= 358 [11]= 358 [12]= 358 
key_index after (DPU 464) [0]=  82 [1]= 177 [2]= 256 [3]=5754 [4]=5754 [5]=5754 [6]=5754 [7]=5754 [8]=5754 [9]=5754 [10]=5754 [11]=5754 [12]=5754 
key_index after (DPU 465) [0]=  90 [1]= 169 [2]= 267 [3]= 267 [4]= 267 [5]= 267 [6]= 267 [7]= 267 [8]= 267 [9]= 267 [10]= 267 [11]= 267 [12]= 267 
key_index after (DPU 466) [0]=  89 [1]= 171 [2]= 251 [3]= 340 [4]= 340 [5]= 340 [6]= 340 [7]= 340 [8]= 340 [9]= 340 [10]= 340 [11]= 340 [12]= 340 
key_index after (DPU 467) [0]=  78 [1]= 173 [2]= 268 [3]= 268 [4]= 268 [5]= 268 [6]= 268 [7]= 268 [8]= 268 [9]= 268 [10]= 268 [11]= 268 [12]= 268 
key_index after (DPU 468) [0]=  80 [1]= 183 [2]= 271 [3]= 271 [4]= 271 [5]= 271 [6]= 271 [7]= 271 [8]= 271 [9]= 271 [10]= 271 [11]= 271 [12]= 271 
key_index after (DPU 469) [0]=  81 [1]= 159 [2]= 229 [3]= 297 [4]= 297 [5]= 297 [6]= 297 [7]= 297 [8]= 297 [9]= 297 [10]= 297 [11]= 297 [12]= 297 
key_index after (DPU 470) [0]=   0 [1]=   0 [2]=   0 [3]=17948 [4]=17948 [5]=17948 [6]=17948 [7]=17948 [8]=17948 [9]=17948 [10]=17948 [11]=17948 [12]=17948 
key_index after (DPU 471) [0]=  80 [1]= 165 [2]= 252 [3]=4584 [4]=4584 [5]=4584 [6]=4584 [7]=4584 [8]=4584 [9]=4584 [10]=4584 [11]=4584 [12]=4584 
key_index after (DPU 472) [0]=  66 [1]= 163 [2]= 255 [3]= 255 [4]= 255 [5]= 255 [6]= 255 [7]= 255 [8]= 255 [9]= 255 [10]= 255 [11]= 255 [12]= 255 
key_index after (DPU 473) [0]=  85 [1]= 167 [2]= 255 [3]= 255 [4]= 255 [5]= 255 [6]= 255 [7]= 255 [8]= 255 [9]= 255 [10]= 255 [11]= 255 [12]= 255 
key_index after (DPU 474) [0]=  95 [1]= 192 [2]= 287 [3]= 287 [4]= 287 [5]= 287 [6]= 287 [7]= 287 [8]= 287 [9]= 287 [10]= 287 [11]= 287 [12]= 287 
key_index after (DPU 475) [0]=  94 [1]= 193 [2]= 283 [3]=8407 [4]=8407 [5]=8407 [6]=8407 [7]=8407 [8]=8407 [9]=8407 [10]=8407 [11]=8407 [12]=8407 
key_index after (DPU 476) [0]=  81 [1]= 154 [2]= 248 [3]= 316 [4]= 316 [5]= 316 [6]= 316 [7]= 316 [8]= 316 [9]= 316 [10]= 316 [11]= 316 [12]= 316 
key_index after (DPU 477) [0]=  80 [1]= 173 [2]= 261 [3]= 261 [4]= 261 [5]= 261 [6]= 261 [7]= 261 [8]= 261 [9]= 261 [10]= 261 [11]= 261 [12]= 261 
key_index after (DPU 478) [0]=  91 [1]= 179 [2]= 258 [3]= 327 [4]= 327 [5]= 327 [6]= 327 [7]= 327 [8]= 327 [9]= 327 [10]= 327 [11]= 327 [12]= 327 
key_index after (DPU 479) [0]=  82 [1]= 182 [2]= 271 [3]= 271 [4]= 271 [5]= 271 [6]= 271 [7]= 271 [8]= 271 [9]= 271 [10]= 271 [11]= 271 [12]= 271 
key_index after (DPU 480) [0]=  88 [1]= 169 [2]= 260 [3]= 260 [4]= 260 [5]= 260 [6]= 260 [7]= 260 [8]= 260 [9]= 260 [10]= 260 [11]= 260 [12]= 260 
key_index after (DPU 481) [0]=   0 [1]=   0 [2]=   0 [3]=33039 [4]=33039 [5]=33039 [6]=33039 [7]=33039 [8]=33039 [9]=33039 [10]=33039 [11]=33039 [12]=33039 
key_index after (DPU 482) [0]=  77 [1]= 179 [2]= 256 [3]= 256 [4]= 256 [5]= 256 [6]= 256 [7]= 256 [8]= 256 [9]= 256 [10]= 256 [11]= 256 [12]= 256 
key_index after (DPU 483) [0]=  90 [1]= 178 [2]= 269 [3]= 356 [4]= 356 [5]= 356 [6]= 356 [7]= 356 [8]= 356 [9]= 356 [10]= 356 [11]= 356 [12]= 356 
key_index after (DPU 484) [0]=  84 [1]= 178 [2]= 273 [3]= 273 [4]= 273 [5]= 273 [6]= 273 [7]= 273 [8]= 273 [9]= 273 [10]= 273 [11]= 273 [12]= 273 
key_index after (DPU 485) [0]=  96 [1]= 197 [2]= 281 [3]= 383 [4]= 383 [5]= 383 [6]= 383 [7]= 383 [8]= 383 [9]= 383 [10]= 383 [11]= 383 [12]= 383 
key_index after (DPU 486) [0]=  80 [1]= 161 [2]= 273 [3]= 349 [4]= 349 [5]= 349 [6]= 349 [7]= 349 [8]= 349 [9]= 349 [10]= 349 [11]= 349 [12]= 349 
key_index after (DPU 487) [0]=  86 [1]= 168 [2]= 239 [3]= 324 [4]= 324 [5]= 324 [6]= 324 [7]= 324 [8]= 324 [9]= 324 [10]= 324 [11]= 324 [12]= 324 
key_index after (DPU 488) [0]=  89 [1]= 169 [2]= 253 [3]= 253 [4]= 253 [5]= 253 [6]= 253 [7]= 253 [8]= 253 [9]= 253 [10]= 253 [11]= 253 [12]= 253 
key_index after (DPU 489) [0]=  94 [1]= 172 [2]= 248 [3]= 353 [4]= 353 [5]= 353 [6]= 353 [7]= 353 [8]= 353 [9]= 353 [10]= 353 [11]= 353 [12]= 353 
key_index after (DPU 490) [0]= 103 [1]= 189 [2]= 264 [3]= 345 [4]= 345 [5]= 345 [6]= 345 [7]= 345 [8]= 345 [9]= 345 [10]= 345 [11]= 345 [12]= 345 
key_index after (DPU 491) [0]=  93 [1]= 169 [2]= 265 [3]=10462 [4]=10462 [5]=10462 [6]=10462 [7]=10462 [8]=10462 [9]=10462 [10]=10462 [11]=10462 [12]=10462 
key_index after (DPU 492) [0]=  84 [1]= 159 [2]= 219 [3]= 319 [4]= 319 [5]= 319 [6]= 319 [7]= 319 [8]= 319 [9]= 319 [10]= 319 [11]= 319 [12]= 319 
key_index after (DPU 493) [0]=  78 [1]= 160 [2]= 228 [3]=7981 [4]=7981 [5]=7981 [6]=7981 [7]=7981 [8]=7981 [9]=7981 [10]=7981 [11]=7981 [12]=7981 
key_index after (DPU 494) [0]=  78 [1]= 167 [2]= 248 [3]= 343 [4]= 343 [5]= 343 [6]= 343 [7]= 343 [8]= 343 [9]= 343 [10]= 343 [11]= 343 [12]= 343 
key_index after (DPU 495) [0]=  72 [1]= 148 [2]= 219 [3]=9511 [4]=9511 [5]=9511 [6]=9511 [7]=9511 [8]=9511 [9]=9511 [10]=9511 [11]=9511 [12]=9511 
key_index after (DPU 496) [0]=   0 [1]=  76 [2]=  76 [3]=13883 [4]=13883 [5]=13883 [6]=13883 [7]=13883 [8]=13883 [9]=13883 [10]=13883 [11]=13883 [12]=13883 
key_index after (DPU 497) [0]=  92 [1]= 168 [2]= 230 [3]= 312 [4]= 312 [5]= 312 [6]= 312 [7]= 312 [8]= 312 [9]= 312 [10]= 312 [11]= 312 [12]= 312 
key_index after (DPU 498) [0]=  89 [1]= 177 [2]= 261 [3]= 346 [4]= 346 [5]= 346 [6]= 346 [7]= 346 [8]= 346 [9]= 346 [10]= 346 [11]= 346 [12]= 346 
key_index after (DPU 499) [0]=   0 [1]=   0 [2]=   0 [3]=48099 [4]=48099 [5]=48099 [6]=48099 [7]=48099 [8]=48099 [9]=48099 [10]=48099 [11]=48099 [12]=48099 
[1/4] preprocess finished 0.00000sec
sending 1000000 requests for 0 DPUS...
[2/4] send finished 0.00000sec
[3/4]all the dpu execution finished: 0.00000sec
[4/4] batch postprocess finished: 0.00000sec
0.99, 500, 12, 8, 1000000, 139516, 0.42236, 0.41095, 0.00020, 0.00005, 0.00000, 0.00000, 0.00000, 0.00000, 0.83357, 1199662
======= batch 8 =======
key_index before (DPU 0) [0]=   0 [1]=   0 [2]=71803 [3]=71803 [4]=71803 [5]=71803 [6]=71803 [7]=71803 [8]=71803 [9]=71803 [10]=71803 [11]=71803 [12]=71803 
key_index before (DPU 1) [0]=   0 [1]=   0 [2]=25974 [3]=25974 [4]=25974 [5]=25974 [6]=25974 [7]=25974 [8]=25974 [9]=25974 [10]=25974 [11]=25974 [12]=25974 
key_index before (DPU 2) [0]=   0 [1]=   0 [2]=15829 [3]=15829 [4]=15829 [5]=15829 [6]=15829 [7]=15829 [8]=15829 [9]=15829 [10]=15829 [11]=15829 [12]=15829 
key_index before (DPU 3) [0]=   0 [1]=   0 [2]=11275 [3]=11275 [4]=11275 [5]=11275 [6]=11275 [7]=11275 [8]=11275 [9]=11275 [10]=11275 [11]=11275 [12]=11275 
key_index before (DPU 4) [0]=   0 [1]=   0 [2]=8704 [3]=8704 [4]=8704 [5]=8704 [6]=8704 [7]=8704 [8]=8704 [9]=8704 [10]=8704 [11]=8704 [12]=8704 
key_index before (DPU 5) [0]=   0 [1]=   0 [2]=7042 [3]=7042 [4]=7042 [5]=7042 [6]=7042 [7]=7042 [8]=7042 [9]=7042 [10]=7042 [11]=7042 [12]=7042 
key_index before (DPU 6) [0]=   0 [1]=   0 [2]=6087 [3]=6087 [4]=6087 [5]=6087 [6]=6087 [7]=6087 [8]=6087 [9]=6087 [10]=6087 [11]=6087 [12]=6087 
key_index before (DPU 7) [0]=   0 [1]=   0 [2]=5182 [3]=10115 [4]=10115 [5]=10115 [6]=10115 [7]=10115 [8]=10115 [9]=10115 [10]=10115 [11]=10115 [12]=10115 
key_index before (DPU 8) [0]=   0 [1]=   0 [2]=4630 [3]=9049 [4]=9049 [5]=9049 [6]=9049 [7]=9049 [8]=9049 [9]=9049 [10]=9049 [11]=9049 [12]=9049 
key_index before (DPU 9) [0]=   0 [1]=   0 [2]=4206 [3]=8357 [4]=8357 [5]=8357 [6]=8357 [7]=8357 [8]=8357 [9]=8357 [10]=8357 [11]=8357 [12]=8357 
key_index before (DPU 10) [0]=   0 [1]=   0 [2]=3641 [3]=7356 [4]=7356 [5]=7356 [6]=7356 [7]=7356 [8]=7356 [9]=7356 [10]=7356 [11]=7356 [12]=7356 
key_index before (DPU 11) [0]=   0 [1]=   0 [2]=3404 [3]=6875 [4]=6875 [5]=6875 [6]=6875 [7]=6875 [8]=6875 [9]=6875 [10]=6875 [11]=6875 [12]=6875 
key_index before (DPU 12) [0]=   0 [1]=3273 [2]=6381 [3]=9387 [4]=9387 [5]=9387 [6]=9387 [7]=9387 [8]=9387 [9]=9387 [10]=9387 [11]=9387 [12]=9387 
key_index before (DPU 13) [0]=   0 [1]=3020 [2]=5996 [3]=8776 [4]=8776 [5]=8776 [6]=8776 [7]=8776 [8]=8776 [9]=8776 [10]=8776 [11]=8776 [12]=8776 
key_index before (DPU 14) [0]=   0 [1]=2827 [2]=5658 [3]=8374 [4]=8374 [5]=8374 [6]=8374 [7]=8374 [8]=8374 [9]=8374 [10]=8374 [11]=8374 [12]=8374 
key_index before (DPU 15) [0]=   0 [1]=2580 [2]=5156 [3]=7672 [4]=7672 [5]=7672 [6]=7672 [7]=7672 [8]=7672 [9]=7672 [10]=7672 [11]=7672 [12]=7672 
key_index before (DPU 16) [0]=   0 [1]=2408 [2]=4827 [3]=7213 [4]=7213 [5]=7213 [6]=7213 [7]=7213 [8]=7213 [9]=7213 [10]=7213 [11]=7213 [12]=7213 
key_index before (DPU 17) [0]=   0 [1]=2245 [2]=4536 [3]=6743 [4]=6743 [5]=6743 [6]=6743 [7]=6743 [8]=6743 [9]=6743 [10]=6743 [11]=6743 [12]=6743 
key_index before (DPU 18) [0]=   0 [1]=2174 [2]=4361 [3]=6439 [4]=6439 [5]=6439 [6]=6439 [7]=6439 [8]=6439 [9]=6439 [10]=6439 [11]=6439 [12]=6439 
key_index before (DPU 19) [0]=   0 [1]=1952 [2]=3900 [3]=5933 [4]=5933 [5]=5933 [6]=5933 [7]=5933 [8]=5933 [9]=5933 [10]=5933 [11]=5933 [12]=5933 
key_index before (DPU 20) [0]=   0 [1]=1993 [2]=3967 [3]=5873 [4]=5873 [5]=5873 [6]=5873 [7]=5873 [8]=5873 [9]=5873 [10]=5873 [11]=5873 [12]=5873 
key_index before (DPU 21) [0]=   0 [1]=1856 [2]=3727 [3]=5525 [4]=5525 [5]=5525 [6]=5525 [7]=5525 [8]=5525 [9]=5525 [10]=5525 [11]=5525 [12]=5525 
key_index before (DPU 22) [0]=   0 [1]=1722 [2]=3455 [3]=5156 [4]=5156 [5]=5156 [6]=5156 [7]=5156 [8]=5156 [9]=5156 [10]=5156 [11]=5156 [12]=5156 
key_index before (DPU 23) [0]=   0 [1]=1697 [2]=3349 [3]=5006 [4]=5006 [5]=5006 [6]=5006 [7]=5006 [8]=5006 [9]=5006 [10]=5006 [11]=5006 [12]=5006 
key_index before (DPU 24) [0]=   0 [1]=1702 [2]=3317 [3]=4823 [4]=4823 [5]=4823 [6]=4823 [7]=4823 [8]=4823 [9]=4823 [10]=4823 [11]=4823 [12]=4823 
key_index before (DPU 25) [0]=   0 [1]=1585 [2]=3189 [3]=4741 [4]=4741 [5]=4741 [6]=4741 [7]=4741 [8]=4741 [9]=4741 [10]=4741 [11]=4741 [12]=4741 
key_index before (DPU 26) [0]=   0 [1]=1536 [2]=3006 [3]=4527 [4]=4527 [5]=4527 [6]=4527 [7]=4527 [8]=4527 [9]=4527 [10]=4527 [11]=4527 [12]=4527 
key_index before (DPU 27) [0]=   0 [1]=1429 [2]=2853 [3]=4289 [4]=4289 [5]=4289 [6]=4289 [7]=4289 [8]=4289 [9]=4289 [10]=4289 [11]=4289 [12]=4289 
key_index before (DPU 28) [0]=   0 [1]=1387 [2]=2730 [3]=4112 [4]=4112 [5]=4112 [6]=4112 [7]=4112 [8]=4112 [9]=4112 [10]=4112 [11]=4112 [12]=4112 
key_index before (DPU 29) [0]=   0 [1]=1428 [2]=2788 [3]=4097 [4]=4097 [5]=4097 [6]=4097 [7]=4097 [8]=4097 [9]=4097 [10]=4097 [11]=4097 [12]=4097 
key_index before (DPU 30) [0]=   0 [1]=1336 [2]=2631 [3]=3930 [4]=3930 [5]=3930 [6]=3930 [7]=3930 [8]=3930 [9]=3930 [10]=3930 [11]=3930 [12]=3930 
key_index before (DPU 31) [0]=   0 [1]=1264 [2]=2533 [3]=3766 [4]=3766 [5]=3766 [6]=3766 [7]=3766 [8]=3766 [9]=3766 [10]=3766 [11]=3766 [12]=3766 
key_index before (DPU 32) [0]=   0 [1]=1253 [2]=2493 [3]=3729 [4]=3729 [5]=3729 [6]=3729 [7]=3729 [8]=3729 [9]=3729 [10]=3729 [11]=3729 [12]=3729 
key_index before (DPU 33) [0]=   0 [1]=1221 [2]=2469 [3]=3670 [4]=3670 [5]=3670 [6]=3670 [7]=3670 [8]=3670 [9]=3670 [10]=3670 [11]=3670 [12]=3670 
key_index before (DPU 34) [0]=   0 [1]=1140 [2]=2345 [3]=3491 [4]=3491 [5]=3491 [6]=3491 [7]=3491 [8]=3491 [9]=3491 [10]=3491 [11]=3491 [12]=3491 
key_index before (DPU 35) [0]=   0 [1]=1108 [2]=2199 [3]=3280 [4]=3280 [5]=3280 [6]=3280 [7]=3280 [8]=3280 [9]=3280 [10]=3280 [11]=3280 [12]=3280 
key_index before (DPU 36) [0]=   0 [1]=1018 [2]=2144 [3]=3174 [4]=3174 [5]=3174 [6]=3174 [7]=3174 [8]=3174 [9]=3174 [10]=3174 [11]=3174 [12]=3174 
key_index before (DPU 37) [0]=   0 [1]=1029 [2]=2141 [3]=3263 [4]=3263 [5]=3263 [6]=3263 [7]=3263 [8]=3263 [9]=3263 [10]=3263 [11]=3263 [12]=3263 
key_index before (DPU 38) [0]=   0 [1]=1017 [2]=2043 [3]=3041 [4]=3041 [5]=3041 [6]=3041 [7]=3041 [8]=3041 [9]=3041 [10]=3041 [11]=3041 [12]=3041 
key_index before (DPU 39) [0]=   0 [1]=1062 [2]=2108 [3]=3085 [4]=3085 [5]=3085 [6]=3085 [7]=3085 [8]=3085 [9]=3085 [10]=3085 [11]=3085 [12]=3085 
key_index before (DPU 40) [0]=   0 [1]=1003 [2]=1986 [3]=2924 [4]=2924 [5]=2924 [6]=2924 [7]=2924 [8]=2924 [9]=2924 [10]=2924 [11]=2924 [12]=2924 
key_index before (DPU 41) [0]=   0 [1]= 994 [2]=1929 [3]=2889 [4]=2889 [5]=2889 [6]=2889 [7]=2889 [8]=2889 [9]=2889 [10]=2889 [11]=2889 [12]=2889 
key_index before (DPU 42) [0]=   0 [1]= 893 [2]=1789 [3]=2719 [4]=2719 [5]=2719 [6]=2719 [7]=2719 [8]=2719 [9]=2719 [10]=2719 [11]=2719 [12]=2719 
key_index before (DPU 43) [0]=   0 [1]= 865 [2]=1818 [3]=2643 [4]=2643 [5]=2643 [6]=2643 [7]=2643 [8]=2643 [9]=2643 [10]=2643 [11]=2643 [12]=2643 
key_index before (DPU 44) [0]=   0 [1]= 953 [2]=1913 [3]=2813 [4]=2813 [5]=2813 [6]=2813 [7]=2813 [8]=2813 [9]=2813 [10]=2813 [11]=2813 [12]=2813 
key_index before (DPU 45) [0]=   0 [1]= 893 [2]=1766 [3]=2621 [4]=2621 [5]=2621 [6]=2621 [7]=2621 [8]=2621 [9]=2621 [10]=2621 [11]=2621 [12]=2621 
key_index before (DPU 46) [0]=   0 [1]= 873 [2]=1705 [3]=2558 [4]=2558 [5]=2558 [6]=2558 [7]=2558 [8]=2558 [9]=2558 [10]=2558 [11]=2558 [12]=2558 
key_index before (DPU 47) [0]=   0 [1]= 833 [2]=1626 [3]=2444 [4]=2444 [5]=2444 [6]=2444 [7]=2444 [8]=2444 [9]=2444 [10]=2444 [11]=2444 [12]=2444 
key_index before (DPU 48) [0]=   0 [1]= 812 [2]=1615 [3]=2478 [4]=2478 [5]=2478 [6]=2478 [7]=2478 [8]=2478 [9]=2478 [10]=2478 [11]=2478 [12]=2478 
key_index before (DPU 49) [0]=   0 [1]= 835 [2]=1694 [3]=2451 [4]=2451 [5]=2451 [6]=2451 [7]=2451 [8]=2451 [9]=2451 [10]=2451 [11]=2451 [12]=2451 
key_index before (DPU 50) [0]=   0 [1]= 742 [2]=1539 [3]=2370 [4]=2370 [5]=2370 [6]=2370 [7]=2370 [8]=2370 [9]=2370 [10]=2370 [11]=2370 [12]=2370 
key_index before (DPU 51) [0]=   0 [1]= 766 [2]=1538 [3]=2319 [4]=2319 [5]=2319 [6]=2319 [7]=2319 [8]=2319 [9]=2319 [10]=2319 [11]=2319 [12]=2319 
key_index before (DPU 52) [0]=   0 [1]= 759 [2]=1515 [3]=2224 [4]=2224 [5]=2224 [6]=2224 [7]=2224 [8]=2224 [9]=2224 [10]=2224 [11]=2224 [12]=2224 
key_index before (DPU 53) [0]=   0 [1]= 744 [2]=1491 [3]=2250 [4]=2250 [5]=2250 [6]=2250 [7]=2250 [8]=2250 [9]=2250 [10]=2250 [11]=2250 [12]=2250 
key_index before (DPU 54) [0]=   0 [1]= 787 [2]=1528 [3]=2268 [4]=2268 [5]=2268 [6]=2268 [7]=2268 [8]=2268 [9]=2268 [10]=2268 [11]=2268 [12]=2268 
key_index before (DPU 55) [0]=   0 [1]= 705 [2]=1451 [3]=2194 [4]=2194 [5]=2194 [6]=2194 [7]=2194 [8]=2194 [9]=2194 [10]=2194 [11]=2194 [12]=2194 
key_index before (DPU 56) [0]=   0 [1]= 742 [2]=1430 [3]=2117 [4]=2117 [5]=2117 [6]=2117 [7]=2117 [8]=2117 [9]=2117 [10]=2117 [11]=2117 [12]=2117 
key_index before (DPU 57) [0]=   0 [1]= 757 [2]=1477 [3]=2197 [4]=2197 [5]=2197 [6]=2197 [7]=2197 [8]=2197 [9]=2197 [10]=2197 [11]=2197 [12]=2197 
key_index before (DPU 58) [0]=   0 [1]= 687 [2]=1344 [3]=1983 [4]=1983 [5]=1983 [6]=1983 [7]=1983 [8]=1983 [9]=1983 [10]=1983 [11]=1983 [12]=1983 
key_index before (DPU 59) [0]=   0 [1]= 673 [2]=1362 [3]=1984 [4]=1984 [5]=1984 [6]=1984 [7]=1984 [8]=1984 [9]=1984 [10]=1984 [11]=1984 [12]=1984 
key_index before (DPU 60) [0]=   0 [1]= 610 [2]=1294 [3]=1977 [4]=1977 [5]=1977 [6]=1977 [7]=1977 [8]=1977 [9]=1977 [10]=1977 [11]=1977 [12]=1977 
key_index before (DPU 61) [0]=   0 [1]= 642 [2]=1303 [3]=1936 [4]=1936 [5]=1936 [6]=1936 [7]=1936 [8]=1936 [9]=1936 [10]=1936 [11]=1936 [12]=1936 
key_index before (DPU 62) [0]=   0 [1]= 655 [2]=1332 [3]=1931 [4]=1931 [5]=1931 [6]=1931 [7]=1931 [8]=1931 [9]=1931 [10]=1931 [11]=1931 [12]=1931 
key_index before (DPU 63) [0]=   0 [1]= 669 [2]=1342 [3]=1970 [4]=1970 [5]=1970 [6]=1970 [7]=1970 [8]=1970 [9]=1970 [10]=1970 [11]=1970 [12]=1970 
key_index before (DPU 64) [0]=   0 [1]= 703 [2]=1300 [3]=1917 [4]=1917 [5]=1917 [6]=1917 [7]=1917 [8]=1917 [9]=1917 [10]=1917 [11]=1917 [12]=1917 
key_index before (DPU 65) [0]=   0 [1]= 583 [2]=1203 [3]=1789 [4]=1789 [5]=1789 [6]=1789 [7]=1789 [8]=1789 [9]=1789 [10]=1789 [11]=1789 [12]=1789 
key_index before (DPU 66) [0]=   0 [1]= 611 [2]=1220 [3]=1774 [4]=1774 [5]=1774 [6]=1774 [7]=1774 [8]=1774 [9]=1774 [10]=1774 [11]=1774 [12]=1774 
key_index before (DPU 67) [0]=   0 [1]= 609 [2]=1198 [3]=1805 [4]=1805 [5]=1805 [6]=1805 [7]=1805 [8]=1805 [9]=1805 [10]=1805 [11]=1805 [12]=1805 
key_index before (DPU 68) [0]=   0 [1]= 618 [2]=1241 [3]=1770 [4]=1770 [5]=1770 [6]=1770 [7]=1770 [8]=1770 [9]=1770 [10]=1770 [11]=1770 [12]=1770 
key_index before (DPU 69) [0]=   0 [1]= 593 [2]=1188 [3]=1759 [4]=1759 [5]=1759 [6]=1759 [7]=1759 [8]=1759 [9]=1759 [10]=1759 [11]=1759 [12]=1759 
key_index before (DPU 70) [0]=   0 [1]= 566 [2]=1123 [3]=1686 [4]=1686 [5]=1686 [6]=1686 [7]=1686 [8]=1686 [9]=1686 [10]=1686 [11]=1686 [12]=1686 
key_index before (DPU 71) [0]=   0 [1]= 589 [2]=1119 [3]=1667 [4]=1667 [5]=1667 [6]=1667 [7]=1667 [8]=1667 [9]=1667 [10]=1667 [11]=1667 [12]=1667 
key_index before (DPU 72) [0]=   0 [1]= 547 [2]=1073 [3]=1622 [4]=1622 [5]=1622 [6]=1622 [7]=1622 [8]=1622 [9]=1622 [10]=1622 [11]=1622 [12]=1622 
key_index before (DPU 73) [0]=   0 [1]= 560 [2]=1119 [3]=1658 [4]=1658 [5]=1658 [6]=1658 [7]=1658 [8]=1658 [9]=1658 [10]=1658 [11]=1658 [12]=1658 
key_index before (DPU 74) [0]=   0 [1]= 536 [2]=1106 [3]=1622 [4]=1622 [5]=1622 [6]=1622 [7]=1622 [8]=1622 [9]=1622 [10]=1622 [11]=1622 [12]=1622 
key_index before (DPU 75) [0]=   0 [1]= 538 [2]=1088 [3]=1633 [4]=1633 [5]=1633 [6]=1633 [7]=1633 [8]=1633 [9]=1633 [10]=1633 [11]=1633 [12]=1633 
key_index before (DPU 76) [0]=   0 [1]= 559 [2]=1082 [3]=1539 [4]=1539 [5]=1539 [6]=1539 [7]=1539 [8]=1539 [9]=1539 [10]=1539 [11]=1539 [12]=1539 
key_index before (DPU 77) [0]=   0 [1]= 514 [2]=1014 [3]=1541 [4]=1541 [5]=1541 [6]=1541 [7]=1541 [8]=1541 [9]=1541 [10]=1541 [11]=1541 [12]=1541 
key_index before (DPU 78) [0]=   0 [1]= 539 [2]=1071 [3]=1566 [4]=1566 [5]=1566 [6]=1566 [7]=1566 [8]=1566 [9]=1566 [10]=1566 [11]=1566 [12]=1566 
key_index before (DPU 79) [0]=   0 [1]= 519 [2]=1009 [3]=1507 [4]=1507 [5]=1507 [6]=1507 [7]=1507 [8]=1507 [9]=1507 [10]=1507 [11]=1507 [12]=1507 
key_index before (DPU 80) [0]=   0 [1]= 506 [2]=1065 [3]=1560 [4]=1560 [5]=1560 [6]=1560 [7]=1560 [8]=1560 [9]=1560 [10]=1560 [11]=1560 [12]=1560 
key_index before (DPU 81) [0]=   0 [1]= 502 [2]=1013 [3]=1509 [4]=1509 [5]=1509 [6]=1509 [7]=1509 [8]=1509 [9]=1509 [10]=1509 [11]=1509 [12]=1509 
key_index before (DPU 82) [0]=   0 [1]= 504 [2]= 956 [3]=1432 [4]=1432 [5]=1432 [6]=1432 [7]=1432 [8]=1432 [9]=1432 [10]=1432 [11]=1432 [12]=1432 
key_index before (DPU 83) [0]=   0 [1]= 479 [2]= 944 [3]=1418 [4]=1418 [5]=1418 [6]=1418 [7]=1418 [8]=1418 [9]=1418 [10]=1418 [11]=1418 [12]=1418 
key_index before (DPU 84) [0]=   0 [1]= 483 [2]= 949 [3]=1438 [4]=1438 [5]=1438 [6]=1438 [7]=1438 [8]=1438 [9]=1438 [10]=1438 [11]=1438 [12]=1438 
key_index before (DPU 85) [0]=   0 [1]= 429 [2]= 904 [3]=1351 [4]=1351 [5]=1351 [6]=1351 [7]=1351 [8]=1351 [9]=1351 [10]=1351 [11]=1351 [12]=1351 
key_index before (DPU 86) [0]=   0 [1]= 468 [2]= 967 [3]=1481 [4]=1481 [5]=1481 [6]=1481 [7]=1481 [8]=1481 [9]=1481 [10]=1481 [11]=1481 [12]=1481 
key_index before (DPU 87) [0]=   0 [1]= 501 [2]= 954 [3]=1408 [4]=1408 [5]=1408 [6]=1408 [7]=1408 [8]=1408 [9]=1408 [10]=1408 [11]=1408 [12]=1408 
key_index before (DPU 88) [0]=   0 [1]= 458 [2]= 915 [3]=1377 [4]=1377 [5]=1377 [6]=1377 [7]=1377 [8]=1377 [9]=1377 [10]=1377 [11]=1377 [12]=1377 
key_index before (DPU 89) [0]=   0 [1]= 441 [2]= 887 [3]=1360 [4]=1360 [5]=1360 [6]=1360 [7]=1360 [8]=1360 [9]=1360 [10]=1360 [11]=1360 [12]=1360 
key_index before (DPU 90) [0]=   0 [1]= 418 [2]= 885 [3]=1324 [4]=1324 [5]=1324 [6]=1324 [7]=1324 [8]=1324 [9]=1324 [10]=1324 [11]=1324 [12]=1324 
key_index before (DPU 91) [0]=   0 [1]= 463 [2]= 904 [3]=1346 [4]=1346 [5]=1346 [6]=1346 [7]=1346 [8]=1346 [9]=1346 [10]=1346 [11]=1346 [12]=1346 
key_index before (DPU 92) [0]=   0 [1]= 430 [2]= 826 [3]=1275 [4]=1275 [5]=1275 [6]=1275 [7]=1275 [8]=1275 [9]=1275 [10]=1275 [11]=1275 [12]=1275 
key_index before (DPU 93) [0]=   0 [1]= 429 [2]= 893 [3]=1329 [4]=1329 [5]=1329 [6]=1329 [7]=1329 [8]=1329 [9]=1329 [10]=1329 [11]=1329 [12]=1329 
key_index before (DPU 94) [0]=   0 [1]= 467 [2]= 884 [3]=1289 [4]=1289 [5]=1289 [6]=1289 [7]=1289 [8]=1289 [9]=1289 [10]=1289 [11]=1289 [12]=1289 
key_index before (DPU 95) [0]=   0 [1]= 446 [2]= 842 [3]=1234 [4]=1234 [5]=1234 [6]=1234 [7]=1234 [8]=1234 [9]=1234 [10]=1234 [11]=1234 [12]=1234 
key_index before (DPU 96) [0]=   0 [1]= 426 [2]= 847 [3]=1282 [4]=1282 [5]=1282 [6]=1282 [7]=1282 [8]=1282 [9]=1282 [10]=1282 [11]=1282 [12]=1282 
key_index before (DPU 97) [0]=   0 [1]= 431 [2]= 798 [3]=1218 [4]=1218 [5]=1218 [6]=1218 [7]=1218 [8]=1218 [9]=1218 [10]=1218 [11]=1218 [12]=1218 
key_index before (DPU 98) [0]=   0 [1]= 388 [2]= 829 [3]=1226 [4]=1226 [5]=1226 [6]=1226 [7]=1226 [8]=1226 [9]=1226 [10]=1226 [11]=1226 [12]=1226 
key_index before (DPU 99) [0]=   0 [1]= 398 [2]= 820 [3]=1202 [4]=1202 [5]=1202 [6]=1202 [7]=1202 [8]=1202 [9]=1202 [10]=1202 [11]=1202 [12]=1202 
key_index before (DPU 100) [0]=   0 [1]= 409 [2]= 832 [3]=1244 [4]=1244 [5]=1244 [6]=1244 [7]=1244 [8]=1244 [9]=1244 [10]=1244 [11]=1244 [12]=1244 
key_index before (DPU 101) [0]=   0 [1]= 428 [2]= 840 [3]=1271 [4]=1271 [5]=1271 [6]=1271 [7]=1271 [8]=1271 [9]=1271 [10]=1271 [11]=1271 [12]=1271 
key_index before (DPU 102) [0]=   0 [1]= 391 [2]= 788 [3]=1200 [4]=1200 [5]=1200 [6]=1200 [7]=1200 [8]=1200 [9]=1200 [10]=1200 [11]=1200 [12]=1200 
key_index before (DPU 103) [0]=   0 [1]= 402 [2]= 753 [3]=1133 [4]=1133 [5]=1133 [6]=1133 [7]=1133 [8]=1133 [9]=1133 [10]=1133 [11]=1133 [12]=1133 
key_index before (DPU 104) [0]=   0 [1]= 402 [2]= 816 [3]=1218 [4]=1218 [5]=1218 [6]=1218 [7]=1218 [8]=1218 [9]=1218 [10]=1218 [11]=1218 [12]=1218 
key_index before (DPU 105) [0]=   0 [1]= 427 [2]= 825 [3]=1208 [4]=1208 [5]=1208 [6]=1208 [7]=1208 [8]=1208 [9]=1208 [10]=1208 [11]=1208 [12]=1208 
key_index before (DPU 106) [0]=   0 [1]= 402 [2]= 778 [3]=1158 [4]=1158 [5]=1158 [6]=1158 [7]=1158 [8]=1158 [9]=1158 [10]=1158 [11]=1158 [12]=1158 
key_index before (DPU 107) [0]=   0 [1]= 367 [2]= 773 [3]=1119 [4]=1119 [5]=1119 [6]=1119 [7]=1119 [8]=1119 [9]=1119 [10]=1119 [11]=1119 [12]=1119 
key_index before (DPU 108) [0]=   0 [1]= 377 [2]= 732 [3]=1101 [4]=1101 [5]=1101 [6]=1101 [7]=1101 [8]=1101 [9]=1101 [10]=1101 [11]=1101 [12]=1101 
key_index before (DPU 109) [0]=   0 [1]= 365 [2]= 763 [3]=1122 [4]=1122 [5]=1122 [6]=1122 [7]=1122 [8]=1122 [9]=1122 [10]=1122 [11]=1122 [12]=1122 
key_index before (DPU 110) [0]=   0 [1]= 348 [2]= 687 [3]=1046 [4]=1046 [5]=1046 [6]=1046 [7]=1046 [8]=1046 [9]=1046 [10]=1046 [11]=1046 [12]=1046 
key_index before (DPU 111) [0]=   0 [1]= 355 [2]= 727 [3]=1108 [4]=1108 [5]=1108 [6]=1108 [7]=1108 [8]=1108 [9]=1108 [10]=1108 [11]=1108 [12]=1108 
key_index before (DPU 112) [0]=   0 [1]= 375 [2]= 746 [3]=1132 [4]=1132 [5]=1132 [6]=1132 [7]=1132 [8]=1132 [9]=1132 [10]=1132 [11]=1132 [12]=1132 
key_index before (DPU 113) [0]=   0 [1]= 347 [2]= 703 [3]=1030 [4]=1030 [5]=1030 [6]=1030 [7]=1030 [8]=1030 [9]=1030 [10]=1030 [11]=1030 [12]=1030 
key_index before (DPU 114) [0]=   0 [1]= 337 [2]= 682 [3]=1031 [4]=1031 [5]=1031 [6]=1031 [7]=1031 [8]=1031 [9]=1031 [10]=1031 [11]=1031 [12]=1031 
key_index before (DPU 115) [0]=   0 [1]= 356 [2]= 661 [3]=1025 [4]=1025 [5]=1025 [6]=1025 [7]=1025 [8]=1025 [9]=1025 [10]=1025 [11]=1025 [12]=1025 
key_index before (DPU 116) [0]=   0 [1]= 335 [2]= 689 [3]=1016 [4]=1016 [5]=1016 [6]=1016 [7]=1016 [8]=1016 [9]=1016 [10]=1016 [11]=1016 [12]=1016 
key_index before (DPU 117) [0]=   0 [1]= 330 [2]= 671 [3]=1019 [4]=1019 [5]=1019 [6]=1019 [7]=1019 [8]=1019 [9]=1019 [10]=1019 [11]=1019 [12]=1019 
key_index before (DPU 118) [0]=   0 [1]= 372 [2]= 739 [3]=1089 [4]=1089 [5]=1089 [6]=1089 [7]=1089 [8]=1089 [9]=1089 [10]=1089 [11]=1089 [12]=1089 
key_index before (DPU 119) [0]=   0 [1]= 348 [2]= 682 [3]=1024 [4]=1024 [5]=1024 [6]=1024 [7]=1024 [8]=1024 [9]=1024 [10]=1024 [11]=1024 [12]=1024 
key_index before (DPU 120) [0]=   0 [1]= 348 [2]= 635 [3]= 974 [4]= 974 [5]= 974 [6]= 974 [7]= 974 [8]= 974 [9]= 974 [10]= 974 [11]= 974 [12]= 974 
key_index before (DPU 121) [0]=   0 [1]= 313 [2]= 651 [3]=1005 [4]=1005 [5]=1005 [6]=1005 [7]=1005 [8]=1005 [9]=1005 [10]=1005 [11]=1005 [12]=1005 
key_index before (DPU 122) [0]=   0 [1]= 351 [2]= 693 [3]=1041 [4]=1041 [5]=1041 [6]=1041 [7]=1041 [8]=1041 [9]=1041 [10]=1041 [11]=1041 [12]=1041 
key_index before (DPU 123) [0]=   0 [1]= 314 [2]= 655 [3]= 980 [4]= 980 [5]= 980 [6]= 980 [7]= 980 [8]= 980 [9]= 980 [10]= 980 [11]= 980 [12]= 980 
key_index before (DPU 124) [0]=   0 [1]= 329 [2]= 633 [3]= 942 [4]= 942 [5]= 942 [6]= 942 [7]= 942 [8]= 942 [9]= 942 [10]= 942 [11]= 942 [12]= 942 
key_index before (DPU 125) [0]=   0 [1]= 306 [2]= 662 [3]= 996 [4]= 996 [5]= 996 [6]= 996 [7]= 996 [8]= 996 [9]= 996 [10]= 996 [11]= 996 [12]= 996 
key_index before (DPU 126) [0]=   0 [1]= 333 [2]= 684 [3]=1007 [4]=1007 [5]=1007 [6]=1007 [7]=1007 [8]=1007 [9]=1007 [10]=1007 [11]=1007 [12]=1007 
key_index before (DPU 127) [0]=   0 [1]= 328 [2]= 625 [3]= 899 [4]= 899 [5]= 899 [6]= 899 [7]= 899 [8]= 899 [9]= 899 [10]= 899 [11]= 899 [12]= 899 
key_index before (DPU 128) [0]=   0 [1]= 334 [2]= 632 [3]= 938 [4]= 938 [5]= 938 [6]= 938 [7]= 938 [8]= 938 [9]= 938 [10]= 938 [11]= 938 [12]= 938 
key_index before (DPU 129) [0]=   0 [1]= 328 [2]= 682 [3]= 993 [4]= 993 [5]= 993 [6]= 993 [7]= 993 [8]= 993 [9]= 993 [10]= 993 [11]= 993 [12]= 993 
key_index before (DPU 130) [0]=   0 [1]= 328 [2]= 634 [3]= 934 [4]= 934 [5]= 934 [6]= 934 [7]= 934 [8]= 934 [9]= 934 [10]= 934 [11]= 934 [12]= 934 
key_index before (DPU 131) [0]=   0 [1]= 328 [2]= 632 [3]= 912 [4]= 912 [5]= 912 [6]= 912 [7]= 912 [8]= 912 [9]= 912 [10]= 912 [11]= 912 [12]= 912 
key_index before (DPU 132) [0]=   0 [1]= 283 [2]= 586 [3]= 890 [4]= 890 [5]= 890 [6]= 890 [7]= 890 [8]= 890 [9]= 890 [10]= 890 [11]= 890 [12]= 890 
key_index before (DPU 133) [0]=   0 [1]= 300 [2]= 595 [3]= 925 [4]= 925 [5]= 925 [6]= 925 [7]= 925 [8]= 925 [9]= 925 [10]= 925 [11]= 925 [12]= 925 
key_index before (DPU 134) [0]=   0 [1]= 271 [2]= 571 [3]= 875 [4]= 875 [5]= 875 [6]= 875 [7]= 875 [8]= 875 [9]= 875 [10]= 875 [11]= 875 [12]= 875 
key_index before (DPU 135) [0]=   0 [1]= 289 [2]= 620 [3]= 941 [4]= 941 [5]= 941 [6]= 941 [7]= 941 [8]= 941 [9]= 941 [10]= 941 [11]= 941 [12]= 941 
key_index before (DPU 136) [0]=   0 [1]= 295 [2]= 613 [3]= 875 [4]= 875 [5]= 875 [6]= 875 [7]= 875 [8]= 875 [9]= 875 [10]= 875 [11]= 875 [12]= 875 
key_index before (DPU 137) [0]=   0 [1]= 300 [2]= 584 [3]= 888 [4]= 888 [5]= 888 [6]= 888 [7]= 888 [8]= 888 [9]= 888 [10]= 888 [11]= 888 [12]= 888 
key_index before (DPU 138) [0]=   0 [1]= 311 [2]= 581 [3]= 889 [4]= 889 [5]= 889 [6]= 889 [7]= 889 [8]= 889 [9]= 889 [10]= 889 [11]= 889 [12]= 889 
key_index before (DPU 139) [0]=   0 [1]= 255 [2]= 545 [3]= 839 [4]= 839 [5]= 839 [6]= 839 [7]= 839 [8]= 839 [9]= 839 [10]= 839 [11]= 839 [12]= 839 
key_index before (DPU 140) [0]=   0 [1]= 284 [2]= 597 [3]= 895 [4]= 895 [5]= 895 [6]= 895 [7]= 895 [8]= 895 [9]= 895 [10]= 895 [11]= 895 [12]= 895 
key_index before (DPU 141) [0]=   0 [1]= 296 [2]= 600 [3]= 879 [4]= 879 [5]= 879 [6]= 879 [7]= 879 [8]= 879 [9]= 879 [10]= 879 [11]= 879 [12]= 879 
key_index before (DPU 142) [0]=   0 [1]= 270 [2]= 552 [3]= 830 [4]= 830 [5]= 830 [6]= 830 [7]= 830 [8]= 830 [9]= 830 [10]= 830 [11]= 830 [12]= 830 
key_index before (DPU 143) [0]=   0 [1]= 266 [2]= 534 [3]= 836 [4]= 836 [5]= 836 [6]= 836 [7]= 836 [8]= 836 [9]= 836 [10]= 836 [11]= 836 [12]= 836 
key_index before (DPU 144) [0]=   0 [1]= 269 [2]= 535 [3]= 819 [4]= 819 [5]= 819 [6]= 819 [7]= 819 [8]= 819 [9]= 819 [10]= 819 [11]= 819 [12]= 819 
key_index before (DPU 145) [0]=   0 [1]= 270 [2]= 560 [3]= 802 [4]= 802 [5]= 802 [6]= 802 [7]= 802 [8]= 802 [9]= 802 [10]= 802 [11]= 802 [12]= 802 
key_index before (DPU 146) [0]=   0 [1]= 286 [2]= 562 [3]= 844 [4]= 844 [5]= 844 [6]= 844 [7]= 844 [8]= 844 [9]= 844 [10]= 844 [11]= 844 [12]= 844 
key_index before (DPU 147) [0]=   0 [1]= 268 [2]= 534 [3]= 790 [4]= 790 [5]= 790 [6]= 790 [7]= 790 [8]= 790 [9]= 790 [10]= 790 [11]= 790 [12]= 790 
key_index before (DPU 148) [0]=   0 [1]= 299 [2]= 564 [3]= 832 [4]= 832 [5]= 832 [6]= 832 [7]= 832 [8]= 832 [9]= 832 [10]= 832 [11]= 832 [12]= 832 
key_index before (DPU 149) [0]=   0 [1]= 257 [2]= 568 [3]= 822 [4]= 822 [5]= 822 [6]= 822 [7]= 822 [8]= 822 [9]= 822 [10]= 822 [11]= 822 [12]= 822 
key_index before (DPU 150) [0]=   0 [1]= 276 [2]= 534 [3]= 806 [4]= 806 [5]= 806 [6]= 806 [7]= 806 [8]= 806 [9]= 806 [10]= 806 [11]= 806 [12]= 806 
key_index before (DPU 151) [0]=   0 [1]= 278 [2]= 541 [3]= 812 [4]= 812 [5]= 812 [6]= 812 [7]= 812 [8]= 812 [9]= 812 [10]= 812 [11]= 812 [12]= 812 
key_index before (DPU 152) [0]=   0 [1]= 272 [2]= 533 [3]= 791 [4]= 791 [5]= 791 [6]= 791 [7]= 791 [8]= 791 [9]= 791 [10]= 791 [11]= 791 [12]= 791 
key_index before (DPU 153) [0]=   0 [1]= 276 [2]= 552 [3]= 812 [4]= 812 [5]= 812 [6]= 812 [7]= 812 [8]= 812 [9]= 812 [10]= 812 [11]= 812 [12]= 812 
key_index before (DPU 154) [0]=   0 [1]= 277 [2]= 522 [3]= 785 [4]= 785 [5]= 785 [6]= 785 [7]= 785 [8]= 785 [9]= 785 [10]= 785 [11]= 785 [12]= 785 
key_index before (DPU 155) [0]=   0 [1]= 254 [2]= 503 [3]= 743 [4]= 743 [5]= 743 [6]= 743 [7]= 743 [8]= 743 [9]= 743 [10]= 743 [11]= 743 [12]= 743 
key_index before (DPU 156) [0]=   0 [1]= 279 [2]= 521 [3]= 751 [4]= 751 [5]= 751 [6]= 751 [7]= 751 [8]= 751 [9]= 751 [10]= 751 [11]= 751 [12]= 751 
key_index before (DPU 157) [0]=   0 [1]= 232 [2]= 510 [3]= 804 [4]= 804 [5]= 804 [6]= 804 [7]= 804 [8]= 804 [9]= 804 [10]= 804 [11]= 804 [12]= 804 
key_index before (DPU 158) [0]=   0 [1]= 266 [2]= 552 [3]= 804 [4]= 804 [5]= 804 [6]= 804 [7]= 804 [8]= 804 [9]= 804 [10]= 804 [11]= 804 [12]= 804 
key_index before (DPU 159) [0]=   0 [1]= 288 [2]= 537 [3]= 760 [4]= 760 [5]= 760 [6]= 760 [7]= 760 [8]= 760 [9]= 760 [10]= 760 [11]= 760 [12]= 760 
key_index before (DPU 160) [0]=   0 [1]= 221 [2]= 482 [3]= 736 [4]= 736 [5]= 736 [6]= 736 [7]= 736 [8]= 736 [9]= 736 [10]= 736 [11]= 736 [12]= 736 
key_index before (DPU 161) [0]=   0 [1]= 226 [2]= 472 [3]= 742 [4]= 742 [5]= 742 [6]= 742 [7]= 742 [8]= 742 [9]= 742 [10]= 742 [11]= 742 [12]= 742 
key_index before (DPU 162) [0]=   0 [1]= 264 [2]= 517 [3]= 778 [4]= 778 [5]= 778 [6]= 778 [7]= 778 [8]= 778 [9]= 778 [10]= 778 [11]= 778 [12]= 778 
key_index before (DPU 163) [0]=   0 [1]= 210 [2]= 418 [3]= 676 [4]= 676 [5]= 676 [6]= 676 [7]= 676 [8]= 676 [9]= 676 [10]= 676 [11]= 676 [12]= 676 
key_index before (DPU 164) [0]=   0 [1]= 260 [2]= 538 [3]= 773 [4]= 773 [5]= 773 [6]= 773 [7]= 773 [8]= 773 [9]= 773 [10]= 773 [11]= 773 [12]= 773 
key_index before (DPU 165) [0]=   0 [1]= 261 [2]= 502 [3]= 712 [4]= 712 [5]= 712 [6]= 712 [7]= 712 [8]= 712 [9]= 712 [10]= 712 [11]= 712 [12]= 712 
key_index before (DPU 166) [0]=   0 [1]= 251 [2]= 470 [3]= 695 [4]= 695 [5]= 695 [6]= 695 [7]= 695 [8]= 695 [9]= 695 [10]= 695 [11]= 695 [12]= 695 
key_index before (DPU 167) [0]=   0 [1]= 232 [2]= 475 [3]= 726 [4]= 726 [5]= 726 [6]= 726 [7]= 726 [8]= 726 [9]= 726 [10]= 726 [11]= 726 [12]= 726 
key_index before (DPU 168) [0]=   0 [1]= 271 [2]= 512 [3]= 774 [4]= 774 [5]= 774 [6]= 774 [7]= 774 [8]= 774 [9]= 774 [10]= 774 [11]= 774 [12]= 774 
key_index before (DPU 169) [0]=   0 [1]= 246 [2]= 489 [3]= 750 [4]= 750 [5]= 750 [6]= 750 [7]= 750 [8]= 750 [9]= 750 [10]= 750 [11]= 750 [12]= 750 
key_index before (DPU 170) [0]=   0 [1]= 237 [2]= 492 [3]= 746 [4]= 746 [5]= 746 [6]= 746 [7]= 746 [8]= 746 [9]= 746 [10]= 746 [11]= 746 [12]= 746 
key_index before (DPU 171) [0]=   0 [1]= 246 [2]= 482 [3]= 717 [4]= 717 [5]= 717 [6]= 717 [7]= 717 [8]= 717 [9]= 717 [10]= 717 [11]= 717 [12]= 717 
key_index before (DPU 172) [0]=   0 [1]= 242 [2]= 447 [3]= 681 [4]= 681 [5]= 681 [6]= 681 [7]= 681 [8]= 681 [9]= 681 [10]= 681 [11]= 681 [12]= 681 
key_index before (DPU 173) [0]=   0 [1]= 192 [2]= 427 [3]= 644 [4]= 644 [5]= 644 [6]= 644 [7]= 644 [8]= 644 [9]= 644 [10]= 644 [11]= 644 [12]= 644 
key_index before (DPU 174) [0]=   0 [1]= 248 [2]= 471 [3]= 709 [4]= 709 [5]= 709 [6]= 709 [7]= 709 [8]= 709 [9]= 709 [10]= 709 [11]= 709 [12]= 709 
key_index before (DPU 175) [0]=   0 [1]= 236 [2]= 464 [3]= 678 [4]= 678 [5]= 678 [6]= 678 [7]= 678 [8]= 678 [9]= 678 [10]= 678 [11]= 678 [12]= 678 
key_index before (DPU 176) [0]=   0 [1]= 254 [2]= 498 [3]= 690 [4]= 690 [5]= 690 [6]= 690 [7]= 690 [8]= 690 [9]= 690 [10]= 690 [11]= 690 [12]= 690 
key_index before (DPU 177) [0]=   0 [1]= 234 [2]= 461 [3]= 686 [4]= 686 [5]= 686 [6]= 686 [7]= 686 [8]= 686 [9]= 686 [10]= 686 [11]= 686 [12]= 686 
key_index before (DPU 178) [0]=   0 [1]= 221 [2]= 449 [3]= 675 [4]= 675 [5]= 675 [6]= 675 [7]= 675 [8]= 675 [9]= 675 [10]= 675 [11]= 675 [12]= 675 
key_index before (DPU 179) [0]=   0 [1]= 206 [2]= 427 [3]= 626 [4]= 626 [5]= 626 [6]= 626 [7]= 626 [8]= 626 [9]= 626 [10]= 626 [11]= 626 [12]= 626 
key_index before (DPU 180) [0]=   0 [1]= 226 [2]= 442 [3]= 685 [4]= 685 [5]= 685 [6]= 685 [7]= 685 [8]= 685 [9]= 685 [10]= 685 [11]= 685 [12]= 685 
key_index before (DPU 181) [0]=   0 [1]= 208 [2]= 434 [3]= 668 [4]= 668 [5]= 668 [6]= 668 [7]= 668 [8]= 668 [9]= 668 [10]= 668 [11]= 668 [12]= 668 
key_index before (DPU 182) [0]=   0 [1]= 201 [2]= 431 [3]= 646 [4]= 646 [5]= 646 [6]= 646 [7]= 646 [8]= 646 [9]= 646 [10]= 646 [11]= 646 [12]= 646 
key_index before (DPU 183) [0]=   0 [1]= 212 [2]= 406 [3]= 619 [4]= 619 [5]= 619 [6]= 619 [7]= 619 [8]= 619 [9]= 619 [10]= 619 [11]= 619 [12]= 619 
key_index before (DPU 184) [0]=   0 [1]= 193 [2]= 396 [3]= 635 [4]= 635 [5]= 635 [6]= 635 [7]= 635 [8]= 635 [9]= 635 [10]= 635 [11]= 635 [12]= 635 
key_index before (DPU 185) [0]=   0 [1]= 210 [2]= 438 [3]= 653 [4]= 653 [5]= 653 [6]= 653 [7]= 653 [8]= 653 [9]= 653 [10]= 653 [11]= 653 [12]= 653 
key_index before (DPU 186) [0]=   0 [1]= 215 [2]= 415 [3]= 636 [4]= 636 [5]= 636 [6]= 636 [7]= 636 [8]= 636 [9]= 636 [10]= 636 [11]= 636 [12]= 636 
key_index before (DPU 187) [0]=   0 [1]= 210 [2]= 418 [3]= 651 [4]= 651 [5]= 651 [6]= 651 [7]= 651 [8]= 651 [9]= 651 [10]= 651 [11]= 651 [12]= 651 
key_index before (DPU 188) [0]=   0 [1]= 198 [2]= 411 [3]= 597 [4]= 597 [5]= 597 [6]= 597 [7]= 597 [8]= 597 [9]= 597 [10]= 597 [11]= 597 [12]= 597 
key_index before (DPU 189) [0]=   0 [1]= 196 [2]= 420 [3]= 598 [4]= 598 [5]= 598 [6]= 598 [7]= 598 [8]= 598 [9]= 598 [10]= 598 [11]= 598 [12]= 598 
key_index before (DPU 190) [0]=   0 [1]= 205 [2]= 423 [3]= 616 [4]= 616 [5]= 616 [6]= 616 [7]= 616 [8]= 616 [9]= 616 [10]= 616 [11]= 616 [12]= 616 
key_index before (DPU 191) [0]=   0 [1]= 233 [2]= 439 [3]= 658 [4]= 658 [5]= 658 [6]= 658 [7]= 658 [8]= 658 [9]= 658 [10]= 658 [11]= 658 [12]= 658 
key_index before (DPU 192) [0]=   0 [1]= 195 [2]= 422 [3]= 632 [4]= 632 [5]= 632 [6]= 632 [7]= 632 [8]= 632 [9]= 632 [10]= 632 [11]= 632 [12]= 632 
key_index before (DPU 193) [0]=   0 [1]= 220 [2]= 421 [3]= 620 [4]= 620 [5]= 620 [6]= 620 [7]= 620 [8]= 620 [9]= 620 [10]= 620 [11]= 620 [12]= 620 
key_index before (DPU 194) [0]=   0 [1]= 203 [2]= 420 [3]= 631 [4]= 631 [5]= 631 [6]= 631 [7]= 631 [8]= 631 [9]= 631 [10]= 631 [11]= 631 [12]= 631 
key_index before (DPU 195) [0]=   0 [1]= 218 [2]= 395 [3]= 576 [4]= 576 [5]= 576 [6]= 576 [7]= 576 [8]= 576 [9]= 576 [10]= 576 [11]= 576 [12]= 576 
key_index before (DPU 196) [0]=   0 [1]= 205 [2]= 393 [3]= 633 [4]= 633 [5]= 633 [6]= 633 [7]= 633 [8]= 633 [9]= 633 [10]= 633 [11]= 633 [12]= 633 
key_index before (DPU 197) [0]=   0 [1]= 218 [2]= 388 [3]= 578 [4]= 578 [5]= 578 [6]= 578 [7]= 578 [8]= 578 [9]= 578 [10]= 578 [11]= 578 [12]= 578 
key_index before (DPU 198) [0]=   0 [1]= 214 [2]= 402 [3]= 620 [4]= 620 [5]= 620 [6]= 620 [7]= 620 [8]= 620 [9]= 620 [10]= 620 [11]= 620 [12]= 620 
key_index before (DPU 199) [0]=   0 [1]= 191 [2]= 391 [3]= 598 [4]= 598 [5]= 598 [6]= 598 [7]= 598 [8]= 598 [9]= 598 [10]= 598 [11]= 598 [12]= 598 
key_index before (DPU 200) [0]=   0 [1]= 212 [2]= 411 [3]= 635 [4]= 635 [5]= 635 [6]= 635 [7]= 635 [8]= 635 [9]= 635 [10]= 635 [11]= 635 [12]= 635 
key_index before (DPU 201) [0]=   0 [1]= 183 [2]= 399 [3]= 589 [4]= 589 [5]= 589 [6]= 589 [7]= 589 [8]= 589 [9]= 589 [10]= 589 [11]= 589 [12]= 589 
key_index before (DPU 202) [0]=   0 [1]= 175 [2]= 396 [3]= 621 [4]= 621 [5]= 621 [6]= 621 [7]= 621 [8]= 621 [9]= 621 [10]= 621 [11]= 621 [12]= 621 
key_index before (DPU 203) [0]=   0 [1]= 205 [2]= 408 [3]= 600 [4]= 600 [5]= 600 [6]= 600 [7]= 600 [8]= 600 [9]= 600 [10]= 600 [11]= 600 [12]= 600 
key_index before (DPU 204) [0]=   0 [1]= 208 [2]= 413 [3]= 602 [4]= 602 [5]= 602 [6]= 602 [7]= 602 [8]= 602 [9]= 602 [10]= 602 [11]= 602 [12]= 602 
key_index before (DPU 205) [0]=   0 [1]= 180 [2]= 385 [3]= 587 [4]= 587 [5]= 587 [6]= 587 [7]= 587 [8]= 587 [9]= 587 [10]= 587 [11]= 587 [12]= 587 
key_index before (DPU 206) [0]=   0 [1]= 178 [2]= 352 [3]= 534 [4]= 534 [5]= 534 [6]= 534 [7]= 534 [8]= 534 [9]= 534 [10]= 534 [11]= 534 [12]= 534 
key_index before (DPU 207) [0]=   0 [1]= 174 [2]= 386 [3]= 579 [4]= 579 [5]= 579 [6]= 579 [7]= 579 [8]= 579 [9]= 579 [10]= 579 [11]= 579 [12]= 579 
key_index before (DPU 208) [0]=   0 [1]= 195 [2]= 394 [3]= 563 [4]= 563 [5]= 563 [6]= 563 [7]= 563 [8]= 563 [9]= 563 [10]= 563 [11]= 563 [12]= 563 
key_index before (DPU 209) [0]=   0 [1]= 197 [2]= 389 [3]= 571 [4]= 571 [5]= 571 [6]= 571 [7]= 571 [8]= 571 [9]= 571 [10]= 571 [11]= 571 [12]= 571 
key_index before (DPU 210) [0]=   0 [1]= 202 [2]= 391 [3]= 589 [4]= 589 [5]= 589 [6]= 589 [7]= 589 [8]= 589 [9]= 589 [10]= 589 [11]= 589 [12]= 589 
key_index before (DPU 211) [0]=   0 [1]= 174 [2]= 383 [3]= 556 [4]= 556 [5]= 556 [6]= 556 [7]= 556 [8]= 556 [9]= 556 [10]= 556 [11]= 556 [12]= 556 
key_index before (DPU 212) [0]=   0 [1]= 205 [2]= 395 [3]= 618 [4]= 618 [5]= 618 [6]= 618 [7]= 618 [8]= 618 [9]= 618 [10]= 618 [11]= 618 [12]= 618 
key_index before (DPU 213) [0]=   0 [1]= 182 [2]= 392 [3]= 562 [4]= 562 [5]= 562 [6]= 562 [7]= 562 [8]= 562 [9]= 562 [10]= 562 [11]= 562 [12]= 562 
key_index before (DPU 214) [0]=   0 [1]= 203 [2]= 400 [3]= 582 [4]= 582 [5]= 582 [6]= 582 [7]= 582 [8]= 582 [9]= 582 [10]= 582 [11]= 582 [12]= 582 
key_index before (DPU 215) [0]=   0 [1]= 203 [2]= 392 [3]= 603 [4]= 603 [5]= 603 [6]= 603 [7]= 603 [8]= 603 [9]= 603 [10]= 603 [11]= 603 [12]= 603 
key_index before (DPU 216) [0]=   0 [1]= 200 [2]= 379 [3]= 561 [4]= 561 [5]= 561 [6]= 561 [7]= 561 [8]= 561 [9]= 561 [10]= 561 [11]= 561 [12]= 561 
key_index before (DPU 217) [0]=   0 [1]= 170 [2]= 390 [3]= 566 [4]= 566 [5]= 566 [6]= 566 [7]= 566 [8]= 566 [9]= 566 [10]= 566 [11]= 566 [12]= 566 
key_index before (DPU 218) [0]=   0 [1]= 210 [2]= 420 [3]= 623 [4]= 623 [5]= 623 [6]= 623 [7]= 623 [8]= 623 [9]= 623 [10]= 623 [11]= 623 [12]= 623 
key_index before (DPU 219) [0]=   0 [1]= 156 [2]= 347 [3]= 521 [4]= 521 [5]= 521 [6]= 521 [7]= 521 [8]= 521 [9]= 521 [10]= 521 [11]= 521 [12]= 521 
key_index before (DPU 220) [0]=   0 [1]= 167 [2]= 352 [3]= 552 [4]= 552 [5]= 552 [6]= 552 [7]= 552 [8]= 552 [9]= 552 [10]= 552 [11]= 552 [12]= 552 
key_index before (DPU 221) [0]=   0 [1]= 192 [2]= 363 [3]= 542 [4]= 542 [5]= 542 [6]= 542 [7]= 542 [8]= 542 [9]= 542 [10]= 542 [11]= 542 [12]= 542 
key_index before (DPU 222) [0]=   0 [1]= 168 [2]= 335 [3]= 538 [4]= 538 [5]= 538 [6]= 538 [7]= 538 [8]= 538 [9]= 538 [10]= 538 [11]= 538 [12]= 538 
key_index before (DPU 223) [0]=   0 [1]= 193 [2]= 368 [3]= 545 [4]= 545 [5]= 545 [6]= 545 [7]= 545 [8]= 545 [9]= 545 [10]= 545 [11]= 545 [12]= 545 
key_index before (DPU 224) [0]=   0 [1]= 193 [2]= 382 [3]= 577 [4]= 577 [5]= 577 [6]= 577 [7]= 577 [8]= 577 [9]= 577 [10]= 577 [11]= 577 [12]= 577 
key_index before (DPU 225) [0]=   0 [1]= 175 [2]= 344 [3]= 534 [4]= 534 [5]= 534 [6]= 534 [7]= 534 [8]= 534 [9]= 534 [10]= 534 [11]= 534 [12]= 534 
key_index before (DPU 226) [0]=   0 [1]= 181 [2]= 365 [3]= 545 [4]= 545 [5]= 545 [6]= 545 [7]= 545 [8]= 545 [9]= 545 [10]= 545 [11]= 545 [12]= 545 
key_index before (DPU 227) [0]=   0 [1]= 180 [2]= 359 [3]= 549 [4]= 549 [5]= 549 [6]= 549 [7]= 549 [8]= 549 [9]= 549 [10]= 549 [11]= 549 [12]= 549 
key_index before (DPU 228) [0]=   0 [1]= 173 [2]= 340 [3]= 510 [4]= 510 [5]= 510 [6]= 510 [7]= 510 [8]= 510 [9]= 510 [10]= 510 [11]= 510 [12]= 510 
key_index before (DPU 229) [0]=   0 [1]= 170 [2]= 346 [3]= 512 [4]= 512 [5]= 512 [6]= 512 [7]= 512 [8]= 512 [9]= 512 [10]= 512 [11]= 512 [12]= 512 
key_index before (DPU 230) [0]=   0 [1]= 176 [2]= 361 [3]= 519 [4]= 519 [5]= 519 [6]= 519 [7]= 519 [8]= 519 [9]= 519 [10]= 519 [11]= 519 [12]= 519 
key_index before (DPU 231) [0]=   0 [1]= 205 [2]= 374 [3]= 506 [4]= 506 [5]= 506 [6]= 506 [7]= 506 [8]= 506 [9]= 506 [10]= 506 [11]= 506 [12]= 506 
key_index before (DPU 232) [0]=   0 [1]= 153 [2]= 345 [3]= 516 [4]= 516 [5]= 516 [6]= 516 [7]= 516 [8]= 516 [9]= 516 [10]= 516 [11]= 516 [12]= 516 
key_index before (DPU 233) [0]=   0 [1]= 165 [2]= 334 [3]= 481 [4]= 481 [5]= 481 [6]= 481 [7]= 481 [8]= 481 [9]= 481 [10]= 481 [11]= 481 [12]= 481 
key_index before (DPU 234) [0]=   0 [1]= 176 [2]= 339 [3]= 501 [4]= 501 [5]= 501 [6]= 501 [7]= 501 [8]= 501 [9]= 501 [10]= 501 [11]= 501 [12]= 501 
key_index before (DPU 235) [0]=   0 [1]= 183 [2]= 366 [3]= 548 [4]= 548 [5]= 548 [6]= 548 [7]= 548 [8]= 548 [9]= 548 [10]= 548 [11]= 548 [12]= 548 
key_index before (DPU 236) [0]=   0 [1]= 173 [2]= 323 [3]= 498 [4]= 498 [5]= 498 [6]= 498 [7]= 498 [8]= 498 [9]= 498 [10]= 498 [11]= 498 [12]= 498 
key_index before (DPU 237) [0]=   0 [1]= 202 [2]= 373 [3]= 555 [4]= 555 [5]= 555 [6]= 555 [7]= 555 [8]= 555 [9]= 555 [10]= 555 [11]= 555 [12]= 555 
key_index before (DPU 238) [0]=   0 [1]= 162 [2]= 324 [3]= 492 [4]= 492 [5]= 492 [6]= 492 [7]= 492 [8]= 492 [9]= 492 [10]= 492 [11]= 492 [12]= 492 
key_index before (DPU 239) [0]=   0 [1]= 192 [2]= 354 [3]= 527 [4]= 527 [5]= 527 [6]= 527 [7]= 527 [8]= 527 [9]= 527 [10]= 527 [11]= 527 [12]= 527 
key_index before (DPU 240) [0]=   0 [1]= 170 [2]= 336 [3]= 487 [4]= 487 [5]= 487 [6]= 487 [7]= 487 [8]= 487 [9]= 487 [10]= 487 [11]= 487 [12]= 487 
key_index before (DPU 241) [0]=   0 [1]= 177 [2]= 348 [3]= 505 [4]= 505 [5]= 505 [6]= 505 [7]= 505 [8]= 505 [9]= 505 [10]= 505 [11]= 505 [12]= 505 
key_index before (DPU 242) [0]=   0 [1]= 155 [2]= 340 [3]= 487 [4]= 487 [5]= 487 [6]= 487 [7]= 487 [8]= 487 [9]= 487 [10]= 487 [11]= 487 [12]= 487 
key_index before (DPU 243) [0]=   0 [1]= 170 [2]= 342 [3]= 506 [4]= 506 [5]= 506 [6]= 506 [7]= 506 [8]= 506 [9]= 506 [10]= 506 [11]= 506 [12]= 506 
key_index before (DPU 244) [0]=   0 [1]= 171 [2]= 338 [3]= 499 [4]= 499 [5]= 499 [6]= 499 [7]= 499 [8]= 499 [9]= 499 [10]= 499 [11]= 499 [12]= 499 
key_index before (DPU 245) [0]=   0 [1]= 177 [2]= 331 [3]= 499 [4]= 499 [5]= 499 [6]= 499 [7]= 499 [8]= 499 [9]= 499 [10]= 499 [11]= 499 [12]= 499 
key_index before (DPU 246) [0]=   0 [1]= 176 [2]= 356 [3]= 515 [4]= 515 [5]= 515 [6]= 515 [7]= 515 [8]= 515 [9]= 515 [10]= 515 [11]= 515 [12]= 515 
key_index before (DPU 247) [0]=   0 [1]= 186 [2]= 332 [3]= 500 [4]= 500 [5]= 500 [6]= 500 [7]= 500 [8]= 500 [9]= 500 [10]= 500 [11]= 500 [12]= 500 
key_index before (DPU 248) [0]=   0 [1]= 161 [2]= 322 [3]= 488 [4]= 488 [5]= 488 [6]= 488 [7]= 488 [8]= 488 [9]= 488 [10]= 488 [11]= 488 [12]= 488 
key_index before (DPU 249) [0]=   0 [1]= 160 [2]= 316 [3]= 489 [4]= 489 [5]= 489 [6]= 489 [7]= 489 [8]= 489 [9]= 489 [10]= 489 [11]= 489 [12]= 489 
key_index before (DPU 250) [0]=   0 [1]= 171 [2]= 339 [3]= 505 [4]= 505 [5]= 505 [6]= 505 [7]= 505 [8]= 505 [9]= 505 [10]= 505 [11]= 505 [12]= 505 
key_index before (DPU 251) [0]=   0 [1]= 156 [2]= 297 [3]= 458 [4]= 458 [5]= 458 [6]= 458 [7]= 458 [8]= 458 [9]= 458 [10]= 458 [11]= 458 [12]= 458 
key_index before (DPU 252) [0]=   0 [1]= 146 [2]= 294 [3]= 449 [4]= 449 [5]= 449 [6]= 449 [7]= 449 [8]= 449 [9]= 449 [10]= 449 [11]= 449 [12]= 449 
key_index before (DPU 253) [0]=   0 [1]= 153 [2]= 313 [3]= 451 [4]= 451 [5]= 451 [6]= 451 [7]= 451 [8]= 451 [9]= 451 [10]= 451 [11]= 451 [12]= 451 
key_index before (DPU 254) [0]=   0 [1]= 167 [2]= 337 [3]= 493 [4]= 493 [5]= 493 [6]= 493 [7]= 493 [8]= 493 [9]= 493 [10]= 493 [11]= 493 [12]= 493 
key_index before (DPU 255) [0]=   0 [1]= 181 [2]= 345 [3]= 493 [4]= 493 [5]= 493 [6]= 493 [7]= 493 [8]= 493 [9]= 493 [10]= 493 [11]= 493 [12]= 493 
key_index before (DPU 256) [0]=   0 [1]= 183 [2]= 344 [3]= 485 [4]= 485 [5]= 485 [6]= 485 [7]= 485 [8]= 485 [9]= 485 [10]= 485 [11]= 485 [12]= 485 
key_index before (DPU 257) [0]=   0 [1]= 158 [2]= 328 [3]= 490 [4]= 490 [5]= 490 [6]= 490 [7]= 490 [8]= 490 [9]= 490 [10]= 490 [11]= 490 [12]= 490 
key_index before (DPU 258) [0]=   0 [1]= 160 [2]= 325 [3]= 469 [4]= 469 [5]= 469 [6]= 469 [7]= 469 [8]= 469 [9]= 469 [10]= 469 [11]= 469 [12]= 469 
key_index before (DPU 259) [0]=   0 [1]= 143 [2]= 326 [3]= 480 [4]= 480 [5]= 480 [6]= 480 [7]= 480 [8]= 480 [9]= 480 [10]= 480 [11]= 480 [12]= 480 
key_index before (DPU 260) [0]=   0 [1]= 171 [2]= 314 [3]= 454 [4]= 454 [5]= 454 [6]= 454 [7]= 454 [8]= 454 [9]= 454 [10]= 454 [11]= 454 [12]= 454 
key_index before (DPU 261) [0]=   0 [1]= 140 [2]= 283 [3]= 441 [4]= 441 [5]= 441 [6]= 441 [7]= 441 [8]= 441 [9]= 441 [10]= 441 [11]= 441 [12]= 441 
key_index before (DPU 262) [0]=   0 [1]= 172 [2]= 324 [3]= 466 [4]= 466 [5]= 466 [6]= 466 [7]= 466 [8]= 466 [9]= 466 [10]= 466 [11]= 466 [12]= 466 
key_index before (DPU 263) [0]=   0 [1]= 136 [2]= 310 [3]= 473 [4]= 473 [5]= 473 [6]= 473 [7]= 473 [8]= 473 [9]= 473 [10]= 473 [11]= 473 [12]= 473 
key_index before (DPU 264) [0]=   0 [1]= 155 [2]= 309 [3]= 454 [4]= 454 [5]= 454 [6]= 454 [7]= 454 [8]= 454 [9]= 454 [10]= 454 [11]= 454 [12]= 454 
key_index before (DPU 265) [0]=   0 [1]= 154 [2]= 311 [3]= 476 [4]= 476 [5]= 476 [6]= 476 [7]= 476 [8]= 476 [9]= 476 [10]= 476 [11]= 476 [12]= 476 
key_index before (DPU 266) [0]=   0 [1]= 159 [2]= 304 [3]= 480 [4]= 480 [5]= 480 [6]= 480 [7]= 480 [8]= 480 [9]= 480 [10]= 480 [11]= 480 [12]= 480 
key_index before (DPU 267) [0]=   0 [1]= 163 [2]= 320 [3]= 464 [4]= 464 [5]= 464 [6]= 464 [7]= 464 [8]= 464 [9]= 464 [10]= 464 [11]= 464 [12]= 464 
key_index before (DPU 268) [0]=   0 [1]= 167 [2]= 315 [3]= 460 [4]= 460 [5]= 460 [6]= 460 [7]= 460 [8]= 460 [9]= 460 [10]= 460 [11]= 460 [12]= 460 
key_index before (DPU 269) [0]=   0 [1]= 125 [2]= 267 [3]= 426 [4]= 426 [5]= 426 [6]= 426 [7]= 426 [8]= 426 [9]= 426 [10]= 426 [11]= 426 [12]= 426 
key_index before (DPU 270) [0]=   0 [1]= 152 [2]= 312 [3]= 458 [4]= 458 [5]= 458 [6]= 458 [7]= 458 [8]= 458 [9]= 458 [10]= 458 [11]= 458 [12]= 458 
key_index before (DPU 271) [0]=   0 [1]= 167 [2]= 303 [3]= 442 [4]= 442 [5]= 442 [6]= 442 [7]= 442 [8]= 442 [9]= 442 [10]= 442 [11]= 442 [12]= 442 
key_index before (DPU 272) [0]=   0 [1]= 135 [2]= 330 [3]= 492 [4]= 492 [5]= 492 [6]= 492 [7]= 492 [8]= 492 [9]= 492 [10]= 492 [11]= 492 [12]= 492 
key_index before (DPU 273) [0]=   0 [1]= 154 [2]= 314 [3]= 463 [4]= 463 [5]= 463 [6]= 463 [7]= 463 [8]= 463 [9]= 463 [10]= 463 [11]= 463 [12]= 463 
key_index before (DPU 274) [0]=   0 [1]= 153 [2]= 323 [3]= 467 [4]= 467 [5]= 467 [6]= 467 [7]= 467 [8]= 467 [9]= 467 [10]= 467 [11]= 467 [12]= 467 
key_index before (DPU 275) [0]=   0 [1]= 141 [2]= 305 [3]= 464 [4]= 464 [5]= 464 [6]= 464 [7]= 464 [8]= 464 [9]= 464 [10]= 464 [11]= 464 [12]= 464 
key_index before (DPU 276) [0]=   0 [1]= 160 [2]= 321 [3]= 462 [4]= 462 [5]= 462 [6]= 462 [7]= 462 [8]= 462 [9]= 462 [10]= 462 [11]= 462 [12]= 462 
key_index before (DPU 277) [0]=   0 [1]= 128 [2]= 261 [3]= 409 [4]= 409 [5]= 409 [6]= 409 [7]= 409 [8]= 409 [9]= 409 [10]= 409 [11]= 409 [12]= 409 
key_index before (DPU 278) [0]=   0 [1]= 164 [2]= 334 [3]= 473 [4]= 473 [5]= 473 [6]= 473 [7]= 473 [8]= 473 [9]= 473 [10]= 473 [11]= 473 [12]= 473 
key_index before (DPU 279) [0]=   0 [1]= 149 [2]= 305 [3]= 445 [4]= 445 [5]= 445 [6]= 445 [7]= 445 [8]= 445 [9]= 445 [10]= 445 [11]= 445 [12]= 445 
key_index before (DPU 280) [0]=   0 [1]= 144 [2]= 278 [3]= 443 [4]= 443 [5]= 443 [6]= 443 [7]= 443 [8]= 443 [9]= 443 [10]= 443 [11]= 443 [12]= 443 
key_index before (DPU 281) [0]=   0 [1]= 148 [2]= 295 [3]= 449 [4]= 449 [5]= 449 [6]= 449 [7]= 449 [8]= 449 [9]= 449 [10]= 449 [11]= 449 [12]= 449 
key_index before (DPU 282) [0]=   0 [1]= 134 [2]= 248 [3]= 385 [4]= 385 [5]= 385 [6]= 385 [7]= 385 [8]= 385 [9]= 385 [10]= 385 [11]= 385 [12]= 385 
key_index before (DPU 283) [0]=   0 [1]= 140 [2]= 293 [3]= 416 [4]= 416 [5]= 416 [6]= 416 [7]= 416 [8]= 416 [9]= 416 [10]= 416 [11]= 416 [12]= 416 
key_index before (DPU 284) [0]=   0 [1]= 139 [2]= 284 [3]= 414 [4]= 414 [5]= 414 [6]= 414 [7]= 414 [8]= 414 [9]= 414 [10]= 414 [11]= 414 [12]= 414 
key_index before (DPU 285) [0]=   0 [1]= 131 [2]= 271 [3]= 394 [4]= 394 [5]= 394 [6]= 394 [7]= 394 [8]= 394 [9]= 394 [10]= 394 [11]= 394 [12]= 394 
key_index before (DPU 286) [0]=   0 [1]= 157 [2]= 303 [3]= 456 [4]= 456 [5]= 456 [6]= 456 [7]= 456 [8]= 456 [9]= 456 [10]= 456 [11]= 456 [12]= 456 
key_index before (DPU 287) [0]=   0 [1]= 133 [2]= 276 [3]= 417 [4]= 417 [5]= 417 [6]= 417 [7]= 417 [8]= 417 [9]= 417 [10]= 417 [11]= 417 [12]= 417 
key_index before (DPU 288) [0]=   0 [1]= 120 [2]= 272 [3]= 404 [4]= 404 [5]= 404 [6]= 404 [7]= 404 [8]= 404 [9]= 404 [10]= 404 [11]= 404 [12]= 404 
key_index before (DPU 289) [0]=   0 [1]= 123 [2]= 273 [3]= 418 [4]= 418 [5]= 418 [6]= 418 [7]= 418 [8]= 418 [9]= 418 [10]= 418 [11]= 418 [12]= 418 
key_index before (DPU 290) [0]=   0 [1]= 148 [2]= 270 [3]= 400 [4]= 400 [5]= 400 [6]= 400 [7]= 400 [8]= 400 [9]= 400 [10]= 400 [11]= 400 [12]= 400 
key_index before (DPU 291) [0]=   0 [1]= 159 [2]= 308 [3]= 434 [4]= 434 [5]= 434 [6]= 434 [7]= 434 [8]= 434 [9]= 434 [10]= 434 [11]= 434 [12]= 434 
key_index before (DPU 292) [0]=   0 [1]= 140 [2]= 263 [3]= 415 [4]= 415 [5]= 415 [6]= 415 [7]= 415 [8]= 415 [9]= 415 [10]= 415 [11]= 415 [12]= 415 
key_index before (DPU 293) [0]=   0 [1]= 146 [2]= 287 [3]= 427 [4]= 427 [5]= 427 [6]= 427 [7]= 427 [8]= 427 [9]= 427 [10]= 427 [11]= 427 [12]= 427 
key_index before (DPU 294) [0]=   0 [1]= 129 [2]= 252 [3]= 379 [4]= 379 [5]= 379 [6]= 379 [7]= 379 [8]= 379 [9]= 379 [10]= 379 [11]= 379 [12]= 379 
key_index before (DPU 295) [0]=   0 [1]= 126 [2]= 269 [3]= 416 [4]= 416 [5]= 416 [6]= 416 [7]= 416 [8]= 416 [9]= 416 [10]= 416 [11]= 416 [12]= 416 
key_index before (DPU 296) [0]=   0 [1]= 142 [2]= 281 [3]= 408 [4]= 408 [5]= 408 [6]= 408 [7]= 408 [8]= 408 [9]= 408 [10]= 408 [11]= 408 [12]= 408 
key_index before (DPU 297) [0]=   0 [1]= 130 [2]= 250 [3]= 389 [4]= 389 [5]= 389 [6]= 389 [7]= 389 [8]= 389 [9]= 389 [10]= 389 [11]= 389 [12]= 389 
key_index before (DPU 298) [0]=   0 [1]= 144 [2]= 274 [3]= 433 [4]= 433 [5]= 433 [6]= 433 [7]= 433 [8]= 433 [9]= 433 [10]= 433 [11]= 433 [12]= 433 
key_index before (DPU 299) [0]=   0 [1]= 140 [2]= 290 [3]= 429 [4]= 429 [5]= 429 [6]= 429 [7]= 429 [8]= 429 [9]= 429 [10]= 429 [11]= 429 [12]= 429 
key_index before (DPU 300) [0]=   0 [1]= 137 [2]= 270 [3]= 382 [4]= 382 [5]= 382 [6]= 382 [7]= 382 [8]= 382 [9]= 382 [10]= 382 [11]= 382 [12]= 382 
key_index before (DPU 301) [0]=   0 [1]= 120 [2]= 268 [3]= 405 [4]= 405 [5]= 405 [6]= 405 [7]= 405 [8]= 405 [9]= 405 [10]= 405 [11]= 405 [12]= 405 
key_index before (DPU 302) [0]=   0 [1]= 131 [2]= 239 [3]= 380 [4]= 380 [5]= 380 [6]= 380 [7]= 380 [8]= 380 [9]= 380 [10]= 380 [11]= 380 [12]= 380 
key_index before (DPU 303) [0]=   0 [1]= 132 [2]= 280 [3]= 408 [4]= 408 [5]= 408 [6]= 408 [7]= 408 [8]= 408 [9]= 408 [10]= 408 [11]= 408 [12]= 408 
key_index before (DPU 304) [0]=   0 [1]= 132 [2]= 274 [3]= 398 [4]= 398 [5]= 398 [6]= 398 [7]= 398 [8]= 398 [9]= 398 [10]= 398 [11]= 398 [12]= 398 
key_index before (DPU 305) [0]=   0 [1]= 139 [2]= 284 [3]= 412 [4]= 412 [5]= 412 [6]= 412 [7]= 412 [8]= 412 [9]= 412 [10]= 412 [11]= 412 [12]= 412 
key_index before (DPU 306) [0]=   0 [1]= 116 [2]= 250 [3]= 387 [4]= 387 [5]= 387 [6]= 387 [7]= 387 [8]= 387 [9]= 387 [10]= 387 [11]= 387 [12]= 387 
key_index before (DPU 307) [0]=   0 [1]= 143 [2]= 284 [3]= 434 [4]= 434 [5]= 434 [6]= 434 [7]= 434 [8]= 434 [9]= 434 [10]= 434 [11]= 434 [12]= 434 
key_index before (DPU 308) [0]=   0 [1]= 146 [2]= 283 [3]= 404 [4]= 404 [5]= 404 [6]= 404 [7]= 404 [8]= 404 [9]= 404 [10]= 404 [11]= 404 [12]= 404 
key_index before (DPU 309) [0]=   0 [1]= 131 [2]= 285 [3]= 413 [4]= 413 [5]= 413 [6]= 413 [7]= 413 [8]= 413 [9]= 413 [10]= 413 [11]= 413 [12]= 413 
key_index before (DPU 310) [0]=   0 [1]= 132 [2]= 256 [3]= 394 [4]= 394 [5]= 394 [6]= 394 [7]= 394 [8]= 394 [9]= 394 [10]= 394 [11]= 394 [12]= 394 
key_index before (DPU 311) [0]=   0 [1]= 140 [2]= 271 [3]= 394 [4]= 394 [5]= 394 [6]= 394 [7]= 394 [8]= 394 [9]= 394 [10]= 394 [11]= 394 [12]= 394 
key_index before (DPU 312) [0]=   0 [1]= 125 [2]= 248 [3]= 392 [4]= 392 [5]= 392 [6]= 392 [7]= 392 [8]= 392 [9]= 392 [10]= 392 [11]= 392 [12]= 392 
key_index before (DPU 313) [0]=   0 [1]= 119 [2]= 249 [3]= 376 [4]= 376 [5]= 376 [6]= 376 [7]= 376 [8]= 376 [9]= 376 [10]= 376 [11]= 376 [12]= 376 
key_index before (DPU 314) [0]=   0 [1]= 130 [2]= 260 [3]= 375 [4]= 375 [5]= 375 [6]= 375 [7]= 375 [8]= 375 [9]= 375 [10]= 375 [11]= 375 [12]= 375 
key_index before (DPU 315) [0]=   0 [1]= 140 [2]= 263 [3]= 386 [4]= 386 [5]= 386 [6]= 386 [7]= 386 [8]= 386 [9]= 386 [10]= 386 [11]= 386 [12]= 386 
key_index before (DPU 316) [0]=   0 [1]= 117 [2]= 216 [3]= 341 [4]= 341 [5]= 341 [6]= 341 [7]= 341 [8]= 341 [9]= 341 [10]= 341 [11]= 341 [12]= 341 
key_index before (DPU 317) [0]=   0 [1]= 117 [2]= 224 [3]= 351 [4]= 351 [5]= 351 [6]= 351 [7]= 351 [8]= 351 [9]= 351 [10]= 351 [11]= 351 [12]= 351 
key_index before (DPU 318) [0]=   0 [1]= 131 [2]= 275 [3]= 417 [4]= 417 [5]= 417 [6]= 417 [7]= 417 [8]= 417 [9]= 417 [10]= 417 [11]= 417 [12]= 417 
key_index before (DPU 319) [0]=   0 [1]= 119 [2]= 249 [3]= 393 [4]= 393 [5]= 393 [6]= 393 [7]= 393 [8]= 393 [9]= 393 [10]= 393 [11]= 393 [12]= 393 
key_index before (DPU 320) [0]=   0 [1]= 123 [2]= 245 [3]= 365 [4]= 365 [5]= 365 [6]= 365 [7]= 365 [8]= 365 [9]= 365 [10]= 365 [11]= 365 [12]= 365 
key_index before (DPU 321) [0]=   0 [1]= 128 [2]= 246 [3]= 370 [4]= 370 [5]= 370 [6]= 370 [7]= 370 [8]= 370 [9]= 370 [10]= 370 [11]= 370 [12]= 370 
key_index before (DPU 322) [0]=   0 [1]= 124 [2]= 249 [3]= 378 [4]= 378 [5]= 378 [6]= 378 [7]= 378 [8]= 378 [9]= 378 [10]= 378 [11]= 378 [12]= 378 
key_index before (DPU 323) [0]=   0 [1]= 114 [2]= 264 [3]= 390 [4]= 390 [5]= 390 [6]= 390 [7]= 390 [8]= 390 [9]= 390 [10]= 390 [11]= 390 [12]= 390 
key_index before (DPU 324) [0]=   0 [1]= 120 [2]= 241 [3]= 370 [4]= 370 [5]= 370 [6]= 370 [7]= 370 [8]= 370 [9]= 370 [10]= 370 [11]= 370 [12]= 370 
key_index before (DPU 325) [0]=   0 [1]= 121 [2]= 257 [3]= 392 [4]= 392 [5]= 392 [6]= 392 [7]= 392 [8]= 392 [9]= 392 [10]= 392 [11]= 392 [12]= 392 
key_index before (DPU 326) [0]=   0 [1]= 130 [2]= 263 [3]= 387 [4]= 387 [5]= 387 [6]= 387 [7]= 387 [8]= 387 [9]= 387 [10]= 387 [11]= 387 [12]= 387 
key_index before (DPU 327) [0]=   0 [1]= 136 [2]= 251 [3]= 374 [4]= 374 [5]= 374 [6]= 374 [7]= 374 [8]= 374 [9]= 374 [10]= 374 [11]= 374 [12]= 374 
key_index before (DPU 328) [0]=   0 [1]= 129 [2]= 263 [3]= 383 [4]= 383 [5]= 383 [6]= 383 [7]= 383 [8]= 383 [9]= 383 [10]= 383 [11]= 383 [12]= 383 
key_index before (DPU 329) [0]=   0 [1]= 127 [2]= 260 [3]= 382 [4]= 382 [5]= 382 [6]= 382 [7]= 382 [8]= 382 [9]= 382 [10]= 382 [11]= 382 [12]= 382 
key_index before (DPU 330) [0]=   0 [1]= 128 [2]= 247 [3]= 364 [4]= 364 [5]= 364 [6]= 364 [7]= 364 [8]= 364 [9]= 364 [10]= 364 [11]= 364 [12]= 364 
key_index before (DPU 331) [0]=   0 [1]= 122 [2]= 226 [3]= 346 [4]= 346 [5]= 346 [6]= 346 [7]= 346 [8]= 346 [9]= 346 [10]= 346 [11]= 346 [12]= 346 
key_index before (DPU 332) [0]=   0 [1]= 116 [2]= 245 [3]= 380 [4]= 380 [5]= 380 [6]= 380 [7]= 380 [8]= 380 [9]= 380 [10]= 380 [11]= 380 [12]= 380 
key_index before (DPU 333) [0]=   0 [1]= 127 [2]= 247 [3]= 343 [4]= 343 [5]= 343 [6]= 343 [7]= 343 [8]= 343 [9]= 343 [10]= 343 [11]= 343 [12]= 343 
key_index before (DPU 334) [0]=   0 [1]= 121 [2]= 269 [3]= 387 [4]= 387 [5]= 387 [6]= 387 [7]= 387 [8]= 387 [9]= 387 [10]= 387 [11]= 387 [12]= 387 
key_index before (DPU 335) [0]=   0 [1]= 135 [2]= 255 [3]= 383 [4]= 383 [5]= 383 [6]= 383 [7]= 383 [8]= 383 [9]= 383 [10]= 383 [11]= 383 [12]= 383 
key_index before (DPU 336) [0]=   0 [1]=  89 [2]= 205 [3]= 319 [4]= 319 [5]= 319 [6]= 319 [7]= 319 [8]= 319 [9]= 319 [10]= 319 [11]= 319 [12]= 319 
key_index before (DPU 337) [0]=   0 [1]= 122 [2]= 229 [3]= 345 [4]= 345 [5]= 345 [6]= 345 [7]= 345 [8]= 345 [9]= 345 [10]= 345 [11]= 345 [12]= 345 
key_index before (DPU 338) [0]=   0 [1]= 104 [2]= 221 [3]= 337 [4]= 337 [5]= 337 [6]= 337 [7]= 337 [8]= 337 [9]= 337 [10]= 337 [11]= 337 [12]= 337 
key_index before (DPU 339) [0]=   0 [1]= 116 [2]= 233 [3]= 363 [4]= 363 [5]= 363 [6]= 363 [7]= 363 [8]= 363 [9]= 363 [10]= 363 [11]= 363 [12]= 363 
key_index before (DPU 340) [0]=   0 [1]= 126 [2]= 237 [3]= 351 [4]= 351 [5]= 351 [6]= 351 [7]= 351 [8]= 351 [9]= 351 [10]= 351 [11]= 351 [12]= 351 
key_index before (DPU 341) [0]=   0 [1]= 130 [2]= 241 [3]= 364 [4]= 364 [5]= 364 [6]= 364 [7]= 364 [8]= 364 [9]= 364 [10]= 364 [11]= 364 [12]= 364 
key_index before (DPU 342) [0]=   0 [1]= 110 [2]= 243 [3]= 376 [4]= 376 [5]= 376 [6]= 376 [7]= 376 [8]= 376 [9]= 376 [10]= 376 [11]= 376 [12]= 376 
key_index before (DPU 343) [0]=   0 [1]= 126 [2]= 247 [3]= 380 [4]= 380 [5]= 380 [6]= 380 [7]= 380 [8]= 380 [9]= 380 [10]= 380 [11]= 380 [12]= 380 
key_index before (DPU 344) [0]=   0 [1]= 116 [2]= 250 [3]= 369 [4]= 369 [5]= 369 [6]= 369 [7]= 369 [8]= 369 [9]= 369 [10]= 369 [11]= 369 [12]= 369 
key_index before (DPU 345) [0]=   0 [1]= 127 [2]= 238 [3]= 348 [4]= 348 [5]= 348 [6]= 348 [7]= 348 [8]= 348 [9]= 348 [10]= 348 [11]= 348 [12]= 348 
key_index before (DPU 346) [0]=   0 [1]= 129 [2]= 252 [3]= 380 [4]= 380 [5]= 380 [6]= 380 [7]= 380 [8]= 380 [9]= 380 [10]= 380 [11]= 380 [12]= 380 
key_index before (DPU 347) [0]=   0 [1]= 113 [2]= 244 [3]= 348 [4]= 348 [5]= 348 [6]= 348 [7]= 348 [8]= 348 [9]= 348 [10]= 348 [11]= 348 [12]= 348 
key_index before (DPU 348) [0]=   0 [1]= 134 [2]= 239 [3]= 364 [4]= 364 [5]= 364 [6]= 364 [7]= 364 [8]= 364 [9]= 364 [10]= 364 [11]= 364 [12]= 364 
key_index before (DPU 349) [0]=   0 [1]= 114 [2]= 232 [3]= 356 [4]= 356 [5]= 356 [6]= 356 [7]= 356 [8]= 356 [9]= 356 [10]= 356 [11]= 356 [12]= 356 
key_index before (DPU 350) [0]=   0 [1]= 107 [2]= 217 [3]= 340 [4]= 340 [5]= 340 [6]= 340 [7]= 340 [8]= 340 [9]= 340 [10]= 340 [11]= 340 [12]= 340 
key_index before (DPU 351) [0]=   0 [1]= 123 [2]= 239 [3]= 348 [4]= 348 [5]= 348 [6]= 348 [7]= 348 [8]= 348 [9]= 348 [10]= 348 [11]= 348 [12]= 348 
key_index before (DPU 352) [0]=   0 [1]= 113 [2]= 210 [3]= 335 [4]= 335 [5]= 335 [6]= 335 [7]= 335 [8]= 335 [9]= 335 [10]= 335 [11]= 335 [12]= 335 
key_index before (DPU 353) [0]=   0 [1]= 115 [2]= 228 [3]= 334 [4]= 334 [5]= 334 [6]= 334 [7]= 334 [8]= 334 [9]= 334 [10]= 334 [11]= 334 [12]= 334 
key_index before (DPU 354) [0]=   0 [1]= 117 [2]= 222 [3]= 335 [4]= 335 [5]= 335 [6]= 335 [7]= 335 [8]= 335 [9]= 335 [10]= 335 [11]= 335 [12]= 335 
key_index before (DPU 355) [0]=   0 [1]= 120 [2]= 230 [3]= 350 [4]= 350 [5]= 350 [6]= 350 [7]= 350 [8]= 350 [9]= 350 [10]= 350 [11]= 350 [12]= 350 
key_index before (DPU 356) [0]=   0 [1]=  99 [2]= 223 [3]= 346 [4]= 346 [5]= 346 [6]= 346 [7]= 346 [8]= 346 [9]= 346 [10]= 346 [11]= 346 [12]= 346 
key_index before (DPU 357) [0]=   0 [1]= 107 [2]= 217 [3]= 320 [4]= 320 [5]= 320 [6]= 320 [7]= 320 [8]= 320 [9]= 320 [10]= 320 [11]= 320 [12]= 320 
key_index before (DPU 358) [0]=   0 [1]=  98 [2]= 214 [3]= 344 [4]= 344 [5]= 344 [6]= 344 [7]= 344 [8]= 344 [9]= 344 [10]= 344 [11]= 344 [12]= 344 
key_index before (DPU 359) [0]=   0 [1]= 111 [2]= 228 [3]= 354 [4]= 354 [5]= 354 [6]= 354 [7]= 354 [8]= 354 [9]= 354 [10]= 354 [11]= 354 [12]= 354 
key_index before (DPU 360) [0]=   0 [1]= 117 [2]= 236 [3]= 352 [4]= 352 [5]= 352 [6]= 352 [7]= 352 [8]= 352 [9]= 352 [10]= 352 [11]= 352 [12]= 352 
key_index before (DPU 361) [0]=   0 [1]= 109 [2]= 229 [3]= 356 [4]= 356 [5]= 356 [6]= 356 [7]= 356 [8]= 356 [9]= 356 [10]= 356 [11]= 356 [12]= 356 
key_index before (DPU 362) [0]=   0 [1]= 124 [2]= 247 [3]= 369 [4]= 369 [5]= 369 [6]= 369 [7]= 369 [8]= 369 [9]= 369 [10]= 369 [11]= 369 [12]= 369 
key_index before (DPU 363) [0]=   0 [1]= 108 [2]= 221 [3]= 321 [4]= 321 [5]= 321 [6]= 321 [7]= 321 [8]= 321 [9]= 321 [10]= 321 [11]= 321 [12]= 321 
key_index before (DPU 364) [0]=   0 [1]= 111 [2]= 229 [3]= 341 [4]= 341 [5]= 341 [6]= 341 [7]= 341 [8]= 341 [9]= 341 [10]= 341 [11]= 341 [12]= 341 
key_index before (DPU 365) [0]=   0 [1]= 108 [2]= 220 [3]= 339 [4]= 339 [5]= 339 [6]= 339 [7]= 339 [8]= 339 [9]= 339 [10]= 339 [11]= 339 [12]= 339 
key_index before (DPU 366) [0]=   0 [1]= 110 [2]= 231 [3]= 340 [4]= 340 [5]= 340 [6]= 340 [7]= 340 [8]= 340 [9]= 340 [10]= 340 [11]= 340 [12]= 340 
key_index before (DPU 367) [0]=   0 [1]= 106 [2]= 223 [3]= 350 [4]= 350 [5]= 350 [6]= 350 [7]= 350 [8]= 350 [9]= 350 [10]= 350 [11]= 350 [12]= 350 
key_index before (DPU 368) [0]=   0 [1]= 136 [2]= 234 [3]= 362 [4]= 362 [5]= 362 [6]= 362 [7]= 362 [8]= 362 [9]= 362 [10]= 362 [11]= 362 [12]= 362 
key_index before (DPU 369) [0]=   0 [1]= 105 [2]= 226 [3]= 332 [4]= 332 [5]= 332 [6]= 332 [7]= 332 [8]= 332 [9]= 332 [10]= 332 [11]= 332 [12]= 332 
key_index before (DPU 370) [0]=   0 [1]= 124 [2]= 226 [3]= 344 [4]= 344 [5]= 344 [6]= 344 [7]= 344 [8]= 344 [9]= 344 [10]= 344 [11]= 344 [12]= 344 
key_index before (DPU 371) [0]=   0 [1]= 118 [2]= 240 [3]= 342 [4]= 342 [5]= 342 [6]= 342 [7]= 342 [8]= 342 [9]= 342 [10]= 342 [11]= 342 [12]= 342 
key_index before (DPU 372) [0]=   0 [1]=  91 [2]= 192 [3]= 288 [4]= 288 [5]= 288 [6]= 288 [7]= 288 [8]= 288 [9]= 288 [10]= 288 [11]= 288 [12]= 288 
key_index before (DPU 373) [0]=   0 [1]=  79 [2]= 157 [3]= 266 [4]= 266 [5]= 266 [6]= 266 [7]= 266 [8]= 266 [9]= 266 [10]= 266 [11]= 266 [12]= 266 
key_index before (DPU 374) [0]=   0 [1]= 116 [2]= 227 [3]= 340 [4]= 340 [5]= 340 [6]= 340 [7]= 340 [8]= 340 [9]= 340 [10]= 340 [11]= 340 [12]= 340 
key_index before (DPU 375) [0]=   0 [1]= 104 [2]= 201 [3]= 284 [4]= 284 [5]= 284 [6]= 284 [7]= 284 [8]= 284 [9]= 284 [10]= 284 [11]= 284 [12]= 284 
key_index before (DPU 376) [0]=   0 [1]= 110 [2]= 205 [3]= 324 [4]= 324 [5]= 324 [6]= 324 [7]= 324 [8]= 324 [9]= 324 [10]= 324 [11]= 324 [12]= 324 
key_index before (DPU 377) [0]=   0 [1]= 117 [2]= 238 [3]= 360 [4]= 360 [5]= 360 [6]= 360 [7]= 360 [8]= 360 [9]= 360 [10]= 360 [11]= 360 [12]= 360 
key_index before (DPU 378) [0]=   0 [1]= 110 [2]= 223 [3]= 341 [4]= 341 [5]= 341 [6]= 341 [7]= 341 [8]= 341 [9]= 341 [10]= 341 [11]= 341 [12]= 341 
key_index before (DPU 379) [0]=   0 [1]= 116 [2]= 227 [3]= 331 [4]= 331 [5]= 331 [6]= 331 [7]= 331 [8]= 331 [9]= 331 [10]= 331 [11]= 331 [12]= 331 
key_index before (DPU 380) [0]=   0 [1]= 112 [2]= 216 [3]= 324 [4]= 324 [5]= 324 [6]= 324 [7]= 324 [8]= 324 [9]= 324 [10]= 324 [11]= 324 [12]= 324 
key_index before (DPU 381) [0]=   0 [1]=  99 [2]= 214 [3]= 326 [4]= 326 [5]= 326 [6]= 326 [7]= 326 [8]= 326 [9]= 326 [10]= 326 [11]= 326 [12]= 326 
key_index before (DPU 382) [0]=   0 [1]=  94 [2]= 202 [3]= 317 [4]= 317 [5]= 317 [6]= 317 [7]= 317 [8]= 317 [9]= 317 [10]= 317 [11]= 317 [12]= 317 
key_index before (DPU 383) [0]=   0 [1]= 110 [2]= 218 [3]= 324 [4]= 324 [5]= 324 [6]= 324 [7]= 324 [8]= 324 [9]= 324 [10]= 324 [11]= 324 [12]= 324 
key_index before (DPU 384) [0]=   0 [1]=  97 [2]= 202 [3]= 311 [4]= 311 [5]= 311 [6]= 311 [7]= 311 [8]= 311 [9]= 311 [10]= 311 [11]= 311 [12]= 311 
key_index before (DPU 385) [0]=   0 [1]= 111 [2]= 225 [3]= 339 [4]= 339 [5]= 339 [6]= 339 [7]= 339 [8]= 339 [9]= 339 [10]= 339 [11]= 339 [12]= 339 
key_index before (DPU 386) [0]=   0 [1]=  98 [2]= 182 [3]= 276 [4]= 276 [5]= 276 [6]= 276 [7]= 276 [8]= 276 [9]= 276 [10]= 276 [11]= 276 [12]= 276 
key_index before (DPU 387) [0]=   0 [1]= 104 [2]= 195 [3]= 306 [4]= 306 [5]= 306 [6]= 306 [7]= 306 [8]= 306 [9]= 306 [10]= 306 [11]= 306 [12]= 306 
key_index before (DPU 388) [0]=   0 [1]=  94 [2]= 188 [3]= 312 [4]= 312 [5]= 312 [6]= 312 [7]= 312 [8]= 312 [9]= 312 [10]= 312 [11]= 312 [12]= 312 
key_index before (DPU 389) [0]=   0 [1]=  97 [2]= 201 [3]= 318 [4]= 318 [5]= 318 [6]= 318 [7]= 318 [8]= 318 [9]= 318 [10]= 318 [11]= 318 [12]= 318 
key_index before (DPU 390) [0]=   0 [1]=  80 [2]= 192 [3]= 300 [4]= 300 [5]= 300 [6]= 300 [7]= 300 [8]= 300 [9]= 300 [10]= 300 [11]= 300 [12]= 300 
key_index before (DPU 391) [0]=   0 [1]= 105 [2]= 198 [3]= 329 [4]= 329 [5]= 329 [6]= 329 [7]= 329 [8]= 329 [9]= 329 [10]= 329 [11]= 329 [12]= 329 
key_index before (DPU 392) [0]=   0 [1]=  86 [2]= 194 [3]= 303 [4]= 303 [5]= 303 [6]= 303 [7]= 303 [8]= 303 [9]= 303 [10]= 303 [11]= 303 [12]= 303 
key_index before (DPU 393) [0]=   0 [1]= 108 [2]= 215 [3]= 334 [4]= 334 [5]= 334 [6]= 334 [7]= 334 [8]= 334 [9]= 334 [10]= 334 [11]= 334 [12]= 334 
key_index before (DPU 394) [0]=   0 [1]=  95 [2]= 187 [3]= 283 [4]= 283 [5]= 283 [6]= 283 [7]= 283 [8]= 283 [9]= 283 [10]= 283 [11]= 283 [12]= 283 
key_index before (DPU 395) [0]=   0 [1]=  76 [2]= 178 [3]= 287 [4]= 287 [5]= 287 [6]= 287 [7]= 287 [8]= 287 [9]= 287 [10]= 287 [11]= 287 [12]= 287 
key_index before (DPU 396) [0]=   0 [1]= 112 [2]= 218 [3]= 303 [4]= 303 [5]= 303 [6]= 303 [7]= 303 [8]= 303 [9]= 303 [10]= 303 [11]= 303 [12]= 303 
key_index before (DPU 397) [0]=   0 [1]=  95 [2]= 207 [3]= 305 [4]= 305 [5]= 305 [6]= 305 [7]= 305 [8]= 305 [9]= 305 [10]= 305 [11]= 305 [12]= 305 
key_index before (DPU 398) [0]=   0 [1]=  98 [2]= 214 [3]= 323 [4]= 323 [5]= 323 [6]= 323 [7]= 323 [8]= 323 [9]= 323 [10]= 323 [11]= 323 [12]= 323 
key_index before (DPU 399) [0]=   0 [1]=  86 [2]= 210 [3]= 323 [4]= 323 [5]= 323 [6]= 323 [7]= 323 [8]= 323 [9]= 323 [10]= 323 [11]= 323 [12]= 323 
key_index before (DPU 400) [0]=   0 [1]=  99 [2]= 200 [3]= 288 [4]= 288 [5]= 288 [6]= 288 [7]= 288 [8]= 288 [9]= 288 [10]= 288 [11]= 288 [12]= 288 
key_index before (DPU 401) [0]=   0 [1]= 100 [2]= 189 [3]= 293 [4]= 293 [5]= 293 [6]= 293 [7]= 293 [8]= 293 [9]= 293 [10]= 293 [11]= 293 [12]= 293 
key_index before (DPU 402) [0]=   0 [1]=  86 [2]= 186 [3]= 284 [4]= 284 [5]= 284 [6]= 284 [7]= 284 [8]= 284 [9]= 284 [10]= 284 [11]= 284 [12]= 284 
key_index before (DPU 403) [0]=   0 [1]=  93 [2]= 203 [3]= 316 [4]= 316 [5]= 316 [6]= 316 [7]= 316 [8]= 316 [9]= 316 [10]= 316 [11]= 316 [12]= 316 
key_index before (DPU 404) [0]=   0 [1]=  92 [2]= 191 [3]= 289 [4]= 289 [5]= 289 [6]= 289 [7]= 289 [8]= 289 [9]= 289 [10]= 289 [11]= 289 [12]= 289 
key_index before (DPU 405) [0]=   0 [1]=  98 [2]= 208 [3]= 314 [4]= 314 [5]= 314 [6]= 314 [7]= 314 [8]= 314 [9]= 314 [10]= 314 [11]= 314 [12]= 314 
key_index before (DPU 406) [0]=   0 [1]= 105 [2]= 200 [3]= 286 [4]= 286 [5]= 286 [6]= 286 [7]= 286 [8]= 286 [9]= 286 [10]= 286 [11]= 286 [12]= 286 
key_index before (DPU 407) [0]=   0 [1]=  97 [2]= 200 [3]= 312 [4]= 312 [5]= 312 [6]= 312 [7]= 312 [8]= 312 [9]= 312 [10]= 312 [11]= 312 [12]= 312 
key_index before (DPU 408) [0]=   0 [1]= 119 [2]= 232 [3]= 341 [4]= 341 [5]= 341 [6]= 341 [7]= 341 [8]= 341 [9]= 341 [10]= 341 [11]= 341 [12]= 341 
key_index before (DPU 409) [0]=   0 [1]= 113 [2]= 214 [3]= 302 [4]= 302 [5]= 302 [6]= 302 [7]= 302 [8]= 302 [9]= 302 [10]= 302 [11]= 302 [12]= 302 
key_index before (DPU 410) [0]=   0 [1]=  77 [2]= 192 [3]= 319 [4]= 319 [5]= 319 [6]= 319 [7]= 319 [8]= 319 [9]= 319 [10]= 319 [11]= 319 [12]= 319 
key_index before (DPU 411) [0]=   0 [1]= 101 [2]= 191 [3]= 274 [4]= 274 [5]= 274 [6]= 274 [7]= 274 [8]= 274 [9]= 274 [10]= 274 [11]= 274 [12]= 274 
key_index before (DPU 412) [0]=   0 [1]=  85 [2]= 192 [3]= 282 [4]= 282 [5]= 282 [6]= 282 [7]= 282 [8]= 282 [9]= 282 [10]= 282 [11]= 282 [12]= 282 
key_index before (DPU 413) [0]=   0 [1]=  90 [2]= 197 [3]= 276 [4]= 276 [5]= 276 [6]= 276 [7]= 276 [8]= 276 [9]= 276 [10]= 276 [11]= 276 [12]= 276 
key_index before (DPU 414) [0]=   0 [1]=  94 [2]= 186 [3]= 278 [4]= 278 [5]= 278 [6]= 278 [7]= 278 [8]= 278 [9]= 278 [10]= 278 [11]= 278 [12]= 278 
key_index before (DPU 415) [0]=   0 [1]= 105 [2]= 190 [3]= 285 [4]= 285 [5]= 285 [6]= 285 [7]= 285 [8]= 285 [9]= 285 [10]= 285 [11]= 285 [12]= 285 
key_index before (DPU 416) [0]=   0 [1]=  87 [2]= 172 [3]= 269 [4]= 269 [5]= 269 [6]= 269 [7]= 269 [8]= 269 [9]= 269 [10]= 269 [11]= 269 [12]= 269 
key_index before (DPU 417) [0]=   0 [1]= 117 [2]= 213 [3]= 328 [4]= 328 [5]= 328 [6]= 328 [7]= 328 [8]= 328 [9]= 328 [10]= 328 [11]= 328 [12]= 328 
key_index before (DPU 418) [0]=   0 [1]= 108 [2]= 199 [3]= 319 [4]= 319 [5]= 319 [6]= 319 [7]= 319 [8]= 319 [9]= 319 [10]= 319 [11]= 319 [12]= 319 
key_index before (DPU 419) [0]=   0 [1]=  96 [2]= 188 [3]= 288 [4]= 288 [5]= 288 [6]= 288 [7]= 288 [8]= 288 [9]= 288 [10]= 288 [11]= 288 [12]= 288 
key_index before (DPU 420) [0]=   0 [1]= 103 [2]= 190 [3]= 292 [4]= 292 [5]= 292 [6]= 292 [7]= 292 [8]= 292 [9]= 292 [10]= 292 [11]= 292 [12]= 292 
key_index before (DPU 421) [0]=   0 [1]= 104 [2]= 194 [3]= 289 [4]= 289 [5]= 289 [6]= 289 [7]= 289 [8]= 289 [9]= 289 [10]= 289 [11]= 289 [12]= 289 
key_index before (DPU 422) [0]=   0 [1]=  81 [2]= 168 [3]= 269 [4]= 269 [5]= 269 [6]= 269 [7]= 269 [8]= 269 [9]= 269 [10]= 269 [11]= 269 [12]= 269 
key_index before (DPU 423) [0]=   0 [1]=  91 [2]= 189 [3]= 277 [4]= 277 [5]= 277 [6]= 277 [7]= 277 [8]= 277 [9]= 277 [10]= 277 [11]= 277 [12]= 277 
key_index before (DPU 424) [0]=   0 [1]= 104 [2]= 191 [3]= 283 [4]= 283 [5]= 283 [6]= 283 [7]= 283 [8]= 283 [9]= 283 [10]= 283 [11]= 283 [12]= 283 
key_index before (DPU 425) [0]=   0 [1]=  91 [2]= 196 [3]= 285 [4]= 285 [5]= 285 [6]= 285 [7]= 285 [8]= 285 [9]= 285 [10]= 285 [11]= 285 [12]= 285 
key_index before (DPU 426) [0]=   0 [1]= 112 [2]= 207 [3]= 292 [4]= 292 [5]= 292 [6]= 292 [7]= 292 [8]= 292 [9]= 292 [10]= 292 [11]= 292 [12]= 292 
key_index before (DPU 427) [0]=   0 [1]=  99 [2]= 184 [3]= 277 [4]= 277 [5]= 277 [6]= 277 [7]= 277 [8]= 277 [9]= 277 [10]= 277 [11]= 277 [12]= 277 
key_index before (DPU 428) [0]=   0 [1]=  93 [2]= 180 [3]= 289 [4]= 289 [5]= 289 [6]= 289 [7]= 289 [8]= 289 [9]= 289 [10]= 289 [11]= 289 [12]= 289 
key_index before (DPU 429) [0]=   0 [1]=  98 [2]= 199 [3]= 307 [4]= 307 [5]= 307 [6]= 307 [7]= 307 [8]= 307 [9]= 307 [10]= 307 [11]= 307 [12]= 307 
key_index before (DPU 430) [0]=   0 [1]=  93 [2]= 179 [3]= 269 [4]= 269 [5]= 269 [6]= 269 [7]= 269 [8]= 269 [9]= 269 [10]= 269 [11]= 269 [12]= 269 
key_index before (DPU 431) [0]=   0 [1]=  97 [2]= 200 [3]= 308 [4]= 308 [5]= 308 [6]= 308 [7]= 308 [8]= 308 [9]= 308 [10]= 308 [11]= 308 [12]= 308 
key_index before (DPU 432) [0]=   0 [1]=  88 [2]= 177 [3]= 259 [4]= 259 [5]= 259 [6]= 259 [7]= 259 [8]= 259 [9]= 259 [10]= 259 [11]= 259 [12]= 259 
key_index before (DPU 433) [0]=   0 [1]= 101 [2]= 220 [3]= 318 [4]= 318 [5]= 318 [6]= 318 [7]= 318 [8]= 318 [9]= 318 [10]= 318 [11]= 318 [12]= 318 
key_index before (DPU 434) [0]=   0 [1]=  98 [2]= 178 [3]= 274 [4]= 274 [5]= 274 [6]= 274 [7]= 274 [8]= 274 [9]= 274 [10]= 274 [11]= 274 [12]= 274 
key_index before (DPU 435) [0]=   0 [1]=  89 [2]= 187 [3]= 273 [4]= 273 [5]= 273 [6]= 273 [7]= 273 [8]= 273 [9]= 273 [10]= 273 [11]= 273 [12]= 273 
key_index before (DPU 436) [0]=   0 [1]=  80 [2]= 175 [3]= 258 [4]= 258 [5]= 258 [6]= 258 [7]= 258 [8]= 258 [9]= 258 [10]= 258 [11]= 258 [12]= 258 
key_index before (DPU 437) [0]=   0 [1]=  97 [2]= 181 [3]= 263 [4]= 263 [5]= 263 [6]= 263 [7]= 263 [8]= 263 [9]= 263 [10]= 263 [11]= 263 [12]= 263 
key_index before (DPU 438) [0]=   0 [1]= 107 [2]= 209 [3]= 276 [4]= 276 [5]= 276 [6]= 276 [7]= 276 [8]= 276 [9]= 276 [10]= 276 [11]= 276 [12]= 276 
key_index before (DPU 439) [0]=   0 [1]=  83 [2]= 183 [3]= 285 [4]= 375 [5]= 375 [6]= 375 [7]= 375 [8]= 375 [9]= 375 [10]= 375 [11]= 375 [12]= 375 
key_index before (DPU 440) [0]=   0 [1]= 109 [2]= 199 [3]= 284 [4]= 284 [5]= 284 [6]= 284 [7]= 284 [8]= 284 [9]= 284 [10]= 284 [11]= 284 [12]= 284 
key_index before (DPU 441) [0]=   0 [1]=  91 [2]= 183 [3]= 265 [4]= 265 [5]= 265 [6]= 265 [7]= 265 [8]= 265 [9]= 265 [10]= 265 [11]= 265 [12]= 265 
key_index before (DPU 442) [0]=   0 [1]=  97 [2]= 186 [3]= 283 [4]= 283 [5]= 283 [6]= 283 [7]= 283 [8]= 283 [9]= 283 [10]= 283 [11]= 283 [12]= 283 
key_index before (DPU 443) [0]=   0 [1]=  91 [2]= 194 [3]= 279 [4]= 279 [5]= 279 [6]= 279 [7]= 279 [8]= 279 [9]= 279 [10]= 279 [11]= 279 [12]= 279 
key_index before (DPU 444) [0]=   0 [1]=  79 [2]= 186 [3]= 260 [4]= 260 [5]= 260 [6]= 260 [7]= 260 [8]= 260 [9]= 260 [10]= 260 [11]= 260 [12]= 260 
key_index before (DPU 445) [0]=   0 [1]=  81 [2]= 164 [3]= 250 [4]=3868 [5]=3868 [6]=3868 [7]=3868 [8]=3868 [9]=3868 [10]=3868 [11]=3868 [12]=3868 
key_index before (DPU 446) [0]=   0 [1]=   0 [2]=   0 [3]=   0 [4]=139861 [5]=139861 [6]=139861 [7]=139861 [8]=139861 [9]=139861 [10]=139861 [11]=139861 [12]=139861 
key_index before (DPU 447) [0]=   0 [1]=  91 [2]= 189 [3]= 272 [4]= 272 [5]= 272 [6]= 272 [7]= 272 [8]= 272 [9]= 272 [10]= 272 [11]= 272 [12]= 272 
key_index before (DPU 448) [0]=   0 [1]=  94 [2]= 189 [3]= 269 [4]= 269 [5]= 269 [6]= 269 [7]= 269 [8]= 269 [9]= 269 [10]= 269 [11]= 269 [12]= 269 
key_index before (DPU 449) [0]=   0 [1]=   0 [2]=   0 [3]=   0 [4]=21216 [5]=21216 [6]=21216 [7]=21216 [8]=21216 [9]=21216 [10]=21216 [11]=21216 [12]=21216 
key_index before (DPU 450) [0]=   0 [1]=  97 [2]= 204 [3]= 291 [4]= 291 [5]= 291 [6]= 291 [7]= 291 [8]= 291 [9]= 291 [10]= 291 [11]= 291 [12]= 291 
key_index before (DPU 451) [0]=   0 [1]= 109 [2]= 199 [3]= 291 [4]= 291 [5]= 291 [6]= 291 [7]= 291 [8]= 291 [9]= 291 [10]= 291 [11]= 291 [12]= 291 
key_index before (DPU 452) [0]=   0 [1]= 104 [2]= 199 [3]= 264 [4]= 264 [5]= 264 [6]= 264 [7]= 264 [8]= 264 [9]= 264 [10]= 264 [11]= 264 [12]= 264 
key_index before (DPU 453) [0]=   0 [1]= 105 [2]= 187 [3]= 273 [4]=7007 [5]=7007 [6]=7007 [7]=7007 [8]=7007 [9]=7007 [10]=7007 [11]=7007 [12]=7007 
key_index before (DPU 454) [0]=   0 [1]=  89 [2]= 176 [3]= 252 [4]= 337 [5]= 337 [6]= 337 [7]= 337 [8]= 337 [9]= 337 [10]= 337 [11]= 337 [12]= 337 
key_index before (DPU 455) [0]=   0 [1]=  76 [2]= 160 [3]= 248 [4]=5961 [5]=5961 [6]=5961 [7]=5961 [8]=5961 [9]=5961 [10]=5961 [11]=5961 [12]=5961 
key_index before (DPU 456) [0]=   0 [1]= 105 [2]= 198 [3]= 291 [4]= 291 [5]= 291 [6]= 291 [7]= 291 [8]= 291 [9]= 291 [10]= 291 [11]= 291 [12]= 291 
key_index before (DPU 457) [0]=   0 [1]=  95 [2]= 182 [3]= 257 [4]=6749 [5]=6749 [6]=6749 [7]=6749 [8]=6749 [9]=6749 [10]=6749 [11]=6749 [12]=6749 
key_index before (DPU 458) [0]=   0 [1]= 100 [2]= 180 [3]= 291 [4]= 390 [5]= 390 [6]= 390 [7]= 390 [8]= 390 [9]= 390 [10]= 390 [11]= 390 [12]= 390 
key_index before (DPU 459) [0]=   0 [1]=   0 [2]=  84 [3]=  84 [4]=12424 [5]=12424 [6]=12424 [7]=12424 [8]=12424 [9]=12424 [10]=12424 [11]=12424 [12]=12424 
key_index before (DPU 460) [0]=   0 [1]=  81 [2]= 172 [3]= 244 [4]= 336 [5]= 336 [6]= 336 [7]= 336 [8]= 336 [9]= 336 [10]= 336 [11]= 336 [12]= 336 
key_index before (DPU 461) [0]=   0 [1]=  68 [2]= 159 [3]= 237 [4]= 322 [5]= 322 [6]= 322 [7]= 322 [8]= 322 [9]= 322 [10]= 322 [11]= 322 [12]= 322 
key_index before (DPU 462) [0]=   0 [1]=  77 [2]= 176 [3]= 257 [4]=5081 [5]=5081 [6]=5081 [7]=5081 [8]=5081 [9]=5081 [10]=5081 [11]=5081 [12]=5081 
key_index before (DPU 463) [0]=   0 [1]=  77 [2]= 166 [3]= 240 [4]= 344 [5]= 344 [6]= 344 [7]= 344 [8]= 344 [9]= 344 [10]= 344 [11]= 344 [12]= 344 
key_index before (DPU 464) [0]=   0 [1]=  94 [2]= 188 [3]= 271 [4]=5602 [5]=5602 [6]=5602 [7]=5602 [8]=5602 [9]=5602 [10]=5602 [11]=5602 [12]=5602 
key_index before (DPU 465) [0]=   0 [1]=  82 [2]= 184 [3]= 287 [4]= 287 [5]= 287 [6]= 287 [7]= 287 [8]= 287 [9]= 287 [10]= 287 [11]= 287 [12]= 287 
key_index before (DPU 466) [0]=   0 [1]=  86 [2]= 187 [3]= 272 [4]= 363 [5]= 363 [6]= 363 [7]= 363 [8]= 363 [9]= 363 [10]= 363 [11]= 363 [12]= 363 
key_index before (DPU 467) [0]=   0 [1]= 103 [2]= 199 [3]= 285 [4]= 285 [5]= 285 [6]= 285 [7]= 285 [8]= 285 [9]= 285 [10]= 285 [11]= 285 [12]= 285 
key_index before (DPU 468) [0]=   0 [1]=  96 [2]= 190 [3]= 296 [4]= 296 [5]= 296 [6]= 296 [7]= 296 [8]= 296 [9]= 296 [10]= 296 [11]= 296 [12]= 296 
key_index before (DPU 469) [0]=   0 [1]=  84 [2]= 153 [3]= 243 [4]= 315 [5]= 315 [6]= 315 [7]= 315 [8]= 315 [9]= 315 [10]= 315 [11]= 315 [12]= 315 
key_index before (DPU 470) [0]=   0 [1]=   0 [2]=   0 [3]=   0 [4]=18081 [5]=18081 [6]=18081 [7]=18081 [8]=18081 [9]=18081 [10]=18081 [11]=18081 [12]=18081 
key_index before (DPU 471) [0]=   0 [1]=  85 [2]= 181 [3]= 256 [4]=4412 [5]=4412 [6]=4412 [7]=4412 [8]=4412 [9]=4412 [10]=4412 [11]=4412 [12]=4412 
key_index before (DPU 472) [0]=   0 [1]=  91 [2]= 187 [3]= 268 [4]= 268 [5]= 268 [6]= 268 [7]= 268 [8]= 268 [9]= 268 [10]= 268 [11]= 268 [12]= 268 
key_index before (DPU 473) [0]=   0 [1]= 102 [2]= 181 [3]= 284 [4]= 284 [5]= 284 [6]= 284 [7]= 284 [8]= 284 [9]= 284 [10]= 284 [11]= 284 [12]= 284 
key_index before (DPU 474) [0]=   0 [1]=  90 [2]= 174 [3]= 261 [4]= 261 [5]= 261 [6]= 261 [7]= 261 [8]= 261 [9]= 261 [10]= 261 [11]= 261 [12]= 261 
key_index before (DPU 475) [0]=   0 [1]=  78 [2]= 167 [3]= 249 [4]=8329 [5]=8329 [6]=8329 [7]=8329 [8]=8329 [9]=8329 [10]=8329 [11]=8329 [12]=8329 
key_index before (DPU 476) [0]=   0 [1]=  83 [2]= 178 [3]= 245 [4]= 342 [5]= 342 [6]= 342 [7]= 342 [8]= 342 [9]= 342 [10]= 342 [11]= 342 [12]= 342 
key_index before (DPU 477) [0]=   0 [1]=  71 [2]= 165 [3]= 247 [4]=4066 [5]=4066 [6]=4066 [7]=4066 [8]=4066 [9]=4066 [10]=4066 [11]=4066 [12]=4066 
key_index before (DPU 478) [0]=   0 [1]=  58 [2]= 141 [3]= 231 [4]= 306 [5]= 306 [6]= 306 [7]= 306 [8]= 306 [9]= 306 [10]= 306 [11]= 306 [12]= 306 
key_index before (DPU 479) [0]=   0 [1]=  90 [2]= 175 [3]= 267 [4]= 267 [5]= 267 [6]= 267 [7]= 267 [8]= 267 [9]= 267 [10]= 267 [11]= 267 [12]= 267 
key_index before (DPU 480) [0]=   0 [1]=  91 [2]= 171 [3]= 259 [4]= 259 [5]= 259 [6]= 259 [7]= 259 [8]= 259 [9]= 259 [10]= 259 [11]= 259 [12]= 259 
key_index before (DPU 481) [0]=   0 [1]=   0 [2]=   0 [3]=   0 [4]=33036 [5]=33036 [6]=33036 [7]=33036 [8]=33036 [9]=33036 [10]=33036 [11]=33036 [12]=33036 
key_index before (DPU 482) [0]=   0 [1]=  86 [2]= 170 [3]= 257 [4]= 257 [5]= 257 [6]= 257 [7]= 257 [8]= 257 [9]= 257 [10]= 257 [11]= 257 [12]= 257 
key_index before (DPU 483) [0]=   0 [1]=  82 [2]= 177 [3]= 242 [4]= 319 [5]= 319 [6]= 319 [7]= 319 [8]= 319 [9]= 319 [10]= 319 [11]= 319 [12]= 319 
key_index before (DPU 484) [0]=   0 [1]=  92 [2]= 182 [3]= 263 [4]= 263 [5]= 263 [6]= 263 [7]= 263 [8]= 263 [9]= 263 [10]= 263 [11]= 263 [12]= 263 
key_index before (DPU 485) [0]=   0 [1]=  71 [2]= 155 [3]= 248 [4]= 347 [5]= 347 [6]= 347 [7]= 347 [8]= 347 [9]= 347 [10]= 347 [11]= 347 [12]= 347 
key_index before (DPU 486) [0]=   0 [1]=  82 [2]= 160 [3]= 246 [4]= 313 [5]= 313 [6]= 313 [7]= 313 [8]= 313 [9]= 313 [10]= 313 [11]= 313 [12]= 313 
key_index before (DPU 487) [0]=   0 [1]=  79 [2]= 158 [3]= 237 [4]= 320 [5]= 320 [6]= 320 [7]= 320 [8]= 320 [9]= 320 [10]= 320 [11]= 320 [12]= 320 
key_index before (DPU 488) [0]=   0 [1]=  81 [2]= 169 [3]= 241 [4]= 317 [5]= 317 [6]= 317 [7]= 317 [8]= 317 [9]= 317 [10]= 317 [11]= 317 [12]= 317 
key_index before (DPU 489) [0]=   0 [1]=  82 [2]= 166 [3]= 257 [4]= 324 [5]= 324 [6]= 324 [7]= 324 [8]= 324 [9]= 324 [10]= 324 [11]= 324 [12]= 324 
key_index before (DPU 490) [0]=   0 [1]= 101 [2]= 187 [3]= 269 [4]= 353 [5]= 353 [6]= 353 [7]= 353 [8]= 353 [9]= 353 [10]= 353 [11]= 353 [12]= 353 
key_index before (DPU 491) [0]=   0 [1]=  83 [2]=  83 [3]= 161 [4]=10206 [5]=10206 [6]=10206 [7]=10206 [8]=10206 [9]=10206 [10]=10206 [11]=10206 [12]=10206 
key_index before (DPU 492) [0]=   0 [1]=  71 [2]= 139 [3]= 234 [4]= 317 [5]= 317 [6]= 317 [7]= 317 [8]= 317 [9]= 317 [10]= 317 [11]= 317 [12]= 317 
key_index before (DPU 493) [0]=   0 [1]=  75 [2]= 169 [3]= 249 [4]=7926 [5]=7926 [6]=7926 [7]=7926 [8]=7926 [9]=7926 [10]=7926 [11]=7926 [12]=7926 
key_index before (DPU 494) [0]=   0 [1]=  81 [2]= 156 [3]= 237 [4]= 341 [5]= 341 [6]= 341 [7]= 341 [8]= 341 [9]= 341 [10]= 341 [11]= 341 [12]= 341 
key_index before (DPU 495) [0]=   0 [1]=  79 [2]= 173 [3]= 241 [4]=9507 [5]=9507 [6]=9507 [7]=9507 [8]=9507 [9]=9507 [10]=9507 [11]=9507 [12]=9507 
key_index before (DPU 496) [0]=   0 [1]=   0 [2]=   0 [3]=   0 [4]=13735 [5]=13735 [6]=13735 [7]=13735 [8]=13735 [9]=13735 [10]=13735 [11]=13735 [12]=13735 
key_index before (DPU 497) [0]=   0 [1]=  85 [2]= 169 [3]= 265 [4]= 348 [5]= 348 [6]= 348 [7]= 348 [8]= 348 [9]= 348 [10]= 348 [11]= 348 [12]= 348 
key_index before (DPU 498) [0]=   0 [1]=  75 [2]= 144 [3]= 244 [4]= 324 [5]= 324 [6]= 324 [7]= 324 [8]= 324 [9]= 324 [10]= 324 [11]= 324 [12]= 324 
key_index before (DPU 499) [0]=   0 [1]=   0 [2]=   0 [3]=   0 [4]=48411 [5]=48411 [6]=48411 [7]=48411 [8]=48411 [9]=48411 [10]=48411 [11]=48411 [12]=48411 
before (DPU 0) [0]=   0 [1]=71803 [2]=   0 [3]=   0 [4]=   0 [5]=   0 [6]=   0 [7]=   0 [8]=   0 [9]=   0 [10]=   0 [11]=   0 
after  (DPU 0) [0]=   0 [1]=71803 [2]=   0 [3]=   0 [4]=   0 [5]=   0 [6]=   0 [7]=   0 [8]=   0 [9]=   0 [10]=   0 [11]=   0 
before (DPU 1) [0]=   0 [1]=25974 [2]=   0 [3]=   0 [4]=   0 [5]=   0 [6]=   0 [7]=   0 [8]=   0 [9]=   0 [10]=   0 [11]=   0 
after  (DPU 1) [0]=   0 [1]=25974 [2]=   0 [3]=   0 [4]=   0 [5]=   0 [6]=   0 [7]=   0 [8]=   0 [9]=   0 [10]=   0 [11]=   0 
before (DPU 2) [0]=   0 [1]=15829 [2]=   0 [3]=   0 [4]=   0 [5]=   0 [6]=   0 [7]=   0 [8]=   0 [9]=   0 [10]=   0 [11]=   0 
after  (DPU 2) [0]=   0 [1]=15829 [2]=   0 [3]=   0 [4]=   0 [5]=   0 [6]=   0 [7]=   0 [8]=   0 [9]=   0 [10]=   0 [11]=   0 
before (DPU 3) [0]=   0 [1]=11275 [2]=   0 [3]=   0 [4]=   0 [5]=   0 [6]=   0 [7]=   0 [8]=   0 [9]=   0 [10]=   0 [11]=   0 
after  (DPU 3) [0]=   0 [1]=11275 [2]=   0 [3]=   0 [4]=   0 [5]=   0 [6]=   0 [7]=   0 [8]=   0 [9]=   0 [10]=   0 [11]=   0 
before (DPU 4) [0]=   0 [1]=8704 [2]=   0 [3]=   0 [4]=   0 [5]=   0 [6]=   0 [7]=   0 [8]=   0 [9]=   0 [10]=   0 [11]=   0 
after  (DPU 4) [0]=   0 [1]=8704 [2]=   0 [3]=   0 [4]=   0 [5]=   0 [6]=   0 [7]=   0 [8]=   0 [9]=   0 [10]=   0 [11]=   0 
before (DPU 5) [0]=   0 [1]=7042 [2]=   0 [3]=   0 [4]=   0 [5]=   0 [6]=   0 [7]=   0 [8]=   0 [9]=   0 [10]=   0 [11]=   0 
after  (DPU 5) [0]=   0 [1]=7042 [2]=   0 [3]=   0 [4]=   0 [5]=   0 [6]=   0 [7]=   0 [8]=   0 [9]=   0 [10]=   0 [11]=   0 
before (DPU 6) [0]=   0 [1]=6087 [2]=   0 [3]=   0 [4]=   0 [5]=   0 [6]=   0 [7]=   0 [8]=   0 [9]=   0 [10]=   0 [11]=   0 
after  (DPU 6) [0]=   0 [1]=6087 [2]=   0 [3]=   0 [4]=   0 [5]=   0 [6]=   0 [7]=   0 [8]=   0 [9]=   0 [10]=   0 [11]=   0 
before (DPU 7) [0]=   0 [1]=5182 [2]=4933 [3]=   0 [4]=   0 [5]=   0 [6]=   0 [7]=   0 [8]=   0 [9]=   0 [10]=   0 [11]=   0 
after  (DPU 7) [0]=   0 [1]=5182 [2]=4933 [3]=   0 [4]=   0 [5]=   0 [6]=   0 [7]=   0 [8]=   0 [9]=   0 [10]=   0 [11]=   0 
before (DPU 8) [0]=   0 [1]=4630 [2]=4419 [3]=   0 [4]=   0 [5]=   0 [6]=   0 [7]=   0 [8]=   0 [9]=   0 [10]=   0 [11]=   0 
after  (DPU 8) [0]=   0 [1]=4630 [2]=4419 [3]=   0 [4]=   0 [5]=   0 [6]=   0 [7]=   0 [8]=   0 [9]=   0 [10]=   0 [11]=   0 
before (DPU 9) [0]=   0 [1]=4206 [2]=4151 [3]=   0 [4]=   0 [5]=   0 [6]=   0 [7]=   0 [8]=   0 [9]=   0 [10]=   0 [11]=   0 
after  (DPU 9) [0]=   0 [1]=4206 [2]=4151 [3]=   0 [4]=   0 [5]=   0 [6]=   0 [7]=   0 [8]=   0 [9]=   0 [10]=   0 [11]=   0 
before (DPU 10) [0]=3819 [1]=3641 [2]=3715 [3]=   0 [4]=   0 [5]=   0 [6]=   0 [7]=   0 [8]=   0 [9]=   0 [10]=   0 [11]=   0 
after  (DPU 10) [0]=   0 [1]=3641 [2]=3715 [3]=   0 [4]=   0 [5]=   0 [6]=   0 [7]=   0 [8]=   0 [9]=   0 [10]=   0 [11]=   0 
before (DPU 11) [0]=3618 [1]=3404 [2]=3471 [3]=   0 [4]=   0 [5]=   0 [6]=   0 [7]=   0 [8]=   0 [9]=   0 [10]=   0 [11]=   0 
after  (DPU 11) [0]=   0 [1]=3404 [2]=3471 [3]=   0 [4]=   0 [5]=   0 [6]=   0 [7]=   0 [8]=   0 [9]=   0 [10]=   0 [11]=   0 
before (DPU 12) [0]=3273 [1]=3108 [2]=3006 [3]=   0 [4]=   0 [5]=   0 [6]=   0 [7]=   0 [8]=   0 [9]=   0 [10]=   0 [11]=   0 
after  (DPU 12) [0]=3273 [1]=3108 [2]=3006 [3]=   0 [4]=   0 [5]=   0 [6]=   0 [7]=   0 [8]=   0 [9]=   0 [10]=   0 [11]=   0 
before (DPU 13) [0]=3020 [1]=2976 [2]=2780 [3]=   0 [4]=   0 [5]=   0 [6]=   0 [7]=   0 [8]=   0 [9]=   0 [10]=   0 [11]=   0 
after  (DPU 13) [0]=3020 [1]=2976 [2]=2780 [3]=   0 [4]=   0 [5]=   0 [6]=   0 [7]=   0 [8]=   0 [9]=   0 [10]=   0 [11]=   0 
before (DPU 14) [0]=2827 [1]=2831 [2]=2716 [3]=   0 [4]=   0 [5]=   0 [6]=   0 [7]=   0 [8]=   0 [9]=   0 [10]=   0 [11]=   0 
after  (DPU 14) [0]=2827 [1]=2831 [2]=2716 [3]=   0 [4]=   0 [5]=   0 [6]=   0 [7]=   0 [8]=   0 [9]=   0 [10]=   0 [11]=   0 
before (DPU 15) [0]=2580 [1]=2576 [2]=2516 [3]=   0 [4]=   0 [5]=   0 [6]=   0 [7]=   0 [8]=   0 [9]=   0 [10]=   0 [11]=   0 
after  (DPU 15) [0]=2580 [1]=2576 [2]=2516 [3]=   0 [4]=   0 [5]=   0 [6]=   0 [7]=   0 [8]=   0 [9]=   0 [10]=   0 [11]=   0 
before (DPU 16) [0]=2408 [1]=2419 [2]=2386 [3]=   0 [4]=   0 [5]=   0 [6]=   0 [7]=   0 [8]=   0 [9]=   0 [10]=   0 [11]=   0 
after  (DPU 16) [0]=2408 [1]=2419 [2]=2386 [3]=   0 [4]=   0 [5]=   0 [6]=   0 [7]=   0 [8]=   0 [9]=   0 [10]=   0 [11]=   0 
before (DPU 17) [0]=2245 [1]=2291 [2]=2207 [3]=   0 [4]=   0 [5]=   0 [6]=   0 [7]=   0 [8]=   0 [9]=   0 [10]=   0 [11]=   0 
after  (DPU 17) [0]=2245 [1]=2291 [2]=2207 [3]=   0 [4]=   0 [5]=   0 [6]=   0 [7]=   0 [8]=   0 [9]=   0 [10]=   0 [11]=   0 
before (DPU 18) [0]=2174 [1]=2187 [2]=2078 [3]=   0 [4]=   0 [5]=   0 [6]=   0 [7]=   0 [8]=   0 [9]=   0 [10]=   0 [11]=   0 
after  (DPU 18) [0]=2174 [1]=2187 [2]=2078 [3]=   0 [4]=   0 [5]=   0 [6]=   0 [7]=   0 [8]=   0 [9]=   0 [10]=   0 [11]=   0 
before (DPU 19) [0]=1952 [1]=1948 [2]=2033 [3]=   0 [4]=   0 [5]=   0 [6]=   0 [7]=   0 [8]=   0 [9]=   0 [10]=   0 [11]=   0 
after  (DPU 19) [0]=1952 [1]=1948 [2]=2033 [3]=   0 [4]=   0 [5]=   0 [6]=   0 [7]=   0 [8]=   0 [9]=   0 [10]=   0 [11]=   0 
before (DPU 20) [0]=1993 [1]=1974 [2]=1906 [3]=   0 [4]=   0 [5]=   0 [6]=   0 [7]=   0 [8]=   0 [9]=   0 [10]=   0 [11]=   0 
after  (DPU 20) [0]=1993 [1]=1974 [2]=1906 [3]=   0 [4]=   0 [5]=   0 [6]=   0 [7]=   0 [8]=   0 [9]=   0 [10]=   0 [11]=   0 
before (DPU 21) [0]=1856 [1]=1871 [2]=1798 [3]=   0 [4]=   0 [5]=   0 [6]=   0 [7]=   0 [8]=   0 [9]=   0 [10]=   0 [11]=   0 
after  (DPU 21) [0]=1856 [1]=1871 [2]=1798 [3]=   0 [4]=   0 [5]=   0 [6]=   0 [7]=   0 [8]=   0 [9]=   0 [10]=   0 [11]=   0 
before (DPU 22) [0]=1722 [1]=1733 [2]=1701 [3]=   0 [4]=   0 [5]=   0 [6]=   0 [7]=   0 [8]=   0 [9]=   0 [10]=   0 [11]=   0 
after  (DPU 22) [0]=1722 [1]=1733 [2]=1701 [3]=   0 [4]=   0 [5]=   0 [6]=   0 [7]=   0 [8]=   0 [9]=   0 [10]=   0 [11]=   0 
before (DPU 23) [0]=1697 [1]=1652 [2]=1657 [3]=   0 [4]=   0 [5]=   0 [6]=   0 [7]=   0 [8]=   0 [9]=   0 [10]=   0 [11]=   0 
after  (DPU 23) [0]=1697 [1]=1652 [2]=1657 [3]=   0 [4]=   0 [5]=   0 [6]=   0 [7]=   0 [8]=   0 [9]=   0 [10]=   0 [11]=   0 
before (DPU 24) [0]=1702 [1]=1615 [2]=1506 [3]=   0 [4]=   0 [5]=   0 [6]=   0 [7]=   0 [8]=   0 [9]=   0 [10]=   0 [11]=   0 
after  (DPU 24) [0]=1702 [1]=1615 [2]=1506 [3]=   0 [4]=   0 [5]=   0 [6]=   0 [7]=   0 [8]=   0 [9]=   0 [10]=   0 [11]=   0 
before (DPU 25) [0]=1585 [1]=1604 [2]=1552 [3]=   0 [4]=   0 [5]=   0 [6]=   0 [7]=   0 [8]=   0 [9]=   0 [10]=   0 [11]=   0 
after  (DPU 25) [0]=1585 [1]=1604 [2]=1552 [3]=   0 [4]=   0 [5]=   0 [6]=   0 [7]=   0 [8]=   0 [9]=   0 [10]=   0 [11]=   0 
before (DPU 26) [0]=1536 [1]=1470 [2]=1521 [3]=   0 [4]=   0 [5]=   0 [6]=   0 [7]=   0 [8]=   0 [9]=   0 [10]=   0 [11]=   0 
after  (DPU 26) [0]=1536 [1]=1470 [2]=1521 [3]=   0 [4]=   0 [5]=   0 [6]=   0 [7]=   0 [8]=   0 [9]=   0 [10]=   0 [11]=   0 
before (DPU 27) [0]=1429 [1]=1424 [2]=1436 [3]=   0 [4]=   0 [5]=   0 [6]=   0 [7]=   0 [8]=   0 [9]=   0 [10]=   0 [11]=   0 
after  (DPU 27) [0]=1429 [1]=1424 [2]=1436 [3]=   0 [4]=   0 [5]=   0 [6]=   0 [7]=   0 [8]=   0 [9]=   0 [10]=   0 [11]=   0 
before (DPU 28) [0]=1387 [1]=1343 [2]=1382 [3]=   0 [4]=   0 [5]=   0 [6]=   0 [7]=   0 [8]=   0 [9]=   0 [10]=   0 [11]=   0 
after  (DPU 28) [0]=1387 [1]=1343 [2]=1382 [3]=   0 [4]=   0 [5]=   0 [6]=   0 [7]=   0 [8]=   0 [9]=   0 [10]=   0 [11]=   0 
before (DPU 29) [0]=1428 [1]=1360 [2]=1309 [3]=   0 [4]=   0 [5]=   0 [6]=   0 [7]=   0 [8]=   0 [9]=   0 [10]=   0 [11]=   0 
after  (DPU 29) [0]=1428 [1]=1360 [2]=1309 [3]=   0 [4]=   0 [5]=   0 [6]=   0 [7]=   0 [8]=   0 [9]=   0 [10]=   0 [11]=   0 
before (DPU 30) [0]=1336 [1]=1295 [2]=1299 [3]=   0 [4]=   0 [5]=   0 [6]=   0 [7]=   0 [8]=   0 [9]=   0 [10]=   0 [11]=   0 
after  (DPU 30) [0]=1336 [1]=1295 [2]=1299 [3]=   0 [4]=   0 [5]=   0 [6]=   0 [7]=   0 [8]=   0 [9]=   0 [10]=   0 [11]=   0 
before (DPU 31) [0]=1264 [1]=1269 [2]=1233 [3]=   0 [4]=   0 [5]=   0 [6]=   0 [7]=   0 [8]=   0 [9]=   0 [10]=   0 [11]=   0 
after  (DPU 31) [0]=1264 [1]=1269 [2]=1233 [3]=   0 [4]=   0 [5]=   0 [6]=   0 [7]=   0 [8]=   0 [9]=   0 [10]=   0 [11]=   0 
before (DPU 32) [0]=1253 [1]=1240 [2]=1236 [3]=   0 [4]=   0 [5]=   0 [6]=   0 [7]=   0 [8]=   0 [9]=   0 [10]=   0 [11]=   0 
after  (DPU 32) [0]=1253 [1]=1240 [2]=1236 [3]=   0 [4]=   0 [5]=   0 [6]=   0 [7]=   0 [8]=   0 [9]=   0 [10]=   0 [11]=   0 
before (DPU 33) [0]=1221 [1]=1248 [2]=1201 [3]=   0 [4]=   0 [5]=   0 [6]=   0 [7]=   0 [8]=   0 [9]=   0 [10]=   0 [11]=   0 
after  (DPU 33) [0]=1221 [1]=1248 [2]=1201 [3]=   0 [4]=   0 [5]=   0 [6]=   0 [7]=   0 [8]=   0 [9]=   0 [10]=   0 [11]=   0 
before (DPU 34) [0]=1140 [1]=1205 [2]=1146 [3]=   0 [4]=   0 [5]=   0 [6]=   0 [7]=   0 [8]=   0 [9]=   0 [10]=   0 [11]=   0 
after  (DPU 34) [0]=1140 [1]=1205 [2]=1146 [3]=   0 [4]=   0 [5]=   0 [6]=   0 [7]=   0 [8]=   0 [9]=   0 [10]=   0 [11]=   0 
before (DPU 35) [0]=1108 [1]=1091 [2]=1081 [3]=   0 [4]=   0 [5]=   0 [6]=   0 [7]=   0 [8]=   0 [9]=   0 [10]=   0 [11]=   0 
after  (DPU 35) [0]=1108 [1]=1091 [2]=1081 [3]=   0 [4]=   0 [5]=   0 [6]=   0 [7]=   0 [8]=   0 [9]=   0 [10]=   0 [11]=   0 
before (DPU 36) [0]=1018 [1]=1126 [2]=1030 [3]=   0 [4]=   0 [5]=   0 [6]=   0 [7]=   0 [8]=   0 [9]=   0 [10]=   0 [11]=   0 
after  (DPU 36) [0]=1018 [1]=1126 [2]=1030 [3]=   0 [4]=   0 [5]=   0 [6]=   0 [7]=   0 [8]=   0 [9]=   0 [10]=   0 [11]=   0 
before (DPU 37) [0]=1029 [1]=1112 [2]=1122 [3]=   0 [4]=   0 [5]=   0 [6]=   0 [7]=   0 [8]=   0 [9]=   0 [10]=   0 [11]=   0 
after  (DPU 37) [0]=1029 [1]=1112 [2]=1122 [3]=   0 [4]=   0 [5]=   0 [6]=   0 [7]=   0 [8]=   0 [9]=   0 [10]=   0 [11]=   0 
before (DPU 38) [0]=1017 [1]=1026 [2]= 998 [3]=   0 [4]=   0 [5]=   0 [6]=   0 [7]=   0 [8]=   0 [9]=   0 [10]=   0 [11]=   0 
after  (DPU 38) [0]=1017 [1]=1026 [2]= 998 [3]=   0 [4]=   0 [5]=   0 [6]=   0 [7]=   0 [8]=   0 [9]=   0 [10]=   0 [11]=   0 
before (DPU 39) [0]=1062 [1]=1046 [2]= 977 [3]=   0 [4]=   0 [5]=   0 [6]=   0 [7]=   0 [8]=   0 [9]=   0 [10]=   0 [11]=   0 
after  (DPU 39) [0]=1062 [1]=1046 [2]= 977 [3]=   0 [4]=   0 [5]=   0 [6]=   0 [7]=   0 [8]=   0 [9]=   0 [10]=   0 [11]=   0 
before (DPU 40) [0]=1003 [1]= 983 [2]= 938 [3]=   0 [4]=   0 [5]=   0 [6]=   0 [7]=   0 [8]=   0 [9]=   0 [10]=   0 [11]=   0 
after  (DPU 40) [0]=1003 [1]= 983 [2]= 938 [3]=   0 [4]=   0 [5]=   0 [6]=   0 [7]=   0 [8]=   0 [9]=   0 [10]=   0 [11]=   0 
before (DPU 41) [0]= 994 [1]= 935 [2]= 960 [3]=   0 [4]=   0 [5]=   0 [6]=   0 [7]=   0 [8]=   0 [9]=   0 [10]=   0 [11]=   0 
after  (DPU 41) [0]= 994 [1]= 935 [2]= 960 [3]=   0 [4]=   0 [5]=   0 [6]=   0 [7]=   0 [8]=   0 [9]=   0 [10]=   0 [11]=   0 
before (DPU 42) [0]= 893 [1]= 896 [2]= 930 [3]=   0 [4]=   0 [5]=   0 [6]=   0 [7]=   0 [8]=   0 [9]=   0 [10]=   0 [11]=   0 
after  (DPU 42) [0]= 893 [1]= 896 [2]= 930 [3]=   0 [4]=   0 [5]=   0 [6]=   0 [7]=   0 [8]=   0 [9]=   0 [10]=   0 [11]=   0 
before (DPU 43) [0]= 865 [1]= 953 [2]= 825 [3]=   0 [4]=   0 [5]=   0 [6]=   0 [7]=   0 [8]=   0 [9]=   0 [10]=   0 [11]=   0 
after  (DPU 43) [0]= 865 [1]= 953 [2]= 825 [3]=   0 [4]=   0 [5]=   0 [6]=   0 [7]=   0 [8]=   0 [9]=   0 [10]=   0 [11]=   0 
before (DPU 44) [0]= 953 [1]= 960 [2]= 900 [3]=   0 [4]=   0 [5]=   0 [6]=   0 [7]=   0 [8]=   0 [9]=   0 [10]=   0 [11]=   0 
after  (DPU 44) [0]= 953 [1]= 960 [2]= 900 [3]=   0 [4]=   0 [5]=   0 [6]=   0 [7]=   0 [8]=   0 [9]=   0 [10]=   0 [11]=   0 
before (DPU 45) [0]= 893 [1]= 873 [2]= 855 [3]=   0 [4]=   0 [5]=   0 [6]=   0 [7]=   0 [8]=   0 [9]=   0 [10]=   0 [11]=   0 
after  (DPU 45) [0]= 893 [1]= 873 [2]= 855 [3]=   0 [4]=   0 [5]=   0 [6]=   0 [7]=   0 [8]=   0 [9]=   0 [10]=   0 [11]=   0 
before (DPU 46) [0]= 873 [1]= 832 [2]= 853 [3]=   0 [4]=   0 [5]=   0 [6]=   0 [7]=   0 [8]=   0 [9]=   0 [10]=   0 [11]=   0 
after  (DPU 46) [0]= 873 [1]= 832 [2]= 853 [3]=   0 [4]=   0 [5]=   0 [6]=   0 [7]=   0 [8]=   0 [9]=   0 [10]=   0 [11]=   0 
before (DPU 47) [0]= 833 [1]= 793 [2]= 818 [3]=   0 [4]=   0 [5]=   0 [6]=   0 [7]=   0 [8]=   0 [9]=   0 [10]=   0 [11]=   0 
after  (DPU 47) [0]= 833 [1]= 793 [2]= 818 [3]=   0 [4]=   0 [5]=   0 [6]=   0 [7]=   0 [8]=   0 [9]=   0 [10]=   0 [11]=   0 
before (DPU 48) [0]= 812 [1]= 803 [2]= 863 [3]=   0 [4]=   0 [5]=   0 [6]=   0 [7]=   0 [8]=   0 [9]=   0 [10]=   0 [11]=   0 
after  (DPU 48) [0]= 812 [1]= 803 [2]= 863 [3]=   0 [4]=   0 [5]=   0 [6]=   0 [7]=   0 [8]=   0 [9]=   0 [10]=   0 [11]=   0 
before (DPU 49) [0]= 835 [1]= 859 [2]= 757 [3]=   0 [4]=   0 [5]=   0 [6]=   0 [7]=   0 [8]=   0 [9]=   0 [10]=   0 [11]=   0 
after  (DPU 49) [0]= 835 [1]= 859 [2]= 757 [3]=   0 [4]=   0 [5]=   0 [6]=   0 [7]=   0 [8]=   0 [9]=   0 [10]=   0 [11]=   0 
before (DPU 50) [0]= 742 [1]= 797 [2]= 831 [3]=   0 [4]=   0 [5]=   0 [6]=   0 [7]=   0 [8]=   0 [9]=   0 [10]=   0 [11]=   0 
after  (DPU 50) [0]= 742 [1]= 797 [2]= 831 [3]=   0 [4]=   0 [5]=   0 [6]=   0 [7]=   0 [8]=   0 [9]=   0 [10]=   0 [11]=   0 
before (DPU 51) [0]= 766 [1]= 772 [2]= 781 [3]=   0 [4]=   0 [5]=   0 [6]=   0 [7]=   0 [8]=   0 [9]=   0 [10]=   0 [11]=   0 
after  (DPU 51) [0]= 766 [1]= 772 [2]= 781 [3]=   0 [4]=   0 [5]=   0 [6]=   0 [7]=   0 [8]=   0 [9]=   0 [10]=   0 [11]=   0 
before (DPU 52) [0]= 759 [1]= 756 [2]= 709 [3]=   0 [4]=   0 [5]=   0 [6]=   0 [7]=   0 [8]=   0 [9]=   0 [10]=   0 [11]=   0 
after  (DPU 52) [0]= 759 [1]= 756 [2]= 709 [3]=   0 [4]=   0 [5]=   0 [6]=   0 [7]=   0 [8]=   0 [9]=   0 [10]=   0 [11]=   0 
before (DPU 53) [0]= 744 [1]= 747 [2]= 759 [3]=   0 [4]=   0 [5]=   0 [6]=   0 [7]=   0 [8]=   0 [9]=   0 [10]=   0 [11]=   0 
after  (DPU 53) [0]= 744 [1]= 747 [2]= 759 [3]=   0 [4]=   0 [5]=   0 [6]=   0 [7]=   0 [8]=   0 [9]=   0 [10]=   0 [11]=   0 
before (DPU 54) [0]= 787 [1]= 741 [2]= 740 [3]=   0 [4]=   0 [5]=   0 [6]=   0 [7]=   0 [8]=   0 [9]=   0 [10]=   0 [11]=   0 
after  (DPU 54) [0]= 787 [1]= 741 [2]= 740 [3]=   0 [4]=   0 [5]=   0 [6]=   0 [7]=   0 [8]=   0 [9]=   0 [10]=   0 [11]=   0 
before (DPU 55) [0]= 705 [1]= 746 [2]= 743 [3]=   0 [4]=   0 [5]=   0 [6]=   0 [7]=   0 [8]=   0 [9]=   0 [10]=   0 [11]=   0 
after  (DPU 55) [0]= 705 [1]= 746 [2]= 743 [3]=   0 [4]=   0 [5]=   0 [6]=   0 [7]=   0 [8]=   0 [9]=   0 [10]=   0 [11]=   0 
before (DPU 56) [0]= 742 [1]= 688 [2]= 687 [3]=   0 [4]=   0 [5]=   0 [6]=   0 [7]=   0 [8]=   0 [9]=   0 [10]=   0 [11]=   0 
after  (DPU 56) [0]= 742 [1]= 688 [2]= 687 [3]=   0 [4]=   0 [5]=   0 [6]=   0 [7]=   0 [8]=   0 [9]=   0 [10]=   0 [11]=   0 
before (DPU 57) [0]= 757 [1]= 720 [2]= 720 [3]=   0 [4]=   0 [5]=   0 [6]=   0 [7]=   0 [8]=   0 [9]=   0 [10]=   0 [11]=   0 
after  (DPU 57) [0]= 757 [1]= 720 [2]= 720 [3]=   0 [4]=   0 [5]=   0 [6]=   0 [7]=   0 [8]=   0 [9]=   0 [10]=   0 [11]=   0 
before (DPU 58) [0]= 687 [1]= 657 [2]= 639 [3]=   0 [4]=   0 [5]=   0 [6]=   0 [7]=   0 [8]=   0 [9]=   0 [10]=   0 [11]=   0 
after  (DPU 58) [0]= 687 [1]= 657 [2]= 639 [3]=   0 [4]=   0 [5]=   0 [6]=   0 [7]=   0 [8]=   0 [9]=   0 [10]=   0 [11]=   0 
before (DPU 59) [0]= 673 [1]= 689 [2]= 622 [3]=   0 [4]=   0 [5]=   0 [6]=   0 [7]=   0 [8]=   0 [9]=   0 [10]=   0 [11]=   0 
after  (DPU 59) [0]= 673 [1]= 689 [2]= 622 [3]=   0 [4]=   0 [5]=   0 [6]=   0 [7]=   0 [8]=   0 [9]=   0 [10]=   0 [11]=   0 
before (DPU 60) [0]= 610 [1]= 684 [2]= 683 [3]=   0 [4]=   0 [5]=   0 [6]=   0 [7]=   0 [8]=   0 [9]=   0 [10]=   0 [11]=   0 
after  (DPU 60) [0]= 610 [1]= 684 [2]= 683 [3]=   0 [4]=   0 [5]=   0 [6]=   0 [7]=   0 [8]=   0 [9]=   0 [10]=   0 [11]=   0 
before (DPU 61) [0]= 642 [1]= 661 [2]= 633 [3]=   0 [4]=   0 [5]=   0 [6]=   0 [7]=   0 [8]=   0 [9]=   0 [10]=   0 [11]=   0 
after  (DPU 61) [0]= 642 [1]= 661 [2]= 633 [3]=   0 [4]=   0 [5]=   0 [6]=   0 [7]=   0 [8]=   0 [9]=   0 [10]=   0 [11]=   0 
before (DPU 62) [0]= 655 [1]= 677 [2]= 599 [3]=   0 [4]=   0 [5]=   0 [6]=   0 [7]=   0 [8]=   0 [9]=   0 [10]=   0 [11]=   0 
after  (DPU 62) [0]= 655 [1]= 677 [2]= 599 [3]=   0 [4]=   0 [5]=   0 [6]=   0 [7]=   0 [8]=   0 [9]=   0 [10]=   0 [11]=   0 
before (DPU 63) [0]= 669 [1]= 673 [2]= 628 [3]=   0 [4]=   0 [5]=   0 [6]=   0 [7]=   0 [8]=   0 [9]=   0 [10]=   0 [11]=   0 
after  (DPU 63) [0]= 669 [1]= 673 [2]= 628 [3]=   0 [4]=   0 [5]=   0 [6]=   0 [7]=   0 [8]=   0 [9]=   0 [10]=   0 [11]=   0 
before (DPU 64) [0]= 703 [1]= 597 [2]= 617 [3]=   0 [4]=   0 [5]=   0 [6]=   0 [7]=   0 [8]=   0 [9]=   0 [10]=   0 [11]=   0 
after  (DPU 64) [0]= 703 [1]= 597 [2]= 617 [3]=   0 [4]=   0 [5]=   0 [6]=   0 [7]=   0 [8]=   0 [9]=   0 [10]=   0 [11]=   0 
before (DPU 65) [0]= 583 [1]= 620 [2]= 586 [3]=   0 [4]=   0 [5]=   0 [6]=   0 [7]=   0 [8]=   0 [9]=   0 [10]=   0 [11]=   0 
after  (DPU 65) [0]= 583 [1]= 620 [2]= 586 [3]=   0 [4]=   0 [5]=   0 [6]=   0 [7]=   0 [8]=   0 [9]=   0 [10]=   0 [11]=   0 
before (DPU 66) [0]= 611 [1]= 609 [2]= 554 [3]=   0 [4]=   0 [5]=   0 [6]=   0 [7]=   0 [8]=   0 [9]=   0 [10]=   0 [11]=   0 
after  (DPU 66) [0]= 611 [1]= 609 [2]= 554 [3]=   0 [4]=   0 [5]=   0 [6]=   0 [7]=   0 [8]=   0 [9]=   0 [10]=   0 [11]=   0 
before (DPU 67) [0]= 609 [1]= 589 [2]= 607 [3]=   0 [4]=   0 [5]=   0 [6]=   0 [7]=   0 [8]=   0 [9]=   0 [10]=   0 [11]=   0 
after  (DPU 67) [0]= 609 [1]= 589 [2]= 607 [3]=   0 [4]=   0 [5]=   0 [6]=   0 [7]=   0 [8]=   0 [9]=   0 [10]=   0 [11]=   0 
before (DPU 68) [0]= 618 [1]= 623 [2]= 529 [3]=   0 [4]=   0 [5]=   0 [6]=   0 [7]=   0 [8]=   0 [9]=   0 [10]=   0 [11]=   0 
after  (DPU 68) [0]= 618 [1]= 623 [2]= 529 [3]=   0 [4]=   0 [5]=   0 [6]=   0 [7]=   0 [8]=   0 [9]=   0 [10]=   0 [11]=   0 
before (DPU 69) [0]= 593 [1]= 595 [2]= 571 [3]=   0 [4]=   0 [5]=   0 [6]=   0 [7]=   0 [8]=   0 [9]=   0 [10]=   0 [11]=   0 
after  (DPU 69) [0]= 593 [1]= 595 [2]= 571 [3]=   0 [4]=   0 [5]=   0 [6]=   0 [7]=   0 [8]=   0 [9]=   0 [10]=   0 [11]=   0 
before (DPU 70) [0]= 566 [1]= 557 [2]= 563 [3]=   0 [4]=   0 [5]=   0 [6]=   0 [7]=   0 [8]=   0 [9]=   0 [10]=   0 [11]=   0 
after  (DPU 70) [0]= 566 [1]= 557 [2]= 563 [3]=   0 [4]=   0 [5]=   0 [6]=   0 [7]=   0 [8]=   0 [9]=   0 [10]=   0 [11]=   0 
before (DPU 71) [0]= 589 [1]= 530 [2]= 548 [3]=   0 [4]=   0 [5]=   0 [6]=   0 [7]=   0 [8]=   0 [9]=   0 [10]=   0 [11]=   0 
after  (DPU 71) [0]= 589 [1]= 530 [2]= 548 [3]=   0 [4]=   0 [5]=   0 [6]=   0 [7]=   0 [8]=   0 [9]=   0 [10]=   0 [11]=   0 
before (DPU 72) [0]= 547 [1]= 526 [2]= 549 [3]=   0 [4]=   0 [5]=   0 [6]=   0 [7]=   0 [8]=   0 [9]=   0 [10]=   0 [11]=   0 
after  (DPU 72) [0]= 547 [1]= 526 [2]= 549 [3]=   0 [4]=   0 [5]=   0 [6]=   0 [7]=   0 [8]=   0 [9]=   0 [10]=   0 [11]=   0 
before (DPU 73) [0]= 560 [1]= 559 [2]= 539 [3]=   0 [4]=   0 [5]=   0 [6]=   0 [7]=   0 [8]=   0 [9]=   0 [10]=   0 [11]=   0 
after  (DPU 73) [0]= 560 [1]= 559 [2]= 539 [3]=   0 [4]=   0 [5]=   0 [6]=   0 [7]=   0 [8]=   0 [9]=   0 [10]=   0 [11]=   0 
before (DPU 74) [0]= 536 [1]= 570 [2]= 516 [3]=   0 [4]=   0 [5]=   0 [6]=   0 [7]=   0 [8]=   0 [9]=   0 [10]=   0 [11]=   0 
after  (DPU 74) [0]= 536 [1]= 570 [2]= 516 [3]=   0 [4]=   0 [5]=   0 [6]=   0 [7]=   0 [8]=   0 [9]=   0 [10]=   0 [11]=   0 
before (DPU 75) [0]= 538 [1]= 550 [2]= 545 [3]=   0 [4]=   0 [5]=   0 [6]=   0 [7]=   0 [8]=   0 [9]=   0 [10]=   0 [11]=   0 
after  (DPU 75) [0]= 538 [1]= 550 [2]= 545 [3]=   0 [4]=   0 [5]=   0 [6]=   0 [7]=   0 [8]=   0 [9]=   0 [10]=   0 [11]=   0 
before (DPU 76) [0]= 559 [1]= 523 [2]= 457 [3]=   0 [4]=   0 [5]=   0 [6]=   0 [7]=   0 [8]=   0 [9]=   0 [10]=   0 [11]=   0 
after  (DPU 76) [0]= 559 [1]= 523 [2]= 457 [3]=   0 [4]=   0 [5]=   0 [6]=   0 [7]=   0 [8]=   0 [9]=   0 [10]=   0 [11]=   0 
before (DPU 77) [0]= 514 [1]= 500 [2]= 527 [3]=   0 [4]=   0 [5]=   0 [6]=   0 [7]=   0 [8]=   0 [9]=   0 [10]=   0 [11]=   0 
after  (DPU 77) [0]= 514 [1]= 500 [2]= 527 [3]=   0 [4]=   0 [5]=   0 [6]=   0 [7]=   0 [8]=   0 [9]=   0 [10]=   0 [11]=   0 
before (DPU 78) [0]= 539 [1]= 532 [2]= 495 [3]=   0 [4]=   0 [5]=   0 [6]=   0 [7]=   0 [8]=   0 [9]=   0 [10]=   0 [11]=   0 
after  (DPU 78) [0]= 539 [1]= 532 [2]= 495 [3]=   0 [4]=   0 [5]=   0 [6]=   0 [7]=   0 [8]=   0 [9]=   0 [10]=   0 [11]=   0 
before (DPU 79) [0]= 519 [1]= 490 [2]= 498 [3]=   0 [4]=   0 [5]=   0 [6]=   0 [7]=   0 [8]=   0 [9]=   0 [10]=   0 [11]=   0 
after  (DPU 79) [0]= 519 [1]= 490 [2]= 498 [3]=   0 [4]=   0 [5]=   0 [6]=   0 [7]=   0 [8]=   0 [9]=   0 [10]=   0 [11]=   0 
before (DPU 80) [0]= 506 [1]= 559 [2]= 495 [3]=   0 [4]=   0 [5]=   0 [6]=   0 [7]=   0 [8]=   0 [9]=   0 [10]=   0 [11]=   0 
after  (DPU 80) [0]= 506 [1]= 559 [2]= 495 [3]=   0 [4]=   0 [5]=   0 [6]=   0 [7]=   0 [8]=   0 [9]=   0 [10]=   0 [11]=   0 
before (DPU 81) [0]= 502 [1]= 511 [2]= 496 [3]=   0 [4]=   0 [5]=   0 [6]=   0 [7]=   0 [8]=   0 [9]=   0 [10]=   0 [11]=   0 
after  (DPU 81) [0]= 502 [1]= 511 [2]= 496 [3]=   0 [4]=   0 [5]=   0 [6]=   0 [7]=   0 [8]=   0 [9]=   0 [10]=   0 [11]=   0 
before (DPU 82) [0]= 504 [1]= 452 [2]= 476 [3]=   0 [4]=   0 [5]=   0 [6]=   0 [7]=   0 [8]=   0 [9]=   0 [10]=   0 [11]=   0 
after  (DPU 82) [0]= 504 [1]= 452 [2]= 476 [3]=   0 [4]=   0 [5]=   0 [6]=   0 [7]=   0 [8]=   0 [9]=   0 [10]=   0 [11]=   0 
before (DPU 83) [0]= 479 [1]= 465 [2]= 474 [3]=   0 [4]=   0 [5]=   0 [6]=   0 [7]=   0 [8]=   0 [9]=   0 [10]=   0 [11]=   0 
after  (DPU 83) [0]= 479 [1]= 465 [2]= 474 [3]=   0 [4]=   0 [5]=   0 [6]=   0 [7]=   0 [8]=   0 [9]=   0 [10]=   0 [11]=   0 
before (DPU 84) [0]= 483 [1]= 466 [2]= 489 [3]=   0 [4]=   0 [5]=   0 [6]=   0 [7]=   0 [8]=   0 [9]=   0 [10]=   0 [11]=   0 
after  (DPU 84) [0]= 483 [1]= 466 [2]= 489 [3]=   0 [4]=   0 [5]=   0 [6]=   0 [7]=   0 [8]=   0 [9]=   0 [10]=   0 [11]=   0 
before (DPU 85) [0]= 429 [1]= 475 [2]= 447 [3]=   0 [4]=   0 [5]=   0 [6]=   0 [7]=   0 [8]=   0 [9]=   0 [10]=   0 [11]=   0 
after  (DPU 85) [0]= 429 [1]= 475 [2]= 447 [3]=   0 [4]=   0 [5]=   0 [6]=   0 [7]=   0 [8]=   0 [9]=   0 [10]=   0 [11]=   0 
before (DPU 86) [0]= 468 [1]= 499 [2]= 514 [3]=   0 [4]=   0 [5]=   0 [6]=   0 [7]=   0 [8]=   0 [9]=   0 [10]=   0 [11]=   0 
after  (DPU 86) [0]= 468 [1]= 499 [2]= 514 [3]=   0 [4]=   0 [5]=   0 [6]=   0 [7]=   0 [8]=   0 [9]=   0 [10]=   0 [11]=   0 
before (DPU 87) [0]= 501 [1]= 453 [2]= 454 [3]=   0 [4]=   0 [5]=   0 [6]=   0 [7]=   0 [8]=   0 [9]=   0 [10]=   0 [11]=   0 
after  (DPU 87) [0]= 501 [1]= 453 [2]= 454 [3]=   0 [4]=   0 [5]=   0 [6]=   0 [7]=   0 [8]=   0 [9]=   0 [10]=   0 [11]=   0 
before (DPU 88) [0]= 458 [1]= 457 [2]= 462 [3]=   0 [4]=   0 [5]=   0 [6]=   0 [7]=   0 [8]=   0 [9]=   0 [10]=   0 [11]=   0 
after  (DPU 88) [0]= 458 [1]= 457 [2]= 462 [3]=   0 [4]=   0 [5]=   0 [6]=   0 [7]=   0 [8]=   0 [9]=   0 [10]=   0 [11]=   0 
before (DPU 89) [0]= 441 [1]= 446 [2]= 473 [3]=   0 [4]=   0 [5]=   0 [6]=   0 [7]=   0 [8]=   0 [9]=   0 [10]=   0 [11]=   0 
after  (DPU 89) [0]= 441 [1]= 446 [2]= 473 [3]=   0 [4]=   0 [5]=   0 [6]=   0 [7]=   0 [8]=   0 [9]=   0 [10]=   0 [11]=   0 
before (DPU 90) [0]= 418 [1]= 467 [2]= 439 [3]=   0 [4]=   0 [5]=   0 [6]=   0 [7]=   0 [8]=   0 [9]=   0 [10]=   0 [11]=   0 
after  (DPU 90) [0]= 418 [1]= 467 [2]= 439 [3]=   0 [4]=   0 [5]=   0 [6]=   0 [7]=   0 [8]=   0 [9]=   0 [10]=   0 [11]=   0 
before (DPU 91) [0]= 463 [1]= 441 [2]= 442 [3]=   0 [4]=   0 [5]=   0 [6]=   0 [7]=   0 [8]=   0 [9]=   0 [10]=   0 [11]=   0 
after  (DPU 91) [0]= 463 [1]= 441 [2]= 442 [3]=   0 [4]=   0 [5]=   0 [6]=   0 [7]=   0 [8]=   0 [9]=   0 [10]=   0 [11]=   0 
before (DPU 92) [0]= 430 [1]= 396 [2]= 449 [3]=   0 [4]=   0 [5]=   0 [6]=   0 [7]=   0 [8]=   0 [9]=   0 [10]=   0 [11]=   0 
after  (DPU 92) [0]= 430 [1]= 396 [2]= 449 [3]=   0 [4]=   0 [5]=   0 [6]=   0 [7]=   0 [8]=   0 [9]=   0 [10]=   0 [11]=   0 
before (DPU 93) [0]= 429 [1]= 464 [2]= 436 [3]=   0 [4]=   0 [5]=   0 [6]=   0 [7]=   0 [8]=   0 [9]=   0 [10]=   0 [11]=   0 
after  (DPU 93) [0]= 429 [1]= 464 [2]= 436 [3]=   0 [4]=   0 [5]=   0 [6]=   0 [7]=   0 [8]=   0 [9]=   0 [10]=   0 [11]=   0 
before (DPU 94) [0]= 467 [1]= 417 [2]= 405 [3]=   0 [4]=   0 [5]=   0 [6]=   0 [7]=   0 [8]=   0 [9]=   0 [10]=   0 [11]=   0 
after  (DPU 94) [0]= 467 [1]= 417 [2]= 405 [3]=   0 [4]=   0 [5]=   0 [6]=   0 [7]=   0 [8]=   0 [9]=   0 [10]=   0 [11]=   0 
before (DPU 95) [0]= 446 [1]= 396 [2]= 392 [3]=   0 [4]=   0 [5]=   0 [6]=   0 [7]=   0 [8]=   0 [9]=   0 [10]=   0 [11]=   0 
after  (DPU 95) [0]= 446 [1]= 396 [2]= 392 [3]=   0 [4]=   0 [5]=   0 [6]=   0 [7]=   0 [8]=   0 [9]=   0 [10]=   0 [11]=   0 
before (DPU 96) [0]= 426 [1]= 421 [2]= 435 [3]=   0 [4]=   0 [5]=   0 [6]=   0 [7]=   0 [8]=   0 [9]=   0 [10]=   0 [11]=   0 
after  (DPU 96) [0]= 426 [1]= 421 [2]= 435 [3]=   0 [4]=   0 [5]=   0 [6]=   0 [7]=   0 [8]=   0 [9]=   0 [10]=   0 [11]=   0 
before (DPU 97) [0]= 431 [1]= 367 [2]= 420 [3]=   0 [4]=   0 [5]=   0 [6]=   0 [7]=   0 [8]=   0 [9]=   0 [10]=   0 [11]=   0 
after  (DPU 97) [0]= 431 [1]= 367 [2]= 420 [3]=   0 [4]=   0 [5]=   0 [6]=   0 [7]=   0 [8]=   0 [9]=   0 [10]=   0 [11]=   0 
before (DPU 98) [0]= 388 [1]= 441 [2]= 397 [3]=   0 [4]=   0 [5]=   0 [6]=   0 [7]=   0 [8]=   0 [9]=   0 [10]=   0 [11]=   0 
after  (DPU 98) [0]= 388 [1]= 441 [2]= 397 [3]=   0 [4]=   0 [5]=   0 [6]=   0 [7]=   0 [8]=   0 [9]=   0 [10]=   0 [11]=   0 
before (DPU 99) [0]= 398 [1]= 422 [2]= 382 [3]=   0 [4]=   0 [5]=   0 [6]=   0 [7]=   0 [8]=   0 [9]=   0 [10]=   0 [11]=   0 
after  (DPU 99) [0]= 398 [1]= 422 [2]= 382 [3]=   0 [4]=   0 [5]=   0 [6]=   0 [7]=   0 [8]=   0 [9]=   0 [10]=   0 [11]=   0 
before (DPU 100) [0]= 409 [1]= 423 [2]= 412 [3]=   0 [4]=   0 [5]=   0 [6]=   0 [7]=   0 [8]=   0 [9]=   0 [10]=   0 [11]=   0 
after  (DPU 100) [0]= 409 [1]= 423 [2]= 412 [3]=   0 [4]=   0 [5]=   0 [6]=   0 [7]=   0 [8]=   0 [9]=   0 [10]=   0 [11]=   0 
before (DPU 101) [0]= 428 [1]= 412 [2]= 431 [3]=   0 [4]=   0 [5]=   0 [6]=   0 [7]=   0 [8]=   0 [9]=   0 [10]=   0 [11]=   0 
after  (DPU 101) [0]= 428 [1]= 412 [2]= 431 [3]=   0 [4]=   0 [5]=   0 [6]=   0 [7]=   0 [8]=   0 [9]=   0 [10]=   0 [11]=   0 
before (DPU 102) [0]= 391 [1]= 397 [2]= 412 [3]=   0 [4]=   0 [5]=   0 [6]=   0 [7]=   0 [8]=   0 [9]=   0 [10]=   0 [11]=   0 
after  (DPU 102) [0]= 391 [1]= 397 [2]= 412 [3]=   0 [4]=   0 [5]=   0 [6]=   0 [7]=   0 [8]=   0 [9]=   0 [10]=   0 [11]=   0 
before (DPU 103) [0]= 402 [1]= 351 [2]= 380 [3]=   0 [4]=   0 [5]=   0 [6]=   0 [7]=   0 [8]=   0 [9]=   0 [10]=   0 [11]=   0 
after  (DPU 103) [0]= 402 [1]= 351 [2]= 380 [3]=   0 [4]=   0 [5]=   0 [6]=   0 [7]=   0 [8]=   0 [9]=   0 [10]=   0 [11]=   0 
before (DPU 104) [0]= 402 [1]= 414 [2]= 402 [3]=   0 [4]=   0 [5]=   0 [6]=   0 [7]=   0 [8]=   0 [9]=   0 [10]=   0 [11]=   0 
after  (DPU 104) [0]= 402 [1]= 414 [2]= 402 [3]=   0 [4]=   0 [5]=   0 [6]=   0 [7]=   0 [8]=   0 [9]=   0 [10]=   0 [11]=   0 
before (DPU 105) [0]= 427 [1]= 398 [2]= 383 [3]=   0 [4]=   0 [5]=   0 [6]=   0 [7]=   0 [8]=   0 [9]=   0 [10]=   0 [11]=   0 
after  (DPU 105) [0]= 427 [1]= 398 [2]= 383 [3]=   0 [4]=   0 [5]=   0 [6]=   0 [7]=   0 [8]=   0 [9]=   0 [10]=   0 [11]=   0 
before (DPU 106) [0]= 402 [1]= 376 [2]= 380 [3]=   0 [4]=   0 [5]=   0 [6]=   0 [7]=   0 [8]=   0 [9]=   0 [10]=   0 [11]=   0 
after  (DPU 106) [0]= 402 [1]= 376 [2]= 380 [3]=   0 [4]=   0 [5]=   0 [6]=   0 [7]=   0 [8]=   0 [9]=   0 [10]=   0 [11]=   0 
before (DPU 107) [0]= 367 [1]= 406 [2]= 346 [3]=   0 [4]=   0 [5]=   0 [6]=   0 [7]=   0 [8]=   0 [9]=   0 [10]=   0 [11]=   0 
after  (DPU 107) [0]= 367 [1]= 406 [2]= 346 [3]=   0 [4]=   0 [5]=   0 [6]=   0 [7]=   0 [8]=   0 [9]=   0 [10]=   0 [11]=   0 
before (DPU 108) [0]= 377 [1]= 355 [2]= 369 [3]=   0 [4]=   0 [5]=   0 [6]=   0 [7]=   0 [8]=   0 [9]=   0 [10]=   0 [11]=   0 
after  (DPU 108) [0]= 377 [1]= 355 [2]= 369 [3]=   0 [4]=   0 [5]=   0 [6]=   0 [7]=   0 [8]=   0 [9]=   0 [10]=   0 [11]=   0 
before (DPU 109) [0]= 365 [1]= 398 [2]= 359 [3]=   0 [4]=   0 [5]=   0 [6]=   0 [7]=   0 [8]=   0 [9]=   0 [10]=   0 [11]=   0 
after  (DPU 109) [0]= 365 [1]= 398 [2]= 359 [3]=   0 [4]=   0 [5]=   0 [6]=   0 [7]=   0 [8]=   0 [9]=   0 [10]=   0 [11]=   0 
before (DPU 110) [0]= 348 [1]= 339 [2]= 359 [3]=   0 [4]=   0 [5]=   0 [6]=   0 [7]=   0 [8]=   0 [9]=   0 [10]=   0 [11]=   0 
after  (DPU 110) [0]= 348 [1]= 339 [2]= 359 [3]=   0 [4]=   0 [5]=   0 [6]=   0 [7]=   0 [8]=   0 [9]=   0 [10]=   0 [11]=   0 
before (DPU 111) [0]= 355 [1]= 372 [2]= 381 [3]=   0 [4]=   0 [5]=   0 [6]=   0 [7]=   0 [8]=   0 [9]=   0 [10]=   0 [11]=   0 
after  (DPU 111) [0]= 355 [1]= 372 [2]= 381 [3]=   0 [4]=   0 [5]=   0 [6]=   0 [7]=   0 [8]=   0 [9]=   0 [10]=   0 [11]=   0 
before (DPU 112) [0]= 375 [1]= 371 [2]= 386 [3]=   0 [4]=   0 [5]=   0 [6]=   0 [7]=   0 [8]=   0 [9]=   0 [10]=   0 [11]=   0 
after  (DPU 112) [0]= 375 [1]= 371 [2]= 386 [3]=   0 [4]=   0 [5]=   0 [6]=   0 [7]=   0 [8]=   0 [9]=   0 [10]=   0 [11]=   0 
before (DPU 113) [0]= 347 [1]= 356 [2]= 327 [3]=   0 [4]=   0 [5]=   0 [6]=   0 [7]=   0 [8]=   0 [9]=   0 [10]=   0 [11]=   0 
after  (DPU 113) [0]= 347 [1]= 356 [2]= 327 [3]=   0 [4]=   0 [5]=   0 [6]=   0 [7]=   0 [8]=   0 [9]=   0 [10]=   0 [11]=   0 
before (DPU 114) [0]= 337 [1]= 345 [2]= 349 [3]=   0 [4]=   0 [5]=   0 [6]=   0 [7]=   0 [8]=   0 [9]=   0 [10]=   0 [11]=   0 
after  (DPU 114) [0]= 337 [1]= 345 [2]= 349 [3]=   0 [4]=   0 [5]=   0 [6]=   0 [7]=   0 [8]=   0 [9]=   0 [10]=   0 [11]=   0 
before (DPU 115) [0]= 356 [1]= 305 [2]= 364 [3]=   0 [4]=   0 [5]=   0 [6]=   0 [7]=   0 [8]=   0 [9]=   0 [10]=   0 [11]=   0 
after  (DPU 115) [0]= 356 [1]= 305 [2]= 364 [3]=   0 [4]=   0 [5]=   0 [6]=   0 [7]=   0 [8]=   0 [9]=   0 [10]=   0 [11]=   0 
before (DPU 116) [0]= 335 [1]= 354 [2]= 327 [3]=   0 [4]=   0 [5]=   0 [6]=   0 [7]=   0 [8]=   0 [9]=   0 [10]=   0 [11]=   0 
after  (DPU 116) [0]= 335 [1]= 354 [2]= 327 [3]=   0 [4]=   0 [5]=   0 [6]=   0 [7]=   0 [8]=   0 [9]=   0 [10]=   0 [11]=   0 
before (DPU 117) [0]= 330 [1]= 341 [2]= 348 [3]=   0 [4]=   0 [5]=   0 [6]=   0 [7]=   0 [8]=   0 [9]=   0 [10]=   0 [11]=   0 
after  (DPU 117) [0]= 330 [1]= 341 [2]= 348 [3]=   0 [4]=   0 [5]=   0 [6]=   0 [7]=   0 [8]=   0 [9]=   0 [10]=   0 [11]=   0 
before (DPU 118) [0]= 372 [1]= 367 [2]= 350 [3]=   0 [4]=   0 [5]=   0 [6]=   0 [7]=   0 [8]=   0 [9]=   0 [10]=   0 [11]=   0 
after  (DPU 118) [0]= 372 [1]= 367 [2]= 350 [3]=   0 [4]=   0 [5]=   0 [6]=   0 [7]=   0 [8]=   0 [9]=   0 [10]=   0 [11]=   0 
before (DPU 119) [0]= 348 [1]= 334 [2]= 342 [3]=   0 [4]=   0 [5]=   0 [6]=   0 [7]=   0 [8]=   0 [9]=   0 [10]=   0 [11]=   0 
after  (DPU 119) [0]= 348 [1]= 334 [2]= 342 [3]=   0 [4]=   0 [5]=   0 [6]=   0 [7]=   0 [8]=   0 [9]=   0 [10]=   0 [11]=   0 
before (DPU 120) [0]= 348 [1]= 287 [2]= 339 [3]=   0 [4]=   0 [5]=   0 [6]=   0 [7]=   0 [8]=   0 [9]=   0 [10]=   0 [11]=   0 
after  (DPU 120) [0]= 348 [1]= 287 [2]= 339 [3]=   0 [4]=   0 [5]=   0 [6]=   0 [7]=   0 [8]=   0 [9]=   0 [10]=   0 [11]=   0 
before (DPU 121) [0]= 313 [1]= 338 [2]= 354 [3]=   0 [4]=   0 [5]=   0 [6]=   0 [7]=   0 [8]=   0 [9]=   0 [10]=   0 [11]=   0 
after  (DPU 121) [0]= 313 [1]= 338 [2]= 354 [3]=   0 [4]=   0 [5]=   0 [6]=   0 [7]=   0 [8]=   0 [9]=   0 [10]=   0 [11]=   0 
before (DPU 122) [0]= 351 [1]= 342 [2]= 348 [3]=   0 [4]=   0 [5]=   0 [6]=   0 [7]=   0 [8]=   0 [9]=   0 [10]=   0 [11]=   0 
after  (DPU 122) [0]= 351 [1]= 342 [2]= 348 [3]=   0 [4]=   0 [5]=   0 [6]=   0 [7]=   0 [8]=   0 [9]=   0 [10]=   0 [11]=   0 
before (DPU 123) [0]= 314 [1]= 341 [2]= 325 [3]=   0 [4]=   0 [5]=   0 [6]=   0 [7]=   0 [8]=   0 [9]=   0 [10]=   0 [11]=   0 
after  (DPU 123) [0]= 314 [1]= 341 [2]= 325 [3]=   0 [4]=   0 [5]=   0 [6]=   0 [7]=   0 [8]=   0 [9]=   0 [10]=   0 [11]=   0 
before (DPU 124) [0]= 329 [1]= 304 [2]= 309 [3]=   0 [4]=   0 [5]=   0 [6]=   0 [7]=   0 [8]=   0 [9]=   0 [10]=   0 [11]=   0 
after  (DPU 124) [0]= 329 [1]= 304 [2]= 309 [3]=   0 [4]=   0 [5]=   0 [6]=   0 [7]=   0 [8]=   0 [9]=   0 [10]=   0 [11]=   0 
before (DPU 125) [0]= 306 [1]= 356 [2]= 334 [3]=   0 [4]=   0 [5]=   0 [6]=   0 [7]=   0 [8]=   0 [9]=   0 [10]=   0 [11]=   0 
after  (DPU 125) [0]= 306 [1]= 356 [2]= 334 [3]=   0 [4]=   0 [5]=   0 [6]=   0 [7]=   0 [8]=   0 [9]=   0 [10]=   0 [11]=   0 
before (DPU 126) [0]= 333 [1]= 351 [2]= 323 [3]=   0 [4]=   0 [5]=   0 [6]=   0 [7]=   0 [8]=   0 [9]=   0 [10]=   0 [11]=   0 
after  (DPU 126) [0]= 333 [1]= 351 [2]= 323 [3]=   0 [4]=   0 [5]=   0 [6]=   0 [7]=   0 [8]=   0 [9]=   0 [10]=   0 [11]=   0 
before (DPU 127) [0]= 328 [1]= 297 [2]= 274 [3]=   0 [4]=   0 [5]=   0 [6]=   0 [7]=   0 [8]=   0 [9]=   0 [10]=   0 [11]=   0 
after  (DPU 127) [0]= 328 [1]= 297 [2]= 274 [3]=   0 [4]=   0 [5]=   0 [6]=   0 [7]=   0 [8]=   0 [9]=   0 [10]=   0 [11]=   0 
before (DPU 128) [0]= 334 [1]= 298 [2]= 306 [3]=   0 [4]=   0 [5]=   0 [6]=   0 [7]=   0 [8]=   0 [9]=   0 [10]=   0 [11]=   0 
after  (DPU 128) [0]= 334 [1]= 298 [2]= 306 [3]=   0 [4]=   0 [5]=   0 [6]=   0 [7]=   0 [8]=   0 [9]=   0 [10]=   0 [11]=   0 
before (DPU 129) [0]= 328 [1]= 354 [2]= 311 [3]=   0 [4]=   0 [5]=   0 [6]=   0 [7]=   0 [8]=   0 [9]=   0 [10]=   0 [11]=   0 
after  (DPU 129) [0]= 328 [1]= 354 [2]= 311 [3]=   0 [4]=   0 [5]=   0 [6]=   0 [7]=   0 [8]=   0 [9]=   0 [10]=   0 [11]=   0 
before (DPU 130) [0]= 328 [1]= 306 [2]= 300 [3]=   0 [4]=   0 [5]=   0 [6]=   0 [7]=   0 [8]=   0 [9]=   0 [10]=   0 [11]=   0 
after  (DPU 130) [0]= 328 [1]= 306 [2]= 300 [3]=   0 [4]=   0 [5]=   0 [6]=   0 [7]=   0 [8]=   0 [9]=   0 [10]=   0 [11]=   0 
before (DPU 131) [0]= 328 [1]= 304 [2]= 280 [3]=   0 [4]=   0 [5]=   0 [6]=   0 [7]=   0 [8]=   0 [9]=   0 [10]=   0 [11]=   0 
after  (DPU 131) [0]= 328 [1]= 304 [2]= 280 [3]=   0 [4]=   0 [5]=   0 [6]=   0 [7]=   0 [8]=   0 [9]=   0 [10]=   0 [11]=   0 
before (DPU 132) [0]= 283 [1]= 303 [2]= 304 [3]=   0 [4]=   0 [5]=   0 [6]=   0 [7]=   0 [8]=   0 [9]=   0 [10]=   0 [11]=   0 
after  (DPU 132) [0]= 283 [1]= 303 [2]= 304 [3]=   0 [4]=   0 [5]=   0 [6]=   0 [7]=   0 [8]=   0 [9]=   0 [10]=   0 [11]=   0 
before (DPU 133) [0]= 300 [1]= 295 [2]= 330 [3]=   0 [4]=   0 [5]=   0 [6]=   0 [7]=   0 [8]=   0 [9]=   0 [10]=   0 [11]=   0 
after  (DPU 133) [0]= 300 [1]= 295 [2]= 330 [3]=   0 [4]=   0 [5]=   0 [6]=   0 [7]=   0 [8]=   0 [9]=   0 [10]=   0 [11]=   0 
before (DPU 134) [0]= 271 [1]= 300 [2]= 304 [3]=   0 [4]=   0 [5]=   0 [6]=   0 [7]=   0 [8]=   0 [9]=   0 [10]=   0 [11]=   0 
after  (DPU 134) [0]= 271 [1]= 300 [2]= 304 [3]=   0 [4]=   0 [5]=   0 [6]=   0 [7]=   0 [8]=   0 [9]=   0 [10]=   0 [11]=   0 
before (DPU 135) [0]= 289 [1]= 331 [2]= 321 [3]=   0 [4]=   0 [5]=   0 [6]=   0 [7]=   0 [8]=   0 [9]=   0 [10]=   0 [11]=   0 
after  (DPU 135) [0]= 289 [1]= 331 [2]= 321 [3]=   0 [4]=   0 [5]=   0 [6]=   0 [7]=   0 [8]=   0 [9]=   0 [10]=   0 [11]=   0 
before (DPU 136) [0]= 295 [1]= 318 [2]= 262 [3]=   0 [4]=   0 [5]=   0 [6]=   0 [7]=   0 [8]=   0 [9]=   0 [10]=   0 [11]=   0 
after  (DPU 136) [0]= 295 [1]= 318 [2]= 262 [3]=   0 [4]=   0 [5]=   0 [6]=   0 [7]=   0 [8]=   0 [9]=   0 [10]=   0 [11]=   0 
before (DPU 137) [0]= 300 [1]= 284 [2]= 304 [3]=   0 [4]=   0 [5]=   0 [6]=   0 [7]=   0 [8]=   0 [9]=   0 [10]=   0 [11]=   0 
after  (DPU 137) [0]= 300 [1]= 284 [2]= 304 [3]=   0 [4]=   0 [5]=   0 [6]=   0 [7]=   0 [8]=   0 [9]=   0 [10]=   0 [11]=   0 
before (DPU 138) [0]= 311 [1]= 270 [2]= 308 [3]=   0 [4]=   0 [5]=   0 [6]=   0 [7]=   0 [8]=   0 [9]=   0 [10]=   0 [11]=   0 
after  (DPU 138) [0]= 311 [1]= 270 [2]= 308 [3]=   0 [4]=   0 [5]=   0 [6]=   0 [7]=   0 [8]=   0 [9]=   0 [10]=   0 [11]=   0 
before (DPU 139) [0]= 255 [1]= 290 [2]= 294 [3]=   0 [4]=   0 [5]=   0 [6]=   0 [7]=   0 [8]=   0 [9]=   0 [10]=   0 [11]=   0 
after  (DPU 139) [0]= 255 [1]= 290 [2]= 294 [3]=   0 [4]=   0 [5]=   0 [6]=   0 [7]=   0 [8]=   0 [9]=   0 [10]=   0 [11]=   0 
before (DPU 140) [0]= 284 [1]= 313 [2]= 298 [3]=   0 [4]=   0 [5]=   0 [6]=   0 [7]=   0 [8]=   0 [9]=   0 [10]=   0 [11]=   0 
after  (DPU 140) [0]= 284 [1]= 313 [2]= 298 [3]=   0 [4]=   0 [5]=   0 [6]=   0 [7]=   0 [8]=   0 [9]=   0 [10]=   0 [11]=   0 
before (DPU 141) [0]= 296 [1]= 304 [2]= 279 [3]=   0 [4]=   0 [5]=   0 [6]=   0 [7]=   0 [8]=   0 [9]=   0 [10]=   0 [11]=   0 
after  (DPU 141) [0]= 296 [1]= 304 [2]= 279 [3]=   0 [4]=   0 [5]=   0 [6]=   0 [7]=   0 [8]=   0 [9]=   0 [10]=   0 [11]=   0 
before (DPU 142) [0]= 270 [1]= 282 [2]= 278 [3]=   0 [4]=   0 [5]=   0 [6]=   0 [7]=   0 [8]=   0 [9]=   0 [10]=   0 [11]=   0 
after  (DPU 142) [0]= 270 [1]= 282 [2]= 278 [3]=   0 [4]=   0 [5]=   0 [6]=   0 [7]=   0 [8]=   0 [9]=   0 [10]=   0 [11]=   0 
before (DPU 143) [0]= 266 [1]= 268 [2]= 302 [3]=   0 [4]=   0 [5]=   0 [6]=   0 [7]=   0 [8]=   0 [9]=   0 [10]=   0 [11]=   0 
after  (DPU 143) [0]= 266 [1]= 268 [2]= 302 [3]=   0 [4]=   0 [5]=   0 [6]=   0 [7]=   0 [8]=   0 [9]=   0 [10]=   0 [11]=   0 
before (DPU 144) [0]= 269 [1]= 266 [2]= 284 [3]=   0 [4]=   0 [5]=   0 [6]=   0 [7]=   0 [8]=   0 [9]=   0 [10]=   0 [11]=   0 
after  (DPU 144) [0]= 269 [1]= 266 [2]= 284 [3]=   0 [4]=   0 [5]=   0 [6]=   0 [7]=   0 [8]=   0 [9]=   0 [10]=   0 [11]=   0 
before (DPU 145) [0]= 270 [1]= 290 [2]= 242 [3]=   0 [4]=   0 [5]=   0 [6]=   0 [7]=   0 [8]=   0 [9]=   0 [10]=   0 [11]=   0 
after  (DPU 145) [0]= 270 [1]= 290 [2]= 242 [3]=   0 [4]=   0 [5]=   0 [6]=   0 [7]=   0 [8]=   0 [9]=   0 [10]=   0 [11]=   0 
before (DPU 146) [0]= 286 [1]= 276 [2]= 282 [3]=   0 [4]=   0 [5]=   0 [6]=   0 [7]=   0 [8]=   0 [9]=   0 [10]=   0 [11]=   0 
after  (DPU 146) [0]= 286 [1]= 276 [2]= 282 [3]=   0 [4]=   0 [5]=   0 [6]=   0 [7]=   0 [8]=   0 [9]=   0 [10]=   0 [11]=   0 
before (DPU 147) [0]= 268 [1]= 266 [2]= 256 [3]=   0 [4]=   0 [5]=   0 [6]=   0 [7]=   0 [8]=   0 [9]=   0 [10]=   0 [11]=   0 
after  (DPU 147) [0]= 268 [1]= 266 [2]= 256 [3]=   0 [4]=   0 [5]=   0 [6]=   0 [7]=   0 [8]=   0 [9]=   0 [10]=   0 [11]=   0 
before (DPU 148) [0]= 299 [1]= 265 [2]= 268 [3]=   0 [4]=   0 [5]=   0 [6]=   0 [7]=   0 [8]=   0 [9]=   0 [10]=   0 [11]=   0 
after  (DPU 148) [0]= 299 [1]= 265 [2]= 268 [3]=   0 [4]=   0 [5]=   0 [6]=   0 [7]=   0 [8]=   0 [9]=   0 [10]=   0 [11]=   0 
before (DPU 149) [0]= 257 [1]= 311 [2]= 254 [3]=   0 [4]=   0 [5]=   0 [6]=   0 [7]=   0 [8]=   0 [9]=   0 [10]=   0 [11]=   0 
after  (DPU 149) [0]= 257 [1]= 311 [2]= 254 [3]=   0 [4]=   0 [5]=   0 [6]=   0 [7]=   0 [8]=   0 [9]=   0 [10]=   0 [11]=   0 
before (DPU 150) [0]= 276 [1]= 258 [2]= 272 [3]=   0 [4]=   0 [5]=   0 [6]=   0 [7]=   0 [8]=   0 [9]=   0 [10]=   0 [11]=   0 
after  (DPU 150) [0]= 276 [1]= 258 [2]= 272 [3]=   0 [4]=   0 [5]=   0 [6]=   0 [7]=   0 [8]=   0 [9]=   0 [10]=   0 [11]=   0 
before (DPU 151) [0]= 278 [1]= 263 [2]= 271 [3]=   0 [4]=   0 [5]=   0 [6]=   0 [7]=   0 [8]=   0 [9]=   0 [10]=   0 [11]=   0 
after  (DPU 151) [0]= 278 [1]= 263 [2]= 271 [3]=   0 [4]=   0 [5]=   0 [6]=   0 [7]=   0 [8]=   0 [9]=   0 [10]=   0 [11]=   0 
before (DPU 152) [0]= 272 [1]= 261 [2]= 258 [3]=   0 [4]=   0 [5]=   0 [6]=   0 [7]=   0 [8]=   0 [9]=   0 [10]=   0 [11]=   0 
after  (DPU 152) [0]= 272 [1]= 261 [2]= 258 [3]=   0 [4]=   0 [5]=   0 [6]=   0 [7]=   0 [8]=   0 [9]=   0 [10]=   0 [11]=   0 
before (DPU 153) [0]= 276 [1]= 276 [2]= 260 [3]=   0 [4]=   0 [5]=   0 [6]=   0 [7]=   0 [8]=   0 [9]=   0 [10]=   0 [11]=   0 
after  (DPU 153) [0]= 276 [1]= 276 [2]= 260 [3]=   0 [4]=   0 [5]=   0 [6]=   0 [7]=   0 [8]=   0 [9]=   0 [10]=   0 [11]=   0 
before (DPU 154) [0]= 277 [1]= 245 [2]= 263 [3]=   0 [4]=   0 [5]=   0 [6]=   0 [7]=   0 [8]=   0 [9]=   0 [10]=   0 [11]=   0 
after  (DPU 154) [0]= 277 [1]= 245 [2]= 263 [3]=   0 [4]=   0 [5]=   0 [6]=   0 [7]=   0 [8]=   0 [9]=   0 [10]=   0 [11]=   0 
before (DPU 155) [0]= 254 [1]= 249 [2]= 240 [3]=   0 [4]=   0 [5]=   0 [6]=   0 [7]=   0 [8]=   0 [9]=   0 [10]=   0 [11]=   0 
after  (DPU 155) [0]= 254 [1]= 249 [2]= 240 [3]=   0 [4]=   0 [5]=   0 [6]=   0 [7]=   0 [8]=   0 [9]=   0 [10]=   0 [11]=   0 
before (DPU 156) [0]= 279 [1]= 242 [2]= 230 [3]=   0 [4]=   0 [5]=   0 [6]=   0 [7]=   0 [8]=   0 [9]=   0 [10]=   0 [11]=   0 
after  (DPU 156) [0]= 279 [1]= 242 [2]= 230 [3]=   0 [4]=   0 [5]=   0 [6]=   0 [7]=   0 [8]=   0 [9]=   0 [10]=   0 [11]=   0 
before (DPU 157) [0]= 232 [1]= 278 [2]= 294 [3]=   0 [4]=   0 [5]=   0 [6]=   0 [7]=   0 [8]=   0 [9]=   0 [10]=   0 [11]=   0 
after  (DPU 157) [0]= 232 [1]= 278 [2]= 294 [3]=   0 [4]=   0 [5]=   0 [6]=   0 [7]=   0 [8]=   0 [9]=   0 [10]=   0 [11]=   0 
before (DPU 158) [0]= 266 [1]= 286 [2]= 252 [3]=   0 [4]=   0 [5]=   0 [6]=   0 [7]=   0 [8]=   0 [9]=   0 [10]=   0 [11]=   0 
after  (DPU 158) [0]= 266 [1]= 286 [2]= 252 [3]=   0 [4]=   0 [5]=   0 [6]=   0 [7]=   0 [8]=   0 [9]=   0 [10]=   0 [11]=   0 
before (DPU 159) [0]= 288 [1]= 249 [2]= 223 [3]=   0 [4]=   0 [5]=   0 [6]=   0 [7]=   0 [8]=   0 [9]=   0 [10]=   0 [11]=   0 
after  (DPU 159) [0]= 288 [1]= 249 [2]= 223 [3]=   0 [4]=   0 [5]=   0 [6]=   0 [7]=   0 [8]=   0 [9]=   0 [10]=   0 [11]=   0 
before (DPU 160) [0]= 221 [1]= 261 [2]= 254 [3]=   0 [4]=   0 [5]=   0 [6]=   0 [7]=   0 [8]=   0 [9]=   0 [10]=   0 [11]=   0 
after  (DPU 160) [0]= 221 [1]= 261 [2]= 254 [3]=   0 [4]=   0 [5]=   0 [6]=   0 [7]=   0 [8]=   0 [9]=   0 [10]=   0 [11]=   0 
before (DPU 161) [0]= 226 [1]= 246 [2]= 270 [3]=   0 [4]=   0 [5]=   0 [6]=   0 [7]=   0 [8]=   0 [9]=   0 [10]=   0 [11]=   0 
after  (DPU 161) [0]= 226 [1]= 246 [2]= 270 [3]=   0 [4]=   0 [5]=   0 [6]=   0 [7]=   0 [8]=   0 [9]=   0 [10]=   0 [11]=   0 
before (DPU 162) [0]= 264 [1]= 253 [2]= 261 [3]=   0 [4]=   0 [5]=   0 [6]=   0 [7]=   0 [8]=   0 [9]=   0 [10]=   0 [11]=   0 
after  (DPU 162) [0]= 264 [1]= 253 [2]= 261 [3]=   0 [4]=   0 [5]=   0 [6]=   0 [7]=   0 [8]=   0 [9]=   0 [10]=   0 [11]=   0 
before (DPU 163) [0]= 210 [1]= 208 [2]= 258 [3]=   0 [4]=   0 [5]=   0 [6]=   0 [7]=   0 [8]=   0 [9]=   0 [10]=   0 [11]=   0 
after  (DPU 163) [0]= 210 [1]= 208 [2]= 258 [3]=   0 [4]=   0 [5]=   0 [6]=   0 [7]=   0 [8]=   0 [9]=   0 [10]=   0 [11]=   0 
before (DPU 164) [0]= 260 [1]= 278 [2]= 235 [3]=   0 [4]=   0 [5]=   0 [6]=   0 [7]=   0 [8]=   0 [9]=   0 [10]=   0 [11]=   0 
after  (DPU 164) [0]= 260 [1]= 278 [2]= 235 [3]=   0 [4]=   0 [5]=   0 [6]=   0 [7]=   0 [8]=   0 [9]=   0 [10]=   0 [11]=   0 
before (DPU 165) [0]= 261 [1]= 241 [2]= 210 [3]=   0 [4]=   0 [5]=   0 [6]=   0 [7]=   0 [8]=   0 [9]=   0 [10]=   0 [11]=   0 
after  (DPU 165) [0]= 261 [1]= 241 [2]= 210 [3]=   0 [4]=   0 [5]=   0 [6]=   0 [7]=   0 [8]=   0 [9]=   0 [10]=   0 [11]=   0 
before (DPU 166) [0]= 251 [1]= 219 [2]= 225 [3]=   0 [4]=   0 [5]=   0 [6]=   0 [7]=   0 [8]=   0 [9]=   0 [10]=   0 [11]=   0 
after  (DPU 166) [0]= 251 [1]= 219 [2]= 225 [3]=   0 [4]=   0 [5]=   0 [6]=   0 [7]=   0 [8]=   0 [9]=   0 [10]=   0 [11]=   0 
before (DPU 167) [0]= 232 [1]= 243 [2]= 251 [3]=   0 [4]=   0 [5]=   0 [6]=   0 [7]=   0 [8]=   0 [9]=   0 [10]=   0 [11]=   0 
after  (DPU 167) [0]= 232 [1]= 243 [2]= 251 [3]=   0 [4]=   0 [5]=   0 [6]=   0 [7]=   0 [8]=   0 [9]=   0 [10]=   0 [11]=   0 
before (DPU 168) [0]= 271 [1]= 241 [2]= 262 [3]=   0 [4]=   0 [5]=   0 [6]=   0 [7]=   0 [8]=   0 [9]=   0 [10]=   0 [11]=   0 
after  (DPU 168) [0]= 271 [1]= 241 [2]= 262 [3]=   0 [4]=   0 [5]=   0 [6]=   0 [7]=   0 [8]=   0 [9]=   0 [10]=   0 [11]=   0 
before (DPU 169) [0]= 246 [1]= 243 [2]= 261 [3]=   0 [4]=   0 [5]=   0 [6]=   0 [7]=   0 [8]=   0 [9]=   0 [10]=   0 [11]=   0 
after  (DPU 169) [0]= 246 [1]= 243 [2]= 261 [3]=   0 [4]=   0 [5]=   0 [6]=   0 [7]=   0 [8]=   0 [9]=   0 [10]=   0 [11]=   0 
before (DPU 170) [0]= 237 [1]= 255 [2]= 254 [3]=   0 [4]=   0 [5]=   0 [6]=   0 [7]=   0 [8]=   0 [9]=   0 [10]=   0 [11]=   0 
after  (DPU 170) [0]= 237 [1]= 255 [2]= 254 [3]=   0 [4]=   0 [5]=   0 [6]=   0 [7]=   0 [8]=   0 [9]=   0 [10]=   0 [11]=   0 
before (DPU 171) [0]= 246 [1]= 236 [2]= 235 [3]=   0 [4]=   0 [5]=   0 [6]=   0 [7]=   0 [8]=   0 [9]=   0 [10]=   0 [11]=   0 
after  (DPU 171) [0]= 246 [1]= 236 [2]= 235 [3]=   0 [4]=   0 [5]=   0 [6]=   0 [7]=   0 [8]=   0 [9]=   0 [10]=   0 [11]=   0 
before (DPU 172) [0]= 242 [1]= 205 [2]= 234 [3]=   0 [4]=   0 [5]=   0 [6]=   0 [7]=   0 [8]=   0 [9]=   0 [10]=   0 [11]=   0 
after  (DPU 172) [0]= 242 [1]= 205 [2]= 234 [3]=   0 [4]=   0 [5]=   0 [6]=   0 [7]=   0 [8]=   0 [9]=   0 [10]=   0 [11]=   0 
before (DPU 173) [0]= 192 [1]= 235 [2]= 217 [3]=   0 [4]=   0 [5]=   0 [6]=   0 [7]=   0 [8]=   0 [9]=   0 [10]=   0 [11]=   0 
after  (DPU 173) [0]= 192 [1]= 235 [2]= 217 [3]=   0 [4]=   0 [5]=   0 [6]=   0 [7]=   0 [8]=   0 [9]=   0 [10]=   0 [11]=   0 
before (DPU 174) [0]= 248 [1]= 223 [2]= 238 [3]=   0 [4]=   0 [5]=   0 [6]=   0 [7]=   0 [8]=   0 [9]=   0 [10]=   0 [11]=   0 
after  (DPU 174) [0]= 248 [1]= 223 [2]= 238 [3]=   0 [4]=   0 [5]=   0 [6]=   0 [7]=   0 [8]=   0 [9]=   0 [10]=   0 [11]=   0 
before (DPU 175) [0]= 236 [1]= 228 [2]= 214 [3]=   0 [4]=   0 [5]=   0 [6]=   0 [7]=   0 [8]=   0 [9]=   0 [10]=   0 [11]=   0 
after  (DPU 175) [0]= 236 [1]= 228 [2]= 214 [3]=   0 [4]=   0 [5]=   0 [6]=   0 [7]=   0 [8]=   0 [9]=   0 [10]=   0 [11]=   0 
before (DPU 176) [0]= 254 [1]= 244 [2]= 192 [3]=   0 [4]=   0 [5]=   0 [6]=   0 [7]=   0 [8]=   0 [9]=   0 [10]=   0 [11]=   0 
after  (DPU 176) [0]= 254 [1]= 244 [2]= 192 [3]=   0 [4]=   0 [5]=   0 [6]=   0 [7]=   0 [8]=   0 [9]=   0 [10]=   0 [11]=   0 
before (DPU 177) [0]= 234 [1]= 227 [2]= 225 [3]=   0 [4]=   0 [5]=   0 [6]=   0 [7]=   0 [8]=   0 [9]=   0 [10]=   0 [11]=   0 
after  (DPU 177) [0]= 234 [1]= 227 [2]= 225 [3]=   0 [4]=   0 [5]=   0 [6]=   0 [7]=   0 [8]=   0 [9]=   0 [10]=   0 [11]=   0 
before (DPU 178) [0]= 221 [1]= 228 [2]= 226 [3]=   0 [4]=   0 [5]=   0 [6]=   0 [7]=   0 [8]=   0 [9]=   0 [10]=   0 [11]=   0 
after  (DPU 178) [0]= 221 [1]= 228 [2]= 226 [3]=   0 [4]=   0 [5]=   0 [6]=   0 [7]=   0 [8]=   0 [9]=   0 [10]=   0 [11]=   0 
before (DPU 179) [0]= 206 [1]= 221 [2]= 199 [3]=   0 [4]=   0 [5]=   0 [6]=   0 [7]=   0 [8]=   0 [9]=   0 [10]=   0 [11]=   0 
after  (DPU 179) [0]= 206 [1]= 221 [2]= 199 [3]=   0 [4]=   0 [5]=   0 [6]=   0 [7]=   0 [8]=   0 [9]=   0 [10]=   0 [11]=   0 
before (DPU 180) [0]= 226 [1]= 216 [2]= 243 [3]=   0 [4]=   0 [5]=   0 [6]=   0 [7]=   0 [8]=   0 [9]=   0 [10]=   0 [11]=   0 
after  (DPU 180) [0]= 226 [1]= 216 [2]= 243 [3]=   0 [4]=   0 [5]=   0 [6]=   0 [7]=   0 [8]=   0 [9]=   0 [10]=   0 [11]=   0 
before (DPU 181) [0]= 208 [1]= 226 [2]= 234 [3]=   0 [4]=   0 [5]=   0 [6]=   0 [7]=   0 [8]=   0 [9]=   0 [10]=   0 [11]=   0 
after  (DPU 181) [0]= 208 [1]= 226 [2]= 234 [3]=   0 [4]=   0 [5]=   0 [6]=   0 [7]=   0 [8]=   0 [9]=   0 [10]=   0 [11]=   0 
before (DPU 182) [0]= 201 [1]= 230 [2]= 215 [3]=   0 [4]=   0 [5]=   0 [6]=   0 [7]=   0 [8]=   0 [9]=   0 [10]=   0 [11]=   0 
after  (DPU 182) [0]= 201 [1]= 230 [2]= 215 [3]=   0 [4]=   0 [5]=   0 [6]=   0 [7]=   0 [8]=   0 [9]=   0 [10]=   0 [11]=   0 
before (DPU 183) [0]= 212 [1]= 194 [2]= 213 [3]=   0 [4]=   0 [5]=   0 [6]=   0 [7]=   0 [8]=   0 [9]=   0 [10]=   0 [11]=   0 
after  (DPU 183) [0]= 212 [1]= 194 [2]= 213 [3]=   0 [4]=   0 [5]=   0 [6]=   0 [7]=   0 [8]=   0 [9]=   0 [10]=   0 [11]=   0 
before (DPU 184) [0]= 193 [1]= 203 [2]= 239 [3]=   0 [4]=   0 [5]=   0 [6]=   0 [7]=   0 [8]=   0 [9]=   0 [10]=   0 [11]=   0 
after  (DPU 184) [0]= 193 [1]= 203 [2]= 239 [3]=   0 [4]=   0 [5]=   0 [6]=   0 [7]=   0 [8]=   0 [9]=   0 [10]=   0 [11]=   0 
before (DPU 185) [0]= 210 [1]= 228 [2]= 215 [3]=   0 [4]=   0 [5]=   0 [6]=   0 [7]=   0 [8]=   0 [9]=   0 [10]=   0 [11]=   0 
after  (DPU 185) [0]= 210 [1]= 228 [2]= 215 [3]=   0 [4]=   0 [5]=   0 [6]=   0 [7]=   0 [8]=   0 [9]=   0 [10]=   0 [11]=   0 
before (DPU 186) [0]= 215 [1]= 200 [2]= 221 [3]=   0 [4]=   0 [5]=   0 [6]=   0 [7]=   0 [8]=   0 [9]=   0 [10]=   0 [11]=   0 
after  (DPU 186) [0]= 215 [1]= 200 [2]= 221 [3]=   0 [4]=   0 [5]=   0 [6]=   0 [7]=   0 [8]=   0 [9]=   0 [10]=   0 [11]=   0 
before (DPU 187) [0]= 210 [1]= 208 [2]= 233 [3]=   0 [4]=   0 [5]=   0 [6]=   0 [7]=   0 [8]=   0 [9]=   0 [10]=   0 [11]=   0 
after  (DPU 187) [0]= 210 [1]= 208 [2]= 233 [3]=   0 [4]=   0 [5]=   0 [6]=   0 [7]=   0 [8]=   0 [9]=   0 [10]=   0 [11]=   0 
before (DPU 188) [0]= 198 [1]= 213 [2]= 186 [3]=   0 [4]=   0 [5]=   0 [6]=   0 [7]=   0 [8]=   0 [9]=   0 [10]=   0 [11]=   0 
after  (DPU 188) [0]= 198 [1]= 213 [2]= 186 [3]=   0 [4]=   0 [5]=   0 [6]=   0 [7]=   0 [8]=   0 [9]=   0 [10]=   0 [11]=   0 
before (DPU 189) [0]= 196 [1]= 224 [2]= 178 [3]=   0 [4]=   0 [5]=   0 [6]=   0 [7]=   0 [8]=   0 [9]=   0 [10]=   0 [11]=   0 
after  (DPU 189) [0]= 196 [1]= 224 [2]= 178 [3]=   0 [4]=   0 [5]=   0 [6]=   0 [7]=   0 [8]=   0 [9]=   0 [10]=   0 [11]=   0 
before (DPU 190) [0]= 205 [1]= 218 [2]= 193 [3]=   0 [4]=   0 [5]=   0 [6]=   0 [7]=   0 [8]=   0 [9]=   0 [10]=   0 [11]=   0 
after  (DPU 190) [0]= 205 [1]= 218 [2]= 193 [3]=   0 [4]=   0 [5]=   0 [6]=   0 [7]=   0 [8]=   0 [9]=   0 [10]=   0 [11]=   0 
before (DPU 191) [0]= 233 [1]= 206 [2]= 219 [3]=   0 [4]=   0 [5]=   0 [6]=   0 [7]=   0 [8]=   0 [9]=   0 [10]=   0 [11]=   0 
after  (DPU 191) [0]= 233 [1]= 206 [2]= 219 [3]=   0 [4]=   0 [5]=   0 [6]=   0 [7]=   0 [8]=   0 [9]=   0 [10]=   0 [11]=   0 
before (DPU 192) [0]= 195 [1]= 227 [2]= 210 [3]=   0 [4]=   0 [5]=   0 [6]=   0 [7]=   0 [8]=   0 [9]=   0 [10]=   0 [11]=   0 
after  (DPU 192) [0]= 195 [1]= 227 [2]= 210 [3]=   0 [4]=   0 [5]=   0 [6]=   0 [7]=   0 [8]=   0 [9]=   0 [10]=   0 [11]=   0 
before (DPU 193) [0]= 220 [1]= 201 [2]= 199 [3]=   0 [4]=   0 [5]=   0 [6]=   0 [7]=   0 [8]=   0 [9]=   0 [10]=   0 [11]=   0 
after  (DPU 193) [0]= 220 [1]= 201 [2]= 199 [3]=   0 [4]=   0 [5]=   0 [6]=   0 [7]=   0 [8]=   0 [9]=   0 [10]=   0 [11]=   0 
before (DPU 194) [0]= 203 [1]= 217 [2]= 211 [3]=   0 [4]=   0 [5]=   0 [6]=   0 [7]=   0 [8]=   0 [9]=   0 [10]=   0 [11]=   0 
after  (DPU 194) [0]= 203 [1]= 217 [2]= 211 [3]=   0 [4]=   0 [5]=   0 [6]=   0 [7]=   0 [8]=   0 [9]=   0 [10]=   0 [11]=   0 
before (DPU 195) [0]= 218 [1]= 177 [2]= 181 [3]=   0 [4]=   0 [5]=   0 [6]=   0 [7]=   0 [8]=   0 [9]=   0 [10]=   0 [11]=   0 
after  (DPU 195) [0]= 218 [1]= 177 [2]= 181 [3]=   0 [4]=   0 [5]=   0 [6]=   0 [7]=   0 [8]=   0 [9]=   0 [10]=   0 [11]=   0 
before (DPU 196) [0]= 205 [1]= 188 [2]= 240 [3]=   0 [4]=   0 [5]=   0 [6]=   0 [7]=   0 [8]=   0 [9]=   0 [10]=   0 [11]=   0 
after  (DPU 196) [0]= 205 [1]= 188 [2]= 240 [3]=   0 [4]=   0 [5]=   0 [6]=   0 [7]=   0 [8]=   0 [9]=   0 [10]=   0 [11]=   0 
before (DPU 197) [0]= 218 [1]= 170 [2]= 190 [3]=   0 [4]=   0 [5]=   0 [6]=   0 [7]=   0 [8]=   0 [9]=   0 [10]=   0 [11]=   0 
after  (DPU 197) [0]= 218 [1]= 170 [2]= 190 [3]=   0 [4]=   0 [5]=   0 [6]=   0 [7]=   0 [8]=   0 [9]=   0 [10]=   0 [11]=   0 
before (DPU 198) [0]= 214 [1]= 188 [2]= 218 [3]=   0 [4]=   0 [5]=   0 [6]=   0 [7]=   0 [8]=   0 [9]=   0 [10]=   0 [11]=   0 
after  (DPU 198) [0]= 214 [1]= 188 [2]= 218 [3]=   0 [4]=   0 [5]=   0 [6]=   0 [7]=   0 [8]=   0 [9]=   0 [10]=   0 [11]=   0 
before (DPU 199) [0]= 191 [1]= 200 [2]= 207 [3]=   0 [4]=   0 [5]=   0 [6]=   0 [7]=   0 [8]=   0 [9]=   0 [10]=   0 [11]=   0 
after  (DPU 199) [0]= 191 [1]= 200 [2]= 207 [3]=   0 [4]=   0 [5]=   0 [6]=   0 [7]=   0 [8]=   0 [9]=   0 [10]=   0 [11]=   0 
before (DPU 200) [0]= 212 [1]= 199 [2]= 224 [3]=   0 [4]=   0 [5]=   0 [6]=   0 [7]=   0 [8]=   0 [9]=   0 [10]=   0 [11]=   0 
after  (DPU 200) [0]= 212 [1]= 199 [2]= 224 [3]=   0 [4]=   0 [5]=   0 [6]=   0 [7]=   0 [8]=   0 [9]=   0 [10]=   0 [11]=   0 
before (DPU 201) [0]= 183 [1]= 216 [2]= 190 [3]=   0 [4]=   0 [5]=   0 [6]=   0 [7]=   0 [8]=   0 [9]=   0 [10]=   0 [11]=   0 
after  (DPU 201) [0]= 183 [1]= 216 [2]= 190 [3]=   0 [4]=   0 [5]=   0 [6]=   0 [7]=   0 [8]=   0 [9]=   0 [10]=   0 [11]=   0 
before (DPU 202) [0]= 175 [1]= 221 [2]= 225 [3]=   0 [4]=   0 [5]=   0 [6]=   0 [7]=   0 [8]=   0 [9]=   0 [10]=   0 [11]=   0 
after  (DPU 202) [0]= 175 [1]= 221 [2]= 225 [3]=   0 [4]=   0 [5]=   0 [6]=   0 [7]=   0 [8]=   0 [9]=   0 [10]=   0 [11]=   0 
before (DPU 203) [0]= 205 [1]= 203 [2]= 192 [3]=   0 [4]=   0 [5]=   0 [6]=   0 [7]=   0 [8]=   0 [9]=   0 [10]=   0 [11]=   0 
after  (DPU 203) [0]= 205 [1]= 203 [2]= 192 [3]=   0 [4]=   0 [5]=   0 [6]=   0 [7]=   0 [8]=   0 [9]=   0 [10]=   0 [11]=   0 
before (DPU 204) [0]= 208 [1]= 205 [2]= 189 [3]=   0 [4]=   0 [5]=   0 [6]=   0 [7]=   0 [8]=   0 [9]=   0 [10]=   0 [11]=   0 
after  (DPU 204) [0]= 208 [1]= 205 [2]= 189 [3]=   0 [4]=   0 [5]=   0 [6]=   0 [7]=   0 [8]=   0 [9]=   0 [10]=   0 [11]=   0 
before (DPU 205) [0]= 180 [1]= 205 [2]= 202 [3]=   0 [4]=   0 [5]=   0 [6]=   0 [7]=   0 [8]=   0 [9]=   0 [10]=   0 [11]=   0 
after  (DPU 205) [0]= 180 [1]= 205 [2]= 202 [3]=   0 [4]=   0 [5]=   0 [6]=   0 [7]=   0 [8]=   0 [9]=   0 [10]=   0 [11]=   0 
before (DPU 206) [0]= 178 [1]= 174 [2]= 182 [3]=   0 [4]=   0 [5]=   0 [6]=   0 [7]=   0 [8]=   0 [9]=   0 [10]=   0 [11]=   0 
after  (DPU 206) [0]= 178 [1]= 174 [2]= 182 [3]=   0 [4]=   0 [5]=   0 [6]=   0 [7]=   0 [8]=   0 [9]=   0 [10]=   0 [11]=   0 
before (DPU 207) [0]= 174 [1]= 212 [2]= 193 [3]=   0 [4]=   0 [5]=   0 [6]=   0 [7]=   0 [8]=   0 [9]=   0 [10]=   0 [11]=   0 
after  (DPU 207) [0]= 174 [1]= 212 [2]= 193 [3]=   0 [4]=   0 [5]=   0 [6]=   0 [7]=   0 [8]=   0 [9]=   0 [10]=   0 [11]=   0 
before (DPU 208) [0]= 195 [1]= 199 [2]= 169 [3]=   0 [4]=   0 [5]=   0 [6]=   0 [7]=   0 [8]=   0 [9]=   0 [10]=   0 [11]=   0 
after  (DPU 208) [0]= 195 [1]= 199 [2]= 169 [3]=   0 [4]=   0 [5]=   0 [6]=   0 [7]=   0 [8]=   0 [9]=   0 [10]=   0 [11]=   0 
before (DPU 209) [0]= 197 [1]= 192 [2]= 182 [3]=   0 [4]=   0 [5]=   0 [6]=   0 [7]=   0 [8]=   0 [9]=   0 [10]=   0 [11]=   0 
after  (DPU 209) [0]= 197 [1]= 192 [2]= 182 [3]=   0 [4]=   0 [5]=   0 [6]=   0 [7]=   0 [8]=   0 [9]=   0 [10]=   0 [11]=   0 
before (DPU 210) [0]= 202 [1]= 189 [2]= 198 [3]=   0 [4]=   0 [5]=   0 [6]=   0 [7]=   0 [8]=   0 [9]=   0 [10]=   0 [11]=   0 
after  (DPU 210) [0]= 202 [1]= 189 [2]= 198 [3]=   0 [4]=   0 [5]=   0 [6]=   0 [7]=   0 [8]=   0 [9]=   0 [10]=   0 [11]=   0 
before (DPU 211) [0]= 174 [1]= 209 [2]= 173 [3]=   0 [4]=   0 [5]=   0 [6]=   0 [7]=   0 [8]=   0 [9]=   0 [10]=   0 [11]=   0 
after  (DPU 211) [0]= 174 [1]= 209 [2]= 173 [3]=   0 [4]=   0 [5]=   0 [6]=   0 [7]=   0 [8]=   0 [9]=   0 [10]=   0 [11]=   0 
before (DPU 212) [0]= 205 [1]= 190 [2]= 223 [3]=   0 [4]=   0 [5]=   0 [6]=   0 [7]=   0 [8]=   0 [9]=   0 [10]=   0 [11]=   0 
after  (DPU 212) [0]= 205 [1]= 190 [2]= 223 [3]=   0 [4]=   0 [5]=   0 [6]=   0 [7]=   0 [8]=   0 [9]=   0 [10]=   0 [11]=   0 
before (DPU 213) [0]= 182 [1]= 210 [2]= 170 [3]=   0 [4]=   0 [5]=   0 [6]=   0 [7]=   0 [8]=   0 [9]=   0 [10]=   0 [11]=   0 
after  (DPU 213) [0]= 182 [1]= 210 [2]= 170 [3]=   0 [4]=   0 [5]=   0 [6]=   0 [7]=   0 [8]=   0 [9]=   0 [10]=   0 [11]=   0 
before (DPU 214) [0]= 203 [1]= 197 [2]= 182 [3]=   0 [4]=   0 [5]=   0 [6]=   0 [7]=   0 [8]=   0 [9]=   0 [10]=   0 [11]=   0 
after  (DPU 214) [0]= 203 [1]= 197 [2]= 182 [3]=   0 [4]=   0 [5]=   0 [6]=   0 [7]=   0 [8]=   0 [9]=   0 [10]=   0 [11]=   0 
before (DPU 215) [0]= 203 [1]= 189 [2]= 211 [3]=   0 [4]=   0 [5]=   0 [6]=   0 [7]=   0 [8]=   0 [9]=   0 [10]=   0 [11]=   0 
after  (DPU 215) [0]= 203 [1]= 189 [2]= 211 [3]=   0 [4]=   0 [5]=   0 [6]=   0 [7]=   0 [8]=   0 [9]=   0 [10]=   0 [11]=   0 
before (DPU 216) [0]= 200 [1]= 179 [2]= 182 [3]=   0 [4]=   0 [5]=   0 [6]=   0 [7]=   0 [8]=   0 [9]=   0 [10]=   0 [11]=   0 
after  (DPU 216) [0]= 200 [1]= 179 [2]= 182 [3]=   0 [4]=   0 [5]=   0 [6]=   0 [7]=   0 [8]=   0 [9]=   0 [10]=   0 [11]=   0 
before (DPU 217) [0]= 170 [1]= 220 [2]= 176 [3]=   0 [4]=   0 [5]=   0 [6]=   0 [7]=   0 [8]=   0 [9]=   0 [10]=   0 [11]=   0 
after  (DPU 217) [0]= 170 [1]= 220 [2]= 176 [3]=   0 [4]=   0 [5]=   0 [6]=   0 [7]=   0 [8]=   0 [9]=   0 [10]=   0 [11]=   0 
before (DPU 218) [0]= 210 [1]= 210 [2]= 203 [3]=   0 [4]=   0 [5]=   0 [6]=   0 [7]=   0 [8]=   0 [9]=   0 [10]=   0 [11]=   0 
after  (DPU 218) [0]= 210 [1]= 210 [2]= 203 [3]=   0 [4]=   0 [5]=   0 [6]=   0 [7]=   0 [8]=   0 [9]=   0 [10]=   0 [11]=   0 
before (DPU 219) [0]= 156 [1]= 191 [2]= 174 [3]=   0 [4]=   0 [5]=   0 [6]=   0 [7]=   0 [8]=   0 [9]=   0 [10]=   0 [11]=   0 
after  (DPU 219) [0]= 156 [1]= 191 [2]= 174 [3]=   0 [4]=   0 [5]=   0 [6]=   0 [7]=   0 [8]=   0 [9]=   0 [10]=   0 [11]=   0 
before (DPU 220) [0]= 167 [1]= 185 [2]= 200 [3]=   0 [4]=   0 [5]=   0 [6]=   0 [7]=   0 [8]=   0 [9]=   0 [10]=   0 [11]=   0 
after  (DPU 220) [0]= 167 [1]= 185 [2]= 200 [3]=   0 [4]=   0 [5]=   0 [6]=   0 [7]=   0 [8]=   0 [9]=   0 [10]=   0 [11]=   0 
before (DPU 221) [0]= 192 [1]= 171 [2]= 179 [3]=   0 [4]=   0 [5]=   0 [6]=   0 [7]=   0 [8]=   0 [9]=   0 [10]=   0 [11]=   0 
after  (DPU 221) [0]= 192 [1]= 171 [2]= 179 [3]=   0 [4]=   0 [5]=   0 [6]=   0 [7]=   0 [8]=   0 [9]=   0 [10]=   0 [11]=   0 
before (DPU 222) [0]= 168 [1]= 167 [2]= 203 [3]=   0 [4]=   0 [5]=   0 [6]=   0 [7]=   0 [8]=   0 [9]=   0 [10]=   0 [11]=   0 
after  (DPU 222) [0]= 168 [1]= 167 [2]= 203 [3]=   0 [4]=   0 [5]=   0 [6]=   0 [7]=   0 [8]=   0 [9]=   0 [10]=   0 [11]=   0 
before (DPU 223) [0]= 193 [1]= 175 [2]= 177 [3]=   0 [4]=   0 [5]=   0 [6]=   0 [7]=   0 [8]=   0 [9]=   0 [10]=   0 [11]=   0 
after  (DPU 223) [0]= 193 [1]= 175 [2]= 177 [3]=   0 [4]=   0 [5]=   0 [6]=   0 [7]=   0 [8]=   0 [9]=   0 [10]=   0 [11]=   0 
before (DPU 224) [0]= 193 [1]= 189 [2]= 195 [3]=   0 [4]=   0 [5]=   0 [6]=   0 [7]=   0 [8]=   0 [9]=   0 [10]=   0 [11]=   0 
after  (DPU 224) [0]= 193 [1]= 189 [2]= 195 [3]=   0 [4]=   0 [5]=   0 [6]=   0 [7]=   0 [8]=   0 [9]=   0 [10]=   0 [11]=   0 
before (DPU 225) [0]= 175 [1]= 169 [2]= 190 [3]=   0 [4]=   0 [5]=   0 [6]=   0 [7]=   0 [8]=   0 [9]=   0 [10]=   0 [11]=   0 
after  (DPU 225) [0]= 175 [1]= 169 [2]= 190 [3]=   0 [4]=   0 [5]=   0 [6]=   0 [7]=   0 [8]=   0 [9]=   0 [10]=   0 [11]=   0 
before (DPU 226) [0]= 181 [1]= 184 [2]= 180 [3]=   0 [4]=   0 [5]=   0 [6]=   0 [7]=   0 [8]=   0 [9]=   0 [10]=   0 [11]=   0 
after  (DPU 226) [0]= 181 [1]= 184 [2]= 180 [3]=   0 [4]=   0 [5]=   0 [6]=   0 [7]=   0 [8]=   0 [9]=   0 [10]=   0 [11]=   0 
before (DPU 227) [0]= 180 [1]= 179 [2]= 190 [3]=   0 [4]=   0 [5]=   0 [6]=   0 [7]=   0 [8]=   0 [9]=   0 [10]=   0 [11]=   0 
after  (DPU 227) [0]= 180 [1]= 179 [2]= 190 [3]=   0 [4]=   0 [5]=   0 [6]=   0 [7]=   0 [8]=   0 [9]=   0 [10]=   0 [11]=   0 
before (DPU 228) [0]= 173 [1]= 167 [2]= 170 [3]=   0 [4]=   0 [5]=   0 [6]=   0 [7]=   0 [8]=   0 [9]=   0 [10]=   0 [11]=   0 
after  (DPU 228) [0]= 173 [1]= 167 [2]= 170 [3]=   0 [4]=   0 [5]=   0 [6]=   0 [7]=   0 [8]=   0 [9]=   0 [10]=   0 [11]=   0 
before (DPU 229) [0]= 170 [1]= 176 [2]= 166 [3]=   0 [4]=   0 [5]=   0 [6]=   0 [7]=   0 [8]=   0 [9]=   0 [10]=   0 [11]=   0 
after  (DPU 229) [0]= 170 [1]= 176 [2]= 166 [3]=   0 [4]=   0 [5]=   0 [6]=   0 [7]=   0 [8]=   0 [9]=   0 [10]=   0 [11]=   0 
before (DPU 230) [0]= 176 [1]= 185 [2]= 158 [3]=   0 [4]=   0 [5]=   0 [6]=   0 [7]=   0 [8]=   0 [9]=   0 [10]=   0 [11]=   0 
after  (DPU 230) [0]= 176 [1]= 185 [2]= 158 [3]=   0 [4]=   0 [5]=   0 [6]=   0 [7]=   0 [8]=   0 [9]=   0 [10]=   0 [11]=   0 
before (DPU 231) [0]= 205 [1]= 169 [2]= 132 [3]=   0 [4]=   0 [5]=   0 [6]=   0 [7]=   0 [8]=   0 [9]=   0 [10]=   0 [11]=   0 
after  (DPU 231) [0]= 205 [1]= 169 [2]= 132 [3]=   0 [4]=   0 [5]=   0 [6]=   0 [7]=   0 [8]=   0 [9]=   0 [10]=   0 [11]=   0 
before (DPU 232) [0]= 153 [1]= 192 [2]= 171 [3]=   0 [4]=   0 [5]=   0 [6]=   0 [7]=   0 [8]=   0 [9]=   0 [10]=   0 [11]=   0 
after  (DPU 232) [0]= 153 [1]= 192 [2]= 171 [3]=   0 [4]=   0 [5]=   0 [6]=   0 [7]=   0 [8]=   0 [9]=   0 [10]=   0 [11]=   0 
before (DPU 233) [0]= 165 [1]= 169 [2]= 147 [3]=   0 [4]=   0 [5]=   0 [6]=   0 [7]=   0 [8]=   0 [9]=   0 [10]=   0 [11]=   0 
after  (DPU 233) [0]= 165 [1]= 169 [2]= 147 [3]=   0 [4]=   0 [5]=   0 [6]=   0 [7]=   0 [8]=   0 [9]=   0 [10]=   0 [11]=   0 
before (DPU 234) [0]= 176 [1]= 163 [2]= 162 [3]=   0 [4]=   0 [5]=   0 [6]=   0 [7]=   0 [8]=   0 [9]=   0 [10]=   0 [11]=   0 
after  (DPU 234) [0]= 176 [1]= 163 [2]= 162 [3]=   0 [4]=   0 [5]=   0 [6]=   0 [7]=   0 [8]=   0 [9]=   0 [10]=   0 [11]=   0 
before (DPU 235) [0]= 183 [1]= 183 [2]= 182 [3]=   0 [4]=   0 [5]=   0 [6]=   0 [7]=   0 [8]=   0 [9]=   0 [10]=   0 [11]=   0 
after  (DPU 235) [0]= 183 [1]= 183 [2]= 182 [3]=   0 [4]=   0 [5]=   0 [6]=   0 [7]=   0 [8]=   0 [9]=   0 [10]=   0 [11]=   0 
before (DPU 236) [0]= 173 [1]= 150 [2]= 175 [3]=   0 [4]=   0 [5]=   0 [6]=   0 [7]=   0 [8]=   0 [9]=   0 [10]=   0 [11]=   0 
after  (DPU 236) [0]= 173 [1]= 150 [2]= 175 [3]=   0 [4]=   0 [5]=   0 [6]=   0 [7]=   0 [8]=   0 [9]=   0 [10]=   0 [11]=   0 
before (DPU 237) [0]= 202 [1]= 171 [2]= 182 [3]=   0 [4]=   0 [5]=   0 [6]=   0 [7]=   0 [8]=   0 [9]=   0 [10]=   0 [11]=   0 
after  (DPU 237) [0]= 202 [1]= 171 [2]= 182 [3]=   0 [4]=   0 [5]=   0 [6]=   0 [7]=   0 [8]=   0 [9]=   0 [10]=   0 [11]=   0 
before (DPU 238) [0]= 162 [1]= 162 [2]= 168 [3]=   0 [4]=   0 [5]=   0 [6]=   0 [7]=   0 [8]=   0 [9]=   0 [10]=   0 [11]=   0 
after  (DPU 238) [0]= 162 [1]= 162 [2]= 168 [3]=   0 [4]=   0 [5]=   0 [6]=   0 [7]=   0 [8]=   0 [9]=   0 [10]=   0 [11]=   0 
before (DPU 239) [0]= 192 [1]= 162 [2]= 173 [3]=   0 [4]=   0 [5]=   0 [6]=   0 [7]=   0 [8]=   0 [9]=   0 [10]=   0 [11]=   0 
after  (DPU 239) [0]= 192 [1]= 162 [2]= 173 [3]=   0 [4]=   0 [5]=   0 [6]=   0 [7]=   0 [8]=   0 [9]=   0 [10]=   0 [11]=   0 
before (DPU 240) [0]= 170 [1]= 166 [2]= 151 [3]=   0 [4]=   0 [5]=   0 [6]=   0 [7]=   0 [8]=   0 [9]=   0 [10]=   0 [11]=   0 
after  (DPU 240) [0]= 170 [1]= 166 [2]= 151 [3]=   0 [4]=   0 [5]=   0 [6]=   0 [7]=   0 [8]=   0 [9]=   0 [10]=   0 [11]=   0 
before (DPU 241) [0]= 177 [1]= 171 [2]= 157 [3]=   0 [4]=   0 [5]=   0 [6]=   0 [7]=   0 [8]=   0 [9]=   0 [10]=   0 [11]=   0 
after  (DPU 241) [0]= 177 [1]= 171 [2]= 157 [3]=   0 [4]=   0 [5]=   0 [6]=   0 [7]=   0 [8]=   0 [9]=   0 [10]=   0 [11]=   0 
before (DPU 242) [0]= 155 [1]= 185 [2]= 147 [3]=   0 [4]=   0 [5]=   0 [6]=   0 [7]=   0 [8]=   0 [9]=   0 [10]=   0 [11]=   0 
after  (DPU 242) [0]= 155 [1]= 185 [2]= 147 [3]=   0 [4]=   0 [5]=   0 [6]=   0 [7]=   0 [8]=   0 [9]=   0 [10]=   0 [11]=   0 
before (DPU 243) [0]= 170 [1]= 172 [2]= 164 [3]=   0 [4]=   0 [5]=   0 [6]=   0 [7]=   0 [8]=   0 [9]=   0 [10]=   0 [11]=   0 
after  (DPU 243) [0]= 170 [1]= 172 [2]= 164 [3]=   0 [4]=   0 [5]=   0 [6]=   0 [7]=   0 [8]=   0 [9]=   0 [10]=   0 [11]=   0 
before (DPU 244) [0]= 171 [1]= 167 [2]= 161 [3]=   0 [4]=   0 [5]=   0 [6]=   0 [7]=   0 [8]=   0 [9]=   0 [10]=   0 [11]=   0 
after  (DPU 244) [0]= 171 [1]= 167 [2]= 161 [3]=   0 [4]=   0 [5]=   0 [6]=   0 [7]=   0 [8]=   0 [9]=   0 [10]=   0 [11]=   0 
before (DPU 245) [0]= 177 [1]= 154 [2]= 168 [3]=   0 [4]=   0 [5]=   0 [6]=   0 [7]=   0 [8]=   0 [9]=   0 [10]=   0 [11]=   0 
after  (DPU 245) [0]= 177 [1]= 154 [2]= 168 [3]=   0 [4]=   0 [5]=   0 [6]=   0 [7]=   0 [8]=   0 [9]=   0 [10]=   0 [11]=   0 
before (DPU 246) [0]= 176 [1]= 180 [2]= 159 [3]=   0 [4]=   0 [5]=   0 [6]=   0 [7]=   0 [8]=   0 [9]=   0 [10]=   0 [11]=   0 
after  (DPU 246) [0]= 176 [1]= 180 [2]= 159 [3]=   0 [4]=   0 [5]=   0 [6]=   0 [7]=   0 [8]=   0 [9]=   0 [10]=   0 [11]=   0 
before (DPU 247) [0]= 186 [1]= 146 [2]= 168 [3]=   0 [4]=   0 [5]=   0 [6]=   0 [7]=   0 [8]=   0 [9]=   0 [10]=   0 [11]=   0 
after  (DPU 247) [0]= 186 [1]= 146 [2]= 168 [3]=   0 [4]=   0 [5]=   0 [6]=   0 [7]=   0 [8]=   0 [9]=   0 [10]=   0 [11]=   0 
before (DPU 248) [0]= 161 [1]= 161 [2]= 166 [3]=   0 [4]=   0 [5]=   0 [6]=   0 [7]=   0 [8]=   0 [9]=   0 [10]=   0 [11]=   0 
after  (DPU 248) [0]= 161 [1]= 161 [2]= 166 [3]=   0 [4]=   0 [5]=   0 [6]=   0 [7]=   0 [8]=   0 [9]=   0 [10]=   0 [11]=   0 
before (DPU 249) [0]= 160 [1]= 156 [2]= 173 [3]=   0 [4]=   0 [5]=   0 [6]=   0 [7]=   0 [8]=   0 [9]=   0 [10]=   0 [11]=   0 
after  (DPU 249) [0]= 160 [1]= 156 [2]= 173 [3]=   0 [4]=   0 [5]=   0 [6]=   0 [7]=   0 [8]=   0 [9]=   0 [10]=   0 [11]=   0 
before (DPU 250) [0]= 171 [1]= 168 [2]= 166 [3]=   0 [4]=   0 [5]=   0 [6]=   0 [7]=   0 [8]=   0 [9]=   0 [10]=   0 [11]=   0 
after  (DPU 250) [0]= 171 [1]= 168 [2]= 166 [3]=   0 [4]=   0 [5]=   0 [6]=   0 [7]=   0 [8]=   0 [9]=   0 [10]=   0 [11]=   0 
before (DPU 251) [0]= 156 [1]= 141 [2]= 161 [3]=   0 [4]=   0 [5]=   0 [6]=   0 [7]=   0 [8]=   0 [9]=   0 [10]=   0 [11]=   0 
after  (DPU 251) [0]= 156 [1]= 141 [2]= 161 [3]=   0 [4]=   0 [5]=   0 [6]=   0 [7]=   0 [8]=   0 [9]=   0 [10]=   0 [11]=   0 
before (DPU 252) [0]= 146 [1]= 148 [2]= 155 [3]=   0 [4]=   0 [5]=   0 [6]=   0 [7]=   0 [8]=   0 [9]=   0 [10]=   0 [11]=   0 
after  (DPU 252) [0]= 146 [1]= 148 [2]= 155 [3]=   0 [4]=   0 [5]=   0 [6]=   0 [7]=   0 [8]=   0 [9]=   0 [10]=   0 [11]=   0 
before (DPU 253) [0]= 153 [1]= 160 [2]= 138 [3]=   0 [4]=   0 [5]=   0 [6]=   0 [7]=   0 [8]=   0 [9]=   0 [10]=   0 [11]=   0 
after  (DPU 253) [0]= 153 [1]= 160 [2]= 138 [3]=   0 [4]=   0 [5]=   0 [6]=   0 [7]=   0 [8]=   0 [9]=   0 [10]=   0 [11]=   0 
before (DPU 254) [0]= 167 [1]= 170 [2]= 156 [3]=   0 [4]=   0 [5]=   0 [6]=   0 [7]=   0 [8]=   0 [9]=   0 [10]=   0 [11]=   0 
after  (DPU 254) [0]= 167 [1]= 170 [2]= 156 [3]=   0 [4]=   0 [5]=   0 [6]=   0 [7]=   0 [8]=   0 [9]=   0 [10]=   0 [11]=   0 
before (DPU 255) [0]= 181 [1]= 164 [2]= 148 [3]=   0 [4]=   0 [5]=   0 [6]=   0 [7]=   0 [8]=   0 [9]=   0 [10]=   0 [11]=   0 
after  (DPU 255) [0]= 181 [1]= 164 [2]= 148 [3]=   0 [4]=   0 [5]=   0 [6]=   0 [7]=   0 [8]=   0 [9]=   0 [10]=   0 [11]=   0 
before (DPU 256) [0]= 183 [1]= 161 [2]= 141 [3]=   0 [4]=   0 [5]=   0 [6]=   0 [7]=   0 [8]=   0 [9]=   0 [10]=   0 [11]=   0 
after  (DPU 256) [0]= 183 [1]= 161 [2]= 141 [3]=   0 [4]=   0 [5]=   0 [6]=   0 [7]=   0 [8]=   0 [9]=   0 [10]=   0 [11]=   0 
before (DPU 257) [0]= 158 [1]= 170 [2]= 162 [3]=   0 [4]=   0 [5]=   0 [6]=   0 [7]=   0 [8]=   0 [9]=   0 [10]=   0 [11]=   0 
after  (DPU 257) [0]= 158 [1]= 170 [2]= 162 [3]=   0 [4]=   0 [5]=   0 [6]=   0 [7]=   0 [8]=   0 [9]=   0 [10]=   0 [11]=   0 
before (DPU 258) [0]= 160 [1]= 165 [2]= 144 [3]=   0 [4]=   0 [5]=   0 [6]=   0 [7]=   0 [8]=   0 [9]=   0 [10]=   0 [11]=   0 
after  (DPU 258) [0]= 160 [1]= 165 [2]= 144 [3]=   0 [4]=   0 [5]=   0 [6]=   0 [7]=   0 [8]=   0 [9]=   0 [10]=   0 [11]=   0 
before (DPU 259) [0]= 143 [1]= 183 [2]= 154 [3]=   0 [4]=   0 [5]=   0 [6]=   0 [7]=   0 [8]=   0 [9]=   0 [10]=   0 [11]=   0 
after  (DPU 259) [0]= 143 [1]= 183 [2]= 154 [3]=   0 [4]=   0 [5]=   0 [6]=   0 [7]=   0 [8]=   0 [9]=   0 [10]=   0 [11]=   0 
before (DPU 260) [0]= 171 [1]= 143 [2]= 140 [3]=   0 [4]=   0 [5]=   0 [6]=   0 [7]=   0 [8]=   0 [9]=   0 [10]=   0 [11]=   0 
after  (DPU 260) [0]= 171 [1]= 143 [2]= 140 [3]=   0 [4]=   0 [5]=   0 [6]=   0 [7]=   0 [8]=   0 [9]=   0 [10]=   0 [11]=   0 
before (DPU 261) [0]= 140 [1]= 143 [2]= 158 [3]=   0 [4]=   0 [5]=   0 [6]=   0 [7]=   0 [8]=   0 [9]=   0 [10]=   0 [11]=   0 
after  (DPU 261) [0]= 140 [1]= 143 [2]= 158 [3]=   0 [4]=   0 [5]=   0 [6]=   0 [7]=   0 [8]=   0 [9]=   0 [10]=   0 [11]=   0 
before (DPU 262) [0]= 172 [1]= 152 [2]= 142 [3]=   0 [4]=   0 [5]=   0 [6]=   0 [7]=   0 [8]=   0 [9]=   0 [10]=   0 [11]=   0 
after  (DPU 262) [0]= 172 [1]= 152 [2]= 142 [3]=   0 [4]=   0 [5]=   0 [6]=   0 [7]=   0 [8]=   0 [9]=   0 [10]=   0 [11]=   0 
before (DPU 263) [0]= 136 [1]= 174 [2]= 163 [3]=   0 [4]=   0 [5]=   0 [6]=   0 [7]=   0 [8]=   0 [9]=   0 [10]=   0 [11]=   0 
after  (DPU 263) [0]= 136 [1]= 174 [2]= 163 [3]=   0 [4]=   0 [5]=   0 [6]=   0 [7]=   0 [8]=   0 [9]=   0 [10]=   0 [11]=   0 
before (DPU 264) [0]= 155 [1]= 154 [2]= 145 [3]=   0 [4]=   0 [5]=   0 [6]=   0 [7]=   0 [8]=   0 [9]=   0 [10]=   0 [11]=   0 
after  (DPU 264) [0]= 155 [1]= 154 [2]= 145 [3]=   0 [4]=   0 [5]=   0 [6]=   0 [7]=   0 [8]=   0 [9]=   0 [10]=   0 [11]=   0 
before (DPU 265) [0]= 154 [1]= 157 [2]= 165 [3]=   0 [4]=   0 [5]=   0 [6]=   0 [7]=   0 [8]=   0 [9]=   0 [10]=   0 [11]=   0 
after  (DPU 265) [0]= 154 [1]= 157 [2]= 165 [3]=   0 [4]=   0 [5]=   0 [6]=   0 [7]=   0 [8]=   0 [9]=   0 [10]=   0 [11]=   0 
before (DPU 266) [0]= 159 [1]= 145 [2]= 176 [3]=   0 [4]=   0 [5]=   0 [6]=   0 [7]=   0 [8]=   0 [9]=   0 [10]=   0 [11]=   0 
after  (DPU 266) [0]= 159 [1]= 145 [2]= 176 [3]=   0 [4]=   0 [5]=   0 [6]=   0 [7]=   0 [8]=   0 [9]=   0 [10]=   0 [11]=   0 
before (DPU 267) [0]= 163 [1]= 157 [2]= 144 [3]=   0 [4]=   0 [5]=   0 [6]=   0 [7]=   0 [8]=   0 [9]=   0 [10]=   0 [11]=   0 
after  (DPU 267) [0]= 163 [1]= 157 [2]= 144 [3]=   0 [4]=   0 [5]=   0 [6]=   0 [7]=   0 [8]=   0 [9]=   0 [10]=   0 [11]=   0 
before (DPU 268) [0]= 167 [1]= 148 [2]= 145 [3]=   0 [4]=   0 [5]=   0 [6]=   0 [7]=   0 [8]=   0 [9]=   0 [10]=   0 [11]=   0 
after  (DPU 268) [0]= 167 [1]= 148 [2]= 145 [3]=   0 [4]=   0 [5]=   0 [6]=   0 [7]=   0 [8]=   0 [9]=   0 [10]=   0 [11]=   0 
before (DPU 269) [0]= 125 [1]= 142 [2]= 159 [3]=   0 [4]=   0 [5]=   0 [6]=   0 [7]=   0 [8]=   0 [9]=   0 [10]=   0 [11]=   0 
after  (DPU 269) [0]= 125 [1]= 142 [2]= 159 [3]=   0 [4]=   0 [5]=   0 [6]=   0 [7]=   0 [8]=   0 [9]=   0 [10]=   0 [11]=   0 
before (DPU 270) [0]= 152 [1]= 160 [2]= 146 [3]=   0 [4]=   0 [5]=   0 [6]=   0 [7]=   0 [8]=   0 [9]=   0 [10]=   0 [11]=   0 
after  (DPU 270) [0]= 152 [1]= 160 [2]= 146 [3]=   0 [4]=   0 [5]=   0 [6]=   0 [7]=   0 [8]=   0 [9]=   0 [10]=   0 [11]=   0 
before (DPU 271) [0]= 167 [1]= 136 [2]= 139 [3]=   0 [4]=   0 [5]=   0 [6]=   0 [7]=   0 [8]=   0 [9]=   0 [10]=   0 [11]=   0 
after  (DPU 271) [0]= 167 [1]= 136 [2]= 139 [3]=   0 [4]=   0 [5]=   0 [6]=   0 [7]=   0 [8]=   0 [9]=   0 [10]=   0 [11]=   0 
before (DPU 272) [0]= 135 [1]= 195 [2]= 162 [3]=   0 [4]=   0 [5]=   0 [6]=   0 [7]=   0 [8]=   0 [9]=   0 [10]=   0 [11]=   0 
after  (DPU 272) [0]= 135 [1]= 195 [2]= 162 [3]=   0 [4]=   0 [5]=   0 [6]=   0 [7]=   0 [8]=   0 [9]=   0 [10]=   0 [11]=   0 
before (DPU 273) [0]= 154 [1]= 160 [2]= 149 [3]=   0 [4]=   0 [5]=   0 [6]=   0 [7]=   0 [8]=   0 [9]=   0 [10]=   0 [11]=   0 
after  (DPU 273) [0]= 154 [1]= 160 [2]= 149 [3]=   0 [4]=   0 [5]=   0 [6]=   0 [7]=   0 [8]=   0 [9]=   0 [10]=   0 [11]=   0 
before (DPU 274) [0]= 153 [1]= 170 [2]= 144 [3]=   0 [4]=   0 [5]=   0 [6]=   0 [7]=   0 [8]=   0 [9]=   0 [10]=   0 [11]=   0 
after  (DPU 274) [0]= 153 [1]= 170 [2]= 144 [3]=   0 [4]=   0 [5]=   0 [6]=   0 [7]=   0 [8]=   0 [9]=   0 [10]=   0 [11]=   0 
before (DPU 275) [0]= 141 [1]= 164 [2]= 159 [3]=   0 [4]=   0 [5]=   0 [6]=   0 [7]=   0 [8]=   0 [9]=   0 [10]=   0 [11]=   0 
after  (DPU 275) [0]= 141 [1]= 164 [2]= 159 [3]=   0 [4]=   0 [5]=   0 [6]=   0 [7]=   0 [8]=   0 [9]=   0 [10]=   0 [11]=   0 
before (DPU 276) [0]= 160 [1]= 161 [2]= 141 [3]=   0 [4]=   0 [5]=   0 [6]=   0 [7]=   0 [8]=   0 [9]=   0 [10]=   0 [11]=   0 
after  (DPU 276) [0]= 160 [1]= 161 [2]= 141 [3]=   0 [4]=   0 [5]=   0 [6]=   0 [7]=   0 [8]=   0 [9]=   0 [10]=   0 [11]=   0 
before (DPU 277) [0]= 128 [1]= 133 [2]= 148 [3]=   0 [4]=   0 [5]=   0 [6]=   0 [7]=   0 [8]=   0 [9]=   0 [10]=   0 [11]=   0 
after  (DPU 277) [0]= 128 [1]= 133 [2]= 148 [3]=   0 [4]=   0 [5]=   0 [6]=   0 [7]=   0 [8]=   0 [9]=   0 [10]=   0 [11]=   0 
before (DPU 278) [0]= 164 [1]= 170 [2]= 139 [3]=   0 [4]=   0 [5]=   0 [6]=   0 [7]=   0 [8]=   0 [9]=   0 [10]=   0 [11]=   0 
after  (DPU 278) [0]= 164 [1]= 170 [2]= 139 [3]=   0 [4]=   0 [5]=   0 [6]=   0 [7]=   0 [8]=   0 [9]=   0 [10]=   0 [11]=   0 
before (DPU 279) [0]= 149 [1]= 156 [2]= 140 [3]=   0 [4]=   0 [5]=   0 [6]=   0 [7]=   0 [8]=   0 [9]=   0 [10]=   0 [11]=   0 
after  (DPU 279) [0]= 149 [1]= 156 [2]= 140 [3]=   0 [4]=   0 [5]=   0 [6]=   0 [7]=   0 [8]=   0 [9]=   0 [10]=   0 [11]=   0 
before (DPU 280) [0]= 144 [1]= 134 [2]= 165 [3]=   0 [4]=   0 [5]=   0 [6]=   0 [7]=   0 [8]=   0 [9]=   0 [10]=   0 [11]=   0 
after  (DPU 280) [0]= 144 [1]= 134 [2]= 165 [3]=   0 [4]=   0 [5]=   0 [6]=   0 [7]=   0 [8]=   0 [9]=   0 [10]=   0 [11]=   0 
before (DPU 281) [0]= 148 [1]= 147 [2]= 154 [3]=   0 [4]=   0 [5]=   0 [6]=   0 [7]=   0 [8]=   0 [9]=   0 [10]=   0 [11]=   0 
after  (DPU 281) [0]= 148 [1]= 147 [2]= 154 [3]=   0 [4]=   0 [5]=   0 [6]=   0 [7]=   0 [8]=   0 [9]=   0 [10]=   0 [11]=   0 
before (DPU 282) [0]= 134 [1]= 114 [2]= 137 [3]=   0 [4]=   0 [5]=   0 [6]=   0 [7]=   0 [8]=   0 [9]=   0 [10]=   0 [11]=   0 
after  (DPU 282) [0]= 134 [1]= 114 [2]= 137 [3]=   0 [4]=   0 [5]=   0 [6]=   0 [7]=   0 [8]=   0 [9]=   0 [10]=   0 [11]=   0 
before (DPU 283) [0]= 140 [1]= 153 [2]= 123 [3]=   0 [4]=   0 [5]=   0 [6]=   0 [7]=   0 [8]=   0 [9]=   0 [10]=   0 [11]=   0 
after  (DPU 283) [0]= 140 [1]= 153 [2]= 123 [3]=   0 [4]=   0 [5]=   0 [6]=   0 [7]=   0 [8]=   0 [9]=   0 [10]=   0 [11]=   0 
before (DPU 284) [0]= 139 [1]= 145 [2]= 130 [3]=   0 [4]=   0 [5]=   0 [6]=   0 [7]=   0 [8]=   0 [9]=   0 [10]=   0 [11]=   0 
after  (DPU 284) [0]= 139 [1]= 145 [2]= 130 [3]=   0 [4]=   0 [5]=   0 [6]=   0 [7]=   0 [8]=   0 [9]=   0 [10]=   0 [11]=   0 
before (DPU 285) [0]= 131 [1]= 140 [2]= 123 [3]=   0 [4]=   0 [5]=   0 [6]=   0 [7]=   0 [8]=   0 [9]=   0 [10]=   0 [11]=   0 
after  (DPU 285) [0]= 131 [1]= 140 [2]= 123 [3]=   0 [4]=   0 [5]=   0 [6]=   0 [7]=   0 [8]=   0 [9]=   0 [10]=   0 [11]=   0 
before (DPU 286) [0]= 157 [1]= 146 [2]= 153 [3]=   0 [4]=   0 [5]=   0 [6]=   0 [7]=   0 [8]=   0 [9]=   0 [10]=   0 [11]=   0 
after  (DPU 286) [0]= 157 [1]= 146 [2]= 153 [3]=   0 [4]=   0 [5]=   0 [6]=   0 [7]=   0 [8]=   0 [9]=   0 [10]=   0 [11]=   0 
before (DPU 287) [0]= 133 [1]= 143 [2]= 141 [3]=   0 [4]=   0 [5]=   0 [6]=   0 [7]=   0 [8]=   0 [9]=   0 [10]=   0 [11]=   0 
after  (DPU 287) [0]= 133 [1]= 143 [2]= 141 [3]=   0 [4]=   0 [5]=   0 [6]=   0 [7]=   0 [8]=   0 [9]=   0 [10]=   0 [11]=   0 
before (DPU 288) [0]= 120 [1]= 152 [2]= 132 [3]=   0 [4]=   0 [5]=   0 [6]=   0 [7]=   0 [8]=   0 [9]=   0 [10]=   0 [11]=   0 
after  (DPU 288) [0]= 120 [1]= 152 [2]= 132 [3]=   0 [4]=   0 [5]=   0 [6]=   0 [7]=   0 [8]=   0 [9]=   0 [10]=   0 [11]=   0 
before (DPU 289) [0]= 123 [1]= 150 [2]= 145 [3]=   0 [4]=   0 [5]=   0 [6]=   0 [7]=   0 [8]=   0 [9]=   0 [10]=   0 [11]=   0 
after  (DPU 289) [0]= 123 [1]= 150 [2]= 145 [3]=   0 [4]=   0 [5]=   0 [6]=   0 [7]=   0 [8]=   0 [9]=   0 [10]=   0 [11]=   0 
before (DPU 290) [0]= 148 [1]= 122 [2]= 130 [3]=   0 [4]=   0 [5]=   0 [6]=   0 [7]=   0 [8]=   0 [9]=   0 [10]=   0 [11]=   0 
after  (DPU 290) [0]= 148 [1]= 122 [2]= 130 [3]=   0 [4]=   0 [5]=   0 [6]=   0 [7]=   0 [8]=   0 [9]=   0 [10]=   0 [11]=   0 
before (DPU 291) [0]= 159 [1]= 149 [2]= 126 [3]=   0 [4]=   0 [5]=   0 [6]=   0 [7]=   0 [8]=   0 [9]=   0 [10]=   0 [11]=   0 
after  (DPU 291) [0]= 159 [1]= 149 [2]= 126 [3]=   0 [4]=   0 [5]=   0 [6]=   0 [7]=   0 [8]=   0 [9]=   0 [10]=   0 [11]=   0 
before (DPU 292) [0]= 140 [1]= 123 [2]= 152 [3]=   0 [4]=   0 [5]=   0 [6]=   0 [7]=   0 [8]=   0 [9]=   0 [10]=   0 [11]=   0 
after  (DPU 292) [0]= 140 [1]= 123 [2]= 152 [3]=   0 [4]=   0 [5]=   0 [6]=   0 [7]=   0 [8]=   0 [9]=   0 [10]=   0 [11]=   0 
before (DPU 293) [0]= 146 [1]= 141 [2]= 140 [3]=   0 [4]=   0 [5]=   0 [6]=   0 [7]=   0 [8]=   0 [9]=   0 [10]=   0 [11]=   0 
after  (DPU 293) [0]= 146 [1]= 141 [2]= 140 [3]=   0 [4]=   0 [5]=   0 [6]=   0 [7]=   0 [8]=   0 [9]=   0 [10]=   0 [11]=   0 
before (DPU 294) [0]= 129 [1]= 123 [2]= 127 [3]=   0 [4]=   0 [5]=   0 [6]=   0 [7]=   0 [8]=   0 [9]=   0 [10]=   0 [11]=   0 
after  (DPU 294) [0]= 129 [1]= 123 [2]= 127 [3]=   0 [4]=   0 [5]=   0 [6]=   0 [7]=   0 [8]=   0 [9]=   0 [10]=   0 [11]=   0 
before (DPU 295) [0]= 126 [1]= 143 [2]= 147 [3]=   0 [4]=   0 [5]=   0 [6]=   0 [7]=   0 [8]=   0 [9]=   0 [10]=   0 [11]=   0 
after  (DPU 295) [0]= 126 [1]= 143 [2]= 147 [3]=   0 [4]=   0 [5]=   0 [6]=   0 [7]=   0 [8]=   0 [9]=   0 [10]=   0 [11]=   0 
before (DPU 296) [0]= 142 [1]= 139 [2]= 127 [3]=   0 [4]=   0 [5]=   0 [6]=   0 [7]=   0 [8]=   0 [9]=   0 [10]=   0 [11]=   0 
after  (DPU 296) [0]= 142 [1]= 139 [2]= 127 [3]=   0 [4]=   0 [5]=   0 [6]=   0 [7]=   0 [8]=   0 [9]=   0 [10]=   0 [11]=   0 
before (DPU 297) [0]= 130 [1]= 120 [2]= 139 [3]=   0 [4]=   0 [5]=   0 [6]=   0 [7]=   0 [8]=   0 [9]=   0 [10]=   0 [11]=   0 
after  (DPU 297) [0]= 130 [1]= 120 [2]= 139 [3]=   0 [4]=   0 [5]=   0 [6]=   0 [7]=   0 [8]=   0 [9]=   0 [10]=   0 [11]=   0 
before (DPU 298) [0]= 144 [1]= 130 [2]= 159 [3]=   0 [4]=   0 [5]=   0 [6]=   0 [7]=   0 [8]=   0 [9]=   0 [10]=   0 [11]=   0 
after  (DPU 298) [0]= 144 [1]= 130 [2]= 159 [3]=   0 [4]=   0 [5]=   0 [6]=   0 [7]=   0 [8]=   0 [9]=   0 [10]=   0 [11]=   0 
before (DPU 299) [0]= 140 [1]= 150 [2]= 139 [3]=   0 [4]=   0 [5]=   0 [6]=   0 [7]=   0 [8]=   0 [9]=   0 [10]=   0 [11]=   0 
after  (DPU 299) [0]= 140 [1]= 150 [2]= 139 [3]=   0 [4]=   0 [5]=   0 [6]=   0 [7]=   0 [8]=   0 [9]=   0 [10]=   0 [11]=   0 
before (DPU 300) [0]= 137 [1]= 133 [2]= 112 [3]=   0 [4]=   0 [5]=   0 [6]=   0 [7]=   0 [8]=   0 [9]=   0 [10]=   0 [11]=   0 
after  (DPU 300) [0]= 137 [1]= 133 [2]= 112 [3]=   0 [4]=   0 [5]=   0 [6]=   0 [7]=   0 [8]=   0 [9]=   0 [10]=   0 [11]=   0 
before (DPU 301) [0]= 120 [1]= 148 [2]= 137 [3]=   0 [4]=   0 [5]=   0 [6]=   0 [7]=   0 [8]=   0 [9]=   0 [10]=   0 [11]=   0 
after  (DPU 301) [0]= 120 [1]= 148 [2]= 137 [3]=   0 [4]=   0 [5]=   0 [6]=   0 [7]=   0 [8]=   0 [9]=   0 [10]=   0 [11]=   0 
before (DPU 302) [0]= 131 [1]= 108 [2]= 141 [3]=   0 [4]=   0 [5]=   0 [6]=   0 [7]=   0 [8]=   0 [9]=   0 [10]=   0 [11]=   0 
after  (DPU 302) [0]= 131 [1]= 108 [2]= 141 [3]=   0 [4]=   0 [5]=   0 [6]=   0 [7]=   0 [8]=   0 [9]=   0 [10]=   0 [11]=   0 
before (DPU 303) [0]= 132 [1]= 148 [2]= 128 [3]=   0 [4]=   0 [5]=   0 [6]=   0 [7]=   0 [8]=   0 [9]=   0 [10]=   0 [11]=   0 
after  (DPU 303) [0]= 132 [1]= 148 [2]= 128 [3]=   0 [4]=   0 [5]=   0 [6]=   0 [7]=   0 [8]=   0 [9]=   0 [10]=   0 [11]=   0 
before (DPU 304) [0]= 132 [1]= 142 [2]= 124 [3]=   0 [4]=   0 [5]=   0 [6]=   0 [7]=   0 [8]=   0 [9]=   0 [10]=   0 [11]=   0 
after  (DPU 304) [0]= 132 [1]= 142 [2]= 124 [3]=   0 [4]=   0 [5]=   0 [6]=   0 [7]=   0 [8]=   0 [9]=   0 [10]=   0 [11]=   0 
before (DPU 305) [0]= 139 [1]= 145 [2]= 128 [3]=   0 [4]=   0 [5]=   0 [6]=   0 [7]=   0 [8]=   0 [9]=   0 [10]=   0 [11]=   0 
after  (DPU 305) [0]= 139 [1]= 145 [2]= 128 [3]=   0 [4]=   0 [5]=   0 [6]=   0 [7]=   0 [8]=   0 [9]=   0 [10]=   0 [11]=   0 
before (DPU 306) [0]= 116 [1]= 134 [2]= 137 [3]=   0 [4]=   0 [5]=   0 [6]=   0 [7]=   0 [8]=   0 [9]=   0 [10]=   0 [11]=   0 
after  (DPU 306) [0]= 116 [1]= 134 [2]= 137 [3]=   0 [4]=   0 [5]=   0 [6]=   0 [7]=   0 [8]=   0 [9]=   0 [10]=   0 [11]=   0 
before (DPU 307) [0]= 143 [1]= 141 [2]= 150 [3]=   0 [4]=   0 [5]=   0 [6]=   0 [7]=   0 [8]=   0 [9]=   0 [10]=   0 [11]=   0 
after  (DPU 307) [0]= 143 [1]= 141 [2]= 150 [3]=   0 [4]=   0 [5]=   0 [6]=   0 [7]=   0 [8]=   0 [9]=   0 [10]=   0 [11]=   0 
before (DPU 308) [0]= 146 [1]= 137 [2]= 121 [3]=   0 [4]=   0 [5]=   0 [6]=   0 [7]=   0 [8]=   0 [9]=   0 [10]=   0 [11]=   0 
after  (DPU 308) [0]= 146 [1]= 137 [2]= 121 [3]=   0 [4]=   0 [5]=   0 [6]=   0 [7]=   0 [8]=   0 [9]=   0 [10]=   0 [11]=   0 
before (DPU 309) [0]= 131 [1]= 154 [2]= 128 [3]=   0 [4]=   0 [5]=   0 [6]=   0 [7]=   0 [8]=   0 [9]=   0 [10]=   0 [11]=   0 
after  (DPU 309) [0]= 131 [1]= 154 [2]= 128 [3]=   0 [4]=   0 [5]=   0 [6]=   0 [7]=   0 [8]=   0 [9]=   0 [10]=   0 [11]=   0 
before (DPU 310) [0]= 132 [1]= 124 [2]= 138 [3]=   0 [4]=   0 [5]=   0 [6]=   0 [7]=   0 [8]=   0 [9]=   0 [10]=   0 [11]=   0 
after  (DPU 310) [0]= 132 [1]= 124 [2]= 138 [3]=   0 [4]=   0 [5]=   0 [6]=   0 [7]=   0 [8]=   0 [9]=   0 [10]=   0 [11]=   0 
before (DPU 311) [0]= 140 [1]= 131 [2]= 123 [3]=   0 [4]=   0 [5]=   0 [6]=   0 [7]=   0 [8]=   0 [9]=   0 [10]=   0 [11]=   0 
after  (DPU 311) [0]= 140 [1]= 131 [2]= 123 [3]=   0 [4]=   0 [5]=   0 [6]=   0 [7]=   0 [8]=   0 [9]=   0 [10]=   0 [11]=   0 
before (DPU 312) [0]= 125 [1]= 123 [2]= 144 [3]=   0 [4]=   0 [5]=   0 [6]=   0 [7]=   0 [8]=   0 [9]=   0 [10]=   0 [11]=   0 
after  (DPU 312) [0]= 125 [1]= 123 [2]= 144 [3]=   0 [4]=   0 [5]=   0 [6]=   0 [7]=   0 [8]=   0 [9]=   0 [10]=   0 [11]=   0 
before (DPU 313) [0]= 119 [1]= 130 [2]= 127 [3]=   0 [4]=   0 [5]=   0 [6]=   0 [7]=   0 [8]=   0 [9]=   0 [10]=   0 [11]=   0 
after  (DPU 313) [0]= 119 [1]= 130 [2]= 127 [3]=   0 [4]=   0 [5]=   0 [6]=   0 [7]=   0 [8]=   0 [9]=   0 [10]=   0 [11]=   0 
before (DPU 314) [0]= 130 [1]= 130 [2]= 115 [3]=   0 [4]=   0 [5]=   0 [6]=   0 [7]=   0 [8]=   0 [9]=   0 [10]=   0 [11]=   0 
after  (DPU 314) [0]= 130 [1]= 130 [2]= 115 [3]=   0 [4]=   0 [5]=   0 [6]=   0 [7]=   0 [8]=   0 [9]=   0 [10]=   0 [11]=   0 
before (DPU 315) [0]= 140 [1]= 123 [2]= 123 [3]=   0 [4]=   0 [5]=   0 [6]=   0 [7]=   0 [8]=   0 [9]=   0 [10]=   0 [11]=   0 
after  (DPU 315) [0]= 140 [1]= 123 [2]= 123 [3]=   0 [4]=   0 [5]=   0 [6]=   0 [7]=   0 [8]=   0 [9]=   0 [10]=   0 [11]=   0 
before (DPU 316) [0]= 117 [1]=  99 [2]= 125 [3]=   0 [4]=   0 [5]=   0 [6]=   0 [7]=   0 [8]=   0 [9]=   0 [10]=   0 [11]=   0 
after  (DPU 316) [0]= 117 [1]=  99 [2]= 125 [3]=   0 [4]=   0 [5]=   0 [6]=   0 [7]=   0 [8]=   0 [9]=   0 [10]=   0 [11]=   0 
before (DPU 317) [0]= 117 [1]= 107 [2]= 127 [3]=   0 [4]=   0 [5]=   0 [6]=   0 [7]=   0 [8]=   0 [9]=   0 [10]=   0 [11]=   0 
after  (DPU 317) [0]= 117 [1]= 107 [2]= 127 [3]=   0 [4]=   0 [5]=   0 [6]=   0 [7]=   0 [8]=   0 [9]=   0 [10]=   0 [11]=   0 
before (DPU 318) [0]= 131 [1]= 144 [2]= 142 [3]=   0 [4]=   0 [5]=   0 [6]=   0 [7]=   0 [8]=   0 [9]=   0 [10]=   0 [11]=   0 
after  (DPU 318) [0]= 131 [1]= 144 [2]= 142 [3]=   0 [4]=   0 [5]=   0 [6]=   0 [7]=   0 [8]=   0 [9]=   0 [10]=   0 [11]=   0 
before (DPU 319) [0]= 119 [1]= 130 [2]= 144 [3]=   0 [4]=   0 [5]=   0 [6]=   0 [7]=   0 [8]=   0 [9]=   0 [10]=   0 [11]=   0 
after  (DPU 319) [0]= 119 [1]= 130 [2]= 144 [3]=   0 [4]=   0 [5]=   0 [6]=   0 [7]=   0 [8]=   0 [9]=   0 [10]=   0 [11]=   0 
before (DPU 320) [0]= 123 [1]= 122 [2]= 120 [3]=   0 [4]=   0 [5]=   0 [6]=   0 [7]=   0 [8]=   0 [9]=   0 [10]=   0 [11]=   0 
after  (DPU 320) [0]= 123 [1]= 122 [2]= 120 [3]=   0 [4]=   0 [5]=   0 [6]=   0 [7]=   0 [8]=   0 [9]=   0 [10]=   0 [11]=   0 
before (DPU 321) [0]= 128 [1]= 118 [2]= 124 [3]=   0 [4]=   0 [5]=   0 [6]=   0 [7]=   0 [8]=   0 [9]=   0 [10]=   0 [11]=   0 
after  (DPU 321) [0]= 128 [1]= 118 [2]= 124 [3]=   0 [4]=   0 [5]=   0 [6]=   0 [7]=   0 [8]=   0 [9]=   0 [10]=   0 [11]=   0 
before (DPU 322) [0]= 124 [1]= 125 [2]= 129 [3]=   0 [4]=   0 [5]=   0 [6]=   0 [7]=   0 [8]=   0 [9]=   0 [10]=   0 [11]=   0 
after  (DPU 322) [0]= 124 [1]= 125 [2]= 129 [3]=   0 [4]=   0 [5]=   0 [6]=   0 [7]=   0 [8]=   0 [9]=   0 [10]=   0 [11]=   0 
before (DPU 323) [0]= 114 [1]= 150 [2]= 126 [3]=   0 [4]=   0 [5]=   0 [6]=   0 [7]=   0 [8]=   0 [9]=   0 [10]=   0 [11]=   0 
after  (DPU 323) [0]= 114 [1]= 150 [2]= 126 [3]=   0 [4]=   0 [5]=   0 [6]=   0 [7]=   0 [8]=   0 [9]=   0 [10]=   0 [11]=   0 
before (DPU 324) [0]= 120 [1]= 121 [2]= 129 [3]=   0 [4]=   0 [5]=   0 [6]=   0 [7]=   0 [8]=   0 [9]=   0 [10]=   0 [11]=   0 
after  (DPU 324) [0]= 120 [1]= 121 [2]= 129 [3]=   0 [4]=   0 [5]=   0 [6]=   0 [7]=   0 [8]=   0 [9]=   0 [10]=   0 [11]=   0 
before (DPU 325) [0]= 121 [1]= 136 [2]= 135 [3]=   0 [4]=   0 [5]=   0 [6]=   0 [7]=   0 [8]=   0 [9]=   0 [10]=   0 [11]=   0 
after  (DPU 325) [0]= 121 [1]= 136 [2]= 135 [3]=   0 [4]=   0 [5]=   0 [6]=   0 [7]=   0 [8]=   0 [9]=   0 [10]=   0 [11]=   0 
before (DPU 326) [0]= 130 [1]= 133 [2]= 124 [3]=   0 [4]=   0 [5]=   0 [6]=   0 [7]=   0 [8]=   0 [9]=   0 [10]=   0 [11]=   0 
after  (DPU 326) [0]= 130 [1]= 133 [2]= 124 [3]=   0 [4]=   0 [5]=   0 [6]=   0 [7]=   0 [8]=   0 [9]=   0 [10]=   0 [11]=   0 
before (DPU 327) [0]= 136 [1]= 115 [2]= 123 [3]=   0 [4]=   0 [5]=   0 [6]=   0 [7]=   0 [8]=   0 [9]=   0 [10]=   0 [11]=   0 
after  (DPU 327) [0]= 136 [1]= 115 [2]= 123 [3]=   0 [4]=   0 [5]=   0 [6]=   0 [7]=   0 [8]=   0 [9]=   0 [10]=   0 [11]=   0 
before (DPU 328) [0]= 129 [1]= 134 [2]= 120 [3]=   0 [4]=   0 [5]=   0 [6]=   0 [7]=   0 [8]=   0 [9]=   0 [10]=   0 [11]=   0 
after  (DPU 328) [0]= 129 [1]= 134 [2]= 120 [3]=   0 [4]=   0 [5]=   0 [6]=   0 [7]=   0 [8]=   0 [9]=   0 [10]=   0 [11]=   0 
before (DPU 329) [0]= 127 [1]= 133 [2]= 122 [3]=   0 [4]=   0 [5]=   0 [6]=   0 [7]=   0 [8]=   0 [9]=   0 [10]=   0 [11]=   0 
after  (DPU 329) [0]= 127 [1]= 133 [2]= 122 [3]=   0 [4]=   0 [5]=   0 [6]=   0 [7]=   0 [8]=   0 [9]=   0 [10]=   0 [11]=   0 
before (DPU 330) [0]= 128 [1]= 119 [2]= 117 [3]=   0 [4]=   0 [5]=   0 [6]=   0 [7]=   0 [8]=   0 [9]=   0 [10]=   0 [11]=   0 
after  (DPU 330) [0]= 128 [1]= 119 [2]= 117 [3]=   0 [4]=   0 [5]=   0 [6]=   0 [7]=   0 [8]=   0 [9]=   0 [10]=   0 [11]=   0 
before (DPU 331) [0]= 122 [1]= 104 [2]= 120 [3]=   0 [4]=   0 [5]=   0 [6]=   0 [7]=   0 [8]=   0 [9]=   0 [10]=   0 [11]=   0 
after  (DPU 331) [0]= 122 [1]= 104 [2]= 120 [3]=   0 [4]=   0 [5]=   0 [6]=   0 [7]=   0 [8]=   0 [9]=   0 [10]=   0 [11]=   0 
before (DPU 332) [0]= 116 [1]= 129 [2]= 135 [3]=   0 [4]=   0 [5]=   0 [6]=   0 [7]=   0 [8]=   0 [9]=   0 [10]=   0 [11]=   0 
after  (DPU 332) [0]= 116 [1]= 129 [2]= 135 [3]=   0 [4]=   0 [5]=   0 [6]=   0 [7]=   0 [8]=   0 [9]=   0 [10]=   0 [11]=   0 
before (DPU 333) [0]= 127 [1]= 120 [2]=  96 [3]=   0 [4]=   0 [5]=   0 [6]=   0 [7]=   0 [8]=   0 [9]=   0 [10]=   0 [11]=   0 
after  (DPU 333) [0]= 127 [1]= 120 [2]=  96 [3]=   0 [4]=   0 [5]=   0 [6]=   0 [7]=   0 [8]=   0 [9]=   0 [10]=   0 [11]=   0 
before (DPU 334) [0]= 121 [1]= 148 [2]= 118 [3]=   0 [4]=   0 [5]=   0 [6]=   0 [7]=   0 [8]=   0 [9]=   0 [10]=   0 [11]=   0 
after  (DPU 334) [0]= 121 [1]= 148 [2]= 118 [3]=   0 [4]=   0 [5]=   0 [6]=   0 [7]=   0 [8]=   0 [9]=   0 [10]=   0 [11]=   0 
before (DPU 335) [0]= 135 [1]= 120 [2]= 128 [3]=   0 [4]=   0 [5]=   0 [6]=   0 [7]=   0 [8]=   0 [9]=   0 [10]=   0 [11]=   0 
after  (DPU 335) [0]= 135 [1]= 120 [2]= 128 [3]=   0 [4]=   0 [5]=   0 [6]=   0 [7]=   0 [8]=   0 [9]=   0 [10]=   0 [11]=   0 
before (DPU 336) [0]=  89 [1]= 116 [2]= 114 [3]=   0 [4]=   0 [5]=   0 [6]=   0 [7]=   0 [8]=   0 [9]=   0 [10]=   0 [11]=   0 
after  (DPU 336) [0]=  89 [1]= 116 [2]= 114 [3]=   0 [4]=   0 [5]=   0 [6]=   0 [7]=   0 [8]=   0 [9]=   0 [10]=   0 [11]=   0 
before (DPU 337) [0]= 122 [1]= 107 [2]= 116 [3]=   0 [4]=   0 [5]=   0 [6]=   0 [7]=   0 [8]=   0 [9]=   0 [10]=   0 [11]=   0 
after  (DPU 337) [0]= 122 [1]= 107 [2]= 116 [3]=   0 [4]=   0 [5]=   0 [6]=   0 [7]=   0 [8]=   0 [9]=   0 [10]=   0 [11]=   0 
before (DPU 338) [0]= 104 [1]= 117 [2]= 116 [3]=   0 [4]=   0 [5]=   0 [6]=   0 [7]=   0 [8]=   0 [9]=   0 [10]=   0 [11]=   0 
after  (DPU 338) [0]= 104 [1]= 117 [2]= 116 [3]=   0 [4]=   0 [5]=   0 [6]=   0 [7]=   0 [8]=   0 [9]=   0 [10]=   0 [11]=   0 
before (DPU 339) [0]= 116 [1]= 117 [2]= 130 [3]=   0 [4]=   0 [5]=   0 [6]=   0 [7]=   0 [8]=   0 [9]=   0 [10]=   0 [11]=   0 
after  (DPU 339) [0]= 116 [1]= 117 [2]= 130 [3]=   0 [4]=   0 [5]=   0 [6]=   0 [7]=   0 [8]=   0 [9]=   0 [10]=   0 [11]=   0 
before (DPU 340) [0]= 126 [1]= 111 [2]= 114 [3]=   0 [4]=   0 [5]=   0 [6]=   0 [7]=   0 [8]=   0 [9]=   0 [10]=   0 [11]=   0 
after  (DPU 340) [0]= 126 [1]= 111 [2]= 114 [3]=   0 [4]=   0 [5]=   0 [6]=   0 [7]=   0 [8]=   0 [9]=   0 [10]=   0 [11]=   0 
before (DPU 341) [0]= 130 [1]= 111 [2]= 123 [3]=   0 [4]=   0 [5]=   0 [6]=   0 [7]=   0 [8]=   0 [9]=   0 [10]=   0 [11]=   0 
after  (DPU 341) [0]= 130 [1]= 111 [2]= 123 [3]=   0 [4]=   0 [5]=   0 [6]=   0 [7]=   0 [8]=   0 [9]=   0 [10]=   0 [11]=   0 
before (DPU 342) [0]= 110 [1]= 133 [2]= 133 [3]=   0 [4]=   0 [5]=   0 [6]=   0 [7]=   0 [8]=   0 [9]=   0 [10]=   0 [11]=   0 
after  (DPU 342) [0]= 110 [1]= 133 [2]= 133 [3]=   0 [4]=   0 [5]=   0 [6]=   0 [7]=   0 [8]=   0 [9]=   0 [10]=   0 [11]=   0 
before (DPU 343) [0]= 126 [1]= 121 [2]= 133 [3]=   0 [4]=   0 [5]=   0 [6]=   0 [7]=   0 [8]=   0 [9]=   0 [10]=   0 [11]=   0 
after  (DPU 343) [0]= 126 [1]= 121 [2]= 133 [3]=   0 [4]=   0 [5]=   0 [6]=   0 [7]=   0 [8]=   0 [9]=   0 [10]=   0 [11]=   0 
before (DPU 344) [0]= 116 [1]= 134 [2]= 119 [3]=   0 [4]=   0 [5]=   0 [6]=   0 [7]=   0 [8]=   0 [9]=   0 [10]=   0 [11]=   0 
after  (DPU 344) [0]= 116 [1]= 134 [2]= 119 [3]=   0 [4]=   0 [5]=   0 [6]=   0 [7]=   0 [8]=   0 [9]=   0 [10]=   0 [11]=   0 
before (DPU 345) [0]= 127 [1]= 111 [2]= 110 [3]=   0 [4]=   0 [5]=   0 [6]=   0 [7]=   0 [8]=   0 [9]=   0 [10]=   0 [11]=   0 
after  (DPU 345) [0]= 127 [1]= 111 [2]= 110 [3]=   0 [4]=   0 [5]=   0 [6]=   0 [7]=   0 [8]=   0 [9]=   0 [10]=   0 [11]=   0 
before (DPU 346) [0]= 129 [1]= 123 [2]= 128 [3]=   0 [4]=   0 [5]=   0 [6]=   0 [7]=   0 [8]=   0 [9]=   0 [10]=   0 [11]=   0 
after  (DPU 346) [0]= 129 [1]= 123 [2]= 128 [3]=   0 [4]=   0 [5]=   0 [6]=   0 [7]=   0 [8]=   0 [9]=   0 [10]=   0 [11]=   0 
before (DPU 347) [0]= 113 [1]= 131 [2]= 104 [3]=   0 [4]=   0 [5]=   0 [6]=   0 [7]=   0 [8]=   0 [9]=   0 [10]=   0 [11]=   0 
after  (DPU 347) [0]= 113 [1]= 131 [2]= 104 [3]=   0 [4]=   0 [5]=   0 [6]=   0 [7]=   0 [8]=   0 [9]=   0 [10]=   0 [11]=   0 
before (DPU 348) [0]= 134 [1]= 105 [2]= 125 [3]=   0 [4]=   0 [5]=   0 [6]=   0 [7]=   0 [8]=   0 [9]=   0 [10]=   0 [11]=   0 
after  (DPU 348) [0]= 134 [1]= 105 [2]= 125 [3]=   0 [4]=   0 [5]=   0 [6]=   0 [7]=   0 [8]=   0 [9]=   0 [10]=   0 [11]=   0 
before (DPU 349) [0]= 114 [1]= 118 [2]= 124 [3]=   0 [4]=   0 [5]=   0 [6]=   0 [7]=   0 [8]=   0 [9]=   0 [10]=   0 [11]=   0 
after  (DPU 349) [0]= 114 [1]= 118 [2]= 124 [3]=   0 [4]=   0 [5]=   0 [6]=   0 [7]=   0 [8]=   0 [9]=   0 [10]=   0 [11]=   0 
before (DPU 350) [0]= 107 [1]= 110 [2]= 123 [3]=   0 [4]=   0 [5]=   0 [6]=   0 [7]=   0 [8]=   0 [9]=   0 [10]=   0 [11]=   0 
after  (DPU 350) [0]= 107 [1]= 110 [2]= 123 [3]=   0 [4]=   0 [5]=   0 [6]=   0 [7]=   0 [8]=   0 [9]=   0 [10]=   0 [11]=   0 
before (DPU 351) [0]= 123 [1]= 116 [2]= 109 [3]=   0 [4]=   0 [5]=   0 [6]=   0 [7]=   0 [8]=   0 [9]=   0 [10]=   0 [11]=   0 
after  (DPU 351) [0]= 123 [1]= 116 [2]= 109 [3]=   0 [4]=   0 [5]=   0 [6]=   0 [7]=   0 [8]=   0 [9]=   0 [10]=   0 [11]=   0 
before (DPU 352) [0]= 113 [1]=  97 [2]= 125 [3]=   0 [4]=   0 [5]=   0 [6]=   0 [7]=   0 [8]=   0 [9]=   0 [10]=   0 [11]=   0 
after  (DPU 352) [0]= 113 [1]=  97 [2]= 125 [3]=   0 [4]=   0 [5]=   0 [6]=   0 [7]=   0 [8]=   0 [9]=   0 [10]=   0 [11]=   0 
before (DPU 353) [0]= 115 [1]= 113 [2]= 106 [3]=   0 [4]=   0 [5]=   0 [6]=   0 [7]=   0 [8]=   0 [9]=   0 [10]=   0 [11]=   0 
after  (DPU 353) [0]= 115 [1]= 113 [2]= 106 [3]=   0 [4]=   0 [5]=   0 [6]=   0 [7]=   0 [8]=   0 [9]=   0 [10]=   0 [11]=   0 
before (DPU 354) [0]= 117 [1]= 105 [2]= 113 [3]=   0 [4]=   0 [5]=   0 [6]=   0 [7]=   0 [8]=   0 [9]=   0 [10]=   0 [11]=   0 
after  (DPU 354) [0]= 117 [1]= 105 [2]= 113 [3]=   0 [4]=   0 [5]=   0 [6]=   0 [7]=   0 [8]=   0 [9]=   0 [10]=   0 [11]=   0 
before (DPU 355) [0]= 120 [1]= 110 [2]= 120 [3]=   0 [4]=   0 [5]=   0 [6]=   0 [7]=   0 [8]=   0 [9]=   0 [10]=   0 [11]=   0 
after  (DPU 355) [0]= 120 [1]= 110 [2]= 120 [3]=   0 [4]=   0 [5]=   0 [6]=   0 [7]=   0 [8]=   0 [9]=   0 [10]=   0 [11]=   0 
before (DPU 356) [0]=  99 [1]= 124 [2]= 123 [3]=   0 [4]=   0 [5]=   0 [6]=   0 [7]=   0 [8]=   0 [9]=   0 [10]=   0 [11]=   0 
after  (DPU 356) [0]=  99 [1]= 124 [2]= 123 [3]=   0 [4]=   0 [5]=   0 [6]=   0 [7]=   0 [8]=   0 [9]=   0 [10]=   0 [11]=   0 
before (DPU 357) [0]= 107 [1]= 110 [2]= 103 [3]=   0 [4]=   0 [5]=   0 [6]=   0 [7]=   0 [8]=   0 [9]=   0 [10]=   0 [11]=   0 
after  (DPU 357) [0]= 107 [1]= 110 [2]= 103 [3]=   0 [4]=   0 [5]=   0 [6]=   0 [7]=   0 [8]=   0 [9]=   0 [10]=   0 [11]=   0 
before (DPU 358) [0]=  98 [1]= 116 [2]= 130 [3]=   0 [4]=   0 [5]=   0 [6]=   0 [7]=   0 [8]=   0 [9]=   0 [10]=   0 [11]=   0 
after  (DPU 358) [0]=  98 [1]= 116 [2]= 130 [3]=   0 [4]=   0 [5]=   0 [6]=   0 [7]=   0 [8]=   0 [9]=   0 [10]=   0 [11]=   0 
before (DPU 359) [0]= 111 [1]= 117 [2]= 126 [3]=   0 [4]=   0 [5]=   0 [6]=   0 [7]=   0 [8]=   0 [9]=   0 [10]=   0 [11]=   0 
after  (DPU 359) [0]= 111 [1]= 117 [2]= 126 [3]=   0 [4]=   0 [5]=   0 [6]=   0 [7]=   0 [8]=   0 [9]=   0 [10]=   0 [11]=   0 
before (DPU 360) [0]= 117 [1]= 119 [2]= 116 [3]=   0 [4]=   0 [5]=   0 [6]=   0 [7]=   0 [8]=   0 [9]=   0 [10]=   0 [11]=   0 
after  (DPU 360) [0]= 117 [1]= 119 [2]= 116 [3]=   0 [4]=   0 [5]=   0 [6]=   0 [7]=   0 [8]=   0 [9]=   0 [10]=   0 [11]=   0 
before (DPU 361) [0]= 109 [1]= 120 [2]= 127 [3]=   0 [4]=   0 [5]=   0 [6]=   0 [7]=   0 [8]=   0 [9]=   0 [10]=   0 [11]=   0 
after  (DPU 361) [0]= 109 [1]= 120 [2]= 127 [3]=   0 [4]=   0 [5]=   0 [6]=   0 [7]=   0 [8]=   0 [9]=   0 [10]=   0 [11]=   0 
before (DPU 362) [0]= 124 [1]= 123 [2]= 122 [3]=   0 [4]=   0 [5]=   0 [6]=   0 [7]=   0 [8]=   0 [9]=   0 [10]=   0 [11]=   0 
after  (DPU 362) [0]= 124 [1]= 123 [2]= 122 [3]=   0 [4]=   0 [5]=   0 [6]=   0 [7]=   0 [8]=   0 [9]=   0 [10]=   0 [11]=   0 
before (DPU 363) [0]= 108 [1]= 113 [2]= 100 [3]=   0 [4]=   0 [5]=   0 [6]=   0 [7]=   0 [8]=   0 [9]=   0 [10]=   0 [11]=   0 
after  (DPU 363) [0]= 108 [1]= 113 [2]= 100 [3]=   0 [4]=   0 [5]=   0 [6]=   0 [7]=   0 [8]=   0 [9]=   0 [10]=   0 [11]=   0 
before (DPU 364) [0]= 111 [1]= 118 [2]= 112 [3]=   0 [4]=   0 [5]=   0 [6]=   0 [7]=   0 [8]=   0 [9]=   0 [10]=   0 [11]=   0 
after  (DPU 364) [0]= 111 [1]= 118 [2]= 112 [3]=   0 [4]=   0 [5]=   0 [6]=   0 [7]=   0 [8]=   0 [9]=   0 [10]=   0 [11]=   0 
before (DPU 365) [0]= 108 [1]= 112 [2]= 119 [3]=   0 [4]=   0 [5]=   0 [6]=   0 [7]=   0 [8]=   0 [9]=   0 [10]=   0 [11]=   0 
after  (DPU 365) [0]= 108 [1]= 112 [2]= 119 [3]=   0 [4]=   0 [5]=   0 [6]=   0 [7]=   0 [8]=   0 [9]=   0 [10]=   0 [11]=   0 
before (DPU 366) [0]= 110 [1]= 121 [2]= 109 [3]=   0 [4]=   0 [5]=   0 [6]=   0 [7]=   0 [8]=   0 [9]=   0 [10]=   0 [11]=   0 
after  (DPU 366) [0]= 110 [1]= 121 [2]= 109 [3]=   0 [4]=   0 [5]=   0 [6]=   0 [7]=   0 [8]=   0 [9]=   0 [10]=   0 [11]=   0 
before (DPU 367) [0]= 106 [1]= 117 [2]= 127 [3]=   0 [4]=   0 [5]=   0 [6]=   0 [7]=   0 [8]=   0 [9]=   0 [10]=   0 [11]=   0 
after  (DPU 367) [0]= 106 [1]= 117 [2]= 127 [3]=   0 [4]=   0 [5]=   0 [6]=   0 [7]=   0 [8]=   0 [9]=   0 [10]=   0 [11]=   0 
before (DPU 368) [0]= 136 [1]=  98 [2]= 128 [3]=   0 [4]=   0 [5]=   0 [6]=   0 [7]=   0 [8]=   0 [9]=   0 [10]=   0 [11]=   0 
after  (DPU 368) [0]= 136 [1]=  98 [2]= 128 [3]=   0 [4]=   0 [5]=   0 [6]=   0 [7]=   0 [8]=   0 [9]=   0 [10]=   0 [11]=   0 
before (DPU 369) [0]= 105 [1]= 121 [2]= 106 [3]=   0 [4]=   0 [5]=   0 [6]=   0 [7]=   0 [8]=   0 [9]=   0 [10]=   0 [11]=   0 
after  (DPU 369) [0]= 105 [1]= 121 [2]= 106 [3]=   0 [4]=   0 [5]=   0 [6]=   0 [7]=   0 [8]=   0 [9]=   0 [10]=   0 [11]=   0 
before (DPU 370) [0]= 124 [1]= 102 [2]= 118 [3]=   0 [4]=   0 [5]=   0 [6]=   0 [7]=   0 [8]=   0 [9]=   0 [10]=   0 [11]=   0 
after  (DPU 370) [0]= 124 [1]= 102 [2]= 118 [3]=   0 [4]=   0 [5]=   0 [6]=   0 [7]=   0 [8]=   0 [9]=   0 [10]=   0 [11]=   0 
before (DPU 371) [0]= 118 [1]= 122 [2]= 102 [3]=   0 [4]=   0 [5]=   0 [6]=   0 [7]=   0 [8]=   0 [9]=   0 [10]=   0 [11]=   0 
after  (DPU 371) [0]= 118 [1]= 122 [2]= 102 [3]=   0 [4]=   0 [5]=   0 [6]=   0 [7]=   0 [8]=   0 [9]=   0 [10]=   0 [11]=   0 
before (DPU 372) [0]=  91 [1]= 101 [2]=  96 [3]=   0 [4]=   0 [5]=   0 [6]=   0 [7]=   0 [8]=   0 [9]=   0 [10]=   0 [11]=   0 
after  (DPU 372) [0]=  91 [1]= 101 [2]=  96 [3]=   0 [4]=   0 [5]=   0 [6]=   0 [7]=   0 [8]=   0 [9]=   0 [10]=   0 [11]=   0 
before (DPU 373) [0]=  79 [1]=  78 [2]= 109 [3]=   0 [4]=   0 [5]=   0 [6]=   0 [7]=   0 [8]=   0 [9]=   0 [10]=   0 [11]=   0 
after  (DPU 373) [0]=  79 [1]=  78 [2]= 109 [3]=   0 [4]=   0 [5]=   0 [6]=   0 [7]=   0 [8]=   0 [9]=   0 [10]=   0 [11]=   0 
before (DPU 374) [0]= 116 [1]= 111 [2]= 113 [3]=   0 [4]=   0 [5]=   0 [6]=   0 [7]=   0 [8]=   0 [9]=   0 [10]=   0 [11]=   0 
after  (DPU 374) [0]= 116 [1]= 111 [2]= 113 [3]=   0 [4]=   0 [5]=   0 [6]=   0 [7]=   0 [8]=   0 [9]=   0 [10]=   0 [11]=   0 
before (DPU 375) [0]= 104 [1]=  97 [2]=  83 [3]=   0 [4]=   0 [5]=   0 [6]=   0 [7]=   0 [8]=   0 [9]=   0 [10]=   0 [11]=   0 
after  (DPU 375) [0]= 104 [1]=  97 [2]=  83 [3]=   0 [4]=   0 [5]=   0 [6]=   0 [7]=   0 [8]=   0 [9]=   0 [10]=   0 [11]=   0 
before (DPU 376) [0]= 110 [1]=  95 [2]= 119 [3]=   0 [4]=   0 [5]=   0 [6]=   0 [7]=   0 [8]=   0 [9]=   0 [10]=   0 [11]=   0 
after  (DPU 376) [0]= 110 [1]=  95 [2]= 119 [3]=   0 [4]=   0 [5]=   0 [6]=   0 [7]=   0 [8]=   0 [9]=   0 [10]=   0 [11]=   0 
before (DPU 377) [0]= 117 [1]= 121 [2]= 122 [3]=   0 [4]=   0 [5]=   0 [6]=   0 [7]=   0 [8]=   0 [9]=   0 [10]=   0 [11]=   0 
after  (DPU 377) [0]= 117 [1]= 121 [2]= 122 [3]=   0 [4]=   0 [5]=   0 [6]=   0 [7]=   0 [8]=   0 [9]=   0 [10]=   0 [11]=   0 
before (DPU 378) [0]= 110 [1]= 113 [2]= 118 [3]=   0 [4]=   0 [5]=   0 [6]=   0 [7]=   0 [8]=   0 [9]=   0 [10]=   0 [11]=   0 
after  (DPU 378) [0]= 110 [1]= 113 [2]= 118 [3]=   0 [4]=   0 [5]=   0 [6]=   0 [7]=   0 [8]=   0 [9]=   0 [10]=   0 [11]=   0 
before (DPU 379) [0]= 116 [1]= 111 [2]= 104 [3]=   0 [4]=   0 [5]=   0 [6]=   0 [7]=   0 [8]=   0 [9]=   0 [10]=   0 [11]=   0 
after  (DPU 379) [0]= 116 [1]= 111 [2]= 104 [3]=   0 [4]=   0 [5]=   0 [6]=   0 [7]=   0 [8]=   0 [9]=   0 [10]=   0 [11]=   0 
before (DPU 380) [0]= 112 [1]= 104 [2]= 108 [3]=   0 [4]=   0 [5]=   0 [6]=   0 [7]=   0 [8]=   0 [9]=   0 [10]=   0 [11]=   0 
after  (DPU 380) [0]= 112 [1]= 104 [2]= 108 [3]=   0 [4]=   0 [5]=   0 [6]=   0 [7]=   0 [8]=   0 [9]=   0 [10]=   0 [11]=   0 
before (DPU 381) [0]=  99 [1]= 115 [2]= 112 [3]=   0 [4]=   0 [5]=   0 [6]=   0 [7]=   0 [8]=   0 [9]=   0 [10]=   0 [11]=   0 
after  (DPU 381) [0]=  99 [1]= 115 [2]= 112 [3]=   0 [4]=   0 [5]=   0 [6]=   0 [7]=   0 [8]=   0 [9]=   0 [10]=   0 [11]=   0 
before (DPU 382) [0]=  94 [1]= 108 [2]= 115 [3]=   0 [4]=   0 [5]=   0 [6]=   0 [7]=   0 [8]=   0 [9]=   0 [10]=   0 [11]=   0 
after  (DPU 382) [0]=  94 [1]= 108 [2]= 115 [3]=   0 [4]=   0 [5]=   0 [6]=   0 [7]=   0 [8]=   0 [9]=   0 [10]=   0 [11]=   0 
before (DPU 383) [0]= 110 [1]= 108 [2]= 106 [3]=   0 [4]=   0 [5]=   0 [6]=   0 [7]=   0 [8]=   0 [9]=   0 [10]=   0 [11]=   0 
after  (DPU 383) [0]= 110 [1]= 108 [2]= 106 [3]=   0 [4]=   0 [5]=   0 [6]=   0 [7]=   0 [8]=   0 [9]=   0 [10]=   0 [11]=   0 
before (DPU 384) [0]=  97 [1]= 105 [2]= 109 [3]=   0 [4]=   0 [5]=   0 [6]=   0 [7]=   0 [8]=   0 [9]=   0 [10]=   0 [11]=   0 
after  (DPU 384) [0]=  97 [1]= 105 [2]= 109 [3]=   0 [4]=   0 [5]=   0 [6]=   0 [7]=   0 [8]=   0 [9]=   0 [10]=   0 [11]=   0 
before (DPU 385) [0]= 111 [1]= 114 [2]= 114 [3]=   0 [4]=   0 [5]=   0 [6]=   0 [7]=   0 [8]=   0 [9]=   0 [10]=   0 [11]=   0 
after  (DPU 385) [0]= 111 [1]= 114 [2]= 114 [3]=   0 [4]=   0 [5]=   0 [6]=   0 [7]=   0 [8]=   0 [9]=   0 [10]=   0 [11]=   0 
before (DPU 386) [0]=  98 [1]=  84 [2]=  94 [3]=   0 [4]=   0 [5]=   0 [6]=   0 [7]=   0 [8]=   0 [9]=   0 [10]=   0 [11]=   0 
after  (DPU 386) [0]=  98 [1]=  84 [2]=  94 [3]=   0 [4]=   0 [5]=   0 [6]=   0 [7]=   0 [8]=   0 [9]=   0 [10]=   0 [11]=   0 
before (DPU 387) [0]= 104 [1]=  91 [2]= 111 [3]=   0 [4]=   0 [5]=   0 [6]=   0 [7]=   0 [8]=   0 [9]=   0 [10]=   0 [11]=   0 
after  (DPU 387) [0]= 104 [1]=  91 [2]= 111 [3]=   0 [4]=   0 [5]=   0 [6]=   0 [7]=   0 [8]=   0 [9]=   0 [10]=   0 [11]=   0 
before (DPU 388) [0]=  94 [1]=  94 [2]= 124 [3]=   0 [4]=   0 [5]=   0 [6]=   0 [7]=   0 [8]=   0 [9]=   0 [10]=   0 [11]=   0 
after  (DPU 388) [0]=  94 [1]=  94 [2]= 124 [3]=   0 [4]=   0 [5]=   0 [6]=   0 [7]=   0 [8]=   0 [9]=   0 [10]=   0 [11]=   0 
before (DPU 389) [0]=  97 [1]= 104 [2]= 117 [3]=   0 [4]=   0 [5]=   0 [6]=   0 [7]=   0 [8]=   0 [9]=   0 [10]=   0 [11]=   0 
after  (DPU 389) [0]=  97 [1]= 104 [2]= 117 [3]=   0 [4]=   0 [5]=   0 [6]=   0 [7]=   0 [8]=   0 [9]=   0 [10]=   0 [11]=   0 
before (DPU 390) [0]=  80 [1]= 112 [2]= 108 [3]=   0 [4]=   0 [5]=   0 [6]=   0 [7]=   0 [8]=   0 [9]=   0 [10]=   0 [11]=   0 
after  (DPU 390) [0]=  80 [1]= 112 [2]= 108 [3]=   0 [4]=   0 [5]=   0 [6]=   0 [7]=   0 [8]=   0 [9]=   0 [10]=   0 [11]=   0 
before (DPU 391) [0]= 105 [1]=  93 [2]= 131 [3]=   0 [4]=   0 [5]=   0 [6]=   0 [7]=   0 [8]=   0 [9]=   0 [10]=   0 [11]=   0 
after  (DPU 391) [0]= 105 [1]=  93 [2]= 131 [3]=   0 [4]=   0 [5]=   0 [6]=   0 [7]=   0 [8]=   0 [9]=   0 [10]=   0 [11]=   0 
before (DPU 392) [0]=  86 [1]= 108 [2]= 109 [3]=   0 [4]=   0 [5]=   0 [6]=   0 [7]=   0 [8]=   0 [9]=   0 [10]=   0 [11]=   0 
after  (DPU 392) [0]=  86 [1]= 108 [2]= 109 [3]=   0 [4]=   0 [5]=   0 [6]=   0 [7]=   0 [8]=   0 [9]=   0 [10]=   0 [11]=   0 
before (DPU 393) [0]= 108 [1]= 107 [2]= 119 [3]=   0 [4]=   0 [5]=   0 [6]=   0 [7]=   0 [8]=   0 [9]=   0 [10]=   0 [11]=   0 
after  (DPU 393) [0]= 108 [1]= 107 [2]= 119 [3]=   0 [4]=   0 [5]=   0 [6]=   0 [7]=   0 [8]=   0 [9]=   0 [10]=   0 [11]=   0 
before (DPU 394) [0]=  95 [1]=  92 [2]=  96 [3]=   0 [4]=   0 [5]=   0 [6]=   0 [7]=   0 [8]=   0 [9]=   0 [10]=   0 [11]=   0 
after  (DPU 394) [0]=  95 [1]=  92 [2]=  96 [3]=   0 [4]=   0 [5]=   0 [6]=   0 [7]=   0 [8]=   0 [9]=   0 [10]=   0 [11]=   0 
before (DPU 395) [0]=  76 [1]= 102 [2]= 109 [3]=   0 [4]=   0 [5]=   0 [6]=   0 [7]=   0 [8]=   0 [9]=   0 [10]=   0 [11]=   0 
after  (DPU 395) [0]=  76 [1]= 102 [2]= 109 [3]=   0 [4]=   0 [5]=   0 [6]=   0 [7]=   0 [8]=   0 [9]=   0 [10]=   0 [11]=   0 
before (DPU 396) [0]= 112 [1]= 106 [2]=  85 [3]=   0 [4]=   0 [5]=   0 [6]=   0 [7]=   0 [8]=   0 [9]=   0 [10]=   0 [11]=   0 
after  (DPU 396) [0]= 112 [1]= 106 [2]=  85 [3]=   0 [4]=   0 [5]=   0 [6]=   0 [7]=   0 [8]=   0 [9]=   0 [10]=   0 [11]=   0 
before (DPU 397) [0]=  95 [1]= 112 [2]=  98 [3]=   0 [4]=   0 [5]=   0 [6]=   0 [7]=   0 [8]=   0 [9]=   0 [10]=   0 [11]=   0 
after  (DPU 397) [0]=  95 [1]= 112 [2]=  98 [3]=   0 [4]=   0 [5]=   0 [6]=   0 [7]=   0 [8]=   0 [9]=   0 [10]=   0 [11]=   0 
before (DPU 398) [0]=  98 [1]= 116 [2]= 109 [3]=   0 [4]=   0 [5]=   0 [6]=   0 [7]=   0 [8]=   0 [9]=   0 [10]=   0 [11]=   0 
after  (DPU 398) [0]=  98 [1]= 116 [2]= 109 [3]=   0 [4]=   0 [5]=   0 [6]=   0 [7]=   0 [8]=   0 [9]=   0 [10]=   0 [11]=   0 
before (DPU 399) [0]=  86 [1]= 124 [2]= 113 [3]=   0 [4]=   0 [5]=   0 [6]=   0 [7]=   0 [8]=   0 [9]=   0 [10]=   0 [11]=   0 
after  (DPU 399) [0]=  86 [1]= 124 [2]= 113 [3]=   0 [4]=   0 [5]=   0 [6]=   0 [7]=   0 [8]=   0 [9]=   0 [10]=   0 [11]=   0 
before (DPU 400) [0]=  99 [1]= 101 [2]=  88 [3]=   0 [4]=   0 [5]=   0 [6]=   0 [7]=   0 [8]=   0 [9]=   0 [10]=   0 [11]=   0 
after  (DPU 400) [0]=  99 [1]= 101 [2]=  88 [3]=   0 [4]=   0 [5]=   0 [6]=   0 [7]=   0 [8]=   0 [9]=   0 [10]=   0 [11]=   0 
before (DPU 401) [0]= 100 [1]=  89 [2]= 104 [3]=   0 [4]=   0 [5]=   0 [6]=   0 [7]=   0 [8]=   0 [9]=   0 [10]=   0 [11]=   0 
after  (DPU 401) [0]= 100 [1]=  89 [2]= 104 [3]=   0 [4]=   0 [5]=   0 [6]=   0 [7]=   0 [8]=   0 [9]=   0 [10]=   0 [11]=   0 
before (DPU 402) [0]=  86 [1]= 100 [2]=  98 [3]=   0 [4]=   0 [5]=   0 [6]=   0 [7]=   0 [8]=   0 [9]=   0 [10]=   0 [11]=   0 
after  (DPU 402) [0]=  86 [1]= 100 [2]=  98 [3]=   0 [4]=   0 [5]=   0 [6]=   0 [7]=   0 [8]=   0 [9]=   0 [10]=   0 [11]=   0 
before (DPU 403) [0]=  93 [1]= 110 [2]= 113 [3]=   0 [4]=   0 [5]=   0 [6]=   0 [7]=   0 [8]=   0 [9]=   0 [10]=   0 [11]=   0 
after  (DPU 403) [0]=  93 [1]= 110 [2]= 113 [3]=   0 [4]=   0 [5]=   0 [6]=   0 [7]=   0 [8]=   0 [9]=   0 [10]=   0 [11]=   0 
before (DPU 404) [0]=  92 [1]=  99 [2]=  98 [3]=   0 [4]=   0 [5]=   0 [6]=   0 [7]=   0 [8]=   0 [9]=   0 [10]=   0 [11]=   0 
after  (DPU 404) [0]=  92 [1]=  99 [2]=  98 [3]=   0 [4]=   0 [5]=   0 [6]=   0 [7]=   0 [8]=   0 [9]=   0 [10]=   0 [11]=   0 
before (DPU 405) [0]=  98 [1]= 110 [2]= 106 [3]=   0 [4]=   0 [5]=   0 [6]=   0 [7]=   0 [8]=   0 [9]=   0 [10]=   0 [11]=   0 
after  (DPU 405) [0]=  98 [1]= 110 [2]= 106 [3]=   0 [4]=   0 [5]=   0 [6]=   0 [7]=   0 [8]=   0 [9]=   0 [10]=   0 [11]=   0 
before (DPU 406) [0]= 105 [1]=  95 [2]=  86 [3]=   0 [4]=   0 [5]=   0 [6]=   0 [7]=   0 [8]=   0 [9]=   0 [10]=   0 [11]=   0 
after  (DPU 406) [0]= 105 [1]=  95 [2]=  86 [3]=   0 [4]=   0 [5]=   0 [6]=   0 [7]=   0 [8]=   0 [9]=   0 [10]=   0 [11]=   0 
before (DPU 407) [0]=  97 [1]= 103 [2]= 112 [3]=   0 [4]=   0 [5]=   0 [6]=   0 [7]=   0 [8]=   0 [9]=   0 [10]=   0 [11]=   0 
after  (DPU 407) [0]=  97 [1]= 103 [2]= 112 [3]=   0 [4]=   0 [5]=   0 [6]=   0 [7]=   0 [8]=   0 [9]=   0 [10]=   0 [11]=   0 
before (DPU 408) [0]= 119 [1]= 113 [2]= 109 [3]=   0 [4]=   0 [5]=   0 [6]=   0 [7]=   0 [8]=   0 [9]=   0 [10]=   0 [11]=   0 
after  (DPU 408) [0]= 119 [1]= 113 [2]= 109 [3]=   0 [4]=   0 [5]=   0 [6]=   0 [7]=   0 [8]=   0 [9]=   0 [10]=   0 [11]=   0 
before (DPU 409) [0]= 113 [1]= 101 [2]=  88 [3]=   0 [4]=   0 [5]=   0 [6]=   0 [7]=   0 [8]=   0 [9]=   0 [10]=   0 [11]=   0 
after  (DPU 409) [0]= 113 [1]= 101 [2]=  88 [3]=   0 [4]=   0 [5]=   0 [6]=   0 [7]=   0 [8]=   0 [9]=   0 [10]=   0 [11]=   0 
before (DPU 410) [0]=  77 [1]= 115 [2]= 127 [3]=   0 [4]=   0 [5]=   0 [6]=   0 [7]=   0 [8]=   0 [9]=   0 [10]=   0 [11]=   0 
after  (DPU 410) [0]=  77 [1]= 115 [2]= 127 [3]=   0 [4]=   0 [5]=   0 [6]=   0 [7]=   0 [8]=   0 [9]=   0 [10]=   0 [11]=   0 
before (DPU 411) [0]= 101 [1]=  90 [2]=  83 [3]=   0 [4]=   0 [5]=   0 [6]=   0 [7]=   0 [8]=   0 [9]=   0 [10]=   0 [11]=   0 
after  (DPU 411) [0]= 101 [1]=  90 [2]=  83 [3]=   0 [4]=   0 [5]=   0 [6]=   0 [7]=   0 [8]=   0 [9]=   0 [10]=   0 [11]=   0 
before (DPU 412) [0]=  85 [1]= 107 [2]=  90 [3]=   0 [4]=   0 [5]=   0 [6]=   0 [7]=   0 [8]=   0 [9]=   0 [10]=   0 [11]=   0 
after  (DPU 412) [0]=  85 [1]= 107 [2]=  90 [3]=   0 [4]=   0 [5]=   0 [6]=   0 [7]=   0 [8]=   0 [9]=   0 [10]=   0 [11]=   0 
before (DPU 413) [0]=  90 [1]= 107 [2]=  79 [3]=   0 [4]=   0 [5]=   0 [6]=   0 [7]=   0 [8]=   0 [9]=   0 [10]=   0 [11]=   0 
after  (DPU 413) [0]=  90 [1]= 107 [2]=  79 [3]=   0 [4]=   0 [5]=   0 [6]=   0 [7]=   0 [8]=   0 [9]=   0 [10]=   0 [11]=   0 
before (DPU 414) [0]=  94 [1]=  92 [2]=  92 [3]=   0 [4]=   0 [5]=   0 [6]=   0 [7]=   0 [8]=   0 [9]=   0 [10]=   0 [11]=   0 
after  (DPU 414) [0]=  94 [1]=  92 [2]=  92 [3]=   0 [4]=   0 [5]=   0 [6]=   0 [7]=   0 [8]=   0 [9]=   0 [10]=   0 [11]=   0 
before (DPU 415) [0]= 105 [1]=  85 [2]=  95 [3]=   0 [4]=   0 [5]=   0 [6]=   0 [7]=   0 [8]=   0 [9]=   0 [10]=   0 [11]=   0 
after  (DPU 415) [0]= 105 [1]=  85 [2]=  95 [3]=   0 [4]=   0 [5]=   0 [6]=   0 [7]=   0 [8]=   0 [9]=   0 [10]=   0 [11]=   0 
before (DPU 416) [0]=  87 [1]=  85 [2]=  97 [3]=   0 [4]=   0 [5]=   0 [6]=   0 [7]=   0 [8]=   0 [9]=   0 [10]=   0 [11]=   0 
after  (DPU 416) [0]=  87 [1]=  85 [2]=  97 [3]=   0 [4]=   0 [5]=   0 [6]=   0 [7]=   0 [8]=   0 [9]=   0 [10]=   0 [11]=   0 
before (DPU 417) [0]= 117 [1]=  96 [2]= 115 [3]=   0 [4]=   0 [5]=   0 [6]=   0 [7]=   0 [8]=   0 [9]=   0 [10]=   0 [11]=   0 
after  (DPU 417) [0]= 117 [1]=  96 [2]= 115 [3]=   0 [4]=   0 [5]=   0 [6]=   0 [7]=   0 [8]=   0 [9]=   0 [10]=   0 [11]=   0 
before (DPU 418) [0]= 108 [1]=  91 [2]= 120 [3]=   0 [4]=   0 [5]=   0 [6]=   0 [7]=   0 [8]=   0 [9]=   0 [10]=   0 [11]=   0 
after  (DPU 418) [0]= 108 [1]=  91 [2]= 120 [3]=   0 [4]=   0 [5]=   0 [6]=   0 [7]=   0 [8]=   0 [9]=   0 [10]=   0 [11]=   0 
before (DPU 419) [0]=  96 [1]=  92 [2]= 100 [3]=   0 [4]=   0 [5]=   0 [6]=   0 [7]=   0 [8]=   0 [9]=   0 [10]=   0 [11]=   0 
after  (DPU 419) [0]=  96 [1]=  92 [2]= 100 [3]=   0 [4]=   0 [5]=   0 [6]=   0 [7]=   0 [8]=   0 [9]=   0 [10]=   0 [11]=   0 
before (DPU 420) [0]= 103 [1]=  87 [2]= 102 [3]=   0 [4]=   0 [5]=   0 [6]=   0 [7]=   0 [8]=   0 [9]=   0 [10]=   0 [11]=   0 
after  (DPU 420) [0]= 103 [1]=  87 [2]= 102 [3]=   0 [4]=   0 [5]=   0 [6]=   0 [7]=   0 [8]=   0 [9]=   0 [10]=   0 [11]=   0 
before (DPU 421) [0]= 104 [1]=  90 [2]=  95 [3]=   0 [4]=   0 [5]=   0 [6]=   0 [7]=   0 [8]=   0 [9]=   0 [10]=   0 [11]=   0 
after  (DPU 421) [0]= 104 [1]=  90 [2]=  95 [3]=   0 [4]=   0 [5]=   0 [6]=   0 [7]=   0 [8]=   0 [9]=   0 [10]=   0 [11]=   0 
before (DPU 422) [0]=  81 [1]=  87 [2]= 101 [3]=   0 [4]=   0 [5]=   0 [6]=   0 [7]=   0 [8]=   0 [9]=   0 [10]=   0 [11]=   0 
after  (DPU 422) [0]=  81 [1]=  87 [2]= 101 [3]=   0 [4]=   0 [5]=   0 [6]=   0 [7]=   0 [8]=   0 [9]=   0 [10]=   0 [11]=   0 
before (DPU 423) [0]=  91 [1]=  98 [2]=  88 [3]=   0 [4]=   0 [5]=   0 [6]=   0 [7]=   0 [8]=   0 [9]=   0 [10]=   0 [11]=   0 
after  (DPU 423) [0]=  91 [1]=  98 [2]=  88 [3]=   0 [4]=   0 [5]=   0 [6]=   0 [7]=   0 [8]=   0 [9]=   0 [10]=   0 [11]=   0 
before (DPU 424) [0]= 104 [1]=  87 [2]=  92 [3]=   0 [4]=   0 [5]=   0 [6]=   0 [7]=   0 [8]=   0 [9]=   0 [10]=   0 [11]=   0 
after  (DPU 424) [0]= 104 [1]=  87 [2]=  92 [3]=   0 [4]=   0 [5]=   0 [6]=   0 [7]=   0 [8]=   0 [9]=   0 [10]=   0 [11]=   0 
before (DPU 425) [0]=  91 [1]= 105 [2]=  89 [3]=   0 [4]=   0 [5]=   0 [6]=   0 [7]=   0 [8]=   0 [9]=   0 [10]=   0 [11]=   0 
after  (DPU 425) [0]=  91 [1]= 105 [2]=  89 [3]=   0 [4]=   0 [5]=   0 [6]=   0 [7]=   0 [8]=   0 [9]=   0 [10]=   0 [11]=   0 
before (DPU 426) [0]= 112 [1]=  95 [2]=  85 [3]=   0 [4]=   0 [5]=   0 [6]=   0 [7]=   0 [8]=   0 [9]=   0 [10]=   0 [11]=   0 
after  (DPU 426) [0]= 112 [1]=  95 [2]=  85 [3]=   0 [4]=   0 [5]=   0 [6]=   0 [7]=   0 [8]=   0 [9]=   0 [10]=   0 [11]=   0 
before (DPU 427) [0]=  99 [1]=  85 [2]=  93 [3]=   0 [4]=   0 [5]=   0 [6]=   0 [7]=   0 [8]=   0 [9]=   0 [10]=   0 [11]=   0 
after  (DPU 427) [0]=  99 [1]=  85 [2]=  93 [3]=   0 [4]=   0 [5]=   0 [6]=   0 [7]=   0 [8]=   0 [9]=   0 [10]=   0 [11]=   0 
before (DPU 428) [0]=  93 [1]=  87 [2]= 109 [3]=   0 [4]=   0 [5]=   0 [6]=   0 [7]=   0 [8]=   0 [9]=   0 [10]=   0 [11]=   0 
after  (DPU 428) [0]=  93 [1]=  87 [2]= 109 [3]=   0 [4]=   0 [5]=   0 [6]=   0 [7]=   0 [8]=   0 [9]=   0 [10]=   0 [11]=   0 
before (DPU 429) [0]=  98 [1]= 101 [2]= 108 [3]=   0 [4]=   0 [5]=   0 [6]=   0 [7]=   0 [8]=   0 [9]=   0 [10]=   0 [11]=   0 
after  (DPU 429) [0]=  98 [1]= 101 [2]= 108 [3]=   0 [4]=   0 [5]=   0 [6]=   0 [7]=   0 [8]=   0 [9]=   0 [10]=   0 [11]=   0 
before (DPU 430) [0]=  93 [1]=  86 [2]=  90 [3]=   0 [4]=   0 [5]=   0 [6]=   0 [7]=   0 [8]=   0 [9]=   0 [10]=   0 [11]=   0 
after  (DPU 430) [0]=  93 [1]=  86 [2]=  90 [3]=   0 [4]=   0 [5]=   0 [6]=   0 [7]=   0 [8]=   0 [9]=   0 [10]=   0 [11]=   0 
before (DPU 431) [0]=  97 [1]= 103 [2]= 108 [3]=   0 [4]=   0 [5]=   0 [6]=   0 [7]=   0 [8]=   0 [9]=   0 [10]=   0 [11]=   0 
after  (DPU 431) [0]=  97 [1]= 103 [2]= 108 [3]=   0 [4]=   0 [5]=   0 [6]=   0 [7]=   0 [8]=   0 [9]=   0 [10]=   0 [11]=   0 
before (DPU 432) [0]=  88 [1]=  89 [2]=  82 [3]=   0 [4]=   0 [5]=   0 [6]=   0 [7]=   0 [8]=   0 [9]=   0 [10]=   0 [11]=   0 
after  (DPU 432) [0]=  88 [1]=  89 [2]=  82 [3]=   0 [4]=   0 [5]=   0 [6]=   0 [7]=   0 [8]=   0 [9]=   0 [10]=   0 [11]=   0 
before (DPU 433) [0]= 101 [1]= 119 [2]=  98 [3]=   0 [4]=   0 [5]=   0 [6]=   0 [7]=   0 [8]=   0 [9]=   0 [10]=   0 [11]=   0 
after  (DPU 433) [0]= 101 [1]= 119 [2]=  98 [3]=   0 [4]=   0 [5]=   0 [6]=   0 [7]=   0 [8]=   0 [9]=   0 [10]=   0 [11]=   0 
before (DPU 434) [0]=  98 [1]=  80 [2]=  96 [3]=   0 [4]=   0 [5]=   0 [6]=   0 [7]=   0 [8]=   0 [9]=   0 [10]=   0 [11]=   0 
after  (DPU 434) [0]=  98 [1]=  80 [2]=  96 [3]=   0 [4]=   0 [5]=   0 [6]=   0 [7]=   0 [8]=   0 [9]=   0 [10]=   0 [11]=   0 
before (DPU 435) [0]=  89 [1]=  98 [2]=  86 [3]=   0 [4]=   0 [5]=   0 [6]=   0 [7]=   0 [8]=   0 [9]=   0 [10]=   0 [11]=   0 
after  (DPU 435) [0]=  89 [1]=  98 [2]=  86 [3]=   0 [4]=   0 [5]=   0 [6]=   0 [7]=   0 [8]=   0 [9]=   0 [10]=   0 [11]=   0 
before (DPU 436) [0]=  80 [1]=  95 [2]=  83 [3]=   0 [4]=   0 [5]=   0 [6]=   0 [7]=   0 [8]=   0 [9]=   0 [10]=   0 [11]=   0 
after  (DPU 436) [0]=  80 [1]=  95 [2]=  83 [3]=   0 [4]=   0 [5]=   0 [6]=   0 [7]=   0 [8]=   0 [9]=   0 [10]=   0 [11]=   0 
before (DPU 437) [0]=  97 [1]=  84 [2]=  82 [3]=   0 [4]=   0 [5]=   0 [6]=   0 [7]=   0 [8]=   0 [9]=   0 [10]=   0 [11]=   0 
after  (DPU 437) [0]=  97 [1]=  84 [2]=  82 [3]=   0 [4]=   0 [5]=   0 [6]=   0 [7]=   0 [8]=   0 [9]=   0 [10]=   0 [11]=   0 
before (DPU 438) [0]= 107 [1]= 102 [2]=  67 [3]=   0 [4]=   0 [5]=   0 [6]=   0 [7]=   0 [8]=   0 [9]=   0 [10]=   0 [11]=   0 
after  (DPU 438) [0]= 107 [1]= 102 [2]=  67 [3]=   0 [4]=   0 [5]=   0 [6]=   0 [7]=   0 [8]=   0 [9]=   0 [10]=   0 [11]=   0 
before (DPU 439) [0]=  83 [1]= 100 [2]= 102 [3]=  90 [4]=   0 [5]=   0 [6]=   0 [7]=   0 [8]=   0 [9]=   0 [10]=   0 [11]=   0 
after  (DPU 439) [0]=  83 [1]= 100 [2]= 102 [3]=  90 [4]=   0 [5]=   0 [6]=   0 [7]=   0 [8]=   0 [9]=   0 [10]=   0 [11]=   0 
before (DPU 440) [0]= 109 [1]=  90 [2]=  85 [3]=   0 [4]=   0 [5]=   0 [6]=   0 [7]=   0 [8]=   0 [9]=   0 [10]=   0 [11]=   0 
after  (DPU 440) [0]= 109 [1]=  90 [2]=  85 [3]=   0 [4]=   0 [5]=   0 [6]=   0 [7]=   0 [8]=   0 [9]=   0 [10]=   0 [11]=   0 
before (DPU 441) [0]=  91 [1]=  92 [2]=  82 [3]=   0 [4]=   0 [5]=   0 [6]=   0 [7]=   0 [8]=   0 [9]=   0 [10]=   0 [11]=   0 
after  (DPU 441) [0]=  91 [1]=  92 [2]=  82 [3]=   0 [4]=   0 [5]=   0 [6]=   0 [7]=   0 [8]=   0 [9]=   0 [10]=   0 [11]=   0 
before (DPU 442) [0]=  97 [1]=  89 [2]=  97 [3]=   0 [4]=   0 [5]=   0 [6]=   0 [7]=   0 [8]=   0 [9]=   0 [10]=   0 [11]=   0 
after  (DPU 442) [0]=  97 [1]=  89 [2]=  97 [3]=   0 [4]=   0 [5]=   0 [6]=   0 [7]=   0 [8]=   0 [9]=   0 [10]=   0 [11]=   0 
before (DPU 443) [0]=  91 [1]= 103 [2]=  85 [3]=   0 [4]=   0 [5]=   0 [6]=   0 [7]=   0 [8]=   0 [9]=   0 [10]=   0 [11]=   0 
after  (DPU 443) [0]=  91 [1]= 103 [2]=  85 [3]=   0 [4]=   0 [5]=   0 [6]=   0 [7]=   0 [8]=   0 [9]=   0 [10]=   0 [11]=   0 
before (DPU 444) [0]=  79 [1]= 107 [2]=  74 [3]=   0 [4]=   0 [5]=   0 [6]=   0 [7]=   0 [8]=   0 [9]=   0 [10]=   0 [11]=   0 
after  (DPU 444) [0]=  79 [1]= 107 [2]=  74 [3]=   0 [4]=   0 [5]=   0 [6]=   0 [7]=   0 [8]=   0 [9]=   0 [10]=   0 [11]=   0 
before (DPU 445) [0]=  81 [1]=  83 [2]=  86 [3]=   0 [4]=   0 [5]=   0 [6]=   0 [7]=   0 [8]=   0 [9]=   0 [10]=   0 [11]=   0 
after  (DPU 445) [0]=  81 [1]=  83 [2]=  86 [3]=3618 [4]=   0 [5]=   0 [6]=   0 [7]=   0 [8]=   0 [9]=   0 [10]=   0 [11]=   0 
before (DPU 446) [0]=   0 [1]=   0 [2]=   0 [3]=139861 [4]=   0 [5]=   0 [6]=   0 [7]=   0 [8]=   0 [9]=   0 [10]=   0 [11]=   0 
after  (DPU 446) [0]=   0 [1]=   0 [2]=   0 [3]=139861 [4]=   0 [5]=   0 [6]=   0 [7]=   0 [8]=   0 [9]=   0 [10]=   0 [11]=   0 
before (DPU 447) [0]=  91 [1]=  98 [2]=  83 [3]=   0 [4]=   0 [5]=   0 [6]=   0 [7]=   0 [8]=   0 [9]=   0 [10]=   0 [11]=   0 
after  (DPU 447) [0]=  91 [1]=  98 [2]=  83 [3]=   0 [4]=   0 [5]=   0 [6]=   0 [7]=   0 [8]=   0 [9]=   0 [10]=   0 [11]=   0 
before (DPU 448) [0]=  94 [1]=  95 [2]=  80 [3]=   0 [4]=   0 [5]=   0 [6]=   0 [7]=   0 [8]=   0 [9]=   0 [10]=   0 [11]=   0 
after  (DPU 448) [0]=  94 [1]=  95 [2]=  80 [3]=   0 [4]=   0 [5]=   0 [6]=   0 [7]=   0 [8]=   0 [9]=   0 [10]=   0 [11]=   0 
before (DPU 449) [0]=   0 [1]=   0 [2]=   0 [3]=21216 [4]=   0 [5]=   0 [6]=   0 [7]=   0 [8]=   0 [9]=   0 [10]=   0 [11]=   0 
after  (DPU 449) [0]=   0 [1]=   0 [2]=   0 [3]=21216 [4]=   0 [5]=   0 [6]=   0 [7]=   0 [8]=   0 [9]=   0 [10]=   0 [11]=   0 
before (DPU 450) [0]=  97 [1]= 107 [2]=  87 [3]=   0 [4]=   0 [5]=   0 [6]=   0 [7]=   0 [8]=   0 [9]=   0 [10]=   0 [11]=   0 
after  (DPU 450) [0]=  97 [1]= 107 [2]=  87 [3]=   0 [4]=   0 [5]=   0 [6]=   0 [7]=   0 [8]=   0 [9]=   0 [10]=   0 [11]=   0 
before (DPU 451) [0]= 109 [1]=  90 [2]=  92 [3]=   0 [4]=   0 [5]=   0 [6]=   0 [7]=   0 [8]=   0 [9]=   0 [10]=   0 [11]=   0 
after  (DPU 451) [0]= 109 [1]=  90 [2]=  92 [3]=   0 [4]=   0 [5]=   0 [6]=   0 [7]=   0 [8]=   0 [9]=   0 [10]=   0 [11]=   0 
before (DPU 452) [0]= 104 [1]=  95 [2]=  65 [3]=   0 [4]=   0 [5]=   0 [6]=   0 [7]=   0 [8]=   0 [9]=   0 [10]=   0 [11]=   0 
after  (DPU 452) [0]= 104 [1]=  95 [2]=  65 [3]=   0 [4]=   0 [5]=   0 [6]=   0 [7]=   0 [8]=   0 [9]=   0 [10]=   0 [11]=   0 
before (DPU 453) [0]= 105 [1]=  82 [2]=  86 [3]=6734 [4]=   0 [5]=   0 [6]=   0 [7]=   0 [8]=   0 [9]=   0 [10]=   0 [11]=   0 
after  (DPU 453) [0]= 105 [1]=  82 [2]=  86 [3]=6734 [4]=   0 [5]=   0 [6]=   0 [7]=   0 [8]=   0 [9]=   0 [10]=   0 [11]=   0 
before (DPU 454) [0]=  89 [1]=  87 [2]=  76 [3]=   0 [4]=   0 [5]=   0 [6]=   0 [7]=   0 [8]=   0 [9]=   0 [10]=   0 [11]=   0 
after  (DPU 454) [0]=  89 [1]=  87 [2]=  76 [3]=  85 [4]=   0 [5]=   0 [6]=   0 [7]=   0 [8]=   0 [9]=   0 [10]=   0 [11]=   0 
before (DPU 455) [0]=  76 [1]=  84 [2]=  88 [3]=5713 [4]=   0 [5]=   0 [6]=   0 [7]=   0 [8]=   0 [9]=   0 [10]=   0 [11]=   0 
after  (DPU 455) [0]=  76 [1]=  84 [2]=  88 [3]=5713 [4]=   0 [5]=   0 [6]=   0 [7]=   0 [8]=   0 [9]=   0 [10]=   0 [11]=   0 
before (DPU 456) [0]= 105 [1]=  93 [2]=  93 [3]=   0 [4]=   0 [5]=   0 [6]=   0 [7]=   0 [8]=   0 [9]=   0 [10]=   0 [11]=   0 
after  (DPU 456) [0]= 105 [1]=  93 [2]=  93 [3]=   0 [4]=   0 [5]=   0 [6]=   0 [7]=   0 [8]=   0 [9]=   0 [10]=   0 [11]=   0 
before (DPU 457) [0]=  95 [1]=  87 [2]=  75 [3]=6492 [4]=   0 [5]=   0 [6]=   0 [7]=   0 [8]=   0 [9]=   0 [10]=   0 [11]=   0 
after  (DPU 457) [0]=  95 [1]=  87 [2]=  75 [3]=6492 [4]=   0 [5]=   0 [6]=   0 [7]=   0 [8]=   0 [9]=   0 [10]=   0 [11]=   0 
before (DPU 458) [0]= 100 [1]=  80 [2]= 111 [3]=  99 [4]=   0 [5]=   0 [6]=   0 [7]=   0 [8]=   0 [9]=   0 [10]=   0 [11]=   0 
after  (DPU 458) [0]= 100 [1]=  80 [2]= 111 [3]=  99 [4]=   0 [5]=   0 [6]=   0 [7]=   0 [8]=   0 [9]=   0 [10]=   0 [11]=   0 
before (DPU 459) [0]=  92 [1]=  84 [2]=   0 [3]=12340 [4]=   0 [5]=   0 [6]=   0 [7]=   0 [8]=   0 [9]=   0 [10]=   0 [11]=   0 
after  (DPU 459) [0]=   0 [1]=  84 [2]=   0 [3]=12340 [4]=   0 [5]=   0 [6]=   0 [7]=   0 [8]=   0 [9]=   0 [10]=   0 [11]=   0 
before (DPU 460) [0]=  81 [1]=  91 [2]=  72 [3]=   0 [4]=   0 [5]=   0 [6]=   0 [7]=   0 [8]=   0 [9]=   0 [10]=   0 [11]=   0 
after  (DPU 460) [0]=  81 [1]=  91 [2]=  72 [3]=  92 [4]=   0 [5]=   0 [6]=   0 [7]=   0 [8]=   0 [9]=   0 [10]=   0 [11]=   0 
before (DPU 461) [0]=  68 [1]=  91 [2]=  78 [3]=  85 [4]=   0 [5]=   0 [6]=   0 [7]=   0 [8]=   0 [9]=   0 [10]=   0 [11]=   0 
after  (DPU 461) [0]=  68 [1]=  91 [2]=  78 [3]=  85 [4]=   0 [5]=   0 [6]=   0 [7]=   0 [8]=   0 [9]=   0 [10]=   0 [11]=   0 
before (DPU 462) [0]=  77 [1]=  99 [2]=  81 [3]=4824 [4]=   0 [5]=   0 [6]=   0 [7]=   0 [8]=   0 [9]=   0 [10]=   0 [11]=   0 
after  (DPU 462) [0]=  77 [1]=  99 [2]=  81 [3]=4824 [4]=   0 [5]=   0 [6]=   0 [7]=   0 [8]=   0 [9]=   0 [10]=   0 [11]=   0 
before (DPU 463) [0]=  77 [1]=  89 [2]=  74 [3]= 104 [4]=   0 [5]=   0 [6]=   0 [7]=   0 [8]=   0 [9]=   0 [10]=   0 [11]=   0 
after  (DPU 463) [0]=  77 [1]=  89 [2]=  74 [3]= 104 [4]=   0 [5]=   0 [6]=   0 [7]=   0 [8]=   0 [9]=   0 [10]=   0 [11]=   0 
before (DPU 464) [0]=  94 [1]=  94 [2]=  83 [3]=5331 [4]=   0 [5]=   0 [6]=   0 [7]=   0 [8]=   0 [9]=   0 [10]=   0 [11]=   0 
after  (DPU 464) [0]=  94 [1]=  94 [2]=  83 [3]=5331 [4]=   0 [5]=   0 [6]=   0 [7]=   0 [8]=   0 [9]=   0 [10]=   0 [11]=   0 
before (DPU 465) [0]=  82 [1]= 102 [2]= 103 [3]=   0 [4]=   0 [5]=   0 [6]=   0 [7]=   0 [8]=   0 [9]=   0 [10]=   0 [11]=   0 
after  (DPU 465) [0]=  82 [1]= 102 [2]= 103 [3]=   0 [4]=   0 [5]=   0 [6]=   0 [7]=   0 [8]=   0 [9]=   0 [10]=   0 [11]=   0 
before (DPU 466) [0]=  86 [1]= 101 [2]=  85 [3]=  91 [4]=   0 [5]=   0 [6]=   0 [7]=   0 [8]=   0 [9]=   0 [10]=   0 [11]=   0 
after  (DPU 466) [0]=  86 [1]= 101 [2]=  85 [3]=  91 [4]=   0 [5]=   0 [6]=   0 [7]=   0 [8]=   0 [9]=   0 [10]=   0 [11]=   0 
before (DPU 467) [0]= 103 [1]=  96 [2]=  86 [3]=   0 [4]=   0 [5]=   0 [6]=   0 [7]=   0 [8]=   0 [9]=   0 [10]=   0 [11]=   0 
after  (DPU 467) [0]= 103 [1]=  96 [2]=  86 [3]=   0 [4]=   0 [5]=   0 [6]=   0 [7]=   0 [8]=   0 [9]=   0 [10]=   0 [11]=   0 
before (DPU 468) [0]=  96 [1]=  94 [2]= 106 [3]=   0 [4]=   0 [5]=   0 [6]=   0 [7]=   0 [8]=   0 [9]=   0 [10]=   0 [11]=   0 
after  (DPU 468) [0]=  96 [1]=  94 [2]= 106 [3]=   0 [4]=   0 [5]=   0 [6]=   0 [7]=   0 [8]=   0 [9]=   0 [10]=   0 [11]=   0 
before (DPU 469) [0]=  84 [1]=  69 [2]=  90 [3]=  72 [4]=   0 [5]=   0 [6]=   0 [7]=   0 [8]=   0 [9]=   0 [10]=   0 [11]=   0 
after  (DPU 469) [0]=  84 [1]=  69 [2]=  90 [3]=  72 [4]=   0 [5]=   0 [6]=   0 [7]=   0 [8]=   0 [9]=   0 [10]=   0 [11]=   0 
before (DPU 470) [0]=   0 [1]=   0 [2]=   0 [3]=18081 [4]=   0 [5]=   0 [6]=   0 [7]=   0 [8]=   0 [9]=   0 [10]=   0 [11]=   0 
after  (DPU 470) [0]=   0 [1]=   0 [2]=   0 [3]=18081 [4]=   0 [5]=   0 [6]=   0 [7]=   0 [8]=   0 [9]=   0 [10]=   0 [11]=   0 
before (DPU 471) [0]=  85 [1]=  96 [2]=  75 [3]=4156 [4]=   0 [5]=   0 [6]=   0 [7]=   0 [8]=   0 [9]=   0 [10]=   0 [11]=   0 
after  (DPU 471) [0]=  85 [1]=  96 [2]=  75 [3]=4156 [4]=   0 [5]=   0 [6]=   0 [7]=   0 [8]=   0 [9]=   0 [10]=   0 [11]=   0 
before (DPU 472) [0]=  91 [1]=  96 [2]=  81 [3]=   0 [4]=   0 [5]=   0 [6]=   0 [7]=   0 [8]=   0 [9]=   0 [10]=   0 [11]=   0 
after  (DPU 472) [0]=  91 [1]=  96 [2]=  81 [3]=   0 [4]=   0 [5]=   0 [6]=   0 [7]=   0 [8]=   0 [9]=   0 [10]=   0 [11]=   0 
before (DPU 473) [0]= 102 [1]=  79 [2]= 103 [3]=   0 [4]=   0 [5]=   0 [6]=   0 [7]=   0 [8]=   0 [9]=   0 [10]=   0 [11]=   0 
after  (DPU 473) [0]= 102 [1]=  79 [2]= 103 [3]=   0 [4]=   0 [5]=   0 [6]=   0 [7]=   0 [8]=   0 [9]=   0 [10]=   0 [11]=   0 
before (DPU 474) [0]=  90 [1]=  84 [2]=  87 [3]=   0 [4]=   0 [5]=   0 [6]=   0 [7]=   0 [8]=   0 [9]=   0 [10]=   0 [11]=   0 
after  (DPU 474) [0]=  90 [1]=  84 [2]=  87 [3]=   0 [4]=   0 [5]=   0 [6]=   0 [7]=   0 [8]=   0 [9]=   0 [10]=   0 [11]=   0 
before (DPU 475) [0]=  78 [1]=  89 [2]=  82 [3]=8080 [4]=   0 [5]=   0 [6]=   0 [7]=   0 [8]=   0 [9]=   0 [10]=   0 [11]=   0 
after  (DPU 475) [0]=  78 [1]=  89 [2]=  82 [3]=8080 [4]=   0 [5]=   0 [6]=   0 [7]=   0 [8]=   0 [9]=   0 [10]=   0 [11]=   0 
before (DPU 476) [0]=  83 [1]=  95 [2]=  67 [3]=  97 [4]=   0 [5]=   0 [6]=   0 [7]=   0 [8]=   0 [9]=   0 [10]=   0 [11]=   0 
after  (DPU 476) [0]=  83 [1]=  95 [2]=  67 [3]=  97 [4]=   0 [5]=   0 [6]=   0 [7]=   0 [8]=   0 [9]=   0 [10]=   0 [11]=   0 
before (DPU 477) [0]=  71 [1]=  94 [2]=  82 [3]=   0 [4]=   0 [5]=   0 [6]=   0 [7]=   0 [8]=   0 [9]=   0 [10]=   0 [11]=   0 
after  (DPU 477) [0]=  71 [1]=  94 [2]=  82 [3]=3819 [4]=   0 [5]=   0 [6]=   0 [7]=   0 [8]=   0 [9]=   0 [10]=   0 [11]=   0 
before (DPU 478) [0]=  58 [1]=  83 [2]=  90 [3]=  75 [4]=   0 [5]=   0 [6]=   0 [7]=   0 [8]=   0 [9]=   0 [10]=   0 [11]=   0 
after  (DPU 478) [0]=  58 [1]=  83 [2]=  90 [3]=  75 [4]=   0 [5]=   0 [6]=   0 [7]=   0 [8]=   0 [9]=   0 [10]=   0 [11]=   0 
before (DPU 479) [0]=  90 [1]=  85 [2]=  92 [3]=   0 [4]=   0 [5]=   0 [6]=   0 [7]=   0 [8]=   0 [9]=   0 [10]=   0 [11]=   0 
after  (DPU 479) [0]=  90 [1]=  85 [2]=  92 [3]=   0 [4]=   0 [5]=   0 [6]=   0 [7]=   0 [8]=   0 [9]=   0 [10]=   0 [11]=   0 
before (DPU 480) [0]=  91 [1]=  80 [2]=  88 [3]=   0 [4]=   0 [5]=   0 [6]=   0 [7]=   0 [8]=   0 [9]=   0 [10]=   0 [11]=   0 
after  (DPU 480) [0]=  91 [1]=  80 [2]=  88 [3]=   0 [4]=   0 [5]=   0 [6]=   0 [7]=   0 [8]=   0 [9]=   0 [10]=   0 [11]=   0 
before (DPU 481) [0]=   0 [1]=   0 [2]=   0 [3]=33036 [4]=   0 [5]=   0 [6]=   0 [7]=   0 [8]=   0 [9]=   0 [10]=   0 [11]=   0 
after  (DPU 481) [0]=   0 [1]=   0 [2]=   0 [3]=33036 [4]=   0 [5]=   0 [6]=   0 [7]=   0 [8]=   0 [9]=   0 [10]=   0 [11]=   0 
before (DPU 482) [0]=  86 [1]=  84 [2]=  87 [3]=   0 [4]=   0 [5]=   0 [6]=   0 [7]=   0 [8]=   0 [9]=   0 [10]=   0 [11]=   0 
after  (DPU 482) [0]=  86 [1]=  84 [2]=  87 [3]=   0 [4]=   0 [5]=   0 [6]=   0 [7]=   0 [8]=   0 [9]=   0 [10]=   0 [11]=   0 
before (DPU 483) [0]=  82 [1]=  95 [2]=  65 [3]=  77 [4]=   0 [5]=   0 [6]=   0 [7]=   0 [8]=   0 [9]=   0 [10]=   0 [11]=   0 
after  (DPU 483) [0]=  82 [1]=  95 [2]=  65 [3]=  77 [4]=   0 [5]=   0 [6]=   0 [7]=   0 [8]=   0 [9]=   0 [10]=   0 [11]=   0 
before (DPU 484) [0]=  92 [1]=  90 [2]=  81 [3]=   0 [4]=   0 [5]=   0 [6]=   0 [7]=   0 [8]=   0 [9]=   0 [10]=   0 [11]=   0 
after  (DPU 484) [0]=  92 [1]=  90 [2]=  81 [3]=   0 [4]=   0 [5]=   0 [6]=   0 [7]=   0 [8]=   0 [9]=   0 [10]=   0 [11]=   0 
before (DPU 485) [0]=  71 [1]=  84 [2]=  93 [3]=  99 [4]=   0 [5]=   0 [6]=   0 [7]=   0 [8]=   0 [9]=   0 [10]=   0 [11]=   0 
after  (DPU 485) [0]=  71 [1]=  84 [2]=  93 [3]=  99 [4]=   0 [5]=   0 [6]=   0 [7]=   0 [8]=   0 [9]=   0 [10]=   0 [11]=   0 
before (DPU 486) [0]=  82 [1]=  78 [2]=  86 [3]=  67 [4]=   0 [5]=   0 [6]=   0 [7]=   0 [8]=   0 [9]=   0 [10]=   0 [11]=   0 
after  (DPU 486) [0]=  82 [1]=  78 [2]=  86 [3]=  67 [4]=   0 [5]=   0 [6]=   0 [7]=   0 [8]=   0 [9]=   0 [10]=   0 [11]=   0 
before (DPU 487) [0]=  79 [1]=  79 [2]=  79 [3]=  83 [4]=   0 [5]=   0 [6]=   0 [7]=   0 [8]=   0 [9]=   0 [10]=   0 [11]=   0 
after  (DPU 487) [0]=  79 [1]=  79 [2]=  79 [3]=  83 [4]=   0 [5]=   0 [6]=   0 [7]=   0 [8]=   0 [9]=   0 [10]=   0 [11]=   0 
before (DPU 488) [0]=  81 [1]=  88 [2]=  72 [3]=   0 [4]=   0 [5]=   0 [6]=   0 [7]=   0 [8]=   0 [9]=   0 [10]=   0 [11]=   0 
after  (DPU 488) [0]=  81 [1]=  88 [2]=  72 [3]=  76 [4]=   0 [5]=   0 [6]=   0 [7]=   0 [8]=   0 [9]=   0 [10]=   0 [11]=   0 
before (DPU 489) [0]=  82 [1]=  84 [2]=  91 [3]=  67 [4]=   0 [5]=   0 [6]=   0 [7]=   0 [8]=   0 [9]=   0 [10]=   0 [11]=   0 
after  (DPU 489) [0]=  82 [1]=  84 [2]=  91 [3]=  67 [4]=   0 [5]=   0 [6]=   0 [7]=   0 [8]=   0 [9]=   0 [10]=   0 [11]=   0 
before (DPU 490) [0]= 101 [1]=  86 [2]=  82 [3]=  84 [4]=   0 [5]=   0 [6]=   0 [7]=   0 [8]=   0 [9]=   0 [10]=   0 [11]=   0 
after  (DPU 490) [0]= 101 [1]=  86 [2]=  82 [3]=  84 [4]=   0 [5]=   0 [6]=   0 [7]=   0 [8]=   0 [9]=   0 [10]=   0 [11]=   0 
before (DPU 491) [0]=  83 [1]=  85 [2]=  78 [3]=10045 [4]=   0 [5]=   0 [6]=   0 [7]=   0 [8]=   0 [9]=   0 [10]=   0 [11]=   0 
after  (DPU 491) [0]=  83 [1]=   0 [2]=  78 [3]=10045 [4]=   0 [5]=   0 [6]=   0 [7]=   0 [8]=   0 [9]=   0 [10]=   0 [11]=   0 
before (DPU 492) [0]=  71 [1]=  68 [2]=  95 [3]=  83 [4]=   0 [5]=   0 [6]=   0 [7]=   0 [8]=   0 [9]=   0 [10]=   0 [11]=   0 
after  (DPU 492) [0]=  71 [1]=  68 [2]=  95 [3]=  83 [4]=   0 [5]=   0 [6]=   0 [7]=   0 [8]=   0 [9]=   0 [10]=   0 [11]=   0 
before (DPU 493) [0]=  75 [1]=  94 [2]=  80 [3]=7677 [4]=   0 [5]=   0 [6]=   0 [7]=   0 [8]=   0 [9]=   0 [10]=   0 [11]=   0 
after  (DPU 493) [0]=  75 [1]=  94 [2]=  80 [3]=7677 [4]=   0 [5]=   0 [6]=   0 [7]=   0 [8]=   0 [9]=   0 [10]=   0 [11]=   0 
before (DPU 494) [0]=  81 [1]=  75 [2]=  81 [3]= 104 [4]=   0 [5]=   0 [6]=   0 [7]=   0 [8]=   0 [9]=   0 [10]=   0 [11]=   0 
after  (DPU 494) [0]=  81 [1]=  75 [2]=  81 [3]= 104 [4]=   0 [5]=   0 [6]=   0 [7]=   0 [8]=   0 [9]=   0 [10]=   0 [11]=   0 
before (DPU 495) [0]=  79 [1]=  94 [2]=  68 [3]=9266 [4]=   0 [5]=   0 [6]=   0 [7]=   0 [8]=   0 [9]=   0 [10]=   0 [11]=   0 
after  (DPU 495) [0]=  79 [1]=  94 [2]=  68 [3]=9266 [4]=   0 [5]=   0 [6]=   0 [7]=   0 [8]=   0 [9]=   0 [10]=   0 [11]=   0 
before (DPU 496) [0]=   0 [1]=  76 [2]=   0 [3]=13735 [4]=   0 [5]=   0 [6]=   0 [7]=   0 [8]=   0 [9]=   0 [10]=   0 [11]=   0 
after  (DPU 496) [0]=   0 [1]=   0 [2]=   0 [3]=13735 [4]=   0 [5]=   0 [6]=   0 [7]=   0 [8]=   0 [9]=   0 [10]=   0 [11]=   0 
before (DPU 497) [0]=  85 [1]=  84 [2]=  96 [3]=  83 [4]=   0 [5]=   0 [6]=   0 [7]=   0 [8]=   0 [9]=   0 [10]=   0 [11]=   0 
after  (DPU 497) [0]=  85 [1]=  84 [2]=  96 [3]=  83 [4]=   0 [5]=   0 [6]=   0 [7]=   0 [8]=   0 [9]=   0 [10]=   0 [11]=   0 
before (DPU 498) [0]=  75 [1]=  69 [2]= 100 [3]=  80 [4]=   0 [5]=   0 [6]=   0 [7]=   0 [8]=   0 [9]=   0 [10]=   0 [11]=   0 
after  (DPU 498) [0]=  75 [1]=  69 [2]= 100 [3]=  80 [4]=   0 [5]=   0 [6]=   0 [7]=   0 [8]=   0 [9]=   0 [10]=   0 [11]=   0 
before (DPU 499) [0]=   0 [1]=   0 [2]=   0 [3]=48411 [4]=   0 [5]=   0 [6]=   0 [7]=   0 [8]=   0 [9]=   0 [10]=   0 [11]=   0 
after  (DPU 499) [0]=   0 [1]=   0 [2]=   0 [3]=48411 [4]=   0 [5]=   0 [6]=   0 [7]=   0 [8]=   0 [9]=   0 [10]=   0 [11]=   0 
key_index after (DPU 0) [0]=   0 [1]=71803 [2]=71803 [3]=71803 [4]=71803 [5]=71803 [6]=71803 [7]=71803 [8]=71803 [9]=71803 [10]=71803 [11]=71803 [12]=71803 
key_index after (DPU 1) [0]=   0 [1]=25974 [2]=25974 [3]=25974 [4]=25974 [5]=25974 [6]=25974 [7]=25974 [8]=25974 [9]=25974 [10]=25974 [11]=25974 [12]=25974 
key_index after (DPU 2) [0]=   0 [1]=15829 [2]=15829 [3]=15829 [4]=15829 [5]=15829 [6]=15829 [7]=15829 [8]=15829 [9]=15829 [10]=15829 [11]=15829 [12]=15829 
key_index after (DPU 3) [0]=   0 [1]=11275 [2]=11275 [3]=11275 [4]=11275 [5]=11275 [6]=11275 [7]=11275 [8]=11275 [9]=11275 [10]=11275 [11]=11275 [12]=11275 
key_index after (DPU 4) [0]=   0 [1]=8704 [2]=8704 [3]=8704 [4]=8704 [5]=8704 [6]=8704 [7]=8704 [8]=8704 [9]=8704 [10]=8704 [11]=8704 [12]=8704 
key_index after (DPU 5) [0]=   0 [1]=7042 [2]=7042 [3]=7042 [4]=7042 [5]=7042 [6]=7042 [7]=7042 [8]=7042 [9]=7042 [10]=7042 [11]=7042 [12]=7042 
key_index after (DPU 6) [0]=   0 [1]=6087 [2]=6087 [3]=6087 [4]=6087 [5]=6087 [6]=6087 [7]=6087 [8]=6087 [9]=6087 [10]=6087 [11]=6087 [12]=6087 
key_index after (DPU 7) [0]=   0 [1]=5182 [2]=10115 [3]=10115 [4]=10115 [5]=10115 [6]=10115 [7]=10115 [8]=10115 [9]=10115 [10]=10115 [11]=10115 [12]=10115 
key_index after (DPU 8) [0]=   0 [1]=4630 [2]=9049 [3]=9049 [4]=9049 [5]=9049 [6]=9049 [7]=9049 [8]=9049 [9]=9049 [10]=9049 [11]=9049 [12]=9049 
key_index after (DPU 9) [0]=   0 [1]=4206 [2]=8357 [3]=8357 [4]=8357 [5]=8357 [6]=8357 [7]=8357 [8]=8357 [9]=8357 [10]=8357 [11]=8357 [12]=8357 
key_index after (DPU 10) [0]=   0 [1]=3641 [2]=7356 [3]=7356 [4]=7356 [5]=7356 [6]=7356 [7]=7356 [8]=7356 [9]=7356 [10]=7356 [11]=7356 [12]=7356 
key_index after (DPU 11) [0]=   0 [1]=3404 [2]=6875 [3]=6875 [4]=6875 [5]=6875 [6]=6875 [7]=6875 [8]=6875 [9]=6875 [10]=6875 [11]=6875 [12]=6875 
key_index after (DPU 12) [0]=3273 [1]=6381 [2]=9387 [3]=9387 [4]=9387 [5]=9387 [6]=9387 [7]=9387 [8]=9387 [9]=9387 [10]=9387 [11]=9387 [12]=9387 
key_index after (DPU 13) [0]=3020 [1]=5996 [2]=8776 [3]=8776 [4]=8776 [5]=8776 [6]=8776 [7]=8776 [8]=8776 [9]=8776 [10]=8776 [11]=8776 [12]=8776 
key_index after (DPU 14) [0]=2827 [1]=5658 [2]=8374 [3]=8374 [4]=8374 [5]=8374 [6]=8374 [7]=8374 [8]=8374 [9]=8374 [10]=8374 [11]=8374 [12]=8374 
key_index after (DPU 15) [0]=2580 [1]=5156 [2]=7672 [3]=7672 [4]=7672 [5]=7672 [6]=7672 [7]=7672 [8]=7672 [9]=7672 [10]=7672 [11]=7672 [12]=7672 
key_index after (DPU 16) [0]=2408 [1]=4827 [2]=7213 [3]=7213 [4]=7213 [5]=7213 [6]=7213 [7]=7213 [8]=7213 [9]=7213 [10]=7213 [11]=7213 [12]=7213 
key_index after (DPU 17) [0]=2245 [1]=4536 [2]=6743 [3]=6743 [4]=6743 [5]=6743 [6]=6743 [7]=6743 [8]=6743 [9]=6743 [10]=6743 [11]=6743 [12]=6743 
key_index after (DPU 18) [0]=2174 [1]=4361 [2]=6439 [3]=6439 [4]=6439 [5]=6439 [6]=6439 [7]=6439 [8]=6439 [9]=6439 [10]=6439 [11]=6439 [12]=6439 
key_index after (DPU 19) [0]=1952 [1]=3900 [2]=5933 [3]=5933 [4]=5933 [5]=5933 [6]=5933 [7]=5933 [8]=5933 [9]=5933 [10]=5933 [11]=5933 [12]=5933 
key_index after (DPU 20) [0]=1993 [1]=3967 [2]=5873 [3]=5873 [4]=5873 [5]=5873 [6]=5873 [7]=5873 [8]=5873 [9]=5873 [10]=5873 [11]=5873 [12]=5873 
key_index after (DPU 21) [0]=1856 [1]=3727 [2]=5525 [3]=5525 [4]=5525 [5]=5525 [6]=5525 [7]=5525 [8]=5525 [9]=5525 [10]=5525 [11]=5525 [12]=5525 
key_index after (DPU 22) [0]=1722 [1]=3455 [2]=5156 [3]=5156 [4]=5156 [5]=5156 [6]=5156 [7]=5156 [8]=5156 [9]=5156 [10]=5156 [11]=5156 [12]=5156 
key_index after (DPU 23) [0]=1697 [1]=3349 [2]=5006 [3]=5006 [4]=5006 [5]=5006 [6]=5006 [7]=5006 [8]=5006 [9]=5006 [10]=5006 [11]=5006 [12]=5006 
key_index after (DPU 24) [0]=1702 [1]=3317 [2]=4823 [3]=4823 [4]=4823 [5]=4823 [6]=4823 [7]=4823 [8]=4823 [9]=4823 [10]=4823 [11]=4823 [12]=4823 
key_index after (DPU 25) [0]=1585 [1]=3189 [2]=4741 [3]=4741 [4]=4741 [5]=4741 [6]=4741 [7]=4741 [8]=4741 [9]=4741 [10]=4741 [11]=4741 [12]=4741 
key_index after (DPU 26) [0]=1536 [1]=3006 [2]=4527 [3]=4527 [4]=4527 [5]=4527 [6]=4527 [7]=4527 [8]=4527 [9]=4527 [10]=4527 [11]=4527 [12]=4527 
key_index after (DPU 27) [0]=1429 [1]=2853 [2]=4289 [3]=4289 [4]=4289 [5]=4289 [6]=4289 [7]=4289 [8]=4289 [9]=4289 [10]=4289 [11]=4289 [12]=4289 
key_index after (DPU 28) [0]=1387 [1]=2730 [2]=4112 [3]=4112 [4]=4112 [5]=4112 [6]=4112 [7]=4112 [8]=4112 [9]=4112 [10]=4112 [11]=4112 [12]=4112 
key_index after (DPU 29) [0]=1428 [1]=2788 [2]=4097 [3]=4097 [4]=4097 [5]=4097 [6]=4097 [7]=4097 [8]=4097 [9]=4097 [10]=4097 [11]=4097 [12]=4097 
key_index after (DPU 30) [0]=1336 [1]=2631 [2]=3930 [3]=3930 [4]=3930 [5]=3930 [6]=3930 [7]=3930 [8]=3930 [9]=3930 [10]=3930 [11]=3930 [12]=3930 
key_index after (DPU 31) [0]=1264 [1]=2533 [2]=3766 [3]=3766 [4]=3766 [5]=3766 [6]=3766 [7]=3766 [8]=3766 [9]=3766 [10]=3766 [11]=3766 [12]=3766 
key_index after (DPU 32) [0]=1253 [1]=2493 [2]=3729 [3]=3729 [4]=3729 [5]=3729 [6]=3729 [7]=3729 [8]=3729 [9]=3729 [10]=3729 [11]=3729 [12]=3729 
key_index after (DPU 33) [0]=1221 [1]=2469 [2]=3670 [3]=3670 [4]=3670 [5]=3670 [6]=3670 [7]=3670 [8]=3670 [9]=3670 [10]=3670 [11]=3670 [12]=3670 
key_index after (DPU 34) [0]=1140 [1]=2345 [2]=3491 [3]=3491 [4]=3491 [5]=3491 [6]=3491 [7]=3491 [8]=3491 [9]=3491 [10]=3491 [11]=3491 [12]=3491 
key_index after (DPU 35) [0]=1108 [1]=2199 [2]=3280 [3]=3280 [4]=3280 [5]=3280 [6]=3280 [7]=3280 [8]=3280 [9]=3280 [10]=3280 [11]=3280 [12]=3280 
key_index after (DPU 36) [0]=1018 [1]=2144 [2]=3174 [3]=3174 [4]=3174 [5]=3174 [6]=3174 [7]=3174 [8]=3174 [9]=3174 [10]=3174 [11]=3174 [12]=3174 
key_index after (DPU 37) [0]=1029 [1]=2141 [2]=3263 [3]=3263 [4]=3263 [5]=3263 [6]=3263 [7]=3263 [8]=3263 [9]=3263 [10]=3263 [11]=3263 [12]=3263 
key_index after (DPU 38) [0]=1017 [1]=2043 [2]=3041 [3]=3041 [4]=3041 [5]=3041 [6]=3041 [7]=3041 [8]=3041 [9]=3041 [10]=3041 [11]=3041 [12]=3041 
key_index after (DPU 39) [0]=1062 [1]=2108 [2]=3085 [3]=3085 [4]=3085 [5]=3085 [6]=3085 [7]=3085 [8]=3085 [9]=3085 [10]=3085 [11]=3085 [12]=3085 
key_index after (DPU 40) [0]=1003 [1]=1986 [2]=2924 [3]=2924 [4]=2924 [5]=2924 [6]=2924 [7]=2924 [8]=2924 [9]=2924 [10]=2924 [11]=2924 [12]=2924 
key_index after (DPU 41) [0]= 994 [1]=1929 [2]=2889 [3]=2889 [4]=2889 [5]=2889 [6]=2889 [7]=2889 [8]=2889 [9]=2889 [10]=2889 [11]=2889 [12]=2889 
key_index after (DPU 42) [0]= 893 [1]=1789 [2]=2719 [3]=2719 [4]=2719 [5]=2719 [6]=2719 [7]=2719 [8]=2719 [9]=2719 [10]=2719 [11]=2719 [12]=2719 
key_index after (DPU 43) [0]= 865 [1]=1818 [2]=2643 [3]=2643 [4]=2643 [5]=2643 [6]=2643 [7]=2643 [8]=2643 [9]=2643 [10]=2643 [11]=2643 [12]=2643 
key_index after (DPU 44) [0]= 953 [1]=1913 [2]=2813 [3]=2813 [4]=2813 [5]=2813 [6]=2813 [7]=2813 [8]=2813 [9]=2813 [10]=2813 [11]=2813 [12]=2813 
key_index after (DPU 45) [0]= 893 [1]=1766 [2]=2621 [3]=2621 [4]=2621 [5]=2621 [6]=2621 [7]=2621 [8]=2621 [9]=2621 [10]=2621 [11]=2621 [12]=2621 
key_index after (DPU 46) [0]= 873 [1]=1705 [2]=2558 [3]=2558 [4]=2558 [5]=2558 [6]=2558 [7]=2558 [8]=2558 [9]=2558 [10]=2558 [11]=2558 [12]=2558 
key_index after (DPU 47) [0]= 833 [1]=1626 [2]=2444 [3]=2444 [4]=2444 [5]=2444 [6]=2444 [7]=2444 [8]=2444 [9]=2444 [10]=2444 [11]=2444 [12]=2444 
key_index after (DPU 48) [0]= 812 [1]=1615 [2]=2478 [3]=2478 [4]=2478 [5]=2478 [6]=2478 [7]=2478 [8]=2478 [9]=2478 [10]=2478 [11]=2478 [12]=2478 
key_index after (DPU 49) [0]= 835 [1]=1694 [2]=2451 [3]=2451 [4]=2451 [5]=2451 [6]=2451 [7]=2451 [8]=2451 [9]=2451 [10]=2451 [11]=2451 [12]=2451 
key_index after (DPU 50) [0]= 742 [1]=1539 [2]=2370 [3]=2370 [4]=2370 [5]=2370 [6]=2370 [7]=2370 [8]=2370 [9]=2370 [10]=2370 [11]=2370 [12]=2370 
key_index after (DPU 51) [0]= 766 [1]=1538 [2]=2319 [3]=2319 [4]=2319 [5]=2319 [6]=2319 [7]=2319 [8]=2319 [9]=2319 [10]=2319 [11]=2319 [12]=2319 
key_index after (DPU 52) [0]= 759 [1]=1515 [2]=2224 [3]=2224 [4]=2224 [5]=2224 [6]=2224 [7]=2224 [8]=2224 [9]=2224 [10]=2224 [11]=2224 [12]=2224 
key_index after (DPU 53) [0]= 744 [1]=1491 [2]=2250 [3]=2250 [4]=2250 [5]=2250 [6]=2250 [7]=2250 [8]=2250 [9]=2250 [10]=2250 [11]=2250 [12]=2250 
key_index after (DPU 54) [0]= 787 [1]=1528 [2]=2268 [3]=2268 [4]=2268 [5]=2268 [6]=2268 [7]=2268 [8]=2268 [9]=2268 [10]=2268 [11]=2268 [12]=2268 
key_index after (DPU 55) [0]= 705 [1]=1451 [2]=2194 [3]=2194 [4]=2194 [5]=2194 [6]=2194 [7]=2194 [8]=2194 [9]=2194 [10]=2194 [11]=2194 [12]=2194 
key_index after (DPU 56) [0]= 742 [1]=1430 [2]=2117 [3]=2117 [4]=2117 [5]=2117 [6]=2117 [7]=2117 [8]=2117 [9]=2117 [10]=2117 [11]=2117 [12]=2117 
key_index after (DPU 57) [0]= 757 [1]=1477 [2]=2197 [3]=2197 [4]=2197 [5]=2197 [6]=2197 [7]=2197 [8]=2197 [9]=2197 [10]=2197 [11]=2197 [12]=2197 
key_index after (DPU 58) [0]= 687 [1]=1344 [2]=1983 [3]=1983 [4]=1983 [5]=1983 [6]=1983 [7]=1983 [8]=1983 [9]=1983 [10]=1983 [11]=1983 [12]=1983 
key_index after (DPU 59) [0]= 673 [1]=1362 [2]=1984 [3]=1984 [4]=1984 [5]=1984 [6]=1984 [7]=1984 [8]=1984 [9]=1984 [10]=1984 [11]=1984 [12]=1984 
key_index after (DPU 60) [0]= 610 [1]=1294 [2]=1977 [3]=1977 [4]=1977 [5]=1977 [6]=1977 [7]=1977 [8]=1977 [9]=1977 [10]=1977 [11]=1977 [12]=1977 
key_index after (DPU 61) [0]= 642 [1]=1303 [2]=1936 [3]=1936 [4]=1936 [5]=1936 [6]=1936 [7]=1936 [8]=1936 [9]=1936 [10]=1936 [11]=1936 [12]=1936 
key_index after (DPU 62) [0]= 655 [1]=1332 [2]=1931 [3]=1931 [4]=1931 [5]=1931 [6]=1931 [7]=1931 [8]=1931 [9]=1931 [10]=1931 [11]=1931 [12]=1931 
key_index after (DPU 63) [0]= 669 [1]=1342 [2]=1970 [3]=1970 [4]=1970 [5]=1970 [6]=1970 [7]=1970 [8]=1970 [9]=1970 [10]=1970 [11]=1970 [12]=1970 
key_index after (DPU 64) [0]= 703 [1]=1300 [2]=1917 [3]=1917 [4]=1917 [5]=1917 [6]=1917 [7]=1917 [8]=1917 [9]=1917 [10]=1917 [11]=1917 [12]=1917 
key_index after (DPU 65) [0]= 583 [1]=1203 [2]=1789 [3]=1789 [4]=1789 [5]=1789 [6]=1789 [7]=1789 [8]=1789 [9]=1789 [10]=1789 [11]=1789 [12]=1789 
key_index after (DPU 66) [0]= 611 [1]=1220 [2]=1774 [3]=1774 [4]=1774 [5]=1774 [6]=1774 [7]=1774 [8]=1774 [9]=1774 [10]=1774 [11]=1774 [12]=1774 
key_index after (DPU 67) [0]= 609 [1]=1198 [2]=1805 [3]=1805 [4]=1805 [5]=1805 [6]=1805 [7]=1805 [8]=1805 [9]=1805 [10]=1805 [11]=1805 [12]=1805 
key_index after (DPU 68) [0]= 618 [1]=1241 [2]=1770 [3]=1770 [4]=1770 [5]=1770 [6]=1770 [7]=1770 [8]=1770 [9]=1770 [10]=1770 [11]=1770 [12]=1770 
key_index after (DPU 69) [0]= 593 [1]=1188 [2]=1759 [3]=1759 [4]=1759 [5]=1759 [6]=1759 [7]=1759 [8]=1759 [9]=1759 [10]=1759 [11]=1759 [12]=1759 
key_index after (DPU 70) [0]= 566 [1]=1123 [2]=1686 [3]=1686 [4]=1686 [5]=1686 [6]=1686 [7]=1686 [8]=1686 [9]=1686 [10]=1686 [11]=1686 [12]=1686 
key_index after (DPU 71) [0]= 589 [1]=1119 [2]=1667 [3]=1667 [4]=1667 [5]=1667 [6]=1667 [7]=1667 [8]=1667 [9]=1667 [10]=1667 [11]=1667 [12]=1667 
key_index after (DPU 72) [0]= 547 [1]=1073 [2]=1622 [3]=1622 [4]=1622 [5]=1622 [6]=1622 [7]=1622 [8]=1622 [9]=1622 [10]=1622 [11]=1622 [12]=1622 
key_index after (DPU 73) [0]= 560 [1]=1119 [2]=1658 [3]=1658 [4]=1658 [5]=1658 [6]=1658 [7]=1658 [8]=1658 [9]=1658 [10]=1658 [11]=1658 [12]=1658 
key_index after (DPU 74) [0]= 536 [1]=1106 [2]=1622 [3]=1622 [4]=1622 [5]=1622 [6]=1622 [7]=1622 [8]=1622 [9]=1622 [10]=1622 [11]=1622 [12]=1622 
key_index after (DPU 75) [0]= 538 [1]=1088 [2]=1633 [3]=1633 [4]=1633 [5]=1633 [6]=1633 [7]=1633 [8]=1633 [9]=1633 [10]=1633 [11]=1633 [12]=1633 
key_index after (DPU 76) [0]= 559 [1]=1082 [2]=1539 [3]=1539 [4]=1539 [5]=1539 [6]=1539 [7]=1539 [8]=1539 [9]=1539 [10]=1539 [11]=1539 [12]=1539 
key_index after (DPU 77) [0]= 514 [1]=1014 [2]=1541 [3]=1541 [4]=1541 [5]=1541 [6]=1541 [7]=1541 [8]=1541 [9]=1541 [10]=1541 [11]=1541 [12]=1541 
key_index after (DPU 78) [0]= 539 [1]=1071 [2]=1566 [3]=1566 [4]=1566 [5]=1566 [6]=1566 [7]=1566 [8]=1566 [9]=1566 [10]=1566 [11]=1566 [12]=1566 
key_index after (DPU 79) [0]= 519 [1]=1009 [2]=1507 [3]=1507 [4]=1507 [5]=1507 [6]=1507 [7]=1507 [8]=1507 [9]=1507 [10]=1507 [11]=1507 [12]=1507 
key_index after (DPU 80) [0]= 506 [1]=1065 [2]=1560 [3]=1560 [4]=1560 [5]=1560 [6]=1560 [7]=1560 [8]=1560 [9]=1560 [10]=1560 [11]=1560 [12]=1560 
key_index after (DPU 81) [0]= 502 [1]=1013 [2]=1509 [3]=1509 [4]=1509 [5]=1509 [6]=1509 [7]=1509 [8]=1509 [9]=1509 [10]=1509 [11]=1509 [12]=1509 
key_index after (DPU 82) [0]= 504 [1]= 956 [2]=1432 [3]=1432 [4]=1432 [5]=1432 [6]=1432 [7]=1432 [8]=1432 [9]=1432 [10]=1432 [11]=1432 [12]=1432 
key_index after (DPU 83) [0]= 479 [1]= 944 [2]=1418 [3]=1418 [4]=1418 [5]=1418 [6]=1418 [7]=1418 [8]=1418 [9]=1418 [10]=1418 [11]=1418 [12]=1418 
key_index after (DPU 84) [0]= 483 [1]= 949 [2]=1438 [3]=1438 [4]=1438 [5]=1438 [6]=1438 [7]=1438 [8]=1438 [9]=1438 [10]=1438 [11]=1438 [12]=1438 
key_index after (DPU 85) [0]= 429 [1]= 904 [2]=1351 [3]=1351 [4]=1351 [5]=1351 [6]=1351 [7]=1351 [8]=1351 [9]=1351 [10]=1351 [11]=1351 [12]=1351 
key_index after (DPU 86) [0]= 468 [1]= 967 [2]=1481 [3]=1481 [4]=1481 [5]=1481 [6]=1481 [7]=1481 [8]=1481 [9]=1481 [10]=1481 [11]=1481 [12]=1481 
key_index after (DPU 87) [0]= 501 [1]= 954 [2]=1408 [3]=1408 [4]=1408 [5]=1408 [6]=1408 [7]=1408 [8]=1408 [9]=1408 [10]=1408 [11]=1408 [12]=1408 
key_index after (DPU 88) [0]= 458 [1]= 915 [2]=1377 [3]=1377 [4]=1377 [5]=1377 [6]=1377 [7]=1377 [8]=1377 [9]=1377 [10]=1377 [11]=1377 [12]=1377 
key_index after (DPU 89) [0]= 441 [1]= 887 [2]=1360 [3]=1360 [4]=1360 [5]=1360 [6]=1360 [7]=1360 [8]=1360 [9]=1360 [10]=1360 [11]=1360 [12]=1360 
key_index after (DPU 90) [0]= 418 [1]= 885 [2]=1324 [3]=1324 [4]=1324 [5]=1324 [6]=1324 [7]=1324 [8]=1324 [9]=1324 [10]=1324 [11]=1324 [12]=1324 
key_index after (DPU 91) [0]= 463 [1]= 904 [2]=1346 [3]=1346 [4]=1346 [5]=1346 [6]=1346 [7]=1346 [8]=1346 [9]=1346 [10]=1346 [11]=1346 [12]=1346 
key_index after (DPU 92) [0]= 430 [1]= 826 [2]=1275 [3]=1275 [4]=1275 [5]=1275 [6]=1275 [7]=1275 [8]=1275 [9]=1275 [10]=1275 [11]=1275 [12]=1275 
key_index after (DPU 93) [0]= 429 [1]= 893 [2]=1329 [3]=1329 [4]=1329 [5]=1329 [6]=1329 [7]=1329 [8]=1329 [9]=1329 [10]=1329 [11]=1329 [12]=1329 
key_index after (DPU 94) [0]= 467 [1]= 884 [2]=1289 [3]=1289 [4]=1289 [5]=1289 [6]=1289 [7]=1289 [8]=1289 [9]=1289 [10]=1289 [11]=1289 [12]=1289 
key_index after (DPU 95) [0]= 446 [1]= 842 [2]=1234 [3]=1234 [4]=1234 [5]=1234 [6]=1234 [7]=1234 [8]=1234 [9]=1234 [10]=1234 [11]=1234 [12]=1234 
key_index after (DPU 96) [0]= 426 [1]= 847 [2]=1282 [3]=1282 [4]=1282 [5]=1282 [6]=1282 [7]=1282 [8]=1282 [9]=1282 [10]=1282 [11]=1282 [12]=1282 
key_index after (DPU 97) [0]= 431 [1]= 798 [2]=1218 [3]=1218 [4]=1218 [5]=1218 [6]=1218 [7]=1218 [8]=1218 [9]=1218 [10]=1218 [11]=1218 [12]=1218 
key_index after (DPU 98) [0]= 388 [1]= 829 [2]=1226 [3]=1226 [4]=1226 [5]=1226 [6]=1226 [7]=1226 [8]=1226 [9]=1226 [10]=1226 [11]=1226 [12]=1226 
key_index after (DPU 99) [0]= 398 [1]= 820 [2]=1202 [3]=1202 [4]=1202 [5]=1202 [6]=1202 [7]=1202 [8]=1202 [9]=1202 [10]=1202 [11]=1202 [12]=1202 
key_index after (DPU 100) [0]= 409 [1]= 832 [2]=1244 [3]=1244 [4]=1244 [5]=1244 [6]=1244 [7]=1244 [8]=1244 [9]=1244 [10]=1244 [11]=1244 [12]=1244 
key_index after (DPU 101) [0]= 428 [1]= 840 [2]=1271 [3]=1271 [4]=1271 [5]=1271 [6]=1271 [7]=1271 [8]=1271 [9]=1271 [10]=1271 [11]=1271 [12]=1271 
key_index after (DPU 102) [0]= 391 [1]= 788 [2]=1200 [3]=1200 [4]=1200 [5]=1200 [6]=1200 [7]=1200 [8]=1200 [9]=1200 [10]=1200 [11]=1200 [12]=1200 
key_index after (DPU 103) [0]= 402 [1]= 753 [2]=1133 [3]=1133 [4]=1133 [5]=1133 [6]=1133 [7]=1133 [8]=1133 [9]=1133 [10]=1133 [11]=1133 [12]=1133 
key_index after (DPU 104) [0]= 402 [1]= 816 [2]=1218 [3]=1218 [4]=1218 [5]=1218 [6]=1218 [7]=1218 [8]=1218 [9]=1218 [10]=1218 [11]=1218 [12]=1218 
key_index after (DPU 105) [0]= 427 [1]= 825 [2]=1208 [3]=1208 [4]=1208 [5]=1208 [6]=1208 [7]=1208 [8]=1208 [9]=1208 [10]=1208 [11]=1208 [12]=1208 
key_index after (DPU 106) [0]= 402 [1]= 778 [2]=1158 [3]=1158 [4]=1158 [5]=1158 [6]=1158 [7]=1158 [8]=1158 [9]=1158 [10]=1158 [11]=1158 [12]=1158 
key_index after (DPU 107) [0]= 367 [1]= 773 [2]=1119 [3]=1119 [4]=1119 [5]=1119 [6]=1119 [7]=1119 [8]=1119 [9]=1119 [10]=1119 [11]=1119 [12]=1119 
key_index after (DPU 108) [0]= 377 [1]= 732 [2]=1101 [3]=1101 [4]=1101 [5]=1101 [6]=1101 [7]=1101 [8]=1101 [9]=1101 [10]=1101 [11]=1101 [12]=1101 
key_index after (DPU 109) [0]= 365 [1]= 763 [2]=1122 [3]=1122 [4]=1122 [5]=1122 [6]=1122 [7]=1122 [8]=1122 [9]=1122 [10]=1122 [11]=1122 [12]=1122 
key_index after (DPU 110) [0]= 348 [1]= 687 [2]=1046 [3]=1046 [4]=1046 [5]=1046 [6]=1046 [7]=1046 [8]=1046 [9]=1046 [10]=1046 [11]=1046 [12]=1046 
key_index after (DPU 111) [0]= 355 [1]= 727 [2]=1108 [3]=1108 [4]=1108 [5]=1108 [6]=1108 [7]=1108 [8]=1108 [9]=1108 [10]=1108 [11]=1108 [12]=1108 
key_index after (DPU 112) [0]= 375 [1]= 746 [2]=1132 [3]=1132 [4]=1132 [5]=1132 [6]=1132 [7]=1132 [8]=1132 [9]=1132 [10]=1132 [11]=1132 [12]=1132 
key_index after (DPU 113) [0]= 347 [1]= 703 [2]=1030 [3]=1030 [4]=1030 [5]=1030 [6]=1030 [7]=1030 [8]=1030 [9]=1030 [10]=1030 [11]=1030 [12]=1030 
key_index after (DPU 114) [0]= 337 [1]= 682 [2]=1031 [3]=1031 [4]=1031 [5]=1031 [6]=1031 [7]=1031 [8]=1031 [9]=1031 [10]=1031 [11]=1031 [12]=1031 
key_index after (DPU 115) [0]= 356 [1]= 661 [2]=1025 [3]=1025 [4]=1025 [5]=1025 [6]=1025 [7]=1025 [8]=1025 [9]=1025 [10]=1025 [11]=1025 [12]=1025 
key_index after (DPU 116) [0]= 335 [1]= 689 [2]=1016 [3]=1016 [4]=1016 [5]=1016 [6]=1016 [7]=1016 [8]=1016 [9]=1016 [10]=1016 [11]=1016 [12]=1016 
key_index after (DPU 117) [0]= 330 [1]= 671 [2]=1019 [3]=1019 [4]=1019 [5]=1019 [6]=1019 [7]=1019 [8]=1019 [9]=1019 [10]=1019 [11]=1019 [12]=1019 
key_index after (DPU 118) [0]= 372 [1]= 739 [2]=1089 [3]=1089 [4]=1089 [5]=1089 [6]=1089 [7]=1089 [8]=1089 [9]=1089 [10]=1089 [11]=1089 [12]=1089 
key_index after (DPU 119) [0]= 348 [1]= 682 [2]=1024 [3]=1024 [4]=1024 [5]=1024 [6]=1024 [7]=1024 [8]=1024 [9]=1024 [10]=1024 [11]=1024 [12]=1024 
key_index after (DPU 120) [0]= 348 [1]= 635 [2]= 974 [3]= 974 [4]= 974 [5]= 974 [6]= 974 [7]= 974 [8]= 974 [9]= 974 [10]= 974 [11]= 974 [12]= 974 
key_index after (DPU 121) [0]= 313 [1]= 651 [2]=1005 [3]=1005 [4]=1005 [5]=1005 [6]=1005 [7]=1005 [8]=1005 [9]=1005 [10]=1005 [11]=1005 [12]=1005 
key_index after (DPU 122) [0]= 351 [1]= 693 [2]=1041 [3]=1041 [4]=1041 [5]=1041 [6]=1041 [7]=1041 [8]=1041 [9]=1041 [10]=1041 [11]=1041 [12]=1041 
key_index after (DPU 123) [0]= 314 [1]= 655 [2]= 980 [3]= 980 [4]= 980 [5]= 980 [6]= 980 [7]= 980 [8]= 980 [9]= 980 [10]= 980 [11]= 980 [12]= 980 
key_index after (DPU 124) [0]= 329 [1]= 633 [2]= 942 [3]= 942 [4]= 942 [5]= 942 [6]= 942 [7]= 942 [8]= 942 [9]= 942 [10]= 942 [11]= 942 [12]= 942 
key_index after (DPU 125) [0]= 306 [1]= 662 [2]= 996 [3]= 996 [4]= 996 [5]= 996 [6]= 996 [7]= 996 [8]= 996 [9]= 996 [10]= 996 [11]= 996 [12]= 996 
key_index after (DPU 126) [0]= 333 [1]= 684 [2]=1007 [3]=1007 [4]=1007 [5]=1007 [6]=1007 [7]=1007 [8]=1007 [9]=1007 [10]=1007 [11]=1007 [12]=1007 
key_index after (DPU 127) [0]= 328 [1]= 625 [2]= 899 [3]= 899 [4]= 899 [5]= 899 [6]= 899 [7]= 899 [8]= 899 [9]= 899 [10]= 899 [11]= 899 [12]= 899 
key_index after (DPU 128) [0]= 334 [1]= 632 [2]= 938 [3]= 938 [4]= 938 [5]= 938 [6]= 938 [7]= 938 [8]= 938 [9]= 938 [10]= 938 [11]= 938 [12]= 938 
key_index after (DPU 129) [0]= 328 [1]= 682 [2]= 993 [3]= 993 [4]= 993 [5]= 993 [6]= 993 [7]= 993 [8]= 993 [9]= 993 [10]= 993 [11]= 993 [12]= 993 
key_index after (DPU 130) [0]= 328 [1]= 634 [2]= 934 [3]= 934 [4]= 934 [5]= 934 [6]= 934 [7]= 934 [8]= 934 [9]= 934 [10]= 934 [11]= 934 [12]= 934 
key_index after (DPU 131) [0]= 328 [1]= 632 [2]= 912 [3]= 912 [4]= 912 [5]= 912 [6]= 912 [7]= 912 [8]= 912 [9]= 912 [10]= 912 [11]= 912 [12]= 912 
key_index after (DPU 132) [0]= 283 [1]= 586 [2]= 890 [3]= 890 [4]= 890 [5]= 890 [6]= 890 [7]= 890 [8]= 890 [9]= 890 [10]= 890 [11]= 890 [12]= 890 
key_index after (DPU 133) [0]= 300 [1]= 595 [2]= 925 [3]= 925 [4]= 925 [5]= 925 [6]= 925 [7]= 925 [8]= 925 [9]= 925 [10]= 925 [11]= 925 [12]= 925 
key_index after (DPU 134) [0]= 271 [1]= 571 [2]= 875 [3]= 875 [4]= 875 [5]= 875 [6]= 875 [7]= 875 [8]= 875 [9]= 875 [10]= 875 [11]= 875 [12]= 875 
key_index after (DPU 135) [0]= 289 [1]= 620 [2]= 941 [3]= 941 [4]= 941 [5]= 941 [6]= 941 [7]= 941 [8]= 941 [9]= 941 [10]= 941 [11]= 941 [12]= 941 
key_index after (DPU 136) [0]= 295 [1]= 613 [2]= 875 [3]= 875 [4]= 875 [5]= 875 [6]= 875 [7]= 875 [8]= 875 [9]= 875 [10]= 875 [11]= 875 [12]= 875 
key_index after (DPU 137) [0]= 300 [1]= 584 [2]= 888 [3]= 888 [4]= 888 [5]= 888 [6]= 888 [7]= 888 [8]= 888 [9]= 888 [10]= 888 [11]= 888 [12]= 888 
key_index after (DPU 138) [0]= 311 [1]= 581 [2]= 889 [3]= 889 [4]= 889 [5]= 889 [6]= 889 [7]= 889 [8]= 889 [9]= 889 [10]= 889 [11]= 889 [12]= 889 
key_index after (DPU 139) [0]= 255 [1]= 545 [2]= 839 [3]= 839 [4]= 839 [5]= 839 [6]= 839 [7]= 839 [8]= 839 [9]= 839 [10]= 839 [11]= 839 [12]= 839 
key_index after (DPU 140) [0]= 284 [1]= 597 [2]= 895 [3]= 895 [4]= 895 [5]= 895 [6]= 895 [7]= 895 [8]= 895 [9]= 895 [10]= 895 [11]= 895 [12]= 895 
key_index after (DPU 141) [0]= 296 [1]= 600 [2]= 879 [3]= 879 [4]= 879 [5]= 879 [6]= 879 [7]= 879 [8]= 879 [9]= 879 [10]= 879 [11]= 879 [12]= 879 
key_index after (DPU 142) [0]= 270 [1]= 552 [2]= 830 [3]= 830 [4]= 830 [5]= 830 [6]= 830 [7]= 830 [8]= 830 [9]= 830 [10]= 830 [11]= 830 [12]= 830 
key_index after (DPU 143) [0]= 266 [1]= 534 [2]= 836 [3]= 836 [4]= 836 [5]= 836 [6]= 836 [7]= 836 [8]= 836 [9]= 836 [10]= 836 [11]= 836 [12]= 836 
key_index after (DPU 144) [0]= 269 [1]= 535 [2]= 819 [3]= 819 [4]= 819 [5]= 819 [6]= 819 [7]= 819 [8]= 819 [9]= 819 [10]= 819 [11]= 819 [12]= 819 
key_index after (DPU 145) [0]= 270 [1]= 560 [2]= 802 [3]= 802 [4]= 802 [5]= 802 [6]= 802 [7]= 802 [8]= 802 [9]= 802 [10]= 802 [11]= 802 [12]= 802 
key_index after (DPU 146) [0]= 286 [1]= 562 [2]= 844 [3]= 844 [4]= 844 [5]= 844 [6]= 844 [7]= 844 [8]= 844 [9]= 844 [10]= 844 [11]= 844 [12]= 844 
key_index after (DPU 147) [0]= 268 [1]= 534 [2]= 790 [3]= 790 [4]= 790 [5]= 790 [6]= 790 [7]= 790 [8]= 790 [9]= 790 [10]= 790 [11]= 790 [12]= 790 
key_index after (DPU 148) [0]= 299 [1]= 564 [2]= 832 [3]= 832 [4]= 832 [5]= 832 [6]= 832 [7]= 832 [8]= 832 [9]= 832 [10]= 832 [11]= 832 [12]= 832 
key_index after (DPU 149) [0]= 257 [1]= 568 [2]= 822 [3]= 822 [4]= 822 [5]= 822 [6]= 822 [7]= 822 [8]= 822 [9]= 822 [10]= 822 [11]= 822 [12]= 822 
key_index after (DPU 150) [0]= 276 [1]= 534 [2]= 806 [3]= 806 [4]= 806 [5]= 806 [6]= 806 [7]= 806 [8]= 806 [9]= 806 [10]= 806 [11]= 806 [12]= 806 
key_index after (DPU 151) [0]= 278 [1]= 541 [2]= 812 [3]= 812 [4]= 812 [5]= 812 [6]= 812 [7]= 812 [8]= 812 [9]= 812 [10]= 812 [11]= 812 [12]= 812 
key_index after (DPU 152) [0]= 272 [1]= 533 [2]= 791 [3]= 791 [4]= 791 [5]= 791 [6]= 791 [7]= 791 [8]= 791 [9]= 791 [10]= 791 [11]= 791 [12]= 791 
key_index after (DPU 153) [0]= 276 [1]= 552 [2]= 812 [3]= 812 [4]= 812 [5]= 812 [6]= 812 [7]= 812 [8]= 812 [9]= 812 [10]= 812 [11]= 812 [12]= 812 
key_index after (DPU 154) [0]= 277 [1]= 522 [2]= 785 [3]= 785 [4]= 785 [5]= 785 [6]= 785 [7]= 785 [8]= 785 [9]= 785 [10]= 785 [11]= 785 [12]= 785 
key_index after (DPU 155) [0]= 254 [1]= 503 [2]= 743 [3]= 743 [4]= 743 [5]= 743 [6]= 743 [7]= 743 [8]= 743 [9]= 743 [10]= 743 [11]= 743 [12]= 743 
key_index after (DPU 156) [0]= 279 [1]= 521 [2]= 751 [3]= 751 [4]= 751 [5]= 751 [6]= 751 [7]= 751 [8]= 751 [9]= 751 [10]= 751 [11]= 751 [12]= 751 
key_index after (DPU 157) [0]= 232 [1]= 510 [2]= 804 [3]= 804 [4]= 804 [5]= 804 [6]= 804 [7]= 804 [8]= 804 [9]= 804 [10]= 804 [11]= 804 [12]= 804 
key_index after (DPU 158) [0]= 266 [1]= 552 [2]= 804 [3]= 804 [4]= 804 [5]= 804 [6]= 804 [7]= 804 [8]= 804 [9]= 804 [10]= 804 [11]= 804 [12]= 804 
key_index after (DPU 159) [0]= 288 [1]= 537 [2]= 760 [3]= 760 [4]= 760 [5]= 760 [6]= 760 [7]= 760 [8]= 760 [9]= 760 [10]= 760 [11]= 760 [12]= 760 
key_index after (DPU 160) [0]= 221 [1]= 482 [2]= 736 [3]= 736 [4]= 736 [5]= 736 [6]= 736 [7]= 736 [8]= 736 [9]= 736 [10]= 736 [11]= 736 [12]= 736 
key_index after (DPU 161) [0]= 226 [1]= 472 [2]= 742 [3]= 742 [4]= 742 [5]= 742 [6]= 742 [7]= 742 [8]= 742 [9]= 742 [10]= 742 [11]= 742 [12]= 742 
key_index after (DPU 162) [0]= 264 [1]= 517 [2]= 778 [3]= 778 [4]= 778 [5]= 778 [6]= 778 [7]= 778 [8]= 778 [9]= 778 [10]= 778 [11]= 778 [12]= 778 
key_index after (DPU 163) [0]= 210 [1]= 418 [2]= 676 [3]= 676 [4]= 676 [5]= 676 [6]= 676 [7]= 676 [8]= 676 [9]= 676 [10]= 676 [11]= 676 [12]= 676 
key_index after (DPU 164) [0]= 260 [1]= 538 [2]= 773 [3]= 773 [4]= 773 [5]= 773 [6]= 773 [7]= 773 [8]= 773 [9]= 773 [10]= 773 [11]= 773 [12]= 773 
key_index after (DPU 165) [0]= 261 [1]= 502 [2]= 712 [3]= 712 [4]= 712 [5]= 712 [6]= 712 [7]= 712 [8]= 712 [9]= 712 [10]= 712 [11]= 712 [12]= 712 
key_index after (DPU 166) [0]= 251 [1]= 470 [2]= 695 [3]= 695 [4]= 695 [5]= 695 [6]= 695 [7]= 695 [8]= 695 [9]= 695 [10]= 695 [11]= 695 [12]= 695 
key_index after (DPU 167) [0]= 232 [1]= 475 [2]= 726 [3]= 726 [4]= 726 [5]= 726 [6]= 726 [7]= 726 [8]= 726 [9]= 726 [10]= 726 [11]= 726 [12]= 726 
key_index after (DPU 168) [0]= 271 [1]= 512 [2]= 774 [3]= 774 [4]= 774 [5]= 774 [6]= 774 [7]= 774 [8]= 774 [9]= 774 [10]= 774 [11]= 774 [12]= 774 
key_index after (DPU 169) [0]= 246 [1]= 489 [2]= 750 [3]= 750 [4]= 750 [5]= 750 [6]= 750 [7]= 750 [8]= 750 [9]= 750 [10]= 750 [11]= 750 [12]= 750 
key_index after (DPU 170) [0]= 237 [1]= 492 [2]= 746 [3]= 746 [4]= 746 [5]= 746 [6]= 746 [7]= 746 [8]= 746 [9]= 746 [10]= 746 [11]= 746 [12]= 746 
key_index after (DPU 171) [0]= 246 [1]= 482 [2]= 717 [3]= 717 [4]= 717 [5]= 717 [6]= 717 [7]= 717 [8]= 717 [9]= 717 [10]= 717 [11]= 717 [12]= 717 
key_index after (DPU 172) [0]= 242 [1]= 447 [2]= 681 [3]= 681 [4]= 681 [5]= 681 [6]= 681 [7]= 681 [8]= 681 [9]= 681 [10]= 681 [11]= 681 [12]= 681 
key_index after (DPU 173) [0]= 192 [1]= 427 [2]= 644 [3]= 644 [4]= 644 [5]= 644 [6]= 644 [7]= 644 [8]= 644 [9]= 644 [10]= 644 [11]= 644 [12]= 644 
key_index after (DPU 174) [0]= 248 [1]= 471 [2]= 709 [3]= 709 [4]= 709 [5]= 709 [6]= 709 [7]= 709 [8]= 709 [9]= 709 [10]= 709 [11]= 709 [12]= 709 
key_index after (DPU 175) [0]= 236 [1]= 464 [2]= 678 [3]= 678 [4]= 678 [5]= 678 [6]= 678 [7]= 678 [8]= 678 [9]= 678 [10]= 678 [11]= 678 [12]= 678 
key_index after (DPU 176) [0]= 254 [1]= 498 [2]= 690 [3]= 690 [4]= 690 [5]= 690 [6]= 690 [7]= 690 [8]= 690 [9]= 690 [10]= 690 [11]= 690 [12]= 690 
key_index after (DPU 177) [0]= 234 [1]= 461 [2]= 686 [3]= 686 [4]= 686 [5]= 686 [6]= 686 [7]= 686 [8]= 686 [9]= 686 [10]= 686 [11]= 686 [12]= 686 
key_index after (DPU 178) [0]= 221 [1]= 449 [2]= 675 [3]= 675 [4]= 675 [5]= 675 [6]= 675 [7]= 675 [8]= 675 [9]= 675 [10]= 675 [11]= 675 [12]= 675 
key_index after (DPU 179) [0]= 206 [1]= 427 [2]= 626 [3]= 626 [4]= 626 [5]= 626 [6]= 626 [7]= 626 [8]= 626 [9]= 626 [10]= 626 [11]= 626 [12]= 626 
key_index after (DPU 180) [0]= 226 [1]= 442 [2]= 685 [3]= 685 [4]= 685 [5]= 685 [6]= 685 [7]= 685 [8]= 685 [9]= 685 [10]= 685 [11]= 685 [12]= 685 
key_index after (DPU 181) [0]= 208 [1]= 434 [2]= 668 [3]= 668 [4]= 668 [5]= 668 [6]= 668 [7]= 668 [8]= 668 [9]= 668 [10]= 668 [11]= 668 [12]= 668 
key_index after (DPU 182) [0]= 201 [1]= 431 [2]= 646 [3]= 646 [4]= 646 [5]= 646 [6]= 646 [7]= 646 [8]= 646 [9]= 646 [10]= 646 [11]= 646 [12]= 646 
key_index after (DPU 183) [0]= 212 [1]= 406 [2]= 619 [3]= 619 [4]= 619 [5]= 619 [6]= 619 [7]= 619 [8]= 619 [9]= 619 [10]= 619 [11]= 619 [12]= 619 
key_index after (DPU 184) [0]= 193 [1]= 396 [2]= 635 [3]= 635 [4]= 635 [5]= 635 [6]= 635 [7]= 635 [8]= 635 [9]= 635 [10]= 635 [11]= 635 [12]= 635 
key_index after (DPU 185) [0]= 210 [1]= 438 [2]= 653 [3]= 653 [4]= 653 [5]= 653 [6]= 653 [7]= 653 [8]= 653 [9]= 653 [10]= 653 [11]= 653 [12]= 653 
key_index after (DPU 186) [0]= 215 [1]= 415 [2]= 636 [3]= 636 [4]= 636 [5]= 636 [6]= 636 [7]= 636 [8]= 636 [9]= 636 [10]= 636 [11]= 636 [12]= 636 
key_index after (DPU 187) [0]= 210 [1]= 418 [2]= 651 [3]= 651 [4]= 651 [5]= 651 [6]= 651 [7]= 651 [8]= 651 [9]= 651 [10]= 651 [11]= 651 [12]= 651 
key_index after (DPU 188) [0]= 198 [1]= 411 [2]= 597 [3]= 597 [4]= 597 [5]= 597 [6]= 597 [7]= 597 [8]= 597 [9]= 597 [10]= 597 [11]= 597 [12]= 597 
key_index after (DPU 189) [0]= 196 [1]= 420 [2]= 598 [3]= 598 [4]= 598 [5]= 598 [6]= 598 [7]= 598 [8]= 598 [9]= 598 [10]= 598 [11]= 598 [12]= 598 
key_index after (DPU 190) [0]= 205 [1]= 423 [2]= 616 [3]= 616 [4]= 616 [5]= 616 [6]= 616 [7]= 616 [8]= 616 [9]= 616 [10]= 616 [11]= 616 [12]= 616 
key_index after (DPU 191) [0]= 233 [1]= 439 [2]= 658 [3]= 658 [4]= 658 [5]= 658 [6]= 658 [7]= 658 [8]= 658 [9]= 658 [10]= 658 [11]= 658 [12]= 658 
key_index after (DPU 192) [0]= 195 [1]= 422 [2]= 632 [3]= 632 [4]= 632 [5]= 632 [6]= 632 [7]= 632 [8]= 632 [9]= 632 [10]= 632 [11]= 632 [12]= 632 
key_index after (DPU 193) [0]= 220 [1]= 421 [2]= 620 [3]= 620 [4]= 620 [5]= 620 [6]= 620 [7]= 620 [8]= 620 [9]= 620 [10]= 620 [11]= 620 [12]= 620 
key_index after (DPU 194) [0]= 203 [1]= 420 [2]= 631 [3]= 631 [4]= 631 [5]= 631 [6]= 631 [7]= 631 [8]= 631 [9]= 631 [10]= 631 [11]= 631 [12]= 631 
key_index after (DPU 195) [0]= 218 [1]= 395 [2]= 576 [3]= 576 [4]= 576 [5]= 576 [6]= 576 [7]= 576 [8]= 576 [9]= 576 [10]= 576 [11]= 576 [12]= 576 
key_index after (DPU 196) [0]= 205 [1]= 393 [2]= 633 [3]= 633 [4]= 633 [5]= 633 [6]= 633 [7]= 633 [8]= 633 [9]= 633 [10]= 633 [11]= 633 [12]= 633 
key_index after (DPU 197) [0]= 218 [1]= 388 [2]= 578 [3]= 578 [4]= 578 [5]= 578 [6]= 578 [7]= 578 [8]= 578 [9]= 578 [10]= 578 [11]= 578 [12]= 578 
key_index after (DPU 198) [0]= 214 [1]= 402 [2]= 620 [3]= 620 [4]= 620 [5]= 620 [6]= 620 [7]= 620 [8]= 620 [9]= 620 [10]= 620 [11]= 620 [12]= 620 
key_index after (DPU 199) [0]= 191 [1]= 391 [2]= 598 [3]= 598 [4]= 598 [5]= 598 [6]= 598 [7]= 598 [8]= 598 [9]= 598 [10]= 598 [11]= 598 [12]= 598 
key_index after (DPU 200) [0]= 212 [1]= 411 [2]= 635 [3]= 635 [4]= 635 [5]= 635 [6]= 635 [7]= 635 [8]= 635 [9]= 635 [10]= 635 [11]= 635 [12]= 635 
key_index after (DPU 201) [0]= 183 [1]= 399 [2]= 589 [3]= 589 [4]= 589 [5]= 589 [6]= 589 [7]= 589 [8]= 589 [9]= 589 [10]= 589 [11]= 589 [12]= 589 
key_index after (DPU 202) [0]= 175 [1]= 396 [2]= 621 [3]= 621 [4]= 621 [5]= 621 [6]= 621 [7]= 621 [8]= 621 [9]= 621 [10]= 621 [11]= 621 [12]= 621 
key_index after (DPU 203) [0]= 205 [1]= 408 [2]= 600 [3]= 600 [4]= 600 [5]= 600 [6]= 600 [7]= 600 [8]= 600 [9]= 600 [10]= 600 [11]= 600 [12]= 600 
key_index after (DPU 204) [0]= 208 [1]= 413 [2]= 602 [3]= 602 [4]= 602 [5]= 602 [6]= 602 [7]= 602 [8]= 602 [9]= 602 [10]= 602 [11]= 602 [12]= 602 
key_index after (DPU 205) [0]= 180 [1]= 385 [2]= 587 [3]= 587 [4]= 587 [5]= 587 [6]= 587 [7]= 587 [8]= 587 [9]= 587 [10]= 587 [11]= 587 [12]= 587 
key_index after (DPU 206) [0]= 178 [1]= 352 [2]= 534 [3]= 534 [4]= 534 [5]= 534 [6]= 534 [7]= 534 [8]= 534 [9]= 534 [10]= 534 [11]= 534 [12]= 534 
key_index after (DPU 207) [0]= 174 [1]= 386 [2]= 579 [3]= 579 [4]= 579 [5]= 579 [6]= 579 [7]= 579 [8]= 579 [9]= 579 [10]= 579 [11]= 579 [12]= 579 
key_index after (DPU 208) [0]= 195 [1]= 394 [2]= 563 [3]= 563 [4]= 563 [5]= 563 [6]= 563 [7]= 563 [8]= 563 [9]= 563 [10]= 563 [11]= 563 [12]= 563 
key_index after (DPU 209) [0]= 197 [1]= 389 [2]= 571 [3]= 571 [4]= 571 [5]= 571 [6]= 571 [7]= 571 [8]= 571 [9]= 571 [10]= 571 [11]= 571 [12]= 571 
key_index after (DPU 210) [0]= 202 [1]= 391 [2]= 589 [3]= 589 [4]= 589 [5]= 589 [6]= 589 [7]= 589 [8]= 589 [9]= 589 [10]= 589 [11]= 589 [12]= 589 
key_index after (DPU 211) [0]= 174 [1]= 383 [2]= 556 [3]= 556 [4]= 556 [5]= 556 [6]= 556 [7]= 556 [8]= 556 [9]= 556 [10]= 556 [11]= 556 [12]= 556 
key_index after (DPU 212) [0]= 205 [1]= 395 [2]= 618 [3]= 618 [4]= 618 [5]= 618 [6]= 618 [7]= 618 [8]= 618 [9]= 618 [10]= 618 [11]= 618 [12]= 618 
key_index after (DPU 213) [0]= 182 [1]= 392 [2]= 562 [3]= 562 [4]= 562 [5]= 562 [6]= 562 [7]= 562 [8]= 562 [9]= 562 [10]= 562 [11]= 562 [12]= 562 
key_index after (DPU 214) [0]= 203 [1]= 400 [2]= 582 [3]= 582 [4]= 582 [5]= 582 [6]= 582 [7]= 582 [8]= 582 [9]= 582 [10]= 582 [11]= 582 [12]= 582 
key_index after (DPU 215) [0]= 203 [1]= 392 [2]= 603 [3]= 603 [4]= 603 [5]= 603 [6]= 603 [7]= 603 [8]= 603 [9]= 603 [10]= 603 [11]= 603 [12]= 603 
key_index after (DPU 216) [0]= 200 [1]= 379 [2]= 561 [3]= 561 [4]= 561 [5]= 561 [6]= 561 [7]= 561 [8]= 561 [9]= 561 [10]= 561 [11]= 561 [12]= 561 
key_index after (DPU 217) [0]= 170 [1]= 390 [2]= 566 [3]= 566 [4]= 566 [5]= 566 [6]= 566 [7]= 566 [8]= 566 [9]= 566 [10]= 566 [11]= 566 [12]= 566 
key_index after (DPU 218) [0]= 210 [1]= 420 [2]= 623 [3]= 623 [4]= 623 [5]= 623 [6]= 623 [7]= 623 [8]= 623 [9]= 623 [10]= 623 [11]= 623 [12]= 623 
key_index after (DPU 219) [0]= 156 [1]= 347 [2]= 521 [3]= 521 [4]= 521 [5]= 521 [6]= 521 [7]= 521 [8]= 521 [9]= 521 [10]= 521 [11]= 521 [12]= 521 
key_index after (DPU 220) [0]= 167 [1]= 352 [2]= 552 [3]= 552 [4]= 552 [5]= 552 [6]= 552 [7]= 552 [8]= 552 [9]= 552 [10]= 552 [11]= 552 [12]= 552 
key_index after (DPU 221) [0]= 192 [1]= 363 [2]= 542 [3]= 542 [4]= 542 [5]= 542 [6]= 542 [7]= 542 [8]= 542 [9]= 542 [10]= 542 [11]= 542 [12]= 542 
key_index after (DPU 222) [0]= 168 [1]= 335 [2]= 538 [3]= 538 [4]= 538 [5]= 538 [6]= 538 [7]= 538 [8]= 538 [9]= 538 [10]= 538 [11]= 538 [12]= 538 
key_index after (DPU 223) [0]= 193 [1]= 368 [2]= 545 [3]= 545 [4]= 545 [5]= 545 [6]= 545 [7]= 545 [8]= 545 [9]= 545 [10]= 545 [11]= 545 [12]= 545 
key_index after (DPU 224) [0]= 193 [1]= 382 [2]= 577 [3]= 577 [4]= 577 [5]= 577 [6]= 577 [7]= 577 [8]= 577 [9]= 577 [10]= 577 [11]= 577 [12]= 577 
key_index after (DPU 225) [0]= 175 [1]= 344 [2]= 534 [3]= 534 [4]= 534 [5]= 534 [6]= 534 [7]= 534 [8]= 534 [9]= 534 [10]= 534 [11]= 534 [12]= 534 
key_index after (DPU 226) [0]= 181 [1]= 365 [2]= 545 [3]= 545 [4]= 545 [5]= 545 [6]= 545 [7]= 545 [8]= 545 [9]= 545 [10]= 545 [11]= 545 [12]= 545 
key_index after (DPU 227) [0]= 180 [1]= 359 [2]= 549 [3]= 549 [4]= 549 [5]= 549 [6]= 549 [7]= 549 [8]= 549 [9]= 549 [10]= 549 [11]= 549 [12]= 549 
key_index after (DPU 228) [0]= 173 [1]= 340 [2]= 510 [3]= 510 [4]= 510 [5]= 510 [6]= 510 [7]= 510 [8]= 510 [9]= 510 [10]= 510 [11]= 510 [12]= 510 
key_index after (DPU 229) [0]= 170 [1]= 346 [2]= 512 [3]= 512 [4]= 512 [5]= 512 [6]= 512 [7]= 512 [8]= 512 [9]= 512 [10]= 512 [11]= 512 [12]= 512 
key_index after (DPU 230) [0]= 176 [1]= 361 [2]= 519 [3]= 519 [4]= 519 [5]= 519 [6]= 519 [7]= 519 [8]= 519 [9]= 519 [10]= 519 [11]= 519 [12]= 519 
key_index after (DPU 231) [0]= 205 [1]= 374 [2]= 506 [3]= 506 [4]= 506 [5]= 506 [6]= 506 [7]= 506 [8]= 506 [9]= 506 [10]= 506 [11]= 506 [12]= 506 
key_index after (DPU 232) [0]= 153 [1]= 345 [2]= 516 [3]= 516 [4]= 516 [5]= 516 [6]= 516 [7]= 516 [8]= 516 [9]= 516 [10]= 516 [11]= 516 [12]= 516 
key_index after (DPU 233) [0]= 165 [1]= 334 [2]= 481 [3]= 481 [4]= 481 [5]= 481 [6]= 481 [7]= 481 [8]= 481 [9]= 481 [10]= 481 [11]= 481 [12]= 481 
key_index after (DPU 234) [0]= 176 [1]= 339 [2]= 501 [3]= 501 [4]= 501 [5]= 501 [6]= 501 [7]= 501 [8]= 501 [9]= 501 [10]= 501 [11]= 501 [12]= 501 
key_index after (DPU 235) [0]= 183 [1]= 366 [2]= 548 [3]= 548 [4]= 548 [5]= 548 [6]= 548 [7]= 548 [8]= 548 [9]= 548 [10]= 548 [11]= 548 [12]= 548 
key_index after (DPU 236) [0]= 173 [1]= 323 [2]= 498 [3]= 498 [4]= 498 [5]= 498 [6]= 498 [7]= 498 [8]= 498 [9]= 498 [10]= 498 [11]= 498 [12]= 498 
key_index after (DPU 237) [0]= 202 [1]= 373 [2]= 555 [3]= 555 [4]= 555 [5]= 555 [6]= 555 [7]= 555 [8]= 555 [9]= 555 [10]= 555 [11]= 555 [12]= 555 
key_index after (DPU 238) [0]= 162 [1]= 324 [2]= 492 [3]= 492 [4]= 492 [5]= 492 [6]= 492 [7]= 492 [8]= 492 [9]= 492 [10]= 492 [11]= 492 [12]= 492 
key_index after (DPU 239) [0]= 192 [1]= 354 [2]= 527 [3]= 527 [4]= 527 [5]= 527 [6]= 527 [7]= 527 [8]= 527 [9]= 527 [10]= 527 [11]= 527 [12]= 527 
key_index after (DPU 240) [0]= 170 [1]= 336 [2]= 487 [3]= 487 [4]= 487 [5]= 487 [6]= 487 [7]= 487 [8]= 487 [9]= 487 [10]= 487 [11]= 487 [12]= 487 
key_index after (DPU 241) [0]= 177 [1]= 348 [2]= 505 [3]= 505 [4]= 505 [5]= 505 [6]= 505 [7]= 505 [8]= 505 [9]= 505 [10]= 505 [11]= 505 [12]= 505 
key_index after (DPU 242) [0]= 155 [1]= 340 [2]= 487 [3]= 487 [4]= 487 [5]= 487 [6]= 487 [7]= 487 [8]= 487 [9]= 487 [10]= 487 [11]= 487 [12]= 487 
key_index after (DPU 243) [0]= 170 [1]= 342 [2]= 506 [3]= 506 [4]= 506 [5]= 506 [6]= 506 [7]= 506 [8]= 506 [9]= 506 [10]= 506 [11]= 506 [12]= 506 
key_index after (DPU 244) [0]= 171 [1]= 338 [2]= 499 [3]= 499 [4]= 499 [5]= 499 [6]= 499 [7]= 499 [8]= 499 [9]= 499 [10]= 499 [11]= 499 [12]= 499 
key_index after (DPU 245) [0]= 177 [1]= 331 [2]= 499 [3]= 499 [4]= 499 [5]= 499 [6]= 499 [7]= 499 [8]= 499 [9]= 499 [10]= 499 [11]= 499 [12]= 499 
key_index after (DPU 246) [0]= 176 [1]= 356 [2]= 515 [3]= 515 [4]= 515 [5]= 515 [6]= 515 [7]= 515 [8]= 515 [9]= 515 [10]= 515 [11]= 515 [12]= 515 
key_index after (DPU 247) [0]= 186 [1]= 332 [2]= 500 [3]= 500 [4]= 500 [5]= 500 [6]= 500 [7]= 500 [8]= 500 [9]= 500 [10]= 500 [11]= 500 [12]= 500 
key_index after (DPU 248) [0]= 161 [1]= 322 [2]= 488 [3]= 488 [4]= 488 [5]= 488 [6]= 488 [7]= 488 [8]= 488 [9]= 488 [10]= 488 [11]= 488 [12]= 488 
key_index after (DPU 249) [0]= 160 [1]= 316 [2]= 489 [3]= 489 [4]= 489 [5]= 489 [6]= 489 [7]= 489 [8]= 489 [9]= 489 [10]= 489 [11]= 489 [12]= 489 
key_index after (DPU 250) [0]= 171 [1]= 339 [2]= 505 [3]= 505 [4]= 505 [5]= 505 [6]= 505 [7]= 505 [8]= 505 [9]= 505 [10]= 505 [11]= 505 [12]= 505 
key_index after (DPU 251) [0]= 156 [1]= 297 [2]= 458 [3]= 458 [4]= 458 [5]= 458 [6]= 458 [7]= 458 [8]= 458 [9]= 458 [10]= 458 [11]= 458 [12]= 458 
key_index after (DPU 252) [0]= 146 [1]= 294 [2]= 449 [3]= 449 [4]= 449 [5]= 449 [6]= 449 [7]= 449 [8]= 449 [9]= 449 [10]= 449 [11]= 449 [12]= 449 
key_index after (DPU 253) [0]= 153 [1]= 313 [2]= 451 [3]= 451 [4]= 451 [5]= 451 [6]= 451 [7]= 451 [8]= 451 [9]= 451 [10]= 451 [11]= 451 [12]= 451 
key_index after (DPU 254) [0]= 167 [1]= 337 [2]= 493 [3]= 493 [4]= 493 [5]= 493 [6]= 493 [7]= 493 [8]= 493 [9]= 493 [10]= 493 [11]= 493 [12]= 493 
key_index after (DPU 255) [0]= 181 [1]= 345 [2]= 493 [3]= 493 [4]= 493 [5]= 493 [6]= 493 [7]= 493 [8]= 493 [9]= 493 [10]= 493 [11]= 493 [12]= 493 
key_index after (DPU 256) [0]= 183 [1]= 344 [2]= 485 [3]= 485 [4]= 485 [5]= 485 [6]= 485 [7]= 485 [8]= 485 [9]= 485 [10]= 485 [11]= 485 [12]= 485 
key_index after (DPU 257) [0]= 158 [1]= 328 [2]= 490 [3]= 490 [4]= 490 [5]= 490 [6]= 490 [7]= 490 [8]= 490 [9]= 490 [10]= 490 [11]= 490 [12]= 490 
key_index after (DPU 258) [0]= 160 [1]= 325 [2]= 469 [3]= 469 [4]= 469 [5]= 469 [6]= 469 [7]= 469 [8]= 469 [9]= 469 [10]= 469 [11]= 469 [12]= 469 
key_index after (DPU 259) [0]= 143 [1]= 326 [2]= 480 [3]= 480 [4]= 480 [5]= 480 [6]= 480 [7]= 480 [8]= 480 [9]= 480 [10]= 480 [11]= 480 [12]= 480 
key_index after (DPU 260) [0]= 171 [1]= 314 [2]= 454 [3]= 454 [4]= 454 [5]= 454 [6]= 454 [7]= 454 [8]= 454 [9]= 454 [10]= 454 [11]= 454 [12]= 454 
key_index after (DPU 261) [0]= 140 [1]= 283 [2]= 441 [3]= 441 [4]= 441 [5]= 441 [6]= 441 [7]= 441 [8]= 441 [9]= 441 [10]= 441 [11]= 441 [12]= 441 
key_index after (DPU 262) [0]= 172 [1]= 324 [2]= 466 [3]= 466 [4]= 466 [5]= 466 [6]= 466 [7]= 466 [8]= 466 [9]= 466 [10]= 466 [11]= 466 [12]= 466 
key_index after (DPU 263) [0]= 136 [1]= 310 [2]= 473 [3]= 473 [4]= 473 [5]= 473 [6]= 473 [7]= 473 [8]= 473 [9]= 473 [10]= 473 [11]= 473 [12]= 473 
key_index after (DPU 264) [0]= 155 [1]= 309 [2]= 454 [3]= 454 [4]= 454 [5]= 454 [6]= 454 [7]= 454 [8]= 454 [9]= 454 [10]= 454 [11]= 454 [12]= 454 
key_index after (DPU 265) [0]= 154 [1]= 311 [2]= 476 [3]= 476 [4]= 476 [5]= 476 [6]= 476 [7]= 476 [8]= 476 [9]= 476 [10]= 476 [11]= 476 [12]= 476 
key_index after (DPU 266) [0]= 159 [1]= 304 [2]= 480 [3]= 480 [4]= 480 [5]= 480 [6]= 480 [7]= 480 [8]= 480 [9]= 480 [10]= 480 [11]= 480 [12]= 480 
key_index after (DPU 267) [0]= 163 [1]= 320 [2]= 464 [3]= 464 [4]= 464 [5]= 464 [6]= 464 [7]= 464 [8]= 464 [9]= 464 [10]= 464 [11]= 464 [12]= 464 
key_index after (DPU 268) [0]= 167 [1]= 315 [2]= 460 [3]= 460 [4]= 460 [5]= 460 [6]= 460 [7]= 460 [8]= 460 [9]= 460 [10]= 460 [11]= 460 [12]= 460 
key_index after (DPU 269) [0]= 125 [1]= 267 [2]= 426 [3]= 426 [4]= 426 [5]= 426 [6]= 426 [7]= 426 [8]= 426 [9]= 426 [10]= 426 [11]= 426 [12]= 426 
key_index after (DPU 270) [0]= 152 [1]= 312 [2]= 458 [3]= 458 [4]= 458 [5]= 458 [6]= 458 [7]= 458 [8]= 458 [9]= 458 [10]= 458 [11]= 458 [12]= 458 
key_index after (DPU 271) [0]= 167 [1]= 303 [2]= 442 [3]= 442 [4]= 442 [5]= 442 [6]= 442 [7]= 442 [8]= 442 [9]= 442 [10]= 442 [11]= 442 [12]= 442 
key_index after (DPU 272) [0]= 135 [1]= 330 [2]= 492 [3]= 492 [4]= 492 [5]= 492 [6]= 492 [7]= 492 [8]= 492 [9]= 492 [10]= 492 [11]= 492 [12]= 492 
key_index after (DPU 273) [0]= 154 [1]= 314 [2]= 463 [3]= 463 [4]= 463 [5]= 463 [6]= 463 [7]= 463 [8]= 463 [9]= 463 [10]= 463 [11]= 463 [12]= 463 
key_index after (DPU 274) [0]= 153 [1]= 323 [2]= 467 [3]= 467 [4]= 467 [5]= 467 [6]= 467 [7]= 467 [8]= 467 [9]= 467 [10]= 467 [11]= 467 [12]= 467 
key_index after (DPU 275) [0]= 141 [1]= 305 [2]= 464 [3]= 464 [4]= 464 [5]= 464 [6]= 464 [7]= 464 [8]= 464 [9]= 464 [10]= 464 [11]= 464 [12]= 464 
key_index after (DPU 276) [0]= 160 [1]= 321 [2]= 462 [3]= 462 [4]= 462 [5]= 462 [6]= 462 [7]= 462 [8]= 462 [9]= 462 [10]= 462 [11]= 462 [12]= 462 
key_index after (DPU 277) [0]= 128 [1]= 261 [2]= 409 [3]= 409 [4]= 409 [5]= 409 [6]= 409 [7]= 409 [8]= 409 [9]= 409 [10]= 409 [11]= 409 [12]= 409 
key_index after (DPU 278) [0]= 164 [1]= 334 [2]= 473 [3]= 473 [4]= 473 [5]= 473 [6]= 473 [7]= 473 [8]= 473 [9]= 473 [10]= 473 [11]= 473 [12]= 473 
key_index after (DPU 279) [0]= 149 [1]= 305 [2]= 445 [3]= 445 [4]= 445 [5]= 445 [6]= 445 [7]= 445 [8]= 445 [9]= 445 [10]= 445 [11]= 445 [12]= 445 
key_index after (DPU 280) [0]= 144 [1]= 278 [2]= 443 [3]= 443 [4]= 443 [5]= 443 [6]= 443 [7]= 443 [8]= 443 [9]= 443 [10]= 443 [11]= 443 [12]= 443 
key_index after (DPU 281) [0]= 148 [1]= 295 [2]= 449 [3]= 449 [4]= 449 [5]= 449 [6]= 449 [7]= 449 [8]= 449 [9]= 449 [10]= 449 [11]= 449 [12]= 449 
key_index after (DPU 282) [0]= 134 [1]= 248 [2]= 385 [3]= 385 [4]= 385 [5]= 385 [6]= 385 [7]= 385 [8]= 385 [9]= 385 [10]= 385 [11]= 385 [12]= 385 
key_index after (DPU 283) [0]= 140 [1]= 293 [2]= 416 [3]= 416 [4]= 416 [5]= 416 [6]= 416 [7]= 416 [8]= 416 [9]= 416 [10]= 416 [11]= 416 [12]= 416 
key_index after (DPU 284) [0]= 139 [1]= 284 [2]= 414 [3]= 414 [4]= 414 [5]= 414 [6]= 414 [7]= 414 [8]= 414 [9]= 414 [10]= 414 [11]= 414 [12]= 414 
key_index after (DPU 285) [0]= 131 [1]= 271 [2]= 394 [3]= 394 [4]= 394 [5]= 394 [6]= 394 [7]= 394 [8]= 394 [9]= 394 [10]= 394 [11]= 394 [12]= 394 
key_index after (DPU 286) [0]= 157 [1]= 303 [2]= 456 [3]= 456 [4]= 456 [5]= 456 [6]= 456 [7]= 456 [8]= 456 [9]= 456 [10]= 456 [11]= 456 [12]= 456 
key_index after (DPU 287) [0]= 133 [1]= 276 [2]= 417 [3]= 417 [4]= 417 [5]= 417 [6]= 417 [7]= 417 [8]= 417 [9]= 417 [10]= 417 [11]= 417 [12]= 417 
key_index after (DPU 288) [0]= 120 [1]= 272 [2]= 404 [3]= 404 [4]= 404 [5]= 404 [6]= 404 [7]= 404 [8]= 404 [9]= 404 [10]= 404 [11]= 404 [12]= 404 
key_index after (DPU 289) [0]= 123 [1]= 273 [2]= 418 [3]= 418 [4]= 418 [5]= 418 [6]= 418 [7]= 418 [8]= 418 [9]= 418 [10]= 418 [11]= 418 [12]= 418 
key_index after (DPU 290) [0]= 148 [1]= 270 [2]= 400 [3]= 400 [4]= 400 [5]= 400 [6]= 400 [7]= 400 [8]= 400 [9]= 400 [10]= 400 [11]= 400 [12]= 400 
key_index after (DPU 291) [0]= 159 [1]= 308 [2]= 434 [3]= 434 [4]= 434 [5]= 434 [6]= 434 [7]= 434 [8]= 434 [9]= 434 [10]= 434 [11]= 434 [12]= 434 
key_index after (DPU 292) [0]= 140 [1]= 263 [2]= 415 [3]= 415 [4]= 415 [5]= 415 [6]= 415 [7]= 415 [8]= 415 [9]= 415 [10]= 415 [11]= 415 [12]= 415 
key_index after (DPU 293) [0]= 146 [1]= 287 [2]= 427 [3]= 427 [4]= 427 [5]= 427 [6]= 427 [7]= 427 [8]= 427 [9]= 427 [10]= 427 [11]= 427 [12]= 427 
key_index after (DPU 294) [0]= 129 [1]= 252 [2]= 379 [3]= 379 [4]= 379 [5]= 379 [6]= 379 [7]= 379 [8]= 379 [9]= 379 [10]= 379 [11]= 379 [12]= 379 
key_index after (DPU 295) [0]= 126 [1]= 269 [2]= 416 [3]= 416 [4]= 416 [5]= 416 [6]= 416 [7]= 416 [8]= 416 [9]= 416 [10]= 416 [11]= 416 [12]= 416 
key_index after (DPU 296) [0]= 142 [1]= 281 [2]= 408 [3]= 408 [4]= 408 [5]= 408 [6]= 408 [7]= 408 [8]= 408 [9]= 408 [10]= 408 [11]= 408 [12]= 408 
key_index after (DPU 297) [0]= 130 [1]= 250 [2]= 389 [3]= 389 [4]= 389 [5]= 389 [6]= 389 [7]= 389 [8]= 389 [9]= 389 [10]= 389 [11]= 389 [12]= 389 
key_index after (DPU 298) [0]= 144 [1]= 274 [2]= 433 [3]= 433 [4]= 433 [5]= 433 [6]= 433 [7]= 433 [8]= 433 [9]= 433 [10]= 433 [11]= 433 [12]= 433 
key_index after (DPU 299) [0]= 140 [1]= 290 [2]= 429 [3]= 429 [4]= 429 [5]= 429 [6]= 429 [7]= 429 [8]= 429 [9]= 429 [10]= 429 [11]= 429 [12]= 429 
key_index after (DPU 300) [0]= 137 [1]= 270 [2]= 382 [3]= 382 [4]= 382 [5]= 382 [6]= 382 [7]= 382 [8]= 382 [9]= 382 [10]= 382 [11]= 382 [12]= 382 
key_index after (DPU 301) [0]= 120 [1]= 268 [2]= 405 [3]= 405 [4]= 405 [5]= 405 [6]= 405 [7]= 405 [8]= 405 [9]= 405 [10]= 405 [11]= 405 [12]= 405 
key_index after (DPU 302) [0]= 131 [1]= 239 [2]= 380 [3]= 380 [4]= 380 [5]= 380 [6]= 380 [7]= 380 [8]= 380 [9]= 380 [10]= 380 [11]= 380 [12]= 380 
key_index after (DPU 303) [0]= 132 [1]= 280 [2]= 408 [3]= 408 [4]= 408 [5]= 408 [6]= 408 [7]= 408 [8]= 408 [9]= 408 [10]= 408 [11]= 408 [12]= 408 
key_index after (DPU 304) [0]= 132 [1]= 274 [2]= 398 [3]= 398 [4]= 398 [5]= 398 [6]= 398 [7]= 398 [8]= 398 [9]= 398 [10]= 398 [11]= 398 [12]= 398 
key_index after (DPU 305) [0]= 139 [1]= 284 [2]= 412 [3]= 412 [4]= 412 [5]= 412 [6]= 412 [7]= 412 [8]= 412 [9]= 412 [10]= 412 [11]= 412 [12]= 412 
key_index after (DPU 306) [0]= 116 [1]= 250 [2]= 387 [3]= 387 [4]= 387 [5]= 387 [6]= 387 [7]= 387 [8]= 387 [9]= 387 [10]= 387 [11]= 387 [12]= 387 
key_index after (DPU 307) [0]= 143 [1]= 284 [2]= 434 [3]= 434 [4]= 434 [5]= 434 [6]= 434 [7]= 434 [8]= 434 [9]= 434 [10]= 434 [11]= 434 [12]= 434 
key_index after (DPU 308) [0]= 146 [1]= 283 [2]= 404 [3]= 404 [4]= 404 [5]= 404 [6]= 404 [7]= 404 [8]= 404 [9]= 404 [10]= 404 [11]= 404 [12]= 404 
key_index after (DPU 309) [0]= 131 [1]= 285 [2]= 413 [3]= 413 [4]= 413 [5]= 413 [6]= 413 [7]= 413 [8]= 413 [9]= 413 [10]= 413 [11]= 413 [12]= 413 
key_index after (DPU 310) [0]= 132 [1]= 256 [2]= 394 [3]= 394 [4]= 394 [5]= 394 [6]= 394 [7]= 394 [8]= 394 [9]= 394 [10]= 394 [11]= 394 [12]= 394 
key_index after (DPU 311) [0]= 140 [1]= 271 [2]= 394 [3]= 394 [4]= 394 [5]= 394 [6]= 394 [7]= 394 [8]= 394 [9]= 394 [10]= 394 [11]= 394 [12]= 394 
key_index after (DPU 312) [0]= 125 [1]= 248 [2]= 392 [3]= 392 [4]= 392 [5]= 392 [6]= 392 [7]= 392 [8]= 392 [9]= 392 [10]= 392 [11]= 392 [12]= 392 
key_index after (DPU 313) [0]= 119 [1]= 249 [2]= 376 [3]= 376 [4]= 376 [5]= 376 [6]= 376 [7]= 376 [8]= 376 [9]= 376 [10]= 376 [11]= 376 [12]= 376 
key_index after (DPU 314) [0]= 130 [1]= 260 [2]= 375 [3]= 375 [4]= 375 [5]= 375 [6]= 375 [7]= 375 [8]= 375 [9]= 375 [10]= 375 [11]= 375 [12]= 375 
key_index after (DPU 315) [0]= 140 [1]= 263 [2]= 386 [3]= 386 [4]= 386 [5]= 386 [6]= 386 [7]= 386 [8]= 386 [9]= 386 [10]= 386 [11]= 386 [12]= 386 
key_index after (DPU 316) [0]= 117 [1]= 216 [2]= 341 [3]= 341 [4]= 341 [5]= 341 [6]= 341 [7]= 341 [8]= 341 [9]= 341 [10]= 341 [11]= 341 [12]= 341 
key_index after (DPU 317) [0]= 117 [1]= 224 [2]= 351 [3]= 351 [4]= 351 [5]= 351 [6]= 351 [7]= 351 [8]= 351 [9]= 351 [10]= 351 [11]= 351 [12]= 351 
key_index after (DPU 318) [0]= 131 [1]= 275 [2]= 417 [3]= 417 [4]= 417 [5]= 417 [6]= 417 [7]= 417 [8]= 417 [9]= 417 [10]= 417 [11]= 417 [12]= 417 
key_index after (DPU 319) [0]= 119 [1]= 249 [2]= 393 [3]= 393 [4]= 393 [5]= 393 [6]= 393 [7]= 393 [8]= 393 [9]= 393 [10]= 393 [11]= 393 [12]= 393 
key_index after (DPU 320) [0]= 123 [1]= 245 [2]= 365 [3]= 365 [4]= 365 [5]= 365 [6]= 365 [7]= 365 [8]= 365 [9]= 365 [10]= 365 [11]= 365 [12]= 365 
key_index after (DPU 321) [0]= 128 [1]= 246 [2]= 370 [3]= 370 [4]= 370 [5]= 370 [6]= 370 [7]= 370 [8]= 370 [9]= 370 [10]= 370 [11]= 370 [12]= 370 
key_index after (DPU 322) [0]= 124 [1]= 249 [2]= 378 [3]= 378 [4]= 378 [5]= 378 [6]= 378 [7]= 378 [8]= 378 [9]= 378 [10]= 378 [11]= 378 [12]= 378 
key_index after (DPU 323) [0]= 114 [1]= 264 [2]= 390 [3]= 390 [4]= 390 [5]= 390 [6]= 390 [7]= 390 [8]= 390 [9]= 390 [10]= 390 [11]= 390 [12]= 390 
key_index after (DPU 324) [0]= 120 [1]= 241 [2]= 370 [3]= 370 [4]= 370 [5]= 370 [6]= 370 [7]= 370 [8]= 370 [9]= 370 [10]= 370 [11]= 370 [12]= 370 
key_index after (DPU 325) [0]= 121 [1]= 257 [2]= 392 [3]= 392 [4]= 392 [5]= 392 [6]= 392 [7]= 392 [8]= 392 [9]= 392 [10]= 392 [11]= 392 [12]= 392 
key_index after (DPU 326) [0]= 130 [1]= 263 [2]= 387 [3]= 387 [4]= 387 [5]= 387 [6]= 387 [7]= 387 [8]= 387 [9]= 387 [10]= 387 [11]= 387 [12]= 387 
key_index after (DPU 327) [0]= 136 [1]= 251 [2]= 374 [3]= 374 [4]= 374 [5]= 374 [6]= 374 [7]= 374 [8]= 374 [9]= 374 [10]= 374 [11]= 374 [12]= 374 
key_index after (DPU 328) [0]= 129 [1]= 263 [2]= 383 [3]= 383 [4]= 383 [5]= 383 [6]= 383 [7]= 383 [8]= 383 [9]= 383 [10]= 383 [11]= 383 [12]= 383 
key_index after (DPU 329) [0]= 127 [1]= 260 [2]= 382 [3]= 382 [4]= 382 [5]= 382 [6]= 382 [7]= 382 [8]= 382 [9]= 382 [10]= 382 [11]= 382 [12]= 382 
key_index after (DPU 330) [0]= 128 [1]= 247 [2]= 364 [3]= 364 [4]= 364 [5]= 364 [6]= 364 [7]= 364 [8]= 364 [9]= 364 [10]= 364 [11]= 364 [12]= 364 
key_index after (DPU 331) [0]= 122 [1]= 226 [2]= 346 [3]= 346 [4]= 346 [5]= 346 [6]= 346 [7]= 346 [8]= 346 [9]= 346 [10]= 346 [11]= 346 [12]= 346 
key_index after (DPU 332) [0]= 116 [1]= 245 [2]= 380 [3]= 380 [4]= 380 [5]= 380 [6]= 380 [7]= 380 [8]= 380 [9]= 380 [10]= 380 [11]= 380 [12]= 380 
key_index after (DPU 333) [0]= 127 [1]= 247 [2]= 343 [3]= 343 [4]= 343 [5]= 343 [6]= 343 [7]= 343 [8]= 343 [9]= 343 [10]= 343 [11]= 343 [12]= 343 
key_index after (DPU 334) [0]= 121 [1]= 269 [2]= 387 [3]= 387 [4]= 387 [5]= 387 [6]= 387 [7]= 387 [8]= 387 [9]= 387 [10]= 387 [11]= 387 [12]= 387 
key_index after (DPU 335) [0]= 135 [1]= 255 [2]= 383 [3]= 383 [4]= 383 [5]= 383 [6]= 383 [7]= 383 [8]= 383 [9]= 383 [10]= 383 [11]= 383 [12]= 383 
key_index after (DPU 336) [0]=  89 [1]= 205 [2]= 319 [3]= 319 [4]= 319 [5]= 319 [6]= 319 [7]= 319 [8]= 319 [9]= 319 [10]= 319 [11]= 319 [12]= 319 
key_index after (DPU 337) [0]= 122 [1]= 229 [2]= 345 [3]= 345 [4]= 345 [5]= 345 [6]= 345 [7]= 345 [8]= 345 [9]= 345 [10]= 345 [11]= 345 [12]= 345 
key_index after (DPU 338) [0]= 104 [1]= 221 [2]= 337 [3]= 337 [4]= 337 [5]= 337 [6]= 337 [7]= 337 [8]= 337 [9]= 337 [10]= 337 [11]= 337 [12]= 337 
key_index after (DPU 339) [0]= 116 [1]= 233 [2]= 363 [3]= 363 [4]= 363 [5]= 363 [6]= 363 [7]= 363 [8]= 363 [9]= 363 [10]= 363 [11]= 363 [12]= 363 
key_index after (DPU 340) [0]= 126 [1]= 237 [2]= 351 [3]= 351 [4]= 351 [5]= 351 [6]= 351 [7]= 351 [8]= 351 [9]= 351 [10]= 351 [11]= 351 [12]= 351 
key_index after (DPU 341) [0]= 130 [1]= 241 [2]= 364 [3]= 364 [4]= 364 [5]= 364 [6]= 364 [7]= 364 [8]= 364 [9]= 364 [10]= 364 [11]= 364 [12]= 364 
key_index after (DPU 342) [0]= 110 [1]= 243 [2]= 376 [3]= 376 [4]= 376 [5]= 376 [6]= 376 [7]= 376 [8]= 376 [9]= 376 [10]= 376 [11]= 376 [12]= 376 
key_index after (DPU 343) [0]= 126 [1]= 247 [2]= 380 [3]= 380 [4]= 380 [5]= 380 [6]= 380 [7]= 380 [8]= 380 [9]= 380 [10]= 380 [11]= 380 [12]= 380 
key_index after (DPU 344) [0]= 116 [1]= 250 [2]= 369 [3]= 369 [4]= 369 [5]= 369 [6]= 369 [7]= 369 [8]= 369 [9]= 369 [10]= 369 [11]= 369 [12]= 369 
key_index after (DPU 345) [0]= 127 [1]= 238 [2]= 348 [3]= 348 [4]= 348 [5]= 348 [6]= 348 [7]= 348 [8]= 348 [9]= 348 [10]= 348 [11]= 348 [12]= 348 
key_index after (DPU 346) [0]= 129 [1]= 252 [2]= 380 [3]= 380 [4]= 380 [5]= 380 [6]= 380 [7]= 380 [8]= 380 [9]= 380 [10]= 380 [11]= 380 [12]= 380 
key_index after (DPU 347) [0]= 113 [1]= 244 [2]= 348 [3]= 348 [4]= 348 [5]= 348 [6]= 348 [7]= 348 [8]= 348 [9]= 348 [10]= 348 [11]= 348 [12]= 348 
key_index after (DPU 348) [0]= 134 [1]= 239 [2]= 364 [3]= 364 [4]= 364 [5]= 364 [6]= 364 [7]= 364 [8]= 364 [9]= 364 [10]= 364 [11]= 364 [12]= 364 
key_index after (DPU 349) [0]= 114 [1]= 232 [2]= 356 [3]= 356 [4]= 356 [5]= 356 [6]= 356 [7]= 356 [8]= 356 [9]= 356 [10]= 356 [11]= 356 [12]= 356 
key_index after (DPU 350) [0]= 107 [1]= 217 [2]= 340 [3]= 340 [4]= 340 [5]= 340 [6]= 340 [7]= 340 [8]= 340 [9]= 340 [10]= 340 [11]= 340 [12]= 340 
key_index after (DPU 351) [0]= 123 [1]= 239 [2]= 348 [3]= 348 [4]= 348 [5]= 348 [6]= 348 [7]= 348 [8]= 348 [9]= 348 [10]= 348 [11]= 348 [12]= 348 
key_index after (DPU 352) [0]= 113 [1]= 210 [2]= 335 [3]= 335 [4]= 335 [5]= 335 [6]= 335 [7]= 335 [8]= 335 [9]= 335 [10]= 335 [11]= 335 [12]= 335 
key_index after (DPU 353) [0]= 115 [1]= 228 [2]= 334 [3]= 334 [4]= 334 [5]= 334 [6]= 334 [7]= 334 [8]= 334 [9]= 334 [10]= 334 [11]= 334 [12]= 334 
key_index after (DPU 354) [0]= 117 [1]= 222 [2]= 335 [3]= 335 [4]= 335 [5]= 335 [6]= 335 [7]= 335 [8]= 335 [9]= 335 [10]= 335 [11]= 335 [12]= 335 
key_index after (DPU 355) [0]= 120 [1]= 230 [2]= 350 [3]= 350 [4]= 350 [5]= 350 [6]= 350 [7]= 350 [8]= 350 [9]= 350 [10]= 350 [11]= 350 [12]= 350 
key_index after (DPU 356) [0]=  99 [1]= 223 [2]= 346 [3]= 346 [4]= 346 [5]= 346 [6]= 346 [7]= 346 [8]= 346 [9]= 346 [10]= 346 [11]= 346 [12]= 346 
key_index after (DPU 357) [0]= 107 [1]= 217 [2]= 320 [3]= 320 [4]= 320 [5]= 320 [6]= 320 [7]= 320 [8]= 320 [9]= 320 [10]= 320 [11]= 320 [12]= 320 
key_index after (DPU 358) [0]=  98 [1]= 214 [2]= 344 [3]= 344 [4]= 344 [5]= 344 [6]= 344 [7]= 344 [8]= 344 [9]= 344 [10]= 344 [11]= 344 [12]= 344 
key_index after (DPU 359) [0]= 111 [1]= 228 [2]= 354 [3]= 354 [4]= 354 [5]= 354 [6]= 354 [7]= 354 [8]= 354 [9]= 354 [10]= 354 [11]= 354 [12]= 354 
key_index after (DPU 360) [0]= 117 [1]= 236 [2]= 352 [3]= 352 [4]= 352 [5]= 352 [6]= 352 [7]= 352 [8]= 352 [9]= 352 [10]= 352 [11]= 352 [12]= 352 
key_index after (DPU 361) [0]= 109 [1]= 229 [2]= 356 [3]= 356 [4]= 356 [5]= 356 [6]= 356 [7]= 356 [8]= 356 [9]= 356 [10]= 356 [11]= 356 [12]= 356 
key_index after (DPU 362) [0]= 124 [1]= 247 [2]= 369 [3]= 369 [4]= 369 [5]= 369 [6]= 369 [7]= 369 [8]= 369 [9]= 369 [10]= 369 [11]= 369 [12]= 369 
key_index after (DPU 363) [0]= 108 [1]= 221 [2]= 321 [3]= 321 [4]= 321 [5]= 321 [6]= 321 [7]= 321 [8]= 321 [9]= 321 [10]= 321 [11]= 321 [12]= 321 
key_index after (DPU 364) [0]= 111 [1]= 229 [2]= 341 [3]= 341 [4]= 341 [5]= 341 [6]= 341 [7]= 341 [8]= 341 [9]= 341 [10]= 341 [11]= 341 [12]= 341 
key_index after (DPU 365) [0]= 108 [1]= 220 [2]= 339 [3]= 339 [4]= 339 [5]= 339 [6]= 339 [7]= 339 [8]= 339 [9]= 339 [10]= 339 [11]= 339 [12]= 339 
key_index after (DPU 366) [0]= 110 [1]= 231 [2]= 340 [3]= 340 [4]= 340 [5]= 340 [6]= 340 [7]= 340 [8]= 340 [9]= 340 [10]= 340 [11]= 340 [12]= 340 
key_index after (DPU 367) [0]= 106 [1]= 223 [2]= 350 [3]= 350 [4]= 350 [5]= 350 [6]= 350 [7]= 350 [8]= 350 [9]= 350 [10]= 350 [11]= 350 [12]= 350 
key_index after (DPU 368) [0]= 136 [1]= 234 [2]= 362 [3]= 362 [4]= 362 [5]= 362 [6]= 362 [7]= 362 [8]= 362 [9]= 362 [10]= 362 [11]= 362 [12]= 362 
key_index after (DPU 369) [0]= 105 [1]= 226 [2]= 332 [3]= 332 [4]= 332 [5]= 332 [6]= 332 [7]= 332 [8]= 332 [9]= 332 [10]= 332 [11]= 332 [12]= 332 
key_index after (DPU 370) [0]= 124 [1]= 226 [2]= 344 [3]= 344 [4]= 344 [5]= 344 [6]= 344 [7]= 344 [8]= 344 [9]= 344 [10]= 344 [11]= 344 [12]= 344 
key_index after (DPU 371) [0]= 118 [1]= 240 [2]= 342 [3]= 342 [4]= 342 [5]= 342 [6]= 342 [7]= 342 [8]= 342 [9]= 342 [10]= 342 [11]= 342 [12]= 342 
key_index after (DPU 372) [0]=  91 [1]= 192 [2]= 288 [3]= 288 [4]= 288 [5]= 288 [6]= 288 [7]= 288 [8]= 288 [9]= 288 [10]= 288 [11]= 288 [12]= 288 
key_index after (DPU 373) [0]=  79 [1]= 157 [2]= 266 [3]= 266 [4]= 266 [5]= 266 [6]= 266 [7]= 266 [8]= 266 [9]= 266 [10]= 266 [11]= 266 [12]= 266 
key_index after (DPU 374) [0]= 116 [1]= 227 [2]= 340 [3]= 340 [4]= 340 [5]= 340 [6]= 340 [7]= 340 [8]= 340 [9]= 340 [10]= 340 [11]= 340 [12]= 340 
key_index after (DPU 375) [0]= 104 [1]= 201 [2]= 284 [3]= 284 [4]= 284 [5]= 284 [6]= 284 [7]= 284 [8]= 284 [9]= 284 [10]= 284 [11]= 284 [12]= 284 
key_index after (DPU 376) [0]= 110 [1]= 205 [2]= 324 [3]= 324 [4]= 324 [5]= 324 [6]= 324 [7]= 324 [8]= 324 [9]= 324 [10]= 324 [11]= 324 [12]= 324 
key_index after (DPU 377) [0]= 117 [1]= 238 [2]= 360 [3]= 360 [4]= 360 [5]= 360 [6]= 360 [7]= 360 [8]= 360 [9]= 360 [10]= 360 [11]= 360 [12]= 360 
key_index after (DPU 378) [0]= 110 [1]= 223 [2]= 341 [3]= 341 [4]= 341 [5]= 341 [6]= 341 [7]= 341 [8]= 341 [9]= 341 [10]= 341 [11]= 341 [12]= 341 
key_index after (DPU 379) [0]= 116 [1]= 227 [2]= 331 [3]= 331 [4]= 331 [5]= 331 [6]= 331 [7]= 331 [8]= 331 [9]= 331 [10]= 331 [11]= 331 [12]= 331 
key_index after (DPU 380) [0]= 112 [1]= 216 [2]= 324 [3]= 324 [4]= 324 [5]= 324 [6]= 324 [7]= 324 [8]= 324 [9]= 324 [10]= 324 [11]= 324 [12]= 324 
key_index after (DPU 381) [0]=  99 [1]= 214 [2]= 326 [3]= 326 [4]= 326 [5]= 326 [6]= 326 [7]= 326 [8]= 326 [9]= 326 [10]= 326 [11]= 326 [12]= 326 
key_index after (DPU 382) [0]=  94 [1]= 202 [2]= 317 [3]= 317 [4]= 317 [5]= 317 [6]= 317 [7]= 317 [8]= 317 [9]= 317 [10]= 317 [11]= 317 [12]= 317 
key_index after (DPU 383) [0]= 110 [1]= 218 [2]= 324 [3]= 324 [4]= 324 [5]= 324 [6]= 324 [7]= 324 [8]= 324 [9]= 324 [10]= 324 [11]= 324 [12]= 324 
key_index after (DPU 384) [0]=  97 [1]= 202 [2]= 311 [3]= 311 [4]= 311 [5]= 311 [6]= 311 [7]= 311 [8]= 311 [9]= 311 [10]= 311 [11]= 311 [12]= 311 
key_index after (DPU 385) [0]= 111 [1]= 225 [2]= 339 [3]= 339 [4]= 339 [5]= 339 [6]= 339 [7]= 339 [8]= 339 [9]= 339 [10]= 339 [11]= 339 [12]= 339 
key_index after (DPU 386) [0]=  98 [1]= 182 [2]= 276 [3]= 276 [4]= 276 [5]= 276 [6]= 276 [7]= 276 [8]= 276 [9]= 276 [10]= 276 [11]= 276 [12]= 276 
key_index after (DPU 387) [0]= 104 [1]= 195 [2]= 306 [3]= 306 [4]= 306 [5]= 306 [6]= 306 [7]= 306 [8]= 306 [9]= 306 [10]= 306 [11]= 306 [12]= 306 
key_index after (DPU 388) [0]=  94 [1]= 188 [2]= 312 [3]= 312 [4]= 312 [5]= 312 [6]= 312 [7]= 312 [8]= 312 [9]= 312 [10]= 312 [11]= 312 [12]= 312 
key_index after (DPU 389) [0]=  97 [1]= 201 [2]= 318 [3]= 318 [4]= 318 [5]= 318 [6]= 318 [7]= 318 [8]= 318 [9]= 318 [10]= 318 [11]= 318 [12]= 318 
key_index after (DPU 390) [0]=  80 [1]= 192 [2]= 300 [3]= 300 [4]= 300 [5]= 300 [6]= 300 [7]= 300 [8]= 300 [9]= 300 [10]= 300 [11]= 300 [12]= 300 
key_index after (DPU 391) [0]= 105 [1]= 198 [2]= 329 [3]= 329 [4]= 329 [5]= 329 [6]= 329 [7]= 329 [8]= 329 [9]= 329 [10]= 329 [11]= 329 [12]= 329 
key_index after (DPU 392) [0]=  86 [1]= 194 [2]= 303 [3]= 303 [4]= 303 [5]= 303 [6]= 303 [7]= 303 [8]= 303 [9]= 303 [10]= 303 [11]= 303 [12]= 303 
key_index after (DPU 393) [0]= 108 [1]= 215 [2]= 334 [3]= 334 [4]= 334 [5]= 334 [6]= 334 [7]= 334 [8]= 334 [9]= 334 [10]= 334 [11]= 334 [12]= 334 
key_index after (DPU 394) [0]=  95 [1]= 187 [2]= 283 [3]= 283 [4]= 283 [5]= 283 [6]= 283 [7]= 283 [8]= 283 [9]= 283 [10]= 283 [11]= 283 [12]= 283 
key_index after (DPU 395) [0]=  76 [1]= 178 [2]= 287 [3]= 287 [4]= 287 [5]= 287 [6]= 287 [7]= 287 [8]= 287 [9]= 287 [10]= 287 [11]= 287 [12]= 287 
key_index after (DPU 396) [0]= 112 [1]= 218 [2]= 303 [3]= 303 [4]= 303 [5]= 303 [6]= 303 [7]= 303 [8]= 303 [9]= 303 [10]= 303 [11]= 303 [12]= 303 
key_index after (DPU 397) [0]=  95 [1]= 207 [2]= 305 [3]= 305 [4]= 305 [5]= 305 [6]= 305 [7]= 305 [8]= 305 [9]= 305 [10]= 305 [11]= 305 [12]= 305 
key_index after (DPU 398) [0]=  98 [1]= 214 [2]= 323 [3]= 323 [4]= 323 [5]= 323 [6]= 323 [7]= 323 [8]= 323 [9]= 323 [10]= 323 [11]= 323 [12]= 323 
key_index after (DPU 399) [0]=  86 [1]= 210 [2]= 323 [3]= 323 [4]= 323 [5]= 323 [6]= 323 [7]= 323 [8]= 323 [9]= 323 [10]= 323 [11]= 323 [12]= 323 
key_index after (DPU 400) [0]=  99 [1]= 200 [2]= 288 [3]= 288 [4]= 288 [5]= 288 [6]= 288 [7]= 288 [8]= 288 [9]= 288 [10]= 288 [11]= 288 [12]= 288 
key_index after (DPU 401) [0]= 100 [1]= 189 [2]= 293 [3]= 293 [4]= 293 [5]= 293 [6]= 293 [7]= 293 [8]= 293 [9]= 293 [10]= 293 [11]= 293 [12]= 293 
key_index after (DPU 402) [0]=  86 [1]= 186 [2]= 284 [3]= 284 [4]= 284 [5]= 284 [6]= 284 [7]= 284 [8]= 284 [9]= 284 [10]= 284 [11]= 284 [12]= 284 
key_index after (DPU 403) [0]=  93 [1]= 203 [2]= 316 [3]= 316 [4]= 316 [5]= 316 [6]= 316 [7]= 316 [8]= 316 [9]= 316 [10]= 316 [11]= 316 [12]= 316 
key_index after (DPU 404) [0]=  92 [1]= 191 [2]= 289 [3]= 289 [4]= 289 [5]= 289 [6]= 289 [7]= 289 [8]= 289 [9]= 289 [10]= 289 [11]= 289 [12]= 289 
key_index after (DPU 405) [0]=  98 [1]= 208 [2]= 314 [3]= 314 [4]= 314 [5]= 314 [6]= 314 [7]= 314 [8]= 314 [9]= 314 [10]= 314 [11]= 314 [12]= 314 
key_index after (DPU 406) [0]= 105 [1]= 200 [2]= 286 [3]= 286 [4]= 286 [5]= 286 [6]= 286 [7]= 286 [8]= 286 [9]= 286 [10]= 286 [11]= 286 [12]= 286 
key_index after (DPU 407) [0]=  97 [1]= 200 [2]= 312 [3]= 312 [4]= 312 [5]= 312 [6]= 312 [7]= 312 [8]= 312 [9]= 312 [10]= 312 [11]= 312 [12]= 312 
key_index after (DPU 408) [0]= 119 [1]= 232 [2]= 341 [3]= 341 [4]= 341 [5]= 341 [6]= 341 [7]= 341 [8]= 341 [9]= 341 [10]= 341 [11]= 341 [12]= 341 
key_index after (DPU 409) [0]= 113 [1]= 214 [2]= 302 [3]= 302 [4]= 302 [5]= 302 [6]= 302 [7]= 302 [8]= 302 [9]= 302 [10]= 302 [11]= 302 [12]= 302 
key_index after (DPU 410) [0]=  77 [1]= 192 [2]= 319 [3]= 319 [4]= 319 [5]= 319 [6]= 319 [7]= 319 [8]= 319 [9]= 319 [10]= 319 [11]= 319 [12]= 319 
key_index after (DPU 411) [0]= 101 [1]= 191 [2]= 274 [3]= 274 [4]= 274 [5]= 274 [6]= 274 [7]= 274 [8]= 274 [9]= 274 [10]= 274 [11]= 274 [12]= 274 
key_index after (DPU 412) [0]=  85 [1]= 192 [2]= 282 [3]= 282 [4]= 282 [5]= 282 [6]= 282 [7]= 282 [8]= 282 [9]= 282 [10]= 282 [11]= 282 [12]= 282 
key_index after (DPU 413) [0]=  90 [1]= 197 [2]= 276 [3]= 276 [4]= 276 [5]= 276 [6]= 276 [7]= 276 [8]= 276 [9]= 276 [10]= 276 [11]= 276 [12]= 276 
key_index after (DPU 414) [0]=  94 [1]= 186 [2]= 278 [3]= 278 [4]= 278 [5]= 278 [6]= 278 [7]= 278 [8]= 278 [9]= 278 [10]= 278 [11]= 278 [12]= 278 
key_index after (DPU 415) [0]= 105 [1]= 190 [2]= 285 [3]= 285 [4]= 285 [5]= 285 [6]= 285 [7]= 285 [8]= 285 [9]= 285 [10]= 285 [11]= 285 [12]= 285 
key_index after (DPU 416) [0]=  87 [1]= 172 [2]= 269 [3]= 269 [4]= 269 [5]= 269 [6]= 269 [7]= 269 [8]= 269 [9]= 269 [10]= 269 [11]= 269 [12]= 269 
key_index after (DPU 417) [0]= 117 [1]= 213 [2]= 328 [3]= 328 [4]= 328 [5]= 328 [6]= 328 [7]= 328 [8]= 328 [9]= 328 [10]= 328 [11]= 328 [12]= 328 
key_index after (DPU 418) [0]= 108 [1]= 199 [2]= 319 [3]= 319 [4]= 319 [5]= 319 [6]= 319 [7]= 319 [8]= 319 [9]= 319 [10]= 319 [11]= 319 [12]= 319 
key_index after (DPU 419) [0]=  96 [1]= 188 [2]= 288 [3]= 288 [4]= 288 [5]= 288 [6]= 288 [7]= 288 [8]= 288 [9]= 288 [10]= 288 [11]= 288 [12]= 288 
key_index after (DPU 420) [0]= 103 [1]= 190 [2]= 292 [3]= 292 [4]= 292 [5]= 292 [6]= 292 [7]= 292 [8]= 292 [9]= 292 [10]= 292 [11]= 292 [12]= 292 
key_index after (DPU 421) [0]= 104 [1]= 194 [2]= 289 [3]= 289 [4]= 289 [5]= 289 [6]= 289 [7]= 289 [8]= 289 [9]= 289 [10]= 289 [11]= 289 [12]= 289 
key_index after (DPU 422) [0]=  81 [1]= 168 [2]= 269 [3]= 269 [4]= 269 [5]= 269 [6]= 269 [7]= 269 [8]= 269 [9]= 269 [10]= 269 [11]= 269 [12]= 269 
key_index after (DPU 423) [0]=  91 [1]= 189 [2]= 277 [3]= 277 [4]= 277 [5]= 277 [6]= 277 [7]= 277 [8]= 277 [9]= 277 [10]= 277 [11]= 277 [12]= 277 
key_index after (DPU 424) [0]= 104 [1]= 191 [2]= 283 [3]= 283 [4]= 283 [5]= 283 [6]= 283 [7]= 283 [8]= 283 [9]= 283 [10]= 283 [11]= 283 [12]= 283 
key_index after (DPU 425) [0]=  91 [1]= 196 [2]= 285 [3]= 285 [4]= 285 [5]= 285 [6]= 285 [7]= 285 [8]= 285 [9]= 285 [10]= 285 [11]= 285 [12]= 285 
key_index after (DPU 426) [0]= 112 [1]= 207 [2]= 292 [3]= 292 [4]= 292 [5]= 292 [6]= 292 [7]= 292 [8]= 292 [9]= 292 [10]= 292 [11]= 292 [12]= 292 
key_index after (DPU 427) [0]=  99 [1]= 184 [2]= 277 [3]= 277 [4]= 277 [5]= 277 [6]= 277 [7]= 277 [8]= 277 [9]= 277 [10]= 277 [11]= 277 [12]= 277 
key_index after (DPU 428) [0]=  93 [1]= 180 [2]= 289 [3]= 289 [4]= 289 [5]= 289 [6]= 289 [7]= 289 [8]= 289 [9]= 289 [10]= 289 [11]= 289 [12]= 289 
key_index after (DPU 429) [0]=  98 [1]= 199 [2]= 307 [3]= 307 [4]= 307 [5]= 307 [6]= 307 [7]= 307 [8]= 307 [9]= 307 [10]= 307 [11]= 307 [12]= 307 
key_index after (DPU 430) [0]=  93 [1]= 179 [2]= 269 [3]= 269 [4]= 269 [5]= 269 [6]= 269 [7]= 269 [8]= 269 [9]= 269 [10]= 269 [11]= 269 [12]= 269 
key_index after (DPU 431) [0]=  97 [1]= 200 [2]= 308 [3]= 308 [4]= 308 [5]= 308 [6]= 308 [7]= 308 [8]= 308 [9]= 308 [10]= 308 [11]= 308 [12]= 308 
key_index after (DPU 432) [0]=  88 [1]= 177 [2]= 259 [3]= 259 [4]= 259 [5]= 259 [6]= 259 [7]= 259 [8]= 259 [9]= 259 [10]= 259 [11]= 259 [12]= 259 
key_index after (DPU 433) [0]= 101 [1]= 220 [2]= 318 [3]= 318 [4]= 318 [5]= 318 [6]= 318 [7]= 318 [8]= 318 [9]= 318 [10]= 318 [11]= 318 [12]= 318 
key_index after (DPU 434) [0]=  98 [1]= 178 [2]= 274 [3]= 274 [4]= 274 [5]= 274 [6]= 274 [7]= 274 [8]= 274 [9]= 274 [10]= 274 [11]= 274 [12]= 274 
key_index after (DPU 435) [0]=  89 [1]= 187 [2]= 273 [3]= 273 [4]= 273 [5]= 273 [6]= 273 [7]= 273 [8]= 273 [9]= 273 [10]= 273 [11]= 273 [12]= 273 
key_index after (DPU 436) [0]=  80 [1]= 175 [2]= 258 [3]= 258 [4]= 258 [5]= 258 [6]= 258 [7]= 258 [8]= 258 [9]= 258 [10]= 258 [11]= 258 [12]= 258 
key_index after (DPU 437) [0]=  97 [1]= 181 [2]= 263 [3]= 263 [4]= 263 [5]= 263 [6]= 263 [7]= 263 [8]= 263 [9]= 263 [10]= 263 [11]= 263 [12]= 263 
key_index after (DPU 438) [0]= 107 [1]= 209 [2]= 276 [3]= 276 [4]= 276 [5]= 276 [6]= 276 [7]= 276 [8]= 276 [9]= 276 [10]= 276 [11]= 276 [12]= 276 
key_index after (DPU 439) [0]=  83 [1]= 183 [2]= 285 [3]= 375 [4]= 375 [5]= 375 [6]= 375 [7]= 375 [8]= 375 [9]= 375 [10]= 375 [11]= 375 [12]= 375 
key_index after (DPU 440) [0]= 109 [1]= 199 [2]= 284 [3]= 284 [4]= 284 [5]= 284 [6]= 284 [7]= 284 [8]= 284 [9]= 284 [10]= 284 [11]= 284 [12]= 284 
key_index after (DPU 441) [0]=  91 [1]= 183 [2]= 265 [3]= 265 [4]= 265 [5]= 265 [6]= 265 [7]= 265 [8]= 265 [9]= 265 [10]= 265 [11]= 265 [12]= 265 
key_index after (DPU 442) [0]=  97 [1]= 186 [2]= 283 [3]= 283 [4]= 283 [5]= 283 [6]= 283 [7]= 283 [8]= 283 [9]= 283 [10]= 283 [11]= 283 [12]= 283 
key_index after (DPU 443) [0]=  91 [1]= 194 [2]= 279 [3]= 279 [4]= 279 [5]= 279 [6]= 279 [7]= 279 [8]= 279 [9]= 279 [10]= 279 [11]= 279 [12]= 279 
key_index after (DPU 444) [0]=  79 [1]= 186 [2]= 260 [3]= 260 [4]= 260 [5]= 260 [6]= 260 [7]= 260 [8]= 260 [9]= 260 [10]= 260 [11]= 260 [12]= 260 
key_index after (DPU 445) [0]=  81 [1]= 164 [2]= 250 [3]=3868 [4]=3868 [5]=3868 [6]=3868 [7]=3868 [8]=3868 [9]=3868 [10]=3868 [11]=3868 [12]=3868 
key_index after (DPU 446) [0]=   0 [1]=   0 [2]=   0 [3]=139861 [4]=139861 [5]=139861 [6]=139861 [7]=139861 [8]=139861 [9]=139861 [10]=139861 [11]=139861 [12]=139861 
key_index after (DPU 447) [0]=  91 [1]= 189 [2]= 272 [3]= 272 [4]= 272 [5]= 272 [6]= 272 [7]= 272 [8]= 272 [9]= 272 [10]= 272 [11]= 272 [12]= 272 
key_index after (DPU 448) [0]=  94 [1]= 189 [2]= 269 [3]= 269 [4]= 269 [5]= 269 [6]= 269 [7]= 269 [8]= 269 [9]= 269 [10]= 269 [11]= 269 [12]= 269 
key_index after (DPU 449) [0]=   0 [1]=   0 [2]=   0 [3]=21216 [4]=21216 [5]=21216 [6]=21216 [7]=21216 [8]=21216 [9]=21216 [10]=21216 [11]=21216 [12]=21216 
key_index after (DPU 450) [0]=  97 [1]= 204 [2]= 291 [3]= 291 [4]= 291 [5]= 291 [6]= 291 [7]= 291 [8]= 291 [9]= 291 [10]= 291 [11]= 291 [12]= 291 
key_index after (DPU 451) [0]= 109 [1]= 199 [2]= 291 [3]= 291 [4]= 291 [5]= 291 [6]= 291 [7]= 291 [8]= 291 [9]= 291 [10]= 291 [11]= 291 [12]= 291 
key_index after (DPU 452) [0]= 104 [1]= 199 [2]= 264 [3]= 264 [4]= 264 [5]= 264 [6]= 264 [7]= 264 [8]= 264 [9]= 264 [10]= 264 [11]= 264 [12]= 264 
key_index after (DPU 453) [0]= 105 [1]= 187 [2]= 273 [3]=7007 [4]=7007 [5]=7007 [6]=7007 [7]=7007 [8]=7007 [9]=7007 [10]=7007 [11]=7007 [12]=7007 
key_index after (DPU 454) [0]=  89 [1]= 176 [2]= 252 [3]= 337 [4]= 337 [5]= 337 [6]= 337 [7]= 337 [8]= 337 [9]= 337 [10]= 337 [11]= 337 [12]= 337 
key_index after (DPU 455) [0]=  76 [1]= 160 [2]= 248 [3]=5961 [4]=5961 [5]=5961 [6]=5961 [7]=5961 [8]=5961 [9]=5961 [10]=5961 [11]=5961 [12]=5961 
key_index after (DPU 456) [0]= 105 [1]= 198 [2]= 291 [3]= 291 [4]= 291 [5]= 291 [6]= 291 [7]= 291 [8]= 291 [9]= 291 [10]= 291 [11]= 291 [12]= 291 
key_index after (DPU 457) [0]=  95 [1]= 182 [2]= 257 [3]=6749 [4]=6749 [5]=6749 [6]=6749 [7]=6749 [8]=6749 [9]=6749 [10]=6749 [11]=6749 [12]=6749 
key_index after (DPU 458) [0]= 100 [1]= 180 [2]= 291 [3]= 390 [4]= 390 [5]= 390 [6]= 390 [7]= 390 [8]= 390 [9]= 390 [10]= 390 [11]= 390 [12]= 390 
key_index after (DPU 459) [0]=   0 [1]=  84 [2]=  84 [3]=12424 [4]=12424 [5]=12424 [6]=12424 [7]=12424 [8]=12424 [9]=12424 [10]=12424 [11]=12424 [12]=12424 
key_index after (DPU 460) [0]=  81 [1]= 172 [2]= 244 [3]= 336 [4]= 336 [5]= 336 [6]= 336 [7]= 336 [8]= 336 [9]= 336 [10]= 336 [11]= 336 [12]= 336 
key_index after (DPU 461) [0]=  68 [1]= 159 [2]= 237 [3]= 322 [4]= 322 [5]= 322 [6]= 322 [7]= 322 [8]= 322 [9]= 322 [10]= 322 [11]= 322 [12]= 322 
key_index after (DPU 462) [0]=  77 [1]= 176 [2]= 257 [3]=5081 [4]=5081 [5]=5081 [6]=5081 [7]=5081 [8]=5081 [9]=5081 [10]=5081 [11]=5081 [12]=5081 
key_index after (DPU 463) [0]=  77 [1]= 166 [2]= 240 [3]= 344 [4]= 344 [5]= 344 [6]= 344 [7]= 344 [8]= 344 [9]= 344 [10]= 344 [11]= 344 [12]= 344 
key_index after (DPU 464) [0]=  94 [1]= 188 [2]= 271 [3]=5602 [4]=5602 [5]=5602 [6]=5602 [7]=5602 [8]=5602 [9]=5602 [10]=5602 [11]=5602 [12]=5602 
key_index after (DPU 465) [0]=  82 [1]= 184 [2]= 287 [3]= 287 [4]= 287 [5]= 287 [6]= 287 [7]= 287 [8]= 287 [9]= 287 [10]= 287 [11]= 287 [12]= 287 
key_index after (DPU 466) [0]=  86 [1]= 187 [2]= 272 [3]= 363 [4]= 363 [5]= 363 [6]= 363 [7]= 363 [8]= 363 [9]= 363 [10]= 363 [11]= 363 [12]= 363 
key_index after (DPU 467) [0]= 103 [1]= 199 [2]= 285 [3]= 285 [4]= 285 [5]= 285 [6]= 285 [7]= 285 [8]= 285 [9]= 285 [10]= 285 [11]= 285 [12]= 285 
key_index after (DPU 468) [0]=  96 [1]= 190 [2]= 296 [3]= 296 [4]= 296 [5]= 296 [6]= 296 [7]= 296 [8]= 296 [9]= 296 [10]= 296 [11]= 296 [12]= 296 
key_index after (DPU 469) [0]=  84 [1]= 153 [2]= 243 [3]= 315 [4]= 315 [5]= 315 [6]= 315 [7]= 315 [8]= 315 [9]= 315 [10]= 315 [11]= 315 [12]= 315 
key_index after (DPU 470) [0]=   0 [1]=   0 [2]=   0 [3]=18081 [4]=18081 [5]=18081 [6]=18081 [7]=18081 [8]=18081 [9]=18081 [10]=18081 [11]=18081 [12]=18081 
key_index after (DPU 471) [0]=  85 [1]= 181 [2]= 256 [3]=4412 [4]=4412 [5]=4412 [6]=4412 [7]=4412 [8]=4412 [9]=4412 [10]=4412 [11]=4412 [12]=4412 
key_index after (DPU 472) [0]=  91 [1]= 187 [2]= 268 [3]= 268 [4]= 268 [5]= 268 [6]= 268 [7]= 268 [8]= 268 [9]= 268 [10]= 268 [11]= 268 [12]= 268 
key_index after (DPU 473) [0]= 102 [1]= 181 [2]= 284 [3]= 284 [4]= 284 [5]= 284 [6]= 284 [7]= 284 [8]= 284 [9]= 284 [10]= 284 [11]= 284 [12]= 284 
key_index after (DPU 474) [0]=  90 [1]= 174 [2]= 261 [3]= 261 [4]= 261 [5]= 261 [6]= 261 [7]= 261 [8]= 261 [9]= 261 [10]= 261 [11]= 261 [12]= 261 
key_index after (DPU 475) [0]=  78 [1]= 167 [2]= 249 [3]=8329 [4]=8329 [5]=8329 [6]=8329 [7]=8329 [8]=8329 [9]=8329 [10]=8329 [11]=8329 [12]=8329 
key_index after (DPU 476) [0]=  83 [1]= 178 [2]= 245 [3]= 342 [4]= 342 [5]= 342 [6]= 342 [7]= 342 [8]= 342 [9]= 342 [10]= 342 [11]= 342 [12]= 342 
key_index after (DPU 477) [0]=  71 [1]= 165 [2]= 247 [3]=4066 [4]=4066 [5]=4066 [6]=4066 [7]=4066 [8]=4066 [9]=4066 [10]=4066 [11]=4066 [12]=4066 
key_index after (DPU 478) [0]=  58 [1]= 141 [2]= 231 [3]= 306 [4]= 306 [5]= 306 [6]= 306 [7]= 306 [8]= 306 [9]= 306 [10]= 306 [11]= 306 [12]= 306 
key_index after (DPU 479) [0]=  90 [1]= 175 [2]= 267 [3]= 267 [4]= 267 [5]= 267 [6]= 267 [7]= 267 [8]= 267 [9]= 267 [10]= 267 [11]= 267 [12]= 267 
key_index after (DPU 480) [0]=  91 [1]= 171 [2]= 259 [3]= 259 [4]= 259 [5]= 259 [6]= 259 [7]= 259 [8]= 259 [9]= 259 [10]= 259 [11]= 259 [12]= 259 
key_index after (DPU 481) [0]=   0 [1]=   0 [2]=   0 [3]=33036 [4]=33036 [5]=33036 [6]=33036 [7]=33036 [8]=33036 [9]=33036 [10]=33036 [11]=33036 [12]=33036 
key_index after (DPU 482) [0]=  86 [1]= 170 [2]= 257 [3]= 257 [4]= 257 [5]= 257 [6]= 257 [7]= 257 [8]= 257 [9]= 257 [10]= 257 [11]= 257 [12]= 257 
key_index after (DPU 483) [0]=  82 [1]= 177 [2]= 242 [3]= 319 [4]= 319 [5]= 319 [6]= 319 [7]= 319 [8]= 319 [9]= 319 [10]= 319 [11]= 319 [12]= 319 
key_index after (DPU 484) [0]=  92 [1]= 182 [2]= 263 [3]= 263 [4]= 263 [5]= 263 [6]= 263 [7]= 263 [8]= 263 [9]= 263 [10]= 263 [11]= 263 [12]= 263 
key_index after (DPU 485) [0]=  71 [1]= 155 [2]= 248 [3]= 347 [4]= 347 [5]= 347 [6]= 347 [7]= 347 [8]= 347 [9]= 347 [10]= 347 [11]= 347 [12]= 347 
key_index after (DPU 486) [0]=  82 [1]= 160 [2]= 246 [3]= 313 [4]= 313 [5]= 313 [6]= 313 [7]= 313 [8]= 313 [9]= 313 [10]= 313 [11]= 313 [12]= 313 
key_index after (DPU 487) [0]=  79 [1]= 158 [2]= 237 [3]= 320 [4]= 320 [5]= 320 [6]= 320 [7]= 320 [8]= 320 [9]= 320 [10]= 320 [11]= 320 [12]= 320 
key_index after (DPU 488) [0]=  81 [1]= 169 [2]= 241 [3]= 317 [4]= 317 [5]= 317 [6]= 317 [7]= 317 [8]= 317 [9]= 317 [10]= 317 [11]= 317 [12]= 317 
key_index after (DPU 489) [0]=  82 [1]= 166 [2]= 257 [3]= 324 [4]= 324 [5]= 324 [6]= 324 [7]= 324 [8]= 324 [9]= 324 [10]= 324 [11]= 324 [12]= 324 
key_index after (DPU 490) [0]= 101 [1]= 187 [2]= 269 [3]= 353 [4]= 353 [5]= 353 [6]= 353 [7]= 353 [8]= 353 [9]= 353 [10]= 353 [11]= 353 [12]= 353 
key_index after (DPU 491) [0]=  83 [1]=  83 [2]= 161 [3]=10206 [4]=10206 [5]=10206 [6]=10206 [7]=10206 [8]=10206 [9]=10206 [10]=10206 [11]=10206 [12]=10206 
key_index after (DPU 492) [0]=  71 [1]= 139 [2]= 234 [3]= 317 [4]= 317 [5]= 317 [6]= 317 [7]= 317 [8]= 317 [9]= 317 [10]= 317 [11]= 317 [12]= 317 
key_index after (DPU 493) [0]=  75 [1]= 169 [2]= 249 [3]=7926 [4]=7926 [5]=7926 [6]=7926 [7]=7926 [8]=7926 [9]=7926 [10]=7926 [11]=7926 [12]=7926 
key_index after (DPU 494) [0]=  81 [1]= 156 [2]= 237 [3]= 341 [4]= 341 [5]= 341 [6]= 341 [7]= 341 [8]= 341 [9]= 341 [10]= 341 [11]= 341 [12]= 341 
key_index after (DPU 495) [0]=  79 [1]= 173 [2]= 241 [3]=9507 [4]=9507 [5]=9507 [6]=9507 [7]=9507 [8]=9507 [9]=9507 [10]=9507 [11]=9507 [12]=9507 
key_index after (DPU 496) [0]=   0 [1]=   0 [2]=   0 [3]=13735 [4]=13735 [5]=13735 [6]=13735 [7]=13735 [8]=13735 [9]=13735 [10]=13735 [11]=13735 [12]=13735 
key_index after (DPU 497) [0]=  85 [1]= 169 [2]= 265 [3]= 348 [4]= 348 [5]= 348 [6]= 348 [7]= 348 [8]= 348 [9]= 348 [10]= 348 [11]= 348 [12]= 348 
key_index after (DPU 498) [0]=  75 [1]= 144 [2]= 244 [3]= 324 [4]= 324 [5]= 324 [6]= 324 [7]= 324 [8]= 324 [9]= 324 [10]= 324 [11]= 324 [12]= 324 
key_index after (DPU 499) [0]=   0 [1]=   0 [2]=   0 [3]=48411 [4]=48411 [5]=48411 [6]=48411 [7]=48411 [8]=48411 [9]=48411 [10]=48411 [11]=48411 [12]=48411 
[1/4] preprocess finished 0.00000sec
sending 1000000 requests for 0 DPUS...
[2/4] send finished 0.00000sec
[3/4]all the dpu execution finished: 0.00000sec
[4/4] batch postprocess finished: 0.00000sec
0.99, 500, 12, 9, 1000000, 139861, 0.44871, 0.45235, 0.00015, 0.00003, 0.00000, 0.00000, 0.00000, 0.00000, 0.90124, 1109587
======= batch 9 =======
key_index before (DPU 0) [0]=   0 [1]=   0 [2]=71797 [3]=71797 [4]=71797 [5]=71797 [6]=71797 [7]=71797 [8]=71797 [9]=71797 [10]=71797 [11]=71797 [12]=71797 
key_index before (DPU 1) [0]=   0 [1]=   0 [2]=26083 [3]=26083 [4]=26083 [5]=26083 [6]=26083 [7]=26083 [8]=26083 [9]=26083 [10]=26083 [11]=26083 [12]=26083 
key_index before (DPU 2) [0]=   0 [1]=   0 [2]=15742 [3]=15742 [4]=15742 [5]=15742 [6]=15742 [7]=15742 [8]=15742 [9]=15742 [10]=15742 [11]=15742 [12]=15742 
key_index before (DPU 3) [0]=   0 [1]=   0 [2]=11242 [3]=11242 [4]=11242 [5]=11242 [6]=11242 [7]=11242 [8]=11242 [9]=11242 [10]=11242 [11]=11242 [12]=11242 
key_index before (DPU 4) [0]=   0 [1]=   0 [2]=8789 [3]=8789 [4]=8789 [5]=8789 [6]=8789 [7]=8789 [8]=8789 [9]=8789 [10]=8789 [11]=8789 [12]=8789 
key_index before (DPU 5) [0]=   0 [1]=   0 [2]=7278 [3]=7278 [4]=7278 [5]=7278 [6]=7278 [7]=7278 [8]=7278 [9]=7278 [10]=7278 [11]=7278 [12]=7278 
key_index before (DPU 6) [0]=   0 [1]=   0 [2]=6025 [3]=6025 [4]=6025 [5]=6025 [6]=6025 [7]=6025 [8]=6025 [9]=6025 [10]=6025 [11]=6025 [12]=6025 
key_index before (DPU 7) [0]=   0 [1]=   0 [2]=5281 [3]=5281 [4]=5281 [5]=5281 [6]=5281 [7]=5281 [8]=5281 [9]=5281 [10]=5281 [11]=5281 [12]=5281 
key_index before (DPU 8) [0]=   0 [1]=   0 [2]=4696 [3]=9155 [4]=9155 [5]=9155 [6]=9155 [7]=9155 [8]=9155 [9]=9155 [10]=9155 [11]=9155 [12]=9155 
key_index before (DPU 9) [0]=   0 [1]=   0 [2]=4089 [3]=8128 [4]=8128 [5]=8128 [6]=8128 [7]=8128 [8]=8128 [9]=8128 [10]=8128 [11]=8128 [12]=8128 
key_index before (DPU 10) [0]=   0 [1]=   0 [2]=3714 [3]=7370 [4]=7370 [5]=7370 [6]=7370 [7]=7370 [8]=7370 [9]=7370 [10]=7370 [11]=7370 [12]=7370 
key_index before (DPU 11) [0]=   0 [1]=   0 [2]=3420 [3]=6805 [4]=6805 [5]=6805 [6]=6805 [7]=6805 [8]=6805 [9]=6805 [10]=6805 [11]=6805 [12]=6805 
key_index before (DPU 12) [0]=   0 [1]=3248 [2]=3248 [3]=6235 [4]=6235 [5]=6235 [6]=6235 [7]=6235 [8]=6235 [9]=6235 [10]=6235 [11]=6235 [12]=6235 
key_index before (DPU 13) [0]=   0 [1]=2968 [2]=5910 [3]=8825 [4]=8825 [5]=8825 [6]=8825 [7]=8825 [8]=8825 [9]=8825 [10]=8825 [11]=8825 [12]=8825 
key_index before (DPU 14) [0]=   0 [1]=2758 [2]=5472 [3]=8208 [4]=8208 [5]=8208 [6]=8208 [7]=8208 [8]=8208 [9]=8208 [10]=8208 [11]=8208 [12]=8208 
key_index before (DPU 15) [0]=   0 [1]=2616 [2]=5192 [3]=7707 [4]=7707 [5]=7707 [6]=7707 [7]=7707 [8]=7707 [9]=7707 [10]=7707 [11]=7707 [12]=7707 
key_index before (DPU 16) [0]=   0 [1]=2427 [2]=4843 [3]=7090 [4]=7090 [5]=7090 [6]=7090 [7]=7090 [8]=7090 [9]=7090 [10]=7090 [11]=7090 [12]=7090 
key_index before (DPU 17) [0]=   0 [1]=2402 [2]=4675 [3]=6937 [4]=6937 [5]=6937 [6]=6937 [7]=6937 [8]=6937 [9]=6937 [10]=6937 [11]=6937 [12]=6937 
key_index before (DPU 18) [0]=   0 [1]=2212 [2]=4310 [3]=6414 [4]=6414 [5]=6414 [6]=6414 [7]=6414 [8]=6414 [9]=6414 [10]=6414 [11]=6414 [12]=6414 
key_index before (DPU 19) [0]=   0 [1]=2041 [2]=4122 [3]=6089 [4]=6089 [5]=6089 [6]=6089 [7]=6089 [8]=6089 [9]=6089 [10]=6089 [11]=6089 [12]=6089 
key_index before (DPU 20) [0]=   0 [1]=1989 [2]=3918 [3]=5838 [4]=5838 [5]=5838 [6]=5838 [7]=5838 [8]=5838 [9]=5838 [10]=5838 [11]=5838 [12]=5838 
key_index before (DPU 21) [0]=   0 [1]=1891 [2]=3689 [3]=5496 [4]=5496 [5]=5496 [6]=5496 [7]=5496 [8]=5496 [9]=5496 [10]=5496 [11]=5496 [12]=5496 
key_index before (DPU 22) [0]=   0 [1]=1758 [2]=3472 [3]=5137 [4]=5137 [5]=5137 [6]=5137 [7]=5137 [8]=5137 [9]=5137 [10]=5137 [11]=5137 [12]=5137 
key_index before (DPU 23) [0]=   0 [1]=1666 [2]=3397 [3]=5004 [4]=5004 [5]=5004 [6]=5004 [7]=5004 [8]=5004 [9]=5004 [10]=5004 [11]=5004 [12]=5004 
key_index before (DPU 24) [0]=   0 [1]=1694 [2]=3335 [3]=4971 [4]=4971 [5]=4971 [6]=4971 [7]=4971 [8]=4971 [9]=4971 [10]=4971 [11]=4971 [12]=4971 
key_index before (DPU 25) [0]=   0 [1]=1638 [2]=3233 [3]=4737 [4]=4737 [5]=4737 [6]=4737 [7]=4737 [8]=4737 [9]=4737 [10]=4737 [11]=4737 [12]=4737 
key_index before (DPU 26) [0]=   0 [1]=1498 [2]=3003 [3]=4562 [4]=4562 [5]=4562 [6]=4562 [7]=4562 [8]=4562 [9]=4562 [10]=4562 [11]=4562 [12]=4562 
key_index before (DPU 27) [0]=   0 [1]=1441 [2]=2864 [3]=4253 [4]=4253 [5]=4253 [6]=4253 [7]=4253 [8]=4253 [9]=4253 [10]=4253 [11]=4253 [12]=4253 
key_index before (DPU 28) [0]=   0 [1]=1424 [2]=2888 [3]=4264 [4]=4264 [5]=4264 [6]=4264 [7]=4264 [8]=4264 [9]=4264 [10]=4264 [11]=4264 [12]=4264 
key_index before (DPU 29) [0]=   0 [1]=1418 [2]=2779 [3]=4128 [4]=4128 [5]=4128 [6]=4128 [7]=4128 [8]=4128 [9]=4128 [10]=4128 [11]=4128 [12]=4128 
key_index before (DPU 30) [0]=   0 [1]=1319 [2]=2604 [3]=3862 [4]=3862 [5]=3862 [6]=3862 [7]=3862 [8]=3862 [9]=3862 [10]=3862 [11]=3862 [12]=3862 
key_index before (DPU 31) [0]=   0 [1]=1223 [2]=2520 [3]=3803 [4]=3803 [5]=3803 [6]=3803 [7]=3803 [8]=3803 [9]=3803 [10]=3803 [11]=3803 [12]=3803 
key_index before (DPU 32) [0]=   0 [1]=1277 [2]=2478 [3]=3701 [4]=3701 [5]=3701 [6]=3701 [7]=3701 [8]=3701 [9]=3701 [10]=3701 [11]=3701 [12]=3701 
key_index before (DPU 33) [0]=   0 [1]=1169 [2]=2325 [3]=3531 [4]=3531 [5]=3531 [6]=3531 [7]=3531 [8]=3531 [9]=3531 [10]=3531 [11]=3531 [12]=3531 
key_index before (DPU 34) [0]=   0 [1]=1181 [2]=2343 [3]=3464 [4]=3464 [5]=3464 [6]=3464 [7]=3464 [8]=3464 [9]=3464 [10]=3464 [11]=3464 [12]=3464 
key_index before (DPU 35) [0]=   0 [1]=1156 [2]=2278 [3]=3403 [4]=3403 [5]=3403 [6]=3403 [7]=3403 [8]=3403 [9]=3403 [10]=3403 [11]=3403 [12]=3403 
key_index before (DPU 36) [0]=   0 [1]=1050 [2]=2176 [3]=3250 [4]=3250 [5]=3250 [6]=3250 [7]=3250 [8]=3250 [9]=3250 [10]=3250 [11]=3250 [12]=3250 
key_index before (DPU 37) [0]=   0 [1]=1118 [2]=2155 [3]=3201 [4]=3201 [5]=3201 [6]=3201 [7]=3201 [8]=3201 [9]=3201 [10]=3201 [11]=3201 [12]=3201 
key_index before (DPU 38) [0]=   0 [1]=1016 [2]=2042 [3]=3073 [4]=3073 [5]=3073 [6]=3073 [7]=3073 [8]=3073 [9]=3073 [10]=3073 [11]=3073 [12]=3073 
key_index before (DPU 39) [0]=   0 [1]=1058 [2]=2100 [3]=3101 [4]=3101 [5]=3101 [6]=3101 [7]=3101 [8]=3101 [9]=3101 [10]=3101 [11]=3101 [12]=3101 
key_index before (DPU 40) [0]=   0 [1]=1037 [2]=2044 [3]=2983 [4]=2983 [5]=2983 [6]=2983 [7]=2983 [8]=2983 [9]=2983 [10]=2983 [11]=2983 [12]=2983 
key_index before (DPU 41) [0]=   0 [1]=1033 [2]=1984 [3]=2879 [4]=2879 [5]=2879 [6]=2879 [7]=2879 [8]=2879 [9]=2879 [10]=2879 [11]=2879 [12]=2879 
key_index before (DPU 42) [0]=   0 [1]= 943 [2]=1865 [3]=2788 [4]=2788 [5]=2788 [6]=2788 [7]=2788 [8]=2788 [9]=2788 [10]=2788 [11]=2788 [12]=2788 
key_index before (DPU 43) [0]=   0 [1]= 960 [2]=1867 [3]=2725 [4]=2725 [5]=2725 [6]=2725 [7]=2725 [8]=2725 [9]=2725 [10]=2725 [11]=2725 [12]=2725 
key_index before (DPU 44) [0]=   0 [1]= 939 [2]=1799 [3]=2643 [4]=2643 [5]=2643 [6]=2643 [7]=2643 [8]=2643 [9]=2643 [10]=2643 [11]=2643 [12]=2643 
key_index before (DPU 45) [0]=   0 [1]= 927 [2]=1793 [3]=2725 [4]=2725 [5]=2725 [6]=2725 [7]=2725 [8]=2725 [9]=2725 [10]=2725 [11]=2725 [12]=2725 
key_index before (DPU 46) [0]=   0 [1]= 849 [2]=1736 [3]=2603 [4]=2603 [5]=2603 [6]=2603 [7]=2603 [8]=2603 [9]=2603 [10]=2603 [11]=2603 [12]=2603 
key_index before (DPU 47) [0]=   0 [1]= 835 [2]=1652 [3]=2520 [4]=2520 [5]=2520 [6]=2520 [7]=2520 [8]=2520 [9]=2520 [10]=2520 [11]=2520 [12]=2520 
key_index before (DPU 48) [0]=   0 [1]= 831 [2]=1704 [3]=2532 [4]=2532 [5]=2532 [6]=2532 [7]=2532 [8]=2532 [9]=2532 [10]=2532 [11]=2532 [12]=2532 
key_index before (DPU 49) [0]=   0 [1]= 790 [2]=1571 [3]=2362 [4]=2362 [5]=2362 [6]=2362 [7]=2362 [8]=2362 [9]=2362 [10]=2362 [11]=2362 [12]=2362 
key_index before (DPU 50) [0]=   0 [1]= 797 [2]=1552 [3]=2302 [4]=2302 [5]=2302 [6]=2302 [7]=2302 [8]=2302 [9]=2302 [10]=2302 [11]=2302 [12]=2302 
key_index before (DPU 51) [0]=   0 [1]= 783 [2]=1577 [3]=2323 [4]=2323 [5]=2323 [6]=2323 [7]=2323 [8]=2323 [9]=2323 [10]=2323 [11]=2323 [12]=2323 
key_index before (DPU 52) [0]=   0 [1]= 799 [2]=1552 [3]=2303 [4]=2303 [5]=2303 [6]=2303 [7]=2303 [8]=2303 [9]=2303 [10]=2303 [11]=2303 [12]=2303 
key_index before (DPU 53) [0]=   0 [1]= 743 [2]=1477 [3]=2258 [4]=2258 [5]=2258 [6]=2258 [7]=2258 [8]=2258 [9]=2258 [10]=2258 [11]=2258 [12]=2258 
key_index before (DPU 54) [0]=   0 [1]= 759 [2]=1493 [3]=2216 [4]=2216 [5]=2216 [6]=2216 [7]=2216 [8]=2216 [9]=2216 [10]=2216 [11]=2216 [12]=2216 
key_index before (DPU 55) [0]=   0 [1]= 741 [2]=1476 [3]=2246 [4]=2246 [5]=2246 [6]=2246 [7]=2246 [8]=2246 [9]=2246 [10]=2246 [11]=2246 [12]=2246 
key_index before (DPU 56) [0]=   0 [1]= 699 [2]=1447 [3]=2167 [4]=2167 [5]=2167 [6]=2167 [7]=2167 [8]=2167 [9]=2167 [10]=2167 [11]=2167 [12]=2167 
key_index before (DPU 57) [0]=   0 [1]= 764 [2]=1457 [3]=2131 [4]=2131 [5]=2131 [6]=2131 [7]=2131 [8]=2131 [9]=2131 [10]=2131 [11]=2131 [12]=2131 
key_index before (DPU 58) [0]=   0 [1]= 649 [2]=1357 [3]=2051 [4]=2051 [5]=2051 [6]=2051 [7]=2051 [8]=2051 [9]=2051 [10]=2051 [11]=2051 [12]=2051 
key_index before (DPU 59) [0]=   0 [1]= 691 [2]=1377 [3]=2025 [4]=2025 [5]=2025 [6]=2025 [7]=2025 [8]=2025 [9]=2025 [10]=2025 [11]=2025 [12]=2025 
key_index before (DPU 60) [0]=   0 [1]= 680 [2]=1261 [3]=1916 [4]=1916 [5]=1916 [6]=1916 [7]=1916 [8]=1916 [9]=1916 [10]=1916 [11]=1916 [12]=1916 
key_index before (DPU 61) [0]=   0 [1]= 660 [2]=1284 [3]=1927 [4]=1927 [5]=1927 [6]=1927 [7]=1927 [8]=1927 [9]=1927 [10]=1927 [11]=1927 [12]=1927 
key_index before (DPU 62) [0]=   0 [1]= 647 [2]=1303 [3]=1977 [4]=1977 [5]=1977 [6]=1977 [7]=1977 [8]=1977 [9]=1977 [10]=1977 [11]=1977 [12]=1977 
key_index before (DPU 63) [0]=   0 [1]= 612 [2]=1254 [3]=1945 [4]=1945 [5]=1945 [6]=1945 [7]=1945 [8]=1945 [9]=1945 [10]=1945 [11]=1945 [12]=1945 
key_index before (DPU 64) [0]=   0 [1]= 658 [2]=1361 [3]=1973 [4]=1973 [5]=1973 [6]=1973 [7]=1973 [8]=1973 [9]=1973 [10]=1973 [11]=1973 [12]=1973 
key_index before (DPU 65) [0]=   0 [1]= 638 [2]=1293 [3]=1876 [4]=1876 [5]=1876 [6]=1876 [7]=1876 [8]=1876 [9]=1876 [10]=1876 [11]=1876 [12]=1876 
key_index before (DPU 66) [0]=   0 [1]= 649 [2]=1271 [3]=1854 [4]=1854 [5]=1854 [6]=1854 [7]=1854 [8]=1854 [9]=1854 [10]=1854 [11]=1854 [12]=1854 
key_index before (DPU 67) [0]=   0 [1]= 637 [2]=1222 [3]=1779 [4]=1779 [5]=1779 [6]=1779 [7]=1779 [8]=1779 [9]=1779 [10]=1779 [11]=1779 [12]=1779 
key_index before (DPU 68) [0]=   0 [1]= 624 [2]=1177 [3]=1761 [4]=1761 [5]=1761 [6]=1761 [7]=1761 [8]=1761 [9]=1761 [10]=1761 [11]=1761 [12]=1761 
key_index before (DPU 69) [0]=   0 [1]= 560 [2]=1098 [3]=1707 [4]=1707 [5]=1707 [6]=1707 [7]=1707 [8]=1707 [9]=1707 [10]=1707 [11]=1707 [12]=1707 
key_index before (DPU 70) [0]=   0 [1]= 599 [2]=1158 [3]=1712 [4]=1712 [5]=1712 [6]=1712 [7]=1712 [8]=1712 [9]=1712 [10]=1712 [11]=1712 [12]=1712 
key_index before (DPU 71) [0]=   0 [1]= 548 [2]=1104 [3]=1647 [4]=1647 [5]=1647 [6]=1647 [7]=1647 [8]=1647 [9]=1647 [10]=1647 [11]=1647 [12]=1647 
key_index before (DPU 72) [0]=   0 [1]= 545 [2]=1053 [3]=1603 [4]=1603 [5]=1603 [6]=1603 [7]=1603 [8]=1603 [9]=1603 [10]=1603 [11]=1603 [12]=1603 
key_index before (DPU 73) [0]=   0 [1]= 569 [2]=1112 [3]=1673 [4]=1673 [5]=1673 [6]=1673 [7]=1673 [8]=1673 [9]=1673 [10]=1673 [11]=1673 [12]=1673 
key_index before (DPU 74) [0]=   0 [1]= 552 [2]=1115 [3]=1658 [4]=1658 [5]=1658 [6]=1658 [7]=1658 [8]=1658 [9]=1658 [10]=1658 [11]=1658 [12]=1658 
key_index before (DPU 75) [0]=   0 [1]= 521 [2]=1044 [3]=1548 [4]=1548 [5]=1548 [6]=1548 [7]=1548 [8]=1548 [9]=1548 [10]=1548 [11]=1548 [12]=1548 
key_index before (DPU 76) [0]=   0 [1]= 534 [2]=1056 [3]=1595 [4]=1595 [5]=1595 [6]=1595 [7]=1595 [8]=1595 [9]=1595 [10]=1595 [11]=1595 [12]=1595 
key_index before (DPU 77) [0]=   0 [1]= 529 [2]=1003 [3]=1538 [4]=1538 [5]=1538 [6]=1538 [7]=1538 [8]=1538 [9]=1538 [10]=1538 [11]=1538 [12]=1538 
key_index before (DPU 78) [0]=   0 [1]= 531 [2]=1028 [3]=1534 [4]=1534 [5]=1534 [6]=1534 [7]=1534 [8]=1534 [9]=1534 [10]=1534 [11]=1534 [12]=1534 
key_index before (DPU 79) [0]=   0 [1]= 506 [2]=1006 [3]=1484 [4]=1484 [5]=1484 [6]=1484 [7]=1484 [8]=1484 [9]=1484 [10]=1484 [11]=1484 [12]=1484 
key_index before (DPU 80) [0]=   0 [1]= 501 [2]= 997 [3]=1502 [4]=1502 [5]=1502 [6]=1502 [7]=1502 [8]=1502 [9]=1502 [10]=1502 [11]=1502 [12]=1502 
key_index before (DPU 81) [0]=   0 [1]= 535 [2]=1022 [3]=1520 [4]=1520 [5]=1520 [6]=1520 [7]=1520 [8]=1520 [9]=1520 [10]=1520 [11]=1520 [12]=1520 
key_index before (DPU 82) [0]=   0 [1]= 475 [2]= 989 [3]=1490 [4]=1490 [5]=1490 [6]=1490 [7]=1490 [8]=1490 [9]=1490 [10]=1490 [11]=1490 [12]=1490 
key_index before (DPU 83) [0]=   0 [1]= 443 [2]= 958 [3]=1443 [4]=1443 [5]=1443 [6]=1443 [7]=1443 [8]=1443 [9]=1443 [10]=1443 [11]=1443 [12]=1443 
key_index before (DPU 84) [0]=   0 [1]= 460 [2]= 972 [3]=1419 [4]=1419 [5]=1419 [6]=1419 [7]=1419 [8]=1419 [9]=1419 [10]=1419 [11]=1419 [12]=1419 
key_index before (DPU 85) [0]=   0 [1]= 471 [2]= 960 [3]=1463 [4]=1463 [5]=1463 [6]=1463 [7]=1463 [8]=1463 [9]=1463 [10]=1463 [11]=1463 [12]=1463 
key_index before (DPU 86) [0]=   0 [1]= 466 [2]= 935 [3]=1399 [4]=1399 [5]=1399 [6]=1399 [7]=1399 [8]=1399 [9]=1399 [10]=1399 [11]=1399 [12]=1399 
key_index before (DPU 87) [0]=   0 [1]= 446 [2]= 974 [3]=1399 [4]=1399 [5]=1399 [6]=1399 [7]=1399 [8]=1399 [9]=1399 [10]=1399 [11]=1399 [12]=1399 
key_index before (DPU 88) [0]=   0 [1]= 470 [2]= 911 [3]=1368 [4]=1368 [5]=1368 [6]=1368 [7]=1368 [8]=1368 [9]=1368 [10]=1368 [11]=1368 [12]=1368 
key_index before (DPU 89) [0]=   0 [1]= 438 [2]= 913 [3]=1354 [4]=1354 [5]=1354 [6]=1354 [7]=1354 [8]=1354 [9]=1354 [10]=1354 [11]=1354 [12]=1354 
key_index before (DPU 90) [0]=   0 [1]= 425 [2]= 847 [3]=1302 [4]=1302 [5]=1302 [6]=1302 [7]=1302 [8]=1302 [9]=1302 [10]=1302 [11]=1302 [12]=1302 
key_index before (DPU 91) [0]=   0 [1]= 448 [2]= 894 [3]=1324 [4]=1324 [5]=1324 [6]=1324 [7]=1324 [8]=1324 [9]=1324 [10]=1324 [11]=1324 [12]=1324 
key_index before (DPU 92) [0]=   0 [1]= 419 [2]= 885 [3]=1333 [4]=1333 [5]=1333 [6]=1333 [7]=1333 [8]=1333 [9]=1333 [10]=1333 [11]=1333 [12]=1333 
key_index before (DPU 93) [0]=   0 [1]= 440 [2]= 908 [3]=1321 [4]=1321 [5]=1321 [6]=1321 [7]=1321 [8]=1321 [9]=1321 [10]=1321 [11]=1321 [12]=1321 
key_index before (DPU 94) [0]=   0 [1]= 465 [2]= 867 [3]=1264 [4]=1264 [5]=1264 [6]=1264 [7]=1264 [8]=1264 [9]=1264 [10]=1264 [11]=1264 [12]=1264 
key_index before (DPU 95) [0]=   0 [1]= 417 [2]= 818 [3]=1245 [4]=1245 [5]=1245 [6]=1245 [7]=1245 [8]=1245 [9]=1245 [10]=1245 [11]=1245 [12]=1245 
key_index before (DPU 96) [0]=   0 [1]= 413 [2]= 824 [3]=1232 [4]=1232 [5]=1232 [6]=1232 [7]=1232 [8]=1232 [9]=1232 [10]=1232 [11]=1232 [12]=1232 
key_index before (DPU 97) [0]=   0 [1]= 449 [2]= 911 [3]=1313 [4]=1313 [5]=1313 [6]=1313 [7]=1313 [8]=1313 [9]=1313 [10]=1313 [11]=1313 [12]=1313 
key_index before (DPU 98) [0]=   0 [1]= 398 [2]= 798 [3]=1214 [4]=1214 [5]=1214 [6]=1214 [7]=1214 [8]=1214 [9]=1214 [10]=1214 [11]=1214 [12]=1214 
key_index before (DPU 99) [0]=   0 [1]= 398 [2]= 797 [3]=1172 [4]=1172 [5]=1172 [6]=1172 [7]=1172 [8]=1172 [9]=1172 [10]=1172 [11]=1172 [12]=1172 
key_index before (DPU 100) [0]=   0 [1]= 381 [2]= 774 [3]=1181 [4]=1181 [5]=1181 [6]=1181 [7]=1181 [8]=1181 [9]=1181 [10]=1181 [11]=1181 [12]=1181 
key_index before (DPU 101) [0]=   0 [1]= 430 [2]= 831 [3]=1247 [4]=1247 [5]=1247 [6]=1247 [7]=1247 [8]=1247 [9]=1247 [10]=1247 [11]=1247 [12]=1247 
key_index before (DPU 102) [0]=   0 [1]= 404 [2]= 805 [3]=1183 [4]=1183 [5]=1183 [6]=1183 [7]=1183 [8]=1183 [9]=1183 [10]=1183 [11]=1183 [12]=1183 
key_index before (DPU 103) [0]=   0 [1]= 339 [2]= 730 [3]=1107 [4]=1107 [5]=1107 [6]=1107 [7]=1107 [8]=1107 [9]=1107 [10]=1107 [11]=1107 [12]=1107 
key_index before (DPU 104) [0]=   0 [1]= 368 [2]= 736 [3]=1081 [4]=1081 [5]=1081 [6]=1081 [7]=1081 [8]=1081 [9]=1081 [10]=1081 [11]=1081 [12]=1081 
key_index before (DPU 105) [0]=   0 [1]= 388 [2]= 775 [3]=1141 [4]=1141 [5]=1141 [6]=1141 [7]=1141 [8]=1141 [9]=1141 [10]=1141 [11]=1141 [12]=1141 
key_index before (DPU 106) [0]=   0 [1]= 378 [2]= 751 [3]=1109 [4]=1109 [5]=1109 [6]=1109 [7]=1109 [8]=1109 [9]=1109 [10]=1109 [11]=1109 [12]=1109 
key_index before (DPU 107) [0]=   0 [1]= 407 [2]= 801 [3]=1138 [4]=1138 [5]=1138 [6]=1138 [7]=1138 [8]=1138 [9]=1138 [10]=1138 [11]=1138 [12]=1138 
key_index before (DPU 108) [0]=   0 [1]= 366 [2]= 713 [3]=1076 [4]=1076 [5]=1076 [6]=1076 [7]=1076 [8]=1076 [9]=1076 [10]=1076 [11]=1076 [12]=1076 
key_index before (DPU 109) [0]=   0 [1]= 374 [2]= 721 [3]=1121 [4]=1121 [5]=1121 [6]=1121 [7]=1121 [8]=1121 [9]=1121 [10]=1121 [11]=1121 [12]=1121 
key_index before (DPU 110) [0]=   0 [1]= 354 [2]= 707 [3]=1027 [4]=1027 [5]=1027 [6]=1027 [7]=1027 [8]=1027 [9]=1027 [10]=1027 [11]=1027 [12]=1027 
key_index before (DPU 111) [0]=   0 [1]= 367 [2]= 724 [3]=1095 [4]=1095 [5]=1095 [6]=1095 [7]=1095 [8]=1095 [9]=1095 [10]=1095 [11]=1095 [12]=1095 
key_index before (DPU 112) [0]=   0 [1]= 364 [2]= 732 [3]=1100 [4]=1100 [5]=1100 [6]=1100 [7]=1100 [8]=1100 [9]=1100 [10]=1100 [11]=1100 [12]=1100 
key_index before (DPU 113) [0]=   0 [1]= 373 [2]= 734 [3]=1082 [4]=1082 [5]=1082 [6]=1082 [7]=1082 [8]=1082 [9]=1082 [10]=1082 [11]=1082 [12]=1082 
key_index before (DPU 114) [0]=   0 [1]= 350 [2]= 717 [3]=1032 [4]=1032 [5]=1032 [6]=1032 [7]=1032 [8]=1032 [9]=1032 [10]=1032 [11]=1032 [12]=1032 
key_index before (DPU 115) [0]=   0 [1]= 366 [2]= 702 [3]=1053 [4]=1053 [5]=1053 [6]=1053 [7]=1053 [8]=1053 [9]=1053 [10]=1053 [11]=1053 [12]=1053 
key_index before (DPU 116) [0]=   0 [1]= 347 [2]= 690 [3]=1023 [4]=1023 [5]=1023 [6]=1023 [7]=1023 [8]=1023 [9]=1023 [10]=1023 [11]=1023 [12]=1023 
key_index before (DPU 117) [0]=   0 [1]= 387 [2]= 749 [3]=1091 [4]=1091 [5]=1091 [6]=1091 [7]=1091 [8]=1091 [9]=1091 [10]=1091 [11]=1091 [12]=1091 
key_index before (DPU 118) [0]=   0 [1]= 342 [2]= 697 [3]=1013 [4]=1013 [5]=1013 [6]=1013 [7]=1013 [8]=1013 [9]=1013 [10]=1013 [11]=1013 [12]=1013 
key_index before (DPU 119) [0]=   0 [1]= 339 [2]= 685 [3]=1031 [4]=1031 [5]=1031 [6]=1031 [7]=1031 [8]=1031 [9]=1031 [10]=1031 [11]=1031 [12]=1031 
key_index before (DPU 120) [0]=   0 [1]= 360 [2]= 696 [3]=1059 [4]=1059 [5]=1059 [6]=1059 [7]=1059 [8]=1059 [9]=1059 [10]=1059 [11]=1059 [12]=1059 
key_index before (DPU 121) [0]=   0 [1]= 338 [2]= 663 [3]= 990 [4]= 990 [5]= 990 [6]= 990 [7]= 990 [8]= 990 [9]= 990 [10]= 990 [11]= 990 [12]= 990 
key_index before (DPU 122) [0]=   0 [1]= 330 [2]= 635 [3]= 969 [4]= 969 [5]= 969 [6]= 969 [7]= 969 [8]= 969 [9]= 969 [10]= 969 [11]= 969 [12]= 969 
key_index before (DPU 123) [0]=   0 [1]= 332 [2]= 649 [3]= 973 [4]= 973 [5]= 973 [6]= 973 [7]= 973 [8]= 973 [9]= 973 [10]= 973 [11]= 973 [12]= 973 
key_index before (DPU 124) [0]=   0 [1]= 326 [2]= 643 [3]=1000 [4]=1000 [5]=1000 [6]=1000 [7]=1000 [8]=1000 [9]=1000 [10]=1000 [11]=1000 [12]=1000 
key_index before (DPU 125) [0]=   0 [1]= 309 [2]= 659 [3]= 970 [4]= 970 [5]= 970 [6]= 970 [7]= 970 [8]= 970 [9]= 970 [10]= 970 [11]= 970 [12]= 970 
key_index before (DPU 126) [0]=   0 [1]= 309 [2]= 635 [3]= 946 [4]= 946 [5]= 946 [6]= 946 [7]= 946 [8]= 946 [9]= 946 [10]= 946 [11]= 946 [12]= 946 
key_index before (DPU 127) [0]=   0 [1]= 354 [2]= 666 [3]= 951 [4]= 951 [5]= 951 [6]= 951 [7]= 951 [8]= 951 [9]= 951 [10]= 951 [11]= 951 [12]= 951 
key_index before (DPU 128) [0]=   0 [1]= 299 [2]= 607 [3]= 931 [4]= 931 [5]= 931 [6]= 931 [7]= 931 [8]= 931 [9]= 931 [10]= 931 [11]= 931 [12]= 931 
key_index before (DPU 129) [0]=   0 [1]= 326 [2]= 629 [3]= 939 [4]= 939 [5]= 939 [6]= 939 [7]= 939 [8]= 939 [9]= 939 [10]= 939 [11]= 939 [12]= 939 
key_index before (DPU 130) [0]=   0 [1]= 292 [2]= 595 [3]= 914 [4]= 914 [5]= 914 [6]= 914 [7]= 914 [8]= 914 [9]= 914 [10]= 914 [11]= 914 [12]= 914 
key_index before (DPU 131) [0]=   0 [1]= 298 [2]= 594 [3]= 910 [4]= 910 [5]= 910 [6]= 910 [7]= 910 [8]= 910 [9]= 910 [10]= 910 [11]= 910 [12]= 910 
key_index before (DPU 132) [0]=   0 [1]= 272 [2]= 582 [3]= 847 [4]= 847 [5]= 847 [6]= 847 [7]= 847 [8]= 847 [9]= 847 [10]= 847 [11]= 847 [12]= 847 
key_index before (DPU 133) [0]=   0 [1]= 292 [2]= 590 [3]= 891 [4]= 891 [5]= 891 [6]= 891 [7]= 891 [8]= 891 [9]= 891 [10]= 891 [11]= 891 [12]= 891 
key_index before (DPU 134) [0]=   0 [1]= 306 [2]= 611 [3]= 917 [4]= 917 [5]= 917 [6]= 917 [7]= 917 [8]= 917 [9]= 917 [10]= 917 [11]= 917 [12]= 917 
key_index before (DPU 135) [0]=   0 [1]= 299 [2]= 598 [3]= 904 [4]= 904 [5]= 904 [6]= 904 [7]= 904 [8]= 904 [9]= 904 [10]= 904 [11]= 904 [12]= 904 
key_index before (DPU 136) [0]=   0 [1]= 330 [2]= 629 [3]= 909 [4]= 909 [5]= 909 [6]= 909 [7]= 909 [8]= 909 [9]= 909 [10]= 909 [11]= 909 [12]= 909 
key_index before (DPU 137) [0]=   0 [1]= 283 [2]= 555 [3]= 855 [4]= 855 [5]= 855 [6]= 855 [7]= 855 [8]= 855 [9]= 855 [10]= 855 [11]= 855 [12]= 855 
key_index before (DPU 138) [0]=   0 [1]= 292 [2]= 606 [3]= 894 [4]= 894 [5]= 894 [6]= 894 [7]= 894 [8]= 894 [9]= 894 [10]= 894 [11]= 894 [12]= 894 
key_index before (DPU 139) [0]=   0 [1]= 267 [2]= 551 [3]= 826 [4]= 826 [5]= 826 [6]= 826 [7]= 826 [8]= 826 [9]= 826 [10]= 826 [11]= 826 [12]= 826 
key_index before (DPU 140) [0]=   0 [1]= 266 [2]= 540 [3]= 825 [4]= 825 [5]= 825 [6]= 825 [7]= 825 [8]= 825 [9]= 825 [10]= 825 [11]= 825 [12]= 825 
key_index before (DPU 141) [0]=   0 [1]= 284 [2]= 564 [3]= 833 [4]= 833 [5]= 833 [6]= 833 [7]= 833 [8]= 833 [9]= 833 [10]= 833 [11]= 833 [12]= 833 
key_index before (DPU 142) [0]=   0 [1]= 284 [2]= 563 [3]= 865 [4]= 865 [5]= 865 [6]= 865 [7]= 865 [8]= 865 [9]= 865 [10]= 865 [11]= 865 [12]= 865 
key_index before (DPU 143) [0]=   0 [1]= 288 [2]= 548 [3]= 826 [4]= 826 [5]= 826 [6]= 826 [7]= 826 [8]= 826 [9]= 826 [10]= 826 [11]= 826 [12]= 826 
key_index before (DPU 144) [0]=   0 [1]= 273 [2]= 558 [3]= 847 [4]= 847 [5]= 847 [6]= 847 [7]= 847 [8]= 847 [9]= 847 [10]= 847 [11]= 847 [12]= 847 
key_index before (DPU 145) [0]=   0 [1]= 288 [2]= 576 [3]= 851 [4]= 851 [5]= 851 [6]= 851 [7]= 851 [8]= 851 [9]= 851 [10]= 851 [11]= 851 [12]= 851 
key_index before (DPU 146) [0]=   0 [1]= 299 [2]= 573 [3]= 872 [4]= 872 [5]= 872 [6]= 872 [7]= 872 [8]= 872 [9]= 872 [10]= 872 [11]= 872 [12]= 872 
key_index before (DPU 147) [0]=   0 [1]= 263 [2]= 495 [3]= 743 [4]= 743 [5]= 743 [6]= 743 [7]= 743 [8]= 743 [9]= 743 [10]= 743 [11]= 743 [12]= 743 
key_index before (DPU 148) [0]=   0 [1]= 275 [2]= 512 [3]= 802 [4]= 802 [5]= 802 [6]= 802 [7]= 802 [8]= 802 [9]= 802 [10]= 802 [11]= 802 [12]= 802 
key_index before (DPU 149) [0]=   0 [1]= 240 [2]= 511 [3]= 775 [4]= 775 [5]= 775 [6]= 775 [7]= 775 [8]= 775 [9]= 775 [10]= 775 [11]= 775 [12]= 775 
key_index before (DPU 150) [0]=   0 [1]= 273 [2]= 554 [3]= 831 [4]= 831 [5]= 831 [6]= 831 [7]= 831 [8]= 831 [9]= 831 [10]= 831 [11]= 831 [12]= 831 
key_index before (DPU 151) [0]=   0 [1]= 277 [2]= 551 [3]= 826 [4]= 826 [5]= 826 [6]= 826 [7]= 826 [8]= 826 [9]= 826 [10]= 826 [11]= 826 [12]= 826 
key_index before (DPU 152) [0]=   0 [1]= 257 [2]= 525 [3]= 817 [4]= 817 [5]= 817 [6]= 817 [7]= 817 [8]= 817 [9]= 817 [10]= 817 [11]= 817 [12]= 817 
key_index before (DPU 153) [0]=   0 [1]= 271 [2]= 523 [3]= 789 [4]= 789 [5]= 789 [6]= 789 [7]= 789 [8]= 789 [9]= 789 [10]= 789 [11]= 789 [12]= 789 
key_index before (DPU 154) [0]=   0 [1]= 248 [2]= 481 [3]= 739 [4]= 739 [5]= 739 [6]= 739 [7]= 739 [8]= 739 [9]= 739 [10]= 739 [11]= 739 [12]= 739 
key_index before (DPU 155) [0]=   0 [1]= 265 [2]= 517 [3]= 791 [4]= 791 [5]= 791 [6]= 791 [7]= 791 [8]= 791 [9]= 791 [10]= 791 [11]= 791 [12]= 791 
key_index before (DPU 156) [0]=   0 [1]= 262 [2]= 529 [3]= 776 [4]= 776 [5]= 776 [6]= 776 [7]= 776 [8]= 776 [9]= 776 [10]= 776 [11]= 776 [12]= 776 
key_index before (DPU 157) [0]=   0 [1]= 263 [2]= 532 [3]= 761 [4]= 761 [5]= 761 [6]= 761 [7]= 761 [8]= 761 [9]= 761 [10]= 761 [11]= 761 [12]= 761 
key_index before (DPU 158) [0]=   0 [1]= 249 [2]= 492 [3]= 731 [4]= 731 [5]= 731 [6]= 731 [7]= 731 [8]= 731 [9]= 731 [10]= 731 [11]= 731 [12]= 731 
key_index before (DPU 159) [0]=   0 [1]= 277 [2]= 521 [3]= 791 [4]= 791 [5]= 791 [6]= 791 [7]= 791 [8]= 791 [9]= 791 [10]= 791 [11]= 791 [12]= 791 
key_index before (DPU 160) [0]=   0 [1]= 241 [2]= 506 [3]= 778 [4]= 778 [5]= 778 [6]= 778 [7]= 778 [8]= 778 [9]= 778 [10]= 778 [11]= 778 [12]= 778 
key_index before (DPU 161) [0]=   0 [1]= 267 [2]= 500 [3]= 754 [4]= 754 [5]= 754 [6]= 754 [7]= 754 [8]= 754 [9]= 754 [10]= 754 [11]= 754 [12]= 754 
key_index before (DPU 162) [0]=   0 [1]= 237 [2]= 503 [3]= 751 [4]= 751 [5]= 751 [6]= 751 [7]= 751 [8]= 751 [9]= 751 [10]= 751 [11]= 751 [12]= 751 
key_index before (DPU 163) [0]=   0 [1]= 264 [2]= 515 [3]= 773 [4]= 773 [5]= 773 [6]= 773 [7]= 773 [8]= 773 [9]= 773 [10]= 773 [11]= 773 [12]= 773 
key_index before (DPU 164) [0]=   0 [1]= 244 [2]= 495 [3]= 740 [4]= 740 [5]= 740 [6]= 740 [7]= 740 [8]= 740 [9]= 740 [10]= 740 [11]= 740 [12]= 740 
key_index before (DPU 165) [0]=   0 [1]= 252 [2]= 515 [3]= 747 [4]= 747 [5]= 747 [6]= 747 [7]= 747 [8]= 747 [9]= 747 [10]= 747 [11]= 747 [12]= 747 
key_index before (DPU 166) [0]=   0 [1]= 210 [2]= 448 [3]= 708 [4]= 708 [5]= 708 [6]= 708 [7]= 708 [8]= 708 [9]= 708 [10]= 708 [11]= 708 [12]= 708 
key_index before (DPU 167) [0]=   0 [1]= 243 [2]= 504 [3]= 711 [4]= 711 [5]= 711 [6]= 711 [7]= 711 [8]= 711 [9]= 711 [10]= 711 [11]= 711 [12]= 711 
key_index before (DPU 168) [0]=   0 [1]= 215 [2]= 464 [3]= 722 [4]= 722 [5]= 722 [6]= 722 [7]= 722 [8]= 722 [9]= 722 [10]= 722 [11]= 722 [12]= 722 
key_index before (DPU 169) [0]=   0 [1]= 262 [2]= 530 [3]= 774 [4]= 774 [5]= 774 [6]= 774 [7]= 774 [8]= 774 [9]= 774 [10]= 774 [11]= 774 [12]= 774 
key_index before (DPU 170) [0]=   0 [1]= 229 [2]= 468 [3]= 716 [4]= 716 [5]= 716 [6]= 716 [7]= 716 [8]= 716 [9]= 716 [10]= 716 [11]= 716 [12]= 716 
key_index before (DPU 171) [0]=   0 [1]= 229 [2]= 463 [3]= 692 [4]= 692 [5]= 692 [6]= 692 [7]= 692 [8]= 692 [9]= 692 [10]= 692 [11]= 692 [12]= 692 
key_index before (DPU 172) [0]=   0 [1]= 252 [2]= 484 [3]= 726 [4]= 726 [5]= 726 [6]= 726 [7]= 726 [8]= 726 [9]= 726 [10]= 726 [11]= 726 [12]= 726 
key_index before (DPU 173) [0]=   0 [1]= 233 [2]= 476 [3]= 721 [4]= 721 [5]= 721 [6]= 721 [7]= 721 [8]= 721 [9]= 721 [10]= 721 [11]= 721 [12]= 721 
key_index before (DPU 174) [0]=   0 [1]= 222 [2]= 472 [3]= 710 [4]= 710 [5]= 710 [6]= 710 [7]= 710 [8]= 710 [9]= 710 [10]= 710 [11]= 710 [12]= 710 
key_index before (DPU 175) [0]=   0 [1]= 249 [2]= 446 [3]= 686 [4]= 686 [5]= 686 [6]= 686 [7]= 686 [8]= 686 [9]= 686 [10]= 686 [11]= 686 [12]= 686 
key_index before (DPU 176) [0]=   0 [1]= 230 [2]= 448 [3]= 673 [4]= 673 [5]= 673 [6]= 673 [7]= 673 [8]= 673 [9]= 673 [10]= 673 [11]= 673 [12]= 673 
key_index before (DPU 177) [0]=   0 [1]= 241 [2]= 462 [3]= 680 [4]= 680 [5]= 680 [6]= 680 [7]= 680 [8]= 680 [9]= 680 [10]= 680 [11]= 680 [12]= 680 
key_index before (DPU 178) [0]=   0 [1]= 232 [2]= 476 [3]= 712 [4]= 712 [5]= 712 [6]= 712 [7]= 712 [8]= 712 [9]= 712 [10]= 712 [11]= 712 [12]= 712 
key_index before (DPU 179) [0]=   0 [1]= 194 [2]= 441 [3]= 660 [4]= 660 [5]= 660 [6]= 660 [7]= 660 [8]= 660 [9]= 660 [10]= 660 [11]= 660 [12]= 660 
key_index before (DPU 180) [0]=   0 [1]= 222 [2]= 430 [3]= 674 [4]= 674 [5]= 674 [6]= 674 [7]= 674 [8]= 674 [9]= 674 [10]= 674 [11]= 674 [12]= 674 
key_index before (DPU 181) [0]=   0 [1]= 232 [2]= 436 [3]= 657 [4]= 657 [5]= 657 [6]= 657 [7]= 657 [8]= 657 [9]= 657 [10]= 657 [11]= 657 [12]= 657 
key_index before (DPU 182) [0]=   0 [1]= 213 [2]= 460 [3]= 675 [4]= 675 [5]= 675 [6]= 675 [7]= 675 [8]= 675 [9]= 675 [10]= 675 [11]= 675 [12]= 675 
key_index before (DPU 183) [0]=   0 [1]= 225 [2]= 481 [3]= 714 [4]= 714 [5]= 714 [6]= 714 [7]= 714 [8]= 714 [9]= 714 [10]= 714 [11]= 714 [12]= 714 
key_index before (DPU 184) [0]=   0 [1]= 200 [2]= 393 [3]= 606 [4]= 606 [5]= 606 [6]= 606 [7]= 606 [8]= 606 [9]= 606 [10]= 606 [11]= 606 [12]= 606 
key_index before (DPU 185) [0]=   0 [1]= 206 [2]= 419 [3]= 624 [4]= 624 [5]= 624 [6]= 624 [7]= 624 [8]= 624 [9]= 624 [10]= 624 [11]= 624 [12]= 624 
key_index before (DPU 186) [0]=   0 [1]= 220 [2]= 448 [3]= 671 [4]= 671 [5]= 671 [6]= 671 [7]= 671 [8]= 671 [9]= 671 [10]= 671 [11]= 671 [12]= 671 
key_index before (DPU 187) [0]=   0 [1]= 215 [2]= 444 [3]= 684 [4]= 684 [5]= 684 [6]= 684 [7]= 684 [8]= 684 [9]= 684 [10]= 684 [11]= 684 [12]= 684 
key_index before (DPU 188) [0]=   0 [1]= 200 [2]= 408 [3]= 619 [4]= 619 [5]= 619 [6]= 619 [7]= 619 [8]= 619 [9]= 619 [10]= 619 [11]= 619 [12]= 619 
key_index before (DPU 189) [0]=   0 [1]= 206 [2]= 400 [3]= 611 [4]= 611 [5]= 611 [6]= 611 [7]= 611 [8]= 611 [9]= 611 [10]= 611 [11]= 611 [12]= 611 
key_index before (DPU 190) [0]=   0 [1]= 219 [2]= 465 [3]= 678 [4]= 678 [5]= 678 [6]= 678 [7]= 678 [8]= 678 [9]= 678 [10]= 678 [11]= 678 [12]= 678 
key_index before (DPU 191) [0]=   0 [1]= 199 [2]= 394 [3]= 582 [4]= 582 [5]= 582 [6]= 582 [7]= 582 [8]= 582 [9]= 582 [10]= 582 [11]= 582 [12]= 582 
key_index before (DPU 192) [0]=   0 [1]= 196 [2]= 410 [3]= 607 [4]= 607 [5]= 607 [6]= 607 [7]= 607 [8]= 607 [9]= 607 [10]= 607 [11]= 607 [12]= 607 
key_index before (DPU 193) [0]=   0 [1]= 207 [2]= 413 [3]= 627 [4]= 627 [5]= 627 [6]= 627 [7]= 627 [8]= 627 [9]= 627 [10]= 627 [11]= 627 [12]= 627 
key_index before (DPU 194) [0]=   0 [1]= 210 [2]= 409 [3]= 621 [4]= 621 [5]= 621 [6]= 621 [7]= 621 [8]= 621 [9]= 621 [10]= 621 [11]= 621 [12]= 621 
key_index before (DPU 195) [0]=   0 [1]= 229 [2]= 433 [3]= 637 [4]= 637 [5]= 637 [6]= 637 [7]= 637 [8]= 637 [9]= 637 [10]= 637 [11]= 637 [12]= 637 
key_index before (DPU 196) [0]=   0 [1]= 223 [2]= 421 [3]= 623 [4]= 623 [5]= 623 [6]= 623 [7]= 623 [8]= 623 [9]= 623 [10]= 623 [11]= 623 [12]= 623 
key_index before (DPU 197) [0]=   0 [1]= 196 [2]= 392 [3]= 578 [4]= 578 [5]= 578 [6]= 578 [7]= 578 [8]= 578 [9]= 578 [10]= 578 [11]= 578 [12]= 578 
key_index before (DPU 198) [0]=   0 [1]= 208 [2]= 407 [3]= 620 [4]= 620 [5]= 620 [6]= 620 [7]= 620 [8]= 620 [9]= 620 [10]= 620 [11]= 620 [12]= 620 
key_index before (DPU 199) [0]=   0 [1]= 199 [2]= 422 [3]= 613 [4]= 613 [5]= 613 [6]= 613 [7]= 613 [8]= 613 [9]= 613 [10]= 613 [11]= 613 [12]= 613 
key_index before (DPU 200) [0]=   0 [1]= 204 [2]= 416 [3]= 635 [4]= 635 [5]= 635 [6]= 635 [7]= 635 [8]= 635 [9]= 635 [10]= 635 [11]= 635 [12]= 635 
key_index before (DPU 201) [0]=   0 [1]= 190 [2]= 386 [3]= 584 [4]= 584 [5]= 584 [6]= 584 [7]= 584 [8]= 584 [9]= 584 [10]= 584 [11]= 584 [12]= 584 
key_index before (DPU 202) [0]=   0 [1]= 200 [2]= 388 [3]= 594 [4]= 594 [5]= 594 [6]= 594 [7]= 594 [8]= 594 [9]= 594 [10]= 594 [11]= 594 [12]= 594 
key_index before (DPU 203) [0]=   0 [1]= 193 [2]= 385 [3]= 584 [4]= 584 [5]= 584 [6]= 584 [7]= 584 [8]= 584 [9]= 584 [10]= 584 [11]= 584 [12]= 584 
key_index before (DPU 204) [0]=   0 [1]= 198 [2]= 397 [3]= 602 [4]= 602 [5]= 602 [6]= 602 [7]= 602 [8]= 602 [9]= 602 [10]= 602 [11]= 602 [12]= 602 
key_index before (DPU 205) [0]=   0 [1]= 195 [2]= 391 [3]= 581 [4]= 581 [5]= 581 [6]= 581 [7]= 581 [8]= 581 [9]= 581 [10]= 581 [11]= 581 [12]= 581 
key_index before (DPU 206) [0]=   0 [1]= 206 [2]= 394 [3]= 582 [4]= 582 [5]= 582 [6]= 582 [7]= 582 [8]= 582 [9]= 582 [10]= 582 [11]= 582 [12]= 582 
key_index before (DPU 207) [0]=   0 [1]= 195 [2]= 399 [3]= 601 [4]= 601 [5]= 601 [6]= 601 [7]= 601 [8]= 601 [9]= 601 [10]= 601 [11]= 601 [12]= 601 
key_index before (DPU 208) [0]=   0 [1]= 206 [2]= 390 [3]= 585 [4]= 585 [5]= 585 [6]= 585 [7]= 585 [8]= 585 [9]= 585 [10]= 585 [11]= 585 [12]= 585 
key_index before (DPU 209) [0]=   0 [1]= 194 [2]= 388 [3]= 575 [4]= 575 [5]= 575 [6]= 575 [7]= 575 [8]= 575 [9]= 575 [10]= 575 [11]= 575 [12]= 575 
key_index before (DPU 210) [0]=   0 [1]= 198 [2]= 389 [3]= 564 [4]= 564 [5]= 564 [6]= 564 [7]= 564 [8]= 564 [9]= 564 [10]= 564 [11]= 564 [12]= 564 
key_index before (DPU 211) [0]=   0 [1]= 185 [2]= 340 [3]= 565 [4]= 565 [5]= 565 [6]= 565 [7]= 565 [8]= 565 [9]= 565 [10]= 565 [11]= 565 [12]= 565 
key_index before (DPU 212) [0]=   0 [1]= 167 [2]= 355 [3]= 530 [4]= 530 [5]= 530 [6]= 530 [7]= 530 [8]= 530 [9]= 530 [10]= 530 [11]= 530 [12]= 530 
key_index before (DPU 213) [0]=   0 [1]= 202 [2]= 370 [3]= 581 [4]= 581 [5]= 581 [6]= 581 [7]= 581 [8]= 581 [9]= 581 [10]= 581 [11]= 581 [12]= 581 
key_index before (DPU 214) [0]=   0 [1]= 188 [2]= 387 [3]= 559 [4]= 559 [5]= 559 [6]= 559 [7]= 559 [8]= 559 [9]= 559 [10]= 559 [11]= 559 [12]= 559 
key_index before (DPU 215) [0]=   0 [1]= 209 [2]= 398 [3]= 573 [4]= 573 [5]= 573 [6]= 573 [7]= 573 [8]= 573 [9]= 573 [10]= 573 [11]= 573 [12]= 573 
key_index before (DPU 216) [0]=   0 [1]= 178 [2]= 352 [3]= 539 [4]= 539 [5]= 539 [6]= 539 [7]= 539 [8]= 539 [9]= 539 [10]= 539 [11]= 539 [12]= 539 
key_index before (DPU 217) [0]=   0 [1]= 202 [2]= 399 [3]= 583 [4]= 583 [5]= 583 [6]= 583 [7]= 583 [8]= 583 [9]= 583 [10]= 583 [11]= 583 [12]= 583 
key_index before (DPU 218) [0]=   0 [1]= 182 [2]= 350 [3]= 547 [4]= 547 [5]= 547 [6]= 547 [7]= 547 [8]= 547 [9]= 547 [10]= 547 [11]= 547 [12]= 547 
key_index before (DPU 219) [0]=   0 [1]= 206 [2]= 382 [3]= 588 [4]= 588 [5]= 588 [6]= 588 [7]= 588 [8]= 588 [9]= 588 [10]= 588 [11]= 588 [12]= 588 
key_index before (DPU 220) [0]=   0 [1]= 194 [2]= 379 [3]= 584 [4]= 584 [5]= 584 [6]= 584 [7]= 584 [8]= 584 [9]= 584 [10]= 584 [11]= 584 [12]= 584 
key_index before (DPU 221) [0]=   0 [1]= 201 [2]= 366 [3]= 545 [4]= 545 [5]= 545 [6]= 545 [7]= 545 [8]= 545 [9]= 545 [10]= 545 [11]= 545 [12]= 545 
key_index before (DPU 222) [0]=   0 [1]= 150 [2]= 334 [3]= 520 [4]= 520 [5]= 520 [6]= 520 [7]= 520 [8]= 520 [9]= 520 [10]= 520 [11]= 520 [12]= 520 
key_index before (DPU 223) [0]=   0 [1]= 186 [2]= 384 [3]= 588 [4]= 588 [5]= 588 [6]= 588 [7]= 588 [8]= 588 [9]= 588 [10]= 588 [11]= 588 [12]= 588 
key_index before (DPU 224) [0]=   0 [1]= 177 [2]= 390 [3]= 542 [4]= 542 [5]= 542 [6]= 542 [7]= 542 [8]= 542 [9]= 542 [10]= 542 [11]= 542 [12]= 542 
key_index before (DPU 225) [0]=   0 [1]= 143 [2]= 328 [3]= 489 [4]= 489 [5]= 489 [6]= 489 [7]= 489 [8]= 489 [9]= 489 [10]= 489 [11]= 489 [12]= 489 
key_index before (DPU 226) [0]=   0 [1]= 160 [2]= 339 [3]= 530 [4]= 530 [5]= 530 [6]= 530 [7]= 530 [8]= 530 [9]= 530 [10]= 530 [11]= 530 [12]= 530 
key_index before (DPU 227) [0]=   0 [1]= 184 [2]= 358 [3]= 537 [4]= 537 [5]= 537 [6]= 537 [7]= 537 [8]= 537 [9]= 537 [10]= 537 [11]= 537 [12]= 537 
key_index before (DPU 228) [0]=   0 [1]= 173 [2]= 356 [3]= 512 [4]= 512 [5]= 512 [6]= 512 [7]= 512 [8]= 512 [9]= 512 [10]= 512 [11]= 512 [12]= 512 
key_index before (DPU 229) [0]=   0 [1]= 187 [2]= 352 [3]= 530 [4]= 530 [5]= 530 [6]= 530 [7]= 530 [8]= 530 [9]= 530 [10]= 530 [11]= 530 [12]= 530 
key_index before (DPU 230) [0]=   0 [1]= 162 [2]= 314 [3]= 480 [4]= 480 [5]= 480 [6]= 480 [7]= 480 [8]= 480 [9]= 480 [10]= 480 [11]= 480 [12]= 480 
key_index before (DPU 231) [0]=   0 [1]= 182 [2]= 344 [3]= 516 [4]= 516 [5]= 516 [6]= 516 [7]= 516 [8]= 516 [9]= 516 [10]= 516 [11]= 516 [12]= 516 
key_index before (DPU 232) [0]=   0 [1]= 188 [2]= 353 [3]= 519 [4]= 519 [5]= 519 [6]= 519 [7]= 519 [8]= 519 [9]= 519 [10]= 519 [11]= 519 [12]= 519 
key_index before (DPU 233) [0]=   0 [1]= 171 [2]= 358 [3]= 536 [4]= 536 [5]= 536 [6]= 536 [7]= 536 [8]= 536 [9]= 536 [10]= 536 [11]= 536 [12]= 536 
key_index before (DPU 234) [0]=   0 [1]= 169 [2]= 341 [3]= 523 [4]= 523 [5]= 523 [6]= 523 [7]= 523 [8]= 523 [9]= 523 [10]= 523 [11]= 523 [12]= 523 
key_index before (DPU 235) [0]=   0 [1]= 180 [2]= 354 [3]= 526 [4]= 526 [5]= 526 [6]= 526 [7]= 526 [8]= 526 [9]= 526 [10]= 526 [11]= 526 [12]= 526 
key_index before (DPU 236) [0]=   0 [1]= 192 [2]= 392 [3]= 564 [4]= 564 [5]= 564 [6]= 564 [7]= 564 [8]= 564 [9]= 564 [10]= 564 [11]= 564 [12]= 564 
key_index before (DPU 237) [0]=   0 [1]= 181 [2]= 338 [3]= 513 [4]= 513 [5]= 513 [6]= 513 [7]= 513 [8]= 513 [9]= 513 [10]= 513 [11]= 513 [12]= 513 
key_index before (DPU 238) [0]=   0 [1]= 174 [2]= 351 [3]= 520 [4]= 520 [5]= 520 [6]= 520 [7]= 520 [8]= 520 [9]= 520 [10]= 520 [11]= 520 [12]= 520 
key_index before (DPU 239) [0]=   0 [1]= 177 [2]= 348 [3]= 510 [4]= 510 [5]= 510 [6]= 510 [7]= 510 [8]= 510 [9]= 510 [10]= 510 [11]= 510 [12]= 510 
key_index before (DPU 240) [0]=   0 [1]= 174 [2]= 325 [3]= 495 [4]= 495 [5]= 495 [6]= 495 [7]= 495 [8]= 495 [9]= 495 [10]= 495 [11]= 495 [12]= 495 
key_index before (DPU 241) [0]=   0 [1]= 158 [2]= 352 [3]= 528 [4]= 528 [5]= 528 [6]= 528 [7]= 528 [8]= 528 [9]= 528 [10]= 528 [11]= 528 [12]= 528 
key_index before (DPU 242) [0]=   0 [1]= 170 [2]= 340 [3]= 524 [4]= 524 [5]= 524 [6]= 524 [7]= 524 [8]= 524 [9]= 524 [10]= 524 [11]= 524 [12]= 524 
key_index before (DPU 243) [0]=   0 [1]= 149 [2]= 320 [3]= 496 [4]= 496 [5]= 496 [6]= 496 [7]= 496 [8]= 496 [9]= 496 [10]= 496 [11]= 496 [12]= 496 
key_index before (DPU 244) [0]=   0 [1]= 175 [2]= 346 [3]= 523 [4]= 523 [5]= 523 [6]= 523 [7]= 523 [8]= 523 [9]= 523 [10]= 523 [11]= 523 [12]= 523 
key_index before (DPU 245) [0]=   0 [1]= 169 [2]= 326 [3]= 509 [4]= 509 [5]= 509 [6]= 509 [7]= 509 [8]= 509 [9]= 509 [10]= 509 [11]= 509 [12]= 509 
key_index before (DPU 246) [0]=   0 [1]= 182 [2]= 337 [3]= 497 [4]= 497 [5]= 497 [6]= 497 [7]= 497 [8]= 497 [9]= 497 [10]= 497 [11]= 497 [12]= 497 
key_index before (DPU 247) [0]=   0 [1]= 163 [2]= 298 [3]= 450 [4]= 450 [5]= 450 [6]= 450 [7]= 450 [8]= 450 [9]= 450 [10]= 450 [11]= 450 [12]= 450 
key_index before (DPU 248) [0]=   0 [1]= 187 [2]= 354 [3]= 507 [4]= 507 [5]= 507 [6]= 507 [7]= 507 [8]= 507 [9]= 507 [10]= 507 [11]= 507 [12]= 507 
key_index before (DPU 249) [0]=   0 [1]= 139 [2]= 302 [3]= 480 [4]= 480 [5]= 480 [6]= 480 [7]= 480 [8]= 480 [9]= 480 [10]= 480 [11]= 480 [12]= 480 
key_index before (DPU 250) [0]=   0 [1]= 183 [2]= 339 [3]= 497 [4]= 497 [5]= 497 [6]= 497 [7]= 497 [8]= 497 [9]= 497 [10]= 497 [11]= 497 [12]= 497 
key_index before (DPU 251) [0]=   0 [1]= 163 [2]= 310 [3]= 457 [4]= 457 [5]= 457 [6]= 457 [7]= 457 [8]= 457 [9]= 457 [10]= 457 [11]= 457 [12]= 457 
key_index before (DPU 252) [0]=   0 [1]= 188 [2]= 360 [3]= 507 [4]= 507 [5]= 507 [6]= 507 [7]= 507 [8]= 507 [9]= 507 [10]= 507 [11]= 507 [12]= 507 
key_index before (DPU 253) [0]=   0 [1]= 160 [2]= 323 [3]= 502 [4]= 502 [5]= 502 [6]= 502 [7]= 502 [8]= 502 [9]= 502 [10]= 502 [11]= 502 [12]= 502 
key_index before (DPU 254) [0]=   0 [1]= 168 [2]= 307 [3]= 470 [4]= 470 [5]= 470 [6]= 470 [7]= 470 [8]= 470 [9]= 470 [10]= 470 [11]= 470 [12]= 470 
key_index before (DPU 255) [0]=   0 [1]= 175 [2]= 329 [3]= 508 [4]= 508 [5]= 508 [6]= 508 [7]= 508 [8]= 508 [9]= 508 [10]= 508 [11]= 508 [12]= 508 
key_index before (DPU 256) [0]=   0 [1]= 172 [2]= 317 [3]= 472 [4]= 472 [5]= 472 [6]= 472 [7]= 472 [8]= 472 [9]= 472 [10]= 472 [11]= 472 [12]= 472 
key_index before (DPU 257) [0]=   0 [1]= 149 [2]= 311 [3]= 476 [4]= 476 [5]= 476 [6]= 476 [7]= 476 [8]= 476 [9]= 476 [10]= 476 [11]= 476 [12]= 476 
key_index before (DPU 258) [0]=   0 [1]= 154 [2]= 303 [3]= 459 [4]= 459 [5]= 459 [6]= 459 [7]= 459 [8]= 459 [9]= 459 [10]= 459 [11]= 459 [12]= 459 
key_index before (DPU 259) [0]=   0 [1]= 179 [2]= 324 [3]= 475 [4]= 475 [5]= 475 [6]= 475 [7]= 475 [8]= 475 [9]= 475 [10]= 475 [11]= 475 [12]= 475 
key_index before (DPU 260) [0]=   0 [1]= 157 [2]= 309 [3]= 459 [4]= 459 [5]= 459 [6]= 459 [7]= 459 [8]= 459 [9]= 459 [10]= 459 [11]= 459 [12]= 459 
key_index before (DPU 261) [0]=   0 [1]= 153 [2]= 311 [3]= 462 [4]= 462 [5]= 462 [6]= 462 [7]= 462 [8]= 462 [9]= 462 [10]= 462 [11]= 462 [12]= 462 
key_index before (DPU 262) [0]=   0 [1]= 172 [2]= 329 [3]= 473 [4]= 473 [5]= 473 [6]= 473 [7]= 473 [8]= 473 [9]= 473 [10]= 473 [11]= 473 [12]= 473 
key_index before (DPU 263) [0]=   0 [1]= 169 [2]= 328 [3]= 480 [4]= 480 [5]= 480 [6]= 480 [7]= 480 [8]= 480 [9]= 480 [10]= 480 [11]= 480 [12]= 480 
key_index before (DPU 264) [0]=   0 [1]= 145 [2]= 295 [3]= 440 [4]= 440 [5]= 440 [6]= 440 [7]= 440 [8]= 440 [9]= 440 [10]= 440 [11]= 440 [12]= 440 
key_index before (DPU 265) [0]=   0 [1]= 147 [2]= 278 [3]= 420 [4]= 420 [5]= 420 [6]= 420 [7]= 420 [8]= 420 [9]= 420 [10]= 420 [11]= 420 [12]= 420 
key_index before (DPU 266) [0]=   0 [1]= 145 [2]= 339 [3]= 482 [4]= 482 [5]= 482 [6]= 482 [7]= 482 [8]= 482 [9]= 482 [10]= 482 [11]= 482 [12]= 482 
key_index before (DPU 267) [0]=   0 [1]= 154 [2]= 310 [3]= 457 [4]= 457 [5]= 457 [6]= 457 [7]= 457 [8]= 457 [9]= 457 [10]= 457 [11]= 457 [12]= 457 
key_index before (DPU 268) [0]=   0 [1]= 137 [2]= 287 [3]= 421 [4]= 421 [5]= 421 [6]= 421 [7]= 421 [8]= 421 [9]= 421 [10]= 421 [11]= 421 [12]= 421 
key_index before (DPU 269) [0]=   0 [1]= 143 [2]= 290 [3]= 438 [4]= 438 [5]= 438 [6]= 438 [7]= 438 [8]= 438 [9]= 438 [10]= 438 [11]= 438 [12]= 438 
key_index before (DPU 270) [0]=   0 [1]= 133 [2]= 291 [3]= 417 [4]= 417 [5]= 417 [6]= 417 [7]= 417 [8]= 417 [9]= 417 [10]= 417 [11]= 417 [12]= 417 
key_index before (DPU 271) [0]=   0 [1]= 138 [2]= 316 [3]= 462 [4]= 462 [5]= 462 [6]= 462 [7]= 462 [8]= 462 [9]= 462 [10]= 462 [11]= 462 [12]= 462 
key_index before (DPU 272) [0]=   0 [1]= 151 [2]= 312 [3]= 464 [4]= 464 [5]= 464 [6]= 464 [7]= 464 [8]= 464 [9]= 464 [10]= 464 [11]= 464 [12]= 464 
key_index before (DPU 273) [0]=   0 [1]= 151 [2]= 302 [3]= 442 [4]= 442 [5]= 442 [6]= 442 [7]= 442 [8]= 442 [9]= 442 [10]= 442 [11]= 442 [12]= 442 
key_index before (DPU 274) [0]=   0 [1]= 154 [2]= 318 [3]= 460 [4]= 460 [5]= 460 [6]= 460 [7]= 460 [8]= 460 [9]= 460 [10]= 460 [11]= 460 [12]= 460 
key_index before (DPU 275) [0]=   0 [1]= 141 [2]= 290 [3]= 449 [4]= 449 [5]= 449 [6]= 449 [7]= 449 [8]= 449 [9]= 449 [10]= 449 [11]= 449 [12]= 449 
key_index before (DPU 276) [0]=   0 [1]= 141 [2]= 279 [3]= 448 [4]= 448 [5]= 448 [6]= 448 [7]= 448 [8]= 448 [9]= 448 [10]= 448 [11]= 448 [12]= 448 
key_index before (DPU 277) [0]=   0 [1]= 143 [2]= 290 [3]= 431 [4]= 431 [5]= 431 [6]= 431 [7]= 431 [8]= 431 [9]= 431 [10]= 431 [11]= 431 [12]= 431 
key_index before (DPU 278) [0]=   0 [1]= 139 [2]= 284 [3]= 439 [4]= 439 [5]= 439 [6]= 439 [7]= 439 [8]= 439 [9]= 439 [10]= 439 [11]= 439 [12]= 439 
key_index before (DPU 279) [0]=   0 [1]= 130 [2]= 288 [3]= 427 [4]= 427 [5]= 427 [6]= 427 [7]= 427 [8]= 427 [9]= 427 [10]= 427 [11]= 427 [12]= 427 
key_index before (DPU 280) [0]=   0 [1]= 130 [2]= 250 [3]= 398 [4]= 398 [5]= 398 [6]= 398 [7]= 398 [8]= 398 [9]= 398 [10]= 398 [11]= 398 [12]= 398 
key_index before (DPU 281) [0]=   0 [1]= 157 [2]= 301 [3]= 444 [4]= 444 [5]= 444 [6]= 444 [7]= 444 [8]= 444 [9]= 444 [10]= 444 [11]= 444 [12]= 444 
key_index before (DPU 282) [0]=   0 [1]= 169 [2]= 309 [3]= 441 [4]= 441 [5]= 441 [6]= 441 [7]= 441 [8]= 441 [9]= 441 [10]= 441 [11]= 441 [12]= 441 
key_index before (DPU 283) [0]=   0 [1]= 137 [2]= 289 [3]= 425 [4]= 425 [5]= 425 [6]= 425 [7]= 425 [8]= 425 [9]= 425 [10]= 425 [11]= 425 [12]= 425 
key_index before (DPU 284) [0]=   0 [1]= 147 [2]= 282 [3]= 455 [4]= 455 [5]= 455 [6]= 455 [7]= 455 [8]= 455 [9]= 455 [10]= 455 [11]= 455 [12]= 455 
key_index before (DPU 285) [0]=   0 [1]= 134 [2]= 286 [3]= 434 [4]= 434 [5]= 434 [6]= 434 [7]= 434 [8]= 434 [9]= 434 [10]= 434 [11]= 434 [12]= 434 
key_index before (DPU 286) [0]=   0 [1]= 140 [2]= 283 [3]= 430 [4]= 430 [5]= 430 [6]= 430 [7]= 430 [8]= 430 [9]= 430 [10]= 430 [11]= 430 [12]= 430 
key_index before (DPU 287) [0]=   0 [1]= 149 [2]= 270 [3]= 403 [4]= 403 [5]= 403 [6]= 403 [7]= 403 [8]= 403 [9]= 403 [10]= 403 [11]= 403 [12]= 403 
key_index before (DPU 288) [0]=   0 [1]= 159 [2]= 288 [3]= 440 [4]= 440 [5]= 440 [6]= 440 [7]= 440 [8]= 440 [9]= 440 [10]= 440 [11]= 440 [12]= 440 
key_index before (DPU 289) [0]=   0 [1]= 146 [2]= 275 [3]= 410 [4]= 410 [5]= 410 [6]= 410 [7]= 410 [8]= 410 [9]= 410 [10]= 410 [11]= 410 [12]= 410 
key_index before (DPU 290) [0]=   0 [1]= 140 [2]= 290 [3]= 431 [4]= 431 [5]= 431 [6]= 431 [7]= 431 [8]= 431 [9]= 431 [10]= 431 [11]= 431 [12]= 431 
key_index before (DPU 291) [0]=   0 [1]= 148 [2]= 294 [3]= 431 [4]= 431 [5]= 431 [6]= 431 [7]= 431 [8]= 431 [9]= 431 [10]= 431 [11]= 431 [12]= 431 
key_index before (DPU 292) [0]=   0 [1]= 137 [2]= 259 [3]= 384 [4]= 384 [5]= 384 [6]= 384 [7]= 384 [8]= 384 [9]= 384 [10]= 384 [11]= 384 [12]= 384 
key_index before (DPU 293) [0]=   0 [1]= 123 [2]= 270 [3]= 415 [4]= 415 [5]= 415 [6]= 415 [7]= 415 [8]= 415 [9]= 415 [10]= 415 [11]= 415 [12]= 415 
key_index before (DPU 294) [0]=   0 [1]= 122 [2]= 241 [3]= 375 [4]= 375 [5]= 375 [6]= 375 [7]= 375 [8]= 375 [9]= 375 [10]= 375 [11]= 375 [12]= 375 
key_index before (DPU 295) [0]=   0 [1]= 132 [2]= 282 [3]= 416 [4]= 416 [5]= 416 [6]= 416 [7]= 416 [8]= 416 [9]= 416 [10]= 416 [11]= 416 [12]= 416 
key_index before (DPU 296) [0]=   0 [1]= 145 [2]= 269 [3]= 383 [4]= 383 [5]= 383 [6]= 383 [7]= 383 [8]= 383 [9]= 383 [10]= 383 [11]= 383 [12]= 383 
key_index before (DPU 297) [0]=   0 [1]= 152 [2]= 276 [3]= 404 [4]= 404 [5]= 404 [6]= 404 [7]= 404 [8]= 404 [9]= 404 [10]= 404 [11]= 404 [12]= 404 
key_index before (DPU 298) [0]=   0 [1]= 120 [2]= 245 [3]= 381 [4]= 381 [5]= 381 [6]= 381 [7]= 381 [8]= 381 [9]= 381 [10]= 381 [11]= 381 [12]= 381 
key_index before (DPU 299) [0]=   0 [1]= 161 [2]= 309 [3]= 437 [4]= 437 [5]= 437 [6]= 437 [7]= 437 [8]= 437 [9]= 437 [10]= 437 [11]= 437 [12]= 437 
key_index before (DPU 300) [0]=   0 [1]= 141 [2]= 288 [3]= 438 [4]= 438 [5]= 438 [6]= 438 [7]= 438 [8]= 438 [9]= 438 [10]= 438 [11]= 438 [12]= 438 
key_index before (DPU 301) [0]=   0 [1]= 135 [2]= 260 [3]= 387 [4]= 387 [5]= 387 [6]= 387 [7]= 387 [8]= 387 [9]= 387 [10]= 387 [11]= 387 [12]= 387 
key_index before (DPU 302) [0]=   0 [1]= 144 [2]= 299 [3]= 427 [4]= 427 [5]= 427 [6]= 427 [7]= 427 [8]= 427 [9]= 427 [10]= 427 [11]= 427 [12]= 427 
key_index before (DPU 303) [0]=   0 [1]= 164 [2]= 281 [3]= 405 [4]= 405 [5]= 405 [6]= 405 [7]= 405 [8]= 405 [9]= 405 [10]= 405 [11]= 405 [12]= 405 
key_index before (DPU 304) [0]=   0 [1]= 127 [2]= 266 [3]= 391 [4]= 391 [5]= 391 [6]= 391 [7]= 391 [8]= 391 [9]= 391 [10]= 391 [11]= 391 [12]= 391 
key_index before (DPU 305) [0]=   0 [1]= 149 [2]= 296 [3]= 445 [4]= 445 [5]= 445 [6]= 445 [7]= 445 [8]= 445 [9]= 445 [10]= 445 [11]= 445 [12]= 445 
key_index before (DPU 306) [0]=   0 [1]= 149 [2]= 268 [3]= 410 [4]= 410 [5]= 410 [6]= 410 [7]= 410 [8]= 410 [9]= 410 [10]= 410 [11]= 410 [12]= 410 
key_index before (DPU 307) [0]=   0 [1]= 137 [2]= 282 [3]= 407 [4]= 407 [5]= 407 [6]= 407 [7]= 407 [8]= 407 [9]= 407 [10]= 407 [11]= 407 [12]= 407 
key_index before (DPU 308) [0]=   0 [1]= 126 [2]= 266 [3]= 402 [4]= 402 [5]= 402 [6]= 402 [7]= 402 [8]= 402 [9]= 402 [10]= 402 [11]= 402 [12]= 402 
key_index before (DPU 309) [0]=   0 [1]= 141 [2]= 259 [3]= 375 [4]= 375 [5]= 375 [6]= 375 [7]= 375 [8]= 375 [9]= 375 [10]= 375 [11]= 375 [12]= 375 
key_index before (DPU 310) [0]=   0 [1]= 128 [2]= 271 [3]= 397 [4]= 397 [5]= 397 [6]= 397 [7]= 397 [8]= 397 [9]= 397 [10]= 397 [11]= 397 [12]= 397 
key_index before (DPU 311) [0]=   0 [1]= 105 [2]= 212 [3]= 362 [4]= 362 [5]= 362 [6]= 362 [7]= 362 [8]= 362 [9]= 362 [10]= 362 [11]= 362 [12]= 362 
key_index before (DPU 312) [0]=   0 [1]= 140 [2]= 267 [3]= 406 [4]= 406 [5]= 406 [6]= 406 [7]= 406 [8]= 406 [9]= 406 [10]= 406 [11]= 406 [12]= 406 
key_index before (DPU 313) [0]=   0 [1]= 141 [2]= 260 [3]= 384 [4]= 384 [5]= 384 [6]= 384 [7]= 384 [8]= 384 [9]= 384 [10]= 384 [11]= 384 [12]= 384 
key_index before (DPU 314) [0]=   0 [1]= 135 [2]= 251 [3]= 397 [4]= 397 [5]= 397 [6]= 397 [7]= 397 [8]= 397 [9]= 397 [10]= 397 [11]= 397 [12]= 397 
key_index before (DPU 315) [0]=   0 [1]= 154 [2]= 286 [3]= 418 [4]= 418 [5]= 418 [6]= 418 [7]= 418 [8]= 418 [9]= 418 [10]= 418 [11]= 418 [12]= 418 
key_index before (DPU 316) [0]=   0 [1]= 123 [2]= 245 [3]= 383 [4]= 383 [5]= 383 [6]= 383 [7]= 383 [8]= 383 [9]= 383 [10]= 383 [11]= 383 [12]= 383 
key_index before (DPU 317) [0]=   0 [1]= 117 [2]= 258 [3]= 394 [4]= 394 [5]= 394 [6]= 394 [7]= 394 [8]= 394 [9]= 394 [10]= 394 [11]= 394 [12]= 394 
key_index before (DPU 318) [0]=   0 [1]= 124 [2]= 262 [3]= 385 [4]= 385 [5]= 385 [6]= 385 [7]= 385 [8]= 385 [9]= 385 [10]= 385 [11]= 385 [12]= 385 
key_index before (DPU 319) [0]=   0 [1]= 128 [2]= 247 [3]= 361 [4]= 361 [5]= 361 [6]= 361 [7]= 361 [8]= 361 [9]= 361 [10]= 361 [11]= 361 [12]= 361 
key_index before (DPU 320) [0]=   0 [1]= 134 [2]= 264 [3]= 398 [4]= 398 [5]= 398 [6]= 398 [7]= 398 [8]= 398 [9]= 398 [10]= 398 [11]= 398 [12]= 398 
key_index before (DPU 321) [0]=   0 [1]= 144 [2]= 267 [3]= 383 [4]= 383 [5]= 383 [6]= 383 [7]= 383 [8]= 383 [9]= 383 [10]= 383 [11]= 383 [12]= 383 
key_index before (DPU 322) [0]=   0 [1]= 126 [2]= 274 [3]= 407 [4]= 407 [5]= 407 [6]= 407 [7]= 407 [8]= 407 [9]= 407 [10]= 407 [11]= 407 [12]= 407 
key_index before (DPU 323) [0]=   0 [1]= 124 [2]= 251 [3]= 363 [4]= 363 [5]= 363 [6]= 363 [7]= 363 [8]= 363 [9]= 363 [10]= 363 [11]= 363 [12]= 363 
key_index before (DPU 324) [0]=   0 [1]= 120 [2]= 234 [3]= 350 [4]= 350 [5]= 350 [6]= 350 [7]= 350 [8]= 350 [9]= 350 [10]= 350 [11]= 350 [12]= 350 
key_index before (DPU 325) [0]=   0 [1]= 121 [2]= 244 [3]= 368 [4]= 368 [5]= 368 [6]= 368 [7]= 368 [8]= 368 [9]= 368 [10]= 368 [11]= 368 [12]= 368 
key_index before (DPU 326) [0]=   0 [1]= 141 [2]= 252 [3]= 386 [4]= 386 [5]= 386 [6]= 386 [7]= 386 [8]= 386 [9]= 386 [10]= 386 [11]= 386 [12]= 386 
key_index before (DPU 327) [0]=   0 [1]= 126 [2]= 237 [3]= 360 [4]= 360 [5]= 360 [6]= 360 [7]= 360 [8]= 360 [9]= 360 [10]= 360 [11]= 360 [12]= 360 
key_index before (DPU 328) [0]=   0 [1]= 113 [2]= 237 [3]= 379 [4]= 379 [5]= 379 [6]= 379 [7]= 379 [8]= 379 [9]= 379 [10]= 379 [11]= 379 [12]= 379 
key_index before (DPU 329) [0]=   0 [1]= 122 [2]= 238 [3]= 361 [4]= 361 [5]= 361 [6]= 361 [7]= 361 [8]= 361 [9]= 361 [10]= 361 [11]= 361 [12]= 361 
key_index before (DPU 330) [0]=   0 [1]= 124 [2]= 248 [3]= 376 [4]= 376 [5]= 376 [6]= 376 [7]= 376 [8]= 376 [9]= 376 [10]= 376 [11]= 376 [12]= 376 
key_index before (DPU 331) [0]=   0 [1]= 140 [2]= 270 [3]= 419 [4]= 419 [5]= 419 [6]= 419 [7]= 419 [8]= 419 [9]= 419 [10]= 419 [11]= 419 [12]= 419 
key_index before (DPU 332) [0]=   0 [1]= 116 [2]= 232 [3]= 365 [4]= 365 [5]= 365 [6]= 365 [7]= 365 [8]= 365 [9]= 365 [10]= 365 [11]= 365 [12]= 365 
key_index before (DPU 333) [0]=   0 [1]= 123 [2]= 253 [3]= 373 [4]= 373 [5]= 373 [6]= 373 [7]= 373 [8]= 373 [9]= 373 [10]= 373 [11]= 373 [12]= 373 
key_index before (DPU 334) [0]=   0 [1]= 145 [2]= 273 [3]= 396 [4]= 396 [5]= 396 [6]= 396 [7]= 396 [8]= 396 [9]= 396 [10]= 396 [11]= 396 [12]= 396 
key_index before (DPU 335) [0]=   0 [1]= 127 [2]= 239 [3]= 361 [4]= 361 [5]= 361 [6]= 361 [7]= 361 [8]= 361 [9]= 361 [10]= 361 [11]= 361 [12]= 361 
key_index before (DPU 336) [0]=   0 [1]= 123 [2]= 236 [3]= 347 [4]= 347 [5]= 347 [6]= 347 [7]= 347 [8]= 347 [9]= 347 [10]= 347 [11]= 347 [12]= 347 
key_index before (DPU 337) [0]=   0 [1]= 115 [2]= 221 [3]= 355 [4]= 355 [5]= 355 [6]= 355 [7]= 355 [8]= 355 [9]= 355 [10]= 355 [11]= 355 [12]= 355 
key_index before (DPU 338) [0]=   0 [1]= 136 [2]= 254 [3]= 373 [4]= 373 [5]= 373 [6]= 373 [7]= 373 [8]= 373 [9]= 373 [10]= 373 [11]= 373 [12]= 373 
key_index before (DPU 339) [0]=   0 [1]= 102 [2]= 212 [3]= 340 [4]= 340 [5]= 340 [6]= 340 [7]= 340 [8]= 340 [9]= 340 [10]= 340 [11]= 340 [12]= 340 
key_index before (DPU 340) [0]=   0 [1]= 118 [2]= 247 [3]= 359 [4]= 359 [5]= 359 [6]= 359 [7]= 359 [8]= 359 [9]= 359 [10]= 359 [11]= 359 [12]= 359 
key_index before (DPU 341) [0]=   0 [1]= 126 [2]= 238 [3]= 349 [4]= 349 [5]= 349 [6]= 349 [7]= 349 [8]= 349 [9]= 349 [10]= 349 [11]= 349 [12]= 349 
key_index before (DPU 342) [0]=   0 [1]= 117 [2]= 232 [3]= 358 [4]= 358 [5]= 358 [6]= 358 [7]= 358 [8]= 358 [9]= 358 [10]= 358 [11]= 358 [12]= 358 
key_index before (DPU 343) [0]=   0 [1]= 133 [2]= 232 [3]= 332 [4]= 332 [5]= 332 [6]= 332 [7]= 332 [8]= 332 [9]= 332 [10]= 332 [11]= 332 [12]= 332 
key_index before (DPU 344) [0]=   0 [1]= 111 [2]= 229 [3]= 361 [4]= 361 [5]= 361 [6]= 361 [7]= 361 [8]= 361 [9]= 361 [10]= 361 [11]= 361 [12]= 361 
key_index before (DPU 345) [0]=   0 [1]= 127 [2]= 243 [3]= 339 [4]= 339 [5]= 339 [6]= 339 [7]= 339 [8]= 339 [9]= 339 [10]= 339 [11]= 339 [12]= 339 
key_index before (DPU 346) [0]=   0 [1]= 129 [2]= 248 [3]= 364 [4]= 364 [5]= 364 [6]= 364 [7]= 364 [8]= 364 [9]= 364 [10]= 364 [11]= 364 [12]= 364 
key_index before (DPU 347) [0]=   0 [1]= 138 [2]= 255 [3]= 361 [4]= 361 [5]= 361 [6]= 361 [7]= 361 [8]= 361 [9]= 361 [10]= 361 [11]= 361 [12]= 361 
key_index before (DPU 348) [0]=   0 [1]= 121 [2]= 238 [3]= 369 [4]= 369 [5]= 369 [6]= 369 [7]= 369 [8]= 369 [9]= 369 [10]= 369 [11]= 369 [12]= 369 
key_index before (DPU 349) [0]=   0 [1]= 106 [2]= 209 [3]= 320 [4]= 320 [5]= 320 [6]= 320 [7]= 320 [8]= 320 [9]= 320 [10]= 320 [11]= 320 [12]= 320 
key_index before (DPU 350) [0]=   0 [1]= 115 [2]= 221 [3]= 325 [4]= 325 [5]= 325 [6]= 325 [7]= 325 [8]= 325 [9]= 325 [10]= 325 [11]= 325 [12]= 325 
key_index before (DPU 351) [0]=   0 [1]= 112 [2]= 216 [3]= 342 [4]= 342 [5]= 342 [6]= 342 [7]= 342 [8]= 342 [9]= 342 [10]= 342 [11]= 342 [12]= 342 
key_index before (DPU 352) [0]=   0 [1]= 107 [2]= 211 [3]= 323 [4]= 323 [5]= 323 [6]= 323 [7]= 323 [8]= 323 [9]= 323 [10]= 323 [11]= 323 [12]= 323 
key_index before (DPU 353) [0]=   0 [1]= 118 [2]= 239 [3]= 351 [4]= 351 [5]= 351 [6]= 351 [7]= 351 [8]= 351 [9]= 351 [10]= 351 [11]= 351 [12]= 351 
key_index before (DPU 354) [0]=   0 [1]= 120 [2]= 254 [3]= 362 [4]= 362 [5]= 362 [6]= 362 [7]= 362 [8]= 362 [9]= 362 [10]= 362 [11]= 362 [12]= 362 
key_index before (DPU 355) [0]=   0 [1]= 131 [2]= 269 [3]= 385 [4]= 385 [5]= 385 [6]= 385 [7]= 385 [8]= 385 [9]= 385 [10]= 385 [11]= 385 [12]= 385 
key_index before (DPU 356) [0]=   0 [1]= 120 [2]= 235 [3]= 345 [4]= 345 [5]= 345 [6]= 345 [7]= 345 [8]= 345 [9]= 345 [10]= 345 [11]= 345 [12]= 345 
key_index before (DPU 357) [0]=   0 [1]= 115 [2]= 232 [3]= 338 [4]= 338 [5]= 338 [6]= 338 [7]= 338 [8]= 338 [9]= 338 [10]= 338 [11]= 338 [12]= 338 
key_index before (DPU 358) [0]=   0 [1]= 125 [2]= 238 [3]= 377 [4]= 377 [5]= 377 [6]= 377 [7]= 377 [8]= 377 [9]= 377 [10]= 377 [11]= 377 [12]= 377 
key_index before (DPU 359) [0]=   0 [1]= 114 [2]= 228 [3]= 341 [4]= 341 [5]= 341 [6]= 341 [7]= 341 [8]= 341 [9]= 341 [10]= 341 [11]= 341 [12]= 341 
key_index before (DPU 360) [0]=   0 [1]= 112 [2]= 218 [3]= 336 [4]= 336 [5]= 336 [6]= 336 [7]= 336 [8]= 336 [9]= 336 [10]= 336 [11]= 336 [12]= 336 
key_index before (DPU 361) [0]=   0 [1]= 114 [2]= 240 [3]= 357 [4]= 357 [5]= 357 [6]= 357 [7]= 357 [8]= 357 [9]= 357 [10]= 357 [11]= 357 [12]= 357 
key_index before (DPU 362) [0]=   0 [1]= 130 [2]= 224 [3]= 356 [4]= 356 [5]= 356 [6]= 356 [7]= 356 [8]= 356 [9]= 356 [10]= 356 [11]= 356 [12]= 356 
key_index before (DPU 363) [0]=   0 [1]= 107 [2]= 221 [3]= 311 [4]= 311 [5]= 311 [6]= 311 [7]= 311 [8]= 311 [9]= 311 [10]= 311 [11]= 311 [12]= 311 
key_index before (DPU 364) [0]=   0 [1]= 115 [2]= 222 [3]= 339 [4]= 339 [5]= 339 [6]= 339 [7]= 339 [8]= 339 [9]= 339 [10]= 339 [11]= 339 [12]= 339 
key_index before (DPU 365) [0]=   0 [1]= 106 [2]= 221 [3]= 324 [4]= 324 [5]= 324 [6]= 324 [7]= 324 [8]= 324 [9]= 324 [10]= 324 [11]= 324 [12]= 324 
key_index before (DPU 366) [0]=   0 [1]= 127 [2]= 253 [3]= 346 [4]= 346 [5]= 346 [6]= 346 [7]= 346 [8]= 346 [9]= 346 [10]= 346 [11]= 346 [12]= 346 
key_index before (DPU 367) [0]=   0 [1]= 131 [2]= 235 [3]= 336 [4]= 336 [5]= 336 [6]= 336 [7]= 336 [8]= 336 [9]= 336 [10]= 336 [11]= 336 [12]= 336 
key_index before (DPU 368) [0]=   0 [1]= 117 [2]= 231 [3]= 334 [4]= 334 [5]= 334 [6]= 334 [7]= 334 [8]= 334 [9]= 334 [10]= 334 [11]= 334 [12]= 334 
key_index before (DPU 369) [0]=   0 [1]= 112 [2]= 232 [3]= 329 [4]= 329 [5]= 329 [6]= 329 [7]= 329 [8]= 329 [9]= 329 [10]= 329 [11]= 329 [12]= 329 
key_index before (DPU 370) [0]=   0 [1]= 110 [2]= 211 [3]= 326 [4]= 326 [5]= 326 [6]= 326 [7]= 326 [8]= 326 [9]= 326 [10]= 326 [11]= 326 [12]= 326 
key_index before (DPU 371) [0]=   0 [1]= 103 [2]= 201 [3]= 312 [4]= 312 [5]= 312 [6]= 312 [7]= 312 [8]= 312 [9]= 312 [10]= 312 [11]= 312 [12]= 312 
key_index before (DPU 372) [0]=   0 [1]= 103 [2]= 219 [3]= 347 [4]= 347 [5]= 347 [6]= 347 [7]= 347 [8]= 347 [9]= 347 [10]= 347 [11]= 347 [12]= 347 
key_index before (DPU 373) [0]=   0 [1]= 129 [2]= 241 [3]= 358 [4]= 358 [5]= 358 [6]= 358 [7]= 358 [8]= 358 [9]= 358 [10]= 358 [11]= 358 [12]= 358 
key_index before (DPU 374) [0]=   0 [1]= 130 [2]= 252 [3]= 360 [4]= 360 [5]= 360 [6]= 360 [7]= 360 [8]= 360 [9]= 360 [10]= 360 [11]= 360 [12]= 360 
key_index before (DPU 375) [0]=   0 [1]= 105 [2]= 221 [3]= 336 [4]= 336 [5]= 336 [6]= 336 [7]= 336 [8]= 336 [9]= 336 [10]= 336 [11]= 336 [12]= 336 
key_index before (DPU 376) [0]=   0 [1]= 113 [2]= 223 [3]= 331 [4]= 331 [5]= 331 [6]= 331 [7]= 331 [8]= 331 [9]= 331 [10]= 331 [11]= 331 [12]= 331 
key_index before (DPU 377) [0]=   0 [1]= 110 [2]= 216 [3]= 328 [4]= 328 [5]= 328 [6]= 328 [7]= 328 [8]= 328 [9]= 328 [10]= 328 [11]= 328 [12]= 328 
key_index before (DPU 378) [0]=   0 [1]= 109 [2]= 210 [3]= 317 [4]= 317 [5]= 317 [6]= 317 [7]= 317 [8]= 317 [9]= 317 [10]= 317 [11]= 317 [12]= 317 
key_index before (DPU 379) [0]=   0 [1]= 103 [2]= 219 [3]= 315 [4]= 315 [5]= 315 [6]= 315 [7]= 315 [8]= 315 [9]= 315 [10]= 315 [11]= 315 [12]= 315 
key_index before (DPU 380) [0]=   0 [1]= 104 [2]= 201 [3]= 310 [4]= 310 [5]= 310 [6]= 310 [7]= 310 [8]= 310 [9]= 310 [10]= 310 [11]= 310 [12]= 310 
key_index before (DPU 381) [0]=   0 [1]= 116 [2]= 228 [3]= 332 [4]= 332 [5]= 332 [6]= 332 [7]= 332 [8]= 332 [9]= 332 [10]= 332 [11]= 332 [12]= 332 
key_index before (DPU 382) [0]=   0 [1]=  98 [2]= 206 [3]= 302 [4]= 302 [5]= 302 [6]= 302 [7]= 302 [8]= 302 [9]= 302 [10]= 302 [11]= 302 [12]= 302 
key_index before (DPU 383) [0]=   0 [1]= 110 [2]= 211 [3]= 311 [4]= 311 [5]= 311 [6]= 311 [7]= 311 [8]= 311 [9]= 311 [10]= 311 [11]= 311 [12]= 311 
key_index before (DPU 384) [0]=   0 [1]= 103 [2]= 206 [3]= 312 [4]= 312 [5]= 312 [6]= 312 [7]= 312 [8]= 312 [9]= 312 [10]= 312 [11]= 312 [12]= 312 
key_index before (DPU 385) [0]=   0 [1]=  91 [2]= 196 [3]= 289 [4]= 289 [5]= 289 [6]= 289 [7]= 289 [8]= 289 [9]= 289 [10]= 289 [11]= 289 [12]= 289 
key_index before (DPU 386) [0]=   0 [1]=  88 [2]= 189 [3]= 284 [4]= 284 [5]= 284 [6]= 284 [7]= 284 [8]= 284 [9]= 284 [10]= 284 [11]= 284 [12]= 284 
key_index before (DPU 387) [0]=   0 [1]=  93 [2]= 189 [3]= 305 [4]= 305 [5]= 305 [6]= 305 [7]= 305 [8]= 305 [9]= 305 [10]= 305 [11]= 305 [12]= 305 
key_index before (DPU 388) [0]=   0 [1]= 107 [2]= 216 [3]= 327 [4]= 327 [5]= 327 [6]= 327 [7]= 327 [8]= 327 [9]= 327 [10]= 327 [11]= 327 [12]= 327 
key_index before (DPU 389) [0]=   0 [1]= 105 [2]= 210 [3]= 320 [4]= 320 [5]= 320 [6]= 320 [7]= 320 [8]= 320 [9]= 320 [10]= 320 [11]= 320 [12]= 320 
key_index before (DPU 390) [0]=   0 [1]=  95 [2]= 186 [3]= 283 [4]= 283 [5]= 283 [6]= 283 [7]= 283 [8]= 283 [9]= 283 [10]= 283 [11]= 283 [12]= 283 
key_index before (DPU 391) [0]=   0 [1]=  97 [2]= 195 [3]= 303 [4]= 303 [5]= 303 [6]= 303 [7]= 303 [8]= 303 [9]= 303 [10]= 303 [11]= 303 [12]= 303 
key_index before (DPU 392) [0]=   0 [1]= 114 [2]= 230 [3]= 336 [4]= 336 [5]= 336 [6]= 336 [7]= 336 [8]= 336 [9]= 336 [10]= 336 [11]= 336 [12]= 336 
key_index before (DPU 393) [0]=   0 [1]= 122 [2]= 240 [3]= 354 [4]= 354 [5]= 354 [6]= 354 [7]= 354 [8]= 354 [9]= 354 [10]= 354 [11]= 354 [12]= 354 
key_index before (DPU 394) [0]=   0 [1]= 118 [2]= 222 [3]= 295 [4]= 295 [5]= 295 [6]= 295 [7]= 295 [8]= 295 [9]= 295 [10]= 295 [11]= 295 [12]= 295 
key_index before (DPU 395) [0]=   0 [1]=  94 [2]= 198 [3]= 286 [4]= 286 [5]= 286 [6]= 286 [7]= 286 [8]= 286 [9]= 286 [10]= 286 [11]= 286 [12]= 286 
key_index before (DPU 396) [0]=   0 [1]= 103 [2]= 203 [3]= 295 [4]= 295 [5]= 295 [6]= 295 [7]= 295 [8]= 295 [9]= 295 [10]= 295 [11]= 295 [12]= 295 
key_index before (DPU 397) [0]=   0 [1]=  94 [2]= 179 [3]= 279 [4]= 279 [5]= 279 [6]= 279 [7]= 279 [8]= 279 [9]= 279 [10]= 279 [11]= 279 [12]= 279 
key_index before (DPU 398) [0]=   0 [1]= 113 [2]= 217 [3]= 313 [4]= 313 [5]= 313 [6]= 313 [7]= 313 [8]= 313 [9]= 313 [10]= 313 [11]= 313 [12]= 313 
key_index before (DPU 399) [0]=   0 [1]= 101 [2]= 210 [3]= 331 [4]= 331 [5]= 331 [6]= 331 [7]= 331 [8]= 331 [9]= 331 [10]= 331 [11]= 331 [12]= 331 
key_index before (DPU 400) [0]=   0 [1]=  91 [2]= 181 [3]= 267 [4]= 267 [5]= 267 [6]= 267 [7]= 267 [8]= 267 [9]= 267 [10]= 267 [11]= 267 [12]= 267 
key_index before (DPU 401) [0]=   0 [1]= 101 [2]= 190 [3]= 291 [4]= 291 [5]= 291 [6]= 291 [7]= 291 [8]= 291 [9]= 291 [10]= 291 [11]= 291 [12]= 291 
key_index before (DPU 402) [0]=   0 [1]=  98 [2]= 192 [3]= 312 [4]= 312 [5]= 312 [6]= 312 [7]= 312 [8]= 312 [9]= 312 [10]= 312 [11]= 312 [12]= 312 
key_index before (DPU 403) [0]=   0 [1]= 108 [2]= 204 [3]= 314 [4]= 314 [5]= 314 [6]= 314 [7]= 314 [8]= 314 [9]= 314 [10]= 314 [11]= 314 [12]= 314 
key_index before (DPU 404) [0]=   0 [1]=  93 [2]= 195 [3]= 307 [4]= 307 [5]= 307 [6]= 307 [7]= 307 [8]= 307 [9]= 307 [10]= 307 [11]= 307 [12]= 307 
key_index before (DPU 405) [0]=   0 [1]= 102 [2]= 180 [3]= 272 [4]= 272 [5]= 272 [6]= 272 [7]= 272 [8]= 272 [9]= 272 [10]= 272 [11]= 272 [12]= 272 
key_index before (DPU 406) [0]=   0 [1]= 113 [2]= 228 [3]= 319 [4]= 319 [5]= 319 [6]= 319 [7]= 319 [8]= 319 [9]= 319 [10]= 319 [11]= 319 [12]= 319 
key_index before (DPU 407) [0]=   0 [1]= 108 [2]= 217 [3]= 310 [4]= 310 [5]= 310 [6]= 310 [7]= 310 [8]= 310 [9]= 310 [10]= 310 [11]= 310 [12]= 310 
key_index before (DPU 408) [0]=   0 [1]= 112 [2]= 221 [3]= 326 [4]= 326 [5]= 326 [6]= 326 [7]= 326 [8]= 326 [9]= 326 [10]= 326 [11]= 326 [12]= 326 
key_index before (DPU 409) [0]=   0 [1]= 115 [2]= 229 [3]= 332 [4]= 332 [5]= 332 [6]= 332 [7]= 332 [8]= 332 [9]= 332 [10]= 332 [11]= 332 [12]= 332 
key_index before (DPU 410) [0]=   0 [1]= 109 [2]= 204 [3]= 308 [4]= 308 [5]= 308 [6]= 308 [7]= 308 [8]= 308 [9]= 308 [10]= 308 [11]= 308 [12]= 308 
key_index before (DPU 411) [0]=   0 [1]= 100 [2]= 202 [3]= 286 [4]= 286 [5]= 286 [6]= 286 [7]= 286 [8]= 286 [9]= 286 [10]= 286 [11]= 286 [12]= 286 
key_index before (DPU 412) [0]=   0 [1]= 102 [2]= 195 [3]= 296 [4]= 296 [5]= 296 [6]= 296 [7]= 296 [8]= 296 [9]= 296 [10]= 296 [11]= 296 [12]= 296 
key_index before (DPU 413) [0]=   0 [1]=  95 [2]= 218 [3]= 324 [4]= 324 [5]= 324 [6]= 324 [7]= 324 [8]= 324 [9]= 324 [10]= 324 [11]= 324 [12]= 324 
key_index before (DPU 414) [0]=   0 [1]=  84 [2]= 169 [3]= 263 [4]= 263 [5]= 263 [6]= 263 [7]= 263 [8]= 263 [9]= 263 [10]= 263 [11]= 263 [12]= 263 
key_index before (DPU 415) [0]=   0 [1]=  95 [2]= 208 [3]= 307 [4]= 307 [5]= 307 [6]= 307 [7]= 307 [8]= 307 [9]= 307 [10]= 307 [11]= 307 [12]= 307 
key_index before (DPU 416) [0]=   0 [1]= 106 [2]= 199 [3]= 290 [4]= 290 [5]= 290 [6]= 290 [7]= 290 [8]= 290 [9]= 290 [10]= 290 [11]= 290 [12]= 290 
key_index before (DPU 417) [0]=   0 [1]= 113 [2]= 216 [3]= 330 [4]= 330 [5]= 330 [6]= 330 [7]= 330 [8]= 330 [9]= 330 [10]= 330 [11]= 330 [12]= 330 
key_index before (DPU 418) [0]=   0 [1]= 104 [2]= 213 [3]= 305 [4]= 305 [5]= 305 [6]= 305 [7]= 305 [8]= 305 [9]= 305 [10]= 305 [11]= 305 [12]= 305 
key_index before (DPU 419) [0]=   0 [1]= 103 [2]= 191 [3]= 303 [4]= 303 [5]= 303 [6]= 303 [7]= 303 [8]= 303 [9]= 303 [10]= 303 [11]= 303 [12]= 303 
key_index before (DPU 420) [0]=   0 [1]=  98 [2]= 187 [3]= 285 [4]= 285 [5]= 285 [6]= 285 [7]= 285 [8]= 285 [9]= 285 [10]= 285 [11]= 285 [12]= 285 
key_index before (DPU 421) [0]=   0 [1]=  98 [2]= 195 [3]= 291 [4]= 291 [5]= 291 [6]= 291 [7]= 291 [8]= 291 [9]= 291 [10]= 291 [11]= 291 [12]= 291 
key_index before (DPU 422) [0]=   0 [1]=  89 [2]= 178 [3]= 267 [4]= 267 [5]= 267 [6]= 267 [7]= 267 [8]= 267 [9]= 267 [10]= 267 [11]= 267 [12]= 267 
key_index before (DPU 423) [0]=   0 [1]=  88 [2]= 178 [3]= 265 [4]= 265 [5]= 265 [6]= 265 [7]= 265 [8]= 265 [9]= 265 [10]= 265 [11]= 265 [12]= 265 
key_index before (DPU 424) [0]=   0 [1]=  90 [2]= 194 [3]= 280 [4]= 280 [5]= 280 [6]= 280 [7]= 280 [8]= 280 [9]= 280 [10]= 280 [11]= 280 [12]= 280 
key_index before (DPU 425) [0]=   0 [1]= 103 [2]= 182 [3]= 282 [4]= 282 [5]= 282 [6]= 282 [7]= 282 [8]= 282 [9]= 282 [10]= 282 [11]= 282 [12]= 282 
key_index before (DPU 426) [0]=   0 [1]=  98 [2]= 210 [3]= 307 [4]= 307 [5]= 307 [6]= 307 [7]= 307 [8]= 307 [9]= 307 [10]= 307 [11]= 307 [12]= 307 
key_index before (DPU 427) [0]=   0 [1]= 105 [2]= 208 [3]= 306 [4]= 306 [5]= 306 [6]= 306 [7]= 306 [8]= 306 [9]= 306 [10]= 306 [11]= 306 [12]= 306 
key_index before (DPU 428) [0]=   0 [1]=  87 [2]= 188 [3]= 265 [4]= 265 [5]= 265 [6]= 265 [7]= 265 [8]= 265 [9]= 265 [10]= 265 [11]= 265 [12]= 265 
key_index before (DPU 429) [0]=   0 [1]=  80 [2]= 182 [3]= 271 [4]= 271 [5]= 271 [6]= 271 [7]= 271 [8]= 271 [9]= 271 [10]= 271 [11]= 271 [12]= 271 
key_index before (DPU 430) [0]=   0 [1]= 101 [2]= 199 [3]= 291 [4]= 291 [5]= 291 [6]= 291 [7]= 291 [8]= 291 [9]= 291 [10]= 291 [11]= 291 [12]= 291 
key_index before (DPU 431) [0]=   0 [1]=  94 [2]= 190 [3]= 274 [4]= 274 [5]= 274 [6]= 274 [7]= 274 [8]= 274 [9]= 274 [10]= 274 [11]= 274 [12]= 274 
key_index before (DPU 432) [0]=   0 [1]=  95 [2]= 170 [3]= 265 [4]= 265 [5]= 265 [6]= 265 [7]= 265 [8]= 265 [9]= 265 [10]= 265 [11]= 265 [12]= 265 
key_index before (DPU 433) [0]=   0 [1]=  89 [2]= 182 [3]= 250 [4]= 250 [5]= 250 [6]= 250 [7]= 250 [8]= 250 [9]= 250 [10]= 250 [11]= 250 [12]= 250 
key_index before (DPU 434) [0]=   0 [1]=  85 [2]= 187 [3]= 295 [4]= 295 [5]= 295 [6]= 295 [7]= 295 [8]= 295 [9]= 295 [10]= 295 [11]= 295 [12]= 295 
key_index before (DPU 435) [0]=   0 [1]=  91 [2]= 191 [3]= 300 [4]= 300 [5]= 300 [6]= 300 [7]= 300 [8]= 300 [9]= 300 [10]= 300 [11]= 300 [12]= 300 
key_index before (DPU 436) [0]=   0 [1]=  75 [2]= 165 [3]= 261 [4]= 261 [5]= 261 [6]= 261 [7]= 261 [8]= 261 [9]= 261 [10]= 261 [11]= 261 [12]= 261 
key_index before (DPU 437) [0]=   0 [1]= 101 [2]= 200 [3]= 295 [4]= 295 [5]= 295 [6]= 295 [7]= 295 [8]= 295 [9]= 295 [10]= 295 [11]= 295 [12]= 295 
key_index before (DPU 438) [0]=   0 [1]=  91 [2]= 191 [3]= 281 [4]= 281 [5]= 281 [6]= 281 [7]= 281 [8]= 281 [9]= 281 [10]= 281 [11]= 281 [12]= 281 
key_index before (DPU 439) [0]=   0 [1]=  89 [2]= 186 [3]= 282 [4]= 366 [5]= 366 [6]= 366 [7]= 366 [8]= 366 [9]= 366 [10]= 366 [11]= 366 [12]= 366 
key_index before (DPU 440) [0]=   0 [1]=  70 [2]= 155 [3]= 249 [4]= 249 [5]= 249 [6]= 249 [7]= 249 [8]= 249 [9]= 249 [10]= 249 [11]= 249 [12]= 249 
key_index before (DPU 441) [0]=   0 [1]= 115 [2]= 208 [3]= 286 [4]= 286 [5]= 286 [6]= 286 [7]= 286 [8]= 286 [9]= 286 [10]= 286 [11]= 286 [12]= 286 
key_index before (DPU 442) [0]=   0 [1]=  76 [2]= 175 [3]= 276 [4]= 276 [5]= 276 [6]= 276 [7]= 276 [8]= 276 [9]= 276 [10]= 276 [11]= 276 [12]= 276 
key_index before (DPU 443) [0]=   0 [1]= 100 [2]= 193 [3]= 287 [4]= 287 [5]= 287 [6]= 287 [7]= 287 [8]= 287 [9]= 287 [10]= 287 [11]= 287 [12]= 287 
key_index before (DPU 444) [0]=   0 [1]=  97 [2]= 206 [3]= 300 [4]= 300 [5]= 300 [6]= 300 [7]= 300 [8]= 300 [9]= 300 [10]= 300 [11]= 300 [12]= 300 
key_index before (DPU 445) [0]=   0 [1]=  82 [2]= 145 [3]= 226 [4]=3722 [5]=3722 [6]=3722 [7]=3722 [8]=3722 [9]=3722 [10]=3722 [11]=3722 [12]=3722 
key_index before (DPU 446) [0]=   0 [1]=   0 [2]=   0 [3]=   0 [4]=139359 [5]=139359 [6]=139359 [7]=139359 [8]=139359 [9]=139359 [10]=139359 [11]=139359 [12]=139359 
key_index before (DPU 447) [0]=   0 [1]= 100 [2]= 190 [3]= 283 [4]= 283 [5]= 283 [6]= 283 [7]= 283 [8]= 283 [9]= 283 [10]= 283 [11]= 283 [12]= 283 
key_index before (DPU 448) [0]=   0 [1]=  81 [2]= 172 [3]= 270 [4]= 270 [5]= 270 [6]= 270 [7]= 270 [8]= 270 [9]= 270 [10]= 270 [11]= 270 [12]= 270 
key_index before (DPU 449) [0]=   0 [1]=   0 [2]=   0 [3]=   0 [4]=21188 [5]=21188 [6]=21188 [7]=21188 [8]=21188 [9]=21188 [10]=21188 [11]=21188 [12]=21188 
key_index before (DPU 450) [0]=   0 [1]=  85 [2]= 175 [3]= 267 [4]= 267 [5]= 267 [6]= 267 [7]= 267 [8]= 267 [9]= 267 [10]= 267 [11]= 267 [12]= 267 
key_index before (DPU 451) [0]=   0 [1]=  74 [2]= 181 [3]= 277 [4]= 277 [5]= 277 [6]= 277 [7]= 277 [8]= 277 [9]= 277 [10]= 277 [11]= 277 [12]= 277 
key_index before (DPU 452) [0]=   0 [1]= 101 [2]= 181 [3]= 274 [4]= 274 [5]= 274 [6]= 274 [7]= 274 [8]= 274 [9]= 274 [10]= 274 [11]= 274 [12]= 274 
key_index before (DPU 453) [0]=   0 [1]=  90 [2]= 176 [3]= 268 [4]=7069 [5]=7069 [6]=7069 [7]=7069 [8]=7069 [9]=7069 [10]=7069 [11]=7069 [12]=7069 
key_index before (DPU 454) [0]=   0 [1]=  99 [2]= 191 [3]= 261 [4]= 344 [5]= 344 [6]= 344 [7]= 344 [8]= 344 [9]= 344 [10]= 344 [11]= 344 [12]= 344 
key_index before (DPU 455) [0]=   0 [1]=  84 [2]= 186 [3]= 265 [4]=5923 [5]=5923 [6]=5923 [7]=5923 [8]=5923 [9]=5923 [10]=5923 [11]=5923 [12]=5923 
key_index before (DPU 456) [0]=   0 [1]=  86 [2]= 170 [3]= 247 [4]=3507 [5]=3507 [6]=3507 [7]=3507 [8]=3507 [9]=3507 [10]=3507 [11]=3507 [12]=3507 
key_index before (DPU 457) [0]=   0 [1]=  95 [2]= 184 [3]= 262 [4]=6611 [5]=6611 [6]=6611 [7]=6611 [8]=6611 [9]=6611 [10]=6611 [11]=6611 [12]=6611 
key_index before (DPU 458) [0]=   0 [1]=  81 [2]= 174 [3]= 273 [4]= 363 [5]= 363 [6]= 363 [7]= 363 [8]= 363 [9]= 363 [10]= 363 [11]= 363 [12]= 363 
key_index before (DPU 459) [0]=   0 [1]=   0 [2]=   0 [3]=   0 [4]=12255 [5]=12255 [6]=12255 [7]=12255 [8]=12255 [9]=12255 [10]=12255 [11]=12255 [12]=12255 
key_index before (DPU 460) [0]=   0 [1]=  82 [2]= 168 [3]= 258 [4]= 342 [5]= 342 [6]= 342 [7]= 342 [8]= 342 [9]= 342 [10]= 342 [11]= 342 [12]= 342 
key_index before (DPU 461) [0]=   0 [1]=  97 [2]= 194 [3]= 267 [4]= 356 [5]= 356 [6]= 356 [7]= 356 [8]= 356 [9]= 356 [10]= 356 [11]= 356 [12]= 356 
key_index before (DPU 462) [0]=   0 [1]=  87 [2]= 156 [3]= 231 [4]=5131 [5]=5131 [6]=5131 [7]=5131 [8]=5131 [9]=5131 [10]=5131 [11]=5131 [12]=5131 
key_index before (DPU 463) [0]=   0 [1]=  81 [2]= 161 [3]= 242 [4]= 333 [5]= 333 [6]= 333 [7]= 333 [8]= 333 [9]= 333 [10]= 333 [11]= 333 [12]= 333 
key_index before (DPU 464) [0]=   0 [1]=  91 [2]= 193 [3]= 315 [4]=5877 [5]=5877 [6]=5877 [7]=5877 [8]=5877 [9]=5877 [10]=5877 [11]=5877 [12]=5877 
key_index before (DPU 465) [0]=   0 [1]= 101 [2]= 192 [3]= 276 [4]= 276 [5]= 276 [6]= 276 [7]= 276 [8]= 276 [9]= 276 [10]= 276 [11]= 276 [12]= 276 
key_index before (DPU 466) [0]=   0 [1]=  91 [2]= 188 [3]= 282 [4]= 364 [5]= 364 [6]= 364 [7]= 364 [8]= 364 [9]= 364 [10]= 364 [11]= 364 [12]= 364 
key_index before (DPU 467) [0]=   0 [1]=  82 [2]= 181 [3]= 270 [4]= 270 [5]= 270 [6]= 270 [7]= 270 [8]= 270 [9]= 270 [10]= 270 [11]= 270 [12]= 270 
key_index before (DPU 468) [0]=   0 [1]=  80 [2]= 166 [3]= 248 [4]= 248 [5]= 248 [6]= 248 [7]= 248 [8]= 248 [9]= 248 [10]= 248 [11]= 248 [12]= 248 
key_index before (DPU 469) [0]=   0 [1]=  87 [2]= 164 [3]= 256 [4]= 327 [5]= 327 [6]= 327 [7]= 327 [8]= 327 [9]= 327 [10]= 327 [11]= 327 [12]= 327 
key_index before (DPU 470) [0]=   0 [1]=   0 [2]=   0 [3]=   0 [4]=17856 [5]=17856 [6]=17856 [7]=17856 [8]=17856 [9]=17856 [10]=17856 [11]=17856 [12]=17856 
key_index before (DPU 471) [0]=   0 [1]= 100 [2]= 174 [3]= 254 [4]=4452 [5]=4452 [6]=4452 [7]=4452 [8]=4452 [9]=4452 [10]=4452 [11]=4452 [12]=4452 
key_index before (DPU 472) [0]=   0 [1]=  75 [2]= 157 [3]= 231 [4]=5284 [5]=5284 [6]=5284 [7]=5284 [8]=5284 [9]=5284 [10]=5284 [11]=5284 [12]=5284 
key_index before (DPU 473) [0]=   0 [1]=  81 [2]= 182 [3]= 267 [4]= 267 [5]= 267 [6]= 267 [7]= 267 [8]= 267 [9]= 267 [10]= 267 [11]= 267 [12]= 267 
key_index before (DPU 474) [0]=   0 [1]=  96 [2]= 190 [3]= 260 [4]= 260 [5]= 260 [6]= 260 [7]= 260 [8]= 260 [9]= 260 [10]= 260 [11]= 260 [12]= 260 
key_index before (DPU 475) [0]=   0 [1]= 100 [2]= 187 [3]= 282 [4]=8243 [5]=8243 [6]=8243 [7]=8243 [8]=8243 [9]=8243 [10]=8243 [11]=8243 [12]=8243 
key_index before (DPU 476) [0]=   0 [1]=  89 [2]= 177 [3]= 267 [4]= 353 [5]= 353 [6]= 353 [7]= 353 [8]= 353 [9]= 353 [10]= 353 [11]= 353 [12]= 353 
key_index before (DPU 477) [0]=   0 [1]=  91 [2]= 164 [3]= 241 [4]=4151 [5]=4151 [6]=4151 [7]=4151 [8]=4151 [9]=4151 [10]=4151 [11]=4151 [12]=4151 
key_index before (DPU 478) [0]=   0 [1]=  84 [2]= 160 [3]= 254 [4]= 327 [5]= 327 [6]= 327 [7]= 327 [8]= 327 [9]= 327 [10]= 327 [11]= 327 [12]= 327 
key_index before (DPU 479) [0]=   0 [1]=  67 [2]= 155 [3]= 227 [4]= 308 [5]= 308 [6]= 308 [7]= 308 [8]= 308 [9]= 308 [10]= 308 [11]= 308 [12]= 308 
key_index before (DPU 480) [0]=   0 [1]=  89 [2]= 166 [3]= 253 [4]= 253 [5]= 253 [6]= 253 [7]= 253 [8]= 253 [9]= 253 [10]= 253 [11]= 253 [12]= 253 
key_index before (DPU 481) [0]=   0 [1]=   0 [2]=   0 [3]=   0 [4]=33123 [5]=33123 [6]=33123 [7]=33123 [8]=33123 [9]=33123 [10]=33123 [11]=33123 [12]=33123 
key_index before (DPU 482) [0]=   0 [1]=  74 [2]= 158 [3]= 244 [4]= 339 [5]= 339 [6]= 339 [7]= 339 [8]= 339 [9]= 339 [10]= 339 [11]= 339 [12]= 339 
key_index before (DPU 483) [0]=   0 [1]=  91 [2]= 169 [3]= 249 [4]= 342 [5]= 342 [6]= 342 [7]= 342 [8]= 342 [9]= 342 [10]= 342 [11]= 342 [12]= 342 
key_index before (DPU 484) [0]=   0 [1]=  86 [2]= 171 [3]= 239 [4]= 320 [5]= 320 [6]= 320 [7]= 320 [8]= 320 [9]= 320 [10]= 320 [11]= 320 [12]= 320 
key_index before (DPU 485) [0]=   0 [1]=  70 [2]= 151 [3]= 241 [4]= 332 [5]= 332 [6]= 332 [7]= 332 [8]= 332 [9]= 332 [10]= 332 [11]= 332 [12]= 332 
key_index before (DPU 486) [0]=   0 [1]=  78 [2]= 168 [3]= 249 [4]= 343 [5]= 343 [6]= 343 [7]= 343 [8]= 343 [9]= 343 [10]= 343 [11]= 343 [12]= 343 
key_index before (DPU 487) [0]=   0 [1]=  90 [2]= 164 [3]= 259 [4]= 340 [5]= 340 [6]= 340 [7]= 340 [8]= 340 [9]= 340 [10]= 340 [11]= 340 [12]= 340 
key_index before (DPU 488) [0]=   0 [1]=  82 [2]= 175 [3]= 259 [4]= 330 [5]= 330 [6]= 330 [7]= 330 [8]= 330 [9]= 330 [10]= 330 [11]= 330 [12]= 330 
key_index before (DPU 489) [0]=   0 [1]=  74 [2]= 151 [3]= 241 [4]= 337 [5]= 337 [6]= 337 [7]= 337 [8]= 337 [9]= 337 [10]= 337 [11]= 337 [12]= 337 
key_index before (DPU 490) [0]=   0 [1]=  94 [2]= 164 [3]= 253 [4]= 346 [5]= 346 [6]= 346 [7]= 346 [8]= 346 [9]= 346 [10]= 346 [11]= 346 [12]= 346 
key_index before (DPU 491) [0]=   0 [1]=  80 [2]=  80 [3]=  80 [4]=10133 [5]=10133 [6]=10133 [7]=10133 [8]=10133 [9]=10133 [10]=10133 [11]=10133 [12]=10133 
key_index before (DPU 492) [0]=   0 [1]=  89 [2]= 173 [3]= 250 [4]= 327 [5]= 327 [6]= 327 [7]= 327 [8]= 327 [9]= 327 [10]= 327 [11]= 327 [12]= 327 
key_index before (DPU 493) [0]=   0 [1]=  84 [2]= 175 [3]= 270 [4]=7874 [5]=7874 [6]=7874 [7]=7874 [8]=7874 [9]=7874 [10]=7874 [11]=7874 [12]=7874 
key_index before (DPU 494) [0]=   0 [1]=  89 [2]= 164 [3]= 259 [4]= 347 [5]= 347 [6]= 347 [7]= 347 [8]= 347 [9]= 347 [10]= 347 [11]= 347 [12]= 347 
key_index before (DPU 495) [0]=   0 [1]=  90 [2]= 174 [3]= 174 [4]=9465 [5]=9465 [6]=9465 [7]=9465 [8]=9465 [9]=9465 [10]=9465 [11]=9465 [12]=9465 
key_index before (DPU 496) [0]=   0 [1]=   0 [2]=   0 [3]=   0 [4]=13632 [5]=13632 [6]=13632 [7]=13632 [8]=13632 [9]=13632 [10]=13632 [11]=13632 [12]=13632 
key_index before (DPU 497) [0]=   0 [1]=  84 [2]= 170 [3]= 267 [4]= 355 [5]= 355 [6]= 355 [7]= 355 [8]= 355 [9]= 355 [10]= 355 [11]= 355 [12]= 355 
key_index before (DPU 498) [0]=   0 [1]=  76 [2]= 152 [3]= 238 [4]= 331 [5]= 331 [6]= 331 [7]= 331 [8]= 331 [9]= 331 [10]= 331 [11]= 331 [12]= 331 
key_index before (DPU 499) [0]=   0 [1]=   0 [2]=   0 [3]=   0 [4]=48344 [5]=48344 [6]=48344 [7]=48344 [8]=48344 [9]=48344 [10]=48344 [11]=48344 [12]=48344 
before (DPU 0) [0]=   0 [1]=71797 [2]=   0 [3]=   0 [4]=   0 [5]=   0 [6]=   0 [7]=   0 [8]=   0 [9]=   0 [10]=   0 [11]=   0 
after  (DPU 0) [0]=   0 [1]=71797 [2]=   0 [3]=   0 [4]=   0 [5]=   0 [6]=   0 [7]=   0 [8]=   0 [9]=   0 [10]=   0 [11]=   0 
before (DPU 1) [0]=   0 [1]=26083 [2]=   0 [3]=   0 [4]=   0 [5]=   0 [6]=   0 [7]=   0 [8]=   0 [9]=   0 [10]=   0 [11]=   0 
after  (DPU 1) [0]=   0 [1]=26083 [2]=   0 [3]=   0 [4]=   0 [5]=   0 [6]=   0 [7]=   0 [8]=   0 [9]=   0 [10]=   0 [11]=   0 
before (DPU 2) [0]=   0 [1]=15742 [2]=   0 [3]=   0 [4]=   0 [5]=   0 [6]=   0 [7]=   0 [8]=   0 [9]=   0 [10]=   0 [11]=   0 
after  (DPU 2) [0]=   0 [1]=15742 [2]=   0 [3]=   0 [4]=   0 [5]=   0 [6]=   0 [7]=   0 [8]=   0 [9]=   0 [10]=   0 [11]=   0 
before (DPU 3) [0]=   0 [1]=11242 [2]=   0 [3]=   0 [4]=   0 [5]=   0 [6]=   0 [7]=   0 [8]=   0 [9]=   0 [10]=   0 [11]=   0 
after  (DPU 3) [0]=   0 [1]=11242 [2]=   0 [3]=   0 [4]=   0 [5]=   0 [6]=   0 [7]=   0 [8]=   0 [9]=   0 [10]=   0 [11]=   0 
before (DPU 4) [0]=   0 [1]=8789 [2]=   0 [3]=   0 [4]=   0 [5]=   0 [6]=   0 [7]=   0 [8]=   0 [9]=   0 [10]=   0 [11]=   0 
after  (DPU 4) [0]=   0 [1]=8789 [2]=   0 [3]=   0 [4]=   0 [5]=   0 [6]=   0 [7]=   0 [8]=   0 [9]=   0 [10]=   0 [11]=   0 
before (DPU 5) [0]=   0 [1]=7278 [2]=   0 [3]=   0 [4]=   0 [5]=   0 [6]=   0 [7]=   0 [8]=   0 [9]=   0 [10]=   0 [11]=   0 
after  (DPU 5) [0]=   0 [1]=7278 [2]=   0 [3]=   0 [4]=   0 [5]=   0 [6]=   0 [7]=   0 [8]=   0 [9]=   0 [10]=   0 [11]=   0 
before (DPU 6) [0]=   0 [1]=6025 [2]=   0 [3]=   0 [4]=   0 [5]=   0 [6]=   0 [7]=   0 [8]=   0 [9]=   0 [10]=   0 [11]=   0 
after  (DPU 6) [0]=   0 [1]=6025 [2]=   0 [3]=   0 [4]=   0 [5]=   0 [6]=   0 [7]=   0 [8]=   0 [9]=   0 [10]=   0 [11]=   0 
before (DPU 7) [0]=   0 [1]=5281 [2]=5053 [3]=   0 [4]=   0 [5]=   0 [6]=   0 [7]=   0 [8]=   0 [9]=   0 [10]=   0 [11]=   0 
after  (DPU 7) [0]=   0 [1]=5281 [2]=   0 [3]=   0 [4]=   0 [5]=   0 [6]=   0 [7]=   0 [8]=   0 [9]=   0 [10]=   0 [11]=   0 
before (DPU 8) [0]=   0 [1]=4696 [2]=4459 [3]=   0 [4]=   0 [5]=   0 [6]=   0 [7]=   0 [8]=   0 [9]=   0 [10]=   0 [11]=   0 
after  (DPU 8) [0]=   0 [1]=4696 [2]=4459 [3]=   0 [4]=   0 [5]=   0 [6]=   0 [7]=   0 [8]=   0 [9]=   0 [10]=   0 [11]=   0 
before (DPU 9) [0]=   0 [1]=4089 [2]=4039 [3]=   0 [4]=   0 [5]=   0 [6]=   0 [7]=   0 [8]=   0 [9]=   0 [10]=   0 [11]=   0 
after  (DPU 9) [0]=   0 [1]=4089 [2]=4039 [3]=   0 [4]=   0 [5]=   0 [6]=   0 [7]=   0 [8]=   0 [9]=   0 [10]=   0 [11]=   0 
before (DPU 10) [0]=   0 [1]=3714 [2]=3656 [3]=   0 [4]=   0 [5]=   0 [6]=   0 [7]=   0 [8]=   0 [9]=   0 [10]=   0 [11]=   0 
after  (DPU 10) [0]=   0 [1]=3714 [2]=3656 [3]=   0 [4]=   0 [5]=   0 [6]=   0 [7]=   0 [8]=   0 [9]=   0 [10]=   0 [11]=   0 
before (DPU 11) [0]=   0 [1]=3420 [2]=3385 [3]=   0 [4]=   0 [5]=   0 [6]=   0 [7]=   0 [8]=   0 [9]=   0 [10]=   0 [11]=   0 
after  (DPU 11) [0]=   0 [1]=3420 [2]=3385 [3]=   0 [4]=   0 [5]=   0 [6]=   0 [7]=   0 [8]=   0 [9]=   0 [10]=   0 [11]=   0 
before (DPU 12) [0]=3248 [1]=3260 [2]=2987 [3]=   0 [4]=   0 [5]=   0 [6]=   0 [7]=   0 [8]=   0 [9]=   0 [10]=   0 [11]=   0 
after  (DPU 12) [0]=3248 [1]=   0 [2]=2987 [3]=   0 [4]=   0 [5]=   0 [6]=   0 [7]=   0 [8]=   0 [9]=   0 [10]=   0 [11]=   0 
before (DPU 13) [0]=2968 [1]=2942 [2]=2915 [3]=   0 [4]=   0 [5]=   0 [6]=   0 [7]=   0 [8]=   0 [9]=   0 [10]=   0 [11]=   0 
after  (DPU 13) [0]=2968 [1]=2942 [2]=2915 [3]=   0 [4]=   0 [5]=   0 [6]=   0 [7]=   0 [8]=   0 [9]=   0 [10]=   0 [11]=   0 
before (DPU 14) [0]=2758 [1]=2714 [2]=2736 [3]=   0 [4]=   0 [5]=   0 [6]=   0 [7]=   0 [8]=   0 [9]=   0 [10]=   0 [11]=   0 
after  (DPU 14) [0]=2758 [1]=2714 [2]=2736 [3]=   0 [4]=   0 [5]=   0 [6]=   0 [7]=   0 [8]=   0 [9]=   0 [10]=   0 [11]=   0 
before (DPU 15) [0]=2616 [1]=2576 [2]=2515 [3]=   0 [4]=   0 [5]=   0 [6]=   0 [7]=   0 [8]=   0 [9]=   0 [10]=   0 [11]=   0 
after  (DPU 15) [0]=2616 [1]=2576 [2]=2515 [3]=   0 [4]=   0 [5]=   0 [6]=   0 [7]=   0 [8]=   0 [9]=   0 [10]=   0 [11]=   0 
before (DPU 16) [0]=2427 [1]=2416 [2]=2247 [3]=   0 [4]=   0 [5]=   0 [6]=   0 [7]=   0 [8]=   0 [9]=   0 [10]=   0 [11]=   0 
after  (DPU 16) [0]=2427 [1]=2416 [2]=2247 [3]=   0 [4]=   0 [5]=   0 [6]=   0 [7]=   0 [8]=   0 [9]=   0 [10]=   0 [11]=   0 
before (DPU 17) [0]=2402 [1]=2273 [2]=2262 [3]=   0 [4]=   0 [5]=   0 [6]=   0 [7]=   0 [8]=   0 [9]=   0 [10]=   0 [11]=   0 
after  (DPU 17) [0]=2402 [1]=2273 [2]=2262 [3]=   0 [4]=   0 [5]=   0 [6]=   0 [7]=   0 [8]=   0 [9]=   0 [10]=   0 [11]=   0 
before (DPU 18) [0]=2212 [1]=2098 [2]=2104 [3]=   0 [4]=   0 [5]=   0 [6]=   0 [7]=   0 [8]=   0 [9]=   0 [10]=   0 [11]=   0 
after  (DPU 18) [0]=2212 [1]=2098 [2]=2104 [3]=   0 [4]=   0 [5]=   0 [6]=   0 [7]=   0 [8]=   0 [9]=   0 [10]=   0 [11]=   0 
before (DPU 19) [0]=2041 [1]=2081 [2]=1967 [3]=   0 [4]=   0 [5]=   0 [6]=   0 [7]=   0 [8]=   0 [9]=   0 [10]=   0 [11]=   0 
after  (DPU 19) [0]=2041 [1]=2081 [2]=1967 [3]=   0 [4]=   0 [5]=   0 [6]=   0 [7]=   0 [8]=   0 [9]=   0 [10]=   0 [11]=   0 
before (DPU 20) [0]=1989 [1]=1929 [2]=1920 [3]=   0 [4]=   0 [5]=   0 [6]=   0 [7]=   0 [8]=   0 [9]=   0 [10]=   0 [11]=   0 
after  (DPU 20) [0]=1989 [1]=1929 [2]=1920 [3]=   0 [4]=   0 [5]=   0 [6]=   0 [7]=   0 [8]=   0 [9]=   0 [10]=   0 [11]=   0 
before (DPU 21) [0]=1891 [1]=1798 [2]=1807 [3]=   0 [4]=   0 [5]=   0 [6]=   0 [7]=   0 [8]=   0 [9]=   0 [10]=   0 [11]=   0 
after  (DPU 21) [0]=1891 [1]=1798 [2]=1807 [3]=   0 [4]=   0 [5]=   0 [6]=   0 [7]=   0 [8]=   0 [9]=   0 [10]=   0 [11]=   0 
before (DPU 22) [0]=1758 [1]=1714 [2]=1665 [3]=   0 [4]=   0 [5]=   0 [6]=   0 [7]=   0 [8]=   0 [9]=   0 [10]=   0 [11]=   0 
after  (DPU 22) [0]=1758 [1]=1714 [2]=1665 [3]=   0 [4]=   0 [5]=   0 [6]=   0 [7]=   0 [8]=   0 [9]=   0 [10]=   0 [11]=   0 
before (DPU 23) [0]=1666 [1]=1731 [2]=1607 [3]=   0 [4]=   0 [5]=   0 [6]=   0 [7]=   0 [8]=   0 [9]=   0 [10]=   0 [11]=   0 
after  (DPU 23) [0]=1666 [1]=1731 [2]=1607 [3]=   0 [4]=   0 [5]=   0 [6]=   0 [7]=   0 [8]=   0 [9]=   0 [10]=   0 [11]=   0 
before (DPU 24) [0]=1694 [1]=1641 [2]=1636 [3]=   0 [4]=   0 [5]=   0 [6]=   0 [7]=   0 [8]=   0 [9]=   0 [10]=   0 [11]=   0 
after  (DPU 24) [0]=1694 [1]=1641 [2]=1636 [3]=   0 [4]=   0 [5]=   0 [6]=   0 [7]=   0 [8]=   0 [9]=   0 [10]=   0 [11]=   0 
before (DPU 25) [0]=1638 [1]=1595 [2]=1504 [3]=   0 [4]=   0 [5]=   0 [6]=   0 [7]=   0 [8]=   0 [9]=   0 [10]=   0 [11]=   0 
after  (DPU 25) [0]=1638 [1]=1595 [2]=1504 [3]=   0 [4]=   0 [5]=   0 [6]=   0 [7]=   0 [8]=   0 [9]=   0 [10]=   0 [11]=   0 
before (DPU 26) [0]=1498 [1]=1505 [2]=1559 [3]=   0 [4]=   0 [5]=   0 [6]=   0 [7]=   0 [8]=   0 [9]=   0 [10]=   0 [11]=   0 
after  (DPU 26) [0]=1498 [1]=1505 [2]=1559 [3]=   0 [4]=   0 [5]=   0 [6]=   0 [7]=   0 [8]=   0 [9]=   0 [10]=   0 [11]=   0 
before (DPU 27) [0]=1441 [1]=1423 [2]=1389 [3]=   0 [4]=   0 [5]=   0 [6]=   0 [7]=   0 [8]=   0 [9]=   0 [10]=   0 [11]=   0 
after  (DPU 27) [0]=1441 [1]=1423 [2]=1389 [3]=   0 [4]=   0 [5]=   0 [6]=   0 [7]=   0 [8]=   0 [9]=   0 [10]=   0 [11]=   0 
before (DPU 28) [0]=1424 [1]=1464 [2]=1376 [3]=   0 [4]=   0 [5]=   0 [6]=   0 [7]=   0 [8]=   0 [9]=   0 [10]=   0 [11]=   0 
after  (DPU 28) [0]=1424 [1]=1464 [2]=1376 [3]=   0 [4]=   0 [5]=   0 [6]=   0 [7]=   0 [8]=   0 [9]=   0 [10]=   0 [11]=   0 
before (DPU 29) [0]=1418 [1]=1361 [2]=1349 [3]=   0 [4]=   0 [5]=   0 [6]=   0 [7]=   0 [8]=   0 [9]=   0 [10]=   0 [11]=   0 
after  (DPU 29) [0]=1418 [1]=1361 [2]=1349 [3]=   0 [4]=   0 [5]=   0 [6]=   0 [7]=   0 [8]=   0 [9]=   0 [10]=   0 [11]=   0 
before (DPU 30) [0]=1319 [1]=1285 [2]=1258 [3]=   0 [4]=   0 [5]=   0 [6]=   0 [7]=   0 [8]=   0 [9]=   0 [10]=   0 [11]=   0 
after  (DPU 30) [0]=1319 [1]=1285 [2]=1258 [3]=   0 [4]=   0 [5]=   0 [6]=   0 [7]=   0 [8]=   0 [9]=   0 [10]=   0 [11]=   0 
before (DPU 31) [0]=1223 [1]=1297 [2]=1283 [3]=   0 [4]=   0 [5]=   0 [6]=   0 [7]=   0 [8]=   0 [9]=   0 [10]=   0 [11]=   0 
after  (DPU 31) [0]=1223 [1]=1297 [2]=1283 [3]=   0 [4]=   0 [5]=   0 [6]=   0 [7]=   0 [8]=   0 [9]=   0 [10]=   0 [11]=   0 
before (DPU 32) [0]=1277 [1]=1201 [2]=1223 [3]=   0 [4]=   0 [5]=   0 [6]=   0 [7]=   0 [8]=   0 [9]=   0 [10]=   0 [11]=   0 
after  (DPU 32) [0]=1277 [1]=1201 [2]=1223 [3]=   0 [4]=   0 [5]=   0 [6]=   0 [7]=   0 [8]=   0 [9]=   0 [10]=   0 [11]=   0 
before (DPU 33) [0]=1169 [1]=1156 [2]=1206 [3]=   0 [4]=   0 [5]=   0 [6]=   0 [7]=   0 [8]=   0 [9]=   0 [10]=   0 [11]=   0 
after  (DPU 33) [0]=1169 [1]=1156 [2]=1206 [3]=   0 [4]=   0 [5]=   0 [6]=   0 [7]=   0 [8]=   0 [9]=   0 [10]=   0 [11]=   0 
before (DPU 34) [0]=1181 [1]=1162 [2]=1121 [3]=   0 [4]=   0 [5]=   0 [6]=   0 [7]=   0 [8]=   0 [9]=   0 [10]=   0 [11]=   0 
after  (DPU 34) [0]=1181 [1]=1162 [2]=1121 [3]=   0 [4]=   0 [5]=   0 [6]=   0 [7]=   0 [8]=   0 [9]=   0 [10]=   0 [11]=   0 
before (DPU 35) [0]=1156 [1]=1122 [2]=1125 [3]=   0 [4]=   0 [5]=   0 [6]=   0 [7]=   0 [8]=   0 [9]=   0 [10]=   0 [11]=   0 
after  (DPU 35) [0]=1156 [1]=1122 [2]=1125 [3]=   0 [4]=   0 [5]=   0 [6]=   0 [7]=   0 [8]=   0 [9]=   0 [10]=   0 [11]=   0 
before (DPU 36) [0]=1050 [1]=1126 [2]=1074 [3]=   0 [4]=   0 [5]=   0 [6]=   0 [7]=   0 [8]=   0 [9]=   0 [10]=   0 [11]=   0 
after  (DPU 36) [0]=1050 [1]=1126 [2]=1074 [3]=   0 [4]=   0 [5]=   0 [6]=   0 [7]=   0 [8]=   0 [9]=   0 [10]=   0 [11]=   0 
before (DPU 37) [0]=1118 [1]=1037 [2]=1046 [3]=   0 [4]=   0 [5]=   0 [6]=   0 [7]=   0 [8]=   0 [9]=   0 [10]=   0 [11]=   0 
after  (DPU 37) [0]=1118 [1]=1037 [2]=1046 [3]=   0 [4]=   0 [5]=   0 [6]=   0 [7]=   0 [8]=   0 [9]=   0 [10]=   0 [11]=   0 
before (DPU 38) [0]=1016 [1]=1026 [2]=1031 [3]=   0 [4]=   0 [5]=   0 [6]=   0 [7]=   0 [8]=   0 [9]=   0 [10]=   0 [11]=   0 
after  (DPU 38) [0]=1016 [1]=1026 [2]=1031 [3]=   0 [4]=   0 [5]=   0 [6]=   0 [7]=   0 [8]=   0 [9]=   0 [10]=   0 [11]=   0 
before (DPU 39) [0]=1058 [1]=1042 [2]=1001 [3]=   0 [4]=   0 [5]=   0 [6]=   0 [7]=   0 [8]=   0 [9]=   0 [10]=   0 [11]=   0 
after  (DPU 39) [0]=1058 [1]=1042 [2]=1001 [3]=   0 [4]=   0 [5]=   0 [6]=   0 [7]=   0 [8]=   0 [9]=   0 [10]=   0 [11]=   0 
before (DPU 40) [0]=1037 [1]=1007 [2]= 939 [3]=   0 [4]=   0 [5]=   0 [6]=   0 [7]=   0 [8]=   0 [9]=   0 [10]=   0 [11]=   0 
after  (DPU 40) [0]=1037 [1]=1007 [2]= 939 [3]=   0 [4]=   0 [5]=   0 [6]=   0 [7]=   0 [8]=   0 [9]=   0 [10]=   0 [11]=   0 
before (DPU 41) [0]=1033 [1]= 951 [2]= 895 [3]=   0 [4]=   0 [5]=   0 [6]=   0 [7]=   0 [8]=   0 [9]=   0 [10]=   0 [11]=   0 
after  (DPU 41) [0]=1033 [1]= 951 [2]= 895 [3]=   0 [4]=   0 [5]=   0 [6]=   0 [7]=   0 [8]=   0 [9]=   0 [10]=   0 [11]=   0 
before (DPU 42) [0]= 943 [1]= 922 [2]= 923 [3]=   0 [4]=   0 [5]=   0 [6]=   0 [7]=   0 [8]=   0 [9]=   0 [10]=   0 [11]=   0 
after  (DPU 42) [0]= 943 [1]= 922 [2]= 923 [3]=   0 [4]=   0 [5]=   0 [6]=   0 [7]=   0 [8]=   0 [9]=   0 [10]=   0 [11]=   0 
before (DPU 43) [0]= 960 [1]= 907 [2]= 858 [3]=   0 [4]=   0 [5]=   0 [6]=   0 [7]=   0 [8]=   0 [9]=   0 [10]=   0 [11]=   0 
after  (DPU 43) [0]= 960 [1]= 907 [2]= 858 [3]=   0 [4]=   0 [5]=   0 [6]=   0 [7]=   0 [8]=   0 [9]=   0 [10]=   0 [11]=   0 
before (DPU 44) [0]= 939 [1]= 860 [2]= 844 [3]=   0 [4]=   0 [5]=   0 [6]=   0 [7]=   0 [8]=   0 [9]=   0 [10]=   0 [11]=   0 
after  (DPU 44) [0]= 939 [1]= 860 [2]= 844 [3]=   0 [4]=   0 [5]=   0 [6]=   0 [7]=   0 [8]=   0 [9]=   0 [10]=   0 [11]=   0 
before (DPU 45) [0]= 927 [1]= 866 [2]= 932 [3]=   0 [4]=   0 [5]=   0 [6]=   0 [7]=   0 [8]=   0 [9]=   0 [10]=   0 [11]=   0 
after  (DPU 45) [0]= 927 [1]= 866 [2]= 932 [3]=   0 [4]=   0 [5]=   0 [6]=   0 [7]=   0 [8]=   0 [9]=   0 [10]=   0 [11]=   0 
before (DPU 46) [0]= 849 [1]= 887 [2]= 867 [3]=   0 [4]=   0 [5]=   0 [6]=   0 [7]=   0 [8]=   0 [9]=   0 [10]=   0 [11]=   0 
after  (DPU 46) [0]= 849 [1]= 887 [2]= 867 [3]=   0 [4]=   0 [5]=   0 [6]=   0 [7]=   0 [8]=   0 [9]=   0 [10]=   0 [11]=   0 
before (DPU 47) [0]= 835 [1]= 817 [2]= 868 [3]=   0 [4]=   0 [5]=   0 [6]=   0 [7]=   0 [8]=   0 [9]=   0 [10]=   0 [11]=   0 
after  (DPU 47) [0]= 835 [1]= 817 [2]= 868 [3]=   0 [4]=   0 [5]=   0 [6]=   0 [7]=   0 [8]=   0 [9]=   0 [10]=   0 [11]=   0 
before (DPU 48) [0]= 831 [1]= 873 [2]= 828 [3]=   0 [4]=   0 [5]=   0 [6]=   0 [7]=   0 [8]=   0 [9]=   0 [10]=   0 [11]=   0 
after  (DPU 48) [0]= 831 [1]= 873 [2]= 828 [3]=   0 [4]=   0 [5]=   0 [6]=   0 [7]=   0 [8]=   0 [9]=   0 [10]=   0 [11]=   0 
before (DPU 49) [0]= 790 [1]= 781 [2]= 791 [3]=   0 [4]=   0 [5]=   0 [6]=   0 [7]=   0 [8]=   0 [9]=   0 [10]=   0 [11]=   0 
after  (DPU 49) [0]= 790 [1]= 781 [2]= 791 [3]=   0 [4]=   0 [5]=   0 [6]=   0 [7]=   0 [8]=   0 [9]=   0 [10]=   0 [11]=   0 
before (DPU 50) [0]= 797 [1]= 755 [2]= 750 [3]=   0 [4]=   0 [5]=   0 [6]=   0 [7]=   0 [8]=   0 [9]=   0 [10]=   0 [11]=   0 
after  (DPU 50) [0]= 797 [1]= 755 [2]= 750 [3]=   0 [4]=   0 [5]=   0 [6]=   0 [7]=   0 [8]=   0 [9]=   0 [10]=   0 [11]=   0 
before (DPU 51) [0]= 783 [1]= 794 [2]= 746 [3]=   0 [4]=   0 [5]=   0 [6]=   0 [7]=   0 [8]=   0 [9]=   0 [10]=   0 [11]=   0 
after  (DPU 51) [0]= 783 [1]= 794 [2]= 746 [3]=   0 [4]=   0 [5]=   0 [6]=   0 [7]=   0 [8]=   0 [9]=   0 [10]=   0 [11]=   0 
before (DPU 52) [0]= 799 [1]= 753 [2]= 751 [3]=   0 [4]=   0 [5]=   0 [6]=   0 [7]=   0 [8]=   0 [9]=   0 [10]=   0 [11]=   0 
after  (DPU 52) [0]= 799 [1]= 753 [2]= 751 [3]=   0 [4]=   0 [5]=   0 [6]=   0 [7]=   0 [8]=   0 [9]=   0 [10]=   0 [11]=   0 
before (DPU 53) [0]= 743 [1]= 734 [2]= 781 [3]=   0 [4]=   0 [5]=   0 [6]=   0 [7]=   0 [8]=   0 [9]=   0 [10]=   0 [11]=   0 
after  (DPU 53) [0]= 743 [1]= 734 [2]= 781 [3]=   0 [4]=   0 [5]=   0 [6]=   0 [7]=   0 [8]=   0 [9]=   0 [10]=   0 [11]=   0 
before (DPU 54) [0]= 759 [1]= 734 [2]= 723 [3]=   0 [4]=   0 [5]=   0 [6]=   0 [7]=   0 [8]=   0 [9]=   0 [10]=   0 [11]=   0 
after  (DPU 54) [0]= 759 [1]= 734 [2]= 723 [3]=   0 [4]=   0 [5]=   0 [6]=   0 [7]=   0 [8]=   0 [9]=   0 [10]=   0 [11]=   0 
before (DPU 55) [0]= 741 [1]= 735 [2]= 770 [3]=   0 [4]=   0 [5]=   0 [6]=   0 [7]=   0 [8]=   0 [9]=   0 [10]=   0 [11]=   0 
after  (DPU 55) [0]= 741 [1]= 735 [2]= 770 [3]=   0 [4]=   0 [5]=   0 [6]=   0 [7]=   0 [8]=   0 [9]=   0 [10]=   0 [11]=   0 
before (DPU 56) [0]= 699 [1]= 748 [2]= 720 [3]=   0 [4]=   0 [5]=   0 [6]=   0 [7]=   0 [8]=   0 [9]=   0 [10]=   0 [11]=   0 
after  (DPU 56) [0]= 699 [1]= 748 [2]= 720 [3]=   0 [4]=   0 [5]=   0 [6]=   0 [7]=   0 [8]=   0 [9]=   0 [10]=   0 [11]=   0 
before (DPU 57) [0]= 764 [1]= 693 [2]= 674 [3]=   0 [4]=   0 [5]=   0 [6]=   0 [7]=   0 [8]=   0 [9]=   0 [10]=   0 [11]=   0 
after  (DPU 57) [0]= 764 [1]= 693 [2]= 674 [3]=   0 [4]=   0 [5]=   0 [6]=   0 [7]=   0 [8]=   0 [9]=   0 [10]=   0 [11]=   0 
before (DPU 58) [0]= 649 [1]= 708 [2]= 694 [3]=   0 [4]=   0 [5]=   0 [6]=   0 [7]=   0 [8]=   0 [9]=   0 [10]=   0 [11]=   0 
after  (DPU 58) [0]= 649 [1]= 708 [2]= 694 [3]=   0 [4]=   0 [5]=   0 [6]=   0 [7]=   0 [8]=   0 [9]=   0 [10]=   0 [11]=   0 
before (DPU 59) [0]= 691 [1]= 686 [2]= 648 [3]=   0 [4]=   0 [5]=   0 [6]=   0 [7]=   0 [8]=   0 [9]=   0 [10]=   0 [11]=   0 
after  (DPU 59) [0]= 691 [1]= 686 [2]= 648 [3]=   0 [4]=   0 [5]=   0 [6]=   0 [7]=   0 [8]=   0 [9]=   0 [10]=   0 [11]=   0 
before (DPU 60) [0]= 680 [1]= 581 [2]= 655 [3]=   0 [4]=   0 [5]=   0 [6]=   0 [7]=   0 [8]=   0 [9]=   0 [10]=   0 [11]=   0 
after  (DPU 60) [0]= 680 [1]= 581 [2]= 655 [3]=   0 [4]=   0 [5]=   0 [6]=   0 [7]=   0 [8]=   0 [9]=   0 [10]=   0 [11]=   0 
before (DPU 61) [0]= 660 [1]= 624 [2]= 643 [3]=   0 [4]=   0 [5]=   0 [6]=   0 [7]=   0 [8]=   0 [9]=   0 [10]=   0 [11]=   0 
after  (DPU 61) [0]= 660 [1]= 624 [2]= 643 [3]=   0 [4]=   0 [5]=   0 [6]=   0 [7]=   0 [8]=   0 [9]=   0 [10]=   0 [11]=   0 
before (DPU 62) [0]= 647 [1]= 656 [2]= 674 [3]=   0 [4]=   0 [5]=   0 [6]=   0 [7]=   0 [8]=   0 [9]=   0 [10]=   0 [11]=   0 
after  (DPU 62) [0]= 647 [1]= 656 [2]= 674 [3]=   0 [4]=   0 [5]=   0 [6]=   0 [7]=   0 [8]=   0 [9]=   0 [10]=   0 [11]=   0 
before (DPU 63) [0]= 612 [1]= 642 [2]= 691 [3]=   0 [4]=   0 [5]=   0 [6]=   0 [7]=   0 [8]=   0 [9]=   0 [10]=   0 [11]=   0 
after  (DPU 63) [0]= 612 [1]= 642 [2]= 691 [3]=   0 [4]=   0 [5]=   0 [6]=   0 [7]=   0 [8]=   0 [9]=   0 [10]=   0 [11]=   0 
before (DPU 64) [0]= 658 [1]= 703 [2]= 612 [3]=   0 [4]=   0 [5]=   0 [6]=   0 [7]=   0 [8]=   0 [9]=   0 [10]=   0 [11]=   0 
after  (DPU 64) [0]= 658 [1]= 703 [2]= 612 [3]=   0 [4]=   0 [5]=   0 [6]=   0 [7]=   0 [8]=   0 [9]=   0 [10]=   0 [11]=   0 
before (DPU 65) [0]= 638 [1]= 655 [2]= 583 [3]=   0 [4]=   0 [5]=   0 [6]=   0 [7]=   0 [8]=   0 [9]=   0 [10]=   0 [11]=   0 
after  (DPU 65) [0]= 638 [1]= 655 [2]= 583 [3]=   0 [4]=   0 [5]=   0 [6]=   0 [7]=   0 [8]=   0 [9]=   0 [10]=   0 [11]=   0 
before (DPU 66) [0]= 649 [1]= 622 [2]= 583 [3]=   0 [4]=   0 [5]=   0 [6]=   0 [7]=   0 [8]=   0 [9]=   0 [10]=   0 [11]=   0 
after  (DPU 66) [0]= 649 [1]= 622 [2]= 583 [3]=   0 [4]=   0 [5]=   0 [6]=   0 [7]=   0 [8]=   0 [9]=   0 [10]=   0 [11]=   0 
before (DPU 67) [0]= 637 [1]= 585 [2]= 557 [3]=   0 [4]=   0 [5]=   0 [6]=   0 [7]=   0 [8]=   0 [9]=   0 [10]=   0 [11]=   0 
after  (DPU 67) [0]= 637 [1]= 585 [2]= 557 [3]=   0 [4]=   0 [5]=   0 [6]=   0 [7]=   0 [8]=   0 [9]=   0 [10]=   0 [11]=   0 
before (DPU 68) [0]= 624 [1]= 553 [2]= 584 [3]=   0 [4]=   0 [5]=   0 [6]=   0 [7]=   0 [8]=   0 [9]=   0 [10]=   0 [11]=   0 
after  (DPU 68) [0]= 624 [1]= 553 [2]= 584 [3]=   0 [4]=   0 [5]=   0 [6]=   0 [7]=   0 [8]=   0 [9]=   0 [10]=   0 [11]=   0 
before (DPU 69) [0]= 560 [1]= 538 [2]= 609 [3]=   0 [4]=   0 [5]=   0 [6]=   0 [7]=   0 [8]=   0 [9]=   0 [10]=   0 [11]=   0 
after  (DPU 69) [0]= 560 [1]= 538 [2]= 609 [3]=   0 [4]=   0 [5]=   0 [6]=   0 [7]=   0 [8]=   0 [9]=   0 [10]=   0 [11]=   0 
before (DPU 70) [0]= 599 [1]= 559 [2]= 554 [3]=   0 [4]=   0 [5]=   0 [6]=   0 [7]=   0 [8]=   0 [9]=   0 [10]=   0 [11]=   0 
after  (DPU 70) [0]= 599 [1]= 559 [2]= 554 [3]=   0 [4]=   0 [5]=   0 [6]=   0 [7]=   0 [8]=   0 [9]=   0 [10]=   0 [11]=   0 
before (DPU 71) [0]= 548 [1]= 556 [2]= 543 [3]=   0 [4]=   0 [5]=   0 [6]=   0 [7]=   0 [8]=   0 [9]=   0 [10]=   0 [11]=   0 
after  (DPU 71) [0]= 548 [1]= 556 [2]= 543 [3]=   0 [4]=   0 [5]=   0 [6]=   0 [7]=   0 [8]=   0 [9]=   0 [10]=   0 [11]=   0 
before (DPU 72) [0]= 545 [1]= 508 [2]= 550 [3]=   0 [4]=   0 [5]=   0 [6]=   0 [7]=   0 [8]=   0 [9]=   0 [10]=   0 [11]=   0 
after  (DPU 72) [0]= 545 [1]= 508 [2]= 550 [3]=   0 [4]=   0 [5]=   0 [6]=   0 [7]=   0 [8]=   0 [9]=   0 [10]=   0 [11]=   0 
before (DPU 73) [0]= 569 [1]= 543 [2]= 561 [3]=   0 [4]=   0 [5]=   0 [6]=   0 [7]=   0 [8]=   0 [9]=   0 [10]=   0 [11]=   0 
after  (DPU 73) [0]= 569 [1]= 543 [2]= 561 [3]=   0 [4]=   0 [5]=   0 [6]=   0 [7]=   0 [8]=   0 [9]=   0 [10]=   0 [11]=   0 
before (DPU 74) [0]= 552 [1]= 563 [2]= 543 [3]=   0 [4]=   0 [5]=   0 [6]=   0 [7]=   0 [8]=   0 [9]=   0 [10]=   0 [11]=   0 
after  (DPU 74) [0]= 552 [1]= 563 [2]= 543 [3]=   0 [4]=   0 [5]=   0 [6]=   0 [7]=   0 [8]=   0 [9]=   0 [10]=   0 [11]=   0 
before (DPU 75) [0]= 521 [1]= 523 [2]= 504 [3]=   0 [4]=   0 [5]=   0 [6]=   0 [7]=   0 [8]=   0 [9]=   0 [10]=   0 [11]=   0 
after  (DPU 75) [0]= 521 [1]= 523 [2]= 504 [3]=   0 [4]=   0 [5]=   0 [6]=   0 [7]=   0 [8]=   0 [9]=   0 [10]=   0 [11]=   0 
before (DPU 76) [0]= 534 [1]= 522 [2]= 539 [3]=   0 [4]=   0 [5]=   0 [6]=   0 [7]=   0 [8]=   0 [9]=   0 [10]=   0 [11]=   0 
after  (DPU 76) [0]= 534 [1]= 522 [2]= 539 [3]=   0 [4]=   0 [5]=   0 [6]=   0 [7]=   0 [8]=   0 [9]=   0 [10]=   0 [11]=   0 
before (DPU 77) [0]= 529 [1]= 474 [2]= 535 [3]=   0 [4]=   0 [5]=   0 [6]=   0 [7]=   0 [8]=   0 [9]=   0 [10]=   0 [11]=   0 
after  (DPU 77) [0]= 529 [1]= 474 [2]= 535 [3]=   0 [4]=   0 [5]=   0 [6]=   0 [7]=   0 [8]=   0 [9]=   0 [10]=   0 [11]=   0 
before (DPU 78) [0]= 531 [1]= 497 [2]= 506 [3]=   0 [4]=   0 [5]=   0 [6]=   0 [7]=   0 [8]=   0 [9]=   0 [10]=   0 [11]=   0 
after  (DPU 78) [0]= 531 [1]= 497 [2]= 506 [3]=   0 [4]=   0 [5]=   0 [6]=   0 [7]=   0 [8]=   0 [9]=   0 [10]=   0 [11]=   0 
before (DPU 79) [0]= 506 [1]= 500 [2]= 478 [3]=   0 [4]=   0 [5]=   0 [6]=   0 [7]=   0 [8]=   0 [9]=   0 [10]=   0 [11]=   0 
after  (DPU 79) [0]= 506 [1]= 500 [2]= 478 [3]=   0 [4]=   0 [5]=   0 [6]=   0 [7]=   0 [8]=   0 [9]=   0 [10]=   0 [11]=   0 
before (DPU 80) [0]= 501 [1]= 496 [2]= 505 [3]=   0 [4]=   0 [5]=   0 [6]=   0 [7]=   0 [8]=   0 [9]=   0 [10]=   0 [11]=   0 
after  (DPU 80) [0]= 501 [1]= 496 [2]= 505 [3]=   0 [4]=   0 [5]=   0 [6]=   0 [7]=   0 [8]=   0 [9]=   0 [10]=   0 [11]=   0 
before (DPU 81) [0]= 535 [1]= 487 [2]= 498 [3]=   0 [4]=   0 [5]=   0 [6]=   0 [7]=   0 [8]=   0 [9]=   0 [10]=   0 [11]=   0 
after  (DPU 81) [0]= 535 [1]= 487 [2]= 498 [3]=   0 [4]=   0 [5]=   0 [6]=   0 [7]=   0 [8]=   0 [9]=   0 [10]=   0 [11]=   0 
before (DPU 82) [0]= 475 [1]= 514 [2]= 501 [3]=   0 [4]=   0 [5]=   0 [6]=   0 [7]=   0 [8]=   0 [9]=   0 [10]=   0 [11]=   0 
after  (DPU 82) [0]= 475 [1]= 514 [2]= 501 [3]=   0 [4]=   0 [5]=   0 [6]=   0 [7]=   0 [8]=   0 [9]=   0 [10]=   0 [11]=   0 
before (DPU 83) [0]= 443 [1]= 515 [2]= 485 [3]=   0 [4]=   0 [5]=   0 [6]=   0 [7]=   0 [8]=   0 [9]=   0 [10]=   0 [11]=   0 
after  (DPU 83) [0]= 443 [1]= 515 [2]= 485 [3]=   0 [4]=   0 [5]=   0 [6]=   0 [7]=   0 [8]=   0 [9]=   0 [10]=   0 [11]=   0 
before (DPU 84) [0]= 460 [1]= 512 [2]= 447 [3]=   0 [4]=   0 [5]=   0 [6]=   0 [7]=   0 [8]=   0 [9]=   0 [10]=   0 [11]=   0 
after  (DPU 84) [0]= 460 [1]= 512 [2]= 447 [3]=   0 [4]=   0 [5]=   0 [6]=   0 [7]=   0 [8]=   0 [9]=   0 [10]=   0 [11]=   0 
before (DPU 85) [0]= 471 [1]= 489 [2]= 503 [3]=   0 [4]=   0 [5]=   0 [6]=   0 [7]=   0 [8]=   0 [9]=   0 [10]=   0 [11]=   0 
after  (DPU 85) [0]= 471 [1]= 489 [2]= 503 [3]=   0 [4]=   0 [5]=   0 [6]=   0 [7]=   0 [8]=   0 [9]=   0 [10]=   0 [11]=   0 
before (DPU 86) [0]= 466 [1]= 469 [2]= 464 [3]=   0 [4]=   0 [5]=   0 [6]=   0 [7]=   0 [8]=   0 [9]=   0 [10]=   0 [11]=   0 
after  (DPU 86) [0]= 466 [1]= 469 [2]= 464 [3]=   0 [4]=   0 [5]=   0 [6]=   0 [7]=   0 [8]=   0 [9]=   0 [10]=   0 [11]=   0 
before (DPU 87) [0]= 446 [1]= 528 [2]= 425 [3]=   0 [4]=   0 [5]=   0 [6]=   0 [7]=   0 [8]=   0 [9]=   0 [10]=   0 [11]=   0 
after  (DPU 87) [0]= 446 [1]= 528 [2]= 425 [3]=   0 [4]=   0 [5]=   0 [6]=   0 [7]=   0 [8]=   0 [9]=   0 [10]=   0 [11]=   0 
before (DPU 88) [0]= 470 [1]= 441 [2]= 457 [3]=   0 [4]=   0 [5]=   0 [6]=   0 [7]=   0 [8]=   0 [9]=   0 [10]=   0 [11]=   0 
after  (DPU 88) [0]= 470 [1]= 441 [2]= 457 [3]=   0 [4]=   0 [5]=   0 [6]=   0 [7]=   0 [8]=   0 [9]=   0 [10]=   0 [11]=   0 
before (DPU 89) [0]= 438 [1]= 475 [2]= 441 [3]=   0 [4]=   0 [5]=   0 [6]=   0 [7]=   0 [8]=   0 [9]=   0 [10]=   0 [11]=   0 
after  (DPU 89) [0]= 438 [1]= 475 [2]= 441 [3]=   0 [4]=   0 [5]=   0 [6]=   0 [7]=   0 [8]=   0 [9]=   0 [10]=   0 [11]=   0 
before (DPU 90) [0]= 425 [1]= 422 [2]= 455 [3]=   0 [4]=   0 [5]=   0 [6]=   0 [7]=   0 [8]=   0 [9]=   0 [10]=   0 [11]=   0 
after  (DPU 90) [0]= 425 [1]= 422 [2]= 455 [3]=   0 [4]=   0 [5]=   0 [6]=   0 [7]=   0 [8]=   0 [9]=   0 [10]=   0 [11]=   0 
before (DPU 91) [0]= 448 [1]= 446 [2]= 430 [3]=   0 [4]=   0 [5]=   0 [6]=   0 [7]=   0 [8]=   0 [9]=   0 [10]=   0 [11]=   0 
after  (DPU 91) [0]= 448 [1]= 446 [2]= 430 [3]=   0 [4]=   0 [5]=   0 [6]=   0 [7]=   0 [8]=   0 [9]=   0 [10]=   0 [11]=   0 
before (DPU 92) [0]= 419 [1]= 466 [2]= 448 [3]=   0 [4]=   0 [5]=   0 [6]=   0 [7]=   0 [8]=   0 [9]=   0 [10]=   0 [11]=   0 
after  (DPU 92) [0]= 419 [1]= 466 [2]= 448 [3]=   0 [4]=   0 [5]=   0 [6]=   0 [7]=   0 [8]=   0 [9]=   0 [10]=   0 [11]=   0 
before (DPU 93) [0]= 440 [1]= 468 [2]= 413 [3]=   0 [4]=   0 [5]=   0 [6]=   0 [7]=   0 [8]=   0 [9]=   0 [10]=   0 [11]=   0 
after  (DPU 93) [0]= 440 [1]= 468 [2]= 413 [3]=   0 [4]=   0 [5]=   0 [6]=   0 [7]=   0 [8]=   0 [9]=   0 [10]=   0 [11]=   0 
before (DPU 94) [0]= 465 [1]= 402 [2]= 397 [3]=   0 [4]=   0 [5]=   0 [6]=   0 [7]=   0 [8]=   0 [9]=   0 [10]=   0 [11]=   0 
after  (DPU 94) [0]= 465 [1]= 402 [2]= 397 [3]=   0 [4]=   0 [5]=   0 [6]=   0 [7]=   0 [8]=   0 [9]=   0 [10]=   0 [11]=   0 
before (DPU 95) [0]= 417 [1]= 401 [2]= 427 [3]=   0 [4]=   0 [5]=   0 [6]=   0 [7]=   0 [8]=   0 [9]=   0 [10]=   0 [11]=   0 
after  (DPU 95) [0]= 417 [1]= 401 [2]= 427 [3]=   0 [4]=   0 [5]=   0 [6]=   0 [7]=   0 [8]=   0 [9]=   0 [10]=   0 [11]=   0 
before (DPU 96) [0]= 413 [1]= 411 [2]= 408 [3]=   0 [4]=   0 [5]=   0 [6]=   0 [7]=   0 [8]=   0 [9]=   0 [10]=   0 [11]=   0 
after  (DPU 96) [0]= 413 [1]= 411 [2]= 408 [3]=   0 [4]=   0 [5]=   0 [6]=   0 [7]=   0 [8]=   0 [9]=   0 [10]=   0 [11]=   0 
before (DPU 97) [0]= 449 [1]= 462 [2]= 402 [3]=   0 [4]=   0 [5]=   0 [6]=   0 [7]=   0 [8]=   0 [9]=   0 [10]=   0 [11]=   0 
after  (DPU 97) [0]= 449 [1]= 462 [2]= 402 [3]=   0 [4]=   0 [5]=   0 [6]=   0 [7]=   0 [8]=   0 [9]=   0 [10]=   0 [11]=   0 
before (DPU 98) [0]= 398 [1]= 400 [2]= 416 [3]=   0 [4]=   0 [5]=   0 [6]=   0 [7]=   0 [8]=   0 [9]=   0 [10]=   0 [11]=   0 
after  (DPU 98) [0]= 398 [1]= 400 [2]= 416 [3]=   0 [4]=   0 [5]=   0 [6]=   0 [7]=   0 [8]=   0 [9]=   0 [10]=   0 [11]=   0 
before (DPU 99) [0]= 398 [1]= 399 [2]= 375 [3]=   0 [4]=   0 [5]=   0 [6]=   0 [7]=   0 [8]=   0 [9]=   0 [10]=   0 [11]=   0 
after  (DPU 99) [0]= 398 [1]= 399 [2]= 375 [3]=   0 [4]=   0 [5]=   0 [6]=   0 [7]=   0 [8]=   0 [9]=   0 [10]=   0 [11]=   0 
before (DPU 100) [0]= 381 [1]= 393 [2]= 407 [3]=   0 [4]=   0 [5]=   0 [6]=   0 [7]=   0 [8]=   0 [9]=   0 [10]=   0 [11]=   0 
after  (DPU 100) [0]= 381 [1]= 393 [2]= 407 [3]=   0 [4]=   0 [5]=   0 [6]=   0 [7]=   0 [8]=   0 [9]=   0 [10]=   0 [11]=   0 
before (DPU 101) [0]= 430 [1]= 401 [2]= 416 [3]=   0 [4]=   0 [5]=   0 [6]=   0 [7]=   0 [8]=   0 [9]=   0 [10]=   0 [11]=   0 
after  (DPU 101) [0]= 430 [1]= 401 [2]= 416 [3]=   0 [4]=   0 [5]=   0 [6]=   0 [7]=   0 [8]=   0 [9]=   0 [10]=   0 [11]=   0 
before (DPU 102) [0]= 404 [1]= 401 [2]= 378 [3]=   0 [4]=   0 [5]=   0 [6]=   0 [7]=   0 [8]=   0 [9]=   0 [10]=   0 [11]=   0 
after  (DPU 102) [0]= 404 [1]= 401 [2]= 378 [3]=   0 [4]=   0 [5]=   0 [6]=   0 [7]=   0 [8]=   0 [9]=   0 [10]=   0 [11]=   0 
before (DPU 103) [0]= 339 [1]= 391 [2]= 377 [3]=   0 [4]=   0 [5]=   0 [6]=   0 [7]=   0 [8]=   0 [9]=   0 [10]=   0 [11]=   0 
after  (DPU 103) [0]= 339 [1]= 391 [2]= 377 [3]=   0 [4]=   0 [5]=   0 [6]=   0 [7]=   0 [8]=   0 [9]=   0 [10]=   0 [11]=   0 
before (DPU 104) [0]= 368 [1]= 368 [2]= 345 [3]=   0 [4]=   0 [5]=   0 [6]=   0 [7]=   0 [8]=   0 [9]=   0 [10]=   0 [11]=   0 
after  (DPU 104) [0]= 368 [1]= 368 [2]= 345 [3]=   0 [4]=   0 [5]=   0 [6]=   0 [7]=   0 [8]=   0 [9]=   0 [10]=   0 [11]=   0 
before (DPU 105) [0]= 388 [1]= 387 [2]= 366 [3]=   0 [4]=   0 [5]=   0 [6]=   0 [7]=   0 [8]=   0 [9]=   0 [10]=   0 [11]=   0 
after  (DPU 105) [0]= 388 [1]= 387 [2]= 366 [3]=   0 [4]=   0 [5]=   0 [6]=   0 [7]=   0 [8]=   0 [9]=   0 [10]=   0 [11]=   0 
before (DPU 106) [0]= 378 [1]= 373 [2]= 358 [3]=   0 [4]=   0 [5]=   0 [6]=   0 [7]=   0 [8]=   0 [9]=   0 [10]=   0 [11]=   0 
after  (DPU 106) [0]= 378 [1]= 373 [2]= 358 [3]=   0 [4]=   0 [5]=   0 [6]=   0 [7]=   0 [8]=   0 [9]=   0 [10]=   0 [11]=   0 
before (DPU 107) [0]= 407 [1]= 394 [2]= 337 [3]=   0 [4]=   0 [5]=   0 [6]=   0 [7]=   0 [8]=   0 [9]=   0 [10]=   0 [11]=   0 
after  (DPU 107) [0]= 407 [1]= 394 [2]= 337 [3]=   0 [4]=   0 [5]=   0 [6]=   0 [7]=   0 [8]=   0 [9]=   0 [10]=   0 [11]=   0 
before (DPU 108) [0]= 366 [1]= 347 [2]= 363 [3]=   0 [4]=   0 [5]=   0 [6]=   0 [7]=   0 [8]=   0 [9]=   0 [10]=   0 [11]=   0 
after  (DPU 108) [0]= 366 [1]= 347 [2]= 363 [3]=   0 [4]=   0 [5]=   0 [6]=   0 [7]=   0 [8]=   0 [9]=   0 [10]=   0 [11]=   0 
before (DPU 109) [0]= 374 [1]= 347 [2]= 400 [3]=   0 [4]=   0 [5]=   0 [6]=   0 [7]=   0 [8]=   0 [9]=   0 [10]=   0 [11]=   0 
after  (DPU 109) [0]= 374 [1]= 347 [2]= 400 [3]=   0 [4]=   0 [5]=   0 [6]=   0 [7]=   0 [8]=   0 [9]=   0 [10]=   0 [11]=   0 
before (DPU 110) [0]= 354 [1]= 353 [2]= 320 [3]=   0 [4]=   0 [5]=   0 [6]=   0 [7]=   0 [8]=   0 [9]=   0 [10]=   0 [11]=   0 
after  (DPU 110) [0]= 354 [1]= 353 [2]= 320 [3]=   0 [4]=   0 [5]=   0 [6]=   0 [7]=   0 [8]=   0 [9]=   0 [10]=   0 [11]=   0 
before (DPU 111) [0]= 367 [1]= 357 [2]= 371 [3]=   0 [4]=   0 [5]=   0 [6]=   0 [7]=   0 [8]=   0 [9]=   0 [10]=   0 [11]=   0 
after  (DPU 111) [0]= 367 [1]= 357 [2]= 371 [3]=   0 [4]=   0 [5]=   0 [6]=   0 [7]=   0 [8]=   0 [9]=   0 [10]=   0 [11]=   0 
before (DPU 112) [0]= 364 [1]= 368 [2]= 368 [3]=   0 [4]=   0 [5]=   0 [6]=   0 [7]=   0 [8]=   0 [9]=   0 [10]=   0 [11]=   0 
after  (DPU 112) [0]= 364 [1]= 368 [2]= 368 [3]=   0 [4]=   0 [5]=   0 [6]=   0 [7]=   0 [8]=   0 [9]=   0 [10]=   0 [11]=   0 
before (DPU 113) [0]= 373 [1]= 361 [2]= 348 [3]=   0 [4]=   0 [5]=   0 [6]=   0 [7]=   0 [8]=   0 [9]=   0 [10]=   0 [11]=   0 
after  (DPU 113) [0]= 373 [1]= 361 [2]= 348 [3]=   0 [4]=   0 [5]=   0 [6]=   0 [7]=   0 [8]=   0 [9]=   0 [10]=   0 [11]=   0 
before (DPU 114) [0]= 350 [1]= 367 [2]= 315 [3]=   0 [4]=   0 [5]=   0 [6]=   0 [7]=   0 [8]=   0 [9]=   0 [10]=   0 [11]=   0 
after  (DPU 114) [0]= 350 [1]= 367 [2]= 315 [3]=   0 [4]=   0 [5]=   0 [6]=   0 [7]=   0 [8]=   0 [9]=   0 [10]=   0 [11]=   0 
before (DPU 115) [0]= 366 [1]= 336 [2]= 351 [3]=   0 [4]=   0 [5]=   0 [6]=   0 [7]=   0 [8]=   0 [9]=   0 [10]=   0 [11]=   0 
after  (DPU 115) [0]= 366 [1]= 336 [2]= 351 [3]=   0 [4]=   0 [5]=   0 [6]=   0 [7]=   0 [8]=   0 [9]=   0 [10]=   0 [11]=   0 
before (DPU 116) [0]= 347 [1]= 343 [2]= 333 [3]=   0 [4]=   0 [5]=   0 [6]=   0 [7]=   0 [8]=   0 [9]=   0 [10]=   0 [11]=   0 
after  (DPU 116) [0]= 347 [1]= 343 [2]= 333 [3]=   0 [4]=   0 [5]=   0 [6]=   0 [7]=   0 [8]=   0 [9]=   0 [10]=   0 [11]=   0 
before (DPU 117) [0]= 387 [1]= 362 [2]= 342 [3]=   0 [4]=   0 [5]=   0 [6]=   0 [7]=   0 [8]=   0 [9]=   0 [10]=   0 [11]=   0 
after  (DPU 117) [0]= 387 [1]= 362 [2]= 342 [3]=   0 [4]=   0 [5]=   0 [6]=   0 [7]=   0 [8]=   0 [9]=   0 [10]=   0 [11]=   0 
before (DPU 118) [0]= 342 [1]= 355 [2]= 316 [3]=   0 [4]=   0 [5]=   0 [6]=   0 [7]=   0 [8]=   0 [9]=   0 [10]=   0 [11]=   0 
after  (DPU 118) [0]= 342 [1]= 355 [2]= 316 [3]=   0 [4]=   0 [5]=   0 [6]=   0 [7]=   0 [8]=   0 [9]=   0 [10]=   0 [11]=   0 
before (DPU 119) [0]= 339 [1]= 346 [2]= 346 [3]=   0 [4]=   0 [5]=   0 [6]=   0 [7]=   0 [8]=   0 [9]=   0 [10]=   0 [11]=   0 
after  (DPU 119) [0]= 339 [1]= 346 [2]= 346 [3]=   0 [4]=   0 [5]=   0 [6]=   0 [7]=   0 [8]=   0 [9]=   0 [10]=   0 [11]=   0 
before (DPU 120) [0]= 360 [1]= 336 [2]= 363 [3]=   0 [4]=   0 [5]=   0 [6]=   0 [7]=   0 [8]=   0 [9]=   0 [10]=   0 [11]=   0 
after  (DPU 120) [0]= 360 [1]= 336 [2]= 363 [3]=   0 [4]=   0 [5]=   0 [6]=   0 [7]=   0 [8]=   0 [9]=   0 [10]=   0 [11]=   0 
before (DPU 121) [0]= 338 [1]= 325 [2]= 327 [3]=   0 [4]=   0 [5]=   0 [6]=   0 [7]=   0 [8]=   0 [9]=   0 [10]=   0 [11]=   0 
after  (DPU 121) [0]= 338 [1]= 325 [2]= 327 [3]=   0 [4]=   0 [5]=   0 [6]=   0 [7]=   0 [8]=   0 [9]=   0 [10]=   0 [11]=   0 
before (DPU 122) [0]= 330 [1]= 305 [2]= 334 [3]=   0 [4]=   0 [5]=   0 [6]=   0 [7]=   0 [8]=   0 [9]=   0 [10]=   0 [11]=   0 
after  (DPU 122) [0]= 330 [1]= 305 [2]= 334 [3]=   0 [4]=   0 [5]=   0 [6]=   0 [7]=   0 [8]=   0 [9]=   0 [10]=   0 [11]=   0 
before (DPU 123) [0]= 332 [1]= 317 [2]= 324 [3]=   0 [4]=   0 [5]=   0 [6]=   0 [7]=   0 [8]=   0 [9]=   0 [10]=   0 [11]=   0 
after  (DPU 123) [0]= 332 [1]= 317 [2]= 324 [3]=   0 [4]=   0 [5]=   0 [6]=   0 [7]=   0 [8]=   0 [9]=   0 [10]=   0 [11]=   0 
before (DPU 124) [0]= 326 [1]= 317 [2]= 357 [3]=   0 [4]=   0 [5]=   0 [6]=   0 [7]=   0 [8]=   0 [9]=   0 [10]=   0 [11]=   0 
after  (DPU 124) [0]= 326 [1]= 317 [2]= 357 [3]=   0 [4]=   0 [5]=   0 [6]=   0 [7]=   0 [8]=   0 [9]=   0 [10]=   0 [11]=   0 
before (DPU 125) [0]= 309 [1]= 350 [2]= 311 [3]=   0 [4]=   0 [5]=   0 [6]=   0 [7]=   0 [8]=   0 [9]=   0 [10]=   0 [11]=   0 
after  (DPU 125) [0]= 309 [1]= 350 [2]= 311 [3]=   0 [4]=   0 [5]=   0 [6]=   0 [7]=   0 [8]=   0 [9]=   0 [10]=   0 [11]=   0 
before (DPU 126) [0]= 309 [1]= 326 [2]= 311 [3]=   0 [4]=   0 [5]=   0 [6]=   0 [7]=   0 [8]=   0 [9]=   0 [10]=   0 [11]=   0 
after  (DPU 126) [0]= 309 [1]= 326 [2]= 311 [3]=   0 [4]=   0 [5]=   0 [6]=   0 [7]=   0 [8]=   0 [9]=   0 [10]=   0 [11]=   0 
before (DPU 127) [0]= 354 [1]= 312 [2]= 285 [3]=   0 [4]=   0 [5]=   0 [6]=   0 [7]=   0 [8]=   0 [9]=   0 [10]=   0 [11]=   0 
after  (DPU 127) [0]= 354 [1]= 312 [2]= 285 [3]=   0 [4]=   0 [5]=   0 [6]=   0 [7]=   0 [8]=   0 [9]=   0 [10]=   0 [11]=   0 
before (DPU 128) [0]= 299 [1]= 308 [2]= 324 [3]=   0 [4]=   0 [5]=   0 [6]=   0 [7]=   0 [8]=   0 [9]=   0 [10]=   0 [11]=   0 
after  (DPU 128) [0]= 299 [1]= 308 [2]= 324 [3]=   0 [4]=   0 [5]=   0 [6]=   0 [7]=   0 [8]=   0 [9]=   0 [10]=   0 [11]=   0 
before (DPU 129) [0]= 326 [1]= 303 [2]= 310 [3]=   0 [4]=   0 [5]=   0 [6]=   0 [7]=   0 [8]=   0 [9]=   0 [10]=   0 [11]=   0 
after  (DPU 129) [0]= 326 [1]= 303 [2]= 310 [3]=   0 [4]=   0 [5]=   0 [6]=   0 [7]=   0 [8]=   0 [9]=   0 [10]=   0 [11]=   0 
before (DPU 130) [0]= 292 [1]= 303 [2]= 319 [3]=   0 [4]=   0 [5]=   0 [6]=   0 [7]=   0 [8]=   0 [9]=   0 [10]=   0 [11]=   0 
after  (DPU 130) [0]= 292 [1]= 303 [2]= 319 [3]=   0 [4]=   0 [5]=   0 [6]=   0 [7]=   0 [8]=   0 [9]=   0 [10]=   0 [11]=   0 
before (DPU 131) [0]= 298 [1]= 296 [2]= 316 [3]=   0 [4]=   0 [5]=   0 [6]=   0 [7]=   0 [8]=   0 [9]=   0 [10]=   0 [11]=   0 
after  (DPU 131) [0]= 298 [1]= 296 [2]= 316 [3]=   0 [4]=   0 [5]=   0 [6]=   0 [7]=   0 [8]=   0 [9]=   0 [10]=   0 [11]=   0 
before (DPU 132) [0]= 272 [1]= 310 [2]= 265 [3]=   0 [4]=   0 [5]=   0 [6]=   0 [7]=   0 [8]=   0 [9]=   0 [10]=   0 [11]=   0 
after  (DPU 132) [0]= 272 [1]= 310 [2]= 265 [3]=   0 [4]=   0 [5]=   0 [6]=   0 [7]=   0 [8]=   0 [9]=   0 [10]=   0 [11]=   0 
before (DPU 133) [0]= 292 [1]= 298 [2]= 301 [3]=   0 [4]=   0 [5]=   0 [6]=   0 [7]=   0 [8]=   0 [9]=   0 [10]=   0 [11]=   0 
after  (DPU 133) [0]= 292 [1]= 298 [2]= 301 [3]=   0 [4]=   0 [5]=   0 [6]=   0 [7]=   0 [8]=   0 [9]=   0 [10]=   0 [11]=   0 
before (DPU 134) [0]= 306 [1]= 305 [2]= 306 [3]=   0 [4]=   0 [5]=   0 [6]=   0 [7]=   0 [8]=   0 [9]=   0 [10]=   0 [11]=   0 
after  (DPU 134) [0]= 306 [1]= 305 [2]= 306 [3]=   0 [4]=   0 [5]=   0 [6]=   0 [7]=   0 [8]=   0 [9]=   0 [10]=   0 [11]=   0 
before (DPU 135) [0]= 299 [1]= 299 [2]= 306 [3]=   0 [4]=   0 [5]=   0 [6]=   0 [7]=   0 [8]=   0 [9]=   0 [10]=   0 [11]=   0 
after  (DPU 135) [0]= 299 [1]= 299 [2]= 306 [3]=   0 [4]=   0 [5]=   0 [6]=   0 [7]=   0 [8]=   0 [9]=   0 [10]=   0 [11]=   0 
before (DPU 136) [0]= 330 [1]= 299 [2]= 280 [3]=   0 [4]=   0 [5]=   0 [6]=   0 [7]=   0 [8]=   0 [9]=   0 [10]=   0 [11]=   0 
after  (DPU 136) [0]= 330 [1]= 299 [2]= 280 [3]=   0 [4]=   0 [5]=   0 [6]=   0 [7]=   0 [8]=   0 [9]=   0 [10]=   0 [11]=   0 
before (DPU 137) [0]= 283 [1]= 272 [2]= 300 [3]=   0 [4]=   0 [5]=   0 [6]=   0 [7]=   0 [8]=   0 [9]=   0 [10]=   0 [11]=   0 
after  (DPU 137) [0]= 283 [1]= 272 [2]= 300 [3]=   0 [4]=   0 [5]=   0 [6]=   0 [7]=   0 [8]=   0 [9]=   0 [10]=   0 [11]=   0 
before (DPU 138) [0]= 292 [1]= 314 [2]= 288 [3]=   0 [4]=   0 [5]=   0 [6]=   0 [7]=   0 [8]=   0 [9]=   0 [10]=   0 [11]=   0 
after  (DPU 138) [0]= 292 [1]= 314 [2]= 288 [3]=   0 [4]=   0 [5]=   0 [6]=   0 [7]=   0 [8]=   0 [9]=   0 [10]=   0 [11]=   0 
before (DPU 139) [0]= 267 [1]= 284 [2]= 275 [3]=   0 [4]=   0 [5]=   0 [6]=   0 [7]=   0 [8]=   0 [9]=   0 [10]=   0 [11]=   0 
after  (DPU 139) [0]= 267 [1]= 284 [2]= 275 [3]=   0 [4]=   0 [5]=   0 [6]=   0 [7]=   0 [8]=   0 [9]=   0 [10]=   0 [11]=   0 
before (DPU 140) [0]= 266 [1]= 274 [2]= 285 [3]=   0 [4]=   0 [5]=   0 [6]=   0 [7]=   0 [8]=   0 [9]=   0 [10]=   0 [11]=   0 
after  (DPU 140) [0]= 266 [1]= 274 [2]= 285 [3]=   0 [4]=   0 [5]=   0 [6]=   0 [7]=   0 [8]=   0 [9]=   0 [10]=   0 [11]=   0 
before (DPU 141) [0]= 284 [1]= 280 [2]= 269 [3]=   0 [4]=   0 [5]=   0 [6]=   0 [7]=   0 [8]=   0 [9]=   0 [10]=   0 [11]=   0 
after  (DPU 141) [0]= 284 [1]= 280 [2]= 269 [3]=   0 [4]=   0 [5]=   0 [6]=   0 [7]=   0 [8]=   0 [9]=   0 [10]=   0 [11]=   0 
before (DPU 142) [0]= 284 [1]= 279 [2]= 302 [3]=   0 [4]=   0 [5]=   0 [6]=   0 [7]=   0 [8]=   0 [9]=   0 [10]=   0 [11]=   0 
after  (DPU 142) [0]= 284 [1]= 279 [2]= 302 [3]=   0 [4]=   0 [5]=   0 [6]=   0 [7]=   0 [8]=   0 [9]=   0 [10]=   0 [11]=   0 
before (DPU 143) [0]= 288 [1]= 260 [2]= 278 [3]=   0 [4]=   0 [5]=   0 [6]=   0 [7]=   0 [8]=   0 [9]=   0 [10]=   0 [11]=   0 
after  (DPU 143) [0]= 288 [1]= 260 [2]= 278 [3]=   0 [4]=   0 [5]=   0 [6]=   0 [7]=   0 [8]=   0 [9]=   0 [10]=   0 [11]=   0 
before (DPU 144) [0]= 273 [1]= 285 [2]= 289 [3]=   0 [4]=   0 [5]=   0 [6]=   0 [7]=   0 [8]=   0 [9]=   0 [10]=   0 [11]=   0 
after  (DPU 144) [0]= 273 [1]= 285 [2]= 289 [3]=   0 [4]=   0 [5]=   0 [6]=   0 [7]=   0 [8]=   0 [9]=   0 [10]=   0 [11]=   0 
before (DPU 145) [0]= 288 [1]= 288 [2]= 275 [3]=   0 [4]=   0 [5]=   0 [6]=   0 [7]=   0 [8]=   0 [9]=   0 [10]=   0 [11]=   0 
after  (DPU 145) [0]= 288 [1]= 288 [2]= 275 [3]=   0 [4]=   0 [5]=   0 [6]=   0 [7]=   0 [8]=   0 [9]=   0 [10]=   0 [11]=   0 
before (DPU 146) [0]= 299 [1]= 274 [2]= 299 [3]=   0 [4]=   0 [5]=   0 [6]=   0 [7]=   0 [8]=   0 [9]=   0 [10]=   0 [11]=   0 
after  (DPU 146) [0]= 299 [1]= 274 [2]= 299 [3]=   0 [4]=   0 [5]=   0 [6]=   0 [7]=   0 [8]=   0 [9]=   0 [10]=   0 [11]=   0 
before (DPU 147) [0]= 263 [1]= 232 [2]= 248 [3]=   0 [4]=   0 [5]=   0 [6]=   0 [7]=   0 [8]=   0 [9]=   0 [10]=   0 [11]=   0 
after  (DPU 147) [0]= 263 [1]= 232 [2]= 248 [3]=   0 [4]=   0 [5]=   0 [6]=   0 [7]=   0 [8]=   0 [9]=   0 [10]=   0 [11]=   0 
before (DPU 148) [0]= 275 [1]= 237 [2]= 290 [3]=   0 [4]=   0 [5]=   0 [6]=   0 [7]=   0 [8]=   0 [9]=   0 [10]=   0 [11]=   0 
after  (DPU 148) [0]= 275 [1]= 237 [2]= 290 [3]=   0 [4]=   0 [5]=   0 [6]=   0 [7]=   0 [8]=   0 [9]=   0 [10]=   0 [11]=   0 
before (DPU 149) [0]= 240 [1]= 271 [2]= 264 [3]=   0 [4]=   0 [5]=   0 [6]=   0 [7]=   0 [8]=   0 [9]=   0 [10]=   0 [11]=   0 
after  (DPU 149) [0]= 240 [1]= 271 [2]= 264 [3]=   0 [4]=   0 [5]=   0 [6]=   0 [7]=   0 [8]=   0 [9]=   0 [10]=   0 [11]=   0 
before (DPU 150) [0]= 273 [1]= 281 [2]= 277 [3]=   0 [4]=   0 [5]=   0 [6]=   0 [7]=   0 [8]=   0 [9]=   0 [10]=   0 [11]=   0 
after  (DPU 150) [0]= 273 [1]= 281 [2]= 277 [3]=   0 [4]=   0 [5]=   0 [6]=   0 [7]=   0 [8]=   0 [9]=   0 [10]=   0 [11]=   0 
before (DPU 151) [0]= 277 [1]= 274 [2]= 275 [3]=   0 [4]=   0 [5]=   0 [6]=   0 [7]=   0 [8]=   0 [9]=   0 [10]=   0 [11]=   0 
after  (DPU 151) [0]= 277 [1]= 274 [2]= 275 [3]=   0 [4]=   0 [5]=   0 [6]=   0 [7]=   0 [8]=   0 [9]=   0 [10]=   0 [11]=   0 
before (DPU 152) [0]= 257 [1]= 268 [2]= 292 [3]=   0 [4]=   0 [5]=   0 [6]=   0 [7]=   0 [8]=   0 [9]=   0 [10]=   0 [11]=   0 
after  (DPU 152) [0]= 257 [1]= 268 [2]= 292 [3]=   0 [4]=   0 [5]=   0 [6]=   0 [7]=   0 [8]=   0 [9]=   0 [10]=   0 [11]=   0 
before (DPU 153) [0]= 271 [1]= 252 [2]= 266 [3]=   0 [4]=   0 [5]=   0 [6]=   0 [7]=   0 [8]=   0 [9]=   0 [10]=   0 [11]=   0 
after  (DPU 153) [0]= 271 [1]= 252 [2]= 266 [3]=   0 [4]=   0 [5]=   0 [6]=   0 [7]=   0 [8]=   0 [9]=   0 [10]=   0 [11]=   0 
before (DPU 154) [0]= 248 [1]= 233 [2]= 258 [3]=   0 [4]=   0 [5]=   0 [6]=   0 [7]=   0 [8]=   0 [9]=   0 [10]=   0 [11]=   0 
after  (DPU 154) [0]= 248 [1]= 233 [2]= 258 [3]=   0 [4]=   0 [5]=   0 [6]=   0 [7]=   0 [8]=   0 [9]=   0 [10]=   0 [11]=   0 
before (DPU 155) [0]= 265 [1]= 252 [2]= 274 [3]=   0 [4]=   0 [5]=   0 [6]=   0 [7]=   0 [8]=   0 [9]=   0 [10]=   0 [11]=   0 
after  (DPU 155) [0]= 265 [1]= 252 [2]= 274 [3]=   0 [4]=   0 [5]=   0 [6]=   0 [7]=   0 [8]=   0 [9]=   0 [10]=   0 [11]=   0 
before (DPU 156) [0]= 262 [1]= 267 [2]= 247 [3]=   0 [4]=   0 [5]=   0 [6]=   0 [7]=   0 [8]=   0 [9]=   0 [10]=   0 [11]=   0 
after  (DPU 156) [0]= 262 [1]= 267 [2]= 247 [3]=   0 [4]=   0 [5]=   0 [6]=   0 [7]=   0 [8]=   0 [9]=   0 [10]=   0 [11]=   0 
before (DPU 157) [0]= 263 [1]= 269 [2]= 229 [3]=   0 [4]=   0 [5]=   0 [6]=   0 [7]=   0 [8]=   0 [9]=   0 [10]=   0 [11]=   0 
after  (DPU 157) [0]= 263 [1]= 269 [2]= 229 [3]=   0 [4]=   0 [5]=   0 [6]=   0 [7]=   0 [8]=   0 [9]=   0 [10]=   0 [11]=   0 
before (DPU 158) [0]= 249 [1]= 243 [2]= 239 [3]=   0 [4]=   0 [5]=   0 [6]=   0 [7]=   0 [8]=   0 [9]=   0 [10]=   0 [11]=   0 
after  (DPU 158) [0]= 249 [1]= 243 [2]= 239 [3]=   0 [4]=   0 [5]=   0 [6]=   0 [7]=   0 [8]=   0 [9]=   0 [10]=   0 [11]=   0 
before (DPU 159) [0]= 277 [1]= 244 [2]= 270 [3]=   0 [4]=   0 [5]=   0 [6]=   0 [7]=   0 [8]=   0 [9]=   0 [10]=   0 [11]=   0 
after  (DPU 159) [0]= 277 [1]= 244 [2]= 270 [3]=   0 [4]=   0 [5]=   0 [6]=   0 [7]=   0 [8]=   0 [9]=   0 [10]=   0 [11]=   0 
before (DPU 160) [0]= 241 [1]= 265 [2]= 272 [3]=   0 [4]=   0 [5]=   0 [6]=   0 [7]=   0 [8]=   0 [9]=   0 [10]=   0 [11]=   0 
after  (DPU 160) [0]= 241 [1]= 265 [2]= 272 [3]=   0 [4]=   0 [5]=   0 [6]=   0 [7]=   0 [8]=   0 [9]=   0 [10]=   0 [11]=   0 
before (DPU 161) [0]= 267 [1]= 233 [2]= 254 [3]=   0 [4]=   0 [5]=   0 [6]=   0 [7]=   0 [8]=   0 [9]=   0 [10]=   0 [11]=   0 
after  (DPU 161) [0]= 267 [1]= 233 [2]= 254 [3]=   0 [4]=   0 [5]=   0 [6]=   0 [7]=   0 [8]=   0 [9]=   0 [10]=   0 [11]=   0 
before (DPU 162) [0]= 237 [1]= 266 [2]= 248 [3]=   0 [4]=   0 [5]=   0 [6]=   0 [7]=   0 [8]=   0 [9]=   0 [10]=   0 [11]=   0 
after  (DPU 162) [0]= 237 [1]= 266 [2]= 248 [3]=   0 [4]=   0 [5]=   0 [6]=   0 [7]=   0 [8]=   0 [9]=   0 [10]=   0 [11]=   0 
before (DPU 163) [0]= 264 [1]= 251 [2]= 258 [3]=   0 [4]=   0 [5]=   0 [6]=   0 [7]=   0 [8]=   0 [9]=   0 [10]=   0 [11]=   0 
after  (DPU 163) [0]= 264 [1]= 251 [2]= 258 [3]=   0 [4]=   0 [5]=   0 [6]=   0 [7]=   0 [8]=   0 [9]=   0 [10]=   0 [11]=   0 
before (DPU 164) [0]= 244 [1]= 251 [2]= 245 [3]=   0 [4]=   0 [5]=   0 [6]=   0 [7]=   0 [8]=   0 [9]=   0 [10]=   0 [11]=   0 
after  (DPU 164) [0]= 244 [1]= 251 [2]= 245 [3]=   0 [4]=   0 [5]=   0 [6]=   0 [7]=   0 [8]=   0 [9]=   0 [10]=   0 [11]=   0 
before (DPU 165) [0]= 252 [1]= 263 [2]= 232 [3]=   0 [4]=   0 [5]=   0 [6]=   0 [7]=   0 [8]=   0 [9]=   0 [10]=   0 [11]=   0 
after  (DPU 165) [0]= 252 [1]= 263 [2]= 232 [3]=   0 [4]=   0 [5]=   0 [6]=   0 [7]=   0 [8]=   0 [9]=   0 [10]=   0 [11]=   0 
before (DPU 166) [0]= 210 [1]= 238 [2]= 260 [3]=   0 [4]=   0 [5]=   0 [6]=   0 [7]=   0 [8]=   0 [9]=   0 [10]=   0 [11]=   0 
after  (DPU 166) [0]= 210 [1]= 238 [2]= 260 [3]=   0 [4]=   0 [5]=   0 [6]=   0 [7]=   0 [8]=   0 [9]=   0 [10]=   0 [11]=   0 
before (DPU 167) [0]= 243 [1]= 261 [2]= 207 [3]=   0 [4]=   0 [5]=   0 [6]=   0 [7]=   0 [8]=   0 [9]=   0 [10]=   0 [11]=   0 
after  (DPU 167) [0]= 243 [1]= 261 [2]= 207 [3]=   0 [4]=   0 [5]=   0 [6]=   0 [7]=   0 [8]=   0 [9]=   0 [10]=   0 [11]=   0 
before (DPU 168) [0]= 215 [1]= 249 [2]= 258 [3]=   0 [4]=   0 [5]=   0 [6]=   0 [7]=   0 [8]=   0 [9]=   0 [10]=   0 [11]=   0 
after  (DPU 168) [0]= 215 [1]= 249 [2]= 258 [3]=   0 [4]=   0 [5]=   0 [6]=   0 [7]=   0 [8]=   0 [9]=   0 [10]=   0 [11]=   0 
before (DPU 169) [0]= 262 [1]= 268 [2]= 244 [3]=   0 [4]=   0 [5]=   0 [6]=   0 [7]=   0 [8]=   0 [9]=   0 [10]=   0 [11]=   0 
after  (DPU 169) [0]= 262 [1]= 268 [2]= 244 [3]=   0 [4]=   0 [5]=   0 [6]=   0 [7]=   0 [8]=   0 [9]=   0 [10]=   0 [11]=   0 
before (DPU 170) [0]= 229 [1]= 239 [2]= 248 [3]=   0 [4]=   0 [5]=   0 [6]=   0 [7]=   0 [8]=   0 [9]=   0 [10]=   0 [11]=   0 
after  (DPU 170) [0]= 229 [1]= 239 [2]= 248 [3]=   0 [4]=   0 [5]=   0 [6]=   0 [7]=   0 [8]=   0 [9]=   0 [10]=   0 [11]=   0 
before (DPU 171) [0]= 229 [1]= 234 [2]= 229 [3]=   0 [4]=   0 [5]=   0 [6]=   0 [7]=   0 [8]=   0 [9]=   0 [10]=   0 [11]=   0 
after  (DPU 171) [0]= 229 [1]= 234 [2]= 229 [3]=   0 [4]=   0 [5]=   0 [6]=   0 [7]=   0 [8]=   0 [9]=   0 [10]=   0 [11]=   0 
before (DPU 172) [0]= 252 [1]= 232 [2]= 242 [3]=   0 [4]=   0 [5]=   0 [6]=   0 [7]=   0 [8]=   0 [9]=   0 [10]=   0 [11]=   0 
after  (DPU 172) [0]= 252 [1]= 232 [2]= 242 [3]=   0 [4]=   0 [5]=   0 [6]=   0 [7]=   0 [8]=   0 [9]=   0 [10]=   0 [11]=   0 
before (DPU 173) [0]= 233 [1]= 243 [2]= 245 [3]=   0 [4]=   0 [5]=   0 [6]=   0 [7]=   0 [8]=   0 [9]=   0 [10]=   0 [11]=   0 
after  (DPU 173) [0]= 233 [1]= 243 [2]= 245 [3]=   0 [4]=   0 [5]=   0 [6]=   0 [7]=   0 [8]=   0 [9]=   0 [10]=   0 [11]=   0 
before (DPU 174) [0]= 222 [1]= 250 [2]= 238 [3]=   0 [4]=   0 [5]=   0 [6]=   0 [7]=   0 [8]=   0 [9]=   0 [10]=   0 [11]=   0 
after  (DPU 174) [0]= 222 [1]= 250 [2]= 238 [3]=   0 [4]=   0 [5]=   0 [6]=   0 [7]=   0 [8]=   0 [9]=   0 [10]=   0 [11]=   0 
before (DPU 175) [0]= 249 [1]= 197 [2]= 240 [3]=   0 [4]=   0 [5]=   0 [6]=   0 [7]=   0 [8]=   0 [9]=   0 [10]=   0 [11]=   0 
after  (DPU 175) [0]= 249 [1]= 197 [2]= 240 [3]=   0 [4]=   0 [5]=   0 [6]=   0 [7]=   0 [8]=   0 [9]=   0 [10]=   0 [11]=   0 
before (DPU 176) [0]= 230 [1]= 218 [2]= 225 [3]=   0 [4]=   0 [5]=   0 [6]=   0 [7]=   0 [8]=   0 [9]=   0 [10]=   0 [11]=   0 
after  (DPU 176) [0]= 230 [1]= 218 [2]= 225 [3]=   0 [4]=   0 [5]=   0 [6]=   0 [7]=   0 [8]=   0 [9]=   0 [10]=   0 [11]=   0 
before (DPU 177) [0]= 241 [1]= 221 [2]= 218 [3]=   0 [4]=   0 [5]=   0 [6]=   0 [7]=   0 [8]=   0 [9]=   0 [10]=   0 [11]=   0 
after  (DPU 177) [0]= 241 [1]= 221 [2]= 218 [3]=   0 [4]=   0 [5]=   0 [6]=   0 [7]=   0 [8]=   0 [9]=   0 [10]=   0 [11]=   0 
before (DPU 178) [0]= 232 [1]= 244 [2]= 236 [3]=   0 [4]=   0 [5]=   0 [6]=   0 [7]=   0 [8]=   0 [9]=   0 [10]=   0 [11]=   0 
after  (DPU 178) [0]= 232 [1]= 244 [2]= 236 [3]=   0 [4]=   0 [5]=   0 [6]=   0 [7]=   0 [8]=   0 [9]=   0 [10]=   0 [11]=   0 
before (DPU 179) [0]= 194 [1]= 247 [2]= 219 [3]=   0 [4]=   0 [5]=   0 [6]=   0 [7]=   0 [8]=   0 [9]=   0 [10]=   0 [11]=   0 
after  (DPU 179) [0]= 194 [1]= 247 [2]= 219 [3]=   0 [4]=   0 [5]=   0 [6]=   0 [7]=   0 [8]=   0 [9]=   0 [10]=   0 [11]=   0 
before (DPU 180) [0]= 222 [1]= 208 [2]= 244 [3]=   0 [4]=   0 [5]=   0 [6]=   0 [7]=   0 [8]=   0 [9]=   0 [10]=   0 [11]=   0 
after  (DPU 180) [0]= 222 [1]= 208 [2]= 244 [3]=   0 [4]=   0 [5]=   0 [6]=   0 [7]=   0 [8]=   0 [9]=   0 [10]=   0 [11]=   0 
before (DPU 181) [0]= 232 [1]= 204 [2]= 221 [3]=   0 [4]=   0 [5]=   0 [6]=   0 [7]=   0 [8]=   0 [9]=   0 [10]=   0 [11]=   0 
after  (DPU 181) [0]= 232 [1]= 204 [2]= 221 [3]=   0 [4]=   0 [5]=   0 [6]=   0 [7]=   0 [8]=   0 [9]=   0 [10]=   0 [11]=   0 
before (DPU 182) [0]= 213 [1]= 247 [2]= 215 [3]=   0 [4]=   0 [5]=   0 [6]=   0 [7]=   0 [8]=   0 [9]=   0 [10]=   0 [11]=   0 
after  (DPU 182) [0]= 213 [1]= 247 [2]= 215 [3]=   0 [4]=   0 [5]=   0 [6]=   0 [7]=   0 [8]=   0 [9]=   0 [10]=   0 [11]=   0 
before (DPU 183) [0]= 225 [1]= 256 [2]= 233 [3]=   0 [4]=   0 [5]=   0 [6]=   0 [7]=   0 [8]=   0 [9]=   0 [10]=   0 [11]=   0 
after  (DPU 183) [0]= 225 [1]= 256 [2]= 233 [3]=   0 [4]=   0 [5]=   0 [6]=   0 [7]=   0 [8]=   0 [9]=   0 [10]=   0 [11]=   0 
before (DPU 184) [0]= 200 [1]= 193 [2]= 213 [3]=   0 [4]=   0 [5]=   0 [6]=   0 [7]=   0 [8]=   0 [9]=   0 [10]=   0 [11]=   0 
after  (DPU 184) [0]= 200 [1]= 193 [2]= 213 [3]=   0 [4]=   0 [5]=   0 [6]=   0 [7]=   0 [8]=   0 [9]=   0 [10]=   0 [11]=   0 
before (DPU 185) [0]= 206 [1]= 213 [2]= 205 [3]=   0 [4]=   0 [5]=   0 [6]=   0 [7]=   0 [8]=   0 [9]=   0 [10]=   0 [11]=   0 
after  (DPU 185) [0]= 206 [1]= 213 [2]= 205 [3]=   0 [4]=   0 [5]=   0 [6]=   0 [7]=   0 [8]=   0 [9]=   0 [10]=   0 [11]=   0 
before (DPU 186) [0]= 220 [1]= 228 [2]= 223 [3]=   0 [4]=   0 [5]=   0 [6]=   0 [7]=   0 [8]=   0 [9]=   0 [10]=   0 [11]=   0 
after  (DPU 186) [0]= 220 [1]= 228 [2]= 223 [3]=   0 [4]=   0 [5]=   0 [6]=   0 [7]=   0 [8]=   0 [9]=   0 [10]=   0 [11]=   0 
before (DPU 187) [0]= 215 [1]= 229 [2]= 240 [3]=   0 [4]=   0 [5]=   0 [6]=   0 [7]=   0 [8]=   0 [9]=   0 [10]=   0 [11]=   0 
after  (DPU 187) [0]= 215 [1]= 229 [2]= 240 [3]=   0 [4]=   0 [5]=   0 [6]=   0 [7]=   0 [8]=   0 [9]=   0 [10]=   0 [11]=   0 
before (DPU 188) [0]= 200 [1]= 208 [2]= 211 [3]=   0 [4]=   0 [5]=   0 [6]=   0 [7]=   0 [8]=   0 [9]=   0 [10]=   0 [11]=   0 
after  (DPU 188) [0]= 200 [1]= 208 [2]= 211 [3]=   0 [4]=   0 [5]=   0 [6]=   0 [7]=   0 [8]=   0 [9]=   0 [10]=   0 [11]=   0 
before (DPU 189) [0]= 206 [1]= 194 [2]= 211 [3]=   0 [4]=   0 [5]=   0 [6]=   0 [7]=   0 [8]=   0 [9]=   0 [10]=   0 [11]=   0 
after  (DPU 189) [0]= 206 [1]= 194 [2]= 211 [3]=   0 [4]=   0 [5]=   0 [6]=   0 [7]=   0 [8]=   0 [9]=   0 [10]=   0 [11]=   0 
before (DPU 190) [0]= 219 [1]= 246 [2]= 213 [3]=   0 [4]=   0 [5]=   0 [6]=   0 [7]=   0 [8]=   0 [9]=   0 [10]=   0 [11]=   0 
after  (DPU 190) [0]= 219 [1]= 246 [2]= 213 [3]=   0 [4]=   0 [5]=   0 [6]=   0 [7]=   0 [8]=   0 [9]=   0 [10]=   0 [11]=   0 
before (DPU 191) [0]= 199 [1]= 195 [2]= 188 [3]=   0 [4]=   0 [5]=   0 [6]=   0 [7]=   0 [8]=   0 [9]=   0 [10]=   0 [11]=   0 
after  (DPU 191) [0]= 199 [1]= 195 [2]= 188 [3]=   0 [4]=   0 [5]=   0 [6]=   0 [7]=   0 [8]=   0 [9]=   0 [10]=   0 [11]=   0 
before (DPU 192) [0]= 196 [1]= 214 [2]= 197 [3]=   0 [4]=   0 [5]=   0 [6]=   0 [7]=   0 [8]=   0 [9]=   0 [10]=   0 [11]=   0 
after  (DPU 192) [0]= 196 [1]= 214 [2]= 197 [3]=   0 [4]=   0 [5]=   0 [6]=   0 [7]=   0 [8]=   0 [9]=   0 [10]=   0 [11]=   0 
before (DPU 193) [0]= 207 [1]= 206 [2]= 214 [3]=   0 [4]=   0 [5]=   0 [6]=   0 [7]=   0 [8]=   0 [9]=   0 [10]=   0 [11]=   0 
after  (DPU 193) [0]= 207 [1]= 206 [2]= 214 [3]=   0 [4]=   0 [5]=   0 [6]=   0 [7]=   0 [8]=   0 [9]=   0 [10]=   0 [11]=   0 
before (DPU 194) [0]= 210 [1]= 199 [2]= 212 [3]=   0 [4]=   0 [5]=   0 [6]=   0 [7]=   0 [8]=   0 [9]=   0 [10]=   0 [11]=   0 
after  (DPU 194) [0]= 210 [1]= 199 [2]= 212 [3]=   0 [4]=   0 [5]=   0 [6]=   0 [7]=   0 [8]=   0 [9]=   0 [10]=   0 [11]=   0 
before (DPU 195) [0]= 229 [1]= 204 [2]= 204 [3]=   0 [4]=   0 [5]=   0 [6]=   0 [7]=   0 [8]=   0 [9]=   0 [10]=   0 [11]=   0 
after  (DPU 195) [0]= 229 [1]= 204 [2]= 204 [3]=   0 [4]=   0 [5]=   0 [6]=   0 [7]=   0 [8]=   0 [9]=   0 [10]=   0 [11]=   0 
before (DPU 196) [0]= 223 [1]= 198 [2]= 202 [3]=   0 [4]=   0 [5]=   0 [6]=   0 [7]=   0 [8]=   0 [9]=   0 [10]=   0 [11]=   0 
after  (DPU 196) [0]= 223 [1]= 198 [2]= 202 [3]=   0 [4]=   0 [5]=   0 [6]=   0 [7]=   0 [8]=   0 [9]=   0 [10]=   0 [11]=   0 
before (DPU 197) [0]= 196 [1]= 196 [2]= 186 [3]=   0 [4]=   0 [5]=   0 [6]=   0 [7]=   0 [8]=   0 [9]=   0 [10]=   0 [11]=   0 
after  (DPU 197) [0]= 196 [1]= 196 [2]= 186 [3]=   0 [4]=   0 [5]=   0 [6]=   0 [7]=   0 [8]=   0 [9]=   0 [10]=   0 [11]=   0 
before (DPU 198) [0]= 208 [1]= 199 [2]= 213 [3]=   0 [4]=   0 [5]=   0 [6]=   0 [7]=   0 [8]=   0 [9]=   0 [10]=   0 [11]=   0 
after  (DPU 198) [0]= 208 [1]= 199 [2]= 213 [3]=   0 [4]=   0 [5]=   0 [6]=   0 [7]=   0 [8]=   0 [9]=   0 [10]=   0 [11]=   0 
before (DPU 199) [0]= 199 [1]= 223 [2]= 191 [3]=   0 [4]=   0 [5]=   0 [6]=   0 [7]=   0 [8]=   0 [9]=   0 [10]=   0 [11]=   0 
after  (DPU 199) [0]= 199 [1]= 223 [2]= 191 [3]=   0 [4]=   0 [5]=   0 [6]=   0 [7]=   0 [8]=   0 [9]=   0 [10]=   0 [11]=   0 
before (DPU 200) [0]= 204 [1]= 212 [2]= 219 [3]=   0 [4]=   0 [5]=   0 [6]=   0 [7]=   0 [8]=   0 [9]=   0 [10]=   0 [11]=   0 
after  (DPU 200) [0]= 204 [1]= 212 [2]= 219 [3]=   0 [4]=   0 [5]=   0 [6]=   0 [7]=   0 [8]=   0 [9]=   0 [10]=   0 [11]=   0 
before (DPU 201) [0]= 190 [1]= 196 [2]= 198 [3]=   0 [4]=   0 [5]=   0 [6]=   0 [7]=   0 [8]=   0 [9]=   0 [10]=   0 [11]=   0 
after  (DPU 201) [0]= 190 [1]= 196 [2]= 198 [3]=   0 [4]=   0 [5]=   0 [6]=   0 [7]=   0 [8]=   0 [9]=   0 [10]=   0 [11]=   0 
before (DPU 202) [0]= 200 [1]= 188 [2]= 206 [3]=   0 [4]=   0 [5]=   0 [6]=   0 [7]=   0 [8]=   0 [9]=   0 [10]=   0 [11]=   0 
after  (DPU 202) [0]= 200 [1]= 188 [2]= 206 [3]=   0 [4]=   0 [5]=   0 [6]=   0 [7]=   0 [8]=   0 [9]=   0 [10]=   0 [11]=   0 
before (DPU 203) [0]= 193 [1]= 192 [2]= 199 [3]=   0 [4]=   0 [5]=   0 [6]=   0 [7]=   0 [8]=   0 [9]=   0 [10]=   0 [11]=   0 
after  (DPU 203) [0]= 193 [1]= 192 [2]= 199 [3]=   0 [4]=   0 [5]=   0 [6]=   0 [7]=   0 [8]=   0 [9]=   0 [10]=   0 [11]=   0 
before (DPU 204) [0]= 198 [1]= 199 [2]= 205 [3]=   0 [4]=   0 [5]=   0 [6]=   0 [7]=   0 [8]=   0 [9]=   0 [10]=   0 [11]=   0 
after  (DPU 204) [0]= 198 [1]= 199 [2]= 205 [3]=   0 [4]=   0 [5]=   0 [6]=   0 [7]=   0 [8]=   0 [9]=   0 [10]=   0 [11]=   0 
before (DPU 205) [0]= 195 [1]= 196 [2]= 190 [3]=   0 [4]=   0 [5]=   0 [6]=   0 [7]=   0 [8]=   0 [9]=   0 [10]=   0 [11]=   0 
after  (DPU 205) [0]= 195 [1]= 196 [2]= 190 [3]=   0 [4]=   0 [5]=   0 [6]=   0 [7]=   0 [8]=   0 [9]=   0 [10]=   0 [11]=   0 
before (DPU 206) [0]= 206 [1]= 188 [2]= 188 [3]=   0 [4]=   0 [5]=   0 [6]=   0 [7]=   0 [8]=   0 [9]=   0 [10]=   0 [11]=   0 
after  (DPU 206) [0]= 206 [1]= 188 [2]= 188 [3]=   0 [4]=   0 [5]=   0 [6]=   0 [7]=   0 [8]=   0 [9]=   0 [10]=   0 [11]=   0 
before (DPU 207) [0]= 195 [1]= 204 [2]= 202 [3]=   0 [4]=   0 [5]=   0 [6]=   0 [7]=   0 [8]=   0 [9]=   0 [10]=   0 [11]=   0 
after  (DPU 207) [0]= 195 [1]= 204 [2]= 202 [3]=   0 [4]=   0 [5]=   0 [6]=   0 [7]=   0 [8]=   0 [9]=   0 [10]=   0 [11]=   0 
before (DPU 208) [0]= 206 [1]= 184 [2]= 195 [3]=   0 [4]=   0 [5]=   0 [6]=   0 [7]=   0 [8]=   0 [9]=   0 [10]=   0 [11]=   0 
after  (DPU 208) [0]= 206 [1]= 184 [2]= 195 [3]=   0 [4]=   0 [5]=   0 [6]=   0 [7]=   0 [8]=   0 [9]=   0 [10]=   0 [11]=   0 
before (DPU 209) [0]= 194 [1]= 194 [2]= 187 [3]=   0 [4]=   0 [5]=   0 [6]=   0 [7]=   0 [8]=   0 [9]=   0 [10]=   0 [11]=   0 
after  (DPU 209) [0]= 194 [1]= 194 [2]= 187 [3]=   0 [4]=   0 [5]=   0 [6]=   0 [7]=   0 [8]=   0 [9]=   0 [10]=   0 [11]=   0 
before (DPU 210) [0]= 198 [1]= 191 [2]= 175 [3]=   0 [4]=   0 [5]=   0 [6]=   0 [7]=   0 [8]=   0 [9]=   0 [10]=   0 [11]=   0 
after  (DPU 210) [0]= 198 [1]= 191 [2]= 175 [3]=   0 [4]=   0 [5]=   0 [6]=   0 [7]=   0 [8]=   0 [9]=   0 [10]=   0 [11]=   0 
before (DPU 211) [0]= 185 [1]= 155 [2]= 225 [3]=   0 [4]=   0 [5]=   0 [6]=   0 [7]=   0 [8]=   0 [9]=   0 [10]=   0 [11]=   0 
after  (DPU 211) [0]= 185 [1]= 155 [2]= 225 [3]=   0 [4]=   0 [5]=   0 [6]=   0 [7]=   0 [8]=   0 [9]=   0 [10]=   0 [11]=   0 
before (DPU 212) [0]= 167 [1]= 188 [2]= 175 [3]=   0 [4]=   0 [5]=   0 [6]=   0 [7]=   0 [8]=   0 [9]=   0 [10]=   0 [11]=   0 
after  (DPU 212) [0]= 167 [1]= 188 [2]= 175 [3]=   0 [4]=   0 [5]=   0 [6]=   0 [7]=   0 [8]=   0 [9]=   0 [10]=   0 [11]=   0 
before (DPU 213) [0]= 202 [1]= 168 [2]= 211 [3]=   0 [4]=   0 [5]=   0 [6]=   0 [7]=   0 [8]=   0 [9]=   0 [10]=   0 [11]=   0 
after  (DPU 213) [0]= 202 [1]= 168 [2]= 211 [3]=   0 [4]=   0 [5]=   0 [6]=   0 [7]=   0 [8]=   0 [9]=   0 [10]=   0 [11]=   0 
before (DPU 214) [0]= 188 [1]= 199 [2]= 172 [3]=   0 [4]=   0 [5]=   0 [6]=   0 [7]=   0 [8]=   0 [9]=   0 [10]=   0 [11]=   0 
after  (DPU 214) [0]= 188 [1]= 199 [2]= 172 [3]=   0 [4]=   0 [5]=   0 [6]=   0 [7]=   0 [8]=   0 [9]=   0 [10]=   0 [11]=   0 
before (DPU 215) [0]= 209 [1]= 189 [2]= 175 [3]=   0 [4]=   0 [5]=   0 [6]=   0 [7]=   0 [8]=   0 [9]=   0 [10]=   0 [11]=   0 
after  (DPU 215) [0]= 209 [1]= 189 [2]= 175 [3]=   0 [4]=   0 [5]=   0 [6]=   0 [7]=   0 [8]=   0 [9]=   0 [10]=   0 [11]=   0 
before (DPU 216) [0]= 178 [1]= 174 [2]= 187 [3]=   0 [4]=   0 [5]=   0 [6]=   0 [7]=   0 [8]=   0 [9]=   0 [10]=   0 [11]=   0 
after  (DPU 216) [0]= 178 [1]= 174 [2]= 187 [3]=   0 [4]=   0 [5]=   0 [6]=   0 [7]=   0 [8]=   0 [9]=   0 [10]=   0 [11]=   0 
before (DPU 217) [0]= 202 [1]= 197 [2]= 184 [3]=   0 [4]=   0 [5]=   0 [6]=   0 [7]=   0 [8]=   0 [9]=   0 [10]=   0 [11]=   0 
after  (DPU 217) [0]= 202 [1]= 197 [2]= 184 [3]=   0 [4]=   0 [5]=   0 [6]=   0 [7]=   0 [8]=   0 [9]=   0 [10]=   0 [11]=   0 
before (DPU 218) [0]= 182 [1]= 168 [2]= 197 [3]=   0 [4]=   0 [5]=   0 [6]=   0 [7]=   0 [8]=   0 [9]=   0 [10]=   0 [11]=   0 
after  (DPU 218) [0]= 182 [1]= 168 [2]= 197 [3]=   0 [4]=   0 [5]=   0 [6]=   0 [7]=   0 [8]=   0 [9]=   0 [10]=   0 [11]=   0 
before (DPU 219) [0]= 206 [1]= 176 [2]= 206 [3]=   0 [4]=   0 [5]=   0 [6]=   0 [7]=   0 [8]=   0 [9]=   0 [10]=   0 [11]=   0 
after  (DPU 219) [0]= 206 [1]= 176 [2]= 206 [3]=   0 [4]=   0 [5]=   0 [6]=   0 [7]=   0 [8]=   0 [9]=   0 [10]=   0 [11]=   0 
before (DPU 220) [0]= 194 [1]= 185 [2]= 205 [3]=   0 [4]=   0 [5]=   0 [6]=   0 [7]=   0 [8]=   0 [9]=   0 [10]=   0 [11]=   0 
after  (DPU 220) [0]= 194 [1]= 185 [2]= 205 [3]=   0 [4]=   0 [5]=   0 [6]=   0 [7]=   0 [8]=   0 [9]=   0 [10]=   0 [11]=   0 
before (DPU 221) [0]= 201 [1]= 165 [2]= 179 [3]=   0 [4]=   0 [5]=   0 [6]=   0 [7]=   0 [8]=   0 [9]=   0 [10]=   0 [11]=   0 
after  (DPU 221) [0]= 201 [1]= 165 [2]= 179 [3]=   0 [4]=   0 [5]=   0 [6]=   0 [7]=   0 [8]=   0 [9]=   0 [10]=   0 [11]=   0 
before (DPU 222) [0]= 150 [1]= 184 [2]= 186 [3]=   0 [4]=   0 [5]=   0 [6]=   0 [7]=   0 [8]=   0 [9]=   0 [10]=   0 [11]=   0 
after  (DPU 222) [0]= 150 [1]= 184 [2]= 186 [3]=   0 [4]=   0 [5]=   0 [6]=   0 [7]=   0 [8]=   0 [9]=   0 [10]=   0 [11]=   0 
before (DPU 223) [0]= 186 [1]= 198 [2]= 204 [3]=   0 [4]=   0 [5]=   0 [6]=   0 [7]=   0 [8]=   0 [9]=   0 [10]=   0 [11]=   0 
after  (DPU 223) [0]= 186 [1]= 198 [2]= 204 [3]=   0 [4]=   0 [5]=   0 [6]=   0 [7]=   0 [8]=   0 [9]=   0 [10]=   0 [11]=   0 
before (DPU 224) [0]= 177 [1]= 213 [2]= 152 [3]=   0 [4]=   0 [5]=   0 [6]=   0 [7]=   0 [8]=   0 [9]=   0 [10]=   0 [11]=   0 
after  (DPU 224) [0]= 177 [1]= 213 [2]= 152 [3]=   0 [4]=   0 [5]=   0 [6]=   0 [7]=   0 [8]=   0 [9]=   0 [10]=   0 [11]=   0 
before (DPU 225) [0]= 143 [1]= 185 [2]= 161 [3]=   0 [4]=   0 [5]=   0 [6]=   0 [7]=   0 [8]=   0 [9]=   0 [10]=   0 [11]=   0 
after  (DPU 225) [0]= 143 [1]= 185 [2]= 161 [3]=   0 [4]=   0 [5]=   0 [6]=   0 [7]=   0 [8]=   0 [9]=   0 [10]=   0 [11]=   0 
before (DPU 226) [0]= 160 [1]= 179 [2]= 191 [3]=   0 [4]=   0 [5]=   0 [6]=   0 [7]=   0 [8]=   0 [9]=   0 [10]=   0 [11]=   0 
after  (DPU 226) [0]= 160 [1]= 179 [2]= 191 [3]=   0 [4]=   0 [5]=   0 [6]=   0 [7]=   0 [8]=   0 [9]=   0 [10]=   0 [11]=   0 
before (DPU 227) [0]= 184 [1]= 174 [2]= 179 [3]=   0 [4]=   0 [5]=   0 [6]=   0 [7]=   0 [8]=   0 [9]=   0 [10]=   0 [11]=   0 
after  (DPU 227) [0]= 184 [1]= 174 [2]= 179 [3]=   0 [4]=   0 [5]=   0 [6]=   0 [7]=   0 [8]=   0 [9]=   0 [10]=   0 [11]=   0 
before (DPU 228) [0]= 173 [1]= 183 [2]= 156 [3]=   0 [4]=   0 [5]=   0 [6]=   0 [7]=   0 [8]=   0 [9]=   0 [10]=   0 [11]=   0 
after  (DPU 228) [0]= 173 [1]= 183 [2]= 156 [3]=   0 [4]=   0 [5]=   0 [6]=   0 [7]=   0 [8]=   0 [9]=   0 [10]=   0 [11]=   0 
before (DPU 229) [0]= 187 [1]= 165 [2]= 178 [3]=   0 [4]=   0 [5]=   0 [6]=   0 [7]=   0 [8]=   0 [9]=   0 [10]=   0 [11]=   0 
after  (DPU 229) [0]= 187 [1]= 165 [2]= 178 [3]=   0 [4]=   0 [5]=   0 [6]=   0 [7]=   0 [8]=   0 [9]=   0 [10]=   0 [11]=   0 
before (DPU 230) [0]= 162 [1]= 152 [2]= 166 [3]=   0 [4]=   0 [5]=   0 [6]=   0 [7]=   0 [8]=   0 [9]=   0 [10]=   0 [11]=   0 
after  (DPU 230) [0]= 162 [1]= 152 [2]= 166 [3]=   0 [4]=   0 [5]=   0 [6]=   0 [7]=   0 [8]=   0 [9]=   0 [10]=   0 [11]=   0 
before (DPU 231) [0]= 182 [1]= 162 [2]= 172 [3]=   0 [4]=   0 [5]=   0 [6]=   0 [7]=   0 [8]=   0 [9]=   0 [10]=   0 [11]=   0 
after  (DPU 231) [0]= 182 [1]= 162 [2]= 172 [3]=   0 [4]=   0 [5]=   0 [6]=   0 [7]=   0 [8]=   0 [9]=   0 [10]=   0 [11]=   0 
before (DPU 232) [0]= 188 [1]= 165 [2]= 166 [3]=   0 [4]=   0 [5]=   0 [6]=   0 [7]=   0 [8]=   0 [9]=   0 [10]=   0 [11]=   0 
after  (DPU 232) [0]= 188 [1]= 165 [2]= 166 [3]=   0 [4]=   0 [5]=   0 [6]=   0 [7]=   0 [8]=   0 [9]=   0 [10]=   0 [11]=   0 
before (DPU 233) [0]= 171 [1]= 187 [2]= 178 [3]=   0 [4]=   0 [5]=   0 [6]=   0 [7]=   0 [8]=   0 [9]=   0 [10]=   0 [11]=   0 
after  (DPU 233) [0]= 171 [1]= 187 [2]= 178 [3]=   0 [4]=   0 [5]=   0 [6]=   0 [7]=   0 [8]=   0 [9]=   0 [10]=   0 [11]=   0 
before (DPU 234) [0]= 169 [1]= 172 [2]= 182 [3]=   0 [4]=   0 [5]=   0 [6]=   0 [7]=   0 [8]=   0 [9]=   0 [10]=   0 [11]=   0 
after  (DPU 234) [0]= 169 [1]= 172 [2]= 182 [3]=   0 [4]=   0 [5]=   0 [6]=   0 [7]=   0 [8]=   0 [9]=   0 [10]=   0 [11]=   0 
before (DPU 235) [0]= 180 [1]= 174 [2]= 172 [3]=   0 [4]=   0 [5]=   0 [6]=   0 [7]=   0 [8]=   0 [9]=   0 [10]=   0 [11]=   0 
after  (DPU 235) [0]= 180 [1]= 174 [2]= 172 [3]=   0 [4]=   0 [5]=   0 [6]=   0 [7]=   0 [8]=   0 [9]=   0 [10]=   0 [11]=   0 
before (DPU 236) [0]= 192 [1]= 200 [2]= 172 [3]=   0 [4]=   0 [5]=   0 [6]=   0 [7]=   0 [8]=   0 [9]=   0 [10]=   0 [11]=   0 
after  (DPU 236) [0]= 192 [1]= 200 [2]= 172 [3]=   0 [4]=   0 [5]=   0 [6]=   0 [7]=   0 [8]=   0 [9]=   0 [10]=   0 [11]=   0 
before (DPU 237) [0]= 181 [1]= 157 [2]= 175 [3]=   0 [4]=   0 [5]=   0 [6]=   0 [7]=   0 [8]=   0 [9]=   0 [10]=   0 [11]=   0 
after  (DPU 237) [0]= 181 [1]= 157 [2]= 175 [3]=   0 [4]=   0 [5]=   0 [6]=   0 [7]=   0 [8]=   0 [9]=   0 [10]=   0 [11]=   0 
before (DPU 238) [0]= 174 [1]= 177 [2]= 169 [3]=   0 [4]=   0 [5]=   0 [6]=   0 [7]=   0 [8]=   0 [9]=   0 [10]=   0 [11]=   0 
after  (DPU 238) [0]= 174 [1]= 177 [2]= 169 [3]=   0 [4]=   0 [5]=   0 [6]=   0 [7]=   0 [8]=   0 [9]=   0 [10]=   0 [11]=   0 
before (DPU 239) [0]= 177 [1]= 171 [2]= 162 [3]=   0 [4]=   0 [5]=   0 [6]=   0 [7]=   0 [8]=   0 [9]=   0 [10]=   0 [11]=   0 
after  (DPU 239) [0]= 177 [1]= 171 [2]= 162 [3]=   0 [4]=   0 [5]=   0 [6]=   0 [7]=   0 [8]=   0 [9]=   0 [10]=   0 [11]=   0 
before (DPU 240) [0]= 174 [1]= 151 [2]= 170 [3]=   0 [4]=   0 [5]=   0 [6]=   0 [7]=   0 [8]=   0 [9]=   0 [10]=   0 [11]=   0 
after  (DPU 240) [0]= 174 [1]= 151 [2]= 170 [3]=   0 [4]=   0 [5]=   0 [6]=   0 [7]=   0 [8]=   0 [9]=   0 [10]=   0 [11]=   0 
before (DPU 241) [0]= 158 [1]= 194 [2]= 176 [3]=   0 [4]=   0 [5]=   0 [6]=   0 [7]=   0 [8]=   0 [9]=   0 [10]=   0 [11]=   0 
after  (DPU 241) [0]= 158 [1]= 194 [2]= 176 [3]=   0 [4]=   0 [5]=   0 [6]=   0 [7]=   0 [8]=   0 [9]=   0 [10]=   0 [11]=   0 
before (DPU 242) [0]= 170 [1]= 170 [2]= 184 [3]=   0 [4]=   0 [5]=   0 [6]=   0 [7]=   0 [8]=   0 [9]=   0 [10]=   0 [11]=   0 
after  (DPU 242) [0]= 170 [1]= 170 [2]= 184 [3]=   0 [4]=   0 [5]=   0 [6]=   0 [7]=   0 [8]=   0 [9]=   0 [10]=   0 [11]=   0 
before (DPU 243) [0]= 149 [1]= 171 [2]= 176 [3]=   0 [4]=   0 [5]=   0 [6]=   0 [7]=   0 [8]=   0 [9]=   0 [10]=   0 [11]=   0 
after  (DPU 243) [0]= 149 [1]= 171 [2]= 176 [3]=   0 [4]=   0 [5]=   0 [6]=   0 [7]=   0 [8]=   0 [9]=   0 [10]=   0 [11]=   0 
before (DPU 244) [0]= 175 [1]= 171 [2]= 177 [3]=   0 [4]=   0 [5]=   0 [6]=   0 [7]=   0 [8]=   0 [9]=   0 [10]=   0 [11]=   0 
after  (DPU 244) [0]= 175 [1]= 171 [2]= 177 [3]=   0 [4]=   0 [5]=   0 [6]=   0 [7]=   0 [8]=   0 [9]=   0 [10]=   0 [11]=   0 
before (DPU 245) [0]= 169 [1]= 157 [2]= 183 [3]=   0 [4]=   0 [5]=   0 [6]=   0 [7]=   0 [8]=   0 [9]=   0 [10]=   0 [11]=   0 
after  (DPU 245) [0]= 169 [1]= 157 [2]= 183 [3]=   0 [4]=   0 [5]=   0 [6]=   0 [7]=   0 [8]=   0 [9]=   0 [10]=   0 [11]=   0 
before (DPU 246) [0]= 182 [1]= 155 [2]= 160 [3]=   0 [4]=   0 [5]=   0 [6]=   0 [7]=   0 [8]=   0 [9]=   0 [10]=   0 [11]=   0 
after  (DPU 246) [0]= 182 [1]= 155 [2]= 160 [3]=   0 [4]=   0 [5]=   0 [6]=   0 [7]=   0 [8]=   0 [9]=   0 [10]=   0 [11]=   0 
before (DPU 247) [0]= 163 [1]= 135 [2]= 152 [3]=   0 [4]=   0 [5]=   0 [6]=   0 [7]=   0 [8]=   0 [9]=   0 [10]=   0 [11]=   0 
after  (DPU 247) [0]= 163 [1]= 135 [2]= 152 [3]=   0 [4]=   0 [5]=   0 [6]=   0 [7]=   0 [8]=   0 [9]=   0 [10]=   0 [11]=   0 
before (DPU 248) [0]= 187 [1]= 167 [2]= 153 [3]=   0 [4]=   0 [5]=   0 [6]=   0 [7]=   0 [8]=   0 [9]=   0 [10]=   0 [11]=   0 
after  (DPU 248) [0]= 187 [1]= 167 [2]= 153 [3]=   0 [4]=   0 [5]=   0 [6]=   0 [7]=   0 [8]=   0 [9]=   0 [10]=   0 [11]=   0 
before (DPU 249) [0]= 139 [1]= 163 [2]= 178 [3]=   0 [4]=   0 [5]=   0 [6]=   0 [7]=   0 [8]=   0 [9]=   0 [10]=   0 [11]=   0 
after  (DPU 249) [0]= 139 [1]= 163 [2]= 178 [3]=   0 [4]=   0 [5]=   0 [6]=   0 [7]=   0 [8]=   0 [9]=   0 [10]=   0 [11]=   0 
before (DPU 250) [0]= 183 [1]= 156 [2]= 158 [3]=   0 [4]=   0 [5]=   0 [6]=   0 [7]=   0 [8]=   0 [9]=   0 [10]=   0 [11]=   0 
after  (DPU 250) [0]= 183 [1]= 156 [2]= 158 [3]=   0 [4]=   0 [5]=   0 [6]=   0 [7]=   0 [8]=   0 [9]=   0 [10]=   0 [11]=   0 
before (DPU 251) [0]= 163 [1]= 147 [2]= 147 [3]=   0 [4]=   0 [5]=   0 [6]=   0 [7]=   0 [8]=   0 [9]=   0 [10]=   0 [11]=   0 
after  (DPU 251) [0]= 163 [1]= 147 [2]= 147 [3]=   0 [4]=   0 [5]=   0 [6]=   0 [7]=   0 [8]=   0 [9]=   0 [10]=   0 [11]=   0 
before (DPU 252) [0]= 188 [1]= 172 [2]= 147 [3]=   0 [4]=   0 [5]=   0 [6]=   0 [7]=   0 [8]=   0 [9]=   0 [10]=   0 [11]=   0 
after  (DPU 252) [0]= 188 [1]= 172 [2]= 147 [3]=   0 [4]=   0 [5]=   0 [6]=   0 [7]=   0 [8]=   0 [9]=   0 [10]=   0 [11]=   0 
before (DPU 253) [0]= 160 [1]= 163 [2]= 179 [3]=   0 [4]=   0 [5]=   0 [6]=   0 [7]=   0 [8]=   0 [9]=   0 [10]=   0 [11]=   0 
after  (DPU 253) [0]= 160 [1]= 163 [2]= 179 [3]=   0 [4]=   0 [5]=   0 [6]=   0 [7]=   0 [8]=   0 [9]=   0 [10]=   0 [11]=   0 
before (DPU 254) [0]= 168 [1]= 139 [2]= 163 [3]=   0 [4]=   0 [5]=   0 [6]=   0 [7]=   0 [8]=   0 [9]=   0 [10]=   0 [11]=   0 
after  (DPU 254) [0]= 168 [1]= 139 [2]= 163 [3]=   0 [4]=   0 [5]=   0 [6]=   0 [7]=   0 [8]=   0 [9]=   0 [10]=   0 [11]=   0 
before (DPU 255) [0]= 175 [1]= 154 [2]= 179 [3]=   0 [4]=   0 [5]=   0 [6]=   0 [7]=   0 [8]=   0 [9]=   0 [10]=   0 [11]=   0 
after  (DPU 255) [0]= 175 [1]= 154 [2]= 179 [3]=   0 [4]=   0 [5]=   0 [6]=   0 [7]=   0 [8]=   0 [9]=   0 [10]=   0 [11]=   0 
before (DPU 256) [0]= 172 [1]= 145 [2]= 155 [3]=   0 [4]=   0 [5]=   0 [6]=   0 [7]=   0 [8]=   0 [9]=   0 [10]=   0 [11]=   0 
after  (DPU 256) [0]= 172 [1]= 145 [2]= 155 [3]=   0 [4]=   0 [5]=   0 [6]=   0 [7]=   0 [8]=   0 [9]=   0 [10]=   0 [11]=   0 
before (DPU 257) [0]= 149 [1]= 162 [2]= 165 [3]=   0 [4]=   0 [5]=   0 [6]=   0 [7]=   0 [8]=   0 [9]=   0 [10]=   0 [11]=   0 
after  (DPU 257) [0]= 149 [1]= 162 [2]= 165 [3]=   0 [4]=   0 [5]=   0 [6]=   0 [7]=   0 [8]=   0 [9]=   0 [10]=   0 [11]=   0 
before (DPU 258) [0]= 154 [1]= 149 [2]= 156 [3]=   0 [4]=   0 [5]=   0 [6]=   0 [7]=   0 [8]=   0 [9]=   0 [10]=   0 [11]=   0 
after  (DPU 258) [0]= 154 [1]= 149 [2]= 156 [3]=   0 [4]=   0 [5]=   0 [6]=   0 [7]=   0 [8]=   0 [9]=   0 [10]=   0 [11]=   0 
before (DPU 259) [0]= 179 [1]= 145 [2]= 151 [3]=   0 [4]=   0 [5]=   0 [6]=   0 [7]=   0 [8]=   0 [9]=   0 [10]=   0 [11]=   0 
after  (DPU 259) [0]= 179 [1]= 145 [2]= 151 [3]=   0 [4]=   0 [5]=   0 [6]=   0 [7]=   0 [8]=   0 [9]=   0 [10]=   0 [11]=   0 
before (DPU 260) [0]= 157 [1]= 152 [2]= 150 [3]=   0 [4]=   0 [5]=   0 [6]=   0 [7]=   0 [8]=   0 [9]=   0 [10]=   0 [11]=   0 
after  (DPU 260) [0]= 157 [1]= 152 [2]= 150 [3]=   0 [4]=   0 [5]=   0 [6]=   0 [7]=   0 [8]=   0 [9]=   0 [10]=   0 [11]=   0 
before (DPU 261) [0]= 153 [1]= 158 [2]= 151 [3]=   0 [4]=   0 [5]=   0 [6]=   0 [7]=   0 [8]=   0 [9]=   0 [10]=   0 [11]=   0 
after  (DPU 261) [0]= 153 [1]= 158 [2]= 151 [3]=   0 [4]=   0 [5]=   0 [6]=   0 [7]=   0 [8]=   0 [9]=   0 [10]=   0 [11]=   0 
before (DPU 262) [0]= 172 [1]= 157 [2]= 144 [3]=   0 [4]=   0 [5]=   0 [6]=   0 [7]=   0 [8]=   0 [9]=   0 [10]=   0 [11]=   0 
after  (DPU 262) [0]= 172 [1]= 157 [2]= 144 [3]=   0 [4]=   0 [5]=   0 [6]=   0 [7]=   0 [8]=   0 [9]=   0 [10]=   0 [11]=   0 
before (DPU 263) [0]= 169 [1]= 159 [2]= 152 [3]=   0 [4]=   0 [5]=   0 [6]=   0 [7]=   0 [8]=   0 [9]=   0 [10]=   0 [11]=   0 
after  (DPU 263) [0]= 169 [1]= 159 [2]= 152 [3]=   0 [4]=   0 [5]=   0 [6]=   0 [7]=   0 [8]=   0 [9]=   0 [10]=   0 [11]=   0 
before (DPU 264) [0]= 145 [1]= 150 [2]= 145 [3]=   0 [4]=   0 [5]=   0 [6]=   0 [7]=   0 [8]=   0 [9]=   0 [10]=   0 [11]=   0 
after  (DPU 264) [0]= 145 [1]= 150 [2]= 145 [3]=   0 [4]=   0 [5]=   0 [6]=   0 [7]=   0 [8]=   0 [9]=   0 [10]=   0 [11]=   0 
before (DPU 265) [0]= 147 [1]= 131 [2]= 142 [3]=   0 [4]=   0 [5]=   0 [6]=   0 [7]=   0 [8]=   0 [9]=   0 [10]=   0 [11]=   0 
after  (DPU 265) [0]= 147 [1]= 131 [2]= 142 [3]=   0 [4]=   0 [5]=   0 [6]=   0 [7]=   0 [8]=   0 [9]=   0 [10]=   0 [11]=   0 
before (DPU 266) [0]= 145 [1]= 194 [2]= 143 [3]=   0 [4]=   0 [5]=   0 [6]=   0 [7]=   0 [8]=   0 [9]=   0 [10]=   0 [11]=   0 
after  (DPU 266) [0]= 145 [1]= 194 [2]= 143 [3]=   0 [4]=   0 [5]=   0 [6]=   0 [7]=   0 [8]=   0 [9]=   0 [10]=   0 [11]=   0 
before (DPU 267) [0]= 154 [1]= 156 [2]= 147 [3]=   0 [4]=   0 [5]=   0 [6]=   0 [7]=   0 [8]=   0 [9]=   0 [10]=   0 [11]=   0 
after  (DPU 267) [0]= 154 [1]= 156 [2]= 147 [3]=   0 [4]=   0 [5]=   0 [6]=   0 [7]=   0 [8]=   0 [9]=   0 [10]=   0 [11]=   0 
before (DPU 268) [0]= 137 [1]= 150 [2]= 134 [3]=   0 [4]=   0 [5]=   0 [6]=   0 [7]=   0 [8]=   0 [9]=   0 [10]=   0 [11]=   0 
after  (DPU 268) [0]= 137 [1]= 150 [2]= 134 [3]=   0 [4]=   0 [5]=   0 [6]=   0 [7]=   0 [8]=   0 [9]=   0 [10]=   0 [11]=   0 
before (DPU 269) [0]= 143 [1]= 147 [2]= 148 [3]=   0 [4]=   0 [5]=   0 [6]=   0 [7]=   0 [8]=   0 [9]=   0 [10]=   0 [11]=   0 
after  (DPU 269) [0]= 143 [1]= 147 [2]= 148 [3]=   0 [4]=   0 [5]=   0 [6]=   0 [7]=   0 [8]=   0 [9]=   0 [10]=   0 [11]=   0 
before (DPU 270) [0]= 133 [1]= 158 [2]= 126 [3]=   0 [4]=   0 [5]=   0 [6]=   0 [7]=   0 [8]=   0 [9]=   0 [10]=   0 [11]=   0 
after  (DPU 270) [0]= 133 [1]= 158 [2]= 126 [3]=   0 [4]=   0 [5]=   0 [6]=   0 [7]=   0 [8]=   0 [9]=   0 [10]=   0 [11]=   0 
before (DPU 271) [0]= 138 [1]= 178 [2]= 146 [3]=   0 [4]=   0 [5]=   0 [6]=   0 [7]=   0 [8]=   0 [9]=   0 [10]=   0 [11]=   0 
after  (DPU 271) [0]= 138 [1]= 178 [2]= 146 [3]=   0 [4]=   0 [5]=   0 [6]=   0 [7]=   0 [8]=   0 [9]=   0 [10]=   0 [11]=   0 
before (DPU 272) [0]= 151 [1]= 161 [2]= 152 [3]=   0 [4]=   0 [5]=   0 [6]=   0 [7]=   0 [8]=   0 [9]=   0 [10]=   0 [11]=   0 
after  (DPU 272) [0]= 151 [1]= 161 [2]= 152 [3]=   0 [4]=   0 [5]=   0 [6]=   0 [7]=   0 [8]=   0 [9]=   0 [10]=   0 [11]=   0 
before (DPU 273) [0]= 151 [1]= 151 [2]= 140 [3]=   0 [4]=   0 [5]=   0 [6]=   0 [7]=   0 [8]=   0 [9]=   0 [10]=   0 [11]=   0 
after  (DPU 273) [0]= 151 [1]= 151 [2]= 140 [3]=   0 [4]=   0 [5]=   0 [6]=   0 [7]=   0 [8]=   0 [9]=   0 [10]=   0 [11]=   0 
before (DPU 274) [0]= 154 [1]= 164 [2]= 142 [3]=   0 [4]=   0 [5]=   0 [6]=   0 [7]=   0 [8]=   0 [9]=   0 [10]=   0 [11]=   0 
after  (DPU 274) [0]= 154 [1]= 164 [2]= 142 [3]=   0 [4]=   0 [5]=   0 [6]=   0 [7]=   0 [8]=   0 [9]=   0 [10]=   0 [11]=   0 
before (DPU 275) [0]= 141 [1]= 149 [2]= 159 [3]=   0 [4]=   0 [5]=   0 [6]=   0 [7]=   0 [8]=   0 [9]=   0 [10]=   0 [11]=   0 
after  (DPU 275) [0]= 141 [1]= 149 [2]= 159 [3]=   0 [4]=   0 [5]=   0 [6]=   0 [7]=   0 [8]=   0 [9]=   0 [10]=   0 [11]=   0 
before (DPU 276) [0]= 141 [1]= 138 [2]= 169 [3]=   0 [4]=   0 [5]=   0 [6]=   0 [7]=   0 [8]=   0 [9]=   0 [10]=   0 [11]=   0 
after  (DPU 276) [0]= 141 [1]= 138 [2]= 169 [3]=   0 [4]=   0 [5]=   0 [6]=   0 [7]=   0 [8]=   0 [9]=   0 [10]=   0 [11]=   0 
before (DPU 277) [0]= 143 [1]= 147 [2]= 141 [3]=   0 [4]=   0 [5]=   0 [6]=   0 [7]=   0 [8]=   0 [9]=   0 [10]=   0 [11]=   0 
after  (DPU 277) [0]= 143 [1]= 147 [2]= 141 [3]=   0 [4]=   0 [5]=   0 [6]=   0 [7]=   0 [8]=   0 [9]=   0 [10]=   0 [11]=   0 
before (DPU 278) [0]= 139 [1]= 145 [2]= 155 [3]=   0 [4]=   0 [5]=   0 [6]=   0 [7]=   0 [8]=   0 [9]=   0 [10]=   0 [11]=   0 
after  (DPU 278) [0]= 139 [1]= 145 [2]= 155 [3]=   0 [4]=   0 [5]=   0 [6]=   0 [7]=   0 [8]=   0 [9]=   0 [10]=   0 [11]=   0 
before (DPU 279) [0]= 130 [1]= 158 [2]= 139 [3]=   0 [4]=   0 [5]=   0 [6]=   0 [7]=   0 [8]=   0 [9]=   0 [10]=   0 [11]=   0 
after  (DPU 279) [0]= 130 [1]= 158 [2]= 139 [3]=   0 [4]=   0 [5]=   0 [6]=   0 [7]=   0 [8]=   0 [9]=   0 [10]=   0 [11]=   0 
before (DPU 280) [0]= 130 [1]= 120 [2]= 148 [3]=   0 [4]=   0 [5]=   0 [6]=   0 [7]=   0 [8]=   0 [9]=   0 [10]=   0 [11]=   0 
after  (DPU 280) [0]= 130 [1]= 120 [2]= 148 [3]=   0 [4]=   0 [5]=   0 [6]=   0 [7]=   0 [8]=   0 [9]=   0 [10]=   0 [11]=   0 
before (DPU 281) [0]= 157 [1]= 144 [2]= 143 [3]=   0 [4]=   0 [5]=   0 [6]=   0 [7]=   0 [8]=   0 [9]=   0 [10]=   0 [11]=   0 
after  (DPU 281) [0]= 157 [1]= 144 [2]= 143 [3]=   0 [4]=   0 [5]=   0 [6]=   0 [7]=   0 [8]=   0 [9]=   0 [10]=   0 [11]=   0 
before (DPU 282) [0]= 169 [1]= 140 [2]= 132 [3]=   0 [4]=   0 [5]=   0 [6]=   0 [7]=   0 [8]=   0 [9]=   0 [10]=   0 [11]=   0 
after  (DPU 282) [0]= 169 [1]= 140 [2]= 132 [3]=   0 [4]=   0 [5]=   0 [6]=   0 [7]=   0 [8]=   0 [9]=   0 [10]=   0 [11]=   0 
before (DPU 283) [0]= 137 [1]= 152 [2]= 136 [3]=   0 [4]=   0 [5]=   0 [6]=   0 [7]=   0 [8]=   0 [9]=   0 [10]=   0 [11]=   0 
after  (DPU 283) [0]= 137 [1]= 152 [2]= 136 [3]=   0 [4]=   0 [5]=   0 [6]=   0 [7]=   0 [8]=   0 [9]=   0 [10]=   0 [11]=   0 
before (DPU 284) [0]= 147 [1]= 135 [2]= 173 [3]=   0 [4]=   0 [5]=   0 [6]=   0 [7]=   0 [8]=   0 [9]=   0 [10]=   0 [11]=   0 
after  (DPU 284) [0]= 147 [1]= 135 [2]= 173 [3]=   0 [4]=   0 [5]=   0 [6]=   0 [7]=   0 [8]=   0 [9]=   0 [10]=   0 [11]=   0 
before (DPU 285) [0]= 134 [1]= 152 [2]= 148 [3]=   0 [4]=   0 [5]=   0 [6]=   0 [7]=   0 [8]=   0 [9]=   0 [10]=   0 [11]=   0 
after  (DPU 285) [0]= 134 [1]= 152 [2]= 148 [3]=   0 [4]=   0 [5]=   0 [6]=   0 [7]=   0 [8]=   0 [9]=   0 [10]=   0 [11]=   0 
before (DPU 286) [0]= 140 [1]= 143 [2]= 147 [3]=   0 [4]=   0 [5]=   0 [6]=   0 [7]=   0 [8]=   0 [9]=   0 [10]=   0 [11]=   0 
after  (DPU 286) [0]= 140 [1]= 143 [2]= 147 [3]=   0 [4]=   0 [5]=   0 [6]=   0 [7]=   0 [8]=   0 [9]=   0 [10]=   0 [11]=   0 
before (DPU 287) [0]= 149 [1]= 121 [2]= 133 [3]=   0 [4]=   0 [5]=   0 [6]=   0 [7]=   0 [8]=   0 [9]=   0 [10]=   0 [11]=   0 
after  (DPU 287) [0]= 149 [1]= 121 [2]= 133 [3]=   0 [4]=   0 [5]=   0 [6]=   0 [7]=   0 [8]=   0 [9]=   0 [10]=   0 [11]=   0 
before (DPU 288) [0]= 159 [1]= 129 [2]= 152 [3]=   0 [4]=   0 [5]=   0 [6]=   0 [7]=   0 [8]=   0 [9]=   0 [10]=   0 [11]=   0 
after  (DPU 288) [0]= 159 [1]= 129 [2]= 152 [3]=   0 [4]=   0 [5]=   0 [6]=   0 [7]=   0 [8]=   0 [9]=   0 [10]=   0 [11]=   0 
before (DPU 289) [0]= 146 [1]= 129 [2]= 135 [3]=   0 [4]=   0 [5]=   0 [6]=   0 [7]=   0 [8]=   0 [9]=   0 [10]=   0 [11]=   0 
after  (DPU 289) [0]= 146 [1]= 129 [2]= 135 [3]=   0 [4]=   0 [5]=   0 [6]=   0 [7]=   0 [8]=   0 [9]=   0 [10]=   0 [11]=   0 
before (DPU 290) [0]= 140 [1]= 150 [2]= 141 [3]=   0 [4]=   0 [5]=   0 [6]=   0 [7]=   0 [8]=   0 [9]=   0 [10]=   0 [11]=   0 
after  (DPU 290) [0]= 140 [1]= 150 [2]= 141 [3]=   0 [4]=   0 [5]=   0 [6]=   0 [7]=   0 [8]=   0 [9]=   0 [10]=   0 [11]=   0 
before (DPU 291) [0]= 148 [1]= 146 [2]= 137 [3]=   0 [4]=   0 [5]=   0 [6]=   0 [7]=   0 [8]=   0 [9]=   0 [10]=   0 [11]=   0 
after  (DPU 291) [0]= 148 [1]= 146 [2]= 137 [3]=   0 [4]=   0 [5]=   0 [6]=   0 [7]=   0 [8]=   0 [9]=   0 [10]=   0 [11]=   0 
before (DPU 292) [0]= 137 [1]= 122 [2]= 125 [3]=   0 [4]=   0 [5]=   0 [6]=   0 [7]=   0 [8]=   0 [9]=   0 [10]=   0 [11]=   0 
after  (DPU 292) [0]= 137 [1]= 122 [2]= 125 [3]=   0 [4]=   0 [5]=   0 [6]=   0 [7]=   0 [8]=   0 [9]=   0 [10]=   0 [11]=   0 
before (DPU 293) [0]= 123 [1]= 147 [2]= 145 [3]=   0 [4]=   0 [5]=   0 [6]=   0 [7]=   0 [8]=   0 [9]=   0 [10]=   0 [11]=   0 
after  (DPU 293) [0]= 123 [1]= 147 [2]= 145 [3]=   0 [4]=   0 [5]=   0 [6]=   0 [7]=   0 [8]=   0 [9]=   0 [10]=   0 [11]=   0 
before (DPU 294) [0]= 122 [1]= 119 [2]= 134 [3]=   0 [4]=   0 [5]=   0 [6]=   0 [7]=   0 [8]=   0 [9]=   0 [10]=   0 [11]=   0 
after  (DPU 294) [0]= 122 [1]= 119 [2]= 134 [3]=   0 [4]=   0 [5]=   0 [6]=   0 [7]=   0 [8]=   0 [9]=   0 [10]=   0 [11]=   0 
before (DPU 295) [0]= 132 [1]= 150 [2]= 134 [3]=   0 [4]=   0 [5]=   0 [6]=   0 [7]=   0 [8]=   0 [9]=   0 [10]=   0 [11]=   0 
after  (DPU 295) [0]= 132 [1]= 150 [2]= 134 [3]=   0 [4]=   0 [5]=   0 [6]=   0 [7]=   0 [8]=   0 [9]=   0 [10]=   0 [11]=   0 
before (DPU 296) [0]= 145 [1]= 124 [2]= 114 [3]=   0 [4]=   0 [5]=   0 [6]=   0 [7]=   0 [8]=   0 [9]=   0 [10]=   0 [11]=   0 
after  (DPU 296) [0]= 145 [1]= 124 [2]= 114 [3]=   0 [4]=   0 [5]=   0 [6]=   0 [7]=   0 [8]=   0 [9]=   0 [10]=   0 [11]=   0 
before (DPU 297) [0]= 152 [1]= 124 [2]= 128 [3]=   0 [4]=   0 [5]=   0 [6]=   0 [7]=   0 [8]=   0 [9]=   0 [10]=   0 [11]=   0 
after  (DPU 297) [0]= 152 [1]= 124 [2]= 128 [3]=   0 [4]=   0 [5]=   0 [6]=   0 [7]=   0 [8]=   0 [9]=   0 [10]=   0 [11]=   0 
before (DPU 298) [0]= 120 [1]= 125 [2]= 136 [3]=   0 [4]=   0 [5]=   0 [6]=   0 [7]=   0 [8]=   0 [9]=   0 [10]=   0 [11]=   0 
after  (DPU 298) [0]= 120 [1]= 125 [2]= 136 [3]=   0 [4]=   0 [5]=   0 [6]=   0 [7]=   0 [8]=   0 [9]=   0 [10]=   0 [11]=   0 
before (DPU 299) [0]= 161 [1]= 148 [2]= 128 [3]=   0 [4]=   0 [5]=   0 [6]=   0 [7]=   0 [8]=   0 [9]=   0 [10]=   0 [11]=   0 
after  (DPU 299) [0]= 161 [1]= 148 [2]= 128 [3]=   0 [4]=   0 [5]=   0 [6]=   0 [7]=   0 [8]=   0 [9]=   0 [10]=   0 [11]=   0 
before (DPU 300) [0]= 141 [1]= 147 [2]= 150 [3]=   0 [4]=   0 [5]=   0 [6]=   0 [7]=   0 [8]=   0 [9]=   0 [10]=   0 [11]=   0 
after  (DPU 300) [0]= 141 [1]= 147 [2]= 150 [3]=   0 [4]=   0 [5]=   0 [6]=   0 [7]=   0 [8]=   0 [9]=   0 [10]=   0 [11]=   0 
before (DPU 301) [0]= 135 [1]= 125 [2]= 127 [3]=   0 [4]=   0 [5]=   0 [6]=   0 [7]=   0 [8]=   0 [9]=   0 [10]=   0 [11]=   0 
after  (DPU 301) [0]= 135 [1]= 125 [2]= 127 [3]=   0 [4]=   0 [5]=   0 [6]=   0 [7]=   0 [8]=   0 [9]=   0 [10]=   0 [11]=   0 
before (DPU 302) [0]= 144 [1]= 155 [2]= 128 [3]=   0 [4]=   0 [5]=   0 [6]=   0 [7]=   0 [8]=   0 [9]=   0 [10]=   0 [11]=   0 
after  (DPU 302) [0]= 144 [1]= 155 [2]= 128 [3]=   0 [4]=   0 [5]=   0 [6]=   0 [7]=   0 [8]=   0 [9]=   0 [10]=   0 [11]=   0 
before (DPU 303) [0]= 164 [1]= 117 [2]= 124 [3]=   0 [4]=   0 [5]=   0 [6]=   0 [7]=   0 [8]=   0 [9]=   0 [10]=   0 [11]=   0 
after  (DPU 303) [0]= 164 [1]= 117 [2]= 124 [3]=   0 [4]=   0 [5]=   0 [6]=   0 [7]=   0 [8]=   0 [9]=   0 [10]=   0 [11]=   0 
before (DPU 304) [0]= 127 [1]= 139 [2]= 125 [3]=   0 [4]=   0 [5]=   0 [6]=   0 [7]=   0 [8]=   0 [9]=   0 [10]=   0 [11]=   0 
after  (DPU 304) [0]= 127 [1]= 139 [2]= 125 [3]=   0 [4]=   0 [5]=   0 [6]=   0 [7]=   0 [8]=   0 [9]=   0 [10]=   0 [11]=   0 
before (DPU 305) [0]= 149 [1]= 147 [2]= 149 [3]=   0 [4]=   0 [5]=   0 [6]=   0 [7]=   0 [8]=   0 [9]=   0 [10]=   0 [11]=   0 
after  (DPU 305) [0]= 149 [1]= 147 [2]= 149 [3]=   0 [4]=   0 [5]=   0 [6]=   0 [7]=   0 [8]=   0 [9]=   0 [10]=   0 [11]=   0 
before (DPU 306) [0]= 149 [1]= 119 [2]= 142 [3]=   0 [4]=   0 [5]=   0 [6]=   0 [7]=   0 [8]=   0 [9]=   0 [10]=   0 [11]=   0 
after  (DPU 306) [0]= 149 [1]= 119 [2]= 142 [3]=   0 [4]=   0 [5]=   0 [6]=   0 [7]=   0 [8]=   0 [9]=   0 [10]=   0 [11]=   0 
before (DPU 307) [0]= 137 [1]= 145 [2]= 125 [3]=   0 [4]=   0 [5]=   0 [6]=   0 [7]=   0 [8]=   0 [9]=   0 [10]=   0 [11]=   0 
after  (DPU 307) [0]= 137 [1]= 145 [2]= 125 [3]=   0 [4]=   0 [5]=   0 [6]=   0 [7]=   0 [8]=   0 [9]=   0 [10]=   0 [11]=   0 
before (DPU 308) [0]= 126 [1]= 140 [2]= 136 [3]=   0 [4]=   0 [5]=   0 [6]=   0 [7]=   0 [8]=   0 [9]=   0 [10]=   0 [11]=   0 
after  (DPU 308) [0]= 126 [1]= 140 [2]= 136 [3]=   0 [4]=   0 [5]=   0 [6]=   0 [7]=   0 [8]=   0 [9]=   0 [10]=   0 [11]=   0 
before (DPU 309) [0]= 141 [1]= 118 [2]= 116 [3]=   0 [4]=   0 [5]=   0 [6]=   0 [7]=   0 [8]=   0 [9]=   0 [10]=   0 [11]=   0 
after  (DPU 309) [0]= 141 [1]= 118 [2]= 116 [3]=   0 [4]=   0 [5]=   0 [6]=   0 [7]=   0 [8]=   0 [9]=   0 [10]=   0 [11]=   0 
before (DPU 310) [0]= 128 [1]= 143 [2]= 126 [3]=   0 [4]=   0 [5]=   0 [6]=   0 [7]=   0 [8]=   0 [9]=   0 [10]=   0 [11]=   0 
after  (DPU 310) [0]= 128 [1]= 143 [2]= 126 [3]=   0 [4]=   0 [5]=   0 [6]=   0 [7]=   0 [8]=   0 [9]=   0 [10]=   0 [11]=   0 
before (DPU 311) [0]= 105 [1]= 107 [2]= 150 [3]=   0 [4]=   0 [5]=   0 [6]=   0 [7]=   0 [8]=   0 [9]=   0 [10]=   0 [11]=   0 
after  (DPU 311) [0]= 105 [1]= 107 [2]= 150 [3]=   0 [4]=   0 [5]=   0 [6]=   0 [7]=   0 [8]=   0 [9]=   0 [10]=   0 [11]=   0 
before (DPU 312) [0]= 140 [1]= 127 [2]= 139 [3]=   0 [4]=   0 [5]=   0 [6]=   0 [7]=   0 [8]=   0 [9]=   0 [10]=   0 [11]=   0 
after  (DPU 312) [0]= 140 [1]= 127 [2]= 139 [3]=   0 [4]=   0 [5]=   0 [6]=   0 [7]=   0 [8]=   0 [9]=   0 [10]=   0 [11]=   0 
before (DPU 313) [0]= 141 [1]= 119 [2]= 124 [3]=   0 [4]=   0 [5]=   0 [6]=   0 [7]=   0 [8]=   0 [9]=   0 [10]=   0 [11]=   0 
after  (DPU 313) [0]= 141 [1]= 119 [2]= 124 [3]=   0 [4]=   0 [5]=   0 [6]=   0 [7]=   0 [8]=   0 [9]=   0 [10]=   0 [11]=   0 
before (DPU 314) [0]= 135 [1]= 116 [2]= 146 [3]=   0 [4]=   0 [5]=   0 [6]=   0 [7]=   0 [8]=   0 [9]=   0 [10]=   0 [11]=   0 
after  (DPU 314) [0]= 135 [1]= 116 [2]= 146 [3]=   0 [4]=   0 [5]=   0 [6]=   0 [7]=   0 [8]=   0 [9]=   0 [10]=   0 [11]=   0 
before (DPU 315) [0]= 154 [1]= 132 [2]= 132 [3]=   0 [4]=   0 [5]=   0 [6]=   0 [7]=   0 [8]=   0 [9]=   0 [10]=   0 [11]=   0 
after  (DPU 315) [0]= 154 [1]= 132 [2]= 132 [3]=   0 [4]=   0 [5]=   0 [6]=   0 [7]=   0 [8]=   0 [9]=   0 [10]=   0 [11]=   0 
before (DPU 316) [0]= 123 [1]= 122 [2]= 138 [3]=   0 [4]=   0 [5]=   0 [6]=   0 [7]=   0 [8]=   0 [9]=   0 [10]=   0 [11]=   0 
after  (DPU 316) [0]= 123 [1]= 122 [2]= 138 [3]=   0 [4]=   0 [5]=   0 [6]=   0 [7]=   0 [8]=   0 [9]=   0 [10]=   0 [11]=   0 
before (DPU 317) [0]= 117 [1]= 141 [2]= 136 [3]=   0 [4]=   0 [5]=   0 [6]=   0 [7]=   0 [8]=   0 [9]=   0 [10]=   0 [11]=   0 
after  (DPU 317) [0]= 117 [1]= 141 [2]= 136 [3]=   0 [4]=   0 [5]=   0 [6]=   0 [7]=   0 [8]=   0 [9]=   0 [10]=   0 [11]=   0 
before (DPU 318) [0]= 124 [1]= 138 [2]= 123 [3]=   0 [4]=   0 [5]=   0 [6]=   0 [7]=   0 [8]=   0 [9]=   0 [10]=   0 [11]=   0 
after  (DPU 318) [0]= 124 [1]= 138 [2]= 123 [3]=   0 [4]=   0 [5]=   0 [6]=   0 [7]=   0 [8]=   0 [9]=   0 [10]=   0 [11]=   0 
before (DPU 319) [0]= 128 [1]= 119 [2]= 114 [3]=   0 [4]=   0 [5]=   0 [6]=   0 [7]=   0 [8]=   0 [9]=   0 [10]=   0 [11]=   0 
after  (DPU 319) [0]= 128 [1]= 119 [2]= 114 [3]=   0 [4]=   0 [5]=   0 [6]=   0 [7]=   0 [8]=   0 [9]=   0 [10]=   0 [11]=   0 
before (DPU 320) [0]= 134 [1]= 130 [2]= 134 [3]=   0 [4]=   0 [5]=   0 [6]=   0 [7]=   0 [8]=   0 [9]=   0 [10]=   0 [11]=   0 
after  (DPU 320) [0]= 134 [1]= 130 [2]= 134 [3]=   0 [4]=   0 [5]=   0 [6]=   0 [7]=   0 [8]=   0 [9]=   0 [10]=   0 [11]=   0 
before (DPU 321) [0]= 144 [1]= 123 [2]= 116 [3]=   0 [4]=   0 [5]=   0 [6]=   0 [7]=   0 [8]=   0 [9]=   0 [10]=   0 [11]=   0 
after  (DPU 321) [0]= 144 [1]= 123 [2]= 116 [3]=   0 [4]=   0 [5]=   0 [6]=   0 [7]=   0 [8]=   0 [9]=   0 [10]=   0 [11]=   0 
before (DPU 322) [0]= 126 [1]= 148 [2]= 133 [3]=   0 [4]=   0 [5]=   0 [6]=   0 [7]=   0 [8]=   0 [9]=   0 [10]=   0 [11]=   0 
after  (DPU 322) [0]= 126 [1]= 148 [2]= 133 [3]=   0 [4]=   0 [5]=   0 [6]=   0 [7]=   0 [8]=   0 [9]=   0 [10]=   0 [11]=   0 
before (DPU 323) [0]= 124 [1]= 127 [2]= 112 [3]=   0 [4]=   0 [5]=   0 [6]=   0 [7]=   0 [8]=   0 [9]=   0 [10]=   0 [11]=   0 
after  (DPU 323) [0]= 124 [1]= 127 [2]= 112 [3]=   0 [4]=   0 [5]=   0 [6]=   0 [7]=   0 [8]=   0 [9]=   0 [10]=   0 [11]=   0 
before (DPU 324) [0]= 120 [1]= 114 [2]= 116 [3]=   0 [4]=   0 [5]=   0 [6]=   0 [7]=   0 [8]=   0 [9]=   0 [10]=   0 [11]=   0 
after  (DPU 324) [0]= 120 [1]= 114 [2]= 116 [3]=   0 [4]=   0 [5]=   0 [6]=   0 [7]=   0 [8]=   0 [9]=   0 [10]=   0 [11]=   0 
before (DPU 325) [0]= 121 [1]= 123 [2]= 124 [3]=   0 [4]=   0 [5]=   0 [6]=   0 [7]=   0 [8]=   0 [9]=   0 [10]=   0 [11]=   0 
after  (DPU 325) [0]= 121 [1]= 123 [2]= 124 [3]=   0 [4]=   0 [5]=   0 [6]=   0 [7]=   0 [8]=   0 [9]=   0 [10]=   0 [11]=   0 
before (DPU 326) [0]= 141 [1]= 111 [2]= 134 [3]=   0 [4]=   0 [5]=   0 [6]=   0 [7]=   0 [8]=   0 [9]=   0 [10]=   0 [11]=   0 
after  (DPU 326) [0]= 141 [1]= 111 [2]= 134 [3]=   0 [4]=   0 [5]=   0 [6]=   0 [7]=   0 [8]=   0 [9]=   0 [10]=   0 [11]=   0 
before (DPU 327) [0]= 126 [1]= 111 [2]= 123 [3]=   0 [4]=   0 [5]=   0 [6]=   0 [7]=   0 [8]=   0 [9]=   0 [10]=   0 [11]=   0 
after  (DPU 327) [0]= 126 [1]= 111 [2]= 123 [3]=   0 [4]=   0 [5]=   0 [6]=   0 [7]=   0 [8]=   0 [9]=   0 [10]=   0 [11]=   0 
before (DPU 328) [0]= 113 [1]= 124 [2]= 142 [3]=   0 [4]=   0 [5]=   0 [6]=   0 [7]=   0 [8]=   0 [9]=   0 [10]=   0 [11]=   0 
after  (DPU 328) [0]= 113 [1]= 124 [2]= 142 [3]=   0 [4]=   0 [5]=   0 [6]=   0 [7]=   0 [8]=   0 [9]=   0 [10]=   0 [11]=   0 
before (DPU 329) [0]= 122 [1]= 116 [2]= 123 [3]=   0 [4]=   0 [5]=   0 [6]=   0 [7]=   0 [8]=   0 [9]=   0 [10]=   0 [11]=   0 
after  (DPU 329) [0]= 122 [1]= 116 [2]= 123 [3]=   0 [4]=   0 [5]=   0 [6]=   0 [7]=   0 [8]=   0 [9]=   0 [10]=   0 [11]=   0 
before (DPU 330) [0]= 124 [1]= 124 [2]= 128 [3]=   0 [4]=   0 [5]=   0 [6]=   0 [7]=   0 [8]=   0 [9]=   0 [10]=   0 [11]=   0 
after  (DPU 330) [0]= 124 [1]= 124 [2]= 128 [3]=   0 [4]=   0 [5]=   0 [6]=   0 [7]=   0 [8]=   0 [9]=   0 [10]=   0 [11]=   0 
before (DPU 331) [0]= 140 [1]= 130 [2]= 149 [3]=   0 [4]=   0 [5]=   0 [6]=   0 [7]=   0 [8]=   0 [9]=   0 [10]=   0 [11]=   0 
after  (DPU 331) [0]= 140 [1]= 130 [2]= 149 [3]=   0 [4]=   0 [5]=   0 [6]=   0 [7]=   0 [8]=   0 [9]=   0 [10]=   0 [11]=   0 
before (DPU 332) [0]= 116 [1]= 116 [2]= 133 [3]=   0 [4]=   0 [5]=   0 [6]=   0 [7]=   0 [8]=   0 [9]=   0 [10]=   0 [11]=   0 
after  (DPU 332) [0]= 116 [1]= 116 [2]= 133 [3]=   0 [4]=   0 [5]=   0 [6]=   0 [7]=   0 [8]=   0 [9]=   0 [10]=   0 [11]=   0 
before (DPU 333) [0]= 123 [1]= 130 [2]= 120 [3]=   0 [4]=   0 [5]=   0 [6]=   0 [7]=   0 [8]=   0 [9]=   0 [10]=   0 [11]=   0 
after  (DPU 333) [0]= 123 [1]= 130 [2]= 120 [3]=   0 [4]=   0 [5]=   0 [6]=   0 [7]=   0 [8]=   0 [9]=   0 [10]=   0 [11]=   0 
before (DPU 334) [0]= 145 [1]= 128 [2]= 123 [3]=   0 [4]=   0 [5]=   0 [6]=   0 [7]=   0 [8]=   0 [9]=   0 [10]=   0 [11]=   0 
after  (DPU 334) [0]= 145 [1]= 128 [2]= 123 [3]=   0 [4]=   0 [5]=   0 [6]=   0 [7]=   0 [8]=   0 [9]=   0 [10]=   0 [11]=   0 
before (DPU 335) [0]= 127 [1]= 112 [2]= 122 [3]=   0 [4]=   0 [5]=   0 [6]=   0 [7]=   0 [8]=   0 [9]=   0 [10]=   0 [11]=   0 
after  (DPU 335) [0]= 127 [1]= 112 [2]= 122 [3]=   0 [4]=   0 [5]=   0 [6]=   0 [7]=   0 [8]=   0 [9]=   0 [10]=   0 [11]=   0 
before (DPU 336) [0]= 123 [1]= 113 [2]= 111 [3]=   0 [4]=   0 [5]=   0 [6]=   0 [7]=   0 [8]=   0 [9]=   0 [10]=   0 [11]=   0 
after  (DPU 336) [0]= 123 [1]= 113 [2]= 111 [3]=   0 [4]=   0 [5]=   0 [6]=   0 [7]=   0 [8]=   0 [9]=   0 [10]=   0 [11]=   0 
before (DPU 337) [0]= 115 [1]= 106 [2]= 134 [3]=   0 [4]=   0 [5]=   0 [6]=   0 [7]=   0 [8]=   0 [9]=   0 [10]=   0 [11]=   0 
after  (DPU 337) [0]= 115 [1]= 106 [2]= 134 [3]=   0 [4]=   0 [5]=   0 [6]=   0 [7]=   0 [8]=   0 [9]=   0 [10]=   0 [11]=   0 
before (DPU 338) [0]= 136 [1]= 118 [2]= 119 [3]=   0 [4]=   0 [5]=   0 [6]=   0 [7]=   0 [8]=   0 [9]=   0 [10]=   0 [11]=   0 
after  (DPU 338) [0]= 136 [1]= 118 [2]= 119 [3]=   0 [4]=   0 [5]=   0 [6]=   0 [7]=   0 [8]=   0 [9]=   0 [10]=   0 [11]=   0 
before (DPU 339) [0]= 102 [1]= 110 [2]= 128 [3]=   0 [4]=   0 [5]=   0 [6]=   0 [7]=   0 [8]=   0 [9]=   0 [10]=   0 [11]=   0 
after  (DPU 339) [0]= 102 [1]= 110 [2]= 128 [3]=   0 [4]=   0 [5]=   0 [6]=   0 [7]=   0 [8]=   0 [9]=   0 [10]=   0 [11]=   0 
before (DPU 340) [0]= 118 [1]= 129 [2]= 112 [3]=   0 [4]=   0 [5]=   0 [6]=   0 [7]=   0 [8]=   0 [9]=   0 [10]=   0 [11]=   0 
after  (DPU 340) [0]= 118 [1]= 129 [2]= 112 [3]=   0 [4]=   0 [5]=   0 [6]=   0 [7]=   0 [8]=   0 [9]=   0 [10]=   0 [11]=   0 
before (DPU 341) [0]= 126 [1]= 112 [2]= 111 [3]=   0 [4]=   0 [5]=   0 [6]=   0 [7]=   0 [8]=   0 [9]=   0 [10]=   0 [11]=   0 
after  (DPU 341) [0]= 126 [1]= 112 [2]= 111 [3]=   0 [4]=   0 [5]=   0 [6]=   0 [7]=   0 [8]=   0 [9]=   0 [10]=   0 [11]=   0 
before (DPU 342) [0]= 117 [1]= 115 [2]= 126 [3]=   0 [4]=   0 [5]=   0 [6]=   0 [7]=   0 [8]=   0 [9]=   0 [10]=   0 [11]=   0 
after  (DPU 342) [0]= 117 [1]= 115 [2]= 126 [3]=   0 [4]=   0 [5]=   0 [6]=   0 [7]=   0 [8]=   0 [9]=   0 [10]=   0 [11]=   0 
before (DPU 343) [0]= 133 [1]=  99 [2]= 100 [3]=   0 [4]=   0 [5]=   0 [6]=   0 [7]=   0 [8]=   0 [9]=   0 [10]=   0 [11]=   0 
after  (DPU 343) [0]= 133 [1]=  99 [2]= 100 [3]=   0 [4]=   0 [5]=   0 [6]=   0 [7]=   0 [8]=   0 [9]=   0 [10]=   0 [11]=   0 
before (DPU 344) [0]= 111 [1]= 118 [2]= 132 [3]=   0 [4]=   0 [5]=   0 [6]=   0 [7]=   0 [8]=   0 [9]=   0 [10]=   0 [11]=   0 
after  (DPU 344) [0]= 111 [1]= 118 [2]= 132 [3]=   0 [4]=   0 [5]=   0 [6]=   0 [7]=   0 [8]=   0 [9]=   0 [10]=   0 [11]=   0 
before (DPU 345) [0]= 127 [1]= 116 [2]=  96 [3]=   0 [4]=   0 [5]=   0 [6]=   0 [7]=   0 [8]=   0 [9]=   0 [10]=   0 [11]=   0 
after  (DPU 345) [0]= 127 [1]= 116 [2]=  96 [3]=   0 [4]=   0 [5]=   0 [6]=   0 [7]=   0 [8]=   0 [9]=   0 [10]=   0 [11]=   0 
before (DPU 346) [0]= 129 [1]= 119 [2]= 116 [3]=   0 [4]=   0 [5]=   0 [6]=   0 [7]=   0 [8]=   0 [9]=   0 [10]=   0 [11]=   0 
after  (DPU 346) [0]= 129 [1]= 119 [2]= 116 [3]=   0 [4]=   0 [5]=   0 [6]=   0 [7]=   0 [8]=   0 [9]=   0 [10]=   0 [11]=   0 
before (DPU 347) [0]= 138 [1]= 117 [2]= 106 [3]=   0 [4]=   0 [5]=   0 [6]=   0 [7]=   0 [8]=   0 [9]=   0 [10]=   0 [11]=   0 
after  (DPU 347) [0]= 138 [1]= 117 [2]= 106 [3]=   0 [4]=   0 [5]=   0 [6]=   0 [7]=   0 [8]=   0 [9]=   0 [10]=   0 [11]=   0 
before (DPU 348) [0]= 121 [1]= 117 [2]= 131 [3]=   0 [4]=   0 [5]=   0 [6]=   0 [7]=   0 [8]=   0 [9]=   0 [10]=   0 [11]=   0 
after  (DPU 348) [0]= 121 [1]= 117 [2]= 131 [3]=   0 [4]=   0 [5]=   0 [6]=   0 [7]=   0 [8]=   0 [9]=   0 [10]=   0 [11]=   0 
before (DPU 349) [0]= 106 [1]= 103 [2]= 111 [3]=   0 [4]=   0 [5]=   0 [6]=   0 [7]=   0 [8]=   0 [9]=   0 [10]=   0 [11]=   0 
after  (DPU 349) [0]= 106 [1]= 103 [2]= 111 [3]=   0 [4]=   0 [5]=   0 [6]=   0 [7]=   0 [8]=   0 [9]=   0 [10]=   0 [11]=   0 
before (DPU 350) [0]= 115 [1]= 106 [2]= 104 [3]=   0 [4]=   0 [5]=   0 [6]=   0 [7]=   0 [8]=   0 [9]=   0 [10]=   0 [11]=   0 
after  (DPU 350) [0]= 115 [1]= 106 [2]= 104 [3]=   0 [4]=   0 [5]=   0 [6]=   0 [7]=   0 [8]=   0 [9]=   0 [10]=   0 [11]=   0 
before (DPU 351) [0]= 112 [1]= 104 [2]= 126 [3]=   0 [4]=   0 [5]=   0 [6]=   0 [7]=   0 [8]=   0 [9]=   0 [10]=   0 [11]=   0 
after  (DPU 351) [0]= 112 [1]= 104 [2]= 126 [3]=   0 [4]=   0 [5]=   0 [6]=   0 [7]=   0 [8]=   0 [9]=   0 [10]=   0 [11]=   0 
before (DPU 352) [0]= 107 [1]= 104 [2]= 112 [3]=   0 [4]=   0 [5]=   0 [6]=   0 [7]=   0 [8]=   0 [9]=   0 [10]=   0 [11]=   0 
after  (DPU 352) [0]= 107 [1]= 104 [2]= 112 [3]=   0 [4]=   0 [5]=   0 [6]=   0 [7]=   0 [8]=   0 [9]=   0 [10]=   0 [11]=   0 
before (DPU 353) [0]= 118 [1]= 121 [2]= 112 [3]=   0 [4]=   0 [5]=   0 [6]=   0 [7]=   0 [8]=   0 [9]=   0 [10]=   0 [11]=   0 
after  (DPU 353) [0]= 118 [1]= 121 [2]= 112 [3]=   0 [4]=   0 [5]=   0 [6]=   0 [7]=   0 [8]=   0 [9]=   0 [10]=   0 [11]=   0 
before (DPU 354) [0]= 120 [1]= 134 [2]= 108 [3]=   0 [4]=   0 [5]=   0 [6]=   0 [7]=   0 [8]=   0 [9]=   0 [10]=   0 [11]=   0 
after  (DPU 354) [0]= 120 [1]= 134 [2]= 108 [3]=   0 [4]=   0 [5]=   0 [6]=   0 [7]=   0 [8]=   0 [9]=   0 [10]=   0 [11]=   0 
before (DPU 355) [0]= 131 [1]= 138 [2]= 116 [3]=   0 [4]=   0 [5]=   0 [6]=   0 [7]=   0 [8]=   0 [9]=   0 [10]=   0 [11]=   0 
after  (DPU 355) [0]= 131 [1]= 138 [2]= 116 [3]=   0 [4]=   0 [5]=   0 [6]=   0 [7]=   0 [8]=   0 [9]=   0 [10]=   0 [11]=   0 
before (DPU 356) [0]= 120 [1]= 115 [2]= 110 [3]=   0 [4]=   0 [5]=   0 [6]=   0 [7]=   0 [8]=   0 [9]=   0 [10]=   0 [11]=   0 
after  (DPU 356) [0]= 120 [1]= 115 [2]= 110 [3]=   0 [4]=   0 [5]=   0 [6]=   0 [7]=   0 [8]=   0 [9]=   0 [10]=   0 [11]=   0 
before (DPU 357) [0]= 115 [1]= 117 [2]= 106 [3]=   0 [4]=   0 [5]=   0 [6]=   0 [7]=   0 [8]=   0 [9]=   0 [10]=   0 [11]=   0 
after  (DPU 357) [0]= 115 [1]= 117 [2]= 106 [3]=   0 [4]=   0 [5]=   0 [6]=   0 [7]=   0 [8]=   0 [9]=   0 [10]=   0 [11]=   0 
before (DPU 358) [0]= 125 [1]= 113 [2]= 139 [3]=   0 [4]=   0 [5]=   0 [6]=   0 [7]=   0 [8]=   0 [9]=   0 [10]=   0 [11]=   0 
after  (DPU 358) [0]= 125 [1]= 113 [2]= 139 [3]=   0 [4]=   0 [5]=   0 [6]=   0 [7]=   0 [8]=   0 [9]=   0 [10]=   0 [11]=   0 
before (DPU 359) [0]= 114 [1]= 114 [2]= 113 [3]=   0 [4]=   0 [5]=   0 [6]=   0 [7]=   0 [8]=   0 [9]=   0 [10]=   0 [11]=   0 
after  (DPU 359) [0]= 114 [1]= 114 [2]= 113 [3]=   0 [4]=   0 [5]=   0 [6]=   0 [7]=   0 [8]=   0 [9]=   0 [10]=   0 [11]=   0 
before (DPU 360) [0]= 112 [1]= 106 [2]= 118 [3]=   0 [4]=   0 [5]=   0 [6]=   0 [7]=   0 [8]=   0 [9]=   0 [10]=   0 [11]=   0 
after  (DPU 360) [0]= 112 [1]= 106 [2]= 118 [3]=   0 [4]=   0 [5]=   0 [6]=   0 [7]=   0 [8]=   0 [9]=   0 [10]=   0 [11]=   0 
before (DPU 361) [0]= 114 [1]= 126 [2]= 117 [3]=   0 [4]=   0 [5]=   0 [6]=   0 [7]=   0 [8]=   0 [9]=   0 [10]=   0 [11]=   0 
after  (DPU 361) [0]= 114 [1]= 126 [2]= 117 [3]=   0 [4]=   0 [5]=   0 [6]=   0 [7]=   0 [8]=   0 [9]=   0 [10]=   0 [11]=   0 
before (DPU 362) [0]= 130 [1]=  94 [2]= 132 [3]=   0 [4]=   0 [5]=   0 [6]=   0 [7]=   0 [8]=   0 [9]=   0 [10]=   0 [11]=   0 
after  (DPU 362) [0]= 130 [1]=  94 [2]= 132 [3]=   0 [4]=   0 [5]=   0 [6]=   0 [7]=   0 [8]=   0 [9]=   0 [10]=   0 [11]=   0 
before (DPU 363) [0]= 107 [1]= 114 [2]=  90 [3]=   0 [4]=   0 [5]=   0 [6]=   0 [7]=   0 [8]=   0 [9]=   0 [10]=   0 [11]=   0 
after  (DPU 363) [0]= 107 [1]= 114 [2]=  90 [3]=   0 [4]=   0 [5]=   0 [6]=   0 [7]=   0 [8]=   0 [9]=   0 [10]=   0 [11]=   0 
before (DPU 364) [0]= 115 [1]= 107 [2]= 117 [3]=   0 [4]=   0 [5]=   0 [6]=   0 [7]=   0 [8]=   0 [9]=   0 [10]=   0 [11]=   0 
after  (DPU 364) [0]= 115 [1]= 107 [2]= 117 [3]=   0 [4]=   0 [5]=   0 [6]=   0 [7]=   0 [8]=   0 [9]=   0 [10]=   0 [11]=   0 
before (DPU 365) [0]= 106 [1]= 115 [2]= 103 [3]=   0 [4]=   0 [5]=   0 [6]=   0 [7]=   0 [8]=   0 [9]=   0 [10]=   0 [11]=   0 
after  (DPU 365) [0]= 106 [1]= 115 [2]= 103 [3]=   0 [4]=   0 [5]=   0 [6]=   0 [7]=   0 [8]=   0 [9]=   0 [10]=   0 [11]=   0 
before (DPU 366) [0]= 127 [1]= 126 [2]=  93 [3]=   0 [4]=   0 [5]=   0 [6]=   0 [7]=   0 [8]=   0 [9]=   0 [10]=   0 [11]=   0 
after  (DPU 366) [0]= 127 [1]= 126 [2]=  93 [3]=   0 [4]=   0 [5]=   0 [6]=   0 [7]=   0 [8]=   0 [9]=   0 [10]=   0 [11]=   0 
before (DPU 367) [0]= 131 [1]= 104 [2]= 101 [3]=   0 [4]=   0 [5]=   0 [6]=   0 [7]=   0 [8]=   0 [9]=   0 [10]=   0 [11]=   0 
after  (DPU 367) [0]= 131 [1]= 104 [2]= 101 [3]=   0 [4]=   0 [5]=   0 [6]=   0 [7]=   0 [8]=   0 [9]=   0 [10]=   0 [11]=   0 
before (DPU 368) [0]= 117 [1]= 114 [2]= 103 [3]=   0 [4]=   0 [5]=   0 [6]=   0 [7]=   0 [8]=   0 [9]=   0 [10]=   0 [11]=   0 
after  (DPU 368) [0]= 117 [1]= 114 [2]= 103 [3]=   0 [4]=   0 [5]=   0 [6]=   0 [7]=   0 [8]=   0 [9]=   0 [10]=   0 [11]=   0 
before (DPU 369) [0]= 112 [1]= 120 [2]=  97 [3]=   0 [4]=   0 [5]=   0 [6]=   0 [7]=   0 [8]=   0 [9]=   0 [10]=   0 [11]=   0 
after  (DPU 369) [0]= 112 [1]= 120 [2]=  97 [3]=   0 [4]=   0 [5]=   0 [6]=   0 [7]=   0 [8]=   0 [9]=   0 [10]=   0 [11]=   0 
before (DPU 370) [0]= 110 [1]= 101 [2]= 115 [3]=   0 [4]=   0 [5]=   0 [6]=   0 [7]=   0 [8]=   0 [9]=   0 [10]=   0 [11]=   0 
after  (DPU 370) [0]= 110 [1]= 101 [2]= 115 [3]=   0 [4]=   0 [5]=   0 [6]=   0 [7]=   0 [8]=   0 [9]=   0 [10]=   0 [11]=   0 
before (DPU 371) [0]= 103 [1]=  98 [2]= 111 [3]=   0 [4]=   0 [5]=   0 [6]=   0 [7]=   0 [8]=   0 [9]=   0 [10]=   0 [11]=   0 
after  (DPU 371) [0]= 103 [1]=  98 [2]= 111 [3]=   0 [4]=   0 [5]=   0 [6]=   0 [7]=   0 [8]=   0 [9]=   0 [10]=   0 [11]=   0 
before (DPU 372) [0]= 103 [1]= 116 [2]= 128 [3]=   0 [4]=   0 [5]=   0 [6]=   0 [7]=   0 [8]=   0 [9]=   0 [10]=   0 [11]=   0 
after  (DPU 372) [0]= 103 [1]= 116 [2]= 128 [3]=   0 [4]=   0 [5]=   0 [6]=   0 [7]=   0 [8]=   0 [9]=   0 [10]=   0 [11]=   0 
before (DPU 373) [0]= 129 [1]= 112 [2]= 117 [3]=   0 [4]=   0 [5]=   0 [6]=   0 [7]=   0 [8]=   0 [9]=   0 [10]=   0 [11]=   0 
after  (DPU 373) [0]= 129 [1]= 112 [2]= 117 [3]=   0 [4]=   0 [5]=   0 [6]=   0 [7]=   0 [8]=   0 [9]=   0 [10]=   0 [11]=   0 
before (DPU 374) [0]= 130 [1]= 122 [2]= 108 [3]=   0 [4]=   0 [5]=   0 [6]=   0 [7]=   0 [8]=   0 [9]=   0 [10]=   0 [11]=   0 
after  (DPU 374) [0]= 130 [1]= 122 [2]= 108 [3]=   0 [4]=   0 [5]=   0 [6]=   0 [7]=   0 [8]=   0 [9]=   0 [10]=   0 [11]=   0 
before (DPU 375) [0]= 105 [1]= 116 [2]= 115 [3]=   0 [4]=   0 [5]=   0 [6]=   0 [7]=   0 [8]=   0 [9]=   0 [10]=   0 [11]=   0 
after  (DPU 375) [0]= 105 [1]= 116 [2]= 115 [3]=   0 [4]=   0 [5]=   0 [6]=   0 [7]=   0 [8]=   0 [9]=   0 [10]=   0 [11]=   0 
before (DPU 376) [0]= 113 [1]= 110 [2]= 108 [3]=   0 [4]=   0 [5]=   0 [6]=   0 [7]=   0 [8]=   0 [9]=   0 [10]=   0 [11]=   0 
after  (DPU 376) [0]= 113 [1]= 110 [2]= 108 [3]=   0 [4]=   0 [5]=   0 [6]=   0 [7]=   0 [8]=   0 [9]=   0 [10]=   0 [11]=   0 
before (DPU 377) [0]= 110 [1]= 106 [2]= 112 [3]=   0 [4]=   0 [5]=   0 [6]=   0 [7]=   0 [8]=   0 [9]=   0 [10]=   0 [11]=   0 
after  (DPU 377) [0]= 110 [1]= 106 [2]= 112 [3]=   0 [4]=   0 [5]=   0 [6]=   0 [7]=   0 [8]=   0 [9]=   0 [10]=   0 [11]=   0 
before (DPU 378) [0]= 109 [1]= 101 [2]= 107 [3]=   0 [4]=   0 [5]=   0 [6]=   0 [7]=   0 [8]=   0 [9]=   0 [10]=   0 [11]=   0 
after  (DPU 378) [0]= 109 [1]= 101 [2]= 107 [3]=   0 [4]=   0 [5]=   0 [6]=   0 [7]=   0 [8]=   0 [9]=   0 [10]=   0 [11]=   0 
before (DPU 379) [0]= 103 [1]= 116 [2]=  96 [3]=   0 [4]=   0 [5]=   0 [6]=   0 [7]=   0 [8]=   0 [9]=   0 [10]=   0 [11]=   0 
after  (DPU 379) [0]= 103 [1]= 116 [2]=  96 [3]=   0 [4]=   0 [5]=   0 [6]=   0 [7]=   0 [8]=   0 [9]=   0 [10]=   0 [11]=   0 
before (DPU 380) [0]= 104 [1]=  97 [2]= 109 [3]=   0 [4]=   0 [5]=   0 [6]=   0 [7]=   0 [8]=   0 [9]=   0 [10]=   0 [11]=   0 
after  (DPU 380) [0]= 104 [1]=  97 [2]= 109 [3]=   0 [4]=   0 [5]=   0 [6]=   0 [7]=   0 [8]=   0 [9]=   0 [10]=   0 [11]=   0 
before (DPU 381) [0]= 116 [1]= 112 [2]= 104 [3]=   0 [4]=   0 [5]=   0 [6]=   0 [7]=   0 [8]=   0 [9]=   0 [10]=   0 [11]=   0 
after  (DPU 381) [0]= 116 [1]= 112 [2]= 104 [3]=   0 [4]=   0 [5]=   0 [6]=   0 [7]=   0 [8]=   0 [9]=   0 [10]=   0 [11]=   0 
before (DPU 382) [0]=  98 [1]= 108 [2]=  96 [3]=   0 [4]=   0 [5]=   0 [6]=   0 [7]=   0 [8]=   0 [9]=   0 [10]=   0 [11]=   0 
after  (DPU 382) [0]=  98 [1]= 108 [2]=  96 [3]=   0 [4]=   0 [5]=   0 [6]=   0 [7]=   0 [8]=   0 [9]=   0 [10]=   0 [11]=   0 
before (DPU 383) [0]= 110 [1]= 101 [2]= 100 [3]=   0 [4]=   0 [5]=   0 [6]=   0 [7]=   0 [8]=   0 [9]=   0 [10]=   0 [11]=   0 
after  (DPU 383) [0]= 110 [1]= 101 [2]= 100 [3]=   0 [4]=   0 [5]=   0 [6]=   0 [7]=   0 [8]=   0 [9]=   0 [10]=   0 [11]=   0 
before (DPU 384) [0]= 103 [1]= 103 [2]= 106 [3]=   0 [4]=   0 [5]=   0 [6]=   0 [7]=   0 [8]=   0 [9]=   0 [10]=   0 [11]=   0 
after  (DPU 384) [0]= 103 [1]= 103 [2]= 106 [3]=   0 [4]=   0 [5]=   0 [6]=   0 [7]=   0 [8]=   0 [9]=   0 [10]=   0 [11]=   0 
before (DPU 385) [0]=  91 [1]= 105 [2]=  93 [3]=   0 [4]=   0 [5]=   0 [6]=   0 [7]=   0 [8]=   0 [9]=   0 [10]=   0 [11]=   0 
after  (DPU 385) [0]=  91 [1]= 105 [2]=  93 [3]=   0 [4]=   0 [5]=   0 [6]=   0 [7]=   0 [8]=   0 [9]=   0 [10]=   0 [11]=   0 
before (DPU 386) [0]=  88 [1]= 101 [2]=  95 [3]=   0 [4]=   0 [5]=   0 [6]=   0 [7]=   0 [8]=   0 [9]=   0 [10]=   0 [11]=   0 
after  (DPU 386) [0]=  88 [1]= 101 [2]=  95 [3]=   0 [4]=   0 [5]=   0 [6]=   0 [7]=   0 [8]=   0 [9]=   0 [10]=   0 [11]=   0 
before (DPU 387) [0]=  93 [1]=  96 [2]= 116 [3]=   0 [4]=   0 [5]=   0 [6]=   0 [7]=   0 [8]=   0 [9]=   0 [10]=   0 [11]=   0 
after  (DPU 387) [0]=  93 [1]=  96 [2]= 116 [3]=   0 [4]=   0 [5]=   0 [6]=   0 [7]=   0 [8]=   0 [9]=   0 [10]=   0 [11]=   0 
before (DPU 388) [0]= 107 [1]= 109 [2]= 111 [3]=   0 [4]=   0 [5]=   0 [6]=   0 [7]=   0 [8]=   0 [9]=   0 [10]=   0 [11]=   0 
after  (DPU 388) [0]= 107 [1]= 109 [2]= 111 [3]=   0 [4]=   0 [5]=   0 [6]=   0 [7]=   0 [8]=   0 [9]=   0 [10]=   0 [11]=   0 
before (DPU 389) [0]= 105 [1]= 105 [2]= 110 [3]=   0 [4]=   0 [5]=   0 [6]=   0 [7]=   0 [8]=   0 [9]=   0 [10]=   0 [11]=   0 
after  (DPU 389) [0]= 105 [1]= 105 [2]= 110 [3]=   0 [4]=   0 [5]=   0 [6]=   0 [7]=   0 [8]=   0 [9]=   0 [10]=   0 [11]=   0 
before (DPU 390) [0]=  95 [1]=  91 [2]=  97 [3]=   0 [4]=   0 [5]=   0 [6]=   0 [7]=   0 [8]=   0 [9]=   0 [10]=   0 [11]=   0 
after  (DPU 390) [0]=  95 [1]=  91 [2]=  97 [3]=   0 [4]=   0 [5]=   0 [6]=   0 [7]=   0 [8]=   0 [9]=   0 [10]=   0 [11]=   0 
before (DPU 391) [0]=  97 [1]=  98 [2]= 108 [3]=   0 [4]=   0 [5]=   0 [6]=   0 [7]=   0 [8]=   0 [9]=   0 [10]=   0 [11]=   0 
after  (DPU 391) [0]=  97 [1]=  98 [2]= 108 [3]=   0 [4]=   0 [5]=   0 [6]=   0 [7]=   0 [8]=   0 [9]=   0 [10]=   0 [11]=   0 
before (DPU 392) [0]= 114 [1]= 116 [2]= 106 [3]=   0 [4]=   0 [5]=   0 [6]=   0 [7]=   0 [8]=   0 [9]=   0 [10]=   0 [11]=   0 
after  (DPU 392) [0]= 114 [1]= 116 [2]= 106 [3]=   0 [4]=   0 [5]=   0 [6]=   0 [7]=   0 [8]=   0 [9]=   0 [10]=   0 [11]=   0 
before (DPU 393) [0]= 122 [1]= 118 [2]= 114 [3]=   0 [4]=   0 [5]=   0 [6]=   0 [7]=   0 [8]=   0 [9]=   0 [10]=   0 [11]=   0 
after  (DPU 393) [0]= 122 [1]= 118 [2]= 114 [3]=   0 [4]=   0 [5]=   0 [6]=   0 [7]=   0 [8]=   0 [9]=   0 [10]=   0 [11]=   0 
before (DPU 394) [0]= 118 [1]= 104 [2]=  73 [3]=   0 [4]=   0 [5]=   0 [6]=   0 [7]=   0 [8]=   0 [9]=   0 [10]=   0 [11]=   0 
after  (DPU 394) [0]= 118 [1]= 104 [2]=  73 [3]=   0 [4]=   0 [5]=   0 [6]=   0 [7]=   0 [8]=   0 [9]=   0 [10]=   0 [11]=   0 
before (DPU 395) [0]=  94 [1]= 104 [2]=  88 [3]=   0 [4]=   0 [5]=   0 [6]=   0 [7]=   0 [8]=   0 [9]=   0 [10]=   0 [11]=   0 
after  (DPU 395) [0]=  94 [1]= 104 [2]=  88 [3]=   0 [4]=   0 [5]=   0 [6]=   0 [7]=   0 [8]=   0 [9]=   0 [10]=   0 [11]=   0 
before (DPU 396) [0]= 103 [1]= 100 [2]=  92 [3]=   0 [4]=   0 [5]=   0 [6]=   0 [7]=   0 [8]=   0 [9]=   0 [10]=   0 [11]=   0 
after  (DPU 396) [0]= 103 [1]= 100 [2]=  92 [3]=   0 [4]=   0 [5]=   0 [6]=   0 [7]=   0 [8]=   0 [9]=   0 [10]=   0 [11]=   0 
before (DPU 397) [0]=  94 [1]=  85 [2]= 100 [3]=   0 [4]=   0 [5]=   0 [6]=   0 [7]=   0 [8]=   0 [9]=   0 [10]=   0 [11]=   0 
after  (DPU 397) [0]=  94 [1]=  85 [2]= 100 [3]=   0 [4]=   0 [5]=   0 [6]=   0 [7]=   0 [8]=   0 [9]=   0 [10]=   0 [11]=   0 
before (DPU 398) [0]= 113 [1]= 104 [2]=  96 [3]=   0 [4]=   0 [5]=   0 [6]=   0 [7]=   0 [8]=   0 [9]=   0 [10]=   0 [11]=   0 
after  (DPU 398) [0]= 113 [1]= 104 [2]=  96 [3]=   0 [4]=   0 [5]=   0 [6]=   0 [7]=   0 [8]=   0 [9]=   0 [10]=   0 [11]=   0 
before (DPU 399) [0]= 101 [1]= 109 [2]= 121 [3]=   0 [4]=   0 [5]=   0 [6]=   0 [7]=   0 [8]=   0 [9]=   0 [10]=   0 [11]=   0 
after  (DPU 399) [0]= 101 [1]= 109 [2]= 121 [3]=   0 [4]=   0 [5]=   0 [6]=   0 [7]=   0 [8]=   0 [9]=   0 [10]=   0 [11]=   0 
before (DPU 400) [0]=  91 [1]=  90 [2]=  86 [3]=   0 [4]=   0 [5]=   0 [6]=   0 [7]=   0 [8]=   0 [9]=   0 [10]=   0 [11]=   0 
after  (DPU 400) [0]=  91 [1]=  90 [2]=  86 [3]=   0 [4]=   0 [5]=   0 [6]=   0 [7]=   0 [8]=   0 [9]=   0 [10]=   0 [11]=   0 
before (DPU 401) [0]= 101 [1]=  89 [2]= 101 [3]=   0 [4]=   0 [5]=   0 [6]=   0 [7]=   0 [8]=   0 [9]=   0 [10]=   0 [11]=   0 
after  (DPU 401) [0]= 101 [1]=  89 [2]= 101 [3]=   0 [4]=   0 [5]=   0 [6]=   0 [7]=   0 [8]=   0 [9]=   0 [10]=   0 [11]=   0 
before (DPU 402) [0]=  98 [1]=  94 [2]= 120 [3]=   0 [4]=   0 [5]=   0 [6]=   0 [7]=   0 [8]=   0 [9]=   0 [10]=   0 [11]=   0 
after  (DPU 402) [0]=  98 [1]=  94 [2]= 120 [3]=   0 [4]=   0 [5]=   0 [6]=   0 [7]=   0 [8]=   0 [9]=   0 [10]=   0 [11]=   0 
before (DPU 403) [0]= 108 [1]=  96 [2]= 110 [3]=   0 [4]=   0 [5]=   0 [6]=   0 [7]=   0 [8]=   0 [9]=   0 [10]=   0 [11]=   0 
after  (DPU 403) [0]= 108 [1]=  96 [2]= 110 [3]=   0 [4]=   0 [5]=   0 [6]=   0 [7]=   0 [8]=   0 [9]=   0 [10]=   0 [11]=   0 
before (DPU 404) [0]=  93 [1]= 102 [2]= 112 [3]=   0 [4]=   0 [5]=   0 [6]=   0 [7]=   0 [8]=   0 [9]=   0 [10]=   0 [11]=   0 
after  (DPU 404) [0]=  93 [1]= 102 [2]= 112 [3]=   0 [4]=   0 [5]=   0 [6]=   0 [7]=   0 [8]=   0 [9]=   0 [10]=   0 [11]=   0 
before (DPU 405) [0]= 102 [1]=  78 [2]=  92 [3]=   0 [4]=   0 [5]=   0 [6]=   0 [7]=   0 [8]=   0 [9]=   0 [10]=   0 [11]=   0 
after  (DPU 405) [0]= 102 [1]=  78 [2]=  92 [3]=   0 [4]=   0 [5]=   0 [6]=   0 [7]=   0 [8]=   0 [9]=   0 [10]=   0 [11]=   0 
before (DPU 406) [0]= 113 [1]= 115 [2]=  91 [3]=   0 [4]=   0 [5]=   0 [6]=   0 [7]=   0 [8]=   0 [9]=   0 [10]=   0 [11]=   0 
after  (DPU 406) [0]= 113 [1]= 115 [2]=  91 [3]=   0 [4]=   0 [5]=   0 [6]=   0 [7]=   0 [8]=   0 [9]=   0 [10]=   0 [11]=   0 
before (DPU 407) [0]= 108 [1]= 109 [2]=  93 [3]=   0 [4]=   0 [5]=   0 [6]=   0 [7]=   0 [8]=   0 [9]=   0 [10]=   0 [11]=   0 
after  (DPU 407) [0]= 108 [1]= 109 [2]=  93 [3]=   0 [4]=   0 [5]=   0 [6]=   0 [7]=   0 [8]=   0 [9]=   0 [10]=   0 [11]=   0 
before (DPU 408) [0]= 112 [1]= 109 [2]= 105 [3]=   0 [4]=   0 [5]=   0 [6]=   0 [7]=   0 [8]=   0 [9]=   0 [10]=   0 [11]=   0 
after  (DPU 408) [0]= 112 [1]= 109 [2]= 105 [3]=   0 [4]=   0 [5]=   0 [6]=   0 [7]=   0 [8]=   0 [9]=   0 [10]=   0 [11]=   0 
before (DPU 409) [0]= 115 [1]= 114 [2]= 103 [3]=   0 [4]=   0 [5]=   0 [6]=   0 [7]=   0 [8]=   0 [9]=   0 [10]=   0 [11]=   0 
after  (DPU 409) [0]= 115 [1]= 114 [2]= 103 [3]=   0 [4]=   0 [5]=   0 [6]=   0 [7]=   0 [8]=   0 [9]=   0 [10]=   0 [11]=   0 
before (DPU 410) [0]= 109 [1]=  95 [2]= 104 [3]=   0 [4]=   0 [5]=   0 [6]=   0 [7]=   0 [8]=   0 [9]=   0 [10]=   0 [11]=   0 
after  (DPU 410) [0]= 109 [1]=  95 [2]= 104 [3]=   0 [4]=   0 [5]=   0 [6]=   0 [7]=   0 [8]=   0 [9]=   0 [10]=   0 [11]=   0 
before (DPU 411) [0]= 100 [1]= 102 [2]=  84 [3]=   0 [4]=   0 [5]=   0 [6]=   0 [7]=   0 [8]=   0 [9]=   0 [10]=   0 [11]=   0 
after  (DPU 411) [0]= 100 [1]= 102 [2]=  84 [3]=   0 [4]=   0 [5]=   0 [6]=   0 [7]=   0 [8]=   0 [9]=   0 [10]=   0 [11]=   0 
before (DPU 412) [0]= 102 [1]=  93 [2]= 101 [3]=   0 [4]=   0 [5]=   0 [6]=   0 [7]=   0 [8]=   0 [9]=   0 [10]=   0 [11]=   0 
after  (DPU 412) [0]= 102 [1]=  93 [2]= 101 [3]=   0 [4]=   0 [5]=   0 [6]=   0 [7]=   0 [8]=   0 [9]=   0 [10]=   0 [11]=   0 
before (DPU 413) [0]=  95 [1]= 123 [2]= 106 [3]=   0 [4]=   0 [5]=   0 [6]=   0 [7]=   0 [8]=   0 [9]=   0 [10]=   0 [11]=   0 
after  (DPU 413) [0]=  95 [1]= 123 [2]= 106 [3]=   0 [4]=   0 [5]=   0 [6]=   0 [7]=   0 [8]=   0 [9]=   0 [10]=   0 [11]=   0 
before (DPU 414) [0]=  84 [1]=  85 [2]=  94 [3]=   0 [4]=   0 [5]=   0 [6]=   0 [7]=   0 [8]=   0 [9]=   0 [10]=   0 [11]=   0 
after  (DPU 414) [0]=  84 [1]=  85 [2]=  94 [3]=   0 [4]=   0 [5]=   0 [6]=   0 [7]=   0 [8]=   0 [9]=   0 [10]=   0 [11]=   0 
before (DPU 415) [0]=  95 [1]= 113 [2]=  99 [3]=   0 [4]=   0 [5]=   0 [6]=   0 [7]=   0 [8]=   0 [9]=   0 [10]=   0 [11]=   0 
after  (DPU 415) [0]=  95 [1]= 113 [2]=  99 [3]=   0 [4]=   0 [5]=   0 [6]=   0 [7]=   0 [8]=   0 [9]=   0 [10]=   0 [11]=   0 
before (DPU 416) [0]= 106 [1]=  93 [2]=  91 [3]=   0 [4]=   0 [5]=   0 [6]=   0 [7]=   0 [8]=   0 [9]=   0 [10]=   0 [11]=   0 
after  (DPU 416) [0]= 106 [1]=  93 [2]=  91 [3]=   0 [4]=   0 [5]=   0 [6]=   0 [7]=   0 [8]=   0 [9]=   0 [10]=   0 [11]=   0 
before (DPU 417) [0]= 113 [1]= 103 [2]= 114 [3]=   0 [4]=   0 [5]=   0 [6]=   0 [7]=   0 [8]=   0 [9]=   0 [10]=   0 [11]=   0 
after  (DPU 417) [0]= 113 [1]= 103 [2]= 114 [3]=   0 [4]=   0 [5]=   0 [6]=   0 [7]=   0 [8]=   0 [9]=   0 [10]=   0 [11]=   0 
before (DPU 418) [0]= 104 [1]= 109 [2]=  92 [3]=   0 [4]=   0 [5]=   0 [6]=   0 [7]=   0 [8]=   0 [9]=   0 [10]=   0 [11]=   0 
after  (DPU 418) [0]= 104 [1]= 109 [2]=  92 [3]=   0 [4]=   0 [5]=   0 [6]=   0 [7]=   0 [8]=   0 [9]=   0 [10]=   0 [11]=   0 
before (DPU 419) [0]= 103 [1]=  88 [2]= 112 [3]=   0 [4]=   0 [5]=   0 [6]=   0 [7]=   0 [8]=   0 [9]=   0 [10]=   0 [11]=   0 
after  (DPU 419) [0]= 103 [1]=  88 [2]= 112 [3]=   0 [4]=   0 [5]=   0 [6]=   0 [7]=   0 [8]=   0 [9]=   0 [10]=   0 [11]=   0 
before (DPU 420) [0]=  98 [1]=  89 [2]=  98 [3]=   0 [4]=   0 [5]=   0 [6]=   0 [7]=   0 [8]=   0 [9]=   0 [10]=   0 [11]=   0 
after  (DPU 420) [0]=  98 [1]=  89 [2]=  98 [3]=   0 [4]=   0 [5]=   0 [6]=   0 [7]=   0 [8]=   0 [9]=   0 [10]=   0 [11]=   0 
before (DPU 421) [0]=  98 [1]=  97 [2]=  96 [3]=   0 [4]=   0 [5]=   0 [6]=   0 [7]=   0 [8]=   0 [9]=   0 [10]=   0 [11]=   0 
after  (DPU 421) [0]=  98 [1]=  97 [2]=  96 [3]=   0 [4]=   0 [5]=   0 [6]=   0 [7]=   0 [8]=   0 [9]=   0 [10]=   0 [11]=   0 
before (DPU 422) [0]=  89 [1]=  89 [2]=  89 [3]=   0 [4]=   0 [5]=   0 [6]=   0 [7]=   0 [8]=   0 [9]=   0 [10]=   0 [11]=   0 
after  (DPU 422) [0]=  89 [1]=  89 [2]=  89 [3]=   0 [4]=   0 [5]=   0 [6]=   0 [7]=   0 [8]=   0 [9]=   0 [10]=   0 [11]=   0 
before (DPU 423) [0]=  88 [1]=  90 [2]=  87 [3]=   0 [4]=   0 [5]=   0 [6]=   0 [7]=   0 [8]=   0 [9]=   0 [10]=   0 [11]=   0 
after  (DPU 423) [0]=  88 [1]=  90 [2]=  87 [3]=   0 [4]=   0 [5]=   0 [6]=   0 [7]=   0 [8]=   0 [9]=   0 [10]=   0 [11]=   0 
before (DPU 424) [0]=  90 [1]= 104 [2]=  86 [3]=   0 [4]=   0 [5]=   0 [6]=   0 [7]=   0 [8]=   0 [9]=   0 [10]=   0 [11]=   0 
after  (DPU 424) [0]=  90 [1]= 104 [2]=  86 [3]=   0 [4]=   0 [5]=   0 [6]=   0 [7]=   0 [8]=   0 [9]=   0 [10]=   0 [11]=   0 
before (DPU 425) [0]= 103 [1]=  79 [2]= 100 [3]=   0 [4]=   0 [5]=   0 [6]=   0 [7]=   0 [8]=   0 [9]=   0 [10]=   0 [11]=   0 
after  (DPU 425) [0]= 103 [1]=  79 [2]= 100 [3]=   0 [4]=   0 [5]=   0 [6]=   0 [7]=   0 [8]=   0 [9]=   0 [10]=   0 [11]=   0 
before (DPU 426) [0]=  98 [1]= 112 [2]=  97 [3]=   0 [4]=   0 [5]=   0 [6]=   0 [7]=   0 [8]=   0 [9]=   0 [10]=   0 [11]=   0 
after  (DPU 426) [0]=  98 [1]= 112 [2]=  97 [3]=   0 [4]=   0 [5]=   0 [6]=   0 [7]=   0 [8]=   0 [9]=   0 [10]=   0 [11]=   0 
before (DPU 427) [0]= 105 [1]= 103 [2]=  98 [3]=   0 [4]=   0 [5]=   0 [6]=   0 [7]=   0 [8]=   0 [9]=   0 [10]=   0 [11]=   0 
after  (DPU 427) [0]= 105 [1]= 103 [2]=  98 [3]=   0 [4]=   0 [5]=   0 [6]=   0 [7]=   0 [8]=   0 [9]=   0 [10]=   0 [11]=   0 
before (DPU 428) [0]=  87 [1]= 101 [2]=  77 [3]=   0 [4]=   0 [5]=   0 [6]=   0 [7]=   0 [8]=   0 [9]=   0 [10]=   0 [11]=   0 
after  (DPU 428) [0]=  87 [1]= 101 [2]=  77 [3]=   0 [4]=   0 [5]=   0 [6]=   0 [7]=   0 [8]=   0 [9]=   0 [10]=   0 [11]=   0 
before (DPU 429) [0]=  80 [1]= 102 [2]=  89 [3]=   0 [4]=   0 [5]=   0 [6]=   0 [7]=   0 [8]=   0 [9]=   0 [10]=   0 [11]=   0 
after  (DPU 429) [0]=  80 [1]= 102 [2]=  89 [3]=   0 [4]=   0 [5]=   0 [6]=   0 [7]=   0 [8]=   0 [9]=   0 [10]=   0 [11]=   0 
before (DPU 430) [0]= 101 [1]=  98 [2]=  92 [3]=   0 [4]=   0 [5]=   0 [6]=   0 [7]=   0 [8]=   0 [9]=   0 [10]=   0 [11]=   0 
after  (DPU 430) [0]= 101 [1]=  98 [2]=  92 [3]=   0 [4]=   0 [5]=   0 [6]=   0 [7]=   0 [8]=   0 [9]=   0 [10]=   0 [11]=   0 
before (DPU 431) [0]=  94 [1]=  96 [2]=  84 [3]=   0 [4]=   0 [5]=   0 [6]=   0 [7]=   0 [8]=   0 [9]=   0 [10]=   0 [11]=   0 
after  (DPU 431) [0]=  94 [1]=  96 [2]=  84 [3]=   0 [4]=   0 [5]=   0 [6]=   0 [7]=   0 [8]=   0 [9]=   0 [10]=   0 [11]=   0 
before (DPU 432) [0]=  95 [1]=  75 [2]=  95 [3]=   0 [4]=   0 [5]=   0 [6]=   0 [7]=   0 [8]=   0 [9]=   0 [10]=   0 [11]=   0 
after  (DPU 432) [0]=  95 [1]=  75 [2]=  95 [3]=   0 [4]=   0 [5]=   0 [6]=   0 [7]=   0 [8]=   0 [9]=   0 [10]=   0 [11]=   0 
before (DPU 433) [0]=  89 [1]=  93 [2]=  68 [3]=   0 [4]=   0 [5]=   0 [6]=   0 [7]=   0 [8]=   0 [9]=   0 [10]=   0 [11]=   0 
after  (DPU 433) [0]=  89 [1]=  93 [2]=  68 [3]=   0 [4]=   0 [5]=   0 [6]=   0 [7]=   0 [8]=   0 [9]=   0 [10]=   0 [11]=   0 
before (DPU 434) [0]=  85 [1]= 102 [2]= 108 [3]=   0 [4]=   0 [5]=   0 [6]=   0 [7]=   0 [8]=   0 [9]=   0 [10]=   0 [11]=   0 
after  (DPU 434) [0]=  85 [1]= 102 [2]= 108 [3]=   0 [4]=   0 [5]=   0 [6]=   0 [7]=   0 [8]=   0 [9]=   0 [10]=   0 [11]=   0 
before (DPU 435) [0]=  91 [1]= 100 [2]= 109 [3]=   0 [4]=   0 [5]=   0 [6]=   0 [7]=   0 [8]=   0 [9]=   0 [10]=   0 [11]=   0 
after  (DPU 435) [0]=  91 [1]= 100 [2]= 109 [3]=   0 [4]=   0 [5]=   0 [6]=   0 [7]=   0 [8]=   0 [9]=   0 [10]=   0 [11]=   0 
before (DPU 436) [0]=  75 [1]=  90 [2]=  96 [3]=   0 [4]=   0 [5]=   0 [6]=   0 [7]=   0 [8]=   0 [9]=   0 [10]=   0 [11]=   0 
after  (DPU 436) [0]=  75 [1]=  90 [2]=  96 [3]=   0 [4]=   0 [5]=   0 [6]=   0 [7]=   0 [8]=   0 [9]=   0 [10]=   0 [11]=   0 
before (DPU 437) [0]= 101 [1]=  99 [2]=  95 [3]=   0 [4]=   0 [5]=   0 [6]=   0 [7]=   0 [8]=   0 [9]=   0 [10]=   0 [11]=   0 
after  (DPU 437) [0]= 101 [1]=  99 [2]=  95 [3]=   0 [4]=   0 [5]=   0 [6]=   0 [7]=   0 [8]=   0 [9]=   0 [10]=   0 [11]=   0 
before (DPU 438) [0]=  91 [1]= 100 [2]=  90 [3]=   0 [4]=   0 [5]=   0 [6]=   0 [7]=   0 [8]=   0 [9]=   0 [10]=   0 [11]=   0 
after  (DPU 438) [0]=  91 [1]= 100 [2]=  90 [3]=   0 [4]=   0 [5]=   0 [6]=   0 [7]=   0 [8]=   0 [9]=   0 [10]=   0 [11]=   0 
before (DPU 439) [0]=  89 [1]=  97 [2]=  96 [3]=  84 [4]=   0 [5]=   0 [6]=   0 [7]=   0 [8]=   0 [9]=   0 [10]=   0 [11]=   0 
after  (DPU 439) [0]=  89 [1]=  97 [2]=  96 [3]=  84 [4]=   0 [5]=   0 [6]=   0 [7]=   0 [8]=   0 [9]=   0 [10]=   0 [11]=   0 
before (DPU 440) [0]=  70 [1]=  85 [2]=  94 [3]=   0 [4]=   0 [5]=   0 [6]=   0 [7]=   0 [8]=   0 [9]=   0 [10]=   0 [11]=   0 
after  (DPU 440) [0]=  70 [1]=  85 [2]=  94 [3]=   0 [4]=   0 [5]=   0 [6]=   0 [7]=   0 [8]=   0 [9]=   0 [10]=   0 [11]=   0 
before (DPU 441) [0]= 115 [1]=  93 [2]=  78 [3]=   0 [4]=   0 [5]=   0 [6]=   0 [7]=   0 [8]=   0 [9]=   0 [10]=   0 [11]=   0 
after  (DPU 441) [0]= 115 [1]=  93 [2]=  78 [3]=   0 [4]=   0 [5]=   0 [6]=   0 [7]=   0 [8]=   0 [9]=   0 [10]=   0 [11]=   0 
before (DPU 442) [0]=  76 [1]=  99 [2]= 101 [3]=   0 [4]=   0 [5]=   0 [6]=   0 [7]=   0 [8]=   0 [9]=   0 [10]=   0 [11]=   0 
after  (DPU 442) [0]=  76 [1]=  99 [2]= 101 [3]=   0 [4]=   0 [5]=   0 [6]=   0 [7]=   0 [8]=   0 [9]=   0 [10]=   0 [11]=   0 
before (DPU 443) [0]= 100 [1]=  93 [2]=  94 [3]=   0 [4]=   0 [5]=   0 [6]=   0 [7]=   0 [8]=   0 [9]=   0 [10]=   0 [11]=   0 
after  (DPU 443) [0]= 100 [1]=  93 [2]=  94 [3]=   0 [4]=   0 [5]=   0 [6]=   0 [7]=   0 [8]=   0 [9]=   0 [10]=   0 [11]=   0 
before (DPU 444) [0]=  97 [1]= 109 [2]=  94 [3]=   0 [4]=   0 [5]=   0 [6]=   0 [7]=   0 [8]=   0 [9]=   0 [10]=   0 [11]=   0 
after  (DPU 444) [0]=  97 [1]= 109 [2]=  94 [3]=   0 [4]=   0 [5]=   0 [6]=   0 [7]=   0 [8]=   0 [9]=   0 [10]=   0 [11]=   0 
before (DPU 445) [0]=  82 [1]=  63 [2]=  81 [3]=3496 [4]=   0 [5]=   0 [6]=   0 [7]=   0 [8]=   0 [9]=   0 [10]=   0 [11]=   0 
after  (DPU 445) [0]=  82 [1]=  63 [2]=  81 [3]=3496 [4]=   0 [5]=   0 [6]=   0 [7]=   0 [8]=   0 [9]=   0 [10]=   0 [11]=   0 
before (DPU 446) [0]=   0 [1]=   0 [2]=   0 [3]=139359 [4]=   0 [5]=   0 [6]=   0 [7]=   0 [8]=   0 [9]=   0 [10]=   0 [11]=   0 
after  (DPU 446) [0]=   0 [1]=   0 [2]=   0 [3]=139359 [4]=   0 [5]=   0 [6]=   0 [7]=   0 [8]=   0 [9]=   0 [10]=   0 [11]=   0 
before (DPU 447) [0]= 100 [1]=  90 [2]=  93 [3]=   0 [4]=   0 [5]=   0 [6]=   0 [7]=   0 [8]=   0 [9]=   0 [10]=   0 [11]=   0 
after  (DPU 447) [0]= 100 [1]=  90 [2]=  93 [3]=   0 [4]=   0 [5]=   0 [6]=   0 [7]=   0 [8]=   0 [9]=   0 [10]=   0 [11]=   0 
before (DPU 448) [0]=  81 [1]=  91 [2]=  98 [3]=   0 [4]=   0 [5]=   0 [6]=   0 [7]=   0 [8]=   0 [9]=   0 [10]=   0 [11]=   0 
after  (DPU 448) [0]=  81 [1]=  91 [2]=  98 [3]=   0 [4]=   0 [5]=   0 [6]=   0 [7]=   0 [8]=   0 [9]=   0 [10]=   0 [11]=   0 
before (DPU 449) [0]=   0 [1]=   0 [2]=   0 [3]=21188 [4]=   0 [5]=   0 [6]=   0 [7]=   0 [8]=   0 [9]=   0 [10]=   0 [11]=   0 
after  (DPU 449) [0]=   0 [1]=   0 [2]=   0 [3]=21188 [4]=   0 [5]=   0 [6]=   0 [7]=   0 [8]=   0 [9]=   0 [10]=   0 [11]=   0 
before (DPU 450) [0]=  85 [1]=  90 [2]=  92 [3]=   0 [4]=   0 [5]=   0 [6]=   0 [7]=   0 [8]=   0 [9]=   0 [10]=   0 [11]=   0 
after  (DPU 450) [0]=  85 [1]=  90 [2]=  92 [3]=   0 [4]=   0 [5]=   0 [6]=   0 [7]=   0 [8]=   0 [9]=   0 [10]=   0 [11]=   0 
before (DPU 451) [0]=  74 [1]= 107 [2]=  96 [3]=   0 [4]=   0 [5]=   0 [6]=   0 [7]=   0 [8]=   0 [9]=   0 [10]=   0 [11]=   0 
after  (DPU 451) [0]=  74 [1]= 107 [2]=  96 [3]=   0 [4]=   0 [5]=   0 [6]=   0 [7]=   0 [8]=   0 [9]=   0 [10]=   0 [11]=   0 
before (DPU 452) [0]= 101 [1]=  80 [2]=  93 [3]=   0 [4]=   0 [5]=   0 [6]=   0 [7]=   0 [8]=   0 [9]=   0 [10]=   0 [11]=   0 
after  (DPU 452) [0]= 101 [1]=  80 [2]=  93 [3]=   0 [4]=   0 [5]=   0 [6]=   0 [7]=   0 [8]=   0 [9]=   0 [10]=   0 [11]=   0 
before (DPU 453) [0]=  90 [1]=  86 [2]=  92 [3]=6801 [4]=   0 [5]=   0 [6]=   0 [7]=   0 [8]=   0 [9]=   0 [10]=   0 [11]=   0 
after  (DPU 453) [0]=  90 [1]=  86 [2]=  92 [3]=6801 [4]=   0 [5]=   0 [6]=   0 [7]=   0 [8]=   0 [9]=   0 [10]=   0 [11]=   0 
before (DPU 454) [0]=  99 [1]=  92 [2]=  70 [3]=  83 [4]=   0 [5]=   0 [6]=   0 [7]=   0 [8]=   0 [9]=   0 [10]=   0 [11]=   0 
after  (DPU 454) [0]=  99 [1]=  92 [2]=  70 [3]=  83 [4]=   0 [5]=   0 [6]=   0 [7]=   0 [8]=   0 [9]=   0 [10]=   0 [11]=   0 
before (DPU 455) [0]=  84 [1]= 102 [2]=  79 [3]=5658 [4]=   0 [5]=   0 [6]=   0 [7]=   0 [8]=   0 [9]=   0 [10]=   0 [11]=   0 
after  (DPU 455) [0]=  84 [1]= 102 [2]=  79 [3]=5658 [4]=   0 [5]=   0 [6]=   0 [7]=   0 [8]=   0 [9]=   0 [10]=   0 [11]=   0 
before (DPU 456) [0]=  86 [1]=  84 [2]=  77 [3]=   0 [4]=   0 [5]=   0 [6]=   0 [7]=   0 [8]=   0 [9]=   0 [10]=   0 [11]=   0 
after  (DPU 456) [0]=  86 [1]=  84 [2]=  77 [3]=3260 [4]=   0 [5]=   0 [6]=   0 [7]=   0 [8]=   0 [9]=   0 [10]=   0 [11]=   0 
before (DPU 457) [0]=  95 [1]=  89 [2]=  78 [3]=6349 [4]=   0 [5]=   0 [6]=   0 [7]=   0 [8]=   0 [9]=   0 [10]=   0 [11]=   0 
after  (DPU 457) [0]=  95 [1]=  89 [2]=  78 [3]=6349 [4]=   0 [5]=   0 [6]=   0 [7]=   0 [8]=   0 [9]=   0 [10]=   0 [11]=   0 
before (DPU 458) [0]=  81 [1]=  93 [2]=  99 [3]=  90 [4]=   0 [5]=   0 [6]=   0 [7]=   0 [8]=   0 [9]=   0 [10]=   0 [11]=   0 
after  (DPU 458) [0]=  81 [1]=  93 [2]=  99 [3]=  90 [4]=   0 [5]=   0 [6]=   0 [7]=   0 [8]=   0 [9]=   0 [10]=   0 [11]=   0 
before (DPU 459) [0]=   0 [1]=  81 [2]=   0 [3]=12255 [4]=   0 [5]=   0 [6]=   0 [7]=   0 [8]=   0 [9]=   0 [10]=   0 [11]=   0 
after  (DPU 459) [0]=   0 [1]=   0 [2]=   0 [3]=12255 [4]=   0 [5]=   0 [6]=   0 [7]=   0 [8]=   0 [9]=   0 [10]=   0 [11]=   0 
before (DPU 460) [0]=  82 [1]=  86 [2]=  90 [3]=  84 [4]=   0 [5]=   0 [6]=   0 [7]=   0 [8]=   0 [9]=   0 [10]=   0 [11]=   0 
after  (DPU 460) [0]=  82 [1]=  86 [2]=  90 [3]=  84 [4]=   0 [5]=   0 [6]=   0 [7]=   0 [8]=   0 [9]=   0 [10]=   0 [11]=   0 
before (DPU 461) [0]=  97 [1]=  97 [2]=  73 [3]=  89 [4]=   0 [5]=   0 [6]=   0 [7]=   0 [8]=   0 [9]=   0 [10]=   0 [11]=   0 
after  (DPU 461) [0]=  97 [1]=  97 [2]=  73 [3]=  89 [4]=   0 [5]=   0 [6]=   0 [7]=   0 [8]=   0 [9]=   0 [10]=   0 [11]=   0 
before (DPU 462) [0]=  87 [1]=  69 [2]=  75 [3]=4900 [4]=   0 [5]=   0 [6]=   0 [7]=   0 [8]=   0 [9]=   0 [10]=   0 [11]=   0 
after  (DPU 462) [0]=  87 [1]=  69 [2]=  75 [3]=4900 [4]=   0 [5]=   0 [6]=   0 [7]=   0 [8]=   0 [9]=   0 [10]=   0 [11]=   0 
before (DPU 463) [0]=  81 [1]=  80 [2]=  81 [3]=  91 [4]=   0 [5]=   0 [6]=   0 [7]=   0 [8]=   0 [9]=   0 [10]=   0 [11]=   0 
after  (DPU 463) [0]=  81 [1]=  80 [2]=  81 [3]=  91 [4]=   0 [5]=   0 [6]=   0 [7]=   0 [8]=   0 [9]=   0 [10]=   0 [11]=   0 
before (DPU 464) [0]=  91 [1]= 102 [2]= 122 [3]=5562 [4]=   0 [5]=   0 [6]=   0 [7]=   0 [8]=   0 [9]=   0 [10]=   0 [11]=   0 
after  (DPU 464) [0]=  91 [1]= 102 [2]= 122 [3]=5562 [4]=   0 [5]=   0 [6]=   0 [7]=   0 [8]=   0 [9]=   0 [10]=   0 [11]=   0 
before (DPU 465) [0]= 101 [1]=  91 [2]=  84 [3]=   0 [4]=   0 [5]=   0 [6]=   0 [7]=   0 [8]=   0 [9]=   0 [10]=   0 [11]=   0 
after  (DPU 465) [0]= 101 [1]=  91 [2]=  84 [3]=   0 [4]=   0 [5]=   0 [6]=   0 [7]=   0 [8]=   0 [9]=   0 [10]=   0 [11]=   0 
before (DPU 466) [0]=  91 [1]=  97 [2]=  94 [3]=  82 [4]=   0 [5]=   0 [6]=   0 [7]=   0 [8]=   0 [9]=   0 [10]=   0 [11]=   0 
after  (DPU 466) [0]=  91 [1]=  97 [2]=  94 [3]=  82 [4]=   0 [5]=   0 [6]=   0 [7]=   0 [8]=   0 [9]=   0 [10]=   0 [11]=   0 
before (DPU 467) [0]=  82 [1]=  99 [2]=  89 [3]=   0 [4]=   0 [5]=   0 [6]=   0 [7]=   0 [8]=   0 [9]=   0 [10]=   0 [11]=   0 
after  (DPU 467) [0]=  82 [1]=  99 [2]=  89 [3]=   0 [4]=   0 [5]=   0 [6]=   0 [7]=   0 [8]=   0 [9]=   0 [10]=   0 [11]=   0 
before (DPU 468) [0]=  80 [1]=  86 [2]=  82 [3]=   0 [4]=   0 [5]=   0 [6]=   0 [7]=   0 [8]=   0 [9]=   0 [10]=   0 [11]=   0 
after  (DPU 468) [0]=  80 [1]=  86 [2]=  82 [3]=   0 [4]=   0 [5]=   0 [6]=   0 [7]=   0 [8]=   0 [9]=   0 [10]=   0 [11]=   0 
before (DPU 469) [0]=  87 [1]=  77 [2]=  92 [3]=  71 [4]=   0 [5]=   0 [6]=   0 [7]=   0 [8]=   0 [9]=   0 [10]=   0 [11]=   0 
after  (DPU 469) [0]=  87 [1]=  77 [2]=  92 [3]=  71 [4]=   0 [5]=   0 [6]=   0 [7]=   0 [8]=   0 [9]=   0 [10]=   0 [11]=   0 
before (DPU 470) [0]=   0 [1]=   0 [2]=   0 [3]=17856 [4]=   0 [5]=   0 [6]=   0 [7]=   0 [8]=   0 [9]=   0 [10]=   0 [11]=   0 
after  (DPU 470) [0]=   0 [1]=   0 [2]=   0 [3]=17856 [4]=   0 [5]=   0 [6]=   0 [7]=   0 [8]=   0 [9]=   0 [10]=   0 [11]=   0 
before (DPU 471) [0]= 100 [1]=  74 [2]=  80 [3]=4198 [4]=   0 [5]=   0 [6]=   0 [7]=   0 [8]=   0 [9]=   0 [10]=   0 [11]=   0 
after  (DPU 471) [0]= 100 [1]=  74 [2]=  80 [3]=4198 [4]=   0 [5]=   0 [6]=   0 [7]=   0 [8]=   0 [9]=   0 [10]=   0 [11]=   0 
before (DPU 472) [0]=  75 [1]=  82 [2]=  74 [3]=   0 [4]=   0 [5]=   0 [6]=   0 [7]=   0 [8]=   0 [9]=   0 [10]=   0 [11]=   0 
after  (DPU 472) [0]=  75 [1]=  82 [2]=  74 [3]=5053 [4]=   0 [5]=   0 [6]=   0 [7]=   0 [8]=   0 [9]=   0 [10]=   0 [11]=   0 
before (DPU 473) [0]=  81 [1]= 101 [2]=  85 [3]=   0 [4]=   0 [5]=   0 [6]=   0 [7]=   0 [8]=   0 [9]=   0 [10]=   0 [11]=   0 
after  (DPU 473) [0]=  81 [1]= 101 [2]=  85 [3]=   0 [4]=   0 [5]=   0 [6]=   0 [7]=   0 [8]=   0 [9]=   0 [10]=   0 [11]=   0 
before (DPU 474) [0]=  96 [1]=  94 [2]=  70 [3]=   0 [4]=   0 [5]=   0 [6]=   0 [7]=   0 [8]=   0 [9]=   0 [10]=   0 [11]=   0 
after  (DPU 474) [0]=  96 [1]=  94 [2]=  70 [3]=   0 [4]=   0 [5]=   0 [6]=   0 [7]=   0 [8]=   0 [9]=   0 [10]=   0 [11]=   0 
before (DPU 475) [0]= 100 [1]=  87 [2]=  95 [3]=7961 [4]=   0 [5]=   0 [6]=   0 [7]=   0 [8]=   0 [9]=   0 [10]=   0 [11]=   0 
after  (DPU 475) [0]= 100 [1]=  87 [2]=  95 [3]=7961 [4]=   0 [5]=   0 [6]=   0 [7]=   0 [8]=   0 [9]=   0 [10]=   0 [11]=   0 
before (DPU 476) [0]=  89 [1]=  88 [2]=  90 [3]=  86 [4]=   0 [5]=   0 [6]=   0 [7]=   0 [8]=   0 [9]=   0 [10]=   0 [11]=   0 
after  (DPU 476) [0]=  89 [1]=  88 [2]=  90 [3]=  86 [4]=   0 [5]=   0 [6]=   0 [7]=   0 [8]=   0 [9]=   0 [10]=   0 [11]=   0 
before (DPU 477) [0]=  91 [1]=  73 [2]=  77 [3]=3910 [4]=   0 [5]=   0 [6]=   0 [7]=   0 [8]=   0 [9]=   0 [10]=   0 [11]=   0 
after  (DPU 477) [0]=  91 [1]=  73 [2]=  77 [3]=3910 [4]=   0 [5]=   0 [6]=   0 [7]=   0 [8]=   0 [9]=   0 [10]=   0 [11]=   0 
before (DPU 478) [0]=  84 [1]=  76 [2]=  94 [3]=  73 [4]=   0 [5]=   0 [6]=   0 [7]=   0 [8]=   0 [9]=   0 [10]=   0 [11]=   0 
after  (DPU 478) [0]=  84 [1]=  76 [2]=  94 [3]=  73 [4]=   0 [5]=   0 [6]=   0 [7]=   0 [8]=   0 [9]=   0 [10]=   0 [11]=   0 
before (DPU 479) [0]=  67 [1]=  88 [2]=  72 [3]=   0 [4]=   0 [5]=   0 [6]=   0 [7]=   0 [8]=   0 [9]=   0 [10]=   0 [11]=   0 
after  (DPU 479) [0]=  67 [1]=  88 [2]=  72 [3]=  81 [4]=   0 [5]=   0 [6]=   0 [7]=   0 [8]=   0 [9]=   0 [10]=   0 [11]=   0 
before (DPU 480) [0]=  89 [1]=  77 [2]=  87 [3]=   0 [4]=   0 [5]=   0 [6]=   0 [7]=   0 [8]=   0 [9]=   0 [10]=   0 [11]=   0 
after  (DPU 480) [0]=  89 [1]=  77 [2]=  87 [3]=   0 [4]=   0 [5]=   0 [6]=   0 [7]=   0 [8]=   0 [9]=   0 [10]=   0 [11]=   0 
before (DPU 481) [0]=   0 [1]=   0 [2]=   0 [3]=33123 [4]=   0 [5]=   0 [6]=   0 [7]=   0 [8]=   0 [9]=   0 [10]=   0 [11]=   0 
after  (DPU 481) [0]=   0 [1]=   0 [2]=   0 [3]=33123 [4]=   0 [5]=   0 [6]=   0 [7]=   0 [8]=   0 [9]=   0 [10]=   0 [11]=   0 
before (DPU 482) [0]=  74 [1]=  84 [2]=  86 [3]=   0 [4]=   0 [5]=   0 [6]=   0 [7]=   0 [8]=   0 [9]=   0 [10]=   0 [11]=   0 
after  (DPU 482) [0]=  74 [1]=  84 [2]=  86 [3]=  95 [4]=   0 [5]=   0 [6]=   0 [7]=   0 [8]=   0 [9]=   0 [10]=   0 [11]=   0 
before (DPU 483) [0]=  91 [1]=  78 [2]=  80 [3]=  93 [4]=   0 [5]=   0 [6]=   0 [7]=   0 [8]=   0 [9]=   0 [10]=   0 [11]=   0 
after  (DPU 483) [0]=  91 [1]=  78 [2]=  80 [3]=  93 [4]=   0 [5]=   0 [6]=   0 [7]=   0 [8]=   0 [9]=   0 [10]=   0 [11]=   0 
before (DPU 484) [0]=  86 [1]=  85 [2]=  68 [3]=   0 [4]=   0 [5]=   0 [6]=   0 [7]=   0 [8]=   0 [9]=   0 [10]=   0 [11]=   0 
after  (DPU 484) [0]=  86 [1]=  85 [2]=  68 [3]=  81 [4]=   0 [5]=   0 [6]=   0 [7]=   0 [8]=   0 [9]=   0 [10]=   0 [11]=   0 
before (DPU 485) [0]=  70 [1]=  81 [2]=  90 [3]=  91 [4]=   0 [5]=   0 [6]=   0 [7]=   0 [8]=   0 [9]=   0 [10]=   0 [11]=   0 
after  (DPU 485) [0]=  70 [1]=  81 [2]=  90 [3]=  91 [4]=   0 [5]=   0 [6]=   0 [7]=   0 [8]=   0 [9]=   0 [10]=   0 [11]=   0 
before (DPU 486) [0]=  78 [1]=  90 [2]=  81 [3]=  94 [4]=   0 [5]=   0 [6]=   0 [7]=   0 [8]=   0 [9]=   0 [10]=   0 [11]=   0 
after  (DPU 486) [0]=  78 [1]=  90 [2]=  81 [3]=  94 [4]=   0 [5]=   0 [6]=   0 [7]=   0 [8]=   0 [9]=   0 [10]=   0 [11]=   0 
before (DPU 487) [0]=  90 [1]=  74 [2]=  95 [3]=  81 [4]=   0 [5]=   0 [6]=   0 [7]=   0 [8]=   0 [9]=   0 [10]=   0 [11]=   0 
after  (DPU 487) [0]=  90 [1]=  74 [2]=  95 [3]=  81 [4]=   0 [5]=   0 [6]=   0 [7]=   0 [8]=   0 [9]=   0 [10]=   0 [11]=   0 
before (DPU 488) [0]=  82 [1]=  93 [2]=  84 [3]=  71 [4]=   0 [5]=   0 [6]=   0 [7]=   0 [8]=   0 [9]=   0 [10]=   0 [11]=   0 
after  (DPU 488) [0]=  82 [1]=  93 [2]=  84 [3]=  71 [4]=   0 [5]=   0 [6]=   0 [7]=   0 [8]=   0 [9]=   0 [10]=   0 [11]=   0 
before (DPU 489) [0]=  74 [1]=  77 [2]=  90 [3]=  96 [4]=   0 [5]=   0 [6]=   0 [7]=   0 [8]=   0 [9]=   0 [10]=   0 [11]=   0 
after  (DPU 489) [0]=  74 [1]=  77 [2]=  90 [3]=  96 [4]=   0 [5]=   0 [6]=   0 [7]=   0 [8]=   0 [9]=   0 [10]=   0 [11]=   0 
before (DPU 490) [0]=  94 [1]=  70 [2]=  89 [3]=  93 [4]=   0 [5]=   0 [6]=   0 [7]=   0 [8]=   0 [9]=   0 [10]=   0 [11]=   0 
after  (DPU 490) [0]=  94 [1]=  70 [2]=  89 [3]=  93 [4]=   0 [5]=   0 [6]=   0 [7]=   0 [8]=   0 [9]=   0 [10]=   0 [11]=   0 
before (DPU 491) [0]=  80 [1]=   0 [2]=  81 [3]=10053 [4]=   0 [5]=   0 [6]=   0 [7]=   0 [8]=   0 [9]=   0 [10]=   0 [11]=   0 
after  (DPU 491) [0]=  80 [1]=   0 [2]=   0 [3]=10053 [4]=   0 [5]=   0 [6]=   0 [7]=   0 [8]=   0 [9]=   0 [10]=   0 [11]=   0 
before (DPU 492) [0]=  89 [1]=  84 [2]=  77 [3]=  77 [4]=   0 [5]=   0 [6]=   0 [7]=   0 [8]=   0 [9]=   0 [10]=   0 [11]=   0 
after  (DPU 492) [0]=  89 [1]=  84 [2]=  77 [3]=  77 [4]=   0 [5]=   0 [6]=   0 [7]=   0 [8]=   0 [9]=   0 [10]=   0 [11]=   0 
before (DPU 493) [0]=  84 [1]=  91 [2]=  95 [3]=7604 [4]=   0 [5]=   0 [6]=   0 [7]=   0 [8]=   0 [9]=   0 [10]=   0 [11]=   0 
after  (DPU 493) [0]=  84 [1]=  91 [2]=  95 [3]=7604 [4]=   0 [5]=   0 [6]=   0 [7]=   0 [8]=   0 [9]=   0 [10]=   0 [11]=   0 
before (DPU 494) [0]=  89 [1]=  75 [2]=  95 [3]=  88 [4]=   0 [5]=   0 [6]=   0 [7]=   0 [8]=   0 [9]=   0 [10]=   0 [11]=   0 
after  (DPU 494) [0]=  89 [1]=  75 [2]=  95 [3]=  88 [4]=   0 [5]=   0 [6]=   0 [7]=   0 [8]=   0 [9]=   0 [10]=   0 [11]=   0 
before (DPU 495) [0]=  90 [1]=  84 [2]=  95 [3]=9291 [4]=   0 [5]=   0 [6]=   0 [7]=   0 [8]=   0 [9]=   0 [10]=   0 [11]=   0 
after  (DPU 495) [0]=  90 [1]=  84 [2]=   0 [3]=9291 [4]=   0 [5]=   0 [6]=   0 [7]=   0 [8]=   0 [9]=   0 [10]=   0 [11]=   0 
before (DPU 496) [0]=   0 [1]=   0 [2]=   0 [3]=13632 [4]=   0 [5]=   0 [6]=   0 [7]=   0 [8]=   0 [9]=   0 [10]=   0 [11]=   0 
after  (DPU 496) [0]=   0 [1]=   0 [2]=   0 [3]=13632 [4]=   0 [5]=   0 [6]=   0 [7]=   0 [8]=   0 [9]=   0 [10]=   0 [11]=   0 
before (DPU 497) [0]=  84 [1]=  86 [2]=  97 [3]=  88 [4]=   0 [5]=   0 [6]=   0 [7]=   0 [8]=   0 [9]=   0 [10]=   0 [11]=   0 
after  (DPU 497) [0]=  84 [1]=  86 [2]=  97 [3]=  88 [4]=   0 [5]=   0 [6]=   0 [7]=   0 [8]=   0 [9]=   0 [10]=   0 [11]=   0 
before (DPU 498) [0]=  76 [1]=  76 [2]=  86 [3]=  93 [4]=   0 [5]=   0 [6]=   0 [7]=   0 [8]=   0 [9]=   0 [10]=   0 [11]=   0 
after  (DPU 498) [0]=  76 [1]=  76 [2]=  86 [3]=  93 [4]=   0 [5]=   0 [6]=   0 [7]=   0 [8]=   0 [9]=   0 [10]=   0 [11]=   0 
before (DPU 499) [0]=   0 [1]=   0 [2]=   0 [3]=48344 [4]=   0 [5]=   0 [6]=   0 [7]=   0 [8]=   0 [9]=   0 [10]=   0 [11]=   0 
after  (DPU 499) [0]=   0 [1]=   0 [2]=   0 [3]=48344 [4]=   0 [5]=   0 [6]=   0 [7]=   0 [8]=   0 [9]=   0 [10]=   0 [11]=   0 
key_index after (DPU 0) [0]=   0 [1]=71797 [2]=71797 [3]=71797 [4]=71797 [5]=71797 [6]=71797 [7]=71797 [8]=71797 [9]=71797 [10]=71797 [11]=71797 [12]=71797 
key_index after (DPU 1) [0]=   0 [1]=26083 [2]=26083 [3]=26083 [4]=26083 [5]=26083 [6]=26083 [7]=26083 [8]=26083 [9]=26083 [10]=26083 [11]=26083 [12]=26083 
key_index after (DPU 2) [0]=   0 [1]=15742 [2]=15742 [3]=15742 [4]=15742 [5]=15742 [6]=15742 [7]=15742 [8]=15742 [9]=15742 [10]=15742 [11]=15742 [12]=15742 
key_index after (DPU 3) [0]=   0 [1]=11242 [2]=11242 [3]=11242 [4]=11242 [5]=11242 [6]=11242 [7]=11242 [8]=11242 [9]=11242 [10]=11242 [11]=11242 [12]=11242 
key_index after (DPU 4) [0]=   0 [1]=8789 [2]=8789 [3]=8789 [4]=8789 [5]=8789 [6]=8789 [7]=8789 [8]=8789 [9]=8789 [10]=8789 [11]=8789 [12]=8789 
key_index after (DPU 5) [0]=   0 [1]=7278 [2]=7278 [3]=7278 [4]=7278 [5]=7278 [6]=7278 [7]=7278 [8]=7278 [9]=7278 [10]=7278 [11]=7278 [12]=7278 
key_index after (DPU 6) [0]=   0 [1]=6025 [2]=6025 [3]=6025 [4]=6025 [5]=6025 [6]=6025 [7]=6025 [8]=6025 [9]=6025 [10]=6025 [11]=6025 [12]=6025 
key_index after (DPU 7) [0]=   0 [1]=5281 [2]=5281 [3]=5281 [4]=5281 [5]=5281 [6]=5281 [7]=5281 [8]=5281 [9]=5281 [10]=5281 [11]=5281 [12]=5281 
key_index after (DPU 8) [0]=   0 [1]=4696 [2]=9155 [3]=9155 [4]=9155 [5]=9155 [6]=9155 [7]=9155 [8]=9155 [9]=9155 [10]=9155 [11]=9155 [12]=9155 
key_index after (DPU 9) [0]=   0 [1]=4089 [2]=8128 [3]=8128 [4]=8128 [5]=8128 [6]=8128 [7]=8128 [8]=8128 [9]=8128 [10]=8128 [11]=8128 [12]=8128 
key_index after (DPU 10) [0]=   0 [1]=3714 [2]=7370 [3]=7370 [4]=7370 [5]=7370 [6]=7370 [7]=7370 [8]=7370 [9]=7370 [10]=7370 [11]=7370 [12]=7370 
key_index after (DPU 11) [0]=   0 [1]=3420 [2]=6805 [3]=6805 [4]=6805 [5]=6805 [6]=6805 [7]=6805 [8]=6805 [9]=6805 [10]=6805 [11]=6805 [12]=6805 
key_index after (DPU 12) [0]=3248 [1]=3248 [2]=6235 [3]=6235 [4]=6235 [5]=6235 [6]=6235 [7]=6235 [8]=6235 [9]=6235 [10]=6235 [11]=6235 [12]=6235 
key_index after (DPU 13) [0]=2968 [1]=5910 [2]=8825 [3]=8825 [4]=8825 [5]=8825 [6]=8825 [7]=8825 [8]=8825 [9]=8825 [10]=8825 [11]=8825 [12]=8825 
key_index after (DPU 14) [0]=2758 [1]=5472 [2]=8208 [3]=8208 [4]=8208 [5]=8208 [6]=8208 [7]=8208 [8]=8208 [9]=8208 [10]=8208 [11]=8208 [12]=8208 
key_index after (DPU 15) [0]=2616 [1]=5192 [2]=7707 [3]=7707 [4]=7707 [5]=7707 [6]=7707 [7]=7707 [8]=7707 [9]=7707 [10]=7707 [11]=7707 [12]=7707 
key_index after (DPU 16) [0]=2427 [1]=4843 [2]=7090 [3]=7090 [4]=7090 [5]=7090 [6]=7090 [7]=7090 [8]=7090 [9]=7090 [10]=7090 [11]=7090 [12]=7090 
key_index after (DPU 17) [0]=2402 [1]=4675 [2]=6937 [3]=6937 [4]=6937 [5]=6937 [6]=6937 [7]=6937 [8]=6937 [9]=6937 [10]=6937 [11]=6937 [12]=6937 
key_index after (DPU 18) [0]=2212 [1]=4310 [2]=6414 [3]=6414 [4]=6414 [5]=6414 [6]=6414 [7]=6414 [8]=6414 [9]=6414 [10]=6414 [11]=6414 [12]=6414 
key_index after (DPU 19) [0]=2041 [1]=4122 [2]=6089 [3]=6089 [4]=6089 [5]=6089 [6]=6089 [7]=6089 [8]=6089 [9]=6089 [10]=6089 [11]=6089 [12]=6089 
key_index after (DPU 20) [0]=1989 [1]=3918 [2]=5838 [3]=5838 [4]=5838 [5]=5838 [6]=5838 [7]=5838 [8]=5838 [9]=5838 [10]=5838 [11]=5838 [12]=5838 
key_index after (DPU 21) [0]=1891 [1]=3689 [2]=5496 [3]=5496 [4]=5496 [5]=5496 [6]=5496 [7]=5496 [8]=5496 [9]=5496 [10]=5496 [11]=5496 [12]=5496 
key_index after (DPU 22) [0]=1758 [1]=3472 [2]=5137 [3]=5137 [4]=5137 [5]=5137 [6]=5137 [7]=5137 [8]=5137 [9]=5137 [10]=5137 [11]=5137 [12]=5137 
key_index after (DPU 23) [0]=1666 [1]=3397 [2]=5004 [3]=5004 [4]=5004 [5]=5004 [6]=5004 [7]=5004 [8]=5004 [9]=5004 [10]=5004 [11]=5004 [12]=5004 
key_index after (DPU 24) [0]=1694 [1]=3335 [2]=4971 [3]=4971 [4]=4971 [5]=4971 [6]=4971 [7]=4971 [8]=4971 [9]=4971 [10]=4971 [11]=4971 [12]=4971 
key_index after (DPU 25) [0]=1638 [1]=3233 [2]=4737 [3]=4737 [4]=4737 [5]=4737 [6]=4737 [7]=4737 [8]=4737 [9]=4737 [10]=4737 [11]=4737 [12]=4737 
key_index after (DPU 26) [0]=1498 [1]=3003 [2]=4562 [3]=4562 [4]=4562 [5]=4562 [6]=4562 [7]=4562 [8]=4562 [9]=4562 [10]=4562 [11]=4562 [12]=4562 
key_index after (DPU 27) [0]=1441 [1]=2864 [2]=4253 [3]=4253 [4]=4253 [5]=4253 [6]=4253 [7]=4253 [8]=4253 [9]=4253 [10]=4253 [11]=4253 [12]=4253 
key_index after (DPU 28) [0]=1424 [1]=2888 [2]=4264 [3]=4264 [4]=4264 [5]=4264 [6]=4264 [7]=4264 [8]=4264 [9]=4264 [10]=4264 [11]=4264 [12]=4264 
key_index after (DPU 29) [0]=1418 [1]=2779 [2]=4128 [3]=4128 [4]=4128 [5]=4128 [6]=4128 [7]=4128 [8]=4128 [9]=4128 [10]=4128 [11]=4128 [12]=4128 
key_index after (DPU 30) [0]=1319 [1]=2604 [2]=3862 [3]=3862 [4]=3862 [5]=3862 [6]=3862 [7]=3862 [8]=3862 [9]=3862 [10]=3862 [11]=3862 [12]=3862 
key_index after (DPU 31) [0]=1223 [1]=2520 [2]=3803 [3]=3803 [4]=3803 [5]=3803 [6]=3803 [7]=3803 [8]=3803 [9]=3803 [10]=3803 [11]=3803 [12]=3803 
key_index after (DPU 32) [0]=1277 [1]=2478 [2]=3701 [3]=3701 [4]=3701 [5]=3701 [6]=3701 [7]=3701 [8]=3701 [9]=3701 [10]=3701 [11]=3701 [12]=3701 
key_index after (DPU 33) [0]=1169 [1]=2325 [2]=3531 [3]=3531 [4]=3531 [5]=3531 [6]=3531 [7]=3531 [8]=3531 [9]=3531 [10]=3531 [11]=3531 [12]=3531 
key_index after (DPU 34) [0]=1181 [1]=2343 [2]=3464 [3]=3464 [4]=3464 [5]=3464 [6]=3464 [7]=3464 [8]=3464 [9]=3464 [10]=3464 [11]=3464 [12]=3464 
key_index after (DPU 35) [0]=1156 [1]=2278 [2]=3403 [3]=3403 [4]=3403 [5]=3403 [6]=3403 [7]=3403 [8]=3403 [9]=3403 [10]=3403 [11]=3403 [12]=3403 
key_index after (DPU 36) [0]=1050 [1]=2176 [2]=3250 [3]=3250 [4]=3250 [5]=3250 [6]=3250 [7]=3250 [8]=3250 [9]=3250 [10]=3250 [11]=3250 [12]=3250 
key_index after (DPU 37) [0]=1118 [1]=2155 [2]=3201 [3]=3201 [4]=3201 [5]=3201 [6]=3201 [7]=3201 [8]=3201 [9]=3201 [10]=3201 [11]=3201 [12]=3201 
key_index after (DPU 38) [0]=1016 [1]=2042 [2]=3073 [3]=3073 [4]=3073 [5]=3073 [6]=3073 [7]=3073 [8]=3073 [9]=3073 [10]=3073 [11]=3073 [12]=3073 
key_index after (DPU 39) [0]=1058 [1]=2100 [2]=3101 [3]=3101 [4]=3101 [5]=3101 [6]=3101 [7]=3101 [8]=3101 [9]=3101 [10]=3101 [11]=3101 [12]=3101 
key_index after (DPU 40) [0]=1037 [1]=2044 [2]=2983 [3]=2983 [4]=2983 [5]=2983 [6]=2983 [7]=2983 [8]=2983 [9]=2983 [10]=2983 [11]=2983 [12]=2983 
key_index after (DPU 41) [0]=1033 [1]=1984 [2]=2879 [3]=2879 [4]=2879 [5]=2879 [6]=2879 [7]=2879 [8]=2879 [9]=2879 [10]=2879 [11]=2879 [12]=2879 
key_index after (DPU 42) [0]= 943 [1]=1865 [2]=2788 [3]=2788 [4]=2788 [5]=2788 [6]=2788 [7]=2788 [8]=2788 [9]=2788 [10]=2788 [11]=2788 [12]=2788 
key_index after (DPU 43) [0]= 960 [1]=1867 [2]=2725 [3]=2725 [4]=2725 [5]=2725 [6]=2725 [7]=2725 [8]=2725 [9]=2725 [10]=2725 [11]=2725 [12]=2725 
key_index after (DPU 44) [0]= 939 [1]=1799 [2]=2643 [3]=2643 [4]=2643 [5]=2643 [6]=2643 [7]=2643 [8]=2643 [9]=2643 [10]=2643 [11]=2643 [12]=2643 
key_index after (DPU 45) [0]= 927 [1]=1793 [2]=2725 [3]=2725 [4]=2725 [5]=2725 [6]=2725 [7]=2725 [8]=2725 [9]=2725 [10]=2725 [11]=2725 [12]=2725 
key_index after (DPU 46) [0]= 849 [1]=1736 [2]=2603 [3]=2603 [4]=2603 [5]=2603 [6]=2603 [7]=2603 [8]=2603 [9]=2603 [10]=2603 [11]=2603 [12]=2603 
key_index after (DPU 47) [0]= 835 [1]=1652 [2]=2520 [3]=2520 [4]=2520 [5]=2520 [6]=2520 [7]=2520 [8]=2520 [9]=2520 [10]=2520 [11]=2520 [12]=2520 
key_index after (DPU 48) [0]= 831 [1]=1704 [2]=2532 [3]=2532 [4]=2532 [5]=2532 [6]=2532 [7]=2532 [8]=2532 [9]=2532 [10]=2532 [11]=2532 [12]=2532 
key_index after (DPU 49) [0]= 790 [1]=1571 [2]=2362 [3]=2362 [4]=2362 [5]=2362 [6]=2362 [7]=2362 [8]=2362 [9]=2362 [10]=2362 [11]=2362 [12]=2362 
key_index after (DPU 50) [0]= 797 [1]=1552 [2]=2302 [3]=2302 [4]=2302 [5]=2302 [6]=2302 [7]=2302 [8]=2302 [9]=2302 [10]=2302 [11]=2302 [12]=2302 
key_index after (DPU 51) [0]= 783 [1]=1577 [2]=2323 [3]=2323 [4]=2323 [5]=2323 [6]=2323 [7]=2323 [8]=2323 [9]=2323 [10]=2323 [11]=2323 [12]=2323 
key_index after (DPU 52) [0]= 799 [1]=1552 [2]=2303 [3]=2303 [4]=2303 [5]=2303 [6]=2303 [7]=2303 [8]=2303 [9]=2303 [10]=2303 [11]=2303 [12]=2303 
key_index after (DPU 53) [0]= 743 [1]=1477 [2]=2258 [3]=2258 [4]=2258 [5]=2258 [6]=2258 [7]=2258 [8]=2258 [9]=2258 [10]=2258 [11]=2258 [12]=2258 
key_index after (DPU 54) [0]= 759 [1]=1493 [2]=2216 [3]=2216 [4]=2216 [5]=2216 [6]=2216 [7]=2216 [8]=2216 [9]=2216 [10]=2216 [11]=2216 [12]=2216 
key_index after (DPU 55) [0]= 741 [1]=1476 [2]=2246 [3]=2246 [4]=2246 [5]=2246 [6]=2246 [7]=2246 [8]=2246 [9]=2246 [10]=2246 [11]=2246 [12]=2246 
key_index after (DPU 56) [0]= 699 [1]=1447 [2]=2167 [3]=2167 [4]=2167 [5]=2167 [6]=2167 [7]=2167 [8]=2167 [9]=2167 [10]=2167 [11]=2167 [12]=2167 
key_index after (DPU 57) [0]= 764 [1]=1457 [2]=2131 [3]=2131 [4]=2131 [5]=2131 [6]=2131 [7]=2131 [8]=2131 [9]=2131 [10]=2131 [11]=2131 [12]=2131 
key_index after (DPU 58) [0]= 649 [1]=1357 [2]=2051 [3]=2051 [4]=2051 [5]=2051 [6]=2051 [7]=2051 [8]=2051 [9]=2051 [10]=2051 [11]=2051 [12]=2051 
key_index after (DPU 59) [0]= 691 [1]=1377 [2]=2025 [3]=2025 [4]=2025 [5]=2025 [6]=2025 [7]=2025 [8]=2025 [9]=2025 [10]=2025 [11]=2025 [12]=2025 
key_index after (DPU 60) [0]= 680 [1]=1261 [2]=1916 [3]=1916 [4]=1916 [5]=1916 [6]=1916 [7]=1916 [8]=1916 [9]=1916 [10]=1916 [11]=1916 [12]=1916 
key_index after (DPU 61) [0]= 660 [1]=1284 [2]=1927 [3]=1927 [4]=1927 [5]=1927 [6]=1927 [7]=1927 [8]=1927 [9]=1927 [10]=1927 [11]=1927 [12]=1927 
key_index after (DPU 62) [0]= 647 [1]=1303 [2]=1977 [3]=1977 [4]=1977 [5]=1977 [6]=1977 [7]=1977 [8]=1977 [9]=1977 [10]=1977 [11]=1977 [12]=1977 
key_index after (DPU 63) [0]= 612 [1]=1254 [2]=1945 [3]=1945 [4]=1945 [5]=1945 [6]=1945 [7]=1945 [8]=1945 [9]=1945 [10]=1945 [11]=1945 [12]=1945 
key_index after (DPU 64) [0]= 658 [1]=1361 [2]=1973 [3]=1973 [4]=1973 [5]=1973 [6]=1973 [7]=1973 [8]=1973 [9]=1973 [10]=1973 [11]=1973 [12]=1973 
key_index after (DPU 65) [0]= 638 [1]=1293 [2]=1876 [3]=1876 [4]=1876 [5]=1876 [6]=1876 [7]=1876 [8]=1876 [9]=1876 [10]=1876 [11]=1876 [12]=1876 
key_index after (DPU 66) [0]= 649 [1]=1271 [2]=1854 [3]=1854 [4]=1854 [5]=1854 [6]=1854 [7]=1854 [8]=1854 [9]=1854 [10]=1854 [11]=1854 [12]=1854 
key_index after (DPU 67) [0]= 637 [1]=1222 [2]=1779 [3]=1779 [4]=1779 [5]=1779 [6]=1779 [7]=1779 [8]=1779 [9]=1779 [10]=1779 [11]=1779 [12]=1779 
key_index after (DPU 68) [0]= 624 [1]=1177 [2]=1761 [3]=1761 [4]=1761 [5]=1761 [6]=1761 [7]=1761 [8]=1761 [9]=1761 [10]=1761 [11]=1761 [12]=1761 
key_index after (DPU 69) [0]= 560 [1]=1098 [2]=1707 [3]=1707 [4]=1707 [5]=1707 [6]=1707 [7]=1707 [8]=1707 [9]=1707 [10]=1707 [11]=1707 [12]=1707 
key_index after (DPU 70) [0]= 599 [1]=1158 [2]=1712 [3]=1712 [4]=1712 [5]=1712 [6]=1712 [7]=1712 [8]=1712 [9]=1712 [10]=1712 [11]=1712 [12]=1712 
key_index after (DPU 71) [0]= 548 [1]=1104 [2]=1647 [3]=1647 [4]=1647 [5]=1647 [6]=1647 [7]=1647 [8]=1647 [9]=1647 [10]=1647 [11]=1647 [12]=1647 
key_index after (DPU 72) [0]= 545 [1]=1053 [2]=1603 [3]=1603 [4]=1603 [5]=1603 [6]=1603 [7]=1603 [8]=1603 [9]=1603 [10]=1603 [11]=1603 [12]=1603 
key_index after (DPU 73) [0]= 569 [1]=1112 [2]=1673 [3]=1673 [4]=1673 [5]=1673 [6]=1673 [7]=1673 [8]=1673 [9]=1673 [10]=1673 [11]=1673 [12]=1673 
key_index after (DPU 74) [0]= 552 [1]=1115 [2]=1658 [3]=1658 [4]=1658 [5]=1658 [6]=1658 [7]=1658 [8]=1658 [9]=1658 [10]=1658 [11]=1658 [12]=1658 
key_index after (DPU 75) [0]= 521 [1]=1044 [2]=1548 [3]=1548 [4]=1548 [5]=1548 [6]=1548 [7]=1548 [8]=1548 [9]=1548 [10]=1548 [11]=1548 [12]=1548 
key_index after (DPU 76) [0]= 534 [1]=1056 [2]=1595 [3]=1595 [4]=1595 [5]=1595 [6]=1595 [7]=1595 [8]=1595 [9]=1595 [10]=1595 [11]=1595 [12]=1595 
key_index after (DPU 77) [0]= 529 [1]=1003 [2]=1538 [3]=1538 [4]=1538 [5]=1538 [6]=1538 [7]=1538 [8]=1538 [9]=1538 [10]=1538 [11]=1538 [12]=1538 
key_index after (DPU 78) [0]= 531 [1]=1028 [2]=1534 [3]=1534 [4]=1534 [5]=1534 [6]=1534 [7]=1534 [8]=1534 [9]=1534 [10]=1534 [11]=1534 [12]=1534 
key_index after (DPU 79) [0]= 506 [1]=1006 [2]=1484 [3]=1484 [4]=1484 [5]=1484 [6]=1484 [7]=1484 [8]=1484 [9]=1484 [10]=1484 [11]=1484 [12]=1484 
key_index after (DPU 80) [0]= 501 [1]= 997 [2]=1502 [3]=1502 [4]=1502 [5]=1502 [6]=1502 [7]=1502 [8]=1502 [9]=1502 [10]=1502 [11]=1502 [12]=1502 
key_index after (DPU 81) [0]= 535 [1]=1022 [2]=1520 [3]=1520 [4]=1520 [5]=1520 [6]=1520 [7]=1520 [8]=1520 [9]=1520 [10]=1520 [11]=1520 [12]=1520 
key_index after (DPU 82) [0]= 475 [1]= 989 [2]=1490 [3]=1490 [4]=1490 [5]=1490 [6]=1490 [7]=1490 [8]=1490 [9]=1490 [10]=1490 [11]=1490 [12]=1490 
key_index after (DPU 83) [0]= 443 [1]= 958 [2]=1443 [3]=1443 [4]=1443 [5]=1443 [6]=1443 [7]=1443 [8]=1443 [9]=1443 [10]=1443 [11]=1443 [12]=1443 
key_index after (DPU 84) [0]= 460 [1]= 972 [2]=1419 [3]=1419 [4]=1419 [5]=1419 [6]=1419 [7]=1419 [8]=1419 [9]=1419 [10]=1419 [11]=1419 [12]=1419 
key_index after (DPU 85) [0]= 471 [1]= 960 [2]=1463 [3]=1463 [4]=1463 [5]=1463 [6]=1463 [7]=1463 [8]=1463 [9]=1463 [10]=1463 [11]=1463 [12]=1463 
key_index after (DPU 86) [0]= 466 [1]= 935 [2]=1399 [3]=1399 [4]=1399 [5]=1399 [6]=1399 [7]=1399 [8]=1399 [9]=1399 [10]=1399 [11]=1399 [12]=1399 
key_index after (DPU 87) [0]= 446 [1]= 974 [2]=1399 [3]=1399 [4]=1399 [5]=1399 [6]=1399 [7]=1399 [8]=1399 [9]=1399 [10]=1399 [11]=1399 [12]=1399 
key_index after (DPU 88) [0]= 470 [1]= 911 [2]=1368 [3]=1368 [4]=1368 [5]=1368 [6]=1368 [7]=1368 [8]=1368 [9]=1368 [10]=1368 [11]=1368 [12]=1368 
key_index after (DPU 89) [0]= 438 [1]= 913 [2]=1354 [3]=1354 [4]=1354 [5]=1354 [6]=1354 [7]=1354 [8]=1354 [9]=1354 [10]=1354 [11]=1354 [12]=1354 
key_index after (DPU 90) [0]= 425 [1]= 847 [2]=1302 [3]=1302 [4]=1302 [5]=1302 [6]=1302 [7]=1302 [8]=1302 [9]=1302 [10]=1302 [11]=1302 [12]=1302 
key_index after (DPU 91) [0]= 448 [1]= 894 [2]=1324 [3]=1324 [4]=1324 [5]=1324 [6]=1324 [7]=1324 [8]=1324 [9]=1324 [10]=1324 [11]=1324 [12]=1324 
key_index after (DPU 92) [0]= 419 [1]= 885 [2]=1333 [3]=1333 [4]=1333 [5]=1333 [6]=1333 [7]=1333 [8]=1333 [9]=1333 [10]=1333 [11]=1333 [12]=1333 
key_index after (DPU 93) [0]= 440 [1]= 908 [2]=1321 [3]=1321 [4]=1321 [5]=1321 [6]=1321 [7]=1321 [8]=1321 [9]=1321 [10]=1321 [11]=1321 [12]=1321 
key_index after (DPU 94) [0]= 465 [1]= 867 [2]=1264 [3]=1264 [4]=1264 [5]=1264 [6]=1264 [7]=1264 [8]=1264 [9]=1264 [10]=1264 [11]=1264 [12]=1264 
key_index after (DPU 95) [0]= 417 [1]= 818 [2]=1245 [3]=1245 [4]=1245 [5]=1245 [6]=1245 [7]=1245 [8]=1245 [9]=1245 [10]=1245 [11]=1245 [12]=1245 
key_index after (DPU 96) [0]= 413 [1]= 824 [2]=1232 [3]=1232 [4]=1232 [5]=1232 [6]=1232 [7]=1232 [8]=1232 [9]=1232 [10]=1232 [11]=1232 [12]=1232 
key_index after (DPU 97) [0]= 449 [1]= 911 [2]=1313 [3]=1313 [4]=1313 [5]=1313 [6]=1313 [7]=1313 [8]=1313 [9]=1313 [10]=1313 [11]=1313 [12]=1313 
key_index after (DPU 98) [0]= 398 [1]= 798 [2]=1214 [3]=1214 [4]=1214 [5]=1214 [6]=1214 [7]=1214 [8]=1214 [9]=1214 [10]=1214 [11]=1214 [12]=1214 
key_index after (DPU 99) [0]= 398 [1]= 797 [2]=1172 [3]=1172 [4]=1172 [5]=1172 [6]=1172 [7]=1172 [8]=1172 [9]=1172 [10]=1172 [11]=1172 [12]=1172 
key_index after (DPU 100) [0]= 381 [1]= 774 [2]=1181 [3]=1181 [4]=1181 [5]=1181 [6]=1181 [7]=1181 [8]=1181 [9]=1181 [10]=1181 [11]=1181 [12]=1181 
key_index after (DPU 101) [0]= 430 [1]= 831 [2]=1247 [3]=1247 [4]=1247 [5]=1247 [6]=1247 [7]=1247 [8]=1247 [9]=1247 [10]=1247 [11]=1247 [12]=1247 
key_index after (DPU 102) [0]= 404 [1]= 805 [2]=1183 [3]=1183 [4]=1183 [5]=1183 [6]=1183 [7]=1183 [8]=1183 [9]=1183 [10]=1183 [11]=1183 [12]=1183 
key_index after (DPU 103) [0]= 339 [1]= 730 [2]=1107 [3]=1107 [4]=1107 [5]=1107 [6]=1107 [7]=1107 [8]=1107 [9]=1107 [10]=1107 [11]=1107 [12]=1107 
key_index after (DPU 104) [0]= 368 [1]= 736 [2]=1081 [3]=1081 [4]=1081 [5]=1081 [6]=1081 [7]=1081 [8]=1081 [9]=1081 [10]=1081 [11]=1081 [12]=1081 
key_index after (DPU 105) [0]= 388 [1]= 775 [2]=1141 [3]=1141 [4]=1141 [5]=1141 [6]=1141 [7]=1141 [8]=1141 [9]=1141 [10]=1141 [11]=1141 [12]=1141 
key_index after (DPU 106) [0]= 378 [1]= 751 [2]=1109 [3]=1109 [4]=1109 [5]=1109 [6]=1109 [7]=1109 [8]=1109 [9]=1109 [10]=1109 [11]=1109 [12]=1109 
key_index after (DPU 107) [0]= 407 [1]= 801 [2]=1138 [3]=1138 [4]=1138 [5]=1138 [6]=1138 [7]=1138 [8]=1138 [9]=1138 [10]=1138 [11]=1138 [12]=1138 
key_index after (DPU 108) [0]= 366 [1]= 713 [2]=1076 [3]=1076 [4]=1076 [5]=1076 [6]=1076 [7]=1076 [8]=1076 [9]=1076 [10]=1076 [11]=1076 [12]=1076 
key_index after (DPU 109) [0]= 374 [1]= 721 [2]=1121 [3]=1121 [4]=1121 [5]=1121 [6]=1121 [7]=1121 [8]=1121 [9]=1121 [10]=1121 [11]=1121 [12]=1121 
key_index after (DPU 110) [0]= 354 [1]= 707 [2]=1027 [3]=1027 [4]=1027 [5]=1027 [6]=1027 [7]=1027 [8]=1027 [9]=1027 [10]=1027 [11]=1027 [12]=1027 
key_index after (DPU 111) [0]= 367 [1]= 724 [2]=1095 [3]=1095 [4]=1095 [5]=1095 [6]=1095 [7]=1095 [8]=1095 [9]=1095 [10]=1095 [11]=1095 [12]=1095 
key_index after (DPU 112) [0]= 364 [1]= 732 [2]=1100 [3]=1100 [4]=1100 [5]=1100 [6]=1100 [7]=1100 [8]=1100 [9]=1100 [10]=1100 [11]=1100 [12]=1100 
key_index after (DPU 113) [0]= 373 [1]= 734 [2]=1082 [3]=1082 [4]=1082 [5]=1082 [6]=1082 [7]=1082 [8]=1082 [9]=1082 [10]=1082 [11]=1082 [12]=1082 
key_index after (DPU 114) [0]= 350 [1]= 717 [2]=1032 [3]=1032 [4]=1032 [5]=1032 [6]=1032 [7]=1032 [8]=1032 [9]=1032 [10]=1032 [11]=1032 [12]=1032 
key_index after (DPU 115) [0]= 366 [1]= 702 [2]=1053 [3]=1053 [4]=1053 [5]=1053 [6]=1053 [7]=1053 [8]=1053 [9]=1053 [10]=1053 [11]=1053 [12]=1053 
key_index after (DPU 116) [0]= 347 [1]= 690 [2]=1023 [3]=1023 [4]=1023 [5]=1023 [6]=1023 [7]=1023 [8]=1023 [9]=1023 [10]=1023 [11]=1023 [12]=1023 
key_index after (DPU 117) [0]= 387 [1]= 749 [2]=1091 [3]=1091 [4]=1091 [5]=1091 [6]=1091 [7]=1091 [8]=1091 [9]=1091 [10]=1091 [11]=1091 [12]=1091 
key_index after (DPU 118) [0]= 342 [1]= 697 [2]=1013 [3]=1013 [4]=1013 [5]=1013 [6]=1013 [7]=1013 [8]=1013 [9]=1013 [10]=1013 [11]=1013 [12]=1013 
key_index after (DPU 119) [0]= 339 [1]= 685 [2]=1031 [3]=1031 [4]=1031 [5]=1031 [6]=1031 [7]=1031 [8]=1031 [9]=1031 [10]=1031 [11]=1031 [12]=1031 
key_index after (DPU 120) [0]= 360 [1]= 696 [2]=1059 [3]=1059 [4]=1059 [5]=1059 [6]=1059 [7]=1059 [8]=1059 [9]=1059 [10]=1059 [11]=1059 [12]=1059 
key_index after (DPU 121) [0]= 338 [1]= 663 [2]= 990 [3]= 990 [4]= 990 [5]= 990 [6]= 990 [7]= 990 [8]= 990 [9]= 990 [10]= 990 [11]= 990 [12]= 990 
key_index after (DPU 122) [0]= 330 [1]= 635 [2]= 969 [3]= 969 [4]= 969 [5]= 969 [6]= 969 [7]= 969 [8]= 969 [9]= 969 [10]= 969 [11]= 969 [12]= 969 
key_index after (DPU 123) [0]= 332 [1]= 649 [2]= 973 [3]= 973 [4]= 973 [5]= 973 [6]= 973 [7]= 973 [8]= 973 [9]= 973 [10]= 973 [11]= 973 [12]= 973 
key_index after (DPU 124) [0]= 326 [1]= 643 [2]=1000 [3]=1000 [4]=1000 [5]=1000 [6]=1000 [7]=1000 [8]=1000 [9]=1000 [10]=1000 [11]=1000 [12]=1000 
key_index after (DPU 125) [0]= 309 [1]= 659 [2]= 970 [3]= 970 [4]= 970 [5]= 970 [6]= 970 [7]= 970 [8]= 970 [9]= 970 [10]= 970 [11]= 970 [12]= 970 
key_index after (DPU 126) [0]= 309 [1]= 635 [2]= 946 [3]= 946 [4]= 946 [5]= 946 [6]= 946 [7]= 946 [8]= 946 [9]= 946 [10]= 946 [11]= 946 [12]= 946 
key_index after (DPU 127) [0]= 354 [1]= 666 [2]= 951 [3]= 951 [4]= 951 [5]= 951 [6]= 951 [7]= 951 [8]= 951 [9]= 951 [10]= 951 [11]= 951 [12]= 951 
key_index after (DPU 128) [0]= 299 [1]= 607 [2]= 931 [3]= 931 [4]= 931 [5]= 931 [6]= 931 [7]= 931 [8]= 931 [9]= 931 [10]= 931 [11]= 931 [12]= 931 
key_index after (DPU 129) [0]= 326 [1]= 629 [2]= 939 [3]= 939 [4]= 939 [5]= 939 [6]= 939 [7]= 939 [8]= 939 [9]= 939 [10]= 939 [11]= 939 [12]= 939 
key_index after (DPU 130) [0]= 292 [1]= 595 [2]= 914 [3]= 914 [4]= 914 [5]= 914 [6]= 914 [7]= 914 [8]= 914 [9]= 914 [10]= 914 [11]= 914 [12]= 914 
key_index after (DPU 131) [0]= 298 [1]= 594 [2]= 910 [3]= 910 [4]= 910 [5]= 910 [6]= 910 [7]= 910 [8]= 910 [9]= 910 [10]= 910 [11]= 910 [12]= 910 
key_index after (DPU 132) [0]= 272 [1]= 582 [2]= 847 [3]= 847 [4]= 847 [5]= 847 [6]= 847 [7]= 847 [8]= 847 [9]= 847 [10]= 847 [11]= 847 [12]= 847 
key_index after (DPU 133) [0]= 292 [1]= 590 [2]= 891 [3]= 891 [4]= 891 [5]= 891 [6]= 891 [7]= 891 [8]= 891 [9]= 891 [10]= 891 [11]= 891 [12]= 891 
key_index after (DPU 134) [0]= 306 [1]= 611 [2]= 917 [3]= 917 [4]= 917 [5]= 917 [6]= 917 [7]= 917 [8]= 917 [9]= 917 [10]= 917 [11]= 917 [12]= 917 
key_index after (DPU 135) [0]= 299 [1]= 598 [2]= 904 [3]= 904 [4]= 904 [5]= 904 [6]= 904 [7]= 904 [8]= 904 [9]= 904 [10]= 904 [11]= 904 [12]= 904 
key_index after (DPU 136) [0]= 330 [1]= 629 [2]= 909 [3]= 909 [4]= 909 [5]= 909 [6]= 909 [7]= 909 [8]= 909 [9]= 909 [10]= 909 [11]= 909 [12]= 909 
key_index after (DPU 137) [0]= 283 [1]= 555 [2]= 855 [3]= 855 [4]= 855 [5]= 855 [6]= 855 [7]= 855 [8]= 855 [9]= 855 [10]= 855 [11]= 855 [12]= 855 
key_index after (DPU 138) [0]= 292 [1]= 606 [2]= 894 [3]= 894 [4]= 894 [5]= 894 [6]= 894 [7]= 894 [8]= 894 [9]= 894 [10]= 894 [11]= 894 [12]= 894 
key_index after (DPU 139) [0]= 267 [1]= 551 [2]= 826 [3]= 826 [4]= 826 [5]= 826 [6]= 826 [7]= 826 [8]= 826 [9]= 826 [10]= 826 [11]= 826 [12]= 826 
key_index after (DPU 140) [0]= 266 [1]= 540 [2]= 825 [3]= 825 [4]= 825 [5]= 825 [6]= 825 [7]= 825 [8]= 825 [9]= 825 [10]= 825 [11]= 825 [12]= 825 
key_index after (DPU 141) [0]= 284 [1]= 564 [2]= 833 [3]= 833 [4]= 833 [5]= 833 [6]= 833 [7]= 833 [8]= 833 [9]= 833 [10]= 833 [11]= 833 [12]= 833 
key_index after (DPU 142) [0]= 284 [1]= 563 [2]= 865 [3]= 865 [4]= 865 [5]= 865 [6]= 865 [7]= 865 [8]= 865 [9]= 865 [10]= 865 [11]= 865 [12]= 865 
key_index after (DPU 143) [0]= 288 [1]= 548 [2]= 826 [3]= 826 [4]= 826 [5]= 826 [6]= 826 [7]= 826 [8]= 826 [9]= 826 [10]= 826 [11]= 826 [12]= 826 
key_index after (DPU 144) [0]= 273 [1]= 558 [2]= 847 [3]= 847 [4]= 847 [5]= 847 [6]= 847 [7]= 847 [8]= 847 [9]= 847 [10]= 847 [11]= 847 [12]= 847 
key_index after (DPU 145) [0]= 288 [1]= 576 [2]= 851 [3]= 851 [4]= 851 [5]= 851 [6]= 851 [7]= 851 [8]= 851 [9]= 851 [10]= 851 [11]= 851 [12]= 851 
key_index after (DPU 146) [0]= 299 [1]= 573 [2]= 872 [3]= 872 [4]= 872 [5]= 872 [6]= 872 [7]= 872 [8]= 872 [9]= 872 [10]= 872 [11]= 872 [12]= 872 
key_index after (DPU 147) [0]= 263 [1]= 495 [2]= 743 [3]= 743 [4]= 743 [5]= 743 [6]= 743 [7]= 743 [8]= 743 [9]= 743 [10]= 743 [11]= 743 [12]= 743 
key_index after (DPU 148) [0]= 275 [1]= 512 [2]= 802 [3]= 802 [4]= 802 [5]= 802 [6]= 802 [7]= 802 [8]= 802 [9]= 802 [10]= 802 [11]= 802 [12]= 802 
key_index after (DPU 149) [0]= 240 [1]= 511 [2]= 775 [3]= 775 [4]= 775 [5]= 775 [6]= 775 [7]= 775 [8]= 775 [9]= 775 [10]= 775 [11]= 775 [12]= 775 
key_index after (DPU 150) [0]= 273 [1]= 554 [2]= 831 [3]= 831 [4]= 831 [5]= 831 [6]= 831 [7]= 831 [8]= 831 [9]= 831 [10]= 831 [11]= 831 [12]= 831 
key_index after (DPU 151) [0]= 277 [1]= 551 [2]= 826 [3]= 826 [4]= 826 [5]= 826 [6]= 826 [7]= 826 [8]= 826 [9]= 826 [10]= 826 [11]= 826 [12]= 826 
key_index after (DPU 152) [0]= 257 [1]= 525 [2]= 817 [3]= 817 [4]= 817 [5]= 817 [6]= 817 [7]= 817 [8]= 817 [9]= 817 [10]= 817 [11]= 817 [12]= 817 
key_index after (DPU 153) [0]= 271 [1]= 523 [2]= 789 [3]= 789 [4]= 789 [5]= 789 [6]= 789 [7]= 789 [8]= 789 [9]= 789 [10]= 789 [11]= 789 [12]= 789 
key_index after (DPU 154) [0]= 248 [1]= 481 [2]= 739 [3]= 739 [4]= 739 [5]= 739 [6]= 739 [7]= 739 [8]= 739 [9]= 739 [10]= 739 [11]= 739 [12]= 739 
key_index after (DPU 155) [0]= 265 [1]= 517 [2]= 791 [3]= 791 [4]= 791 [5]= 791 [6]= 791 [7]= 791 [8]= 791 [9]= 791 [10]= 791 [11]= 791 [12]= 791 
key_index after (DPU 156) [0]= 262 [1]= 529 [2]= 776 [3]= 776 [4]= 776 [5]= 776 [6]= 776 [7]= 776 [8]= 776 [9]= 776 [10]= 776 [11]= 776 [12]= 776 
key_index after (DPU 157) [0]= 263 [1]= 532 [2]= 761 [3]= 761 [4]= 761 [5]= 761 [6]= 761 [7]= 761 [8]= 761 [9]= 761 [10]= 761 [11]= 761 [12]= 761 
key_index after (DPU 158) [0]= 249 [1]= 492 [2]= 731 [3]= 731 [4]= 731 [5]= 731 [6]= 731 [7]= 731 [8]= 731 [9]= 731 [10]= 731 [11]= 731 [12]= 731 
key_index after (DPU 159) [0]= 277 [1]= 521 [2]= 791 [3]= 791 [4]= 791 [5]= 791 [6]= 791 [7]= 791 [8]= 791 [9]= 791 [10]= 791 [11]= 791 [12]= 791 
key_index after (DPU 160) [0]= 241 [1]= 506 [2]= 778 [3]= 778 [4]= 778 [5]= 778 [6]= 778 [7]= 778 [8]= 778 [9]= 778 [10]= 778 [11]= 778 [12]= 778 
key_index after (DPU 161) [0]= 267 [1]= 500 [2]= 754 [3]= 754 [4]= 754 [5]= 754 [6]= 754 [7]= 754 [8]= 754 [9]= 754 [10]= 754 [11]= 754 [12]= 754 
key_index after (DPU 162) [0]= 237 [1]= 503 [2]= 751 [3]= 751 [4]= 751 [5]= 751 [6]= 751 [7]= 751 [8]= 751 [9]= 751 [10]= 751 [11]= 751 [12]= 751 
key_index after (DPU 163) [0]= 264 [1]= 515 [2]= 773 [3]= 773 [4]= 773 [5]= 773 [6]= 773 [7]= 773 [8]= 773 [9]= 773 [10]= 773 [11]= 773 [12]= 773 
key_index after (DPU 164) [0]= 244 [1]= 495 [2]= 740 [3]= 740 [4]= 740 [5]= 740 [6]= 740 [7]= 740 [8]= 740 [9]= 740 [10]= 740 [11]= 740 [12]= 740 
key_index after (DPU 165) [0]= 252 [1]= 515 [2]= 747 [3]= 747 [4]= 747 [5]= 747 [6]= 747 [7]= 747 [8]= 747 [9]= 747 [10]= 747 [11]= 747 [12]= 747 
key_index after (DPU 166) [0]= 210 [1]= 448 [2]= 708 [3]= 708 [4]= 708 [5]= 708 [6]= 708 [7]= 708 [8]= 708 [9]= 708 [10]= 708 [11]= 708 [12]= 708 
key_index after (DPU 167) [0]= 243 [1]= 504 [2]= 711 [3]= 711 [4]= 711 [5]= 711 [6]= 711 [7]= 711 [8]= 711 [9]= 711 [10]= 711 [11]= 711 [12]= 711 
key_index after (DPU 168) [0]= 215 [1]= 464 [2]= 722 [3]= 722 [4]= 722 [5]= 722 [6]= 722 [7]= 722 [8]= 722 [9]= 722 [10]= 722 [11]= 722 [12]= 722 
key_index after (DPU 169) [0]= 262 [1]= 530 [2]= 774 [3]= 774 [4]= 774 [5]= 774 [6]= 774 [7]= 774 [8]= 774 [9]= 774 [10]= 774 [11]= 774 [12]= 774 
key_index after (DPU 170) [0]= 229 [1]= 468 [2]= 716 [3]= 716 [4]= 716 [5]= 716 [6]= 716 [7]= 716 [8]= 716 [9]= 716 [10]= 716 [11]= 716 [12]= 716 
key_index after (DPU 171) [0]= 229 [1]= 463 [2]= 692 [3]= 692 [4]= 692 [5]= 692 [6]= 692 [7]= 692 [8]= 692 [9]= 692 [10]= 692 [11]= 692 [12]= 692 
key_index after (DPU 172) [0]= 252 [1]= 484 [2]= 726 [3]= 726 [4]= 726 [5]= 726 [6]= 726 [7]= 726 [8]= 726 [9]= 726 [10]= 726 [11]= 726 [12]= 726 
key_index after (DPU 173) [0]= 233 [1]= 476 [2]= 721 [3]= 721 [4]= 721 [5]= 721 [6]= 721 [7]= 721 [8]= 721 [9]= 721 [10]= 721 [11]= 721 [12]= 721 
key_index after (DPU 174) [0]= 222 [1]= 472 [2]= 710 [3]= 710 [4]= 710 [5]= 710 [6]= 710 [7]= 710 [8]= 710 [9]= 710 [10]= 710 [11]= 710 [12]= 710 
key_index after (DPU 175) [0]= 249 [1]= 446 [2]= 686 [3]= 686 [4]= 686 [5]= 686 [6]= 686 [7]= 686 [8]= 686 [9]= 686 [10]= 686 [11]= 686 [12]= 686 
key_index after (DPU 176) [0]= 230 [1]= 448 [2]= 673 [3]= 673 [4]= 673 [5]= 673 [6]= 673 [7]= 673 [8]= 673 [9]= 673 [10]= 673 [11]= 673 [12]= 673 
key_index after (DPU 177) [0]= 241 [1]= 462 [2]= 680 [3]= 680 [4]= 680 [5]= 680 [6]= 680 [7]= 680 [8]= 680 [9]= 680 [10]= 680 [11]= 680 [12]= 680 
key_index after (DPU 178) [0]= 232 [1]= 476 [2]= 712 [3]= 712 [4]= 712 [5]= 712 [6]= 712 [7]= 712 [8]= 712 [9]= 712 [10]= 712 [11]= 712 [12]= 712 
key_index after (DPU 179) [0]= 194 [1]= 441 [2]= 660 [3]= 660 [4]= 660 [5]= 660 [6]= 660 [7]= 660 [8]= 660 [9]= 660 [10]= 660 [11]= 660 [12]= 660 
key_index after (DPU 180) [0]= 222 [1]= 430 [2]= 674 [3]= 674 [4]= 674 [5]= 674 [6]= 674 [7]= 674 [8]= 674 [9]= 674 [10]= 674 [11]= 674 [12]= 674 
key_index after (DPU 181) [0]= 232 [1]= 436 [2]= 657 [3]= 657 [4]= 657 [5]= 657 [6]= 657 [7]= 657 [8]= 657 [9]= 657 [10]= 657 [11]= 657 [12]= 657 
key_index after (DPU 182) [0]= 213 [1]= 460 [2]= 675 [3]= 675 [4]= 675 [5]= 675 [6]= 675 [7]= 675 [8]= 675 [9]= 675 [10]= 675 [11]= 675 [12]= 675 
key_index after (DPU 183) [0]= 225 [1]= 481 [2]= 714 [3]= 714 [4]= 714 [5]= 714 [6]= 714 [7]= 714 [8]= 714 [9]= 714 [10]= 714 [11]= 714 [12]= 714 
key_index after (DPU 184) [0]= 200 [1]= 393 [2]= 606 [3]= 606 [4]= 606 [5]= 606 [6]= 606 [7]= 606 [8]= 606 [9]= 606 [10]= 606 [11]= 606 [12]= 606 
key_index after (DPU 185) [0]= 206 [1]= 419 [2]= 624 [3]= 624 [4]= 624 [5]= 624 [6]= 624 [7]= 624 [8]= 624 [9]= 624 [10]= 624 [11]= 624 [12]= 624 
key_index after (DPU 186) [0]= 220 [1]= 448 [2]= 671 [3]= 671 [4]= 671 [5]= 671 [6]= 671 [7]= 671 [8]= 671 [9]= 671 [10]= 671 [11]= 671 [12]= 671 
key_index after (DPU 187) [0]= 215 [1]= 444 [2]= 684 [3]= 684 [4]= 684 [5]= 684 [6]= 684 [7]= 684 [8]= 684 [9]= 684 [10]= 684 [11]= 684 [12]= 684 
key_index after (DPU 188) [0]= 200 [1]= 408 [2]= 619 [3]= 619 [4]= 619 [5]= 619 [6]= 619 [7]= 619 [8]= 619 [9]= 619 [10]= 619 [11]= 619 [12]= 619 
key_index after (DPU 189) [0]= 206 [1]= 400 [2]= 611 [3]= 611 [4]= 611 [5]= 611 [6]= 611 [7]= 611 [8]= 611 [9]= 611 [10]= 611 [11]= 611 [12]= 611 
key_index after (DPU 190) [0]= 219 [1]= 465 [2]= 678 [3]= 678 [4]= 678 [5]= 678 [6]= 678 [7]= 678 [8]= 678 [9]= 678 [10]= 678 [11]= 678 [12]= 678 
key_index after (DPU 191) [0]= 199 [1]= 394 [2]= 582 [3]= 582 [4]= 582 [5]= 582 [6]= 582 [7]= 582 [8]= 582 [9]= 582 [10]= 582 [11]= 582 [12]= 582 
key_index after (DPU 192) [0]= 196 [1]= 410 [2]= 607 [3]= 607 [4]= 607 [5]= 607 [6]= 607 [7]= 607 [8]= 607 [9]= 607 [10]= 607 [11]= 607 [12]= 607 
key_index after (DPU 193) [0]= 207 [1]= 413 [2]= 627 [3]= 627 [4]= 627 [5]= 627 [6]= 627 [7]= 627 [8]= 627 [9]= 627 [10]= 627 [11]= 627 [12]= 627 
key_index after (DPU 194) [0]= 210 [1]= 409 [2]= 621 [3]= 621 [4]= 621 [5]= 621 [6]= 621 [7]= 621 [8]= 621 [9]= 621 [10]= 621 [11]= 621 [12]= 621 
key_index after (DPU 195) [0]= 229 [1]= 433 [2]= 637 [3]= 637 [4]= 637 [5]= 637 [6]= 637 [7]= 637 [8]= 637 [9]= 637 [10]= 637 [11]= 637 [12]= 637 
key_index after (DPU 196) [0]= 223 [1]= 421 [2]= 623 [3]= 623 [4]= 623 [5]= 623 [6]= 623 [7]= 623 [8]= 623 [9]= 623 [10]= 623 [11]= 623 [12]= 623 
key_index after (DPU 197) [0]= 196 [1]= 392 [2]= 578 [3]= 578 [4]= 578 [5]= 578 [6]= 578 [7]= 578 [8]= 578 [9]= 578 [10]= 578 [11]= 578 [12]= 578 
key_index after (DPU 198) [0]= 208 [1]= 407 [2]= 620 [3]= 620 [4]= 620 [5]= 620 [6]= 620 [7]= 620 [8]= 620 [9]= 620 [10]= 620 [11]= 620 [12]= 620 
key_index after (DPU 199) [0]= 199 [1]= 422 [2]= 613 [3]= 613 [4]= 613 [5]= 613 [6]= 613 [7]= 613 [8]= 613 [9]= 613 [10]= 613 [11]= 613 [12]= 613 
key_index after (DPU 200) [0]= 204 [1]= 416 [2]= 635 [3]= 635 [4]= 635 [5]= 635 [6]= 635 [7]= 635 [8]= 635 [9]= 635 [10]= 635 [11]= 635 [12]= 635 
key_index after (DPU 201) [0]= 190 [1]= 386 [2]= 584 [3]= 584 [4]= 584 [5]= 584 [6]= 584 [7]= 584 [8]= 584 [9]= 584 [10]= 584 [11]= 584 [12]= 584 
key_index after (DPU 202) [0]= 200 [1]= 388 [2]= 594 [3]= 594 [4]= 594 [5]= 594 [6]= 594 [7]= 594 [8]= 594 [9]= 594 [10]= 594 [11]= 594 [12]= 594 
key_index after (DPU 203) [0]= 193 [1]= 385 [2]= 584 [3]= 584 [4]= 584 [5]= 584 [6]= 584 [7]= 584 [8]= 584 [9]= 584 [10]= 584 [11]= 584 [12]= 584 
key_index after (DPU 204) [0]= 198 [1]= 397 [2]= 602 [3]= 602 [4]= 602 [5]= 602 [6]= 602 [7]= 602 [8]= 602 [9]= 602 [10]= 602 [11]= 602 [12]= 602 
key_index after (DPU 205) [0]= 195 [1]= 391 [2]= 581 [3]= 581 [4]= 581 [5]= 581 [6]= 581 [7]= 581 [8]= 581 [9]= 581 [10]= 581 [11]= 581 [12]= 581 
key_index after (DPU 206) [0]= 206 [1]= 394 [2]= 582 [3]= 582 [4]= 582 [5]= 582 [6]= 582 [7]= 582 [8]= 582 [9]= 582 [10]= 582 [11]= 582 [12]= 582 
key_index after (DPU 207) [0]= 195 [1]= 399 [2]= 601 [3]= 601 [4]= 601 [5]= 601 [6]= 601 [7]= 601 [8]= 601 [9]= 601 [10]= 601 [11]= 601 [12]= 601 
key_index after (DPU 208) [0]= 206 [1]= 390 [2]= 585 [3]= 585 [4]= 585 [5]= 585 [6]= 585 [7]= 585 [8]= 585 [9]= 585 [10]= 585 [11]= 585 [12]= 585 
key_index after (DPU 209) [0]= 194 [1]= 388 [2]= 575 [3]= 575 [4]= 575 [5]= 575 [6]= 575 [7]= 575 [8]= 575 [9]= 575 [10]= 575 [11]= 575 [12]= 575 
key_index after (DPU 210) [0]= 198 [1]= 389 [2]= 564 [3]= 564 [4]= 564 [5]= 564 [6]= 564 [7]= 564 [8]= 564 [9]= 564 [10]= 564 [11]= 564 [12]= 564 
key_index after (DPU 211) [0]= 185 [1]= 340 [2]= 565 [3]= 565 [4]= 565 [5]= 565 [6]= 565 [7]= 565 [8]= 565 [9]= 565 [10]= 565 [11]= 565 [12]= 565 
key_index after (DPU 212) [0]= 167 [1]= 355 [2]= 530 [3]= 530 [4]= 530 [5]= 530 [6]= 530 [7]= 530 [8]= 530 [9]= 530 [10]= 530 [11]= 530 [12]= 530 
key_index after (DPU 213) [0]= 202 [1]= 370 [2]= 581 [3]= 581 [4]= 581 [5]= 581 [6]= 581 [7]= 581 [8]= 581 [9]= 581 [10]= 581 [11]= 581 [12]= 581 
key_index after (DPU 214) [0]= 188 [1]= 387 [2]= 559 [3]= 559 [4]= 559 [5]= 559 [6]= 559 [7]= 559 [8]= 559 [9]= 559 [10]= 559 [11]= 559 [12]= 559 
key_index after (DPU 215) [0]= 209 [1]= 398 [2]= 573 [3]= 573 [4]= 573 [5]= 573 [6]= 573 [7]= 573 [8]= 573 [9]= 573 [10]= 573 [11]= 573 [12]= 573 
key_index after (DPU 216) [0]= 178 [1]= 352 [2]= 539 [3]= 539 [4]= 539 [5]= 539 [6]= 539 [7]= 539 [8]= 539 [9]= 539 [10]= 539 [11]= 539 [12]= 539 
key_index after (DPU 217) [0]= 202 [1]= 399 [2]= 583 [3]= 583 [4]= 583 [5]= 583 [6]= 583 [7]= 583 [8]= 583 [9]= 583 [10]= 583 [11]= 583 [12]= 583 
key_index after (DPU 218) [0]= 182 [1]= 350 [2]= 547 [3]= 547 [4]= 547 [5]= 547 [6]= 547 [7]= 547 [8]= 547 [9]= 547 [10]= 547 [11]= 547 [12]= 547 
key_index after (DPU 219) [0]= 206 [1]= 382 [2]= 588 [3]= 588 [4]= 588 [5]= 588 [6]= 588 [7]= 588 [8]= 588 [9]= 588 [10]= 588 [11]= 588 [12]= 588 
key_index after (DPU 220) [0]= 194 [1]= 379 [2]= 584 [3]= 584 [4]= 584 [5]= 584 [6]= 584 [7]= 584 [8]= 584 [9]= 584 [10]= 584 [11]= 584 [12]= 584 
key_index after (DPU 221) [0]= 201 [1]= 366 [2]= 545 [3]= 545 [4]= 545 [5]= 545 [6]= 545 [7]= 545 [8]= 545 [9]= 545 [10]= 545 [11]= 545 [12]= 545 
key_index after (DPU 222) [0]= 150 [1]= 334 [2]= 520 [3]= 520 [4]= 520 [5]= 520 [6]= 520 [7]= 520 [8]= 520 [9]= 520 [10]= 520 [11]= 520 [12]= 520 
key_index after (DPU 223) [0]= 186 [1]= 384 [2]= 588 [3]= 588 [4]= 588 [5]= 588 [6]= 588 [7]= 588 [8]= 588 [9]= 588 [10]= 588 [11]= 588 [12]= 588 
key_index after (DPU 224) [0]= 177 [1]= 390 [2]= 542 [3]= 542 [4]= 542 [5]= 542 [6]= 542 [7]= 542 [8]= 542 [9]= 542 [10]= 542 [11]= 542 [12]= 542 
key_index after (DPU 225) [0]= 143 [1]= 328 [2]= 489 [3]= 489 [4]= 489 [5]= 489 [6]= 489 [7]= 489 [8]= 489 [9]= 489 [10]= 489 [11]= 489 [12]= 489 
key_index after (DPU 226) [0]= 160 [1]= 339 [2]= 530 [3]= 530 [4]= 530 [5]= 530 [6]= 530 [7]= 530 [8]= 530 [9]= 530 [10]= 530 [11]= 530 [12]= 530 
key_index after (DPU 227) [0]= 184 [1]= 358 [2]= 537 [3]= 537 [4]= 537 [5]= 537 [6]= 537 [7]= 537 [8]= 537 [9]= 537 [10]= 537 [11]= 537 [12]= 537 
key_index after (DPU 228) [0]= 173 [1]= 356 [2]= 512 [3]= 512 [4]= 512 [5]= 512 [6]= 512 [7]= 512 [8]= 512 [9]= 512 [10]= 512 [11]= 512 [12]= 512 
key_index after (DPU 229) [0]= 187 [1]= 352 [2]= 530 [3]= 530 [4]= 530 [5]= 530 [6]= 530 [7]= 530 [8]= 530 [9]= 530 [10]= 530 [11]= 530 [12]= 530 
key_index after (DPU 230) [0]= 162 [1]= 314 [2]= 480 [3]= 480 [4]= 480 [5]= 480 [6]= 480 [7]= 480 [8]= 480 [9]= 480 [10]= 480 [11]= 480 [12]= 480 
key_index after (DPU 231) [0]= 182 [1]= 344 [2]= 516 [3]= 516 [4]= 516 [5]= 516 [6]= 516 [7]= 516 [8]= 516 [9]= 516 [10]= 516 [11]= 516 [12]= 516 
key_index after (DPU 232) [0]= 188 [1]= 353 [2]= 519 [3]= 519 [4]= 519 [5]= 519 [6]= 519 [7]= 519 [8]= 519 [9]= 519 [10]= 519 [11]= 519 [12]= 519 
key_index after (DPU 233) [0]= 171 [1]= 358 [2]= 536 [3]= 536 [4]= 536 [5]= 536 [6]= 536 [7]= 536 [8]= 536 [9]= 536 [10]= 536 [11]= 536 [12]= 536 
key_index after (DPU 234) [0]= 169 [1]= 341 [2]= 523 [3]= 523 [4]= 523 [5]= 523 [6]= 523 [7]= 523 [8]= 523 [9]= 523 [10]= 523 [11]= 523 [12]= 523 
key_index after (DPU 235) [0]= 180 [1]= 354 [2]= 526 [3]= 526 [4]= 526 [5]= 526 [6]= 526 [7]= 526 [8]= 526 [9]= 526 [10]= 526 [11]= 526 [12]= 526 
key_index after (DPU 236) [0]= 192 [1]= 392 [2]= 564 [3]= 564 [4]= 564 [5]= 564 [6]= 564 [7]= 564 [8]= 564 [9]= 564 [10]= 564 [11]= 564 [12]= 564 
key_index after (DPU 237) [0]= 181 [1]= 338 [2]= 513 [3]= 513 [4]= 513 [5]= 513 [6]= 513 [7]= 513 [8]= 513 [9]= 513 [10]= 513 [11]= 513 [12]= 513 
key_index after (DPU 238) [0]= 174 [1]= 351 [2]= 520 [3]= 520 [4]= 520 [5]= 520 [6]= 520 [7]= 520 [8]= 520 [9]= 520 [10]= 520 [11]= 520 [12]= 520 
key_index after (DPU 239) [0]= 177 [1]= 348 [2]= 510 [3]= 510 [4]= 510 [5]= 510 [6]= 510 [7]= 510 [8]= 510 [9]= 510 [10]= 510 [11]= 510 [12]= 510 
key_index after (DPU 240) [0]= 174 [1]= 325 [2]= 495 [3]= 495 [4]= 495 [5]= 495 [6]= 495 [7]= 495 [8]= 495 [9]= 495 [10]= 495 [11]= 495 [12]= 495 
key_index after (DPU 241) [0]= 158 [1]= 352 [2]= 528 [3]= 528 [4]= 528 [5]= 528 [6]= 528 [7]= 528 [8]= 528 [9]= 528 [10]= 528 [11]= 528 [12]= 528 
key_index after (DPU 242) [0]= 170 [1]= 340 [2]= 524 [3]= 524 [4]= 524 [5]= 524 [6]= 524 [7]= 524 [8]= 524 [9]= 524 [10]= 524 [11]= 524 [12]= 524 
key_index after (DPU 243) [0]= 149 [1]= 320 [2]= 496 [3]= 496 [4]= 496 [5]= 496 [6]= 496 [7]= 496 [8]= 496 [9]= 496 [10]= 496 [11]= 496 [12]= 496 
key_index after (DPU 244) [0]= 175 [1]= 346 [2]= 523 [3]= 523 [4]= 523 [5]= 523 [6]= 523 [7]= 523 [8]= 523 [9]= 523 [10]= 523 [11]= 523 [12]= 523 
key_index after (DPU 245) [0]= 169 [1]= 326 [2]= 509 [3]= 509 [4]= 509 [5]= 509 [6]= 509 [7]= 509 [8]= 509 [9]= 509 [10]= 509 [11]= 509 [12]= 509 
key_index after (DPU 246) [0]= 182 [1]= 337 [2]= 497 [3]= 497 [4]= 497 [5]= 497 [6]= 497 [7]= 497 [8]= 497 [9]= 497 [10]= 497 [11]= 497 [12]= 497 
key_index after (DPU 247) [0]= 163 [1]= 298 [2]= 450 [3]= 450 [4]= 450 [5]= 450 [6]= 450 [7]= 450 [8]= 450 [9]= 450 [10]= 450 [11]= 450 [12]= 450 
key_index after (DPU 248) [0]= 187 [1]= 354 [2]= 507 [3]= 507 [4]= 507 [5]= 507 [6]= 507 [7]= 507 [8]= 507 [9]= 507 [10]= 507 [11]= 507 [12]= 507 
key_index after (DPU 249) [0]= 139 [1]= 302 [2]= 480 [3]= 480 [4]= 480 [5]= 480 [6]= 480 [7]= 480 [8]= 480 [9]= 480 [10]= 480 [11]= 480 [12]= 480 
key_index after (DPU 250) [0]= 183 [1]= 339 [2]= 497 [3]= 497 [4]= 497 [5]= 497 [6]= 497 [7]= 497 [8]= 497 [9]= 497 [10]= 497 [11]= 497 [12]= 497 
key_index after (DPU 251) [0]= 163 [1]= 310 [2]= 457 [3]= 457 [4]= 457 [5]= 457 [6]= 457 [7]= 457 [8]= 457 [9]= 457 [10]= 457 [11]= 457 [12]= 457 
key_index after (DPU 252) [0]= 188 [1]= 360 [2]= 507 [3]= 507 [4]= 507 [5]= 507 [6]= 507 [7]= 507 [8]= 507 [9]= 507 [10]= 507 [11]= 507 [12]= 507 
key_index after (DPU 253) [0]= 160 [1]= 323 [2]= 502 [3]= 502 [4]= 502 [5]= 502 [6]= 502 [7]= 502 [8]= 502 [9]= 502 [10]= 502 [11]= 502 [12]= 502 
key_index after (DPU 254) [0]= 168 [1]= 307 [2]= 470 [3]= 470 [4]= 470 [5]= 470 [6]= 470 [7]= 470 [8]= 470 [9]= 470 [10]= 470 [11]= 470 [12]= 470 
key_index after (DPU 255) [0]= 175 [1]= 329 [2]= 508 [3]= 508 [4]= 508 [5]= 508 [6]= 508 [7]= 508 [8]= 508 [9]= 508 [10]= 508 [11]= 508 [12]= 508 
key_index after (DPU 256) [0]= 172 [1]= 317 [2]= 472 [3]= 472 [4]= 472 [5]= 472 [6]= 472 [7]= 472 [8]= 472 [9]= 472 [10]= 472 [11]= 472 [12]= 472 
key_index after (DPU 257) [0]= 149 [1]= 311 [2]= 476 [3]= 476 [4]= 476 [5]= 476 [6]= 476 [7]= 476 [8]= 476 [9]= 476 [10]= 476 [11]= 476 [12]= 476 
key_index after (DPU 258) [0]= 154 [1]= 303 [2]= 459 [3]= 459 [4]= 459 [5]= 459 [6]= 459 [7]= 459 [8]= 459 [9]= 459 [10]= 459 [11]= 459 [12]= 459 
key_index after (DPU 259) [0]= 179 [1]= 324 [2]= 475 [3]= 475 [4]= 475 [5]= 475 [6]= 475 [7]= 475 [8]= 475 [9]= 475 [10]= 475 [11]= 475 [12]= 475 
key_index after (DPU 260) [0]= 157 [1]= 309 [2]= 459 [3]= 459 [4]= 459 [5]= 459 [6]= 459 [7]= 459 [8]= 459 [9]= 459 [10]= 459 [11]= 459 [12]= 459 
key_index after (DPU 261) [0]= 153 [1]= 311 [2]= 462 [3]= 462 [4]= 462 [5]= 462 [6]= 462 [7]= 462 [8]= 462 [9]= 462 [10]= 462 [11]= 462 [12]= 462 
key_index after (DPU 262) [0]= 172 [1]= 329 [2]= 473 [3]= 473 [4]= 473 [5]= 473 [6]= 473 [7]= 473 [8]= 473 [9]= 473 [10]= 473 [11]= 473 [12]= 473 
key_index after (DPU 263) [0]= 169 [1]= 328 [2]= 480 [3]= 480 [4]= 480 [5]= 480 [6]= 480 [7]= 480 [8]= 480 [9]= 480 [10]= 480 [11]= 480 [12]= 480 
key_index after (DPU 264) [0]= 145 [1]= 295 [2]= 440 [3]= 440 [4]= 440 [5]= 440 [6]= 440 [7]= 440 [8]= 440 [9]= 440 [10]= 440 [11]= 440 [12]= 440 
key_index after (DPU 265) [0]= 147 [1]= 278 [2]= 420 [3]= 420 [4]= 420 [5]= 420 [6]= 420 [7]= 420 [8]= 420 [9]= 420 [10]= 420 [11]= 420 [12]= 420 
key_index after (DPU 266) [0]= 145 [1]= 339 [2]= 482 [3]= 482 [4]= 482 [5]= 482 [6]= 482 [7]= 482 [8]= 482 [9]= 482 [10]= 482 [11]= 482 [12]= 482 
key_index after (DPU 267) [0]= 154 [1]= 310 [2]= 457 [3]= 457 [4]= 457 [5]= 457 [6]= 457 [7]= 457 [8]= 457 [9]= 457 [10]= 457 [11]= 457 [12]= 457 
key_index after (DPU 268) [0]= 137 [1]= 287 [2]= 421 [3]= 421 [4]= 421 [5]= 421 [6]= 421 [7]= 421 [8]= 421 [9]= 421 [10]= 421 [11]= 421 [12]= 421 
key_index after (DPU 269) [0]= 143 [1]= 290 [2]= 438 [3]= 438 [4]= 438 [5]= 438 [6]= 438 [7]= 438 [8]= 438 [9]= 438 [10]= 438 [11]= 438 [12]= 438 
key_index after (DPU 270) [0]= 133 [1]= 291 [2]= 417 [3]= 417 [4]= 417 [5]= 417 [6]= 417 [7]= 417 [8]= 417 [9]= 417 [10]= 417 [11]= 417 [12]= 417 
key_index after (DPU 271) [0]= 138 [1]= 316 [2]= 462 [3]= 462 [4]= 462 [5]= 462 [6]= 462 [7]= 462 [8]= 462 [9]= 462 [10]= 462 [11]= 462 [12]= 462 
key_index after (DPU 272) [0]= 151 [1]= 312 [2]= 464 [3]= 464 [4]= 464 [5]= 464 [6]= 464 [7]= 464 [8]= 464 [9]= 464 [10]= 464 [11]= 464 [12]= 464 
key_index after (DPU 273) [0]= 151 [1]= 302 [2]= 442 [3]= 442 [4]= 442 [5]= 442 [6]= 442 [7]= 442 [8]= 442 [9]= 442 [10]= 442 [11]= 442 [12]= 442 
key_index after (DPU 274) [0]= 154 [1]= 318 [2]= 460 [3]= 460 [4]= 460 [5]= 460 [6]= 460 [7]= 460 [8]= 460 [9]= 460 [10]= 460 [11]= 460 [12]= 460 
key_index after (DPU 275) [0]= 141 [1]= 290 [2]= 449 [3]= 449 [4]= 449 [5]= 449 [6]= 449 [7]= 449 [8]= 449 [9]= 449 [10]= 449 [11]= 449 [12]= 449 
key_index after (DPU 276) [0]= 141 [1]= 279 [2]= 448 [3]= 448 [4]= 448 [5]= 448 [6]= 448 [7]= 448 [8]= 448 [9]= 448 [10]= 448 [11]= 448 [12]= 448 
key_index after (DPU 277) [0]= 143 [1]= 290 [2]= 431 [3]= 431 [4]= 431 [5]= 431 [6]= 431 [7]= 431 [8]= 431 [9]= 431 [10]= 431 [11]= 431 [12]= 431 
key_index after (DPU 278) [0]= 139 [1]= 284 [2]= 439 [3]= 439 [4]= 439 [5]= 439 [6]= 439 [7]= 439 [8]= 439 [9]= 439 [10]= 439 [11]= 439 [12]= 439 
key_index after (DPU 279) [0]= 130 [1]= 288 [2]= 427 [3]= 427 [4]= 427 [5]= 427 [6]= 427 [7]= 427 [8]= 427 [9]= 427 [10]= 427 [11]= 427 [12]= 427 
key_index after (DPU 280) [0]= 130 [1]= 250 [2]= 398 [3]= 398 [4]= 398 [5]= 398 [6]= 398 [7]= 398 [8]= 398 [9]= 398 [10]= 398 [11]= 398 [12]= 398 
key_index after (DPU 281) [0]= 157 [1]= 301 [2]= 444 [3]= 444 [4]= 444 [5]= 444 [6]= 444 [7]= 444 [8]= 444 [9]= 444 [10]= 444 [11]= 444 [12]= 444 
key_index after (DPU 282) [0]= 169 [1]= 309 [2]= 441 [3]= 441 [4]= 441 [5]= 441 [6]= 441 [7]= 441 [8]= 441 [9]= 441 [10]= 441 [11]= 441 [12]= 441 
key_index after (DPU 283) [0]= 137 [1]= 289 [2]= 425 [3]= 425 [4]= 425 [5]= 425 [6]= 425 [7]= 425 [8]= 425 [9]= 425 [10]= 425 [11]= 425 [12]= 425 
key_index after (DPU 284) [0]= 147 [1]= 282 [2]= 455 [3]= 455 [4]= 455 [5]= 455 [6]= 455 [7]= 455 [8]= 455 [9]= 455 [10]= 455 [11]= 455 [12]= 455 
key_index after (DPU 285) [0]= 134 [1]= 286 [2]= 434 [3]= 434 [4]= 434 [5]= 434 [6]= 434 [7]= 434 [8]= 434 [9]= 434 [10]= 434 [11]= 434 [12]= 434 
key_index after (DPU 286) [0]= 140 [1]= 283 [2]= 430 [3]= 430 [4]= 430 [5]= 430 [6]= 430 [7]= 430 [8]= 430 [9]= 430 [10]= 430 [11]= 430 [12]= 430 
key_index after (DPU 287) [0]= 149 [1]= 270 [2]= 403 [3]= 403 [4]= 403 [5]= 403 [6]= 403 [7]= 403 [8]= 403 [9]= 403 [10]= 403 [11]= 403 [12]= 403 
key_index after (DPU 288) [0]= 159 [1]= 288 [2]= 440 [3]= 440 [4]= 440 [5]= 440 [6]= 440 [7]= 440 [8]= 440 [9]= 440 [10]= 440 [11]= 440 [12]= 440 
key_index after (DPU 289) [0]= 146 [1]= 275 [2]= 410 [3]= 410 [4]= 410 [5]= 410 [6]= 410 [7]= 410 [8]= 410 [9]= 410 [10]= 410 [11]= 410 [12]= 410 
key_index after (DPU 290) [0]= 140 [1]= 290 [2]= 431 [3]= 431 [4]= 431 [5]= 431 [6]= 431 [7]= 431 [8]= 431 [9]= 431 [10]= 431 [11]= 431 [12]= 431 
key_index after (DPU 291) [0]= 148 [1]= 294 [2]= 431 [3]= 431 [4]= 431 [5]= 431 [6]= 431 [7]= 431 [8]= 431 [9]= 431 [10]= 431 [11]= 431 [12]= 431 
key_index after (DPU 292) [0]= 137 [1]= 259 [2]= 384 [3]= 384 [4]= 384 [5]= 384 [6]= 384 [7]= 384 [8]= 384 [9]= 384 [10]= 384 [11]= 384 [12]= 384 
key_index after (DPU 293) [0]= 123 [1]= 270 [2]= 415 [3]= 415 [4]= 415 [5]= 415 [6]= 415 [7]= 415 [8]= 415 [9]= 415 [10]= 415 [11]= 415 [12]= 415 
key_index after (DPU 294) [0]= 122 [1]= 241 [2]= 375 [3]= 375 [4]= 375 [5]= 375 [6]= 375 [7]= 375 [8]= 375 [9]= 375 [10]= 375 [11]= 375 [12]= 375 
key_index after (DPU 295) [0]= 132 [1]= 282 [2]= 416 [3]= 416 [4]= 416 [5]= 416 [6]= 416 [7]= 416 [8]= 416 [9]= 416 [10]= 416 [11]= 416 [12]= 416 
key_index after (DPU 296) [0]= 145 [1]= 269 [2]= 383 [3]= 383 [4]= 383 [5]= 383 [6]= 383 [7]= 383 [8]= 383 [9]= 383 [10]= 383 [11]= 383 [12]= 383 
key_index after (DPU 297) [0]= 152 [1]= 276 [2]= 404 [3]= 404 [4]= 404 [5]= 404 [6]= 404 [7]= 404 [8]= 404 [9]= 404 [10]= 404 [11]= 404 [12]= 404 
key_index after (DPU 298) [0]= 120 [1]= 245 [2]= 381 [3]= 381 [4]= 381 [5]= 381 [6]= 381 [7]= 381 [8]= 381 [9]= 381 [10]= 381 [11]= 381 [12]= 381 
key_index after (DPU 299) [0]= 161 [1]= 309 [2]= 437 [3]= 437 [4]= 437 [5]= 437 [6]= 437 [7]= 437 [8]= 437 [9]= 437 [10]= 437 [11]= 437 [12]= 437 
key_index after (DPU 300) [0]= 141 [1]= 288 [2]= 438 [3]= 438 [4]= 438 [5]= 438 [6]= 438 [7]= 438 [8]= 438 [9]= 438 [10]= 438 [11]= 438 [12]= 438 
key_index after (DPU 301) [0]= 135 [1]= 260 [2]= 387 [3]= 387 [4]= 387 [5]= 387 [6]= 387 [7]= 387 [8]= 387 [9]= 387 [10]= 387 [11]= 387 [12]= 387 
key_index after (DPU 302) [0]= 144 [1]= 299 [2]= 427 [3]= 427 [4]= 427 [5]= 427 [6]= 427 [7]= 427 [8]= 427 [9]= 427 [10]= 427 [11]= 427 [12]= 427 
key_index after (DPU 303) [0]= 164 [1]= 281 [2]= 405 [3]= 405 [4]= 405 [5]= 405 [6]= 405 [7]= 405 [8]= 405 [9]= 405 [10]= 405 [11]= 405 [12]= 405 
key_index after (DPU 304) [0]= 127 [1]= 266 [2]= 391 [3]= 391 [4]= 391 [5]= 391 [6]= 391 [7]= 391 [8]= 391 [9]= 391 [10]= 391 [11]= 391 [12]= 391 
key_index after (DPU 305) [0]= 149 [1]= 296 [2]= 445 [3]= 445 [4]= 445 [5]= 445 [6]= 445 [7]= 445 [8]= 445 [9]= 445 [10]= 445 [11]= 445 [12]= 445 
key_index after (DPU 306) [0]= 149 [1]= 268 [2]= 410 [3]= 410 [4]= 410 [5]= 410 [6]= 410 [7]= 410 [8]= 410 [9]= 410 [10]= 410 [11]= 410 [12]= 410 
key_index after (DPU 307) [0]= 137 [1]= 282 [2]= 407 [3]= 407 [4]= 407 [5]= 407 [6]= 407 [7]= 407 [8]= 407 [9]= 407 [10]= 407 [11]= 407 [12]= 407 
key_index after (DPU 308) [0]= 126 [1]= 266 [2]= 402 [3]= 402 [4]= 402 [5]= 402 [6]= 402 [7]= 402 [8]= 402 [9]= 402 [10]= 402 [11]= 402 [12]= 402 
key_index after (DPU 309) [0]= 141 [1]= 259 [2]= 375 [3]= 375 [4]= 375 [5]= 375 [6]= 375 [7]= 375 [8]= 375 [9]= 375 [10]= 375 [11]= 375 [12]= 375 
key_index after (DPU 310) [0]= 128 [1]= 271 [2]= 397 [3]= 397 [4]= 397 [5]= 397 [6]= 397 [7]= 397 [8]= 397 [9]= 397 [10]= 397 [11]= 397 [12]= 397 
key_index after (DPU 311) [0]= 105 [1]= 212 [2]= 362 [3]= 362 [4]= 362 [5]= 362 [6]= 362 [7]= 362 [8]= 362 [9]= 362 [10]= 362 [11]= 362 [12]= 362 
key_index after (DPU 312) [0]= 140 [1]= 267 [2]= 406 [3]= 406 [4]= 406 [5]= 406 [6]= 406 [7]= 406 [8]= 406 [9]= 406 [10]= 406 [11]= 406 [12]= 406 
key_index after (DPU 313) [0]= 141 [1]= 260 [2]= 384 [3]= 384 [4]= 384 [5]= 384 [6]= 384 [7]= 384 [8]= 384 [9]= 384 [10]= 384 [11]= 384 [12]= 384 
key_index after (DPU 314) [0]= 135 [1]= 251 [2]= 397 [3]= 397 [4]= 397 [5]= 397 [6]= 397 [7]= 397 [8]= 397 [9]= 397 [10]= 397 [11]= 397 [12]= 397 
key_index after (DPU 315) [0]= 154 [1]= 286 [2]= 418 [3]= 418 [4]= 418 [5]= 418 [6]= 418 [7]= 418 [8]= 418 [9]= 418 [10]= 418 [11]= 418 [12]= 418 
key_index after (DPU 316) [0]= 123 [1]= 245 [2]= 383 [3]= 383 [4]= 383 [5]= 383 [6]= 383 [7]= 383 [8]= 383 [9]= 383 [10]= 383 [11]= 383 [12]= 383 
key_index after (DPU 317) [0]= 117 [1]= 258 [2]= 394 [3]= 394 [4]= 394 [5]= 394 [6]= 394 [7]= 394 [8]= 394 [9]= 394 [10]= 394 [11]= 394 [12]= 394 
key_index after (DPU 318) [0]= 124 [1]= 262 [2]= 385 [3]= 385 [4]= 385 [5]= 385 [6]= 385 [7]= 385 [8]= 385 [9]= 385 [10]= 385 [11]= 385 [12]= 385 
key_index after (DPU 319) [0]= 128 [1]= 247 [2]= 361 [3]= 361 [4]= 361 [5]= 361 [6]= 361 [7]= 361 [8]= 361 [9]= 361 [10]= 361 [11]= 361 [12]= 361 
key_index after (DPU 320) [0]= 134 [1]= 264 [2]= 398 [3]= 398 [4]= 398 [5]= 398 [6]= 398 [7]= 398 [8]= 398 [9]= 398 [10]= 398 [11]= 398 [12]= 398 
key_index after (DPU 321) [0]= 144 [1]= 267 [2]= 383 [3]= 383 [4]= 383 [5]= 383 [6]= 383 [7]= 383 [8]= 383 [9]= 383 [10]= 383 [11]= 383 [12]= 383 
key_index after (DPU 322) [0]= 126 [1]= 274 [2]= 407 [3]= 407 [4]= 407 [5]= 407 [6]= 407 [7]= 407 [8]= 407 [9]= 407 [10]= 407 [11]= 407 [12]= 407 
key_index after (DPU 323) [0]= 124 [1]= 251 [2]= 363 [3]= 363 [4]= 363 [5]= 363 [6]= 363 [7]= 363 [8]= 363 [9]= 363 [10]= 363 [11]= 363 [12]= 363 
key_index after (DPU 324) [0]= 120 [1]= 234 [2]= 350 [3]= 350 [4]= 350 [5]= 350 [6]= 350 [7]= 350 [8]= 350 [9]= 350 [10]= 350 [11]= 350 [12]= 350 
key_index after (DPU 325) [0]= 121 [1]= 244 [2]= 368 [3]= 368 [4]= 368 [5]= 368 [6]= 368 [7]= 368 [8]= 368 [9]= 368 [10]= 368 [11]= 368 [12]= 368 
key_index after (DPU 326) [0]= 141 [1]= 252 [2]= 386 [3]= 386 [4]= 386 [5]= 386 [6]= 386 [7]= 386 [8]= 386 [9]= 386 [10]= 386 [11]= 386 [12]= 386 
key_index after (DPU 327) [0]= 126 [1]= 237 [2]= 360 [3]= 360 [4]= 360 [5]= 360 [6]= 360 [7]= 360 [8]= 360 [9]= 360 [10]= 360 [11]= 360 [12]= 360 
key_index after (DPU 328) [0]= 113 [1]= 237 [2]= 379 [3]= 379 [4]= 379 [5]= 379 [6]= 379 [7]= 379 [8]= 379 [9]= 379 [10]= 379 [11]= 379 [12]= 379 
key_index after (DPU 329) [0]= 122 [1]= 238 [2]= 361 [3]= 361 [4]= 361 [5]= 361 [6]= 361 [7]= 361 [8]= 361 [9]= 361 [10]= 361 [11]= 361 [12]= 361 
key_index after (DPU 330) [0]= 124 [1]= 248 [2]= 376 [3]= 376 [4]= 376 [5]= 376 [6]= 376 [7]= 376 [8]= 376 [9]= 376 [10]= 376 [11]= 376 [12]= 376 
key_index after (DPU 331) [0]= 140 [1]= 270 [2]= 419 [3]= 419 [4]= 419 [5]= 419 [6]= 419 [7]= 419 [8]= 419 [9]= 419 [10]= 419 [11]= 419 [12]= 419 
key_index after (DPU 332) [0]= 116 [1]= 232 [2]= 365 [3]= 365 [4]= 365 [5]= 365 [6]= 365 [7]= 365 [8]= 365 [9]= 365 [10]= 365 [11]= 365 [12]= 365 
key_index after (DPU 333) [0]= 123 [1]= 253 [2]= 373 [3]= 373 [4]= 373 [5]= 373 [6]= 373 [7]= 373 [8]= 373 [9]= 373 [10]= 373 [11]= 373 [12]= 373 
key_index after (DPU 334) [0]= 145 [1]= 273 [2]= 396 [3]= 396 [4]= 396 [5]= 396 [6]= 396 [7]= 396 [8]= 396 [9]= 396 [10]= 396 [11]= 396 [12]= 396 
key_index after (DPU 335) [0]= 127 [1]= 239 [2]= 361 [3]= 361 [4]= 361 [5]= 361 [6]= 361 [7]= 361 [8]= 361 [9]= 361 [10]= 361 [11]= 361 [12]= 361 
key_index after (DPU 336) [0]= 123 [1]= 236 [2]= 347 [3]= 347 [4]= 347 [5]= 347 [6]= 347 [7]= 347 [8]= 347 [9]= 347 [10]= 347 [11]= 347 [12]= 347 
key_index after (DPU 337) [0]= 115 [1]= 221 [2]= 355 [3]= 355 [4]= 355 [5]= 355 [6]= 355 [7]= 355 [8]= 355 [9]= 355 [10]= 355 [11]= 355 [12]= 355 
key_index after (DPU 338) [0]= 136 [1]= 254 [2]= 373 [3]= 373 [4]= 373 [5]= 373 [6]= 373 [7]= 373 [8]= 373 [9]= 373 [10]= 373 [11]= 373 [12]= 373 
key_index after (DPU 339) [0]= 102 [1]= 212 [2]= 340 [3]= 340 [4]= 340 [5]= 340 [6]= 340 [7]= 340 [8]= 340 [9]= 340 [10]= 340 [11]= 340 [12]= 340 
key_index after (DPU 340) [0]= 118 [1]= 247 [2]= 359 [3]= 359 [4]= 359 [5]= 359 [6]= 359 [7]= 359 [8]= 359 [9]= 359 [10]= 359 [11]= 359 [12]= 359 
key_index after (DPU 341) [0]= 126 [1]= 238 [2]= 349 [3]= 349 [4]= 349 [5]= 349 [6]= 349 [7]= 349 [8]= 349 [9]= 349 [10]= 349 [11]= 349 [12]= 349 
key_index after (DPU 342) [0]= 117 [1]= 232 [2]= 358 [3]= 358 [4]= 358 [5]= 358 [6]= 358 [7]= 358 [8]= 358 [9]= 358 [10]= 358 [11]= 358 [12]= 358 
key_index after (DPU 343) [0]= 133 [1]= 232 [2]= 332 [3]= 332 [4]= 332 [5]= 332 [6]= 332 [7]= 332 [8]= 332 [9]= 332 [10]= 332 [11]= 332 [12]= 332 
key_index after (DPU 344) [0]= 111 [1]= 229 [2]= 361 [3]= 361 [4]= 361 [5]= 361 [6]= 361 [7]= 361 [8]= 361 [9]= 361 [10]= 361 [11]= 361 [12]= 361 
key_index after (DPU 345) [0]= 127 [1]= 243 [2]= 339 [3]= 339 [4]= 339 [5]= 339 [6]= 339 [7]= 339 [8]= 339 [9]= 339 [10]= 339 [11]= 339 [12]= 339 
key_index after (DPU 346) [0]= 129 [1]= 248 [2]= 364 [3]= 364 [4]= 364 [5]= 364 [6]= 364 [7]= 364 [8]= 364 [9]= 364 [10]= 364 [11]= 364 [12]= 364 
key_index after (DPU 347) [0]= 138 [1]= 255 [2]= 361 [3]= 361 [4]= 361 [5]= 361 [6]= 361 [7]= 361 [8]= 361 [9]= 361 [10]= 361 [11]= 361 [12]= 361 
key_index after (DPU 348) [0]= 121 [1]= 238 [2]= 369 [3]= 369 [4]= 369 [5]= 369 [6]= 369 [7]= 369 [8]= 369 [9]= 369 [10]= 369 [11]= 369 [12]= 369 
key_index after (DPU 349) [0]= 106 [1]= 209 [2]= 320 [3]= 320 [4]= 320 [5]= 320 [6]= 320 [7]= 320 [8]= 320 [9]= 320 [10]= 320 [11]= 320 [12]= 320 
key_index after (DPU 350) [0]= 115 [1]= 221 [2]= 325 [3]= 325 [4]= 325 [5]= 325 [6]= 325 [7]= 325 [8]= 325 [9]= 325 [10]= 325 [11]= 325 [12]= 325 
key_index after (DPU 351) [0]= 112 [1]= 216 [2]= 342 [3]= 342 [4]= 342 [5]= 342 [6]= 342 [7]= 342 [8]= 342 [9]= 342 [10]= 342 [11]= 342 [12]= 342 
key_index after (DPU 352) [0]= 107 [1]= 211 [2]= 323 [3]= 323 [4]= 323 [5]= 323 [6]= 323 [7]= 323 [8]= 323 [9]= 323 [10]= 323 [11]= 323 [12]= 323 
key_index after (DPU 353) [0]= 118 [1]= 239 [2]= 351 [3]= 351 [4]= 351 [5]= 351 [6]= 351 [7]= 351 [8]= 351 [9]= 351 [10]= 351 [11]= 351 [12]= 351 
key_index after (DPU 354) [0]= 120 [1]= 254 [2]= 362 [3]= 362 [4]= 362 [5]= 362 [6]= 362 [7]= 362 [8]= 362 [9]= 362 [10]= 362 [11]= 362 [12]= 362 
key_index after (DPU 355) [0]= 131 [1]= 269 [2]= 385 [3]= 385 [4]= 385 [5]= 385 [6]= 385 [7]= 385 [8]= 385 [9]= 385 [10]= 385 [11]= 385 [12]= 385 
key_index after (DPU 356) [0]= 120 [1]= 235 [2]= 345 [3]= 345 [4]= 345 [5]= 345 [6]= 345 [7]= 345 [8]= 345 [9]= 345 [10]= 345 [11]= 345 [12]= 345 
key_index after (DPU 357) [0]= 115 [1]= 232 [2]= 338 [3]= 338 [4]= 338 [5]= 338 [6]= 338 [7]= 338 [8]= 338 [9]= 338 [10]= 338 [11]= 338 [12]= 338 
key_index after (DPU 358) [0]= 125 [1]= 238 [2]= 377 [3]= 377 [4]= 377 [5]= 377 [6]= 377 [7]= 377 [8]= 377 [9]= 377 [10]= 377 [11]= 377 [12]= 377 
key_index after (DPU 359) [0]= 114 [1]= 228 [2]= 341 [3]= 341 [4]= 341 [5]= 341 [6]= 341 [7]= 341 [8]= 341 [9]= 341 [10]= 341 [11]= 341 [12]= 341 
key_index after (DPU 360) [0]= 112 [1]= 218 [2]= 336 [3]= 336 [4]= 336 [5]= 336 [6]= 336 [7]= 336 [8]= 336 [9]= 336 [10]= 336 [11]= 336 [12]= 336 
key_index after (DPU 361) [0]= 114 [1]= 240 [2]= 357 [3]= 357 [4]= 357 [5]= 357 [6]= 357 [7]= 357 [8]= 357 [9]= 357 [10]= 357 [11]= 357 [12]= 357 
key_index after (DPU 362) [0]= 130 [1]= 224 [2]= 356 [3]= 356 [4]= 356 [5]= 356 [6]= 356 [7]= 356 [8]= 356 [9]= 356 [10]= 356 [11]= 356 [12]= 356 
key_index after (DPU 363) [0]= 107 [1]= 221 [2]= 311 [3]= 311 [4]= 311 [5]= 311 [6]= 311 [7]= 311 [8]= 311 [9]= 311 [10]= 311 [11]= 311 [12]= 311 
key_index after (DPU 364) [0]= 115 [1]= 222 [2]= 339 [3]= 339 [4]= 339 [5]= 339 [6]= 339 [7]= 339 [8]= 339 [9]= 339 [10]= 339 [11]= 339 [12]= 339 
key_index after (DPU 365) [0]= 106 [1]= 221 [2]= 324 [3]= 324 [4]= 324 [5]= 324 [6]= 324 [7]= 324 [8]= 324 [9]= 324 [10]= 324 [11]= 324 [12]= 324 
key_index after (DPU 366) [0]= 127 [1]= 253 [2]= 346 [3]= 346 [4]= 346 [5]= 346 [6]= 346 [7]= 346 [8]= 346 [9]= 346 [10]= 346 [11]= 346 [12]= 346 
key_index after (DPU 367) [0]= 131 [1]= 235 [2]= 336 [3]= 336 [4]= 336 [5]= 336 [6]= 336 [7]= 336 [8]= 336 [9]= 336 [10]= 336 [11]= 336 [12]= 336 
key_index after (DPU 368) [0]= 117 [1]= 231 [2]= 334 [3]= 334 [4]= 334 [5]= 334 [6]= 334 [7]= 334 [8]= 334 [9]= 334 [10]= 334 [11]= 334 [12]= 334 
key_index after (DPU 369) [0]= 112 [1]= 232 [2]= 329 [3]= 329 [4]= 329 [5]= 329 [6]= 329 [7]= 329 [8]= 329 [9]= 329 [10]= 329 [11]= 329 [12]= 329 
key_index after (DPU 370) [0]= 110 [1]= 211 [2]= 326 [3]= 326 [4]= 326 [5]= 326 [6]= 326 [7]= 326 [8]= 326 [9]= 326 [10]= 326 [11]= 326 [12]= 326 
key_index after (DPU 371) [0]= 103 [1]= 201 [2]= 312 [3]= 312 [4]= 312 [5]= 312 [6]= 312 [7]= 312 [8]= 312 [9]= 312 [10]= 312 [11]= 312 [12]= 312 
key_index after (DPU 372) [0]= 103 [1]= 219 [2]= 347 [3]= 347 [4]= 347 [5]= 347 [6]= 347 [7]= 347 [8]= 347 [9]= 347 [10]= 347 [11]= 347 [12]= 347 
key_index after (DPU 373) [0]= 129 [1]= 241 [2]= 358 [3]= 358 [4]= 358 [5]= 358 [6]= 358 [7]= 358 [8]= 358 [9]= 358 [10]= 358 [11]= 358 [12]= 358 
key_index after (DPU 374) [0]= 130 [1]= 252 [2]= 360 [3]= 360 [4]= 360 [5]= 360 [6]= 360 [7]= 360 [8]= 360 [9]= 360 [10]= 360 [11]= 360 [12]= 360 
key_index after (DPU 375) [0]= 105 [1]= 221 [2]= 336 [3]= 336 [4]= 336 [5]= 336 [6]= 336 [7]= 336 [8]= 336 [9]= 336 [10]= 336 [11]= 336 [12]= 336 
key_index after (DPU 376) [0]= 113 [1]= 223 [2]= 331 [3]= 331 [4]= 331 [5]= 331 [6]= 331 [7]= 331 [8]= 331 [9]= 331 [10]= 331 [11]= 331 [12]= 331 
key_index after (DPU 377) [0]= 110 [1]= 216 [2]= 328 [3]= 328 [4]= 328 [5]= 328 [6]= 328 [7]= 328 [8]= 328 [9]= 328 [10]= 328 [11]= 328 [12]= 328 
key_index after (DPU 378) [0]= 109 [1]= 210 [2]= 317 [3]= 317 [4]= 317 [5]= 317 [6]= 317 [7]= 317 [8]= 317 [9]= 317 [10]= 317 [11]= 317 [12]= 317 
key_index after (DPU 379) [0]= 103 [1]= 219 [2]= 315 [3]= 315 [4]= 315 [5]= 315 [6]= 315 [7]= 315 [8]= 315 [9]= 315 [10]= 315 [11]= 315 [12]= 315 
key_index after (DPU 380) [0]= 104 [1]= 201 [2]= 310 [3]= 310 [4]= 310 [5]= 310 [6]= 310 [7]= 310 [8]= 310 [9]= 310 [10]= 310 [11]= 310 [12]= 310 
key_index after (DPU 381) [0]= 116 [1]= 228 [2]= 332 [3]= 332 [4]= 332 [5]= 332 [6]= 332 [7]= 332 [8]= 332 [9]= 332 [10]= 332 [11]= 332 [12]= 332 
key_index after (DPU 382) [0]=  98 [1]= 206 [2]= 302 [3]= 302 [4]= 302 [5]= 302 [6]= 302 [7]= 302 [8]= 302 [9]= 302 [10]= 302 [11]= 302 [12]= 302 
key_index after (DPU 383) [0]= 110 [1]= 211 [2]= 311 [3]= 311 [4]= 311 [5]= 311 [6]= 311 [7]= 311 [8]= 311 [9]= 311 [10]= 311 [11]= 311 [12]= 311 
key_index after (DPU 384) [0]= 103 [1]= 206 [2]= 312 [3]= 312 [4]= 312 [5]= 312 [6]= 312 [7]= 312 [8]= 312 [9]= 312 [10]= 312 [11]= 312 [12]= 312 
key_index after (DPU 385) [0]=  91 [1]= 196 [2]= 289 [3]= 289 [4]= 289 [5]= 289 [6]= 289 [7]= 289 [8]= 289 [9]= 289 [10]= 289 [11]= 289 [12]= 289 
key_index after (DPU 386) [0]=  88 [1]= 189 [2]= 284 [3]= 284 [4]= 284 [5]= 284 [6]= 284 [7]= 284 [8]= 284 [9]= 284 [10]= 284 [11]= 284 [12]= 284 
key_index after (DPU 387) [0]=  93 [1]= 189 [2]= 305 [3]= 305 [4]= 305 [5]= 305 [6]= 305 [7]= 305 [8]= 305 [9]= 305 [10]= 305 [11]= 305 [12]= 305 
key_index after (DPU 388) [0]= 107 [1]= 216 [2]= 327 [3]= 327 [4]= 327 [5]= 327 [6]= 327 [7]= 327 [8]= 327 [9]= 327 [10]= 327 [11]= 327 [12]= 327 
key_index after (DPU 389) [0]= 105 [1]= 210 [2]= 320 [3]= 320 [4]= 320 [5]= 320 [6]= 320 [7]= 320 [8]= 320 [9]= 320 [10]= 320 [11]= 320 [12]= 320 
key_index after (DPU 390) [0]=  95 [1]= 186 [2]= 283 [3]= 283 [4]= 283 [5]= 283 [6]= 283 [7]= 283 [8]= 283 [9]= 283 [10]= 283 [11]= 283 [12]= 283 
key_index after (DPU 391) [0]=  97 [1]= 195 [2]= 303 [3]= 303 [4]= 303 [5]= 303 [6]= 303 [7]= 303 [8]= 303 [9]= 303 [10]= 303 [11]= 303 [12]= 303 
key_index after (DPU 392) [0]= 114 [1]= 230 [2]= 336 [3]= 336 [4]= 336 [5]= 336 [6]= 336 [7]= 336 [8]= 336 [9]= 336 [10]= 336 [11]= 336 [12]= 336 
key_index after (DPU 393) [0]= 122 [1]= 240 [2]= 354 [3]= 354 [4]= 354 [5]= 354 [6]= 354 [7]= 354 [8]= 354 [9]= 354 [10]= 354 [11]= 354 [12]= 354 
key_index after (DPU 394) [0]= 118 [1]= 222 [2]= 295 [3]= 295 [4]= 295 [5]= 295 [6]= 295 [7]= 295 [8]= 295 [9]= 295 [10]= 295 [11]= 295 [12]= 295 
key_index after (DPU 395) [0]=  94 [1]= 198 [2]= 286 [3]= 286 [4]= 286 [5]= 286 [6]= 286 [7]= 286 [8]= 286 [9]= 286 [10]= 286 [11]= 286 [12]= 286 
key_index after (DPU 396) [0]= 103 [1]= 203 [2]= 295 [3]= 295 [4]= 295 [5]= 295 [6]= 295 [7]= 295 [8]= 295 [9]= 295 [10]= 295 [11]= 295 [12]= 295 
key_index after (DPU 397) [0]=  94 [1]= 179 [2]= 279 [3]= 279 [4]= 279 [5]= 279 [6]= 279 [7]= 279 [8]= 279 [9]= 279 [10]= 279 [11]= 279 [12]= 279 
key_index after (DPU 398) [0]= 113 [1]= 217 [2]= 313 [3]= 313 [4]= 313 [5]= 313 [6]= 313 [7]= 313 [8]= 313 [9]= 313 [10]= 313 [11]= 313 [12]= 313 
key_index after (DPU 399) [0]= 101 [1]= 210 [2]= 331 [3]= 331 [4]= 331 [5]= 331 [6]= 331 [7]= 331 [8]= 331 [9]= 331 [10]= 331 [11]= 331 [12]= 331 
key_index after (DPU 400) [0]=  91 [1]= 181 [2]= 267 [3]= 267 [4]= 267 [5]= 267 [6]= 267 [7]= 267 [8]= 267 [9]= 267 [10]= 267 [11]= 267 [12]= 267 
key_index after (DPU 401) [0]= 101 [1]= 190 [2]= 291 [3]= 291 [4]= 291 [5]= 291 [6]= 291 [7]= 291 [8]= 291 [9]= 291 [10]= 291 [11]= 291 [12]= 291 
key_index after (DPU 402) [0]=  98 [1]= 192 [2]= 312 [3]= 312 [4]= 312 [5]= 312 [6]= 312 [7]= 312 [8]= 312 [9]= 312 [10]= 312 [11]= 312 [12]= 312 
key_index after (DPU 403) [0]= 108 [1]= 204 [2]= 314 [3]= 314 [4]= 314 [5]= 314 [6]= 314 [7]= 314 [8]= 314 [9]= 314 [10]= 314 [11]= 314 [12]= 314 
key_index after (DPU 404) [0]=  93 [1]= 195 [2]= 307 [3]= 307 [4]= 307 [5]= 307 [6]= 307 [7]= 307 [8]= 307 [9]= 307 [10]= 307 [11]= 307 [12]= 307 
key_index after (DPU 405) [0]= 102 [1]= 180 [2]= 272 [3]= 272 [4]= 272 [5]= 272 [6]= 272 [7]= 272 [8]= 272 [9]= 272 [10]= 272 [11]= 272 [12]= 272 
key_index after (DPU 406) [0]= 113 [1]= 228 [2]= 319 [3]= 319 [4]= 319 [5]= 319 [6]= 319 [7]= 319 [8]= 319 [9]= 319 [10]= 319 [11]= 319 [12]= 319 
key_index after (DPU 407) [0]= 108 [1]= 217 [2]= 310 [3]= 310 [4]= 310 [5]= 310 [6]= 310 [7]= 310 [8]= 310 [9]= 310 [10]= 310 [11]= 310 [12]= 310 
key_index after (DPU 408) [0]= 112 [1]= 221 [2]= 326 [3]= 326 [4]= 326 [5]= 326 [6]= 326 [7]= 326 [8]= 326 [9]= 326 [10]= 326 [11]= 326 [12]= 326 
key_index after (DPU 409) [0]= 115 [1]= 229 [2]= 332 [3]= 332 [4]= 332 [5]= 332 [6]= 332 [7]= 332 [8]= 332 [9]= 332 [10]= 332 [11]= 332 [12]= 332 
key_index after (DPU 410) [0]= 109 [1]= 204 [2]= 308 [3]= 308 [4]= 308 [5]= 308 [6]= 308 [7]= 308 [8]= 308 [9]= 308 [10]= 308 [11]= 308 [12]= 308 
key_index after (DPU 411) [0]= 100 [1]= 202 [2]= 286 [3]= 286 [4]= 286 [5]= 286 [6]= 286 [7]= 286 [8]= 286 [9]= 286 [10]= 286 [11]= 286 [12]= 286 
key_index after (DPU 412) [0]= 102 [1]= 195 [2]= 296 [3]= 296 [4]= 296 [5]= 296 [6]= 296 [7]= 296 [8]= 296 [9]= 296 [10]= 296 [11]= 296 [12]= 296 
key_index after (DPU 413) [0]=  95 [1]= 218 [2]= 324 [3]= 324 [4]= 324 [5]= 324 [6]= 324 [7]= 324 [8]= 324 [9]= 324 [10]= 324 [11]= 324 [12]= 324 
key_index after (DPU 414) [0]=  84 [1]= 169 [2]= 263 [3]= 263 [4]= 263 [5]= 263 [6]= 263 [7]= 263 [8]= 263 [9]= 263 [10]= 263 [11]= 263 [12]= 263 
key_index after (DPU 415) [0]=  95 [1]= 208 [2]= 307 [3]= 307 [4]= 307 [5]= 307 [6]= 307 [7]= 307 [8]= 307 [9]= 307 [10]= 307 [11]= 307 [12]= 307 
key_index after (DPU 416) [0]= 106 [1]= 199 [2]= 290 [3]= 290 [4]= 290 [5]= 290 [6]= 290 [7]= 290 [8]= 290 [9]= 290 [10]= 290 [11]= 290 [12]= 290 
key_index after (DPU 417) [0]= 113 [1]= 216 [2]= 330 [3]= 330 [4]= 330 [5]= 330 [6]= 330 [7]= 330 [8]= 330 [9]= 330 [10]= 330 [11]= 330 [12]= 330 
key_index after (DPU 418) [0]= 104 [1]= 213 [2]= 305 [3]= 305 [4]= 305 [5]= 305 [6]= 305 [7]= 305 [8]= 305 [9]= 305 [10]= 305 [11]= 305 [12]= 305 
key_index after (DPU 419) [0]= 103 [1]= 191 [2]= 303 [3]= 303 [4]= 303 [5]= 303 [6]= 303 [7]= 303 [8]= 303 [9]= 303 [10]= 303 [11]= 303 [12]= 303 
key_index after (DPU 420) [0]=  98 [1]= 187 [2]= 285 [3]= 285 [4]= 285 [5]= 285 [6]= 285 [7]= 285 [8]= 285 [9]= 285 [10]= 285 [11]= 285 [12]= 285 
key_index after (DPU 421) [0]=  98 [1]= 195 [2]= 291 [3]= 291 [4]= 291 [5]= 291 [6]= 291 [7]= 291 [8]= 291 [9]= 291 [10]= 291 [11]= 291 [12]= 291 
key_index after (DPU 422) [0]=  89 [1]= 178 [2]= 267 [3]= 267 [4]= 267 [5]= 267 [6]= 267 [7]= 267 [8]= 267 [9]= 267 [10]= 267 [11]= 267 [12]= 267 
key_index after (DPU 423) [0]=  88 [1]= 178 [2]= 265 [3]= 265 [4]= 265 [5]= 265 [6]= 265 [7]= 265 [8]= 265 [9]= 265 [10]= 265 [11]= 265 [12]= 265 
key_index after (DPU 424) [0]=  90 [1]= 194 [2]= 280 [3]= 280 [4]= 280 [5]= 280 [6]= 280 [7]= 280 [8]= 280 [9]= 280 [10]= 280 [11]= 280 [12]= 280 
key_index after (DPU 425) [0]= 103 [1]= 182 [2]= 282 [3]= 282 [4]= 282 [5]= 282 [6]= 282 [7]= 282 [8]= 282 [9]= 282 [10]= 282 [11]= 282 [12]= 282 
key_index after (DPU 426) [0]=  98 [1]= 210 [2]= 307 [3]= 307 [4]= 307 [5]= 307 [6]= 307 [7]= 307 [8]= 307 [9]= 307 [10]= 307 [11]= 307 [12]= 307 
key_index after (DPU 427) [0]= 105 [1]= 208 [2]= 306 [3]= 306 [4]= 306 [5]= 306 [6]= 306 [7]= 306 [8]= 306 [9]= 306 [10]= 306 [11]= 306 [12]= 306 
key_index after (DPU 428) [0]=  87 [1]= 188 [2]= 265 [3]= 265 [4]= 265 [5]= 265 [6]= 265 [7]= 265 [8]= 265 [9]= 265 [10]= 265 [11]= 265 [12]= 265 
key_index after (DPU 429) [0]=  80 [1]= 182 [2]= 271 [3]= 271 [4]= 271 [5]= 271 [6]= 271 [7]= 271 [8]= 271 [9]= 271 [10]= 271 [11]= 271 [12]= 271 
key_index after (DPU 430) [0]= 101 [1]= 199 [2]= 291 [3]= 291 [4]= 291 [5]= 291 [6]= 291 [7]= 291 [8]= 291 [9]= 291 [10]= 291 [11]= 291 [12]= 291 
key_index after (DPU 431) [0]=  94 [1]= 190 [2]= 274 [3]= 274 [4]= 274 [5]= 274 [6]= 274 [7]= 274 [8]= 274 [9]= 274 [10]= 274 [11]= 274 [12]= 274 
key_index after (DPU 432) [0]=  95 [1]= 170 [2]= 265 [3]= 265 [4]= 265 [5]= 265 [6]= 265 [7]= 265 [8]= 265 [9]= 265 [10]= 265 [11]= 265 [12]= 265 
key_index after (DPU 433) [0]=  89 [1]= 182 [2]= 250 [3]= 250 [4]= 250 [5]= 250 [6]= 250 [7]= 250 [8]= 250 [9]= 250 [10]= 250 [11]= 250 [12]= 250 
key_index after (DPU 434) [0]=  85 [1]= 187 [2]= 295 [3]= 295 [4]= 295 [5]= 295 [6]= 295 [7]= 295 [8]= 295 [9]= 295 [10]= 295 [11]= 295 [12]= 295 
key_index after (DPU 435) [0]=  91 [1]= 191 [2]= 300 [3]= 300 [4]= 300 [5]= 300 [6]= 300 [7]= 300 [8]= 300 [9]= 300 [10]= 300 [11]= 300 [12]= 300 
key_index after (DPU 436) [0]=  75 [1]= 165 [2]= 261 [3]= 261 [4]= 261 [5]= 261 [6]= 261 [7]= 261 [8]= 261 [9]= 261 [10]= 261 [11]= 261 [12]= 261 
key_index after (DPU 437) [0]= 101 [1]= 200 [2]= 295 [3]= 295 [4]= 295 [5]= 295 [6]= 295 [7]= 295 [8]= 295 [9]= 295 [10]= 295 [11]= 295 [12]= 295 
key_index after (DPU 438) [0]=  91 [1]= 191 [2]= 281 [3]= 281 [4]= 281 [5]= 281 [6]= 281 [7]= 281 [8]= 281 [9]= 281 [10]= 281 [11]= 281 [12]= 281 
key_index after (DPU 439) [0]=  89 [1]= 186 [2]= 282 [3]= 366 [4]= 366 [5]= 366 [6]= 366 [7]= 366 [8]= 366 [9]= 366 [10]= 366 [11]= 366 [12]= 366 
key_index after (DPU 440) [0]=  70 [1]= 155 [2]= 249 [3]= 249 [4]= 249 [5]= 249 [6]= 249 [7]= 249 [8]= 249 [9]= 249 [10]= 249 [11]= 249 [12]= 249 
key_index after (DPU 441) [0]= 115 [1]= 208 [2]= 286 [3]= 286 [4]= 286 [5]= 286 [6]= 286 [7]= 286 [8]= 286 [9]= 286 [10]= 286 [11]= 286 [12]= 286 
key_index after (DPU 442) [0]=  76 [1]= 175 [2]= 276 [3]= 276 [4]= 276 [5]= 276 [6]= 276 [7]= 276 [8]= 276 [9]= 276 [10]= 276 [11]= 276 [12]= 276 
key_index after (DPU 443) [0]= 100 [1]= 193 [2]= 287 [3]= 287 [4]= 287 [5]= 287 [6]= 287 [7]= 287 [8]= 287 [9]= 287 [10]= 287 [11]= 287 [12]= 287 
key_index after (DPU 444) [0]=  97 [1]= 206 [2]= 300 [3]= 300 [4]= 300 [5]= 300 [6]= 300 [7]= 300 [8]= 300 [9]= 300 [10]= 300 [11]= 300 [12]= 300 
key_index after (DPU 445) [0]=  82 [1]= 145 [2]= 226 [3]=3722 [4]=3722 [5]=3722 [6]=3722 [7]=3722 [8]=3722 [9]=3722 [10]=3722 [11]=3722 [12]=3722 
key_index after (DPU 446) [0]=   0 [1]=   0 [2]=   0 [3]=139359 [4]=139359 [5]=139359 [6]=139359 [7]=139359 [8]=139359 [9]=139359 [10]=139359 [11]=139359 [12]=139359 
key_index after (DPU 447) [0]= 100 [1]= 190 [2]= 283 [3]= 283 [4]= 283 [5]= 283 [6]= 283 [7]= 283 [8]= 283 [9]= 283 [10]= 283 [11]= 283 [12]= 283 
key_index after (DPU 448) [0]=  81 [1]= 172 [2]= 270 [3]= 270 [4]= 270 [5]= 270 [6]= 270 [7]= 270 [8]= 270 [9]= 270 [10]= 270 [11]= 270 [12]= 270 
key_index after (DPU 449) [0]=   0 [1]=   0 [2]=   0 [3]=21188 [4]=21188 [5]=21188 [6]=21188 [7]=21188 [8]=21188 [9]=21188 [10]=21188 [11]=21188 [12]=21188 
key_index after (DPU 450) [0]=  85 [1]= 175 [2]= 267 [3]= 267 [4]= 267 [5]= 267 [6]= 267 [7]= 267 [8]= 267 [9]= 267 [10]= 267 [11]= 267 [12]= 267 
key_index after (DPU 451) [0]=  74 [1]= 181 [2]= 277 [3]= 277 [4]= 277 [5]= 277 [6]= 277 [7]= 277 [8]= 277 [9]= 277 [10]= 277 [11]= 277 [12]= 277 
key_index after (DPU 452) [0]= 101 [1]= 181 [2]= 274 [3]= 274 [4]= 274 [5]= 274 [6]= 274 [7]= 274 [8]= 274 [9]= 274 [10]= 274 [11]= 274 [12]= 274 
key_index after (DPU 453) [0]=  90 [1]= 176 [2]= 268 [3]=7069 [4]=7069 [5]=7069 [6]=7069 [7]=7069 [8]=7069 [9]=7069 [10]=7069 [11]=7069 [12]=7069 
key_index after (DPU 454) [0]=  99 [1]= 191 [2]= 261 [3]= 344 [4]= 344 [5]= 344 [6]= 344 [7]= 344 [8]= 344 [9]= 344 [10]= 344 [11]= 344 [12]= 344 
key_index after (DPU 455) [0]=  84 [1]= 186 [2]= 265 [3]=5923 [4]=5923 [5]=5923 [6]=5923 [7]=5923 [8]=5923 [9]=5923 [10]=5923 [11]=5923 [12]=5923 
key_index after (DPU 456) [0]=  86 [1]= 170 [2]= 247 [3]=3507 [4]=3507 [5]=3507 [6]=3507 [7]=3507 [8]=3507 [9]=3507 [10]=3507 [11]=3507 [12]=3507 
key_index after (DPU 457) [0]=  95 [1]= 184 [2]= 262 [3]=6611 [4]=6611 [5]=6611 [6]=6611 [7]=6611 [8]=6611 [9]=6611 [10]=6611 [11]=6611 [12]=6611 
key_index after (DPU 458) [0]=  81 [1]= 174 [2]= 273 [3]= 363 [4]= 363 [5]= 363 [6]= 363 [7]= 363 [8]= 363 [9]= 363 [10]= 363 [11]= 363 [12]= 363 
key_index after (DPU 459) [0]=   0 [1]=   0 [2]=   0 [3]=12255 [4]=12255 [5]=12255 [6]=12255 [7]=12255 [8]=12255 [9]=12255 [10]=12255 [11]=12255 [12]=12255 
key_index after (DPU 460) [0]=  82 [1]= 168 [2]= 258 [3]= 342 [4]= 342 [5]= 342 [6]= 342 [7]= 342 [8]= 342 [9]= 342 [10]= 342 [11]= 342 [12]= 342 
key_index after (DPU 461) [0]=  97 [1]= 194 [2]= 267 [3]= 356 [4]= 356 [5]= 356 [6]= 356 [7]= 356 [8]= 356 [9]= 356 [10]= 356 [11]= 356 [12]= 356 
key_index after (DPU 462) [0]=  87 [1]= 156 [2]= 231 [3]=5131 [4]=5131 [5]=5131 [6]=5131 [7]=5131 [8]=5131 [9]=5131 [10]=5131 [11]=5131 [12]=5131 
key_index after (DPU 463) [0]=  81 [1]= 161 [2]= 242 [3]= 333 [4]= 333 [5]= 333 [6]= 333 [7]= 333 [8]= 333 [9]= 333 [10]= 333 [11]= 333 [12]= 333 
key_index after (DPU 464) [0]=  91 [1]= 193 [2]= 315 [3]=5877 [4]=5877 [5]=5877 [6]=5877 [7]=5877 [8]=5877 [9]=5877 [10]=5877 [11]=5877 [12]=5877 
key_index after (DPU 465) [0]= 101 [1]= 192 [2]= 276 [3]= 276 [4]= 276 [5]= 276 [6]= 276 [7]= 276 [8]= 276 [9]= 276 [10]= 276 [11]= 276 [12]= 276 
key_index after (DPU 466) [0]=  91 [1]= 188 [2]= 282 [3]= 364 [4]= 364 [5]= 364 [6]= 364 [7]= 364 [8]= 364 [9]= 364 [10]= 364 [11]= 364 [12]= 364 
key_index after (DPU 467) [0]=  82 [1]= 181 [2]= 270 [3]= 270 [4]= 270 [5]= 270 [6]= 270 [7]= 270 [8]= 270 [9]= 270 [10]= 270 [11]= 270 [12]= 270 
key_index after (DPU 468) [0]=  80 [1]= 166 [2]= 248 [3]= 248 [4]= 248 [5]= 248 [6]= 248 [7]= 248 [8]= 248 [9]= 248 [10]= 248 [11]= 248 [12]= 248 
key_index after (DPU 469) [0]=  87 [1]= 164 [2]= 256 [3]= 327 [4]= 327 [5]= 327 [6]= 327 [7]= 327 [8]= 327 [9]= 327 [10]= 327 [11]= 327 [12]= 327 
key_index after (DPU 470) [0]=   0 [1]=   0 [2]=   0 [3]=17856 [4]=17856 [5]=17856 [6]=17856 [7]=17856 [8]=17856 [9]=17856 [10]=17856 [11]=17856 [12]=17856 
key_index after (DPU 471) [0]= 100 [1]= 174 [2]= 254 [3]=4452 [4]=4452 [5]=4452 [6]=4452 [7]=4452 [8]=4452 [9]=4452 [10]=4452 [11]=4452 [12]=4452 
key_index after (DPU 472) [0]=  75 [1]= 157 [2]= 231 [3]=5284 [4]=5284 [5]=5284 [6]=5284 [7]=5284 [8]=5284 [9]=5284 [10]=5284 [11]=5284 [12]=5284 
key_index after (DPU 473) [0]=  81 [1]= 182 [2]= 267 [3]= 267 [4]= 267 [5]= 267 [6]= 267 [7]= 267 [8]= 267 [9]= 267 [10]= 267 [11]= 267 [12]= 267 
key_index after (DPU 474) [0]=  96 [1]= 190 [2]= 260 [3]= 260 [4]= 260 [5]= 260 [6]= 260 [7]= 260 [8]= 260 [9]= 260 [10]= 260 [11]= 260 [12]= 260 
key_index after (DPU 475) [0]= 100 [1]= 187 [2]= 282 [3]=8243 [4]=8243 [5]=8243 [6]=8243 [7]=8243 [8]=8243 [9]=8243 [10]=8243 [11]=8243 [12]=8243 
key_index after (DPU 476) [0]=  89 [1]= 177 [2]= 267 [3]= 353 [4]= 353 [5]= 353 [6]= 353 [7]= 353 [8]= 353 [9]= 353 [10]= 353 [11]= 353 [12]= 353 
key_index after (DPU 477) [0]=  91 [1]= 164 [2]= 241 [3]=4151 [4]=4151 [5]=4151 [6]=4151 [7]=4151 [8]=4151 [9]=4151 [10]=4151 [11]=4151 [12]=4151 
key_index after (DPU 478) [0]=  84 [1]= 160 [2]= 254 [3]= 327 [4]= 327 [5]= 327 [6]= 327 [7]= 327 [8]= 327 [9]= 327 [10]= 327 [11]= 327 [12]= 327 
key_index after (DPU 479) [0]=  67 [1]= 155 [2]= 227 [3]= 308 [4]= 308 [5]= 308 [6]= 308 [7]= 308 [8]= 308 [9]= 308 [10]= 308 [11]= 308 [12]= 308 
key_index after (DPU 480) [0]=  89 [1]= 166 [2]= 253 [3]= 253 [4]= 253 [5]= 253 [6]= 253 [7]= 253 [8]= 253 [9]= 253 [10]= 253 [11]= 253 [12]= 253 
key_index after (DPU 481) [0]=   0 [1]=   0 [2]=   0 [3]=33123 [4]=33123 [5]=33123 [6]=33123 [7]=33123 [8]=33123 [9]=33123 [10]=33123 [11]=33123 [12]=33123 
key_index after (DPU 482) [0]=  74 [1]= 158 [2]= 244 [3]= 339 [4]= 339 [5]= 339 [6]= 339 [7]= 339 [8]= 339 [9]= 339 [10]= 339 [11]= 339 [12]= 339 
key_index after (DPU 483) [0]=  91 [1]= 169 [2]= 249 [3]= 342 [4]= 342 [5]= 342 [6]= 342 [7]= 342 [8]= 342 [9]= 342 [10]= 342 [11]= 342 [12]= 342 
key_index after (DPU 484) [0]=  86 [1]= 171 [2]= 239 [3]= 320 [4]= 320 [5]= 320 [6]= 320 [7]= 320 [8]= 320 [9]= 320 [10]= 320 [11]= 320 [12]= 320 
key_index after (DPU 485) [0]=  70 [1]= 151 [2]= 241 [3]= 332 [4]= 332 [5]= 332 [6]= 332 [7]= 332 [8]= 332 [9]= 332 [10]= 332 [11]= 332 [12]= 332 
key_index after (DPU 486) [0]=  78 [1]= 168 [2]= 249 [3]= 343 [4]= 343 [5]= 343 [6]= 343 [7]= 343 [8]= 343 [9]= 343 [10]= 343 [11]= 343 [12]= 343 
key_index after (DPU 487) [0]=  90 [1]= 164 [2]= 259 [3]= 340 [4]= 340 [5]= 340 [6]= 340 [7]= 340 [8]= 340 [9]= 340 [10]= 340 [11]= 340 [12]= 340 
key_index after (DPU 488) [0]=  82 [1]= 175 [2]= 259 [3]= 330 [4]= 330 [5]= 330 [6]= 330 [7]= 330 [8]= 330 [9]= 330 [10]= 330 [11]= 330 [12]= 330 
key_index after (DPU 489) [0]=  74 [1]= 151 [2]= 241 [3]= 337 [4]= 337 [5]= 337 [6]= 337 [7]= 337 [8]= 337 [9]= 337 [10]= 337 [11]= 337 [12]= 337 
key_index after (DPU 490) [0]=  94 [1]= 164 [2]= 253 [3]= 346 [4]= 346 [5]= 346 [6]= 346 [7]= 346 [8]= 346 [9]= 346 [10]= 346 [11]= 346 [12]= 346 
key_index after (DPU 491) [0]=  80 [1]=  80 [2]=  80 [3]=10133 [4]=10133 [5]=10133 [6]=10133 [7]=10133 [8]=10133 [9]=10133 [10]=10133 [11]=10133 [12]=10133 
key_index after (DPU 492) [0]=  89 [1]= 173 [2]= 250 [3]= 327 [4]= 327 [5]= 327 [6]= 327 [7]= 327 [8]= 327 [9]= 327 [10]= 327 [11]= 327 [12]= 327 
key_index after (DPU 493) [0]=  84 [1]= 175 [2]= 270 [3]=7874 [4]=7874 [5]=7874 [6]=7874 [7]=7874 [8]=7874 [9]=7874 [10]=7874 [11]=7874 [12]=7874 
key_index after (DPU 494) [0]=  89 [1]= 164 [2]= 259 [3]= 347 [4]= 347 [5]= 347 [6]= 347 [7]= 347 [8]= 347 [9]= 347 [10]= 347 [11]= 347 [12]= 347 
key_index after (DPU 495) [0]=  90 [1]= 174 [2]= 174 [3]=9465 [4]=9465 [5]=9465 [6]=9465 [7]=9465 [8]=9465 [9]=9465 [10]=9465 [11]=9465 [12]=9465 
key_index after (DPU 496) [0]=   0 [1]=   0 [2]=   0 [3]=13632 [4]=13632 [5]=13632 [6]=13632 [7]=13632 [8]=13632 [9]=13632 [10]=13632 [11]=13632 [12]=13632 
key_index after (DPU 497) [0]=  84 [1]= 170 [2]= 267 [3]= 355 [4]= 355 [5]= 355 [6]= 355 [7]= 355 [8]= 355 [9]= 355 [10]= 355 [11]= 355 [12]= 355 
key_index after (DPU 498) [0]=  76 [1]= 152 [2]= 238 [3]= 331 [4]= 331 [5]= 331 [6]= 331 [7]= 331 [8]= 331 [9]= 331 [10]= 331 [11]= 331 [12]= 331 
key_index after (DPU 499) [0]=   0 [1]=   0 [2]=   0 [3]=48344 [4]=48344 [5]=48344 [6]=48344 [7]=48344 [8]=48344 [9]=48344 [10]=48344 [11]=48344 [12]=48344 
[1/4] preprocess finished 0.00000sec
sending 1000000 requests for 0 DPUS...
[2/4] send finished 0.00000sec
[3/4]all the dpu execution finished: 0.00000sec
[4/4] batch postprocess finished: 0.00000sec
0.99, 500, 12, 10, 1000000, 139359, 0.42926, 0.36245, 0.00021, 0.00003, 0.00000, 0.00000, 0.00000, 0.00000, 0.79195, 1262704
zipfian_const, num_dpus_redundant, num_dpus_multiple, num_tasklets, num_CPU_Trees, num_DPU_Trees, num_queries, num_reqs_for_cpu, num_reqs_for_dpu, num_reqs_{cpu/(cpu+dpu)}, send_time, execution_time_cpu, execution_time_cpu_and_dpu, exec_time_{cpu/(cpu&dpu)}[%], send_and_execution_time, total_time, throughput
0.99, 500, 12, total, 10000000, 4.33007, 3.78488, 0.00153, 0.00036, 0.00001, 0.00000, 0.00000, 0.00000, 8.11686, 1232003.25000, 0.00000, 4
